Beginning Help Command Test sequence.
Compiling tools/asm65/examples/minied/minied.asm with -DDEBUG...
Compilation successful.
Loaded 221 lines of hex data.
Running automated test via Virtual ][...
\n--- Virtual ][ Screen Output ---
TIFF picture:«data TIFF4D4D002A000D2008000000FF000000FF000000FF000000FF000000FF000000FF2BFD99FF2BFD99FF2BFD99FF2BFD99FF2BFD99FF2BFD99FF000000FF000000FF000000FF000000FF000000FF000000FF000000FF000000FF2BFD99FF2BFD99FF2BFD99FF2BFD99FF2BFD99FF2BFD99FF000000FF000000FF000000FF000000FF000000FF000000FF000000FF000000FF000000FF000000FF000000FF000000FF000000FF000000FF000000FF000000FF000000FF000000FF000000FF000000FF000000FF000000FF2BFD99FF2BFD99FF2BFD99FF2BFD99FF2BFD99FF2BFD99FF000000FF000000FF000000FF000000FF2BFD99FF2BFD99FF2BFD99FF2BFD99FF2BFD99FF2BFD99FF2BFD99FF2BFD99FF2BFD99FF2BFD99FF000000FF000000FF000000FF000000FF000000FF000000FF000000FF000000FF000000FF000000FF000000FF000000FF000000FF000000FF000000FF000000FF000000FF000000FF2BFD99FF2BFD99FF2BFD99FF2BFD99FF2BFD99FF2BFD99FF2BFD99FF2BFD99FF2BFD99FF2BFD99FF000000FF000000FF000000FF000000FF000000FF000000FF2BFD99FF2BFD99FF2BFD99FF2BFD99FF2BFD99FF2BFD99FF000000FF000000FF000000FF000000FF000000FF000000FF000000FF000000FF000000FF000000FF000000FF000000FF000000FF000000FF000000FF000000FF000000FF000000FF000000FF000000FF000000FF000000FF2BFD99FF2BFD99FF2BFD99FF2BFD99FF2BFD99FF2BFD99FF000000FF000000FF000000FF000000FF000000FF000000FF000000FF000000FF2BFD99FF2BFD99FF2BFD99FF2BFD99FF2BFD99FF2BFD99FF000000FF000000FF000000FF000000FF000000FF000000FF000000FF000000FF000000FF000000FF000000FF000000FF000000FF000000FF000000FF000000FF000000FF000000FF000000FF000000FF000000FF000000FF000000FF000000FF000000FF000000FF2BFD99FF2BFD99FF000000FF000000FF000000FF000000FF000000FF000000FF000000FF000000FF000000FF000000FF2BFD99FF2BFD99FF2BFD99FF2BFD99FF2BFD99FF2BFD99FF000000FF000000FF000000FF000000FF000000FF000000FF000000FF000000FF000000FF000000FF000000FF000000FF000000FF000000FF000000FF000000FF000000FF000000FF000000FF000000FF000000FF000000FF000000FF000000FF000000FF000000FF000000FF000000FF000000FF000000FF000000FF000000FF000000FF000000FF000000FF000000FF000000FF000000FF000000FF000000FF000000FF000000FF000000FF000000FF000000FF000000FF000000FF000000FF000000FF000000FF000000FF000000FF000000FF000000FF000000FF000000FF000000FF000000FF000000FF000000FF000000FF000000FF000000FF000000FF000000FF000000FF000000FF000000FF000000FF000000FF000000FF000000FF000000FF000000FF000000FF000000FF000000FF000000FF000000FF000000FF000000FF000000FF000000FF000000FF000000FF000000FF000000FF000000FF000000FF000000FF000000FF000000FF000000FF000000FF000000FF000000FF000000FF000000FF000000FF000000FF000000FF000000FF000000FF000000FF000000FF000000FF000000FF000000FF000000FF000000FF000000FF000000FF000000FF000000FF000000FF000000FF000000FF000000FF000000FF000000FF000000FF000000FF000000FF000000FF000000FF000000FF000000FF000000FF000000FF000000FF000000FF000000FF000000FF000000FF000000FF000000FF000000FF000000FF000000FF000000FF000000FF000000FF000000FF000000FF000000FF000000FF000000FF000000FF000000FF000000FF000000FF000000FF000000FF000000FF000000FF000000FF000000FF000000FF000000FF000000FF000000FF000000FF000000FF000000FF000000FF000000FF000000FF000000FF000000FF000000FF000000FF000000FF000000FF000000FF000000FF000000FF000000FF000000FF000000FF000000FF000000FF000000FF000000FF000000FF000000FF000000FF000000FF000000FF000000FF000000FF000000FF000000FF000000FF000000FF000000FF000000FF000000FF000000FF000000FF000000FF000000FF000000FF000000FF000000FF000000FF000000FF000000FF000000FF000000FF000000FF000000FF000000FF000000FF000000FF000000FF000000FF000000FF000000FF000000FF000000FF000000FF000000FF000000FF000000FF000000FF000000FF000000FF000000FF000000FF000000FF000000FF000000FF000000FF000000FF000000FF000000FF000000FF000000FF000000FF000000FF000000FF000000FF000000FF000000FF000000FF000000FF000000FF000000FF000000FF000000FF000000FF000000FF000000FF000000FF000000FF000000FF000000FF000000FF000000FF000000FF000000FF000000FF000000FF000000FF000000FF000000FF000000FF000000FF000000FF000000FF000000FF000000FF000000FF000000FF000000FF000000FF000000FF000000FF000000FF000000FF000000FF000000FF000000FF000000FF000000FF000000FF000000FF000000FF000000FF000000FF000000FF000000FF000000FF000000FF000000FF000000FF000000FF000000FF000000FF000000FF000000FF000000FF000000FF000000FF000000FF000000FF000000FF000000FF000000FF000000FF000000FF000000FF000000FF000000FF000000FF000000FF000000FF000000FF000000FF000000FF000000FF000000FF000000FF000000FF000000FF000000FF000000FF000000FF000000FF000000FF000000FF000000FF000000FF000000FF000000FF000000FF000000FF000000FF000000FF000000FF000000FF000000FF000000FF000000FF000000FF000000FF000000FF000000FF000000FF000000FF000000FF000000FF000000FF000000FF000000FF000000FF000000FF000000FF000000FF000000FF000000FF000000FF000000FF000000FF000000FF000000FF000000FF000000FF000000FF000000FF000000FF000000FF2BFD99FF2BFD99FF2BFD99FF2BFD99FF2BFD99FF2BFD99FF000000FF000000FF000000FF000000FF000000FF000000FF000000FF000000FF2BFD99FF2BFD99FF2BFD99FF2BFD99FF2BFD99FF2BFD99FF000000FF000000FF000000FF000000FF000000FF000000FF000000FF000000FF000000FF000000FF000000FF000000FF000000FF000000FF000000FF000000FF000000FF000000FF000000FF000000FF000000FF000000FF2BFD99FF2BFD99FF2BFD99FF2BFD99FF2BFD99FF2BFD99FF000000FF000000FF000000FF000000FF2BFD99FF2BFD99FF2BFD99FF2BFD99FF2BFD99FF2BFD99FF2BFD99FF2BFD99FF2BFD99FF2BFD99FF000000FF000000FF000000FF000000FF000000FF000000FF000000FF000000FF000000FF000000FF000000FF000000FF000000FF000000FF000000FF000000FF000000FF000000FF2BFD99FF2BFD99FF2BFD99FF2BFD99FF2BFD99FF2BFD99FF2BFD99FF2BFD99FF2BFD99FF2BFD99FF000000FF000000FF000000FF000000FF000000FF000000FF2BFD99FF2BFD99FF2BFD99FF2BFD99FF2BFD99FF2BFD99FF000000FF000000FF000000FF000000FF000000FF000000FF000000FF000000FF000000FF000000FF000000FF000000FF000000FF000000FF000000FF000000FF000000FF000000FF000000FF000000FF000000FF000000FF2BFD99FF2BFD99FF2BFD99FF2BFD99FF2BFD99FF2BFD99FF000000FF000000FF000000FF000000FF000000FF000000FF000000FF000000FF2BFD99FF2BFD99FF2BFD99FF2BFD99FF2BFD99FF2BFD99FF000000FF000000FF000000FF000000FF000000FF000000FF000000FF000000FF000000FF000000FF000000FF000000FF000000FF000000FF000000FF000000FF000000FF000000FF000000FF000000FF000000FF000000FF000000FF000000FF000000FF000000FF2BFD99FF2BFD99FF000000FF000000FF000000FF000000FF000000FF000000FF000000FF000000FF000000FF000000FF2BFD99FF2BFD99FF2BFD99FF2BFD99FF2BFD99FF2BFD99FF000000FF000000FF000000FF000000FF000000FF000000FF000000FF000000FF000000FF000000FF000000FF000000FF000000FF000000FF000000FF000000FF000000FF000000FF000000FF000000FF000000FF000000FF000000FF000000FF000000FF000000FF000000FF000000FF000000FF000000FF000000FF000000FF000000FF000000FF000000FF000000FF000000FF000000FF000000FF000000FF000000FF000000FF000000FF000000FF000000FF000000FF000000FF000000FF000000FF000000FF000000FF000000FF000000FF000000FF000000FF000000FF000000FF000000FF000000FF000000FF000000FF000000FF000000FF000000FF000000FF000000FF000000FF000000FF000000FF000000FF000000FF000000FF000000FF000000FF000000FF000000FF000000FF000000FF000000FF000000FF000000FF000000FF000000FF000000FF000000FF000000FF000000FF000000FF000000FF000000FF000000FF000000FF000000FF000000FF000000FF000000FF000000FF000000FF000000FF000000FF000000FF000000FF000000FF000000FF000000FF000000FF000000FF000000FF000000FF000000FF000000FF000000FF000000FF000000FF000000FF000000FF000000FF000000FF000000FF000000FF000000FF000000FF000000FF000000FF000000FF000000FF000000FF000000FF000000FF000000FF000000FF000000FF000000FF000000FF000000FF000000FF000000FF000000FF000000FF000000FF000000FF000000FF000000FF000000FF000000FF000000FF000000FF000000FF000000FF000000FF000000FF000000FF000000FF000000FF000000FF000000FF000000FF000000FF000000FF000000FF000000FF000000FF000000FF000000FF000000FF000000FF000000FF000000FF000000FF000000FF000000FF000000FF000000FF000000FF000000FF000000FF000000FF000000FF000000FF000000FF000000FF000000FF000000FF000000FF000000FF000000FF000000FF000000FF000000FF000000FF000000FF000000FF000000FF000000FF000000FF000000FF000000FF000000FF000000FF000000FF000000FF000000FF000000FF000000FF000000FF000000FF000000FF000000FF000000FF000000FF000000FF000000FF000000FF000000FF000000FF000000FF000000FF000000FF000000FF000000FF000000FF000000FF000000FF000000FF000000FF000000FF000000FF000000FF000000FF000000FF000000FF000000FF000000FF000000FF000000FF000000FF000000FF000000FF000000FF000000FF000000FF000000FF000000FF000000FF000000FF000000FF000000FF000000FF000000FF000000FF000000FF000000FF000000FF000000FF000000FF000000FF000000FF000000FF000000FF000000FF000000FF000000FF000000FF000000FF000000FF000000FF000000FF000000FF000000FF000000FF000000FF000000FF000000FF000000FF000000FF000000FF000000FF000000FF000000FF000000FF000000FF000000FF000000FF000000FF000000FF000000FF000000FF000000FF000000FF000000FF000000FF000000FF000000FF000000FF000000FF000000FF000000FF000000FF000000FF000000FF000000FF000000FF000000FF000000FF000000FF000000FF000000FF000000FF000000FF000000FF000000FF000000FF000000FF000000FF000000FF000000FF000000FF000000FF000000FF000000FF000000FF000000FF000000FF000000FF000000FF000000FF000000FF000000FF000000FF000000FF000000FF000000FF000000FF000000FF000000FF000000FF000000FF000000FF000000FF000000FF000000FF000000FF000000FF000000FF000000FF000000FF000000FF000000FF000000FF000000FF000000FF000000FF000000FF000000FF000000FF000000FF000000FF000000FF000000FF000000FF000000FF000000FF000000FF000000FF000000FF000000FF000000FF000000FF000000FF000000FF2BFD99FF2BFD99FF000000FF000000FF000000FF000000FF000000FF000000FF000000FF000000FF000000FF000000FF000000FF000000FF2BFD99FF2BFD99FF000000FF000000FF000000FF000000FF000000FF000000FF000000FF000000FF000000FF000000FF000000FF000000FF000000FF000000FF000000FF000000FF000000FF000000FF000000FF000000FF000000FF000000FF000000FF000000FF000000FF000000FF2BFD99FF2BFD99FF000000FF000000FF000000FF000000FF000000FF000000FF000000FF000000FF000000FF000000FF2BFD99FF2BFD99FF000000FF000000FF000000FF000000FF000000FF000000FF000000FF000000FF000000FF000000FF000000FF000000FF000000FF000000FF000000FF000000FF000000FF000000FF000000FF000000FF000000FF000000FF000000FF000000FF000000FF000000FF000000FF000000FF000000FF000000FF000000FF000000FF000000FF000000FF2BFD99FF2BFD99FF000000FF000000FF000000FF000000FF2BFD99FF2BFD99FF000000FF000000FF000000FF000000FF000000FF000000FF2BFD99FF2BFD99FF000000FF000000FF000000FF000000FF000000FF000000FF000000FF000000FF000000FF000000FF000000FF000000FF000000FF000000FF000000FF000000FF000000FF000000FF2BFD99FF2BFD99FF000000FF000000FF000000FF000000FF000000FF000000FF2BFD99FF2BFD99FF000000FF000000FF000000FF000000FF2BFD99FF2BFD99FF000000FF000000FF000000FF000000FF000000FF000000FF2BFD99FF2BFD99FF000000FF000000FF000000FF000000FF000000FF000000FF000000FF000000FF000000FF000000FF000000FF000000FF000000FF000000FF000000FF000000FF000000FF000000FF000000FF000000FF000000FF000000FF2BFD99FF2BFD99FF2BFD99FF2BFD99FF000000FF000000FF000000FF000000FF000000FF000000FF000000FF000000FF2BFD99FF2BFD99FF000000FF000000FF000000FF000000FF000000FF000000FF000000FF000000FF000000FF000000FF000000FF000000FF000000FF000000FF000000FF000000FF000000FF000000FF000000FF000000FF000000FF000000FF000000FF000000FF000000FF000000FF000000FF000000FF000000FF000000FF000000FF000000FF000000FF000000FF000000FF000000FF000000FF000000FF000000FF000000FF000000FF000000FF000000FF000000FF000000FF000000FF000000FF000000FF000000FF000000FF000000FF000000FF000000FF000000FF000000FF000000FF000000FF000000FF000000FF000000FF000000FF000000FF000000FF000000FF000000FF000000FF000000FF000000FF000000FF000000FF000000FF000000FF000000FF000000FF000000FF000000FF000000FF000000FF000000FF000000FF000000FF000000FF000000FF000000FF000000FF000000FF000000FF000000FF000000FF000000FF000000FF000000FF000000FF000000FF000000FF000000FF000000FF000000FF000000FF000000FF000000FF000000FF000000FF000000FF000000FF000000FF000000FF000000FF000000FF000000FF000000FF000000FF000000FF000000FF000000FF000000FF000000FF000000FF000000FF000000FF000000FF000000FF000000FF000000FF000000FF000000FF000000FF000000FF000000FF000000FF000000FF000000FF000000FF000000FF000000FF000000FF000000FF000000FF000000FF000000FF000000FF000000FF000000FF000000FF000000FF000000FF000000FF000000FF000000FF000000FF000000FF000000FF000000FF000000FF000000FF000000FF000000FF000000FF000000FF000000FF000000FF000000FF000000FF000000FF000000FF000000FF000000FF000000FF000000FF000000FF000000FF000000FF000000FF000000FF000000FF000000FF000000FF000000FF000000FF000000FF000000FF000000FF000000FF000000FF000000FF000000FF000000FF000000FF000000FF000000FF000000FF000000FF000000FF000000FF000000FF000000FF000000FF000000FF000000FF000000FF000000FF000000FF000000FF000000FF000000FF000000FF000000FF000000FF000000FF000000FF000000FF000000FF000000FF000000FF000000FF000000FF000000FF000000FF000000FF000000FF000000FF000000FF000000FF000000FF000000FF000000FF000000FF000000FF000000FF000000FF000000FF000000FF000000FF000000FF000000FF000000FF000000FF000000FF000000FF000000FF000000FF000000FF000000FF000000FF000000FF000000FF000000FF000000FF000000FF000000FF000000FF000000FF000000FF000000FF000000FF000000FF000000FF000000FF000000FF000000FF000000FF000000FF000000FF000000FF000000FF000000FF000000FF000000FF000000FF000000FF000000FF000000FF000000FF000000FF000000FF000000FF000000FF000000FF000000FF000000FF000000FF000000FF000000FF000000FF000000FF000000FF000000FF000000FF000000FF000000FF000000FF000000FF000000FF000000FF000000FF000000FF000000FF000000FF000000FF000000FF000000FF000000FF000000FF000000FF000000FF000000FF000000FF000000FF000000FF000000FF000000FF000000FF000000FF000000FF000000FF000000FF000000FF000000FF000000FF000000FF000000FF000000FF000000FF000000FF000000FF000000FF000000FF000000FF000000FF000000FF000000FF000000FF000000FF000000FF000000FF000000FF000000FF000000FF000000FF000000FF000000FF000000FF000000FF000000FF000000FF000000FF000000FF000000FF000000FF000000FF000000FF000000FF000000FF000000FF000000FF000000FF000000FF000000FF000000FF000000FF000000FF000000FF000000FF000000FF000000FF000000FF000000FF000000FF000000FF000000FF000000FF000000FF000000FF000000FF000000FF000000FF2BFD99FF2BFD99FF000000FF000000FF000000FF000000FF000000FF000000FF000000FF000000FF000000FF000000FF000000FF000000FF2BFD99FF2BFD99FF000000FF000000FF000000FF000000FF000000FF000000FF000000FF000000FF000000FF000000FF000000FF000000FF000000FF000000FF000000FF000000FF000000FF000000FF000000FF000000FF000000FF000000FF000000FF000000FF000000FF000000FF2BFD99FF2BFD99FF000000FF000000FF000000FF000000FF000000FF000000FF000000FF000000FF000000FF000000FF2BFD99FF2BFD99FF000000FF000000FF000000FF000000FF000000FF000000FF000000FF000000FF000000FF000000FF000000FF000000FF000000FF000000FF000000FF000000FF000000FF000000FF000000FF000000FF000000FF000000FF000000FF000000FF000000FF000000FF000000FF000000FF000000FF000000FF000000FF000000FF000000FF000000FF2BFD99FF2BFD99FF000000FF000000FF000000FF000000FF2BFD99FF2BFD99FF000000FF000000FF000000FF000000FF000000FF000000FF2BFD99FF2BFD99FF000000FF000000FF000000FF000000FF000000FF000000FF000000FF000000FF000000FF000000FF000000FF000000FF000000FF000000FF000000FF000000FF000000FF000000FF2BFD99FF2BFD99FF000000FF000000FF000000FF000000FF000000FF000000FF2BFD99FF2BFD99FF000000FF000000FF000000FF000000FF2BFD99FF2BFD99FF000000FF000000FF000000FF000000FF000000FF000000FF2BFD99FF2BFD99FF000000FF000000FF000000FF000000FF000000FF000000FF000000FF000000FF000000FF000000FF000000FF000000FF000000FF000000FF000000FF000000FF000000FF000000FF000000FF000000FF000000FF000000FF2BFD99FF2BFD99FF2BFD99FF2BFD99FF000000FF000000FF000000FF000000FF000000FF000000FF000000FF000000FF2BFD99FF2BFD99FF000000FF000000FF000000FF000000FF000000FF000000FF000000FF000000FF000000FF000000FF000000FF000000FF000000FF000000FF000000FF000000FF000000FF000000FF000000FF000000FF000000FF000000FF000000FF000000FF000000FF000000FF000000FF000000FF000000FF000000FF000000FF000000FF000000FF000000FF000000FF000000FF000000FF000000FF000000FF000000FF000000FF000000FF000000FF000000FF000000FF000000FF000000FF000000FF000000FF000000FF000000FF000000FF000000FF000000FF000000FF000000FF000000FF000000FF000000FF000000FF000000FF000000FF000000FF000000FF000000FF000000FF000000FF000000FF000000FF000000FF000000FF000000FF000000FF000000FF000000FF000000FF000000FF000000FF000000FF000000FF000000FF000000FF000000FF000000FF000000FF000000FF000000FF000000FF000000FF000000FF000000FF000000FF000000FF000000FF000000FF000000FF000000FF000000FF000000FF000000FF000000FF000000FF000000FF000000FF000000FF000000FF000000FF000000FF000000FF000000FF000000FF000000FF000000FF000000FF000000FF000000FF000000FF000000FF000000FF000000FF000000FF000000FF000000FF000000FF000000FF000000FF000000FF000000FF000000FF000000FF000000FF000000FF000000FF000000FF000000FF000000FF000000FF000000FF000000FF000000FF000000FF000000FF000000FF000000FF000000FF000000FF000000FF000000FF000000FF000000FF000000FF000000FF000000FF000000FF000000FF000000FF000000FF000000FF000000FF000000FF000000FF000000FF000000FF000000FF000000FF000000FF000000FF000000FF000000FF000000FF000000FF000000FF000000FF000000FF000000FF000000FF000000FF000000FF000000FF000000FF000000FF000000FF000000FF000000FF000000FF000000FF000000FF000000FF000000FF000000FF000000FF000000FF000000FF000000FF000000FF000000FF000000FF000000FF000000FF000000FF000000FF000000FF000000FF000000FF000000FF000000FF000000FF000000FF000000FF000000FF000000FF000000FF000000FF000000FF000000FF000000FF000000FF000000FF000000FF000000FF000000FF000000FF000000FF000000FF000000FF000000FF000000FF000000FF000000FF000000FF000000FF000000FF000000FF000000FF000000FF000000FF000000FF000000FF000000FF000000FF000000FF000000FF000000FF000000FF000000FF000000FF000000FF000000FF000000FF000000FF000000FF000000FF000000FF000000FF000000FF000000FF000000FF000000FF000000FF000000FF000000FF000000FF000000FF000000FF000000FF000000FF000000FF000000FF000000FF000000FF000000FF000000FF000000FF000000FF000000FF000000FF000000FF000000FF000000FF000000FF000000FF000000FF000000FF000000FF000000FF000000FF000000FF000000FF000000FF000000FF000000FF000000FF000000FF000000FF000000FF000000FF000000FF000000FF000000FF000000FF000000FF000000FF000000FF000000FF000000FF000000FF000000FF000000FF000000FF000000FF000000FF000000FF000000FF000000FF000000FF000000FF000000FF000000FF000000FF000000FF000000FF000000FF000000FF000000FF000000FF000000FF000000FF000000FF000000FF000000FF000000FF000000FF000000FF000000FF000000FF000000FF000000FF000000FF000000FF000000FF000000FF000000FF000000FF000000FF000000FF000000FF000000FF000000FF000000FF000000FF000000FF000000FF000000FF000000FF000000FF000000FF000000FF000000FF000000FF000000FF000000FF000000FF000000FF000000FF000000FF000000FF000000FF000000FF000000FF000000FF000000FF000000FF000000FF000000FF2BFD99FF2BFD99FF000000FF000000FF000000FF000000FF000000FF000000FF000000FF000000FF000000FF000000FF000000FF000000FF2BFD99FF2BFD99FF000000FF000000FF000000FF000000FF000000FF000000FF000000FF000000FF000000FF000000FF000000FF000000FF000000FF000000FF000000FF000000FF000000FF000000FF000000FF000000FF000000FF000000FF000000FF000000FF000000FF000000FF2BFD99FF2BFD99FF000000FF000000FF000000FF000000FF000000FF000000FF000000FF000000FF000000FF000000FF000000FF000000FF2BFD99FF2BFD99FF2BFD99FF2BFD99FF2BFD99FF2BFD99FF2BFD99FF2BFD99FF000000FF000000FF000000FF000000FF000000FF000000FF000000FF000000FF000000FF000000FF000000FF000000FF000000FF000000FF000000FF000000FF000000FF000000FF000000FF000000FF000000FF000000FF000000FF000000FF000000FF000000FF2BFD99FF2BFD99FF000000FF000000FF000000FF000000FF000000FF000000FF000000FF000000FF000000FF000000FF000000FF000000FF000000FF000000FF2BFD99FF2BFD99FF000000FF000000FF000000FF000000FF000000FF000000FF000000FF000000FF000000FF000000FF000000FF000000FF000000FF000000FF000000FF000000FF000000FF000000FF000000FF000000FF000000FF000000FF000000FF000000FF000000FF000000FF2BFD99FF2BFD99FF000000FF000000FF000000FF000000FF2BFD99FF2BFD99FF000000FF000000FF000000FF000000FF2BFD99FF2BFD99FF2BFD99FF2BFD99FF000000FF000000FF000000FF000000FF000000FF000000FF000000FF000000FF000000FF000000FF000000FF000000FF000000FF000000FF000000FF000000FF000000FF000000FF000000FF000000FF2BFD99FF2BFD99FF000000FF000000FF2BFD99FF2BFD99FF000000FF000000FF000000FF000000FF000000FF000000FF2BFD99FF2BFD99FF000000FF000000FF000000FF000000FF000000FF000000FF000000FF000000FF000000FF000000FF000000FF000000FF000000FF000000FF000000FF000000FF000000FF000000FF000000FF000000FF000000FF000000FF000000FF000000FF000000FF000000FF000000FF000000FF000000FF000000FF000000FF000000FF000000FF000000FF000000FF000000FF000000FF000000FF000000FF000000FF000000FF000000FF000000FF000000FF000000FF000000FF000000FF000000FF000000FF000000FF000000FF000000FF000000FF000000FF000000FF000000FF000000FF000000FF000000FF000000FF000000FF000000FF000000FF000000FF000000FF000000FF000000FF000000FF000000FF000000FF000000FF000000FF000000FF000000FF000000FF000000FF000000FF000000FF000000FF000000FF000000FF000000FF000000FF000000FF000000FF000000FF000000FF000000FF000000FF000000FF000000FF000000FF000000FF000000FF000000FF000000FF000000FF000000FF000000FF000000FF000000FF000000FF000000FF000000FF000000FF000000FF000000FF000000FF000000FF000000FF000000FF000000FF000000FF000000FF000000FF000000FF000000FF000000FF000000FF000000FF000000FF000000FF000000FF000000FF000000FF000000FF000000FF000000FF000000FF000000FF000000FF000000FF000000FF000000FF000000FF000000FF000000FF000000FF000000FF000000FF000000FF000000FF000000FF000000FF000000FF000000FF000000FF000000FF000000FF000000FF000000FF000000FF000000FF000000FF000000FF000000FF000000FF000000FF000000FF000000FF000000FF000000FF000000FF000000FF000000FF000000FF000000FF000000FF000000FF000000FF000000FF000000FF000000FF000000FF000000FF000000FF000000FF000000FF000000FF000000FF000000FF000000FF000000FF000000FF000000FF000000FF000000FF000000FF000000FF000000FF000000FF000000FF000000FF000000FF000000FF000000FF000000FF000000FF000000FF000000FF000000FF000000FF000000FF000000FF000000FF000000FF000000FF000000FF000000FF000000FF000000FF000000FF000000FF000000FF000000FF000000FF000000FF000000FF000000FF000000FF000000FF000000FF000000FF000000FF000000FF000000FF000000FF000000FF000000FF000000FF000000FF000000FF000000FF000000FF000000FF000000FF000000FF000000FF000000FF000000FF000000FF000000FF000000FF000000FF000000FF000000FF000000FF000000FF000000FF000000FF000000FF000000FF000000FF000000FF000000FF000000FF000000FF000000FF000000FF000000FF000000FF000000FF000000FF000000FF000000FF000000FF000000FF000000FF000000FF000000FF000000FF000000FF000000FF000000FF000000FF000000FF000000FF000000FF000000FF000000FF000000FF000000FF000000FF000000FF000000FF000000FF000000FF000000FF000000FF000000FF000000FF000000FF000000FF000000FF000000FF000000FF000000FF000000FF000000FF000000FF000000FF000000FF000000FF000000FF000000FF000000FF000000FF000000FF000000FF000000FF000000FF000000FF000000FF000000FF000000FF000000FF000000FF000000FF000000FF000000FF000000FF000000FF000000FF000000FF000000FF000000FF000000FF000000FF000000FF000000FF000000FF000000FF000000FF000000FF000000FF000000FF000000FF000000FF000000FF000000FF000000FF000000FF000000FF000000FF000000FF000000FF000000FF000000FF000000FF000000FF000000FF000000FF000000FF000000FF000000FF000000FF000000FF000000FF000000FF000000FF000000FF000000FF000000FF000000FF000000FF000000FF000000FF000000FF000000FF000000FF000000FF000000FF000000FF000000FF000000FF000000FF2BFD99FF2BFD99FF000000FF000000FF000000FF000000FF000000FF000000FF000000FF000000FF000000FF000000FF000000FF000000FF2BFD99FF2BFD99FF000000FF000000FF000000FF000000FF000000FF000000FF000000FF000000FF000000FF000000FF000000FF000000FF000000FF000000FF000000FF000000FF000000FF000000FF000000FF000000FF000000FF000000FF000000FF000000FF000000FF000000FF2BFD99FF2BFD99FF000000FF000000FF000000FF000000FF000000FF000000FF000000FF000000FF000000FF000000FF000000FF000000FF2BFD99FF2BFD99FF2BFD99FF2BFD99FF2BFD99FF2BFD99FF2BFD99FF2BFD99FF000000FF000000FF000000FF000000FF000000FF000000FF000000FF000000FF000000FF000000FF000000FF000000FF000000FF000000FF000000FF000000FF000000FF000000FF000000FF000000FF000000FF000000FF000000FF000000FF000000FF000000FF2BFD99FF2BFD99FF000000FF000000FF000000FF000000FF000000FF000000FF000000FF000000FF000000FF000000FF000000FF000000FF000000FF000000FF2BFD99FF2BFD99FF000000FF000000FF000000FF000000FF000000FF000000FF000000FF000000FF000000FF000000FF000000FF000000FF000000FF000000FF000000FF000000FF000000FF000000FF000000FF000000FF000000FF000000FF000000FF000000FF000000FF000000FF2BFD99FF2BFD99FF000000FF000000FF000000FF000000FF2BFD99FF2BFD99FF000000FF000000FF000000FF000000FF2BFD99FF2BFD99FF2BFD99FF2BFD99FF000000FF000000FF000000FF000000FF000000FF000000FF000000FF000000FF000000FF000000FF000000FF000000FF000000FF000000FF000000FF000000FF000000FF000000FF000000FF000000FF2BFD99FF2BFD99FF000000FF000000FF2BFD99FF2BFD99FF000000FF000000FF000000FF000000FF000000FF000000FF2BFD99FF2BFD99FF000000FF000000FF000000FF000000FF000000FF000000FF000000FF000000FF000000FF000000FF000000FF000000FF000000FF000000FF000000FF000000FF000000FF000000FF000000FF000000FF000000FF000000FF000000FF000000FF000000FF000000FF000000FF000000FF000000FF000000FF000000FF000000FF000000FF000000FF000000FF000000FF000000FF000000FF000000FF000000FF000000FF000000FF000000FF000000FF000000FF000000FF000000FF000000FF000000FF000000FF000000FF000000FF000000FF000000FF000000FF000000FF000000FF000000FF000000FF000000FF000000FF000000FF000000FF000000FF000000FF000000FF000000FF000000FF000000FF000000FF000000FF000000FF000000FF000000FF000000FF000000FF000000FF000000FF000000FF000000FF000000FF000000FF000000FF000000FF000000FF000000FF000000FF000000FF000000FF000000FF000000FF000000FF000000FF000000FF000000FF000000FF000000FF000000FF000000FF000000FF000000FF000000FF000000FF000000FF000000FF000000FF000000FF000000FF000000FF000000FF000000FF000000FF000000FF000000FF000000FF000000FF000000FF000000FF000000FF000000FF000000FF000000FF000000FF000000FF000000FF000000FF000000FF000000FF000000FF000000FF000000FF000000FF000000FF000000FF000000FF000000FF000000FF000000FF000000FF000000FF000000FF000000FF000000FF000000FF000000FF000000FF000000FF000000FF000000FF000000FF000000FF000000FF000000FF000000FF000000FF000000FF000000FF000000FF000000FF000000FF000000FF000000FF000000FF000000FF000000FF000000FF000000FF000000FF000000FF000000FF000000FF000000FF000000FF000000FF000000FF000000FF000000FF000000FF000000FF000000FF000000FF000000FF000000FF000000FF000000FF000000FF000000FF000000FF000000FF000000FF000000FF000000FF000000FF000000FF000000FF000000FF000000FF000000FF000000FF000000FF000000FF000000FF000000FF000000FF000000FF000000FF000000FF000000FF000000FF000000FF000000FF000000FF000000FF000000FF000000FF000000FF000000FF000000FF000000FF000000FF000000FF000000FF000000FF000000FF000000FF000000FF000000FF000000FF000000FF000000FF000000FF000000FF000000FF000000FF000000FF000000FF000000FF000000FF000000FF000000FF000000FF000000FF000000FF000000FF000000FF000000FF000000FF000000FF000000FF000000FF000000FF000000FF000000FF000000FF000000FF000000FF000000FF000000FF000000FF000000FF000000FF000000FF000000FF000000FF000000FF000000FF000000FF000000FF000000FF000000FF000000FF000000FF000000FF000000FF000000FF000000FF000000FF000000FF000000FF000000FF000000FF000000FF000000FF000000FF000000FF000000FF000000FF000000FF000000FF000000FF000000FF000000FF000000FF000000FF000000FF000000FF000000FF000000FF000000FF000000FF000000FF000000FF000000FF000000FF000000FF000000FF000000FF000000FF000000FF000000FF000000FF000000FF000000FF000000FF000000FF000000FF000000FF000000FF000000FF000000FF000000FF000000FF000000FF000000FF000000FF000000FF000000FF000000FF000000FF000000FF000000FF000000FF000000FF000000FF000000FF000000FF000000FF000000FF000000FF000000FF000000FF000000FF000000FF000000FF000000FF000000FF000000FF000000FF000000FF000000FF000000FF000000FF000000FF000000FF000000FF000000FF000000FF000000FF000000FF000000FF000000FF000000FF000000FF000000FF000000FF000000FF000000FF000000FF000000FF000000FF000000FF000000FF000000FF000000FF000000FF000000FF2BFD99FF2BFD99FF2BFD99FF2BFD99FF2BFD99FF2BFD99FF2BFD99FF2BFD99FF000000FF000000FF000000FF000000FF000000FF000000FF2BFD99FF2BFD99FF2BFD99FF2BFD99FF2BFD99FF2BFD99FF2BFD99FF2BFD99FF000000FF000000FF000000FF000000FF000000FF000000FF000000FF000000FF000000FF000000FF000000FF000000FF000000FF000000FF000000FF000000FF000000FF000000FF000000FF000000FF2BFD99FF2BFD99FF2BFD99FF2BFD99FF2BFD99FF2BFD99FF2BFD99FF2BFD99FF000000FF000000FF000000FF000000FF000000FF000000FF000000FF000000FF000000FF000000FF000000FF000000FF000000FF000000FF2BFD99FF2BFD99FF000000FF000000FF000000FF000000FF000000FF000000FF000000FF000000FF000000FF000000FF000000FF000000FF000000FF000000FF000000FF000000FF000000FF000000FF000000FF000000FF000000FF000000FF2BFD99FF2BFD99FF000000FF000000FF000000FF000000FF000000FF000000FF000000FF000000FF000000FF000000FF000000FF000000FF2BFD99FF2BFD99FF2BFD99FF2BFD99FF000000FF000000FF000000FF000000FF000000FF000000FF000000FF000000FF000000FF000000FF000000FF000000FF000000FF000000FF000000FF000000FF000000FF000000FF000000FF000000FF000000FF000000FF000000FF000000FF2BFD99FF2BFD99FF2BFD99FF2BFD99FF000000FF000000FF000000FF000000FF000000FF000000FF2BFD99FF2BFD99FF000000FF000000FF2BFD99FF2BFD99FF000000FF000000FF2BFD99FF2BFD99FF000000FF000000FF000000FF000000FF000000FF000000FF000000FF000000FF000000FF000000FF000000FF000000FF000000FF000000FF000000FF000000FF000000FF000000FF2BFD99FF2BFD99FF000000FF000000FF000000FF000000FF2BFD99FF2BFD99FF000000FF000000FF000000FF000000FF000000FF000000FF2BFD99FF2BFD99FF2BFD99FF2BFD99FF2BFD99FF2BFD99FF2BFD99FF2BFD99FF000000FF000000FF000000FF000000FF000000FF000000FF000000FF000000FF000000FF000000FF000000FF000000FF000000FF000000FF000000FF000000FF000000FF000000FF000000FF000000FF000000FF000000FF000000FF000000FF000000FF000000FF000000FF000000FF000000FF000000FF000000FF000000FF000000FF000000FF000000FF000000FF000000FF000000FF000000FF000000FF000000FF000000FF000000FF000000FF000000FF000000FF000000FF000000FF000000FF000000FF000000FF000000FF000000FF000000FF000000FF000000FF000000FF000000FF000000FF000000FF000000FF000000FF000000FF000000FF000000FF000000FF000000FF000000FF000000FF000000FF000000FF000000FF000000FF000000FF000000FF000000FF000000FF000000FF000000FF000000FF000000FF000000FF000000FF000000FF000000FF000000FF000000FF000000FF000000FF000000FF000000FF000000FF000000FF000000FF000000FF000000FF000000FF000000FF000000FF000000FF000000FF000000FF000000FF000000FF000000FF000000FF000000FF000000FF000000FF000000FF000000FF000000FF000000FF000000FF000000FF000000FF000000FF000000FF000000FF000000FF000000FF000000FF000000FF000000FF000000FF000000FF000000FF000000FF000000FF000000FF000000FF000000FF000000FF000000FF000000FF000000FF000000FF000000FF000000FF000000FF000000FF000000FF000000FF000000FF000000FF000000FF000000FF000000FF000000FF000000FF000000FF000000FF000000FF000000FF000000FF000000FF000000FF000000FF000000FF000000FF000000FF000000FF000000FF000000FF000000FF000000FF000000FF000000FF000000FF000000FF000000FF000000FF000000FF000000FF000000FF000000FF000000FF000000FF000000FF000000FF000000FF000000FF000000FF000000FF000000FF000000FF000000FF000000FF000000FF000000FF000000FF000000FF000000FF000000FF000000FF000000FF000000FF000000FF000000FF000000FF000000FF000000FF000000FF000000FF000000FF000000FF000000FF000000FF000000FF000000FF000000FF000000FF000000FF000000FF000000FF000000FF000000FF000000FF000000FF000000FF000000FF000000FF000000FF000000FF000000FF000000FF000000FF000000FF000000FF000000FF000000FF000000FF000000FF000000FF000000FF000000FF000000FF000000FF000000FF000000FF000000FF000000FF000000FF000000FF000000FF000000FF000000FF000000FF000000FF000000FF000000FF000000FF000000FF000000FF000000FF000000FF000000FF000000FF000000FF000000FF000000FF000000FF000000FF000000FF000000FF000000FF000000FF000000FF000000FF000000FF000000FF000000FF000000FF000000FF000000FF000000FF000000FF000000FF000000FF000000FF000000FF000000FF000000FF000000FF000000FF000000FF000000FF000000FF000000FF000000FF000000FF000000FF000000FF000000FF000000FF000000FF000000FF000000FF000000FF000000FF000000FF000000FF000000FF000000FF000000FF000000FF000000FF000000FF000000FF000000FF000000FF000000FF000000FF000000FF000000FF000000FF000000FF000000FF000000FF000000FF000000FF000000FF000000FF000000FF000000FF000000FF000000FF000000FF000000FF000000FF000000FF000000FF000000FF000000FF000000FF000000FF000000FF000000FF000000FF000000FF000000FF000000FF000000FF000000FF000000FF000000FF000000FF000000FF000000FF000000FF000000FF000000FF000000FF000000FF000000FF000000FF000000FF000000FF000000FF000000FF000000FF000000FF000000FF000000FF000000FF000000FF000000FF000000FF000000FF000000FF2BFD99FF2BFD99FF2BFD99FF2BFD99FF2BFD99FF2BFD99FF2BFD99FF2BFD99FF000000FF000000FF000000FF000000FF000000FF000000FF2BFD99FF2BFD99FF2BFD99FF2BFD99FF2BFD99FF2BFD99FF2BFD99FF2BFD99FF000000FF000000FF000000FF000000FF000000FF000000FF000000FF000000FF000000FF000000FF000000FF000000FF000000FF000000FF000000FF000000FF000000FF000000FF000000FF000000FF2BFD99FF2BFD99FF2BFD99FF2BFD99FF2BFD99FF2BFD99FF2BFD99FF2BFD99FF000000FF000000FF000000FF000000FF000000FF000000FF000000FF000000FF000000FF000000FF000000FF000000FF000000FF000000FF2BFD99FF2BFD99FF000000FF000000FF000000FF000000FF000000FF000000FF000000FF000000FF000000FF000000FF000000FF000000FF000000FF000000FF000000FF000000FF000000FF000000FF000000FF000000FF000000FF000000FF2BFD99FF2BFD99FF000000FF000000FF000000FF000000FF000000FF000000FF000000FF000000FF000000FF000000FF000000FF000000FF2BFD99FF2BFD99FF2BFD99FF2BFD99FF000000FF000000FF000000FF000000FF000000FF000000FF000000FF000000FF000000FF000000FF000000FF000000FF000000FF000000FF000000FF000000FF000000FF000000FF000000FF000000FF000000FF000000FF000000FF000000FF2BFD99FF2BFD99FF2BFD99FF2BFD99FF000000FF000000FF000000FF000000FF000000FF000000FF2BFD99FF2BFD99FF000000FF000000FF2BFD99FF2BFD99FF000000FF000000FF2BFD99FF2BFD99FF000000FF000000FF000000FF000000FF000000FF000000FF000000FF000000FF000000FF000000FF000000FF000000FF000000FF000000FF000000FF000000FF000000FF000000FF2BFD99FF2BFD99FF000000FF000000FF000000FF000000FF2BFD99FF2BFD99FF000000FF000000FF000000FF000000FF000000FF000000FF2BFD99FF2BFD99FF2BFD99FF2BFD99FF2BFD99FF2BFD99FF2BFD99FF2BFD99FF000000FF000000FF000000FF000000FF000000FF000000FF000000FF000000FF000000FF000000FF000000FF000000FF000000FF000000FF000000FF000000FF000000FF000000FF000000FF000000FF000000FF000000FF000000FF000000FF000000FF000000FF000000FF000000FF000000FF000000FF000000FF000000FF000000FF000000FF000000FF000000FF000000FF000000FF000000FF000000FF000000FF000000FF000000FF000000FF000000FF000000FF000000FF000000FF000000FF000000FF000000FF000000FF000000FF000000FF000000FF000000FF000000FF000000FF000000FF000000FF000000FF000000FF000000FF000000FF000000FF000000FF000000FF000000FF000000FF000000FF000000FF000000FF000000FF000000FF000000FF000000FF000000FF000000FF000000FF000000FF000000FF000000FF000000FF000000FF000000FF000000FF000000FF000000FF000000FF000000FF000000FF000000FF000000FF000000FF000000FF000000FF000000FF000000FF000000FF000000FF000000FF000000FF000000FF000000FF000000FF000000FF000000FF000000FF000000FF000000FF000000FF000000FF000000FF000000FF000000FF000000FF000000FF000000FF000000FF000000FF000000FF000000FF000000FF000000FF000000FF000000FF000000FF000000FF000000FF000000FF000000FF000000FF000000FF000000FF000000FF000000FF000000FF000000FF000000FF000000FF000000FF000000FF000000FF000000FF000000FF000000FF000000FF000000FF000000FF000000FF000000FF000000FF000000FF000000FF000000FF000000FF000000FF000000FF000000FF000000FF000000FF000000FF000000FF000000FF000000FF000000FF000000FF000000FF000000FF000000FF000000FF000000FF000000FF000000FF000000FF000000FF000000FF000000FF000000FF000000FF000000FF000000FF000000FF000000FF000000FF000000FF000000FF000000FF000000FF000000FF000000FF000000FF000000FF000000FF000000FF000000FF000000FF000000FF000000FF000000FF000000FF000000FF000000FF000000FF000000FF000000FF000000FF000000FF000000FF000000FF000000FF000000FF000000FF000000FF000000FF000000FF000000FF000000FF000000FF000000FF000000FF000000FF000000FF000000FF000000FF000000FF000000FF000000FF000000FF000000FF000000FF000000FF000000FF000000FF000000FF000000FF000000FF000000FF000000FF000000FF000000FF000000FF000000FF000000FF000000FF000000FF000000FF000000FF000000FF000000FF000000FF000000FF000000FF000000FF000000FF000000FF000000FF000000FF000000FF000000FF000000FF000000FF000000FF000000FF000000FF000000FF000000FF000000FF000000FF000000FF000000FF000000FF000000FF000000FF000000FF000000FF000000FF000000FF000000FF000000FF000000FF000000FF000000FF000000FF000000FF000000FF000000FF000000FF000000FF000000FF000000FF000000FF000000FF000000FF000000FF000000FF000000FF000000FF000000FF000000FF000000FF000000FF000000FF000000FF000000FF000000FF000000FF000000FF000000FF000000FF000000FF000000FF000000FF000000FF000000FF000000FF000000FF000000FF000000FF000000FF000000FF000000FF000000FF000000FF000000FF000000FF000000FF000000FF000000FF000000FF000000FF000000FF000000FF000000FF000000FF000000FF000000FF000000FF000000FF000000FF000000FF000000FF000000FF000000FF000000FF000000FF000000FF000000FF000000FF000000FF000000FF000000FF000000FF000000FF000000FF000000FF000000FF000000FF000000FF000000FF000000FF000000FF000000FF000000FF000000FF000000FF000000FF000000FF000000FF000000FF2BFD99FF2BFD99FF000000FF000000FF000000FF000000FF000000FF000000FF2BFD99FF2BFD99FF000000FF000000FF000000FF000000FF2BFD99FF2BFD99FF000000FF000000FF000000FF000000FF000000FF000000FF2BFD99FF2BFD99FF000000FF000000FF000000FF000000FF000000FF000000FF000000FF000000FF000000FF000000FF000000FF000000FF000000FF000000FF000000FF000000FF000000FF000000FF2BFD99FF2BFD99FF000000FF000000FF000000FF000000FF000000FF000000FF2BFD99FF2BFD99FF000000FF000000FF000000FF000000FF000000FF000000FF000000FF000000FF000000FF000000FF000000FF000000FF2BFD99FF2BFD99FF000000FF000000FF000000FF000000FF000000FF000000FF000000FF000000FF000000FF000000FF000000FF000000FF000000FF000000FF000000FF000000FF000000FF000000FF000000FF000000FF2BFD99FF2BFD99FF000000FF000000FF000000FF000000FF000000FF000000FF000000FF000000FF000000FF000000FF000000FF000000FF2BFD99FF2BFD99FF000000FF000000FF000000FF000000FF000000FF000000FF000000FF000000FF000000FF000000FF000000FF000000FF000000FF000000FF000000FF000000FF000000FF000000FF000000FF000000FF000000FF000000FF000000FF000000FF000000FF000000FF2BFD99FF2BFD99FF000000FF000000FF000000FF000000FF000000FF000000FF000000FF000000FF000000FF000000FF2BFD99FF2BFD99FF2BFD99FF2BFD99FF000000FF000000FF000000FF000000FF2BFD99FF2BFD99FF000000FF000000FF000000FF000000FF000000FF000000FF000000FF000000FF000000FF000000FF000000FF000000FF000000FF000000FF000000FF000000FF000000FF000000FF2BFD99FF2BFD99FF2BFD99FF2BFD99FF2BFD99FF2BFD99FF2BFD99FF2BFD99FF2BFD99FF2BFD99FF000000FF000000FF000000FF000000FF2BFD99FF2BFD99FF000000FF000000FF000000FF000000FF000000FF000000FF2BFD99FF2BFD99FF000000FF000000FF000000FF000000FF000000FF000000FF000000FF000000FF000000FF000000FF000000FF000000FF000000FF000000FF000000FF000000FF000000FF000000FF000000FF000000FF000000FF000000FF000000FF000000FF000000FF000000FF000000FF000000FF000000FF000000FF000000FF000000FF000000FF000000FF000000FF000000FF000000FF000000FF000000FF000000FF000000FF000000FF000000FF000000FF000000FF000000FF000000FF000000FF000000FF000000FF000000FF000000FF000000FF000000FF000000FF000000FF000000FF000000FF000000FF000000FF000000FF000000FF000000FF000000FF000000FF000000FF000000FF000000FF000000FF000000FF000000FF000000FF000000FF000000FF000000FF000000FF000000FF000000FF000000FF000000FF000000FF000000FF000000FF000000FF000000FF000000FF000000FF000000FF000000FF000000FF000000FF000000FF000000FF000000FF000000FF000000FF000000FF000000FF000000FF000000FF000000FF000000FF000000FF000000FF000000FF000000FF000000FF000000FF000000FF000000FF000000FF000000FF000000FF000000FF000000FF000000FF000000FF000000FF000000FF000000FF000000FF000000FF000000FF000000FF000000FF000000FF000000FF000000FF000000FF000000FF000000FF000000FF000000FF000000FF000000FF000000FF000000FF000000FF000000FF000000FF000000FF000000FF000000FF000000FF000000FF000000FF000000FF000000FF000000FF000000FF000000FF000000FF000000FF000000FF000000FF000000FF000000FF000000FF000000FF000000FF000000FF000000FF000000FF000000FF000000FF000000FF000000FF000000FF000000FF000000FF000000FF000000FF000000FF000000FF000000FF000000FF000000FF000000FF000000FF000000FF000000FF000000FF000000FF000000FF000000FF000000FF000000FF000000FF000000FF000000FF000000FF000000FF000000FF000000FF000000FF000000FF000000FF000000FF000000FF000000FF000000FF000000FF000000FF000000FF000000FF000000FF000000FF000000FF000000FF000000FF000000FF000000FF000000FF000000FF000000FF000000FF000000FF000000FF000000FF000000FF000000FF000000FF000000FF000000FF000000FF000000FF000000FF000000FF000000FF000000FF000000FF000000FF000000FF000000FF000000FF000000FF000000FF000000FF000000FF000000FF000000FF000000FF000000FF000000FF000000FF000000FF000000FF000000FF000000FF000000FF000000FF000000FF000000FF000000FF000000FF000000FF000000FF000000FF000000FF000000FF000000FF000000FF000000FF000000FF000000FF000000FF000000FF000000FF000000FF000000FF000000FF000000FF000000FF000000FF000000FF000000FF000000FF000000FF000000FF000000FF000000FF000000FF000000FF000000FF000000FF000000FF000000FF000000FF000000FF000000FF000000FF000000FF000000FF000000FF000000FF000000FF000000FF000000FF000000FF000000FF000000FF000000FF000000FF000000FF000000FF000000FF000000FF000000FF000000FF000000FF000000FF000000FF000000FF000000FF000000FF000000FF000000FF000000FF000000FF000000FF000000FF000000FF000000FF000000FF000000FF000000FF000000FF000000FF000000FF000000FF000000FF000000FF000000FF000000FF000000FF000000FF000000FF000000FF000000FF000000FF000000FF000000FF000000FF000000FF000000FF000000FF000000FF000000FF000000FF000000FF000000FF000000FF000000FF000000FF000000FF000000FF000000FF000000FF000000FF000000FF000000FF000000FF000000FF000000FF000000FF000000FF000000FF000000FF2BFD99FF2BFD99FF000000FF000000FF000000FF000000FF000000FF000000FF2BFD99FF2BFD99FF000000FF000000FF000000FF000000FF2BFD99FF2BFD99FF000000FF000000FF000000FF000000FF000000FF000000FF2BFD99FF2BFD99FF000000FF000000FF000000FF000000FF000000FF000000FF000000FF000000FF000000FF000000FF000000FF000000FF000000FF000000FF000000FF000000FF000000FF000000FF2BFD99FF2BFD99FF000000FF000000FF000000FF000000FF000000FF000000FF2BFD99FF2BFD99FF000000FF000000FF000000FF000000FF000000FF000000FF000000FF000000FF000000FF000000FF000000FF000000FF2BFD99FF2BFD99FF000000FF000000FF000000FF000000FF000000FF000000FF000000FF000000FF000000FF000000FF000000FF000000FF000000FF000000FF000000FF000000FF000000FF000000FF000000FF000000FF2BFD99FF2BFD99FF000000FF000000FF000000FF000000FF000000FF000000FF000000FF000000FF000000FF000000FF000000FF000000FF2BFD99FF2BFD99FF000000FF000000FF000000FF000000FF000000FF000000FF000000FF000000FF000000FF000000FF000000FF000000FF000000FF000000FF000000FF000000FF000000FF000000FF000000FF000000FF000000FF000000FF000000FF000000FF000000FF000000FF2BFD99FF2BFD99FF000000FF000000FF000000FF000000FF000000FF000000FF000000FF000000FF000000FF000000FF2BFD99FF2BFD99FF2BFD99FF2BFD99FF000000FF000000FF000000FF000000FF2BFD99FF2BFD99FF000000FF000000FF000000FF000000FF000000FF000000FF000000FF000000FF000000FF000000FF000000FF000000FF000000FF000000FF000000FF000000FF000000FF000000FF2BFD99FF2BFD99FF2BFD99FF2BFD99FF2BFD99FF2BFD99FF2BFD99FF2BFD99FF2BFD99FF2BFD99FF000000FF000000FF000000FF000000FF2BFD99FF2BFD99FF000000FF000000FF000000FF000000FF000000FF000000FF2BFD99FF2BFD99FF000000FF000000FF000000FF000000FF000000FF000000FF000000FF000000FF000000FF000000FF000000FF000000FF000000FF000000FF000000FF000000FF000000FF000000FF000000FF000000FF000000FF000000FF000000FF000000FF000000FF000000FF000000FF000000FF000000FF000000FF000000FF000000FF000000FF000000FF000000FF000000FF000000FF000000FF000000FF000000FF000000FF000000FF000000FF000000FF000000FF000000FF000000FF000000FF000000FF000000FF000000FF000000FF000000FF000000FF000000FF000000FF000000FF000000FF000000FF000000FF000000FF000000FF000000FF000000FF000000FF000000FF000000FF000000FF000000FF000000FF000000FF000000FF000000FF000000FF000000FF000000FF000000FF000000FF000000FF000000FF000000FF000000FF000000FF000000FF000000FF000000FF000000FF000000FF000000FF000000FF000000FF000000FF000000FF000000FF000000FF000000FF000000FF000000FF000000FF000000FF000000FF000000FF000000FF000000FF000000FF000000FF000000FF000000FF000000FF000000FF000000FF000000FF000000FF000000FF000000FF000000FF000000FF000000FF000000FF000000FF000000FF000000FF000000FF000000FF000000FF000000FF000000FF000000FF000000FF000000FF000000FF000000FF000000FF000000FF000000FF000000FF000000FF000000FF000000FF000000FF000000FF000000FF000000FF000000FF000000FF000000FF000000FF000000FF000000FF000000FF000000FF000000FF000000FF000000FF000000FF000000FF000000FF000000FF000000FF000000FF000000FF000000FF000000FF000000FF000000FF000000FF000000FF000000FF000000FF000000FF000000FF000000FF000000FF000000FF000000FF000000FF000000FF000000FF000000FF000000FF000000FF000000FF000000FF000000FF000000FF000000FF000000FF000000FF000000FF000000FF000000FF000000FF000000FF000000FF000000FF000000FF000000FF000000FF000000FF000000FF000000FF000000FF000000FF000000FF000000FF000000FF000000FF000000FF000000FF000000FF000000FF000000FF000000FF000000FF000000FF000000FF000000FF000000FF000000FF000000FF000000FF000000FF000000FF000000FF000000FF000000FF000000FF000000FF000000FF000000FF000000FF000000FF000000FF000000FF000000FF000000FF000000FF000000FF000000FF000000FF000000FF000000FF000000FF000000FF000000FF000000FF000000FF000000FF000000FF000000FF000000FF000000FF000000FF000000FF000000FF000000FF000000FF000000FF000000FF000000FF000000FF000000FF000000FF000000FF000000FF000000FF000000FF000000FF000000FF000000FF000000FF000000FF000000FF000000FF000000FF000000FF000000FF000000FF000000FF000000FF000000FF000000FF000000FF000000FF000000FF000000FF000000FF000000FF000000FF000000FF000000FF000000FF000000FF000000FF000000FF000000FF000000FF000000FF000000FF000000FF000000FF000000FF000000FF000000FF000000FF000000FF000000FF000000FF000000FF000000FF000000FF000000FF000000FF000000FF000000FF000000FF000000FF000000FF000000FF000000FF000000FF000000FF000000FF000000FF000000FF000000FF000000FF000000FF000000FF000000FF000000FF000000FF000000FF000000FF000000FF000000FF000000FF000000FF000000FF000000FF000000FF000000FF000000FF000000FF000000FF000000FF000000FF000000FF000000FF000000FF000000FF000000FF000000FF000000FF000000FF000000FF000000FF000000FF000000FF000000FF000000FF000000FF000000FF000000FF000000FF000000FF000000FF000000FF2BFD99FF2BFD99FF000000FF000000FF000000FF000000FF000000FF000000FF2BFD99FF2BFD99FF000000FF000000FF000000FF000000FF2BFD99FF2BFD99FF000000FF000000FF000000FF000000FF000000FF000000FF2BFD99FF2BFD99FF000000FF000000FF000000FF000000FF000000FF000000FF000000FF000000FF000000FF000000FF000000FF000000FF000000FF000000FF000000FF000000FF000000FF000000FF2BFD99FF2BFD99FF000000FF000000FF000000FF000000FF000000FF000000FF2BFD99FF2BFD99FF000000FF000000FF000000FF000000FF2BFD99FF2BFD99FF000000FF000000FF000000FF000000FF000000FF000000FF2BFD99FF2BFD99FF000000FF000000FF000000FF000000FF000000FF000000FF000000FF000000FF000000FF000000FF000000FF000000FF000000FF000000FF000000FF000000FF000000FF000000FF000000FF000000FF2BFD99FF2BFD99FF000000FF000000FF000000FF000000FF000000FF000000FF000000FF000000FF000000FF000000FF2BFD99FF2BFD99FF000000FF000000FF000000FF000000FF000000FF000000FF000000FF000000FF000000FF000000FF000000FF000000FF000000FF000000FF000000FF000000FF000000FF000000FF000000FF000000FF000000FF000000FF000000FF000000FF000000FF000000FF2BFD99FF2BFD99FF000000FF000000FF000000FF000000FF000000FF000000FF000000FF000000FF000000FF000000FF000000FF000000FF2BFD99FF2BFD99FF000000FF000000FF000000FF000000FF000000FF000000FF2BFD99FF2BFD99FF000000FF000000FF000000FF000000FF000000FF000000FF000000FF000000FF000000FF000000FF000000FF000000FF000000FF000000FF000000FF000000FF000000FF000000FF000000FF000000FF000000FF000000FF000000FF000000FF2BFD99FF2BFD99FF000000FF000000FF000000FF000000FF000000FF000000FF2BFD99FF2BFD99FF000000FF000000FF000000FF000000FF000000FF000000FF2BFD99FF2BFD99FF000000FF000000FF000000FF000000FF000000FF000000FF000000FF000000FF000000FF000000FF000000FF000000FF000000FF000000FF000000FF000000FF000000FF000000FF000000FF000000FF000000FF000000FF000000FF000000FF000000FF000000FF000000FF000000FF000000FF000000FF000000FF000000FF000000FF000000FF000000FF000000FF000000FF000000FF000000FF000000FF000000FF000000FF000000FF000000FF000000FF000000FF000000FF000000FF000000FF000000FF000000FF000000FF000000FF000000FF000000FF000000FF000000FF000000FF000000FF000000FF000000FF000000FF000000FF000000FF000000FF000000FF000000FF000000FF000000FF000000FF000000FF000000FF000000FF000000FF000000FF000000FF000000FF000000FF000000FF000000FF000000FF000000FF000000FF000000FF000000FF000000FF000000FF000000FF000000FF000000FF000000FF000000FF000000FF000000FF000000FF000000FF000000FF000000FF000000FF000000FF000000FF000000FF000000FF000000FF000000FF000000FF000000FF000000FF000000FF000000FF000000FF000000FF000000FF000000FF000000FF000000FF000000FF000000FF000000FF000000FF000000FF000000FF000000FF000000FF000000FF000000FF000000FF000000FF000000FF000000FF000000FF000000FF000000FF000000FF000000FF000000FF000000FF000000FF000000FF000000FF000000FF000000FF000000FF000000FF000000FF000000FF000000FF000000FF000000FF000000FF000000FF000000FF000000FF000000FF000000FF000000FF000000FF000000FF000000FF000000FF000000FF000000FF000000FF000000FF000000FF000000FF000000FF000000FF000000FF000000FF000000FF000000FF000000FF000000FF000000FF000000FF000000FF000000FF000000FF000000FF000000FF000000FF000000FF000000FF000000FF000000FF000000FF000000FF000000FF000000FF000000FF000000FF000000FF000000FF000000FF000000FF000000FF000000FF000000FF000000FF000000FF000000FF000000FF000000FF000000FF000000FF000000FF000000FF000000FF000000FF000000FF000000FF000000FF000000FF000000FF000000FF000000FF000000FF000000FF000000FF000000FF000000FF000000FF000000FF000000FF000000FF000000FF000000FF000000FF000000FF000000FF000000FF000000FF000000FF000000FF000000FF000000FF000000FF000000FF000000FF000000FF000000FF000000FF000000FF000000FF000000FF000000FF000000FF000000FF000000FF000000FF000000FF000000FF000000FF000000FF000000FF000000FF000000FF000000FF000000FF000000FF000000FF000000FF000000FF000000FF000000FF000000FF000000FF000000FF000000FF000000FF000000FF000000FF000000FF000000FF000000FF000000FF000000FF000000FF000000FF000000FF000000FF000000FF000000FF000000FF000000FF000000FF000000FF000000FF000000FF000000FF000000FF000000FF000000FF000000FF000000FF000000FF000000FF000000FF000000FF000000FF000000FF000000FF000000FF000000FF000000FF000000FF000000FF000000FF000000FF000000FF000000FF000000FF000000FF000000FF000000FF000000FF000000FF000000FF000000FF000000FF000000FF000000FF000000FF000000FF000000FF000000FF000000FF000000FF000000FF000000FF000000FF000000FF000000FF000000FF000000FF000000FF000000FF000000FF000000FF000000FF000000FF000000FF000000FF000000FF000000FF000000FF000000FF000000FF000000FF000000FF000000FF000000FF000000FF000000FF000000FF000000FF000000FF000000FF000000FF000000FF000000FF000000FF000000FF000000FF000000FF000000FF000000FF2BFD99FF2BFD99FF000000FF000000FF000000FF000000FF000000FF000000FF2BFD99FF2BFD99FF000000FF000000FF000000FF000000FF2BFD99FF2BFD99FF000000FF000000FF000000FF000000FF000000FF000000FF2BFD99FF2BFD99FF000000FF000000FF000000FF000000FF000000FF000000FF000000FF000000FF000000FF000000FF000000FF000000FF000000FF000000FF000000FF000000FF000000FF000000FF2BFD99FF2BFD99FF000000FF000000FF000000FF000000FF000000FF000000FF2BFD99FF2BFD99FF000000FF000000FF000000FF000000FF2BFD99FF2BFD99FF000000FF000000FF000000FF000000FF000000FF000000FF2BFD99FF2BFD99FF000000FF000000FF000000FF000000FF000000FF000000FF000000FF000000FF000000FF000000FF000000FF000000FF000000FF000000FF000000FF000000FF000000FF000000FF000000FF000000FF2BFD99FF2BFD99FF000000FF000000FF000000FF000000FF000000FF000000FF000000FF000000FF000000FF000000FF2BFD99FF2BFD99FF000000FF000000FF000000FF000000FF000000FF000000FF000000FF000000FF000000FF000000FF000000FF000000FF000000FF000000FF000000FF000000FF000000FF000000FF000000FF000000FF000000FF000000FF000000FF000000FF000000FF000000FF2BFD99FF2BFD99FF000000FF000000FF000000FF000000FF000000FF000000FF000000FF000000FF000000FF000000FF000000FF000000FF2BFD99FF2BFD99FF000000FF000000FF000000FF000000FF000000FF000000FF2BFD99FF2BFD99FF000000FF000000FF000000FF000000FF000000FF000000FF000000FF000000FF000000FF000000FF000000FF000000FF000000FF000000FF000000FF000000FF000000FF000000FF000000FF000000FF000000FF000000FF000000FF000000FF2BFD99FF2BFD99FF000000FF000000FF000000FF000000FF000000FF000000FF2BFD99FF2BFD99FF000000FF000000FF000000FF000000FF000000FF000000FF2BFD99FF2BFD99FF000000FF000000FF000000FF000000FF000000FF000000FF000000FF000000FF000000FF000000FF000000FF000000FF000000FF000000FF000000FF000000FF000000FF000000FF000000FF000000FF000000FF000000FF000000FF000000FF000000FF000000FF000000FF000000FF000000FF000000FF000000FF000000FF000000FF000000FF000000FF000000FF000000FF000000FF000000FF000000FF000000FF000000FF000000FF000000FF000000FF000000FF000000FF000000FF000000FF000000FF000000FF000000FF000000FF000000FF000000FF000000FF000000FF000000FF000000FF000000FF000000FF000000FF000000FF000000FF000000FF000000FF000000FF000000FF000000FF000000FF000000FF000000FF000000FF000000FF000000FF000000FF000000FF000000FF000000FF000000FF000000FF000000FF000000FF000000FF000000FF000000FF000000FF000000FF000000FF000000FF000000FF000000FF000000FF000000FF000000FF000000FF000000FF000000FF000000FF000000FF000000FF000000FF000000FF000000FF000000FF000000FF000000FF000000FF000000FF000000FF000000FF000000FF000000FF000000FF000000FF000000FF000000FF000000FF000000FF000000FF000000FF000000FF000000FF000000FF000000FF000000FF000000FF000000FF000000FF000000FF000000FF000000FF000000FF000000FF000000FF000000FF000000FF000000FF000000FF000000FF000000FF000000FF000000FF000000FF000000FF000000FF000000FF000000FF000000FF000000FF000000FF000000FF000000FF000000FF000000FF000000FF000000FF000000FF000000FF000000FF000000FF000000FF000000FF000000FF000000FF000000FF000000FF000000FF000000FF000000FF000000FF000000FF000000FF000000FF000000FF000000FF000000FF000000FF000000FF000000FF000000FF000000FF000000FF000000FF000000FF000000FF000000FF000000FF000000FF000000FF000000FF000000FF000000FF000000FF000000FF000000FF000000FF000000FF000000FF000000FF000000FF000000FF000000FF000000FF000000FF000000FF000000FF000000FF000000FF000000FF000000FF000000FF000000FF000000FF000000FF000000FF000000FF000000FF000000FF000000FF000000FF000000FF000000FF000000FF000000FF000000FF000000FF000000FF000000FF000000FF000000FF000000FF000000FF000000FF000000FF000000FF000000FF000000FF000000FF000000FF000000FF000000FF000000FF000000FF000000FF000000FF000000FF000000FF000000FF000000FF000000FF000000FF000000FF000000FF000000FF000000FF000000FF000000FF000000FF000000FF000000FF000000FF000000FF000000FF000000FF000000FF000000FF000000FF000000FF000000FF000000FF000000FF000000FF000000FF000000FF000000FF000000FF000000FF000000FF000000FF000000FF000000FF000000FF000000FF000000FF000000FF000000FF000000FF000000FF000000FF000000FF000000FF000000FF000000FF000000FF000000FF000000FF000000FF000000FF000000FF000000FF000000FF000000FF000000FF000000FF000000FF000000FF000000FF000000FF000000FF000000FF000000FF000000FF000000FF000000FF000000FF000000FF000000FF000000FF000000FF000000FF000000FF000000FF000000FF000000FF000000FF000000FF000000FF000000FF000000FF000000FF000000FF000000FF000000FF000000FF000000FF000000FF000000FF000000FF000000FF000000FF000000FF000000FF000000FF000000FF000000FF000000FF000000FF000000FF000000FF000000FF000000FF000000FF000000FF000000FF000000FF000000FF000000FF000000FF000000FF000000FF000000FF000000FF000000FF000000FF000000FF000000FF000000FF000000FF000000FF2BFD99FF2BFD99FF2BFD99FF2BFD99FF2BFD99FF2BFD99FF000000FF000000FF000000FF000000FF000000FF000000FF000000FF000000FF2BFD99FF2BFD99FF2BFD99FF2BFD99FF2BFD99FF2BFD99FF000000FF000000FF000000FF000000FF000000FF000000FF000000FF000000FF000000FF000000FF000000FF000000FF000000FF000000FF000000FF000000FF000000FF000000FF000000FF000000FF000000FF000000FF2BFD99FF2BFD99FF2BFD99FF2BFD99FF2BFD99FF2BFD99FF000000FF000000FF000000FF000000FF000000FF000000FF000000FF000000FF2BFD99FF2BFD99FF2BFD99FF2BFD99FF2BFD99FF2BFD99FF000000FF000000FF000000FF000000FF000000FF000000FF000000FF000000FF000000FF000000FF000000FF000000FF000000FF000000FF000000FF000000FF000000FF000000FF000000FF000000FF000000FF000000FF2BFD99FF2BFD99FF000000FF000000FF000000FF000000FF000000FF000000FF000000FF000000FF000000FF000000FF2BFD99FF2BFD99FF2BFD99FF2BFD99FF2BFD99FF2BFD99FF2BFD99FF2BFD99FF2BFD99FF2BFD99FF000000FF000000FF000000FF000000FF000000FF000000FF000000FF000000FF000000FF000000FF000000FF000000FF000000FF000000FF000000FF000000FF000000FF000000FF2BFD99FF2BFD99FF2BFD99FF2BFD99FF2BFD99FF2BFD99FF2BFD99FF2BFD99FF2BFD99FF2BFD99FF000000FF000000FF000000FF000000FF000000FF000000FF2BFD99FF2BFD99FF2BFD99FF2BFD99FF2BFD99FF2BFD99FF000000FF000000FF000000FF000000FF000000FF000000FF000000FF000000FF000000FF000000FF000000FF000000FF000000FF000000FF000000FF000000FF000000FF000000FF000000FF000000FF000000FF000000FF000000FF000000FF000000FF000000FF2BFD99FF2BFD99FF000000FF000000FF000000FF000000FF000000FF000000FF000000FF000000FF2BFD99FF2BFD99FF2BFD99FF2BFD99FF2BFD99FF2BFD99FF000000FF000000FF000000FF000000FF000000FF000000FF000000FF000000FF000000FF000000FF000000FF000000FF000000FF000000FF000000FF000000FF000000FF000000FF000000FF000000FF000000FF000000FF000000FF000000FF000000FF000000FF000000FF000000FF000000FF000000FF000000FF000000FF000000FF000000FF000000FF000000FF000000FF000000FF000000FF000000FF000000FF000000FF000000FF000000FF000000FF000000FF000000FF000000FF000000FF000000FF000000FF000000FF000000FF000000FF000000FF000000FF000000FF000000FF000000FF000000FF000000FF000000FF000000FF000000FF000000FF000000FF000000FF000000FF000000FF000000FF000000FF000000FF000000FF000000FF000000FF000000FF000000FF000000FF000000FF000000FF000000FF000000FF000000FF000000FF000000FF000000FF000000FF000000FF000000FF000000FF000000FF000000FF000000FF000000FF000000FF000000FF000000FF000000FF000000FF000000FF000000FF000000FF000000FF000000FF000000FF000000FF000000FF000000FF000000FF000000FF000000FF000000FF000000FF000000FF000000FF000000FF000000FF000000FF000000FF000000FF000000FF000000FF000000FF000000FF000000FF000000FF000000FF000000FF000000FF000000FF000000FF000000FF000000FF000000FF000000FF000000FF000000FF000000FF000000FF000000FF000000FF000000FF000000FF000000FF000000FF000000FF000000FF000000FF000000FF000000FF000000FF000000FF000000FF000000FF000000FF000000FF000000FF000000FF000000FF000000FF000000FF000000FF000000FF000000FF000000FF000000FF000000FF000000FF000000FF000000FF000000FF000000FF000000FF000000FF000000FF000000FF000000FF000000FF000000FF000000FF000000FF000000FF000000FF000000FF000000FF000000FF000000FF000000FF000000FF000000FF000000FF000000FF000000FF000000FF000000FF000000FF000000FF000000FF000000FF000000FF000000FF000000FF000000FF000000FF000000FF000000FF000000FF000000FF000000FF000000FF000000FF000000FF000000FF000000FF000000FF000000FF000000FF000000FF000000FF000000FF000000FF000000FF000000FF000000FF000000FF000000FF000000FF000000FF000000FF000000FF000000FF000000FF000000FF000000FF000000FF000000FF000000FF000000FF000000FF000000FF000000FF000000FF000000FF000000FF000000FF000000FF000000FF000000FF000000FF000000FF000000FF000000FF000000FF000000FF000000FF000000FF000000FF000000FF000000FF000000FF000000FF000000FF000000FF000000FF000000FF000000FF000000FF000000FF000000FF000000FF000000FF000000FF000000FF000000FF000000FF000000FF000000FF000000FF000000FF000000FF000000FF000000FF000000FF000000FF000000FF000000FF000000FF000000FF000000FF000000FF000000FF000000FF000000FF000000FF000000FF000000FF000000FF000000FF000000FF000000FF000000FF000000FF000000FF000000FF000000FF000000FF000000FF000000FF000000FF000000FF000000FF000000FF000000FF000000FF000000FF000000FF000000FF000000FF000000FF000000FF000000FF000000FF000000FF000000FF000000FF000000FF000000FF000000FF000000FF000000FF000000FF000000FF000000FF000000FF000000FF000000FF000000FF000000FF000000FF000000FF000000FF000000FF000000FF000000FF000000FF000000FF000000FF000000FF000000FF000000FF000000FF000000FF000000FF000000FF000000FF000000FF000000FF000000FF000000FF000000FF000000FF000000FF000000FF000000FF000000FF000000FF000000FF000000FF000000FF000000FF000000FF000000FF2BFD99FF2BFD99FF2BFD99FF2BFD99FF2BFD99FF2BFD99FF000000FF000000FF000000FF000000FF000000FF000000FF000000FF000000FF2BFD99FF2BFD99FF2BFD99FF2BFD99FF2BFD99FF2BFD99FF000000FF000000FF000000FF000000FF000000FF000000FF000000FF000000FF000000FF000000FF000000FF000000FF000000FF000000FF000000FF000000FF000000FF000000FF000000FF000000FF000000FF000000FF2BFD99FF2BFD99FF2BFD99FF2BFD99FF2BFD99FF2BFD99FF000000FF000000FF000000FF000000FF000000FF000000FF000000FF000000FF2BFD99FF2BFD99FF2BFD99FF2BFD99FF2BFD99FF2BFD99FF000000FF000000FF000000FF000000FF000000FF000000FF000000FF000000FF000000FF000000FF000000FF000000FF000000FF000000FF000000FF000000FF000000FF000000FF000000FF000000FF000000FF000000FF2BFD99FF2BFD99FF000000FF000000FF000000FF000000FF000000FF000000FF000000FF000000FF000000FF000000FF2BFD99FF2BFD99FF2BFD99FF2BFD99FF2BFD99FF2BFD99FF2BFD99FF2BFD99FF2BFD99FF2BFD99FF000000FF000000FF000000FF000000FF000000FF000000FF000000FF000000FF000000FF000000FF000000FF000000FF000000FF000000FF000000FF000000FF000000FF000000FF2BFD99FF2BFD99FF2BFD99FF2BFD99FF2BFD99FF2BFD99FF2BFD99FF2BFD99FF2BFD99FF2BFD99FF000000FF000000FF000000FF000000FF000000FF000000FF2BFD99FF2BFD99FF2BFD99FF2BFD99FF2BFD99FF2BFD99FF000000FF000000FF000000FF000000FF000000FF000000FF000000FF000000FF000000FF000000FF000000FF000000FF000000FF000000FF000000FF000000FF000000FF000000FF000000FF000000FF000000FF000000FF000000FF000000FF000000FF000000FF2BFD99FF2BFD99FF000000FF000000FF000000FF000000FF000000FF000000FF000000FF000000FF2BFD99FF2BFD99FF2BFD99FF2BFD99FF2BFD99FF2BFD99FF000000FF000000FF000000FF000000FF000000FF000000FF000000FF000000FF000000FF000000FF000000FF000000FF000000FF000000FF000000FF000000FF000000FF000000FF000000FF000000FF000000FF000000FF000000FF000000FF000000FF000000FF000000FF000000FF000000FF000000FF000000FF000000FF000000FF000000FF000000FF000000FF000000FF000000FF000000FF000000FF000000FF000000FF000000FF000000FF000000FF000000FF000000FF000000FF000000FF000000FF000000FF000000FF000000FF000000FF000000FF000000FF000000FF000000FF000000FF000000FF000000FF000000FF000000FF000000FF000000FF000000FF000000FF000000FF000000FF000000FF000000FF000000FF000000FF000000FF000000FF000000FF000000FF000000FF000000FF000000FF000000FF000000FF000000FF000000FF000000FF000000FF000000FF000000FF000000FF000000FF000000FF000000FF000000FF000000FF000000FF000000FF000000FF000000FF000000FF000000FF000000FF000000FF000000FF000000FF000000FF000000FF000000FF000000FF000000FF000000FF000000FF000000FF000000FF000000FF000000FF000000FF000000FF000000FF000000FF000000FF000000FF000000FF000000FF000000FF000000FF000000FF000000FF000000FF000000FF000000FF000000FF000000FF000000FF000000FF000000FF000000FF000000FF000000FF000000FF000000FF000000FF000000FF000000FF000000FF000000FF000000FF000000FF000000FF000000FF000000FF000000FF000000FF000000FF000000FF000000FF000000FF000000FF000000FF000000FF000000FF000000FF000000FF000000FF000000FF000000FF000000FF000000FF000000FF000000FF000000FF000000FF000000FF000000FF000000FF000000FF000000FF000000FF000000FF000000FF000000FF000000FF000000FF000000FF000000FF000000FF000000FF000000FF000000FF000000FF000000FF000000FF000000FF000000FF000000FF000000FF000000FF000000FF000000FF000000FF000000FF000000FF000000FF000000FF000000FF000000FF000000FF000000FF000000FF000000FF000000FF000000FF000000FF000000FF000000FF000000FF000000FF000000FF000000FF000000FF000000FF000000FF000000FF000000FF000000FF000000FF000000FF000000FF000000FF000000FF000000FF000000FF000000FF000000FF000000FF000000FF000000FF000000FF000000FF000000FF000000FF000000FF000000FF000000FF000000FF000000FF000000FF000000FF000000FF000000FF000000FF000000FF000000FF000000FF000000FF000000FF000000FF000000FF000000FF000000FF000000FF000000FF000000FF000000FF000000FF000000FF000000FF000000FF000000FF000000FF000000FF000000FF000000FF000000FF000000FF000000FF000000FF000000FF000000FF000000FF000000FF000000FF000000FF000000FF000000FF000000FF000000FF000000FF000000FF000000FF000000FF000000FF000000FF000000FF000000FF000000FF000000FF000000FF000000FF000000FF000000FF000000FF000000FF000000FF000000FF000000FF000000FF000000FF000000FF000000FF000000FF000000FF000000FF000000FF000000FF000000FF000000FF000000FF000000FF000000FF000000FF000000FF000000FF000000FF000000FF000000FF000000FF000000FF000000FF000000FF000000FF000000FF000000FF000000FF000000FF000000FF000000FF000000FF000000FF000000FF000000FF000000FF000000FF000000FF000000FF000000FF000000FF000000FF000000FF000000FF000000FF000000FF000000FF000000FF000000FF000000FF000000FF000000FF000000FF000000FF000000FF000000FF000000FF000000FF000000FF000000FF000000FF000000FF000000FF000000FF000000FF000000FF000000FF000000FF000000FF000000FF000000FF000000FF000000FF000000FF000000FF000000FF000000FF000000FF000000FF000000FF000000FF000000FF000000FF000000FF000000FF000000FF000000FF000000FF000000FF000000FF000000FF000000FF000000FF000000FF000000FF000000FF000000FF000000FF000000FF000000FF000000FF000000FF000000FF000000FF000000FF000000FF000000FF000000FF000000FF000000FF000000FF000000FF000000FF000000FF000000FF000000FF000000FF000000FF000000FF000000FF000000FF000000FF000000FF000000FF000000FF000000FF000000FF000000FF000000FF000000FF000000FF000000FF000000FF000000FF000000FF000000FF000000FF000000FF000000FF000000FF000000FF000000FF000000FF000000FF000000FF000000FF000000FF000000FF000000FF000000FF000000FF000000FF000000FF000000FF000000FF000000FF000000FF000000FF000000FF000000FF000000FF000000FF000000FF000000FF000000FF000000FF000000FF000000FF000000FF000000FF000000FF000000FF000000FF000000FF000000FF000000FF000000FF000000FF000000FF000000FF000000FF000000FF000000FF000000FF000000FF000000FF000000FF000000FF000000FF000000FF000000FF000000FF000000FF000000FF000000FF000000FF000000FF000000FF000000FF000000FF000000FF000000FF000000FF000000FF000000FF000000FF000000FF000000FF000000FF000000FF000000FF000000FF000000FF000000FF000000FF000000FF000000FF000000FF000000FF000000FF000000FF000000FF000000FF000000FF000000FF000000FF000000FF000000FF000000FF000000FF000000FF000000FF000000FF000000FF000000FF000000FF000000FF000000FF000000FF000000FF000000FF000000FF000000FF000000FF000000FF000000FF000000FF000000FF000000FF000000FF000000FF000000FF000000FF000000FF000000FF000000FF000000FF000000FF000000FF000000FF000000FF000000FF000000FF000000FF000000FF000000FF000000FF000000FF000000FF000000FF000000FF000000FF000000FF000000FF000000FF000000FF000000FF000000FF000000FF000000FF000000FF000000FF000000FF000000FF000000FF000000FF000000FF000000FF000000FF000000FF000000FF000000FF000000FF000000FF000000FF000000FF000000FF000000FF000000FF000000FF000000FF000000FF000000FF000000FF000000FF000000FF000000FF000000FF000000FF000000FF000000FF000000FF000000FF000000FF000000FF000000FF000000FF000000FF000000FF000000FF000000FF000000FF000000FF000000FF000000FF000000FF000000FF000000FF000000FF000000FF000000FF000000FF000000FF000000FF000000FF000000FF000000FF000000FF000000FF000000FF000000FF000000FF000000FF000000FF000000FF000000FF000000FF000000FF000000FF000000FF000000FF000000FF000000FF000000FF000000FF000000FF000000FF000000FF000000FF000000FF000000FF000000FF000000FF000000FF000000FF000000FF000000FF000000FF000000FF000000FF000000FF000000FF000000FF000000FF000000FF000000FF000000FF000000FF000000FF000000FF000000FF000000FF000000FF000000FF000000FF000000FF000000FF000000FF000000FF000000FF000000FF000000FF000000FF000000FF000000FF000000FF000000FF000000FF000000FF000000FF000000FF000000FF000000FF000000FF000000FF000000FF000000FF000000FF000000FF000000FF000000FF000000FF000000FF000000FF000000FF000000FF000000FF000000FF000000FF000000FF000000FF000000FF000000FF000000FF000000FF000000FF000000FF000000FF000000FF000000FF000000FF000000FF000000FF000000FF000000FF000000FF000000FF000000FF000000FF000000FF000000FF000000FF000000FF000000FF000000FF000000FF000000FF000000FF000000FF000000FF000000FF000000FF000000FF000000FF000000FF000000FF000000FF000000FF000000FF000000FF000000FF000000FF000000FF000000FF000000FF000000FF000000FF000000FF000000FF000000FF000000FF000000FF000000FF000000FF000000FF000000FF000000FF000000FF000000FF000000FF000000FF000000FF000000FF000000FF000000FF000000FF000000FF000000FF000000FF000000FF000000FF000000FF000000FF000000FF000000FF000000FF000000FF000000FF000000FF000000FF000000FF000000FF000000FF000000FF000000FF000000FF000000FF000000FF000000FF000000FF000000FF000000FF000000FF000000FF000000FF000000FF000000FF000000FF000000FF000000FF000000FF000000FF000000FF000000FF000000FF000000FF000000FF000000FF000000FF000000FF000000FF000000FF000000FF000000FF000000FF000000FF000000FF000000FF000000FF000000FF000000FF000000FF000000FF000000FF000000FF000000FF000000FF000000FF000000FF000000FF000000FF000000FF000000FF000000FF000000FF000000FF000000FF000000FF000000FF000000FF000000FF000000FF000000FF000000FF000000FF000000FF000000FF000000FF000000FF000000FF000000FF000000FF000000FF000000FF000000FF000000FF000000FF000000FF000000FF000000FF000000FF000000FF000000FF000000FF000000FF000000FF000000FF000000FF000000FF000000FF000000FF000000FF000000FF000000FF000000FF000000FF000000FF000000FF000000FF000000FF000000FF000000FF000000FF000000FF000000FF000000FF000000FF000000FF000000FF000000FF000000FF000000FF000000FF000000FF000000FF000000FF000000FF000000FF000000FF000000FF000000FF000000FF000000FF000000FF000000FF000000FF000000FF000000FF000000FF000000FF000000FF000000FF000000FF000000FF000000FF000000FF000000FF000000FF000000FF000000FF000000FF000000FF000000FF000000FF000000FF000000FF000000FF000000FF000000FF000000FF000000FF000000FF000000FF000000FF000000FF000000FF000000FF000000FF000000FF000000FF000000FF000000FF000000FF000000FF000000FF000000FF000000FF000000FF000000FF000000FF000000FF000000FF000000FF000000FF000000FF000000FF000000FF000000FF000000FF000000FF000000FF000000FF000000FF000000FF000000FF000000FF000000FF000000FF000000FF000000FF000000FF000000FF000000FF000000FF000000FF000000FF000000FF000000FF000000FF000000FF000000FF000000FF000000FF000000FF000000FF000000FF000000FF000000FF000000FF000000FF000000FF000000FF000000FF000000FF000000FF000000FF000000FF000000FF000000FF000000FF000000FF000000FF000000FF000000FF000000FF000000FF000000FF000000FF000000FF000000FF000000FF000000FF000000FF000000FF000000FF000000FF000000FF000000FF000000FF000000FF000000FF000000FF000000FF000000FF000000FF000000FF000000FF000000FF000000FF000000FF000000FF000000FF000000FF000000FF000000FF000000FF000000FF000000FF000000FF000000FF000000FF000000FF000000FF000000FF000000FF000000FF000000FF000000FF000000FF000000FF000000FF000000FF000000FF000000FF000000FF000000FF000000FF000000FF000000FF000000FF000000FF000000FF000000FF000000FF000000FF000000FF000000FF000000FF000000FF000000FF000000FF000000FF000000FF000000FF000000FF000000FF000000FF000000FF000000FF000000FF000000FF000000FF000000FF000000FF000000FF000000FF000000FF000000FF000000FF000000FF000000FF000000FF000000FF000000FF000000FF000000FF000000FF000000FF000000FF000000FF000000FF000000FF000000FF000000FF000000FF000000FF000000FF000000FF000000FF000000FF000000FF000000FF000000FF000000FF000000FF000000FF000000FF000000FF000000FF000000FF000000FF000000FF000000FF000000FF000000FF000000FF000000FF000000FF000000FF000000FF000000FF000000FF000000FF000000FF000000FF000000FF000000FF000000FF000000FF000000FF000000FF000000FF000000FF000000FF000000FF000000FF000000FF000000FF000000FF000000FF000000FF000000FF000000FF000000FF000000FF000000FF000000FF000000FF000000FF000000FF000000FF000000FF000000FF000000FF000000FF000000FF000000FF000000FF000000FF000000FF000000FF000000FF000000FF000000FF000000FF000000FF000000FF000000FF000000FF000000FF000000FF000000FF000000FF000000FF000000FF000000FF000000FF000000FF000000FF000000FF000000FF000000FF000000FF000000FF000000FF000000FF000000FF000000FF000000FF000000FF000000FF000000FF000000FF000000FF000000FF000000FF000000FF000000FF000000FF000000FF000000FF000000FF000000FF000000FF000000FF000000FF000000FF000000FF000000FF000000FF000000FF000000FF000000FF000000FF000000FF000000FF000000FF000000FF000000FF000000FF000000FF000000FF000000FF000000FF000000FF000000FF000000FF000000FF000000FF000000FF000000FF000000FF000000FF000000FF000000FF000000FF000000FF000000FF000000FF000000FF000000FF000000FF000000FF000000FF000000FF000000FF000000FF000000FF000000FF000000FF000000FF000000FF000000FF000000FF000000FF000000FF000000FF000000FF000000FF000000FF000000FF000000FF000000FF000000FF000000FF000000FF000000FF000000FF000000FF000000FF000000FF000000FF000000FF000000FF000000FF000000FF000000FF000000FF000000FF000000FF000000FF000000FF000000FF000000FF000000FF000000FF000000FF000000FF000000FF000000FF000000FF000000FF000000FF000000FF000000FF000000FF000000FF000000FF000000FF000000FF000000FF000000FF000000FF000000FF000000FF000000FF000000FF000000FF000000FF000000FF000000FF000000FF000000FF000000FF000000FF000000FF000000FF000000FF000000FF000000FF000000FF000000FF000000FF000000FF000000FF000000FF000000FF000000FF000000FF000000FF000000FF000000FF000000FF000000FF000000FF000000FF000000FF000000FF000000FF000000FF000000FF000000FF000000FF000000FF000000FF000000FF000000FF000000FF000000FF000000FF000000FF000000FF000000FF000000FF000000FF000000FF000000FF000000FF000000FF000000FF000000FF000000FF000000FF000000FF000000FF000000FF000000FF000000FF000000FF000000FF000000FF000000FF000000FF000000FF000000FF000000FF000000FF000000FF000000FF000000FF000000FF000000FF000000FF000000FF000000FF000000FF000000FF000000FF000000FF000000FF000000FF000000FF000000FF000000FF000000FF000000FF000000FF000000FF000000FF000000FF000000FF000000FF000000FF000000FF000000FF000000FF000000FF000000FF000000FF000000FF000000FF000000FF000000FF000000FF000000FF000000FF000000FF000000FF000000FF000000FF000000FF000000FF000000FF000000FF000000FF000000FF000000FF000000FF000000FF000000FF000000FF000000FF000000FF000000FF000000FF000000FF000000FF000000FF000000FF000000FF000000FF000000FF000000FF000000FF000000FF000000FF000000FF000000FF000000FF000000FF000000FF000000FF000000FF000000FF000000FF000000FF000000FF000000FF000000FF000000FF000000FF000000FF000000FF000000FF000000FF000000FF000000FF000000FF000000FF000000FF000000FF000000FF000000FF000000FF000000FF000000FF000000FF000000FF000000FF000000FF000000FF000000FF000000FF000000FF000000FF000000FF000000FF000000FF000000FF000000FF000000FF000000FF000000FF000000FF000000FF000000FF000000FF000000FF000000FF000000FF000000FF000000FF000000FF000000FF000000FF000000FF000000FF000000FF000000FF000000FF000000FF000000FF000000FF000000FF000000FF000000FF000000FF000000FF000000FF000000FF000000FF000000FF000000FF000000FF000000FF000000FF000000FF000000FF000000FF000000FF000000FF000000FF000000FF000000FF000000FF000000FF000000FF000000FF000000FF000000FF000000FF000000FF000000FF000000FF000000FF000000FF000000FF000000FF000000FF000000FF000000FF000000FF000000FF000000FF000000FF000000FF000000FF000000FF000000FF000000FF000000FF000000FF000000FF000000FF000000FF000000FF000000FF000000FF000000FF000000FF000000FF000000FF000000FF000000FF000000FF000000FF000000FF000000FF000000FF000000FF000000FF000000FF000000FF000000FF000000FF000000FF000000FF000000FF000000FF000000FF000000FF000000FF000000FF000000FF000000FF000000FF000000FF000000FF000000FF000000FF000000FF000000FF000000FF000000FF000000FF000000FF000000FF000000FF000000FF000000FF000000FF000000FF000000FF000000FF000000FF000000FF000000FF000000FF000000FF000000FF000000FF000000FF000000FF000000FF000000FF000000FF000000FF000000FF000000FF000000FF000000FF000000FF000000FF000000FF000000FF000000FF000000FF000000FF000000FF000000FF000000FF000000FF000000FF000000FF000000FF000000FF000000FF000000FF000000FF000000FF000000FF000000FF000000FF000000FF000000FF000000FF000000FF000000FF000000FF000000FF000000FF000000FF000000FF000000FF000000FF000000FF000000FF000000FF000000FF000000FF000000FF000000FF000000FF000000FF000000FF000000FF000000FF000000FF000000FF000000FF000000FF000000FF000000FF000000FF000000FF000000FF000000FF000000FF000000FF000000FF000000FF000000FF000000FF000000FF000000FF000000FF000000FF000000FF000000FF000000FF000000FF000000FF000000FF000000FF000000FF000000FF000000FF000000FF000000FF000000FF000000FF000000FF000000FF000000FF000000FF000000FF000000FF000000FF000000FF000000FF000000FF000000FF000000FF000000FF000000FF000000FF000000FF000000FF000000FF000000FF000000FF000000FF000000FF000000FF000000FF000000FF000000FF000000FF000000FF000000FF000000FF000000FF000000FF000000FF000000FF000000FF000000FF000000FF000000FF000000FF000000FF000000FF000000FF000000FF000000FF000000FF000000FF000000FF000000FF000000FF000000FF000000FF000000FF000000FF000000FF000000FF000000FF000000FF000000FF000000FF000000FF000000FF000000FF000000FF000000FF000000FF000000FF000000FF000000FF000000FF000000FF000000FF000000FF000000FF000000FF000000FF000000FF000000FF000000FF000000FF000000FF000000FF000000FF000000FF000000FF000000FF000000FF000000FF000000FF000000FF000000FF000000FF000000FF000000FF000000FF000000FF000000FF000000FF000000FF000000FF000000FF000000FF000000FF000000FF000000FF000000FF000000FF000000FF000000FF000000FF000000FF000000FF000000FF000000FF000000FF000000FF000000FF000000FF000000FF000000FF000000FF000000FF000000FF000000FF000000FF000000FF000000FF000000FF000000FF000000FF000000FF000000FF000000FF000000FF000000FF000000FF000000FF000000FF000000FF000000FF000000FF000000FF000000FF000000FF000000FF000000FF000000FF000000FF000000FF000000FF000000FF000000FF000000FF000000FF000000FF000000FF000000FF000000FF000000FF000000FF000000FF000000FF000000FF000000FF000000FF000000FF000000FF000000FF000000FF000000FF000000FF000000FF000000FF000000FF000000FF000000FF000000FF000000FF000000FF000000FF000000FF000000FF000000FF000000FF000000FF000000FF000000FF000000FF000000FF000000FF000000FF000000FF000000FF000000FF000000FF000000FF000000FF000000FF000000FF000000FF000000FF000000FF000000FF000000FF000000FF000000FF000000FF000000FF000000FF000000FF000000FF000000FF000000FF000000FF000000FF000000FF000000FF000000FF000000FF000000FF000000FF000000FF000000FF000000FF000000FF000000FF000000FF000000FF000000FF000000FF000000FF000000FF000000FF000000FF000000FF000000FF000000FF000000FF000000FF000000FF000000FF000000FF000000FF000000FF000000FF000000FF000000FF000000FF000000FF000000FF000000FF000000FF000000FF000000FF000000FF000000FF000000FF000000FF000000FF000000FF000000FF000000FF000000FF000000FF000000FF000000FF000000FF000000FF000000FF000000FF000000FF000000FF000000FF000000FF000000FF000000FF000000FF000000FF000000FF000000FF000000FF000000FF000000FF000000FF000000FF000000FF000000FF000000FF000000FF000000FF000000FF000000FF000000FF000000FF000000FF000000FF000000FF000000FF000000FF000000FF000000FF000000FF000000FF000000FF000000FF000000FF000000FF000000FF000000FF000000FF000000FF000000FF000000FF000000FF000000FF000000FF000000FF000000FF000000FF000000FF000000FF000000FF000000FF000000FF000000FF000000FF000000FF000000FF000000FF000000FF000000FF000000FF000000FF000000FF000000FF000000FF000000FF000000FF000000FF000000FF000000FF000000FF000000FF000000FF000000FF000000FF000000FF000000FF000000FF000000FF000000FF000000FF000000FF000000FF000000FF000000FF000000FF000000FF000000FF000000FF000000FF000000FF000000FF000000FF000000FF000000FF000000FF000000FF000000FF000000FF000000FF000000FF000000FF000000FF000000FF000000FF000000FF000000FF000000FF000000FF000000FF000000FF000000FF000000FF000000FF000000FF000000FF000000FF000000FF000000FF000000FF000000FF000000FF000000FF000000FF000000FF000000FF000000FF000000FF000000FF000000FF000000FF000000FF000000FF000000FF000000FF000000FF000000FF000000FF000000FF000000FF000000FF000000FF000000FF000000FF000000FF000000FF000000FF000000FF000000FF000000FF000000FF000000FF000000FF000000FF000000FF000000FF000000FF000000FF000000FF000000FF000000FF000000FF000000FF000000FF000000FF000000FF000000FF000000FF000000FF000000FF000000FF000000FF000000FF000000FF000000FF000000FF000000FF000000FF000000FF000000FF000000FF000000FF000000FF000000FF000000FF000000FF000000FF000000FF000000FF000000FF000000FF000000FF000000FF000000FF000000FF000000FF000000FF000000FF000000FF000000FF000000FF000000FF000000FF000000FF000000FF000000FF000000FF000000FF000000FF000000FF000000FF000000FF000000FF000000FF000000FF000000FF000000FF000000FF000000FF000000FF000000FF000000FF000000FF000000FF000000FF000000FF000000FF000000FF000000FF000000FF000000FF000000FF000000FF000000FF000000FF000000FF000000FF000000FF000000FF000000FF000000FF000000FF000000FF000000FF000000FF000000FF000000FF000000FF000000FF000000FF000000FF000000FF000000FF000000FF000000FF000000FF000000FF000000FF000000FF000000FF000000FF000000FF000000FF000000FF000000FF000000FF000000FF000000FF000000FF000000FF000000FF000000FF000000FF000000FF000000FF000000FF000000FF000000FF000000FF000000FF000000FF000000FF000000FF000000FF000000FF000000FF000000FF000000FF000000FF000000FF000000FF000000FF000000FF000000FF000000FF000000FF000000FF000000FF000000FF000000FF000000FF000000FF000000FF000000FF000000FF000000FF000000FF000000FF000000FF000000FF000000FF000000FF000000FF000000FF000000FF000000FF000000FF000000FF000000FF000000FF000000FF000000FF000000FF000000FF000000FF000000FF000000FF000000FF000000FF000000FF000000FF000000FF000000FF000000FF000000FF000000FF000000FF000000FF000000FF000000FF000000FF000000FF000000FF000000FF000000FF000000FF000000FF000000FF000000FF000000FF000000FF000000FF000000FF000000FF000000FF000000FF000000FF000000FF000000FF000000FF000000FF000000FF000000FF000000FF000000FF000000FF000000FF000000FF000000FF000000FF000000FF000000FF000000FF000000FF000000FF000000FF000000FF000000FF000000FF000000FF000000FF000000FF000000FF000000FF000000FF000000FF000000FF000000FF000000FF000000FF000000FF000000FF000000FF000000FF000000FF000000FF000000FF000000FF000000FF000000FF000000FF000000FF000000FF000000FF000000FF000000FF000000FF000000FF000000FF000000FF000000FF000000FF000000FF000000FF000000FF000000FF000000FF000000FF000000FF000000FF000000FF000000FF000000FF000000FF000000FF000000FF000000FF000000FF000000FF000000FF000000FF000000FF000000FF000000FF000000FF000000FF000000FF000000FF000000FF000000FF000000FF000000FF000000FF000000FF000000FF000000FF000000FF000000FF000000FF000000FF000000FF000000FF000000FF000000FF000000FF000000FF000000FF000000FF000000FF000000FF000000FF000000FF000000FF000000FF000000FF000000FF000000FF000000FF000000FF000000FF000000FF000000FF000000FF000000FF000000FF000000FF000000FF000000FF000000FF000000FF000000FF000000FF000000FF000000FF000000FF000000FF000000FF000000FF000000FF000000FF000000FF000000FF000000FF000000FF000000FF000000FF000000FF000000FF000000FF000000FF000000FF000000FF000000FF000000FF000000FF000000FF000000FF000000FF000000FF000000FF000000FF000000FF000000FF000000FF000000FF000000FF000000FF000000FF000000FF000000FF000000FF000000FF000000FF000000FF000000FF000000FF000000FF000000FF000000FF000000FF000000FF000000FF000000FF000000FF000000FF000000FF000000FF000000FF000000FF000000FF000000FF000000FF000000FF000000FF000000FF000000FF000000FF000000FF000000FF000000FF000000FF000000FF000000FF000000FF000000FF000000FF000000FF000000FF000000FF000000FF000000FF000000FF000000FF000000FF000000FF000000FF000000FF000000FF000000FF000000FF000000FF000000FF000000FF000000FF000000FF000000FF000000FF000000FF000000FF000000FF000000FF000000FF000000FF000000FF000000FF000000FF000000FF000000FF000000FF000000FF000000FF000000FF000000FF000000FF000000FF000000FF000000FF000000FF000000FF000000FF000000FF000000FF000000FF000000FF000000FF000000FF000000FF000000FF000000FF000000FF000000FF000000FF000000FF000000FF000000FF000000FF000000FF000000FF000000FF000000FF000000FF000000FF000000FF000000FF000000FF000000FF000000FF000000FF000000FF000000FF000000FF000000FF000000FF000000FF000000FF000000FF000000FF000000FF000000FF000000FF000000FF000000FF000000FF000000FF000000FF000000FF000000FF000000FF000000FF000000FF000000FF000000FF000000FF000000FF000000FF000000FF000000FF000000FF000000FF000000FF000000FF000000FF000000FF000000FF000000FF000000FF000000FF000000FF000000FF000000FF000000FF000000FF000000FF000000FF000000FF000000FF000000FF000000FF000000FF000000FF000000FF000000FF000000FF000000FF000000FF000000FF000000FF000000FF000000FF000000FF000000FF000000FF000000FF000000FF000000FF000000FF000000FF000000FF000000FF000000FF000000FF000000FF000000FF000000FF000000FF000000FF000000FF000000FF000000FF000000FF000000FF000000FF000000FF000000FF000000FF000000FF000000FF000000FF000000FF000000FF000000FF000000FF000000FF000000FF000000FF000000FF000000FF000000FF000000FF000000FF000000FF000000FF000000FF000000FF000000FF000000FF000000FF000000FF000000FF000000FF000000FF000000FF000000FF000000FF000000FF000000FF000000FF000000FF000000FF000000FF000000FF000000FF000000FF000000FF000000FF000000FF000000FF000000FF000000FF000000FF000000FF000000FF000000FF000000FF000000FF000000FF000000FF000000FF000000FF000000FF000000FF000000FF000000FF000000FF000000FF000000FF000000FF000000FF000000FF000000FF000000FF000000FF000000FF000000FF000000FF000000FF000000FF000000FF000000FF000000FF000000FF000000FF000000FF000000FF000000FF000000FF000000FF000000FF000000FF000000FF000000FF000000FF000000FF000000FF000000FF000000FF000000FF000000FF000000FF000000FF000000FF000000FF000000FF000000FF000000FF000000FF000000FF000000FF000000FF000000FF000000FF000000FF000000FF000000FF000000FF000000FF000000FF000000FF000000FF000000FF000000FF000000FF000000FF000000FF000000FF000000FF000000FF000000FF000000FF000000FF000000FF000000FF000000FF000000FF000000FF000000FF000000FF000000FF000000FF000000FF000000FF000000FF000000FF000000FF000000FF000000FF000000FF000000FF000000FF000000FF000000FF000000FF000000FF000000FF000000FF000000FF000000FF000000FF000000FF000000FF000000FF000000FF000000FF000000FF000000FF000000FF000000FF000000FF000000FF000000FF000000FF000000FF000000FF000000FF000000FF000000FF000000FF000000FF000000FF000000FF000000FF000000FF000000FF000000FF000000FF000000FF000000FF000000FF000000FF000000FF000000FF000000FF000000FF000000FF000000FF000000FF000000FF000000FF000000FF000000FF000000FF000000FF000000FF000000FF000000FF000000FF000000FF000000FF000000FF000000FF000000FF000000FF000000FF000000FF000000FF000000FF000000FF000000FF000000FF000000FF000000FF000000FF000000FF000000FF000000FF000000FF000000FF000000FF000000FF000000FF000000FF000000FF000000FF000000FF000000FF000000FF000000FF000000FF000000FF000000FF000000FF000000FF000000FF000000FF000000FF000000FF000000FF000000FF000000FF000000FF000000FF000000FF000000FF000000FF000000FF000000FF000000FF000000FF000000FF000000FF000000FF000000FF000000FF000000FF000000FF000000FF000000FF000000FF000000FF000000FF000000FF000000FF000000FF000000FF000000FF000000FF000000FF000000FF000000FF000000FF000000FF000000FF000000FF000000FF000000FF000000FF000000FF000000FF000000FF000000FF000000FF000000FF000000FF000000FF000000FF000000FF000000FF000000FF000000FF000000FF000000FF000000FF000000FF000000FF000000FF000000FF000000FF000000FF000000FF000000FF000000FF000000FF000000FF000000FF000000FF000000FF000000FF000000FF000000FF000000FF000000FF000000FF000000FF000000FF000000FF000000FF000000FF000000FF000000FF000000FF000000FF000000FF000000FF000000FF000000FF000000FF000000FF000000FF000000FF000000FF000000FF000000FF000000FF000000FF000000FF000000FF000000FF000000FF000000FF000000FF000000FF000000FF000000FF000000FF000000FF000000FF000000FF000000FF000000FF000000FF000000FF000000FF000000FF000000FF000000FF000000FF000000FF000000FF000000FF000000FF000000FF000000FF000000FF000000FF000000FF000000FF000000FF000000FF000000FF000000FF000000FF000000FF000000FF000000FF000000FF000000FF000000FF000000FF000000FF000000FF000000FF000000FF000000FF000000FF000000FF000000FF000000FF000000FF000000FF000000FF000000FF000000FF000000FF000000FF000000FF000000FF000000FF000000FF000000FF000000FF000000FF000000FF000000FF000000FF000000FF000000FF000000FF000000FF000000FF000000FF000000FF000000FF000000FF000000FF000000FF000000FF000000FF000000FF000000FF000000FF000000FF000000FF000000FF000000FF000000FF000000FF000000FF000000FF000000FF000000FF000000FF000000FF000000FF000000FF000000FF000000FF000000FF000000FF000000FF000000FF000000FF000000FF000000FF000000FF000000FF000000FF000000FF000000FF000000FF000000FF000000FF000000FF000000FF000000FF000000FF000000FF000000FF000000FF000000FF000000FF000000FF000000FF000000FF000000FF000000FF000000FF000000FF000000FF000000FF000000FF000000FF000000FF000000FF000000FF000000FF000000FF000000FF000000FF000000FF000000FF000000FF000000FF000000FF000000FF000000FF000000FF000000FF000000FF000000FF000000FF000000FF000000FF000000FF000000FF000000FF000000FF000000FF000000FF000000FF000000FF000000FF000000FF000000FF000000FF000000FF000000FF000000FF000000FF000000FF000000FF000000FF000000FF000000FF000000FF000000FF000000FF000000FF000000FF000000FF000000FF000000FF000000FF000000FF000000FF000000FF000000FF000000FF000000FF000000FF000000FF000000FF000000FF000000FF000000FF000000FF000000FF000000FF000000FF000000FF000000FF000000FF000000FF000000FF000000FF000000FF000000FF000000FF000000FF000000FF000000FF000000FF000000FF000000FF000000FF000000FF000000FF000000FF000000FF000000FF000000FF000000FF000000FF000000FF000000FF000000FF000000FF000000FF000000FF000000FF000000FF000000FF000000FF000000FF000000FF000000FF000000FF000000FF000000FF000000FF000000FF000000FF000000FF000000FF000000FF000000FF000000FF000000FF000000FF000000FF000000FF000000FF000000FF000000FF000000FF000000FF000000FF000000FF000000FF000000FF000000FF000000FF000000FF000000FF000000FF000000FF000000FF000000FF000000FF000000FF000000FF000000FF000000FF000000FF000000FF000000FF000000FF000000FF000000FF000000FF000000FF000000FF000000FF000000FF000000FF000000FF000000FF000000FF000000FF000000FF000000FF000000FF000000FF000000FF000000FF000000FF000000FF000000FF000000FF000000FF000000FF000000FF000000FF000000FF000000FF000000FF000000FF000000FF000000FF000000FF000000FF000000FF000000FF000000FF000000FF000000FF000000FF000000FF000000FF000000FF000000FF000000FF000000FF000000FF000000FF000000FF000000FF000000FF000000FF000000FF000000FF000000FF000000FF000000FF000000FF000000FF000000FF000000FF000000FF000000FF000000FF000000FF000000FF000000FF000000FF000000FF000000FF000000FF000000FF000000FF000000FF000000FF000000FF000000FF000000FF000000FF000000FF000000FF000000FF000000FF000000FF000000FF000000FF000000FF000000FF000000FF000000FF000000FF000000FF000000FF000000FF000000FF000000FF000000FF000000FF000000FF000000FF000000FF000000FF000000FF000000FF000000FF000000FF000000FF000000FF000000FF000000FF000000FF000000FF000000FF000000FF000000FF000000FF000000FF000000FF000000FF000000FF000000FF000000FF000000FF000000FF000000FF000000FF000000FF000000FF000000FF000000FF000000FF000000FF000000FF000000FF000000FF000000FF000000FF000000FF000000FF000000FF000000FF000000FF000000FF000000FF000000FF000000FF000000FF000000FF000000FF000000FF000000FF000000FF000000FF000000FF000000FF000000FF000000FF000000FF000000FF000000FF000000FF000000FF000000FF000000FF000000FF000000FF000000FF000000FF000000FF000000FF000000FF000000FF000000FF000000FF000000FF000000FF000000FF000000FF000000FF000000FF000000FF000000FF000000FF000000FF000000FF000000FF000000FF000000FF000000FF000000FF000000FF000000FF000000FF000000FF000000FF000000FF000000FF000000FF000000FF000000FF000000FF000000FF000000FF000000FF000000FF000000FF000000FF000000FF000000FF000000FF000000FF000000FF000000FF000000FF000000FF000000FF000000FF000000FF000000FF000000FF000000FF000000FF000000FF000000FF000000FF000000FF000000FF000000FF000000FF000000FF000000FF000000FF000000FF000000FF000000FF000000FF000000FF000000FF000000FF000000FF000000FF000000FF000000FF000000FF000000FF000000FF000000FF000000FF000000FF000000FF000000FF000000FF000000FF000000FF000000FF000000FF000000FF000000FF000000FF000000FF000000FF000000FF000000FF000000FF000000FF000000FF000000FF000000FF000000FF000000FF000000FF000000FF000000FF000000FF000000FF000000FF000000FF000000FF000000FF000000FF000000FF000000FF000000FF000000FF000000FF000000FF000000FF000000FF000000FF000000FF000000FF000000FF000000FF000000FF000000FF000000FF000000FF000000FF000000FF000000FF000000FF000000FF000000FF000000FF000000FF000000FF000000FF000000FF000000FF000000FF000000FF000000FF000000FF000000FF000000FF000000FF000000FF000000FF000000FF000000FF000000FF000000FF000000FF000000FF000000FF000000FF000000FF000000FF000000FF000000FF000000FF000000FF000000FF000000FF000000FF000000FF000000FF000000FF000000FF000000FF000000FF000000FF000000FF000000FF000000FF000000FF000000FF000000FF000000FF000000FF000000FF000000FF000000FF000000FF000000FF000000FF000000FF000000FF000000FF000000FF000000FF000000FF000000FF000000FF000000FF000000FF000000FF000000FF000000FF000000FF000000FF000000FF000000FF000000FF000000FF000000FF000000FF000000FF000000FF000000FF000000FF000000FF000000FF000000FF000000FF000000FF000000FF000000FF000000FF000000FF000000FF000000FF000000FF000000FF000000FF000000FF000000FF000000FF000000FF000000FF000000FF000000FF000000FF000000FF000000FF000000FF000000FF000000FF000000FF000000FF000000FF000000FF000000FF000000FF000000FF000000FF000000FF000000FF000000FF000000FF000000FF000000FF000000FF000000FF000000FF000000FF000000FF000000FF000000FF000000FF000000FF000000FF000000FF000000FF000000FF000000FF000000FF000000FF000000FF000000FF000000FF000000FF000000FF000000FF000000FF000000FF000000FF000000FF000000FF000000FF000000FF000000FF000000FF000000FF000000FF000000FF000000FF000000FF000000FF000000FF000000FF000000FF000000FF000000FF000000FF000000FF000000FF000000FF000000FF000000FF000000FF000000FF000000FF000000FF000000FF000000FF000000FF000000FF000000FF000000FF000000FF000000FF000000FF000000FF000000FF000000FF000000FF000000FF000000FF000000FF000000FF000000FF000000FF000000FF000000FF000000FF000000FF000000FF000000FF000000FF000000FF000000FF000000FF000000FF000000FF000000FF000000FF000000FF000000FF000000FF000000FF000000FF000000FF000000FF000000FF000000FF000000FF000000FF000000FF000000FF000000FF000000FF000000FF000000FF000000FF000000FF000000FF000000FF000000FF000000FF000000FF000000FF000000FF000000FF000000FF000000FF000000FF000000FF000000FF000000FF000000FF000000FF000000FF000000FF000000FF000000FF000000FF000000FF000000FF000000FF000000FF000000FF000000FF000000FF000000FF000000FF000000FF000000FF000000FF000000FF000000FF000000FF000000FF000000FF000000FF000000FF000000FF000000FF000000FF000000FF000000FF000000FF000000FF000000FF000000FF000000FF000000FF000000FF000000FF000000FF000000FF000000FF000000FF000000FF000000FF000000FF000000FF000000FF000000FF000000FF000000FF000000FF000000FF000000FF000000FF000000FF000000FF000000FF000000FF000000FF000000FF000000FF000000FF000000FF000000FF000000FF000000FF000000FF000000FF000000FF000000FF000000FF000000FF000000FF000000FF000000FF000000FF000000FF000000FF000000FF000000FF000000FF000000FF000000FF000000FF000000FF000000FF000000FF000000FF000000FF000000FF000000FF000000FF000000FF000000FF000000FF000000FF000000FF000000FF000000FF000000FF000000FF000000FF000000FF000000FF000000FF000000FF000000FF000000FF000000FF000000FF000000FF000000FF000000FF000000FF000000FF000000FF000000FF000000FF000000FF000000FF000000FF000000FF000000FF000000FF000000FF000000FF000000FF000000FF000000FF000000FF000000FF000000FF000000FF000000FF000000FF000000FF000000FF000000FF000000FF000000FF000000FF000000FF000000FF000000FF000000FF000000FF000000FF000000FF000000FF000000FF000000FF000000FF000000FF000000FF000000FF000000FF000000FF000000FF000000FF000000FF000000FF000000FF000000FF000000FF000000FF000000FF000000FF000000FF000000FF000000FF000000FF000000FF000000FF000000FF000000FF000000FF000000FF000000FF000000FF000000FF000000FF000000FF000000FF000000FF000000FF000000FF000000FF000000FF000000FF000000FF000000FF000000FF000000FF000000FF000000FF000000FF000000FF000000FF000000FF000000FF000000FF000000FF000000FF000000FF000000FF000000FF000000FF000000FF000000FF000000FF000000FF000000FF000000FF000000FF000000FF000000FF000000FF000000FF000000FF000000FF000000FF000000FF000000FF000000FF000000FF000000FF000000FF000000FF000000FF000000FF000000FF000000FF000000FF000000FF000000FF000000FF000000FF000000FF000000FF000000FF000000FF000000FF000000FF000000FF000000FF000000FF000000FF000000FF000000FF000000FF000000FF000000FF000000FF000000FF000000FF000000FF000000FF000000FF000000FF000000FF000000FF000000FF000000FF000000FF000000FF000000FF000000FF000000FF000000FF000000FF000000FF000000FF000000FF000000FF000000FF000000FF000000FF000000FF000000FF000000FF000000FF000000FF000000FF000000FF000000FF000000FF000000FF000000FF000000FF000000FF000000FF000000FF000000FF000000FF000000FF000000FF000000FF000000FF000000FF000000FF000000FF000000FF000000FF000000FF000000FF000000FF000000FF000000FF000000FF000000FF000000FF000000FF000000FF000000FF000000FF000000FF000000FF000000FF000000FF000000FF000000FF000000FF000000FF000000FF000000FF000000FF000000FF000000FF000000FF000000FF000000FF000000FF000000FF000000FF000000FF000000FF000000FF000000FF000000FF000000FF000000FF000000FF000000FF000000FF000000FF000000FF000000FF000000FF000000FF000000FF000000FF000000FF000000FF000000FF000000FF000000FF000000FF000000FF000000FF000000FF000000FF000000FF000000FF000000FF000000FF000000FF000000FF000000FF000000FF000000FF000000FF000000FF000000FF000000FF000000FF000000FF000000FF000000FF000000FF000000FF000000FF000000FF000000FF000000FF000000FF000000FF000000FF000000FF000000FF000000FF000000FF000000FF000000FF000000FF000000FF000000FF000000FF000000FF000000FF000000FF000000FF000000FF000000FF000000FF000000FF000000FF000000FF000000FF000000FF000000FF000000FF000000FF000000FF000000FF000000FF000000FF000000FF000000FF000000FF000000FF000000FF000000FF000000FF000000FF000000FF000000FF000000FF000000FF000000FF000000FF000000FF000000FF000000FF000000FF000000FF000000FF000000FF000000FF000000FF000000FF000000FF000000FF000000FF000000FF000000FF000000FF000000FF000000FF000000FF000000FF000000FF000000FF000000FF000000FF000000FF000000FF000000FF000000FF000000FF000000FF000000FF000000FF000000FF000000FF000000FF000000FF000000FF000000FF000000FF000000FF000000FF000000FF000000FF000000FF000000FF000000FF000000FF000000FF000000FF000000FF000000FF000000FF000000FF000000FF000000FF000000FF000000FF000000FF000000FF000000FF000000FF000000FF000000FF000000FF000000FF000000FF000000FF000000FF000000FF000000FF000000FF000000FF000000FF000000FF000000FF000000FF000000FF000000FF000000FF000000FF000000FF000000FF000000FF000000FF000000FF000000FF000000FF000000FF000000FF000000FF000000FF000000FF000000FF000000FF000000FF000000FF000000FF000000FF000000FF000000FF000000FF000000FF000000FF000000FF000000FF000000FF000000FF000000FF000000FF000000FF000000FF000000FF000000FF000000FF000000FF000000FF000000FF000000FF000000FF000000FF000000FF000000FF000000FF000000FF000000FF000000FF000000FF000000FF000000FF000000FF000000FF000000FF000000FF000000FF000000FF000000FF000000FF000000FF000000FF000000FF000000FF000000FF000000FF000000FF000000FF000000FF000000FF000000FF000000FF000000FF000000FF000000FF000000FF000000FF000000FF000000FF000000FF000000FF000000FF000000FF000000FF000000FF000000FF000000FF000000FF000000FF000000FF000000FF000000FF000000FF000000FF000000FF000000FF000000FF000000FF000000FF000000FF000000FF000000FF000000FF000000FF000000FF000000FF000000FF000000FF000000FF000000FF000000FF000000FF000000FF000000FF000000FF000000FF000000FF000000FF000000FF000000FF000000FF000000FF000000FF000000FF000000FF000000FF000000FF000000FF000000FF000000FF000000FF000000FF000000FF000000FF000000FF000000FF000000FF000000FF000000FF000000FF000000FF000000FF000000FF000000FF000000FF000000FF000000FF000000FF000000FF000000FF000000FF000000FF000000FF000000FF000000FF000000FF000000FF000000FF000000FF000000FF000000FF000000FF000000FF000000FF000000FF000000FF000000FF000000FF000000FF000000FF000000FF000000FF000000FF000000FF000000FF000000FF000000FF000000FF000000FF000000FF000000FF000000FF000000FF000000FF000000FF000000FF000000FF000000FF000000FF000000FF000000FF000000FF000000FF000000FF000000FF000000FF000000FF000000FF000000FF000000FF000000FF000000FF000000FF000000FF000000FF000000FF000000FF000000FF000000FF000000FF000000FF000000FF000000FF000000FF000000FF000000FF000000FF000000FF000000FF000000FF000000FF000000FF000000FF000000FF000000FF000000FF000000FF000000FF000000FF000000FF000000FF000000FF000000FF000000FF000000FF000000FF000000FF000000FF000000FF000000FF000000FF000000FF000000FF000000FF000000FF000000FF000000FF000000FF000000FF000000FF000000FF000000FF000000FF000000FF000000FF000000FF000000FF000000FF000000FF000000FF000000FF000000FF000000FF000000FF000000FF000000FF000000FF000000FF000000FF000000FF000000FF000000FF000000FF000000FF000000FF000000FF000000FF000000FF000000FF000000FF000000FF000000FF000000FF000000FF000000FF000000FF000000FF000000FF000000FF000000FF000000FF000000FF000000FF000000FF000000FF000000FF000000FF000000FF000000FF000000FF000000FF000000FF000000FF000000FF000000FF000000FF000000FF000000FF000000FF000000FF000000FF000000FF000000FF000000FF000000FF000000FF000000FF000000FF000000FF000000FF000000FF000000FF000000FF000000FF000000FF000000FF000000FF000000FF000000FF000000FF000000FF000000FF000000FF000000FF000000FF000000FF000000FF000000FF000000FF000000FF000000FF000000FF000000FF000000FF000000FF000000FF000000FF000000FF000000FF000000FF000000FF000000FF000000FF000000FF000000FF000000FF000000FF000000FF000000FF000000FF000000FF000000FF000000FF000000FF000000FF000000FF000000FF000000FF000000FF000000FF000000FF000000FF000000FF000000FF000000FF000000FF000000FF000000FF000000FF000000FF000000FF000000FF000000FF000000FF000000FF000000FF000000FF000000FF000000FF000000FF000000FF000000FF000000FF000000FF000000FF000000FF000000FF000000FF000000FF000000FF000000FF000000FF000000FF000000FF000000FF000000FF000000FF000000FF000000FF000000FF000000FF000000FF000000FF000000FF000000FF000000FF000000FF000000FF000000FF000000FF000000FF000000FF000000FF000000FF000000FF000000FF000000FF000000FF000000FF000000FF000000FF000000FF000000FF000000FF000000FF000000FF000000FF000000FF000000FF000000FF000000FF000000FF000000FF000000FF000000FF000000FF000000FF000000FF000000FF000000FF000000FF000000FF000000FF000000FF000000FF000000FF000000FF000000FF000000FF000000FF000000FF000000FF000000FF000000FF000000FF000000FF000000FF000000FF000000FF000000FF000000FF000000FF000000FF000000FF000000FF000000FF000000FF000000FF000000FF000000FF000000FF000000FF000000FF000000FF000000FF000000FF000000FF000000FF000000FF000000FF000000FF000000FF000000FF000000FF000000FF000000FF000000FF000000FF000000FF000000FF000000FF000000FF000000FF000000FF000000FF000000FF000000FF000000FF000000FF000000FF000000FF000000FF000000FF000000FF000000FF000000FF000000FF000000FF000000FF000000FF000000FF000000FF000000FF000000FF000000FF000000FF000000FF000000FF000000FF000000FF000000FF000000FF000000FF000000FF000000FF000000FF000000FF000000FF000000FF000000FF000000FF000000FF000000FF000000FF000000FF000000FF000000FF000000FF000000FF000000FF000000FF000000FF000000FF000000FF000000FF000000FF000000FF000000FF000000FF000000FF000000FF000000FF000000FF000000FF000000FF000000FF000000FF000000FF000000FF000000FF000000FF000000FF000000FF000000FF000000FF000000FF000000FF000000FF000000FF000000FF000000FF000000FF000000FF000000FF000000FF000000FF000000FF000000FF000000FF000000FF000000FF000000FF000000FF000000FF000000FF000000FF000000FF000000FF000000FF000000FF000000FF000000FF000000FF000000FF000000FF000000FF000000FF000000FF000000FF000000FF000000FF000000FF000000FF000000FF000000FF000000FF000000FF000000FF000000FF000000FF000000FF000000FF000000FF000000FF000000FF000000FF000000FF000000FF000000FF000000FF000000FF000000FF000000FF000000FF000000FF000000FF000000FF000000FF000000FF000000FF000000FF000000FF000000FF000000FF000000FF000000FF000000FF000000FF000000FF000000FF000000FF000000FF000000FF000000FF000000FF000000FF000000FF000000FF000000FF000000FF000000FF000000FF000000FF000000FF000000FF000000FF000000FF000000FF000000FF000000FF000000FF000000FF000000FF000000FF000000FF000000FF000000FF000000FF000000FF000000FF000000FF000000FF000000FF000000FF000000FF000000FF000000FF000000FF000000FF000000FF000000FF000000FF000000FF000000FF000000FF000000FF000000FF000000FF000000FF000000FF000000FF000000FF000000FF000000FF000000FF000000FF000000FF000000FF000000FF000000FF000000FF000000FF000000FF000000FF000000FF000000FF000000FF000000FF000000FF000000FF000000FF000000FF000000FF000000FF000000FF000000FF000000FF000000FF000000FF000000FF000000FF000000FF000000FF000000FF000000FF000000FF000000FF000000FF000000FF000000FF000000FF000000FF000000FF000000FF000000FF000000FF000000FF000000FF000000FF000000FF000000FF000000FF000000FF000000FF000000FF000000FF000000FF000000FF000000FF000000FF000000FF000000FF000000FF000000FF000000FF000000FF000000FF000000FF000000FF000000FF000000FF000000FF000000FF000000FF000000FF000000FF000000FF000000FF000000FF000000FF000000FF000000FF000000FF000000FF000000FF000000FF000000FF000000FF000000FF000000FF000000FF000000FF000000FF000000FF000000FF000000FF000000FF000000FF000000FF000000FF000000FF000000FF000000FF000000FF000000FF000000FF000000FF000000FF000000FF000000FF000000FF000000FF000000FF000000FF000000FF000000FF000000FF000000FF000000FF000000FF000000FF000000FF000000FF000000FF000000FF000000FF000000FF000000FF000000FF000000FF000000FF000000FF000000FF000000FF000000FF000000FF000000FF000000FF000000FF000000FF000000FF000000FF000000FF000000FF000000FF000000FF000000FF000000FF000000FF000000FF000000FF000000FF000000FF000000FF000000FF000000FF000000FF000000FF000000FF000000FF000000FF000000FF000000FF000000FF000000FF000000FF000000FF000000FF000000FF000000FF000000FF000000FF000000FF000000FF000000FF000000FF000000FF000000FF000000FF000000FF000000FF000000FF000000FF000000FF000000FF000000FF000000FF000000FF000000FF000000FF000000FF000000FF000000FF000000FF000000FF000000FF000000FF000000FF000000FF000000FF000000FF000000FF000000FF000000FF000000FF000000FF000000FF000000FF000000FF000000FF000000FF000000FF000000FF000000FF000000FF000000FF000000FF000000FF000000FF000000FF000000FF000000FF000000FF000000FF000000FF000000FF000000FF000000FF000000FF000000FF000000FF000000FF000000FF000000FF000000FF000000FF000000FF000000FF000000FF000000FF000000FF000000FF000000FF000000FF000000FF000000FF000000FF000000FF000000FF000000FF000000FF000000FF000000FF000000FF000000FF000000FF000000FF000000FF000000FF000000FF000000FF000000FF000000FF000000FF000000FF000000FF000000FF000000FF000000FF000000FF000000FF000000FF000000FF000000FF000000FF000000FF000000FF000000FF000000FF000000FF000000FF000000FF000000FF000000FF000000FF000000FF000000FF000000FF000000FF000000FF000000FF000000FF000000FF000000FF000000FF000000FF000000FF000000FF000000FF000000FF000000FF000000FF000000FF000000FF000000FF000000FF000000FF000000FF000000FF000000FF000000FF000000FF000000FF000000FF000000FF000000FF000000FF000000FF000000FF000000FF000000FF000000FF000000FF000000FF000000FF000000FF000000FF000000FF000000FF000000FF000000FF000000FF000000FF000000FF000000FF000000FF000000FF000000FF000000FF000000FF000000FF000000FF000000FF000000FF000000FF000000FF000000FF000000FF000000FF000000FF000000FF000000FF000000FF000000FF000000FF000000FF000000FF000000FF000000FF000000FF000000FF000000FF000000FF000000FF000000FF000000FF000000FF000000FF000000FF000000FF000000FF000000FF000000FF000000FF000000FF000000FF000000FF000000FF000000FF000000FF000000FF000000FF000000FF000000FF000000FF000000FF000000FF000000FF000000FF000000FF000000FF000000FF000000FF000000FF000000FF000000FF000000FF000000FF000000FF000000FF000000FF000000FF000000FF000000FF000000FF000000FF000000FF000000FF000000FF000000FF000000FF000000FF000000FF000000FF000000FF000000FF000000FF000000FF000000FF000000FF000000FF000000FF000000FF000000FF000000FF000000FF000000FF000000FF000000FF000000FF000000FF000000FF000000FF000000FF000000FF000000FF000000FF000000FF000000FF000000FF000000FF000000FF000000FF000000FF000000FF000000FF000000FF000000FF000000FF000000FF000000FF000000FF000000FF000000FF000000FF000000FF000000FF000000FF000000FF000000FF000000FF000000FF000000FF000000FF000000FF000000FF000000FF000000FF000000FF000000FF000000FF000000FF000000FF000000FF000000FF000000FF000000FF000000FF000000FF000000FF000000FF000000FF000000FF000000FF000000FF000000FF000000FF000000FF000000FF000000FF000000FF000000FF000000FF000000FF000000FF000000FF000000FF000000FF000000FF000000FF000000FF000000FF000000FF000000FF000000FF000000FF000000FF000000FF000000FF000000FF000000FF000000FF000000FF000000FF000000FF000000FF000000FF000000FF000000FF000000FF000000FF000000FF000000FF000000FF000000FF000000FF000000FF000000FF000000FF000000FF000000FF000000FF000000FF000000FF000000FF000000FF000000FF000000FF000000FF000000FF000000FF000000FF000000FF000000FF000000FF000000FF000000FF000000FF000000FF000000FF000000FF000000FF000000FF000000FF000000FF000000FF000000FF000000FF000000FF000000FF000000FF000000FF000000FF000000FF000000FF000000FF000000FF000000FF000000FF000000FF000000FF000000FF000000FF000000FF000000FF000000FF000000FF000000FF000000FF000000FF000000FF000000FF000000FF000000FF000000FF000000FF000000FF000000FF000000FF000000FF000000FF000000FF000000FF000000FF000000FF000000FF000000FF000000FF000000FF000000FF000000FF000000FF000000FF000000FF000000FF000000FF000000FF000000FF000000FF000000FF000000FF000000FF000000FF000000FF000000FF000000FF000000FF000000FF000000FF000000FF000000FF000000FF000000FF000000FF000000FF000000FF000000FF000000FF000000FF000000FF000000FF000000FF000000FF000000FF000000FF000000FF000000FF000000FF000000FF000000FF000000FF000000FF000000FF000000FF000000FF000000FF000000FF000000FF000000FF000000FF000000FF000000FF000000FF000000FF000000FF000000FF000000FF000000FF000000FF000000FF000000FF000000FF000000FF000000FF000000FF000000FF000000FF000000FF000000FF000000FF000000FF000000FF000000FF000000FF000000FF000000FF000000FF000000FF000000FF000000FF000000FF000000FF000000FF000000FF000000FF000000FF000000FF000000FF000000FF000000FF000000FF000000FF000000FF000000FF000000FF000000FF000000FF000000FF000000FF000000FF000000FF000000FF000000FF000000FF000000FF000000FF000000FF000000FF000000FF000000FF000000FF000000FF000000FF000000FF000000FF000000FF000000FF000000FF000000FF000000FF000000FF000000FF000000FF000000FF000000FF000000FF000000FF000000FF000000FF000000FF000000FF000000FF000000FF000000FF000000FF000000FF000000FF000000FF000000FF000000FF000000FF000000FF000000FF000000FF000000FF000000FF000000FF000000FF000000FF000000FF000000FF000000FF000000FF000000FF000000FF000000FF000000FF000000FF000000FF000000FF000000FF000000FF000000FF000000FF000000FF000000FF000000FF000000FF000000FF000000FF000000FF000000FF000000FF000000FF000000FF000000FF000000FF000000FF000000FF000000FF000000FF000000FF000000FF000000FF000000FF000000FF000000FF000000FF000000FF000000FF000000FF000000FF000000FF000000FF000000FF000000FF000000FF000000FF000000FF000000FF000000FF000000FF000000FF000000FF000000FF000000FF000000FF000000FF000000FF000000FF000000FF000000FF000000FF000000FF000000FF000000FF000000FF000000FF000000FF000000FF000000FF000000FF000000FF000000FF000000FF000000FF000000FF000000FF000000FF000000FF000000FF000000FF000000FF000000FF000000FF000000FF000000FF000000FF000000FF000000FF000000FF000000FF000000FF000000FF000000FF000000FF000000FF000000FF000000FF000000FF000000FF000000FF000000FF000000FF000000FF000000FF000000FF000000FF000000FF000000FF000000FF000000FF000000FF000000FF000000FF000000FF000000FF000000FF000000FF000000FF000000FF000000FF000000FF000000FF000000FF000000FF000000FF000000FF000000FF000000FF000000FF000000FF000000FF000000FF000000FF000000FF000000FF000000FF000000FF000000FF000000FF000000FF000000FF000000FF000000FF000000FF000000FF000000FF000000FF000000FF000000FF000000FF000000FF000000FF000000FF000000FF000000FF000000FF000000FF000000FF000000FF000000FF000000FF000000FF000000FF000000FF000000FF000000FF000000FF000000FF000000FF000000FF000000FF000000FF000000FF000000FF000000FF000000FF000000FF000000FF000000FF000000FF000000FF000000FF000000FF000000FF000000FF000000FF000000FF000000FF000000FF000000FF000000FF000000FF000000FF000000FF000000FF000000FF000000FF000000FF000000FF000000FF000000FF000000FF000000FF000000FF000000FF000000FF000000FF000000FF000000FF000000FF000000FF000000FF000000FF000000FF000000FF000000FF000000FF000000FF000000FF000000FF000000FF000000FF000000FF000000FF000000FF000000FF000000FF000000FF000000FF000000FF000000FF000000FF000000FF000000FF000000FF000000FF000000FF000000FF000000FF000000FF000000FF000000FF000000FF000000FF000000FF000000FF000000FF000000FF000000FF000000FF000000FF000000FF000000FF000000FF000000FF000000FF000000FF000000FF000000FF000000FF000000FF000000FF000000FF000000FF000000FF000000FF000000FF000000FF000000FF000000FF000000FF000000FF000000FF000000FF000000FF000000FF000000FF000000FF000000FF000000FF000000FF000000FF000000FF000000FF000000FF000000FF000000FF000000FF000000FF000000FF000000FF000000FF000000FF000000FF000000FF000000FF000000FF000000FF000000FF000000FF000000FF000000FF000000FF000000FF000000FF000000FF000000FF000000FF000000FF000000FF000000FF000000FF000000FF000000FF000000FF000000FF000000FF000000FF000000FF000000FF000000FF000000FF000000FF000000FF000000FF000000FF000000FF000000FF000000FF000000FF000000FF000000FF000000FF000000FF000000FF000000FF000000FF000000FF000000FF000000FF000000FF000000FF000000FF000000FF000000FF000000FF000000FF000000FF000000FF000000FF000000FF000000FF000000FF000000FF000000FF000000FF000000FF000000FF000000FF000000FF000000FF000000FF000000FF000000FF000000FF000000FF000000FF000000FF000000FF000000FF000000FF000000FF000000FF000000FF000000FF000000FF000000FF000000FF000000FF000000FF000000FF000000FF000000FF000000FF000000FF000000FF000000FF000000FF000000FF000000FF000000FF000000FF000000FF000000FF000000FF000000FF000000FF000000FF000000FF000000FF000000FF000000FF000000FF000000FF000000FF000000FF000000FF000000FF000000FF000000FF000000FF000000FF000000FF000000FF000000FF000000FF000000FF000000FF000000FF000000FF000000FF000000FF000000FF000000FF000000FF000000FF000000FF000000FF000000FF000000FF000000FF000000FF000000FF000000FF000000FF000000FF000000FF000000FF000000FF000000FF000000FF000000FF000000FF000000FF000000FF000000FF000000FF000000FF000000FF000000FF000000FF000000FF000000FF000000FF000000FF000000FF000000FF000000FF000000FF000000FF000000FF000000FF000000FF000000FF000000FF000000FF000000FF000000FF000000FF000000FF000000FF000000FF000000FF000000FF000000FF000000FF000000FF000000FF000000FF000000FF000000FF000000FF000000FF000000FF000000FF000000FF000000FF000000FF000000FF000000FF000000FF000000FF000000FF000000FF000000FF000000FF000000FF000000FF000000FF000000FF000000FF000000FF000000FF000000FF000000FF000000FF000000FF000000FF000000FF000000FF000000FF000000FF000000FF000000FF000000FF000000FF000000FF000000FF000000FF000000FF000000FF000000FF000000FF000000FF000000FF000000FF000000FF000000FF000000FF000000FF000000FF000000FF000000FF000000FF000000FF000000FF000000FF000000FF000000FF000000FF000000FF000000FF000000FF000000FF000000FF000000FF000000FF000000FF000000FF000000FF000000FF000000FF000000FF000000FF000000FF000000FF000000FF000000FF000000FF000000FF000000FF000000FF000000FF000000FF000000FF000000FF000000FF000000FF000000FF000000FF000000FF000000FF000000FF000000FF000000FF000000FF000000FF000000FF000000FF000000FF000000FF000000FF000000FF000000FF000000FF000000FF000000FF000000FF000000FF000000FF000000FF000000FF000000FF000000FF000000FF000000FF000000FF000000FF000000FF000000FF000000FF000000FF000000FF000000FF000000FF000000FF000000FF000000FF000000FF000000FF000000FF000000FF000000FF000000FF000000FF000000FF000000FF000000FF000000FF000000FF000000FF000000FF000000FF000000FF000000FF000000FF000000FF000000FF000000FF000000FF000000FF000000FF000000FF000000FF000000FF000000FF000000FF000000FF000000FF000000FF000000FF000000FF000000FF000000FF000000FF000000FF000000FF000000FF000000FF000000FF000000FF000000FF000000FF000000FF000000FF000000FF000000FF000000FF000000FF000000FF000000FF000000FF000000FF000000FF000000FF000000FF000000FF000000FF000000FF000000FF000000FF000000FF000000FF000000FF000000FF000000FF000000FF000000FF000000FF000000FF000000FF000000FF000000FF000000FF000000FF000000FF000000FF000000FF000000FF000000FF000000FF000000FF000000FF000000FF000000FF000000FF000000FF000000FF000000FF000000FF000000FF000000FF000000FF000000FF000000FF000000FF000000FF000000FF000000FF000000FF000000FF000000FF000000FF000000FF000000FF000000FF000000FF000000FF000000FF000000FF000000FF000000FF000000FF000000FF000000FF000000FF000000FF000000FF000000FF000000FF000000FF000000FF000000FF000000FF000000FF000000FF000000FF000000FF000000FF000000FF000000FF000000FF000000FF000000FF000000FF000000FF000000FF000000FF000000FF000000FF000000FF000000FF000000FF000000FF000000FF000000FF000000FF000000FF000000FF000000FF000000FF000000FF000000FF000000FF000000FF000000FF000000FF000000FF000000FF000000FF000000FF000000FF000000FF000000FF000000FF000000FF000000FF000000FF000000FF000000FF000000FF000000FF000000FF000000FF000000FF000000FF000000FF000000FF000000FF000000FF000000FF000000FF000000FF000000FF000000FF000000FF000000FF000000FF000000FF000000FF000000FF000000FF000000FF000000FF000000FF000000FF000000FF000000FF000000FF000000FF000000FF000000FF000000FF000000FF000000FF000000FF000000FF000000FF000000FF000000FF000000FF000000FF000000FF000000FF000000FF000000FF000000FF000000FF000000FF000000FF000000FF000000FF000000FF000000FF000000FF000000FF000000FF000000FF000000FF000000FF000000FF000000FF000000FF000000FF000000FF000000FF000000FF000000FF000000FF000000FF000000FF000000FF000000FF000000FF000000FF000000FF000000FF000000FF000000FF000000FF000000FF000000FF000000FF000000FF000000FF000000FF000000FF000000FF000000FF000000FF000000FF000000FF000000FF000000FF000000FF000000FF000000FF000000FF000000FF000000FF000000FF000000FF000000FF000000FF000000FF000000FF000000FF000000FF000000FF000000FF000000FF000000FF000000FF000000FF000000FF000000FF000000FF000000FF000000FF000000FF000000FF000000FF000000FF000000FF000000FF000000FF000000FF000000FF000000FF000000FF000000FF000000FF000000FF000000FF000000FF000000FF000000FF000000FF000000FF000000FF000000FF000000FF000000FF000000FF000000FF000000FF000000FF000000FF000000FF000000FF000000FF000000FF000000FF000000FF000000FF000000FF000000FF000000FF000000FF000000FF000000FF000000FF000000FF000000FF000000FF000000FF000000FF000000FF000000FF000000FF000000FF000000FF000000FF000000FF000000FF000000FF000000FF000000FF000000FF000000FF000000FF000000FF000000FF000000FF000000FF000000FF000000FF000000FF000000FF000000FF000000FF000000FF000000FF000000FF000000FF000000FF000000FF000000FF000000FF000000FF000000FF000000FF000000FF000000FF000000FF000000FF000000FF000000FF000000FF000000FF000000FF000000FF000000FF000000FF000000FF000000FF000000FF000000FF000000FF000000FF000000FF000000FF000000FF000000FF000000FF000000FF000000FF000000FF000000FF000000FF000000FF000000FF000000FF000000FF000000FF000000FF000000FF000000FF000000FF000000FF000000FF000000FF000000FF000000FF000000FF000000FF000000FF000000FF000000FF000000FF000000FF000000FF000000FF000000FF000000FF000000FF000000FF000000FF000000FF000000FF000000FF000000FF000000FF000000FF000000FF000000FF000000FF000000FF000000FF000000FF000000FF000000FF000000FF000000FF000000FF000000FF000000FF000000FF000000FF000000FF000000FF000000FF000000FF000000FF000000FF000000FF000000FF000000FF000000FF000000FF000000FF000000FF000000FF000000FF000000FF000000FF000000FF000000FF000000FF000000FF000000FF000000FF000000FF000000FF000000FF000000FF000000FF000000FF000000FF000000FF000000FF000000FF000000FF000000FF000000FF000000FF000000FF000000FF000000FF000000FF000000FF000000FF000000FF000000FF000000FF000000FF000000FF000000FF000000FF000000FF000000FF000000FF000000FF000000FF000000FF000000FF000000FF000000FF000000FF000000FF000000FF000000FF000000FF000000FF000000FF000000FF000000FF000000FF000000FF000000FF000000FF000000FF000000FF000000FF000000FF000000FF000000FF000000FF000000FF000000FF000000FF000000FF000000FF000000FF000000FF000000FF000000FF000000FF000000FF000000FF000000FF000000FF000000FF000000FF000000FF000000FF000000FF000000FF000000FF000000FF000000FF000000FF000000FF000000FF000000FF000000FF000000FF000000FF000000FF000000FF000000FF000000FF000000FF000000FF000000FF000000FF000000FF000000FF000000FF000000FF000000FF000000FF000000FF000000FF000000FF000000FF000000FF000000FF000000FF000000FF000000FF000000FF000000FF000000FF000000FF000000FF000000FF000000FF000000FF000000FF000000FF000000FF000000FF000000FF000000FF000000FF000000FF000000FF000000FF000000FF000000FF000000FF000000FF000000FF000000FF000000FF000000FF000000FF000000FF000000FF000000FF000000FF000000FF000000FF000000FF000000FF000000FF000000FF000000FF000000FF000000FF000000FF000000FF000000FF000000FF000000FF000000FF000000FF000000FF000000FF000000FF000000FF000000FF000000FF000000FF000000FF000000FF000000FF000000FF000000FF000000FF000000FF000000FF000000FF000000FF000000FF000000FF000000FF000000FF000000FF000000FF000000FF000000FF000000FF000000FF000000FF000000FF000000FF000000FF000000FF000000FF000000FF000000FF000000FF000000FF000000FF000000FF000000FF000000FF000000FF000000FF000000FF000000FF000000FF000000FF000000FF000000FF000000FF000000FF000000FF000000FF000000FF000000FF000000FF000000FF000000FF000000FF000000FF000000FF000000FF000000FF000000FF000000FF000000FF000000FF000000FF000000FF000000FF000000FF000000FF000000FF000000FF000000FF000000FF000000FF000000FF000000FF000000FF000000FF000000FF000000FF000000FF000000FF000000FF000000FF000000FF000000FF000000FF000000FF000000FF000000FF000000FF000000FF000000FF000000FF000000FF000000FF000000FF000000FF000000FF000000FF000000FF000000FF000000FF000000FF000000FF000000FF000000FF000000FF000000FF000000FF000000FF000000FF000000FF000000FF000000FF000000FF000000FF000000FF000000FF000000FF000000FF000000FF000000FF000000FF000000FF000000FF000000FF000000FF000000FF000000FF000000FF000000FF000000FF000000FF000000FF000000FF000000FF000000FF000000FF000000FF000000FF000000FF000000FF000000FF000000FF000000FF000000FF000000FF000000FF000000FF000000FF000000FF000000FF000000FF000000FF000000FF000000FF000000FF000000FF000000FF000000FF000000FF000000FF000000FF000000FF000000FF000000FF000000FF000000FF000000FF000000FF000000FF000000FF000000FF000000FF000000FF000000FF000000FF000000FF000000FF000000FF000000FF000000FF000000FF000000FF000000FF000000FF000000FF000000FF000000FF000000FF000000FF000000FF000000FF000000FF000000FF000000FF000000FF000000FF000000FF000000FF000000FF000000FF000000FF000000FF000000FF000000FF000000FF000000FF000000FF000000FF000000FF000000FF000000FF000000FF000000FF000000FF000000FF000000FF000000FF000000FF000000FF000000FF000000FF000000FF000000FF000000FF000000FF000000FF000000FF000000FF000000FF000000FF000000FF000000FF000000FF000000FF000000FF000000FF000000FF000000FF000000FF000000FF000000FF000000FF000000FF000000FF000000FF000000FF000000FF000000FF000000FF000000FF000000FF000000FF000000FF000000FF000000FF000000FF000000FF000000FF000000FF000000FF000000FF000000FF000000FF000000FF000000FF000000FF000000FF000000FF000000FF000000FF000000FF000000FF000000FF000000FF000000FF000000FF000000FF000000FF000000FF000000FF000000FF000000FF000000FF000000FF000000FF000000FF000000FF000000FF000000FF000000FF000000FF000000FF000000FF000000FF000000FF000000FF000000FF000000FF000000FF000000FF000000FF000000FF000000FF000000FF000000FF000000FF000000FF000000FF000000FF000000FF000000FF000000FF000000FF000000FF000000FF000000FF000000FF000000FF000000FF000000FF000000FF000000FF000000FF000000FF000000FF000000FF000000FF000000FF000000FF000000FF000000FF000000FF000000FF000000FF000000FF000000FF000000FF000000FF000000FF000000FF000000FF000000FF000000FF000000FF000000FF000000FF000000FF000000FF000000FF000000FF000000FF000000FF000000FF000000FF000000FF000000FF000000FF000000FF000000FF000000FF000000FF000000FF000000FF000000FF000000FF000000FF000000FF000000FF000000FF000000FF000000FF000000FF000000FF000000FF000000FF000000FF000000FF000000FF000000FF000000FF000000FF000000FF000000FF000000FF000000FF000000FF000000FF000000FF000000FF000000FF000000FF000000FF000000FF000000FF000000FF000000FF000000FF000000FF000000FF000000FF000000FF000000FF000000FF000000FF000000FF000000FF000000FF000000FF000000FF000000FF000000FF000000FF000000FF000000FF000000FF000000FF000000FF000000FF000000FF000000FF000000FF000000FF000000FF000000FF000000FF000000FF000000FF000000FF000000FF000000FF000000FF000000FF000000FF000000FF000000FF000000FF000000FF000000FF000000FF000000FF000000FF000000FF000000FF000000FF000000FF000000FF000000FF000000FF000000FF000000FF000000FF000000FF000000FF000000FF000000FF000000FF000000FF000000FF000000FF000000FF000000FF000000FF000000FF000000FF000000FF000000FF000000FF000000FF000000FF000000FF000000FF000000FF000000FF000000FF000000FF000000FF000000FF000000FF000000FF000000FF000000FF000000FF000000FF000000FF000000FF000000FF000000FF000000FF000000FF000000FF000000FF000000FF000000FF000000FF000000FF000000FF000000FF000000FF000000FF000000FF000000FF000000FF000000FF000000FF000000FF000000FF000000FF000000FF000000FF000000FF000000FF000000FF000000FF000000FF000000FF000000FF000000FF000000FF000000FF000000FF000000FF000000FF000000FF000000FF000000FF000000FF000000FF000000FF000000FF000000FF000000FF000000FF000000FF000000FF000000FF000000FF000000FF000000FF000000FF000000FF000000FF000000FF000000FF000000FF000000FF000000FF000000FF000000FF000000FF000000FF000000FF000000FF000000FF000000FF000000FF000000FF000000FF000000FF000000FF000000FF000000FF000000FF000000FF000000FF000000FF000000FF000000FF000000FF000000FF000000FF000000FF000000FF000000FF000000FF000000FF000000FF000000FF000000FF000000FF000000FF000000FF000000FF000000FF000000FF000000FF000000FF000000FF000000FF000000FF000000FF000000FF000000FF000000FF000000FF000000FF000000FF000000FF000000FF000000FF000000FF000000FF000000FF000000FF000000FF000000FF000000FF000000FF000000FF000000FF000000FF000000FF000000FF000000FF000000FF000000FF000000FF000000FF000000FF000000FF000000FF000000FF000000FF000000FF000000FF000000FF000000FF000000FF000000FF000000FF000000FF000000FF000000FF000000FF000000FF000000FF000000FF000000FF000000FF000000FF000000FF000000FF000000FF000000FF000000FF000000FF000000FF000000FF000000FF000000FF000000FF000000FF000000FF000000FF000000FF000000FF000000FF000000FF000000FF000000FF000000FF000000FF000000FF000000FF000000FF000000FF000000FF000000FF000000FF000000FF000000FF000000FF000000FF000000FF000000FF000000FF000000FF000000FF000000FF000000FF000000FF000000FF000000FF000000FF000000FF000000FF000000FF000000FF000000FF000000FF000000FF000000FF000000FF000000FF000000FF000000FF000000FF000000FF000000FF000000FF000000FF000000FF000000FF000000FF000000FF000000FF000000FF000000FF000000FF000000FF000000FF000000FF000000FF000000FF000000FF000000FF000000FF000000FF000000FF000000FF000000FF000000FF000000FF000000FF000000FF000000FF000000FF000000FF000000FF000000FF000000FF000000FF000000FF000000FF000000FF000000FF000000FF000000FF000000FF000000FF000000FF000000FF000000FF000000FF000000FF000000FF000000FF000000FF000000FF000000FF000000FF000000FF000000FF000000FF000000FF000000FF000000FF000000FF000000FF000000FF000000FF000000FF000000FF000000FF000000FF000000FF000000FF000000FF000000FF000000FF000000FF000000FF000000FF000000FF000000FF000000FF000000FF000000FF000000FF000000FF000000FF000000FF000000FF000000FF000000FF000000FF000000FF000000FF000000FF000000FF000000FF000000FF000000FF000000FF000000FF000000FF000000FF000000FF000000FF000000FF000000FF000000FF000000FF000000FF000000FF000000FF000000FF000000FF000000FF000000FF000000FF000000FF000000FF000000FF000000FF000000FF000000FF000000FF000000FF000000FF000000FF000000FF000000FF000000FF000000FF000000FF000000FF000000FF000000FF000000FF000000FF000000FF000000FF000000FF000000FF000000FF000000FF000000FF000000FF000000FF000000FF000000FF000000FF000000FF000000FF000000FF000000FF000000FF000000FF000000FF000000FF000000FF000000FF000000FF000000FF000000FF000000FF000000FF000000FF000000FF000000FF000000FF000000FF000000FF000000FF000000FF000000FF000000FF000000FF000000FF000000FF000000FF000000FF000000FF000000FF000000FF000000FF000000FF000000FF000000FF000000FF000000FF000000FF000000FF000000FF000000FF000000FF000000FF000000FF000000FF000000FF000000FF000000FF000000FF000000FF000000FF000000FF000000FF000000FF000000FF000000FF000000FF000000FF000000FF000000FF000000FF000000FF000000FF000000FF000000FF000000FF000000FF000000FF000000FF000000FF000000FF000000FF000000FF000000FF000000FF000000FF000000FF000000FF000000FF000000FF000000FF000000FF000000FF000000FF000000FF000000FF000000FF000000FF000000FF000000FF000000FF000000FF000000FF000000FF000000FF000000FF000000FF000000FF000000FF000000FF000000FF000000FF000000FF000000FF000000FF000000FF000000FF000000FF000000FF000000FF000000FF000000FF000000FF000000FF000000FF000000FF000000FF000000FF000000FF000000FF000000FF000000FF000000FF000000FF000000FF000000FF000000FF000000FF000000FF000000FF000000FF000000FF000000FF000000FF000000FF000000FF000000FF000000FF000000FF000000FF000000FF000000FF000000FF000000FF000000FF000000FF000000FF000000FF000000FF000000FF000000FF000000FF000000FF000000FF000000FF000000FF000000FF000000FF000000FF000000FF000000FF000000FF000000FF000000FF000000FF000000FF000000FF000000FF000000FF000000FF000000FF000000FF000000FF000000FF000000FF000000FF000000FF000000FF000000FF000000FF000000FF000000FF000000FF000000FF000000FF000000FF000000FF000000FF000000FF000000FF000000FF000000FF000000FF000000FF000000FF000000FF000000FF000000FF000000FF000000FF000000FF000000FF000000FF000000FF000000FF000000FF000000FF000000FF000000FF000000FF000000FF000000FF000000FF000000FF000000FF000000FF000000FF000000FF000000FF000000FF000000FF000000FF000000FF000000FF000000FF000000FF000000FF000000FF000000FF000000FF000000FF000000FF000000FF000000FF000000FF000000FF000000FF000000FF000000FF000000FF000000FF000000FF000000FF000000FF000000FF000000FF000000FF000000FF000000FF000000FF000000FF000000FF000000FF000000FF000000FF000000FF000000FF000000FF000000FF000000FF000000FF000000FF000000FF000000FF000000FF000000FF000000FF000000FF000000FF000000FF000000FF000000FF000000FF000000FF000000FF000000FF000000FF000000FF000000FF000000FF000000FF000000FF000000FF000000FF000000FF000000FF000000FF000000FF000000FF000000FF000000FF000000FF000000FF000000FF000000FF000000FF000000FF000000FF000000FF000000FF000000FF000000FF000000FF000000FF000000FF000000FF000000FF000000FF000000FF000000FF000000FF000000FF000000FF000000FF000000FF000000FF000000FF000000FF000000FF000000FF000000FF000000FF000000FF000000FF000000FF000000FF000000FF000000FF000000FF000000FF000000FF000000FF000000FF000000FF000000FF000000FF000000FF000000FF000000FF000000FF000000FF000000FF000000FF000000FF000000FF000000FF000000FF000000FF000000FF000000FF000000FF000000FF000000FF000000FF000000FF000000FF000000FF000000FF000000FF000000FF000000FF000000FF000000FF000000FF000000FF000000FF000000FF000000FF000000FF000000FF000000FF000000FF000000FF000000FF000000FF000000FF000000FF000000FF000000FF000000FF000000FF000000FF000000FF000000FF000000FF000000FF000000FF000000FF000000FF000000FF000000FF000000FF000000FF000000FF000000FF000000FF000000FF000000FF000000FF000000FF000000FF000000FF000000FF000000FF000000FF000000FF000000FF000000FF000000FF000000FF000000FF000000FF000000FF000000FF000000FF000000FF000000FF000000FF000000FF000000FF000000FF000000FF000000FF000000FF000000FF000000FF000000FF000000FF000000FF000000FF000000FF000000FF000000FF000000FF000000FF000000FF000000FF000000FF000000FF000000FF000000FF000000FF000000FF000000FF000000FF000000FF000000FF000000FF000000FF000000FF000000FF000000FF000000FF000000FF000000FF000000FF000000FF000000FF000000FF000000FF000000FF000000FF000000FF000000FF000000FF000000FF000000FF000000FF000000FF000000FF000000FF000000FF000000FF000000FF000000FF000000FF000000FF000000FF000000FF000000FF000000FF000000FF000000FF000000FF000000FF000000FF000000FF000000FF000000FF000000FF000000FF000000FF000000FF000000FF000000FF000000FF000000FF000000FF000000FF000000FF000000FF000000FF000000FF000000FF000000FF000000FF000000FF000000FF000000FF000000FF000000FF000000FF000000FF000000FF000000FF000000FF000000FF000000FF000000FF000000FF000000FF000000FF000000FF000000FF000000FF000000FF000000FF000000FF000000FF000000FF000000FF000000FF000000FF000000FF000000FF000000FF000000FF000000FF000000FF000000FF000000FF000000FF000000FF000000FF000000FF000000FF000000FF000000FF000000FF000000FF000000FF000000FF000000FF000000FF000000FF000000FF000000FF000000FF000000FF000000FF000000FF000000FF000000FF000000FF000000FF000000FF000000FF000000FF000000FF000000FF000000FF000000FF000000FF000000FF000000FF000000FF000000FF000000FF000000FF000000FF000000FF000000FF000000FF000000FF000000FF000000FF000000FF000000FF000000FF000000FF000000FF000000FF000000FF000000FF000000FF000000FF000000FF000000FF000000FF000000FF000000FF000000FF000000FF000000FF000000FF000000FF000000FF000000FF000000FF000000FF000000FF000000FF000000FF000000FF000000FF000000FF000000FF000000FF000000FF000000FF000000FF000000FF000000FF000000FF000000FF000000FF000000FF000000FF000000FF000000FF000000FF000000FF000000FF000000FF000000FF000000FF000000FF000000FF000000FF000000FF000000FF000000FF000000FF000000FF000000FF000000FF000000FF000000FF000000FF000000FF000000FF000000FF000000FF000000FF000000FF000000FF000000FF000000FF000000FF000000FF000000FF000000FF000000FF000000FF000000FF000000FF000000FF000000FF000000FF000000FF000000FF000000FF000000FF000000FF000000FF000000FF000000FF000000FF000000FF000000FF000000FF000000FF000000FF000000FF000000FF000000FF000000FF000000FF000000FF000000FF000000FF000000FF000000FF000000FF000000FF000000FF000000FF000000FF000000FF000000FF000000FF000000FF000000FF000000FF000000FF000000FF000000FF000000FF000000FF000000FF000000FF000000FF000000FF000000FF000000FF000000FF000000FF000000FF000000FF000000FF000000FF000000FF000000FF000000FF000000FF000000FF000000FF000000FF000000FF000000FF000000FF000000FF000000FF000000FF000000FF000000FF000000FF000000FF000000FF000000FF000000FF000000FF000000FF000000FF000000FF000000FF000000FF000000FF000000FF000000FF000000FF000000FF000000FF000000FF000000FF000000FF000000FF000000FF000000FF000000FF000000FF000000FF000000FF000000FF000000FF000000FF000000FF000000FF000000FF000000FF000000FF000000FF000000FF000000FF000000FF000000FF000000FF000000FF000000FF000000FF000000FF000000FF000000FF000000FF000000FF000000FF000000FF000000FF000000FF000000FF000000FF000000FF000000FF000000FF000000FF000000FF000000FF000000FF000000FF000000FF000000FF000000FF000000FF000000FF000000FF000000FF000000FF000000FF000000FF000000FF000000FF000000FF000000FF000000FF000000FF000000FF000000FF000000FF000000FF000000FF000000FF000000FF000000FF000000FF000000FF000000FF000000FF000000FF000000FF000000FF000000FF000000FF000000FF000000FF000000FF000000FF000000FF000000FF000000FF000000FF000000FF000000FF000000FF000000FF000000FF000000FF000000FF000000FF000000FF000000FF000000FF000000FF000000FF000000FF000000FF000000FF000000FF000000FF000000FF000000FF000000FF000000FF000000FF000000FF000000FF000000FF000000FF000000FF000000FF000000FF000000FF000000FF000000FF000000FF000000FF000000FF000000FF000000FF000000FF000000FF000000FF000000FF000000FF000000FF000000FF000000FF000000FF000000FF000000FF000000FF000000FF000000FF000000FF000000FF000000FF000000FF000000FF000000FF000000FF000000FF000000FF000000FF000000FF000000FF000000FF000000FF000000FF000000FF000000FF000000FF000000FF000000FF000000FF000000FF000000FF000000FF000000FF000000FF000000FF000000FF000000FF000000FF000000FF000000FF000000FF000000FF000000FF000000FF000000FF000000FF000000FF000000FF000000FF000000FF000000FF000000FF000000FF000000FF000000FF000000FF000000FF000000FF000000FF000000FF000000FF000000FF000000FF000000FF000000FF000000FF000000FF000000FF000000FF000000FF000000FF000000FF000000FF000000FF000000FF000000FF000000FF000000FF000000FF000000FF000000FF000000FF000000FF000000FF000000FF000000FF000000FF000000FF000000FF000000FF000000FF000000FF000000FF000000FF000000FF000000FF000000FF000000FF000000FF000000FF000000FF000000FF000000FF000000FF000000FF000000FF000000FF000000FF000000FF000000FF000000FF000000FF000000FF000000FF000000FF000000FF000000FF000000FF000000FF000000FF000000FF000000FF000000FF000000FF000000FF000000FF000000FF000000FF000000FF000000FF000000FF000000FF000000FF000000FF000000FF000000FF000000FF000000FF000000FF000000FF000000FF000000FF000000FF000000FF000000FF000000FF000000FF000000FF000000FF000000FF000000FF000000FF000000FF000000FF000000FF000000FF000000FF000000FF000000FF000000FF000000FF000000FF000000FF000000FF000000FF000000FF000000FF000000FF000000FF000000FF000000FF000000FF000000FF000000FF000000FF000000FF000000FF000000FF000000FF000000FF000000FF000000FF000000FF000000FF000000FF000000FF000000FF000000FF000000FF000000FF000000FF000000FF000000FF000000FF000000FF000000FF000000FF000000FF000000FF000000FF000000FF000000FF000000FF000000FF000000FF000000FF000000FF000000FF000000FF000000FF000000FF000000FF000000FF000000FF000000FF000000FF000000FF000000FF000000FF000000FF000000FF000000FF000000FF000000FF000000FF000000FF000000FF000000FF000000FF000000FF000000FF000000FF000000FF000000FF000000FF000000FF000000FF000000FF000000FF000000FF000000FF000000FF000000FF000000FF000000FF000000FF000000FF000000FF000000FF000000FF000000FF000000FF000000FF000000FF000000FF000000FF000000FF000000FF000000FF000000FF000000FF000000FF000000FF000000FF000000FF000000FF000000FF000000FF000000FF000000FF000000FF000000FF000000FF000000FF000000FF000000FF000000FF000000FF000000FF000000FF000000FF000000FF000000FF000000FF000000FF000000FF000000FF000000FF000000FF000000FF000000FF000000FF000000FF000000FF000000FF000000FF000000FF000000FF000000FF000000FF000000FF000000FF000000FF000000FF000000FF000000FF000000FF000000FF000000FF000000FF000000FF000000FF000000FF000000FF000000FF000000FF000000FF000000FF000000FF000000FF000000FF000000FF000000FF000000FF000000FF000000FF000000FF000000FF000000FF000000FF000000FF000000FF000000FF000000FF000000FF000000FF000000FF000000FF000000FF000000FF000000FF000000FF000000FF000000FF000000FF000000FF000000FF000000FF000000FF000000FF000000FF000000FF000000FF000000FF000000FF000000FF000000FF000000FF000000FF000000FF000000FF000000FF000000FF000000FF000000FF000000FF000000FF000000FF000000FF000000FF000000FF000000FF000000FF000000FF000000FF000000FF000000FF000000FF000000FF000000FF000000FF000000FF000000FF000000FF000000FF000000FF000000FF000000FF000000FF000000FF000000FF000000FF000000FF000000FF000000FF000000FF000000FF000000FF000000FF000000FF000000FF000000FF000000FF000000FF000000FF000000FF000000FF000000FF000000FF000000FF000000FF000000FF000000FF000000FF000000FF000000FF000000FF000000FF000000FF000000FF000000FF000000FF000000FF000000FF000000FF000000FF000000FF000000FF000000FF000000FF000000FF000000FF000000FF000000FF000000FF000000FF000000FF000000FF000000FF000000FF000000FF000000FF000000FF000000FF000000FF000000FF000000FF000000FF000000FF000000FF000000FF000000FF000000FF000000FF000000FF000000FF000000FF000000FF000000FF000000FF000000FF000000FF000000FF000000FF000000FF000000FF000000FF000000FF000000FF000000FF000000FF000000FF000000FF000000FF000000FF000000FF000000FF000000FF000000FF000000FF000000FF000000FF000000FF000000FF000000FF000000FF000000FF000000FF000000FF000000FF000000FF000000FF000000FF000000FF000000FF000000FF000000FF000000FF000000FF000000FF000000FF000000FF000000FF000000FF000000FF000000FF000000FF000000FF000000FF000000FF000000FF000000FF000000FF000000FF000000FF000000FF000000FF000000FF000000FF000000FF000000FF000000FF000000FF000000FF000000FF000000FF000000FF000000FF000000FF000000FF000000FF000000FF000000FF000000FF000000FF000000FF000000FF000000FF000000FF000000FF000000FF000000FF000000FF000000FF000000FF000000FF000000FF000000FF000000FF000000FF000000FF000000FF000000FF000000FF000000FF000000FF000000FF000000FF000000FF000000FF000000FF000000FF000000FF000000FF000000FF000000FF000000FF000000FF000000FF000000FF000000FF000000FF000000FF000000FF000000FF000000FF000000FF000000FF000000FF000000FF000000FF000000FF000000FF000000FF000000FF000000FF000000FF000000FF000000FF000000FF000000FF000000FF000000FF000000FF000000FF000000FF000000FF000000FF000000FF000000FF000000FF000000FF000000FF000000FF000000FF000000FF000000FF000000FF000000FF000000FF000000FF000000FF000000FF000000FF000000FF000000FF000000FF000000FF000000FF000000FF000000FF000000FF000000FF000000FF000000FF000000FF000000FF000000FF000000FF000000FF000000FF000000FF000000FF000000FF000000FF000000FF000000FF000000FF000000FF000000FF000000FF000000FF000000FF000000FF000000FF000000FF000000FF000000FF000000FF000000FF000000FF000000FF000000FF000000FF000000FF000000FF000000FF000000FF000000FF000000FF000000FF000000FF000000FF000000FF000000FF000000FF000000FF000000FF000000FF000000FF000000FF000000FF000000FF000000FF000000FF000000FF000000FF000000FF000000FF000000FF000000FF000000FF000000FF000000FF000000FF000000FF000000FF000000FF000000FF000000FF000000FF000000FF000000FF000000FF000000FF000000FF000000FF000000FF000000FF000000FF000000FF000000FF000000FF000000FF000000FF000000FF000000FF000000FF000000FF000000FF000000FF000000FF000000FF000000FF000000FF000000FF000000FF000000FF000000FF000000FF000000FF000000FF000000FF000000FF000000FF000000FF000000FF000000FF000000FF000000FF000000FF000000FF000000FF000000FF000000FF000000FF000000FF000000FF000000FF000000FF000000FF000000FF000000FF000000FF000000FF000000FF000000FF000000FF000000FF000000FF000000FF000000FF000000FF000000FF000000FF000000FF000000FF000000FF000000FF000000FF000000FF000000FF000000FF000000FF000000FF000000FF000000FF000000FF000000FF000000FF000000FF000000FF000000FF000000FF000000FF000000FF000000FF000000FF000000FF000000FF000000FF000000FF000000FF000000FF000000FF000000FF000000FF000000FF000000FF000000FF000000FF000000FF000000FF000000FF000000FF000000FF000000FF000000FF000000FF000000FF000000FF000000FF000000FF000000FF000000FF000000FF000000FF000000FF000000FF000000FF000000FF000000FF000000FF000000FF000000FF000000FF000000FF000000FF000000FF000000FF000000FF000000FF000000FF000000FF000000FF000000FF000000FF000000FF000000FF000000FF000000FF000000FF000000FF000000FF000000FF000000FF000000FF000000FF000000FF000000FF000000FF000000FF000000FF000000FF000000FF000000FF000000FF000000FF000000FF000000FF000000FF000000FF000000FF000000FF000000FF000000FF000000FF000000FF000000FF000000FF000000FF000000FF000000FF000000FF000000FF000000FF000000FF000000FF000000FF000000FF000000FF000000FF000000FF000000FF000000FF000000FF000000FF000000FF000000FF000000FF000000FF000000FF000000FF000000FF000000FF000000FF000000FF000000FF000000FF000000FF000000FF000000FF000000FF000000FF000000FF000000FF000000FF000000FF000000FF000000FF000000FF000000FF000000FF000000FF000000FF000000FF000000FF000000FF000000FF000000FF000000FF000000FF000000FF000000FF000000FF000000FF000000FF000000FF000000FF000000FF000000FF000000FF000000FF000000FF000000FF000000FF000000FF000000FF000000FF000000FF000000FF000000FF000000FF000000FF000000FF000000FF000000FF000000FF000000FF000000FF000000FF000000FF000000FF000000FF000000FF000000FF000000FF000000FF000000FF000000FF000000FF000000FF000000FF000000FF000000FF000000FF000000FF000000FF000000FF000000FF000000FF000000FF000000FF000000FF000000FF000000FF000000FF000000FF000000FF000000FF000000FF000000FF000000FF000000FF000000FF000000FF000000FF000000FF000000FF000000FF000000FF000000FF000000FF000000FF000000FF000000FF000000FF000000FF000000FF000000FF000000FF000000FF000000FF000000FF000000FF000000FF000000FF000000FF000000FF000000FF000000FF000000FF000000FF000000FF000000FF000000FF000000FF000000FF000000FF000000FF000000FF000000FF000000FF000000FF000000FF000000FF000000FF000000FF000000FF000000FF000000FF000000FF000000FF000000FF000000FF000000FF000000FF000000FF000000FF000000FF000000FF000000FF000000FF000000FF000000FF000000FF000000FF000000FF000000FF000000FF000000FF000000FF000000FF000000FF000000FF000000FF000000FF000000FF000000FF000000FF000000FF000000FF000000FF000000FF000000FF000000FF000000FF000000FF000000FF000000FF000000FF000000FF000000FF000000FF000000FF000000FF000000FF000000FF000000FF000000FF000000FF000000FF000000FF000000FF000000FF000000FF000000FF000000FF000000FF000000FF000000FF000000FF000000FF000000FF000000FF000000FF000000FF000000FF000000FF000000FF000000FF000000FF000000FF000000FF000000FF000000FF000000FF000000FF000000FF000000FF000000FF000000FF000000FF000000FF000000FF000000FF000000FF000000FF000000FF000000FF000000FF000000FF000000FF000000FF000000FF000000FF000000FF000000FF000000FF000000FF000000FF000000FF000000FF000000FF000000FF000000FF000000FF000000FF000000FF000000FF000000FF000000FF000000FF000000FF000000FF000000FF000000FF000000FF000000FF000000FF000000FF000000FF000000FF000000FF000000FF000000FF000000FF000000FF000000FF000000FF000000FF000000FF000000FF000000FF000000FF000000FF000000FF000000FF000000FF000000FF000000FF000000FF000000FF000000FF000000FF000000FF000000FF000000FF000000FF000000FF000000FF000000FF000000FF000000FF000000FF000000FF000000FF000000FF000000FF000000FF000000FF000000FF000000FF000000FF000000FF000000FF000000FF000000FF000000FF000000FF000000FF000000FF000000FF000000FF000000FF000000FF000000FF000000FF000000FF000000FF000000FF000000FF000000FF000000FF000000FF000000FF000000FF000000FF000000FF000000FF000000FF000000FF000000FF000000FF000000FF000000FF000000FF000000FF000000FF000000FF000000FF000000FF000000FF000000FF000000FF000000FF000000FF000000FF000000FF000000FF000000FF000000FF000000FF000000FF000000FF000000FF000000FF000000FF000000FF000000FF000000FF000000FF000000FF000000FF000000FF000000FF000000FF000000FF000000FF000000FF000000FF000000FF000000FF000000FF000000FF000000FF000000FF000000FF000000FF000000FF000000FF000000FF000000FF000000FF000000FF000000FF000000FF000000FF000000FF000000FF000000FF000000FF000000FF000000FF000000FF000000FF000000FF000000FF000000FF000000FF000000FF000000FF000000FF000000FF000000FF000000FF000000FF000000FF000000FF000000FF000000FF000000FF000000FF000000FF000000FF000000FF000000FF000000FF000000FF000000FF000000FF000000FF000000FF000000FF000000FF000000FF000000FF000000FF000000FF000000FF000000FF000000FF000000FF000000FF000000FF000000FF000000FF000000FF000000FF000000FF000000FF000000FF000000FF000000FF000000FF000000FF000000FF000000FF000000FF000000FF000000FF000000FF000000FF000000FF000000FF000000FF000000FF000000FF000000FF000000FF000000FF000000FF000000FF000000FF000000FF000000FF000000FF000000FF000000FF000000FF000000FF000000FF000000FF000000FF000000FF000000FF000000FF000000FF000000FF000000FF000000FF000000FF000000FF000000FF000000FF000000FF000000FF000000FF000000FF000000FF000000FF000000FF000000FF000000FF000000FF000000FF000000FF000000FF000000FF000000FF000000FF000000FF000000FF000000FF000000FF000000FF000000FF000000FF000000FF000000FF000000FF000000FF000000FF000000FF000000FF000000FF000000FF000000FF000000FF000000FF000000FF000000FF000000FF000000FF000000FF000000FF000000FF000000FF000000FF000000FF000000FF000000FF000000FF000000FF000000FF000000FF000000FF000000FF000000FF000000FF000000FF000000FF000000FF000000FF000000FF000000FF000000FF000000FF000000FF000000FF000000FF000000FF000000FF000000FF000000FF000000FF000000FF000000FF000000FF000000FF000000FF000000FF000000FF000000FF000000FF000000FF000000FF000000FF000000FF000000FF000000FF000000FF000000FF000000FF000000FF000000FF000000FF000000FF000000FF000000FF000000FF000000FF000000FF000000FF000000FF000000FF000000FF000000FF000000FF000000FF000000FF000000FF000000FF000000FF000000FF000000FF000000FF000000FF000000FF000000FF000000FF000000FF000000FF000000FF000000FF000000FF000000FF000000FF000000FF000000FF000000FF000000FF000000FF000000FF000000FF000000FF000000FF000000FF000000FF000000FF000000FF000000FF000000FF000000FF000000FF000000FF000000FF000000FF000000FF000000FF000000FF000000FF000000FF000000FF000000FF000000FF000000FF000000FF000000FF000000FF000000FF000000FF000000FF000000FF000000FF000000FF000000FF000000FF000000FF000000FF000000FF000000FF000000FF000000FF000000FF000000FF000000FF000000FF000000FF000000FF000000FF000000FF000000FF000000FF000000FF000000FF000000FF000000FF000000FF000000FF000000FF000000FF000000FF000000FF000000FF000000FF000000FF000000FF000000FF000000FF000000FF000000FF000000FF000000FF000000FF000000FF000000FF000000FF000000FF000000FF000000FF000000FF000000FF000000FF000000FF000000FF000000FF000000FF000000FF000000FF000000FF000000FF000000FF000000FF000000FF000000FF000000FF000000FF000000FF000000FF000000FF000000FF000000FF000000FF000000FF000000FF000000FF000000FF000000FF000000FF000000FF000000FF000000FF000000FF000000FF000000FF000000FF000000FF000000FF000000FF000000FF000000FF000000FF000000FF000000FF000000FF000000FF000000FF000000FF000000FF000000FF000000FF000000FF000000FF000000FF000000FF000000FF000000FF000000FF000000FF2BFD99FF2BFD99FF000000FF000000FF000000FF000000FF000000FF000000FF000000FF000000FF000000FF000000FF2BFD99FF2BFD99FF2BFD99FF2BFD99FF2BFD99FF2BFD99FF000000FF000000FF000000FF000000FF000000FF000000FF2BFD99FF2BFD99FF2BFD99FF2BFD99FF2BFD99FF2BFD99FF2BFD99FF2BFD99FF000000FF000000FF000000FF000000FF000000FF000000FF2BFD99FF2BFD99FF2BFD99FF2BFD99FF2BFD99FF2BFD99FF2BFD99FF2BFD99FF000000FF000000FF000000FF000000FF000000FF000000FF000000FF000000FF2BFD99FF2BFD99FF2BFD99FF2BFD99FF2BFD99FF2BFD99FF000000FF000000FF000000FF000000FF000000FF000000FF000000FF000000FF000000FF000000FF000000FF000000FF000000FF000000FF000000FF000000FF000000FF000000FF000000FF000000FF000000FF000000FF000000FF000000FF000000FF000000FF000000FF000000FF000000FF000000FF000000FF000000FF000000FF000000FF2BFD99FF2BFD99FF2BFD99FF2BFD99FF2BFD99FF2BFD99FF2BFD99FF2BFD99FF2BFD99FF2BFD99FF000000FF000000FF000000FF000000FF2BFD99FF2BFD99FF2BFD99FF2BFD99FF2BFD99FF2BFD99FF2BFD99FF2BFD99FF2BFD99FF2BFD99FF000000FF000000FF000000FF000000FF000000FF000000FF000000FF000000FF000000FF000000FF000000FF000000FF000000FF000000FF000000FF000000FF000000FF000000FF000000FF000000FF000000FF000000FF2BFD99FF2BFD99FF2BFD99FF2BFD99FF2BFD99FF2BFD99FF000000FF000000FF000000FF000000FF000000FF000000FF2BFD99FF2BFD99FF2BFD99FF2BFD99FF2BFD99FF2BFD99FF000000FF000000FF000000FF000000FF000000FF000000FF000000FF000000FF000000FF000000FF000000FF000000FF000000FF000000FF000000FF000000FF000000FF000000FF000000FF000000FF000000FF000000FF000000FF000000FF2BFD99FF2BFD99FF2BFD99FF2BFD99FF2BFD99FF2BFD99FF000000FF000000FF000000FF000000FF000000FF000000FF2BFD99FF2BFD99FF2BFD99FF2BFD99FF2BFD99FF2BFD99FF000000FF000000FF000000FF000000FF000000FF000000FF000000FF000000FF000000FF000000FF000000FF000000FF000000FF000000FF000000FF000000FF000000FF000000FF000000FF000000FF000000FF000000FF2BFD99FF2BFD99FF2BFD99FF2BFD99FF2BFD99FF2BFD99FF000000FF000000FF000000FF000000FF000000FF000000FF2BFD99FF2BFD99FF2BFD99FF2BFD99FF2BFD99FF2BFD99FF2BFD99FF2BFD99FF000000FF000000FF000000FF000000FF000000FF000000FF000000FF000000FF000000FF000000FF000000FF000000FF000000FF000000FF000000FF000000FF000000FF000000FF000000FF000000FF000000FF000000FF2BFD99FF2BFD99FF2BFD99FF2BFD99FF2BFD99FF2BFD99FF000000FF000000FF000000FF000000FF000000FF000000FF000000FF000000FF2BFD99FF2BFD99FF2BFD99FF2BFD99FF2BFD99FF2BFD99FF000000FF000000FF000000FF000000FF000000FF000000FF000000FF000000FF000000FF000000FF000000FF000000FF000000FF000000FF000000FF000000FF000000FF000000FF000000FF000000FF000000FF000000FF000000FF000000FF000000FF000000FF2BFD99FF2BFD99FF000000FF000000FF000000FF000000FF000000FF000000FF2BFD99FF2BFD99FF2BFD99FF2BFD99FF2BFD99FF2BFD99FF2BFD99FF2BFD99FF2BFD99FF2BFD99FF000000FF000000FF000000FF000000FF000000FF000000FF000000FF000000FF000000FF000000FF000000FF000000FF000000FF000000FF000000FF000000FF000000FF000000FF2BFD99FF2BFD99FF2BFD99FF2BFD99FF2BFD99FF2BFD99FF2BFD99FF2BFD99FF2BFD99FF2BFD99FF000000FF000000FF000000FF000000FF000000FF000000FF2BFD99FF2BFD99FF2BFD99FF2BFD99FF2BFD99FF2BFD99FF000000FF000000FF000000FF000000FF000000FF000000FF000000FF000000FF000000FF000000FF000000FF000000FF000000FF000000FF000000FF000000FF000000FF000000FF000000FF000000FF2BFD99FF2BFD99FF2BFD99FF2BFD99FF2BFD99FF2BFD99FF2BFD99FF2BFD99FF2BFD99FF2BFD99FF000000FF000000FF000000FF000000FF000000FF000000FF2BFD99FF2BFD99FF2BFD99FF2BFD99FF2BFD99FF2BFD99FF000000FF000000FF000000FF000000FF000000FF000000FF000000FF000000FF000000FF000000FF000000FF000000FF000000FF000000FF000000FF000000FF000000FF000000FF000000FF000000FF000000FF000000FF000000FF000000FF2BFD99FF2BFD99FF2BFD99FF2BFD99FF2BFD99FF2BFD99FF000000FF000000FF000000FF000000FF2BFD99FF2BFD99FF2BFD99FF2BFD99FF2BFD99FF2BFD99FF2BFD99FF2BFD99FF2BFD99FF2BFD99FF000000FF000000FF000000FF000000FF000000FF000000FF000000FF000000FF000000FF000000FF000000FF000000FF000000FF000000FF000000FF000000FF000000FF000000FF2BFD99FF2BFD99FF2BFD99FF2BFD99FF2BFD99FF2BFD99FF2BFD99FF2BFD99FF2BFD99FF2BFD99FF000000FF000000FF000000FF000000FF000000FF000000FF2BFD99FF2BFD99FF2BFD99FF2BFD99FF2BFD99FF2BFD99FF000000FF000000FF000000FF000000FF000000FF000000FF000000FF000000FF000000FF000000FF000000FF000000FF000000FF000000FF000000FF000000FF000000FF000000FF000000FF000000FF2BFD99FF2BFD99FF2BFD99FF2BFD99FF2BFD99FF2BFD99FF2BFD99FF2BFD99FF2BFD99FF2BFD99FF000000FF000000FF000000FF000000FF000000FF000000FF000000FF000000FF2BFD99FF2BFD99FF000000FF000000FF000000FF000000FF000000FF000000FF000000FF000000FF000000FF000000FF000000FF000000FF000000FF000000FF000000FF000000FF000000FF000000FF000000FF000000FF000000FF000000FF000000FF000000FF000000FF000000FF2BFD99FF2BFD99FF000000FF000000FF000000FF000000FF000000FF000000FF000000FF000000FF000000FF000000FF2BFD99FF2BFD99FF2BFD99FF2BFD99FF2BFD99FF2BFD99FF000000FF000000FF000000FF000000FF000000FF000000FF2BFD99FF2BFD99FF2BFD99FF2BFD99FF2BFD99FF2BFD99FF2BFD99FF2BFD99FF000000FF000000FF000000FF000000FF000000FF000000FF2BFD99FF2BFD99FF2BFD99FF2BFD99FF2BFD99FF2BFD99FF2BFD99FF2BFD99FF000000FF000000FF000000FF000000FF000000FF000000FF000000FF000000FF2BFD99FF2BFD99FF2BFD99FF2BFD99FF2BFD99FF2BFD99FF000000FF000000FF000000FF000000FF000000FF000000FF000000FF000000FF000000FF000000FF000000FF000000FF000000FF000000FF000000FF000000FF000000FF000000FF000000FF000000FF000000FF000000FF000000FF000000FF000000FF000000FF000000FF000000FF000000FF000000FF000000FF000000FF000000FF000000FF2BFD99FF2BFD99FF2BFD99FF2BFD99FF2BFD99FF2BFD99FF2BFD99FF2BFD99FF2BFD99FF2BFD99FF000000FF000000FF000000FF000000FF2BFD99FF2BFD99FF2BFD99FF2BFD99FF2BFD99FF2BFD99FF2BFD99FF2BFD99FF2BFD99FF2BFD99FF000000FF000000FF000000FF000000FF000000FF000000FF000000FF000000FF000000FF000000FF000000FF000000FF000000FF000000FF000000FF000000FF000000FF000000FF000000FF000000FF000000FF000000FF2BFD99FF2BFD99FF2BFD99FF2BFD99FF2BFD99FF2BFD99FF000000FF000000FF000000FF000000FF000000FF000000FF2BFD99FF2BFD99FF2BFD99FF2BFD99FF2BFD99FF2BFD99FF000000FF000000FF000000FF000000FF000000FF000000FF000000FF000000FF000000FF000000FF000000FF000000FF000000FF000000FF000000FF000000FF000000FF000000FF000000FF000000FF000000FF000000FF000000FF000000FF2BFD99FF2BFD99FF2BFD99FF2BFD99FF2BFD99FF2BFD99FF000000FF000000FF000000FF000000FF000000FF000000FF2BFD99FF2BFD99FF2BFD99FF2BFD99FF2BFD99FF2BFD99FF000000FF000000FF000000FF000000FF000000FF000000FF000000FF000000FF000000FF000000FF000000FF000000FF000000FF000000FF000000FF000000FF000000FF000000FF000000FF000000FF000000FF000000FF2BFD99FF2BFD99FF2BFD99FF2BFD99FF2BFD99FF2BFD99FF000000FF000000FF000000FF000000FF000000FF000000FF2BFD99FF2BFD99FF2BFD99FF2BFD99FF2BFD99FF2BFD99FF2BFD99FF2BFD99FF000000FF000000FF000000FF000000FF000000FF000000FF000000FF000000FF000000FF000000FF000000FF000000FF000000FF000000FF000000FF000000FF000000FF000000FF000000FF000000FF000000FF000000FF2BFD99FF2BFD99FF2BFD99FF2BFD99FF2BFD99FF2BFD99FF000000FF000000FF000000FF000000FF000000FF000000FF000000FF000000FF2BFD99FF2BFD99FF2BFD99FF2BFD99FF2BFD99FF2BFD99FF000000FF000000FF000000FF000000FF000000FF000000FF000000FF000000FF000000FF000000FF000000FF000000FF000000FF000000FF000000FF000000FF000000FF000000FF000000FF000000FF000000FF000000FF000000FF000000FF000000FF000000FF2BFD99FF2BFD99FF000000FF000000FF000000FF000000FF000000FF000000FF2BFD99FF2BFD99FF2BFD99FF2BFD99FF2BFD99FF2BFD99FF2BFD99FF2BFD99FF2BFD99FF2BFD99FF000000FF000000FF000000FF000000FF000000FF000000FF000000FF000000FF000000FF000000FF000000FF000000FF000000FF000000FF000000FF000000FF000000FF000000FF2BFD99FF2BFD99FF2BFD99FF2BFD99FF2BFD99FF2BFD99FF2BFD99FF2BFD99FF2BFD99FF2BFD99FF000000FF000000FF000000FF000000FF000000FF000000FF2BFD99FF2BFD99FF2BFD99FF2BFD99FF2BFD99FF2BFD99FF000000FF000000FF000000FF000000FF000000FF000000FF000000FF000000FF000000FF000000FF000000FF000000FF000000FF000000FF000000FF000000FF000000FF000000FF000000FF000000FF2BFD99FF2BFD99FF2BFD99FF2BFD99FF2BFD99FF2BFD99FF2BFD99FF2BFD99FF2BFD99FF2BFD99FF000000FF000000FF000000FF000000FF000000FF000000FF2BFD99FF2BFD99FF2BFD99FF2BFD99FF2BFD99FF2BFD99FF000000FF000000FF000000FF000000FF000000FF000000FF000000FF000000FF000000FF000000FF000000FF000000FF000000FF000000FF000000FF000000FF000000FF000000FF000000FF000000FF000000FF000000FF000000FF000000FF2BFD99FF2BFD99FF2BFD99FF2BFD99FF2BFD99FF2BFD99FF000000FF000000FF000000FF000000FF2BFD99FF2BFD99FF2BFD99FF2BFD99FF2BFD99FF2BFD99FF2BFD99FF2BFD99FF2BFD99FF2BFD99FF000000FF000000FF000000FF000000FF000000FF000000FF000000FF000000FF000000FF000000FF000000FF000000FF000000FF000000FF000000FF000000FF000000FF000000FF2BFD99FF2BFD99FF2BFD99FF2BFD99FF2BFD99FF2BFD99FF2BFD99FF2BFD99FF2BFD99FF2BFD99FF000000FF000000FF000000FF000000FF000000FF000000FF2BFD99FF2BFD99FF2BFD99FF2BFD99FF2BFD99FF2BFD99FF000000FF000000FF000000FF000000FF000000FF000000FF000000FF000000FF000000FF000000FF000000FF000000FF000000FF000000FF000000FF000000FF000000FF000000FF000000FF000000FF2BFD99FF2BFD99FF2BFD99FF2BFD99FF2BFD99FF2BFD99FF2BFD99FF2BFD99FF2BFD99FF2BFD99FF000000FF000000FF000000FF000000FF000000FF000000FF000000FF000000FF2BFD99FF2BFD99FF000000FF000000FF000000FF000000FF000000FF000000FF000000FF000000FF000000FF000000FF000000FF000000FF000000FF000000FF000000FF000000FF000000FF000000FF000000FF000000FF000000FF000000FF2BFD99FF2BFD99FF000000FF000000FF2BFD99FF2BFD99FF000000FF000000FF2BFD99FF2BFD99FF000000FF000000FF000000FF000000FF2BFD99FF2BFD99FF000000FF000000FF000000FF000000FF000000FF000000FF2BFD99FF2BFD99FF000000FF000000FF000000FF000000FF2BFD99FF2BFD99FF000000FF000000FF000000FF000000FF000000FF000000FF2BFD99FF2BFD99FF000000FF000000FF000000FF000000FF2BFD99FF2BFD99FF000000FF000000FF000000FF000000FF000000FF000000FF2BFD99FF2BFD99FF000000FF000000FF000000FF000000FF2BFD99FF2BFD99FF000000FF000000FF000000FF000000FF000000FF000000FF2BFD99FF2BFD99FF000000FF000000FF000000FF000000FF000000FF000000FF000000FF000000FF000000FF000000FF000000FF000000FF000000FF000000FF000000FF000000FF000000FF000000FF000000FF000000FF000000FF000000FF000000FF000000FF000000FF000000FF000000FF000000FF000000FF000000FF000000FF000000FF000000FF000000FF000000FF000000FF000000FF000000FF000000FF000000FF2BFD99FF2BFD99FF000000FF000000FF000000FF000000FF2BFD99FF2BFD99FF000000FF000000FF000000FF000000FF000000FF000000FF000000FF000000FF000000FF000000FF000000FF000000FF000000FF000000FF000000FF000000FF000000FF000000FF000000FF000000FF000000FF000000FF000000FF000000FF000000FF000000FF000000FF000000FF2BFD99FF2BFD99FF000000FF000000FF000000FF000000FF000000FF000000FF000000FF000000FF000000FF000000FF2BFD99FF2BFD99FF000000FF000000FF000000FF000000FF000000FF000000FF2BFD99FF2BFD99FF000000FF000000FF000000FF000000FF000000FF000000FF000000FF000000FF000000FF000000FF000000FF000000FF000000FF000000FF000000FF000000FF000000FF000000FF000000FF000000FF2BFD99FF2BFD99FF000000FF000000FF000000FF000000FF000000FF000000FF000000FF000000FF000000FF000000FF2BFD99FF2BFD99FF000000FF000000FF000000FF000000FF000000FF000000FF2BFD99FF2BFD99FF000000FF000000FF000000FF000000FF000000FF000000FF000000FF000000FF000000FF000000FF000000FF000000FF000000FF000000FF000000FF000000FF000000FF000000FF2BFD99FF2BFD99FF000000FF000000FF000000FF000000FF000000FF000000FF2BFD99FF2BFD99FF000000FF000000FF000000FF000000FF2BFD99FF2BFD99FF000000FF000000FF000000FF000000FF000000FF000000FF2BFD99FF2BFD99FF000000FF000000FF000000FF000000FF000000FF000000FF000000FF000000FF000000FF000000FF000000FF000000FF000000FF000000FF000000FF000000FF000000FF000000FF2BFD99FF2BFD99FF000000FF000000FF000000FF000000FF000000FF000000FF2BFD99FF2BFD99FF000000FF000000FF000000FF000000FF2BFD99FF2BFD99FF000000FF000000FF000000FF000000FF000000FF000000FF2BFD99FF2BFD99FF000000FF000000FF000000FF000000FF000000FF000000FF000000FF000000FF000000FF000000FF000000FF000000FF000000FF000000FF000000FF000000FF000000FF000000FF000000FF000000FF000000FF000000FF2BFD99FF2BFD99FF2BFD99FF2BFD99FF000000FF000000FF000000FF000000FF000000FF000000FF2BFD99FF2BFD99FF000000FF000000FF000000FF000000FF000000FF000000FF000000FF000000FF000000FF000000FF000000FF000000FF000000FF000000FF000000FF000000FF000000FF000000FF000000FF000000FF000000FF000000FF000000FF000000FF000000FF000000FF000000FF000000FF000000FF000000FF000000FF000000FF000000FF000000FF2BFD99FF2BFD99FF000000FF000000FF000000FF000000FF2BFD99FF2BFD99FF000000FF000000FF000000FF000000FF000000FF000000FF2BFD99FF2BFD99FF000000FF000000FF000000FF000000FF000000FF000000FF000000FF000000FF000000FF000000FF000000FF000000FF000000FF000000FF000000FF000000FF000000FF000000FF000000FF000000FF000000FF000000FF000000FF000000FF000000FF000000FF2BFD99FF2BFD99FF000000FF000000FF000000FF000000FF2BFD99FF2BFD99FF000000FF000000FF000000FF000000FF000000FF000000FF2BFD99FF2BFD99FF000000FF000000FF000000FF000000FF000000FF000000FF000000FF000000FF000000FF000000FF000000FF000000FF000000FF000000FF000000FF000000FF000000FF000000FF000000FF000000FF2BFD99FF2BFD99FF000000FF000000FF000000FF000000FF000000FF000000FF000000FF000000FF000000FF000000FF2BFD99FF2BFD99FF000000FF000000FF000000FF000000FF000000FF000000FF000000FF000000FF000000FF000000FF000000FF000000FF000000FF000000FF000000FF000000FF000000FF000000FF000000FF000000FF000000FF000000FF000000FF000000FF000000FF000000FF000000FF000000FF000000FF000000FF000000FF000000FF000000FF000000FF2BFD99FF2BFD99FF000000FF000000FF000000FF000000FF2BFD99FF2BFD99FF000000FF000000FF000000FF000000FF000000FF000000FF2BFD99FF2BFD99FF000000FF000000FF000000FF000000FF000000FF000000FF000000FF000000FF000000FF000000FF000000FF000000FF000000FF000000FF000000FF000000FF000000FF000000FF000000FF000000FF000000FF000000FF000000FF000000FF000000FF000000FF2BFD99FF2BFD99FF000000FF000000FF000000FF000000FF000000FF000000FF2BFD99FF2BFD99FF000000FF000000FF2BFD99FF2BFD99FF000000FF000000FF000000FF000000FF000000FF000000FF000000FF000000FF000000FF000000FF000000FF000000FF000000FF000000FF000000FF000000FF000000FF000000FF000000FF000000FF2BFD99FF2BFD99FF000000FF000000FF2BFD99FF2BFD99FF000000FF000000FF2BFD99FF2BFD99FF000000FF000000FF000000FF000000FF2BFD99FF2BFD99FF000000FF000000FF000000FF000000FF000000FF000000FF2BFD99FF2BFD99FF000000FF000000FF000000FF000000FF2BFD99FF2BFD99FF000000FF000000FF000000FF000000FF000000FF000000FF2BFD99FF2BFD99FF000000FF000000FF000000FF000000FF2BFD99FF2BFD99FF000000FF000000FF000000FF000000FF000000FF000000FF2BFD99FF2BFD99FF000000FF000000FF000000FF000000FF2BFD99FF2BFD99FF000000FF000000FF000000FF000000FF000000FF000000FF2BFD99FF2BFD99FF000000FF000000FF000000FF000000FF000000FF000000FF000000FF000000FF000000FF000000FF000000FF000000FF000000FF000000FF000000FF000000FF000000FF000000FF000000FF000000FF000000FF000000FF000000FF000000FF000000FF000000FF000000FF000000FF000000FF000000FF000000FF000000FF000000FF000000FF000000FF000000FF000000FF000000FF000000FF000000FF2BFD99FF2BFD99FF000000FF000000FF000000FF000000FF2BFD99FF2BFD99FF000000FF000000FF000000FF000000FF000000FF000000FF000000FF000000FF000000FF000000FF000000FF000000FF000000FF000000FF000000FF000000FF000000FF000000FF000000FF000000FF000000FF000000FF000000FF000000FF000000FF000000FF000000FF000000FF2BFD99FF2BFD99FF000000FF000000FF000000FF000000FF000000FF000000FF000000FF000000FF000000FF000000FF2BFD99FF2BFD99FF000000FF000000FF000000FF000000FF000000FF000000FF2BFD99FF2BFD99FF000000FF000000FF000000FF000000FF000000FF000000FF000000FF000000FF000000FF000000FF000000FF000000FF000000FF000000FF000000FF000000FF000000FF000000FF000000FF000000FF2BFD99FF2BFD99FF000000FF000000FF000000FF000000FF000000FF000000FF000000FF000000FF000000FF000000FF2BFD99FF2BFD99FF000000FF000000FF000000FF000000FF000000FF000000FF2BFD99FF2BFD99FF000000FF000000FF000000FF000000FF000000FF000000FF000000FF000000FF000000FF000000FF000000FF000000FF000000FF000000FF000000FF000000FF000000FF000000FF2BFD99FF2BFD99FF000000FF000000FF000000FF000000FF000000FF000000FF2BFD99FF2BFD99FF000000FF000000FF000000FF000000FF2BFD99FF2BFD99FF000000FF000000FF000000FF000000FF000000FF000000FF2BFD99FF2BFD99FF000000FF000000FF000000FF000000FF000000FF000000FF000000FF000000FF000000FF000000FF000000FF000000FF000000FF000000FF000000FF000000FF000000FF000000FF2BFD99FF2BFD99FF000000FF000000FF000000FF000000FF000000FF000000FF2BFD99FF2BFD99FF000000FF000000FF000000FF000000FF2BFD99FF2BFD99FF000000FF000000FF000000FF000000FF000000FF000000FF2BFD99FF2BFD99FF000000FF000000FF000000FF000000FF000000FF000000FF000000FF000000FF000000FF000000FF000000FF000000FF000000FF000000FF000000FF000000FF000000FF000000FF000000FF000000FF000000FF000000FF2BFD99FF2BFD99FF2BFD99FF2BFD99FF000000FF000000FF000000FF000000FF000000FF000000FF2BFD99FF2BFD99FF000000FF000000FF000000FF000000FF000000FF000000FF000000FF000000FF000000FF000000FF000000FF000000FF000000FF000000FF000000FF000000FF000000FF000000FF000000FF000000FF000000FF000000FF000000FF000000FF000000FF000000FF000000FF000000FF000000FF000000FF000000FF000000FF000000FF000000FF2BFD99FF2BFD99FF000000FF000000FF000000FF000000FF2BFD99FF2BFD99FF000000FF000000FF000000FF000000FF000000FF000000FF2BFD99FF2BFD99FF000000FF000000FF000000FF000000FF000000FF000000FF000000FF000000FF000000FF000000FF000000FF000000FF000000FF000000FF000000FF000000FF000000FF000000FF000000FF000000FF000000FF000000FF000000FF000000FF000000FF000000FF2BFD99FF2BFD99FF000000FF000000FF000000FF000000FF2BFD99FF2BFD99FF000000FF000000FF000000FF000000FF000000FF000000FF2BFD99FF2BFD99FF000000FF000000FF000000FF000000FF000000FF000000FF000000FF000000FF000000FF000000FF000000FF000000FF000000FF000000FF000000FF000000FF000000FF000000FF000000FF000000FF2BFD99FF2BFD99FF000000FF000000FF000000FF000000FF000000FF000000FF000000FF000000FF000000FF000000FF2BFD99FF2BFD99FF000000FF000000FF000000FF000000FF000000FF000000FF000000FF000000FF000000FF000000FF000000FF000000FF000000FF000000FF000000FF000000FF000000FF000000FF000000FF000000FF000000FF000000FF000000FF000000FF000000FF000000FF000000FF000000FF000000FF000000FF000000FF000000FF000000FF000000FF2BFD99FF2BFD99FF000000FF000000FF000000FF000000FF2BFD99FF2BFD99FF000000FF000000FF000000FF000000FF000000FF000000FF2BFD99FF2BFD99FF000000FF000000FF000000FF000000FF000000FF000000FF000000FF000000FF000000FF000000FF000000FF000000FF000000FF000000FF000000FF000000FF000000FF000000FF000000FF000000FF000000FF000000FF000000FF000000FF000000FF000000FF2BFD99FF2BFD99FF000000FF000000FF000000FF000000FF000000FF000000FF2BFD99FF2BFD99FF000000FF000000FF2BFD99FF2BFD99FF000000FF000000FF000000FF000000FF000000FF000000FF000000FF000000FF000000FF000000FF000000FF000000FF000000FF000000FF000000FF000000FF000000FF000000FF000000FF000000FF000000FF000000FF2BFD99FF2BFD99FF2BFD99FF2BFD99FF2BFD99FF2BFD99FF000000FF000000FF000000FF000000FF000000FF000000FF000000FF000000FF000000FF000000FF000000FF000000FF000000FF000000FF2BFD99FF2BFD99FF000000FF000000FF000000FF000000FF2BFD99FF2BFD99FF000000FF000000FF000000FF000000FF000000FF000000FF2BFD99FF2BFD99FF000000FF000000FF000000FF000000FF2BFD99FF2BFD99FF000000FF000000FF000000FF000000FF000000FF000000FF2BFD99FF2BFD99FF000000FF000000FF000000FF000000FF2BFD99FF2BFD99FF000000FF000000FF000000FF000000FF2BFD99FF2BFD99FF2BFD99FF2BFD99FF000000FF000000FF000000FF000000FF000000FF000000FF000000FF000000FF2BFD99FF2BFD99FF000000FF000000FF000000FF000000FF000000FF000000FF000000FF000000FF000000FF000000FF000000FF000000FF000000FF000000FF000000FF000000FF000000FF000000FF000000FF000000FF000000FF000000FF000000FF000000FF000000FF000000FF000000FF000000FF2BFD99FF2BFD99FF000000FF000000FF000000FF000000FF000000FF000000FF2BFD99FF2BFD99FF2BFD99FF2BFD99FF2BFD99FF2BFD99FF2BFD99FF2BFD99FF000000FF000000FF000000FF000000FF000000FF000000FF000000FF000000FF000000FF000000FF000000FF000000FF000000FF000000FF000000FF000000FF000000FF000000FF000000FF000000FF2BFD99FF2BFD99FF000000FF000000FF000000FF000000FF000000FF000000FF000000FF000000FF000000FF000000FF000000FF000000FF2BFD99FF2BFD99FF000000FF000000FF000000FF000000FF000000FF000000FF000000FF000000FF000000FF000000FF000000FF000000FF000000FF000000FF000000FF000000FF000000FF000000FF000000FF000000FF000000FF000000FF000000FF000000FF000000FF000000FF2BFD99FF2BFD99FF000000FF000000FF000000FF000000FF000000FF000000FF000000FF000000FF000000FF000000FF000000FF000000FF2BFD99FF2BFD99FF000000FF000000FF000000FF000000FF000000FF000000FF000000FF000000FF000000FF000000FF000000FF000000FF000000FF000000FF000000FF000000FF000000FF000000FF000000FF000000FF000000FF000000FF000000FF000000FF000000FF000000FF2BFD99FF2BFD99FF000000FF000000FF000000FF000000FF2BFD99FF2BFD99FF2BFD99FF2BFD99FF000000FF000000FF000000FF000000FF2BFD99FF2BFD99FF000000FF000000FF000000FF000000FF000000FF000000FF2BFD99FF2BFD99FF000000FF000000FF000000FF000000FF000000FF000000FF000000FF000000FF000000FF000000FF000000FF000000FF000000FF000000FF000000FF000000FF000000FF000000FF2BFD99FF2BFD99FF000000FF000000FF000000FF000000FF2BFD99FF2BFD99FF2BFD99FF2BFD99FF000000FF000000FF000000FF000000FF2BFD99FF2BFD99FF000000FF000000FF000000FF000000FF2BFD99FF2BFD99FF2BFD99FF2BFD99FF000000FF000000FF000000FF000000FF000000FF000000FF000000FF000000FF000000FF000000FF000000FF000000FF000000FF000000FF000000FF000000FF000000FF000000FF000000FF000000FF2BFD99FF2BFD99FF000000FF000000FF2BFD99FF2BFD99FF000000FF000000FF000000FF000000FF000000FF000000FF2BFD99FF2BFD99FF2BFD99FF2BFD99FF2BFD99FF2BFD99FF2BFD99FF2BFD99FF000000FF000000FF000000FF000000FF000000FF000000FF000000FF000000FF000000FF000000FF000000FF000000FF000000FF000000FF000000FF000000FF000000FF000000FF000000FF000000FF000000FF000000FF000000FF000000FF000000FF000000FF2BFD99FF2BFD99FF000000FF000000FF000000FF000000FF000000FF000000FF000000FF000000FF000000FF000000FF000000FF000000FF000000FF000000FF2BFD99FF2BFD99FF000000FF000000FF000000FF000000FF000000FF000000FF000000FF000000FF000000FF000000FF000000FF000000FF000000FF000000FF000000FF000000FF000000FF000000FF000000FF000000FF000000FF000000FF000000FF000000FF2BFD99FF2BFD99FF000000FF000000FF000000FF000000FF000000FF000000FF000000FF000000FF000000FF000000FF000000FF000000FF000000FF000000FF2BFD99FF2BFD99FF000000FF000000FF000000FF000000FF000000FF000000FF000000FF000000FF000000FF000000FF000000FF000000FF000000FF000000FF000000FF000000FF000000FF000000FF2BFD99FF2BFD99FF000000FF000000FF000000FF000000FF000000FF000000FF000000FF000000FF000000FF000000FF000000FF000000FF2BFD99FF2BFD99FF000000FF000000FF000000FF000000FF000000FF000000FF000000FF000000FF000000FF000000FF000000FF000000FF000000FF000000FF000000FF000000FF000000FF000000FF000000FF000000FF000000FF000000FF000000FF000000FF000000FF000000FF000000FF000000FF000000FF000000FF000000FF000000FF2BFD99FF2BFD99FF000000FF000000FF000000FF000000FF000000FF000000FF000000FF000000FF000000FF000000FF000000FF000000FF000000FF000000FF2BFD99FF2BFD99FF000000FF000000FF000000FF000000FF000000FF000000FF000000FF000000FF000000FF000000FF000000FF000000FF000000FF000000FF000000FF000000FF000000FF000000FF000000FF000000FF000000FF000000FF000000FF000000FF2BFD99FF2BFD99FF000000FF000000FF000000FF000000FF000000FF000000FF2BFD99FF2BFD99FF000000FF000000FF000000FF000000FF000000FF000000FF2BFD99FF2BFD99FF000000FF000000FF000000FF000000FF000000FF000000FF000000FF000000FF000000FF000000FF000000FF000000FF000000FF000000FF000000FF000000FF000000FF000000FF000000FF000000FF2BFD99FF2BFD99FF2BFD99FF2BFD99FF2BFD99FF2BFD99FF000000FF000000FF000000FF000000FF000000FF000000FF000000FF000000FF000000FF000000FF000000FF000000FF000000FF000000FF2BFD99FF2BFD99FF000000FF000000FF000000FF000000FF2BFD99FF2BFD99FF000000FF000000FF000000FF000000FF000000FF000000FF2BFD99FF2BFD99FF000000FF000000FF000000FF000000FF2BFD99FF2BFD99FF000000FF000000FF000000FF000000FF000000FF000000FF2BFD99FF2BFD99FF000000FF000000FF000000FF000000FF2BFD99FF2BFD99FF000000FF000000FF000000FF000000FF2BFD99FF2BFD99FF2BFD99FF2BFD99FF000000FF000000FF000000FF000000FF000000FF000000FF000000FF000000FF2BFD99FF2BFD99FF000000FF000000FF000000FF000000FF000000FF000000FF000000FF000000FF000000FF000000FF000000FF000000FF000000FF000000FF000000FF000000FF000000FF000000FF000000FF000000FF000000FF000000FF000000FF000000FF000000FF000000FF000000FF000000FF2BFD99FF2BFD99FF000000FF000000FF000000FF000000FF000000FF000000FF2BFD99FF2BFD99FF2BFD99FF2BFD99FF2BFD99FF2BFD99FF2BFD99FF2BFD99FF000000FF000000FF000000FF000000FF000000FF000000FF000000FF000000FF000000FF000000FF000000FF000000FF000000FF000000FF000000FF000000FF000000FF000000FF000000FF000000FF2BFD99FF2BFD99FF000000FF000000FF000000FF000000FF000000FF000000FF000000FF000000FF000000FF000000FF000000FF000000FF2BFD99FF2BFD99FF000000FF000000FF000000FF000000FF000000FF000000FF000000FF000000FF000000FF000000FF000000FF000000FF000000FF000000FF000000FF000000FF000000FF000000FF000000FF000000FF000000FF000000FF000000FF000000FF000000FF000000FF2BFD99FF2BFD99FF000000FF000000FF000000FF000000FF000000FF000000FF000000FF000000FF000000FF000000FF000000FF000000FF2BFD99FF2BFD99FF000000FF000000FF000000FF000000FF000000FF000000FF000000FF000000FF000000FF000000FF000000FF000000FF000000FF000000FF000000FF000000FF000000FF000000FF000000FF000000FF000000FF000000FF000000FF000000FF000000FF000000FF2BFD99FF2BFD99FF000000FF000000FF000000FF000000FF2BFD99FF2BFD99FF2BFD99FF2BFD99FF000000FF000000FF000000FF000000FF2BFD99FF2BFD99FF000000FF000000FF000000FF000000FF000000FF000000FF2BFD99FF2BFD99FF000000FF000000FF000000FF000000FF000000FF000000FF000000FF000000FF000000FF000000FF000000FF000000FF000000FF000000FF000000FF000000FF000000FF000000FF2BFD99FF2BFD99FF000000FF000000FF000000FF000000FF2BFD99FF2BFD99FF2BFD99FF2BFD99FF000000FF000000FF000000FF000000FF2BFD99FF2BFD99FF000000FF000000FF000000FF000000FF2BFD99FF2BFD99FF2BFD99FF2BFD99FF000000FF000000FF000000FF000000FF000000FF000000FF000000FF000000FF000000FF000000FF000000FF000000FF000000FF000000FF000000FF000000FF000000FF000000FF000000FF000000FF2BFD99FF2BFD99FF000000FF000000FF2BFD99FF2BFD99FF000000FF000000FF000000FF000000FF000000FF000000FF2BFD99FF2BFD99FF2BFD99FF2BFD99FF2BFD99FF2BFD99FF2BFD99FF2BFD99FF000000FF000000FF000000FF000000FF000000FF000000FF000000FF000000FF000000FF000000FF000000FF000000FF000000FF000000FF000000FF000000FF000000FF000000FF000000FF000000FF000000FF000000FF000000FF000000FF000000FF000000FF2BFD99FF2BFD99FF000000FF000000FF000000FF000000FF000000FF000000FF000000FF000000FF000000FF000000FF000000FF000000FF000000FF000000FF2BFD99FF2BFD99FF000000FF000000FF000000FF000000FF000000FF000000FF000000FF000000FF000000FF000000FF000000FF000000FF000000FF000000FF000000FF000000FF000000FF000000FF000000FF000000FF000000FF000000FF000000FF000000FF2BFD99FF2BFD99FF000000FF000000FF000000FF000000FF000000FF000000FF000000FF000000FF000000FF000000FF000000FF000000FF000000FF000000FF2BFD99FF2BFD99FF000000FF000000FF000000FF000000FF000000FF000000FF000000FF000000FF000000FF000000FF000000FF000000FF000000FF000000FF000000FF000000FF000000FF000000FF2BFD99FF2BFD99FF000000FF000000FF000000FF000000FF000000FF000000FF000000FF000000FF000000FF000000FF000000FF000000FF2BFD99FF2BFD99FF000000FF000000FF000000FF000000FF000000FF000000FF000000FF000000FF000000FF000000FF000000FF000000FF000000FF000000FF000000FF000000FF000000FF000000FF000000FF000000FF000000FF000000FF000000FF000000FF000000FF000000FF000000FF000000FF000000FF000000FF000000FF000000FF2BFD99FF2BFD99FF000000FF000000FF000000FF000000FF000000FF000000FF000000FF000000FF000000FF000000FF000000FF000000FF000000FF000000FF2BFD99FF2BFD99FF000000FF000000FF000000FF000000FF000000FF000000FF000000FF000000FF000000FF000000FF000000FF000000FF000000FF000000FF000000FF000000FF000000FF000000FF000000FF000000FF000000FF000000FF000000FF000000FF2BFD99FF2BFD99FF000000FF000000FF000000FF000000FF000000FF000000FF2BFD99FF2BFD99FF000000FF000000FF000000FF000000FF000000FF000000FF2BFD99FF2BFD99FF000000FF000000FF000000FF000000FF000000FF000000FF000000FF000000FF000000FF000000FF000000FF000000FF000000FF000000FF000000FF000000FF000000FF000000FF000000FF000000FF000000FF000000FF2BFD99FF2BFD99FF000000FF000000FF000000FF000000FF000000FF000000FF000000FF000000FF000000FF000000FF000000FF000000FF2BFD99FF2BFD99FF2BFD99FF2BFD99FF000000FF000000FF000000FF000000FF000000FF000000FF2BFD99FF2BFD99FF000000FF000000FF000000FF000000FF000000FF000000FF2BFD99FF2BFD99FF000000FF000000FF000000FF000000FF2BFD99FF2BFD99FF2BFD99FF2BFD99FF2BFD99FF2BFD99FF2BFD99FF2BFD99FF000000FF000000FF000000FF000000FF000000FF000000FF2BFD99FF2BFD99FF000000FF000000FF2BFD99FF2BFD99FF000000FF000000FF2BFD99FF2BFD99FF000000FF000000FF000000FF000000FF000000FF000000FF000000FF000000FF000000FF000000FF000000FF000000FF000000FF000000FF000000FF000000FF000000FF000000FF000000FF000000FF000000FF000000FF000000FF000000FF000000FF000000FF000000FF000000FF000000FF000000FF000000FF000000FF000000FF000000FF000000FF000000FF2BFD99FF2BFD99FF000000FF000000FF000000FF000000FF000000FF000000FF000000FF000000FF000000FF000000FF000000FF000000FF000000FF000000FF000000FF000000FF2BFD99FF2BFD99FF000000FF000000FF000000FF000000FF000000FF000000FF000000FF000000FF000000FF000000FF000000FF000000FF000000FF000000FF000000FF000000FF000000FF000000FF2BFD99FF2BFD99FF2BFD99FF2BFD99FF2BFD99FF2BFD99FF2BFD99FF2BFD99FF000000FF000000FF000000FF000000FF000000FF000000FF2BFD99FF2BFD99FF000000FF000000FF000000FF000000FF000000FF000000FF000000FF000000FF000000FF000000FF000000FF000000FF000000FF000000FF000000FF000000FF000000FF000000FF000000FF000000FF000000FF000000FF000000FF000000FF000000FF000000FF2BFD99FF2BFD99FF2BFD99FF2BFD99FF2BFD99FF2BFD99FF2BFD99FF2BFD99FF000000FF000000FF000000FF000000FF000000FF000000FF2BFD99FF2BFD99FF000000FF000000FF000000FF000000FF000000FF000000FF000000FF000000FF000000FF000000FF000000FF000000FF000000FF000000FF000000FF000000FF000000FF000000FF000000FF000000FF000000FF000000FF000000FF000000FF000000FF000000FF2BFD99FF2BFD99FF000000FF000000FF2BFD99FF2BFD99FF000000FF000000FF2BFD99FF2BFD99FF000000FF000000FF000000FF000000FF2BFD99FF2BFD99FF000000FF000000FF000000FF000000FF000000FF000000FF2BFD99FF2BFD99FF000000FF000000FF000000FF000000FF000000FF000000FF000000FF000000FF000000FF000000FF000000FF000000FF000000FF000000FF000000FF000000FF000000FF000000FF2BFD99FF2BFD99FF000000FF000000FF2BFD99FF2BFD99FF000000FF000000FF2BFD99FF2BFD99FF000000FF000000FF000000FF000000FF2BFD99FF2BFD99FF000000FF000000FF2BFD99FF2BFD99FF000000FF000000FF2BFD99FF2BFD99FF000000FF000000FF000000FF000000FF000000FF000000FF000000FF000000FF000000FF000000FF000000FF000000FF000000FF000000FF000000FF000000FF000000FF000000FF2BFD99FF2BFD99FF000000FF000000FF000000FF000000FF2BFD99FF2BFD99FF000000FF000000FF000000FF000000FF000000FF000000FF000000FF000000FF000000FF000000FF000000FF000000FF000000FF000000FF2BFD99FF2BFD99FF000000FF000000FF000000FF000000FF000000FF000000FF000000FF000000FF000000FF000000FF000000FF000000FF000000FF000000FF000000FF000000FF000000FF000000FF000000FF000000FF000000FF000000FF2BFD99FF2BFD99FF000000FF000000FF000000FF000000FF000000FF000000FF000000FF000000FF000000FF000000FF000000FF000000FF2BFD99FF2BFD99FF2BFD99FF2BFD99FF000000FF000000FF000000FF000000FF000000FF000000FF000000FF000000FF000000FF000000FF000000FF000000FF000000FF000000FF000000FF000000FF000000FF000000FF000000FF000000FF000000FF000000FF000000FF000000FF2BFD99FF2BFD99FF000000FF000000FF000000FF000000FF000000FF000000FF000000FF000000FF000000FF000000FF000000FF000000FF2BFD99FF2BFD99FF2BFD99FF2BFD99FF000000FF000000FF000000FF000000FF000000FF000000FF000000FF000000FF000000FF000000FF000000FF000000FF000000FF000000FF000000FF000000FF000000FF000000FF000000FF000000FF2BFD99FF2BFD99FF2BFD99FF2BFD99FF2BFD99FF2BFD99FF2BFD99FF2BFD99FF000000FF000000FF000000FF000000FF000000FF000000FF2BFD99FF2BFD99FF2BFD99FF2BFD99FF2BFD99FF2BFD99FF2BFD99FF2BFD99FF000000FF000000FF000000FF000000FF000000FF000000FF000000FF000000FF000000FF000000FF000000FF000000FF000000FF000000FF000000FF000000FF000000FF000000FF000000FF000000FF000000FF000000FF000000FF000000FF2BFD99FF2BFD99FF000000FF000000FF000000FF000000FF000000FF000000FF000000FF000000FF000000FF000000FF000000FF000000FF2BFD99FF2BFD99FF2BFD99FF2BFD99FF000000FF000000FF000000FF000000FF000000FF000000FF000000FF000000FF000000FF000000FF000000FF000000FF000000FF000000FF000000FF000000FF000000FF000000FF000000FF000000FF000000FF000000FF000000FF000000FF2BFD99FF2BFD99FF2BFD99FF2BFD99FF000000FF000000FF000000FF000000FF000000FF000000FF2BFD99FF2BFD99FF000000FF000000FF000000FF000000FF000000FF000000FF2BFD99FF2BFD99FF000000FF000000FF000000FF000000FF000000FF000000FF000000FF000000FF000000FF000000FF000000FF000000FF000000FF000000FF000000FF000000FF000000FF000000FF000000FF000000FF000000FF000000FF2BFD99FF2BFD99FF000000FF000000FF000000FF000000FF000000FF000000FF000000FF000000FF000000FF000000FF000000FF000000FF2BFD99FF2BFD99FF2BFD99FF2BFD99FF000000FF000000FF000000FF000000FF000000FF000000FF2BFD99FF2BFD99FF000000FF000000FF000000FF000000FF000000FF000000FF2BFD99FF2BFD99FF000000FF000000FF000000FF000000FF2BFD99FF2BFD99FF2BFD99FF2BFD99FF2BFD99FF2BFD99FF2BFD99FF2BFD99FF000000FF000000FF000000FF000000FF000000FF000000FF2BFD99FF2BFD99FF000000FF000000FF2BFD99FF2BFD99FF000000FF000000FF2BFD99FF2BFD99FF000000FF000000FF000000FF000000FF000000FF000000FF000000FF000000FF000000FF000000FF000000FF000000FF000000FF000000FF000000FF000000FF000000FF000000FF000000FF000000FF000000FF000000FF000000FF000000FF000000FF000000FF000000FF000000FF000000FF000000FF000000FF000000FF000000FF000000FF000000FF000000FF2BFD99FF2BFD99FF000000FF000000FF000000FF000000FF000000FF000000FF000000FF000000FF000000FF000000FF000000FF000000FF000000FF000000FF000000FF000000FF2BFD99FF2BFD99FF000000FF000000FF000000FF000000FF000000FF000000FF000000FF000000FF000000FF000000FF000000FF000000FF000000FF000000FF000000FF000000FF000000FF000000FF2BFD99FF2BFD99FF2BFD99FF2BFD99FF2BFD99FF2BFD99FF2BFD99FF2BFD99FF000000FF000000FF000000FF000000FF000000FF000000FF2BFD99FF2BFD99FF000000FF000000FF000000FF000000FF000000FF000000FF000000FF000000FF000000FF000000FF000000FF000000FF000000FF000000FF000000FF000000FF000000FF000000FF000000FF000000FF000000FF000000FF000000FF000000FF000000FF000000FF2BFD99FF2BFD99FF2BFD99FF2BFD99FF2BFD99FF2BFD99FF2BFD99FF2BFD99FF000000FF000000FF000000FF000000FF000000FF000000FF2BFD99FF2BFD99FF000000FF000000FF000000FF000000FF000000FF000000FF000000FF000000FF000000FF000000FF000000FF000000FF000000FF000000FF000000FF000000FF000000FF000000FF000000FF000000FF000000FF000000FF000000FF000000FF000000FF000000FF2BFD99FF2BFD99FF000000FF000000FF2BFD99FF2BFD99FF000000FF000000FF2BFD99FF2BFD99FF000000FF000000FF000000FF000000FF2BFD99FF2BFD99FF000000FF000000FF000000FF000000FF000000FF000000FF2BFD99FF2BFD99FF000000FF000000FF000000FF000000FF000000FF000000FF000000FF000000FF000000FF000000FF000000FF000000FF000000FF000000FF000000FF000000FF000000FF000000FF2BFD99FF2BFD99FF000000FF000000FF2BFD99FF2BFD99FF000000FF000000FF2BFD99FF2BFD99FF000000FF000000FF000000FF000000FF2BFD99FF2BFD99FF000000FF000000FF2BFD99FF2BFD99FF000000FF000000FF2BFD99FF2BFD99FF000000FF000000FF000000FF000000FF000000FF000000FF000000FF000000FF000000FF000000FF000000FF000000FF000000FF000000FF000000FF000000FF000000FF000000FF2BFD99FF2BFD99FF000000FF000000FF000000FF000000FF2BFD99FF2BFD99FF000000FF000000FF000000FF000000FF000000FF000000FF000000FF000000FF000000FF000000FF000000FF000000FF000000FF000000FF2BFD99FF2BFD99FF000000FF000000FF000000FF000000FF000000FF000000FF000000FF000000FF000000FF000000FF000000FF000000FF000000FF000000FF000000FF000000FF000000FF000000FF000000FF000000FF000000FF000000FF2BFD99FF2BFD99FF000000FF000000FF000000FF000000FF000000FF000000FF000000FF000000FF000000FF000000FF000000FF000000FF2BFD99FF2BFD99FF2BFD99FF2BFD99FF000000FF000000FF000000FF000000FF000000FF000000FF000000FF000000FF000000FF000000FF000000FF000000FF000000FF000000FF000000FF000000FF000000FF000000FF000000FF000000FF000000FF000000FF000000FF000000FF2BFD99FF2BFD99FF000000FF000000FF000000FF000000FF000000FF000000FF000000FF000000FF000000FF000000FF000000FF000000FF2BFD99FF2BFD99FF2BFD99FF2BFD99FF000000FF000000FF000000FF000000FF000000FF000000FF000000FF000000FF000000FF000000FF000000FF000000FF000000FF000000FF000000FF000000FF000000FF000000FF000000FF000000FF2BFD99FF2BFD99FF2BFD99FF2BFD99FF2BFD99FF2BFD99FF2BFD99FF2BFD99FF000000FF000000FF000000FF000000FF000000FF000000FF2BFD99FF2BFD99FF2BFD99FF2BFD99FF2BFD99FF2BFD99FF2BFD99FF2BFD99FF000000FF000000FF000000FF000000FF000000FF000000FF000000FF000000FF000000FF000000FF000000FF000000FF000000FF000000FF000000FF000000FF000000FF000000FF000000FF000000FF000000FF000000FF000000FF000000FF2BFD99FF2BFD99FF000000FF000000FF000000FF000000FF000000FF000000FF000000FF000000FF000000FF000000FF000000FF000000FF2BFD99FF2BFD99FF2BFD99FF2BFD99FF000000FF000000FF000000FF000000FF000000FF000000FF000000FF000000FF000000FF000000FF000000FF000000FF000000FF000000FF000000FF000000FF000000FF000000FF000000FF000000FF000000FF000000FF000000FF000000FF2BFD99FF2BFD99FF2BFD99FF2BFD99FF000000FF000000FF000000FF000000FF000000FF000000FF2BFD99FF2BFD99FF000000FF000000FF000000FF000000FF000000FF000000FF2BFD99FF2BFD99FF000000FF000000FF000000FF000000FF000000FF000000FF000000FF000000FF000000FF000000FF000000FF000000FF000000FF000000FF000000FF000000FF000000FF000000FF000000FF000000FF2BFD99FF2BFD99FF2BFD99FF2BFD99FF2BFD99FF2BFD99FF000000FF000000FF000000FF000000FF000000FF000000FF000000FF000000FF2BFD99FF2BFD99FF000000FF000000FF000000FF000000FF000000FF000000FF000000FF000000FF000000FF000000FF2BFD99FF2BFD99FF000000FF000000FF000000FF000000FF000000FF000000FF2BFD99FF2BFD99FF000000FF000000FF000000FF000000FF2BFD99FF2BFD99FF000000FF000000FF000000FF000000FF000000FF000000FF2BFD99FF2BFD99FF000000FF000000FF000000FF000000FF2BFD99FF2BFD99FF2BFD99FF2BFD99FF000000FF000000FF000000FF000000FF2BFD99FF2BFD99FF000000FF000000FF000000FF000000FF000000FF000000FF000000FF000000FF2BFD99FF2BFD99FF000000FF000000FF000000FF000000FF000000FF000000FF000000FF000000FF000000FF000000FF000000FF000000FF000000FF000000FF000000FF000000FF000000FF000000FF000000FF000000FF000000FF000000FF000000FF000000FF2BFD99FF2BFD99FF000000FF000000FF000000FF000000FF000000FF000000FF000000FF000000FF000000FF000000FF000000FF000000FF000000FF000000FF000000FF000000FF000000FF000000FF2BFD99FF2BFD99FF000000FF000000FF000000FF000000FF000000FF000000FF000000FF000000FF000000FF000000FF000000FF000000FF000000FF000000FF000000FF000000FF000000FF000000FF2BFD99FF2BFD99FF000000FF000000FF000000FF000000FF000000FF000000FF2BFD99FF2BFD99FF000000FF000000FF000000FF000000FF2BFD99FF2BFD99FF000000FF000000FF000000FF000000FF000000FF000000FF000000FF000000FF000000FF000000FF000000FF000000FF000000FF000000FF000000FF000000FF000000FF000000FF000000FF000000FF000000FF000000FF000000FF000000FF000000FF000000FF2BFD99FF2BFD99FF000000FF000000FF000000FF000000FF000000FF000000FF2BFD99FF2BFD99FF000000FF000000FF000000FF000000FF2BFD99FF2BFD99FF000000FF000000FF000000FF000000FF000000FF000000FF000000FF000000FF000000FF000000FF000000FF000000FF000000FF000000FF000000FF000000FF000000FF000000FF000000FF000000FF000000FF000000FF000000FF000000FF000000FF000000FF2BFD99FF2BFD99FF2BFD99FF2BFD99FF000000FF000000FF000000FF000000FF2BFD99FF2BFD99FF000000FF000000FF000000FF000000FF2BFD99FF2BFD99FF000000FF000000FF000000FF000000FF000000FF000000FF2BFD99FF2BFD99FF000000FF000000FF000000FF000000FF000000FF000000FF000000FF000000FF000000FF000000FF000000FF000000FF000000FF000000FF000000FF000000FF000000FF000000FF2BFD99FF2BFD99FF2BFD99FF2BFD99FF000000FF000000FF000000FF000000FF2BFD99FF2BFD99FF000000FF000000FF000000FF000000FF2BFD99FF2BFD99FF2BFD99FF2BFD99FF000000FF000000FF000000FF000000FF2BFD99FF2BFD99FF000000FF000000FF000000FF000000FF000000FF000000FF000000FF000000FF000000FF000000FF000000FF000000FF000000FF000000FF000000FF000000FF000000FF000000FF2BFD99FF2BFD99FF2BFD99FF2BFD99FF2BFD99FF2BFD99FF2BFD99FF2BFD99FF2BFD99FF2BFD99FF000000FF000000FF000000FF000000FF000000FF000000FF000000FF000000FF000000FF000000FF000000FF000000FF2BFD99FF2BFD99FF000000FF000000FF000000FF000000FF000000FF000000FF000000FF000000FF000000FF000000FF000000FF000000FF000000FF000000FF000000FF000000FF000000FF000000FF000000FF000000FF2BFD99FF2BFD99FF000000FF000000FF000000FF000000FF000000FF000000FF000000FF000000FF000000FF000000FF000000FF000000FF2BFD99FF2BFD99FF000000FF000000FF000000FF000000FF000000FF000000FF000000FF000000FF000000FF000000FF000000FF000000FF000000FF000000FF000000FF000000FF000000FF000000FF000000FF000000FF000000FF000000FF000000FF000000FF000000FF000000FF2BFD99FF2BFD99FF000000FF000000FF000000FF000000FF000000FF000000FF000000FF000000FF000000FF000000FF000000FF000000FF2BFD99FF2BFD99FF000000FF000000FF000000FF000000FF000000FF000000FF000000FF000000FF000000FF000000FF000000FF000000FF000000FF000000FF000000FF000000FF000000FF000000FF000000FF000000FF000000FF000000FF000000FF000000FF2BFD99FF2BFD99FF000000FF000000FF000000FF000000FF000000FF000000FF2BFD99FF2BFD99FF000000FF000000FF000000FF000000FF2BFD99FF2BFD99FF000000FF000000FF000000FF000000FF000000FF000000FF000000FF000000FF000000FF000000FF000000FF000000FF000000FF000000FF000000FF000000FF000000FF000000FF000000FF000000FF000000FF000000FF000000FF000000FF000000FF000000FF000000FF000000FF2BFD99FF2BFD99FF000000FF000000FF000000FF000000FF000000FF000000FF000000FF000000FF000000FF000000FF000000FF000000FF2BFD99FF2BFD99FF000000FF000000FF000000FF000000FF000000FF000000FF000000FF000000FF000000FF000000FF000000FF000000FF000000FF000000FF000000FF000000FF000000FF000000FF000000FF000000FF000000FF000000FF000000FF000000FF000000FF000000FF000000FF000000FF000000FF000000FF000000FF000000FF2BFD99FF2BFD99FF000000FF000000FF000000FF000000FF2BFD99FF2BFD99FF2BFD99FF2BFD99FF2BFD99FF2BFD99FF2BFD99FF2BFD99FF2BFD99FF2BFD99FF000000FF000000FF000000FF000000FF000000FF000000FF000000FF000000FF000000FF000000FF000000FF000000FF000000FF000000FF000000FF000000FF000000FF000000FF000000FF000000FF2BFD99FF2BFD99FF2BFD99FF2BFD99FF2BFD99FF2BFD99FF000000FF000000FF000000FF000000FF000000FF000000FF000000FF000000FF2BFD99FF2BFD99FF000000FF000000FF000000FF000000FF000000FF000000FF000000FF000000FF000000FF000000FF2BFD99FF2BFD99FF000000FF000000FF000000FF000000FF000000FF000000FF2BFD99FF2BFD99FF000000FF000000FF000000FF000000FF2BFD99FF2BFD99FF000000FF000000FF000000FF000000FF000000FF000000FF2BFD99FF2BFD99FF000000FF000000FF000000FF000000FF2BFD99FF2BFD99FF2BFD99FF2BFD99FF000000FF000000FF000000FF000000FF2BFD99FF2BFD99FF000000FF000000FF000000FF000000FF000000FF000000FF000000FF000000FF2BFD99FF2BFD99FF000000FF000000FF000000FF000000FF000000FF000000FF000000FF000000FF000000FF000000FF000000FF000000FF000000FF000000FF000000FF000000FF000000FF000000FF000000FF000000FF000000FF000000FF000000FF000000FF2BFD99FF2BFD99FF000000FF000000FF000000FF000000FF000000FF000000FF000000FF000000FF000000FF000000FF000000FF000000FF000000FF000000FF000000FF000000FF000000FF000000FF2BFD99FF2BFD99FF000000FF000000FF000000FF000000FF000000FF000000FF000000FF000000FF000000FF000000FF000000FF000000FF000000FF000000FF000000FF000000FF000000FF000000FF2BFD99FF2BFD99FF000000FF000000FF000000FF000000FF000000FF000000FF2BFD99FF2BFD99FF000000FF000000FF000000FF000000FF2BFD99FF2BFD99FF000000FF000000FF000000FF000000FF000000FF000000FF000000FF000000FF000000FF000000FF000000FF000000FF000000FF000000FF000000FF000000FF000000FF000000FF000000FF000000FF000000FF000000FF000000FF000000FF000000FF000000FF2BFD99FF2BFD99FF000000FF000000FF000000FF000000FF000000FF000000FF2BFD99FF2BFD99FF000000FF000000FF000000FF000000FF2BFD99FF2BFD99FF000000FF000000FF000000FF000000FF000000FF000000FF000000FF000000FF000000FF000000FF000000FF000000FF000000FF000000FF000000FF000000FF000000FF000000FF000000FF000000FF000000FF000000FF000000FF000000FF000000FF000000FF2BFD99FF2BFD99FF2BFD99FF2BFD99FF000000FF000000FF000000FF000000FF2BFD99FF2BFD99FF000000FF000000FF000000FF000000FF2BFD99FF2BFD99FF000000FF000000FF000000FF000000FF000000FF000000FF2BFD99FF2BFD99FF000000FF000000FF000000FF000000FF000000FF000000FF000000FF000000FF000000FF000000FF000000FF000000FF000000FF000000FF000000FF000000FF000000FF000000FF2BFD99FF2BFD99FF2BFD99FF2BFD99FF000000FF000000FF000000FF000000FF2BFD99FF2BFD99FF000000FF000000FF000000FF000000FF2BFD99FF2BFD99FF2BFD99FF2BFD99FF000000FF000000FF000000FF000000FF2BFD99FF2BFD99FF000000FF000000FF000000FF000000FF000000FF000000FF000000FF000000FF000000FF000000FF000000FF000000FF000000FF000000FF000000FF000000FF000000FF000000FF2BFD99FF2BFD99FF2BFD99FF2BFD99FF2BFD99FF2BFD99FF2BFD99FF2BFD99FF2BFD99FF2BFD99FF000000FF000000FF000000FF000000FF000000FF000000FF000000FF000000FF000000FF000000FF000000FF000000FF2BFD99FF2BFD99FF000000FF000000FF000000FF000000FF000000FF000000FF000000FF000000FF000000FF000000FF000000FF000000FF000000FF000000FF000000FF000000FF000000FF000000FF000000FF000000FF2BFD99FF2BFD99FF000000FF000000FF000000FF000000FF000000FF000000FF000000FF000000FF000000FF000000FF000000FF000000FF2BFD99FF2BFD99FF000000FF000000FF000000FF000000FF000000FF000000FF000000FF000000FF000000FF000000FF000000FF000000FF000000FF000000FF000000FF000000FF000000FF000000FF000000FF000000FF000000FF000000FF000000FF000000FF000000FF000000FF2BFD99FF2BFD99FF000000FF000000FF000000FF000000FF000000FF000000FF000000FF000000FF000000FF000000FF000000FF000000FF2BFD99FF2BFD99FF000000FF000000FF000000FF000000FF000000FF000000FF000000FF000000FF000000FF000000FF000000FF000000FF000000FF000000FF000000FF000000FF000000FF000000FF000000FF000000FF000000FF000000FF000000FF000000FF2BFD99FF2BFD99FF000000FF000000FF000000FF000000FF000000FF000000FF2BFD99FF2BFD99FF000000FF000000FF000000FF000000FF2BFD99FF2BFD99FF000000FF000000FF000000FF000000FF000000FF000000FF000000FF000000FF000000FF000000FF000000FF000000FF000000FF000000FF000000FF000000FF000000FF000000FF000000FF000000FF000000FF000000FF000000FF000000FF000000FF000000FF000000FF000000FF2BFD99FF2BFD99FF000000FF000000FF000000FF000000FF000000FF000000FF000000FF000000FF000000FF000000FF000000FF000000FF2BFD99FF2BFD99FF000000FF000000FF000000FF000000FF000000FF000000FF000000FF000000FF000000FF000000FF000000FF000000FF000000FF000000FF000000FF000000FF000000FF000000FF000000FF000000FF000000FF000000FF000000FF000000FF000000FF000000FF000000FF000000FF000000FF000000FF000000FF000000FF2BFD99FF2BFD99FF000000FF000000FF000000FF000000FF2BFD99FF2BFD99FF2BFD99FF2BFD99FF2BFD99FF2BFD99FF2BFD99FF2BFD99FF2BFD99FF2BFD99FF000000FF000000FF000000FF000000FF000000FF000000FF000000FF000000FF000000FF000000FF000000FF000000FF000000FF000000FF000000FF000000FF000000FF000000FF2BFD99FF2BFD99FF000000FF000000FF2BFD99FF2BFD99FF000000FF000000FF2BFD99FF2BFD99FF000000FF000000FF000000FF000000FF2BFD99FF2BFD99FF000000FF000000FF000000FF000000FF000000FF000000FF000000FF000000FF000000FF000000FF000000FF000000FF2BFD99FF2BFD99FF000000FF000000FF000000FF000000FF000000FF000000FF2BFD99FF2BFD99FF000000FF000000FF000000FF000000FF2BFD99FF2BFD99FF000000FF000000FF000000FF000000FF000000FF000000FF2BFD99FF2BFD99FF000000FF000000FF000000FF000000FF2BFD99FF2BFD99FF000000FF000000FF000000FF000000FF000000FF000000FF2BFD99FF2BFD99FF000000FF000000FF000000FF000000FF000000FF000000FF000000FF000000FF000000FF000000FF000000FF000000FF000000FF000000FF000000FF000000FF000000FF000000FF000000FF000000FF000000FF000000FF000000FF000000FF000000FF000000FF000000FF000000FF000000FF000000FF000000FF000000FF000000FF000000FF2BFD99FF2BFD99FF000000FF000000FF000000FF000000FF000000FF000000FF000000FF000000FF000000FF000000FF2BFD99FF2BFD99FF000000FF000000FF000000FF000000FF000000FF000000FF2BFD99FF2BFD99FF000000FF000000FF000000FF000000FF000000FF000000FF000000FF000000FF000000FF000000FF000000FF000000FF000000FF000000FF000000FF000000FF000000FF000000FF2BFD99FF2BFD99FF000000FF000000FF000000FF000000FF000000FF000000FF2BFD99FF2BFD99FF000000FF000000FF000000FF000000FF2BFD99FF2BFD99FF000000FF000000FF000000FF000000FF000000FF000000FF2BFD99FF2BFD99FF000000FF000000FF000000FF000000FF000000FF000000FF000000FF000000FF000000FF000000FF000000FF000000FF000000FF000000FF000000FF000000FF000000FF000000FF2BFD99FF2BFD99FF000000FF000000FF000000FF000000FF000000FF000000FF2BFD99FF2BFD99FF000000FF000000FF000000FF000000FF2BFD99FF2BFD99FF000000FF000000FF000000FF000000FF000000FF000000FF2BFD99FF2BFD99FF000000FF000000FF000000FF000000FF000000FF000000FF000000FF000000FF000000FF000000FF000000FF000000FF000000FF000000FF000000FF000000FF000000FF000000FF2BFD99FF2BFD99FF000000FF000000FF000000FF000000FF000000FF000000FF2BFD99FF2BFD99FF000000FF000000FF000000FF000000FF2BFD99FF2BFD99FF000000FF000000FF000000FF000000FF000000FF000000FF2BFD99FF2BFD99FF000000FF000000FF000000FF000000FF000000FF000000FF000000FF000000FF000000FF000000FF000000FF000000FF000000FF000000FF000000FF000000FF000000FF000000FF2BFD99FF2BFD99FF000000FF000000FF000000FF000000FF000000FF000000FF2BFD99FF2BFD99FF000000FF000000FF000000FF000000FF2BFD99FF2BFD99FF000000FF000000FF000000FF000000FF000000FF000000FF2BFD99FF2BFD99FF000000FF000000FF000000FF000000FF000000FF000000FF000000FF000000FF000000FF000000FF000000FF000000FF000000FF000000FF000000FF000000FF000000FF000000FF000000FF000000FF000000FF000000FF000000FF000000FF2BFD99FF2BFD99FF000000FF000000FF000000FF000000FF000000FF000000FF2BFD99FF2BFD99FF000000FF000000FF000000FF000000FF000000FF000000FF2BFD99FF2BFD99FF000000FF000000FF000000FF000000FF000000FF000000FF000000FF000000FF000000FF000000FF000000FF000000FF000000FF000000FF000000FF000000FF000000FF000000FF000000FF000000FF2BFD99FF2BFD99FF000000FF000000FF000000FF000000FF000000FF000000FF000000FF000000FF000000FF000000FF2BFD99FF2BFD99FF000000FF000000FF000000FF000000FF000000FF000000FF000000FF000000FF000000FF000000FF000000FF000000FF000000FF000000FF000000FF000000FF000000FF000000FF000000FF000000FF000000FF000000FF000000FF000000FF000000FF000000FF000000FF000000FF2BFD99FF2BFD99FF000000FF000000FF000000FF000000FF000000FF000000FF000000FF000000FF000000FF000000FF2BFD99FF2BFD99FF000000FF000000FF000000FF000000FF000000FF000000FF000000FF000000FF000000FF000000FF000000FF000000FF000000FF000000FF000000FF000000FF000000FF000000FF000000FF000000FF000000FF000000FF000000FF000000FF000000FF000000FF2BFD99FF2BFD99FF000000FF000000FF000000FF000000FF000000FF000000FF2BFD99FF2BFD99FF000000FF000000FF000000FF000000FF2BFD99FF2BFD99FF000000FF000000FF000000FF000000FF000000FF000000FF000000FF000000FF000000FF000000FF000000FF000000FF000000FF000000FF000000FF000000FF000000FF000000FF000000FF000000FF000000FF000000FF000000FF000000FF000000FF000000FF000000FF000000FF2BFD99FF2BFD99FF000000FF000000FF000000FF000000FF000000FF000000FF000000FF000000FF000000FF000000FF2BFD99FF2BFD99FF000000FF000000FF000000FF000000FF000000FF000000FF000000FF000000FF000000FF000000FF000000FF000000FF000000FF000000FF000000FF000000FF000000FF000000FF000000FF000000FF000000FF000000FF000000FF000000FF000000FF000000FF2BFD99FF2BFD99FF000000FF000000FF000000FF000000FF000000FF000000FF2BFD99FF2BFD99FF000000FF000000FF000000FF000000FF2BFD99FF2BFD99FF000000FF000000FF000000FF000000FF000000FF000000FF2BFD99FF2BFD99FF000000FF000000FF000000FF000000FF000000FF000000FF000000FF000000FF000000FF000000FF000000FF000000FF000000FF000000FF000000FF000000FF000000FF000000FF2BFD99FF2BFD99FF000000FF000000FF2BFD99FF2BFD99FF000000FF000000FF2BFD99FF2BFD99FF000000FF000000FF000000FF000000FF2BFD99FF2BFD99FF000000FF000000FF000000FF000000FF000000FF000000FF000000FF000000FF000000FF000000FF000000FF000000FF2BFD99FF2BFD99FF000000FF000000FF000000FF000000FF000000FF000000FF2BFD99FF2BFD99FF000000FF000000FF000000FF000000FF2BFD99FF2BFD99FF000000FF000000FF000000FF000000FF000000FF000000FF2BFD99FF2BFD99FF000000FF000000FF000000FF000000FF2BFD99FF2BFD99FF000000FF000000FF000000FF000000FF000000FF000000FF2BFD99FF2BFD99FF000000FF000000FF000000FF000000FF000000FF000000FF000000FF000000FF000000FF000000FF000000FF000000FF000000FF000000FF000000FF000000FF000000FF000000FF000000FF000000FF000000FF000000FF000000FF000000FF000000FF000000FF000000FF000000FF000000FF000000FF000000FF000000FF000000FF000000FF2BFD99FF2BFD99FF000000FF000000FF000000FF000000FF000000FF000000FF000000FF000000FF000000FF000000FF2BFD99FF2BFD99FF000000FF000000FF000000FF000000FF000000FF000000FF2BFD99FF2BFD99FF000000FF000000FF000000FF000000FF000000FF000000FF000000FF000000FF000000FF000000FF000000FF000000FF000000FF000000FF000000FF000000FF000000FF000000FF2BFD99FF2BFD99FF000000FF000000FF000000FF000000FF000000FF000000FF2BFD99FF2BFD99FF000000FF000000FF000000FF000000FF2BFD99FF2BFD99FF000000FF000000FF000000FF000000FF000000FF000000FF2BFD99FF2BFD99FF000000FF000000FF000000FF000000FF000000FF000000FF000000FF000000FF000000FF000000FF000000FF000000FF000000FF000000FF000000FF000000FF000000FF000000FF2BFD99FF2BFD99FF000000FF000000FF000000FF000000FF000000FF000000FF2BFD99FF2BFD99FF000000FF000000FF000000FF000000FF2BFD99FF2BFD99FF000000FF000000FF000000FF000000FF000000FF000000FF2BFD99FF2BFD99FF000000FF000000FF000000FF000000FF000000FF000000FF000000FF000000FF000000FF000000FF000000FF000000FF000000FF000000FF000000FF000000FF000000FF000000FF2BFD99FF2BFD99FF000000FF000000FF000000FF000000FF000000FF000000FF2BFD99FF2BFD99FF000000FF000000FF000000FF000000FF2BFD99FF2BFD99FF000000FF000000FF000000FF000000FF000000FF000000FF2BFD99FF2BFD99FF000000FF000000FF000000FF000000FF000000FF000000FF000000FF000000FF000000FF000000FF000000FF000000FF000000FF000000FF000000FF000000FF000000FF000000FF2BFD99FF2BFD99FF000000FF000000FF000000FF000000FF000000FF000000FF2BFD99FF2BFD99FF000000FF000000FF000000FF000000FF2BFD99FF2BFD99FF000000FF000000FF000000FF000000FF000000FF000000FF2BFD99FF2BFD99FF000000FF000000FF000000FF000000FF000000FF000000FF000000FF000000FF000000FF000000FF000000FF000000FF000000FF000000FF000000FF000000FF000000FF000000FF000000FF000000FF000000FF000000FF000000FF000000FF2BFD99FF2BFD99FF000000FF000000FF000000FF000000FF000000FF000000FF2BFD99FF2BFD99FF000000FF000000FF000000FF000000FF000000FF000000FF2BFD99FF2BFD99FF000000FF000000FF000000FF000000FF000000FF000000FF000000FF000000FF000000FF000000FF000000FF000000FF000000FF000000FF000000FF000000FF000000FF000000FF000000FF000000FF2BFD99FF2BFD99FF000000FF000000FF000000FF000000FF000000FF000000FF000000FF000000FF000000FF000000FF2BFD99FF2BFD99FF000000FF000000FF000000FF000000FF000000FF000000FF000000FF000000FF000000FF000000FF000000FF000000FF000000FF000000FF000000FF000000FF000000FF000000FF000000FF000000FF000000FF000000FF000000FF000000FF000000FF000000FF000000FF000000FF2BFD99FF2BFD99FF000000FF000000FF000000FF000000FF000000FF000000FF000000FF000000FF000000FF000000FF2BFD99FF2BFD99FF000000FF000000FF000000FF000000FF000000FF000000FF000000FF000000FF000000FF000000FF000000FF000000FF000000FF000000FF000000FF000000FF000000FF000000FF000000FF000000FF000000FF000000FF000000FF000000FF000000FF000000FF2BFD99FF2BFD99FF000000FF000000FF000000FF000000FF000000FF000000FF2BFD99FF2BFD99FF000000FF000000FF000000FF000000FF2BFD99FF2BFD99FF000000FF000000FF000000FF000000FF000000FF000000FF000000FF000000FF000000FF000000FF000000FF000000FF000000FF000000FF000000FF000000FF000000FF000000FF000000FF000000FF000000FF000000FF000000FF000000FF000000FF000000FF000000FF000000FF2BFD99FF2BFD99FF000000FF000000FF000000FF000000FF000000FF000000FF000000FF000000FF000000FF000000FF2BFD99FF2BFD99FF000000FF000000FF000000FF000000FF000000FF000000FF000000FF000000FF000000FF000000FF000000FF000000FF000000FF000000FF000000FF000000FF000000FF000000FF000000FF000000FF000000FF000000FF000000FF000000FF000000FF000000FF2BFD99FF2BFD99FF000000FF000000FF000000FF000000FF000000FF000000FF2BFD99FF2BFD99FF000000FF000000FF000000FF000000FF2BFD99FF2BFD99FF000000FF000000FF000000FF000000FF000000FF000000FF2BFD99FF2BFD99FF000000FF000000FF000000FF000000FF000000FF000000FF000000FF000000FF000000FF000000FF000000FF000000FF000000FF000000FF000000FF000000FF000000FF000000FF000000FF000000FF000000FF000000FF2BFD99FF2BFD99FF000000FF000000FF000000FF000000FF000000FF000000FF000000FF000000FF2BFD99FF2BFD99FF2BFD99FF2BFD99FF2BFD99FF2BFD99FF2BFD99FF2BFD99FF2BFD99FF2BFD99FF000000FF000000FF000000FF000000FF2BFD99FF2BFD99FF2BFD99FF2BFD99FF2BFD99FF2BFD99FF2BFD99FF2BFD99FF000000FF000000FF000000FF000000FF000000FF000000FF2BFD99FF2BFD99FF2BFD99FF2BFD99FF2BFD99FF2BFD99FF2BFD99FF2BFD99FF000000FF000000FF000000FF000000FF000000FF000000FF000000FF000000FF2BFD99FF2BFD99FF2BFD99FF2BFD99FF2BFD99FF2BFD99FF000000FF000000FF000000FF000000FF000000FF000000FF000000FF000000FF000000FF000000FF000000FF000000FF000000FF000000FF000000FF000000FF000000FF000000FF000000FF000000FF000000FF000000FF000000FF000000FF000000FF000000FF000000FF000000FF000000FF000000FF000000FF000000FF000000FF000000FF000000FF000000FF2BFD99FF2BFD99FF000000FF000000FF000000FF000000FF000000FF000000FF000000FF000000FF000000FF000000FF000000FF000000FF2BFD99FF2BFD99FF2BFD99FF2BFD99FF2BFD99FF2BFD99FF000000FF000000FF000000FF000000FF000000FF000000FF000000FF000000FF000000FF000000FF000000FF000000FF000000FF000000FF000000FF000000FF000000FF000000FF000000FF000000FF000000FF000000FF2BFD99FF2BFD99FF2BFD99FF2BFD99FF2BFD99FF2BFD99FF000000FF000000FF000000FF000000FF000000FF000000FF000000FF000000FF2BFD99FF2BFD99FF2BFD99FF2BFD99FF2BFD99FF2BFD99FF000000FF000000FF000000FF000000FF000000FF000000FF000000FF000000FF000000FF000000FF000000FF000000FF000000FF000000FF000000FF000000FF000000FF000000FF000000FF000000FF000000FF000000FF2BFD99FF2BFD99FF2BFD99FF2BFD99FF2BFD99FF2BFD99FF000000FF000000FF000000FF000000FF000000FF000000FF000000FF000000FF2BFD99FF2BFD99FF2BFD99FF2BFD99FF2BFD99FF2BFD99FF000000FF000000FF000000FF000000FF000000FF000000FF000000FF000000FF000000FF000000FF000000FF000000FF000000FF000000FF000000FF000000FF000000FF000000FF000000FF000000FF000000FF000000FF2BFD99FF2BFD99FF2BFD99FF2BFD99FF2BFD99FF2BFD99FF000000FF000000FF000000FF000000FF000000FF000000FF2BFD99FF2BFD99FF2BFD99FF2BFD99FF2BFD99FF2BFD99FF2BFD99FF2BFD99FF000000FF000000FF000000FF000000FF000000FF000000FF000000FF000000FF000000FF000000FF000000FF000000FF000000FF000000FF000000FF000000FF000000FF000000FF000000FF000000FF000000FF000000FF2BFD99FF2BFD99FF2BFD99FF2BFD99FF2BFD99FF2BFD99FF000000FF000000FF000000FF000000FF000000FF000000FF000000FF000000FF2BFD99FF2BFD99FF2BFD99FF2BFD99FF2BFD99FF2BFD99FF000000FF000000FF000000FF000000FF000000FF000000FF000000FF000000FF000000FF000000FF000000FF000000FF000000FF000000FF000000FF000000FF000000FF000000FF000000FF000000FF000000FF000000FF000000FF000000FF000000FF000000FF2BFD99FF2BFD99FF000000FF000000FF000000FF000000FF000000FF000000FF000000FF000000FF2BFD99FF2BFD99FF2BFD99FF2BFD99FF2BFD99FF2BFD99FF000000FF000000FF000000FF000000FF000000FF000000FF000000FF000000FF000000FF000000FF000000FF000000FF000000FF000000FF000000FF000000FF000000FF000000FF000000FF000000FF000000FF000000FF2BFD99FF2BFD99FF000000FF000000FF000000FF000000FF000000FF000000FF000000FF000000FF000000FF000000FF2BFD99FF2BFD99FF2BFD99FF2BFD99FF2BFD99FF2BFD99FF2BFD99FF2BFD99FF2BFD99FF2BFD99FF000000FF000000FF000000FF000000FF000000FF000000FF000000FF000000FF000000FF000000FF000000FF000000FF000000FF000000FF000000FF000000FF000000FF000000FF000000FF000000FF2BFD99FF2BFD99FF000000FF000000FF000000FF000000FF000000FF000000FF000000FF000000FF000000FF000000FF2BFD99FF2BFD99FF2BFD99FF2BFD99FF2BFD99FF2BFD99FF2BFD99FF2BFD99FF2BFD99FF2BFD99FF000000FF000000FF000000FF000000FF000000FF000000FF000000FF000000FF000000FF000000FF000000FF000000FF000000FF000000FF000000FF000000FF000000FF000000FF000000FF000000FF2BFD99FF2BFD99FF2BFD99FF2BFD99FF2BFD99FF2BFD99FF000000FF000000FF000000FF000000FF000000FF000000FF2BFD99FF2BFD99FF000000FF000000FF000000FF000000FF000000FF000000FF000000FF000000FF000000FF000000FF000000FF000000FF000000FF000000FF000000FF000000FF000000FF000000FF000000FF000000FF000000FF000000FF000000FF000000FF000000FF000000FF000000FF000000FF2BFD99FF2BFD99FF000000FF000000FF000000FF000000FF000000FF000000FF000000FF000000FF000000FF000000FF2BFD99FF2BFD99FF2BFD99FF2BFD99FF2BFD99FF2BFD99FF2BFD99FF2BFD99FF2BFD99FF2BFD99FF000000FF000000FF000000FF000000FF000000FF000000FF000000FF000000FF000000FF000000FF000000FF000000FF000000FF000000FF000000FF000000FF000000FF000000FF000000FF000000FF2BFD99FF2BFD99FF2BFD99FF2BFD99FF2BFD99FF2BFD99FF000000FF000000FF000000FF000000FF000000FF000000FF2BFD99FF2BFD99FF000000FF000000FF000000FF000000FF000000FF000000FF2BFD99FF2BFD99FF000000FF000000FF000000FF000000FF000000FF000000FF000000FF000000FF000000FF000000FF000000FF000000FF000000FF000000FF000000FF000000FF000000FF000000FF000000FF000000FF000000FF000000FF2BFD99FF2BFD99FF000000FF000000FF000000FF000000FF000000FF000000FF000000FF000000FF2BFD99FF2BFD99FF2BFD99FF2BFD99FF2BFD99FF2BFD99FF2BFD99FF2BFD99FF2BFD99FF2BFD99FF000000FF000000FF000000FF000000FF2BFD99FF2BFD99FF2BFD99FF2BFD99FF2BFD99FF2BFD99FF2BFD99FF2BFD99FF000000FF000000FF000000FF000000FF000000FF000000FF2BFD99FF2BFD99FF2BFD99FF2BFD99FF2BFD99FF2BFD99FF2BFD99FF2BFD99FF000000FF000000FF000000FF000000FF000000FF000000FF000000FF000000FF2BFD99FF2BFD99FF2BFD99FF2BFD99FF2BFD99FF2BFD99FF000000FF000000FF000000FF000000FF000000FF000000FF000000FF000000FF000000FF000000FF000000FF000000FF000000FF000000FF000000FF000000FF000000FF000000FF000000FF000000FF000000FF000000FF000000FF000000FF000000FF000000FF000000FF000000FF000000FF000000FF000000FF000000FF000000FF000000FF000000FF000000FF2BFD99FF2BFD99FF000000FF000000FF000000FF000000FF000000FF000000FF000000FF000000FF000000FF000000FF000000FF000000FF2BFD99FF2BFD99FF2BFD99FF2BFD99FF2BFD99FF2BFD99FF000000FF000000FF000000FF000000FF000000FF000000FF000000FF000000FF000000FF000000FF000000FF000000FF000000FF000000FF000000FF000000FF000000FF000000FF000000FF000000FF000000FF000000FF2BFD99FF2BFD99FF2BFD99FF2BFD99FF2BFD99FF2BFD99FF000000FF000000FF000000FF000000FF000000FF000000FF000000FF000000FF2BFD99FF2BFD99FF2BFD99FF2BFD99FF2BFD99FF2BFD99FF000000FF000000FF000000FF000000FF000000FF000000FF000000FF000000FF000000FF000000FF000000FF000000FF000000FF000000FF000000FF000000FF000000FF000000FF000000FF000000FF000000FF000000FF2BFD99FF2BFD99FF2BFD99FF2BFD99FF2BFD99FF2BFD99FF000000FF000000FF000000FF000000FF000000FF000000FF000000FF000000FF2BFD99FF2BFD99FF2BFD99FF2BFD99FF2BFD99FF2BFD99FF000000FF000000FF000000FF000000FF000000FF000000FF000000FF000000FF000000FF000000FF000000FF000000FF000000FF000000FF000000FF000000FF000000FF000000FF000000FF000000FF000000FF000000FF2BFD99FF2BFD99FF2BFD99FF2BFD99FF2BFD99FF2BFD99FF000000FF000000FF000000FF000000FF000000FF000000FF2BFD99FF2BFD99FF2BFD99FF2BFD99FF2BFD99FF2BFD99FF2BFD99FF2BFD99FF000000FF000000FF000000FF000000FF000000FF000000FF000000FF000000FF000000FF000000FF000000FF000000FF000000FF000000FF000000FF000000FF000000FF000000FF000000FF000000FF000000FF000000FF2BFD99FF2BFD99FF2BFD99FF2BFD99FF2BFD99FF2BFD99FF000000FF000000FF000000FF000000FF000000FF000000FF000000FF000000FF2BFD99FF2BFD99FF2BFD99FF2BFD99FF2BFD99FF2BFD99FF000000FF000000FF000000FF000000FF000000FF000000FF000000FF000000FF000000FF000000FF000000FF000000FF000000FF000000FF000000FF000000FF000000FF000000FF000000FF000000FF000000FF000000FF000000FF000000FF000000FF000000FF2BFD99FF2BFD99FF000000FF000000FF000000FF000000FF000000FF000000FF000000FF000000FF2BFD99FF2BFD99FF2BFD99FF2BFD99FF2BFD99FF2BFD99FF000000FF000000FF000000FF000000FF000000FF000000FF000000FF000000FF000000FF000000FF000000FF000000FF000000FF000000FF000000FF000000FF000000FF000000FF000000FF000000FF000000FF000000FF2BFD99FF2BFD99FF000000FF000000FF000000FF000000FF000000FF000000FF000000FF000000FF000000FF000000FF2BFD99FF2BFD99FF2BFD99FF2BFD99FF2BFD99FF2BFD99FF2BFD99FF2BFD99FF2BFD99FF2BFD99FF000000FF000000FF000000FF000000FF000000FF000000FF000000FF000000FF000000FF000000FF000000FF000000FF000000FF000000FF000000FF000000FF000000FF000000FF000000FF000000FF2BFD99FF2BFD99FF000000FF000000FF000000FF000000FF000000FF000000FF000000FF000000FF000000FF000000FF2BFD99FF2BFD99FF2BFD99FF2BFD99FF2BFD99FF2BFD99FF2BFD99FF2BFD99FF2BFD99FF2BFD99FF000000FF000000FF000000FF000000FF000000FF000000FF000000FF000000FF000000FF000000FF000000FF000000FF000000FF000000FF000000FF000000FF000000FF000000FF000000FF000000FF2BFD99FF2BFD99FF2BFD99FF2BFD99FF2BFD99FF2BFD99FF000000FF000000FF000000FF000000FF000000FF000000FF2BFD99FF2BFD99FF000000FF000000FF000000FF000000FF000000FF000000FF000000FF000000FF000000FF000000FF000000FF000000FF000000FF000000FF000000FF000000FF000000FF000000FF000000FF000000FF000000FF000000FF000000FF000000FF000000FF000000FF000000FF000000FF2BFD99FF2BFD99FF000000FF000000FF000000FF000000FF000000FF000000FF000000FF000000FF000000FF000000FF2BFD99FF2BFD99FF2BFD99FF2BFD99FF2BFD99FF2BFD99FF2BFD99FF2BFD99FF2BFD99FF2BFD99FF000000FF000000FF000000FF000000FF000000FF000000FF000000FF000000FF000000FF000000FF000000FF000000FF000000FF000000FF000000FF000000FF000000FF000000FF000000FF000000FF2BFD99FF2BFD99FF2BFD99FF2BFD99FF2BFD99FF2BFD99FF000000FF000000FF000000FF000000FF000000FF000000FF2BFD99FF2BFD99FF000000FF000000FF000000FF000000FF000000FF000000FF2BFD99FF2BFD99FF000000FF000000FF000000FF000000FF000000FF000000FF000000FF000000FF000000FF000000FF000000FF000000FF000000FF000000FF000000FF000000FF000000FF000000FF000000FF000000FF000000FF000000FF000000FF000000FF000000FF000000FF000000FF000000FF000000FF000000FF000000FF000000FF000000FF000000FF000000FF000000FF000000FF000000FF000000FF000000FF000000FF000000FF000000FF000000FF000000FF000000FF000000FF000000FF000000FF000000FF000000FF000000FF000000FF000000FF000000FF000000FF000000FF000000FF000000FF000000FF000000FF000000FF000000FF000000FF000000FF000000FF000000FF000000FF000000FF000000FF000000FF000000FF000000FF000000FF000000FF000000FF000000FF000000FF000000FF000000FF000000FF000000FF000000FF000000FF000000FF000000FF000000FF000000FF000000FF000000FF000000FF000000FF000000FF000000FF000000FF000000FF000000FF000000FF000000FF000000FF000000FF000000FF000000FF000000FF000000FF000000FF000000FF000000FF000000FF000000FF000000FF000000FF000000FF000000FF000000FF000000FF000000FF000000FF000000FF000000FF000000FF000000FF000000FF000000FF000000FF000000FF000000FF000000FF000000FF000000FF000000FF000000FF000000FF000000FF000000FF000000FF000000FF000000FF000000FF000000FF000000FF000000FF000000FF000000FF000000FF000000FF000000FF000000FF000000FF000000FF000000FF000000FF000000FF000000FF000000FF000000FF000000FF000000FF000000FF000000FF000000FF000000FF000000FF000000FF000000FF000000FF000000FF000000FF000000FF000000FF000000FF000000FF000000FF000000FF000000FF000000FF000000FF000000FF000000FF000000FF000000FF000000FF000000FF000000FF000000FF000000FF000000FF000000FF000000FF000000FF000000FF000000FF000000FF000000FF000000FF000000FF000000FF000000FF000000FF000000FF000000FF000000FF000000FF000000FF000000FF000000FF000000FF000000FF000000FF000000FF000000FF000000FF000000FF000000FF000000FF000000FF000000FF000000FF000000FF000000FF000000FF000000FF000000FF000000FF000000FF000000FF000000FF000000FF000000FF000000FF000000FF000000FF000000FF000000FF000000FF000000FF000000FF000000FF000000FF000000FF000000FF000000FF000000FF000000FF000000FF000000FF000000FF000000FF000000FF000000FF000000FF000000FF000000FF000000FF000000FF000000FF000000FF000000FF000000FF000000FF000000FF000000FF000000FF000000FF000000FF000000FF000000FF000000FF000000FF000000FF000000FF000000FF000000FF000000FF000000FF000000FF000000FF000000FF000000FF000000FF000000FF000000FF000000FF000000FF000000FF000000FF000000FF000000FF000000FF000000FF000000FF000000FF000000FF000000FF000000FF000000FF000000FF000000FF000000FF000000FF000000FF000000FF000000FF000000FF000000FF000000FF000000FF000000FF000000FF000000FF000000FF000000FF000000FF000000FF000000FF000000FF000000FF000000FF000000FF000000FF000000FF000000FF000000FF000000FF000000FF000000FF000000FF000000FF000000FF000000FF000000FF000000FF000000FF000000FF000000FF000000FF000000FF000000FF000000FF000000FF000000FF000000FF000000FF000000FF000000FF000000FF000000FF000000FF000000FF000000FF000000FF000000FF000000FF000000FF000000FF000000FF000000FF000000FF000000FF000000FF000000FF000000FF000000FF000000FF000000FF000000FF000000FF000000FF000000FF000000FF000000FF000000FF000000FF000000FF000000FF000000FF000000FF000000FF000000FF000000FF000000FF000000FF000000FF000000FF000000FF000000FF000000FF000000FF000000FF000000FF000000FF000000FF000000FF000000FF000000FF000000FF000000FF000000FF000000FF000000FF000000FF000000FF000000FF000000FF000000FF000000FF000000FF000000FF000000FF000000FF000000FF000000FF000000FF000000FF000000FF000000FF000000FF000000FF000000FF000000FF000000FF000000FF000000FF000000FF000000FF000000FF000000FF000000FF000000FF000000FF000000FF000000FF000000FF000000FF000000FF000000FF000000FF000000FF000000FF000000FF000000FF000000FF000000FF000000FF000000FF000000FF000000FF000000FF000000FF000000FF000000FF000000FF000000FF000000FF000000FF000000FF000000FF000000FF000000FF000000FF000000FF000000FF000000FF000000FF000000FF000000FF000000FF000000FF000000FF000000FF000000FF000000FF000000FF000000FF000000FF000000FF000000FF000000FF000000FF000000FF000000FF000000FF000000FF000000FF000000FF000000FF000000FF000000FF000000FF000000FF000000FF000000FF000000FF000000FF000000FF000000FF000000FF000000FF000000FF000000FF000000FF000000FF000000FF000000FF000000FF000000FF000000FF000000FF000000FF000000FF000000FF000000FF000000FF000000FF000000FF000000FF000000FF000000FF000000FF000000FF000000FF000000FF000000FF000000FF000000FF000000FF000000FF000000FF000000FF000000FF000000FF000000FF000000FF000000FF000000FF000000FF000000FF000000FF000000FF000000FF000000FF000000FF000000FF000000FF000000FF000000FF000000FF000000FF000000FF000000FF000000FF000000FF000000FF000000FF000000FF000000FF000000FF000000FF000000FF000000FF000000FF000000FF000000FF000000FF000000FF000000FF000000FF000000FF000000FF000000FF000000FF000000FF000000FF000000FF000000FF000000FF000000FF000000FF000000FF000000FF000000FF000000FF000000FF000000FF000000FF000000FF000000FF000000FF000000FF000000FF000000FF000000FF000000FF000000FF000000FF000000FF000000FF000000FF000000FF000000FF000000FF000000FF000000FF000000FF000000FF000000FF000000FF000000FF000000FF000000FF000000FF000000FF000000FF000000FF000000FF000000FF000000FF000000FF000000FF000000FF000000FF000000FF000000FF000000FF000000FF000000FF000000FF000000FF000000FF000000FF000000FF000000FF000000FF000000FF000000FF000000FF000000FF000000FF000000FF000000FF000000FF000000FF000000FF000000FF000000FF000000FF000000FF000000FF000000FF000000FF000000FF000000FF000000FF000000FF000000FF000000FF000000FF000000FF000000FF000000FF000000FF000000FF000000FF000000FF000000FF000000FF000000FF000000FF000000FF000000FF000000FF000000FF000000FF000000FF000000FF000000FF000000FF000000FF000000FF000000FF000000FF000000FF000000FF000000FF000000FF000000FF000000FF000000FF000000FF000000FF000000FF000000FF000000FF000000FF000000FF000000FF000000FF000000FF000000FF000000FF000000FF000000FF000000FF000000FF000000FF000000FF000000FF000000FF000000FF000000FF000000FF000000FF000000FF000000FF000000FF000000FF000000FF000000FF000000FF000000FF000000FF000000FF000000FF000000FF000000FF000000FF000000FF000000FF000000FF000000FF000000FF000000FF000000FF000000FF000000FF000000FF000000FF000000FF000000FF000000FF000000FF000000FF000000FF000000FF000000FF000000FF000000FF000000FF000000FF000000FF000000FF000000FF000000FF000000FF000000FF000000FF000000FF000000FF000000FF000000FF000000FF000000FF000000FF000000FF000000FF000000FF000000FF000000FF000000FF000000FF000000FF000000FF000000FF000000FF000000FF000000FF000000FF000000FF000000FF000000FF000000FF000000FF000000FF000000FF000000FF000000FF000000FF000000FF000000FF000000FF000000FF000000FF000000FF000000FF000000FF000000FF000000FF000000FF000000FF000000FF000000FF000000FF000000FF000000FF000000FF000000FF000000FF000000FF000000FF000000FF000000FF000000FF000000FF000000FF000000FF000000FF000000FF000000FF000000FF000000FF000000FF000000FF000000FF000000FF000000FF000000FF000000FF000000FF000000FF000000FF000000FF000000FF000000FF000000FF000000FF000000FF000000FF000000FF000000FF000000FF000000FF000000FF000000FF000000FF000000FF000000FF000000FF000000FF000000FF000000FF000000FF000000FF000000FF000000FF000000FF000000FF000000FF000000FF000000FF000000FF000000FF000000FF000000FF000000FF000000FF000000FF000000FF000000FF000000FF000000FF000000FF000000FF000000FF000000FF000000FF000000FF000000FF000000FF000000FF000000FF000000FF000000FF000000FF000000FF000000FF000000FF000000FF000000FF000000FF000000FF000000FF000000FF000000FF000000FF000000FF000000FF000000FF000000FF000000FF000000FF000000FF000000FF000000FF000000FF000000FF000000FF000000FF000000FF000000FF000000FF000000FF000000FF000000FF000000FF000000FF000000FF000000FF000000FF000000FF000000FF000000FF000000FF000000FF000000FF000000FF000000FF000000FF000000FF000000FF000000FF000000FF000000FF000000FF000000FF000000FF000000FF000000FF000000FF000000FF000000FF000000FF000000FF000000FF000000FF000000FF000000FF000000FF000000FF000000FF000000FF000000FF000000FF000000FF000000FF000000FF000000FF000000FF000000FF000000FF000000FF000000FF000000FF000000FF000000FF000000FF000000FF000000FF000000FF000000FF000000FF000000FF000000FF000000FF000000FF000000FF000000FF000000FF000000FF000000FF000000FF000000FF000000FF000000FF000000FF000000FF000000FF000000FF000000FF000000FF000000FF000000FF000000FF000000FF000000FF000000FF000000FF000000FF000000FF000000FF000000FF000000FF000000FF000000FF000000FF000000FF000000FF000000FF000000FF000000FF000000FF000000FF000000FF000000FF000000FF000000FF000000FF000000FF000000FF000000FF000000FF000000FF000000FF000000FF000000FF000000FF000000FF000000FF000000FF000000FF000000FF000000FF000000FF000000FF000000FF000000FF000000FF000000FF000000FF000000FF000000FF000000FF000000FF000000FF000000FF000000FF000000FF000000FF000000FF000000FF000000FF000000FF000000FF000000FF000000FF000000FF000000FF000000FF000000FF000000FF000000FF000000FF000000FF000000FF000000FF000000FF000000FF000000FF000000FF000000FF000000FF000000FF000000FF000000FF000000FF000000FF000000FF000000FF000000FF000000FF000000FF000000FF000000FF000000FF000000FF000000FF000000FF000000FF000000FF000000FF000000FF000000FF000000FF000000FF000000FF000000FF000000FF000000FF000000FF000000FF000000FF000000FF000000FF000000FF000000FF000000FF000000FF000000FF000000FF000000FF000000FF000000FF000000FF000000FF000000FF000000FF000000FF000000FF000000FF000000FF000000FF000000FF000000FF000000FF000000FF000000FF000000FF000000FF000000FF000000FF000000FF000000FF000000FF000000FF000000FF000000FF000000FF000000FF000000FF000000FF000000FF2BFD99FF2BFD99FF2BFD99FF2BFD99FF2BFD99FF2BFD99FF000000FF000000FF000000FF000000FF000000FF000000FF000000FF000000FF2BFD99FF2BFD99FF2BFD99FF2BFD99FF2BFD99FF2BFD99FF000000FF000000FF000000FF000000FF000000FF000000FF000000FF000000FF000000FF000000FF000000FF000000FF000000FF000000FF000000FF000000FF000000FF000000FF000000FF000000FF2BFD99FF2BFD99FF2BFD99FF2BFD99FF2BFD99FF2BFD99FF2BFD99FF2BFD99FF2BFD99FF2BFD99FF000000FF000000FF000000FF000000FF000000FF000000FF000000FF000000FF000000FF000000FF2BFD99FF2BFD99FF000000FF000000FF000000FF000000FF000000FF000000FF000000FF000000FF000000FF000000FF000000FF000000FF000000FF000000FF000000FF000000FF000000FF000000FF000000FF000000FF000000FF000000FF000000FF000000FF2BFD99FF2BFD99FF2BFD99FF2BFD99FF2BFD99FF2BFD99FF000000FF000000FF000000FF000000FF2BFD99FF2BFD99FF2BFD99FF2BFD99FF2BFD99FF2BFD99FF2BFD99FF2BFD99FF2BFD99FF2BFD99FF000000FF000000FF000000FF000000FF000000FF000000FF000000FF000000FF000000FF000000FF000000FF000000FF000000FF000000FF000000FF000000FF000000FF000000FF000000FF000000FF000000FF000000FF2BFD99FF2BFD99FF2BFD99FF2BFD99FF2BFD99FF2BFD99FF000000FF000000FF000000FF000000FF2BFD99FF2BFD99FF2BFD99FF2BFD99FF2BFD99FF2BFD99FF2BFD99FF2BFD99FF2BFD99FF2BFD99FF000000FF000000FF000000FF000000FF000000FF000000FF000000FF000000FF000000FF000000FF000000FF000000FF000000FF000000FF000000FF000000FF000000FF000000FF000000FF000000FF2BFD99FF2BFD99FF2BFD99FF2BFD99FF2BFD99FF2BFD99FF000000FF000000FF000000FF000000FF000000FF000000FF000000FF000000FF2BFD99FF2BFD99FF2BFD99FF2BFD99FF2BFD99FF2BFD99FF000000FF000000FF000000FF000000FF000000FF000000FF000000FF000000FF000000FF000000FF000000FF000000FF000000FF000000FF000000FF000000FF000000FF000000FF000000FF000000FF000000FF000000FF000000FF000000FF000000FF000000FF000000FF000000FF000000FF000000FF000000FF000000FF000000FF000000FF000000FF000000FF000000FF000000FF000000FF000000FF000000FF000000FF000000FF000000FF000000FF000000FF000000FF000000FF000000FF000000FF000000FF000000FF000000FF000000FF000000FF000000FF000000FF000000FF000000FF000000FF000000FF000000FF000000FF000000FF000000FF000000FF000000FF000000FF000000FF000000FF000000FF000000FF000000FF000000FF000000FF000000FF000000FF000000FF000000FF000000FF000000FF000000FF000000FF000000FF000000FF000000FF000000FF000000FF000000FF000000FF000000FF000000FF000000FF000000FF000000FF000000FF000000FF000000FF000000FF000000FF000000FF000000FF000000FF000000FF000000FF000000FF000000FF000000FF000000FF000000FF000000FF000000FF000000FF000000FF000000FF000000FF000000FF000000FF000000FF000000FF000000FF000000FF000000FF000000FF000000FF000000FF000000FF000000FF000000FF000000FF000000FF000000FF000000FF000000FF000000FF000000FF000000FF000000FF000000FF000000FF000000FF000000FF000000FF000000FF000000FF000000FF000000FF000000FF000000FF000000FF000000FF000000FF000000FF000000FF000000FF000000FF000000FF000000FF000000FF000000FF000000FF000000FF000000FF000000FF000000FF000000FF000000FF000000FF000000FF000000FF000000FF000000FF000000FF000000FF000000FF000000FF000000FF000000FF000000FF000000FF000000FF000000FF000000FF000000FF000000FF000000FF000000FF000000FF000000FF000000FF000000FF000000FF000000FF000000FF000000FF000000FF000000FF000000FF000000FF000000FF000000FF000000FF000000FF000000FF000000FF000000FF000000FF000000FF000000FF000000FF000000FF000000FF000000FF000000FF000000FF000000FF000000FF000000FF000000FF000000FF000000FF000000FF000000FF000000FF000000FF000000FF000000FF000000FF000000FF000000FF000000FF000000FF000000FF000000FF000000FF000000FF000000FF000000FF000000FF000000FF000000FF000000FF000000FF000000FF000000FF000000FF000000FF000000FF000000FF000000FF000000FF000000FF000000FF000000FF000000FF000000FF000000FF000000FF000000FF000000FF000000FF000000FF000000FF000000FF000000FF000000FF000000FF000000FF000000FF000000FF000000FF000000FF000000FF000000FF000000FF000000FF000000FF000000FF000000FF000000FF000000FF000000FF000000FF000000FF000000FF000000FF000000FF000000FF000000FF000000FF000000FF000000FF000000FF000000FF000000FF000000FF000000FF000000FF000000FF000000FF000000FF000000FF000000FF000000FF000000FF000000FF000000FF000000FF000000FF000000FF000000FF000000FF000000FF000000FF000000FF000000FF000000FF000000FF000000FF000000FF000000FF000000FF000000FF000000FF000000FF000000FF000000FF000000FF000000FF000000FF000000FF000000FF000000FF000000FF000000FF000000FF000000FF000000FF000000FF000000FF000000FF000000FF000000FF000000FF000000FF000000FF000000FF000000FF000000FF000000FF000000FF000000FF000000FF000000FF000000FF000000FF000000FF000000FF000000FF000000FF000000FF000000FF000000FF000000FF000000FF000000FF000000FF000000FF000000FF000000FF000000FF000000FF2BFD99FF2BFD99FF2BFD99FF2BFD99FF2BFD99FF2BFD99FF000000FF000000FF000000FF000000FF000000FF000000FF000000FF000000FF2BFD99FF2BFD99FF2BFD99FF2BFD99FF2BFD99FF2BFD99FF000000FF000000FF000000FF000000FF000000FF000000FF000000FF000000FF000000FF000000FF000000FF000000FF000000FF000000FF000000FF000000FF000000FF000000FF000000FF000000FF2BFD99FF2BFD99FF2BFD99FF2BFD99FF2BFD99FF2BFD99FF2BFD99FF2BFD99FF2BFD99FF2BFD99FF000000FF000000FF000000FF000000FF000000FF000000FF000000FF000000FF000000FF000000FF2BFD99FF2BFD99FF000000FF000000FF000000FF000000FF000000FF000000FF000000FF000000FF000000FF000000FF000000FF000000FF000000FF000000FF000000FF000000FF000000FF000000FF000000FF000000FF000000FF000000FF000000FF000000FF2BFD99FF2BFD99FF2BFD99FF2BFD99FF2BFD99FF2BFD99FF000000FF000000FF000000FF000000FF2BFD99FF2BFD99FF2BFD99FF2BFD99FF2BFD99FF2BFD99FF2BFD99FF2BFD99FF2BFD99FF2BFD99FF000000FF000000FF000000FF000000FF000000FF000000FF000000FF000000FF000000FF000000FF000000FF000000FF000000FF000000FF000000FF000000FF000000FF000000FF000000FF000000FF000000FF000000FF2BFD99FF2BFD99FF2BFD99FF2BFD99FF2BFD99FF2BFD99FF000000FF000000FF000000FF000000FF2BFD99FF2BFD99FF2BFD99FF2BFD99FF2BFD99FF2BFD99FF2BFD99FF2BFD99FF2BFD99FF2BFD99FF000000FF000000FF000000FF000000FF000000FF000000FF000000FF000000FF000000FF000000FF000000FF000000FF000000FF000000FF000000FF000000FF000000FF000000FF000000FF000000FF2BFD99FF2BFD99FF2BFD99FF2BFD99FF2BFD99FF2BFD99FF000000FF000000FF000000FF000000FF000000FF000000FF000000FF000000FF2BFD99FF2BFD99FF2BFD99FF2BFD99FF2BFD99FF2BFD99FF000000FF000000FF000000FF000000FF000000FF000000FF000000FF000000FF000000FF000000FF000000FF000000FF000000FF000000FF000000FF000000FF000000FF000000FF000000FF000000FF000000FF000000FF000000FF000000FF000000FF000000FF000000FF000000FF000000FF000000FF000000FF000000FF000000FF000000FF000000FF000000FF000000FF000000FF000000FF000000FF000000FF000000FF000000FF000000FF000000FF000000FF000000FF000000FF000000FF000000FF000000FF000000FF000000FF000000FF000000FF000000FF000000FF000000FF000000FF000000FF000000FF000000FF000000FF000000FF000000FF000000FF000000FF000000FF000000FF000000FF000000FF000000FF000000FF000000FF000000FF000000FF000000FF000000FF000000FF000000FF000000FF000000FF000000FF000000FF000000FF000000FF000000FF000000FF000000FF000000FF000000FF000000FF000000FF000000FF000000FF000000FF000000FF000000FF000000FF000000FF000000FF000000FF000000FF000000FF000000FF000000FF000000FF000000FF000000FF000000FF000000FF000000FF000000FF000000FF000000FF000000FF000000FF000000FF000000FF000000FF000000FF000000FF000000FF000000FF000000FF000000FF000000FF000000FF000000FF000000FF000000FF000000FF000000FF000000FF000000FF000000FF000000FF000000FF000000FF000000FF000000FF000000FF000000FF000000FF000000FF000000FF000000FF000000FF000000FF000000FF000000FF000000FF000000FF000000FF000000FF000000FF000000FF000000FF000000FF000000FF000000FF000000FF000000FF000000FF000000FF000000FF000000FF000000FF000000FF000000FF000000FF000000FF000000FF000000FF000000FF000000FF000000FF000000FF000000FF000000FF000000FF000000FF000000FF000000FF000000FF000000FF000000FF000000FF000000FF000000FF000000FF000000FF000000FF000000FF000000FF000000FF000000FF000000FF000000FF000000FF000000FF000000FF000000FF000000FF000000FF000000FF000000FF000000FF000000FF000000FF000000FF000000FF000000FF000000FF000000FF000000FF000000FF000000FF000000FF000000FF000000FF000000FF000000FF000000FF000000FF000000FF000000FF000000FF000000FF000000FF000000FF000000FF000000FF000000FF000000FF000000FF000000FF000000FF000000FF000000FF000000FF000000FF000000FF000000FF000000FF000000FF000000FF000000FF000000FF000000FF000000FF000000FF000000FF000000FF000000FF000000FF000000FF000000FF000000FF000000FF000000FF000000FF000000FF000000FF000000FF000000FF000000FF000000FF000000FF000000FF000000FF000000FF000000FF000000FF000000FF000000FF000000FF000000FF000000FF000000FF000000FF000000FF000000FF000000FF000000FF000000FF000000FF000000FF000000FF000000FF000000FF000000FF000000FF000000FF000000FF000000FF000000FF000000FF000000FF000000FF000000FF000000FF000000FF000000FF000000FF000000FF000000FF000000FF000000FF000000FF000000FF000000FF000000FF000000FF000000FF000000FF000000FF000000FF000000FF000000FF000000FF000000FF000000FF000000FF000000FF000000FF000000FF000000FF000000FF000000FF000000FF000000FF000000FF000000FF000000FF000000FF000000FF000000FF000000FF000000FF000000FF000000FF000000FF000000FF000000FF000000FF000000FF000000FF000000FF000000FF000000FF000000FF000000FF000000FF000000FF000000FF000000FF000000FF000000FF000000FF000000FF000000FF000000FF000000FF000000FF000000FF000000FF000000FF000000FF000000FF2BFD99FF2BFD99FF000000FF000000FF000000FF000000FF000000FF000000FF2BFD99FF2BFD99FF000000FF000000FF000000FF000000FF2BFD99FF2BFD99FF000000FF000000FF000000FF000000FF000000FF000000FF2BFD99FF2BFD99FF000000FF000000FF000000FF000000FF000000FF000000FF000000FF000000FF000000FF000000FF000000FF000000FF000000FF000000FF000000FF000000FF000000FF000000FF2BFD99FF2BFD99FF000000FF000000FF000000FF000000FF000000FF000000FF000000FF000000FF000000FF000000FF000000FF000000FF000000FF000000FF000000FF000000FF2BFD99FF2BFD99FF2BFD99FF2BFD99FF000000FF000000FF000000FF000000FF000000FF000000FF000000FF000000FF000000FF000000FF000000FF000000FF000000FF000000FF000000FF000000FF000000FF000000FF000000FF000000FF000000FF000000FF2BFD99FF2BFD99FF000000FF000000FF000000FF000000FF000000FF000000FF000000FF000000FF000000FF000000FF2BFD99FF2BFD99FF000000FF000000FF000000FF000000FF000000FF000000FF000000FF000000FF000000FF000000FF000000FF000000FF000000FF000000FF000000FF000000FF000000FF000000FF000000FF000000FF000000FF000000FF000000FF000000FF000000FF000000FF000000FF000000FF2BFD99FF2BFD99FF000000FF000000FF000000FF000000FF000000FF000000FF000000FF000000FF000000FF000000FF2BFD99FF2BFD99FF000000FF000000FF000000FF000000FF000000FF000000FF000000FF000000FF000000FF000000FF000000FF000000FF000000FF000000FF000000FF000000FF000000FF000000FF000000FF000000FF000000FF000000FF000000FF000000FF000000FF000000FF2BFD99FF2BFD99FF000000FF000000FF000000FF000000FF000000FF000000FF2BFD99FF2BFD99FF000000FF000000FF000000FF000000FF2BFD99FF2BFD99FF000000FF000000FF000000FF000000FF000000FF000000FF2BFD99FF2BFD99FF000000FF000000FF000000FF000000FF000000FF000000FF000000FF000000FF000000FF000000FF000000FF000000FF000000FF000000FF000000FF000000FF000000FF000000FF000000FF000000FF000000FF000000FF000000FF000000FF000000FF000000FF000000FF000000FF000000FF000000FF000000FF000000FF000000FF000000FF000000FF000000FF000000FF000000FF000000FF000000FF000000FF000000FF000000FF000000FF000000FF000000FF000000FF000000FF000000FF000000FF000000FF000000FF000000FF000000FF000000FF000000FF000000FF000000FF000000FF000000FF000000FF000000FF000000FF000000FF000000FF000000FF000000FF000000FF000000FF000000FF000000FF000000FF000000FF000000FF000000FF000000FF000000FF000000FF000000FF000000FF000000FF000000FF000000FF000000FF000000FF000000FF000000FF000000FF000000FF000000FF000000FF000000FF000000FF000000FF000000FF000000FF000000FF000000FF000000FF000000FF000000FF000000FF000000FF000000FF000000FF000000FF000000FF000000FF000000FF000000FF000000FF000000FF000000FF000000FF000000FF000000FF000000FF000000FF000000FF000000FF000000FF000000FF000000FF000000FF000000FF000000FF000000FF000000FF000000FF000000FF000000FF000000FF000000FF000000FF000000FF000000FF000000FF000000FF000000FF000000FF000000FF000000FF000000FF000000FF000000FF000000FF000000FF000000FF000000FF000000FF000000FF000000FF000000FF000000FF000000FF000000FF000000FF000000FF000000FF000000FF000000FF000000FF000000FF000000FF000000FF000000FF000000FF000000FF000000FF000000FF000000FF000000FF000000FF000000FF000000FF000000FF000000FF000000FF000000FF000000FF000000FF000000FF000000FF000000FF000000FF000000FF000000FF000000FF000000FF000000FF000000FF000000FF000000FF000000FF000000FF000000FF000000FF000000FF000000FF000000FF000000FF000000FF000000FF000000FF000000FF000000FF000000FF000000FF000000FF000000FF000000FF000000FF000000FF000000FF000000FF000000FF000000FF000000FF000000FF000000FF000000FF000000FF000000FF000000FF000000FF000000FF000000FF000000FF000000FF000000FF000000FF000000FF000000FF000000FF000000FF000000FF000000FF000000FF000000FF000000FF000000FF000000FF000000FF000000FF000000FF000000FF000000FF000000FF000000FF000000FF000000FF000000FF000000FF000000FF000000FF000000FF000000FF000000FF000000FF000000FF000000FF000000FF000000FF000000FF000000FF000000FF000000FF000000FF000000FF000000FF000000FF000000FF000000FF000000FF000000FF000000FF000000FF000000FF000000FF000000FF000000FF000000FF000000FF000000FF000000FF000000FF000000FF000000FF000000FF000000FF000000FF000000FF000000FF000000FF000000FF000000FF000000FF000000FF000000FF000000FF000000FF000000FF000000FF000000FF000000FF000000FF000000FF000000FF000000FF000000FF000000FF000000FF000000FF000000FF000000FF000000FF000000FF000000FF000000FF000000FF000000FF000000FF000000FF000000FF000000FF000000FF000000FF000000FF000000FF000000FF000000FF000000FF000000FF000000FF000000FF000000FF000000FF000000FF000000FF000000FF000000FF000000FF000000FF000000FF000000FF000000FF000000FF000000FF000000FF000000FF000000FF000000FF000000FF000000FF000000FF000000FF000000FF000000FF000000FF000000FF000000FF000000FF000000FF000000FF000000FF000000FF000000FF000000FF2BFD99FF2BFD99FF000000FF000000FF000000FF000000FF000000FF000000FF2BFD99FF2BFD99FF000000FF000000FF000000FF000000FF2BFD99FF2BFD99FF000000FF000000FF000000FF000000FF000000FF000000FF2BFD99FF2BFD99FF000000FF000000FF000000FF000000FF000000FF000000FF000000FF000000FF000000FF000000FF000000FF000000FF000000FF000000FF000000FF000000FF000000FF000000FF2BFD99FF2BFD99FF000000FF000000FF000000FF000000FF000000FF000000FF000000FF000000FF000000FF000000FF000000FF000000FF000000FF000000FF000000FF000000FF2BFD99FF2BFD99FF2BFD99FF2BFD99FF000000FF000000FF000000FF000000FF000000FF000000FF000000FF000000FF000000FF000000FF000000FF000000FF000000FF000000FF000000FF000000FF000000FF000000FF000000FF000000FF000000FF000000FF2BFD99FF2BFD99FF000000FF000000FF000000FF000000FF000000FF000000FF000000FF000000FF000000FF000000FF2BFD99FF2BFD99FF000000FF000000FF000000FF000000FF000000FF000000FF000000FF000000FF000000FF000000FF000000FF000000FF000000FF000000FF000000FF000000FF000000FF000000FF000000FF000000FF000000FF000000FF000000FF000000FF000000FF000000FF000000FF000000FF2BFD99FF2BFD99FF000000FF000000FF000000FF000000FF000000FF000000FF000000FF000000FF000000FF000000FF2BFD99FF2BFD99FF000000FF000000FF000000FF000000FF000000FF000000FF000000FF000000FF000000FF000000FF000000FF000000FF000000FF000000FF000000FF000000FF000000FF000000FF000000FF000000FF000000FF000000FF000000FF000000FF000000FF000000FF2BFD99FF2BFD99FF000000FF000000FF000000FF000000FF000000FF000000FF2BFD99FF2BFD99FF000000FF000000FF000000FF000000FF2BFD99FF2BFD99FF000000FF000000FF000000FF000000FF000000FF000000FF2BFD99FF2BFD99FF000000FF000000FF000000FF000000FF000000FF000000FF000000FF000000FF000000FF000000FF000000FF000000FF000000FF000000FF000000FF000000FF000000FF000000FF000000FF000000FF000000FF000000FF000000FF000000FF000000FF000000FF000000FF000000FF000000FF000000FF000000FF000000FF000000FF000000FF000000FF000000FF000000FF000000FF000000FF000000FF000000FF000000FF000000FF000000FF000000FF000000FF000000FF000000FF000000FF000000FF000000FF000000FF000000FF000000FF000000FF000000FF000000FF000000FF000000FF000000FF000000FF000000FF000000FF000000FF000000FF000000FF000000FF000000FF000000FF000000FF000000FF000000FF000000FF000000FF000000FF000000FF000000FF000000FF000000FF000000FF000000FF000000FF000000FF000000FF000000FF000000FF000000FF000000FF000000FF000000FF000000FF000000FF000000FF000000FF000000FF000000FF000000FF000000FF000000FF000000FF000000FF000000FF000000FF000000FF000000FF000000FF000000FF000000FF000000FF000000FF000000FF000000FF000000FF000000FF000000FF000000FF000000FF000000FF000000FF000000FF000000FF000000FF000000FF000000FF000000FF000000FF000000FF000000FF000000FF000000FF000000FF000000FF000000FF000000FF000000FF000000FF000000FF000000FF000000FF000000FF000000FF000000FF000000FF000000FF000000FF000000FF000000FF000000FF000000FF000000FF000000FF000000FF000000FF000000FF000000FF000000FF000000FF000000FF000000FF000000FF000000FF000000FF000000FF000000FF000000FF000000FF000000FF000000FF000000FF000000FF000000FF000000FF000000FF000000FF000000FF000000FF000000FF000000FF000000FF000000FF000000FF000000FF000000FF000000FF000000FF000000FF000000FF000000FF000000FF000000FF000000FF000000FF000000FF000000FF000000FF000000FF000000FF000000FF000000FF000000FF000000FF000000FF000000FF000000FF000000FF000000FF000000FF000000FF000000FF000000FF000000FF000000FF000000FF000000FF000000FF000000FF000000FF000000FF000000FF000000FF000000FF000000FF000000FF000000FF000000FF000000FF000000FF000000FF000000FF000000FF000000FF000000FF000000FF000000FF000000FF000000FF000000FF000000FF000000FF000000FF000000FF000000FF000000FF000000FF000000FF000000FF000000FF000000FF000000FF000000FF000000FF000000FF000000FF000000FF000000FF000000FF000000FF000000FF000000FF000000FF000000FF000000FF000000FF000000FF000000FF000000FF000000FF000000FF000000FF000000FF000000FF000000FF000000FF000000FF000000FF000000FF000000FF000000FF000000FF000000FF000000FF000000FF000000FF000000FF000000FF000000FF000000FF000000FF000000FF000000FF000000FF000000FF000000FF000000FF000000FF000000FF000000FF000000FF000000FF000000FF000000FF000000FF000000FF000000FF000000FF000000FF000000FF000000FF000000FF000000FF000000FF000000FF000000FF000000FF000000FF000000FF000000FF000000FF000000FF000000FF000000FF000000FF000000FF000000FF000000FF000000FF000000FF000000FF000000FF000000FF000000FF000000FF000000FF000000FF000000FF000000FF000000FF000000FF000000FF000000FF000000FF000000FF000000FF000000FF000000FF000000FF000000FF000000FF000000FF000000FF000000FF000000FF000000FF000000FF000000FF000000FF000000FF000000FF000000FF000000FF000000FF000000FF000000FF000000FF000000FF000000FF000000FF000000FF000000FF000000FF000000FF000000FF000000FF000000FF000000FF000000FF2BFD99FF2BFD99FF000000FF000000FF000000FF000000FF2BFD99FF2BFD99FF000000FF000000FF000000FF000000FF2BFD99FF2BFD99FF2BFD99FF2BFD99FF000000FF000000FF000000FF000000FF000000FF000000FF000000FF000000FF000000FF000000FF000000FF000000FF000000FF000000FF000000FF000000FF000000FF000000FF2BFD99FF2BFD99FF2BFD99FF2BFD99FF2BFD99FF2BFD99FF2BFD99FF2BFD99FF000000FF000000FF000000FF000000FF000000FF000000FF000000FF000000FF2BFD99FF2BFD99FF000000FF000000FF2BFD99FF2BFD99FF000000FF000000FF000000FF000000FF000000FF000000FF000000FF000000FF000000FF000000FF000000FF000000FF000000FF000000FF000000FF000000FF000000FF000000FF000000FF000000FF2BFD99FF2BFD99FF000000FF000000FF000000FF000000FF000000FF000000FF000000FF000000FF000000FF000000FF000000FF000000FF2BFD99FF2BFD99FF000000FF000000FF000000FF000000FF000000FF000000FF000000FF000000FF000000FF000000FF000000FF000000FF000000FF000000FF000000FF000000FF000000FF000000FF000000FF000000FF000000FF000000FF000000FF000000FF000000FF000000FF2BFD99FF2BFD99FF000000FF000000FF000000FF000000FF000000FF000000FF000000FF000000FF000000FF000000FF000000FF000000FF2BFD99FF2BFD99FF000000FF000000FF000000FF000000FF000000FF000000FF000000FF000000FF000000FF000000FF000000FF000000FF000000FF000000FF000000FF000000FF000000FF000000FF000000FF000000FF000000FF000000FF000000FF000000FF000000FF000000FF000000FF000000FF000000FF000000FF000000FF000000FF000000FF000000FF2BFD99FF2BFD99FF000000FF000000FF000000FF000000FF2BFD99FF2BFD99FF000000FF000000FF000000FF000000FF2BFD99FF2BFD99FF2BFD99FF2BFD99FF000000FF000000FF000000FF000000FF000000FF000000FF000000FF000000FF000000FF000000FF000000FF000000FF000000FF000000FF000000FF000000FF000000FF000000FF000000FF000000FF000000FF000000FF000000FF000000FF000000FF000000FF000000FF000000FF000000FF000000FF000000FF000000FF000000FF000000FF000000FF000000FF000000FF000000FF000000FF000000FF000000FF000000FF000000FF000000FF000000FF000000FF000000FF000000FF000000FF000000FF000000FF000000FF000000FF000000FF000000FF000000FF000000FF000000FF000000FF000000FF000000FF000000FF000000FF000000FF000000FF000000FF000000FF000000FF000000FF000000FF000000FF000000FF000000FF000000FF000000FF000000FF000000FF000000FF000000FF000000FF000000FF000000FF000000FF000000FF000000FF000000FF000000FF000000FF000000FF000000FF000000FF000000FF000000FF000000FF000000FF000000FF000000FF000000FF000000FF000000FF000000FF000000FF000000FF000000FF000000FF000000FF000000FF000000FF000000FF000000FF000000FF000000FF000000FF000000FF000000FF000000FF000000FF000000FF000000FF000000FF000000FF000000FF000000FF000000FF000000FF000000FF000000FF000000FF000000FF000000FF000000FF000000FF000000FF000000FF000000FF000000FF000000FF000000FF000000FF000000FF000000FF000000FF000000FF000000FF000000FF000000FF000000FF000000FF000000FF000000FF000000FF000000FF000000FF000000FF000000FF000000FF000000FF000000FF000000FF000000FF000000FF000000FF000000FF000000FF000000FF000000FF000000FF000000FF000000FF000000FF000000FF000000FF000000FF000000FF000000FF000000FF000000FF000000FF000000FF000000FF000000FF000000FF000000FF000000FF000000FF000000FF000000FF000000FF000000FF000000FF000000FF000000FF000000FF000000FF000000FF000000FF000000FF000000FF000000FF000000FF000000FF000000FF000000FF000000FF000000FF000000FF000000FF000000FF000000FF000000FF000000FF000000FF000000FF000000FF000000FF000000FF000000FF000000FF000000FF000000FF000000FF000000FF000000FF000000FF000000FF000000FF000000FF000000FF000000FF000000FF000000FF000000FF000000FF000000FF000000FF000000FF000000FF000000FF000000FF000000FF000000FF000000FF000000FF000000FF000000FF000000FF000000FF000000FF000000FF000000FF000000FF000000FF000000FF000000FF000000FF000000FF000000FF000000FF000000FF000000FF000000FF000000FF000000FF000000FF000000FF000000FF000000FF000000FF000000FF000000FF000000FF000000FF000000FF000000FF000000FF000000FF000000FF000000FF000000FF000000FF000000FF000000FF000000FF000000FF000000FF000000FF000000FF000000FF000000FF000000FF000000FF000000FF000000FF000000FF000000FF000000FF000000FF000000FF000000FF000000FF000000FF000000FF000000FF000000FF000000FF000000FF000000FF000000FF000000FF000000FF000000FF000000FF000000FF000000FF000000FF000000FF000000FF000000FF000000FF000000FF000000FF000000FF000000FF000000FF000000FF000000FF000000FF000000FF000000FF000000FF000000FF000000FF000000FF000000FF000000FF000000FF000000FF000000FF000000FF000000FF000000FF000000FF000000FF000000FF000000FF000000FF000000FF000000FF000000FF000000FF000000FF000000FF000000FF000000FF000000FF000000FF000000FF000000FF000000FF000000FF000000FF000000FF000000FF000000FF000000FF000000FF000000FF000000FF000000FF000000FF000000FF000000FF000000FF000000FF000000FF000000FF2BFD99FF2BFD99FF000000FF000000FF000000FF000000FF2BFD99FF2BFD99FF000000FF000000FF000000FF000000FF2BFD99FF2BFD99FF2BFD99FF2BFD99FF000000FF000000FF000000FF000000FF000000FF000000FF000000FF000000FF000000FF000000FF000000FF000000FF000000FF000000FF000000FF000000FF000000FF000000FF2BFD99FF2BFD99FF2BFD99FF2BFD99FF2BFD99FF2BFD99FF2BFD99FF2BFD99FF000000FF000000FF000000FF000000FF000000FF000000FF000000FF000000FF2BFD99FF2BFD99FF000000FF000000FF2BFD99FF2BFD99FF000000FF000000FF000000FF000000FF000000FF000000FF000000FF000000FF000000FF000000FF000000FF000000FF000000FF000000FF000000FF000000FF000000FF000000FF000000FF000000FF2BFD99FF2BFD99FF000000FF000000FF000000FF000000FF000000FF000000FF000000FF000000FF000000FF000000FF000000FF000000FF2BFD99FF2BFD99FF000000FF000000FF000000FF000000FF000000FF000000FF000000FF000000FF000000FF000000FF000000FF000000FF000000FF000000FF000000FF000000FF000000FF000000FF000000FF000000FF000000FF000000FF000000FF000000FF000000FF000000FF2BFD99FF2BFD99FF000000FF000000FF000000FF000000FF000000FF000000FF000000FF000000FF000000FF000000FF000000FF000000FF2BFD99FF2BFD99FF000000FF000000FF000000FF000000FF000000FF000000FF000000FF000000FF000000FF000000FF000000FF000000FF000000FF000000FF000000FF000000FF000000FF000000FF000000FF000000FF000000FF000000FF000000FF000000FF000000FF000000FF000000FF000000FF000000FF000000FF000000FF000000FF000000FF000000FF2BFD99FF2BFD99FF000000FF000000FF000000FF000000FF2BFD99FF2BFD99FF000000FF000000FF000000FF000000FF2BFD99FF2BFD99FF2BFD99FF2BFD99FF000000FF000000FF000000FF000000FF000000FF000000FF000000FF000000FF000000FF000000FF000000FF000000FF000000FF000000FF000000FF000000FF000000FF000000FF000000FF000000FF000000FF000000FF000000FF000000FF000000FF000000FF000000FF000000FF000000FF000000FF000000FF000000FF000000FF000000FF000000FF000000FF000000FF000000FF000000FF000000FF000000FF000000FF000000FF000000FF000000FF000000FF000000FF000000FF000000FF000000FF000000FF000000FF000000FF000000FF000000FF000000FF000000FF000000FF000000FF000000FF000000FF000000FF000000FF000000FF000000FF000000FF000000FF000000FF000000FF000000FF000000FF000000FF000000FF000000FF000000FF000000FF000000FF000000FF000000FF000000FF000000FF000000FF000000FF000000FF000000FF000000FF000000FF000000FF000000FF000000FF000000FF000000FF000000FF000000FF000000FF000000FF000000FF000000FF000000FF000000FF000000FF000000FF000000FF000000FF000000FF000000FF000000FF000000FF000000FF000000FF000000FF000000FF000000FF000000FF000000FF000000FF000000FF000000FF000000FF000000FF000000FF000000FF000000FF000000FF000000FF000000FF000000FF000000FF000000FF000000FF000000FF000000FF000000FF000000FF000000FF000000FF000000FF000000FF000000FF000000FF000000FF000000FF000000FF000000FF000000FF000000FF000000FF000000FF000000FF000000FF000000FF000000FF000000FF000000FF000000FF000000FF000000FF000000FF000000FF000000FF000000FF000000FF000000FF000000FF000000FF000000FF000000FF000000FF000000FF000000FF000000FF000000FF000000FF000000FF000000FF000000FF000000FF000000FF000000FF000000FF000000FF000000FF000000FF000000FF000000FF000000FF000000FF000000FF000000FF000000FF000000FF000000FF000000FF000000FF000000FF000000FF000000FF000000FF000000FF000000FF000000FF000000FF000000FF000000FF000000FF000000FF000000FF000000FF000000FF000000FF000000FF000000FF000000FF000000FF000000FF000000FF000000FF000000FF000000FF000000FF000000FF000000FF000000FF000000FF000000FF000000FF000000FF000000FF000000FF000000FF000000FF000000FF000000FF000000FF000000FF000000FF000000FF000000FF000000FF000000FF000000FF000000FF000000FF000000FF000000FF000000FF000000FF000000FF000000FF000000FF000000FF000000FF000000FF000000FF000000FF000000FF000000FF000000FF000000FF000000FF000000FF000000FF000000FF000000FF000000FF000000FF000000FF000000FF000000FF000000FF000000FF000000FF000000FF000000FF000000FF000000FF000000FF000000FF000000FF000000FF000000FF000000FF000000FF000000FF000000FF000000FF000000FF000000FF000000FF000000FF000000FF000000FF000000FF000000FF000000FF000000FF000000FF000000FF000000FF000000FF000000FF000000FF000000FF000000FF000000FF000000FF000000FF000000FF000000FF000000FF000000FF000000FF000000FF000000FF000000FF000000FF000000FF000000FF000000FF000000FF000000FF000000FF000000FF000000FF000000FF000000FF000000FF000000FF000000FF000000FF000000FF000000FF000000FF000000FF000000FF000000FF000000FF000000FF000000FF000000FF000000FF000000FF000000FF000000FF000000FF000000FF000000FF000000FF000000FF000000FF000000FF000000FF000000FF000000FF000000FF000000FF000000FF000000FF000000FF000000FF000000FF000000FF000000FF000000FF000000FF000000FF000000FF000000FF000000FF000000FF000000FF000000FF2BFD99FF2BFD99FF2BFD99FF2BFD99FF000000FF000000FF000000FF000000FF000000FF000000FF2BFD99FF2BFD99FF000000FF000000FF2BFD99FF2BFD99FF000000FF000000FF2BFD99FF2BFD99FF000000FF000000FF000000FF000000FF000000FF000000FF000000FF000000FF000000FF000000FF000000FF000000FF000000FF000000FF000000FF000000FF000000FF000000FF000000FF000000FF000000FF000000FF000000FF000000FF000000FF000000FF2BFD99FF2BFD99FF000000FF000000FF000000FF000000FF2BFD99FF2BFD99FF000000FF000000FF000000FF000000FF2BFD99FF2BFD99FF000000FF000000FF000000FF000000FF000000FF000000FF000000FF000000FF000000FF000000FF000000FF000000FF000000FF000000FF000000FF000000FF000000FF000000FF000000FF000000FF2BFD99FF2BFD99FF2BFD99FF2BFD99FF2BFD99FF2BFD99FF2BFD99FF2BFD99FF000000FF000000FF000000FF000000FF000000FF000000FF2BFD99FF2BFD99FF2BFD99FF2BFD99FF2BFD99FF2BFD99FF2BFD99FF2BFD99FF000000FF000000FF000000FF000000FF000000FF000000FF000000FF000000FF000000FF000000FF000000FF000000FF000000FF000000FF000000FF000000FF000000FF000000FF000000FF000000FF2BFD99FF2BFD99FF2BFD99FF2BFD99FF2BFD99FF2BFD99FF2BFD99FF2BFD99FF000000FF000000FF000000FF000000FF000000FF000000FF2BFD99FF2BFD99FF2BFD99FF2BFD99FF2BFD99FF2BFD99FF2BFD99FF2BFD99FF000000FF000000FF000000FF000000FF000000FF000000FF000000FF000000FF000000FF000000FF000000FF000000FF000000FF000000FF000000FF000000FF000000FF000000FF000000FF000000FF000000FF000000FF000000FF000000FF2BFD99FF2BFD99FF2BFD99FF2BFD99FF000000FF000000FF000000FF000000FF000000FF000000FF2BFD99FF2BFD99FF000000FF000000FF2BFD99FF2BFD99FF000000FF000000FF2BFD99FF2BFD99FF000000FF000000FF000000FF000000FF000000FF000000FF000000FF000000FF000000FF000000FF000000FF000000FF000000FF000000FF000000FF000000FF000000FF000000FF000000FF000000FF000000FF000000FF000000FF000000FF000000FF000000FF000000FF000000FF000000FF000000FF000000FF000000FF000000FF000000FF000000FF000000FF000000FF000000FF000000FF000000FF000000FF000000FF000000FF000000FF000000FF000000FF000000FF000000FF000000FF000000FF000000FF000000FF000000FF000000FF000000FF000000FF000000FF000000FF000000FF000000FF000000FF000000FF000000FF000000FF000000FF000000FF000000FF000000FF000000FF000000FF000000FF000000FF000000FF000000FF000000FF000000FF000000FF000000FF000000FF000000FF000000FF000000FF000000FF000000FF000000FF000000FF000000FF000000FF000000FF000000FF000000FF000000FF000000FF000000FF000000FF000000FF000000FF000000FF000000FF000000FF000000FF000000FF000000FF000000FF000000FF000000FF000000FF000000FF000000FF000000FF000000FF000000FF000000FF000000FF000000FF000000FF000000FF000000FF000000FF000000FF000000FF000000FF000000FF000000FF000000FF000000FF000000FF000000FF000000FF000000FF000000FF000000FF000000FF000000FF000000FF000000FF000000FF000000FF000000FF000000FF000000FF000000FF000000FF000000FF000000FF000000FF000000FF000000FF000000FF000000FF000000FF000000FF000000FF000000FF000000FF000000FF000000FF000000FF000000FF000000FF000000FF000000FF000000FF000000FF000000FF000000FF000000FF000000FF000000FF000000FF000000FF000000FF000000FF000000FF000000FF000000FF000000FF000000FF000000FF000000FF000000FF000000FF000000FF000000FF000000FF000000FF000000FF000000FF000000FF000000FF000000FF000000FF000000FF000000FF000000FF000000FF000000FF000000FF000000FF000000FF000000FF000000FF000000FF000000FF000000FF000000FF000000FF000000FF000000FF000000FF000000FF000000FF000000FF000000FF000000FF000000FF000000FF000000FF000000FF000000FF000000FF000000FF000000FF000000FF000000FF000000FF000000FF000000FF000000FF000000FF000000FF000000FF000000FF000000FF000000FF000000FF000000FF000000FF000000FF000000FF000000FF000000FF000000FF000000FF000000FF000000FF000000FF000000FF000000FF000000FF000000FF000000FF000000FF000000FF000000FF000000FF000000FF000000FF000000FF000000FF000000FF000000FF000000FF000000FF000000FF000000FF000000FF000000FF000000FF000000FF000000FF000000FF000000FF000000FF000000FF000000FF000000FF000000FF000000FF000000FF000000FF000000FF000000FF000000FF000000FF000000FF000000FF000000FF000000FF000000FF000000FF000000FF000000FF000000FF000000FF000000FF000000FF000000FF000000FF000000FF000000FF000000FF000000FF000000FF000000FF000000FF000000FF000000FF000000FF000000FF000000FF000000FF000000FF000000FF000000FF000000FF000000FF000000FF000000FF000000FF000000FF000000FF000000FF000000FF000000FF000000FF000000FF000000FF000000FF000000FF000000FF000000FF000000FF000000FF000000FF000000FF000000FF000000FF000000FF000000FF000000FF000000FF000000FF000000FF000000FF000000FF000000FF000000FF000000FF000000FF000000FF000000FF000000FF000000FF000000FF000000FF000000FF000000FF000000FF000000FF000000FF000000FF000000FF000000FF000000FF000000FF000000FF000000FF000000FF000000FF000000FF000000FF2BFD99FF2BFD99FF2BFD99FF2BFD99FF000000FF000000FF000000FF000000FF000000FF000000FF2BFD99FF2BFD99FF000000FF000000FF2BFD99FF2BFD99FF000000FF000000FF2BFD99FF2BFD99FF000000FF000000FF000000FF000000FF000000FF000000FF000000FF000000FF000000FF000000FF000000FF000000FF000000FF000000FF000000FF000000FF000000FF000000FF000000FF000000FF000000FF000000FF000000FF000000FF000000FF000000FF2BFD99FF2BFD99FF000000FF000000FF000000FF000000FF2BFD99FF2BFD99FF000000FF000000FF000000FF000000FF2BFD99FF2BFD99FF000000FF000000FF000000FF000000FF000000FF000000FF000000FF000000FF000000FF000000FF000000FF000000FF000000FF000000FF000000FF000000FF000000FF000000FF000000FF000000FF2BFD99FF2BFD99FF2BFD99FF2BFD99FF2BFD99FF2BFD99FF2BFD99FF2BFD99FF000000FF000000FF000000FF000000FF000000FF000000FF2BFD99FF2BFD99FF2BFD99FF2BFD99FF2BFD99FF2BFD99FF2BFD99FF2BFD99FF000000FF000000FF000000FF000000FF000000FF000000FF000000FF000000FF000000FF000000FF000000FF000000FF000000FF000000FF000000FF000000FF000000FF000000FF000000FF000000FF2BFD99FF2BFD99FF2BFD99FF2BFD99FF2BFD99FF2BFD99FF2BFD99FF2BFD99FF000000FF000000FF000000FF000000FF000000FF000000FF2BFD99FF2BFD99FF2BFD99FF2BFD99FF2BFD99FF2BFD99FF2BFD99FF2BFD99FF000000FF000000FF000000FF000000FF000000FF000000FF000000FF000000FF000000FF000000FF000000FF000000FF000000FF000000FF000000FF000000FF000000FF000000FF000000FF000000FF000000FF000000FF000000FF000000FF2BFD99FF2BFD99FF2BFD99FF2BFD99FF000000FF000000FF000000FF000000FF000000FF000000FF2BFD99FF2BFD99FF000000FF000000FF2BFD99FF2BFD99FF000000FF000000FF2BFD99FF2BFD99FF000000FF000000FF000000FF000000FF000000FF000000FF000000FF000000FF000000FF000000FF000000FF000000FF000000FF000000FF000000FF000000FF000000FF000000FF000000FF000000FF000000FF000000FF000000FF000000FF000000FF000000FF000000FF000000FF000000FF000000FF000000FF000000FF000000FF000000FF000000FF000000FF000000FF000000FF000000FF000000FF000000FF000000FF000000FF000000FF000000FF000000FF000000FF000000FF000000FF000000FF000000FF000000FF000000FF000000FF000000FF000000FF000000FF000000FF000000FF000000FF000000FF000000FF000000FF000000FF000000FF000000FF000000FF000000FF000000FF000000FF000000FF000000FF000000FF000000FF000000FF000000FF000000FF000000FF000000FF000000FF000000FF000000FF000000FF000000FF000000FF000000FF000000FF000000FF000000FF000000FF000000FF000000FF000000FF000000FF000000FF000000FF000000FF000000FF000000FF000000FF000000FF000000FF000000FF000000FF000000FF000000FF000000FF000000FF000000FF000000FF000000FF000000FF000000FF000000FF000000FF000000FF000000FF000000FF000000FF000000FF000000FF000000FF000000FF000000FF000000FF000000FF000000FF000000FF000000FF000000FF000000FF000000FF000000FF000000FF000000FF000000FF000000FF000000FF000000FF000000FF000000FF000000FF000000FF000000FF000000FF000000FF000000FF000000FF000000FF000000FF000000FF000000FF000000FF000000FF000000FF000000FF000000FF000000FF000000FF000000FF000000FF000000FF000000FF000000FF000000FF000000FF000000FF000000FF000000FF000000FF000000FF000000FF000000FF000000FF000000FF000000FF000000FF000000FF000000FF000000FF000000FF000000FF000000FF000000FF000000FF000000FF000000FF000000FF000000FF000000FF000000FF000000FF000000FF000000FF000000FF000000FF000000FF000000FF000000FF000000FF000000FF000000FF000000FF000000FF000000FF000000FF000000FF000000FF000000FF000000FF000000FF000000FF000000FF000000FF000000FF000000FF000000FF000000FF000000FF000000FF000000FF000000FF000000FF000000FF000000FF000000FF000000FF000000FF000000FF000000FF000000FF000000FF000000FF000000FF000000FF000000FF000000FF000000FF000000FF000000FF000000FF000000FF000000FF000000FF000000FF000000FF000000FF000000FF000000FF000000FF000000FF000000FF000000FF000000FF000000FF000000FF000000FF000000FF000000FF000000FF000000FF000000FF000000FF000000FF000000FF000000FF000000FF000000FF000000FF000000FF000000FF000000FF000000FF000000FF000000FF000000FF000000FF000000FF000000FF000000FF000000FF000000FF000000FF000000FF000000FF000000FF000000FF000000FF000000FF000000FF000000FF000000FF000000FF000000FF000000FF000000FF000000FF000000FF000000FF000000FF000000FF000000FF000000FF000000FF000000FF000000FF000000FF000000FF000000FF000000FF000000FF000000FF000000FF000000FF000000FF000000FF000000FF000000FF000000FF000000FF000000FF000000FF000000FF000000FF000000FF000000FF000000FF000000FF000000FF000000FF000000FF000000FF000000FF000000FF000000FF000000FF000000FF000000FF000000FF000000FF000000FF000000FF000000FF000000FF000000FF000000FF000000FF000000FF000000FF000000FF000000FF000000FF000000FF000000FF000000FF000000FF000000FF000000FF000000FF000000FF000000FF000000FF000000FF000000FF000000FF000000FF000000FF000000FF000000FF000000FF2BFD99FF2BFD99FF000000FF000000FF000000FF000000FF000000FF000000FF000000FF000000FF000000FF000000FF2BFD99FF2BFD99FF2BFD99FF2BFD99FF000000FF000000FF000000FF000000FF2BFD99FF2BFD99FF000000FF000000FF000000FF000000FF000000FF000000FF000000FF000000FF000000FF000000FF000000FF000000FF000000FF000000FF000000FF000000FF000000FF000000FF000000FF000000FF000000FF000000FF000000FF000000FF000000FF000000FF2BFD99FF2BFD99FF000000FF000000FF000000FF000000FF2BFD99FF2BFD99FF2BFD99FF2BFD99FF2BFD99FF2BFD99FF2BFD99FF2BFD99FF2BFD99FF2BFD99FF000000FF000000FF000000FF000000FF000000FF000000FF000000FF000000FF000000FF000000FF000000FF000000FF000000FF000000FF000000FF000000FF000000FF000000FF2BFD99FF2BFD99FF000000FF000000FF000000FF000000FF000000FF000000FF2BFD99FF2BFD99FF000000FF000000FF000000FF000000FF2BFD99FF2BFD99FF000000FF000000FF000000FF000000FF000000FF000000FF000000FF000000FF000000FF000000FF000000FF000000FF000000FF000000FF000000FF000000FF000000FF000000FF000000FF000000FF000000FF000000FF000000FF000000FF000000FF000000FF2BFD99FF2BFD99FF000000FF000000FF000000FF000000FF000000FF000000FF2BFD99FF2BFD99FF000000FF000000FF000000FF000000FF2BFD99FF2BFD99FF000000FF000000FF000000FF000000FF000000FF000000FF000000FF000000FF000000FF000000FF000000FF000000FF000000FF000000FF000000FF000000FF000000FF000000FF000000FF000000FF000000FF000000FF000000FF000000FF000000FF000000FF000000FF000000FF2BFD99FF2BFD99FF000000FF000000FF000000FF000000FF000000FF000000FF000000FF000000FF000000FF000000FF2BFD99FF2BFD99FF2BFD99FF2BFD99FF000000FF000000FF000000FF000000FF2BFD99FF2BFD99FF000000FF000000FF000000FF000000FF000000FF000000FF000000FF000000FF000000FF000000FF000000FF000000FF000000FF000000FF000000FF000000FF000000FF000000FF000000FF000000FF000000FF000000FF000000FF000000FF000000FF000000FF000000FF000000FF000000FF000000FF000000FF000000FF000000FF000000FF000000FF000000FF000000FF000000FF000000FF000000FF000000FF000000FF000000FF000000FF000000FF000000FF000000FF000000FF000000FF000000FF000000FF000000FF000000FF000000FF000000FF000000FF000000FF000000FF000000FF000000FF000000FF000000FF000000FF000000FF000000FF000000FF000000FF000000FF000000FF000000FF000000FF000000FF000000FF000000FF000000FF000000FF000000FF000000FF000000FF000000FF000000FF000000FF000000FF000000FF000000FF000000FF000000FF000000FF000000FF000000FF000000FF000000FF000000FF000000FF000000FF000000FF000000FF000000FF000000FF000000FF000000FF000000FF000000FF000000FF000000FF000000FF000000FF000000FF000000FF000000FF000000FF000000FF000000FF000000FF000000FF000000FF000000FF000000FF000000FF000000FF000000FF000000FF000000FF000000FF000000FF000000FF000000FF000000FF000000FF000000FF000000FF000000FF000000FF000000FF000000FF000000FF000000FF000000FF000000FF000000FF000000FF000000FF000000FF000000FF000000FF000000FF000000FF000000FF000000FF000000FF000000FF000000FF000000FF000000FF000000FF000000FF000000FF000000FF000000FF000000FF000000FF000000FF000000FF000000FF000000FF000000FF000000FF000000FF000000FF000000FF000000FF000000FF000000FF000000FF000000FF000000FF000000FF000000FF000000FF000000FF000000FF000000FF000000FF000000FF000000FF000000FF000000FF000000FF000000FF000000FF000000FF000000FF000000FF000000FF000000FF000000FF000000FF000000FF000000FF000000FF000000FF000000FF000000FF000000FF000000FF000000FF000000FF000000FF000000FF000000FF000000FF000000FF000000FF000000FF000000FF000000FF000000FF000000FF000000FF000000FF000000FF000000FF000000FF000000FF000000FF000000FF000000FF000000FF000000FF000000FF000000FF000000FF000000FF000000FF000000FF000000FF000000FF000000FF000000FF000000FF000000FF000000FF000000FF000000FF000000FF000000FF000000FF000000FF000000FF000000FF000000FF000000FF000000FF000000FF000000FF000000FF000000FF000000FF000000FF000000FF000000FF000000FF000000FF000000FF000000FF000000FF000000FF000000FF000000FF000000FF000000FF000000FF000000FF000000FF000000FF000000FF000000FF000000FF000000FF000000FF000000FF000000FF000000FF000000FF000000FF000000FF000000FF000000FF000000FF000000FF000000FF000000FF000000FF000000FF000000FF000000FF000000FF000000FF000000FF000000FF000000FF000000FF000000FF000000FF000000FF000000FF000000FF000000FF000000FF000000FF000000FF000000FF000000FF000000FF000000FF000000FF000000FF000000FF000000FF000000FF000000FF000000FF000000FF000000FF000000FF000000FF000000FF000000FF000000FF000000FF000000FF000000FF000000FF000000FF000000FF000000FF000000FF000000FF000000FF000000FF000000FF000000FF000000FF000000FF000000FF000000FF000000FF000000FF000000FF000000FF000000FF000000FF000000FF000000FF000000FF000000FF000000FF000000FF000000FF000000FF000000FF000000FF000000FF000000FF000000FF000000FF000000FF000000FF000000FF000000FF2BFD99FF2BFD99FF000000FF000000FF000000FF000000FF000000FF000000FF000000FF000000FF000000FF000000FF2BFD99FF2BFD99FF2BFD99FF2BFD99FF000000FF000000FF000000FF000000FF2BFD99FF2BFD99FF000000FF000000FF000000FF000000FF000000FF000000FF000000FF000000FF000000FF000000FF000000FF000000FF000000FF000000FF000000FF000000FF000000FF000000FF000000FF000000FF000000FF000000FF000000FF000000FF000000FF000000FF2BFD99FF2BFD99FF000000FF000000FF000000FF000000FF2BFD99FF2BFD99FF2BFD99FF2BFD99FF2BFD99FF2BFD99FF2BFD99FF2BFD99FF2BFD99FF2BFD99FF000000FF000000FF000000FF000000FF000000FF000000FF000000FF000000FF000000FF000000FF000000FF000000FF000000FF000000FF000000FF000000FF000000FF000000FF2BFD99FF2BFD99FF000000FF000000FF000000FF000000FF000000FF000000FF2BFD99FF2BFD99FF000000FF000000FF000000FF000000FF2BFD99FF2BFD99FF000000FF000000FF000000FF000000FF000000FF000000FF000000FF000000FF000000FF000000FF000000FF000000FF000000FF000000FF000000FF000000FF000000FF000000FF000000FF000000FF000000FF000000FF000000FF000000FF000000FF000000FF2BFD99FF2BFD99FF000000FF000000FF000000FF000000FF000000FF000000FF2BFD99FF2BFD99FF000000FF000000FF000000FF000000FF2BFD99FF2BFD99FF000000FF000000FF000000FF000000FF000000FF000000FF000000FF000000FF000000FF000000FF000000FF000000FF000000FF000000FF000000FF000000FF000000FF000000FF000000FF000000FF000000FF000000FF000000FF000000FF000000FF000000FF000000FF000000FF2BFD99FF2BFD99FF000000FF000000FF000000FF000000FF000000FF000000FF000000FF000000FF000000FF000000FF2BFD99FF2BFD99FF2BFD99FF2BFD99FF000000FF000000FF000000FF000000FF2BFD99FF2BFD99FF000000FF000000FF000000FF000000FF000000FF000000FF000000FF000000FF000000FF000000FF000000FF000000FF000000FF000000FF000000FF000000FF000000FF000000FF000000FF000000FF000000FF000000FF000000FF000000FF000000FF000000FF000000FF000000FF000000FF000000FF000000FF000000FF000000FF000000FF000000FF000000FF000000FF000000FF000000FF000000FF000000FF000000FF000000FF000000FF000000FF000000FF000000FF000000FF000000FF000000FF000000FF000000FF000000FF000000FF000000FF000000FF000000FF000000FF000000FF000000FF000000FF000000FF000000FF000000FF000000FF000000FF000000FF000000FF000000FF000000FF000000FF000000FF000000FF000000FF000000FF000000FF000000FF000000FF000000FF000000FF000000FF000000FF000000FF000000FF000000FF000000FF000000FF000000FF000000FF000000FF000000FF000000FF000000FF000000FF000000FF000000FF000000FF000000FF000000FF000000FF000000FF000000FF000000FF000000FF000000FF000000FF000000FF000000FF000000FF000000FF000000FF000000FF000000FF000000FF000000FF000000FF000000FF000000FF000000FF000000FF000000FF000000FF000000FF000000FF000000FF000000FF000000FF000000FF000000FF000000FF000000FF000000FF000000FF000000FF000000FF000000FF000000FF000000FF000000FF000000FF000000FF000000FF000000FF000000FF000000FF000000FF000000FF000000FF000000FF000000FF000000FF000000FF000000FF000000FF000000FF000000FF000000FF000000FF000000FF000000FF000000FF000000FF000000FF000000FF000000FF000000FF000000FF000000FF000000FF000000FF000000FF000000FF000000FF000000FF000000FF000000FF000000FF000000FF000000FF000000FF000000FF000000FF000000FF000000FF000000FF000000FF000000FF000000FF000000FF000000FF000000FF000000FF000000FF000000FF000000FF000000FF000000FF000000FF000000FF000000FF000000FF000000FF000000FF000000FF000000FF000000FF000000FF000000FF000000FF000000FF000000FF000000FF000000FF000000FF000000FF000000FF000000FF000000FF000000FF000000FF000000FF000000FF000000FF000000FF000000FF000000FF000000FF000000FF000000FF000000FF000000FF000000FF000000FF000000FF000000FF000000FF000000FF000000FF000000FF000000FF000000FF000000FF000000FF000000FF000000FF000000FF000000FF000000FF000000FF000000FF000000FF000000FF000000FF000000FF000000FF000000FF000000FF000000FF000000FF000000FF000000FF000000FF000000FF000000FF000000FF000000FF000000FF000000FF000000FF000000FF000000FF000000FF000000FF000000FF000000FF000000FF000000FF000000FF000000FF000000FF000000FF000000FF000000FF000000FF000000FF000000FF000000FF000000FF000000FF000000FF000000FF000000FF000000FF000000FF000000FF000000FF000000FF000000FF000000FF000000FF000000FF000000FF000000FF000000FF000000FF000000FF000000FF000000FF000000FF000000FF000000FF000000FF000000FF000000FF000000FF000000FF000000FF000000FF000000FF000000FF000000FF000000FF000000FF000000FF000000FF000000FF000000FF000000FF000000FF000000FF000000FF000000FF000000FF000000FF000000FF000000FF000000FF000000FF000000FF000000FF000000FF000000FF000000FF000000FF000000FF000000FF000000FF000000FF000000FF000000FF000000FF000000FF000000FF000000FF000000FF000000FF000000FF000000FF000000FF000000FF000000FF000000FF000000FF000000FF000000FF000000FF000000FF000000FF2BFD99FF2BFD99FF000000FF000000FF000000FF000000FF000000FF000000FF000000FF000000FF000000FF000000FF000000FF000000FF2BFD99FF2BFD99FF000000FF000000FF000000FF000000FF000000FF000000FF2BFD99FF2BFD99FF000000FF000000FF000000FF000000FF000000FF000000FF000000FF000000FF000000FF000000FF000000FF000000FF000000FF000000FF000000FF000000FF000000FF000000FF2BFD99FF2BFD99FF000000FF000000FF000000FF000000FF000000FF000000FF2BFD99FF2BFD99FF000000FF000000FF000000FF000000FF000000FF000000FF000000FF000000FF000000FF000000FF2BFD99FF2BFD99FF000000FF000000FF000000FF000000FF000000FF000000FF000000FF000000FF000000FF000000FF000000FF000000FF000000FF000000FF000000FF000000FF000000FF000000FF000000FF000000FF2BFD99FF2BFD99FF000000FF000000FF000000FF000000FF000000FF000000FF2BFD99FF2BFD99FF000000FF000000FF000000FF000000FF2BFD99FF2BFD99FF000000FF000000FF000000FF000000FF000000FF000000FF000000FF000000FF000000FF000000FF000000FF000000FF000000FF000000FF000000FF000000FF000000FF000000FF000000FF000000FF000000FF000000FF000000FF000000FF000000FF000000FF2BFD99FF2BFD99FF000000FF000000FF000000FF000000FF000000FF000000FF2BFD99FF2BFD99FF000000FF000000FF000000FF000000FF2BFD99FF2BFD99FF000000FF000000FF000000FF000000FF000000FF000000FF000000FF000000FF000000FF000000FF000000FF000000FF000000FF000000FF000000FF000000FF000000FF000000FF000000FF000000FF000000FF000000FF000000FF000000FF000000FF000000FF2BFD99FF2BFD99FF000000FF000000FF000000FF000000FF000000FF000000FF000000FF000000FF000000FF000000FF000000FF000000FF2BFD99FF2BFD99FF000000FF000000FF000000FF000000FF000000FF000000FF2BFD99FF2BFD99FF000000FF000000FF000000FF000000FF000000FF000000FF000000FF000000FF000000FF000000FF000000FF000000FF000000FF000000FF000000FF000000FF000000FF000000FF000000FF000000FF000000FF000000FF000000FF000000FF000000FF000000FF000000FF000000FF000000FF000000FF000000FF000000FF000000FF000000FF000000FF000000FF000000FF000000FF000000FF000000FF000000FF000000FF000000FF000000FF000000FF000000FF000000FF000000FF000000FF000000FF000000FF000000FF000000FF000000FF000000FF000000FF000000FF000000FF000000FF000000FF000000FF000000FF000000FF000000FF000000FF000000FF000000FF000000FF000000FF000000FF000000FF000000FF000000FF000000FF000000FF000000FF000000FF000000FF000000FF000000FF000000FF000000FF000000FF000000FF000000FF000000FF000000FF000000FF000000FF000000FF000000FF000000FF000000FF000000FF000000FF000000FF000000FF000000FF000000FF000000FF000000FF000000FF000000FF000000FF000000FF000000FF000000FF000000FF000000FF000000FF000000FF000000FF000000FF000000FF000000FF000000FF000000FF000000FF000000FF000000FF000000FF000000FF000000FF000000FF000000FF000000FF000000FF000000FF000000FF000000FF000000FF000000FF000000FF000000FF000000FF000000FF000000FF000000FF000000FF000000FF000000FF000000FF000000FF000000FF000000FF000000FF000000FF000000FF000000FF000000FF000000FF000000FF000000FF000000FF000000FF000000FF000000FF000000FF000000FF000000FF000000FF000000FF000000FF000000FF000000FF000000FF000000FF000000FF000000FF000000FF000000FF000000FF000000FF000000FF000000FF000000FF000000FF000000FF000000FF000000FF000000FF000000FF000000FF000000FF000000FF000000FF000000FF000000FF000000FF000000FF000000FF000000FF000000FF000000FF000000FF000000FF000000FF000000FF000000FF000000FF000000FF000000FF000000FF000000FF000000FF000000FF000000FF000000FF000000FF000000FF000000FF000000FF000000FF000000FF000000FF000000FF000000FF000000FF000000FF000000FF000000FF000000FF000000FF000000FF000000FF000000FF000000FF000000FF000000FF000000FF000000FF000000FF000000FF000000FF000000FF000000FF000000FF000000FF000000FF000000FF000000FF000000FF000000FF000000FF000000FF000000FF000000FF000000FF000000FF000000FF000000FF000000FF000000FF000000FF000000FF000000FF000000FF000000FF000000FF000000FF000000FF000000FF000000FF000000FF000000FF000000FF000000FF000000FF000000FF000000FF000000FF000000FF000000FF000000FF000000FF000000FF000000FF000000FF000000FF000000FF000000FF000000FF000000FF000000FF000000FF000000FF000000FF000000FF000000FF000000FF000000FF000000FF000000FF000000FF000000FF000000FF000000FF000000FF000000FF000000FF000000FF000000FF000000FF000000FF000000FF000000FF000000FF000000FF000000FF000000FF000000FF000000FF000000FF000000FF000000FF000000FF000000FF000000FF000000FF000000FF000000FF000000FF000000FF000000FF000000FF000000FF000000FF000000FF000000FF000000FF000000FF000000FF000000FF000000FF000000FF000000FF000000FF000000FF000000FF000000FF000000FF000000FF000000FF000000FF000000FF000000FF000000FF000000FF000000FF000000FF000000FF000000FF000000FF000000FF000000FF000000FF000000FF000000FF000000FF000000FF000000FF000000FF000000FF000000FF000000FF000000FF000000FF000000FF2BFD99FF2BFD99FF000000FF000000FF000000FF000000FF000000FF000000FF000000FF000000FF000000FF000000FF000000FF000000FF2BFD99FF2BFD99FF000000FF000000FF000000FF000000FF000000FF000000FF2BFD99FF2BFD99FF000000FF000000FF000000FF000000FF000000FF000000FF000000FF000000FF000000FF000000FF000000FF000000FF000000FF000000FF000000FF000000FF000000FF000000FF2BFD99FF2BFD99FF000000FF000000FF000000FF000000FF000000FF000000FF2BFD99FF2BFD99FF000000FF000000FF000000FF000000FF000000FF000000FF000000FF000000FF000000FF000000FF2BFD99FF2BFD99FF000000FF000000FF000000FF000000FF000000FF000000FF000000FF000000FF000000FF000000FF000000FF000000FF000000FF000000FF000000FF000000FF000000FF000000FF000000FF000000FF2BFD99FF2BFD99FF000000FF000000FF000000FF000000FF000000FF000000FF2BFD99FF2BFD99FF000000FF000000FF000000FF000000FF2BFD99FF2BFD99FF000000FF000000FF000000FF000000FF000000FF000000FF000000FF000000FF000000FF000000FF000000FF000000FF000000FF000000FF000000FF000000FF000000FF000000FF000000FF000000FF000000FF000000FF000000FF000000FF000000FF000000FF2BFD99FF2BFD99FF000000FF000000FF000000FF000000FF000000FF000000FF2BFD99FF2BFD99FF000000FF000000FF000000FF000000FF2BFD99FF2BFD99FF000000FF000000FF000000FF000000FF000000FF000000FF000000FF000000FF000000FF000000FF000000FF000000FF000000FF000000FF000000FF000000FF000000FF000000FF000000FF000000FF000000FF000000FF000000FF000000FF000000FF000000FF2BFD99FF2BFD99FF000000FF000000FF000000FF000000FF000000FF000000FF000000FF000000FF000000FF000000FF000000FF000000FF2BFD99FF2BFD99FF000000FF000000FF000000FF000000FF000000FF000000FF2BFD99FF2BFD99FF000000FF000000FF000000FF000000FF000000FF000000FF000000FF000000FF000000FF000000FF000000FF000000FF000000FF000000FF000000FF000000FF000000FF000000FF000000FF000000FF000000FF000000FF000000FF000000FF000000FF000000FF000000FF000000FF000000FF000000FF000000FF000000FF000000FF000000FF000000FF000000FF000000FF000000FF000000FF000000FF000000FF000000FF000000FF000000FF000000FF000000FF000000FF000000FF000000FF000000FF000000FF000000FF000000FF000000FF000000FF000000FF000000FF000000FF000000FF000000FF000000FF000000FF000000FF000000FF000000FF000000FF000000FF000000FF000000FF000000FF000000FF000000FF000000FF000000FF000000FF000000FF000000FF000000FF000000FF000000FF000000FF000000FF000000FF000000FF000000FF000000FF000000FF000000FF000000FF000000FF000000FF000000FF000000FF000000FF000000FF000000FF000000FF000000FF000000FF000000FF000000FF000000FF000000FF000000FF000000FF000000FF000000FF000000FF000000FF000000FF000000FF000000FF000000FF000000FF000000FF000000FF000000FF000000FF000000FF000000FF000000FF000000FF000000FF000000FF000000FF000000FF000000FF000000FF000000FF000000FF000000FF000000FF000000FF000000FF000000FF000000FF000000FF000000FF000000FF000000FF000000FF000000FF000000FF000000FF000000FF000000FF000000FF000000FF000000FF000000FF000000FF000000FF000000FF000000FF000000FF000000FF000000FF000000FF000000FF000000FF000000FF000000FF000000FF000000FF000000FF000000FF000000FF000000FF000000FF000000FF000000FF000000FF000000FF000000FF000000FF000000FF000000FF000000FF000000FF000000FF000000FF000000FF000000FF000000FF000000FF000000FF000000FF000000FF000000FF000000FF000000FF000000FF000000FF000000FF000000FF000000FF000000FF000000FF000000FF000000FF000000FF000000FF000000FF000000FF000000FF000000FF000000FF000000FF000000FF000000FF000000FF000000FF000000FF000000FF000000FF000000FF000000FF000000FF000000FF000000FF000000FF000000FF000000FF000000FF000000FF000000FF000000FF000000FF000000FF000000FF000000FF000000FF000000FF000000FF000000FF000000FF000000FF000000FF000000FF000000FF000000FF000000FF000000FF000000FF000000FF000000FF000000FF000000FF000000FF000000FF000000FF000000FF000000FF000000FF000000FF000000FF000000FF000000FF000000FF000000FF000000FF000000FF000000FF000000FF000000FF000000FF000000FF000000FF000000FF000000FF000000FF000000FF000000FF000000FF000000FF000000FF000000FF000000FF000000FF000000FF000000FF000000FF000000FF000000FF000000FF000000FF000000FF000000FF000000FF000000FF000000FF000000FF000000FF000000FF000000FF000000FF000000FF000000FF000000FF000000FF000000FF000000FF000000FF000000FF000000FF000000FF000000FF000000FF000000FF000000FF000000FF000000FF000000FF000000FF000000FF000000FF000000FF000000FF000000FF000000FF000000FF000000FF000000FF000000FF000000FF000000FF000000FF000000FF000000FF000000FF000000FF000000FF000000FF000000FF000000FF000000FF000000FF000000FF000000FF000000FF000000FF000000FF000000FF000000FF000000FF000000FF000000FF000000FF000000FF000000FF000000FF000000FF000000FF000000FF000000FF000000FF000000FF000000FF000000FF000000FF000000FF000000FF000000FF000000FF000000FF000000FF000000FF000000FF2BFD99FF2BFD99FF2BFD99FF2BFD99FF2BFD99FF2BFD99FF2BFD99FF2BFD99FF2BFD99FF2BFD99FF000000FF000000FF000000FF000000FF000000FF000000FF2BFD99FF2BFD99FF2BFD99FF2BFD99FF2BFD99FF2BFD99FF000000FF000000FF000000FF000000FF000000FF000000FF000000FF000000FF000000FF000000FF000000FF000000FF000000FF000000FF000000FF000000FF000000FF000000FF000000FF000000FF000000FF000000FF2BFD99FF2BFD99FF2BFD99FF2BFD99FF2BFD99FF2BFD99FF000000FF000000FF000000FF000000FF000000FF000000FF000000FF000000FF000000FF000000FF000000FF000000FF2BFD99FF2BFD99FF000000FF000000FF000000FF000000FF000000FF000000FF000000FF000000FF000000FF000000FF000000FF000000FF000000FF000000FF000000FF000000FF000000FF000000FF000000FF000000FF000000FF000000FF2BFD99FF2BFD99FF2BFD99FF2BFD99FF2BFD99FF2BFD99FF000000FF000000FF000000FF000000FF000000FF000000FF2BFD99FF2BFD99FF000000FF000000FF000000FF000000FF000000FF000000FF000000FF000000FF000000FF000000FF000000FF000000FF000000FF000000FF000000FF000000FF000000FF000000FF000000FF000000FF000000FF000000FF000000FF000000FF000000FF000000FF000000FF000000FF2BFD99FF2BFD99FF2BFD99FF2BFD99FF2BFD99FF2BFD99FF000000FF000000FF000000FF000000FF000000FF000000FF2BFD99FF2BFD99FF000000FF000000FF000000FF000000FF000000FF000000FF000000FF000000FF000000FF000000FF000000FF000000FF000000FF000000FF000000FF000000FF000000FF000000FF000000FF000000FF000000FF000000FF000000FF000000FF000000FF000000FF2BFD99FF2BFD99FF2BFD99FF2BFD99FF2BFD99FF2BFD99FF2BFD99FF2BFD99FF2BFD99FF2BFD99FF000000FF000000FF000000FF000000FF000000FF000000FF2BFD99FF2BFD99FF2BFD99FF2BFD99FF2BFD99FF2BFD99FF000000FF000000FF000000FF000000FF000000FF000000FF000000FF000000FF000000FF000000FF000000FF000000FF000000FF000000FF000000FF000000FF000000FF000000FF000000FF000000FF000000FF000000FF000000FF000000FF000000FF000000FF000000FF000000FF000000FF000000FF000000FF000000FF000000FF000000FF000000FF000000FF000000FF000000FF000000FF000000FF000000FF000000FF000000FF000000FF000000FF000000FF000000FF000000FF000000FF000000FF000000FF000000FF000000FF000000FF000000FF000000FF000000FF000000FF000000FF000000FF000000FF000000FF000000FF000000FF000000FF000000FF000000FF000000FF000000FF000000FF000000FF000000FF000000FF000000FF000000FF000000FF000000FF000000FF000000FF000000FF000000FF000000FF000000FF000000FF000000FF000000FF000000FF000000FF000000FF000000FF000000FF000000FF000000FF000000FF000000FF000000FF000000FF000000FF000000FF000000FF000000FF000000FF000000FF000000FF000000FF000000FF000000FF000000FF000000FF000000FF000000FF000000FF000000FF000000FF000000FF000000FF000000FF000000FF000000FF000000FF000000FF000000FF000000FF000000FF000000FF000000FF000000FF000000FF000000FF000000FF000000FF000000FF000000FF000000FF000000FF000000FF000000FF000000FF000000FF000000FF000000FF000000FF000000FF000000FF000000FF000000FF000000FF000000FF000000FF000000FF000000FF000000FF000000FF000000FF000000FF000000FF000000FF000000FF000000FF000000FF000000FF000000FF000000FF000000FF000000FF000000FF000000FF000000FF000000FF000000FF000000FF000000FF000000FF000000FF000000FF000000FF000000FF000000FF000000FF000000FF000000FF000000FF000000FF000000FF000000FF000000FF000000FF000000FF000000FF000000FF000000FF000000FF000000FF000000FF000000FF000000FF000000FF000000FF000000FF000000FF000000FF000000FF000000FF000000FF000000FF000000FF000000FF000000FF000000FF000000FF000000FF000000FF000000FF000000FF000000FF000000FF000000FF000000FF000000FF000000FF000000FF000000FF000000FF000000FF000000FF000000FF000000FF000000FF000000FF000000FF000000FF000000FF000000FF000000FF000000FF000000FF000000FF000000FF000000FF000000FF000000FF000000FF000000FF000000FF000000FF000000FF000000FF000000FF000000FF000000FF000000FF000000FF000000FF000000FF000000FF000000FF000000FF000000FF000000FF000000FF000000FF000000FF000000FF000000FF000000FF000000FF000000FF000000FF000000FF000000FF000000FF000000FF000000FF000000FF000000FF000000FF000000FF000000FF000000FF000000FF000000FF000000FF000000FF000000FF000000FF000000FF000000FF000000FF000000FF000000FF000000FF000000FF000000FF000000FF000000FF000000FF000000FF000000FF000000FF000000FF000000FF000000FF000000FF000000FF000000FF000000FF000000FF000000FF000000FF000000FF000000FF000000FF000000FF000000FF000000FF000000FF000000FF000000FF000000FF000000FF000000FF000000FF000000FF000000FF000000FF000000FF000000FF000000FF000000FF000000FF000000FF000000FF000000FF000000FF000000FF000000FF000000FF000000FF000000FF000000FF000000FF000000FF000000FF000000FF000000FF000000FF000000FF000000FF000000FF000000FF000000FF000000FF000000FF000000FF000000FF000000FF000000FF000000FF000000FF000000FF000000FF000000FF000000FF000000FF000000FF000000FF000000FF000000FF000000FF000000FF2BFD99FF2BFD99FF2BFD99FF2BFD99FF2BFD99FF2BFD99FF2BFD99FF2BFD99FF2BFD99FF2BFD99FF000000FF000000FF000000FF000000FF000000FF000000FF2BFD99FF2BFD99FF2BFD99FF2BFD99FF2BFD99FF2BFD99FF000000FF000000FF000000FF000000FF000000FF000000FF000000FF000000FF000000FF000000FF000000FF000000FF000000FF000000FF000000FF000000FF000000FF000000FF000000FF000000FF000000FF000000FF2BFD99FF2BFD99FF2BFD99FF2BFD99FF2BFD99FF2BFD99FF000000FF000000FF000000FF000000FF000000FF000000FF000000FF000000FF000000FF000000FF000000FF000000FF2BFD99FF2BFD99FF000000FF000000FF000000FF000000FF000000FF000000FF000000FF000000FF000000FF000000FF000000FF000000FF000000FF000000FF000000FF000000FF000000FF000000FF000000FF000000FF000000FF000000FF2BFD99FF2BFD99FF2BFD99FF2BFD99FF2BFD99FF2BFD99FF000000FF000000FF000000FF000000FF000000FF000000FF2BFD99FF2BFD99FF000000FF000000FF000000FF000000FF000000FF000000FF000000FF000000FF000000FF000000FF000000FF000000FF000000FF000000FF000000FF000000FF000000FF000000FF000000FF000000FF000000FF000000FF000000FF000000FF000000FF000000FF000000FF000000FF2BFD99FF2BFD99FF2BFD99FF2BFD99FF2BFD99FF2BFD99FF000000FF000000FF000000FF000000FF000000FF000000FF2BFD99FF2BFD99FF000000FF000000FF000000FF000000FF000000FF000000FF000000FF000000FF000000FF000000FF000000FF000000FF000000FF000000FF000000FF000000FF000000FF000000FF000000FF000000FF000000FF000000FF000000FF000000FF000000FF000000FF2BFD99FF2BFD99FF2BFD99FF2BFD99FF2BFD99FF2BFD99FF2BFD99FF2BFD99FF2BFD99FF2BFD99FF000000FF000000FF000000FF000000FF000000FF000000FF2BFD99FF2BFD99FF2BFD99FF2BFD99FF2BFD99FF2BFD99FF000000FF000000FF000000FF000000FF000000FF000000FF000000FF000000FF000000FF000000FF000000FF000000FF000000FF000000FF000000FF000000FF000000FF000000FF000000FF000000FF000000FF000000FF000000FF000000FF000000FF000000FF000000FF000000FF000000FF000000FF000000FF000000FF000000FF000000FF000000FF000000FF000000FF000000FF000000FF000000FF000000FF000000FF000000FF000000FF000000FF000000FF000000FF000000FF000000FF000000FF000000FF000000FF000000FF000000FF000000FF000000FF000000FF000000FF000000FF000000FF000000FF000000FF000000FF000000FF000000FF000000FF000000FF000000FF000000FF000000FF000000FF000000FF000000FF000000FF000000FF000000FF000000FF000000FF000000FF000000FF000000FF000000FF000000FF000000FF000000FF000000FF000000FF000000FF000000FF000000FF000000FF000000FF000000FF000000FF000000FF000000FF000000FF000000FF000000FF000000FF000000FF000000FF000000FF000000FF000000FF000000FF000000FF000000FF000000FF000000FF000000FF000000FF000000FF000000FF000000FF000000FF000000FF000000FF000000FF000000FF000000FF000000FF000000FF000000FF000000FF000000FF000000FF000000FF000000FF000000FF000000FF000000FF000000FF000000FF000000FF000000FF000000FF000000FF000000FF000000FF000000FF000000FF000000FF000000FF000000FF000000FF000000FF000000FF000000FF000000FF000000FF000000FF000000FF000000FF000000FF000000FF000000FF000000FF000000FF000000FF000000FF000000FF000000FF000000FF000000FF000000FF000000FF000000FF000000FF000000FF000000FF000000FF000000FF000000FF000000FF000000FF000000FF000000FF000000FF000000FF000000FF000000FF000000FF000000FF000000FF000000FF000000FF000000FF000000FF000000FF000000FF000000FF000000FF000000FF000000FF000000FF000000FF000000FF000000FF000000FF000000FF000000FF000000FF000000FF000000FF000000FF000000FF000000FF000000FF000000FF000000FF000000FF000000FF000000FF000000FF000000FF000000FF000000FF000000FF000000FF000000FF000000FF000000FF000000FF000000FF000000FF000000FF000000FF000000FF000000FF000000FF000000FF000000FF000000FF000000FF000000FF000000FF000000FF000000FF000000FF000000FF000000FF000000FF000000FF000000FF000000FF000000FF000000FF000000FF000000FF000000FF000000FF000000FF000000FF000000FF000000FF000000FF000000FF000000FF000000FF000000FF000000FF000000FF000000FF000000FF000000FF000000FF000000FF000000FF000000FF000000FF000000FF000000FF000000FF000000FF000000FF000000FF000000FF000000FF000000FF000000FF000000FF000000FF000000FF000000FF000000FF000000FF000000FF000000FF000000FF000000FF000000FF000000FF000000FF000000FF000000FF000000FF000000FF000000FF000000FF000000FF000000FF000000FF000000FF000000FF000000FF000000FF000000FF000000FF000000FF000000FF000000FF000000FF000000FF000000FF000000FF000000FF000000FF000000FF000000FF000000FF000000FF000000FF000000FF000000FF000000FF000000FF000000FF000000FF000000FF000000FF000000FF000000FF000000FF000000FF000000FF000000FF000000FF000000FF000000FF000000FF000000FF000000FF000000FF000000FF000000FF000000FF000000FF000000FF000000FF000000FF000000FF000000FF000000FF000000FF000000FF000000FF000000FF000000FF000000FF000000FF000000FF000000FF000000FF000000FF000000FF000000FF000000FF000000FF000000FF000000FF000000FF000000FF000000FF000000FF000000FF000000FF000000FF000000FF000000FF000000FF000000FF000000FF000000FF000000FF000000FF000000FF000000FF000000FF000000FF000000FF000000FF000000FF000000FF000000FF000000FF000000FF000000FF000000FF000000FF000000FF000000FF000000FF000000FF000000FF000000FF000000FF000000FF000000FF000000FF000000FF000000FF000000FF000000FF000000FF000000FF000000FF000000FF000000FF000000FF000000FF000000FF000000FF000000FF000000FF000000FF000000FF000000FF000000FF000000FF000000FF000000FF000000FF000000FF000000FF000000FF000000FF000000FF000000FF000000FF000000FF000000FF000000FF000000FF000000FF000000FF000000FF000000FF000000FF000000FF000000FF000000FF000000FF000000FF000000FF000000FF000000FF000000FF000000FF000000FF000000FF000000FF000000FF000000FF000000FF000000FF000000FF000000FF000000FF000000FF000000FF000000FF000000FF000000FF000000FF000000FF000000FF000000FF000000FF000000FF000000FF000000FF000000FF000000FF000000FF000000FF000000FF000000FF000000FF000000FF000000FF000000FF000000FF000000FF000000FF000000FF000000FF000000FF000000FF000000FF000000FF000000FF000000FF000000FF000000FF000000FF000000FF000000FF000000FF000000FF000000FF000000FF000000FF000000FF000000FF000000FF000000FF000000FF000000FF000000FF000000FF000000FF000000FF000000FF000000FF000000FF000000FF000000FF000000FF000000FF000000FF000000FF000000FF000000FF000000FF000000FF000000FF000000FF000000FF000000FF000000FF000000FF000000FF000000FF000000FF000000FF000000FF000000FF000000FF000000FF000000FF000000FF000000FF000000FF000000FF000000FF000000FF000000FF000000FF000000FF000000FF000000FF000000FF000000FF000000FF000000FF000000FF000000FF000000FF000000FF000000FF000000FF000000FF000000FF000000FF000000FF000000FF000000FF000000FF000000FF000000FF000000FF000000FF000000FF000000FF000000FF000000FF000000FF000000FF000000FF000000FF000000FF000000FF000000FF000000FF000000FF000000FF000000FF000000FF000000FF000000FF000000FF000000FF000000FF000000FF000000FF000000FF000000FF000000FF000000FF000000FF000000FF000000FF000000FF000000FF000000FF000000FF000000FF000000FF000000FF000000FF000000FF000000FF000000FF000000FF000000FF000000FF000000FF000000FF000000FF000000FF000000FF000000FF000000FF000000FF000000FF000000FF000000FF000000FF000000FF000000FF000000FF000000FF000000FF000000FF000000FF000000FF000000FF000000FF000000FF000000FF000000FF000000FF000000FF000000FF000000FF000000FF000000FF000000FF000000FF000000FF000000FF000000FF000000FF000000FF000000FF000000FF000000FF000000FF000000FF000000FF000000FF000000FF000000FF000000FF000000FF000000FF000000FF000000FF000000FF000000FF000000FF000000FF000000FF000000FF000000FF000000FF000000FF000000FF000000FF000000FF000000FF000000FF000000FF000000FF000000FF000000FF000000FF000000FF000000FF000000FF000000FF000000FF000000FF000000FF000000FF000000FF000000FF000000FF000000FF000000FF000000FF000000FF000000FF000000FF000000FF000000FF000000FF000000FF000000FF000000FF000000FF000000FF000000FF000000FF000000FF000000FF000000FF000000FF000000FF000000FF000000FF000000FF000000FF000000FF000000FF000000FF000000FF000000FF000000FF000000FF000000FF000000FF000000FF000000FF000000FF000000FF000000FF000000FF000000FF000000FF000000FF000000FF000000FF000000FF000000FF000000FF000000FF000000FF000000FF000000FF000000FF000000FF000000FF000000FF000000FF000000FF000000FF000000FF000000FF000000FF000000FF000000FF000000FF000000FF000000FF000000FF000000FF000000FF000000FF000000FF000000FF000000FF000000FF000000FF000000FF000000FF000000FF000000FF000000FF000000FF000000FF000000FF000000FF000000FF000000FF000000FF000000FF000000FF000000FF000000FF000000FF000000FF000000FF000000FF000000FF000000FF000000FF000000FF000000FF000000FF000000FF000000FF000000FF000000FF000000FF000000FF000000FF000000FF000000FF000000FF000000FF000000FF000000FF000000FF000000FF000000FF000000FF000000FF000000FF000000FF000000FF000000FF000000FF000000FF000000FF000000FF000000FF000000FF000000FF000000FF000000FF000000FF000000FF000000FF000000FF000000FF000000FF000000FF000000FF000000FF000000FF000000FF000000FF000000FF000000FF000000FF000000FF000000FF000000FF000000FF000000FF000000FF000000FF000000FF000000FF000000FF000000FF000000FF000000FF000000FF000000FF000000FF000000FF000000FF000000FF000000FF000000FF000000FF000000FF000000FF000000FF000000FF000000FF000000FF000000FF000000FF000000FF000000FF000000FF000000FF000000FF000000FF000000FF000000FF000000FF000000FF000000FF000000FF000000FF000000FF000000FF000000FF000000FF000000FF000000FF000000FF000000FF000000FF000000FF000000FF000000FF000000FF000000FF000000FF000000FF000000FF000000FF000000FF000000FF000000FF000000FF000000FF000000FF000000FF000000FF000000FF000000FF000000FF000000FF000000FF000000FF000000FF000000FF000000FF000000FF000000FF000000FF000000FF000000FF000000FF000000FF000000FF000000FF000000FF000000FF000000FF000000FF000000FF000000FF000000FF000000FF000000FF000000FF000000FF000000FF000000FF000000FF000000FF000000FF000000FF000000FF000000FF000000FF000000FF000000FF000000FF000000FF000000FF000000FF000000FF000000FF000000FF000000FF000000FF000000FF000000FF000000FF000000FF000000FF000000FF000000FF000000FF000000FF000000FF000000FF000000FF000000FF000000FF000000FF000000FF000000FF000000FF000000FF000000FF000000FF000000FF000000FF000000FF000000FF000000FF000000FF000000FF000000FF000000FF000000FF000000FF000000FF000000FF000000FF000000FF000000FF000000FF000000FF000000FF000000FF000000FF000000FF000000FF000000FF000000FF000000FF000000FF000000FF000000FF000000FF000000FF000000FF000000FF000000FF000000FF000000FF000000FF000000FF000000FF000000FF000000FF000000FF000000FF000000FF000000FF000000FF000000FF000000FF000000FF000000FF000000FF000000FF000000FF000000FF000000FF000000FF000000FF000000FF000000FF000000FF000000FF000000FF000000FF000000FF000000FF000000FF000000FF000000FF000000FF000000FF000000FF000000FF000000FF000000FF000000FF000000FF000000FF000000FF000000FF000000FF000000FF000000FF000000FF000000FF000000FF000000FF000000FF000000FF000000FF000000FF000000FF000000FF000000FF000000FF000000FF000000FF000000FF000000FF000000FF000000FF000000FF000000FF000000FF000000FF000000FF000000FF000000FF000000FF000000FF000000FF000000FF000000FF000000FF000000FF000000FF000000FF000000FF000000FF000000FF000000FF000000FF000000FF000000FF000000FF000000FF000000FF000000FF000000FF000000FF000000FF000000FF000000FF000000FF000000FF000000FF000000FF000000FF000000FF000000FF000000FF000000FF000000FF000000FF000000FF000000FF000000FF000000FF000000FF000000FF000000FF000000FF000000FF000000FF000000FF000000FF000000FF000000FF000000FF000000FF000000FF000000FF000000FF000000FF000000FF000000FF000000FF000000FF000000FF000000FF000000FF000000FF000000FF000000FF000000FF000000FF000000FF000000FF000000FF000000FF000000FF000000FF000000FF000000FF000000FF000000FF000000FF000000FF000000FF000000FF000000FF000000FF000000FF000000FF000000FF000000FF000000FF000000FF000000FF000000FF000000FF000000FF000000FF000000FF000000FF000000FF000000FF000000FF000000FF000000FF000000FF000000FF000000FF000000FF000000FF000000FF000000FF000000FF000000FF000000FF000000FF000000FF000000FF000000FF000000FF000000FF000000FF000000FF000000FF000000FF000000FF000000FF000000FF000000FF000000FF000000FF000000FF000000FF000000FF000000FF000000FF000000FF000000FF000000FF000000FF000000FF000000FF000000FF000000FF000000FF000000FF000000FF000000FF000000FF000000FF000000FF000000FF000000FF000000FF000000FF000000FF000000FF000000FF000000FF000000FF000000FF000000FF000000FF000000FF000000FF000000FF000000FF000000FF000000FF000000FF000000FF000000FF000000FF000000FF000000FF000000FF000000FF000000FF000000FF000000FF000000FF000000FF000000FF000000FF000000FF000000FF000000FF000000FF000000FF000000FF000000FF000000FF000000FF000000FF000000FF000000FF000000FF000000FF000000FF000000FF000000FF000000FF000000FF000000FF000000FF000000FF000000FF000000FF000000FF000000FF000000FF000000FF000000FF000000FF000000FF000000FF000000FF000000FF000000FF000000FF000000FF000000FF000000FF000000FF000000FF000000FF000000FF000000FF000000FF000000FF000000FF000000FF000000FF000000FF000000FF000000FF000000FF000000FF000000FF000000FF000000FF000000FF000000FF000000FF000000FF000000FF000000FF000000FF000000FF000000FF000000FF000000FF000000FF000000FF000000FF000000FF000000FF000000FF000000FF000000FF000000FF000000FF000000FF000000FF000000FF000000FF000000FF000000FF000000FF000000FF000000FF000000FF000000FF000000FF000000FF000000FF000000FF000000FF000000FF000000FF000000FF000000FF000000FF000000FF000000FF000000FF000000FF000000FF000000FF000000FF000000FF000000FF000000FF000000FF000000FF000000FF000000FF000000FF000000FF000000FF000000FF000000FF000000FF000000FF000000FF000000FF000000FF000000FF000000FF000000FF000000FF000000FF000000FF000000FF000000FF000000FF000000FF000000FF000000FF000000FF000000FF000000FF000000FF000000FF000000FF000000FF000000FF000000FF000000FF000000FF000000FF000000FF000000FF000000FF000000FF000000FF000000FF000000FF000000FF000000FF000000FF000000FF000000FF000000FF000000FF000000FF000000FF000000FF000000FF000000FF000000FF000000FF000000FF000000FF000000FF000000FF000000FF000000FF000000FF000000FF000000FF000000FF000000FF000000FF000000FF000000FF000000FF000000FF000000FF000000FF000000FF000000FF000000FF000000FF000000FF000000FF000000FF000000FF000000FF000000FF000000FF000000FF000000FF000000FF000000FF000000FF000000FF000000FF000000FF000000FF000000FF000000FF000000FF000000FF000000FF000000FF000000FF000000FF000000FF000000FF000000FF000000FF000000FF000000FF000000FF000000FF000000FF000000FF000000FF000000FF000000FF000000FF000000FF000000FF000000FF000000FF000000FF000000FF000000FF000000FF000000FF000000FF000000FF000000FF000000FF000000FF000000FF000000FF000000FF000000FF000000FF000000FF000000FF000000FF000000FF000000FF000000FF000000FF000000FF000000FF000000FF000000FF000000FF000000FF000000FF000000FF000000FF000000FF000000FF000000FF000000FF000000FF000000FF000000FF000000FF000000FF000000FF000000FF000000FF000000FF000000FF000000FF000000FF000000FF000000FF000000FF000000FF000000FF000000FF000000FF000000FF000000FF000000FF000000FF000000FF000000FF000000FF000000FF000000FF000000FF000000FF000000FF000000FF000000FF000000FF000000FF000000FF000000FF000000FF000000FF000000FF000000FF000000FF000000FF000000FF000000FF000000FF000000FF000000FF000000FF000000FF000000FF000000FF000000FF000000FF000000FF000000FF000000FF000000FF000000FF000000FF000000FF000000FF000000FF000000FF000000FF000000FF000000FF000000FF000000FF000000FF000000FF000000FF000000FF000000FF000000FF000000FF000000FF000000FF000000FF000000FF000000FF000000FF000000FF000000FF000000FF000000FF000000FF000000FF000000FF000000FF000000FF000000FF000000FF000000FF000000FF000000FF000000FF000000FF000000FF000000FF000000FF000000FF000000FF000000FF000000FF000000FF000000FF000000FF000000FF000000FF000000FF000000FF000000FF000000FF000000FF000000FF000000FF000000FF000000FF000000FF000000FF000000FF000000FF000000FF000000FF000000FF000000FF000000FF000000FF000000FF000000FF000000FF000000FF000000FF000000FF000000FF000000FF000000FF000000FF000000FF000000FF000000FF000000FF000000FF000000FF000000FF000000FF000000FF000000FF000000FF000000FF000000FF000000FF000000FF000000FF000000FF000000FF000000FF000000FF000000FF000000FF000000FF000000FF000000FF000000FF000000FF000000FF000000FF000000FF000000FF000000FF000000FF000000FF000000FF000000FF000000FF000000FF000000FF000000FF000000FF000000FF000000FF000000FF000000FF000000FF000000FF000000FF000000FF000000FF000000FF000000FF000000FF000000FF000000FF000000FF000000FF000000FF000000FF000000FF000000FF000000FF000000FF000000FF000000FF000000FF000000FF000000FF000000FF000000FF000000FF000000FF000000FF000000FF000000FF000000FF000000FF000000FF000000FF000000FF000000FF000000FF000000FF000000FF000000FF000000FF000000FF000000FF000000FF000000FF000000FF000000FF000000FF000000FF000000FF000000FF000000FF000000FF000000FF000000FF000000FF000000FF000000FF000000FF000000FF000000FF000000FF000000FF000000FF000000FF000000FF000000FF000000FF000000FF000000FF000000FF000000FF000000FF000000FF000000FF000000FF000000FF000000FF000000FF000000FF000000FF000000FF000000FF000000FF000000FF000000FF000000FF000000FF000000FF000000FF000000FF000000FF000000FF000000FF000000FF000000FF000000FF000000FF000000FF000000FF000000FF000000FF000000FF000000FF000000FF000000FF000000FF000000FF000000FF000000FF000000FF000000FF000000FF000000FF000000FF000000FF000000FF000000FF000000FF000000FF000000FF000000FF000000FF000000FF000000FF000000FF000000FF000000FF000000FF000000FF000000FF000000FF000000FF000000FF000000FF000000FF000000FF000000FF000000FF000000FF000000FF000000FF000000FF000000FF000000FF000000FF000000FF000000FF000000FF000000FF000000FF000000FF000000FF000000FF000000FF000000FF000000FF000000FF000000FF000000FF000000FF000000FF000000FF000000FF000000FF000000FF000000FF000000FF000000FF000000FF000000FF000000FF000000FF000000FF000000FF000000FF000000FF000000FF000000FF000000FF000000FF000000FF000000FF000000FF000000FF000000FF000000FF000000FF000000FF000000FF000000FF000000FF000000FF000000FF000000FF000000FF000000FF000000FF000000FF000000FF000000FF000000FF000000FF000000FF000000FF000000FF000000FF000000FF000000FF000000FF000000FF000000FF000000FF000000FF000000FF000000FF000000FF000000FF000000FF000000FF000000FF000000FF000000FF000000FF000000FF000000FF000000FF000000FF000000FF000000FF000000FF000000FF000000FF000000FF000000FF000000FF000000FF000000FF000000FF000000FF000000FF000000FF000000FF000000FF000000FF000000FF000000FF000000FF000000FF000000FF000000FF000000FF000000FF000000FF000000FF000000FF000000FF000000FF000000FF000000FF000000FF000000FF000000FF000000FF000000FF000000FF000000FF000000FF000000FF000000FF000000FF000000FF000000FF000000FF000000FF000000FF000000FF000000FF000000FF000000FF000000FF000000FF000000FF000000FF000000FF000000FF000000FF000000FF000000FF000000FF000000FF000000FF000000FF000000FF000000FF000000FF000000FF000000FF000000FF000000FF000000FF000000FF000000FF000000FF000000FF000000FF000000FF000000FF000000FF000000FF000000FF000000FF000000FF000000FF000000FF000000FF000000FF000000FF000000FF000000FF000000FF000000FF000000FF000000FF000000FF000000FF000000FF000000FF000000FF000000FF000000FF000000FF000000FF000000FF000000FF000000FF000000FF000000FF000000FF000000FF000000FF000000FF000000FF000000FF000000FF000000FF000000FF000000FF000000FF000000FF000000FF000000FF000000FF000000FF000000FF000000FF000000FF000000FF000000FF000000FF000000FF000000FF000000FF000000FF000000FF000000FF000000FF000000FF000000FF000000FF000000FF000000FF000000FF000000FF000000FF000000FF000000FF000000FF000000FF000000FF000000FF000000FF000000FF000000FF000000FF000000FF000000FF000000FF000000FF000000FF000000FF000000FF000000FF000000FF000000FF000000FF000000FF000000FF000000FF000000FF000000FF000000FF000000FF000000FF000000FF000000FF000000FF000000FF000000FF000000FF000000FF000000FF000000FF000000FF000000FF000000FF000000FF000000FF000000FF000000FF000000FF000000FF000000FF000000FF000000FF000000FF000000FF000000FF000000FF000000FF000000FF000000FF000000FF000000FF000000FF000000FF000000FF000000FF000000FF000000FF000000FF000000FF000000FF000000FF000000FF000000FF000000FF000000FF000000FF000000FF000000FF000000FF000000FF000000FF000000FF000000FF000000FF000000FF000000FF000000FF000000FF000000FF000000FF000000FF000000FF000000FF000000FF000000FF000000FF000000FF000000FF000000FF000000FF000000FF000000FF000000FF000000FF000000FF000000FF000000FF000000FF000000FF000000FF000000FF000000FF000000FF000000FF000000FF000000FF000000FF000000FF000000FF000000FF000000FF000000FF000000FF000000FF000000FF000000FF000000FF000000FF000000FF000000FF000000FF000000FF000000FF000000FF000000FF000000FF000000FF000000FF000000FF000000FF000000FF000000FF000000FF000000FF000000FF000000FF000000FF000000FF000000FF000000FF000000FF000000FF000000FF000000FF000000FF000000FF000000FF000000FF000000FF000000FF000000FF000000FF000000FF000000FF000000FF000000FF000000FF000000FF000000FF000000FF000000FF000000FF000000FF000000FF000000FF000000FF000000FF000000FF000000FF000000FF000000FF000000FF000000FF000000FF000000FF000000FF000000FF000000FF000000FF000000FF000000FF000000FF000000FF000000FF000000FF000000FF000000FF000000FF000000FF000000FF000000FF000000FF000000FF000000FF000000FF000000FF000000FF000000FF000000FF000000FF000000FF000000FF000000FF000000FF000000FF000000FF000000FF000000FF000000FF000000FF000000FF000000FF000000FF000000FF000000FF000000FF000000FF000000FF000000FF000000FF000000FF000000FF000000FF000000FF000000FF000000FF000000FF000000FF000000FF000000FF000000FF000000FF000000FF000000FF000000FF000000FF000000FF000000FF000000FF000000FF000000FF000000FF000000FF000000FF000000FF000000FF000000FF000000FF000000FF000000FF000000FF000000FF000000FF000000FF000000FF000000FF000000FF000000FF000000FF000000FF000000FF000000FF000000FF000000FF000000FF000000FF000000FF000000FF000000FF000000FF000000FF000000FF000000FF000000FF000000FF000000FF000000FF000000FF000000FF000000FF000000FF000000FF000000FF000000FF000000FF000000FF000000FF000000FF000000FF000000FF000000FF000000FF000000FF000000FF000000FF000000FF000000FF000000FF000000FF000000FF000000FF000000FF000000FF000000FF000000FF000000FF000000FF000000FF000000FF000000FF000000FF000000FF000000FF000000FF000000FF000000FF000000FF000000FF000000FF000000FF000000FF000000FF000000FF000000FF000000FF000000FF000000FF000000FF000000FF000000FF000000FF000000FF000000FF000000FF000000FF000000FF000000FF000000FF000000FF000000FF000000FF000000FF000000FF000000FF000000FF000000FF000000FF000000FF000000FF000000FF000000FF000000FF000000FF000000FF000000FF000000FF000000FF000000FF000000FF000000FF000000FF000000FF000000FF000000FF000000FF000000FF000000FF000000FF000000FF000000FF000000FF000000FF000000FF000000FF000000FF000000FF000000FF000000FF000000FF000000FF000000FF000000FF000000FF000000FF000000FF000000FF000000FF000000FF000000FF000000FF000000FF000000FF000000FF000000FF000000FF000000FF000000FF000000FF000000FF000000FF000000FF000000FF000000FF000000FF000000FF000000FF000000FF000000FF000000FF000000FF000000FF000000FF000000FF000000FF000000FF000000FF000000FF000000FF000000FF000000FF000000FF000000FF000000FF000000FF000000FF000000FF000000FF000000FF000000FF000000FF000000FF000000FF000000FF000000FF000000FF000000FF000000FF000000FF000000FF000000FF000000FF000000FF000000FF000000FF000000FF000000FF000000FF000000FF000000FF000000FF000000FF000000FF000000FF000000FF000000FF000000FF000000FF000000FF000000FF000000FF000000FF000000FF000000FF000000FF000000FF000000FF000000FF000000FF000000FF000000FF000000FF000000FF000000FF000000FF000000FF000000FF000000FF000000FF000000FF000000FF000000FF000000FF000000FF000000FF000000FF000000FF000000FF000000FF000000FF000000FF000000FF000000FF000000FF000000FF000000FF000000FF000000FF000000FF000000FF000000FF000000FF000000FF000000FF000000FF000000FF000000FF000000FF000000FF000000FF000000FF000000FF000000FF000000FF000000FF000000FF000000FF000000FF000000FF000000FF000000FF000000FF000000FF000000FF000000FF000000FF000000FF000000FF000000FF000000FF000000FF000000FF000000FF000000FF000000FF000000FF000000FF000000FF000000FF000000FF000000FF000000FF000000FF000000FF000000FF000000FF000000FF000000FF000000FF000000FF000000FF000000FF000000FF000000FF000000FF000000FF000000FF000000FF000000FF000000FF000000FF000000FF000000FF000000FF000000FF000000FF000000FF000000FF000000FF000000FF000000FF000000FF000000FF000000FF000000FF000000FF000000FF000000FF000000FF000000FF000000FF000000FF000000FF000000FF000000FF000000FF000000FF000000FF000000FF000000FF000000FF000000FF000000FF000000FF000000FF000000FF000000FF000000FF000000FF000000FF000000FF000000FF000000FF000000FF000000FF000000FF000000FF000000FF000000FF000000FF000000FF000000FF000000FF000000FF000000FF000000FF000000FF000000FF000000FF000000FF000000FF000000FF000000FF000000FF000000FF000000FF000000FF000000FF000000FF000000FF000000FF000000FF000000FF000000FF000000FF000000FF000000FF000000FF000000FF000000FF000000FF000000FF000000FF000000FF000000FF000000FF000000FF000000FF000000FF000000FF000000FF000000FF000000FF000000FF000000FF000000FF000000FF000000FF000000FF000000FF000000FF000000FF000000FF000000FF000000FF000000FF000000FF000000FF000000FF000000FF000000FF000000FF000000FF000000FF000000FF000000FF000000FF000000FF000000FF000000FF000000FF000000FF000000FF000000FF000000FF000000FF000000FF000000FF000000FF000000FF000000FF000000FF000000FF000000FF000000FF000000FF000000FF000000FF000000FF000000FF000000FF000000FF000000FF000000FF000000FF000000FF000000FF000000FF000000FF000000FF000000FF000000FF000000FF000000FF000000FF000000FF000000FF000000FF000000FF000000FF000000FF000000FF000000FF000000FF000000FF000000FF000000FF000000FF000000FF000000FF000000FF000000FF000000FF000000FF000000FF000000FF000000FF000000FF000000FF000000FF000000FF000000FF000000FF000000FF000000FF000000FF000000FF000000FF000000FF000000FF000000FF000000FF000000FF000000FF000000FF000000FF000000FF000000FF000000FF000000FF000000FF000000FF000000FF000000FF000000FF000000FF000000FF000000FF000000FF000000FF000000FF000000FF000000FF000000FF000000FF000000FF000000FF000000FF000000FF000000FF000000FF000000FF000000FF000000FF000000FF000000FF000000FF000000FF000000FF000000FF000000FF000000FF000000FF000000FF000000FF000000FF000000FF000000FF000000FF000000FF000000FF000000FF000000FF000000FF000000FF000000FF000000FF000000FF000000FF000000FF000000FF000000FF000000FF000000FF000000FF000000FF000000FF000000FF000000FF000000FF000000FF000000FF000000FF000000FF000000FF000000FF000000FF000000FF000000FF000000FF000000FF000000FF000000FF000000FF000000FF000000FF000000FF000000FF000000FF000000FF000000FF000000FF000000FF000000FF000000FF000000FF000000FF000000FF000000FF000000FF000000FF000000FF000000FF000000FF000000FF000000FF000000FF000000FF000000FF000000FF000000FF000000FF000000FF000000FF000000FF000000FF000000FF000000FF000000FF000000FF000000FF000000FF000000FF000000FF000000FF000000FF000000FF000000FF000000FF000000FF000000FF000000FF000000FF000000FF000000FF000000FF000000FF000000FF000000FF000000FF000000FF000000FF000000FF000000FF000000FF000000FF000000FF000000FF000000FF000000FF000000FF000000FF000000FF000000FF000000FF000000FF000000FF000000FF000000FF000000FF000000FF000000FF000000FF000000FF000000FF000000FF000000FF000000FF000000FF000000FF000000FF000000FF000000FF000000FF000000FF000000FF000000FF000000FF000000FF000000FF000000FF000000FF000000FF000000FF000000FF000000FF000000FF000000FF000000FF000000FF000000FF000000FF000000FF000000FF000000FF000000FF000000FF000000FF000000FF000000FF000000FF000000FF000000FF000000FF000000FF000000FF000000FF000000FF000000FF000000FF000000FF000000FF000000FF000000FF000000FF000000FF000000FF000000FF000000FF000000FF000000FF000000FF000000FF000000FF000000FF000000FF000000FF000000FF000000FF000000FF000000FF000000FF000000FF000000FF000000FF000000FF000000FF000000FF000000FF000000FF000000FF000000FF000000FF000000FF000000FF000000FF000000FF000000FF000000FF000000FF000000FF000000FF000000FF000000FF000000FF000000FF000000FF000000FF000000FF000000FF000000FF000000FF000000FF000000FF000000FF000000FF000000FF000000FF000000FF000000FF000000FF000000FF000000FF000000FF000000FF000000FF000000FF000000FF000000FF000000FF000000FF000000FF000000FF000000FF000000FF000000FF000000FF000000FF000000FF000000FF000000FF000000FF000000FF000000FF000000FF000000FF000000FF000000FF000000FF000000FF000000FF000000FF000000FF000000FF000000FF000000FF000000FF000000FF000000FF000000FF000000FF000000FF000000FF000000FF000000FF000000FF000000FF000000FF000000FF000000FF000000FF000000FF000000FF000000FF000000FF000000FF000000FF000000FF000000FF000000FF000000FF000000FF000000FF000000FF000000FF000000FF000000FF000000FF000000FF000000FF000000FF000000FF000000FF000000FF000000FF000000FF000000FF000000FF000000FF000000FF000000FF000000FF000000FF000000FF000000FF000000FF000000FF000000FF000000FF000000FF000000FF000000FF000000FF000000FF000000FF000000FF000000FF000000FF000000FF000000FF000000FF000000FF000000FF000000FF000000FF000000FF000000FF000000FF000000FF000000FF000000FF000000FF000000FF000000FF000000FF000000FF000000FF000000FF000000FF000000FF000000FF000000FF000000FF000000FF000000FF000000FF000000FF000000FF000000FF000000FF000000FF000000FF000000FF000000FF000000FF000000FF000000FF000000FF000000FF000000FF000000FF000000FF000000FF000000FF000000FF000000FF000000FF000000FF000000FF000000FF000000FF000000FF000000FF000000FF000000FF000000FF000000FF000000FF000000FF000000FF000000FF000000FF000000FF000000FF000000FF000000FF000000FF000000FF000000FF000000FF000000FF000000FF000000FF000000FF000000FF000000FF000000FF000000FF000000FF000000FF000000FF000000FF000000FF000000FF000000FF000000FF000000FF000000FF000000FF000000FF000000FF000000FF000000FF000000FF000000FF000000FF000000FF000000FF000000FF000000FF000000FF000000FF000000FF000000FF000000FF000000FF000000FF000000FF000000FF000000FF000000FF000000FF000000FF000000FF000000FF000000FF000000FF000000FF000000FF000000FF000000FF000000FF000000FF000000FF000000FF000000FF000000FF000000FF000000FF000000FF000000FF000000FF000000FF000000FF000000FF000000FF000000FF000000FF000000FF000000FF000000FF000000FF000000FF000000FF000000FF000000FF000000FF000000FF000000FF000000FF000000FF000000FF000000FF000000FF000000FF000000FF000000FF000000FF000000FF000000FF000000FF000000FF000000FF000000FF000000FF000000FF000000FF000000FF000000FF000000FF000000FF000000FF000000FF000000FF000000FF000000FF000000FF000000FF000000FF000000FF000000FF000000FF000000FF000000FF000000FF000000FF000000FF000000FF000000FF000000FF000000FF000000FF000000FF000000FF000000FF000000FF000000FF000000FF000000FF000000FF000000FF000000FF000000FF000000FF000000FF000000FF000000FF000000FF000000FF000000FF000000FF000000FF000000FF000000FF000000FF000000FF000000FF000000FF000000FF000000FF000000FF000000FF000000FF000000FF000000FF000000FF000000FF000000FF000000FF000000FF000000FF000000FF000000FF000000FF000000FF000000FF000000FF000000FF000000FF000000FF000000FF000000FF000000FF000000FF000000FF000000FF000000FF000000FF000000FF000000FF000000FF000000FF000000FF000000FF000000FF000000FF000000FF000000FF000000FF000000FF000000FF000000FF000000FF000000FF000000FF000000FF000000FF000000FF000000FF000000FF000000FF000000FF000000FF000000FF000000FF000000FF000000FF000000FF000000FF000000FF000000FF000000FF000000FF000000FF000000FF000000FF000000FF000000FF000000FF000000FF000000FF000000FF000000FF000000FF000000FF000000FF000000FF000000FF000000FF000000FF000000FF000000FF000000FF000000FF000000FF000000FF000000FF000000FF000000FF000000FF000000FF000000FF000000FF000000FF000000FF000000FF000000FF000000FF000000FF000000FF000000FF000000FF000000FF000000FF000000FF000000FF000000FF000000FF000000FF000000FF000000FF000000FF000000FF000000FF000000FF000000FF000000FF000000FF000000FF000000FF000000FF000000FF000000FF000000FF000000FF000000FF000000FF000000FF000000FF000000FF000000FF000000FF000000FF000000FF000000FF000000FF000000FF000000FF000000FF000000FF000000FF000000FF000000FF000000FF000000FF000000FF000000FF000000FF000000FF000000FF000000FF000000FF000000FF000000FF000000FF000000FF000000FF000000FF000000FF000000FF000000FF000000FF000000FF000000FF000000FF000000FF000000FF000000FF000000FF000000FF000000FF000000FF000000FF000000FF000000FF000000FF000000FF000000FF000000FF000000FF000000FF000000FF000000FF000000FF000000FF000000FF000000FF000000FF000000FF000000FF000000FF000000FF000000FF000000FF000000FF000000FF000000FF000000FF000000FF000000FF000000FF000000FF000000FF000000FF000000FF000000FF000000FF000000FF000000FF000000FF000000FF000000FF000000FF000000FF000000FF000000FF000000FF000000FF000000FF000000FF000000FF000000FF000000FF000000FF000000FF000000FF000000FF000000FF000000FF000000FF000000FF000000FF000000FF000000FF000000FF000000FF000000FF000000FF000000FF000000FF000000FF000000FF000000FF000000FF000000FF000000FF000000FF000000FF000000FF000000FF000000FF000000FF000000FF000000FF000000FF000000FF000000FF000000FF000000FF000000FF000000FF000000FF000000FF000000FF000000FF000000FF000000FF000000FF000000FF000000FF000000FF000000FF000000FF000000FF000000FF000000FF000000FF000000FF000000FF000000FF000000FF000000FF000000FF000000FF000000FF000000FF000000FF000000FF000000FF000000FF000000FF000000FF000000FF000000FF000000FF000000FF000000FF000000FF000000FF000000FF000000FF000000FF000000FF000000FF000000FF000000FF000000FF000000FF000000FF000000FF000000FF000000FF000000FF000000FF000000FF000000FF000000FF000000FF000000FF000000FF000000FF000000FF000000FF000000FF000000FF000000FF000000FF000000FF000000FF000000FF000000FF000000FF000000FF000000FF000000FF000000FF000000FF000000FF000000FF000000FF000000FF000000FF000000FF000000FF000000FF000000FF000000FF000000FF000000FF000000FF000000FF000000FF000000FF000000FF000000FF000000FF000000FF000000FF000000FF000000FF000000FF000000FF000000FF000000FF000000FF000000FF000000FF000000FF000000FF000000FF000000FF000000FF000000FF000000FF000000FF000000FF000000FF000000FF000000FF000000FF000000FF000000FF000000FF000000FF000000FF000000FF000000FF000000FF000000FF000000FF000000FF000000FF000000FF000000FF000000FF000000FF000000FF000000FF000000FF000000FF000000FF000000FF000000FF000000FF000000FF000000FF000000FF000000FF000000FF000000FF000000FF000000FF000000FF000000FF000000FF000000FF000000FF000000FF000000FF000000FF000000FF000000FF000000FF000000FF000000FF000000FF000000FF000000FF000000FF000000FF000000FF000000FF000000FF000000FF000000FF000000FF000000FF000000FF000000FF000000FF000000FF000000FF000000FF000000FF000000FF000000FF000000FF000000FF000000FF000000FF000000FF000000FF000000FF000000FF000000FF000000FF000000FF000000FF000000FF000000FF000000FF000000FF000000FF000000FF000000FF000000FF000000FF000000FF000000FF000000FF000000FF000000FF000000FF000000FF000000FF000000FF000000FF000000FF000000FF000000FF000000FF000000FF000000FF000000FF000000FF000000FF000000FF000000FF000000FF000000FF000000FF000000FF000000FF000000FF000000FF000000FF000000FF000000FF000000FF000000FF000000FF000000FF000000FF000000FF000000FF000000FF000000FF000000FF000000FF000000FF000000FF000000FF000000FF000000FF000000FF000000FF000000FF000000FF000000FF000000FF000000FF000000FF000000FF000000FF000000FF000000FF000000FF000000FF000000FF000000FF000000FF000000FF000000FF000000FF000000FF000000FF000000FF000000FF000000FF000000FF000000FF000000FF000000FF000000FF000000FF000000FF000000FF000000FF000000FF000000FF000000FF000000FF000000FF000000FF000000FF000000FF000000FF000000FF000000FF000000FF000000FF000000FF000000FF000000FF000000FF000000FF000000FF000000FF000000FF000000FF000000FF000000FF000000FF000000FF000000FF000000FF000000FF000000FF000000FF000000FF000000FF000000FF000000FF000000FF000000FF000000FF000000FF000000FF000000FF000000FF000000FF000000FF000000FF000000FF000000FF000000FF000000FF000000FF000000FF000000FF000000FF000000FF000000FF000000FF000000FF000000FF000000FF000000FF000000FF000000FF000000FF000000FF000000FF000000FF000000FF000000FF000000FF000000FF000000FF000000FF000000FF000000FF000000FF000000FF000000FF000000FF000000FF000000FF000000FF000000FF000000FF000000FF000000FF000000FF000000FF000000FF000000FF000000FF000000FF000000FF000000FF000000FF000000FF000000FF000000FF000000FF000000FF000000FF000000FF000000FF000000FF000000FF000000FF000000FF000000FF000000FF000000FF000000FF000000FF000000FF000000FF000000FF000000FF000000FF000000FF000000FF000000FF000000FF000000FF000000FF000000FF000000FF000000FF000000FF000000FF000000FF000000FF000000FF000000FF000000FF000000FF000000FF000000FF000000FF000000FF000000FF000000FF000000FF000000FF000000FF000000FF000000FF000000FF000000FF000000FF000000FF000000FF000000FF000000FF000000FF000000FF000000FF000000FF000000FF000000FF000000FF000000FF000000FF000000FF000000FF000000FF000000FF000000FF000000FF000000FF000000FF000000FF000000FF000000FF000000FF000000FF000000FF000000FF000000FF000000FF000000FF000000FF000000FF000000FF000000FF000000FF000000FF000000FF000000FF000000FF000000FF000000FF000000FF000000FF000000FF000000FF000000FF000000FF000000FF000000FF000000FF000000FF000000FF000000FF000000FF000000FF000000FF000000FF000000FF000000FF000000FF000000FF000000FF000000FF000000FF000000FF000000FF000000FF000000FF000000FF000000FF000000FF000000FF000000FF000000FF000000FF000000FF000000FF000000FF000000FF000000FF000000FF000000FF000000FF000000FF000000FF000000FF000000FF000000FF000000FF000000FF000000FF000000FF000000FF000000FF000000FF000000FF000000FF000000FF000000FF000000FF000000FF000000FF000000FF000000FF000000FF000000FF000000FF000000FF000000FF000000FF000000FF000000FF000000FF000000FF000000FF000000FF000000FF000000FF000000FF000000FF000000FF000000FF000000FF000000FF000000FF000000FF000000FF000000FF000000FF000000FF000000FF000000FF000000FF000000FF000000FF000000FF000000FF000000FF000000FF000000FF000000FF000000FF000000FF000000FF000000FF000000FF000000FF000000FF000000FF000000FF000000FF000000FF000000FF000000FF000000FF000000FF000000FF000000FF000000FF000000FF000000FF000000FF000000FF000000FF000000FF000000FF000000FF000000FF000000FF000000FF000000FF000000FF000000FF000000FF000000FF000000FF000000FF000000FF000000FF000000FF000000FF000000FF000000FF000000FF000000FF000000FF000000FF000000FF000000FF000000FF000000FF000000FF000000FF000000FF000000FF000000FF000000FF000000FF000000FF000000FF000000FF000000FF000000FF000000FF000000FF000000FF000000FF000000FF000000FF000000FF000000FF000000FF000000FF000000FF000000FF000000FF000000FF000000FF000000FF000000FF000000FF000000FF000000FF000000FF000000FF000000FF000000FF000000FF000000FF000000FF000000FF000000FF000000FF000000FF000000FF000000FF000000FF000000FF000000FF000000FF000000FF000000FF000000FF000000FF000000FF000000FF000000FF000000FF000000FF000000FF000000FF000000FF000000FF000000FF000000FF000000FF000000FF000000FF000000FF000000FF000000FF000000FF000000FF000000FF000000FF000000FF000000FF000000FF000000FF000000FF000000FF000000FF000000FF000000FF000000FF000000FF000000FF000000FF000000FF000000FF000000FF000000FF000000FF000000FF000000FF000000FF000000FF000000FF000000FF000000FF000000FF000000FF000000FF000000FF000000FF000000FF000000FF000000FF000000FF000000FF000000FF000000FF000000FF000000FF000000FF000000FF000000FF000000FF000000FF000000FF000000FF000000FF000000FF000000FF000000FF000000FF000000FF000000FF000000FF000000FF000000FF000000FF000000FF000000FF000000FF000000FF000000FF000000FF000000FF000000FF000000FF000000FF000000FF000000FF000000FF000000FF000000FF000000FF000000FF000000FF000000FF000000FF000000FF000000FF000000FF000000FF000000FF000000FF000000FF000000FF000000FF000000FF000000FF000000FF000000FF000000FF000000FF000000FF000000FF000000FF000000FF000000FF000000FF000000FF000000FF000000FF000000FF000000FF000000FF000000FF000000FF000000FF000000FF000000FF000000FF000000FF000000FF000000FF000000FF000000FF000000FF000000FF000000FF000000FF000000FF000000FF000000FF000000FF000000FF000000FF000000FF000000FF000000FF000000FF000000FF000000FF000000FF000000FF000000FF000000FF000000FF000000FF000000FF000000FF000000FF000000FF000000FF000000FF000000FF000000FF000000FF000000FF000000FF000000FF000000FF000000FF000000FF000000FF000000FF000000FF000000FF000000FF000000FF000000FF000000FF000000FF000000FF000000FF000000FF000000FF000000FF000000FF000000FF000000FF000000FF000000FF000000FF000000FF000000FF000000FF000000FF000000FF000000FF000000FF000000FF000000FF000000FF000000FF000000FF000000FF000000FF000000FF000000FF000000FF000000FF000000FF000000FF000000FF000000FF000000FF000000FF000000FF000000FF000000FF000000FF000000FF000000FF000000FF000000FF000000FF000000FF000000FF000000FF000000FF000000FF000000FF000000FF000000FF000000FF000000FF000000FF000000FF000000FF000000FF000000FF000000FF000000FF000000FF000000FF000000FF000000FF000000FF000000FF000000FF000000FF000000FF000000FF000000FF000000FF000000FF000000FF000000FF000000FF000000FF000000FF000000FF000000FF000000FF000000FF000000FF000000FF000000FF000000FF000000FF000000FF000000FF000000FF000000FF000000FF000000FF000000FF000000FF000000FF000000FF000000FF000000FF000000FF000000FF000000FF000000FF000000FF000000FF000000FF000000FF000000FF000000FF000000FF000000FF000000FF000000FF000000FF000000FF000000FF000000FF000000FF000000FF000000FF000000FF000000FF000000FF000000FF000000FF000000FF000000FF000000FF000000FF000000FF000000FF000000FF000000FF000000FF000000FF000000FF000000FF000000FF000000FF000000FF000000FF000000FF000000FF000000FF000000FF000000FF000000FF000000FF000000FF000000FF000000FF000000FF000000FF000000FF000000FF000000FF000000FF000000FF000000FF000000FF000000FF000000FF000000FF000000FF000000FF000000FF000000FF000000FF000000FF000000FF000000FF000000FF000000FF000000FF000000FF000000FF000000FF000000FF000000FF000000FF000000FF000000FF000000FF000000FF000000FF000000FF000000FF000000FF000000FF000000FF000000FF000000FF000000FF000000FF000000FF000000FF000000FF000000FF000000FF000000FF000000FF000000FF000000FF000000FF000000FF000000FF000000FF000000FF000000FF000000FF000000FF000000FF000000FF000000FF000000FF000000FF000000FF000000FF000000FF000000FF000000FF000000FF000000FF000000FF000000FF000000FF000000FF000000FF000000FF000000FF000000FF000000FF000000FF000000FF000000FF000000FF000000FF000000FF000000FF000000FF000000FF000000FF000000FF000000FF000000FF000000FF000000FF000000FF000000FF000000FF000000FF000000FF000000FF000000FF000000FF000000FF000000FF000000FF000000FF000000FF000000FF000000FF000000FF000000FF000000FF000000FF000000FF000000FF000000FF000000FF000000FF000000FF000000FF000000FF000000FF000000FF000000FF000000FF000000FF000000FF000000FF000000FF000000FF000000FF000000FF000000FF000000FF000000FF000000FF000000FF000000FF000000FF000000FF000000FF000000FF000000FF000000FF000000FF000000FF000000FF000000FF000000FF000000FF000000FF000000FF000000FF000000FF000000FF000000FF000000FF000000FF000000FF000000FF000000FF000000FF000000FF000000FF000000FF000000FF000000FF000000FF000000FF000000FF000000FF000000FF000000FF000000FF000000FF000000FF000000FF000000FF000000FF000000FF000000FF000000FF000000FF000000FF000000FF000000FF000000FF000000FF000000FF000000FF000000FF000000FF000000FF000000FF000000FF000000FF000000FF000000FF000000FF000000FF000000FF000000FF000000FF000000FF000000FF000000FF000000FF000000FF000000FF000000FF000000FF000000FF000000FF000000FF000000FF000000FF000000FF000000FF000000FF000000FF000000FF000000FF000000FF000000FF000000FF000000FF000000FF000000FF000000FF000000FF000000FF000000FF000000FF000000FF000000FF000000FF000000FF000000FF000000FF000000FF000000FF000000FF000000FF000000FF000000FF000000FF000000FF000000FF000000FF000000FF000000FF000000FF000000FF000000FF000000FF000000FF000000FF000000FF000000FF000000FF000000FF000000FF000000FF000000FF000000FF000000FF000000FF000000FF000000FF000000FF000000FF000000FF000000FF000000FF000000FF000000FF000000FF000000FF000000FF000000FF000000FF000000FF000000FF000000FF000000FF000000FF000000FF000000FF000000FF000000FF000000FF000000FF000000FF000000FF000000FF000000FF000000FF000000FF000000FF000000FF000000FF000000FF000000FF000000FF000000FF000000FF000000FF000000FF000000FF000000FF000000FF000000FF000000FF000000FF000000FF000000FF000000FF000000FF000000FF000000FF000000FF000000FF000000FF000000FF000000FF000000FF000000FF000000FF000000FF000000FF000000FF000000FF000000FF000000FF000000FF000000FF000000FF000000FF000000FF000000FF000000FF000000FF000000FF000000FF000000FF000000FF000000FF000000FF000000FF000000FF000000FF000000FF000000FF000000FF000000FF000000FF000000FF000000FF000000FF000000FF000000FF000000FF000000FF000000FF000000FF000000FF000000FF000000FF000000FF000000FF000000FF000000FF000000FF000000FF000000FF000000FF000000FF000000FF000000FF000000FF000000FF000000FF000000FF000000FF000000FF000000FF000000FF000000FF000000FF000000FF000000FF000000FF000000FF000000FF000000FF000000FF000000FF000000FF000000FF000000FF000000FF000000FF000000FF000000FF000000FF000000FF000000FF000000FF000000FF000000FF000000FF000000FF000000FF000000FF000000FF000000FF000000FF000000FF000000FF000000FF000000FF000000FF000000FF000000FF000000FF000000FF000000FF000000FF000000FF000000FF000000FF000000FF000000FF000000FF000000FF000000FF000000FF000000FF000000FF000000FF000000FF000000FF000000FF000000FF000000FF000000FF000000FF000000FF000000FF000000FF000000FF000000FF000000FF000000FF000000FF000000FF000000FF000000FF000000FF000000FF000000FF000000FF000000FF000000FF000000FF000000FF000000FF000000FF000000FF000000FF000000FF000000FF000000FF000000FF000000FF000000FF000000FF000000FF000000FF000000FF000000FF000000FF000000FF000000FF000000FF000000FF000000FF000000FF000000FF000000FF000000FF000000FF000000FF000000FF000000FF000000FF000000FF000000FF000000FF000000FF000000FF000000FF000000FF000000FF000000FF000000FF000000FF000000FF000000FF000000FF000000FF000000FF000000FF000000FF000000FF000000FF000000FF000000FF000000FF000000FF000000FF000000FF000000FF000000FF000000FF000000FF000000FF000000FF000000FF000000FF000000FF000000FF000000FF000000FF000000FF000000FF000000FF000000FF000000FF000000FF000000FF000000FF000000FF000000FF000000FF000000FF000000FF000000FF000000FF000000FF000000FF000000FF000000FF000000FF000000FF000000FF000000FF000000FF000000FF000000FF000000FF000000FF000000FF000000FF000000FF000000FF000000FF000000FF000000FF000000FF000000FF000000FF000000FF000000FF000000FF000000FF000000FF000000FF000000FF000000FF000000FF000000FF000000FF000000FF000000FF000000FF000000FF000000FF000000FF000000FF000000FF000000FF000000FF000000FF000000FF000000FF000000FF000000FF000000FF000000FF000000FF000000FF000000FF000000FF000000FF000000FF000000FF000000FF000000FF000000FF000000FF000000FF000000FF000000FF000000FF000000FF000000FF000000FF000000FF000000FF000000FF000000FF000000FF000000FF000000FF000000FF000000FF000000FF000000FF000000FF000000FF000000FF000000FF000000FF000000FF000000FF000000FF000000FF000000FF000000FF000000FF000000FF000000FF000000FF000000FF000000FF000000FF000000FF000000FF000000FF000000FF000000FF000000FF000000FF000000FF000000FF000000FF000000FF000000FF000000FF000000FF000000FF000000FF000000FF000000FF000000FF000000FF000000FF000000FF000000FF000000FF000000FF000000FF000000FF000000FF000000FF000000FF000000FF000000FF000000FF000000FF000000FF000000FF000000FF000000FF000000FF000000FF000000FF000000FF000000FF000000FF000000FF000000FF000000FF000000FF000000FF000000FF000000FF000000FF000000FF000000FF000000FF000000FF000000FF000000FF000000FF000000FF000000FF000000FF000000FF000000FF000000FF000000FF000000FF000000FF000000FF000000FF000000FF000000FF000000FF000000FF000000FF000000FF000000FF000000FF000000FF000000FF000000FF000000FF000000FF000000FF000000FF000000FF000000FF000000FF000000FF000000FF000000FF000000FF000000FF000000FF000000FF000000FF000000FF000000FF000000FF000000FF000000FF000000FF000000FF000000FF000000FF000000FF000000FF000000FF000000FF000000FF000000FF000000FF000000FF000000FF000000FF000000FF000000FF000000FF000000FF000000FF000000FF000000FF000000FF000000FF000000FF000000FF000000FF000000FF000000FF000000FF000000FF000000FF000000FF000000FF000000FF000000FF000000FF000000FF000000FF000000FF000000FF000000FF000000FF000000FF000000FF000000FF000000FF000000FF000000FF000000FF000000FF000000FF000000FF000000FF000000FF000000FF000000FF000000FF000000FF000000FF000000FF000000FF000000FF000000FF000000FF000000FF000000FF000000FF000000FF000000FF000000FF000000FF000000FF000000FF000000FF000000FF000000FF000000FF000000FF000000FF000000FF000000FF000000FF000000FF000000FF000000FF000000FF000000FF000000FF000000FF000000FF000000FF000000FF000000FF000000FF000000FF000000FF000000FF000000FF000000FF000000FF000000FF000000FF000000FF000000FF000000FF000000FF000000FF000000FF000000FF000000FF000000FF000000FF000000FF000000FF000000FF000000FF000000FF000000FF000000FF000000FF000000FF000000FF000000FF000000FF000000FF000000FF000000FF000000FF000000FF000000FF000000FF000000FF000000FF000000FF000000FF000000FF000000FF000000FF000000FF000000FF000000FF000000FF000000FF000000FF000000FF000000FF000000FF000000FF000000FF000000FF000000FF000000FF000000FF000000FF000000FF000000FF000000FF000000FF000000FF000000FF000000FF000000FF000000FF000000FF000000FF000000FF000000FF000000FF000000FF000000FF000000FF000000FF000000FF000000FF000000FF000000FF000000FF000000FF000000FF000000FF000000FF000000FF000000FF000000FF000000FF000000FF000000FF000000FF000000FF000000FF000000FF000000FF000000FF000000FF000000FF000000FF000000FF000000FF000000FF000000FF000000FF000000FF000000FF000000FF000000FF000000FF000000FF000000FF000000FF000000FF000000FF000000FF000000FF000000FF000000FF000000FF000000FF000000FF000000FF000000FF000000FF000000FF000000FF000000FF000000FF000000FF000000FF000000FF000000FF000000FF000000FF000000FF000000FF000000FF000000FF000000FF000000FF000000FF000000FF000000FF000000FF000000FF000000FF000000FF000000FF000000FF000000FF000000FF000000FF000000FF000000FF000000FF000000FF000000FF000000FF000000FF000000FF000000FF000000FF000000FF000000FF000000FF000000FF000000FF000000FF000000FF000000FF000000FF000000FF000000FF000000FF000000FF000000FF000000FF000000FF000000FF000000FF000000FF000000FF000000FF000000FF000000FF000000FF000000FF000000FF000000FF000000FF000000FF000000FF000000FF000000FF000000FF000000FF000000FF000000FF000000FF000000FF000000FF000000FF000000FF000000FF000000FF000000FF000000FF000000FF000000FF000000FF000000FF000000FF000000FF000000FF000000FF000000FF000000FF000000FF000000FF000000FF000000FF000000FF000000FF000000FF000000FF000000FF000000FF000000FF000000FF000000FF000000FF000000FF000000FF000000FF000000FF000000FF000000FF000000FF000000FF000000FF000000FF000000FF000000FF000000FF000000FF000000FF000000FF000000FF000000FF000000FF000000FF000000FF000000FF000000FF000000FF000000FF000000FF000000FF000000FF000000FF000000FF000000FF000000FF000000FF000000FF000000FF000000FF000000FF000000FF000000FF000000FF000000FF000000FF000000FF000000FF000000FF000000FF000000FF000000FF000000FF000000FF000000FF000000FF000000FF000000FF000000FF000000FF000000FF000000FF000000FF000000FF000000FF000000FF000000FF000000FF000000FF000000FF000000FF000000FF000000FF000000FF000000FF000000FF000000FF000000FF000000FF000000FF000000FF000000FF000000FF000000FF000000FF000000FF000000FF000000FF000000FF000000FF000000FF000000FF000000FF000000FF000000FF000000FF000000FF000000FF000000FF000000FF000000FF000000FF000000FF000000FF000000FF000000FF000000FF000000FF000000FF000000FF000000FF000000FF000000FF000000FF000000FF000000FF000000FF000000FF000000FF000000FF000000FF000000FF000000FF000000FF000000FF000000FF000000FF000000FF000000FF000000FF000000FF000000FF000000FF000000FF000000FF000000FF000000FF000000FF000000FF000000FF000000FF000000FF000000FF000000FF000000FF000000FF000000FF000000FF000000FF000000FF000000FF000000FF000000FF000000FF000000FF000000FF000000FF000000FF000000FF000000FF000000FF000000FF000000FF000000FF000000FF000000FF000000FF000000FF000000FF000000FF000000FF000000FF000000FF000000FF000000FF000000FF000000FF000000FF000000FF000000FF000000FF000000FF000000FF000000FF000000FF000000FF000000FF000000FF000000FF000000FF000000FF000000FF000000FF000000FF000000FF000000FF000000FF000000FF000000FF000000FF000000FF000000FF000000FF000000FF000000FF000000FF000000FF000000FF000000FF000000FF000000FF000000FF000000FF000000FF000000FF000000FF000000FF000000FF000000FF000000FF000000FF000000FF000000FF000000FF000000FF000000FF000000FF000000FF000000FF000000FF000000FF000000FF000000FF000000FF000000FF000000FF000000FF000000FF000000FF000000FF000000FF000000FF000000FF000000FF000000FF000000FF000000FF000000FF000000FF000000FF000000FF000000FF000000FF000000FF000000FF000000FF000000FF000000FF000000FF000000FF000000FF000000FF000000FF000000FF000000FF000000FF000000FF000000FF000000FF000000FF000000FF000000FF000000FF000000FF000000FF000000FF000000FF000000FF000000FF000000FF000000FF000000FF000000FF000000FF000000FF000000FF000000FF000000FF000000FF000000FF000000FF000000FF000000FF000000FF000000FF000000FF000000FF000000FF000000FF000000FF000000FF000000FF000000FF000000FF000000FF000000FF000000FF000000FF000000FF000000FF000000FF000000FF000000FF000000FF000000FF000000FF000000FF000000FF000000FF000000FF000000FF000000FF000000FF000000FF000000FF000000FF000000FF000000FF000000FF000000FF000000FF000000FF000000FF000000FF000000FF000000FF000000FF000000FF000000FF000000FF000000FF000000FF000000FF000000FF000000FF000000FF000000FF000000FF000000FF000000FF000000FF000000FF000000FF000000FF000000FF000000FF000000FF000000FF000000FF000000FF000000FF000000FF000000FF000000FF000000FF000000FF000000FF000000FF000000FF000000FF000000FF000000FF000000FF000000FF000000FF000000FF000000FF000000FF000000FF000000FF000000FF000000FF000000FF000000FF000000FF000000FF000000FF000000FF000000FF000000FF000000FF000000FF000000FF000000FF000000FF000000FF000000FF000000FF000000FF000000FF000000FF000000FF000000FF000000FF000000FF000000FF000000FF000000FF000000FF000000FF000000FF000000FF000000FF000000FF000000FF000000FF000000FF000000FF000000FF000000FF000000FF000000FF000000FF000000FF000000FF000000FF000000FF000000FF000000FF000000FF000000FF000000FF000000FF000000FF000000FF000000FF000000FF000000FF000000FF000000FF000000FF000000FF000000FF000000FF000000FF000000FF000000FF000000FF000000FF000000FF000000FF000000FF000000FF000000FF000000FF000000FF000000FF000000FF000000FF000000FF000000FF000000FF000000FF000000FF000000FF000000FF000000FF000000FF000000FF000000FF000000FF000000FF000000FF000000FF000000FF000000FF000000FF000000FF000000FF000000FF000000FF000000FF000000FF000000FF000000FF000000FF000000FF000000FF000000FF000000FF000000FF000000FF000000FF000000FF000000FF000000FF000000FF000000FF000000FF000000FF000000FF000000FF000000FF000000FF000000FF000000FF000000FF000000FF000000FF000000FF000000FF000000FF000000FF000000FF000000FF000000FF000000FF000000FF000000FF000000FF000000FF000000FF000000FF000000FF000000FF000000FF000000FF000000FF000000FF000000FF000000FF000000FF000000FF000000FF000000FF000000FF000000FF000000FF000000FF000000FF000000FF000000FF000000FF000000FF000000FF000000FF000000FF000000FF000000FF000000FF000000FF000000FF000000FF000000FF000000FF000000FF000000FF000000FF000000FF000000FF000000FF000000FF000000FF000000FF000000FF000000FF000000FF000000FF000000FF000000FF000000FF000000FF000000FF000000FF000000FF000000FF000000FF000000FF000000FF000000FF000000FF000000FF000000FF000000FF000000FF000000FF000000FF000000FF000000FF000000FF000000FF000000FF000000FF000000FF000000FF000000FF000000FF000000FF000000FF000000FF000000FF000000FF000000FF000000FF000000FF000000FF000000FF000000FF000000FF000000FF000000FF000000FF000000FF000000FF000000FF000000FF000000FF000000FF000000FF000000FF000000FF000000FF000000FF000000FF000000FF000000FF000000FF000000FF000000FF000000FF000000FF000000FF000000FF000000FF000000FF000000FF000000FF000000FF000000FF000000FF000000FF000000FF000000FF000000FF000000FF000000FF000000FF000000FF000000FF000000FF000000FF000000FF000000FF000000FF000000FF000000FF000000FF000000FF000000FF000000FF000000FF000000FF000000FF000000FF000000FF000000FF000000FF000000FF000000FF000000FF000000FF000000FF000000FF000000FF000000FF000000FF000000FF000000FF000000FF000000FF000000FF000000FF000000FF000000FF000000FF000000FF000000FF000000FF000000FF000000FF000000FF000000FF000000FF000000FF000000FF000000FF000000FF000000FF000000FF000000FF000000FF000000FF000000FF000000FF000000FF000000FF000000FF000000FF000000FF000000FF000000FF000000FF000000FF000000FF000000FF000000FF000000FF000000FF000000FF000000FF000000FF000000FF000000FF000000FF000000FF000000FF000000FF000000FF000000FF000000FF000000FF000000FF000000FF000000FF000000FF000000FF000000FF000000FF000000FF000000FF000000FF000000FF000000FF000000FF000000FF000000FF000000FF000000FF000000FF000000FF000000FF000000FF000000FF000000FF000000FF000000FF000000FF000000FF000000FF000000FF000000FF000000FF000000FF000000FF000000FF000000FF000000FF000000FF000000FF000000FF000000FF000000FF000000FF000000FF000000FF000000FF000000FF000000FF000000FF000000FF000000FF000000FF000000FF000000FF000000FF000000FF000000FF000000FF000000FF000000FF000000FF000000FF000000FF000000FF000000FF000000FF000000FF000000FF000000FF000000FF000000FF000000FF000000FF000000FF000000FF000000FF000000FF000000FF000000FF000000FF000000FF000000FF000000FF000000FF000000FF000000FF000000FF000000FF000000FF000000FF000000FF000000FF000000FF000000FF000000FF000000FF000000FF000000FF000000FF000000FF000000FF000000FF000000FF000000FF000000FF000000FF000000FF000000FF000000FF000000FF000000FF000000FF000000FF000000FF000000FF000000FF000000FF000000FF000000FF000000FF000000FF000000FF000000FF000000FF000000FF000000FF000000FF000000FF000000FF000000FF000000FF000000FF000000FF000000FF000000FF000000FF000000FF000000FF000000FF000000FF000000FF000000FF000000FF000000FF000000FF000000FF000000FF000000FF000000FF000000FF000000FF000000FF000000FF000000FF000000FF000000FF000000FF000000FF000000FF000000FF000000FF000000FF000000FF000000FF000000FF000000FF000000FF000000FF000000FF000000FF000000FF000000FF000000FF000000FF000000FF000000FF000000FF000000FF000000FF000000FF000000FF000000FF000000FF000000FF000000FF000000FF000000FF000000FF000000FF000000FF000000FF000000FF000000FF000000FF000000FF000000FF000000FF000000FF000000FF000000FF000000FF000000FF000000FF000000FF000000FF000000FF000000FF000000FF000000FF000000FF000000FF000000FF000000FF000000FF000000FF000000FF000000FF000000FF000000FF000000FF000000FF000000FF000000FF000000FF000000FF000000FF000000FF000000FF000000FF000000FF000000FF000000FF000000FF000000FF000000FF000000FF000000FF000000FF000000FF000000FF000000FF000000FF000000FF000000FF000000FF000000FF000000FF000000FF000000FF000000FF000000FF000000FF000000FF000000FF000000FF000000FF000000FF000000FF000000FF000000FF000000FF000000FF000000FF000000FF000000FF000000FF000000FF000000FF000000FF000000FF000000FF000000FF000000FF000000FF000000FF000000FF000000FF000000FF000000FF000000FF000000FF000000FF000000FF000000FF000000FF000000FF000000FF000000FF000000FF000000FF000000FF000000FF000000FF000000FF000000FF000000FF000000FF000000FF000000FF000000FF000000FF000000FF000000FF000000FF000000FF000000FF000000FF000000FF000000FF000000FF000000FF000000FF000000FF000000FF000000FF000000FF000000FF000000FF000000FF000000FF000000FF000000FF000000FF000000FF000000FF000000FF000000FF000000FF000000FF000000FF000000FF000000FF000000FF000000FF000000FF000000FF000000FF000000FF000000FF000000FF000000FF000000FF000000FF000000FF000000FF000000FF000000FF000000FF000000FF000000FF000000FF000000FF000000FF000000FF000000FF000000FF000000FF000000FF000000FF000000FF000000FF000000FF000000FF000000FF000000FF000000FF000000FF000000FF000000FF000000FF000000FF000000FF000000FF000000FF000000FF000000FF000000FF000000FF000000FF000000FF000000FF000000FF000000FF000000FF000000FF000000FF000000FF000000FF000000FF000000FF000000FF000000FF000000FF000000FF000000FF000000FF000000FF000000FF000000FF000000FF000000FF000000FF000000FF000000FF000000FF000000FF000000FF000000FF000000FF000000FF000000FF000000FF000000FF000000FF000000FF000000FF000000FF000000FF000000FF000000FF000000FF000000FF000000FF000000FF000000FF000000FF000000FF000000FF000000FF000000FF000000FF000000FF000000FF000000FF000000FF000000FF000000FF000000FF000000FF000000FF000000FF000000FF000000FF000000FF000000FF000000FF000000FF000000FF000000FF000000FF000000FF000000FF000000FF000000FF000000FF000000FF000000FF000000FF000000FF000000FF000000FF000000FF000000FF000000FF000000FF000000FF000000FF000000FF000000FF000000FF000000FF000000FF000000FF000000FF000000FF000000FF000000FF000000FF000000FF000000FF000000FF000000FF000000FF000000FF000000FF000000FF000000FF000000FF000000FF000000FF000000FF000000FF000000FF000000FF000000FF000000FF000000FF000000FF000000FF000000FF000000FF000000FF000000FF000000FF000000FF000000FF000000FF000000FF000000FF000000FF000000FF000000FF000000FF000000FF000000FF000000FF000000FF000000FF000000FF000000FF000000FF000000FF000000FF000000FF000000FF000000FF000000FF000000FF000000FF000000FF000000FF000000FF000000FF000000FF000000FF000000FF000000FF000000FF000000FF000000FF000000FF000000FF000000FF000000FF000000FF000000FF000000FF000000FF000000FF000000FF000000FF000000FF000000FF000000FF000000FF000000FF000000FF000000FF000000FF000000FF000000FF000000FF000000FF000000FF000000FF000000FF000000FF000000FF000000FF000000FF000000FF000000FF000000FF000000FF000000FF000000FF000000FF000000FF000000FF000000FF000000FF000000FF000000FF000000FF000000FF000000FF000000FF000000FF000000FF000000FF000000FF000000FF000000FF000000FF000000FF000000FF000000FF000000FF000000FF000000FF000000FF000000FF000000FF000000FF000000FF000000FF000000FF000000FF000000FF000000FF000000FF000000FF000000FF000000FF000000FF000000FF000000FF000000FF000000FF000000FF000000FF000000FF000000FF000000FF000000FF000000FF000000FF000000FF000000FF000000FF000000FF000000FF000000FF000000FF000000FF000000FF000000FF000000FF000000FF000000FF000000FF000000FF000000FF000000FF000000FF000000FF000000FF000000FF000000FF000000FF000000FF000000FF000000FF000000FF000000FF000000FF000000FF000000FF000000FF000000FF000000FF000000FF000000FF000000FF000000FF000000FF000000FF000000FF000000FF000000FF000000FF000000FF000000FF000000FF000000FF000000FF000000FF000000FF000000FF000000FF000000FF000000FF000000FF000000FF000000FF000000FF000000FF000000FF000000FF000000FF000000FF000000FF000000FF000000FF000000FF000000FF000000FF000000FF000000FF000000FF000000FF000000FF000000FF000000FF000000FF000000FF000000FF000000FF000000FF000000FF000000FF000000FF000000FF000000FF000000FF000000FF000000FF000000FF000000FF000000FF000000FF000000FF000000FF000000FF000000FF000000FF000000FF000000FF000000FF000000FF000000FF000000FF000000FF000000FF000000FF000000FF000000FF000000FF000000FF000000FF000000FF000000FF000000FF000000FF000000FF000000FF000000FF000000FF000000FF000000FF000000FF000000FF000000FF000000FF000000FF000000FF000000FF000000FF000000FF000000FF000000FF000000FF000000FF000000FF000000FF000000FF000000FF000000FF000000FF000000FF000000FF000000FF000000FF000000FF000000FF000000FF000000FF000000FF000000FF000000FF000000FF000000FF000000FF000000FF000000FF000000FF000000FF000000FF000000FF000000FF000000FF000000FF000000FF000000FF000000FF000000FF000000FF000000FF000000FF000000FF000000FF000000FF000000FF000000FF000000FF000000FF000000FF000000FF000000FF000000FF000000FF000000FF000000FF000000FF000000FF000000FF000000FF000000FF000000FF000000FF000000FF000000FF000000FF000000FF000000FF000000FF000000FF000000FF000000FF000000FF000000FF000000FF000000FF000000FF000000FF000000FF000000FF000000FF000000FF000000FF000000FF000000FF000000FF000000FF000000FF000000FF000000FF000000FF000000FF000000FF000000FF000000FF000000FF000000FF000000FF000000FF000000FF000000FF000000FF000000FF000000FF000000FF000000FF000000FF000000FF000000FF000000FF000000FF000000FF000000FF000000FF000000FF000000FF000000FF000000FF000000FF000000FF000000FF000000FF000000FF000000FF000000FF000000FF000000FF000000FF000000FF000000FF000000FF000000FF000000FF000000FF000000FF000000FF000000FF000000FF000000FF000000FF000000FF000000FF000000FF000000FF000000FF000000FF000000FF000000FF000000FF000000FF000000FF000000FF000000FF000000FF000000FF000000FF000000FF000000FF000000FF000000FF000000FF000000FF000000FF000000FF000000FF000000FF000000FF000000FF000000FF000000FF000000FF000000FF000000FF000000FF000000FF000000FF000000FF000000FF000000FF000000FF000000FF000000FF000000FF000000FF000000FF000000FF000000FF000000FF000000FF000000FF000000FF000000FF000000FF000000FF000000FF000000FF000000FF000000FF000000FF000000FF000000FF000000FF000000FF000000FF000000FF000000FF000000FF000000FF000000FF000000FF000000FF000000FF000000FF000000FF000000FF000000FF000000FF000000FF000000FF000000FF000000FF000000FF000000FF000000FF000000FF000000FF000000FF000000FF000000FF000000FF000000FF000000FF000000FF000000FF000000FF000000FF000000FF000000FF000000FF000000FF000000FF000000FF000000FF000000FF000000FF000000FF000000FF000000FF000000FF000000FF000000FF000000FF000000FF000000FF000000FF000000FF000000FF000000FF000000FF000000FF000000FF000000FF000000FF000000FF000000FF000000FF000000FF000000FF000000FF000000FF000000FF000000FF000000FF000000FF000000FF000000FF000000FF000000FF000000FF000000FF000000FF000000FF000000FF000000FF000000FF000000FF000000FF000000FF000000FF000000FF000000FF000000FF000000FF000000FF000000FF000000FF000000FF000000FF000000FF000000FF000000FF000000FF000000FF000000FF000000FF000000FF000000FF000000FF000000FF000000FF000000FF000000FF000000FF000000FF000000FF000000FF000000FF000000FF000000FF000000FF000000FF000000FF000000FF000000FF000000FF000000FF000000FF000000FF000000FF000000FF000000FF000000FF000000FF000000FF000000FF000000FF000000FF000000FF000000FF000000FF000000FF000000FF000000FF000000FF000000FF000000FF000000FF000000FF000000FF000000FF000000FF000000FF000000FF000000FF000000FF000000FF000000FF000000FF000000FF000000FF000000FF000000FF000000FF000000FF000000FF000000FF000000FF000000FF000000FF000000FF000000FF000000FF000000FF000000FF000000FF000000FF000000FF000000FF000000FF000000FF000000FF000000FF000000FF000000FF000000FF000000FF000000FF000000FF000000FF000000FF000000FF000000FF000000FF000000FF000000FF000000FF000000FF000000FF000000FF000000FF000000FF000000FF000000FF000000FF000000FF000000FF000000FF000000FF000000FF000000FF000000FF000000FF000000FF000000FF000000FF000000FF000000FF000000FF000000FF000000FF000000FF000000FF000000FF000000FF000000FF000000FF000000FF000000FF000000FF000000FF000000FF000000FF000000FF000000FF000000FF000000FF000000FF000000FF000000FF000000FF000000FF000000FF000000FF000000FF000000FF000000FF000000FF000000FF000000FF000000FF000000FF000000FF000000FF000000FF000000FF000000FF000000FF000000FF000000FF000000FF000000FF000000FF000000FF000000FF000000FF000000FF000000FF000000FF000000FF000000FF000000FF000000FF000000FF000000FF000000FF000000FF000000FF000000FF000000FF000000FF000000FF000000FF000000FF000000FF000000FF000000FF000000FF000000FF000000FF000000FF000000FF000000FF000000FF000000FF000000FF000000FF000000FF000000FF000000FF000000FF000000FF000000FF000000FF000000FF000000FF000000FF000000FF000000FF000000FF000000FF000000FF000000FF000000FF000000FF000000FF000000FF000000FF000000FF000000FF000000FF000000FF000000FF000000FF000000FF000000FF000000FF000000FF000000FF000000FF000000FF000000FF000000FF000000FF000000FF000000FF000000FF000000FF000000FF000000FF000000FF000000FF000000FF000000FF000000FF000000FF000000FF000000FF000000FF000000FF000000FF000000FF000000FF000000FF000000FF000000FF000000FF000000FF000000FF000000FF000000FF000000FF000000FF000000FF000000FF000000FF000000FF000000FF000000FF000000FF000000FF000000FF000000FF000000FF000000FF000000FF000000FF000000FF000000FF000000FF000000FF000000FF000000FF000000FF000000FF000000FF000000FF000000FF000000FF000000FF000000FF000000FF000000FF000000FF000000FF000000FF000000FF000000FF000000FF000000FF000000FF000000FF000000FF000000FF000000FF000000FF000000FF000000FF000000FF000000FF000000FF000000FF000000FF000000FF000000FF000000FF000000FF000000FF000000FF000000FF000000FF000000FF000000FF000000FF000000FF000000FF000000FF000000FF000000FF000000FF000000FF000000FF000000FF000000FF000000FF000000FF000000FF000000FF000000FF000000FF000000FF000000FF000000FF000000FF000000FF000000FF000000FF000000FF000000FF000000FF000000FF000000FF000000FF000000FF000000FF000000FF000000FF000000FF000000FF000000FF000000FF000000FF000000FF000000FF000000FF000000FF000000FF000000FF000000FF000000FF000000FF000000FF000000FF000000FF000000FF000000FF000000FF000000FF000000FF000000FF000000FF000000FF000000FF000000FF000000FF000000FF000000FF000000FF000000FF000000FF000000FF000000FF000000FF000000FF000000FF000000FF000000FF000000FF000000FF000000FF000000FF000000FF000000FF000000FF000000FF000000FF000000FF000000FF000000FF000000FF000000FF000000FF000000FF000000FF000000FF000000FF000000FF000000FF000000FF000000FF000000FF000000FF000000FF000000FF000000FF000000FF000000FF000000FF000000FF000000FF000000FF000000FF000000FF000000FF000000FF000000FF000000FF000000FF000000FF000000FF000000FF000000FF000000FF000000FF000000FF000000FF000000FF000000FF000000FF000000FF000000FF000000FF000000FF000000FF000000FF000000FF000000FF000000FF000000FF000000FF000000FF000000FF000000FF000000FF000000FF000000FF000000FF000000FF000000FF000000FF000000FF000000FF000000FF000000FF000000FF000000FF000000FF000000FF000000FF000000FF000000FF000000FF000000FF000000FF000000FF000000FF000000FF000000FF000000FF000000FF000000FF000000FF000000FF000000FF000000FF000000FF000000FF000000FF000000FF000000FF000000FF000000FF000000FF000000FF000000FF000000FF000000FF000000FF000000FF000000FF000000FF000000FF000000FF000000FF000000FF000000FF000000FF000000FF000000FF000000FF000000FF000000FF000000FF000000FF000000FF000000FF000000FF000000FF000000FF000000FF000000FF000000FF000000FF000000FF000000FF000000FF000000FF000000FF000000FF000000FF000000FF000000FF000000FF000000FF000000FF000000FF000000FF000000FF000000FF000000FF000000FF000000FF000000FF000000FF000000FF000000FF000000FF000000FF000000FF000000FF000000FF000000FF000000FF000000FF000000FF000000FF000000FF000000FF000000FF000000FF000000FF000000FF000000FF000000FF000000FF000000FF000000FF000000FF000000FF000000FF000000FF000000FF000000FF000000FF000000FF000000FF000000FF000000FF000000FF000000FF000000FF000000FF000000FF000000FF000000FF000000FF000000FF000000FF000000FF000000FF000000FF000000FF000000FF000000FF000000FF000000FF000000FF000000FF000000FF000000FF000000FF000000FF000000FF000000FF000000FF000000FF000000FF000000FF000000FF000000FF000000FF000000FF000000FF000000FF000000FF000000FF000000FF000000FF000000FF000000FF000000FF000000FF000000FF000000FF000000FF000000FF000000FF000000FF000000FF000000FF000000FF000000FF000000FF000000FF000000FF000000FF000000FF000000FF000000FF000000FF000000FF000000FF000000FF000000FF000000FF000000FF000000FF000000FF000000FF000000FF000000FF000000FF000000FF000000FF000000FF000000FF000000FF000000FF000000FF000000FF000000FF000000FF000000FF000000FF000000FF000000FF000000FF000000FF000000FF000000FF000000FF000000FF000000FF000000FF000000FF000000FF000000FF000000FF000000FF000000FF000000FF000000FF000000FF000000FF000000FF000000FF000000FF000000FF000000FF000000FF000000FF000000FF000000FF000000FF000000FF000000FF000000FF000000FF000000FF000000FF000000FF000000FF000000FF000000FF000000FF000000FF000000FF000000FF000000FF000000FF000000FF000000FF000000FF000000FF000000FF000000FF000000FF000000FF000000FF000000FF000000FF000000FF000000FF000000FF000000FF000000FF000000FF000000FF000000FF000000FF000000FF000000FF000000FF000000FF000000FF000000FF000000FF000000FF000000FF000000FF000000FF000000FF000000FF000000FF000000FF000000FF000000FF000000FF000000FF000000FF000000FF000000FF000000FF000000FF000000FF000000FF000000FF000000FF000000FF000000FF000000FF000000FF000000FF000000FF000000FF000000FF000000FF000000FF000000FF000000FF000000FF000000FF000000FF000000FF000000FF000000FF000000FF000000FF000000FF000000FF000000FF000000FF000000FF000000FF000000FF000000FF000000FF000000FF000000FF000000FF000000FF000000FF000000FF000000FF000000FF000000FF000000FF000000FF000000FF000000FF000000FF000000FF000000FF000000FF000000FF000000FF000000FF000000FF000000FF000000FF000000FF000000FF000000FF000000FF000000FF000000FF000000FF000000FF000000FF000000FF000000FF000000FF000000FF000000FF000000FF000000FF000000FF000000FF000000FF000000FF000000FF000000FF000000FF000000FF000000FF000000FF000000FF000000FF000000FF000000FF000000FF000000FF000000FF000000FF000000FF000000FF000000FF000000FF000000FF000000FF000000FF000000FF000000FF000000FF000000FF000000FF000000FF000000FF000000FF000000FF000000FF000000FF000000FF000000FF000000FF000000FF000000FF000000FF000000FF000000FF000000FF000000FF000000FF000000FF000000FF000000FF000000FF000000FF000000FF000000FF000000FF000000FF000000FF000000FF000000FF000000FF000000FF000000FF000000FF000000FF000000FF000000FF000000FF000000FF000000FF000000FF000000FF000000FF000000FF000000FF000000FF000000FF000000FF000000FF000000FF000000FF000000FF000000FF000000FF000000FF000000FF000000FF000000FF000000FF000000FF000000FF000000FF000000FF000000FF000000FF000000FF000000FF000000FF000000FF000000FF000000FF000000FF000000FF000000FF000000FF000000FF000000FF000000FF000000FF000000FF000000FF000000FF000000FF000000FF000000FF000000FF000000FF000000FF000000FF000000FF000000FF000000FF000000FF000000FF000000FF000000FF000000FF000000FF000000FF000000FF000000FF000000FF000000FF000000FF000000FF000000FF000000FF000000FF000000FF000000FF000000FF000000FF000000FF000000FF000000FF000000FF000000FF000000FF000000FF000000FF000000FF000000FF000000FF000000FF000000FF000000FF000000FF000000FF000000FF000000FF000000FF000000FF000000FF000000FF000000FF000000FF000000FF000000FF000000FF000000FF000000FF000000FF000000FF000000FF000000FF000000FF000000FF000000FF000000FF000000FF000000FF000000FF000000FF000000FF000000FF000000FF000000FF000000FF000000FF000000FF000000FF000000FF000000FF000000FF000000FF000000FF000000FF000000FF000000FF000000FF000000FF000000FF000000FF000000FF000000FF000000FF000000FF000000FF000000FF000000FF000000FF000000FF000000FF000000FF000000FF000000FF000000FF000000FF000000FF000000FF000000FF000000FF000000FF000000FF000000FF000000FF000000FF000000FF000000FF000000FF000000FF000000FF000000FF000000FF000000FF000000FF000000FF000000FF000000FF000000FF000000FF000000FF000000FF000000FF000000FF000000FF000000FF000000FF000000FF000000FF000000FF000000FF000000FF000000FF000000FF000000FF000000FF000000FF000000FF000000FF000000FF000000FF000000FF000000FF000000FF000000FF000000FF000000FF000000FF000000FF000000FF000000FF000000FF000000FF000000FF000000FF000000FF000000FF000000FF000000FF000000FF000000FF000000FF000000FF000000FF000000FF000000FF000000FF000000FF000000FF000000FF000000FF000000FF000000FF000000FF000000FF000000FF000000FF000000FF000000FF000000FF000000FF000000FF000000FF000000FF000000FF000000FF000000FF000000FF000000FF000000FF000000FF000000FF000000FF000000FF000000FF000000FF000000FF000000FF000000FF000000FF000000FF000000FF000000FF000000FF000000FF000000FF000000FF000000FF000000FF000000FF000000FF000000FF000000FF000000FF000000FF000000FF000000FF000000FF000000FF000000FF000000FF000000FF000000FF000000FF000000FF000000FF000000FF000000FF000000FF000000FF000000FF000000FF000000FF000000FF000000FF000000FF000000FF000000FF000000FF000000FF000000FF000000FF000000FF000000FF000000FF000000FF000000FF000000FF000000FF000000FF000000FF000000FF000000FF000000FF000000FF000000FF000000FF000000FF000000FF000000FF000000FF000000FF000000FF000000FF000000FF000000FF000000FF000000FF000000FF000000FF000000FF000000FF000000FF000000FF000000FF000000FF000000FF000000FF000000FF000000FF000000FF000000FF000000FF000000FF000000FF000000FF000000FF000000FF000000FF000000FF000000FF000000FF000000FF000000FF000000FF000000FF000000FF000000FF000000FF000000FF000000FF000000FF000000FF000000FF000000FF000000FF000000FF000000FF000000FF000000FF000000FF000000FF000000FF000000FF000000FF000000FF000000FF000000FF000000FF000000FF000000FF000000FF000000FF000000FF000000FF000000FF000000FF000000FF000000FF000000FF000000FF000000FF000000FF000000FF000000FF000000FF000000FF000000FF000000FF000000FF000000FF000000FF000000FF000000FF000000FF000000FF000000FF000000FF000000FF000000FF000000FF000000FF000000FF000000FF000000FF000000FF000000FF000000FF000000FF000000FF000000FF000000FF000000FF000000FF000000FF000000FF000000FF000000FF000000FF000000FF000000FF000000FF000000FF000000FF000000FF000000FF000000FF000000FF000000FF000000FF000000FF000000FF000000FF000000FF000000FF000000FF000000FF000000FF000000FF000000FF000000FF000000FF000000FF000000FF000000FF000000FF000000FF000000FF000000FF000000FF000000FF000000FF000000FF000000FF000000FF000000FF000000FF000000FF000000FF000000FF000000FF000000FF000000FF000000FF000000FF000000FF000000FF000000FF000000FF000000FF000000FF000000FF000000FF000000FF000000FF000000FF000000FF000000FF000000FF000000FF000000FF000000FF000000FF000000FF000000FF000000FF000000FF000000FF000000FF000000FF000000FF000000FF000000FF000000FF000000FF000000FF000000FF000000FF000000FF000000FF000000FF000000FF000000FF000000FF000000FF000000FF000000FF000000FF000000FF000000FF000000FF000000FF000000FF000000FF000000FF000000FF000000FF000000FF000000FF000000FF000000FF000000FF000000FF000000FF000000FF000000FF000000FF000000FF000000FF000000FF000000FF000000FF000000FF000000FF000000FF000000FF000000FF000000FF000000FF000000FF000000FF000000FF000000FF000000FF000000FF000000FF000000FF000000FF000000FF000000FF000000FF000000FF000000FF000000FF000000FF000000FF000000FF000000FF000000FF000000FF000000FF000000FF000000FF000000FF000000FF000000FF000000FF000000FF000000FF000000FF000000FF000000FF000000FF000000FF000000FF000000FF000000FF000000FF000000FF000000FF000000FF000000FF000000FF000000FF000000FF000000FF000000FF000000FF000000FF000000FF000000FF000000FF000000FF000000FF000000FF000000FF000000FF000000FF000000FF000000FF000000FF000000FF000000FF000000FF000000FF000000FF000000FF000000FF000000FF000000FF000000FF000000FF000000FF000000FF000000FF000000FF000000FF000000FF000000FF000000FF000000FF000000FF000000FF000000FF000000FF000000FF000000FF000000FF000000FF000000FF000000FF000000FF000000FF000000FF000000FF000000FF000000FF000000FF000000FF000000FF000000FF000000FF000000FF000000FF000000FF000000FF000000FF000000FF000000FF000000FF000000FF000000FF000000FF000000FF000000FF000000FF000000FF000000FF000000FF000000FF000000FF000000FF000000FF000000FF000000FF000000FF000000FF000000FF000000FF000000FF000000FF000000FF000000FF000000FF000000FF000000FF000000FF000000FF000000FF000000FF000000FF000000FF000000FF000000FF000000FF000000FF000000FF000000FF000000FF000000FF000000FF000000FF000000FF000000FF000000FF000000FF000000FF000000FF000000FF000000FF000000FF000000FF000000FF000000FF000000FF000000FF000000FF000000FF000000FF000000FF000000FF000000FF000000FF000000FF000000FF000000FF000000FF000000FF000000FF000000FF000000FF000000FF000000FF000000FF000000FF000000FF000000FF000000FF000000FF000000FF000000FF000000FF000000FF000000FF000000FF000000FF000000FF000000FF000000FF000000FF000000FF000000FF000000FF000000FF000000FF000000FF000000FF000000FF000000FF000000FF000000FF000000FF000000FF000000FF000000FF000000FF000000FF000000FF000000FF000000FF000000FF000000FF000000FF000000FF000000FF000000FF000000FF000000FF000000FF000000FF000000FF000000FF000000FF000000FF000000FF000000FF000000FF000000FF000000FF000000FF000000FF000000FF000000FF000000FF000000FF000000FF000000FF000000FF000000FF000000FF000000FF000000FF000000FF000000FF000000FF000000FF000000FF000000FF000000FF000000FF000000FF000000FF000000FF000000FF000000FF000000FF000000FF000000FF000000FF000000FF000000FF000000FF000000FF000000FF000000FF000000FF000000FF000000FF000000FF000000FF000000FF000000FF000000FF000000FF000000FF000000FF000000FF000000FF000000FF000000FF000000FF000000FF000000FF000000FF000000FF000000FF000000FF000000FF000000FF000000FF000000FF000000FF000000FF000000FF000000FF000000FF000000FF000000FF000000FF000000FF000000FF000000FF000000FF000000FF000000FF000000FF000000FF000000FF000000FF000000FF000000FF000000FF000000FF000000FF000000FF000000FF000000FF000000FF000000FF000000FF000000FF000000FF000000FF000000FF000000FF000000FF000000FF000000FF000000FF000000FF000000FF000000FF000000FF000000FF000000FF000000FF000000FF000000FF000000FF000000FF000000FF000000FF000000FF000000FF000000FF000000FF000000FF000000FF000000FF000000FF000000FF000000FF000000FF000000FF000000FF000000FF000000FF000000FF000000FF000000FF000000FF000000FF000000FF000000FF000000FF000000FF000000FF000000FF000000FF000000FF000000FF000000FF000000FF000000FF000000FF000000FF000000FF000000FF000000FF000000FF000000FF000000FF000000FF000000FF000000FF000000FF000000FF000000FF000000FF000000FF000000FF000000FF000000FF000000FF000000FF000000FF000000FF000000FF000000FF000000FF000000FF000000FF000000FF000000FF000000FF000000FF000000FF000000FF000000FF000000FF000000FF000000FF000000FF000000FF000000FF000000FF000000FF000000FF000000FF000000FF000000FF000000FF000000FF000000FF000000FF000000FF000000FF000000FF000000FF000000FF000000FF000000FF000000FF000000FF000000FF000000FF000000FF000000FF000000FF000000FF000000FF000000FF000000FF000000FF000000FF000000FF000000FF000000FF000000FF000000FF000000FF000000FF000000FF000000FF000000FF000000FF000000FF000000FF000000FF000000FF000000FF000000FF000000FF000000FF000000FF000000FF000000FF000000FF000000FF000000FF000000FF000000FF000000FF000000FF000000FF000000FF000000FF000000FF000000FF000000FF000000FF000000FF000000FF000000FF000000FF000000FF000000FF000000FF000000FF000000FF000000FF000000FF000000FF000000FF000000FF000000FF000000FF000000FF000000FF000000FF000000FF000000FF000000FF000000FF000000FF000000FF000000FF000000FF000000FF000000FF000000FF000000FF000000FF000000FF000000FF000000FF000000FF000000FF000000FF000000FF000000FF000000FF000000FF000000FF000000FF000000FF000000FF000000FF000000FF000000FF000000FF000000FF000000FF000000FF000000FF000000FF000000FF000000FF000000FF000000FF000000FF000000FF000000FF000000FF000000FF000000FF000000FF000000FF000000FF000000FF000000FF000000FF000000FF000000FF000000FF000000FF000000FF000000FF000000FF000000FF000000FF000000FF000000FF000000FF000000FF000000FF000000FF000000FF000000FF000000FF000000FF000000FF000000FF000000FF000000FF000000FF000000FF000000FF000000FF000000FF000000FF000000FF000000FF000000FF000000FF000000FF000000FF000000FF000000FF000000FF000000FF000000FF000000FF000000FF000000FF000000FF000000FF000000FF000000FF000000FF000000FF000000FF000000FF000000FF000000FF000000FF000000FF000000FF000000FF000000FF000000FF000000FF000000FF000000FF000000FF000000FF000000FF000000FF000000FF000000FF000000FF000000FF000000FF000000FF000000FF000000FF000000FF000000FF000000FF000000FF000000FF000000FF000000FF000000FF000000FF000000FF000000FF000000FF000000FF000000FF000000FF000000FF000000FF000000FF000000FF000000FF000000FF000000FF000000FF000000FF000000FF000000FF000000FF000000FF000000FF000000FF000000FF000000FF000000FF000000FF000000FF000000FF000000FF000000FF000000FF000000FF000000FF000000FF000000FF000000FF000000FF000000FF000000FF000000FF000000FF000000FF000000FF000000FF000000FF000000FF000000FF000000FF000000FF000000FF000000FF000000FF000000FF000000FF000000FF000000FF000000FF000000FF000000FF000000FF000000FF000000FF000000FF000000FF000000FF000000FF000000FF000000FF000000FF000000FF000000FF000000FF000000FF000000FF000000FF000000FF000000FF000000FF000000FF000000FF000000FF000000FF000000FF000000FF000000FF000000FF000000FF000000FF000000FF000000FF000000FF000000FF000000FF000000FF000000FF000000FF000000FF000000FF000000FF000000FF000000FF000000FF000000FF000000FF000000FF000000FF000000FF000000FF000000FF000000FF000000FF000000FF000000FF000000FF000000FF000000FF000000FF000000FF000000FF000000FF000000FF000000FF000000FF000000FF000000FF000000FF000000FF000000FF000000FF000000FF000000FF000000FF000000FF000000FF000000FF000000FF000000FF000000FF000000FF000000FF000000FF000000FF000000FF000000FF000000FF000000FF000000FF000000FF000000FF000000FF000000FF000000FF000000FF000000FF000000FF000000FF000000FF000000FF000000FF000000FF000000FF000000FF000000FF000000FF000000FF000000FF000000FF000000FF000000FF000000FF000000FF000000FF000000FF000000FF000000FF000000FF000000FF000000FF000000FF000000FF000000FF000000FF000000FF000000FF000000FF000000FF000000FF000000FF000000FF000000FF000000FF000000FF000000FF000000FF000000FF000000FF000000FF000000FF000000FF000000FF000000FF000000FF000000FF000000FF000000FF000000FF000000FF000000FF000000FF000000FF000000FF000000FF000000FF000000FF000000FF000000FF000000FF000000FF000000FF000000FF000000FF000000FF000000FF000000FF000000FF000000FF000000FF000000FF000000FF000000FF000000FF000000FF000000FF000000FF000000FF000000FF000000FF000000FF000000FF000000FF000000FF000000FF000000FF000000FF000000FF000000FF000000FF000000FF000000FF000000FF000000FF000000FF000000FF000000FF000000FF000000FF000000FF000000FF000000FF000000FF000000FF000000FF000000FF000000FF000000FF000000FF000000FF000000FF000000FF000000FF000000FF000000FF000000FF000000FF000000FF000000FF000000FF000000FF000000FF000000FF000000FF000000FF000000FF000000FF000000FF000000FF000000FF000000FF000000FF000000FF000000FF000000FF000000FF000000FF000000FF000000FF000000FF000000FF000000FF000000FF000000FF000000FF000000FF000000FF000000FF000000FF000000FF000000FF000000FF000000FF000000FF000000FF000000FF000000FF000000FF000000FF000000FF000000FF000000FF000000FF000000FF000000FF000000FF000000FF000000FF000000FF000000FF000000FF000000FF000000FF000000FF000000FF000000FF000000FF000000FF000000FF000000FF000000FF000000FF000000FF000000FF000000FF000000FF000000FF000000FF000000FF000000FF000000FF000000FF000000FF000000FF000000FF000000FF000000FF000000FF000000FF000000FF000000FF000000FF000000FF000000FF000000FF000000FF000000FF000000FF000000FF000000FF000000FF000000FF000000FF000000FF000000FF000000FF000000FF000000FF000000FF000000FF000000FF000000FF000000FF000000FF000000FF000000FF000000FF000000FF000000FF000000FF000000FF000000FF000000FF000000FF000000FF000000FF000000FF000000FF000000FF000000FF000000FF000000FF000000FF000000FF000000FF000000FF000000FF000000FF000000FF000000FF000000FF000000FF000000FF000000FF000000FF000000FF000000FF000000FF000000FF000000FF000000FF000000FF000000FF000000FF000000FF000000FF000000FF000000FF000000FF000000FF000000FF000000FF000000FF000000FF000000FF000000FF000000FF000000FF000000FF000000FF000000FF000000FF000000FF000000FF000000FF000000FF000000FF000000FF000000FF000000FF000000FF000000FF000000FF000000FF000000FF000000FF000000FF000000FF000000FF000000FF000000FF000000FF000000FF000000FF000000FF000000FF000000FF000000FF000000FF000000FF000000FF000000FF000000FF000000FF000000FF000000FF000000FF000000FF000000FF000000FF000000FF000000FF000000FF000000FF000000FF000000FF000000FF000000FF000000FF000000FF000000FF000000FF000000FF000000FF000000FF000000FF000000FF000000FF000000FF000000FF000000FF000000FF000000FF000000FF000000FF000000FF000000FF000000FF000000FF000000FF000000FF000000FF000000FF000000FF000000FF000000FF000000FF000000FF000000FF000000FF000000FF000000FF000000FF000000FF000000FF000000FF000000FF000000FF000000FF000000FF000000FF000000FF000000FF000000FF000000FF000000FF000000FF000000FF000000FF000000FF000000FF000000FF000000FF000000FF000000FF000000FF000000FF000000FF000000FF000000FF000000FF000000FF000000FF000000FF000000FF000000FF000000FF000000FF000000FF000000FF000000FF000000FF000000FF000000FF000000FF000000FF000000FF000000FF000000FF000000FF000000FF000000FF000000FF000000FF000000FF000000FF000000FF000000FF000000FF000000FF000000FF000000FF000000FF000000FF000000FF000000FF000000FF000000FF000000FF000000FF000000FF000000FF000000FF000000FF000000FF000000FF000000FF000000FF000000FF000000FF000000FF000000FF000000FF000000FF000000FF000000FF000000FF000000FF000000FF000000FF000000FF000000FF000000FF000000FF000000FF000000FF000000FF000000FF000000FF000000FF000000FF000000FF000000FF000000FF000000FF000000FF000000FF000000FF000000FF000000FF000000FF000000FF000000FF000000FF000000FF000000FF000000FF000000FF000000FF000000FF000000FF000000FF000000FF000000FF000000FF000000FF000000FF000000FF000000FF000000FF000000FF000000FF000000FF000000FF000000FF000000FF000000FF000000FF000000FF000000FF000000FF000000FF000000FF000000FF000000FF000000FF000000FF000000FF000000FF000000FF000000FF000000FF000000FF000000FF000000FF000000FF000000FF000000FF000000FF000000FF000000FF000000FF000000FF000000FF000000FF000000FF000000FF000000FF000000FF000000FF000000FF000000FF000000FF000000FF000000FF000000FF000000FF000000FF000000FF000000FF000000FF000000FF000000FF000000FF000000FF000000FF000000FF000000FF000000FF000000FF000000FF000000FF000000FF000000FF000000FF000000FF000000FF000000FF000000FF000000FF000000FF000000FF000000FF000000FF000000FF000000FF000000FF000000FF000000FF000000FF000000FF000000FF000000FF000000FF000000FF000000FF000000FF000000FF000000FF000000FF000000FF000000FF000000FF000000FF000000FF000000FF000000FF000000FF000000FF000000FF000000FF000000FF000000FF000000FF000000FF000000FF000000FF000000FF000000FF000000FF000000FF000000FF000000FF000000FF000000FF000000FF000000FF000000FF000000FF000000FF000000FF000000FF000000FF000000FF000000FF000000FF2BFD99FF2BFD99FF000000FF000000FF000000FF000000FF000000FF000000FF000000FF000000FF000000FF000000FF2BFD99FF2BFD99FF2BFD99FF2BFD99FF2BFD99FF2BFD99FF000000FF000000FF000000FF000000FF000000FF000000FF2BFD99FF2BFD99FF2BFD99FF2BFD99FF2BFD99FF2BFD99FF2BFD99FF2BFD99FF000000FF000000FF000000FF000000FF000000FF000000FF000000FF000000FF2BFD99FF2BFD99FF2BFD99FF2BFD99FF2BFD99FF2BFD99FF000000FF000000FF000000FF000000FF000000FF000000FF000000FF000000FF2BFD99FF2BFD99FF2BFD99FF2BFD99FF2BFD99FF2BFD99FF000000FF000000FF000000FF000000FF000000FF000000FF000000FF000000FF000000FF000000FF000000FF000000FF000000FF000000FF000000FF000000FF000000FF000000FF000000FF000000FF000000FF000000FF000000FF000000FF000000FF000000FF000000FF000000FF000000FF000000FF000000FF000000FF000000FF000000FF000000FF000000FF000000FF000000FF000000FF000000FF2BFD99FF2BFD99FF000000FF000000FF000000FF000000FF000000FF000000FF2BFD99FF2BFD99FF2BFD99FF2BFD99FF2BFD99FF2BFD99FF2BFD99FF2BFD99FF000000FF000000FF000000FF000000FF000000FF000000FF000000FF000000FF000000FF000000FF000000FF000000FF000000FF000000FF000000FF000000FF000000FF000000FF000000FF000000FF000000FF000000FF000000FF000000FF2BFD99FF2BFD99FF2BFD99FF2BFD99FF2BFD99FF2BFD99FF000000FF000000FF000000FF000000FF000000FF000000FF000000FF000000FF2BFD99FF2BFD99FF000000FF000000FF000000FF000000FF000000FF000000FF000000FF000000FF000000FF000000FF000000FF000000FF000000FF000000FF000000FF000000FF000000FF000000FF000000FF000000FF000000FF000000FF000000FF000000FF000000FF000000FF2BFD99FF2BFD99FF2BFD99FF2BFD99FF2BFD99FF2BFD99FF000000FF000000FF000000FF000000FF2BFD99FF2BFD99FF2BFD99FF2BFD99FF2BFD99FF2BFD99FF2BFD99FF2BFD99FF2BFD99FF2BFD99FF000000FF000000FF000000FF000000FF000000FF000000FF000000FF000000FF000000FF000000FF000000FF000000FF000000FF000000FF000000FF000000FF000000FF000000FF2BFD99FF2BFD99FF2BFD99FF2BFD99FF2BFD99FF2BFD99FF2BFD99FF2BFD99FF2BFD99FF2BFD99FF000000FF000000FF000000FF000000FF000000FF000000FF2BFD99FF2BFD99FF2BFD99FF2BFD99FF2BFD99FF2BFD99FF000000FF000000FF000000FF000000FF000000FF000000FF000000FF000000FF000000FF000000FF000000FF000000FF000000FF000000FF000000FF000000FF000000FF000000FF000000FF000000FF000000FF000000FF2BFD99FF2BFD99FF2BFD99FF2BFD99FF2BFD99FF2BFD99FF000000FF000000FF000000FF000000FF000000FF000000FF000000FF000000FF2BFD99FF2BFD99FF2BFD99FF2BFD99FF2BFD99FF2BFD99FF000000FF000000FF000000FF000000FF000000FF000000FF000000FF000000FF000000FF000000FF000000FF000000FF000000FF000000FF000000FF000000FF000000FF000000FF000000FF000000FF000000FF000000FF000000FF000000FF000000FF000000FF2BFD99FF2BFD99FF000000FF000000FF000000FF000000FF000000FF000000FF000000FF000000FF2BFD99FF2BFD99FF2BFD99FF2BFD99FF2BFD99FF2BFD99FF000000FF000000FF000000FF000000FF000000FF000000FF000000FF000000FF000000FF000000FF000000FF000000FF000000FF000000FF000000FF000000FF000000FF000000FF000000FF000000FF000000FF000000FF000000FF000000FF2BFD99FF2BFD99FF2BFD99FF2BFD99FF2BFD99FF2BFD99FF000000FF000000FF000000FF000000FF000000FF000000FF2BFD99FF2BFD99FF2BFD99FF2BFD99FF2BFD99FF2BFD99FF000000FF000000FF000000FF000000FF000000FF000000FF000000FF000000FF000000FF000000FF000000FF000000FF000000FF000000FF000000FF000000FF000000FF000000FF000000FF000000FF000000FF000000FF000000FF000000FF2BFD99FF2BFD99FF2BFD99FF2BFD99FF2BFD99FF2BFD99FF000000FF000000FF000000FF000000FF2BFD99FF2BFD99FF2BFD99FF2BFD99FF2BFD99FF2BFD99FF2BFD99FF2BFD99FF2BFD99FF2BFD99FF000000FF000000FF000000FF000000FF000000FF000000FF000000FF000000FF000000FF000000FF000000FF000000FF000000FF000000FF000000FF000000FF000000FF000000FF000000FF000000FF000000FF000000FF2BFD99FF2BFD99FF2BFD99FF2BFD99FF2BFD99FF2BFD99FF000000FF000000FF000000FF000000FF2BFD99FF2BFD99FF2BFD99FF2BFD99FF2BFD99FF2BFD99FF2BFD99FF2BFD99FF2BFD99FF2BFD99FF000000FF000000FF000000FF000000FF000000FF000000FF000000FF000000FF000000FF000000FF000000FF000000FF000000FF000000FF000000FF000000FF000000FF000000FF2BFD99FF2BFD99FF2BFD99FF2BFD99FF2BFD99FF2BFD99FF2BFD99FF2BFD99FF2BFD99FF2BFD99FF000000FF000000FF000000FF000000FF2BFD99FF2BFD99FF2BFD99FF2BFD99FF2BFD99FF2BFD99FF2BFD99FF2BFD99FF2BFD99FF2BFD99FF000000FF000000FF000000FF000000FF000000FF000000FF000000FF000000FF000000FF000000FF000000FF000000FF000000FF000000FF000000FF000000FF000000FF000000FF000000FF000000FF2BFD99FF2BFD99FF2BFD99FF2BFD99FF2BFD99FF2BFD99FF000000FF000000FF000000FF000000FF000000FF000000FF2BFD99FF2BFD99FF2BFD99FF2BFD99FF2BFD99FF2BFD99FF2BFD99FF2BFD99FF000000FF000000FF000000FF000000FF000000FF000000FF000000FF000000FF000000FF000000FF000000FF000000FF000000FF000000FF000000FF000000FF000000FF000000FF000000FF000000FF000000FF000000FF000000FF000000FF2BFD99FF2BFD99FF000000FF000000FF000000FF000000FF000000FF000000FF000000FF000000FF000000FF000000FF2BFD99FF2BFD99FF2BFD99FF2BFD99FF2BFD99FF2BFD99FF000000FF000000FF000000FF000000FF000000FF000000FF2BFD99FF2BFD99FF2BFD99FF2BFD99FF2BFD99FF2BFD99FF2BFD99FF2BFD99FF000000FF000000FF000000FF000000FF000000FF000000FF000000FF000000FF2BFD99FF2BFD99FF2BFD99FF2BFD99FF2BFD99FF2BFD99FF000000FF000000FF000000FF000000FF000000FF000000FF000000FF000000FF2BFD99FF2BFD99FF2BFD99FF2BFD99FF2BFD99FF2BFD99FF000000FF000000FF000000FF000000FF000000FF000000FF000000FF000000FF000000FF000000FF000000FF000000FF000000FF000000FF000000FF000000FF000000FF000000FF000000FF000000FF000000FF000000FF000000FF000000FF000000FF000000FF000000FF000000FF000000FF000000FF000000FF000000FF000000FF000000FF000000FF000000FF000000FF000000FF000000FF000000FF2BFD99FF2BFD99FF000000FF000000FF000000FF000000FF000000FF000000FF2BFD99FF2BFD99FF2BFD99FF2BFD99FF2BFD99FF2BFD99FF2BFD99FF2BFD99FF000000FF000000FF000000FF000000FF000000FF000000FF000000FF000000FF000000FF000000FF000000FF000000FF000000FF000000FF000000FF000000FF000000FF000000FF000000FF000000FF000000FF000000FF000000FF000000FF2BFD99FF2BFD99FF2BFD99FF2BFD99FF2BFD99FF2BFD99FF000000FF000000FF000000FF000000FF000000FF000000FF000000FF000000FF2BFD99FF2BFD99FF000000FF000000FF000000FF000000FF000000FF000000FF000000FF000000FF000000FF000000FF000000FF000000FF000000FF000000FF000000FF000000FF000000FF000000FF000000FF000000FF000000FF000000FF000000FF000000FF000000FF000000FF2BFD99FF2BFD99FF2BFD99FF2BFD99FF2BFD99FF2BFD99FF000000FF000000FF000000FF000000FF2BFD99FF2BFD99FF2BFD99FF2BFD99FF2BFD99FF2BFD99FF2BFD99FF2BFD99FF2BFD99FF2BFD99FF000000FF000000FF000000FF000000FF000000FF000000FF000000FF000000FF000000FF000000FF000000FF000000FF000000FF000000FF000000FF000000FF000000FF000000FF2BFD99FF2BFD99FF2BFD99FF2BFD99FF2BFD99FF2BFD99FF2BFD99FF2BFD99FF2BFD99FF2BFD99FF000000FF000000FF000000FF000000FF000000FF000000FF2BFD99FF2BFD99FF2BFD99FF2BFD99FF2BFD99FF2BFD99FF000000FF000000FF000000FF000000FF000000FF000000FF000000FF000000FF000000FF000000FF000000FF000000FF000000FF000000FF000000FF000000FF000000FF000000FF000000FF000000FF000000FF000000FF2BFD99FF2BFD99FF2BFD99FF2BFD99FF2BFD99FF2BFD99FF000000FF000000FF000000FF000000FF000000FF000000FF000000FF000000FF2BFD99FF2BFD99FF2BFD99FF2BFD99FF2BFD99FF2BFD99FF000000FF000000FF000000FF000000FF000000FF000000FF000000FF000000FF000000FF000000FF000000FF000000FF000000FF000000FF000000FF000000FF000000FF000000FF000000FF000000FF000000FF000000FF000000FF000000FF000000FF000000FF2BFD99FF2BFD99FF000000FF000000FF000000FF000000FF000000FF000000FF000000FF000000FF2BFD99FF2BFD99FF2BFD99FF2BFD99FF2BFD99FF2BFD99FF000000FF000000FF000000FF000000FF000000FF000000FF000000FF000000FF000000FF000000FF000000FF000000FF000000FF000000FF000000FF000000FF000000FF000000FF000000FF000000FF000000FF000000FF000000FF000000FF2BFD99FF2BFD99FF2BFD99FF2BFD99FF2BFD99FF2BFD99FF000000FF000000FF000000FF000000FF000000FF000000FF2BFD99FF2BFD99FF2BFD99FF2BFD99FF2BFD99FF2BFD99FF000000FF000000FF000000FF000000FF000000FF000000FF000000FF000000FF000000FF000000FF000000FF000000FF000000FF000000FF000000FF000000FF000000FF000000FF000000FF000000FF000000FF000000FF000000FF000000FF2BFD99FF2BFD99FF2BFD99FF2BFD99FF2BFD99FF2BFD99FF000000FF000000FF000000FF000000FF2BFD99FF2BFD99FF2BFD99FF2BFD99FF2BFD99FF2BFD99FF2BFD99FF2BFD99FF2BFD99FF2BFD99FF000000FF000000FF000000FF000000FF000000FF000000FF000000FF000000FF000000FF000000FF000000FF000000FF000000FF000000FF000000FF000000FF000000FF000000FF000000FF000000FF000000FF000000FF2BFD99FF2BFD99FF2BFD99FF2BFD99FF2BFD99FF2BFD99FF000000FF000000FF000000FF000000FF2BFD99FF2BFD99FF2BFD99FF2BFD99FF2BFD99FF2BFD99FF2BFD99FF2BFD99FF2BFD99FF2BFD99FF000000FF000000FF000000FF000000FF000000FF000000FF000000FF000000FF000000FF000000FF000000FF000000FF000000FF000000FF000000FF000000FF000000FF000000FF2BFD99FF2BFD99FF2BFD99FF2BFD99FF2BFD99FF2BFD99FF2BFD99FF2BFD99FF2BFD99FF2BFD99FF000000FF000000FF000000FF000000FF2BFD99FF2BFD99FF2BFD99FF2BFD99FF2BFD99FF2BFD99FF2BFD99FF2BFD99FF2BFD99FF2BFD99FF000000FF000000FF000000FF000000FF000000FF000000FF000000FF000000FF000000FF000000FF000000FF000000FF000000FF000000FF000000FF000000FF000000FF000000FF000000FF000000FF2BFD99FF2BFD99FF2BFD99FF2BFD99FF2BFD99FF2BFD99FF000000FF000000FF000000FF000000FF000000FF000000FF2BFD99FF2BFD99FF2BFD99FF2BFD99FF2BFD99FF2BFD99FF2BFD99FF2BFD99FF000000FF000000FF000000FF000000FF000000FF000000FF000000FF000000FF000000FF000000FF000000FF000000FF000000FF000000FF000000FF000000FF000000FF000000FF000000FF000000FF2BFD99FF2BFD99FF000000FF000000FF2BFD99FF2BFD99FF000000FF000000FF2BFD99FF2BFD99FF000000FF000000FF000000FF000000FF2BFD99FF2BFD99FF000000FF000000FF000000FF000000FF000000FF000000FF2BFD99FF2BFD99FF000000FF000000FF000000FF000000FF2BFD99FF2BFD99FF000000FF000000FF000000FF000000FF000000FF000000FF2BFD99FF2BFD99FF000000FF000000FF000000FF000000FF2BFD99FF2BFD99FF000000FF000000FF000000FF000000FF000000FF000000FF2BFD99FF2BFD99FF000000FF000000FF000000FF000000FF2BFD99FF2BFD99FF000000FF000000FF000000FF000000FF000000FF000000FF2BFD99FF2BFD99FF000000FF000000FF000000FF000000FF000000FF000000FF000000FF000000FF000000FF000000FF000000FF000000FF000000FF000000FF000000FF000000FF000000FF000000FF000000FF000000FF000000FF000000FF000000FF000000FF000000FF000000FF000000FF000000FF000000FF000000FF000000FF000000FF000000FF000000FF000000FF000000FF2BFD99FF2BFD99FF2BFD99FF2BFD99FF000000FF000000FF000000FF000000FF000000FF000000FF2BFD99FF2BFD99FF000000FF000000FF000000FF000000FF000000FF000000FF2BFD99FF2BFD99FF000000FF000000FF000000FF000000FF000000FF000000FF000000FF000000FF000000FF000000FF000000FF000000FF000000FF000000FF000000FF000000FF000000FF000000FF000000FF000000FF2BFD99FF2BFD99FF000000FF000000FF000000FF000000FF000000FF000000FF000000FF000000FF000000FF000000FF000000FF000000FF2BFD99FF2BFD99FF2BFD99FF2BFD99FF000000FF000000FF000000FF000000FF000000FF000000FF000000FF000000FF000000FF000000FF000000FF000000FF000000FF000000FF000000FF000000FF000000FF000000FF000000FF000000FF000000FF000000FF000000FF000000FF2BFD99FF2BFD99FF000000FF000000FF000000FF000000FF000000FF000000FF000000FF000000FF000000FF000000FF2BFD99FF2BFD99FF000000FF000000FF000000FF000000FF000000FF000000FF000000FF000000FF000000FF000000FF000000FF000000FF000000FF000000FF000000FF000000FF000000FF000000FF000000FF000000FF000000FF000000FF000000FF000000FF000000FF000000FF000000FF000000FF000000FF000000FF000000FF000000FF000000FF000000FF2BFD99FF2BFD99FF000000FF000000FF000000FF000000FF2BFD99FF2BFD99FF000000FF000000FF000000FF000000FF000000FF000000FF2BFD99FF2BFD99FF000000FF000000FF000000FF000000FF000000FF000000FF000000FF000000FF000000FF000000FF000000FF000000FF000000FF000000FF000000FF000000FF000000FF000000FF2BFD99FF2BFD99FF000000FF000000FF000000FF000000FF000000FF000000FF2BFD99FF2BFD99FF000000FF000000FF000000FF000000FF2BFD99FF2BFD99FF000000FF000000FF000000FF000000FF000000FF000000FF2BFD99FF2BFD99FF000000FF000000FF000000FF000000FF000000FF000000FF000000FF000000FF000000FF000000FF000000FF000000FF000000FF000000FF000000FF000000FF000000FF000000FF000000FF000000FF000000FF000000FF2BFD99FF2BFD99FF2BFD99FF2BFD99FF000000FF000000FF000000FF000000FF000000FF000000FF2BFD99FF2BFD99FF000000FF000000FF000000FF000000FF000000FF000000FF2BFD99FF2BFD99FF000000FF000000FF000000FF000000FF000000FF000000FF000000FF000000FF000000FF000000FF000000FF000000FF000000FF000000FF000000FF000000FF000000FF000000FF000000FF000000FF2BFD99FF2BFD99FF000000FF000000FF000000FF000000FF000000FF000000FF000000FF000000FF000000FF000000FF2BFD99FF2BFD99FF000000FF000000FF000000FF000000FF000000FF000000FF2BFD99FF2BFD99FF000000FF000000FF000000FF000000FF000000FF000000FF000000FF000000FF000000FF000000FF000000FF000000FF000000FF000000FF000000FF000000FF000000FF000000FF000000FF000000FF2BFD99FF2BFD99FF000000FF000000FF000000FF000000FF000000FF000000FF000000FF000000FF000000FF000000FF2BFD99FF2BFD99FF000000FF000000FF000000FF000000FF000000FF000000FF000000FF000000FF000000FF000000FF000000FF000000FF000000FF000000FF000000FF000000FF000000FF000000FF000000FF000000FF000000FF000000FF000000FF000000FF000000FF000000FF000000FF000000FF2BFD99FF2BFD99FF000000FF000000FF000000FF000000FF000000FF000000FF000000FF000000FF000000FF000000FF2BFD99FF2BFD99FF000000FF000000FF000000FF000000FF000000FF000000FF000000FF000000FF000000FF000000FF000000FF000000FF000000FF000000FF000000FF000000FF000000FF000000FF000000FF000000FF000000FF000000FF000000FF000000FF000000FF000000FF000000FF000000FF000000FF000000FF000000FF000000FF000000FF000000FF2BFD99FF2BFD99FF000000FF000000FF000000FF000000FF000000FF000000FF000000FF000000FF000000FF000000FF000000FF000000FF2BFD99FF2BFD99FF000000FF000000FF000000FF000000FF000000FF000000FF000000FF000000FF000000FF000000FF000000FF000000FF000000FF000000FF000000FF000000FF000000FF000000FF2BFD99FF2BFD99FF000000FF000000FF000000FF000000FF000000FF000000FF2BFD99FF2BFD99FF000000FF000000FF000000FF000000FF2BFD99FF2BFD99FF000000FF000000FF000000FF000000FF000000FF000000FF2BFD99FF2BFD99FF000000FF000000FF000000FF000000FF000000FF000000FF000000FF000000FF000000FF000000FF000000FF000000FF000000FF000000FF000000FF000000FF000000FF000000FF2BFD99FF2BFD99FF000000FF000000FF2BFD99FF2BFD99FF000000FF000000FF2BFD99FF2BFD99FF000000FF000000FF000000FF000000FF2BFD99FF2BFD99FF000000FF000000FF000000FF000000FF000000FF000000FF2BFD99FF2BFD99FF000000FF000000FF000000FF000000FF2BFD99FF2BFD99FF000000FF000000FF000000FF000000FF000000FF000000FF2BFD99FF2BFD99FF000000FF000000FF000000FF000000FF2BFD99FF2BFD99FF000000FF000000FF000000FF000000FF000000FF000000FF2BFD99FF2BFD99FF000000FF000000FF000000FF000000FF2BFD99FF2BFD99FF000000FF000000FF000000FF000000FF000000FF000000FF2BFD99FF2BFD99FF000000FF000000FF000000FF000000FF000000FF000000FF000000FF000000FF000000FF000000FF000000FF000000FF000000FF000000FF000000FF000000FF000000FF000000FF000000FF000000FF000000FF000000FF000000FF000000FF000000FF000000FF000000FF000000FF000000FF000000FF000000FF000000FF000000FF000000FF000000FF000000FF2BFD99FF2BFD99FF2BFD99FF2BFD99FF000000FF000000FF000000FF000000FF000000FF000000FF2BFD99FF2BFD99FF000000FF000000FF000000FF000000FF000000FF000000FF2BFD99FF2BFD99FF000000FF000000FF000000FF000000FF000000FF000000FF000000FF000000FF000000FF000000FF000000FF000000FF000000FF000000FF000000FF000000FF000000FF000000FF000000FF000000FF2BFD99FF2BFD99FF000000FF000000FF000000FF000000FF000000FF000000FF000000FF000000FF000000FF000000FF000000FF000000FF2BFD99FF2BFD99FF2BFD99FF2BFD99FF000000FF000000FF000000FF000000FF000000FF000000FF000000FF000000FF000000FF000000FF000000FF000000FF000000FF000000FF000000FF000000FF000000FF000000FF000000FF000000FF000000FF000000FF000000FF000000FF2BFD99FF2BFD99FF000000FF000000FF000000FF000000FF000000FF000000FF000000FF000000FF000000FF000000FF2BFD99FF2BFD99FF000000FF000000FF000000FF000000FF000000FF000000FF000000FF000000FF000000FF000000FF000000FF000000FF000000FF000000FF000000FF000000FF000000FF000000FF000000FF000000FF000000FF000000FF000000FF000000FF000000FF000000FF000000FF000000FF000000FF000000FF000000FF000000FF000000FF000000FF2BFD99FF2BFD99FF000000FF000000FF000000FF000000FF2BFD99FF2BFD99FF000000FF000000FF000000FF000000FF000000FF000000FF2BFD99FF2BFD99FF000000FF000000FF000000FF000000FF000000FF000000FF000000FF000000FF000000FF000000FF000000FF000000FF000000FF000000FF000000FF000000FF000000FF000000FF2BFD99FF2BFD99FF000000FF000000FF000000FF000000FF000000FF000000FF2BFD99FF2BFD99FF000000FF000000FF000000FF000000FF2BFD99FF2BFD99FF000000FF000000FF000000FF000000FF000000FF000000FF2BFD99FF2BFD99FF000000FF000000FF000000FF000000FF000000FF000000FF000000FF000000FF000000FF000000FF000000FF000000FF000000FF000000FF000000FF000000FF000000FF000000FF000000FF000000FF000000FF000000FF2BFD99FF2BFD99FF2BFD99FF2BFD99FF000000FF000000FF000000FF000000FF000000FF000000FF2BFD99FF2BFD99FF000000FF000000FF000000FF000000FF000000FF000000FF2BFD99FF2BFD99FF000000FF000000FF000000FF000000FF000000FF000000FF000000FF000000FF000000FF000000FF000000FF000000FF000000FF000000FF000000FF000000FF000000FF000000FF000000FF000000FF2BFD99FF2BFD99FF000000FF000000FF000000FF000000FF000000FF000000FF000000FF000000FF000000FF000000FF2BFD99FF2BFD99FF000000FF000000FF000000FF000000FF000000FF000000FF2BFD99FF2BFD99FF000000FF000000FF000000FF000000FF000000FF000000FF000000FF000000FF000000FF000000FF000000FF000000FF000000FF000000FF000000FF000000FF000000FF000000FF000000FF000000FF2BFD99FF2BFD99FF000000FF000000FF000000FF000000FF000000FF000000FF000000FF000000FF000000FF000000FF2BFD99FF2BFD99FF000000FF000000FF000000FF000000FF000000FF000000FF000000FF000000FF000000FF000000FF000000FF000000FF000000FF000000FF000000FF000000FF000000FF000000FF000000FF000000FF000000FF000000FF000000FF000000FF000000FF000000FF000000FF000000FF2BFD99FF2BFD99FF000000FF000000FF000000FF000000FF000000FF000000FF000000FF000000FF000000FF000000FF2BFD99FF2BFD99FF000000FF000000FF000000FF000000FF000000FF000000FF000000FF000000FF000000FF000000FF000000FF000000FF000000FF000000FF000000FF000000FF000000FF000000FF000000FF000000FF000000FF000000FF000000FF000000FF000000FF000000FF000000FF000000FF000000FF000000FF000000FF000000FF000000FF000000FF2BFD99FF2BFD99FF000000FF000000FF000000FF000000FF000000FF000000FF000000FF000000FF000000FF000000FF000000FF000000FF2BFD99FF2BFD99FF000000FF000000FF000000FF000000FF000000FF000000FF000000FF000000FF000000FF000000FF000000FF000000FF000000FF000000FF000000FF000000FF000000FF000000FF2BFD99FF2BFD99FF000000FF000000FF000000FF000000FF000000FF000000FF2BFD99FF2BFD99FF000000FF000000FF000000FF000000FF2BFD99FF2BFD99FF000000FF000000FF000000FF000000FF000000FF000000FF2BFD99FF2BFD99FF000000FF000000FF000000FF000000FF000000FF000000FF000000FF000000FF000000FF000000FF000000FF000000FF000000FF000000FF000000FF000000FF000000FF000000FF000000FF000000FF2BFD99FF2BFD99FF2BFD99FF2BFD99FF2BFD99FF2BFD99FF000000FF000000FF000000FF000000FF000000FF000000FF000000FF000000FF000000FF000000FF000000FF000000FF000000FF000000FF2BFD99FF2BFD99FF000000FF000000FF000000FF000000FF2BFD99FF2BFD99FF000000FF000000FF000000FF000000FF000000FF000000FF2BFD99FF2BFD99FF000000FF000000FF000000FF000000FF2BFD99FF2BFD99FF000000FF000000FF000000FF000000FF000000FF000000FF000000FF000000FF000000FF000000FF000000FF000000FF2BFD99FF2BFD99FF000000FF000000FF000000FF000000FF2BFD99FF2BFD99FF2BFD99FF2BFD99FF000000FF000000FF000000FF000000FF000000FF000000FF000000FF000000FF2BFD99FF2BFD99FF000000FF000000FF000000FF000000FF000000FF000000FF000000FF000000FF000000FF000000FF000000FF000000FF000000FF000000FF000000FF000000FF000000FF000000FF000000FF000000FF000000FF000000FF000000FF000000FF2BFD99FF2BFD99FF000000FF000000FF2BFD99FF2BFD99FF000000FF000000FF000000FF000000FF000000FF000000FF2BFD99FF2BFD99FF000000FF000000FF000000FF000000FF000000FF000000FF2BFD99FF2BFD99FF000000FF000000FF000000FF000000FF000000FF000000FF000000FF000000FF000000FF000000FF000000FF000000FF000000FF000000FF000000FF000000FF000000FF000000FF2BFD99FF2BFD99FF000000FF000000FF000000FF000000FF000000FF000000FF000000FF000000FF000000FF000000FF000000FF000000FF000000FF000000FF000000FF000000FF2BFD99FF2BFD99FF000000FF000000FF000000FF000000FF000000FF000000FF000000FF000000FF000000FF000000FF000000FF000000FF000000FF000000FF000000FF000000FF000000FF000000FF000000FF000000FF000000FF000000FF2BFD99FF2BFD99FF000000FF000000FF000000FF000000FF000000FF000000FF000000FF000000FF000000FF000000FF000000FF000000FF2BFD99FF2BFD99FF000000FF000000FF000000FF000000FF000000FF000000FF000000FF000000FF000000FF000000FF000000FF000000FF000000FF000000FF000000FF000000FF000000FF000000FF000000FF000000FF000000FF000000FF000000FF000000FF000000FF000000FF000000FF000000FF000000FF000000FF000000FF000000FF2BFD99FF2BFD99FF000000FF000000FF000000FF000000FF000000FF000000FF2BFD99FF2BFD99FF000000FF000000FF000000FF000000FF000000FF000000FF2BFD99FF2BFD99FF000000FF000000FF000000FF000000FF000000FF000000FF000000FF000000FF000000FF000000FF000000FF000000FF000000FF000000FF000000FF000000FF000000FF000000FF000000FF000000FF000000FF000000FF000000FF000000FF000000FF000000FF2BFD99FF2BFD99FF000000FF000000FF000000FF000000FF2BFD99FF2BFD99FF000000FF000000FF000000FF000000FF2BFD99FF2BFD99FF2BFD99FF2BFD99FF000000FF000000FF000000FF000000FF000000FF000000FF000000FF000000FF000000FF000000FF000000FF000000FF000000FF000000FF000000FF000000FF000000FF000000FF000000FF000000FF2BFD99FF2BFD99FF000000FF000000FF2BFD99FF2BFD99FF000000FF000000FF000000FF000000FF000000FF000000FF2BFD99FF2BFD99FF000000FF000000FF000000FF000000FF000000FF000000FF000000FF000000FF000000FF000000FF000000FF000000FF000000FF000000FF000000FF000000FF000000FF000000FF000000FF000000FF000000FF000000FF000000FF000000FF000000FF000000FF2BFD99FF2BFD99FF000000FF000000FF000000FF000000FF000000FF000000FF000000FF000000FF000000FF000000FF000000FF000000FF2BFD99FF2BFD99FF000000FF000000FF000000FF000000FF000000FF000000FF2BFD99FF2BFD99FF000000FF000000FF000000FF000000FF000000FF000000FF000000FF000000FF000000FF000000FF000000FF000000FF000000FF000000FF000000FF000000FF000000FF000000FF2BFD99FF2BFD99FF000000FF000000FF000000FF000000FF000000FF000000FF000000FF000000FF000000FF000000FF000000FF000000FF2BFD99FF2BFD99FF000000FF000000FF000000FF000000FF000000FF000000FF000000FF000000FF000000FF000000FF000000FF000000FF000000FF000000FF000000FF000000FF000000FF000000FF000000FF000000FF000000FF000000FF000000FF000000FF000000FF000000FF2BFD99FF2BFD99FF000000FF000000FF000000FF000000FF000000FF000000FF000000FF000000FF000000FF000000FF000000FF000000FF2BFD99FF2BFD99FF2BFD99FF2BFD99FF2BFD99FF2BFD99FF2BFD99FF2BFD99FF000000FF000000FF000000FF000000FF000000FF000000FF000000FF000000FF000000FF000000FF000000FF000000FF000000FF000000FF000000FF000000FF000000FF000000FF000000FF000000FF000000FF000000FF000000FF000000FF000000FF000000FF2BFD99FF2BFD99FF000000FF000000FF000000FF000000FF000000FF000000FF000000FF000000FF000000FF000000FF000000FF000000FF2BFD99FF2BFD99FF000000FF000000FF000000FF000000FF000000FF000000FF000000FF000000FF000000FF000000FF000000FF000000FF000000FF000000FF000000FF000000FF000000FF000000FF000000FF000000FF2BFD99FF2BFD99FF000000FF000000FF000000FF000000FF2BFD99FF2BFD99FF2BFD99FF2BFD99FF000000FF000000FF000000FF000000FF2BFD99FF2BFD99FF000000FF000000FF000000FF000000FF000000FF000000FF2BFD99FF2BFD99FF000000FF000000FF000000FF000000FF000000FF000000FF000000FF000000FF000000FF000000FF000000FF000000FF000000FF000000FF000000FF000000FF000000FF000000FF000000FF000000FF2BFD99FF2BFD99FF2BFD99FF2BFD99FF2BFD99FF2BFD99FF000000FF000000FF000000FF000000FF000000FF000000FF000000FF000000FF000000FF000000FF000000FF000000FF000000FF000000FF2BFD99FF2BFD99FF000000FF000000FF000000FF000000FF2BFD99FF2BFD99FF000000FF000000FF000000FF000000FF000000FF000000FF2BFD99FF2BFD99FF000000FF000000FF000000FF000000FF2BFD99FF2BFD99FF000000FF000000FF000000FF000000FF000000FF000000FF000000FF000000FF000000FF000000FF000000FF000000FF2BFD99FF2BFD99FF000000FF000000FF000000FF000000FF2BFD99FF2BFD99FF2BFD99FF2BFD99FF000000FF000000FF000000FF000000FF000000FF000000FF000000FF000000FF2BFD99FF2BFD99FF000000FF000000FF000000FF000000FF000000FF000000FF000000FF000000FF000000FF000000FF000000FF000000FF000000FF000000FF000000FF000000FF000000FF000000FF000000FF000000FF000000FF000000FF000000FF000000FF2BFD99FF2BFD99FF000000FF000000FF2BFD99FF2BFD99FF000000FF000000FF000000FF000000FF000000FF000000FF2BFD99FF2BFD99FF000000FF000000FF000000FF000000FF000000FF000000FF2BFD99FF2BFD99FF000000FF000000FF000000FF000000FF000000FF000000FF000000FF000000FF000000FF000000FF000000FF000000FF000000FF000000FF000000FF000000FF000000FF000000FF2BFD99FF2BFD99FF000000FF000000FF000000FF000000FF000000FF000000FF000000FF000000FF000000FF000000FF000000FF000000FF000000FF000000FF000000FF000000FF2BFD99FF2BFD99FF000000FF000000FF000000FF000000FF000000FF000000FF000000FF000000FF000000FF000000FF000000FF000000FF000000FF000000FF000000FF000000FF000000FF000000FF000000FF000000FF000000FF000000FF2BFD99FF2BFD99FF000000FF000000FF000000FF000000FF000000FF000000FF000000FF000000FF000000FF000000FF000000FF000000FF2BFD99FF2BFD99FF000000FF000000FF000000FF000000FF000000FF000000FF000000FF000000FF000000FF000000FF000000FF000000FF000000FF000000FF000000FF000000FF000000FF000000FF000000FF000000FF000000FF000000FF000000FF000000FF000000FF000000FF000000FF000000FF000000FF000000FF000000FF000000FF2BFD99FF2BFD99FF000000FF000000FF000000FF000000FF000000FF000000FF2BFD99FF2BFD99FF000000FF000000FF000000FF000000FF000000FF000000FF2BFD99FF2BFD99FF000000FF000000FF000000FF000000FF000000FF000000FF000000FF000000FF000000FF000000FF000000FF000000FF000000FF000000FF000000FF000000FF000000FF000000FF000000FF000000FF000000FF000000FF000000FF000000FF000000FF000000FF2BFD99FF2BFD99FF000000FF000000FF000000FF000000FF2BFD99FF2BFD99FF000000FF000000FF000000FF000000FF2BFD99FF2BFD99FF2BFD99FF2BFD99FF000000FF000000FF000000FF000000FF000000FF000000FF000000FF000000FF000000FF000000FF000000FF000000FF000000FF000000FF000000FF000000FF000000FF000000FF000000FF000000FF2BFD99FF2BFD99FF000000FF000000FF2BFD99FF2BFD99FF000000FF000000FF000000FF000000FF000000FF000000FF2BFD99FF2BFD99FF000000FF000000FF000000FF000000FF000000FF000000FF000000FF000000FF000000FF000000FF000000FF000000FF000000FF000000FF000000FF000000FF000000FF000000FF000000FF000000FF000000FF000000FF000000FF000000FF000000FF000000FF2BFD99FF2BFD99FF000000FF000000FF000000FF000000FF000000FF000000FF000000FF000000FF000000FF000000FF000000FF000000FF2BFD99FF2BFD99FF000000FF000000FF000000FF000000FF000000FF000000FF2BFD99FF2BFD99FF000000FF000000FF000000FF000000FF000000FF000000FF000000FF000000FF000000FF000000FF000000FF000000FF000000FF000000FF000000FF000000FF000000FF000000FF2BFD99FF2BFD99FF000000FF000000FF000000FF000000FF000000FF000000FF000000FF000000FF000000FF000000FF000000FF000000FF2BFD99FF2BFD99FF000000FF000000FF000000FF000000FF000000FF000000FF000000FF000000FF000000FF000000FF000000FF000000FF000000FF000000FF000000FF000000FF000000FF000000FF000000FF000000FF000000FF000000FF000000FF000000FF000000FF000000FF2BFD99FF2BFD99FF000000FF000000FF000000FF000000FF000000FF000000FF000000FF000000FF000000FF000000FF000000FF000000FF2BFD99FF2BFD99FF2BFD99FF2BFD99FF2BFD99FF2BFD99FF2BFD99FF2BFD99FF000000FF000000FF000000FF000000FF000000FF000000FF000000FF000000FF000000FF000000FF000000FF000000FF000000FF000000FF000000FF000000FF000000FF000000FF000000FF000000FF000000FF000000FF000000FF000000FF000000FF000000FF2BFD99FF2BFD99FF000000FF000000FF000000FF000000FF000000FF000000FF000000FF000000FF000000FF000000FF000000FF000000FF2BFD99FF2BFD99FF000000FF000000FF000000FF000000FF000000FF000000FF000000FF000000FF000000FF000000FF000000FF000000FF000000FF000000FF000000FF000000FF000000FF000000FF000000FF000000FF2BFD99FF2BFD99FF000000FF000000FF000000FF000000FF2BFD99FF2BFD99FF2BFD99FF2BFD99FF000000FF000000FF000000FF000000FF2BFD99FF2BFD99FF000000FF000000FF000000FF000000FF000000FF000000FF2BFD99FF2BFD99FF000000FF000000FF000000FF000000FF000000FF000000FF000000FF000000FF000000FF000000FF000000FF000000FF000000FF000000FF000000FF000000FF000000FF000000FF000000FF000000FF000000FF000000FF2BFD99FF2BFD99FF000000FF000000FF000000FF000000FF000000FF000000FF000000FF000000FF000000FF000000FF000000FF000000FF2BFD99FF2BFD99FF2BFD99FF2BFD99FF000000FF000000FF000000FF000000FF000000FF000000FF2BFD99FF2BFD99FF000000FF000000FF000000FF000000FF000000FF000000FF2BFD99FF2BFD99FF000000FF000000FF000000FF000000FF2BFD99FF2BFD99FF000000FF000000FF000000FF000000FF000000FF000000FF000000FF000000FF000000FF000000FF000000FF000000FF2BFD99FF2BFD99FF000000FF000000FF2BFD99FF2BFD99FF000000FF000000FF2BFD99FF2BFD99FF000000FF000000FF000000FF000000FF000000FF000000FF000000FF000000FF000000FF000000FF000000FF000000FF000000FF000000FF000000FF000000FF000000FF000000FF000000FF000000FF000000FF000000FF000000FF000000FF000000FF000000FF000000FF000000FF000000FF000000FF000000FF000000FF2BFD99FF2BFD99FF000000FF000000FF000000FF000000FF2BFD99FF2BFD99FF000000FF000000FF000000FF000000FF000000FF000000FF2BFD99FF2BFD99FF000000FF000000FF000000FF000000FF000000FF000000FF2BFD99FF2BFD99FF000000FF000000FF000000FF000000FF000000FF000000FF000000FF000000FF000000FF000000FF000000FF000000FF000000FF000000FF000000FF000000FF000000FF000000FF2BFD99FF2BFD99FF2BFD99FF2BFD99FF2BFD99FF2BFD99FF2BFD99FF2BFD99FF000000FF000000FF000000FF000000FF000000FF000000FF000000FF000000FF000000FF000000FF2BFD99FF2BFD99FF000000FF000000FF000000FF000000FF000000FF000000FF000000FF000000FF000000FF000000FF000000FF000000FF000000FF000000FF000000FF000000FF000000FF000000FF000000FF000000FF000000FF000000FF2BFD99FF2BFD99FF2BFD99FF2BFD99FF2BFD99FF2BFD99FF2BFD99FF2BFD99FF000000FF000000FF000000FF000000FF000000FF000000FF2BFD99FF2BFD99FF2BFD99FF2BFD99FF2BFD99FF2BFD99FF2BFD99FF2BFD99FF000000FF000000FF000000FF000000FF000000FF000000FF000000FF000000FF000000FF000000FF000000FF000000FF000000FF000000FF000000FF000000FF000000FF000000FF000000FF000000FF000000FF000000FF000000FF000000FF2BFD99FF2BFD99FF000000FF000000FF000000FF000000FF000000FF000000FF000000FF000000FF000000FF000000FF2BFD99FF2BFD99FF2BFD99FF2BFD99FF2BFD99FF2BFD99FF2BFD99FF2BFD99FF000000FF000000FF000000FF000000FF000000FF000000FF000000FF000000FF000000FF000000FF000000FF000000FF000000FF000000FF000000FF000000FF000000FF000000FF000000FF000000FF000000FF000000FF2BFD99FF2BFD99FF2BFD99FF2BFD99FF000000FF000000FF000000FF000000FF000000FF000000FF2BFD99FF2BFD99FF000000FF000000FF2BFD99FF2BFD99FF000000FF000000FF2BFD99FF2BFD99FF000000FF000000FF000000FF000000FF000000FF000000FF000000FF000000FF000000FF000000FF000000FF000000FF000000FF000000FF000000FF000000FF000000FF000000FF2BFD99FF2BFD99FF000000FF000000FF000000FF000000FF2BFD99FF2BFD99FF000000FF000000FF000000FF000000FF000000FF000000FF2BFD99FF2BFD99FF000000FF000000FF000000FF000000FF000000FF000000FF000000FF000000FF000000FF000000FF000000FF000000FF000000FF000000FF000000FF000000FF000000FF000000FF000000FF000000FF000000FF000000FF000000FF000000FF000000FF000000FF2BFD99FF2BFD99FF2BFD99FF2BFD99FF2BFD99FF2BFD99FF2BFD99FF2BFD99FF000000FF000000FF000000FF000000FF000000FF000000FF000000FF000000FF2BFD99FF2BFD99FF2BFD99FF2BFD99FF2BFD99FF2BFD99FF2BFD99FF2BFD99FF000000FF000000FF000000FF000000FF000000FF000000FF000000FF000000FF000000FF000000FF000000FF000000FF000000FF000000FF000000FF000000FF000000FF000000FF2BFD99FF2BFD99FF2BFD99FF2BFD99FF2BFD99FF2BFD99FF2BFD99FF2BFD99FF000000FF000000FF000000FF000000FF000000FF000000FF2BFD99FF2BFD99FF2BFD99FF2BFD99FF2BFD99FF2BFD99FF2BFD99FF2BFD99FF000000FF000000FF000000FF000000FF000000FF000000FF000000FF000000FF000000FF000000FF000000FF000000FF000000FF000000FF000000FF000000FF000000FF000000FF000000FF000000FF2BFD99FF2BFD99FF2BFD99FF2BFD99FF2BFD99FF2BFD99FF2BFD99FF2BFD99FF000000FF000000FF000000FF000000FF000000FF000000FF000000FF000000FF000000FF000000FF000000FF000000FF000000FF000000FF2BFD99FF2BFD99FF000000FF000000FF000000FF000000FF000000FF000000FF000000FF000000FF000000FF000000FF000000FF000000FF000000FF000000FF000000FF000000FF000000FF000000FF000000FF000000FF000000FF000000FF2BFD99FF2BFD99FF000000FF000000FF000000FF000000FF000000FF000000FF000000FF000000FF000000FF000000FF000000FF000000FF2BFD99FF2BFD99FF2BFD99FF2BFD99FF000000FF000000FF000000FF000000FF000000FF000000FF000000FF000000FF000000FF000000FF000000FF000000FF000000FF000000FF000000FF000000FF000000FF000000FF000000FF000000FF2BFD99FF2BFD99FF000000FF000000FF2BFD99FF2BFD99FF000000FF000000FF2BFD99FF2BFD99FF000000FF000000FF000000FF000000FF2BFD99FF2BFD99FF000000FF000000FF000000FF000000FF000000FF000000FF2BFD99FF2BFD99FF000000FF000000FF000000FF000000FF000000FF000000FF000000FF000000FF000000FF000000FF000000FF000000FF000000FF000000FF000000FF000000FF000000FF000000FF000000FF000000FF000000FF000000FF2BFD99FF2BFD99FF000000FF000000FF000000FF000000FF000000FF000000FF000000FF000000FF000000FF000000FF000000FF000000FF2BFD99FF2BFD99FF2BFD99FF2BFD99FF000000FF000000FF000000FF000000FF000000FF000000FF2BFD99FF2BFD99FF000000FF000000FF000000FF000000FF000000FF000000FF2BFD99FF2BFD99FF000000FF000000FF000000FF000000FF2BFD99FF2BFD99FF000000FF000000FF000000FF000000FF000000FF000000FF000000FF000000FF000000FF000000FF000000FF000000FF2BFD99FF2BFD99FF000000FF000000FF2BFD99FF2BFD99FF000000FF000000FF2BFD99FF2BFD99FF000000FF000000FF000000FF000000FF000000FF000000FF000000FF000000FF000000FF000000FF000000FF000000FF000000FF000000FF000000FF000000FF000000FF000000FF000000FF000000FF000000FF000000FF000000FF000000FF000000FF000000FF000000FF000000FF000000FF000000FF000000FF000000FF2BFD99FF2BFD99FF000000FF000000FF000000FF000000FF2BFD99FF2BFD99FF000000FF000000FF000000FF000000FF000000FF000000FF2BFD99FF2BFD99FF000000FF000000FF000000FF000000FF000000FF000000FF2BFD99FF2BFD99FF000000FF000000FF000000FF000000FF000000FF000000FF000000FF000000FF000000FF000000FF000000FF000000FF000000FF000000FF000000FF000000FF000000FF000000FF2BFD99FF2BFD99FF2BFD99FF2BFD99FF2BFD99FF2BFD99FF2BFD99FF2BFD99FF000000FF000000FF000000FF000000FF000000FF000000FF000000FF000000FF000000FF000000FF2BFD99FF2BFD99FF000000FF000000FF000000FF000000FF000000FF000000FF000000FF000000FF000000FF000000FF000000FF000000FF000000FF000000FF000000FF000000FF000000FF000000FF000000FF000000FF000000FF000000FF2BFD99FF2BFD99FF2BFD99FF2BFD99FF2BFD99FF2BFD99FF2BFD99FF2BFD99FF000000FF000000FF000000FF000000FF000000FF000000FF2BFD99FF2BFD99FF2BFD99FF2BFD99FF2BFD99FF2BFD99FF2BFD99FF2BFD99FF000000FF000000FF000000FF000000FF000000FF000000FF000000FF000000FF000000FF000000FF000000FF000000FF000000FF000000FF000000FF000000FF000000FF000000FF000000FF000000FF000000FF000000FF000000FF000000FF2BFD99FF2BFD99FF000000FF000000FF000000FF000000FF000000FF000000FF000000FF000000FF000000FF000000FF2BFD99FF2BFD99FF2BFD99FF2BFD99FF2BFD99FF2BFD99FF2BFD99FF2BFD99FF000000FF000000FF000000FF000000FF000000FF000000FF000000FF000000FF000000FF000000FF000000FF000000FF000000FF000000FF000000FF000000FF000000FF000000FF000000FF000000FF000000FF000000FF2BFD99FF2BFD99FF2BFD99FF2BFD99FF000000FF000000FF000000FF000000FF000000FF000000FF2BFD99FF2BFD99FF000000FF000000FF2BFD99FF2BFD99FF000000FF000000FF2BFD99FF2BFD99FF000000FF000000FF000000FF000000FF000000FF000000FF000000FF000000FF000000FF000000FF000000FF000000FF000000FF000000FF000000FF000000FF000000FF000000FF2BFD99FF2BFD99FF000000FF000000FF000000FF000000FF2BFD99FF2BFD99FF000000FF000000FF000000FF000000FF000000FF000000FF2BFD99FF2BFD99FF000000FF000000FF000000FF000000FF000000FF000000FF000000FF000000FF000000FF000000FF000000FF000000FF000000FF000000FF000000FF000000FF000000FF000000FF000000FF000000FF000000FF000000FF000000FF000000FF000000FF000000FF2BFD99FF2BFD99FF2BFD99FF2BFD99FF2BFD99FF2BFD99FF2BFD99FF2BFD99FF000000FF000000FF000000FF000000FF000000FF000000FF000000FF000000FF2BFD99FF2BFD99FF2BFD99FF2BFD99FF2BFD99FF2BFD99FF2BFD99FF2BFD99FF000000FF000000FF000000FF000000FF000000FF000000FF000000FF000000FF000000FF000000FF000000FF000000FF000000FF000000FF000000FF000000FF000000FF000000FF2BFD99FF2BFD99FF2BFD99FF2BFD99FF2BFD99FF2BFD99FF2BFD99FF2BFD99FF000000FF000000FF000000FF000000FF000000FF000000FF2BFD99FF2BFD99FF2BFD99FF2BFD99FF2BFD99FF2BFD99FF2BFD99FF2BFD99FF000000FF000000FF000000FF000000FF000000FF000000FF000000FF000000FF000000FF000000FF000000FF000000FF000000FF000000FF000000FF000000FF000000FF000000FF000000FF000000FF2BFD99FF2BFD99FF2BFD99FF2BFD99FF2BFD99FF2BFD99FF2BFD99FF2BFD99FF000000FF000000FF000000FF000000FF000000FF000000FF000000FF000000FF000000FF000000FF000000FF000000FF000000FF000000FF2BFD99FF2BFD99FF000000FF000000FF000000FF000000FF000000FF000000FF000000FF000000FF000000FF000000FF000000FF000000FF000000FF000000FF000000FF000000FF000000FF000000FF000000FF000000FF000000FF000000FF2BFD99FF2BFD99FF000000FF000000FF000000FF000000FF000000FF000000FF000000FF000000FF000000FF000000FF000000FF000000FF2BFD99FF2BFD99FF2BFD99FF2BFD99FF000000FF000000FF000000FF000000FF000000FF000000FF000000FF000000FF000000FF000000FF000000FF000000FF000000FF000000FF000000FF000000FF000000FF000000FF000000FF000000FF2BFD99FF2BFD99FF000000FF000000FF2BFD99FF2BFD99FF000000FF000000FF2BFD99FF2BFD99FF000000FF000000FF000000FF000000FF2BFD99FF2BFD99FF000000FF000000FF000000FF000000FF000000FF000000FF2BFD99FF2BFD99FF000000FF000000FF000000FF000000FF000000FF000000FF000000FF000000FF000000FF000000FF000000FF000000FF000000FF000000FF000000FF000000FF000000FF000000FF000000FF000000FF2BFD99FF2BFD99FF2BFD99FF2BFD99FF2BFD99FF2BFD99FF000000FF000000FF000000FF000000FF000000FF000000FF000000FF000000FF2BFD99FF2BFD99FF000000FF000000FF000000FF000000FF000000FF000000FF000000FF000000FF000000FF000000FF2BFD99FF2BFD99FF000000FF000000FF000000FF000000FF000000FF000000FF2BFD99FF2BFD99FF000000FF000000FF000000FF000000FF2BFD99FF2BFD99FF000000FF000000FF000000FF000000FF000000FF000000FF000000FF000000FF000000FF000000FF000000FF000000FF2BFD99FF2BFD99FF2BFD99FF2BFD99FF000000FF000000FF000000FF000000FF2BFD99FF2BFD99FF000000FF000000FF000000FF000000FF000000FF000000FF000000FF000000FF2BFD99FF2BFD99FF000000FF000000FF000000FF000000FF000000FF000000FF000000FF000000FF000000FF000000FF000000FF000000FF000000FF000000FF000000FF000000FF000000FF000000FF000000FF000000FF000000FF000000FF2BFD99FF2BFD99FF2BFD99FF2BFD99FF2BFD99FF2BFD99FF2BFD99FF2BFD99FF2BFD99FF2BFD99FF000000FF000000FF000000FF000000FF2BFD99FF2BFD99FF000000FF000000FF000000FF000000FF000000FF000000FF2BFD99FF2BFD99FF000000FF000000FF000000FF000000FF000000FF000000FF000000FF000000FF000000FF000000FF000000FF000000FF000000FF000000FF000000FF000000FF000000FF000000FF2BFD99FF2BFD99FF000000FF000000FF000000FF000000FF000000FF000000FF2BFD99FF2BFD99FF000000FF000000FF000000FF000000FF000000FF000000FF000000FF000000FF2BFD99FF2BFD99FF000000FF000000FF000000FF000000FF000000FF000000FF000000FF000000FF000000FF000000FF000000FF000000FF000000FF000000FF000000FF000000FF000000FF000000FF000000FF000000FF000000FF000000FF2BFD99FF2BFD99FF000000FF000000FF000000FF000000FF000000FF000000FF2BFD99FF2BFD99FF000000FF000000FF000000FF000000FF2BFD99FF2BFD99FF000000FF000000FF000000FF000000FF000000FF000000FF000000FF000000FF000000FF000000FF000000FF000000FF000000FF000000FF000000FF000000FF000000FF000000FF000000FF000000FF000000FF000000FF000000FF000000FF000000FF000000FF000000FF000000FF2BFD99FF2BFD99FF000000FF000000FF000000FF000000FF000000FF000000FF000000FF000000FF000000FF000000FF000000FF000000FF000000FF000000FF000000FF000000FF000000FF000000FF2BFD99FF2BFD99FF000000FF000000FF000000FF000000FF000000FF000000FF000000FF000000FF000000FF000000FF000000FF000000FF000000FF000000FF000000FF000000FF000000FF000000FF000000FF000000FF2BFD99FF2BFD99FF000000FF000000FF000000FF000000FF000000FF000000FF000000FF000000FF000000FF000000FF2BFD99FF2BFD99FF2BFD99FF2BFD99FF000000FF000000FF000000FF000000FF2BFD99FF2BFD99FF000000FF000000FF000000FF000000FF000000FF000000FF000000FF000000FF000000FF000000FF000000FF000000FF000000FF000000FF000000FF000000FF000000FF000000FF2BFD99FF2BFD99FF2BFD99FF2BFD99FF2BFD99FF2BFD99FF2BFD99FF2BFD99FF2BFD99FF2BFD99FF000000FF000000FF000000FF000000FF2BFD99FF2BFD99FF000000FF000000FF000000FF000000FF000000FF000000FF000000FF000000FF000000FF000000FF000000FF000000FF000000FF000000FF000000FF000000FF000000FF000000FF000000FF000000FF000000FF000000FF000000FF000000FF000000FF000000FF2BFD99FF2BFD99FF000000FF000000FF000000FF000000FF000000FF000000FF2BFD99FF2BFD99FF000000FF000000FF000000FF000000FF000000FF000000FF000000FF000000FF000000FF000000FF000000FF000000FF2BFD99FF2BFD99FF000000FF000000FF000000FF000000FF000000FF000000FF000000FF000000FF000000FF000000FF000000FF000000FF000000FF000000FF000000FF000000FF000000FF000000FF2BFD99FF2BFD99FF000000FF000000FF000000FF000000FF000000FF000000FF2BFD99FF2BFD99FF000000FF000000FF000000FF000000FF2BFD99FF2BFD99FF000000FF000000FF000000FF000000FF000000FF000000FF000000FF000000FF000000FF000000FF000000FF000000FF000000FF000000FF000000FF000000FF000000FF000000FF000000FF000000FF000000FF000000FF000000FF000000FF000000FF000000FF2BFD99FF2BFD99FF000000FF000000FF000000FF000000FF000000FF000000FF2BFD99FF2BFD99FF000000FF000000FF000000FF000000FF000000FF000000FF000000FF000000FF000000FF000000FF000000FF000000FF2BFD99FF2BFD99FF000000FF000000FF000000FF000000FF000000FF000000FF000000FF000000FF000000FF000000FF000000FF000000FF000000FF000000FF000000FF000000FF000000FF000000FF000000FF000000FF2BFD99FF2BFD99FF000000FF000000FF000000FF000000FF000000FF000000FF000000FF000000FF000000FF000000FF000000FF000000FF000000FF000000FF000000FF000000FF000000FF000000FF2BFD99FF2BFD99FF000000FF000000FF000000FF000000FF000000FF000000FF000000FF000000FF000000FF000000FF000000FF000000FF000000FF000000FF000000FF000000FF000000FF000000FF2BFD99FF2BFD99FF2BFD99FF2BFD99FF000000FF000000FF000000FF000000FF2BFD99FF2BFD99FF000000FF000000FF000000FF000000FF2BFD99FF2BFD99FF000000FF000000FF000000FF000000FF000000FF000000FF2BFD99FF2BFD99FF000000FF000000FF000000FF000000FF000000FF000000FF000000FF000000FF000000FF000000FF000000FF000000FF000000FF000000FF000000FF000000FF000000FF000000FF000000FF000000FF2BFD99FF2BFD99FF2BFD99FF2BFD99FF2BFD99FF2BFD99FF000000FF000000FF000000FF000000FF000000FF000000FF000000FF000000FF2BFD99FF2BFD99FF000000FF000000FF000000FF000000FF000000FF000000FF000000FF000000FF000000FF000000FF2BFD99FF2BFD99FF000000FF000000FF000000FF000000FF000000FF000000FF2BFD99FF2BFD99FF000000FF000000FF000000FF000000FF2BFD99FF2BFD99FF000000FF000000FF000000FF000000FF000000FF000000FF000000FF000000FF000000FF000000FF000000FF000000FF2BFD99FF2BFD99FF2BFD99FF2BFD99FF000000FF000000FF000000FF000000FF2BFD99FF2BFD99FF000000FF000000FF000000FF000000FF000000FF000000FF000000FF000000FF2BFD99FF2BFD99FF000000FF000000FF000000FF000000FF000000FF000000FF000000FF000000FF000000FF000000FF000000FF000000FF000000FF000000FF000000FF000000FF000000FF000000FF000000FF000000FF000000FF000000FF2BFD99FF2BFD99FF2BFD99FF2BFD99FF2BFD99FF2BFD99FF2BFD99FF2BFD99FF2BFD99FF2BFD99FF000000FF000000FF000000FF000000FF2BFD99FF2BFD99FF000000FF000000FF000000FF000000FF000000FF000000FF2BFD99FF2BFD99FF000000FF000000FF000000FF000000FF000000FF000000FF000000FF000000FF000000FF000000FF000000FF000000FF000000FF000000FF000000FF000000FF000000FF000000FF2BFD99FF2BFD99FF000000FF000000FF000000FF000000FF000000FF000000FF2BFD99FF2BFD99FF000000FF000000FF000000FF000000FF000000FF000000FF000000FF000000FF2BFD99FF2BFD99FF000000FF000000FF000000FF000000FF000000FF000000FF000000FF000000FF000000FF000000FF000000FF000000FF000000FF000000FF000000FF000000FF000000FF000000FF000000FF000000FF000000FF000000FF2BFD99FF2BFD99FF000000FF000000FF000000FF000000FF000000FF000000FF2BFD99FF2BFD99FF000000FF000000FF000000FF000000FF2BFD99FF2BFD99FF000000FF000000FF000000FF000000FF000000FF000000FF000000FF000000FF000000FF000000FF000000FF000000FF000000FF000000FF000000FF000000FF000000FF000000FF000000FF000000FF000000FF000000FF000000FF000000FF000000FF000000FF000000FF000000FF2BFD99FF2BFD99FF000000FF000000FF000000FF000000FF000000FF000000FF000000FF000000FF000000FF000000FF000000FF000000FF000000FF000000FF000000FF000000FF000000FF000000FF2BFD99FF2BFD99FF000000FF000000FF000000FF000000FF000000FF000000FF000000FF000000FF000000FF000000FF000000FF000000FF000000FF000000FF000000FF000000FF000000FF000000FF000000FF000000FF2BFD99FF2BFD99FF000000FF000000FF000000FF000000FF000000FF000000FF000000FF000000FF000000FF000000FF2BFD99FF2BFD99FF2BFD99FF2BFD99FF000000FF000000FF000000FF000000FF2BFD99FF2BFD99FF000000FF000000FF000000FF000000FF000000FF000000FF000000FF000000FF000000FF000000FF000000FF000000FF000000FF000000FF000000FF000000FF000000FF000000FF2BFD99FF2BFD99FF2BFD99FF2BFD99FF2BFD99FF2BFD99FF2BFD99FF2BFD99FF2BFD99FF2BFD99FF000000FF000000FF000000FF000000FF2BFD99FF2BFD99FF000000FF000000FF000000FF000000FF000000FF000000FF000000FF000000FF000000FF000000FF000000FF000000FF000000FF000000FF000000FF000000FF000000FF000000FF000000FF000000FF000000FF000000FF000000FF000000FF000000FF000000FF2BFD99FF2BFD99FF000000FF000000FF000000FF000000FF000000FF000000FF2BFD99FF2BFD99FF000000FF000000FF000000FF000000FF000000FF000000FF000000FF000000FF000000FF000000FF000000FF000000FF2BFD99FF2BFD99FF000000FF000000FF000000FF000000FF000000FF000000FF000000FF000000FF000000FF000000FF000000FF000000FF000000FF000000FF000000FF000000FF000000FF000000FF2BFD99FF2BFD99FF000000FF000000FF000000FF000000FF000000FF000000FF2BFD99FF2BFD99FF000000FF000000FF000000FF000000FF2BFD99FF2BFD99FF000000FF000000FF000000FF000000FF000000FF000000FF000000FF000000FF000000FF000000FF000000FF000000FF000000FF000000FF000000FF000000FF000000FF000000FF000000FF000000FF000000FF000000FF000000FF000000FF000000FF000000FF2BFD99FF2BFD99FF000000FF000000FF000000FF000000FF000000FF000000FF2BFD99FF2BFD99FF000000FF000000FF000000FF000000FF000000FF000000FF000000FF000000FF000000FF000000FF000000FF000000FF2BFD99FF2BFD99FF000000FF000000FF000000FF000000FF000000FF000000FF000000FF000000FF000000FF000000FF000000FF000000FF000000FF000000FF000000FF000000FF000000FF000000FF000000FF000000FF2BFD99FF2BFD99FF000000FF000000FF000000FF000000FF000000FF000000FF000000FF000000FF000000FF000000FF000000FF000000FF000000FF000000FF000000FF000000FF000000FF000000FF2BFD99FF2BFD99FF000000FF000000FF000000FF000000FF000000FF000000FF000000FF000000FF000000FF000000FF000000FF000000FF000000FF000000FF000000FF000000FF000000FF000000FF2BFD99FF2BFD99FF2BFD99FF2BFD99FF000000FF000000FF000000FF000000FF2BFD99FF2BFD99FF000000FF000000FF000000FF000000FF2BFD99FF2BFD99FF000000FF000000FF000000FF000000FF000000FF000000FF2BFD99FF2BFD99FF000000FF000000FF000000FF000000FF000000FF000000FF000000FF000000FF000000FF000000FF000000FF000000FF000000FF000000FF000000FF000000FF000000FF000000FF2BFD99FF2BFD99FF000000FF000000FF2BFD99FF2BFD99FF000000FF000000FF2BFD99FF2BFD99FF000000FF000000FF000000FF000000FF2BFD99FF2BFD99FF000000FF000000FF000000FF000000FF000000FF000000FF000000FF000000FF000000FF000000FF000000FF000000FF2BFD99FF2BFD99FF000000FF000000FF000000FF000000FF000000FF000000FF2BFD99FF2BFD99FF000000FF000000FF000000FF000000FF2BFD99FF2BFD99FF000000FF000000FF000000FF000000FF000000FF000000FF2BFD99FF2BFD99FF000000FF000000FF000000FF000000FF2BFD99FF2BFD99FF000000FF000000FF000000FF000000FF000000FF000000FF2BFD99FF2BFD99FF000000FF000000FF000000FF000000FF000000FF000000FF000000FF000000FF000000FF000000FF000000FF000000FF000000FF000000FF000000FF000000FF000000FF000000FF000000FF000000FF000000FF000000FF000000FF000000FF000000FF000000FF000000FF000000FF000000FF000000FF000000FF000000FF000000FF000000FF000000FF000000FF000000FF000000FF2BFD99FF2BFD99FF000000FF000000FF000000FF000000FF000000FF000000FF2BFD99FF2BFD99FF000000FF000000FF000000FF000000FF000000FF000000FF2BFD99FF2BFD99FF000000FF000000FF000000FF000000FF000000FF000000FF000000FF000000FF000000FF000000FF000000FF000000FF000000FF000000FF000000FF000000FF000000FF000000FF2BFD99FF2BFD99FF000000FF000000FF000000FF000000FF000000FF000000FF2BFD99FF2BFD99FF000000FF000000FF000000FF000000FF000000FF000000FF000000FF000000FF2BFD99FF2BFD99FF000000FF000000FF000000FF000000FF000000FF000000FF000000FF000000FF000000FF000000FF000000FF000000FF000000FF000000FF000000FF000000FF000000FF000000FF000000FF000000FF000000FF000000FF2BFD99FF2BFD99FF000000FF000000FF000000FF000000FF000000FF000000FF2BFD99FF2BFD99FF000000FF000000FF000000FF000000FF2BFD99FF2BFD99FF000000FF000000FF000000FF000000FF000000FF000000FF000000FF000000FF000000FF000000FF000000FF000000FF000000FF000000FF000000FF000000FF000000FF000000FF000000FF000000FF000000FF000000FF000000FF000000FF000000FF000000FF000000FF000000FF2BFD99FF2BFD99FF000000FF000000FF000000FF000000FF000000FF000000FF000000FF000000FF000000FF000000FF000000FF000000FF000000FF000000FF000000FF000000FF2BFD99FF2BFD99FF000000FF000000FF000000FF000000FF000000FF000000FF000000FF000000FF000000FF000000FF000000FF000000FF000000FF000000FF000000FF000000FF000000FF000000FF000000FF000000FF2BFD99FF2BFD99FF000000FF000000FF000000FF000000FF000000FF000000FF000000FF000000FF000000FF000000FF000000FF000000FF2BFD99FF2BFD99FF000000FF000000FF000000FF000000FF000000FF000000FF2BFD99FF2BFD99FF000000FF000000FF000000FF000000FF000000FF000000FF000000FF000000FF000000FF000000FF000000FF000000FF000000FF000000FF000000FF000000FF000000FF000000FF000000FF000000FF000000FF000000FF000000FF000000FF2BFD99FF2BFD99FF000000FF000000FF000000FF000000FF000000FF000000FF2BFD99FF2BFD99FF000000FF000000FF000000FF000000FF000000FF000000FF2BFD99FF2BFD99FF000000FF000000FF000000FF000000FF000000FF000000FF000000FF000000FF000000FF000000FF000000FF000000FF000000FF000000FF000000FF000000FF000000FF000000FF2BFD99FF2BFD99FF000000FF000000FF000000FF000000FF000000FF000000FF2BFD99FF2BFD99FF000000FF000000FF000000FF000000FF000000FF000000FF000000FF000000FF000000FF000000FF2BFD99FF2BFD99FF000000FF000000FF000000FF000000FF000000FF000000FF000000FF000000FF000000FF000000FF000000FF000000FF000000FF000000FF000000FF000000FF000000FF000000FF000000FF000000FF2BFD99FF2BFD99FF000000FF000000FF000000FF000000FF000000FF000000FF2BFD99FF2BFD99FF000000FF000000FF000000FF000000FF2BFD99FF2BFD99FF000000FF000000FF000000FF000000FF000000FF000000FF000000FF000000FF000000FF000000FF000000FF000000FF000000FF000000FF000000FF000000FF000000FF000000FF000000FF000000FF000000FF000000FF000000FF000000FF000000FF000000FF2BFD99FF2BFD99FF000000FF000000FF000000FF000000FF000000FF000000FF2BFD99FF2BFD99FF000000FF000000FF000000FF000000FF2BFD99FF2BFD99FF000000FF000000FF000000FF000000FF000000FF000000FF2BFD99FF2BFD99FF000000FF000000FF000000FF000000FF000000FF000000FF000000FF000000FF000000FF000000FF000000FF000000FF000000FF000000FF000000FF000000FF000000FF000000FF000000FF000000FF2BFD99FF2BFD99FF000000FF000000FF000000FF000000FF000000FF000000FF000000FF000000FF000000FF000000FF2BFD99FF2BFD99FF000000FF000000FF000000FF000000FF000000FF000000FF2BFD99FF2BFD99FF000000FF000000FF000000FF000000FF000000FF000000FF000000FF000000FF000000FF000000FF000000FF000000FF000000FF000000FF000000FF000000FF000000FF000000FF2BFD99FF2BFD99FF000000FF000000FF000000FF000000FF000000FF000000FF2BFD99FF2BFD99FF000000FF000000FF000000FF000000FF2BFD99FF2BFD99FF000000FF000000FF000000FF000000FF000000FF000000FF2BFD99FF2BFD99FF000000FF000000FF000000FF000000FF000000FF000000FF000000FF000000FF000000FF000000FF000000FF000000FF000000FF000000FF000000FF000000FF000000FF000000FF2BFD99FF2BFD99FF000000FF000000FF2BFD99FF2BFD99FF000000FF000000FF2BFD99FF2BFD99FF000000FF000000FF000000FF000000FF2BFD99FF2BFD99FF000000FF000000FF000000FF000000FF000000FF000000FF000000FF000000FF000000FF000000FF000000FF000000FF2BFD99FF2BFD99FF000000FF000000FF000000FF000000FF000000FF000000FF2BFD99FF2BFD99FF000000FF000000FF000000FF000000FF2BFD99FF2BFD99FF000000FF000000FF000000FF000000FF000000FF000000FF2BFD99FF2BFD99FF000000FF000000FF000000FF000000FF2BFD99FF2BFD99FF000000FF000000FF000000FF000000FF000000FF000000FF2BFD99FF2BFD99FF000000FF000000FF000000FF000000FF000000FF000000FF000000FF000000FF000000FF000000FF000000FF000000FF000000FF000000FF000000FF000000FF000000FF000000FF000000FF000000FF000000FF000000FF000000FF000000FF000000FF000000FF000000FF000000FF000000FF000000FF000000FF000000FF000000FF000000FF000000FF000000FF000000FF000000FF2BFD99FF2BFD99FF000000FF000000FF000000FF000000FF000000FF000000FF2BFD99FF2BFD99FF000000FF000000FF000000FF000000FF000000FF000000FF2BFD99FF2BFD99FF000000FF000000FF000000FF000000FF000000FF000000FF000000FF000000FF000000FF000000FF000000FF000000FF000000FF000000FF000000FF000000FF000000FF000000FF2BFD99FF2BFD99FF000000FF000000FF000000FF000000FF000000FF000000FF2BFD99FF2BFD99FF000000FF000000FF000000FF000000FF000000FF000000FF000000FF000000FF2BFD99FF2BFD99FF000000FF000000FF000000FF000000FF000000FF000000FF000000FF000000FF000000FF000000FF000000FF000000FF000000FF000000FF000000FF000000FF000000FF000000FF000000FF000000FF000000FF000000FF2BFD99FF2BFD99FF000000FF000000FF000000FF000000FF000000FF000000FF2BFD99FF2BFD99FF000000FF000000FF000000FF000000FF2BFD99FF2BFD99FF000000FF000000FF000000FF000000FF000000FF000000FF000000FF000000FF000000FF000000FF000000FF000000FF000000FF000000FF000000FF000000FF000000FF000000FF000000FF000000FF000000FF000000FF000000FF000000FF000000FF000000FF000000FF000000FF2BFD99FF2BFD99FF000000FF000000FF000000FF000000FF000000FF000000FF000000FF000000FF000000FF000000FF000000FF000000FF000000FF000000FF000000FF000000FF2BFD99FF2BFD99FF000000FF000000FF000000FF000000FF000000FF000000FF000000FF000000FF000000FF000000FF000000FF000000FF000000FF000000FF000000FF000000FF000000FF000000FF000000FF000000FF2BFD99FF2BFD99FF000000FF000000FF000000FF000000FF000000FF000000FF000000FF000000FF000000FF000000FF000000FF000000FF2BFD99FF2BFD99FF000000FF000000FF000000FF000000FF000000FF000000FF2BFD99FF2BFD99FF000000FF000000FF000000FF000000FF000000FF000000FF000000FF000000FF000000FF000000FF000000FF000000FF000000FF000000FF000000FF000000FF000000FF000000FF000000FF000000FF000000FF000000FF000000FF000000FF2BFD99FF2BFD99FF000000FF000000FF000000FF000000FF000000FF000000FF2BFD99FF2BFD99FF000000FF000000FF000000FF000000FF000000FF000000FF2BFD99FF2BFD99FF000000FF000000FF000000FF000000FF000000FF000000FF000000FF000000FF000000FF000000FF000000FF000000FF000000FF000000FF000000FF000000FF000000FF000000FF2BFD99FF2BFD99FF000000FF000000FF000000FF000000FF000000FF000000FF2BFD99FF2BFD99FF000000FF000000FF000000FF000000FF000000FF000000FF000000FF000000FF000000FF000000FF2BFD99FF2BFD99FF000000FF000000FF000000FF000000FF000000FF000000FF000000FF000000FF000000FF000000FF000000FF000000FF000000FF000000FF000000FF000000FF000000FF000000FF000000FF000000FF2BFD99FF2BFD99FF000000FF000000FF000000FF000000FF000000FF000000FF2BFD99FF2BFD99FF000000FF000000FF000000FF000000FF2BFD99FF2BFD99FF000000FF000000FF000000FF000000FF000000FF000000FF000000FF000000FF000000FF000000FF000000FF000000FF000000FF000000FF000000FF000000FF000000FF000000FF000000FF000000FF000000FF000000FF000000FF000000FF000000FF000000FF2BFD99FF2BFD99FF000000FF000000FF000000FF000000FF000000FF000000FF2BFD99FF2BFD99FF000000FF000000FF000000FF000000FF2BFD99FF2BFD99FF000000FF000000FF000000FF000000FF000000FF000000FF2BFD99FF2BFD99FF000000FF000000FF000000FF000000FF000000FF000000FF000000FF000000FF000000FF000000FF000000FF000000FF000000FF000000FF000000FF000000FF000000FF000000FF000000FF000000FF2BFD99FF2BFD99FF000000FF000000FF000000FF000000FF000000FF000000FF000000FF000000FF000000FF000000FF2BFD99FF2BFD99FF000000FF000000FF000000FF000000FF000000FF000000FF2BFD99FF2BFD99FF000000FF000000FF000000FF000000FF000000FF000000FF000000FF000000FF000000FF000000FF000000FF000000FF000000FF000000FF000000FF000000FF000000FF000000FF2BFD99FF2BFD99FF000000FF000000FF000000FF000000FF000000FF000000FF2BFD99FF2BFD99FF000000FF000000FF000000FF000000FF2BFD99FF2BFD99FF000000FF000000FF000000FF000000FF000000FF000000FF2BFD99FF2BFD99FF000000FF000000FF000000FF000000FF000000FF000000FF000000FF000000FF000000FF000000FF000000FF000000FF000000FF000000FF000000FF000000FF000000FF000000FF000000FF000000FF000000FF000000FF2BFD99FF2BFD99FF000000FF000000FF000000FF000000FF000000FF000000FF000000FF000000FF2BFD99FF2BFD99FF2BFD99FF2BFD99FF2BFD99FF2BFD99FF2BFD99FF2BFD99FF2BFD99FF2BFD99FF000000FF000000FF000000FF000000FF2BFD99FF2BFD99FF2BFD99FF2BFD99FF2BFD99FF2BFD99FF2BFD99FF2BFD99FF000000FF000000FF000000FF000000FF000000FF000000FF000000FF000000FF2BFD99FF2BFD99FF2BFD99FF2BFD99FF2BFD99FF2BFD99FF000000FF000000FF000000FF000000FF000000FF000000FF000000FF000000FF2BFD99FF2BFD99FF2BFD99FF2BFD99FF2BFD99FF2BFD99FF000000FF000000FF000000FF000000FF000000FF000000FF000000FF000000FF000000FF000000FF000000FF000000FF000000FF000000FF000000FF000000FF000000FF000000FF000000FF000000FF000000FF000000FF000000FF000000FF000000FF000000FF000000FF000000FF000000FF000000FF000000FF000000FF000000FF000000FF000000FF000000FF000000FF000000FF000000FF000000FF2BFD99FF2BFD99FF000000FF000000FF000000FF000000FF000000FF000000FF2BFD99FF2BFD99FF2BFD99FF2BFD99FF2BFD99FF2BFD99FF2BFD99FF2BFD99FF000000FF000000FF000000FF000000FF000000FF000000FF000000FF000000FF000000FF000000FF000000FF000000FF000000FF000000FF000000FF000000FF000000FF000000FF000000FF000000FF000000FF000000FF2BFD99FF2BFD99FF2BFD99FF2BFD99FF2BFD99FF2BFD99FF000000FF000000FF000000FF000000FF000000FF000000FF000000FF000000FF2BFD99FF2BFD99FF2BFD99FF2BFD99FF2BFD99FF2BFD99FF000000FF000000FF000000FF000000FF000000FF000000FF000000FF000000FF000000FF000000FF000000FF000000FF000000FF000000FF000000FF000000FF000000FF000000FF000000FF000000FF000000FF000000FF2BFD99FF2BFD99FF2BFD99FF2BFD99FF2BFD99FF2BFD99FF000000FF000000FF000000FF000000FF000000FF000000FF2BFD99FF2BFD99FF2BFD99FF2BFD99FF2BFD99FF2BFD99FF2BFD99FF2BFD99FF2BFD99FF2BFD99FF000000FF000000FF000000FF000000FF000000FF000000FF000000FF000000FF000000FF000000FF000000FF000000FF000000FF000000FF000000FF000000FF000000FF000000FF000000FF000000FF2BFD99FF2BFD99FF000000FF000000FF000000FF000000FF000000FF000000FF000000FF000000FF000000FF000000FF2BFD99FF2BFD99FF2BFD99FF2BFD99FF2BFD99FF2BFD99FF000000FF000000FF000000FF000000FF000000FF000000FF000000FF000000FF000000FF000000FF000000FF000000FF000000FF000000FF000000FF000000FF000000FF000000FF000000FF000000FF000000FF000000FF2BFD99FF2BFD99FF2BFD99FF2BFD99FF2BFD99FF2BFD99FF2BFD99FF2BFD99FF2BFD99FF2BFD99FF000000FF000000FF000000FF000000FF000000FF000000FF2BFD99FF2BFD99FF2BFD99FF2BFD99FF2BFD99FF2BFD99FF000000FF000000FF000000FF000000FF000000FF000000FF000000FF000000FF000000FF000000FF000000FF000000FF000000FF000000FF000000FF000000FF000000FF000000FF000000FF000000FF000000FF000000FF000000FF000000FF000000FF000000FF2BFD99FF2BFD99FF000000FF000000FF000000FF000000FF000000FF000000FF000000FF000000FF2BFD99FF2BFD99FF2BFD99FF2BFD99FF2BFD99FF2BFD99FF000000FF000000FF000000FF000000FF000000FF000000FF000000FF000000FF000000FF000000FF000000FF000000FF000000FF000000FF000000FF000000FF000000FF000000FF000000FF000000FF000000FF000000FF2BFD99FF2BFD99FF2BFD99FF2BFD99FF2BFD99FF2BFD99FF000000FF000000FF000000FF000000FF000000FF000000FF2BFD99FF2BFD99FF2BFD99FF2BFD99FF2BFD99FF2BFD99FF000000FF000000FF000000FF000000FF000000FF000000FF000000FF000000FF000000FF000000FF000000FF000000FF000000FF000000FF000000FF000000FF000000FF000000FF000000FF000000FF000000FF000000FF000000FF000000FF2BFD99FF2BFD99FF2BFD99FF2BFD99FF2BFD99FF2BFD99FF000000FF000000FF000000FF000000FF000000FF000000FF2BFD99FF2BFD99FF2BFD99FF2BFD99FF2BFD99FF2BFD99FF2BFD99FF2BFD99FF2BFD99FF2BFD99FF000000FF000000FF000000FF000000FF000000FF000000FF000000FF000000FF000000FF000000FF000000FF000000FF000000FF000000FF000000FF000000FF000000FF000000FF000000FF000000FF2BFD99FF2BFD99FF2BFD99FF2BFD99FF2BFD99FF2BFD99FF000000FF000000FF000000FF000000FF000000FF000000FF000000FF000000FF2BFD99FF2BFD99FF2BFD99FF2BFD99FF2BFD99FF2BFD99FF000000FF000000FF000000FF000000FF000000FF000000FF000000FF000000FF000000FF000000FF000000FF000000FF000000FF000000FF000000FF000000FF000000FF000000FF000000FF000000FF000000FF000000FF2BFD99FF2BFD99FF000000FF000000FF000000FF000000FF000000FF000000FF000000FF000000FF000000FF000000FF000000FF000000FF2BFD99FF2BFD99FF2BFD99FF2BFD99FF2BFD99FF2BFD99FF000000FF000000FF000000FF000000FF000000FF000000FF000000FF000000FF000000FF000000FF000000FF000000FF000000FF000000FF000000FF000000FF000000FF000000FF000000FF000000FF000000FF000000FF2BFD99FF2BFD99FF2BFD99FF2BFD99FF2BFD99FF2BFD99FF000000FF000000FF000000FF000000FF000000FF000000FF2BFD99FF2BFD99FF2BFD99FF2BFD99FF2BFD99FF2BFD99FF2BFD99FF2BFD99FF000000FF000000FF000000FF000000FF000000FF000000FF000000FF000000FF000000FF000000FF000000FF000000FF000000FF000000FF000000FF000000FF000000FF000000FF000000FF000000FF000000FF000000FF000000FF000000FF2BFD99FF2BFD99FF000000FF000000FF000000FF000000FF000000FF000000FF000000FF000000FF2BFD99FF2BFD99FF2BFD99FF2BFD99FF2BFD99FF2BFD99FF2BFD99FF2BFD99FF2BFD99FF2BFD99FF000000FF000000FF000000FF000000FF2BFD99FF2BFD99FF2BFD99FF2BFD99FF2BFD99FF2BFD99FF2BFD99FF2BFD99FF000000FF000000FF000000FF000000FF000000FF000000FF000000FF000000FF2BFD99FF2BFD99FF2BFD99FF2BFD99FF2BFD99FF2BFD99FF000000FF000000FF000000FF000000FF000000FF000000FF000000FF000000FF2BFD99FF2BFD99FF2BFD99FF2BFD99FF2BFD99FF2BFD99FF000000FF000000FF000000FF000000FF000000FF000000FF000000FF000000FF000000FF000000FF000000FF000000FF000000FF000000FF000000FF000000FF000000FF000000FF000000FF000000FF000000FF000000FF000000FF000000FF000000FF000000FF000000FF000000FF000000FF000000FF000000FF000000FF000000FF000000FF000000FF000000FF000000FF000000FF000000FF000000FF2BFD99FF2BFD99FF000000FF000000FF000000FF000000FF000000FF000000FF2BFD99FF2BFD99FF2BFD99FF2BFD99FF2BFD99FF2BFD99FF2BFD99FF2BFD99FF000000FF000000FF000000FF000000FF000000FF000000FF000000FF000000FF000000FF000000FF000000FF000000FF000000FF000000FF000000FF000000FF000000FF000000FF000000FF000000FF000000FF000000FF2BFD99FF2BFD99FF2BFD99FF2BFD99FF2BFD99FF2BFD99FF000000FF000000FF000000FF000000FF000000FF000000FF000000FF000000FF2BFD99FF2BFD99FF2BFD99FF2BFD99FF2BFD99FF2BFD99FF000000FF000000FF000000FF000000FF000000FF000000FF000000FF000000FF000000FF000000FF000000FF000000FF000000FF000000FF000000FF000000FF000000FF000000FF000000FF000000FF000000FF000000FF2BFD99FF2BFD99FF2BFD99FF2BFD99FF2BFD99FF2BFD99FF000000FF000000FF000000FF000000FF000000FF000000FF2BFD99FF2BFD99FF2BFD99FF2BFD99FF2BFD99FF2BFD99FF2BFD99FF2BFD99FF2BFD99FF2BFD99FF000000FF000000FF000000FF000000FF000000FF000000FF000000FF000000FF000000FF000000FF000000FF000000FF000000FF000000FF000000FF000000FF000000FF000000FF000000FF000000FF2BFD99FF2BFD99FF000000FF000000FF000000FF000000FF000000FF000000FF000000FF000000FF000000FF000000FF2BFD99FF2BFD99FF2BFD99FF2BFD99FF2BFD99FF2BFD99FF000000FF000000FF000000FF000000FF000000FF000000FF000000FF000000FF000000FF000000FF000000FF000000FF000000FF000000FF000000FF000000FF000000FF000000FF000000FF000000FF000000FF000000FF2BFD99FF2BFD99FF2BFD99FF2BFD99FF2BFD99FF2BFD99FF2BFD99FF2BFD99FF2BFD99FF2BFD99FF000000FF000000FF000000FF000000FF000000FF000000FF2BFD99FF2BFD99FF2BFD99FF2BFD99FF2BFD99FF2BFD99FF000000FF000000FF000000FF000000FF000000FF000000FF000000FF000000FF000000FF000000FF000000FF000000FF000000FF000000FF000000FF000000FF000000FF000000FF000000FF000000FF000000FF000000FF000000FF000000FF000000FF000000FF2BFD99FF2BFD99FF000000FF000000FF000000FF000000FF000000FF000000FF000000FF000000FF2BFD99FF2BFD99FF2BFD99FF2BFD99FF2BFD99FF2BFD99FF000000FF000000FF000000FF000000FF000000FF000000FF000000FF000000FF000000FF000000FF000000FF000000FF000000FF000000FF000000FF000000FF000000FF000000FF000000FF000000FF000000FF000000FF2BFD99FF2BFD99FF2BFD99FF2BFD99FF2BFD99FF2BFD99FF000000FF000000FF000000FF000000FF000000FF000000FF2BFD99FF2BFD99FF2BFD99FF2BFD99FF2BFD99FF2BFD99FF000000FF000000FF000000FF000000FF000000FF000000FF000000FF000000FF000000FF000000FF000000FF000000FF000000FF000000FF000000FF000000FF000000FF000000FF000000FF000000FF000000FF000000FF000000FF000000FF2BFD99FF2BFD99FF2BFD99FF2BFD99FF2BFD99FF2BFD99FF000000FF000000FF000000FF000000FF000000FF000000FF2BFD99FF2BFD99FF2BFD99FF2BFD99FF2BFD99FF2BFD99FF2BFD99FF2BFD99FF2BFD99FF2BFD99FF000000FF000000FF000000FF000000FF000000FF000000FF000000FF000000FF000000FF000000FF000000FF000000FF000000FF000000FF000000FF000000FF000000FF000000FF000000FF000000FF2BFD99FF2BFD99FF2BFD99FF2BFD99FF2BFD99FF2BFD99FF000000FF000000FF000000FF000000FF000000FF000000FF000000FF000000FF2BFD99FF2BFD99FF2BFD99FF2BFD99FF2BFD99FF2BFD99FF000000FF000000FF000000FF000000FF000000FF000000FF000000FF000000FF000000FF000000FF000000FF000000FF000000FF000000FF000000FF000000FF000000FF000000FF000000FF000000FF000000FF000000FF2BFD99FF2BFD99FF000000FF000000FF000000FF000000FF000000FF000000FF000000FF000000FF000000FF000000FF000000FF000000FF2BFD99FF2BFD99FF2BFD99FF2BFD99FF2BFD99FF2BFD99FF000000FF000000FF000000FF000000FF000000FF000000FF000000FF000000FF000000FF000000FF000000FF000000FF000000FF000000FF000000FF000000FF000000FF000000FF000000FF000000FF000000FF000000FF2BFD99FF2BFD99FF2BFD99FF2BFD99FF2BFD99FF2BFD99FF000000FF000000FF000000FF000000FF000000FF000000FF2BFD99FF2BFD99FF2BFD99FF2BFD99FF2BFD99FF2BFD99FF2BFD99FF2BFD99FF000000FF000000FF000000FF000000FF000000FF000000FF000000FF000000FF000000FF000000FF000000FF000000FF000000FF000000FF000000FF000000FF000000FF000000FF000000FF000000FF000000FF000000FF000000FF000000FF000000FF000000FF000000FF000000FF000000FF000000FF000000FF000000FF000000FF000000FF000000FF000000FF000000FF000000FF000000FF000000FF000000FF000000FF000000FF000000FF000000FF000000FF000000FF000000FF000000FF000000FF000000FF000000FF000000FF000000FF000000FF000000FF000000FF000000FF000000FF000000FF000000FF000000FF000000FF000000FF000000FF000000FF000000FF000000FF000000FF000000FF000000FF000000FF000000FF000000FF000000FF000000FF000000FF000000FF000000FF000000FF000000FF000000FF000000FF000000FF000000FF000000FF000000FF000000FF000000FF000000FF000000FF000000FF000000FF000000FF000000FF000000FF000000FF000000FF000000FF000000FF000000FF000000FF000000FF000000FF000000FF000000FF000000FF000000FF000000FF000000FF000000FF000000FF000000FF000000FF000000FF000000FF000000FF000000FF000000FF000000FF000000FF000000FF000000FF000000FF000000FF000000FF000000FF000000FF000000FF000000FF000000FF000000FF000000FF000000FF000000FF000000FF000000FF000000FF000000FF000000FF000000FF000000FF000000FF000000FF000000FF000000FF000000FF000000FF000000FF000000FF000000FF000000FF000000FF000000FF000000FF000000FF000000FF000000FF000000FF000000FF000000FF000000FF000000FF000000FF000000FF000000FF000000FF000000FF000000FF000000FF000000FF000000FF000000FF000000FF000000FF000000FF000000FF000000FF000000FF000000FF000000FF000000FF000000FF000000FF000000FF000000FF000000FF000000FF000000FF000000FF000000FF000000FF000000FF000000FF000000FF000000FF000000FF000000FF000000FF000000FF000000FF000000FF000000FF000000FF000000FF000000FF000000FF000000FF000000FF000000FF000000FF000000FF000000FF000000FF000000FF000000FF000000FF000000FF000000FF000000FF000000FF000000FF000000FF000000FF000000FF000000FF000000FF000000FF000000FF000000FF000000FF000000FF000000FF000000FF000000FF000000FF000000FF000000FF000000FF000000FF000000FF000000FF000000FF000000FF000000FF000000FF000000FF000000FF000000FF000000FF000000FF000000FF000000FF000000FF000000FF000000FF000000FF000000FF000000FF000000FF000000FF000000FF000000FF000000FF000000FF000000FF000000FF000000FF000000FF000000FF000000FF000000FF000000FF000000FF000000FF000000FF000000FF000000FF000000FF000000FF000000FF000000FF000000FF000000FF000000FF000000FF000000FF000000FF000000FF000000FF000000FF000000FF000000FF000000FF000000FF000000FF000000FF000000FF000000FF000000FF000000FF000000FF000000FF000000FF000000FF000000FF000000FF000000FF000000FF000000FF000000FF000000FF000000FF000000FF000000FF000000FF000000FF000000FF000000FF000000FF000000FF000000FF000000FF000000FF000000FF000000FF000000FF000000FF000000FF000000FF000000FF000000FF000000FF000000FF000000FF000000FF000000FF000000FF000000FF000000FF000000FF000000FF000000FF000000FF000000FF000000FF000000FF000000FF000000FF000000FF000000FF000000FF000000FF000000FF000000FF000000FF000000FF000000FF000000FF000000FF000000FF000000FF000000FF000000FF000000FF000000FF000000FF000000FF000000FF000000FF000000FF000000FF000000FF000000FF000000FF000000FF000000FF000000FF000000FF000000FF000000FF000000FF000000FF000000FF000000FF000000FF000000FF000000FF000000FF000000FF000000FF000000FF000000FF000000FF000000FF000000FF000000FF000000FF000000FF000000FF000000FF000000FF000000FF000000FF000000FF000000FF000000FF000000FF000000FF000000FF000000FF000000FF000000FF000000FF000000FF000000FF000000FF000000FF000000FF000000FF000000FF000000FF000000FF000000FF000000FF000000FF000000FF000000FF000000FF000000FF000000FF000000FF000000FF000000FF000000FF000000FF000000FF000000FF000000FF000000FF000000FF000000FF000000FF000000FF000000FF000000FF000000FF000000FF000000FF000000FF000000FF000000FF000000FF000000FF000000FF000000FF000000FF000000FF000000FF000000FF000000FF000000FF000000FF000000FF000000FF000000FF000000FF000000FF000000FF000000FF000000FF000000FF000000FF000000FF000000FF000000FF000000FF000000FF000000FF000000FF000000FF000000FF000000FF000000FF000000FF000000FF000000FF000000FF000000FF000000FF000000FF000000FF000000FF000000FF000000FF000000FF000000FF000000FF000000FF000000FF000000FF000000FF000000FF000000FF000000FF000000FF000000FF000000FF000000FF000000FF000000FF000000FF000000FF000000FF000000FF000000FF000000FF000000FF000000FF000000FF000000FF000000FF000000FF000000FF000000FF000000FF000000FF000000FF000000FF000000FF000000FF000000FF000000FF000000FF000000FF000000FF000000FF000000FF000000FF000000FF000000FF000000FF000000FF000000FF000000FF000000FF000000FF000000FF000000FF000000FF000000FF000000FF000000FF000000FF000000FF000000FF000000FF000000FF000000FF000000FF000000FF000000FF000000FF000000FF000000FF000000FF000000FF000000FF000000FF000000FF000000FF000000FF000000FF000000FF000000FF000000FF000000FF000000FF000000FF000000FF000000FF000000FF000000FF000000FF000000FF000000FF000000FF000000FF000000FF000000FF000000FF000000FF000000FF000000FF000000FF000000FF000000FF000000FF000000FF000000FF000000FF000000FF000000FF000000FF000000FF000000FF000000FF000000FF000000FF000000FF000000FF000000FF000000FF000000FF000000FF000000FF000000FF000000FF000000FF000000FF000000FF000000FF000000FF000000FF000000FF000000FF000000FF000000FF000000FF000000FF000000FF000000FF000000FF000000FF000000FF000000FF000000FF000000FF000000FF000000FF000000FF000000FF000000FF000000FF000000FF000000FF000000FF000000FF000000FF000000FF000000FF000000FF000000FF000000FF000000FF000000FF000000FF000000FF000000FF000000FF000000FF000000FF000000FF000000FF000000FF000000FF000000FF000000FF000000FF000000FF000000FF000000FF000000FF000000FF000000FF000000FF000000FF000000FF000000FF000000FF000000FF000000FF000000FF000000FF000000FF000000FF000000FF000000FF000000FF000000FF000000FF000000FF000000FF000000FF000000FF000000FF000000FF000000FF000000FF000000FF000000FF000000FF000000FF000000FF000000FF000000FF000000FF000000FF000000FF000000FF000000FF000000FF000000FF000000FF000000FF000000FF000000FF000000FF000000FF000000FF000000FF000000FF000000FF000000FF000000FF000000FF000000FF000000FF000000FF000000FF000000FF000000FF000000FF000000FF000000FF000000FF000000FF000000FF000000FF000000FF000000FF000000FF000000FF000000FF000000FF000000FF000000FF000000FF000000FF000000FF000000FF000000FF000000FF000000FF000000FF000000FF000000FF000000FF000000FF000000FF000000FF000000FF000000FF000000FF000000FF000000FF000000FF000000FF000000FF000000FF000000FF000000FF000000FF000000FF000000FF000000FF000000FF000000FF000000FF000000FF000000FF000000FF000000FF000000FF000000FF000000FF000000FF000000FF000000FF000000FF000000FF000000FF000000FF000000FF000000FF000000FF000000FF000000FF000000FF000000FF000000FF000000FF000000FF000000FF000000FF000000FF000000FF000000FF000000FF000000FF000000FF000000FF000000FF000000FF000000FF000000FF000000FF000000FF000000FF000000FF000000FF000000FF000000FF000000FF000000FF000000FF000000FF000000FF000000FF000000FF000000FF000000FF000000FF000000FF000000FF000000FF000000FF000000FF000000FF000000FF000000FF000000FF000000FF000000FF000000FF000000FF000000FF000000FF000000FF000000FF000000FF000000FF000000FF000000FF000000FF000000FF000000FF000000FF000000FF000000FF000000FF000000FF000000FF000000FF000000FF000000FF000000FF000000FF000000FF000000FF000000FF000000FF000000FF000000FF000000FF000000FF000000FF000000FF000000FF000000FF000000FF000000FF000000FF000000FF000000FF000000FF000000FF000000FF000000FF000000FF000000FF000000FF000000FF000000FF000000FF000000FF000000FF000000FF000000FF000000FF000000FF000000FF000000FF000000FF000000FF000000FF000000FF000000FF000000FF000000FF000000FF000000FF000000FF000000FF000000FF000000FF000000FF000000FF000000FF000000FF000000FF000000FF000000FF000000FF000000FF000000FF000000FF000000FF000000FF000000FF000000FF000000FF000000FF000000FF000000FF000000FF000000FF000000FF000000FF000000FF000000FF000000FF000000FF000000FF000000FF000000FF000000FF000000FF000000FF000000FF000000FF000000FF000000FF000000FF000000FF000000FF000000FF000000FF000000FF000000FF000000FF000000FF000000FF000000FF000000FF000000FF000000FF000000FF000000FF000000FF000000FF000000FF000000FF000000FF000000FF000000FF000000FF000000FF000000FF000000FF000000FF000000FF000000FF000000FF000000FF000000FF000000FF000000FF000000FF000000FF000000FF000000FF000000FF000000FF000000FF000000FF000000FF000000FF000000FF000000FF000000FF000000FF000000FF000000FF000000FF000000FF000000FF000000FF000000FF000000FF000000FF000000FF000000FF000000FF000000FF000000FF000000FF000000FF000000FF000000FF000000FF000000FF000000FF000000FF000000FF000000FF000000FF000000FF000000FF000000FF000000FF000000FF000000FF000000FF000000FF000000FF000000FF000000FF000000FF000000FF000000FF000000FF000000FF000000FF000000FF000000FF000000FF000000FF000000FF000000FF000000FF000000FF000000FF000000FF000000FF000000FF000000FF000000FF000000FF000000FF000000FF000000FF000000FF000000FF000000FF000000FF000000FF000000FF000000FF000000FF000000FF000000FF000000FF000000FF000000FF000000FF000000FF000000FF000000FF000000FF000000FF000000FF000000FF000000FF000000FF000000FF000000FF000000FF000000FF000000FF000000FF000000FF000000FF000000FF000000FF000000FF000000FF000000FF000000FF000000FF000000FF000000FF000000FF000000FF000000FF000000FF000000FF000000FF000000FF000000FF000000FF000000FF000000FF000000FF000000FF000000FF000000FF000000FF000000FF000000FF000000FF000000FF000000FF000000FF000000FF000000FF000000FF000000FF000000FF000000FF000000FF000000FF000000FF000000FF000000FF000000FF000000FF000000FF000000FF000000FF000000FF000000FF2BFD99FF2BFD99FF2BFD99FF2BFD99FF2BFD99FF2BFD99FF000000FF000000FF000000FF000000FF000000FF000000FF000000FF000000FF2BFD99FF2BFD99FF2BFD99FF2BFD99FF2BFD99FF2BFD99FF000000FF000000FF000000FF000000FF000000FF000000FF000000FF000000FF000000FF000000FF000000FF000000FF000000FF000000FF000000FF000000FF000000FF000000FF000000FF000000FF000000FF000000FF000000FF000000FF000000FF000000FF000000FF000000FF000000FF000000FF000000FF000000FF000000FF000000FF000000FF000000FF000000FF000000FF000000FF000000FF000000FF000000FF000000FF000000FF000000FF000000FF000000FF000000FF000000FF000000FF000000FF000000FF000000FF000000FF000000FF000000FF000000FF000000FF000000FF000000FF000000FF000000FF000000FF000000FF000000FF000000FF000000FF000000FF000000FF000000FF000000FF000000FF000000FF000000FF000000FF000000FF000000FF000000FF000000FF000000FF000000FF000000FF000000FF000000FF000000FF000000FF000000FF000000FF000000FF000000FF000000FF000000FF000000FF000000FF000000FF000000FF000000FF000000FF000000FF000000FF000000FF000000FF000000FF000000FF000000FF000000FF000000FF000000FF000000FF000000FF000000FF000000FF000000FF000000FF000000FF000000FF000000FF000000FF000000FF000000FF000000FF000000FF000000FF000000FF000000FF000000FF000000FF000000FF000000FF000000FF000000FF000000FF000000FF000000FF000000FF000000FF000000FF000000FF000000FF000000FF000000FF000000FF000000FF000000FF000000FF000000FF000000FF000000FF000000FF000000FF000000FF000000FF000000FF000000FF000000FF000000FF000000FF000000FF000000FF000000FF000000FF000000FF000000FF000000FF000000FF000000FF000000FF000000FF000000FF000000FF000000FF000000FF000000FF000000FF000000FF000000FF000000FF000000FF000000FF000000FF000000FF000000FF000000FF000000FF000000FF000000FF000000FF000000FF000000FF000000FF000000FF000000FF000000FF000000FF000000FF000000FF000000FF000000FF000000FF000000FF000000FF000000FF000000FF000000FF000000FF000000FF000000FF000000FF000000FF000000FF000000FF000000FF000000FF000000FF000000FF000000FF000000FF000000FF000000FF000000FF000000FF000000FF000000FF000000FF000000FF000000FF000000FF000000FF000000FF000000FF000000FF000000FF000000FF000000FF000000FF000000FF000000FF000000FF000000FF000000FF000000FF000000FF000000FF000000FF000000FF000000FF000000FF000000FF000000FF000000FF000000FF000000FF000000FF000000FF000000FF000000FF000000FF000000FF000000FF000000FF000000FF000000FF000000FF000000FF000000FF000000FF000000FF000000FF000000FF000000FF000000FF000000FF000000FF000000FF000000FF000000FF000000FF000000FF000000FF000000FF000000FF000000FF000000FF000000FF000000FF000000FF000000FF000000FF000000FF000000FF000000FF000000FF000000FF000000FF000000FF000000FF000000FF000000FF000000FF000000FF000000FF000000FF000000FF000000FF000000FF000000FF000000FF000000FF000000FF000000FF000000FF000000FF000000FF000000FF000000FF000000FF000000FF000000FF000000FF000000FF000000FF000000FF000000FF000000FF000000FF000000FF000000FF000000FF000000FF000000FF000000FF000000FF000000FF000000FF000000FF000000FF000000FF000000FF000000FF000000FF000000FF000000FF000000FF000000FF000000FF000000FF000000FF000000FF000000FF000000FF000000FF000000FF000000FF000000FF000000FF000000FF000000FF000000FF000000FF000000FF000000FF000000FF000000FF000000FF000000FF000000FF000000FF000000FF000000FF000000FF000000FF000000FF000000FF000000FF000000FF000000FF000000FF000000FF000000FF000000FF000000FF000000FF000000FF000000FF000000FF000000FF000000FF000000FF000000FF000000FF000000FF000000FF000000FF000000FF000000FF000000FF000000FF000000FF000000FF000000FF000000FF000000FF000000FF000000FF000000FF000000FF000000FF000000FF000000FF000000FF000000FF000000FF000000FF000000FF000000FF000000FF000000FF000000FF000000FF000000FF000000FF000000FF000000FF000000FF000000FF000000FF000000FF000000FF000000FF000000FF000000FF000000FF000000FF000000FF000000FF000000FF000000FF000000FF000000FF000000FF000000FF000000FF000000FF000000FF000000FF000000FF000000FF000000FF000000FF000000FF000000FF000000FF000000FF000000FF000000FF000000FF000000FF000000FF000000FF000000FF000000FF000000FF000000FF000000FF000000FF000000FF000000FF000000FF000000FF000000FF000000FF000000FF000000FF000000FF000000FF000000FF000000FF000000FF000000FF000000FF000000FF000000FF000000FF000000FF000000FF000000FF000000FF000000FF000000FF000000FF000000FF000000FF000000FF000000FF000000FF000000FF000000FF000000FF000000FF000000FF000000FF000000FF000000FF000000FF000000FF000000FF000000FF000000FF000000FF000000FF000000FF000000FF000000FF000000FF000000FF000000FF000000FF000000FF000000FF000000FF000000FF000000FF000000FF000000FF000000FF000000FF000000FF000000FF000000FF000000FF000000FF000000FF000000FF000000FF000000FF000000FF000000FF000000FF000000FF000000FF2BFD99FF2BFD99FF2BFD99FF2BFD99FF2BFD99FF2BFD99FF000000FF000000FF000000FF000000FF000000FF000000FF000000FF000000FF2BFD99FF2BFD99FF2BFD99FF2BFD99FF2BFD99FF2BFD99FF000000FF000000FF000000FF000000FF000000FF000000FF000000FF000000FF000000FF000000FF000000FF000000FF000000FF000000FF000000FF000000FF000000FF000000FF000000FF000000FF000000FF000000FF000000FF000000FF000000FF000000FF000000FF000000FF000000FF000000FF000000FF000000FF000000FF000000FF000000FF000000FF000000FF000000FF000000FF000000FF000000FF000000FF000000FF000000FF000000FF000000FF000000FF000000FF000000FF000000FF000000FF000000FF000000FF000000FF000000FF000000FF000000FF000000FF000000FF000000FF000000FF000000FF000000FF000000FF000000FF000000FF000000FF000000FF000000FF000000FF000000FF000000FF000000FF000000FF000000FF000000FF000000FF000000FF000000FF000000FF000000FF000000FF000000FF000000FF000000FF000000FF000000FF000000FF000000FF000000FF000000FF000000FF000000FF000000FF000000FF000000FF000000FF000000FF000000FF000000FF000000FF000000FF000000FF000000FF000000FF000000FF000000FF000000FF000000FF000000FF000000FF000000FF000000FF000000FF000000FF000000FF000000FF000000FF000000FF000000FF000000FF000000FF000000FF000000FF000000FF000000FF000000FF000000FF000000FF000000FF000000FF000000FF000000FF000000FF000000FF000000FF000000FF000000FF000000FF000000FF000000FF000000FF000000FF000000FF000000FF000000FF000000FF000000FF000000FF000000FF000000FF000000FF000000FF000000FF000000FF000000FF000000FF000000FF000000FF000000FF000000FF000000FF000000FF000000FF000000FF000000FF000000FF000000FF000000FF000000FF000000FF000000FF000000FF000000FF000000FF000000FF000000FF000000FF000000FF000000FF000000FF000000FF000000FF000000FF000000FF000000FF000000FF000000FF000000FF000000FF000000FF000000FF000000FF000000FF000000FF000000FF000000FF000000FF000000FF000000FF000000FF000000FF000000FF000000FF000000FF000000FF000000FF000000FF000000FF000000FF000000FF000000FF000000FF000000FF000000FF000000FF000000FF000000FF000000FF000000FF000000FF000000FF000000FF000000FF000000FF000000FF000000FF000000FF000000FF000000FF000000FF000000FF000000FF000000FF000000FF000000FF000000FF000000FF000000FF000000FF000000FF000000FF000000FF000000FF000000FF000000FF000000FF000000FF000000FF000000FF000000FF000000FF000000FF000000FF000000FF000000FF000000FF000000FF000000FF000000FF000000FF000000FF000000FF000000FF000000FF000000FF000000FF000000FF000000FF000000FF000000FF000000FF000000FF000000FF000000FF000000FF000000FF000000FF000000FF000000FF000000FF000000FF000000FF000000FF000000FF000000FF000000FF000000FF000000FF000000FF000000FF000000FF000000FF000000FF000000FF000000FF000000FF000000FF000000FF000000FF000000FF000000FF000000FF000000FF000000FF000000FF000000FF000000FF000000FF000000FF000000FF000000FF000000FF000000FF000000FF000000FF000000FF000000FF000000FF000000FF000000FF000000FF000000FF000000FF000000FF000000FF000000FF000000FF000000FF000000FF000000FF000000FF000000FF000000FF000000FF000000FF000000FF000000FF000000FF000000FF000000FF000000FF000000FF000000FF000000FF000000FF000000FF000000FF000000FF000000FF000000FF000000FF000000FF000000FF000000FF000000FF000000FF000000FF000000FF000000FF000000FF000000FF000000FF000000FF000000FF000000FF000000FF000000FF000000FF000000FF000000FF000000FF000000FF000000FF000000FF000000FF000000FF000000FF000000FF000000FF000000FF000000FF000000FF000000FF000000FF000000FF000000FF000000FF000000FF000000FF000000FF000000FF000000FF000000FF000000FF000000FF000000FF000000FF000000FF000000FF000000FF000000FF000000FF000000FF000000FF000000FF000000FF000000FF000000FF000000FF000000FF000000FF000000FF000000FF000000FF000000FF000000FF000000FF000000FF000000FF000000FF000000FF000000FF000000FF000000FF000000FF000000FF000000FF000000FF000000FF000000FF000000FF000000FF000000FF000000FF000000FF000000FF000000FF000000FF000000FF000000FF000000FF000000FF000000FF000000FF000000FF000000FF000000FF000000FF000000FF000000FF000000FF000000FF000000FF000000FF000000FF000000FF000000FF000000FF000000FF000000FF000000FF000000FF000000FF000000FF000000FF000000FF000000FF000000FF000000FF000000FF000000FF000000FF000000FF000000FF000000FF000000FF000000FF000000FF000000FF000000FF000000FF000000FF000000FF000000FF000000FF000000FF000000FF000000FF000000FF000000FF000000FF000000FF000000FF000000FF000000FF000000FF000000FF000000FF000000FF000000FF000000FF000000FF000000FF000000FF000000FF000000FF000000FF000000FF000000FF000000FF000000FF000000FF000000FF000000FF000000FF000000FF000000FF000000FF000000FF000000FF000000FF000000FF000000FF000000FF000000FF000000FF000000FF000000FF000000FF000000FF000000FF000000FF000000FF000000FF000000FF000000FF000000FF2BFD99FF2BFD99FF000000FF000000FF000000FF000000FF000000FF000000FF2BFD99FF2BFD99FF000000FF000000FF000000FF000000FF2BFD99FF2BFD99FF000000FF000000FF000000FF000000FF000000FF000000FF2BFD99FF2BFD99FF000000FF000000FF000000FF000000FF000000FF000000FF000000FF000000FF000000FF000000FF000000FF000000FF000000FF000000FF000000FF000000FF000000FF000000FF000000FF000000FF000000FF000000FF000000FF000000FF000000FF000000FF000000FF000000FF000000FF000000FF000000FF000000FF000000FF000000FF000000FF000000FF000000FF000000FF000000FF000000FF000000FF000000FF000000FF000000FF000000FF000000FF000000FF000000FF000000FF000000FF000000FF000000FF000000FF000000FF000000FF000000FF000000FF000000FF000000FF000000FF000000FF000000FF000000FF000000FF000000FF000000FF000000FF000000FF000000FF000000FF000000FF000000FF000000FF000000FF000000FF000000FF000000FF000000FF000000FF000000FF000000FF000000FF000000FF000000FF000000FF000000FF000000FF000000FF000000FF000000FF000000FF000000FF000000FF000000FF000000FF000000FF000000FF000000FF000000FF000000FF000000FF000000FF000000FF000000FF000000FF000000FF000000FF000000FF000000FF000000FF000000FF000000FF000000FF000000FF000000FF000000FF000000FF000000FF000000FF000000FF000000FF000000FF000000FF000000FF000000FF000000FF000000FF000000FF000000FF000000FF000000FF000000FF000000FF000000FF000000FF000000FF000000FF000000FF000000FF000000FF000000FF000000FF000000FF000000FF000000FF000000FF000000FF000000FF000000FF000000FF000000FF000000FF000000FF000000FF000000FF000000FF000000FF000000FF000000FF000000FF000000FF000000FF000000FF000000FF000000FF000000FF000000FF000000FF000000FF000000FF000000FF000000FF000000FF000000FF000000FF000000FF000000FF000000FF000000FF000000FF000000FF000000FF000000FF000000FF000000FF000000FF000000FF000000FF000000FF000000FF000000FF000000FF000000FF000000FF000000FF000000FF000000FF000000FF000000FF000000FF000000FF000000FF000000FF000000FF000000FF000000FF000000FF000000FF000000FF000000FF000000FF000000FF000000FF000000FF000000FF000000FF000000FF000000FF000000FF000000FF000000FF000000FF000000FF000000FF000000FF000000FF000000FF000000FF000000FF000000FF000000FF000000FF000000FF000000FF000000FF000000FF000000FF000000FF000000FF000000FF000000FF000000FF000000FF000000FF000000FF000000FF000000FF000000FF000000FF000000FF000000FF000000FF000000FF000000FF000000FF000000FF000000FF000000FF000000FF000000FF000000FF000000FF000000FF000000FF000000FF000000FF000000FF000000FF000000FF000000FF000000FF000000FF000000FF000000FF000000FF000000FF000000FF000000FF000000FF000000FF000000FF000000FF000000FF000000FF000000FF000000FF000000FF000000FF000000FF000000FF000000FF000000FF000000FF000000FF000000FF000000FF000000FF000000FF000000FF000000FF000000FF000000FF000000FF000000FF000000FF000000FF000000FF000000FF000000FF000000FF000000FF000000FF000000FF000000FF000000FF000000FF000000FF000000FF000000FF000000FF000000FF000000FF000000FF000000FF000000FF000000FF000000FF000000FF000000FF000000FF000000FF000000FF000000FF000000FF000000FF000000FF000000FF000000FF000000FF000000FF000000FF000000FF000000FF000000FF000000FF000000FF000000FF000000FF000000FF000000FF000000FF000000FF000000FF000000FF000000FF000000FF000000FF000000FF000000FF000000FF000000FF000000FF000000FF000000FF000000FF000000FF000000FF000000FF000000FF000000FF000000FF000000FF000000FF000000FF000000FF000000FF000000FF000000FF000000FF000000FF000000FF000000FF000000FF000000FF000000FF000000FF000000FF000000FF000000FF000000FF000000FF000000FF000000FF000000FF000000FF000000FF000000FF000000FF000000FF000000FF000000FF000000FF000000FF000000FF000000FF000000FF000000FF000000FF000000FF000000FF000000FF000000FF000000FF000000FF000000FF000000FF000000FF000000FF000000FF000000FF000000FF000000FF000000FF000000FF000000FF000000FF000000FF000000FF000000FF000000FF000000FF000000FF000000FF000000FF000000FF000000FF000000FF000000FF000000FF000000FF000000FF000000FF000000FF000000FF000000FF000000FF000000FF000000FF000000FF000000FF000000FF000000FF000000FF000000FF000000FF000000FF000000FF000000FF000000FF000000FF000000FF000000FF000000FF000000FF000000FF000000FF000000FF000000FF000000FF000000FF000000FF000000FF000000FF000000FF000000FF000000FF000000FF000000FF000000FF000000FF000000FF000000FF000000FF000000FF000000FF000000FF000000FF000000FF000000FF000000FF000000FF000000FF000000FF000000FF000000FF000000FF000000FF000000FF000000FF000000FF000000FF000000FF000000FF000000FF000000FF000000FF000000FF000000FF000000FF000000FF000000FF000000FF000000FF000000FF000000FF000000FF000000FF000000FF000000FF000000FF000000FF000000FF000000FF000000FF000000FF000000FF000000FF000000FF000000FF000000FF000000FF000000FF000000FF000000FF000000FF000000FF2BFD99FF2BFD99FF000000FF000000FF000000FF000000FF000000FF000000FF2BFD99FF2BFD99FF000000FF000000FF000000FF000000FF2BFD99FF2BFD99FF000000FF000000FF000000FF000000FF000000FF000000FF2BFD99FF2BFD99FF000000FF000000FF000000FF000000FF000000FF000000FF000000FF000000FF000000FF000000FF000000FF000000FF000000FF000000FF000000FF000000FF000000FF000000FF000000FF000000FF000000FF000000FF000000FF000000FF000000FF000000FF000000FF000000FF000000FF000000FF000000FF000000FF000000FF000000FF000000FF000000FF000000FF000000FF000000FF000000FF000000FF000000FF000000FF000000FF000000FF000000FF000000FF000000FF000000FF000000FF000000FF000000FF000000FF000000FF000000FF000000FF000000FF000000FF000000FF000000FF000000FF000000FF000000FF000000FF000000FF000000FF000000FF000000FF000000FF000000FF000000FF000000FF000000FF000000FF000000FF000000FF000000FF000000FF000000FF000000FF000000FF000000FF000000FF000000FF000000FF000000FF000000FF000000FF000000FF000000FF000000FF000000FF000000FF000000FF000000FF000000FF000000FF000000FF000000FF000000FF000000FF000000FF000000FF000000FF000000FF000000FF000000FF000000FF000000FF000000FF000000FF000000FF000000FF000000FF000000FF000000FF000000FF000000FF000000FF000000FF000000FF000000FF000000FF000000FF000000FF000000FF000000FF000000FF000000FF000000FF000000FF000000FF000000FF000000FF000000FF000000FF000000FF000000FF000000FF000000FF000000FF000000FF000000FF000000FF000000FF000000FF000000FF000000FF000000FF000000FF000000FF000000FF000000FF000000FF000000FF000000FF000000FF000000FF000000FF000000FF000000FF000000FF000000FF000000FF000000FF000000FF000000FF000000FF000000FF000000FF000000FF000000FF000000FF000000FF000000FF000000FF000000FF000000FF000000FF000000FF000000FF000000FF000000FF000000FF000000FF000000FF000000FF000000FF000000FF000000FF000000FF000000FF000000FF000000FF000000FF000000FF000000FF000000FF000000FF000000FF000000FF000000FF000000FF000000FF000000FF000000FF000000FF000000FF000000FF000000FF000000FF000000FF000000FF000000FF000000FF000000FF000000FF000000FF000000FF000000FF000000FF000000FF000000FF000000FF000000FF000000FF000000FF000000FF000000FF000000FF000000FF000000FF000000FF000000FF000000FF000000FF000000FF000000FF000000FF000000FF000000FF000000FF000000FF000000FF000000FF000000FF000000FF000000FF000000FF000000FF000000FF000000FF000000FF000000FF000000FF000000FF000000FF000000FF000000FF000000FF000000FF000000FF000000FF000000FF000000FF000000FF000000FF000000FF000000FF000000FF000000FF000000FF000000FF000000FF000000FF000000FF000000FF000000FF000000FF000000FF000000FF000000FF000000FF000000FF000000FF000000FF000000FF000000FF000000FF000000FF000000FF000000FF000000FF000000FF000000FF000000FF000000FF000000FF000000FF000000FF000000FF000000FF000000FF000000FF000000FF000000FF000000FF000000FF000000FF000000FF000000FF000000FF000000FF000000FF000000FF000000FF000000FF000000FF000000FF000000FF000000FF000000FF000000FF000000FF000000FF000000FF000000FF000000FF000000FF000000FF000000FF000000FF000000FF000000FF000000FF000000FF000000FF000000FF000000FF000000FF000000FF000000FF000000FF000000FF000000FF000000FF000000FF000000FF000000FF000000FF000000FF000000FF000000FF000000FF000000FF000000FF000000FF000000FF000000FF000000FF000000FF000000FF000000FF000000FF000000FF000000FF000000FF000000FF000000FF000000FF000000FF000000FF000000FF000000FF000000FF000000FF000000FF000000FF000000FF000000FF000000FF000000FF000000FF000000FF000000FF000000FF000000FF000000FF000000FF000000FF000000FF000000FF000000FF000000FF000000FF000000FF000000FF000000FF000000FF000000FF000000FF000000FF000000FF000000FF000000FF000000FF000000FF000000FF000000FF000000FF000000FF000000FF000000FF000000FF000000FF000000FF000000FF000000FF000000FF000000FF000000FF000000FF000000FF000000FF000000FF000000FF000000FF000000FF000000FF000000FF000000FF000000FF000000FF000000FF000000FF000000FF000000FF000000FF000000FF000000FF000000FF000000FF000000FF000000FF000000FF000000FF000000FF000000FF000000FF000000FF000000FF000000FF000000FF000000FF000000FF000000FF000000FF000000FF000000FF000000FF000000FF000000FF000000FF000000FF000000FF000000FF000000FF000000FF000000FF000000FF000000FF000000FF000000FF000000FF000000FF000000FF000000FF000000FF000000FF000000FF000000FF000000FF000000FF000000FF000000FF000000FF000000FF000000FF000000FF000000FF000000FF000000FF000000FF000000FF000000FF000000FF000000FF000000FF000000FF000000FF000000FF000000FF000000FF000000FF000000FF000000FF000000FF000000FF000000FF000000FF000000FF000000FF000000FF000000FF000000FF000000FF000000FF000000FF000000FF000000FF000000FF000000FF000000FF000000FF000000FF000000FF000000FF000000FF000000FF000000FF000000FF000000FF000000FF000000FF000000FF000000FF2BFD99FF2BFD99FF000000FF000000FF000000FF000000FF2BFD99FF2BFD99FF2BFD99FF2BFD99FF000000FF000000FF000000FF000000FF2BFD99FF2BFD99FF000000FF000000FF000000FF000000FF2BFD99FF2BFD99FF2BFD99FF2BFD99FF000000FF000000FF000000FF000000FF000000FF000000FF000000FF000000FF000000FF000000FF000000FF000000FF000000FF000000FF000000FF000000FF000000FF000000FF000000FF000000FF000000FF000000FF000000FF000000FF000000FF000000FF000000FF000000FF000000FF000000FF000000FF000000FF000000FF000000FF000000FF000000FF000000FF000000FF000000FF000000FF000000FF000000FF000000FF000000FF000000FF000000FF000000FF000000FF000000FF000000FF000000FF000000FF000000FF000000FF000000FF000000FF000000FF000000FF000000FF000000FF000000FF000000FF000000FF000000FF000000FF000000FF000000FF000000FF000000FF000000FF000000FF000000FF000000FF000000FF000000FF000000FF000000FF000000FF000000FF000000FF000000FF000000FF000000FF000000FF000000FF000000FF000000FF000000FF000000FF000000FF000000FF000000FF000000FF000000FF000000FF000000FF000000FF000000FF000000FF000000FF000000FF000000FF000000FF000000FF000000FF000000FF000000FF000000FF000000FF000000FF000000FF000000FF000000FF000000FF000000FF000000FF000000FF000000FF000000FF000000FF000000FF000000FF000000FF000000FF000000FF000000FF000000FF000000FF000000FF000000FF000000FF000000FF000000FF000000FF000000FF000000FF000000FF000000FF000000FF000000FF000000FF000000FF000000FF000000FF000000FF000000FF000000FF000000FF000000FF000000FF000000FF000000FF000000FF000000FF000000FF000000FF000000FF000000FF000000FF000000FF000000FF000000FF000000FF000000FF000000FF000000FF000000FF000000FF000000FF000000FF000000FF000000FF000000FF000000FF000000FF000000FF000000FF000000FF000000FF000000FF000000FF000000FF000000FF000000FF000000FF000000FF000000FF000000FF000000FF000000FF000000FF000000FF000000FF000000FF000000FF000000FF000000FF000000FF000000FF000000FF000000FF000000FF000000FF000000FF000000FF000000FF000000FF000000FF000000FF000000FF000000FF000000FF000000FF000000FF000000FF000000FF000000FF000000FF000000FF000000FF000000FF000000FF000000FF000000FF000000FF000000FF000000FF000000FF000000FF000000FF000000FF000000FF000000FF000000FF000000FF000000FF000000FF000000FF000000FF000000FF000000FF000000FF000000FF000000FF000000FF000000FF000000FF000000FF000000FF000000FF000000FF000000FF000000FF000000FF000000FF000000FF000000FF000000FF000000FF000000FF000000FF000000FF000000FF000000FF000000FF000000FF000000FF000000FF000000FF000000FF000000FF000000FF000000FF000000FF000000FF000000FF000000FF000000FF000000FF000000FF000000FF000000FF000000FF000000FF000000FF000000FF000000FF000000FF000000FF000000FF000000FF000000FF000000FF000000FF000000FF000000FF000000FF000000FF000000FF000000FF000000FF000000FF000000FF000000FF000000FF000000FF000000FF000000FF000000FF000000FF000000FF000000FF000000FF000000FF000000FF000000FF000000FF000000FF000000FF000000FF000000FF000000FF000000FF000000FF000000FF000000FF000000FF000000FF000000FF000000FF000000FF000000FF000000FF000000FF000000FF000000FF000000FF000000FF000000FF000000FF000000FF000000FF000000FF000000FF000000FF000000FF000000FF000000FF000000FF000000FF000000FF000000FF000000FF000000FF000000FF000000FF000000FF000000FF000000FF000000FF000000FF000000FF000000FF000000FF000000FF000000FF000000FF000000FF000000FF000000FF000000FF000000FF000000FF000000FF000000FF000000FF000000FF000000FF000000FF000000FF000000FF000000FF000000FF000000FF000000FF000000FF000000FF000000FF000000FF000000FF000000FF000000FF000000FF000000FF000000FF000000FF000000FF000000FF000000FF000000FF000000FF000000FF000000FF000000FF000000FF000000FF000000FF000000FF000000FF000000FF000000FF000000FF000000FF000000FF000000FF000000FF000000FF000000FF000000FF000000FF000000FF000000FF000000FF000000FF000000FF000000FF000000FF000000FF000000FF000000FF000000FF000000FF000000FF000000FF000000FF000000FF000000FF000000FF000000FF000000FF000000FF000000FF000000FF000000FF000000FF000000FF000000FF000000FF000000FF000000FF000000FF000000FF000000FF000000FF000000FF000000FF000000FF000000FF000000FF000000FF000000FF000000FF000000FF000000FF000000FF000000FF000000FF000000FF000000FF000000FF000000FF000000FF000000FF000000FF000000FF000000FF000000FF000000FF000000FF000000FF000000FF000000FF000000FF000000FF000000FF000000FF000000FF000000FF000000FF000000FF000000FF000000FF000000FF000000FF000000FF000000FF000000FF000000FF000000FF000000FF000000FF000000FF000000FF000000FF000000FF000000FF000000FF000000FF000000FF000000FF000000FF000000FF000000FF000000FF000000FF000000FF000000FF000000FF000000FF000000FF000000FF000000FF000000FF000000FF000000FF000000FF000000FF000000FF000000FF000000FF000000FF000000FF000000FF000000FF000000FF000000FF2BFD99FF2BFD99FF000000FF000000FF000000FF000000FF2BFD99FF2BFD99FF2BFD99FF2BFD99FF000000FF000000FF000000FF000000FF2BFD99FF2BFD99FF000000FF000000FF000000FF000000FF2BFD99FF2BFD99FF2BFD99FF2BFD99FF000000FF000000FF000000FF000000FF000000FF000000FF000000FF000000FF000000FF000000FF000000FF000000FF000000FF000000FF000000FF000000FF000000FF000000FF000000FF000000FF000000FF000000FF000000FF000000FF000000FF000000FF000000FF000000FF000000FF000000FF000000FF000000FF000000FF000000FF000000FF000000FF000000FF000000FF000000FF000000FF000000FF000000FF000000FF000000FF000000FF000000FF000000FF000000FF000000FF000000FF000000FF000000FF000000FF000000FF000000FF000000FF000000FF000000FF000000FF000000FF000000FF000000FF000000FF000000FF000000FF000000FF000000FF000000FF000000FF000000FF000000FF000000FF000000FF000000FF000000FF000000FF000000FF000000FF000000FF000000FF000000FF000000FF000000FF000000FF000000FF000000FF000000FF000000FF000000FF000000FF000000FF000000FF000000FF000000FF000000FF000000FF000000FF000000FF000000FF000000FF000000FF000000FF000000FF000000FF000000FF000000FF000000FF000000FF000000FF000000FF000000FF000000FF000000FF000000FF000000FF000000FF000000FF000000FF000000FF000000FF000000FF000000FF000000FF000000FF000000FF000000FF000000FF000000FF000000FF000000FF000000FF000000FF000000FF000000FF000000FF000000FF000000FF000000FF000000FF000000FF000000FF000000FF000000FF000000FF000000FF000000FF000000FF000000FF000000FF000000FF000000FF000000FF000000FF000000FF000000FF000000FF000000FF000000FF000000FF000000FF000000FF000000FF000000FF000000FF000000FF000000FF000000FF000000FF000000FF000000FF000000FF000000FF000000FF000000FF000000FF000000FF000000FF000000FF000000FF000000FF000000FF000000FF000000FF000000FF000000FF000000FF000000FF000000FF000000FF000000FF000000FF000000FF000000FF000000FF000000FF000000FF000000FF000000FF000000FF000000FF000000FF000000FF000000FF000000FF000000FF000000FF000000FF000000FF000000FF000000FF000000FF000000FF000000FF000000FF000000FF000000FF000000FF000000FF000000FF000000FF000000FF000000FF000000FF000000FF000000FF000000FF000000FF000000FF000000FF000000FF000000FF000000FF000000FF000000FF000000FF000000FF000000FF000000FF000000FF000000FF000000FF000000FF000000FF000000FF000000FF000000FF000000FF000000FF000000FF000000FF000000FF000000FF000000FF000000FF000000FF000000FF000000FF000000FF000000FF000000FF000000FF000000FF000000FF000000FF000000FF000000FF000000FF000000FF000000FF000000FF000000FF000000FF000000FF000000FF000000FF000000FF000000FF000000FF000000FF000000FF000000FF000000FF000000FF000000FF000000FF000000FF000000FF000000FF000000FF000000FF000000FF000000FF000000FF000000FF000000FF000000FF000000FF000000FF000000FF000000FF000000FF000000FF000000FF000000FF000000FF000000FF000000FF000000FF000000FF000000FF000000FF000000FF000000FF000000FF000000FF000000FF000000FF000000FF000000FF000000FF000000FF000000FF000000FF000000FF000000FF000000FF000000FF000000FF000000FF000000FF000000FF000000FF000000FF000000FF000000FF000000FF000000FF000000FF000000FF000000FF000000FF000000FF000000FF000000FF000000FF000000FF000000FF000000FF000000FF000000FF000000FF000000FF000000FF000000FF000000FF000000FF000000FF000000FF000000FF000000FF000000FF000000FF000000FF000000FF000000FF000000FF000000FF000000FF000000FF000000FF000000FF000000FF000000FF000000FF000000FF000000FF000000FF000000FF000000FF000000FF000000FF000000FF000000FF000000FF000000FF000000FF000000FF000000FF000000FF000000FF000000FF000000FF000000FF000000FF000000FF000000FF000000FF000000FF000000FF000000FF000000FF000000FF000000FF000000FF000000FF000000FF000000FF000000FF000000FF000000FF000000FF000000FF000000FF000000FF000000FF000000FF000000FF000000FF000000FF000000FF000000FF000000FF000000FF000000FF000000FF000000FF000000FF000000FF000000FF000000FF000000FF000000FF000000FF000000FF000000FF000000FF000000FF000000FF000000FF000000FF000000FF000000FF000000FF000000FF000000FF000000FF000000FF000000FF000000FF000000FF000000FF000000FF000000FF000000FF000000FF000000FF000000FF000000FF000000FF000000FF000000FF000000FF000000FF000000FF000000FF000000FF000000FF000000FF000000FF000000FF000000FF000000FF000000FF000000FF000000FF000000FF000000FF000000FF000000FF000000FF000000FF000000FF000000FF000000FF000000FF000000FF000000FF000000FF000000FF000000FF000000FF000000FF000000FF000000FF000000FF000000FF000000FF000000FF000000FF000000FF000000FF000000FF000000FF000000FF000000FF000000FF000000FF000000FF000000FF000000FF000000FF000000FF000000FF000000FF000000FF000000FF000000FF000000FF000000FF000000FF000000FF000000FF000000FF000000FF000000FF000000FF000000FF000000FF000000FF000000FF000000FF000000FF000000FF000000FF000000FF000000FF2BFD99FF2BFD99FF000000FF000000FF2BFD99FF2BFD99FF000000FF000000FF2BFD99FF2BFD99FF000000FF000000FF000000FF000000FF2BFD99FF2BFD99FF000000FF000000FF2BFD99FF2BFD99FF000000FF000000FF2BFD99FF2BFD99FF000000FF000000FF000000FF000000FF000000FF000000FF000000FF000000FF000000FF000000FF000000FF000000FF000000FF000000FF000000FF000000FF000000FF000000FF000000FF000000FF000000FF000000FF000000FF000000FF000000FF000000FF000000FF000000FF000000FF000000FF000000FF000000FF000000FF000000FF000000FF000000FF000000FF000000FF000000FF000000FF000000FF000000FF000000FF000000FF000000FF000000FF000000FF000000FF000000FF000000FF000000FF000000FF000000FF000000FF000000FF000000FF000000FF000000FF000000FF000000FF000000FF000000FF000000FF000000FF000000FF000000FF000000FF000000FF000000FF000000FF000000FF000000FF000000FF000000FF000000FF000000FF000000FF000000FF000000FF000000FF000000FF000000FF000000FF000000FF000000FF000000FF000000FF000000FF000000FF000000FF000000FF000000FF000000FF000000FF000000FF000000FF000000FF000000FF000000FF000000FF000000FF000000FF000000FF000000FF000000FF000000FF000000FF000000FF000000FF000000FF000000FF000000FF000000FF000000FF000000FF000000FF000000FF000000FF000000FF000000FF000000FF000000FF000000FF000000FF000000FF000000FF000000FF000000FF000000FF000000FF000000FF000000FF000000FF000000FF000000FF000000FF000000FF000000FF000000FF000000FF000000FF000000FF000000FF000000FF000000FF000000FF000000FF000000FF000000FF000000FF000000FF000000FF000000FF000000FF000000FF000000FF000000FF000000FF000000FF000000FF000000FF000000FF000000FF000000FF000000FF000000FF000000FF000000FF000000FF000000FF000000FF000000FF000000FF000000FF000000FF000000FF000000FF000000FF000000FF000000FF000000FF000000FF000000FF000000FF000000FF000000FF000000FF000000FF000000FF000000FF000000FF000000FF000000FF000000FF000000FF000000FF000000FF000000FF000000FF000000FF000000FF000000FF000000FF000000FF000000FF000000FF000000FF000000FF000000FF000000FF000000FF000000FF000000FF000000FF000000FF000000FF000000FF000000FF000000FF000000FF000000FF000000FF000000FF000000FF000000FF000000FF000000FF000000FF000000FF000000FF000000FF000000FF000000FF000000FF000000FF000000FF000000FF000000FF000000FF000000FF000000FF000000FF000000FF000000FF000000FF000000FF000000FF000000FF000000FF000000FF000000FF000000FF000000FF000000FF000000FF000000FF000000FF000000FF000000FF000000FF000000FF000000FF000000FF000000FF000000FF000000FF000000FF000000FF000000FF000000FF000000FF000000FF000000FF000000FF000000FF000000FF000000FF000000FF000000FF000000FF000000FF000000FF000000FF000000FF000000FF000000FF000000FF000000FF000000FF000000FF000000FF000000FF000000FF000000FF000000FF000000FF000000FF000000FF000000FF000000FF000000FF000000FF000000FF000000FF000000FF000000FF000000FF000000FF000000FF000000FF000000FF000000FF000000FF000000FF000000FF000000FF000000FF000000FF000000FF000000FF000000FF000000FF000000FF000000FF000000FF000000FF000000FF000000FF000000FF000000FF000000FF000000FF000000FF000000FF000000FF000000FF000000FF000000FF000000FF000000FF000000FF000000FF000000FF000000FF000000FF000000FF000000FF000000FF000000FF000000FF000000FF000000FF000000FF000000FF000000FF000000FF000000FF000000FF000000FF000000FF000000FF000000FF000000FF000000FF000000FF000000FF000000FF000000FF000000FF000000FF000000FF000000FF000000FF000000FF000000FF000000FF000000FF000000FF000000FF000000FF000000FF000000FF000000FF000000FF000000FF000000FF000000FF000000FF000000FF000000FF000000FF000000FF000000FF000000FF000000FF000000FF000000FF000000FF000000FF000000FF000000FF000000FF000000FF000000FF000000FF000000FF000000FF000000FF000000FF000000FF000000FF000000FF000000FF000000FF000000FF000000FF000000FF000000FF000000FF000000FF000000FF000000FF000000FF000000FF000000FF000000FF000000FF000000FF000000FF000000FF000000FF000000FF000000FF000000FF000000FF000000FF000000FF000000FF000000FF000000FF000000FF000000FF000000FF000000FF000000FF000000FF000000FF000000FF000000FF000000FF000000FF000000FF000000FF000000FF000000FF000000FF000000FF000000FF000000FF000000FF000000FF000000FF000000FF000000FF000000FF000000FF000000FF000000FF000000FF000000FF000000FF000000FF000000FF000000FF000000FF000000FF000000FF000000FF000000FF000000FF000000FF000000FF000000FF000000FF000000FF000000FF000000FF000000FF000000FF000000FF000000FF000000FF000000FF000000FF000000FF000000FF000000FF000000FF000000FF000000FF000000FF000000FF000000FF000000FF000000FF000000FF000000FF000000FF000000FF000000FF000000FF000000FF000000FF000000FF000000FF000000FF000000FF000000FF000000FF000000FF000000FF000000FF000000FF000000FF000000FF000000FF000000FF000000FF000000FF000000FF000000FF000000FF000000FF000000FF000000FF000000FF2BFD99FF2BFD99FF000000FF000000FF2BFD99FF2BFD99FF000000FF000000FF2BFD99FF2BFD99FF000000FF000000FF000000FF000000FF2BFD99FF2BFD99FF000000FF000000FF2BFD99FF2BFD99FF000000FF000000FF2BFD99FF2BFD99FF000000FF000000FF000000FF000000FF000000FF000000FF000000FF000000FF000000FF000000FF000000FF000000FF000000FF000000FF000000FF000000FF000000FF000000FF000000FF000000FF000000FF000000FF000000FF000000FF000000FF000000FF000000FF000000FF000000FF000000FF000000FF000000FF000000FF000000FF000000FF000000FF000000FF000000FF000000FF000000FF000000FF000000FF000000FF000000FF000000FF000000FF000000FF000000FF000000FF000000FF000000FF000000FF000000FF000000FF000000FF000000FF000000FF000000FF000000FF000000FF000000FF000000FF000000FF000000FF000000FF000000FF000000FF000000FF000000FF000000FF000000FF000000FF000000FF000000FF000000FF000000FF000000FF000000FF000000FF000000FF000000FF000000FF000000FF000000FF000000FF000000FF000000FF000000FF000000FF000000FF000000FF000000FF000000FF000000FF000000FF000000FF000000FF000000FF000000FF000000FF000000FF000000FF000000FF000000FF000000FF000000FF000000FF000000FF000000FF000000FF000000FF000000FF000000FF000000FF000000FF000000FF000000FF000000FF000000FF000000FF000000FF000000FF000000FF000000FF000000FF000000FF000000FF000000FF000000FF000000FF000000FF000000FF000000FF000000FF000000FF000000FF000000FF000000FF000000FF000000FF000000FF000000FF000000FF000000FF000000FF000000FF000000FF000000FF000000FF000000FF000000FF000000FF000000FF000000FF000000FF000000FF000000FF000000FF000000FF000000FF000000FF000000FF000000FF000000FF000000FF000000FF000000FF000000FF000000FF000000FF000000FF000000FF000000FF000000FF000000FF000000FF000000FF000000FF000000FF000000FF000000FF000000FF000000FF000000FF000000FF000000FF000000FF000000FF000000FF000000FF000000FF000000FF000000FF000000FF000000FF000000FF000000FF000000FF000000FF000000FF000000FF000000FF000000FF000000FF000000FF000000FF000000FF000000FF000000FF000000FF000000FF000000FF000000FF000000FF000000FF000000FF000000FF000000FF000000FF000000FF000000FF000000FF000000FF000000FF000000FF000000FF000000FF000000FF000000FF000000FF000000FF000000FF000000FF000000FF000000FF000000FF000000FF000000FF000000FF000000FF000000FF000000FF000000FF000000FF000000FF000000FF000000FF000000FF000000FF000000FF000000FF000000FF000000FF000000FF000000FF000000FF000000FF000000FF000000FF000000FF000000FF000000FF000000FF000000FF000000FF000000FF000000FF000000FF000000FF000000FF000000FF000000FF000000FF000000FF000000FF000000FF000000FF000000FF000000FF000000FF000000FF000000FF000000FF000000FF000000FF000000FF000000FF000000FF000000FF000000FF000000FF000000FF000000FF000000FF000000FF000000FF000000FF000000FF000000FF000000FF000000FF000000FF000000FF000000FF000000FF000000FF000000FF000000FF000000FF000000FF000000FF000000FF000000FF000000FF000000FF000000FF000000FF000000FF000000FF000000FF000000FF000000FF000000FF000000FF000000FF000000FF000000FF000000FF000000FF000000FF000000FF000000FF000000FF000000FF000000FF000000FF000000FF000000FF000000FF000000FF000000FF000000FF000000FF000000FF000000FF000000FF000000FF000000FF000000FF000000FF000000FF000000FF000000FF000000FF000000FF000000FF000000FF000000FF000000FF000000FF000000FF000000FF000000FF000000FF000000FF000000FF000000FF000000FF000000FF000000FF000000FF000000FF000000FF000000FF000000FF000000FF000000FF000000FF000000FF000000FF000000FF000000FF000000FF000000FF000000FF000000FF000000FF000000FF000000FF000000FF000000FF000000FF000000FF000000FF000000FF000000FF000000FF000000FF000000FF000000FF000000FF000000FF000000FF000000FF000000FF000000FF000000FF000000FF000000FF000000FF000000FF000000FF000000FF000000FF000000FF000000FF000000FF000000FF000000FF000000FF000000FF000000FF000000FF000000FF000000FF000000FF000000FF000000FF000000FF000000FF000000FF000000FF000000FF000000FF000000FF000000FF000000FF000000FF000000FF000000FF000000FF000000FF000000FF000000FF000000FF000000FF000000FF000000FF000000FF000000FF000000FF000000FF000000FF000000FF000000FF000000FF000000FF000000FF000000FF000000FF000000FF000000FF000000FF000000FF000000FF000000FF000000FF000000FF000000FF000000FF000000FF000000FF000000FF000000FF000000FF000000FF000000FF000000FF000000FF000000FF000000FF000000FF000000FF000000FF000000FF000000FF000000FF000000FF000000FF000000FF000000FF000000FF000000FF000000FF000000FF000000FF000000FF000000FF000000FF000000FF000000FF000000FF000000FF000000FF000000FF000000FF000000FF000000FF000000FF000000FF000000FF000000FF000000FF000000FF000000FF000000FF000000FF000000FF000000FF000000FF000000FF000000FF000000FF000000FF000000FF000000FF000000FF000000FF000000FF000000FF000000FF000000FF000000FF000000FF000000FF000000FF2BFD99FF2BFD99FF2BFD99FF2BFD99FF000000FF000000FF000000FF000000FF2BFD99FF2BFD99FF000000FF000000FF000000FF000000FF2BFD99FF2BFD99FF2BFD99FF2BFD99FF000000FF000000FF000000FF000000FF2BFD99FF2BFD99FF000000FF000000FF000000FF000000FF000000FF000000FF000000FF000000FF000000FF000000FF000000FF000000FF000000FF000000FF000000FF000000FF000000FF000000FF000000FF000000FF000000FF000000FF000000FF000000FF000000FF000000FF000000FF000000FF000000FF000000FF000000FF000000FF000000FF000000FF000000FF000000FF000000FF000000FF000000FF000000FF000000FF000000FF000000FF000000FF000000FF000000FF000000FF000000FF000000FF000000FF000000FF000000FF000000FF000000FF000000FF000000FF000000FF000000FF000000FF000000FF000000FF000000FF000000FF000000FF000000FF000000FF000000FF000000FF000000FF000000FF000000FF000000FF000000FF000000FF000000FF000000FF000000FF000000FF000000FF000000FF000000FF000000FF000000FF000000FF000000FF000000FF000000FF000000FF000000FF000000FF000000FF000000FF000000FF000000FF000000FF000000FF000000FF000000FF000000FF000000FF000000FF000000FF000000FF000000FF000000FF000000FF000000FF000000FF000000FF000000FF000000FF000000FF000000FF000000FF000000FF000000FF000000FF000000FF000000FF000000FF000000FF000000FF000000FF000000FF000000FF000000FF000000FF000000FF000000FF000000FF000000FF000000FF000000FF000000FF000000FF000000FF000000FF000000FF000000FF000000FF000000FF000000FF000000FF000000FF000000FF000000FF000000FF000000FF000000FF000000FF000000FF000000FF000000FF000000FF000000FF000000FF000000FF000000FF000000FF000000FF000000FF000000FF000000FF000000FF000000FF000000FF000000FF000000FF000000FF000000FF000000FF000000FF000000FF000000FF000000FF000000FF000000FF000000FF000000FF000000FF000000FF000000FF000000FF000000FF000000FF000000FF000000FF000000FF000000FF000000FF000000FF000000FF000000FF000000FF000000FF000000FF000000FF000000FF000000FF000000FF000000FF000000FF000000FF000000FF000000FF000000FF000000FF000000FF000000FF000000FF000000FF000000FF000000FF000000FF000000FF000000FF000000FF000000FF000000FF000000FF000000FF000000FF000000FF000000FF000000FF000000FF000000FF000000FF000000FF000000FF000000FF000000FF000000FF000000FF000000FF000000FF000000FF000000FF000000FF000000FF000000FF000000FF000000FF000000FF000000FF000000FF000000FF000000FF000000FF000000FF000000FF000000FF000000FF000000FF000000FF000000FF000000FF000000FF000000FF000000FF000000FF000000FF000000FF000000FF000000FF000000FF000000FF000000FF000000FF000000FF000000FF000000FF000000FF000000FF000000FF000000FF000000FF000000FF000000FF000000FF000000FF000000FF000000FF000000FF000000FF000000FF000000FF000000FF000000FF000000FF000000FF000000FF000000FF000000FF000000FF000000FF000000FF000000FF000000FF000000FF000000FF000000FF000000FF000000FF000000FF000000FF000000FF000000FF000000FF000000FF000000FF000000FF000000FF000000FF000000FF000000FF000000FF000000FF000000FF000000FF000000FF000000FF000000FF000000FF000000FF000000FF000000FF000000FF000000FF000000FF000000FF000000FF000000FF000000FF000000FF000000FF000000FF000000FF000000FF000000FF000000FF000000FF000000FF000000FF000000FF000000FF000000FF000000FF000000FF000000FF000000FF000000FF000000FF000000FF000000FF000000FF000000FF000000FF000000FF000000FF000000FF000000FF000000FF000000FF000000FF000000FF000000FF000000FF000000FF000000FF000000FF000000FF000000FF000000FF000000FF000000FF000000FF000000FF000000FF000000FF000000FF000000FF000000FF000000FF000000FF000000FF000000FF000000FF000000FF000000FF000000FF000000FF000000FF000000FF000000FF000000FF000000FF000000FF000000FF000000FF000000FF000000FF000000FF000000FF000000FF000000FF000000FF000000FF000000FF000000FF000000FF000000FF000000FF000000FF000000FF000000FF000000FF000000FF000000FF000000FF000000FF000000FF000000FF000000FF000000FF000000FF000000FF000000FF000000FF000000FF000000FF000000FF000000FF000000FF000000FF000000FF000000FF000000FF000000FF000000FF000000FF000000FF000000FF000000FF000000FF000000FF000000FF000000FF000000FF000000FF000000FF000000FF000000FF000000FF000000FF000000FF000000FF000000FF000000FF000000FF000000FF000000FF000000FF000000FF000000FF000000FF000000FF000000FF000000FF000000FF000000FF000000FF000000FF000000FF000000FF000000FF000000FF000000FF000000FF000000FF000000FF000000FF000000FF000000FF000000FF000000FF000000FF000000FF000000FF000000FF000000FF000000FF000000FF000000FF000000FF000000FF000000FF000000FF000000FF000000FF000000FF000000FF000000FF000000FF000000FF000000FF000000FF000000FF000000FF000000FF000000FF000000FF000000FF000000FF000000FF000000FF000000FF000000FF000000FF000000FF000000FF000000FF000000FF000000FF000000FF000000FF000000FF000000FF000000FF000000FF000000FF000000FF000000FF000000FF000000FF000000FF2BFD99FF2BFD99FF2BFD99FF2BFD99FF000000FF000000FF000000FF000000FF2BFD99FF2BFD99FF000000FF000000FF000000FF000000FF2BFD99FF2BFD99FF2BFD99FF2BFD99FF000000FF000000FF000000FF000000FF2BFD99FF2BFD99FF000000FF000000FF000000FF000000FF000000FF000000FF000000FF000000FF000000FF000000FF000000FF000000FF000000FF000000FF000000FF000000FF000000FF000000FF000000FF000000FF000000FF000000FF000000FF000000FF000000FF000000FF000000FF000000FF000000FF000000FF000000FF000000FF000000FF000000FF000000FF000000FF000000FF000000FF000000FF000000FF000000FF000000FF000000FF000000FF000000FF000000FF000000FF000000FF000000FF000000FF000000FF000000FF000000FF000000FF000000FF000000FF000000FF000000FF000000FF000000FF000000FF000000FF000000FF000000FF000000FF000000FF000000FF000000FF000000FF000000FF000000FF000000FF000000FF000000FF000000FF000000FF000000FF000000FF000000FF000000FF000000FF000000FF000000FF000000FF000000FF000000FF000000FF000000FF000000FF000000FF000000FF000000FF000000FF000000FF000000FF000000FF000000FF000000FF000000FF000000FF000000FF000000FF000000FF000000FF000000FF000000FF000000FF000000FF000000FF000000FF000000FF000000FF000000FF000000FF000000FF000000FF000000FF000000FF000000FF000000FF000000FF000000FF000000FF000000FF000000FF000000FF000000FF000000FF000000FF000000FF000000FF000000FF000000FF000000FF000000FF000000FF000000FF000000FF000000FF000000FF000000FF000000FF000000FF000000FF000000FF000000FF000000FF000000FF000000FF000000FF000000FF000000FF000000FF000000FF000000FF000000FF000000FF000000FF000000FF000000FF000000FF000000FF000000FF000000FF000000FF000000FF000000FF000000FF000000FF000000FF000000FF000000FF000000FF000000FF000000FF000000FF000000FF000000FF000000FF000000FF000000FF000000FF000000FF000000FF000000FF000000FF000000FF000000FF000000FF000000FF000000FF000000FF000000FF000000FF000000FF000000FF000000FF000000FF000000FF000000FF000000FF000000FF000000FF000000FF000000FF000000FF000000FF000000FF000000FF000000FF000000FF000000FF000000FF000000FF000000FF000000FF000000FF000000FF000000FF000000FF000000FF000000FF000000FF000000FF000000FF000000FF000000FF000000FF000000FF000000FF000000FF000000FF000000FF000000FF000000FF000000FF000000FF000000FF000000FF000000FF000000FF000000FF000000FF000000FF000000FF000000FF000000FF000000FF000000FF000000FF000000FF000000FF000000FF000000FF000000FF000000FF000000FF000000FF000000FF000000FF000000FF000000FF000000FF000000FF000000FF000000FF000000FF000000FF000000FF000000FF000000FF000000FF000000FF000000FF000000FF000000FF000000FF000000FF000000FF000000FF000000FF000000FF000000FF000000FF000000FF000000FF000000FF000000FF000000FF000000FF000000FF000000FF000000FF000000FF000000FF000000FF000000FF000000FF000000FF000000FF000000FF000000FF000000FF000000FF000000FF000000FF000000FF000000FF000000FF000000FF000000FF000000FF000000FF000000FF000000FF000000FF000000FF000000FF000000FF000000FF000000FF000000FF000000FF000000FF000000FF000000FF000000FF000000FF000000FF000000FF000000FF000000FF000000FF000000FF000000FF000000FF000000FF000000FF000000FF000000FF000000FF000000FF000000FF000000FF000000FF000000FF000000FF000000FF000000FF000000FF000000FF000000FF000000FF000000FF000000FF000000FF000000FF000000FF000000FF000000FF000000FF000000FF000000FF000000FF000000FF000000FF000000FF000000FF000000FF000000FF000000FF000000FF000000FF000000FF000000FF000000FF000000FF000000FF000000FF000000FF000000FF000000FF000000FF000000FF000000FF000000FF000000FF000000FF000000FF000000FF000000FF000000FF000000FF000000FF000000FF000000FF000000FF000000FF000000FF000000FF000000FF000000FF000000FF000000FF000000FF000000FF000000FF000000FF000000FF000000FF000000FF000000FF000000FF000000FF000000FF000000FF000000FF000000FF000000FF000000FF000000FF000000FF000000FF000000FF000000FF000000FF000000FF000000FF000000FF000000FF000000FF000000FF000000FF000000FF000000FF000000FF000000FF000000FF000000FF000000FF000000FF000000FF000000FF000000FF000000FF000000FF000000FF000000FF000000FF000000FF000000FF000000FF000000FF000000FF000000FF000000FF000000FF000000FF000000FF000000FF000000FF000000FF000000FF000000FF000000FF000000FF000000FF000000FF000000FF000000FF000000FF000000FF000000FF000000FF000000FF000000FF000000FF000000FF000000FF000000FF000000FF000000FF000000FF000000FF000000FF000000FF000000FF000000FF000000FF000000FF000000FF000000FF000000FF000000FF000000FF000000FF000000FF000000FF000000FF000000FF000000FF000000FF000000FF000000FF000000FF000000FF000000FF000000FF000000FF000000FF000000FF000000FF000000FF000000FF000000FF000000FF000000FF000000FF000000FF000000FF000000FF000000FF000000FF000000FF000000FF000000FF000000FF000000FF000000FF000000FF000000FF000000FF000000FF000000FF000000FF000000FF2BFD99FF2BFD99FF000000FF000000FF000000FF000000FF000000FF000000FF2BFD99FF2BFD99FF000000FF000000FF000000FF000000FF2BFD99FF2BFD99FF000000FF000000FF000000FF000000FF000000FF000000FF2BFD99FF2BFD99FF000000FF000000FF000000FF000000FF000000FF000000FF000000FF000000FF000000FF000000FF000000FF000000FF000000FF000000FF000000FF000000FF000000FF000000FF000000FF000000FF000000FF000000FF000000FF000000FF000000FF000000FF000000FF000000FF000000FF000000FF000000FF000000FF000000FF000000FF000000FF000000FF000000FF000000FF000000FF000000FF000000FF000000FF000000FF000000FF000000FF000000FF000000FF000000FF000000FF000000FF000000FF000000FF000000FF000000FF000000FF000000FF000000FF000000FF000000FF000000FF000000FF000000FF000000FF000000FF000000FF000000FF000000FF000000FF000000FF000000FF000000FF000000FF000000FF000000FF000000FF000000FF000000FF000000FF000000FF000000FF000000FF000000FF000000FF000000FF000000FF000000FF000000FF000000FF000000FF000000FF000000FF000000FF000000FF000000FF000000FF000000FF000000FF000000FF000000FF000000FF000000FF000000FF000000FF000000FF000000FF000000FF000000FF000000FF000000FF000000FF000000FF000000FF000000FF000000FF000000FF000000FF000000FF000000FF000000FF000000FF000000FF000000FF000000FF000000FF000000FF000000FF000000FF000000FF000000FF000000FF000000FF000000FF000000FF000000FF000000FF000000FF000000FF000000FF000000FF000000FF000000FF000000FF000000FF000000FF000000FF000000FF000000FF000000FF000000FF000000FF000000FF000000FF000000FF000000FF000000FF000000FF000000FF000000FF000000FF000000FF000000FF000000FF000000FF000000FF000000FF000000FF000000FF000000FF000000FF000000FF000000FF000000FF000000FF000000FF000000FF000000FF000000FF000000FF000000FF000000FF000000FF000000FF000000FF000000FF000000FF000000FF000000FF000000FF000000FF000000FF000000FF000000FF000000FF000000FF000000FF000000FF000000FF000000FF000000FF000000FF000000FF000000FF000000FF000000FF000000FF000000FF000000FF000000FF000000FF000000FF000000FF000000FF000000FF000000FF000000FF000000FF000000FF000000FF000000FF000000FF000000FF000000FF000000FF000000FF000000FF000000FF000000FF000000FF000000FF000000FF000000FF000000FF000000FF000000FF000000FF000000FF000000FF000000FF000000FF000000FF000000FF000000FF000000FF000000FF000000FF000000FF000000FF000000FF000000FF000000FF000000FF000000FF000000FF000000FF000000FF000000FF000000FF000000FF000000FF000000FF000000FF000000FF000000FF000000FF000000FF000000FF000000FF000000FF000000FF000000FF000000FF000000FF000000FF000000FF000000FF000000FF000000FF000000FF000000FF000000FF000000FF000000FF000000FF000000FF000000FF000000FF000000FF000000FF000000FF000000FF000000FF000000FF000000FF000000FF000000FF000000FF000000FF000000FF000000FF000000FF000000FF000000FF000000FF000000FF000000FF000000FF000000FF000000FF000000FF000000FF000000FF000000FF000000FF000000FF000000FF000000FF000000FF000000FF000000FF000000FF000000FF000000FF000000FF000000FF000000FF000000FF000000FF000000FF000000FF000000FF000000FF000000FF000000FF000000FF000000FF000000FF000000FF000000FF000000FF000000FF000000FF000000FF000000FF000000FF000000FF000000FF000000FF000000FF000000FF000000FF000000FF000000FF000000FF000000FF000000FF000000FF000000FF000000FF000000FF000000FF000000FF000000FF000000FF000000FF000000FF000000FF000000FF000000FF000000FF000000FF000000FF000000FF000000FF000000FF000000FF000000FF000000FF000000FF000000FF000000FF000000FF000000FF000000FF000000FF000000FF000000FF000000FF000000FF000000FF000000FF000000FF000000FF000000FF000000FF000000FF000000FF000000FF000000FF000000FF000000FF000000FF000000FF000000FF000000FF000000FF000000FF000000FF000000FF000000FF000000FF000000FF000000FF000000FF000000FF000000FF000000FF000000FF000000FF000000FF000000FF000000FF000000FF000000FF000000FF000000FF000000FF000000FF000000FF000000FF000000FF000000FF000000FF000000FF000000FF000000FF000000FF000000FF000000FF000000FF000000FF000000FF000000FF000000FF000000FF000000FF000000FF000000FF000000FF000000FF000000FF000000FF000000FF000000FF000000FF000000FF000000FF000000FF000000FF000000FF000000FF000000FF000000FF000000FF000000FF000000FF000000FF000000FF000000FF000000FF000000FF000000FF000000FF000000FF000000FF000000FF000000FF000000FF000000FF000000FF000000FF000000FF000000FF000000FF000000FF000000FF000000FF000000FF000000FF000000FF000000FF000000FF000000FF000000FF000000FF000000FF000000FF000000FF000000FF000000FF000000FF000000FF000000FF000000FF000000FF000000FF000000FF000000FF000000FF000000FF000000FF000000FF000000FF000000FF000000FF000000FF000000FF000000FF000000FF000000FF000000FF000000FF000000FF000000FF000000FF000000FF000000FF000000FF000000FF000000FF000000FF000000FF000000FF000000FF000000FF000000FF000000FF2BFD99FF2BFD99FF000000FF000000FF000000FF000000FF000000FF000000FF2BFD99FF2BFD99FF000000FF000000FF000000FF000000FF2BFD99FF2BFD99FF000000FF000000FF000000FF000000FF000000FF000000FF2BFD99FF2BFD99FF000000FF000000FF000000FF000000FF000000FF000000FF000000FF000000FF000000FF000000FF000000FF000000FF000000FF000000FF000000FF000000FF000000FF000000FF000000FF000000FF000000FF000000FF000000FF000000FF000000FF000000FF000000FF000000FF000000FF000000FF000000FF000000FF000000FF000000FF000000FF000000FF000000FF000000FF000000FF000000FF000000FF000000FF000000FF000000FF000000FF000000FF000000FF000000FF000000FF000000FF000000FF000000FF000000FF000000FF000000FF000000FF000000FF000000FF000000FF000000FF000000FF000000FF000000FF000000FF000000FF000000FF000000FF000000FF000000FF000000FF000000FF000000FF000000FF000000FF000000FF000000FF000000FF000000FF000000FF000000FF000000FF000000FF000000FF000000FF000000FF000000FF000000FF000000FF000000FF000000FF000000FF000000FF000000FF000000FF000000FF000000FF000000FF000000FF000000FF000000FF000000FF000000FF000000FF000000FF000000FF000000FF000000FF000000FF000000FF000000FF000000FF000000FF000000FF000000FF000000FF000000FF000000FF000000FF000000FF000000FF000000FF000000FF000000FF000000FF000000FF000000FF000000FF000000FF000000FF000000FF000000FF000000FF000000FF000000FF000000FF000000FF000000FF000000FF000000FF000000FF000000FF000000FF000000FF000000FF000000FF000000FF000000FF000000FF000000FF000000FF000000FF000000FF000000FF000000FF000000FF000000FF000000FF000000FF000000FF000000FF000000FF000000FF000000FF000000FF000000FF000000FF000000FF000000FF000000FF000000FF000000FF000000FF000000FF000000FF000000FF000000FF000000FF000000FF000000FF000000FF000000FF000000FF000000FF000000FF000000FF000000FF000000FF000000FF000000FF000000FF000000FF000000FF000000FF000000FF000000FF000000FF000000FF000000FF000000FF000000FF000000FF000000FF000000FF000000FF000000FF000000FF000000FF000000FF000000FF000000FF000000FF000000FF000000FF000000FF000000FF000000FF000000FF000000FF000000FF000000FF000000FF000000FF000000FF000000FF000000FF000000FF000000FF000000FF000000FF000000FF000000FF000000FF000000FF000000FF000000FF000000FF000000FF000000FF000000FF000000FF000000FF000000FF000000FF000000FF000000FF000000FF000000FF000000FF000000FF000000FF000000FF000000FF000000FF000000FF000000FF000000FF000000FF000000FF000000FF000000FF000000FF000000FF000000FF000000FF000000FF000000FF000000FF000000FF000000FF000000FF000000FF000000FF000000FF000000FF000000FF000000FF000000FF000000FF000000FF000000FF000000FF000000FF000000FF000000FF000000FF000000FF000000FF000000FF000000FF000000FF000000FF000000FF000000FF000000FF000000FF000000FF000000FF000000FF000000FF000000FF000000FF000000FF000000FF000000FF000000FF000000FF000000FF000000FF000000FF000000FF000000FF000000FF000000FF000000FF000000FF000000FF000000FF000000FF000000FF000000FF000000FF000000FF000000FF000000FF000000FF000000FF000000FF000000FF000000FF000000FF000000FF000000FF000000FF000000FF000000FF000000FF000000FF000000FF000000FF000000FF000000FF000000FF000000FF000000FF000000FF000000FF000000FF000000FF000000FF000000FF000000FF000000FF000000FF000000FF000000FF000000FF000000FF000000FF000000FF000000FF000000FF000000FF000000FF000000FF000000FF000000FF000000FF000000FF000000FF000000FF000000FF000000FF000000FF000000FF000000FF000000FF000000FF000000FF000000FF000000FF000000FF000000FF000000FF000000FF000000FF000000FF000000FF000000FF000000FF000000FF000000FF000000FF000000FF000000FF000000FF000000FF000000FF000000FF000000FF000000FF000000FF000000FF000000FF000000FF000000FF000000FF000000FF000000FF000000FF000000FF000000FF000000FF000000FF000000FF000000FF000000FF000000FF000000FF000000FF000000FF000000FF000000FF000000FF000000FF000000FF000000FF000000FF000000FF000000FF000000FF000000FF000000FF000000FF000000FF000000FF000000FF000000FF000000FF000000FF000000FF000000FF000000FF000000FF000000FF000000FF000000FF000000FF000000FF000000FF000000FF000000FF000000FF000000FF000000FF000000FF000000FF000000FF000000FF000000FF000000FF000000FF000000FF000000FF000000FF000000FF000000FF000000FF000000FF000000FF000000FF000000FF000000FF000000FF000000FF000000FF000000FF000000FF000000FF000000FF000000FF000000FF000000FF000000FF000000FF000000FF000000FF000000FF000000FF000000FF000000FF000000FF000000FF000000FF000000FF000000FF000000FF000000FF000000FF000000FF000000FF000000FF000000FF000000FF000000FF000000FF000000FF000000FF000000FF000000FF000000FF000000FF000000FF000000FF000000FF000000FF000000FF000000FF000000FF000000FF000000FF000000FF000000FF000000FF000000FF000000FF000000FF000000FF000000FF000000FF000000FF000000FF000000FF000000FF000000FF000000FF000000FF000000FF000000FF2BFD99FF2BFD99FF2BFD99FF2BFD99FF2BFD99FF2BFD99FF000000FF000000FF000000FF000000FF000000FF000000FF000000FF000000FF2BFD99FF2BFD99FF2BFD99FF2BFD99FF2BFD99FF2BFD99FF000000FF000000FF000000FF000000FF000000FF000000FF000000FF000000FF000000FF000000FF000000FF000000FF000000FF000000FF000000FF000000FF000000FF000000FF000000FF000000FF000000FF000000FF000000FF000000FF000000FF000000FF000000FF000000FF000000FF000000FF000000FF000000FF000000FF000000FF000000FF000000FF000000FF000000FF000000FF000000FF000000FF000000FF000000FF000000FF000000FF000000FF000000FF000000FF000000FF000000FF000000FF000000FF000000FF000000FF000000FF000000FF000000FF000000FF000000FF000000FF000000FF000000FF000000FF000000FF000000FF000000FF000000FF000000FF000000FF000000FF000000FF000000FF000000FF000000FF000000FF000000FF000000FF000000FF000000FF000000FF000000FF000000FF000000FF000000FF000000FF000000FF000000FF000000FF000000FF000000FF000000FF000000FF000000FF000000FF000000FF000000FF000000FF000000FF000000FF000000FF000000FF000000FF000000FF000000FF000000FF000000FF000000FF000000FF000000FF000000FF000000FF000000FF000000FF000000FF000000FF000000FF000000FF000000FF000000FF000000FF000000FF000000FF000000FF000000FF000000FF000000FF000000FF000000FF000000FF000000FF000000FF000000FF000000FF000000FF000000FF000000FF000000FF000000FF000000FF000000FF000000FF000000FF000000FF000000FF000000FF000000FF000000FF000000FF000000FF000000FF000000FF000000FF000000FF000000FF000000FF000000FF000000FF000000FF000000FF000000FF000000FF000000FF000000FF000000FF000000FF000000FF000000FF000000FF000000FF000000FF000000FF000000FF000000FF000000FF000000FF000000FF000000FF000000FF000000FF000000FF000000FF000000FF000000FF000000FF000000FF000000FF000000FF000000FF000000FF000000FF000000FF000000FF000000FF000000FF000000FF000000FF000000FF000000FF000000FF000000FF000000FF000000FF000000FF000000FF000000FF000000FF000000FF000000FF000000FF000000FF000000FF000000FF000000FF000000FF000000FF000000FF000000FF000000FF000000FF000000FF000000FF000000FF000000FF000000FF000000FF000000FF000000FF000000FF000000FF000000FF000000FF000000FF000000FF000000FF000000FF000000FF000000FF000000FF000000FF000000FF000000FF000000FF000000FF000000FF000000FF000000FF000000FF000000FF000000FF000000FF000000FF000000FF000000FF000000FF000000FF000000FF000000FF000000FF000000FF000000FF000000FF000000FF000000FF000000FF000000FF000000FF000000FF000000FF000000FF000000FF000000FF000000FF000000FF000000FF000000FF000000FF000000FF000000FF000000FF000000FF000000FF000000FF000000FF000000FF000000FF000000FF000000FF000000FF000000FF000000FF000000FF000000FF000000FF000000FF000000FF000000FF000000FF000000FF000000FF000000FF000000FF000000FF000000FF000000FF000000FF000000FF000000FF000000FF000000FF000000FF000000FF000000FF000000FF000000FF000000FF000000FF000000FF000000FF000000FF000000FF000000FF000000FF000000FF000000FF000000FF000000FF000000FF000000FF000000FF000000FF000000FF000000FF000000FF000000FF000000FF000000FF000000FF000000FF000000FF000000FF000000FF000000FF000000FF000000FF000000FF000000FF000000FF000000FF000000FF000000FF000000FF000000FF000000FF000000FF000000FF000000FF000000FF000000FF000000FF000000FF000000FF000000FF000000FF000000FF000000FF000000FF000000FF000000FF000000FF000000FF000000FF000000FF000000FF000000FF000000FF000000FF000000FF000000FF000000FF000000FF000000FF000000FF000000FF000000FF000000FF000000FF000000FF000000FF000000FF000000FF000000FF000000FF000000FF000000FF000000FF000000FF000000FF000000FF000000FF000000FF000000FF000000FF000000FF000000FF000000FF000000FF000000FF000000FF000000FF000000FF000000FF000000FF000000FF000000FF000000FF000000FF000000FF000000FF000000FF000000FF000000FF000000FF000000FF000000FF000000FF000000FF000000FF000000FF000000FF000000FF000000FF000000FF000000FF000000FF000000FF000000FF000000FF000000FF000000FF000000FF000000FF000000FF000000FF000000FF000000FF000000FF000000FF000000FF000000FF000000FF000000FF000000FF000000FF000000FF000000FF000000FF000000FF000000FF000000FF000000FF000000FF000000FF000000FF000000FF000000FF000000FF000000FF000000FF000000FF000000FF000000FF000000FF000000FF000000FF000000FF000000FF000000FF000000FF000000FF000000FF000000FF000000FF000000FF000000FF000000FF000000FF000000FF000000FF000000FF000000FF000000FF000000FF000000FF000000FF000000FF000000FF000000FF000000FF000000FF000000FF000000FF000000FF000000FF000000FF000000FF000000FF000000FF000000FF000000FF000000FF000000FF000000FF000000FF000000FF000000FF000000FF000000FF000000FF000000FF000000FF000000FF000000FF000000FF000000FF000000FF000000FF000000FF000000FF000000FF000000FF000000FF000000FF000000FF000000FF000000FF000000FF000000FF000000FF000000FF000000FF2BFD99FF2BFD99FF2BFD99FF2BFD99FF2BFD99FF2BFD99FF000000FF000000FF000000FF000000FF000000FF000000FF000000FF000000FF2BFD99FF2BFD99FF2BFD99FF2BFD99FF2BFD99FF2BFD99FF000000FF000000FF000000FF000000FF000000FF000000FF000000FF000000FF000000FF000000FF000000FF000000FF000000FF000000FF000000FF000000FF000000FF000000FF000000FF000000FF000000FF000000FF000000FF000000FF000000FF000000FF000000FF000000FF000000FF000000FF000000FF000000FF000000FF000000FF000000FF000000FF000000FF000000FF000000FF000000FF000000FF000000FF000000FF000000FF000000FF000000FF000000FF000000FF000000FF000000FF000000FF000000FF000000FF000000FF000000FF000000FF000000FF000000FF000000FF000000FF000000FF000000FF000000FF000000FF000000FF000000FF000000FF000000FF000000FF000000FF000000FF000000FF000000FF000000FF000000FF000000FF000000FF000000FF000000FF000000FF000000FF000000FF000000FF000000FF000000FF000000FF000000FF000000FF000000FF000000FF000000FF000000FF000000FF000000FF000000FF000000FF000000FF000000FF000000FF000000FF000000FF000000FF000000FF000000FF000000FF000000FF000000FF000000FF000000FF000000FF000000FF000000FF000000FF000000FF000000FF000000FF000000FF000000FF000000FF000000FF000000FF000000FF000000FF000000FF000000FF000000FF000000FF000000FF000000FF000000FF000000FF000000FF000000FF000000FF000000FF000000FF000000FF000000FF000000FF000000FF000000FF000000FF000000FF000000FF000000FF000000FF000000FF000000FF000000FF000000FF000000FF000000FF000000FF000000FF000000FF000000FF000000FF000000FF000000FF000000FF000000FF000000FF000000FF000000FF000000FF000000FF000000FF000000FF000000FF000000FF000000FF000000FF000000FF000000FF000000FF000000FF000000FF000000FF000000FF000000FF000000FF000000FF000000FF000000FF000000FF000000FF000000FF000000FF000000FF000000FF000000FF000000FF000000FF000000FF000000FF000000FF000000FF000000FF000000FF000000FF000000FF000000FF000000FF000000FF000000FF000000FF000000FF000000FF000000FF000000FF000000FF000000FF000000FF000000FF000000FF000000FF000000FF000000FF000000FF000000FF000000FF000000FF000000FF000000FF000000FF000000FF000000FF000000FF000000FF000000FF000000FF000000FF000000FF000000FF000000FF000000FF000000FF000000FF000000FF000000FF000000FF000000FF000000FF000000FF000000FF000000FF000000FF000000FF000000FF000000FF000000FF000000FF000000FF000000FF000000FF000000FF000000FF000000FF000000FF000000FF000000FF000000FF000000FF000000FF000000FF000000FF000000FF000000FF000000FF000000FF000000FF000000FF000000FF000000FF000000FF000000FF000000FF000000FF000000FF000000FF000000FF000000FF000000FF000000FF000000FF000000FF000000FF000000FF000000FF000000FF000000FF000000FF000000FF000000FF000000FF000000FF000000FF000000FF000000FF000000FF000000FF000000FF000000FF000000FF000000FF000000FF000000FF000000FF000000FF000000FF000000FF000000FF000000FF000000FF000000FF000000FF000000FF000000FF000000FF000000FF000000FF000000FF000000FF000000FF000000FF000000FF000000FF000000FF000000FF000000FF000000FF000000FF000000FF000000FF000000FF000000FF000000FF000000FF000000FF000000FF000000FF000000FF000000FF000000FF000000FF000000FF000000FF000000FF000000FF000000FF000000FF000000FF000000FF000000FF000000FF000000FF000000FF000000FF000000FF000000FF000000FF000000FF000000FF000000FF000000FF000000FF000000FF000000FF000000FF000000FF000000FF000000FF000000FF000000FF000000FF000000FF000000FF000000FF000000FF000000FF000000FF000000FF000000FF000000FF000000FF000000FF000000FF000000FF000000FF000000FF000000FF000000FF000000FF000000FF000000FF000000FF000000FF000000FF000000FF000000FF000000FF000000FF000000FF000000FF000000FF000000FF000000FF000000FF000000FF000000FF000000FF000000FF000000FF000000FF000000FF000000FF000000FF000000FF000000FF000000FF000000FF000000FF000000FF000000FF000000FF000000FF000000FF000000FF000000FF000000FF000000FF000000FF000000FF000000FF000000FF000000FF000000FF000000FF000000FF000000FF000000FF000000FF000000FF000000FF000000FF000000FF000000FF000000FF000000FF000000FF000000FF000000FF000000FF000000FF000000FF000000FF000000FF000000FF000000FF000000FF000000FF000000FF000000FF000000FF000000FF000000FF000000FF000000FF000000FF000000FF000000FF000000FF000000FF000000FF000000FF000000FF000000FF000000FF000000FF000000FF000000FF000000FF000000FF000000FF000000FF000000FF000000FF000000FF000000FF000000FF000000FF000000FF000000FF000000FF000000FF000000FF000000FF000000FF000000FF000000FF000000FF000000FF000000FF000000FF000000FF000000FF000000FF000000FF000000FF000000FF000000FF000000FF000000FF000000FF000000FF000000FF000000FF000000FF000000FF000000FF000000FF000000FF000000FF000000FF000000FF000000FF000000FF000000FF000000FF000000FF000000FF000000FF000000FF000000FF000000FF000000FF000000FF000000FF000000FF000000FF000000FF000000FF000000FF000000FF000000FF000000FF000000FF000000FF000000FF000000FF000000FF000000FF000000FF000000FF000000FF000000FF000000FF000000FF000000FF000000FF000000FF000000FF000000FF000000FF000000FF000000FF000000FF000000FF000000FF000000FF000000FF000000FF000000FF000000FF000000FF000000FF000000FF000000FF000000FF000000FF000000FF000000FF000000FF000000FF000000FF000000FF000000FF000000FF000000FF000000FF000000FF000000FF000000FF000000FF000000FF000000FF000000FF000000FF000000FF000000FF000000FF000000FF000000FF000000FF000000FF000000FF000000FF000000FF000000FF000000FF000000FF000000FF000000FF000000FF000000FF000000FF000000FF000000FF000000FF000000FF000000FF000000FF000000FF000000FF000000FF000000FF000000FF000000FF000000FF000000FF000000FF000000FF000000FF000000FF000000FF000000FF000000FF000000FF000000FF000000FF000000FF000000FF000000FF000000FF000000FF000000FF000000FF000000FF000000FF000000FF000000FF000000FF000000FF000000FF000000FF000000FF000000FF000000FF000000FF000000FF000000FF000000FF000000FF000000FF000000FF000000FF000000FF000000FF000000FF000000FF000000FF000000FF000000FF000000FF000000FF000000FF000000FF000000FF000000FF000000FF000000FF000000FF000000FF000000FF000000FF000000FF000000FF000000FF000000FF000000FF000000FF000000FF000000FF000000FF000000FF000000FF000000FF000000FF000000FF000000FF000000FF000000FF000000FF000000FF000000FF000000FF000000FF000000FF000000FF000000FF000000FF000000FF000000FF000000FF000000FF000000FF000000FF000000FF000000FF000000FF000000FF000000FF000000FF000000FF000000FF000000FF000000FF000000FF000000FF000000FF000000FF000000FF000000FF000000FF000000FF000000FF000000FF000000FF000000FF000000FF000000FF000000FF000000FF000000FF000000FF000000FF000000FF000000FF000000FF000000FF000000FF000000FF000000FF000000FF000000FF000000FF000000FF000000FF000000FF000000FF000000FF000000FF000000FF000000FF000000FF000000FF000000FF000000FF000000FF000000FF000000FF000000FF000000FF000000FF000000FF000000FF000000FF000000FF000000FF000000FF000000FF000000FF000000FF000000FF000000FF000000FF000000FF000000FF000000FF000000FF000000FF000000FF000000FF000000FF000000FF000000FF000000FF000000FF000000FF000000FF000000FF000000FF000000FF000000FF000000FF000000FF000000FF000000FF000000FF000000FF000000FF000000FF000000FF000000FF000000FF000000FF000000FF000000FF000000FF000000FF000000FF000000FF000000FF000000FF000000FF000000FF000000FF000000FF000000FF000000FF000000FF000000FF000000FF000000FF000000FF000000FF000000FF000000FF000000FF000000FF000000FF000000FF000000FF000000FF000000FF000000FF000000FF000000FF000000FF000000FF000000FF000000FF000000FF000000FF000000FF000000FF000000FF000000FF000000FF000000FF000000FF000000FF000000FF000000FF000000FF000000FF000000FF000000FF000000FF000000FF000000FF000000FF000000FF000000FF000000FF000000FF000000FF000000FF000000FF000000FF000000FF000000FF000000FF000000FF000000FF000000FF000000FF000000FF000000FF000000FF000000FF000000FF000000FF000000FF000000FF000000FF000000FF000000FF000000FF000000FF000000FF000000FF000000FF000000FF000000FF000000FF000000FF000000FF000000FF000000FF000000FF000000FF000000FF000000FF000000FF000000FF000000FF000000FF000000FF000000FF000000FF000000FF000000FF000000FF000000FF000000FF000000FF000000FF000000FF000000FF000000FF000000FF000000FF000000FF000000FF000000FF000000FF000000FF000000FF000000FF000000FF000000FF000000FF000000FF000000FF000000FF000000FF000000FF000000FF000000FF000000FF000000FF000000FF000000FF000000FF000000FF000000FF000000FF000000FF000000FF000000FF000000FF000000FF000000FF000000FF000000FF000000FF000000FF000000FF000000FF000000FF000000FF000000FF000000FF000000FF000000FF000000FF000000FF000000FF000000FF000000FF000000FF000000FF000000FF000000FF000000FF000000FF000000FF000000FF000000FF000000FF000000FF000000FF000000FF000000FF000000FF000000FF000000FF000000FF000000FF000000FF000000FF000000FF000000FF000000FF000000FF000000FF000000FF000000FF000000FF000000FF000000FF000000FF000000FF000000FF000000FF000000FF000000FF000000FF000000FF000000FF000000FF000000FF000000FF000000FF000000FF000000FF000000FF000000FF000000FF000000FF000000FF000000FF000000FF000000FF000000FF000000FF000000FF000000FF000000FF000000FF000000FF000000FF000000FF000000FF000000FF000000FF000000FF000000FF000000FF000000FF000000FF000000FF000000FF000000FF000000FF000000FF000000FF000000FF000000FF000000FF000000FF000000FF000000FF000000FF000000FF000000FF000000FF000000FF000000FF000000FF000000FF000000FF000000FF000000FF000000FF000000FF000000FF000000FF000000FF000000FF000000FF000000FF000000FF000000FF000000FF000000FF000000FF000000FF000000FF000000FF000000FF000000FF000000FF000000FF000000FF000000FF000000FF000000FF000000FF000000FF000000FF000000FF000000FF000000FF000000FF000000FF000000FF000000FF000000FF000000FF000000FF000000FF000000FF000000FF000000FF000000FF000000FF000000FF000000FF000000FF000000FF000000FF000000FF000000FF000000FF000000FF000000FF000000FF000000FF000000FF000000FF000000FF000000FF000000FF000000FF000000FF000000FF000000FF000000FF000000FF000000FF000000FF000000FF000000FF000000FF000000FF000000FF000000FF000000FF000000FF000000FF000000FF000000FF000000FF000000FF000000FF000000FF000000FF000000FF000000FF000000FF000000FF000000FF000000FF000000FF000000FF000000FF000000FF000000FF000000FF000000FF000000FF000000FF000000FF000000FF000000FF000000FF000000FF000000FF000000FF000000FF000000FF000000FF000000FF000000FF000000FF000000FF000000FF000000FF000000FF000000FF000000FF000000FF000000FF000000FF000000FF000000FF000000FF000000FF000000FF000000FF000000FF000000FF000000FF000000FF000000FF000000FF000000FF000000FF000000FF000000FF000000FF000000FF000000FF000000FF000000FF000000FF000000FF000000FF000000FF000000FF000000FF000000FF000000FF000000FF000000FF000000FF000000FF000000FF000000FF000000FF000000FF000000FF000000FF000000FF000000FF000000FF000000FF000000FF000000FF000000FF000000FF000000FF000000FF000000FF000000FF000000FF000000FF000000FF000000FF000000FF000000FF000000FF000000FF000000FF000000FF000000FF000000FF000000FF000000FF000000FF000000FF000000FF000000FF000000FF000000FF000000FF000000FF000000FF000000FF000000FF000000FF000000FF000000FF000000FF000000FF000000FF000000FF000000FF000000FF000000FF000000FF000000FF000000FF000000FF000000FF000000FF000000FF000000FF000000FF000000FF000000FF000000FF000000FF000000FF000000FF000000FF000000FF000000FF000000FF000000FF000000FF000000FF000000FF000000FF000000FF000000FF000000FF000000FF000000FF000000FF000000FF000000FF000000FF000000FF000000FF000000FF000000FF000000FF000000FF000000FF000000FF000000FF000000FF000000FF000000FF000000FF000000FF000000FF000000FF000000FF000000FF000000FF000000FF000000FF000000FF000000FF000000FF000000FF000000FF000000FF000000FF000000FF000000FF000000FF000000FF000000FF000000FF000000FF000000FF000000FF000000FF000000FF000000FF000000FF000000FF000000FF000000FF000000FF000000FF000000FF000000FF000000FF000000FF000000FF000000FF000000FF000000FF000000FF000000FF000000FF000000FF000000FF000000FF000000FF000000FF000000FF000000FF000000FF000000FF000000FF000000FF000000FF000000FF000000FF000000FF000000FF000000FF000000FF000000FF000000FF000000FF000000FF000000FF000000FF000000FF000000FF000000FF000000FF000000FF000000FF000000FF000000FF000000FF000000FF000000FF000000FF000000FF000000FF000000FF000000FF000000FF000000FF000000FF000000FF000000FF000000FF000000FF000000FF000000FF000000FF000000FF000000FF000000FF000000FF000000FF000000FF000000FF000000FF000000FF000000FF000000FF000000FF000000FF000000FF000000FF000000FF000000FF000000FF000000FF000000FF000000FF000000FF000000FF000000FF000000FF000000FF000000FF000000FF000000FF000000FF000000FF000000FF000000FF000000FF000000FF000000FF000000FF000000FF000000FF000000FF000000FF000000FF000000FF000000FF000000FF000000FF000000FF000000FF000000FF000000FF000000FF000000FF000000FF000000FF000000FF000000FF000000FF000000FF000000FF000000FF000000FF000000FF000000FF000000FF000000FF000000FF000000FF000000FF000000FF000000FF000000FF000000FF000000FF000000FF000000FF000000FF000000FF000000FF000000FF000000FF000000FF000000FF000000FF000000FF000000FF000000FF000000FF000000FF000000FF000000FF000000FF000000FF000000FF000000FF000000FF000000FF000000FF000000FF000000FF000000FF000000FF000000FF000000FF000000FF000000FF000000FF000000FF000000FF000000FF000000FF000000FF000000FF000000FF000000FF000000FF000000FF000000FF000000FF000000FF000000FF000000FF000000FF000000FF000000FF000000FF000000FF000000FF000000FF000000FF000000FF000000FF000000FF000000FF000000FF000000FF000000FF000000FF000000FF000000FF000000FF000000FF000000FF000000FF000000FF000000FF000000FF000000FF000000FF000000FF000000FF000000FF000000FF000000FF000000FF000000FF000000FF000000FF000000FF000000FF000000FF000000FF000000FF000000FF000000FF000000FF000000FF000000FF000000FF000000FF000000FF000000FF000000FF000000FF000000FF000000FF000000FF000000FF000000FF000000FF000000FF000000FF000000FF000000FF000000FF000000FF000000FF000000FF000000FF000000FF000000FF000000FF000000FF000000FF000000FF000000FF000000FF000000FF000000FF000000FF000000FF000000FF000000FF000000FF000000FF000000FF000000FF000000FF000000FF000000FF000000FF000000FF000000FF000000FF000000FF000000FF000000FF000000FF000000FF000000FF000000FF000000FF000000FF000000FF000000FF000000FF000000FF000000FF000000FF000000FF000000FF000000FF000000FF000000FF000000FF000000FF000000FF000000FF000000FF000000FF000000FF000000FF000000FF000000FF000000FF000000FF000000FF000000FF000000FF000000FF000000FF000000FF000000FF000000FF000000FF000000FF000000FF000000FF000000FF000000FF000000FF000000FF000000FF000000FF000000FF000000FF000000FF000000FF000000FF000000FF000000FF000000FF000000FF000000FF000000FF000000FF000000FF000000FF000000FF000000FF000000FF000000FF000000FF000000FF000000FF000000FF000000FF000000FF000000FF000000FF000000FF000000FF000000FF000000FF000000FF000000FF000000FF000000FF000000FF000000FF000000FF000000FF000000FF000000FF000000FF000000FF000000FF000000FF000000FF000000FF000000FF000000FF000000FF000000FF000000FF000000FF000000FF000000FF000000FF000000FF000000FF000000FF000000FF000000FF000000FF000000FF000000FF000000FF000000FF000000FF000000FF000000FF000000FF000000FF000000FF000000FF000000FF000000FF000000FF000000FF000000FF000000FF000000FF000000FF000000FF000000FF000000FF000000FF000000FF000000FF000000FF000000FF000000FF000000FF000000FF000000FF000000FF000000FF000000FF000000FF000000FF000000FF000000FF000000FF000000FF000000FF000000FF000000FF000000FF000000FF000000FF000000FF000000FF000000FF000000FF000000FF000000FF000000FF000000FF000000FF000000FF000000FF000000FF000000FF000000FF000000FF000000FF000000FF000000FF000000FF000000FF000000FF000000FF000000FF000000FF000000FF000000FF000000FF000000FF000000FF000000FF000000FF000000FF000000FF000000FF000000FF000000FF000000FF000000FF000000FF000000FF000000FF000000FF000000FF000000FF000000FF000000FF000000FF000000FF000000FF000000FF000000FF000000FF000000FF000000FF000000FF000000FF000000FF000000FF000000FF000000FF000000FF000000FF000000FF000000FF000000FF000000FF000000FF000000FF000000FF000000FF000000FF000000FF000000FF000000FF000000FF000000FF000000FF000000FF000000FF000000FF000000FF000000FF000000FF000000FF000000FF000000FF000000FF000000FF000000FF000000FF000000FF000000FF000000FF000000FF000000FF000000FF000000FF000000FF000000FF000000FF000000FF000000FF000000FF000000FF000000FF000000FF000000FF000000FF000000FF000000FF000000FF000000FF000000FF000000FF000000FF000000FF000000FF000000FF000000FF000000FF000000FF000000FF000000FF000000FF000000FF000000FF000000FF000000FF000000FF000000FF000000FF000000FF000000FF000000FF000000FF000000FF000000FF000000FF000000FF000000FF000000FF000000FF000000FF000000FF000000FF000000FF000000FF000000FF000000FF000000FF000000FF000000FF000000FF000000FF000000FF000000FF000000FF000000FF000000FF000000FF000000FF000000FF000000FF000000FF000000FF000000FF000000FF000000FF000000FF000000FF000000FF000000FF000000FF000000FF000000FF000000FF000000FF000000FF000000FF000000FF000000FF000000FF000000FF000000FF000000FF000000FF000000FF000000FF000000FF000000FF000000FF000000FF000000FF000000FF000000FF000000FF000000FF000000FF000000FF000000FF000000FF000000FF000000FF000000FF000000FF000000FF000000FF000000FF000000FF000000FF000000FF000000FF000000FF000000FF000000FF000000FF000000FF000000FF000000FF000000FF000000FF000000FF000000FF000000FF000000FF000000FF000000FF000000FF000000FF000000FF000000FF000000FF000000FF000000FF000000FF000000FF000000FF000000FF000000FF000000FF000000FF000000FF000000FF000000FF000000FF000000FF000000FF000000FF000000FF000000FF000000FF000000FF000000FF000000FF000000FF000000FF000000FF000000FF000000FF000000FF000000FF000000FF000000FF000000FF000000FF000000FF000000FF000000FF000000FF000000FF000000FF000000FF000000FF000000FF000000FF000000FF000000FF000000FF000000FF000000FF000000FF000000FF000000FF000000FF000000FF000000FF000000FF000000FF000000FF000000FF000000FF000000FF000000FF000000FF000000FF000000FF000000FF000000FF000000FF000000FF000000FF000000FF000000FF000000FF000000FF000000FF000000FF000000FF000000FF000000FF000000FF000000FF000000FF000000FF000000FF000000FF000000FF000000FF000000FF000000FF000000FF000000FF000000FF000000FF000000FF000000FF000000FF000000FF000000FF000000FF000000FF000000FF000000FF000000FF000000FF000000FF000000FF000000FF000000FF000000FF000000FF000000FF000000FF000000FF000000FF000000FF000000FF000000FF000000FF000000FF000000FF000000FF000000FF000000FF000000FF000000FF000000FF000000FF000000FF000000FF000000FF000000FF000000FF000000FF000000FF000000FF000000FF000000FF000000FF000000FF000000FF000000FF000000FF000000FF000000FF000000FF000000FF000000FF000000FF000000FF000000FF000000FF000000FF000000FF000000FF000000FF000000FF000000FF000000FF000000FF000000FF000000FF000000FF000000FF000000FF000000FF000000FF000000FF000000FF000000FF000000FF000000FF000000FF000000FF000000FF000000FF000000FF000000FF000000FF000000FF000000FF000000FF000000FF000000FF000000FF000000FF000000FF000000FF000000FF000000FF000000FF000000FF000000FF000000FF000000FF000000FF000000FF000000FF000000FF000000FF000000FF000000FF000000FF000000FF000000FF000000FF000000FF000000FF000000FF000000FF000000FF000000FF000000FF000000FF000000FF000000FF000000FF000000FF000000FF000000FF000000FF000000FF000000FF000000FF000000FF000000FF000000FF000000FF000000FF000000FF000000FF000000FF000000FF000000FF000000FF000000FF000000FF000000FF000000FF000000FF000000FF000000FF000000FF000000FF000000FF000000FF000000FF000000FF000000FF000000FF000000FF000000FF000000FF000000FF000000FF000000FF000000FF000000FF000000FF000000FF000000FF000000FF000000FF000000FF000000FF000000FF000000FF000000FF000000FF000000FF000000FF000000FF000000FF000000FF000000FF000000FF000000FF000000FF000000FF000000FF000000FF000000FF000000FF000000FF000000FF000000FF000000FF000000FF000000FF000000FF000000FF000000FF000000FF000000FF000000FF000000FF000000FF000000FF000000FF000000FF000000FF000000FF000000FF000000FF000000FF000000FF000000FF000000FF000000FF000000FF000000FF000000FF000000FF000000FF000000FF000000FF000000FF000000FF000000FF000000FF000000FF000000FF000000FF000000FF000000FF000000FF000000FF000000FF000000FF000000FF000000FF000000FF000000FF000000FF000000FF000000FF000000FF000000FF000000FF000000FF000000FF000000FF000000FF000000FF000000FF000000FF000000FF000000FF000000FF000000FF000000FF000000FF000000FF000000FF000000FF000000FF000000FF000000FF000000FF000000FF000000FF000000FF000000FF000000FF000000FF000000FF000000FF000000FF000000FF000000FF000000FF000000FF000000FF000000FF000000FF000000FF000000FF000000FF000000FF000000FF000000FF000000FF000000FF000000FF000000FF000000FF000000FF000000FF000000FF000000FF000000FF000000FF000000FF000000FF000000FF000000FF000000FF000000FF000000FF000000FF000000FF000000FF000000FF000000FF000000FF000000FF000000FF000000FF000000FF000000FF000000FF000000FF000000FF000000FF000000FF000000FF000000FF000000FF000000FF000000FF000000FF000000FF000000FF000000FF000000FF000000FF000000FF000000FF000000FF000000FF000000FF000000FF000000FF000000FF000000FF000000FF000000FF000000FF000000FF000000FF000000FF000000FF000000FF000000FF000000FF000000FF000000FF000000FF000000FF000000FF000000FF000000FF000000FF000000FF000000FF000000FF000000FF000000FF000000FF000000FF000000FF000000FF000000FF000000FF000000FF000000FF000000FF000000FF000000FF000000FF000000FF000000FF000000FF000000FF000000FF000000FF000000FF000000FF000000FF000000FF000000FF000000FF000000FF000000FF000000FF000000FF000000FF000000FF000000FF000000FF000000FF000000FF000000FF000000FF000000FF000000FF000000FF000000FF000000FF000000FF000000FF000000FF000000FF000000FF000000FF000000FF000000FF000000FF000000FF000000FF000000FF000000FF000000FF000000FF000000FF000000FF000000FF000000FF000000FF000000FF000000FF000000FF000000FF000000FF000000FF000000FF000000FF000000FF000000FF000000FF000000FF000000FF000000FF000000FF000000FF000000FF000000FF000000FF000000FF000000FF000000FF000000FF000000FF000000FF000000FF000000FF000000FF000000FF000000FF000000FF000000FF000000FF000000FF000000FF000000FF000000FF000000FF000000FF000000FF000000FF000000FF000000FF000000FF000000FF000000FF000000FF000000FF000000FF000000FF000000FF000000FF000000FF000000FF000000FF000000FF000000FF000000FF000000FF000000FF000000FF000000FF000000FF000000FF000000FF000000FF000000FF000000FF000000FF000000FF000000FF000000FF000000FF000000FF000000FF000000FF000000FF000000FF000000FF000000FF000000FF000000FF000000FF000000FF000000FF000000FF000000FF000000FF000000FF000000FF000000FF000000FF000000FF000000FF000000FF000000FF000000FF000000FF000000FF000000FF000000FF000000FF000000FF000000FF000000FF000000FF000000FF000000FF000000FF000000FF000000FF000000FF000000FF000000FF000000FF000000FF000000FF000000FF000000FF000000FF000000FF000000FF000000FF000000FF000000FF000000FF000000FF000000FF000000FF000000FF000000FF000000FF000000FF000000FF000000FF000000FF000000FF000000FF000000FF000000FF000000FF000000FF000000FF000000FF000000FF000000FF000000FF000000FF000000FF000000FF000000FF000000FF000000FF000000FF000000FF000000FF000000FF000000FF000000FF000000FF000000FF000000FF000000FF000000FF000000FF000000FF000000FF000000FF000000FF000000FF000000FF000000FF000000FF000000FF000000FF000000FF000000FF000000FF000000FF000000FF000000FF000000FF000000FF000000FF000000FF000000FF000000FF000000FF000000FF000000FF000000FF000000FF000000FF000000FF000000FF000000FF000000FF000000FF000000FF000000FF000000FF000000FF000000FF000000FF000000FF000000FF000000FF000000FF000000FF000000FF000000FF000000FF000000FF000000FF000000FF000000FF000000FF000000FF000000FF000000FF000000FF000000FF000000FF000000FF000000FF000000FF000000FF000000FF000000FF000000FF000000FF000000FF000000FF000000FF000000FF000000FF000000FF000000FF000000FF000000FF000000FF000000FF000000FF000000FF000000FF000000FF000000FF000000FF000000FF000000FF000000FF000000FF000000FF000000FF000000FF000000FF000000FF000000FF000000FF000000FF000000FF000000FF000000FF000000FF000000FF000000FF000000FF000000FF000000FF000000FF000000FF000000FF000000FF000000FF000000FF000000FF000000FF000000FF000000FF000000FF000000FF000000FF000000FF000000FF000000FF000000FF000000FF000000FF000000FF000000FF000000FF000000FF000000FF000000FF000000FF000000FF000000FF000000FF000000FF000000FF000000FF000000FF000000FF000000FF000000FF000000FF000000FF000000FF000000FF000000FF000000FF000000FF000000FF000000FF000000FF000000FF000000FF000000FF000000FF000000FF000000FF000000FF000000FF000000FF000000FF000000FF000000FF000000FF000000FF000000FF000000FF000000FF000000FF000000FF000000FF000000FF000000FF000000FF000000FF000000FF000000FF000000FF000000FF000000FF000000FF000000FF000000FF000000FF000000FF000000FF000000FF000000FF000000FF000000FF000000FF000000FF000000FF000000FF000000FF000000FF000000FF000000FF000000FF000000FF000000FF000000FF000000FF000000FF000000FF000000FF000000FF000000FF000000FF000000FF000000FF000000FF000000FF000000FF000000FF000000FF000000FF000000FF000000FF000000FF000000FF000000FF000000FF000000FF000000FF000000FF000000FF000000FF000000FF000000FF000000FF000000FF000000FF000000FF000000FF000000FF000000FF000000FF000000FF000000FF000000FF000000FF000000FF000000FF000000FF000000FF000000FF000000FF000000FF000000FF000000FF000000FF000000FF000000FF000000FF000000FF000000FF000000FF000000FF000000FF000000FF000000FF000000FF000000FF000000FF000000FF000000FF000000FF000000FF000000FF000000FF000000FF000000FF000000FF000000FF000000FF000000FF000000FF000000FF000000FF000000FF000000FF000000FF000000FF000000FF000000FF000000FF000000FF000000FF000000FF000000FF000000FF000000FF000000FF000000FF000000FF000000FF000000FF000000FF000000FF000000FF000000FF000000FF000000FF000000FF000000FF000000FF000000FF000000FF000000FF000000FF000000FF000000FF000000FF000000FF000000FF000000FF000000FF000000FF000000FF000000FF000000FF000000FF000000FF000000FF000000FF000000FF000000FF000000FF000000FF000000FF000000FF000000FF000000FF000000FF000000FF000000FF000000FF000000FF000000FF000000FF000000FF000000FF000000FF000000FF000000FF000000FF000000FF000000FF000000FF000000FF000000FF000000FF000000FF000000FF000000FF000000FF000000FF000000FF000000FF000000FF000000FF000000FF000000FF000000FF000000FF000000FF000000FF000000FF000000FF000000FF000000FF000000FF000000FF000000FF000000FF000000FF000000FF000000FF000000FF000000FF000000FF000000FF000000FF000000FF000000FF000000FF000000FF000000FF000000FF000000FF000000FF000000FF000000FF000000FF000000FF000000FF000000FF000000FF000000FF000000FF000000FF000000FF000000FF000000FF000000FF000000FF000000FF000000FF000000FF000000FF000000FF000000FF000000FF000000FF000000FF000000FF000000FF000000FF000000FF000000FF000000FF000000FF000000FF000000FF000000FF000000FF000000FF000000FF000000FF000000FF000000FF000000FF000000FF000000FF000000FF000000FF000000FF000000FF000000FF000000FF000000FF000000FF000000FF000000FF000000FF000000FF000000FF000000FF000000FF000000FF000000FF000000FF000000FF000000FF000000FF000000FF000000FF000000FF000000FF000000FF000000FF000000FF000000FF000000FF000000FF000000FF000000FF000000FF000000FF000000FF000000FF000000FF000000FF000000FF000000FF000000FF000000FF000000FF000000FF000000FF000000FF000000FF000000FF000000FF000000FF000000FF000000FF000000FF000000FF000000FF000000FF000000FF000000FF000000FF000000FF000000FF000000FF000000FF000000FF000000FF000000FF000000FF000000FF000000FF000000FF000000FF000000FF000000FF000000FF000000FF000000FF000000FF000000FF000000FF000000FF000000FF000000FF000000FF000000FF000000FF000000FF000000FF000000FF000000FF000000FF000000FF000000FF000000FF000000FF000000FF000000FF000000FF000000FF000000FF000000FF000000FF000000FF000000FF000000FF000000FF000000FF000000FF000000FF000000FF000000FF000000FF000000FF000000FF000000FF000000FF000000FF000000FF000000FF000000FF000000FF000000FF000000FF000000FF000000FF000000FF000000FF000000FF000000FF000000FF000000FF000000FF000000FF000000FF000000FF000000FF000000FF000000FF000000FF000000FF000000FF000000FF000000FF000000FF000000FF000000FF000000FF000000FF000000FF000000FF000000FF000000FF000000FF000000FF000000FF000000FF000000FF000000FF000000FF000000FF000000FF000000FF000000FF000000FF000000FF000000FF000000FF000000FF000000FF000000FF000000FF000000FF000000FF000000FF000000FF000000FF000000FF000000FF000000FF000000FF000000FF000000FF000000FF000000FF000000FF000000FF000000FF000000FF000000FF000000FF000000FF000000FF000000FF000000FF000000FF000000FF000000FF000000FF000000FF000000FF000000FF000000FF000000FF000000FF000000FF000000FF000000FF000000FF000000FF000000FF000000FF000000FF000000FF000000FF000000FF000000FF000000FF000000FF000000FF000000FF000000FF000000FF000000FF000000FF000000FF000000FF000000FF000000FF000000FF000000FF000000FF000000FF000000FF000000FF000000FF000000FF000000FF000000FF000000FF000000FF000000FF000000FF000000FF000000FF000000FF000000FF000000FF000000FF000000FF000000FF000000FF000000FF000000FF000000FF000000FF000000FF000000FF000000FF000000FF000000FF000000FF000000FF000000FF000000FF000000FF000000FF000000FF000000FF000000FF000000FF000000FF000000FF000000FF000000FF000000FF000000FF000000FF000000FF000000FF000000FF000000FF000000FF000000FF000000FF000000FF000000FF000000FF000000FF000000FF000000FF000000FF000000FF000000FF000000FF000000FF000000FF000000FF000000FF000000FF000000FF000000FF000000FF000000FF000000FF000000FF000000FF000000FF000000FF000000FF000000FF000000FF000000FF000000FF000000FF000000FF000000FF000000FF000000FF000000FF000000FF000000FF000000FF000000FF000000FF000000FF000000FF000000FF000000FF000000FF000000FF000000FF000000FF000000FF000000FF000000FF000000FF000000FF000000FF000000FF000000FF000000FF000000FF000000FF000000FF000000FF000000FF000000FF000000FF000000FF000000FF000000FF000000FF000000FF000000FF000000FF000000FF000000FF000000FF000000FF000000FF000000FF000000FF000000FF000000FF000000FF000000FF000000FF000000FF000000FF000000FF000000FF000000FF000000FF000000FF000000FF000000FF000000FF000000FF000000FF000000FF000000FF000000FF000000FF000000FF000000FF000000FF000000FF000000FF000000FF000000FF000000FF000000FF000000FF000000FF000000FF000000FF000000FF000000FF000000FF000000FF000000FF000000FF000000FF000000FF000000FF000000FF000000FF000000FF000000FF000000FF000000FF000000FF000000FF000000FF000000FF000000FF000000FF000000FF000000FF000000FF000000FF000000FF000000FF000000FF000000FF000000FF000000FF000000FF000000FF000000FF000000FF000000FF000000FF000000FF000000FF000000FF000000FF000000FF000000FF000000FF000000FF000000FF000000FF000000FF000000FF000000FF000000FF000000FF000000FF000000FF000000FF000000FF000000FF000000FF000000FF000000FF000000FF000000FF000000FF000000FF000000FF000000FF000000FF000000FF000000FF000000FF000000FF000000FF000000FF000000FF000000FF000000FF000000FF000000FF000000FF000000FF000000FF000000FF000000FF000000FF000000FF000000FF000000FF000000FF000000FF000000FF000000FF000000FF000000FF000000FF000000FF000000FF000000FF000000FF000000FF000000FF000000FF000000FF000000FF000000FF000000FF000000FF000000FF000000FF000000FF000000FF000000FF000000FF000000FF000000FF000000FF000000FF000000FF000000FF000000FF000000FF000000FF000000FF000000FF000000FF000000FF000000FF000000FF000000FF000000FF000000FF000000FF000000FF000000FF000000FF000000FF000000FF000000FF000000FF000000FF000000FF000000FF000000FF000000FF000000FF000000FF000000FF000000FF000000FF000000FF000000FF000000FF000000FF000000FF000000FF000000FF000000FF000000FF000000FF000000FF000000FF000000FF000000FF000000FF000000FF000000FF000000FF000000FF000000FF000000FF000000FF000000FF000000FF000000FF000000FF000000FF000000FF000000FF000000FF000000FF000000FF000000FF000000FF000000FF000000FF000000FF000000FF000000FF000000FF000000FF000000FF000000FF000000FF000000FF000000FF000000FF000000FF000000FF000000FF000000FF000000FF000000FF000000FF000000FF000000FF000000FF000000FF000000FF000000FF000000FF000000FF000000FF000000FF000000FF000000FF000000FF000000FF000000FF000000FF000000FF000000FF000000FF000000FF000000FF000000FF000000FF000000FF000000FF000000FF000000FF000000FF000000FF000000FF000000FF000000FF000000FF000000FF000000FF000000FF000000FF000000FF000000FF000000FF000000FF000000FF000000FF000000FF000000FF000000FF000000FF000000FF000000FF000000FF000000FF000000FF000000FF000000FF000000FF000000FF000000FF000000FF000000FF000000FF000000FF000000FF000000FF000000FF000000FF000000FF000000FF000000FF000000FF000000FF000000FF000000FF000000FF000000FF000000FF000000FF000000FF000000FF000000FF000000FF000000FF000000FF000000FF000000FF000000FF000000FF000000FF000000FF000000FF000000FF000000FF000000FF000000FF000000FF000000FF000000FF000000FF000000FF000000FF000000FF000000FF000000FF000000FF000000FF000000FF000000FF000000FF000000FF000000FF000000FF000000FF000000FF000000FF000000FF000000FF000000FF000000FF000000FF000000FF000000FF000000FF000000FF000000FF000000FF000000FF000000FF000000FF000000FF000000FF000000FF000000FF000000FF000000FF000000FF000000FF000000FF000000FF000000FF000000FF000000FF000000FF000000FF000000FF000000FF000000FF000000FF000000FF000000FF000000FF000000FF000000FF000000FF000000FF000000FF000000FF000000FF000000FF000000FF000000FF000000FF000000FF000000FF000000FF000000FF000000FF000000FF000000FF000000FF000000FF000000FF000000FF000000FF000000FF000000FF000000FF000000FF000000FF000000FF000000FF000000FF000000FF000000FF000000FF000000FF000000FF000000FF000000FF000000FF000000FF000000FF000000FF000000FF000000FF000000FF000000FF000000FF000000FF000000FF000000FF000000FF000000FF000000FF000000FF000000FF000000FF000000FF000000FF000000FF000000FF000000FF000000FF000000FF000000FF000000FF000000FF000000FF000000FF000000FF000000FF000000FF000000FF000000FF000000FF000000FF000000FF000000FF000000FF000000FF000000FF000000FF000000FF000000FF000000FF000000FF000000FF000000FF000000FF000000FF000000FF000000FF000000FF000000FF000000FF000000FF000000FF000000FF000000FF000000FF000000FF000000FF000000FF000000FF000000FF000000FF000000FF000000FF000000FF000000FF000000FF000000FF000000FF000000FF000000FF000000FF000000FF000000FF000000FF000000FF000000FF000000FF000000FF000000FF000000FF000000FF000000FF000000FF000000FF000000FF000000FF000000FF000000FF000000FF000000FF000000FF000000FF000000FF000000FF000000FF000000FF000000FF000000FF000000FF000000FF000000FF000000FF000000FF000000FF000000FF000000FF000000FF000000FF000000FF000000FF000000FF000000FF000000FF000000FF000000FF000000FF000000FF000000FF000000FF000000FF000000FF000000FF000000FF000000FF000000FF000000FF000000FF000000FF000000FF000000FF000000FF000000FF000000FF000000FF000000FF000000FF000000FF000000FF000000FF000000FF000000FF000000FF000000FF000000FF000000FF000000FF000000FF000000FF000000FF000000FF000000FF000000FF000000FF000000FF000000FF000000FF000000FF000000FF000000FF000000FF000000FF000000FF000000FF000000FF000000FF000000FF000000FF000000FF000000FF000000FF000000FF000000FF000000FF000000FF000000FF000000FF000000FF000000FF000000FF000000FF000000FF000000FF000000FF000000FF000000FF000000FF000000FF000000FF000000FF000000FF000000FF000000FF000000FF000000FF000000FF000000FF000000FF000000FF000000FF000000FF000000FF000000FF000000FF000000FF000000FF000000FF000000FF000000FF000000FF000000FF000000FF000000FF000000FF000000FF000000FF000000FF000000FF000000FF000000FF000000FF000000FF000000FF000000FF000000FF000000FF000000FF000000FF000000FF000000FF000000FF000000FF000000FF000000FF000000FF000000FF000000FF000000FF000000FF000000FF000000FF000000FF000000FF000000FF000000FF000000FF000000FF000000FF000000FF000000FF000000FF000000FF000000FF000000FF000000FF000000FF000000FF000000FF000000FF000000FF000000FF000000FF000000FF000000FF000000FF000000FF000000FF000000FF000000FF000000FF000000FF000000FF000000FF000000FF000000FF000000FF000000FF000000FF000000FF000000FF000000FF000000FF000000FF000000FF000000FF000000FF000000FF000000FF000000FF000000FF000000FF000000FF000000FF000000FF000000FF000000FF000000FF000000FF000000FF000000FF000000FF000000FF000000FF000000FF000000FF000000FF000000FF000000FF000000FF000000FF000000FF000000FF000000FF000000FF000000FF000000FF000000FF000000FF000000FF000000FF000000FF000000FF000000FF000000FF000000FF000000FF000000FF000000FF000000FF000000FF000000FF000000FF000000FF000000FF000000FF000000FF000000FF000000FF000000FF000000FF000000FF000000FF000000FF000000FF000000FF000000FF000000FF000000FF000000FF000000FF000000FF000000FF000000FF000000FF000000FF000000FF000000FF000000FF000000FF000000FF000000FF000000FF000000FF000000FF000000FF000000FF000000FF000000FF000000FF000000FF000000FF000000FF000000FF000000FF000000FF000000FF000000FF000000FF000000FF000000FF000000FF000000FF000000FF000000FF000000FF000000FF000000FF000000FF000000FF000000FF000000FF000000FF000000FF000000FF000000FF000000FF000000FF000000FF000000FF000000FF000000FF000000FF000000FF000000FF000000FF000000FF000000FF000000FF000000FF000000FF000000FF000000FF000000FF000000FF000000FF000000FF000000FF000000FF000000FF000000FF000000FF000000FF000000FF000000FF000000FF000000FF000000FF000000FF000000FF000000FF000000FF000000FF000000FF000000FF000000FF000000FF000000FF000000FF000000FF000000FF000000FF000000FF000000FF000000FF000000FF000000FF000000FF000000FF000000FF000000FF000000FF000000FF000000FF000000FF000000FF000000FF000000FF000000FF000000FF000000FF000000FF000000FF000000FF000000FF000000FF000000FF000000FF000000FF000000FF000000FF000000FF000000FF000000FF000000FF000000FF000000FF000000FF000000FF000000FF000000FF000000FF000000FF000000FF000000FF000000FF000000FF000000FF000000FF000000FF000000FF000000FF000000FF000000FF000000FF000000FF000000FF000000FF000000FF000000FF000000FF000000FF000000FF000000FF000000FF000000FF000000FF000000FF000000FF000000FF000000FF000000FF000000FF000000FF000000FF000000FF000000FF000000FF000000FF000000FF000000FF000000FF000000FF000000FF000000FF000000FF000000FF000000FF000000FF000000FF000000FF000000FF000000FF000000FF000000FF000000FF000000FF000000FF000000FF000000FF000000FF000000FF000000FF000000FF000000FF000000FF000000FF000000FF000000FF000000FF000000FF000000FF000000FF000000FF000000FF000000FF000000FF000000FF000000FF000000FF000000FF000000FF000000FF000000FF000000FF000000FF000000FF000000FF000000FF000000FF000000FF000000FF000000FF000000FF000000FF000000FF000000FF000000FF000000FF000000FF000000FF000000FF000000FF000000FF000000FF000000FF000000FF000000FF000000FF000000FF000000FF000000FF000000FF000000FF000000FF000000FF000000FF000000FF000000FF000000FF000000FF000000FF000000FF000000FF000000FF000000FF000000FF000000FF000000FF000000FF000000FF000000FF000000FF000000FF000000FF000000FF000000FF000000FF000000FF000000FF000000FF000000FF000000FF000000FF000000FF000000FF000000FF000000FF000000FF000000FF000000FF000000FF000000FF000000FF000000FF000000FF000000FF000000FF000000FF000000FF000000FF000000FF000000FF000000FF000000FF000000FF000000FF000000FF000000FF000000FF000000FF000000FF000000FF000000FF000000FF000000FF000000FF000000FF000000FF000000FF000000FF000000FF000000FF000000FF000000FF000000FF000000FF000000FF000000FF000000FF000000FF000000FF000000FF000000FF000000FF000000FF000000FF000000FF000000FF000000FF000000FF000000FF000000FF000000FF000000FF000000FF000000FF000000FF000000FF000000FF000000FF000000FF000000FF000000FF000000FF000000FF000000FF000000FF000000FF000000FF000000FF000000FF000000FF000000FF000000FF000000FF000000FF000000FF000000FF000000FF000000FF000000FF000000FF000000FF000000FF000000FF000000FF000000FF000000FF000000FF000000FF000000FF000000FF000000FF000000FF000000FF000000FF000000FF000000FF000000FF000000FF000000FF000000FF000000FF000000FF000000FF000000FF000000FF000000FF000000FF000000FF000000FF000000FF000000FF000000FF000000FF000000FF000000FF000000FF000000FF000000FF000000FF000000FF000000FF000000FF000000FF000000FF000000FF000000FF000000FF000000FF000000FF000000FF000000FF000000FF000000FF000000FF000000FF000000FF000000FF000000FF000000FF000000FF000000FF000000FF000000FF000000FF000000FF000000FF000000FF000000FF000000FF000000FF000000FF000000FF000000FF000000FF000000FF000000FF000000FF000000FF000000FF000000FF000000FF000000FF000000FF000000FF000000FF000000FF000000FF000000FF000000FF000000FF000000FF000000FF000000FF000000FF000000FF000000FF000000FF000000FF000000FF000000FF000000FF000000FF000000FF000000FF000000FF000000FF000000FF000000FF000000FF000000FF000000FF000000FF000000FF000000FF000000FF000000FF000000FF000000FF000000FF000000FF000000FF000000FF000000FF000000FF000000FF000000FF000000FF000000FF000000FF000000FF000000FF000000FF000000FF000000FF000000FF000000FF000000FF000000FF000000FF000000FF000000FF000000FF000000FF000000FF000000FF000000FF000000FF000000FF000000FF000000FF000000FF000000FF000000FF000000FF000000FF000000FF000000FF000000FF000000FF000000FF000000FF000000FF000000FF000000FF000000FF000000FF000000FF000000FF000000FF000000FF000000FF000000FF000000FF000000FF000000FF000000FF000000FF000000FF000000FF000000FF000000FF000000FF000000FF000000FF000000FF000000FF000000FF000000FF000000FF000000FF000000FF000000FF000000FF000000FF000000FF000000FF000000FF000000FF000000FF000000FF000000FF000000FF000000FF000000FF000000FF000000FF000000FF000000FF000000FF000000FF000000FF000000FF000000FF000000FF000000FF000000FF000000FF000000FF000000FF000000FF000000FF000000FF000000FF000000FF000000FF000000FF000000FF000000FF000000FF000000FF000000FF000000FF000000FF000000FF000000FF000000FF000000FF000000FF000000FF000000FF000000FF000000FF000000FF000000FF000000FF000000FF000000FF000000FF000000FF000000FF000000FF000000FF000000FF000000FF000000FF000000FF000000FF000000FF000000FF000000FF000000FF000000FF000000FF000000FF000000FF000000FF000000FF000000FF000000FF000000FF000000FF000000FF000000FF000000FF000000FF000000FF000000FF000000FF000000FF000000FF000000FF000000FF000000FF000000FF000000FF000000FF000000FF000000FF000000FF000000FF000000FF000000FF000000FF000000FF000000FF000000FF000000FF000000FF000000FF000000FF000000FF000000FF000000FF000000FF000000FF000000FF000000FF000000FF000000FF000000FF000000FF000000FF000000FF000000FF000000FF000000FF000000FF000000FF000000FF000000FF000000FF000000FF000000FF000000FF000000FF000000FF000000FF000000FF000000FF000000FF000000FF000000FF000000FF000000FF000000FF000000FF000000FF000000FF000000FF000000FF000000FF000000FF000000FF000000FF000000FF000000FF000000FF000000FF000000FF000000FF000000FF000000FF000000FF000000FF000000FF000000FF000000FF000000FF000000FF000000FF000000FF000000FF000000FF000000FF000000FF000000FF000000FF000000FF000000FF000000FF000000FF000000FF000000FF000000FF000000FF000000FF000000FF000000FF000000FF000000FF000000FF000000FF000000FF000000FF000000FF000000FF000000FF000000FF000000FF000000FF000000FF000000FF000000FF000000FF000000FF000000FF000000FF000000FF000000FF000000FF000000FF000000FF000000FF000000FF000000FF000000FF000000FF000000FF000000FF000000FF000000FF000000FF000000FF000000FF000000FF000000FF000000FF000000FF000000FF000000FF000000FF000000FF000000FF000000FF000000FF000000FF000000FF000000FF000000FF000000FF000000FF000000FF000000FF000000FF000000FF000000FF000000FF000000FF000000FF000000FF000000FF000000FF000000FF000000FF000000FF000000FF000000FF000000FF000000FF000000FF000000FF000000FF000000FF000000FF000000FF000000FF000000FF000000FF000000FF000000FF000000FF000000FF000000FF000000FF000000FF000000FF000000FF000000FF000000FF000000FF000000FF000000FF000000FF000000FF000000FF000000FF000000FF000000FF000000FF000000FF000000FF000000FF000000FF000000FF000000FF000000FF000000FF000000FF000000FF000000FF000000FF000000FF000000FF000000FF000000FF000000FF000000FF000000FF000000FF000000FF000000FF000000FF000000FF000000FF000000FF000000FF000000FF000000FF000000FF000000FF000000FF000000FF000000FF000000FF000000FF000000FF000000FF000000FF000000FF000000FF000000FF000000FF000000FF000000FF000000FF000000FF000000FF000000FF000000FF000000FF000000FF000000FF000000FF000000FF000000FF000000FF000000FF000000FF000000FF000000FF000000FF000000FF000000FF000000FF000000FF000000FF000000FF000000FF000000FF000000FF000000FF000000FF000000FF000000FF000000FF000000FF000000FF000000FF000000FF000000FF000000FF000000FF000000FF000000FF000000FF000000FF000000FF000000FF000000FF000000FF000000FF000000FF000000FF000000FF000000FF000000FF000000FF000000FF000000FF000000FF000000FF000000FF000000FF000000FF000000FF000000FF000000FF000000FF000000FF000000FF000000FF000000FF000000FF000000FF000000FF000000FF000000FF000000FF000000FF000000FF000000FF000000FF000000FF000000FF000000FF000000FF000000FF000000FF000000FF000000FF000000FF000000FF000000FF000000FF000000FF000000FF000000FF000000FF000000FF000000FF000000FF000000FF000000FF000000FF000000FF000000FF000000FF000000FF000000FF000000FF000000FF000000FF000000FF000000FF000000FF000000FF000000FF000000FF000000FF000000FF000000FF000000FF000000FF000000FF000000FF000000FF000000FF000000FF000000FF000000FF000000FF000000FF000000FF000000FF000000FF000000FF000000FF000000FF000000FF000000FF000000FF000000FF000000FF000000FF000000FF000000FF000000FF000000FF000000FF000000FF000000FF000000FF000000FF000000FF000000FF000000FF000000FF000000FF000000FF000000FF000000FF000000FF000000FF000000FF000000FF000000FF000000FF000000FF000000FF000000FF000000FF000000FF000000FF000000FF000000FF000000FF000000FF000000FF000000FF000000FF000000FF000000FF000000FF000000FF000000FF000000FF000000FF000000FF000000FF000000FF000000FF000000FF000000FF000000FF000000FF000000FF000000FF000000FF000000FF000000FF000000FF000000FF000000FF000000FF000000FF000000FF000000FF000000FF000000FF000000FF000000FF000000FF000000FF000000FF000000FF000000FF000000FF000000FF000000FF000000FF000000FF000000FF000000FF000000FF000000FF000000FF000000FF000000FF000000FF000000FF000000FF000000FF000000FF000000FF000000FF000000FF000000FF000000FF000000FF000000FF000000FF000000FF000000FF000000FF000000FF000000FF000000FF000000FF000000FF000000FF000000FF000000FF000000FF000000FF000000FF000000FF000000FF000000FF000000FF000000FF000000FF000000FF000000FF000000FF000000FF000000FF000000FF000000FF000000FF000000FF000000FF000000FF000000FF000000FF000000FF000000FF000000FF000000FF000000FF000000FF000000FF000000FF000000FF000000FF000000FF000000FF000000FF000000FF000000FF000000FF000000FF000000FF000000FF000000FF000000FF000000FF000000FF000000FF000000FF000000FF000000FF000000FF000000FF000000FF000000FF000000FF000000FF000000FF000000FF000000FF000000FF000000FF000000FF000000FF000000FF000000FF000000FF000000FF000000FF000000FF000000FF000000FF000000FF000000FF000000FF000000FF000000FF000000FF000000FF000000FF000000FF000000FF000000FF000000FF000000FF000000FF000000FF000000FF000000FF000000FF000000FF000000FF000000FF000000FF000000FF000000FF000000FF000000FF000000FF000000FF000000FF000000FF000000FF000000FF000000FF000000FF000000FF000000FF000000FF000000FF000000FF000000FF000000FF000000FF000000FF000000FF000000FF000000FF000000FF000000FF000000FF000000FF000000FF000000FF000000FF000000FF000000FF000000FF000000FF000000FF000000FF000000FF000000FF000000FF000000FF000000FF000000FF000000FF000000FF000000FF000000FF000000FF000000FF000000FF000000FF000000FF000000FF000000FF000000FF000000FF000000FF000000FF000000FF000000FF000000FF000000FF000000FF000000FF000000FF000000FF000000FF000000FF000000FF000000FF000000FF000000FF000000FF000000FF000000FF000000FF000000FF000000FF000000FF000000FF000000FF000000FF000000FF000000FF000000FF000000FF000000FF000000FF000000FF000000FF000000FF000000FF000000FF000000FF000000FF000000FF000000FF000000FF000000FF000000FF000000FF000000FF000000FF000000FF000000FF000000FF000000FF000000FF000000FF000000FF000000FF000000FF000000FF000000FF000000FF000000FF000000FF000000FF000000FF000000FF000000FF000000FF000000FF000000FF000000FF000000FF000000FF000000FF000000FF000000FF000000FF000000FF000000FF000000FF000000FF000000FF000000FF000000FF000000FF000000FF000000FF000000FF000000FF000000FF000000FF000000FF000000FF000000FF000000FF000000FF000000FF000000FF000000FF000000FF000000FF000000FF000000FF000000FF000000FF000000FF000000FF000000FF000000FF000000FF000000FF000000FF000000FF000000FF000000FF000000FF000000FF000000FF000000FF000000FF000000FF000000FF000000FF000000FF000000FF000000FF000000FF000000FF000000FF000000FF000000FF000000FF000000FF000000FF000000FF000000FF000000FF000000FF000000FF000000FF000000FF000000FF000000FF000000FF000000FF000000FF000000FF000000FF000000FF000000FF000000FF000000FF000000FF000000FF000000FF000000FF000000FF000000FF000000FF000000FF000000FF000000FF000000FF000000FF000000FF000000FF000000FF000000FF000000FF000000FF000000FF000000FF000000FF000000FF000000FF000000FF000000FF000000FF000000FF000000FF000000FF000000FF000000FF000000FF000000FF000000FF000000FF000000FF000000FF000000FF000000FF000000FF000000FF000000FF000000FF000000FF000000FF000000FF000000FF000000FF000000FF000000FF000000FF000000FF000000FF000000FF000000FF000000FF000000FF000000FF000000FF000000FF000000FF000000FF000000FF000000FF000000FF000000FF000000FF000000FF000000FF000000FF000000FF000000FF000000FF000000FF000000FF000000FF000000FF000000FF000000FF000000FF000000FF000000FF000000FF000000FF000000FF000000FF000000FF000000FF000000FF000000FF000000FF000000FF000000FF000000FF000000FF000000FF000000FF000000FF000000FF000000FF000000FF000000FF000000FF000000FF000000FF000000FF000000FF000000FF000000FF000000FF000000FF000000FF000000FF000000FF000000FF000000FF000000FF000000FF000000FF000000FF000000FF000000FF000000FF000000FF000000FF000000FF000000FF000000FF000000FF000000FF000000FF000000FF000000FF000000FF000000FF000000FF000000FF000000FF000000FF000000FF000000FF000000FF000000FF000000FF000000FF000000FF000000FF000000FF000000FF000000FF000000FF000000FF000000FF000000FF000000FF000000FF000000FF000000FF000000FF000000FF000000FF000000FF000000FF000000FF000000FF000000FF000000FF000000FF000000FF000000FF000000FF000000FF000000FF000000FF000000FF000000FF000000FF000000FF000000FF000000FF000000FF000000FF000000FF000000FF000000FF000000FF000000FF000000FF000000FF000000FF000000FF000000FF000000FF000000FF000000FF000000FF000000FF000000FF000000FF000000FF000000FF000000FF000000FF000000FF000000FF000000FF000000FF000000FF000000FF000000FF000000FF000000FF000000FF000000FF000000FF000000FF000000FF000000FF000000FF000000FF000000FF000000FF000000FF000000FF000000FF000000FF000000FF000000FF000000FF000000FF000000FF000000FF000000FF000000FF000000FF000000FF000000FF000000FF000000FF000000FF000000FF000000FF000000FF000000FF000000FF000000FF000000FF000000FF000000FF000000FF000000FF000000FF000000FF000000FF000000FF000000FF000000FF000000FF000000FF000000FF000000FF000000FF000000FF000000FF000000FF000000FF000000FF000000FF000000FF000000FF000000FF000000FF000000FF000000FF000000FF000000FF000000FF000000FF000000FF000000FF000000FF000000FF000000FF000000FF000000FF000000FF000000FF000000FF000000FF000000FF000000FF000000FF000000FF000000FF000000FF000000FF000000FF000000FF000000FF000000FF000000FF000000FF000000FF000000FF000000FF000000FF000000FF000000FF000000FF000000FF000000FF000000FF000000FF000000FF000000FF000000FF000000FF000000FF000000FF000000FF000000FF000000FF000000FF000000FF000000FF000000FF000000FF000000FF000000FF000000FF000000FF000000FF000000FF000000FF000000FF000000FF000000FF000000FF000000FF000000FF000000FF000000FF000000FF000000FF000000FF000000FF000000FF000000FF000000FF000000FF000000FF000000FF000000FF000000FF000000FF000000FF000000FF000000FF000000FF000000FF000000FF000000FF000000FF000000FF000000FF000000FF000000FF000000FF000000FF000000FF000000FF000000FF000000FF000000FF000000FF000000FF000000FF000000FF000000FF000000FF000000FF000000FF000000FF000000FF000000FF000000FF000000FF000000FF000000FF000000FF000000FF000000FF000000FF000000FF000000FF000000FF000000FF000000FF000000FF000000FF000000FF000000FF000000FF000000FF000000FF000000FF000000FF000000FF000000FF000000FF000000FF000000FF000000FF000000FF000000FF000000FF000000FF000000FF000000FF000000FF000000FF000000FF000000FF000000FF000000FF000000FF000000FF000000FF000000FF000000FF000000FF000000FF000000FF000000FF000000FF000000FF000000FF000000FF000000FF000000FF000000FF000000FF000000FF000000FF000000FF000000FF000000FF000000FF000000FF000000FF000000FF000000FF000000FF000000FF000000FF000000FF000000FF000000FF000000FF000000FF000000FF000000FF000000FF000000FF000000FF000000FF000000FF000000FF000000FF000000FF000000FF000000FF000000FF000000FF000000FF000000FF000000FF000000FF000000FF000000FF000000FF000000FF000000FF000000FF000000FF000000FF000000FF000000FF000000FF000000FF000000FF000000FF000000FF000000FF000000FF000000FF000000FF000000FF000000FF000000FF000000FF000000FF000000FF000000FF000000FF000000FF000000FF000000FF000000FF000000FF000000FF000000FF000000FF000000FF000000FF000000FF000000FF000000FF000000FF000000FF000000FF000000FF000000FF000000FF000000FF000000FF000000FF000000FF000000FF000000FF000000FF000000FF000000FF000000FF000000FF000000FF000000FF000000FF000000FF000000FF000000FF000000FF000000FF000000FF000000FF000000FF000000FF000000FF000000FF000000FF000000FF000000FF000000FF000000FF000000FF000000FF000000FF000000FF000000FF000000FF000000FF000000FF000000FF000000FF000000FF000000FF000000FF000000FF000000FF000000FF000000FF000000FF000000FF000000FF000000FF000000FF000000FF000000FF000000FF000000FF000000FF000000FF000000FF000000FF000000FF000000FF000000FF000000FF000000FF000000FF000000FF000000FF000000FF000000FF000000FF000000FF000000FF000000FF000000FF000000FF000000FF000000FF000000FF000000FF000000FF000000FF000000FF000000FF000000FF000000FF000000FF000000FF000000FF000000FF000000FF000000FF000000FF000000FF000000FF000000FF000000FF000000FF000000FF000000FF000000FF000000FF000000FF000000FF000000FF000000FF000000FF000000FF000000FF000000FF000000FF000000FF000000FF000000FF000000FF000000FF000000FF000000FF000000FF000000FF000000FF000000FF000000FF000000FF000000FF000000FF000000FF000000FF000000FF000000FF000000FF000000FF000000FF000000FF000000FF000000FF000000FF000000FF000000FF000000FF000000FF000000FF000000FF000000FF000000FF000000FF000000FF000000FF000000FF000000FF000000FF000000FF000000FF000000FF000000FF000000FF000000FF000000FF000000FF000000FF000000FF000000FF000000FF000000FF000000FF000000FF000000FF000000FF000000FF000000FF000000FF000000FF000000FF000000FF000000FF000000FF000000FF000000FF000000FF000000FF000000FF000000FF000000FF000000FF000000FF000000FF000000FF000000FF000000FF000000FF000000FF000000FF000000FF000000FF000000FF000000FF000000FF000000FF000000FF000000FF000000FF000000FF000000FF000000FF000000FF000000FF000000FF000000FF000000FF000000FF000000FF000000FF000000FF000000FF000000FF000000FF000000FF000000FF000000FF000000FF000000FF000000FF000000FF000000FF000000FF000000FF000000FF000000FF000000FF000000FF000000FF000000FF000000FF000000FF000000FF000000FF000000FF000000FF000000FF000000FF000000FF000000FF000000FF000000FF000000FF000000FF000000FF000000FF000000FF000000FF000000FF000000FF000000FF000000FF000000FF000000FF000000FF000000FF000000FF000000FF000000FF000000FF000000FF000000FF000000FF000000FF000000FF000000FF000000FF000000FF000000FF000000FF000000FF000000FF000000FF000000FF000000FF000000FF000000FF000000FF000000FF000000FF000000FF000000FF000000FF000000FF000000FF000000FF000000FF000000FF000000FF000000FF000000FF000000FF000000FF000000FF000000FF000000FF000000FF000000FF000000FF000000FF000000FF000000FF000000FF000000FF000000FF000000FF000000FF000000FF000000FF000000FF000000FF000000FF000000FF000000FF000000FF000000FF000000FF000000FF000000FF000000FF000000FF000000FF000000FF000000FF000000FF000000FF000000FF000000FF000000FF000000FF000000FF000000FF000000FF000000FF000000FF000000FF000000FF000000FF000000FF000000FF000000FF000000FF000000FF000000FF000000FF000000FF000000FF000000FF000000FF000000FF000000FF000000FF000000FF000000FF000000FF000000FF000000FF000000FF000000FF000000FF000000FF000000FF000000FF000000FF000000FF000000FF000000FF000000FF000000FF000000FF000000FF000000FF000000FF000000FF000000FF000000FF000000FF000000FF000000FF000000FF000000FF000000FF000000FF000000FF000000FF000000FF000000FF000000FF000000FF000000FF000000FF000000FF000000FF000000FF000000FF000000FF000000FF000000FF000000FF000000FF000000FF000000FF000000FF000000FF000000FF000000FF000000FF000000FF000000FF000000FF000000FF000000FF000000FF000000FF000000FF000000FF000000FF000000FF000000FF000000FF000000FF000000FF000000FF000000FF000000FF000000FF000000FF000000FF000000FF000000FF000000FF000000FF000000FF000000FF000000FF000000FF000000FF000000FF000000FF000000FF000000FF000000FF000000FF000000FF000000FF000000FF000000FF000000FF000000FF000000FF000000FF000000FF000000FF000000FF000000FF000000FF000000FF000000FF000000FF000000FF000000FF000000FF000000FF000000FF000000FF000000FF000000FF000000FF000000FF000000FF000000FF000000FF000000FF000000FF000000FF000000FF000000FF000000FF000000FF000000FF000000FF000000FF000000FF000000FF000000FF000000FF000000FF000000FF000000FF000000FF000000FF000000FF000000FF000000FF000000FF000000FF000000FF000000FF000000FF000000FF000000FF000000FF000000FF000000FF000000FF000000FF000000FF000000FF000000FF000000FF000000FF000000FF000000FF000000FF000000FF000000FF000000FF000000FF000000FF000000FF000000FF000000FF000000FF000000FF000000FF000000FF000000FF000000FF000000FF000000FF000000FF000000FF000000FF000000FF000000FF000000FF000000FF000000FF000000FF000000FF000000FF000000FF000000FF000000FF000000FF000000FF000000FF000000FF000000FF000000FF000000FF000000FF000000FF000000FF000000FF000000FF000000FF000000FF000000FF000000FF000000FF000000FF000000FF000000FF000000FF000000FF000000FF000000FF000000FF000000FF000000FF000000FF000000FF000000FF000000FF000000FF000000FF000000FF000000FF000000FF000000FF000000FF000000FF000000FF000000FF000000FF000000FF000000FF000000FF000000FF000000FF000000FF000000FF000000FF000000FF000000FF000000FF000000FF000000FF000000FF000000FF000000FF000000FF000000FF000000FF000000FF000000FF000000FF000000FF000000FF000000FF000000FF000000FF000000FF000000FF000000FF000000FF000000FF000000FF000000FF000000FF000000FF000000FF000000FF000000FF000000FF000000FF000000FF000000FF000000FF000000FF000000FF000000FF000000FF000000FF000000FF000000FF000000FF000000FF000000FF000000FF000000FF000000FF000000FF000000FF000000FF000000FF000000FF000000FF000000FF000000FF000000FF000000FF000000FF000000FF000000FF000000FF000000FF000000FF000000FF000000FF000000FF000000FF000000FF000000FF000000FF000000FF000000FF000000FF000000FF000000FF000000FF000000FF000000FF000000FF000000FF000000FF000000FF000000FF000000FF000000FF000000FF000000FF000000FF000000FF000000FF000000FF000000FF000000FF000000FF000000FF000000FF000000FF000000FF000000FF000000FF000000FF000000FF000000FF000000FF000000FF000000FF000000FF000000FF000000FF000000FF000000FF000000FF000000FF000000FF000000FF000000FF000000FF000000FF000000FF000000FF000000FF000000FF000000FF000000FF000000FF000000FF000000FF000000FF000000FF000000FF000000FF000000FF000000FF000000FF000000FF000000FF000000FF000000FF000000FF000000FF000000FF000000FF000000FF000000FF000000FF000000FF000000FF000000FF000000FF000000FF000000FF000000FF000000FF000000FF000000FF000000FF000000FF000000FF000000FF000000FF000000FF000000FF000000FF000000FF000000FF000000FF000000FF000000FF000000FF000000FF000000FF000000FF000000FF000000FF000000FF000000FF000000FF000000FF000000FF000000FF000000FF000000FF000000FF000000FF000000FF000000FF000000FF000000FF000000FF000000FF000000FF000000FF000000FF000000FF000000FF000000FF000000FF000000FF000000FF000000FF000000FF000000FF000000FF000000FF000000FF000000FF000000FF000000FF000000FF000000FF000000FF000000FF000000FF000000FF000000FF000000FF000000FF000000FF000000FF000000FF000000FF000000FF000000FF000000FF000000FF000000FF000000FF000000FF000000FF000000FF000000FF000000FF000000FF000000FF000000FF000000FF000000FF000000FF000000FF000000FF000000FF000000FF000000FF000000FF000000FF000000FF000000FF000000FF000000FF000000FF000000FF000000FF000000FF000000FF000000FF000000FF000000FF000000FF000000FF000000FF000000FF000000FF000000FF000000FF000000FF000000FF000000FF000000FF000000FF000000FF000000FF000000FF000000FF000000FF000000FF000000FF000000FF000000FF000000FF000000FF000000FF000000FF000000FF000000FF000000FF000000FF000000FF000000FF000000FF000000FF000000FF000000FF000000FF000000FF000000FF000000FF000000FF000000FF000000FF000000FF000000FF000000FF000000FF000000FF000000FF000000FF000000FF000000FF000000FF000000FF000000FF000000FF000000FF000000FF000000FF000000FF000000FF000000FF000000FF000000FF000000FF000000FF000000FF000000FF000000FF000000FF000000FF000000FF000000FF000000FF000000FF000000FF000000FF000000FF000000FF000000FF000000FF000000FF000000FF000000FF000000FF000000FF000000FF000000FF000000FF000000FF000000FF000000FF000000FF000000FF000000FF000000FF000000FF000000FF000000FF000000FF000000FF000000FF000000FF000000FF000000FF000000FF000000FF000000FF000000FF000000FF000000FF000000FF000000FF000000FF000000FF000000FF000000FF000000FF000000FF000000FF000000FF000000FF000000FF000000FF000000FF000000FF000000FF000000FF000000FF000000FF000000FF000000FF000000FF000000FF000000FF000000FF000000FF000000FF000000FF000000FF000000FF000000FF000000FF000000FF000000FF000000FF000000FF000000FF000000FF000000FF000000FF000000FF000000FF000000FF000000FF000000FF000000FF000000FF000000FF000000FF000000FF000000FF000000FF000000FF000000FF000000FF000000FF000000FF000000FF000000FF000000FF000000FF000000FF000000FF000000FF000000FF000000FF000000FF000000FF000000FF000000FF000000FF000000FF000000FF000000FF000000FF000000FF000000FF000000FF000000FF000000FF000000FF000000FF000000FF000000FF000000FF000000FF000000FF000000FF000000FF000000FF000000FF000000FF000000FF000000FF000000FF000000FF000000FF000000FF000000FF000000FF000000FF000000FF000000FF000000FF000000FF000000FF000000FF000000FF000000FF000000FF000000FF000000FF000000FF000000FF000000FF000000FF000000FF000000FF000000FF000000FF000000FF000000FF000000FF000000FF000000FF000000FF000000FF000000FF000000FF000000FF000000FF000000FF000000FF000000FF000000FF000000FF000000FF000000FF000000FF000000FF000000FF000000FF000000FF000000FF000000FF000000FF000000FF000000FF000000FF000000FF000000FF000000FF000000FF000000FF000000FF000000FF000000FF000000FF000000FF000000FF000000FF000000FF000000FF000000FF000000FF000000FF000000FF000000FF000000FF000000FF000000FF000000FF000000FF000000FF000000FF000000FF000000FF000000FF000000FF000000FF000000FF000000FF000000FF000000FF000000FF000000FF000000FF000000FF000000FF000000FF000000FF000000FF000000FF000000FF000000FF000000FF000000FF000000FF000000FF000000FF000000FF000000FF000000FF000000FF000000FF000000FF000000FF000000FF000000FF000000FF000000FF000000FF000000FF000000FF000000FF000000FF000000FF000000FF000000FF000000FF000000FF000000FF000000FF000000FF000000FF000000FF000000FF000000FF000000FF000000FF000000FF000000FF000000FF000000FF000000FF000000FF000000FF000000FF000000FF000000FF000000FF000000FF000000FF000000FF000000FF000000FF000000FF000000FF000000FF000000FF000000FF000000FF000000FF000000FF000000FF000000FF000000FF000000FF000000FF000000FF000000FF000000FF000000FF000000FF000000FF000000FF000000FF000000FF000000FF000000FF000000FF000000FF000000FF000000FF000000FF000000FF000000FF000000FF000000FF000000FF000000FF000000FF000000FF000000FF000000FF000000FF000000FF000000FF000000FF000000FF000000FF000000FF000000FF000000FF000000FF000000FF000000FF000000FF000000FF000000FF000000FF000000FF000000FF000000FF000000FF000000FF000000FF000000FF000000FF000000FF000000FF000000FF000000FF000000FF000000FF000000FF000000FF000000FF000000FF000000FF000000FF000000FF000000FF000000FF000000FF000000FF000000FF000000FF000000FF000000FF000000FF000000FF000000FF000000FF000000FF000000FF000000FF000000FF000000FF000000FF000000FF000000FF000000FF000000FF000000FF000000FF000000FF000000FF000000FF000000FF000000FF000000FF000000FF000000FF000000FF000000FF000000FF000000FF000000FF000000FF000000FF000000FF000000FF000000FF000000FF000000FF000000FF000000FF000000FF000000FF000000FF000000FF000000FF000000FF000000FF000000FF000000FF000000FF000000FF000000FF000000FF000000FF000000FF000000FF000000FF000000FF000000FF000000FF000000FF000000FF000000FF000000FF000000FF000000FF000000FF000000FF000000FF000000FF000000FF000000FF000000FF000000FF000000FF000000FF000000FF000000FF000000FF000000FF000000FF000000FF000000FF000000FF000000FF000000FF000000FF000000FF000000FF000000FF000000FF000000FF000000FF000000FF000000FF000000FF000000FF000000FF000000FF000000FF000000FF000000FF000000FF000000FF000000FF000000FF000000FF000000FF000000FF000000FF000000FF000000FF000000FF000000FF000000FF000000FF000000FF000000FF000000FF000000FF000000FF000000FF000000FF000000FF000000FF000000FF000000FF000000FF000000FF000000FF000000FF000000FF000000FF000000FF000000FF000000FF000000FF000000FF000000FF000000FF000000FF000000FF000000FF000000FF000000FF000000FF000000FF000000FF000000FF000000FF000000FF000000FF000000FF000000FF000000FF000000FF000000FF000000FF000000FF000000FF000000FF000000FF000000FF000000FF000000FF000000FF000000FF000000FF000000FF000000FF000000FF000000FF000000FF000000FF000000FF000000FF000000FF000000FF000000FF000000FF000000FF000000FF000000FF000000FF000000FF000000FF000000FF000000FF000000FF000000FF000000FF000000FF000000FF000000FF000000FF000000FF000000FF000000FF000000FF000000FF000000FF000000FF000000FF000000FF000000FF000000FF000000FF000000FF000000FF000000FF000000FF000000FF000000FF000000FF000000FF000000FF000000FF000000FF000000FF000000FF000000FF000000FF000000FF000000FF000000FF000000FF000000FF000000FF000000FF000000FF000000FF000000FF000000FF000000FF000000FF000000FF000000FF000000FF000000FF000000FF000000FF000000FF000000FF000000FF000000FF000000FF000000FF000000FF000000FF000000FF000000FF000000FF000000FF000000FF000000FF000000FF000000FF000000FF000000FF000000FF000000FF000000FF000000FF000000FF000000FF000000FF000000FF000000FF000000FF000000FF000000FF000000FF000000FF000000FF000000FF000000FF000000FF000000FF000000FF000000FF000000FF000000FF000000FF000000FF000000FF000000FF000000FF000000FF000000FF000000FF000000FF000000FF000000FF000000FF000000FF000000FF000000FF000000FF000000FF000000FF000000FF000000FF000000FF000000FF000000FF000000FF000000FF000000FF000000FF000000FF000000FF000000FF000000FF000000FF000000FF000000FF000000FF000000FF000000FF000000FF000000FF000000FF000000FF000000FF000000FF000000FF000000FF000000FF000000FF000000FF000000FF000000FF000000FF000000FF000000FF000000FF000000FF000000FF000000FF000000FF000000FF000000FF000000FF000000FF000000FF000000FF000000FF000000FF000000FF000000FF000000FF000000FF000000FF000000FF000000FF000000FF000000FF000000FF000000FF000000FF000000FF000000FF000000FF000000FF000000FF000000FF000000FF000000FF000000FF000000FF000000FF000000FF000000FF000000FF000000FF000000FF000000FF000000FF000000FF000000FF000000FF000000FF000000FF000000FF000000FF000000FF000000FF000000FF000000FF000000FF000000FF000000FF000000FF000000FF000000FF000000FF000000FF000000FF000000FF000000FF000000FF000000FF000000FF000000FF000000FF000000FF000000FF000000FF000000FF000000FF000000FF000000FF000000FF000000FF000000FF000000FF000000FF000000FF000000FF000000FF000000FF000000FF000000FF000000FF000000FF000000FF000000FF000000FF000000FF000000FF000000FF000000FF000000FF000000FF000000FF000000FF000000FF000000FF000000FF000000FF000000FF000000FF000000FF000000FF000000FF000000FF000000FF000000FF000000FF000000FF000000FF000000FF000000FF000000FF000000FF000000FF000000FF000000FF000000FF000000FF000000FF000000FF000000FF000000FF000000FF000000FF000000FF000000FF000000FF000000FF000000FF000000FF000000FF000000FF000000FF000000FF000000FF000000FF000000FF000000FF000000FF000000FF000000FF000000FF000000FF000000FF000000FF000000FF000000FF000000FF000000FF000000FF000000FF000000FF000000FF000000FF000000FF000000FF000000FF000000FF000000FF000000FF000000FF000000FF000000FF000000FF000000FF000000FF000000FF000000FF000000FF000000FF000000FF000000FF000000FF000000FF000000FF000000FF000000FF000000FF000000FF000000FF000000FF000000FF000000FF000000FF000000FF000000FF000000FF000000FF000000FF000000FF000000FF000000FF000000FF000000FF000000FF000000FF000000FF000000FF000000FF000000FF000000FF000000FF000000FF000000FF000000FF000000FF000000FF000000FF000000FF000000FF000000FF000000FF000000FF000000FF000000FF000000FF000000FF000000FF000000FF000000FF000000FF000000FF000000FF000000FF000000FF000000FF000000FF000000FF000000FF000000FF000000FF000000FF000000FF000000FF000000FF000000FF000000FF000000FF000000FF000000FF000000FF000000FF000000FF000000FF000000FF000000FF000000FF000000FF000000FF000000FF000000FF000000FF000000FF000000FF000000FF000000FF000000FF000000FF000000FF000000FF000000FF000000FF000000FF000000FF000000FF000000FF000000FF000000FF000000FF000000FF000000FF000000FF000000FF000000FF000000FF000000FF000000FF000000FF000000FF000000FF000000FF000000FF000000FF000000FF000000FF000000FF000000FF000000FF000000FF000000FF000000FF000000FF000000FF000000FF000000FF000000FF000000FF000000FF000000FF000000FF000000FF000000FF000000FF000000FF000000FF000000FF000000FF000000FF000000FF000000FF000000FF000000FF000000FF000000FF000000FF000000FF000000FF000000FF000000FF000000FF000000FF000000FF000000FF000000FF000000FF000000FF000000FF000000FF000000FF000000FF000000FF000000FF000000FF000000FF000000FF000000FF000000FF000000FF000000FF000000FF000000FF000000FF000000FF000000FF000000FF000000FF000000FF000000FF000000FF000000FF000000FF000000FF000000FF000000FF000000FF000000FF000000FF000000FF000000FF000000FF000000FF000000FF000000FF000000FF000000FF000000FF000000FF000000FF000000FF000000FF000000FF000000FF000000FF000000FF000000FF000000FF000000FF000000FF000000FF000000FF000000FF000000FF000000FF000000FF000000FF000000FF000000FF000000FF000000FF000000FF000000FF000000FF000000FF000000FF000000FF000000FF000000FF000000FF000000FF000000FF000000FF000000FF000000FF000000FF000000FF000000FF000000FF000000FF000000FF000000FF000000FF000000FF000000FF000000FF000000FF000000FF000000FF000000FF000000FF000000FF000000FF000000FF000000FF000000FF000000FF000000FF000000FF000000FF000000FF000000FF000000FF000000FF000000FF000000FF000000FF000000FF000000FF000000FF000000FF000000FF000000FF000000FF000000FF000000FF000000FF000000FF000000FF000000FF000000FF000000FF000000FF000000FF000000FF000000FF000000FF000000FF000000FF000000FF000000FF000000FF000000FF000000FF000000FF000000FF000000FF000000FF000000FF000000FF000000FF000000FF000000FF000000FF000000FF000000FF000000FF000000FF000000FF000000FF000000FF000000FF000000FF000000FF000000FF000000FF000000FF000000FF000000FF000000FF000000FF000000FF000000FF000000FF000000FF000000FF000000FF000000FF000000FF000000FF000000FF000000FF000000FF000000FF000000FF000000FF000000FF000000FF000000FF000000FF000000FF000000FF000000FF000000FF000000FF000000FF000000FF000000FF000000FF000000FF000000FF000000FF000000FF000000FF000000FF000000FF000000FF000000FF000000FF000000FF000000FF000000FF000000FF000000FF000000FF000000FF000000FF000000FF000000FF000000FF000000FF000000FF000000FF000000FF000000FF000000FF000000FF000000FF000000FF000000FF000000FF000000FF000000FF000000FF000000FF000000FF000000FF000000FF000000FF000000FF000000FF000000FF000000FF000000FF000000FF000000FF000000FF000000FF000000FF000000FF000000FF000000FF000000FF000000FF000000FF000000FF000000FF000000FF000000FF000000FF000000FF000000FF000000FF000000FF000000FF000000FF000000FF000000FF000000FF000000FF000000FF000000FF000000FF000000FF000000FF000000FF000000FF000000FF000000FF000000FF000000FF000000FF000000FF000000FF000000FF000000FF000000FF000000FF000000FF000000FF000000FF000000FF000000FF000000FF000000FF000000FF000000FF000000FF000000FF000000FF000000FF000000FF000000FF000000FF000000FF000000FF000000FF000000FF000000FF000000FF000000FF000000FF000000FF000000FF000000FF000000FF000000FF000000FF000000FF000000FF000000FF000000FF000000FF000000FF000000FF000000FF000000FF000000FF000000FF000000FF000000FF000000FF000000FF000000FF000000FF000000FF000000FF000000FF000000FF000000FF000000FF000000FF000000FF000000FF000000FF000000FF000000FF000000FF000000FF000000FF000000FF000000FF000000FF000000FF000000FF000000FF000000FF000000FF000000FF000000FF000000FF000000FF000000FF000000FF000000FF000000FF000000FF000000FF000000FF000000FF000000FF000000FF000000FF000000FF000000FF000000FF000000FF000000FF000000FF000000FF000000FF000000FF000000FF000000FF000000FF000000FF000000FF000000FF000000FF000000FF000000FF000000FF000000FF000000FF000000FF000000FF000000FF000000FF000000FF000000FF000000FF000000FF000000FF000000FF000000FF000000FF000000FF000000FF000000FF000000FF000000FF000000FF000000FF000000FF000000FF000000FF000000FF000000FF000000FF000000FF000000FF000000FF000000FF000000FF000000FF000000FF000000FF000000FF000000FF000000FF000000FF000000FF000000FF000000FF000000FF000000FF000000FF000000FF000000FF000000FF000000FF000000FF000000FF000000FF000000FF000000FF000000FF000000FF000000FF000000FF000000FF000000FF000000FF000000FF000000FF000000FF000000FF000000FF000000FF000000FF000000FF000000FF000000FF000000FF000000FF000000FF000000FF000000FF000000FF000000FF000000FF000000FF000000FF000000FF000000FF000000FF000000FF000000FF000000FF000000FF000000FF000000FF000000FF000000FF000000FF000000FF000000FF000000FF000000FF000000FF000000FF000000FF000000FF000000FF000000FF000000FF000000FF000000FF000000FF000000FF000000FF000000FF000000FF000000FF000000FF000000FF000000FF000000FF000000FF000000FF000000FF000000FF000000FF000000FF000000FF000000FF000000FF000000FF000000FF000000FF000000FF000000FF000000FF000000FF000000FF000000FF000000FF000000FF000000FF000000FF000000FF000000FF000000FF000000FF000000FF000000FF000000FF000000FF000000FF000000FF000000FF000000FF000000FF000000FF000000FF000000FF000000FF000000FF000000FF000000FF000000FF000000FF000000FF000000FF000000FF000000FF000000FF000000FF000000FF000000FF000000FF000000FF000000FF000000FF000000FF000000FF000000FF000000FF000000FF000000FF000000FF000000FF000000FF000000FF000000FF000000FF000000FF000000FF000000FF000000FF000000FF000000FF000000FF000000FF000000FF000000FF000000FF000000FF000000FF000000FF000000FF000000FF000000FF000000FF000000FF000000FF000000FF000000FF000000FF000000FF000000FF000000FF000000FF000000FF000000FF000000FF000000FF000000FF000000FF000000FF000000FF000000FF000000FF000000FF000000FF000000FF000000FF000000FF000000FF000000FF000000FF000000FF000000FF000000FF000000FF000000FF000000FF000000FF000000FF000000FF000000FF000000FF000000FF000000FF000000FF000000FF000000FF000000FF000000FF000000FF000000FF000000FF000000FF000000FF000000FF000000FF000000FF000000FF000000FF000000FF000000FF000000FF000000FF000000FF000000FF000000FF000000FF000000FF000000FF000000FF000000FF000000FF000000FF000000FF000000FF000000FF000000FF000000FF000000FF000000FF000000FF000000FF000000FF000000FF000000FF000000FF000000FF000000FF000000FF000000FF000000FF000000FF000000FF000000FF000000FF000000FF000000FF000000FF000000FF000000FF000000FF000000FF000000FF000000FF000000FF000000FF000000FF000000FF000000FF000000FF000000FF000000FF000000FF000000FF000000FF000000FF000000FF000000FF000000FF000000FF000000FF000000FF000000FF000000FF000000FF000000FF000000FF000000FF000000FF000000FF000000FF000000FF000000FF000000FF000000FF000000FF000000FF000000FF000000FF000000FF000000FF000000FF000000FF000000FF000000FF000000FF000000FF000000FF000000FF000000FF000000FF000000FF000000FF000000FF000000FF000000FF000000FF000000FF000000FF000000FF000000FF000000FF000000FF000000FF000000FF000000FF000000FF000000FF000000FF000000FF000000FF000000FF000000FF000000FF000000FF000000FF000000FF000000FF000000FF000000FF000000FF000000FF000000FF000000FF000000FF000000FF000000FF000000FF000000FF000000FF000000FF000000FF000000FF000000FF000000FF000000FF000000FF000000FF000000FF000000FF000000FF000000FF000000FF000000FF000000FF000000FF000000FF000000FF000000FF000000FF000000FF000000FF000000FF000000FF000000FF000000FF000000FF000000FF000000FF000000FF000000FF000000FF000000FF000000FF000000FF000000FF000000FF000000FF000000FF000000FF000000FF000000FF000000FF000000FF000000FF000000FF000000FF000000FF000000FF000000FF000000FF000000FF000000FF000000FF000000FF000000FF000000FF000000FF000000FF000000FF000000FF000000FF000000FF000000FF000000FF000000FF000000FF000000FF000000FF000000FF000000FF000000FF000000FF000000FF000000FF000000FF000000FF000000FF000000FF000000FF000000FF000000FF000000FF000000FF000000FF000000FF000000FF000000FF000000FF000000FF000000FF000000FF000000FF000000FF000000FF000000FF000000FF000000FF000000FF000000FF000000FF000000FF000000FF000000FF000000FF000000FF000000FF000000FF000000FF000000FF000000FF000000FF000000FF000000FF000000FF000000FF000000FF000000FF000000FF000000FF000000FF000000FF000000FF000000FF000000FF000000FF000000FF000000FF000000FF000000FF000000FF000000FF000000FF000000FF000000FF000000FF000000FF000000FF000000FF000000FF000000FF000000FF000000FF000000FF000000FF000000FF000000FF000000FF000000FF000000FF000000FF000000FF000000FF000000FF000000FF000000FF000000FF000000FF000000FF000000FF000000FF000000FF000000FF000000FF000000FF000000FF000000FF000000FF000000FF000000FF000000FF000000FF000000FF000000FF000000FF000000FF000000FF000000FF000000FF000000FF000000FF000000FF000000FF000000FF000000FF000000FF000000FF000000FF000000FF000000FF000000FF000000FF000000FF000000FF000000FF000000FF000000FF000000FF000000FF000000FF000000FF000000FF000000FF000000FF000000FF000000FF000000FF000000FF000000FF000000FF000000FF000000FF000000FF000000FF000000FF000000FF000000FF000000FF000000FF000000FF000000FF000000FF000000FF000000FF000000FF000000FF000000FF000000FF000000FF000000FF000000FF000000FF000000FF000000FF000000FF000000FF000000FF000000FF000000FF000000FF000000FF000000FF000000FF000000FF000000FF000000FF000000FF000000FF000000FF000000FF000000FF000000FF000000FF000000FF000000FF000000FF000000FF000000FF000000FF000000FF000000FF000000FF000000FF000000FF000000FF000000FF000000FF000000FF000000FF000000FF000000FF000000FF000000FF000000FF000000FF000000FF000000FF000000FF000000FF000000FF000000FF000000FF000000FF000000FF000000FF000000FF000000FF000000FF000000FF000000FF000000FF000000FF000000FF000000FF000000FF000000FF000000FF000000FF000000FF000000FF000000FF000000FF000000FF000000FF000000FF000000FF000000FF000000FF000000FF000000FF000000FF000000FF000000FF000000FF000000FF000000FF000000FF000000FF000000FF000000FF000000FF000000FF000000FF000000FF000000FF000000FF000000FF000000FF000000FF000000FF000000FF000000FF000000FF000000FF000000FF000000FF000000FF000000FF000000FF000000FF000000FF000000FF000000FF000000FF000000FF000000FF000000FF000000FF000000FF000000FF000000FF000000FF000000FF000000FF000000FF000000FF000000FF000000FF000000FF000000FF000000FF000000FF000000FF000000FF000000FF000000FF000000FF000000FF000000FF000000FF000000FF000000FF000000FF000000FF000000FF000000FF000000FF000000FF000000FF000000FF000000FF000000FF000000FF000000FF000000FF000000FF000000FF000000FF000000FF000000FF000000FF000000FF000000FF000000FF000000FF000000FF000000FF000000FF000000FF000000FF000000FF000000FF000000FF000000FF000000FF000000FF000000FF000000FF000000FF000000FF000000FF000000FF000000FF000000FF000000FF000000FF000000FF000000FF000000FF000000FF000000FF000000FF000000FF000000FF000000FF000000FF000000FF000000FF000000FF000000FF000000FF000000FF000000FF000000FF000000FF000000FF000000FF000000FF000000FF000000FF000000FF000000FF000000FF000000FF000000FF000000FF000000FF000000FF000000FF000000FF000000FF000000FF000000FF000000FF000000FF000000FF000000FF000000FF000000FF000000FF000000FF000000FF000000FF000000FF000000FF000000FF000000FF000000FF000000FF000000FF000000FF000000FF000000FF000000FF000000FF000000FF000000FF000000FF000000FF000000FF000000FF000000FF000000FF000000FF000000FF000000FF000000FF000000FF000000FF000000FF000000FF000000FF000000FF000000FF000000FF000000FF000000FF000000FF000000FF000000FF000000FF000000FF000000FF000000FF000000FF000000FF000000FF000000FF000000FF000000FF000000FF000000FF000000FF000000FF000000FF000000FF000000FF000000FF000000FF000000FF000000FF000000FF000000FF000000FF000000FF000000FF000000FF000000FF000000FF000000FF000000FF000000FF000000FF000000FF000000FF000000FF000000FF000000FF000000FF000000FF000000FF000000FF000000FF000000FF000000FF000000FF000000FF000000FF000000FF000000FF000000FF000000FF000000FF000000FF000000FF000000FF000000FF000000FF000000FF000000FF000000FF000000FF000000FF000000FF000000FF000000FF000000FF000000FF000000FF000000FF000000FF000000FF000000FF000000FF000000FF000000FF000000FF000000FF000000FF000000FF000000FF000000FF000000FF000000FF000000FF000000FF000000FF000000FF000000FF000000FF000000FF000000FF000000FF000000FF000000FF000000FF000000FF000000FF000000FF000000FF000000FF000000FF000000FF000000FF000000FF000000FF000000FF000000FF000000FF000000FF000000FF000000FF000000FF000000FF000000FF000000FF000000FF000000FF000000FF000000FF000000FF000000FF000000FF000000FF000000FF000000FF000000FF000000FF000000FF000000FF000000FF000000FF000000FF000000FF000000FF000000FF000000FF000000FF000000FF000000FF000000FF000000FF000000FF000000FF000000FF000000FF000000FF000000FF000000FF000000FF000000FF000000FF000000FF000000FF000000FF000000FF000000FF000000FF000000FF000000FF000000FF000000FF000000FF000000FF000000FF000000FF000000FF000000FF000000FF000000FF000000FF000000FF000000FF000000FF000000FF000000FF000000FF000000FF000000FF000000FF000000FF000000FF000000FF000000FF000000FF000000FF000000FF000000FF000000FF000000FF000000FF000000FF000000FF000000FF000000FF000000FF000000FF000000FF000000FF000000FF000000FF000000FF000000FF000000FF000000FF000000FF000000FF000000FF000000FF000000FF000000FF000000FF000000FF000000FF000000FF000000FF000000FF000000FF000000FF000000FF000000FF000000FF000000FF000000FF000000FF000000FF000000FF000000FF000000FF000000FF000000FF000000FF000000FF000000FF000000FF000000FF000000FF000000FF000000FF000000FF000000FF000000FF000000FF000000FF000000FF000000FF000000FF000000FF000000FF000000FF000000FF000000FF000000FF000000FF000000FF000000FF000000FF000000FF000000FF000000FF000000FF000000FF000000FF000000FF000000FF000000FF000000FF000000FF000000FF000000FF000000FF000000FF000000FF000000FF000000FF000000FF000000FF000000FF000000FF000000FF000000FF000000FF000000FF000000FF000000FF000000FF000000FF000000FF000000FF000000FF000000FF000000FF000000FF000000FF000000FF000000FF000000FF000000FF000000FF000000FF000000FF000000FF000000FF000000FF000000FF000000FF000000FF000000FF000000FF000000FF000000FF000000FF000000FF000000FF000000FF000000FF000000FF000000FF000000FF000000FF000000FF000000FF000000FF000000FF000000FF000000FF000000FF000000FF000000FF000000FF000000FF000000FF000000FF000000FF000000FF000000FF000000FF000000FF000000FF000000FF000000FF000000FF000000FF000000FF000000FF000000FF000000FF000000FF000000FF000000FF000000FF000000FF000000FF000000FF000000FF000000FF000000FF000000FF000000FF000000FF000000FF000000FF000000FF000000FF000000FF000000FF000000FF000000FF000000FF000000FF000000FF000000FF000000FF000000FF000000FF000000FF000000FF000000FF000000FF000000FF000000FF000000FF000000FF000000FF000000FF000000FF000000FF000000FF000000FF000000FF000000FF000000FF000000FF000000FF000000FF000000FF000000FF000000FF000000FF000000FF000000FF000000FF000000FF000000FF000000FF000000FF000000FF000000FF000000FF000000FF000000FF000000FF000000FF000000FF000000FF000000FF000000FF000000FF000000FF000000FF000000FF000000FF000000FF000000FF000000FF000000FF000000FF000000FF000000FF000000FF000000FF000000FF000000FF000000FF000000FF000000FF000000FF000000FF000000FF000000FF000000FF000000FF000000FF000000FF000000FF000000FF000000FF000000FF000000FF000000FF000000FF000000FF000000FF000000FF000000FF000000FF000000FF000000FF000000FF000000FF000000FF000000FF000000FF000000FF000000FF000000FF000000FF000000FF000000FF000000FF000000FF000000FF000000FF000000FF000000FF000000FF000000FF000000FF000000FF000000FF000000FF000000FF000000FF000000FF000000FF000000FF000000FF000000FF000000FF000000FF000000FF000000FF000000FF000000FF000000FF000000FF000000FF000000FF000000FF000000FF000000FF000000FF000000FF000000FF000000FF000000FF000000FF000000FF000000FF000000FF000000FF000000FF000000FF000000FF000000FF000000FF000000FF000000FF000000FF000000FF000000FF000000FF000000FF000000FF000000FF000000FF000000FF000000FF000000FF000000FF000000FF000000FF000000FF000000FF000000FF000000FF000000FF000000FF000000FF000000FF000000FF000000FF000000FF000000FF000000FF000000FF000000FF000000FF000000FF000000FF000000FF000000FF000000FF000000FF000000FF000000FF000000FF000000FF000000FF000000FF000000FF000000FF000000FF000000FF000000FF000000FF000000FF000000FF000000FF000000FF000000FF000000FF000000FF000000FF000000FF000000FF000000FF000000FF000000FF000000FF000000FF000000FF000000FF000000FF000000FF000000FF000000FF000000FF000000FF000000FF000000FF000000FF000000FF000000FF000000FF000000FF000000FF000000FF000000FF000000FF000000FF000000FF000000FF000000FF000000FF000000FF000000FF000000FF000000FF000000FF000000FF000000FF000000FF000000FF000000FF000000FF000000FF000000FF000000FF000000FF000000FF000000FF000000FF000000FF000000FF000000FF000000FF000000FF000000FF000000FF000000FF000000FF000000FF000000FF000000FF000000FF000000FF000000FF000000FF000000FF000000FF000000FF000000FF000000FF000000FF000000FF000000FF000000FF000000FF000000FF000000FF000000FF000000FF000000FF000000FF000000FF000000FF000000FF000000FF000000FF000000FF000000FF000000FF000000FF000000FF000000FF000000FF000000FF000000FF000000FF000000FF000000FF000000FF000000FF000000FF000000FF000000FF000000FF000000FF000000FF000000FF000000FF000000FF000000FF000000FF000000FF000000FF000000FF000000FF000000FF000000FF000000FF000000FF000000FF000000FF000000FF000000FF000000FF000000FF000000FF000000FF000000FF000000FF000000FF000000FF000000FF000000FF000000FF000000FF000000FF000000FF000000FF000000FF000000FF000000FF000000FF000000FF000000FF000000FF000000FF000000FF000000FF000000FF000000FF000000FF000000FF000000FF000000FF000000FF000000FF000000FF000000FF000000FF000000FF000000FF000000FF000000FF000000FF000000FF000000FF000000FF000000FF000000FF000000FF000000FF000000FF000000FF000000FF000000FF000000FF000000FF000000FF000000FF000000FF000000FF000000FF000000FF000000FF000000FF000000FF000000FF000000FF000000FF000000FF000000FF000000FF000000FF000000FF000000FF000000FF000000FF000000FF000000FF000000FF000000FF000000FF000000FF000000FF000000FF000000FF000000FF000000FF000000FF000000FF000000FF000000FF000000FF000000FF000000FF000000FF000000FF000000FF000000FF000000FF000000FF000000FF000000FF000000FF000000FF000000FF000000FF000000FF000000FF000000FF000000FF000000FF000000FF000000FF000000FF000000FF000000FF000000FF000000FF000000FF000000FF000000FF000000FF000000FF000000FF000000FF000000FF000000FF000000FF000000FF000000FF000000FF000000FF000000FF000000FF000000FF000000FF000000FF000000FF000000FF000000FF000000FF000000FF000000FF000000FF000000FF000000FF000000FF000000FF000000FF000000FF000000FF000000FF000000FF000000FF000000FF000000FF000000FF000000FF000000FF000000FF000000FF000000FF000000FF000000FF000000FF000000FF000000FF000000FF000000FF000000FF000000FF000000FF000000FF000000FF000000FF000000FF000000FF000000FF000000FF000000FF000000FF000000FF000000FF000000FF000000FF000000FF000000FF000000FF000000FF000000FF000000FF000000FF000000FF000000FF000000FF000000FF000000FF000000FF000000FF000000FF000000FF000000FF000000FF000000FF000000FF000000FF000000FF000000FF000000FF000000FF000000FF000000FF000000FF000000FF000000FF000000FF000000FF000000FF000000FF000000FF000000FF000000FF000000FF000000FF000000FF000000FF000000FF000000FF000000FF000000FF000000FF000000FF000000FF000000FF000000FF000000FF000000FF000000FF000000FF000000FF000000FF000000FF000000FF000000FF000000FF000000FF000000FF000000FF000000FF000000FF000000FF000000FF000000FF000000FF000000FF000000FF000000FF000000FF000000FF000000FF000000FF000000FF000000FF000000FF000000FF000000FF000000FF000000FF000000FF000000FF000000FF000000FF000000FF000000FF000000FF000000FF000000FF000000FF000000FF000000FF000000FF000000FF000000FF000000FF000000FF000000FF000000FF000000FF000000FF000000FF000000FF000000FF000000FF000000FF000000FF000000FF000000FF000000FF000000FF000000FF000000FF000000FF000000FF000000FF000000FF000000FF000000FF000000FF000000FF000000FF000000FF000000FF000000FF000000FF000000FF000000FF000000FF000000FF000000FF000000FF000000FF000000FF000000FF000000FF000000FF000000FF000000FF000000FF000000FF000000FF000000FF000000FF000000FF000000FF000000FF000000FF000000FF000000FF000000FF000000FF000000FF000000FF000000FF000000FF000000FF000000FF000000FF000000FF000000FF000000FF000000FF000000FF000000FF000000FF000000FF000000FF000000FF000000FF000000FF000000FF000000FF000000FF000000FF000000FF000000FF000000FF000000FF000000FF000000FF000000FF000000FF000000FF000000FF000000FF000000FF000000FF000000FF000000FF000000FF000000FF000000FF000000FF000000FF000000FF000000FF000000FF000000FF000000FF000000FF000000FF000000FF000000FF000000FF000000FF000000FF000000FF000000FF000000FF000000FF000000FF000000FF000000FF000000FF000000FF000000FF000000FF000000FF000000FF000000FF000000FF000000FF000000FF000000FF000000FF000000FF000000FF000000FF000000FF000000FF000000FF000000FF000000FF000000FF000000FF000000FF000000FF000000FF000000FF000000FF000000FF000000FF000000FF000000FF000000FF000000FF000000FF000000FF000000FF000000FF000000FF000000FF000000FF000000FF000000FF000000FF000000FF000000FF000000FF000000FF000000FF000000FF000000FF000000FF000000FF000000FF000000FF000000FF000000FF2BFD99FF2BFD99FF000000FF000000FF000000FF000000FF000000FF000000FF000000FF000000FF000000FF000000FF2BFD99FF2BFD99FF2BFD99FF2BFD99FF2BFD99FF2BFD99FF000000FF000000FF000000FF000000FF000000FF000000FF000000FF000000FF2BFD99FF2BFD99FF2BFD99FF2BFD99FF2BFD99FF2BFD99FF000000FF000000FF000000FF000000FF000000FF000000FF000000FF000000FF2BFD99FF2BFD99FF2BFD99FF2BFD99FF2BFD99FF2BFD99FF000000FF000000FF000000FF000000FF000000FF000000FF000000FF000000FF2BFD99FF2BFD99FF2BFD99FF2BFD99FF2BFD99FF2BFD99FF000000FF000000FF000000FF000000FF000000FF000000FF000000FF000000FF2BFD99FF2BFD99FF2BFD99FF2BFD99FF2BFD99FF2BFD99FF2BFD99FF2BFD99FF000000FF000000FF000000FF000000FF000000FF000000FF000000FF000000FF000000FF000000FF000000FF000000FF000000FF000000FF000000FF000000FF000000FF000000FF000000FF000000FF000000FF000000FF000000FF000000FF000000FF000000FF000000FF000000FF000000FF000000FF000000FF000000FF000000FF000000FF000000FF000000FF000000FF000000FF000000FF000000FF000000FF000000FF000000FF000000FF000000FF000000FF000000FF000000FF000000FF000000FF000000FF000000FF000000FF000000FF000000FF000000FF000000FF000000FF000000FF000000FF000000FF000000FF000000FF000000FF000000FF000000FF000000FF000000FF000000FF000000FF000000FF000000FF000000FF000000FF000000FF000000FF000000FF000000FF000000FF000000FF000000FF000000FF000000FF000000FF000000FF000000FF000000FF000000FF000000FF000000FF000000FF000000FF000000FF000000FF000000FF000000FF000000FF000000FF000000FF000000FF000000FF000000FF000000FF000000FF000000FF000000FF000000FF000000FF000000FF000000FF000000FF000000FF000000FF000000FF000000FF000000FF000000FF000000FF000000FF000000FF000000FF000000FF000000FF000000FF000000FF000000FF000000FF000000FF000000FF000000FF000000FF000000FF000000FF000000FF000000FF000000FF000000FF000000FF000000FF000000FF000000FF000000FF000000FF000000FF000000FF000000FF000000FF000000FF000000FF000000FF000000FF000000FF000000FF000000FF000000FF000000FF000000FF000000FF000000FF000000FF000000FF000000FF000000FF000000FF000000FF000000FF000000FF000000FF000000FF000000FF000000FF000000FF000000FF000000FF000000FF000000FF000000FF000000FF000000FF000000FF000000FF000000FF000000FF000000FF000000FF000000FF000000FF000000FF000000FF000000FF000000FF000000FF000000FF000000FF000000FF000000FF000000FF000000FF000000FF000000FF000000FF000000FF000000FF000000FF000000FF000000FF000000FF000000FF000000FF000000FF000000FF000000FF000000FF000000FF000000FF000000FF000000FF000000FF000000FF000000FF000000FF000000FF000000FF000000FF000000FF000000FF000000FF000000FF000000FF000000FF000000FF000000FF000000FF000000FF000000FF000000FF000000FF000000FF000000FF000000FF000000FF000000FF000000FF000000FF000000FF000000FF000000FF000000FF000000FF000000FF000000FF000000FF000000FF000000FF000000FF000000FF000000FF000000FF000000FF000000FF000000FF000000FF000000FF000000FF000000FF000000FF000000FF000000FF000000FF000000FF000000FF000000FF000000FF000000FF000000FF000000FF000000FF000000FF000000FF000000FF000000FF000000FF000000FF000000FF000000FF000000FF000000FF000000FF000000FF000000FF000000FF000000FF000000FF000000FF000000FF000000FF000000FF000000FF000000FF000000FF000000FF000000FF000000FF000000FF000000FF000000FF000000FF000000FF000000FF000000FF000000FF000000FF000000FF000000FF000000FF000000FF000000FF000000FF000000FF000000FF000000FF000000FF000000FF000000FF000000FF000000FF000000FF000000FF000000FF000000FF000000FF000000FF000000FF000000FF000000FF000000FF000000FF000000FF000000FF000000FF000000FF000000FF000000FF000000FF000000FF000000FF000000FF000000FF000000FF000000FF000000FF000000FF000000FF000000FF000000FF000000FF000000FF000000FF000000FF000000FF000000FF000000FF000000FF000000FF000000FF000000FF000000FF000000FF000000FF000000FF000000FF000000FF000000FF000000FF000000FF000000FF000000FF000000FF000000FF000000FF000000FF000000FF000000FF000000FF000000FF000000FF000000FF000000FF000000FF000000FF000000FF000000FF000000FF000000FF000000FF000000FF000000FF000000FF000000FF000000FF000000FF000000FF000000FF000000FF000000FF000000FF000000FF000000FF000000FF000000FF000000FF000000FF000000FF000000FF000000FF000000FF000000FF000000FF000000FF000000FF000000FF000000FF000000FF000000FF000000FF000000FF000000FF000000FF000000FF000000FF000000FF000000FF000000FF000000FF000000FF000000FF000000FF000000FF000000FF000000FF000000FF000000FF000000FF000000FF000000FF000000FF000000FF000000FF000000FF000000FF000000FF000000FF000000FF000000FF000000FF000000FF000000FF000000FF000000FF000000FF000000FF000000FF000000FF000000FF000000FF000000FF000000FF000000FF000000FF000000FF000000FF000000FF000000FF000000FF000000FF000000FF000000FF000000FF000000FF000000FF000000FF000000FF000000FF000000FF2BFD99FF2BFD99FF000000FF000000FF000000FF000000FF000000FF000000FF000000FF000000FF000000FF000000FF2BFD99FF2BFD99FF2BFD99FF2BFD99FF2BFD99FF2BFD99FF000000FF000000FF000000FF000000FF000000FF000000FF000000FF000000FF2BFD99FF2BFD99FF2BFD99FF2BFD99FF2BFD99FF2BFD99FF000000FF000000FF000000FF000000FF000000FF000000FF000000FF000000FF2BFD99FF2BFD99FF2BFD99FF2BFD99FF2BFD99FF2BFD99FF000000FF000000FF000000FF000000FF000000FF000000FF000000FF000000FF2BFD99FF2BFD99FF2BFD99FF2BFD99FF2BFD99FF2BFD99FF000000FF000000FF000000FF000000FF000000FF000000FF000000FF000000FF2BFD99FF2BFD99FF2BFD99FF2BFD99FF2BFD99FF2BFD99FF2BFD99FF2BFD99FF000000FF000000FF000000FF000000FF000000FF000000FF000000FF000000FF000000FF000000FF000000FF000000FF000000FF000000FF000000FF000000FF000000FF000000FF000000FF000000FF000000FF000000FF000000FF000000FF000000FF000000FF000000FF000000FF000000FF000000FF000000FF000000FF000000FF000000FF000000FF000000FF000000FF000000FF000000FF000000FF000000FF000000FF000000FF000000FF000000FF000000FF000000FF000000FF000000FF000000FF000000FF000000FF000000FF000000FF000000FF000000FF000000FF000000FF000000FF000000FF000000FF000000FF000000FF000000FF000000FF000000FF000000FF000000FF000000FF000000FF000000FF000000FF000000FF000000FF000000FF000000FF000000FF000000FF000000FF000000FF000000FF000000FF000000FF000000FF000000FF000000FF000000FF000000FF000000FF000000FF000000FF000000FF000000FF000000FF000000FF000000FF000000FF000000FF000000FF000000FF000000FF000000FF000000FF000000FF000000FF000000FF000000FF000000FF000000FF000000FF000000FF000000FF000000FF000000FF000000FF000000FF000000FF000000FF000000FF000000FF000000FF000000FF000000FF000000FF000000FF000000FF000000FF000000FF000000FF000000FF000000FF000000FF000000FF000000FF000000FF000000FF000000FF000000FF000000FF000000FF000000FF000000FF000000FF000000FF000000FF000000FF000000FF000000FF000000FF000000FF000000FF000000FF000000FF000000FF000000FF000000FF000000FF000000FF000000FF000000FF000000FF000000FF000000FF000000FF000000FF000000FF000000FF000000FF000000FF000000FF000000FF000000FF000000FF000000FF000000FF000000FF000000FF000000FF000000FF000000FF000000FF000000FF000000FF000000FF000000FF000000FF000000FF000000FF000000FF000000FF000000FF000000FF000000FF000000FF000000FF000000FF000000FF000000FF000000FF000000FF000000FF000000FF000000FF000000FF000000FF000000FF000000FF000000FF000000FF000000FF000000FF000000FF000000FF000000FF000000FF000000FF000000FF000000FF000000FF000000FF000000FF000000FF000000FF000000FF000000FF000000FF000000FF000000FF000000FF000000FF000000FF000000FF000000FF000000FF000000FF000000FF000000FF000000FF000000FF000000FF000000FF000000FF000000FF000000FF000000FF000000FF000000FF000000FF000000FF000000FF000000FF000000FF000000FF000000FF000000FF000000FF000000FF000000FF000000FF000000FF000000FF000000FF000000FF000000FF000000FF000000FF000000FF000000FF000000FF000000FF000000FF000000FF000000FF000000FF000000FF000000FF000000FF000000FF000000FF000000FF000000FF000000FF000000FF000000FF000000FF000000FF000000FF000000FF000000FF000000FF000000FF000000FF000000FF000000FF000000FF000000FF000000FF000000FF000000FF000000FF000000FF000000FF000000FF000000FF000000FF000000FF000000FF000000FF000000FF000000FF000000FF000000FF000000FF000000FF000000FF000000FF000000FF000000FF000000FF000000FF000000FF000000FF000000FF000000FF000000FF000000FF000000FF000000FF000000FF000000FF000000FF000000FF000000FF000000FF000000FF000000FF000000FF000000FF000000FF000000FF000000FF000000FF000000FF000000FF000000FF000000FF000000FF000000FF000000FF000000FF000000FF000000FF000000FF000000FF000000FF000000FF000000FF000000FF000000FF000000FF000000FF000000FF000000FF000000FF000000FF000000FF000000FF000000FF000000FF000000FF000000FF000000FF000000FF000000FF000000FF000000FF000000FF000000FF000000FF000000FF000000FF000000FF000000FF000000FF000000FF000000FF000000FF000000FF000000FF000000FF000000FF000000FF000000FF000000FF000000FF000000FF000000FF000000FF000000FF000000FF000000FF000000FF000000FF000000FF000000FF000000FF000000FF000000FF000000FF000000FF000000FF000000FF000000FF000000FF000000FF000000FF000000FF000000FF000000FF000000FF000000FF000000FF000000FF000000FF000000FF000000FF000000FF000000FF000000FF000000FF000000FF000000FF000000FF000000FF000000FF000000FF000000FF000000FF000000FF000000FF000000FF000000FF000000FF000000FF000000FF000000FF000000FF000000FF000000FF000000FF000000FF000000FF000000FF000000FF000000FF000000FF000000FF000000FF000000FF000000FF000000FF000000FF000000FF000000FF000000FF000000FF000000FF000000FF000000FF000000FF000000FF000000FF000000FF000000FF000000FF000000FF000000FF000000FF000000FF000000FF2BFD99FF2BFD99FF000000FF000000FF2BFD99FF2BFD99FF000000FF000000FF2BFD99FF2BFD99FF000000FF000000FF000000FF000000FF2BFD99FF2BFD99FF000000FF000000FF000000FF000000FF000000FF000000FF2BFD99FF2BFD99FF000000FF000000FF000000FF000000FF2BFD99FF2BFD99FF000000FF000000FF000000FF000000FF000000FF000000FF2BFD99FF2BFD99FF000000FF000000FF000000FF000000FF2BFD99FF2BFD99FF000000FF000000FF000000FF000000FF000000FF000000FF2BFD99FF2BFD99FF000000FF000000FF000000FF000000FF2BFD99FF2BFD99FF000000FF000000FF000000FF000000FF000000FF000000FF2BFD99FF2BFD99FF000000FF000000FF000000FF000000FF2BFD99FF2BFD99FF000000FF000000FF000000FF000000FF000000FF000000FF000000FF000000FF000000FF000000FF000000FF000000FF000000FF000000FF000000FF000000FF000000FF000000FF000000FF000000FF000000FF000000FF000000FF000000FF000000FF000000FF000000FF000000FF000000FF000000FF000000FF000000FF000000FF000000FF000000FF000000FF000000FF000000FF000000FF000000FF000000FF000000FF000000FF000000FF000000FF000000FF000000FF000000FF000000FF000000FF000000FF000000FF000000FF000000FF000000FF000000FF000000FF000000FF000000FF000000FF000000FF000000FF000000FF000000FF000000FF000000FF000000FF000000FF000000FF000000FF000000FF000000FF000000FF000000FF000000FF000000FF000000FF000000FF000000FF000000FF000000FF000000FF000000FF000000FF000000FF000000FF000000FF000000FF000000FF000000FF000000FF000000FF000000FF000000FF000000FF000000FF000000FF000000FF000000FF000000FF000000FF000000FF000000FF000000FF000000FF000000FF000000FF000000FF000000FF000000FF000000FF000000FF000000FF000000FF000000FF000000FF000000FF000000FF000000FF000000FF000000FF000000FF000000FF000000FF000000FF000000FF000000FF000000FF000000FF000000FF000000FF000000FF000000FF000000FF000000FF000000FF000000FF000000FF000000FF000000FF000000FF000000FF000000FF000000FF000000FF000000FF000000FF000000FF000000FF000000FF000000FF000000FF000000FF000000FF000000FF000000FF000000FF000000FF000000FF000000FF000000FF000000FF000000FF000000FF000000FF000000FF000000FF000000FF000000FF000000FF000000FF000000FF000000FF000000FF000000FF000000FF000000FF000000FF000000FF000000FF000000FF000000FF000000FF000000FF000000FF000000FF000000FF000000FF000000FF000000FF000000FF000000FF000000FF000000FF000000FF000000FF000000FF000000FF000000FF000000FF000000FF000000FF000000FF000000FF000000FF000000FF000000FF000000FF000000FF000000FF000000FF000000FF000000FF000000FF000000FF000000FF000000FF000000FF000000FF000000FF000000FF000000FF000000FF000000FF000000FF000000FF000000FF000000FF000000FF000000FF000000FF000000FF000000FF000000FF000000FF000000FF000000FF000000FF000000FF000000FF000000FF000000FF000000FF000000FF000000FF000000FF000000FF000000FF000000FF000000FF000000FF000000FF000000FF000000FF000000FF000000FF000000FF000000FF000000FF000000FF000000FF000000FF000000FF000000FF000000FF000000FF000000FF000000FF000000FF000000FF000000FF000000FF000000FF000000FF000000FF000000FF000000FF000000FF000000FF000000FF000000FF000000FF000000FF000000FF000000FF000000FF000000FF000000FF000000FF000000FF000000FF000000FF000000FF000000FF000000FF000000FF000000FF000000FF000000FF000000FF000000FF000000FF000000FF000000FF000000FF000000FF000000FF000000FF000000FF000000FF000000FF000000FF000000FF000000FF000000FF000000FF000000FF000000FF000000FF000000FF000000FF000000FF000000FF000000FF000000FF000000FF000000FF000000FF000000FF000000FF000000FF000000FF000000FF000000FF000000FF000000FF000000FF000000FF000000FF000000FF000000FF000000FF000000FF000000FF000000FF000000FF000000FF000000FF000000FF000000FF000000FF000000FF000000FF000000FF000000FF000000FF000000FF000000FF000000FF000000FF000000FF000000FF000000FF000000FF000000FF000000FF000000FF000000FF000000FF000000FF000000FF000000FF000000FF000000FF000000FF000000FF000000FF000000FF000000FF000000FF000000FF000000FF000000FF000000FF000000FF000000FF000000FF000000FF000000FF000000FF000000FF000000FF000000FF000000FF000000FF000000FF000000FF000000FF000000FF000000FF000000FF000000FF000000FF000000FF000000FF000000FF000000FF000000FF000000FF000000FF000000FF000000FF000000FF000000FF000000FF000000FF000000FF000000FF000000FF000000FF000000FF000000FF000000FF000000FF000000FF000000FF000000FF000000FF000000FF000000FF000000FF000000FF000000FF000000FF000000FF000000FF000000FF000000FF000000FF000000FF000000FF000000FF000000FF000000FF000000FF000000FF000000FF000000FF000000FF000000FF000000FF000000FF000000FF000000FF000000FF000000FF000000FF000000FF000000FF000000FF000000FF000000FF000000FF000000FF000000FF000000FF000000FF000000FF000000FF000000FF000000FF000000FF000000FF000000FF000000FF000000FF000000FF000000FF000000FF000000FF000000FF000000FF000000FF000000FF000000FF000000FF000000FF000000FF2BFD99FF2BFD99FF000000FF000000FF2BFD99FF2BFD99FF000000FF000000FF2BFD99FF2BFD99FF000000FF000000FF000000FF000000FF2BFD99FF2BFD99FF000000FF000000FF000000FF000000FF000000FF000000FF2BFD99FF2BFD99FF000000FF000000FF000000FF000000FF2BFD99FF2BFD99FF000000FF000000FF000000FF000000FF000000FF000000FF2BFD99FF2BFD99FF000000FF000000FF000000FF000000FF2BFD99FF2BFD99FF000000FF000000FF000000FF000000FF000000FF000000FF2BFD99FF2BFD99FF000000FF000000FF000000FF000000FF2BFD99FF2BFD99FF000000FF000000FF000000FF000000FF000000FF000000FF2BFD99FF2BFD99FF000000FF000000FF000000FF000000FF2BFD99FF2BFD99FF000000FF000000FF000000FF000000FF000000FF000000FF000000FF000000FF000000FF000000FF000000FF000000FF000000FF000000FF000000FF000000FF000000FF000000FF000000FF000000FF000000FF000000FF000000FF000000FF000000FF000000FF000000FF000000FF000000FF000000FF000000FF000000FF000000FF000000FF000000FF000000FF000000FF000000FF000000FF000000FF000000FF000000FF000000FF000000FF000000FF000000FF000000FF000000FF000000FF000000FF000000FF000000FF000000FF000000FF000000FF000000FF000000FF000000FF000000FF000000FF000000FF000000FF000000FF000000FF000000FF000000FF000000FF000000FF000000FF000000FF000000FF000000FF000000FF000000FF000000FF000000FF000000FF000000FF000000FF000000FF000000FF000000FF000000FF000000FF000000FF000000FF000000FF000000FF000000FF000000FF000000FF000000FF000000FF000000FF000000FF000000FF000000FF000000FF000000FF000000FF000000FF000000FF000000FF000000FF000000FF000000FF000000FF000000FF000000FF000000FF000000FF000000FF000000FF000000FF000000FF000000FF000000FF000000FF000000FF000000FF000000FF000000FF000000FF000000FF000000FF000000FF000000FF000000FF000000FF000000FF000000FF000000FF000000FF000000FF000000FF000000FF000000FF000000FF000000FF000000FF000000FF000000FF000000FF000000FF000000FF000000FF000000FF000000FF000000FF000000FF000000FF000000FF000000FF000000FF000000FF000000FF000000FF000000FF000000FF000000FF000000FF000000FF000000FF000000FF000000FF000000FF000000FF000000FF000000FF000000FF000000FF000000FF000000FF000000FF000000FF000000FF000000FF000000FF000000FF000000FF000000FF000000FF000000FF000000FF000000FF000000FF000000FF000000FF000000FF000000FF000000FF000000FF000000FF000000FF000000FF000000FF000000FF000000FF000000FF000000FF000000FF000000FF000000FF000000FF000000FF000000FF000000FF000000FF000000FF000000FF000000FF000000FF000000FF000000FF000000FF000000FF000000FF000000FF000000FF000000FF000000FF000000FF000000FF000000FF000000FF000000FF000000FF000000FF000000FF000000FF000000FF000000FF000000FF000000FF000000FF000000FF000000FF000000FF000000FF000000FF000000FF000000FF000000FF000000FF000000FF000000FF000000FF000000FF000000FF000000FF000000FF000000FF000000FF000000FF000000FF000000FF000000FF000000FF000000FF000000FF000000FF000000FF000000FF000000FF000000FF000000FF000000FF000000FF000000FF000000FF000000FF000000FF000000FF000000FF000000FF000000FF000000FF000000FF000000FF000000FF000000FF000000FF000000FF000000FF000000FF000000FF000000FF000000FF000000FF000000FF000000FF000000FF000000FF000000FF000000FF000000FF000000FF000000FF000000FF000000FF000000FF000000FF000000FF000000FF000000FF000000FF000000FF000000FF000000FF000000FF000000FF000000FF000000FF000000FF000000FF000000FF000000FF000000FF000000FF000000FF000000FF000000FF000000FF000000FF000000FF000000FF000000FF000000FF000000FF000000FF000000FF000000FF000000FF000000FF000000FF000000FF000000FF000000FF000000FF000000FF000000FF000000FF000000FF000000FF000000FF000000FF000000FF000000FF000000FF000000FF000000FF000000FF000000FF000000FF000000FF000000FF000000FF000000FF000000FF000000FF000000FF000000FF000000FF000000FF000000FF000000FF000000FF000000FF000000FF000000FF000000FF000000FF000000FF000000FF000000FF000000FF000000FF000000FF000000FF000000FF000000FF000000FF000000FF000000FF000000FF000000FF000000FF000000FF000000FF000000FF000000FF000000FF000000FF000000FF000000FF000000FF000000FF000000FF000000FF000000FF000000FF000000FF000000FF000000FF000000FF000000FF000000FF000000FF000000FF000000FF000000FF000000FF000000FF000000FF000000FF000000FF000000FF000000FF000000FF000000FF000000FF000000FF000000FF000000FF000000FF000000FF000000FF000000FF000000FF000000FF000000FF000000FF000000FF000000FF000000FF000000FF000000FF000000FF000000FF000000FF000000FF000000FF000000FF000000FF000000FF000000FF000000FF000000FF000000FF000000FF000000FF000000FF000000FF000000FF000000FF000000FF000000FF000000FF000000FF000000FF000000FF000000FF000000FF000000FF000000FF000000FF000000FF000000FF000000FF000000FF000000FF000000FF000000FF000000FF000000FF000000FF000000FF000000FF000000FF000000FF000000FF000000FF000000FF000000FF000000FF000000FF000000FF000000FF000000FF000000FF2BFD99FF2BFD99FF2BFD99FF2BFD99FF2BFD99FF2BFD99FF000000FF000000FF000000FF000000FF000000FF000000FF000000FF000000FF000000FF000000FF000000FF000000FF000000FF000000FF2BFD99FF2BFD99FF000000FF000000FF000000FF000000FF2BFD99FF2BFD99FF000000FF000000FF000000FF000000FF2BFD99FF2BFD99FF2BFD99FF2BFD99FF000000FF000000FF000000FF000000FF2BFD99FF2BFD99FF000000FF000000FF000000FF000000FF2BFD99FF2BFD99FF2BFD99FF2BFD99FF000000FF000000FF000000FF000000FF2BFD99FF2BFD99FF000000FF000000FF000000FF000000FF2BFD99FF2BFD99FF2BFD99FF2BFD99FF000000FF000000FF000000FF000000FF2BFD99FF2BFD99FF000000FF000000FF000000FF000000FF000000FF000000FF000000FF000000FF000000FF000000FF000000FF000000FF000000FF000000FF000000FF000000FF000000FF000000FF000000FF000000FF000000FF000000FF000000FF000000FF000000FF000000FF000000FF000000FF000000FF000000FF000000FF000000FF000000FF000000FF000000FF000000FF000000FF000000FF000000FF000000FF000000FF000000FF000000FF000000FF000000FF000000FF000000FF000000FF000000FF000000FF000000FF000000FF000000FF000000FF000000FF000000FF000000FF000000FF000000FF000000FF000000FF000000FF000000FF000000FF000000FF000000FF000000FF000000FF000000FF000000FF000000FF000000FF000000FF000000FF000000FF000000FF000000FF000000FF000000FF000000FF000000FF000000FF000000FF000000FF000000FF000000FF000000FF000000FF000000FF000000FF000000FF000000FF000000FF000000FF000000FF000000FF000000FF000000FF000000FF000000FF000000FF000000FF000000FF000000FF000000FF000000FF000000FF000000FF000000FF000000FF000000FF000000FF000000FF000000FF000000FF000000FF000000FF000000FF000000FF000000FF000000FF000000FF000000FF000000FF000000FF000000FF000000FF000000FF000000FF000000FF000000FF000000FF000000FF000000FF000000FF000000FF000000FF000000FF000000FF000000FF000000FF000000FF000000FF000000FF000000FF000000FF000000FF000000FF000000FF000000FF000000FF000000FF000000FF000000FF000000FF000000FF000000FF000000FF000000FF000000FF000000FF000000FF000000FF000000FF000000FF000000FF000000FF000000FF000000FF000000FF000000FF000000FF000000FF000000FF000000FF000000FF000000FF000000FF000000FF000000FF000000FF000000FF000000FF000000FF000000FF000000FF000000FF000000FF000000FF000000FF000000FF000000FF000000FF000000FF000000FF000000FF000000FF000000FF000000FF000000FF000000FF000000FF000000FF000000FF000000FF000000FF000000FF000000FF000000FF000000FF000000FF000000FF000000FF000000FF000000FF000000FF000000FF000000FF000000FF000000FF000000FF000000FF000000FF000000FF000000FF000000FF000000FF000000FF000000FF000000FF000000FF000000FF000000FF000000FF000000FF000000FF000000FF000000FF000000FF000000FF000000FF000000FF000000FF000000FF000000FF000000FF000000FF000000FF000000FF000000FF000000FF000000FF000000FF000000FF000000FF000000FF000000FF000000FF000000FF000000FF000000FF000000FF000000FF000000FF000000FF000000FF000000FF000000FF000000FF000000FF000000FF000000FF000000FF000000FF000000FF000000FF000000FF000000FF000000FF000000FF000000FF000000FF000000FF000000FF000000FF000000FF000000FF000000FF000000FF000000FF000000FF000000FF000000FF000000FF000000FF000000FF000000FF000000FF000000FF000000FF000000FF000000FF000000FF000000FF000000FF000000FF000000FF000000FF000000FF000000FF000000FF000000FF000000FF000000FF000000FF000000FF000000FF000000FF000000FF000000FF000000FF000000FF000000FF000000FF000000FF000000FF000000FF000000FF000000FF000000FF000000FF000000FF000000FF000000FF000000FF000000FF000000FF000000FF000000FF000000FF000000FF000000FF000000FF000000FF000000FF000000FF000000FF000000FF000000FF000000FF000000FF000000FF000000FF000000FF000000FF000000FF000000FF000000FF000000FF000000FF000000FF000000FF000000FF000000FF000000FF000000FF000000FF000000FF000000FF000000FF000000FF000000FF000000FF000000FF000000FF000000FF000000FF000000FF000000FF000000FF000000FF000000FF000000FF000000FF000000FF000000FF000000FF000000FF000000FF000000FF000000FF000000FF000000FF000000FF000000FF000000FF000000FF000000FF000000FF000000FF000000FF000000FF000000FF000000FF000000FF000000FF000000FF000000FF000000FF000000FF000000FF000000FF000000FF000000FF000000FF000000FF000000FF000000FF000000FF000000FF000000FF000000FF000000FF000000FF000000FF000000FF000000FF000000FF000000FF000000FF000000FF000000FF000000FF000000FF000000FF000000FF000000FF000000FF000000FF000000FF000000FF000000FF000000FF000000FF000000FF000000FF000000FF000000FF000000FF000000FF000000FF000000FF000000FF000000FF000000FF000000FF000000FF000000FF000000FF000000FF000000FF000000FF000000FF000000FF000000FF000000FF000000FF000000FF000000FF000000FF000000FF000000FF000000FF000000FF000000FF000000FF000000FF000000FF000000FF000000FF000000FF000000FF000000FF000000FF000000FF000000FF000000FF000000FF000000FF000000FF2BFD99FF2BFD99FF2BFD99FF2BFD99FF2BFD99FF2BFD99FF000000FF000000FF000000FF000000FF000000FF000000FF000000FF000000FF000000FF000000FF000000FF000000FF000000FF000000FF2BFD99FF2BFD99FF000000FF000000FF000000FF000000FF2BFD99FF2BFD99FF000000FF000000FF000000FF000000FF2BFD99FF2BFD99FF2BFD99FF2BFD99FF000000FF000000FF000000FF000000FF2BFD99FF2BFD99FF000000FF000000FF000000FF000000FF2BFD99FF2BFD99FF2BFD99FF2BFD99FF000000FF000000FF000000FF000000FF2BFD99FF2BFD99FF000000FF000000FF000000FF000000FF2BFD99FF2BFD99FF2BFD99FF2BFD99FF000000FF000000FF000000FF000000FF2BFD99FF2BFD99FF000000FF000000FF000000FF000000FF000000FF000000FF000000FF000000FF000000FF000000FF000000FF000000FF000000FF000000FF000000FF000000FF000000FF000000FF000000FF000000FF000000FF000000FF000000FF000000FF000000FF000000FF000000FF000000FF000000FF000000FF000000FF000000FF000000FF000000FF000000FF000000FF000000FF000000FF000000FF000000FF000000FF000000FF000000FF000000FF000000FF000000FF000000FF000000FF000000FF000000FF000000FF000000FF000000FF000000FF000000FF000000FF000000FF000000FF000000FF000000FF000000FF000000FF000000FF000000FF000000FF000000FF000000FF000000FF000000FF000000FF000000FF000000FF000000FF000000FF000000FF000000FF000000FF000000FF000000FF000000FF000000FF000000FF000000FF000000FF000000FF000000FF000000FF000000FF000000FF000000FF000000FF000000FF000000FF000000FF000000FF000000FF000000FF000000FF000000FF000000FF000000FF000000FF000000FF000000FF000000FF000000FF000000FF000000FF000000FF000000FF000000FF000000FF000000FF000000FF000000FF000000FF000000FF000000FF000000FF000000FF000000FF000000FF000000FF000000FF000000FF000000FF000000FF000000FF000000FF000000FF000000FF000000FF000000FF000000FF000000FF000000FF000000FF000000FF000000FF000000FF000000FF000000FF000000FF000000FF000000FF000000FF000000FF000000FF000000FF000000FF000000FF000000FF000000FF000000FF000000FF000000FF000000FF000000FF000000FF000000FF000000FF000000FF000000FF000000FF000000FF000000FF000000FF000000FF000000FF000000FF000000FF000000FF000000FF000000FF000000FF000000FF000000FF000000FF000000FF000000FF000000FF000000FF000000FF000000FF000000FF000000FF000000FF000000FF000000FF000000FF000000FF000000FF000000FF000000FF000000FF000000FF000000FF000000FF000000FF000000FF000000FF000000FF000000FF000000FF000000FF000000FF000000FF000000FF000000FF000000FF000000FF000000FF000000FF000000FF000000FF000000FF000000FF000000FF000000FF000000FF000000FF000000FF000000FF000000FF000000FF000000FF000000FF000000FF000000FF000000FF000000FF000000FF000000FF000000FF000000FF000000FF000000FF000000FF000000FF000000FF000000FF000000FF000000FF000000FF000000FF000000FF000000FF000000FF000000FF000000FF000000FF000000FF000000FF000000FF000000FF000000FF000000FF000000FF000000FF000000FF000000FF000000FF000000FF000000FF000000FF000000FF000000FF000000FF000000FF000000FF000000FF000000FF000000FF000000FF000000FF000000FF000000FF000000FF000000FF000000FF000000FF000000FF000000FF000000FF000000FF000000FF000000FF000000FF000000FF000000FF000000FF000000FF000000FF000000FF000000FF000000FF000000FF000000FF000000FF000000FF000000FF000000FF000000FF000000FF000000FF000000FF000000FF000000FF000000FF000000FF000000FF000000FF000000FF000000FF000000FF000000FF000000FF000000FF000000FF000000FF000000FF000000FF000000FF000000FF000000FF000000FF000000FF000000FF000000FF000000FF000000FF000000FF000000FF000000FF000000FF000000FF000000FF000000FF000000FF000000FF000000FF000000FF000000FF000000FF000000FF000000FF000000FF000000FF000000FF000000FF000000FF000000FF000000FF000000FF000000FF000000FF000000FF000000FF000000FF000000FF000000FF000000FF000000FF000000FF000000FF000000FF000000FF000000FF000000FF000000FF000000FF000000FF000000FF000000FF000000FF000000FF000000FF000000FF000000FF000000FF000000FF000000FF000000FF000000FF000000FF000000FF000000FF000000FF000000FF000000FF000000FF000000FF000000FF000000FF000000FF000000FF000000FF000000FF000000FF000000FF000000FF000000FF000000FF000000FF000000FF000000FF000000FF000000FF000000FF000000FF000000FF000000FF000000FF000000FF000000FF000000FF000000FF000000FF000000FF000000FF000000FF000000FF000000FF000000FF000000FF000000FF000000FF000000FF000000FF000000FF000000FF000000FF000000FF000000FF000000FF000000FF000000FF000000FF000000FF000000FF000000FF000000FF000000FF000000FF000000FF000000FF000000FF000000FF000000FF000000FF000000FF000000FF000000FF000000FF000000FF000000FF000000FF000000FF000000FF000000FF000000FF000000FF000000FF000000FF000000FF000000FF000000FF000000FF000000FF000000FF000000FF000000FF000000FF000000FF000000FF000000FF000000FF000000FF000000FF000000FF000000FF000000FF000000FF000000FF000000FF000000FF000000FF000000FF000000FF000000FF000000FF000000FF2BFD99FF2BFD99FF000000FF000000FF000000FF000000FF000000FF000000FF000000FF000000FF000000FF000000FF000000FF000000FF2BFD99FF2BFD99FF2BFD99FF2BFD99FF000000FF000000FF000000FF000000FF000000FF000000FF2BFD99FF2BFD99FF000000FF000000FF2BFD99FF2BFD99FF000000FF000000FF2BFD99FF2BFD99FF000000FF000000FF000000FF000000FF2BFD99FF2BFD99FF000000FF000000FF2BFD99FF2BFD99FF000000FF000000FF2BFD99FF2BFD99FF000000FF000000FF000000FF000000FF2BFD99FF2BFD99FF000000FF000000FF2BFD99FF2BFD99FF000000FF000000FF2BFD99FF2BFD99FF000000FF000000FF000000FF000000FF2BFD99FF2BFD99FF000000FF000000FF000000FF000000FF000000FF000000FF000000FF000000FF000000FF000000FF000000FF000000FF000000FF000000FF000000FF000000FF000000FF000000FF000000FF000000FF000000FF000000FF000000FF000000FF000000FF000000FF000000FF000000FF000000FF000000FF000000FF000000FF000000FF000000FF000000FF000000FF000000FF000000FF000000FF000000FF000000FF000000FF000000FF000000FF000000FF000000FF000000FF000000FF000000FF000000FF000000FF000000FF000000FF000000FF000000FF000000FF000000FF000000FF000000FF000000FF000000FF000000FF000000FF000000FF000000FF000000FF000000FF000000FF000000FF000000FF000000FF000000FF000000FF000000FF000000FF000000FF000000FF000000FF000000FF000000FF000000FF000000FF000000FF000000FF000000FF000000FF000000FF000000FF000000FF000000FF000000FF000000FF000000FF000000FF000000FF000000FF000000FF000000FF000000FF000000FF000000FF000000FF000000FF000000FF000000FF000000FF000000FF000000FF000000FF000000FF000000FF000000FF000000FF000000FF000000FF000000FF000000FF000000FF000000FF000000FF000000FF000000FF000000FF000000FF000000FF000000FF000000FF000000FF000000FF000000FF000000FF000000FF000000FF000000FF000000FF000000FF000000FF000000FF000000FF000000FF000000FF000000FF000000FF000000FF000000FF000000FF000000FF000000FF000000FF000000FF000000FF000000FF000000FF000000FF000000FF000000FF000000FF000000FF000000FF000000FF000000FF000000FF000000FF000000FF000000FF000000FF000000FF000000FF000000FF000000FF000000FF000000FF000000FF000000FF000000FF000000FF000000FF000000FF000000FF000000FF000000FF000000FF000000FF000000FF000000FF000000FF000000FF000000FF000000FF000000FF000000FF000000FF000000FF000000FF000000FF000000FF000000FF000000FF000000FF000000FF000000FF000000FF000000FF000000FF000000FF000000FF000000FF000000FF000000FF000000FF000000FF000000FF000000FF000000FF000000FF000000FF000000FF000000FF000000FF000000FF000000FF000000FF000000FF000000FF000000FF000000FF000000FF000000FF000000FF000000FF000000FF000000FF000000FF000000FF000000FF000000FF000000FF000000FF000000FF000000FF000000FF000000FF000000FF000000FF000000FF000000FF000000FF000000FF000000FF000000FF000000FF000000FF000000FF000000FF000000FF000000FF000000FF000000FF000000FF000000FF000000FF000000FF000000FF000000FF000000FF000000FF000000FF000000FF000000FF000000FF000000FF000000FF000000FF000000FF000000FF000000FF000000FF000000FF000000FF000000FF000000FF000000FF000000FF000000FF000000FF000000FF000000FF000000FF000000FF000000FF000000FF000000FF000000FF000000FF000000FF000000FF000000FF000000FF000000FF000000FF000000FF000000FF000000FF000000FF000000FF000000FF000000FF000000FF000000FF000000FF000000FF000000FF000000FF000000FF000000FF000000FF000000FF000000FF000000FF000000FF000000FF000000FF000000FF000000FF000000FF000000FF000000FF000000FF000000FF000000FF000000FF000000FF000000FF000000FF000000FF000000FF000000FF000000FF000000FF000000FF000000FF000000FF000000FF000000FF000000FF000000FF000000FF000000FF000000FF000000FF000000FF000000FF000000FF000000FF000000FF000000FF000000FF000000FF000000FF000000FF000000FF000000FF000000FF000000FF000000FF000000FF000000FF000000FF000000FF000000FF000000FF000000FF000000FF000000FF000000FF000000FF000000FF000000FF000000FF000000FF000000FF000000FF000000FF000000FF000000FF000000FF000000FF000000FF000000FF000000FF000000FF000000FF000000FF000000FF000000FF000000FF000000FF000000FF000000FF000000FF000000FF000000FF000000FF000000FF000000FF000000FF000000FF000000FF000000FF000000FF000000FF000000FF000000FF000000FF000000FF000000FF000000FF000000FF000000FF000000FF000000FF000000FF000000FF000000FF000000FF000000FF000000FF000000FF000000FF000000FF000000FF000000FF000000FF000000FF000000FF000000FF000000FF000000FF000000FF000000FF000000FF000000FF000000FF000000FF000000FF000000FF000000FF000000FF000000FF000000FF000000FF000000FF000000FF000000FF000000FF000000FF000000FF000000FF000000FF000000FF000000FF000000FF000000FF000000FF000000FF000000FF000000FF000000FF000000FF000000FF000000FF000000FF000000FF000000FF000000FF000000FF000000FF000000FF000000FF000000FF000000FF000000FF000000FF000000FF000000FF000000FF000000FF000000FF000000FF000000FF000000FF000000FF2BFD99FF2BFD99FF000000FF000000FF000000FF000000FF000000FF000000FF000000FF000000FF000000FF000000FF000000FF000000FF2BFD99FF2BFD99FF2BFD99FF2BFD99FF000000FF000000FF000000FF000000FF000000FF000000FF2BFD99FF2BFD99FF000000FF000000FF2BFD99FF2BFD99FF000000FF000000FF2BFD99FF2BFD99FF000000FF000000FF000000FF000000FF2BFD99FF2BFD99FF000000FF000000FF2BFD99FF2BFD99FF000000FF000000FF2BFD99FF2BFD99FF000000FF000000FF000000FF000000FF2BFD99FF2BFD99FF000000FF000000FF2BFD99FF2BFD99FF000000FF000000FF2BFD99FF2BFD99FF000000FF000000FF000000FF000000FF2BFD99FF2BFD99FF000000FF000000FF000000FF000000FF000000FF000000FF000000FF000000FF000000FF000000FF000000FF000000FF000000FF000000FF000000FF000000FF000000FF000000FF000000FF000000FF000000FF000000FF000000FF000000FF000000FF000000FF000000FF000000FF000000FF000000FF000000FF000000FF000000FF000000FF000000FF000000FF000000FF000000FF000000FF000000FF000000FF000000FF000000FF000000FF000000FF000000FF000000FF000000FF000000FF000000FF000000FF000000FF000000FF000000FF000000FF000000FF000000FF000000FF000000FF000000FF000000FF000000FF000000FF000000FF000000FF000000FF000000FF000000FF000000FF000000FF000000FF000000FF000000FF000000FF000000FF000000FF000000FF000000FF000000FF000000FF000000FF000000FF000000FF000000FF000000FF000000FF000000FF000000FF000000FF000000FF000000FF000000FF000000FF000000FF000000FF000000FF000000FF000000FF000000FF000000FF000000FF000000FF000000FF000000FF000000FF000000FF000000FF000000FF000000FF000000FF000000FF000000FF000000FF000000FF000000FF000000FF000000FF000000FF000000FF000000FF000000FF000000FF000000FF000000FF000000FF000000FF000000FF000000FF000000FF000000FF000000FF000000FF000000FF000000FF000000FF000000FF000000FF000000FF000000FF000000FF000000FF000000FF000000FF000000FF000000FF000000FF000000FF000000FF000000FF000000FF000000FF000000FF000000FF000000FF000000FF000000FF000000FF000000FF000000FF000000FF000000FF000000FF000000FF000000FF000000FF000000FF000000FF000000FF000000FF000000FF000000FF000000FF000000FF000000FF000000FF000000FF000000FF000000FF000000FF000000FF000000FF000000FF000000FF000000FF000000FF000000FF000000FF000000FF000000FF000000FF000000FF000000FF000000FF000000FF000000FF000000FF000000FF000000FF000000FF000000FF000000FF000000FF000000FF000000FF000000FF000000FF000000FF000000FF000000FF000000FF000000FF000000FF000000FF000000FF000000FF000000FF000000FF000000FF000000FF000000FF000000FF000000FF000000FF000000FF000000FF000000FF000000FF000000FF000000FF000000FF000000FF000000FF000000FF000000FF000000FF000000FF000000FF000000FF000000FF000000FF000000FF000000FF000000FF000000FF000000FF000000FF000000FF000000FF000000FF000000FF000000FF000000FF000000FF000000FF000000FF000000FF000000FF000000FF000000FF000000FF000000FF000000FF000000FF000000FF000000FF000000FF000000FF000000FF000000FF000000FF000000FF000000FF000000FF000000FF000000FF000000FF000000FF000000FF000000FF000000FF000000FF000000FF000000FF000000FF000000FF000000FF000000FF000000FF000000FF000000FF000000FF000000FF000000FF000000FF000000FF000000FF000000FF000000FF000000FF000000FF000000FF000000FF000000FF000000FF000000FF000000FF000000FF000000FF000000FF000000FF000000FF000000FF000000FF000000FF000000FF000000FF000000FF000000FF000000FF000000FF000000FF000000FF000000FF000000FF000000FF000000FF000000FF000000FF000000FF000000FF000000FF000000FF000000FF000000FF000000FF000000FF000000FF000000FF000000FF000000FF000000FF000000FF000000FF000000FF000000FF000000FF000000FF000000FF000000FF000000FF000000FF000000FF000000FF000000FF000000FF000000FF000000FF000000FF000000FF000000FF000000FF000000FF000000FF000000FF000000FF000000FF000000FF000000FF000000FF000000FF000000FF000000FF000000FF000000FF000000FF000000FF000000FF000000FF000000FF000000FF000000FF000000FF000000FF000000FF000000FF000000FF000000FF000000FF000000FF000000FF000000FF000000FF000000FF000000FF000000FF000000FF000000FF000000FF000000FF000000FF000000FF000000FF000000FF000000FF000000FF000000FF000000FF000000FF000000FF000000FF000000FF000000FF000000FF000000FF000000FF000000FF000000FF000000FF000000FF000000FF000000FF000000FF000000FF000000FF000000FF000000FF000000FF000000FF000000FF000000FF000000FF000000FF000000FF000000FF000000FF000000FF000000FF000000FF000000FF000000FF000000FF000000FF000000FF000000FF000000FF000000FF000000FF000000FF000000FF000000FF000000FF000000FF000000FF000000FF000000FF000000FF000000FF000000FF000000FF000000FF000000FF000000FF000000FF000000FF000000FF000000FF000000FF000000FF000000FF000000FF000000FF000000FF000000FF000000FF000000FF000000FF000000FF000000FF000000FF000000FF000000FF000000FF000000FF000000FF000000FF000000FF000000FF000000FF000000FF000000FF2BFD99FF2BFD99FF2BFD99FF2BFD99FF2BFD99FF2BFD99FF000000FF000000FF000000FF000000FF000000FF000000FF000000FF000000FF2BFD99FF2BFD99FF000000FF000000FF000000FF000000FF000000FF000000FF000000FF000000FF000000FF000000FF2BFD99FF2BFD99FF2BFD99FF2BFD99FF000000FF000000FF000000FF000000FF2BFD99FF2BFD99FF000000FF000000FF000000FF000000FF2BFD99FF2BFD99FF2BFD99FF2BFD99FF000000FF000000FF000000FF000000FF2BFD99FF2BFD99FF000000FF000000FF000000FF000000FF2BFD99FF2BFD99FF2BFD99FF2BFD99FF000000FF000000FF000000FF000000FF2BFD99FF2BFD99FF000000FF000000FF000000FF000000FF2BFD99FF2BFD99FF000000FF000000FF000000FF000000FF2BFD99FF2BFD99FF2BFD99FF2BFD99FF000000FF000000FF000000FF000000FF000000FF000000FF000000FF000000FF000000FF000000FF000000FF000000FF000000FF000000FF000000FF000000FF000000FF000000FF000000FF000000FF000000FF000000FF000000FF000000FF000000FF000000FF000000FF000000FF000000FF000000FF000000FF000000FF000000FF000000FF000000FF000000FF000000FF000000FF000000FF000000FF000000FF000000FF000000FF000000FF000000FF000000FF000000FF000000FF000000FF000000FF000000FF000000FF000000FF000000FF000000FF000000FF000000FF000000FF000000FF000000FF000000FF000000FF000000FF000000FF000000FF000000FF000000FF000000FF000000FF000000FF000000FF000000FF000000FF000000FF000000FF000000FF000000FF000000FF000000FF000000FF000000FF000000FF000000FF000000FF000000FF000000FF000000FF000000FF000000FF000000FF000000FF000000FF000000FF000000FF000000FF000000FF000000FF000000FF000000FF000000FF000000FF000000FF000000FF000000FF000000FF000000FF000000FF000000FF000000FF000000FF000000FF000000FF000000FF000000FF000000FF000000FF000000FF000000FF000000FF000000FF000000FF000000FF000000FF000000FF000000FF000000FF000000FF000000FF000000FF000000FF000000FF000000FF000000FF000000FF000000FF000000FF000000FF000000FF000000FF000000FF000000FF000000FF000000FF000000FF000000FF000000FF000000FF000000FF000000FF000000FF000000FF000000FF000000FF000000FF000000FF000000FF000000FF000000FF000000FF000000FF000000FF000000FF000000FF000000FF000000FF000000FF000000FF000000FF000000FF000000FF000000FF000000FF000000FF000000FF000000FF000000FF000000FF000000FF000000FF000000FF000000FF000000FF000000FF000000FF000000FF000000FF000000FF000000FF000000FF000000FF000000FF000000FF000000FF000000FF000000FF000000FF000000FF000000FF000000FF000000FF000000FF000000FF000000FF000000FF000000FF000000FF000000FF000000FF000000FF000000FF000000FF000000FF000000FF000000FF000000FF000000FF000000FF000000FF000000FF000000FF000000FF000000FF000000FF000000FF000000FF000000FF000000FF000000FF000000FF000000FF000000FF000000FF000000FF000000FF000000FF000000FF000000FF000000FF000000FF000000FF000000FF000000FF000000FF000000FF000000FF000000FF000000FF000000FF000000FF000000FF000000FF000000FF000000FF000000FF000000FF000000FF000000FF000000FF000000FF000000FF000000FF000000FF000000FF000000FF000000FF000000FF000000FF000000FF000000FF000000FF000000FF000000FF000000FF000000FF000000FF000000FF000000FF000000FF000000FF000000FF000000FF000000FF000000FF000000FF000000FF000000FF000000FF000000FF000000FF000000FF000000FF000000FF000000FF000000FF000000FF000000FF000000FF000000FF000000FF000000FF000000FF000000FF000000FF000000FF000000FF000000FF000000FF000000FF000000FF000000FF000000FF000000FF000000FF000000FF000000FF000000FF000000FF000000FF000000FF000000FF000000FF000000FF000000FF000000FF000000FF000000FF000000FF000000FF000000FF000000FF000000FF000000FF000000FF000000FF000000FF000000FF000000FF000000FF000000FF000000FF000000FF000000FF000000FF000000FF000000FF000000FF000000FF000000FF000000FF000000FF000000FF000000FF000000FF000000FF000000FF000000FF000000FF000000FF000000FF000000FF000000FF000000FF000000FF000000FF000000FF000000FF000000FF000000FF000000FF000000FF000000FF000000FF000000FF000000FF000000FF000000FF000000FF000000FF000000FF000000FF000000FF000000FF000000FF000000FF000000FF000000FF000000FF000000FF000000FF000000FF000000FF000000FF000000FF000000FF000000FF000000FF000000FF000000FF000000FF000000FF000000FF000000FF000000FF000000FF000000FF000000FF000000FF000000FF000000FF000000FF000000FF000000FF000000FF000000FF000000FF000000FF000000FF000000FF000000FF000000FF000000FF000000FF000000FF000000FF000000FF000000FF000000FF000000FF000000FF000000FF000000FF000000FF000000FF000000FF000000FF000000FF000000FF000000FF000000FF000000FF000000FF000000FF000000FF000000FF000000FF000000FF000000FF000000FF000000FF000000FF000000FF000000FF000000FF000000FF000000FF000000FF000000FF000000FF000000FF000000FF000000FF000000FF000000FF000000FF000000FF000000FF000000FF000000FF000000FF000000FF000000FF000000FF000000FF000000FF000000FF000000FF000000FF000000FF000000FF000000FF000000FF000000FF2BFD99FF2BFD99FF2BFD99FF2BFD99FF2BFD99FF2BFD99FF000000FF000000FF000000FF000000FF000000FF000000FF000000FF000000FF2BFD99FF2BFD99FF000000FF000000FF000000FF000000FF000000FF000000FF000000FF000000FF000000FF000000FF2BFD99FF2BFD99FF2BFD99FF2BFD99FF000000FF000000FF000000FF000000FF2BFD99FF2BFD99FF000000FF000000FF000000FF000000FF2BFD99FF2BFD99FF2BFD99FF2BFD99FF000000FF000000FF000000FF000000FF2BFD99FF2BFD99FF000000FF000000FF000000FF000000FF2BFD99FF2BFD99FF2BFD99FF2BFD99FF000000FF000000FF000000FF000000FF2BFD99FF2BFD99FF000000FF000000FF000000FF000000FF2BFD99FF2BFD99FF000000FF000000FF000000FF000000FF2BFD99FF2BFD99FF2BFD99FF2BFD99FF000000FF000000FF000000FF000000FF000000FF000000FF000000FF000000FF000000FF000000FF000000FF000000FF000000FF000000FF000000FF000000FF000000FF000000FF000000FF000000FF000000FF000000FF000000FF000000FF000000FF000000FF000000FF000000FF000000FF000000FF000000FF000000FF000000FF000000FF000000FF000000FF000000FF000000FF000000FF000000FF000000FF000000FF000000FF000000FF000000FF000000FF000000FF000000FF000000FF000000FF000000FF000000FF000000FF000000FF000000FF000000FF000000FF000000FF000000FF000000FF000000FF000000FF000000FF000000FF000000FF000000FF000000FF000000FF000000FF000000FF000000FF000000FF000000FF000000FF000000FF000000FF000000FF000000FF000000FF000000FF000000FF000000FF000000FF000000FF000000FF000000FF000000FF000000FF000000FF000000FF000000FF000000FF000000FF000000FF000000FF000000FF000000FF000000FF000000FF000000FF000000FF000000FF000000FF000000FF000000FF000000FF000000FF000000FF000000FF000000FF000000FF000000FF000000FF000000FF000000FF000000FF000000FF000000FF000000FF000000FF000000FF000000FF000000FF000000FF000000FF000000FF000000FF000000FF000000FF000000FF000000FF000000FF000000FF000000FF000000FF000000FF000000FF000000FF000000FF000000FF000000FF000000FF000000FF000000FF000000FF000000FF000000FF000000FF000000FF000000FF000000FF000000FF000000FF000000FF000000FF000000FF000000FF000000FF000000FF000000FF000000FF000000FF000000FF000000FF000000FF000000FF000000FF000000FF000000FF000000FF000000FF000000FF000000FF000000FF000000FF000000FF000000FF000000FF000000FF000000FF000000FF000000FF000000FF000000FF000000FF000000FF000000FF000000FF000000FF000000FF000000FF000000FF000000FF000000FF000000FF000000FF000000FF000000FF000000FF000000FF000000FF000000FF000000FF000000FF000000FF000000FF000000FF000000FF000000FF000000FF000000FF000000FF000000FF000000FF000000FF000000FF000000FF000000FF000000FF000000FF000000FF000000FF000000FF000000FF000000FF000000FF000000FF000000FF000000FF000000FF000000FF000000FF000000FF000000FF000000FF000000FF000000FF000000FF000000FF000000FF000000FF000000FF000000FF000000FF000000FF000000FF000000FF000000FF000000FF000000FF000000FF000000FF000000FF000000FF000000FF000000FF000000FF000000FF000000FF000000FF000000FF000000FF000000FF000000FF000000FF000000FF000000FF000000FF000000FF000000FF000000FF000000FF000000FF000000FF000000FF000000FF000000FF000000FF000000FF000000FF000000FF000000FF000000FF000000FF000000FF000000FF000000FF000000FF000000FF000000FF000000FF000000FF000000FF000000FF000000FF000000FF000000FF000000FF000000FF000000FF000000FF000000FF000000FF000000FF000000FF000000FF000000FF000000FF000000FF000000FF000000FF000000FF000000FF000000FF000000FF000000FF000000FF000000FF000000FF000000FF000000FF000000FF000000FF000000FF000000FF000000FF000000FF000000FF000000FF000000FF000000FF000000FF000000FF000000FF000000FF000000FF000000FF000000FF000000FF000000FF000000FF000000FF000000FF000000FF000000FF000000FF000000FF000000FF000000FF000000FF000000FF000000FF000000FF000000FF000000FF000000FF000000FF000000FF000000FF000000FF000000FF000000FF000000FF000000FF000000FF000000FF000000FF000000FF000000FF000000FF000000FF000000FF000000FF000000FF000000FF000000FF000000FF000000FF000000FF000000FF000000FF000000FF000000FF000000FF000000FF000000FF000000FF000000FF000000FF000000FF000000FF000000FF000000FF000000FF000000FF000000FF000000FF000000FF000000FF000000FF000000FF000000FF000000FF000000FF000000FF000000FF000000FF000000FF000000FF000000FF000000FF000000FF000000FF000000FF000000FF000000FF000000FF000000FF000000FF000000FF000000FF000000FF000000FF000000FF000000FF000000FF000000FF000000FF000000FF000000FF000000FF000000FF000000FF000000FF000000FF000000FF000000FF000000FF000000FF000000FF000000FF000000FF000000FF000000FF000000FF000000FF000000FF000000FF000000FF000000FF000000FF000000FF000000FF000000FF000000FF000000FF000000FF000000FF000000FF000000FF000000FF000000FF000000FF000000FF000000FF000000FF000000FF000000FF000000FF000000FF000000FF000000FF000000FF000000FF000000FF000000FF000000FF000000FF000000FF000000FF2BFD99FF2BFD99FF000000FF000000FF2BFD99FF2BFD99FF000000FF000000FF2BFD99FF2BFD99FF000000FF000000FF000000FF000000FF2BFD99FF2BFD99FF000000FF000000FF000000FF000000FF000000FF000000FF000000FF000000FF000000FF000000FF000000FF000000FF2BFD99FF2BFD99FF000000FF000000FF000000FF000000FF000000FF000000FF2BFD99FF2BFD99FF000000FF000000FF000000FF000000FF2BFD99FF2BFD99FF000000FF000000FF000000FF000000FF000000FF000000FF2BFD99FF2BFD99FF000000FF000000FF000000FF000000FF2BFD99FF2BFD99FF000000FF000000FF000000FF000000FF000000FF000000FF2BFD99FF2BFD99FF000000FF000000FF000000FF000000FF2BFD99FF2BFD99FF000000FF000000FF000000FF000000FF000000FF000000FF2BFD99FF2BFD99FF000000FF000000FF000000FF000000FF000000FF000000FF000000FF000000FF000000FF000000FF000000FF000000FF000000FF000000FF000000FF000000FF000000FF000000FF000000FF000000FF000000FF000000FF000000FF000000FF000000FF000000FF000000FF000000FF000000FF000000FF000000FF000000FF000000FF000000FF000000FF000000FF000000FF000000FF000000FF000000FF000000FF000000FF000000FF000000FF000000FF000000FF000000FF000000FF000000FF000000FF000000FF000000FF000000FF000000FF000000FF000000FF000000FF000000FF000000FF000000FF000000FF000000FF000000FF000000FF000000FF000000FF000000FF000000FF000000FF000000FF000000FF000000FF000000FF000000FF000000FF000000FF000000FF000000FF000000FF000000FF000000FF000000FF000000FF000000FF000000FF000000FF000000FF000000FF000000FF000000FF000000FF000000FF000000FF000000FF000000FF000000FF000000FF000000FF000000FF000000FF000000FF000000FF000000FF000000FF000000FF000000FF000000FF000000FF000000FF000000FF000000FF000000FF000000FF000000FF000000FF000000FF000000FF000000FF000000FF000000FF000000FF000000FF000000FF000000FF000000FF000000FF000000FF000000FF000000FF000000FF000000FF000000FF000000FF000000FF000000FF000000FF000000FF000000FF000000FF000000FF000000FF000000FF000000FF000000FF000000FF000000FF000000FF000000FF000000FF000000FF000000FF000000FF000000FF000000FF000000FF000000FF000000FF000000FF000000FF000000FF000000FF000000FF000000FF000000FF000000FF000000FF000000FF000000FF000000FF000000FF000000FF000000FF000000FF000000FF000000FF000000FF000000FF000000FF000000FF000000FF000000FF000000FF000000FF000000FF000000FF000000FF000000FF000000FF000000FF000000FF000000FF000000FF000000FF000000FF000000FF000000FF000000FF000000FF000000FF000000FF000000FF000000FF000000FF000000FF000000FF000000FF000000FF000000FF000000FF000000FF000000FF000000FF000000FF000000FF000000FF000000FF000000FF000000FF000000FF000000FF000000FF000000FF000000FF000000FF000000FF000000FF000000FF000000FF000000FF000000FF000000FF000000FF000000FF000000FF000000FF000000FF000000FF000000FF000000FF000000FF000000FF000000FF000000FF000000FF000000FF000000FF000000FF000000FF000000FF000000FF000000FF000000FF000000FF000000FF000000FF000000FF000000FF000000FF000000FF000000FF000000FF000000FF000000FF000000FF000000FF000000FF000000FF000000FF000000FF000000FF000000FF000000FF000000FF000000FF000000FF000000FF000000FF000000FF000000FF000000FF000000FF000000FF000000FF000000FF000000FF000000FF000000FF000000FF000000FF000000FF000000FF000000FF000000FF000000FF000000FF000000FF000000FF000000FF000000FF000000FF000000FF000000FF000000FF000000FF000000FF000000FF000000FF000000FF000000FF000000FF000000FF000000FF000000FF000000FF000000FF000000FF000000FF000000FF000000FF000000FF000000FF000000FF000000FF000000FF000000FF000000FF000000FF000000FF000000FF000000FF000000FF000000FF000000FF000000FF000000FF000000FF000000FF000000FF000000FF000000FF000000FF000000FF000000FF000000FF000000FF000000FF000000FF000000FF000000FF000000FF000000FF000000FF000000FF000000FF000000FF000000FF000000FF000000FF000000FF000000FF000000FF000000FF000000FF000000FF000000FF000000FF000000FF000000FF000000FF000000FF000000FF000000FF000000FF000000FF000000FF000000FF000000FF000000FF000000FF000000FF000000FF000000FF000000FF000000FF000000FF000000FF000000FF000000FF000000FF000000FF000000FF000000FF000000FF000000FF000000FF000000FF000000FF000000FF000000FF000000FF000000FF000000FF000000FF000000FF000000FF000000FF000000FF000000FF000000FF000000FF000000FF000000FF000000FF000000FF000000FF000000FF000000FF000000FF000000FF000000FF000000FF000000FF000000FF000000FF000000FF000000FF000000FF000000FF000000FF000000FF000000FF000000FF000000FF000000FF000000FF000000FF000000FF000000FF000000FF000000FF000000FF000000FF000000FF000000FF000000FF000000FF000000FF000000FF000000FF000000FF000000FF000000FF000000FF000000FF000000FF000000FF000000FF000000FF000000FF000000FF000000FF000000FF000000FF000000FF000000FF000000FF000000FF000000FF000000FF000000FF000000FF000000FF000000FF000000FF000000FF000000FF000000FF000000FF000000FF000000FF2BFD99FF2BFD99FF000000FF000000FF2BFD99FF2BFD99FF000000FF000000FF2BFD99FF2BFD99FF000000FF000000FF000000FF000000FF2BFD99FF2BFD99FF000000FF000000FF000000FF000000FF000000FF000000FF000000FF000000FF000000FF000000FF000000FF000000FF2BFD99FF2BFD99FF000000FF000000FF000000FF000000FF000000FF000000FF2BFD99FF2BFD99FF000000FF000000FF000000FF000000FF2BFD99FF2BFD99FF000000FF000000FF000000FF000000FF000000FF000000FF2BFD99FF2BFD99FF000000FF000000FF000000FF000000FF2BFD99FF2BFD99FF000000FF000000FF000000FF000000FF000000FF000000FF2BFD99FF2BFD99FF000000FF000000FF000000FF000000FF2BFD99FF2BFD99FF000000FF000000FF000000FF000000FF000000FF000000FF2BFD99FF2BFD99FF000000FF000000FF000000FF000000FF000000FF000000FF000000FF000000FF000000FF000000FF000000FF000000FF000000FF000000FF000000FF000000FF000000FF000000FF000000FF000000FF000000FF000000FF000000FF000000FF000000FF000000FF000000FF000000FF000000FF000000FF000000FF000000FF000000FF000000FF000000FF000000FF000000FF000000FF000000FF000000FF000000FF000000FF000000FF000000FF000000FF000000FF000000FF000000FF000000FF000000FF000000FF000000FF000000FF000000FF000000FF000000FF000000FF000000FF000000FF000000FF000000FF000000FF000000FF000000FF000000FF000000FF000000FF000000FF000000FF000000FF000000FF000000FF000000FF000000FF000000FF000000FF000000FF000000FF000000FF000000FF000000FF000000FF000000FF000000FF000000FF000000FF000000FF000000FF000000FF000000FF000000FF000000FF000000FF000000FF000000FF000000FF000000FF000000FF000000FF000000FF000000FF000000FF000000FF000000FF000000FF000000FF000000FF000000FF000000FF000000FF000000FF000000FF000000FF000000FF000000FF000000FF000000FF000000FF000000FF000000FF000000FF000000FF000000FF000000FF000000FF000000FF000000FF000000FF000000FF000000FF000000FF000000FF000000FF000000FF000000FF000000FF000000FF000000FF000000FF000000FF000000FF000000FF000000FF000000FF000000FF000000FF000000FF000000FF000000FF000000FF000000FF000000FF000000FF000000FF000000FF000000FF000000FF000000FF000000FF000000FF000000FF000000FF000000FF000000FF000000FF000000FF000000FF000000FF000000FF000000FF000000FF000000FF000000FF000000FF000000FF000000FF000000FF000000FF000000FF000000FF000000FF000000FF000000FF000000FF000000FF000000FF000000FF000000FF000000FF000000FF000000FF000000FF000000FF000000FF000000FF000000FF000000FF000000FF000000FF000000FF000000FF000000FF000000FF000000FF000000FF000000FF000000FF000000FF000000FF000000FF000000FF000000FF000000FF000000FF000000FF000000FF000000FF000000FF000000FF000000FF000000FF000000FF000000FF000000FF000000FF000000FF000000FF000000FF000000FF000000FF000000FF000000FF000000FF000000FF000000FF000000FF000000FF000000FF000000FF000000FF000000FF000000FF000000FF000000FF000000FF000000FF000000FF000000FF000000FF000000FF000000FF000000FF000000FF000000FF000000FF000000FF000000FF000000FF000000FF000000FF000000FF000000FF000000FF000000FF000000FF000000FF000000FF000000FF000000FF000000FF000000FF000000FF000000FF000000FF000000FF000000FF000000FF000000FF000000FF000000FF000000FF000000FF000000FF000000FF000000FF000000FF000000FF000000FF000000FF000000FF000000FF000000FF000000FF000000FF000000FF000000FF000000FF000000FF000000FF000000FF000000FF000000FF000000FF000000FF000000FF000000FF000000FF000000FF000000FF000000FF000000FF000000FF000000FF000000FF000000FF000000FF000000FF000000FF000000FF000000FF000000FF000000FF000000FF000000FF000000FF000000FF000000FF000000FF000000FF000000FF000000FF000000FF000000FF000000FF000000FF000000FF000000FF000000FF000000FF000000FF000000FF000000FF000000FF000000FF000000FF000000FF000000FF000000FF000000FF000000FF000000FF000000FF000000FF000000FF000000FF000000FF000000FF000000FF000000FF000000FF000000FF000000FF000000FF000000FF000000FF000000FF000000FF000000FF000000FF000000FF000000FF000000FF000000FF000000FF000000FF000000FF000000FF000000FF000000FF000000FF000000FF000000FF000000FF000000FF000000FF000000FF000000FF000000FF000000FF000000FF000000FF000000FF000000FF000000FF000000FF000000FF000000FF000000FF000000FF000000FF000000FF000000FF000000FF000000FF000000FF000000FF000000FF000000FF000000FF000000FF000000FF000000FF000000FF000000FF000000FF000000FF000000FF000000FF000000FF000000FF000000FF000000FF000000FF000000FF000000FF000000FF000000FF000000FF000000FF000000FF000000FF000000FF000000FF000000FF000000FF000000FF000000FF000000FF000000FF000000FF000000FF000000FF000000FF000000FF000000FF000000FF000000FF000000FF000000FF000000FF000000FF000000FF000000FF000000FF000000FF000000FF000000FF000000FF000000FF000000FF000000FF000000FF000000FF000000FF000000FF000000FF000000FF000000FF000000FF000000FF000000FF000000FF000000FF000000FF000000FF000000FF000000FF000000FF000000FF000000FF000000FF000000FF000000FF000000FF2BFD99FF2BFD99FF000000FF000000FF000000FF000000FF000000FF000000FF000000FF000000FF2BFD99FF2BFD99FF2BFD99FF2BFD99FF2BFD99FF2BFD99FF2BFD99FF2BFD99FF2BFD99FF2BFD99FF000000FF000000FF000000FF000000FF000000FF000000FF2BFD99FF2BFD99FF2BFD99FF2BFD99FF2BFD99FF2BFD99FF000000FF000000FF000000FF000000FF000000FF000000FF000000FF000000FF2BFD99FF2BFD99FF2BFD99FF2BFD99FF2BFD99FF2BFD99FF000000FF000000FF000000FF000000FF000000FF000000FF000000FF000000FF2BFD99FF2BFD99FF2BFD99FF2BFD99FF2BFD99FF2BFD99FF000000FF000000FF000000FF000000FF000000FF000000FF000000FF000000FF2BFD99FF2BFD99FF2BFD99FF2BFD99FF2BFD99FF2BFD99FF2BFD99FF2BFD99FF000000FF000000FF000000FF000000FF000000FF000000FF000000FF000000FF000000FF000000FF000000FF000000FF000000FF000000FF000000FF000000FF000000FF000000FF000000FF000000FF000000FF000000FF000000FF000000FF000000FF000000FF000000FF000000FF000000FF000000FF000000FF000000FF000000FF000000FF000000FF000000FF000000FF000000FF000000FF000000FF000000FF000000FF000000FF000000FF000000FF000000FF000000FF000000FF000000FF000000FF000000FF000000FF000000FF000000FF000000FF000000FF000000FF000000FF000000FF000000FF000000FF000000FF000000FF000000FF000000FF000000FF000000FF000000FF000000FF000000FF000000FF000000FF000000FF000000FF000000FF000000FF000000FF000000FF000000FF000000FF000000FF000000FF000000FF000000FF000000FF000000FF000000FF000000FF000000FF000000FF000000FF000000FF000000FF000000FF000000FF000000FF000000FF000000FF000000FF000000FF000000FF000000FF000000FF000000FF000000FF000000FF000000FF000000FF000000FF000000FF000000FF000000FF000000FF000000FF000000FF000000FF000000FF000000FF000000FF000000FF000000FF000000FF000000FF000000FF000000FF000000FF000000FF000000FF000000FF000000FF000000FF000000FF000000FF000000FF000000FF000000FF000000FF000000FF000000FF000000FF000000FF000000FF000000FF000000FF000000FF000000FF000000FF000000FF000000FF000000FF000000FF000000FF000000FF000000FF000000FF000000FF000000FF000000FF000000FF000000FF000000FF000000FF000000FF000000FF000000FF000000FF000000FF000000FF000000FF000000FF000000FF000000FF000000FF000000FF000000FF000000FF000000FF000000FF000000FF000000FF000000FF000000FF000000FF000000FF000000FF000000FF000000FF000000FF000000FF000000FF000000FF000000FF000000FF000000FF000000FF000000FF000000FF000000FF000000FF000000FF000000FF000000FF000000FF000000FF000000FF000000FF000000FF000000FF000000FF000000FF000000FF000000FF000000FF000000FF000000FF000000FF000000FF000000FF000000FF000000FF000000FF000000FF000000FF000000FF000000FF000000FF000000FF000000FF000000FF000000FF000000FF000000FF000000FF000000FF000000FF000000FF000000FF000000FF000000FF000000FF000000FF000000FF000000FF000000FF000000FF000000FF000000FF000000FF000000FF000000FF000000FF000000FF000000FF000000FF000000FF000000FF000000FF000000FF000000FF000000FF000000FF000000FF000000FF000000FF000000FF000000FF000000FF000000FF000000FF000000FF000000FF000000FF000000FF000000FF000000FF000000FF000000FF000000FF000000FF000000FF000000FF000000FF000000FF000000FF000000FF000000FF000000FF000000FF000000FF000000FF000000FF000000FF000000FF000000FF000000FF000000FF000000FF000000FF000000FF000000FF000000FF000000FF000000FF000000FF000000FF000000FF000000FF000000FF000000FF000000FF000000FF000000FF000000FF000000FF000000FF000000FF000000FF000000FF000000FF000000FF000000FF000000FF000000FF000000FF000000FF000000FF000000FF000000FF000000FF000000FF000000FF000000FF000000FF000000FF000000FF000000FF000000FF000000FF000000FF000000FF000000FF000000FF000000FF000000FF000000FF000000FF000000FF000000FF000000FF000000FF000000FF000000FF000000FF000000FF000000FF000000FF000000FF000000FF000000FF000000FF000000FF000000FF000000FF000000FF000000FF000000FF000000FF000000FF000000FF000000FF000000FF000000FF000000FF000000FF000000FF000000FF000000FF000000FF000000FF000000FF000000FF000000FF000000FF000000FF000000FF000000FF000000FF000000FF000000FF000000FF000000FF000000FF000000FF000000FF000000FF000000FF000000FF000000FF000000FF000000FF000000FF000000FF000000FF000000FF000000FF000000FF000000FF000000FF000000FF000000FF000000FF000000FF000000FF000000FF000000FF000000FF000000FF000000FF000000FF000000FF000000FF000000FF000000FF000000FF000000FF000000FF000000FF000000FF000000FF000000FF000000FF000000FF000000FF000000FF000000FF000000FF000000FF000000FF000000FF000000FF000000FF000000FF000000FF000000FF000000FF000000FF000000FF000000FF000000FF000000FF000000FF000000FF000000FF000000FF000000FF000000FF000000FF000000FF000000FF000000FF000000FF000000FF000000FF000000FF000000FF000000FF000000FF000000FF000000FF000000FF000000FF000000FF000000FF000000FF000000FF000000FF000000FF000000FF000000FF000000FF000000FF000000FF000000FF000000FF2BFD99FF2BFD99FF000000FF000000FF000000FF000000FF000000FF000000FF000000FF000000FF2BFD99FF2BFD99FF2BFD99FF2BFD99FF2BFD99FF2BFD99FF2BFD99FF2BFD99FF2BFD99FF2BFD99FF000000FF000000FF000000FF000000FF000000FF000000FF2BFD99FF2BFD99FF2BFD99FF2BFD99FF2BFD99FF2BFD99FF000000FF000000FF000000FF000000FF000000FF000000FF000000FF000000FF2BFD99FF2BFD99FF2BFD99FF2BFD99FF2BFD99FF2BFD99FF000000FF000000FF000000FF000000FF000000FF000000FF000000FF000000FF2BFD99FF2BFD99FF2BFD99FF2BFD99FF2BFD99FF2BFD99FF000000FF000000FF000000FF000000FF000000FF000000FF000000FF000000FF2BFD99FF2BFD99FF2BFD99FF2BFD99FF2BFD99FF2BFD99FF2BFD99FF2BFD99FF000000FF000000FF000000FF000000FF000000FF000000FF000000FF000000FF000000FF000000FF000000FF000000FF000000FF000000FF000000FF000000FF000000FF000000FF000000FF000000FF000000FF000000FF000000FF000000FF000000FF000000FF000000FF000000FF000000FF000000FF000000FF000000FF000000FF000000FF000000FF000000FF000000FF000000FF000000FF000000FF000000FF000000FF000000FF000000FF000000FF000000FF000000FF000000FF000000FF000000FF000000FF000000FF000000FF000000FF000000FF000000FF000000FF000000FF000000FF000000FF000000FF000000FF000000FF000000FF000000FF000000FF000000FF000000FF000000FF000000FF000000FF000000FF000000FF000000FF000000FF000000FF000000FF000000FF000000FF000000FF000000FF000000FF000000FF000000FF000000FF000000FF000000FF000000FF000000FF000000FF000000FF000000FF000000FF000000FF000000FF000000FF000000FF000000FF000000FF000000FF000000FF000000FF000000FF000000FF000000FF000000FF000000FF000000FF000000FF000000FF000000FF000000FF000000FF000000FF000000FF000000FF000000FF000000FF000000FF000000FF000000FF000000FF000000FF000000FF000000FF000000FF000000FF000000FF000000FF000000FF000000FF000000FF000000FF000000FF000000FF000000FF000000FF000000FF000000FF000000FF000000FF000000FF000000FF000000FF000000FF000000FF000000FF000000FF000000FF000000FF000000FF000000FF000000FF000000FF000000FF000000FF000000FF000000FF000000FF000000FF000000FF000000FF000000FF000000FF000000FF000000FF000000FF000000FF000000FF000000FF000000FF000000FF000000FF000000FF000000FF000000FF000000FF000000FF000000FF000000FF000000FF000000FF000000FF000000FF000000FF000000FF000000FF000000FF000000FF000000FF000000FF000000FF000000FF000000FF000000FF000000FF000000FF000000FF000000FF000000FF000000FF000000FF000000FF000000FF000000FF000000FF000000FF000000FF000000FF000000FF000000FF000000FF000000FF000000FF000000FF000000FF000000FF000000FF000000FF000000FF000000FF000000FF000000FF000000FF000000FF000000FF000000FF000000FF000000FF000000FF000000FF000000FF000000FF000000FF000000FF000000FF000000FF000000FF000000FF000000FF000000FF000000FF000000FF000000FF000000FF000000FF000000FF000000FF000000FF000000FF000000FF000000FF000000FF000000FF000000FF000000FF000000FF000000FF000000FF000000FF000000FF000000FF000000FF000000FF000000FF000000FF000000FF000000FF000000FF000000FF000000FF000000FF000000FF000000FF000000FF000000FF000000FF000000FF000000FF000000FF000000FF000000FF000000FF000000FF000000FF000000FF000000FF000000FF000000FF000000FF000000FF000000FF000000FF000000FF000000FF000000FF000000FF000000FF000000FF000000FF000000FF000000FF000000FF000000FF000000FF000000FF000000FF000000FF000000FF000000FF000000FF000000FF000000FF000000FF000000FF000000FF000000FF000000FF000000FF000000FF000000FF000000FF000000FF000000FF000000FF000000FF000000FF000000FF000000FF000000FF000000FF000000FF000000FF000000FF000000FF000000FF000000FF000000FF000000FF000000FF000000FF000000FF000000FF000000FF000000FF000000FF000000FF000000FF000000FF000000FF000000FF000000FF000000FF000000FF000000FF000000FF000000FF000000FF000000FF000000FF000000FF000000FF000000FF000000FF000000FF000000FF000000FF000000FF000000FF000000FF000000FF000000FF000000FF000000FF000000FF000000FF000000FF000000FF000000FF000000FF000000FF000000FF000000FF000000FF000000FF000000FF000000FF000000FF000000FF000000FF000000FF000000FF000000FF000000FF000000FF000000FF000000FF000000FF000000FF000000FF000000FF000000FF000000FF000000FF000000FF000000FF000000FF000000FF000000FF000000FF000000FF000000FF000000FF000000FF000000FF000000FF000000FF000000FF000000FF000000FF000000FF000000FF000000FF000000FF000000FF000000FF000000FF000000FF000000FF000000FF000000FF000000FF000000FF000000FF000000FF000000FF000000FF000000FF000000FF000000FF000000FF000000FF000000FF000000FF000000FF000000FF000000FF000000FF000000FF000000FF000000FF000000FF000000FF000000FF000000FF000000FF000000FF000000FF000000FF000000FF000000FF000000FF000000FF000000FF000000FF000000FF000000FF000000FF000000FF000000FF000000FF000000FF000000FF000000FF000000FF000000FF000000FF000000FF000000FF000000FF000000FF000000FF000000FF000000FF000000FF000000FF000000FF000000FF000000FF000000FF000000FF000000FF000000FF000000FF000000FF000000FF000000FF000000FF000000FF000000FF000000FF000000FF000000FF000000FF000000FF000000FF000000FF000000FF000000FF000000FF000000FF000000FF000000FF000000FF000000FF000000FF000000FF000000FF000000FF000000FF000000FF000000FF000000FF000000FF000000FF000000FF000000FF000000FF000000FF000000FF000000FF000000FF000000FF000000FF000000FF000000FF000000FF000000FF000000FF000000FF000000FF000000FF000000FF000000FF000000FF000000FF000000FF000000FF000000FF000000FF000000FF000000FF000000FF000000FF000000FF000000FF000000FF000000FF000000FF000000FF000000FF000000FF000000FF000000FF000000FF000000FF000000FF000000FF000000FF000000FF000000FF000000FF000000FF000000FF000000FF000000FF000000FF000000FF000000FF000000FF000000FF000000FF000000FF000000FF000000FF000000FF000000FF000000FF000000FF000000FF000000FF000000FF000000FF000000FF000000FF000000FF000000FF000000FF000000FF000000FF000000FF000000FF000000FF000000FF000000FF000000FF000000FF000000FF000000FF000000FF000000FF000000FF000000FF000000FF000000FF000000FF000000FF000000FF000000FF000000FF000000FF000000FF000000FF000000FF000000FF000000FF000000FF000000FF000000FF000000FF000000FF000000FF000000FF000000FF000000FF000000FF000000FF000000FF000000FF000000FF000000FF000000FF000000FF000000FF000000FF000000FF000000FF000000FF000000FF000000FF000000FF000000FF000000FF000000FF000000FF000000FF000000FF000000FF000000FF000000FF000000FF000000FF000000FF000000FF000000FF000000FF000000FF000000FF000000FF000000FF000000FF000000FF000000FF000000FF000000FF000000FF000000FF000000FF000000FF000000FF000000FF000000FF000000FF000000FF000000FF000000FF000000FF000000FF000000FF000000FF000000FF000000FF000000FF000000FF000000FF000000FF000000FF000000FF000000FF000000FF000000FF000000FF000000FF000000FF000000FF000000FF000000FF000000FF000000FF000000FF000000FF000000FF000000FF000000FF000000FF000000FF000000FF000000FF000000FF000000FF000000FF000000FF000000FF000000FF000000FF000000FF000000FF000000FF000000FF000000FF000000FF000000FF000000FF000000FF000000FF000000FF000000FF000000FF000000FF000000FF000000FF000000FF000000FF000000FF000000FF000000FF000000FF000000FF000000FF000000FF000000FF000000FF000000FF000000FF000000FF000000FF000000FF000000FF000000FF000000FF000000FF000000FF000000FF000000FF000000FF000000FF000000FF000000FF000000FF000000FF000000FF000000FF000000FF000000FF000000FF000000FF000000FF000000FF000000FF000000FF000000FF000000FF000000FF000000FF000000FF000000FF000000FF000000FF000000FF000000FF000000FF000000FF000000FF000000FF000000FF000000FF000000FF000000FF000000FF000000FF000000FF000000FF000000FF000000FF000000FF000000FF000000FF000000FF000000FF000000FF000000FF000000FF000000FF000000FF000000FF000000FF000000FF000000FF000000FF000000FF000000FF000000FF000000FF000000FF000000FF000000FF000000FF000000FF000000FF000000FF000000FF000000FF000000FF000000FF000000FF000000FF000000FF000000FF000000FF000000FF000000FF000000FF000000FF000000FF000000FF000000FF000000FF000000FF000000FF000000FF000000FF000000FF000000FF000000FF000000FF000000FF000000FF000000FF000000FF000000FF000000FF000000FF000000FF000000FF000000FF000000FF000000FF000000FF000000FF000000FF000000FF000000FF000000FF000000FF000000FF000000FF000000FF000000FF000000FF000000FF000000FF000000FF000000FF000000FF000000FF000000FF000000FF000000FF000000FF000000FF000000FF000000FF000000FF000000FF000000FF000000FF000000FF000000FF000000FF000000FF000000FF000000FF000000FF000000FF000000FF000000FF000000FF000000FF000000FF000000FF000000FF000000FF000000FF000000FF000000FF000000FF000000FF000000FF000000FF000000FF000000FF000000FF000000FF000000FF000000FF000000FF000000FF000000FF000000FF000000FF000000FF000000FF000000FF000000FF000000FF000000FF000000FF000000FF000000FF000000FF000000FF000000FF000000FF000000FF000000FF000000FF000000FF000000FF000000FF000000FF000000FF000000FF000000FF000000FF000000FF000000FF000000FF000000FF000000FF000000FF000000FF000000FF000000FF000000FF000000FF000000FF000000FF000000FF000000FF000000FF000000FF000000FF000000FF000000FF000000FF000000FF000000FF000000FF000000FF000000FF000000FF000000FF000000FF000000FF000000FF000000FF000000FF000000FF000000FF000000FF000000FF000000FF000000FF000000FF000000FF000000FF000000FF000000FF000000FF000000FF000000FF000000FF000000FF000000FF000000FF000000FF000000FF000000FF000000FF000000FF000000FF000000FF000000FF000000FF000000FF000000FF000000FF000000FF000000FF000000FF000000FF000000FF000000FF000000FF000000FF000000FF000000FF000000FF000000FF000000FF000000FF000000FF000000FF000000FF000000FF000000FF000000FF000000FF000000FF000000FF000000FF000000FF000000FF000000FF000000FF000000FF000000FF000000FF000000FF000000FF000000FF000000FF000000FF000000FF000000FF000000FF000000FF000000FF000000FF000000FF000000FF000000FF000000FF000000FF000000FF000000FF000000FF000000FF000000FF000000FF000000FF000000FF000000FF000000FF000000FF000000FF000000FF000000FF000000FF000000FF000000FF000000FF000000FF000000FF000000FF000000FF000000FF000000FF000000FF000000FF000000FF000000FF000000FF000000FF000000FF000000FF000000FF000000FF000000FF000000FF000000FF000000FF000000FF000000FF000000FF000000FF000000FF000000FF000000FF000000FF000000FF000000FF000000FF000000FF000000FF000000FF000000FF000000FF000000FF000000FF000000FF000000FF000000FF000000FF000000FF000000FF000000FF000000FF000000FF000000FF000000FF000000FF000000FF000000FF000000FF000000FF000000FF000000FF000000FF000000FF000000FF000000FF000000FF000000FF000000FF000000FF000000FF000000FF000000FF000000FF000000FF000000FF000000FF000000FF000000FF000000FF000000FF000000FF000000FF000000FF000000FF000000FF000000FF000000FF000000FF000000FF000000FF000000FF000000FF000000FF000000FF000000FF000000FF000000FF000000FF000000FF000000FF000000FF000000FF000000FF000000FF000000FF000000FF000000FF000000FF000000FF000000FF000000FF000000FF000000FF000000FF000000FF000000FF000000FF000000FF000000FF000000FF000000FF000000FF000000FF000000FF000000FF000000FF000000FF000000FF000000FF000000FF000000FF000000FF000000FF000000FF000000FF000000FF000000FF000000FF000000FF000000FF000000FF000000FF000000FF000000FF000000FF000000FF000000FF000000FF000000FF000000FF000000FF000000FF000000FF000000FF000000FF000000FF000000FF000000FF000000FF000000FF000000FF000000FF000000FF000000FF000000FF000000FF000000FF000000FF000000FF000000FF000000FF000000FF000000FF000000FF000000FF000000FF000000FF000000FF000000FF000000FF000000FF000000FF000000FF000000FF000000FF000000FF000000FF000000FF000000FF000000FF000000FF000000FF000000FF000000FF000000FF000000FF000000FF000000FF000000FF000000FF000000FF000000FF000000FF000000FF000000FF000000FF000000FF000000FF000000FF000000FF000000FF000000FF000000FF000000FF000000FF000000FF000000FF000000FF000000FF000000FF000000FF000000FF000000FF000000FF000000FF000000FF000000FF000000FF000000FF000000FF000000FF000000FF000000FF000000FF000000FF000000FF000000FF000000FF000000FF000000FF000000FF000000FF000000FF000000FF000000FF000000FF000000FF000000FF000000FF000000FF000000FF000000FF000000FF000000FF000000FF000000FF000000FF000000FF000000FF000000FF000000FF000000FF000000FF000000FF000000FF000000FF000000FF000000FF000000FF000000FF000000FF000000FF000000FF000000FF000000FF000000FF000000FF000000FF000000FF000000FF000000FF000000FF000000FF000000FF000000FF000000FF000000FF000000FF000000FF000000FF000000FF000000FF000000FF000000FF000000FF000000FF000000FF000000FF000000FF000000FF000000FF000000FF000000FF000000FF000000FF000000FF000000FF000000FF000000FF000000FF000000FF000000FF000000FF000000FF000000FF000000FF000000FF000000FF000000FF000000FF000000FF000000FF000000FF000000FF000000FF000000FF000000FF000000FF000000FF000000FF000000FF000000FF000000FF000000FF000000FF000000FF000000FF000000FF000000FF000000FF000000FF000000FF000000FF000000FF000000FF000000FF000000FF000000FF000000FF000000FF000000FF000000FF000000FF000000FF000000FF000000FF000000FF000000FF000000FF000000FF000000FF000000FF000000FF000000FF000000FF000000FF000000FF000000FF000000FF000000FF000000FF000000FF000000FF000000FF000000FF000000FF000000FF000000FF000000FF000000FF000000FF000000FF000000FF000000FF000000FF000000FF000000FF000000FF000000FF000000FF000000FF000000FF000000FF000000FF000000FF000000FF000000FF000000FF000000FF000000FF000000FF000000FF000000FF000000FF000000FF000000FF000000FF000000FF000000FF000000FF000000FF000000FF000000FF000000FF000000FF000000FF000000FF000000FF000000FF000000FF000000FF000000FF000000FF000000FF000000FF000000FF000000FF000000FF000000FF000000FF000000FF000000FF000000FF000000FF000000FF000000FF000000FF000000FF000000FF000000FF000000FF000000FF000000FF000000FF000000FF000000FF000000FF000000FF000000FF000000FF000000FF000000FF000000FF000000FF000000FF000000FF000000FF000000FF000000FF000000FF000000FF000000FF000000FF000000FF000000FF000000FF000000FF000000FF000000FF000000FF000000FF000000FF000000FF000000FF000000FF000000FF000000FF000000FF000000FF000000FF000000FF000000FF000000FF000000FF000000FF000000FF000000FF000000FF000000FF000000FF000000FF000000FF000000FF000000FF000000FF000000FF000000FF000000FF000000FF000000FF000000FF000000FF000000FF000000FF000000FF000000FF000000FF000000FF000000FF000000FF000000FF000000FF000000FF000000FF000000FF000000FF000000FF000000FF000000FF000000FF000000FF000000FF000000FF2BFD99FF2BFD99FF000000FF000000FF000000FF000000FF000000FF000000FF2BFD99FF2BFD99FF000000FF000000FF000000FF000000FF000000FF000000FF2BFD99FF2BFD99FF2BFD99FF2BFD99FF2BFD99FF2BFD99FF000000FF000000FF000000FF000000FF000000FF000000FF2BFD99FF2BFD99FF000000FF000000FF000000FF000000FF000000FF000000FF2BFD99FF2BFD99FF000000FF000000FF000000FF000000FF000000FF000000FF2BFD99FF2BFD99FF2BFD99FF2BFD99FF2BFD99FF2BFD99FF000000FF000000FF000000FF000000FF000000FF000000FF2BFD99FF2BFD99FF2BFD99FF2BFD99FF2BFD99FF2BFD99FF2BFD99FF2BFD99FF2BFD99FF2BFD99FF000000FF000000FF000000FF000000FF2BFD99FF2BFD99FF2BFD99FF2BFD99FF2BFD99FF2BFD99FF2BFD99FF2BFD99FF000000FF000000FF000000FF000000FF000000FF000000FF000000FF000000FF000000FF000000FF000000FF000000FF000000FF000000FF000000FF000000FF000000FF000000FF000000FF000000FF000000FF000000FF000000FF000000FF2BFD99FF2BFD99FF000000FF000000FF000000FF000000FF000000FF000000FF000000FF000000FF000000FF000000FF000000FF000000FF000000FF000000FF000000FF000000FF000000FF000000FF000000FF000000FF000000FF000000FF000000FF000000FF000000FF000000FF2BFD99FF2BFD99FF000000FF000000FF000000FF000000FF000000FF000000FF000000FF000000FF000000FF000000FF000000FF000000FF000000FF000000FF000000FF000000FF000000FF000000FF000000FF000000FF000000FF000000FF000000FF000000FF000000FF000000FF000000FF000000FF000000FF000000FF000000FF000000FF000000FF000000FF000000FF000000FF000000FF000000FF000000FF000000FF000000FF000000FF000000FF000000FF000000FF000000FF000000FF000000FF000000FF000000FF000000FF000000FF000000FF000000FF000000FF000000FF000000FF000000FF000000FF000000FF000000FF000000FF000000FF000000FF000000FF000000FF000000FF000000FF000000FF000000FF000000FF000000FF000000FF000000FF000000FF000000FF000000FF000000FF000000FF000000FF000000FF000000FF000000FF000000FF000000FF000000FF000000FF000000FF000000FF000000FF000000FF000000FF000000FF000000FF000000FF000000FF000000FF000000FF000000FF000000FF000000FF000000FF000000FF000000FF000000FF000000FF000000FF000000FF000000FF000000FF000000FF000000FF000000FF000000FF000000FF000000FF000000FF000000FF000000FF000000FF000000FF000000FF000000FF000000FF000000FF000000FF000000FF000000FF000000FF000000FF000000FF000000FF000000FF000000FF000000FF000000FF000000FF000000FF000000FF000000FF000000FF000000FF000000FF000000FF000000FF000000FF000000FF000000FF000000FF000000FF000000FF000000FF000000FF000000FF000000FF000000FF000000FF000000FF000000FF000000FF000000FF000000FF000000FF000000FF000000FF000000FF000000FF000000FF000000FF000000FF000000FF000000FF000000FF000000FF000000FF000000FF000000FF000000FF000000FF000000FF000000FF000000FF000000FF000000FF000000FF000000FF000000FF000000FF000000FF000000FF000000FF000000FF000000FF000000FF000000FF000000FF000000FF000000FF000000FF000000FF000000FF000000FF000000FF000000FF000000FF000000FF000000FF000000FF000000FF000000FF000000FF000000FF000000FF000000FF000000FF000000FF000000FF000000FF000000FF000000FF000000FF000000FF000000FF000000FF000000FF000000FF000000FF000000FF000000FF000000FF000000FF000000FF000000FF000000FF000000FF000000FF000000FF000000FF000000FF000000FF000000FF000000FF000000FF000000FF000000FF000000FF000000FF000000FF000000FF000000FF000000FF000000FF000000FF000000FF000000FF000000FF000000FF000000FF000000FF000000FF000000FF000000FF000000FF000000FF000000FF000000FF000000FF000000FF000000FF000000FF000000FF000000FF000000FF000000FF000000FF000000FF000000FF000000FF000000FF000000FF000000FF000000FF000000FF000000FF000000FF000000FF000000FF000000FF000000FF000000FF000000FF000000FF000000FF000000FF000000FF000000FF000000FF000000FF000000FF000000FF000000FF000000FF000000FF000000FF000000FF000000FF000000FF000000FF000000FF000000FF000000FF000000FF000000FF000000FF000000FF000000FF000000FF000000FF000000FF000000FF000000FF000000FF000000FF000000FF000000FF000000FF000000FF000000FF000000FF000000FF000000FF000000FF000000FF000000FF000000FF000000FF000000FF000000FF000000FF000000FF000000FF000000FF000000FF000000FF000000FF000000FF000000FF000000FF000000FF000000FF000000FF000000FF000000FF000000FF000000FF000000FF000000FF000000FF000000FF000000FF000000FF000000FF000000FF000000FF000000FF000000FF000000FF000000FF000000FF000000FF000000FF000000FF000000FF000000FF000000FF000000FF000000FF000000FF000000FF000000FF000000FF000000FF000000FF000000FF000000FF000000FF000000FF000000FF000000FF000000FF000000FF000000FF000000FF000000FF000000FF000000FF000000FF000000FF000000FF000000FF000000FF000000FF000000FF000000FF000000FF000000FF000000FF000000FF000000FF000000FF000000FF000000FF000000FF000000FF000000FF000000FF000000FF000000FF000000FF000000FF000000FF000000FF000000FF000000FF000000FF000000FF000000FF000000FF2BFD99FF2BFD99FF000000FF000000FF000000FF000000FF000000FF000000FF2BFD99FF2BFD99FF000000FF000000FF000000FF000000FF000000FF000000FF2BFD99FF2BFD99FF2BFD99FF2BFD99FF2BFD99FF2BFD99FF000000FF000000FF000000FF000000FF000000FF000000FF2BFD99FF2BFD99FF000000FF000000FF000000FF000000FF000000FF000000FF2BFD99FF2BFD99FF000000FF000000FF000000FF000000FF000000FF000000FF2BFD99FF2BFD99FF2BFD99FF2BFD99FF2BFD99FF2BFD99FF000000FF000000FF000000FF000000FF000000FF000000FF2BFD99FF2BFD99FF2BFD99FF2BFD99FF2BFD99FF2BFD99FF2BFD99FF2BFD99FF2BFD99FF2BFD99FF000000FF000000FF000000FF000000FF2BFD99FF2BFD99FF2BFD99FF2BFD99FF2BFD99FF2BFD99FF2BFD99FF2BFD99FF000000FF000000FF000000FF000000FF000000FF000000FF000000FF000000FF000000FF000000FF000000FF000000FF000000FF000000FF000000FF000000FF000000FF000000FF000000FF000000FF000000FF000000FF000000FF000000FF2BFD99FF2BFD99FF000000FF000000FF000000FF000000FF000000FF000000FF000000FF000000FF000000FF000000FF000000FF000000FF000000FF000000FF000000FF000000FF000000FF000000FF000000FF000000FF000000FF000000FF000000FF000000FF000000FF000000FF2BFD99FF2BFD99FF000000FF000000FF000000FF000000FF000000FF000000FF000000FF000000FF000000FF000000FF000000FF000000FF000000FF000000FF000000FF000000FF000000FF000000FF000000FF000000FF000000FF000000FF000000FF000000FF000000FF000000FF000000FF000000FF000000FF000000FF000000FF000000FF000000FF000000FF000000FF000000FF000000FF000000FF000000FF000000FF000000FF000000FF000000FF000000FF000000FF000000FF000000FF000000FF000000FF000000FF000000FF000000FF000000FF000000FF000000FF000000FF000000FF000000FF000000FF000000FF000000FF000000FF000000FF000000FF000000FF000000FF000000FF000000FF000000FF000000FF000000FF000000FF000000FF000000FF000000FF000000FF000000FF000000FF000000FF000000FF000000FF000000FF000000FF000000FF000000FF000000FF000000FF000000FF000000FF000000FF000000FF000000FF000000FF000000FF000000FF000000FF000000FF000000FF000000FF000000FF000000FF000000FF000000FF000000FF000000FF000000FF000000FF000000FF000000FF000000FF000000FF000000FF000000FF000000FF000000FF000000FF000000FF000000FF000000FF000000FF000000FF000000FF000000FF000000FF000000FF000000FF000000FF000000FF000000FF000000FF000000FF000000FF000000FF000000FF000000FF000000FF000000FF000000FF000000FF000000FF000000FF000000FF000000FF000000FF000000FF000000FF000000FF000000FF000000FF000000FF000000FF000000FF000000FF000000FF000000FF000000FF000000FF000000FF000000FF000000FF000000FF000000FF000000FF000000FF000000FF000000FF000000FF000000FF000000FF000000FF000000FF000000FF000000FF000000FF000000FF000000FF000000FF000000FF000000FF000000FF000000FF000000FF000000FF000000FF000000FF000000FF000000FF000000FF000000FF000000FF000000FF000000FF000000FF000000FF000000FF000000FF000000FF000000FF000000FF000000FF000000FF000000FF000000FF000000FF000000FF000000FF000000FF000000FF000000FF000000FF000000FF000000FF000000FF000000FF000000FF000000FF000000FF000000FF000000FF000000FF000000FF000000FF000000FF000000FF000000FF000000FF000000FF000000FF000000FF000000FF000000FF000000FF000000FF000000FF000000FF000000FF000000FF000000FF000000FF000000FF000000FF000000FF000000FF000000FF000000FF000000FF000000FF000000FF000000FF000000FF000000FF000000FF000000FF000000FF000000FF000000FF000000FF000000FF000000FF000000FF000000FF000000FF000000FF000000FF000000FF000000FF000000FF000000FF000000FF000000FF000000FF000000FF000000FF000000FF000000FF000000FF000000FF000000FF000000FF000000FF000000FF000000FF000000FF000000FF000000FF000000FF000000FF000000FF000000FF000000FF000000FF000000FF000000FF000000FF000000FF000000FF000000FF000000FF000000FF000000FF000000FF000000FF000000FF000000FF000000FF000000FF000000FF000000FF000000FF000000FF000000FF000000FF000000FF000000FF000000FF000000FF000000FF000000FF000000FF000000FF000000FF000000FF000000FF000000FF000000FF000000FF000000FF000000FF000000FF000000FF000000FF000000FF000000FF000000FF000000FF000000FF000000FF000000FF000000FF000000FF000000FF000000FF000000FF000000FF000000FF000000FF000000FF000000FF000000FF000000FF000000FF000000FF000000FF000000FF000000FF000000FF000000FF000000FF000000FF000000FF000000FF000000FF000000FF000000FF000000FF000000FF000000FF000000FF000000FF000000FF000000FF000000FF000000FF000000FF000000FF000000FF000000FF000000FF000000FF000000FF000000FF000000FF000000FF000000FF000000FF000000FF000000FF000000FF000000FF000000FF000000FF000000FF000000FF000000FF000000FF000000FF000000FF000000FF000000FF000000FF000000FF000000FF000000FF000000FF000000FF000000FF000000FF000000FF000000FF000000FF000000FF000000FF000000FF000000FF000000FF000000FF000000FF000000FF000000FF000000FF000000FF000000FF000000FF000000FF000000FF000000FF000000FF000000FF2BFD99FF2BFD99FF2BFD99FF2BFD99FF000000FF000000FF2BFD99FF2BFD99FF2BFD99FF2BFD99FF000000FF000000FF000000FF000000FF000000FF000000FF000000FF000000FF2BFD99FF2BFD99FF000000FF000000FF000000FF000000FF000000FF000000FF000000FF000000FF2BFD99FF2BFD99FF000000FF000000FF000000FF000000FF000000FF000000FF2BFD99FF2BFD99FF000000FF000000FF000000FF000000FF000000FF000000FF000000FF000000FF2BFD99FF2BFD99FF000000FF000000FF000000FF000000FF000000FF000000FF000000FF000000FF2BFD99FF2BFD99FF000000FF000000FF000000FF000000FF000000FF000000FF000000FF000000FF000000FF000000FF000000FF000000FF2BFD99FF2BFD99FF000000FF000000FF000000FF000000FF000000FF000000FF2BFD99FF2BFD99FF000000FF000000FF000000FF000000FF000000FF000000FF000000FF000000FF000000FF000000FF000000FF000000FF000000FF000000FF000000FF000000FF000000FF000000FF000000FF000000FF2BFD99FF2BFD99FF2BFD99FF2BFD99FF000000FF000000FF000000FF000000FF000000FF000000FF000000FF000000FF000000FF000000FF000000FF000000FF000000FF000000FF000000FF000000FF000000FF000000FF000000FF000000FF000000FF000000FF000000FF000000FF2BFD99FF2BFD99FF2BFD99FF2BFD99FF000000FF000000FF000000FF000000FF000000FF000000FF000000FF000000FF000000FF000000FF000000FF000000FF000000FF000000FF000000FF000000FF000000FF000000FF000000FF000000FF000000FF000000FF000000FF000000FF000000FF000000FF000000FF000000FF000000FF000000FF000000FF000000FF000000FF000000FF000000FF000000FF000000FF000000FF000000FF000000FF000000FF000000FF000000FF000000FF000000FF000000FF000000FF000000FF000000FF000000FF000000FF000000FF000000FF000000FF000000FF000000FF000000FF000000FF000000FF000000FF000000FF000000FF000000FF000000FF000000FF000000FF000000FF000000FF000000FF000000FF000000FF000000FF000000FF000000FF000000FF000000FF000000FF000000FF000000FF000000FF000000FF000000FF000000FF000000FF000000FF000000FF000000FF000000FF000000FF000000FF000000FF000000FF000000FF000000FF000000FF000000FF000000FF000000FF000000FF000000FF000000FF000000FF000000FF000000FF000000FF000000FF000000FF000000FF000000FF000000FF000000FF000000FF000000FF000000FF000000FF000000FF000000FF000000FF000000FF000000FF000000FF000000FF000000FF000000FF000000FF000000FF000000FF000000FF000000FF000000FF000000FF000000FF000000FF000000FF000000FF000000FF000000FF000000FF000000FF000000FF000000FF000000FF000000FF000000FF000000FF000000FF000000FF000000FF000000FF000000FF000000FF000000FF000000FF000000FF000000FF000000FF000000FF000000FF000000FF000000FF000000FF000000FF000000FF000000FF000000FF000000FF000000FF000000FF000000FF000000FF000000FF000000FF000000FF000000FF000000FF000000FF000000FF000000FF000000FF000000FF000000FF000000FF000000FF000000FF000000FF000000FF000000FF000000FF000000FF000000FF000000FF000000FF000000FF000000FF000000FF000000FF000000FF000000FF000000FF000000FF000000FF000000FF000000FF000000FF000000FF000000FF000000FF000000FF000000FF000000FF000000FF000000FF000000FF000000FF000000FF000000FF000000FF000000FF000000FF000000FF000000FF000000FF000000FF000000FF000000FF000000FF000000FF000000FF000000FF000000FF000000FF000000FF000000FF000000FF000000FF000000FF000000FF000000FF000000FF000000FF000000FF000000FF000000FF000000FF000000FF000000FF000000FF000000FF000000FF000000FF000000FF000000FF000000FF000000FF000000FF000000FF000000FF000000FF000000FF000000FF000000FF000000FF000000FF000000FF000000FF000000FF000000FF000000FF000000FF000000FF000000FF000000FF000000FF000000FF000000FF000000FF000000FF000000FF000000FF000000FF000000FF000000FF000000FF000000FF000000FF000000FF000000FF000000FF000000FF000000FF000000FF000000FF000000FF000000FF000000FF000000FF000000FF000000FF000000FF000000FF000000FF000000FF000000FF000000FF000000FF000000FF000000FF000000FF000000FF000000FF000000FF000000FF000000FF000000FF000000FF000000FF000000FF000000FF000000FF000000FF000000FF000000FF000000FF000000FF000000FF000000FF000000FF000000FF000000FF000000FF000000FF000000FF000000FF000000FF000000FF000000FF000000FF000000FF000000FF000000FF000000FF000000FF000000FF000000FF000000FF000000FF000000FF000000FF000000FF000000FF000000FF000000FF000000FF000000FF000000FF000000FF000000FF000000FF000000FF000000FF000000FF000000FF000000FF000000FF000000FF000000FF000000FF000000FF000000FF000000FF000000FF000000FF000000FF000000FF000000FF000000FF000000FF000000FF000000FF000000FF000000FF000000FF000000FF000000FF000000FF000000FF000000FF000000FF000000FF000000FF000000FF000000FF000000FF000000FF000000FF000000FF000000FF000000FF000000FF000000FF000000FF000000FF000000FF000000FF000000FF000000FF000000FF000000FF000000FF000000FF000000FF000000FF000000FF000000FF000000FF000000FF000000FF000000FF000000FF000000FF000000FF000000FF000000FF000000FF000000FF000000FF000000FF000000FF2BFD99FF2BFD99FF2BFD99FF2BFD99FF000000FF000000FF2BFD99FF2BFD99FF2BFD99FF2BFD99FF000000FF000000FF000000FF000000FF000000FF000000FF000000FF000000FF2BFD99FF2BFD99FF000000FF000000FF000000FF000000FF000000FF000000FF000000FF000000FF2BFD99FF2BFD99FF000000FF000000FF000000FF000000FF000000FF000000FF2BFD99FF2BFD99FF000000FF000000FF000000FF000000FF000000FF000000FF000000FF000000FF2BFD99FF2BFD99FF000000FF000000FF000000FF000000FF000000FF000000FF000000FF000000FF2BFD99FF2BFD99FF000000FF000000FF000000FF000000FF000000FF000000FF000000FF000000FF000000FF000000FF000000FF000000FF2BFD99FF2BFD99FF000000FF000000FF000000FF000000FF000000FF000000FF2BFD99FF2BFD99FF000000FF000000FF000000FF000000FF000000FF000000FF000000FF000000FF000000FF000000FF000000FF000000FF000000FF000000FF000000FF000000FF000000FF000000FF000000FF000000FF2BFD99FF2BFD99FF2BFD99FF2BFD99FF000000FF000000FF000000FF000000FF000000FF000000FF000000FF000000FF000000FF000000FF000000FF000000FF000000FF000000FF000000FF000000FF000000FF000000FF000000FF000000FF000000FF000000FF000000FF000000FF2BFD99FF2BFD99FF2BFD99FF2BFD99FF000000FF000000FF000000FF000000FF000000FF000000FF000000FF000000FF000000FF000000FF000000FF000000FF000000FF000000FF000000FF000000FF000000FF000000FF000000FF000000FF000000FF000000FF000000FF000000FF000000FF000000FF000000FF000000FF000000FF000000FF000000FF000000FF000000FF000000FF000000FF000000FF000000FF000000FF000000FF000000FF000000FF000000FF000000FF000000FF000000FF000000FF000000FF000000FF000000FF000000FF000000FF000000FF000000FF000000FF000000FF000000FF000000FF000000FF000000FF000000FF000000FF000000FF000000FF000000FF000000FF000000FF000000FF000000FF000000FF000000FF000000FF000000FF000000FF000000FF000000FF000000FF000000FF000000FF000000FF000000FF000000FF000000FF000000FF000000FF000000FF000000FF000000FF000000FF000000FF000000FF000000FF000000FF000000FF000000FF000000FF000000FF000000FF000000FF000000FF000000FF000000FF000000FF000000FF000000FF000000FF000000FF000000FF000000FF000000FF000000FF000000FF000000FF000000FF000000FF000000FF000000FF000000FF000000FF000000FF000000FF000000FF000000FF000000FF000000FF000000FF000000FF000000FF000000FF000000FF000000FF000000FF000000FF000000FF000000FF000000FF000000FF000000FF000000FF000000FF000000FF000000FF000000FF000000FF000000FF000000FF000000FF000000FF000000FF000000FF000000FF000000FF000000FF000000FF000000FF000000FF000000FF000000FF000000FF000000FF000000FF000000FF000000FF000000FF000000FF000000FF000000FF000000FF000000FF000000FF000000FF000000FF000000FF000000FF000000FF000000FF000000FF000000FF000000FF000000FF000000FF000000FF000000FF000000FF000000FF000000FF000000FF000000FF000000FF000000FF000000FF000000FF000000FF000000FF000000FF000000FF000000FF000000FF000000FF000000FF000000FF000000FF000000FF000000FF000000FF000000FF000000FF000000FF000000FF000000FF000000FF000000FF000000FF000000FF000000FF000000FF000000FF000000FF000000FF000000FF000000FF000000FF000000FF000000FF000000FF000000FF000000FF000000FF000000FF000000FF000000FF000000FF000000FF000000FF000000FF000000FF000000FF000000FF000000FF000000FF000000FF000000FF000000FF000000FF000000FF000000FF000000FF000000FF000000FF000000FF000000FF000000FF000000FF000000FF000000FF000000FF000000FF000000FF000000FF000000FF000000FF000000FF000000FF000000FF000000FF000000FF000000FF000000FF000000FF000000FF000000FF000000FF000000FF000000FF000000FF000000FF000000FF000000FF000000FF000000FF000000FF000000FF000000FF000000FF000000FF000000FF000000FF000000FF000000FF000000FF000000FF000000FF000000FF000000FF000000FF000000FF000000FF000000FF000000FF000000FF000000FF000000FF000000FF000000FF000000FF000000FF000000FF000000FF000000FF000000FF000000FF000000FF000000FF000000FF000000FF000000FF000000FF000000FF000000FF000000FF000000FF000000FF000000FF000000FF000000FF000000FF000000FF000000FF000000FF000000FF000000FF000000FF000000FF000000FF000000FF000000FF000000FF000000FF000000FF000000FF000000FF000000FF000000FF000000FF000000FF000000FF000000FF000000FF000000FF000000FF000000FF000000FF000000FF000000FF000000FF000000FF000000FF000000FF000000FF000000FF000000FF000000FF000000FF000000FF000000FF000000FF000000FF000000FF000000FF000000FF000000FF000000FF000000FF000000FF000000FF000000FF000000FF000000FF000000FF000000FF000000FF000000FF000000FF000000FF000000FF000000FF000000FF000000FF000000FF000000FF000000FF000000FF000000FF000000FF000000FF000000FF000000FF000000FF000000FF000000FF000000FF000000FF000000FF000000FF000000FF000000FF000000FF000000FF000000FF000000FF000000FF000000FF000000FF000000FF000000FF000000FF000000FF000000FF000000FF000000FF000000FF000000FF000000FF000000FF000000FF000000FF000000FF000000FF000000FF2BFD99FF2BFD99FF000000FF000000FF2BFD99FF2BFD99FF000000FF000000FF2BFD99FF2BFD99FF000000FF000000FF000000FF000000FF000000FF000000FF000000FF000000FF2BFD99FF2BFD99FF000000FF000000FF000000FF000000FF000000FF000000FF000000FF000000FF2BFD99FF2BFD99FF2BFD99FF2BFD99FF000000FF000000FF000000FF000000FF2BFD99FF2BFD99FF000000FF000000FF000000FF000000FF000000FF000000FF000000FF000000FF2BFD99FF2BFD99FF000000FF000000FF000000FF000000FF000000FF000000FF000000FF000000FF2BFD99FF2BFD99FF000000FF000000FF000000FF000000FF000000FF000000FF000000FF000000FF000000FF000000FF000000FF000000FF2BFD99FF2BFD99FF000000FF000000FF000000FF000000FF000000FF000000FF2BFD99FF2BFD99FF000000FF000000FF000000FF000000FF000000FF000000FF000000FF000000FF000000FF000000FF000000FF000000FF000000FF000000FF000000FF000000FF000000FF000000FF000000FF000000FF000000FF000000FF2BFD99FF2BFD99FF000000FF000000FF000000FF000000FF000000FF000000FF000000FF000000FF000000FF000000FF000000FF000000FF000000FF000000FF000000FF000000FF000000FF000000FF000000FF000000FF000000FF000000FF000000FF000000FF000000FF000000FF2BFD99FF2BFD99FF000000FF000000FF000000FF000000FF000000FF000000FF000000FF000000FF000000FF000000FF000000FF000000FF000000FF000000FF000000FF000000FF000000FF000000FF000000FF000000FF000000FF000000FF000000FF000000FF000000FF000000FF000000FF000000FF000000FF000000FF000000FF000000FF000000FF000000FF000000FF000000FF000000FF000000FF000000FF000000FF000000FF000000FF000000FF000000FF000000FF000000FF000000FF000000FF000000FF000000FF000000FF000000FF000000FF000000FF000000FF000000FF000000FF000000FF000000FF000000FF000000FF000000FF000000FF000000FF000000FF000000FF000000FF000000FF000000FF000000FF000000FF000000FF000000FF000000FF000000FF000000FF000000FF000000FF000000FF000000FF000000FF000000FF000000FF000000FF000000FF000000FF000000FF000000FF000000FF000000FF000000FF000000FF000000FF000000FF000000FF000000FF000000FF000000FF000000FF000000FF000000FF000000FF000000FF000000FF000000FF000000FF000000FF000000FF000000FF000000FF000000FF000000FF000000FF000000FF000000FF000000FF000000FF000000FF000000FF000000FF000000FF000000FF000000FF000000FF000000FF000000FF000000FF000000FF000000FF000000FF000000FF000000FF000000FF000000FF000000FF000000FF000000FF000000FF000000FF000000FF000000FF000000FF000000FF000000FF000000FF000000FF000000FF000000FF000000FF000000FF000000FF000000FF000000FF000000FF000000FF000000FF000000FF000000FF000000FF000000FF000000FF000000FF000000FF000000FF000000FF000000FF000000FF000000FF000000FF000000FF000000FF000000FF000000FF000000FF000000FF000000FF000000FF000000FF000000FF000000FF000000FF000000FF000000FF000000FF000000FF000000FF000000FF000000FF000000FF000000FF000000FF000000FF000000FF000000FF000000FF000000FF000000FF000000FF000000FF000000FF000000FF000000FF000000FF000000FF000000FF000000FF000000FF000000FF000000FF000000FF000000FF000000FF000000FF000000FF000000FF000000FF000000FF000000FF000000FF000000FF000000FF000000FF000000FF000000FF000000FF000000FF000000FF000000FF000000FF000000FF000000FF000000FF000000FF000000FF000000FF000000FF000000FF000000FF000000FF000000FF000000FF000000FF000000FF000000FF000000FF000000FF000000FF000000FF000000FF000000FF000000FF000000FF000000FF000000FF000000FF000000FF000000FF000000FF000000FF000000FF000000FF000000FF000000FF000000FF000000FF000000FF000000FF000000FF000000FF000000FF000000FF000000FF000000FF000000FF000000FF000000FF000000FF000000FF000000FF000000FF000000FF000000FF000000FF000000FF000000FF000000FF000000FF000000FF000000FF000000FF000000FF000000FF000000FF000000FF000000FF000000FF000000FF000000FF000000FF000000FF000000FF000000FF000000FF000000FF000000FF000000FF000000FF000000FF000000FF000000FF000000FF000000FF000000FF000000FF000000FF000000FF000000FF000000FF000000FF000000FF000000FF000000FF000000FF000000FF000000FF000000FF000000FF000000FF000000FF000000FF000000FF000000FF000000FF000000FF000000FF000000FF000000FF000000FF000000FF000000FF000000FF000000FF000000FF000000FF000000FF000000FF000000FF000000FF000000FF000000FF000000FF000000FF000000FF000000FF000000FF000000FF000000FF000000FF000000FF000000FF000000FF000000FF000000FF000000FF000000FF000000FF000000FF000000FF000000FF000000FF000000FF000000FF000000FF000000FF000000FF000000FF000000FF000000FF000000FF000000FF000000FF000000FF000000FF000000FF000000FF000000FF000000FF000000FF000000FF000000FF000000FF000000FF000000FF000000FF000000FF000000FF000000FF000000FF000000FF000000FF000000FF000000FF000000FF000000FF000000FF000000FF000000FF000000FF000000FF000000FF000000FF000000FF000000FF000000FF000000FF000000FF000000FF000000FF000000FF000000FF000000FF000000FF000000FF000000FF000000FF000000FF000000FF000000FF2BFD99FF2BFD99FF000000FF000000FF2BFD99FF2BFD99FF000000FF000000FF2BFD99FF2BFD99FF000000FF000000FF000000FF000000FF000000FF000000FF000000FF000000FF2BFD99FF2BFD99FF000000FF000000FF000000FF000000FF000000FF000000FF000000FF000000FF2BFD99FF2BFD99FF2BFD99FF2BFD99FF000000FF000000FF000000FF000000FF2BFD99FF2BFD99FF000000FF000000FF000000FF000000FF000000FF000000FF000000FF000000FF2BFD99FF2BFD99FF000000FF000000FF000000FF000000FF000000FF000000FF000000FF000000FF2BFD99FF2BFD99FF000000FF000000FF000000FF000000FF000000FF000000FF000000FF000000FF000000FF000000FF000000FF000000FF2BFD99FF2BFD99FF000000FF000000FF000000FF000000FF000000FF000000FF2BFD99FF2BFD99FF000000FF000000FF000000FF000000FF000000FF000000FF000000FF000000FF000000FF000000FF000000FF000000FF000000FF000000FF000000FF000000FF000000FF000000FF000000FF000000FF000000FF000000FF2BFD99FF2BFD99FF000000FF000000FF000000FF000000FF000000FF000000FF000000FF000000FF000000FF000000FF000000FF000000FF000000FF000000FF000000FF000000FF000000FF000000FF000000FF000000FF000000FF000000FF000000FF000000FF000000FF000000FF2BFD99FF2BFD99FF000000FF000000FF000000FF000000FF000000FF000000FF000000FF000000FF000000FF000000FF000000FF000000FF000000FF000000FF000000FF000000FF000000FF000000FF000000FF000000FF000000FF000000FF000000FF000000FF000000FF000000FF000000FF000000FF000000FF000000FF000000FF000000FF000000FF000000FF000000FF000000FF000000FF000000FF000000FF000000FF000000FF000000FF000000FF000000FF000000FF000000FF000000FF000000FF000000FF000000FF000000FF000000FF000000FF000000FF000000FF000000FF000000FF000000FF000000FF000000FF000000FF000000FF000000FF000000FF000000FF000000FF000000FF000000FF000000FF000000FF000000FF000000FF000000FF000000FF000000FF000000FF000000FF000000FF000000FF000000FF000000FF000000FF000000FF000000FF000000FF000000FF000000FF000000FF000000FF000000FF000000FF000000FF000000FF000000FF000000FF000000FF000000FF000000FF000000FF000000FF000000FF000000FF000000FF000000FF000000FF000000FF000000FF000000FF000000FF000000FF000000FF000000FF000000FF000000FF000000FF000000FF000000FF000000FF000000FF000000FF000000FF000000FF000000FF000000FF000000FF000000FF000000FF000000FF000000FF000000FF000000FF000000FF000000FF000000FF000000FF000000FF000000FF000000FF000000FF000000FF000000FF000000FF000000FF000000FF000000FF000000FF000000FF000000FF000000FF000000FF000000FF000000FF000000FF000000FF000000FF000000FF000000FF000000FF000000FF000000FF000000FF000000FF000000FF000000FF000000FF000000FF000000FF000000FF000000FF000000FF000000FF000000FF000000FF000000FF000000FF000000FF000000FF000000FF000000FF000000FF000000FF000000FF000000FF000000FF000000FF000000FF000000FF000000FF000000FF000000FF000000FF000000FF000000FF000000FF000000FF000000FF000000FF000000FF000000FF000000FF000000FF000000FF000000FF000000FF000000FF000000FF000000FF000000FF000000FF000000FF000000FF000000FF000000FF000000FF000000FF000000FF000000FF000000FF000000FF000000FF000000FF000000FF000000FF000000FF000000FF000000FF000000FF000000FF000000FF000000FF000000FF000000FF000000FF000000FF000000FF000000FF000000FF000000FF000000FF000000FF000000FF000000FF000000FF000000FF000000FF000000FF000000FF000000FF000000FF000000FF000000FF000000FF000000FF000000FF000000FF000000FF000000FF000000FF000000FF000000FF000000FF000000FF000000FF000000FF000000FF000000FF000000FF000000FF000000FF000000FF000000FF000000FF000000FF000000FF000000FF000000FF000000FF000000FF000000FF000000FF000000FF000000FF000000FF000000FF000000FF000000FF000000FF000000FF000000FF000000FF000000FF000000FF000000FF000000FF000000FF000000FF000000FF000000FF000000FF000000FF000000FF000000FF000000FF000000FF000000FF000000FF000000FF000000FF000000FF000000FF000000FF000000FF000000FF000000FF000000FF000000FF000000FF000000FF000000FF000000FF000000FF000000FF000000FF000000FF000000FF000000FF000000FF000000FF000000FF000000FF000000FF000000FF000000FF000000FF000000FF000000FF000000FF000000FF000000FF000000FF000000FF000000FF000000FF000000FF000000FF000000FF000000FF000000FF000000FF000000FF000000FF000000FF000000FF000000FF000000FF000000FF000000FF000000FF000000FF000000FF000000FF000000FF000000FF000000FF000000FF000000FF000000FF000000FF000000FF000000FF000000FF000000FF000000FF000000FF000000FF000000FF000000FF000000FF000000FF000000FF000000FF000000FF000000FF000000FF000000FF000000FF000000FF000000FF000000FF000000FF000000FF000000FF000000FF000000FF000000FF000000FF000000FF000000FF000000FF000000FF000000FF000000FF000000FF000000FF000000FF000000FF000000FF000000FF000000FF000000FF000000FF000000FF000000FF000000FF000000FF000000FF000000FF000000FF000000FF000000FF000000FF000000FF000000FF000000FF000000FF000000FF000000FF000000FF2BFD99FF2BFD99FF000000FF000000FF2BFD99FF2BFD99FF000000FF000000FF2BFD99FF2BFD99FF000000FF000000FF000000FF000000FF000000FF000000FF000000FF000000FF2BFD99FF2BFD99FF000000FF000000FF000000FF000000FF000000FF000000FF000000FF000000FF2BFD99FF2BFD99FF000000FF000000FF2BFD99FF2BFD99FF000000FF000000FF2BFD99FF2BFD99FF000000FF000000FF000000FF000000FF000000FF000000FF000000FF000000FF2BFD99FF2BFD99FF000000FF000000FF000000FF000000FF000000FF000000FF000000FF000000FF2BFD99FF2BFD99FF2BFD99FF2BFD99FF2BFD99FF2BFD99FF2BFD99FF2BFD99FF000000FF000000FF000000FF000000FF000000FF000000FF2BFD99FF2BFD99FF000000FF000000FF000000FF000000FF000000FF000000FF2BFD99FF2BFD99FF000000FF000000FF000000FF000000FF000000FF000000FF000000FF000000FF000000FF000000FF000000FF000000FF000000FF000000FF000000FF000000FF000000FF000000FF000000FF000000FF000000FF000000FF2BFD99FF2BFD99FF000000FF000000FF000000FF000000FF000000FF000000FF000000FF000000FF000000FF000000FF000000FF000000FF000000FF000000FF000000FF000000FF000000FF000000FF000000FF000000FF000000FF000000FF000000FF000000FF000000FF000000FF2BFD99FF2BFD99FF000000FF000000FF000000FF000000FF000000FF000000FF000000FF000000FF000000FF000000FF000000FF000000FF000000FF000000FF000000FF000000FF000000FF000000FF000000FF000000FF000000FF000000FF000000FF000000FF000000FF000000FF000000FF000000FF000000FF000000FF000000FF000000FF000000FF000000FF000000FF000000FF000000FF000000FF000000FF000000FF000000FF000000FF000000FF000000FF000000FF000000FF000000FF000000FF000000FF000000FF000000FF000000FF000000FF000000FF000000FF000000FF000000FF000000FF000000FF000000FF000000FF000000FF000000FF000000FF000000FF000000FF000000FF000000FF000000FF000000FF000000FF000000FF000000FF000000FF000000FF000000FF000000FF000000FF000000FF000000FF000000FF000000FF000000FF000000FF000000FF000000FF000000FF000000FF000000FF000000FF000000FF000000FF000000FF000000FF000000FF000000FF000000FF000000FF000000FF000000FF000000FF000000FF000000FF000000FF000000FF000000FF000000FF000000FF000000FF000000FF000000FF000000FF000000FF000000FF000000FF000000FF000000FF000000FF000000FF000000FF000000FF000000FF000000FF000000FF000000FF000000FF000000FF000000FF000000FF000000FF000000FF000000FF000000FF000000FF000000FF000000FF000000FF000000FF000000FF000000FF000000FF000000FF000000FF000000FF000000FF000000FF000000FF000000FF000000FF000000FF000000FF000000FF000000FF000000FF000000FF000000FF000000FF000000FF000000FF000000FF000000FF000000FF000000FF000000FF000000FF000000FF000000FF000000FF000000FF000000FF000000FF000000FF000000FF000000FF000000FF000000FF000000FF000000FF000000FF000000FF000000FF000000FF000000FF000000FF000000FF000000FF000000FF000000FF000000FF000000FF000000FF000000FF000000FF000000FF000000FF000000FF000000FF000000FF000000FF000000FF000000FF000000FF000000FF000000FF000000FF000000FF000000FF000000FF000000FF000000FF000000FF000000FF000000FF000000FF000000FF000000FF000000FF000000FF000000FF000000FF000000FF000000FF000000FF000000FF000000FF000000FF000000FF000000FF000000FF000000FF000000FF000000FF000000FF000000FF000000FF000000FF000000FF000000FF000000FF000000FF000000FF000000FF000000FF000000FF000000FF000000FF000000FF000000FF000000FF000000FF000000FF000000FF000000FF000000FF000000FF000000FF000000FF000000FF000000FF000000FF000000FF000000FF000000FF000000FF000000FF000000FF000000FF000000FF000000FF000000FF000000FF000000FF000000FF000000FF000000FF000000FF000000FF000000FF000000FF000000FF000000FF000000FF000000FF000000FF000000FF000000FF000000FF000000FF000000FF000000FF000000FF000000FF000000FF000000FF000000FF000000FF000000FF000000FF000000FF000000FF000000FF000000FF000000FF000000FF000000FF000000FF000000FF000000FF000000FF000000FF000000FF000000FF000000FF000000FF000000FF000000FF000000FF000000FF000000FF000000FF000000FF000000FF000000FF000000FF000000FF000000FF000000FF000000FF000000FF000000FF000000FF000000FF000000FF000000FF000000FF000000FF000000FF000000FF000000FF000000FF000000FF000000FF000000FF000000FF000000FF000000FF000000FF000000FF000000FF000000FF000000FF000000FF000000FF000000FF000000FF000000FF000000FF000000FF000000FF000000FF000000FF000000FF000000FF000000FF000000FF000000FF000000FF000000FF000000FF000000FF000000FF000000FF000000FF000000FF000000FF000000FF000000FF000000FF000000FF000000FF000000FF000000FF000000FF000000FF000000FF000000FF000000FF000000FF000000FF000000FF000000FF000000FF000000FF000000FF000000FF000000FF000000FF000000FF000000FF000000FF000000FF000000FF000000FF000000FF000000FF000000FF000000FF000000FF000000FF000000FF000000FF000000FF000000FF000000FF000000FF000000FF000000FF000000FF000000FF000000FF000000FF000000FF000000FF000000FF000000FF000000FF000000FF000000FF2BFD99FF2BFD99FF000000FF000000FF2BFD99FF2BFD99FF000000FF000000FF2BFD99FF2BFD99FF000000FF000000FF000000FF000000FF000000FF000000FF000000FF000000FF2BFD99FF2BFD99FF000000FF000000FF000000FF000000FF000000FF000000FF000000FF000000FF2BFD99FF2BFD99FF000000FF000000FF2BFD99FF2BFD99FF000000FF000000FF2BFD99FF2BFD99FF000000FF000000FF000000FF000000FF000000FF000000FF000000FF000000FF2BFD99FF2BFD99FF000000FF000000FF000000FF000000FF000000FF000000FF000000FF000000FF2BFD99FF2BFD99FF2BFD99FF2BFD99FF2BFD99FF2BFD99FF2BFD99FF2BFD99FF000000FF000000FF000000FF000000FF000000FF000000FF2BFD99FF2BFD99FF000000FF000000FF000000FF000000FF000000FF000000FF2BFD99FF2BFD99FF000000FF000000FF000000FF000000FF000000FF000000FF000000FF000000FF000000FF000000FF000000FF000000FF000000FF000000FF000000FF000000FF000000FF000000FF000000FF000000FF000000FF000000FF2BFD99FF2BFD99FF000000FF000000FF000000FF000000FF000000FF000000FF000000FF000000FF000000FF000000FF000000FF000000FF000000FF000000FF000000FF000000FF000000FF000000FF000000FF000000FF000000FF000000FF000000FF000000FF000000FF000000FF2BFD99FF2BFD99FF000000FF000000FF000000FF000000FF000000FF000000FF000000FF000000FF000000FF000000FF000000FF000000FF000000FF000000FF000000FF000000FF000000FF000000FF000000FF000000FF000000FF000000FF000000FF000000FF000000FF000000FF000000FF000000FF000000FF000000FF000000FF000000FF000000FF000000FF000000FF000000FF000000FF000000FF000000FF000000FF000000FF000000FF000000FF000000FF000000FF000000FF000000FF000000FF000000FF000000FF000000FF000000FF000000FF000000FF000000FF000000FF000000FF000000FF000000FF000000FF000000FF000000FF000000FF000000FF000000FF000000FF000000FF000000FF000000FF000000FF000000FF000000FF000000FF000000FF000000FF000000FF000000FF000000FF000000FF000000FF000000FF000000FF000000FF000000FF000000FF000000FF000000FF000000FF000000FF000000FF000000FF000000FF000000FF000000FF000000FF000000FF000000FF000000FF000000FF000000FF000000FF000000FF000000FF000000FF000000FF000000FF000000FF000000FF000000FF000000FF000000FF000000FF000000FF000000FF000000FF000000FF000000FF000000FF000000FF000000FF000000FF000000FF000000FF000000FF000000FF000000FF000000FF000000FF000000FF000000FF000000FF000000FF000000FF000000FF000000FF000000FF000000FF000000FF000000FF000000FF000000FF000000FF000000FF000000FF000000FF000000FF000000FF000000FF000000FF000000FF000000FF000000FF000000FF000000FF000000FF000000FF000000FF000000FF000000FF000000FF000000FF000000FF000000FF000000FF000000FF000000FF000000FF000000FF000000FF000000FF000000FF000000FF000000FF000000FF000000FF000000FF000000FF000000FF000000FF000000FF000000FF000000FF000000FF000000FF000000FF000000FF000000FF000000FF000000FF000000FF000000FF000000FF000000FF000000FF000000FF000000FF000000FF000000FF000000FF000000FF000000FF000000FF000000FF000000FF000000FF000000FF000000FF000000FF000000FF000000FF000000FF000000FF000000FF000000FF000000FF000000FF000000FF000000FF000000FF000000FF000000FF000000FF000000FF000000FF000000FF000000FF000000FF000000FF000000FF000000FF000000FF000000FF000000FF000000FF000000FF000000FF000000FF000000FF000000FF000000FF000000FF000000FF000000FF000000FF000000FF000000FF000000FF000000FF000000FF000000FF000000FF000000FF000000FF000000FF000000FF000000FF000000FF000000FF000000FF000000FF000000FF000000FF000000FF000000FF000000FF000000FF000000FF000000FF000000FF000000FF000000FF000000FF000000FF000000FF000000FF000000FF000000FF000000FF000000FF000000FF000000FF000000FF000000FF000000FF000000FF000000FF000000FF000000FF000000FF000000FF000000FF000000FF000000FF000000FF000000FF000000FF000000FF000000FF000000FF000000FF000000FF000000FF000000FF000000FF000000FF000000FF000000FF000000FF000000FF000000FF000000FF000000FF000000FF000000FF000000FF000000FF000000FF000000FF000000FF000000FF000000FF000000FF000000FF000000FF000000FF000000FF000000FF000000FF000000FF000000FF000000FF000000FF000000FF000000FF000000FF000000FF000000FF000000FF000000FF000000FF000000FF000000FF000000FF000000FF000000FF000000FF000000FF000000FF000000FF000000FF000000FF000000FF000000FF000000FF000000FF000000FF000000FF000000FF000000FF000000FF000000FF000000FF000000FF000000FF000000FF000000FF000000FF000000FF000000FF000000FF000000FF000000FF000000FF000000FF000000FF000000FF000000FF000000FF000000FF000000FF000000FF000000FF000000FF000000FF000000FF000000FF000000FF000000FF000000FF000000FF000000FF000000FF000000FF000000FF000000FF000000FF000000FF000000FF000000FF000000FF000000FF000000FF000000FF000000FF000000FF000000FF000000FF000000FF000000FF000000FF000000FF000000FF000000FF000000FF000000FF000000FF000000FF000000FF000000FF000000FF000000FF000000FF000000FF000000FF000000FF000000FF000000FF000000FF2BFD99FF2BFD99FF000000FF000000FF000000FF000000FF000000FF000000FF2BFD99FF2BFD99FF000000FF000000FF000000FF000000FF000000FF000000FF000000FF000000FF2BFD99FF2BFD99FF000000FF000000FF000000FF000000FF000000FF000000FF000000FF000000FF2BFD99FF2BFD99FF000000FF000000FF000000FF000000FF2BFD99FF2BFD99FF2BFD99FF2BFD99FF000000FF000000FF000000FF000000FF000000FF000000FF000000FF000000FF2BFD99FF2BFD99FF000000FF000000FF000000FF000000FF000000FF000000FF000000FF000000FF2BFD99FF2BFD99FF000000FF000000FF000000FF000000FF000000FF000000FF000000FF000000FF000000FF000000FF000000FF000000FF2BFD99FF2BFD99FF000000FF000000FF000000FF000000FF000000FF000000FF2BFD99FF2BFD99FF000000FF000000FF000000FF000000FF000000FF000000FF000000FF000000FF000000FF000000FF000000FF000000FF000000FF000000FF000000FF000000FF000000FF000000FF000000FF000000FF000000FF000000FF2BFD99FF2BFD99FF000000FF000000FF000000FF000000FF000000FF000000FF000000FF000000FF000000FF000000FF000000FF000000FF000000FF000000FF000000FF000000FF000000FF000000FF000000FF000000FF000000FF000000FF000000FF000000FF000000FF000000FF2BFD99FF2BFD99FF000000FF000000FF000000FF000000FF000000FF000000FF000000FF000000FF000000FF000000FF000000FF000000FF000000FF000000FF000000FF000000FF000000FF000000FF000000FF000000FF000000FF000000FF000000FF000000FF000000FF000000FF000000FF000000FF000000FF000000FF000000FF000000FF000000FF000000FF000000FF000000FF000000FF000000FF000000FF000000FF000000FF000000FF000000FF000000FF000000FF000000FF000000FF000000FF000000FF000000FF000000FF000000FF000000FF000000FF000000FF000000FF000000FF000000FF000000FF000000FF000000FF000000FF000000FF000000FF000000FF000000FF000000FF000000FF000000FF000000FF000000FF000000FF000000FF000000FF000000FF000000FF000000FF000000FF000000FF000000FF000000FF000000FF000000FF000000FF000000FF000000FF000000FF000000FF000000FF000000FF000000FF000000FF000000FF000000FF000000FF000000FF000000FF000000FF000000FF000000FF000000FF000000FF000000FF000000FF000000FF000000FF000000FF000000FF000000FF000000FF000000FF000000FF000000FF000000FF000000FF000000FF000000FF000000FF000000FF000000FF000000FF000000FF000000FF000000FF000000FF000000FF000000FF000000FF000000FF000000FF000000FF000000FF000000FF000000FF000000FF000000FF000000FF000000FF000000FF000000FF000000FF000000FF000000FF000000FF000000FF000000FF000000FF000000FF000000FF000000FF000000FF000000FF000000FF000000FF000000FF000000FF000000FF000000FF000000FF000000FF000000FF000000FF000000FF000000FF000000FF000000FF000000FF000000FF000000FF000000FF000000FF000000FF000000FF000000FF000000FF000000FF000000FF000000FF000000FF000000FF000000FF000000FF000000FF000000FF000000FF000000FF000000FF000000FF000000FF000000FF000000FF000000FF000000FF000000FF000000FF000000FF000000FF000000FF000000FF000000FF000000FF000000FF000000FF000000FF000000FF000000FF000000FF000000FF000000FF000000FF000000FF000000FF000000FF000000FF000000FF000000FF000000FF000000FF000000FF000000FF000000FF000000FF000000FF000000FF000000FF000000FF000000FF000000FF000000FF000000FF000000FF000000FF000000FF000000FF000000FF000000FF000000FF000000FF000000FF000000FF000000FF000000FF000000FF000000FF000000FF000000FF000000FF000000FF000000FF000000FF000000FF000000FF000000FF000000FF000000FF000000FF000000FF000000FF000000FF000000FF000000FF000000FF000000FF000000FF000000FF000000FF000000FF000000FF000000FF000000FF000000FF000000FF000000FF000000FF000000FF000000FF000000FF000000FF000000FF000000FF000000FF000000FF000000FF000000FF000000FF000000FF000000FF000000FF000000FF000000FF000000FF000000FF000000FF000000FF000000FF000000FF000000FF000000FF000000FF000000FF000000FF000000FF000000FF000000FF000000FF000000FF000000FF000000FF000000FF000000FF000000FF000000FF000000FF000000FF000000FF000000FF000000FF000000FF000000FF000000FF000000FF000000FF000000FF000000FF000000FF000000FF000000FF000000FF000000FF000000FF000000FF000000FF000000FF000000FF000000FF000000FF000000FF000000FF000000FF000000FF000000FF000000FF000000FF000000FF000000FF000000FF000000FF000000FF000000FF000000FF000000FF000000FF000000FF000000FF000000FF000000FF000000FF000000FF000000FF000000FF000000FF000000FF000000FF000000FF000000FF000000FF000000FF000000FF000000FF000000FF000000FF000000FF000000FF000000FF000000FF000000FF000000FF000000FF000000FF000000FF000000FF000000FF000000FF000000FF000000FF000000FF000000FF000000FF000000FF000000FF000000FF000000FF000000FF000000FF000000FF000000FF000000FF000000FF000000FF000000FF000000FF000000FF000000FF000000FF000000FF000000FF000000FF000000FF000000FF000000FF000000FF000000FF000000FF000000FF000000FF000000FF000000FF000000FF000000FF000000FF000000FF000000FF000000FF000000FF000000FF000000FF000000FF000000FF2BFD99FF2BFD99FF000000FF000000FF000000FF000000FF000000FF000000FF2BFD99FF2BFD99FF000000FF000000FF000000FF000000FF000000FF000000FF000000FF000000FF2BFD99FF2BFD99FF000000FF000000FF000000FF000000FF000000FF000000FF000000FF000000FF2BFD99FF2BFD99FF000000FF000000FF000000FF000000FF2BFD99FF2BFD99FF2BFD99FF2BFD99FF000000FF000000FF000000FF000000FF000000FF000000FF000000FF000000FF2BFD99FF2BFD99FF000000FF000000FF000000FF000000FF000000FF000000FF000000FF000000FF2BFD99FF2BFD99FF000000FF000000FF000000FF000000FF000000FF000000FF000000FF000000FF000000FF000000FF000000FF000000FF2BFD99FF2BFD99FF000000FF000000FF000000FF000000FF000000FF000000FF2BFD99FF2BFD99FF000000FF000000FF000000FF000000FF000000FF000000FF000000FF000000FF000000FF000000FF000000FF000000FF000000FF000000FF000000FF000000FF000000FF000000FF000000FF000000FF000000FF000000FF2BFD99FF2BFD99FF000000FF000000FF000000FF000000FF000000FF000000FF000000FF000000FF000000FF000000FF000000FF000000FF000000FF000000FF000000FF000000FF000000FF000000FF000000FF000000FF000000FF000000FF000000FF000000FF000000FF000000FF2BFD99FF2BFD99FF000000FF000000FF000000FF000000FF000000FF000000FF000000FF000000FF000000FF000000FF000000FF000000FF000000FF000000FF000000FF000000FF000000FF000000FF000000FF000000FF000000FF000000FF000000FF000000FF000000FF000000FF000000FF000000FF000000FF000000FF000000FF000000FF000000FF000000FF000000FF000000FF000000FF000000FF000000FF000000FF000000FF000000FF000000FF000000FF000000FF000000FF000000FF000000FF000000FF000000FF000000FF000000FF000000FF000000FF000000FF000000FF000000FF000000FF000000FF000000FF000000FF000000FF000000FF000000FF000000FF000000FF000000FF000000FF000000FF000000FF000000FF000000FF000000FF000000FF000000FF000000FF000000FF000000FF000000FF000000FF000000FF000000FF000000FF000000FF000000FF000000FF000000FF000000FF000000FF000000FF000000FF000000FF000000FF000000FF000000FF000000FF000000FF000000FF000000FF000000FF000000FF000000FF000000FF000000FF000000FF000000FF000000FF000000FF000000FF000000FF000000FF000000FF000000FF000000FF000000FF000000FF000000FF000000FF000000FF000000FF000000FF000000FF000000FF000000FF000000FF000000FF000000FF000000FF000000FF000000FF000000FF000000FF000000FF000000FF000000FF000000FF000000FF000000FF000000FF000000FF000000FF000000FF000000FF000000FF000000FF000000FF000000FF000000FF000000FF000000FF000000FF000000FF000000FF000000FF000000FF000000FF000000FF000000FF000000FF000000FF000000FF000000FF000000FF000000FF000000FF000000FF000000FF000000FF000000FF000000FF000000FF000000FF000000FF000000FF000000FF000000FF000000FF000000FF000000FF000000FF000000FF000000FF000000FF000000FF000000FF000000FF000000FF000000FF000000FF000000FF000000FF000000FF000000FF000000FF000000FF000000FF000000FF000000FF000000FF000000FF000000FF000000FF000000FF000000FF000000FF000000FF000000FF000000FF000000FF000000FF000000FF000000FF000000FF000000FF000000FF000000FF000000FF000000FF000000FF000000FF000000FF000000FF000000FF000000FF000000FF000000FF000000FF000000FF000000FF000000FF000000FF000000FF000000FF000000FF000000FF000000FF000000FF000000FF000000FF000000FF000000FF000000FF000000FF000000FF000000FF000000FF000000FF000000FF000000FF000000FF000000FF000000FF000000FF000000FF000000FF000000FF000000FF000000FF000000FF000000FF000000FF000000FF000000FF000000FF000000FF000000FF000000FF000000FF000000FF000000FF000000FF000000FF000000FF000000FF000000FF000000FF000000FF000000FF000000FF000000FF000000FF000000FF000000FF000000FF000000FF000000FF000000FF000000FF000000FF000000FF000000FF000000FF000000FF000000FF000000FF000000FF000000FF000000FF000000FF000000FF000000FF000000FF000000FF000000FF000000FF000000FF000000FF000000FF000000FF000000FF000000FF000000FF000000FF000000FF000000FF000000FF000000FF000000FF000000FF000000FF000000FF000000FF000000FF000000FF000000FF000000FF000000FF000000FF000000FF000000FF000000FF000000FF000000FF000000FF000000FF000000FF000000FF000000FF000000FF000000FF000000FF000000FF000000FF000000FF000000FF000000FF000000FF000000FF000000FF000000FF000000FF000000FF000000FF000000FF000000FF000000FF000000FF000000FF000000FF000000FF000000FF000000FF000000FF000000FF000000FF000000FF000000FF000000FF000000FF000000FF000000FF000000FF000000FF000000FF000000FF000000FF000000FF000000FF000000FF000000FF000000FF000000FF000000FF000000FF000000FF000000FF000000FF000000FF000000FF000000FF000000FF000000FF000000FF000000FF000000FF000000FF000000FF000000FF000000FF000000FF000000FF000000FF000000FF000000FF000000FF000000FF000000FF000000FF000000FF000000FF000000FF000000FF000000FF000000FF000000FF000000FF000000FF000000FF000000FF000000FF000000FF000000FF000000FF000000FF000000FF000000FF000000FF000000FF2BFD99FF2BFD99FF000000FF000000FF000000FF000000FF000000FF000000FF2BFD99FF2BFD99FF000000FF000000FF000000FF000000FF000000FF000000FF000000FF000000FF2BFD99FF2BFD99FF000000FF000000FF000000FF000000FF000000FF000000FF000000FF000000FF2BFD99FF2BFD99FF000000FF000000FF000000FF000000FF000000FF000000FF2BFD99FF2BFD99FF000000FF000000FF000000FF000000FF000000FF000000FF000000FF000000FF2BFD99FF2BFD99FF000000FF000000FF000000FF000000FF000000FF000000FF000000FF000000FF2BFD99FF2BFD99FF000000FF000000FF000000FF000000FF000000FF000000FF000000FF000000FF000000FF000000FF000000FF000000FF2BFD99FF2BFD99FF000000FF000000FF000000FF000000FF000000FF000000FF2BFD99FF2BFD99FF000000FF000000FF000000FF000000FF000000FF000000FF000000FF000000FF000000FF000000FF000000FF000000FF000000FF000000FF000000FF000000FF000000FF000000FF000000FF000000FF000000FF000000FF2BFD99FF2BFD99FF000000FF000000FF000000FF000000FF000000FF000000FF000000FF000000FF000000FF000000FF000000FF000000FF000000FF000000FF000000FF000000FF000000FF000000FF000000FF000000FF000000FF000000FF000000FF000000FF000000FF000000FF2BFD99FF2BFD99FF000000FF000000FF000000FF000000FF000000FF000000FF000000FF000000FF000000FF000000FF000000FF000000FF000000FF000000FF000000FF000000FF000000FF000000FF000000FF000000FF000000FF000000FF000000FF000000FF000000FF000000FF000000FF000000FF000000FF000000FF000000FF000000FF000000FF000000FF000000FF000000FF000000FF000000FF000000FF000000FF000000FF000000FF000000FF000000FF000000FF000000FF000000FF000000FF000000FF000000FF000000FF000000FF000000FF000000FF000000FF000000FF000000FF000000FF000000FF000000FF000000FF000000FF000000FF000000FF000000FF000000FF000000FF000000FF000000FF000000FF000000FF000000FF000000FF000000FF000000FF000000FF000000FF000000FF000000FF000000FF000000FF000000FF000000FF000000FF000000FF000000FF000000FF000000FF000000FF000000FF000000FF000000FF000000FF000000FF000000FF000000FF000000FF000000FF000000FF000000FF000000FF000000FF000000FF000000FF000000FF000000FF000000FF000000FF000000FF000000FF000000FF000000FF000000FF000000FF000000FF000000FF000000FF000000FF000000FF000000FF000000FF000000FF000000FF000000FF000000FF000000FF000000FF000000FF000000FF000000FF000000FF000000FF000000FF000000FF000000FF000000FF000000FF000000FF000000FF000000FF000000FF000000FF000000FF000000FF000000FF000000FF000000FF000000FF000000FF000000FF000000FF000000FF000000FF000000FF000000FF000000FF000000FF000000FF000000FF000000FF000000FF000000FF000000FF000000FF000000FF000000FF000000FF000000FF000000FF000000FF000000FF000000FF000000FF000000FF000000FF000000FF000000FF000000FF000000FF000000FF000000FF000000FF000000FF000000FF000000FF000000FF000000FF000000FF000000FF000000FF000000FF000000FF000000FF000000FF000000FF000000FF000000FF000000FF000000FF000000FF000000FF000000FF000000FF000000FF000000FF000000FF000000FF000000FF000000FF000000FF000000FF000000FF000000FF000000FF000000FF000000FF000000FF000000FF000000FF000000FF000000FF000000FF000000FF000000FF000000FF000000FF000000FF000000FF000000FF000000FF000000FF000000FF000000FF000000FF000000FF000000FF000000FF000000FF000000FF000000FF000000FF000000FF000000FF000000FF000000FF000000FF000000FF000000FF000000FF000000FF000000FF000000FF000000FF000000FF000000FF000000FF000000FF000000FF000000FF000000FF000000FF000000FF000000FF000000FF000000FF000000FF000000FF000000FF000000FF000000FF000000FF000000FF000000FF000000FF000000FF000000FF000000FF000000FF000000FF000000FF000000FF000000FF000000FF000000FF000000FF000000FF000000FF000000FF000000FF000000FF000000FF000000FF000000FF000000FF000000FF000000FF000000FF000000FF000000FF000000FF000000FF000000FF000000FF000000FF000000FF000000FF000000FF000000FF000000FF000000FF000000FF000000FF000000FF000000FF000000FF000000FF000000FF000000FF000000FF000000FF000000FF000000FF000000FF000000FF000000FF000000FF000000FF000000FF000000FF000000FF000000FF000000FF000000FF000000FF000000FF000000FF000000FF000000FF000000FF000000FF000000FF000000FF000000FF000000FF000000FF000000FF000000FF000000FF000000FF000000FF000000FF000000FF000000FF000000FF000000FF000000FF000000FF000000FF000000FF000000FF000000FF000000FF000000FF000000FF000000FF000000FF000000FF000000FF000000FF000000FF000000FF000000FF000000FF000000FF000000FF000000FF000000FF000000FF000000FF000000FF000000FF000000FF000000FF000000FF000000FF000000FF000000FF000000FF000000FF000000FF000000FF000000FF000000FF000000FF000000FF000000FF000000FF000000FF000000FF000000FF000000FF000000FF000000FF000000FF000000FF000000FF000000FF000000FF000000FF000000FF000000FF000000FF000000FF000000FF000000FF000000FF000000FF000000FF000000FF000000FF000000FF000000FF000000FF000000FF000000FF000000FF000000FF000000FF2BFD99FF2BFD99FF000000FF000000FF000000FF000000FF000000FF000000FF2BFD99FF2BFD99FF000000FF000000FF000000FF000000FF000000FF000000FF000000FF000000FF2BFD99FF2BFD99FF000000FF000000FF000000FF000000FF000000FF000000FF000000FF000000FF2BFD99FF2BFD99FF000000FF000000FF000000FF000000FF000000FF000000FF2BFD99FF2BFD99FF000000FF000000FF000000FF000000FF000000FF000000FF000000FF000000FF2BFD99FF2BFD99FF000000FF000000FF000000FF000000FF000000FF000000FF000000FF000000FF2BFD99FF2BFD99FF000000FF000000FF000000FF000000FF000000FF000000FF000000FF000000FF000000FF000000FF000000FF000000FF2BFD99FF2BFD99FF000000FF000000FF000000FF000000FF000000FF000000FF2BFD99FF2BFD99FF000000FF000000FF000000FF000000FF000000FF000000FF000000FF000000FF000000FF000000FF000000FF000000FF000000FF000000FF000000FF000000FF000000FF000000FF000000FF000000FF000000FF000000FF2BFD99FF2BFD99FF000000FF000000FF000000FF000000FF000000FF000000FF000000FF000000FF000000FF000000FF000000FF000000FF000000FF000000FF000000FF000000FF000000FF000000FF000000FF000000FF000000FF000000FF000000FF000000FF000000FF000000FF2BFD99FF2BFD99FF000000FF000000FF000000FF000000FF000000FF000000FF000000FF000000FF000000FF000000FF000000FF000000FF000000FF000000FF000000FF000000FF000000FF000000FF000000FF000000FF000000FF000000FF000000FF000000FF000000FF000000FF000000FF000000FF000000FF000000FF000000FF000000FF000000FF000000FF000000FF000000FF000000FF000000FF000000FF000000FF000000FF000000FF000000FF000000FF000000FF000000FF000000FF000000FF000000FF000000FF000000FF000000FF000000FF000000FF000000FF000000FF000000FF000000FF000000FF000000FF000000FF000000FF000000FF000000FF000000FF000000FF000000FF000000FF000000FF000000FF000000FF000000FF000000FF000000FF000000FF000000FF000000FF000000FF000000FF000000FF000000FF000000FF000000FF000000FF000000FF000000FF000000FF000000FF000000FF000000FF000000FF000000FF000000FF000000FF000000FF000000FF000000FF000000FF000000FF000000FF000000FF000000FF000000FF000000FF000000FF000000FF000000FF000000FF000000FF000000FF000000FF000000FF000000FF000000FF000000FF000000FF000000FF000000FF000000FF000000FF000000FF000000FF000000FF000000FF000000FF000000FF000000FF000000FF000000FF000000FF000000FF000000FF000000FF000000FF000000FF000000FF000000FF000000FF000000FF000000FF000000FF000000FF000000FF000000FF000000FF000000FF000000FF000000FF000000FF000000FF000000FF000000FF000000FF000000FF000000FF000000FF000000FF000000FF000000FF000000FF000000FF000000FF000000FF000000FF000000FF000000FF000000FF000000FF000000FF000000FF000000FF000000FF000000FF000000FF000000FF000000FF000000FF000000FF000000FF000000FF000000FF000000FF000000FF000000FF000000FF000000FF000000FF000000FF000000FF000000FF000000FF000000FF000000FF000000FF000000FF000000FF000000FF000000FF000000FF000000FF000000FF000000FF000000FF000000FF000000FF000000FF000000FF000000FF000000FF000000FF000000FF000000FF000000FF000000FF000000FF000000FF000000FF000000FF000000FF000000FF000000FF000000FF000000FF000000FF000000FF000000FF000000FF000000FF000000FF000000FF000000FF000000FF000000FF000000FF000000FF000000FF000000FF000000FF000000FF000000FF000000FF000000FF000000FF000000FF000000FF000000FF000000FF000000FF000000FF000000FF000000FF000000FF000000FF000000FF000000FF000000FF000000FF000000FF000000FF000000FF000000FF000000FF000000FF000000FF000000FF000000FF000000FF000000FF000000FF000000FF000000FF000000FF000000FF000000FF000000FF000000FF000000FF000000FF000000FF000000FF000000FF000000FF000000FF000000FF000000FF000000FF000000FF000000FF000000FF000000FF000000FF000000FF000000FF000000FF000000FF000000FF000000FF000000FF000000FF000000FF000000FF000000FF000000FF000000FF000000FF000000FF000000FF000000FF000000FF000000FF000000FF000000FF000000FF000000FF000000FF000000FF000000FF000000FF000000FF000000FF000000FF000000FF000000FF000000FF000000FF000000FF000000FF000000FF000000FF000000FF000000FF000000FF000000FF000000FF000000FF000000FF000000FF000000FF000000FF000000FF000000FF000000FF000000FF000000FF000000FF000000FF000000FF000000FF000000FF000000FF000000FF000000FF000000FF000000FF000000FF000000FF000000FF000000FF000000FF000000FF000000FF000000FF000000FF000000FF000000FF000000FF000000FF000000FF000000FF000000FF000000FF000000FF000000FF000000FF000000FF000000FF000000FF000000FF000000FF000000FF000000FF000000FF000000FF000000FF000000FF000000FF000000FF000000FF000000FF000000FF000000FF000000FF000000FF000000FF000000FF000000FF000000FF000000FF000000FF000000FF000000FF000000FF000000FF000000FF000000FF000000FF000000FF000000FF000000FF000000FF000000FF000000FF000000FF000000FF000000FF000000FF000000FF000000FF000000FF000000FF000000FF000000FF000000FF000000FF000000FF000000FF000000FF000000FF2BFD99FF2BFD99FF000000FF000000FF000000FF000000FF000000FF000000FF2BFD99FF2BFD99FF000000FF000000FF000000FF000000FF000000FF000000FF2BFD99FF2BFD99FF2BFD99FF2BFD99FF2BFD99FF2BFD99FF000000FF000000FF000000FF000000FF000000FF000000FF2BFD99FF2BFD99FF000000FF000000FF000000FF000000FF000000FF000000FF2BFD99FF2BFD99FF000000FF000000FF000000FF000000FF000000FF000000FF2BFD99FF2BFD99FF2BFD99FF2BFD99FF2BFD99FF2BFD99FF000000FF000000FF000000FF000000FF000000FF000000FF2BFD99FF2BFD99FF2BFD99FF2BFD99FF2BFD99FF2BFD99FF2BFD99FF2BFD99FF2BFD99FF2BFD99FF000000FF000000FF000000FF000000FF2BFD99FF2BFD99FF2BFD99FF2BFD99FF2BFD99FF2BFD99FF2BFD99FF2BFD99FF000000FF000000FF000000FF000000FF000000FF000000FF000000FF000000FF000000FF000000FF000000FF000000FF000000FF000000FF000000FF000000FF000000FF000000FF000000FF000000FF000000FF000000FF2BFD99FF2BFD99FF2BFD99FF2BFD99FF2BFD99FF2BFD99FF000000FF000000FF000000FF000000FF000000FF000000FF000000FF000000FF000000FF000000FF2BFD99FF2BFD99FF000000FF000000FF000000FF000000FF000000FF000000FF000000FF000000FF000000FF000000FF2BFD99FF2BFD99FF2BFD99FF2BFD99FF2BFD99FF2BFD99FF000000FF000000FF000000FF000000FF000000FF000000FF000000FF000000FF000000FF000000FF000000FF000000FF000000FF000000FF000000FF000000FF000000FF000000FF000000FF000000FF000000FF000000FF000000FF000000FF000000FF000000FF000000FF000000FF000000FF000000FF000000FF000000FF000000FF000000FF000000FF000000FF000000FF000000FF000000FF000000FF000000FF000000FF000000FF000000FF000000FF000000FF000000FF000000FF000000FF000000FF000000FF000000FF000000FF000000FF000000FF000000FF000000FF000000FF000000FF000000FF000000FF000000FF000000FF000000FF000000FF000000FF000000FF000000FF000000FF000000FF000000FF000000FF000000FF000000FF000000FF000000FF000000FF000000FF000000FF000000FF000000FF000000FF000000FF000000FF000000FF000000FF000000FF000000FF000000FF000000FF000000FF000000FF000000FF000000FF000000FF000000FF000000FF000000FF000000FF000000FF000000FF000000FF000000FF000000FF000000FF000000FF000000FF000000FF000000FF000000FF000000FF000000FF000000FF000000FF000000FF000000FF000000FF000000FF000000FF000000FF000000FF000000FF000000FF000000FF000000FF000000FF000000FF000000FF000000FF000000FF000000FF000000FF000000FF000000FF000000FF000000FF000000FF000000FF000000FF000000FF000000FF000000FF000000FF000000FF000000FF000000FF000000FF000000FF000000FF000000FF000000FF000000FF000000FF000000FF000000FF000000FF000000FF000000FF000000FF000000FF000000FF000000FF000000FF000000FF000000FF000000FF000000FF000000FF000000FF000000FF000000FF000000FF000000FF000000FF000000FF000000FF000000FF000000FF000000FF000000FF000000FF000000FF000000FF000000FF000000FF000000FF000000FF000000FF000000FF000000FF000000FF000000FF000000FF000000FF000000FF000000FF000000FF000000FF000000FF000000FF000000FF000000FF000000FF000000FF000000FF000000FF000000FF000000FF000000FF000000FF000000FF000000FF000000FF000000FF000000FF000000FF000000FF000000FF000000FF000000FF000000FF000000FF000000FF000000FF000000FF000000FF000000FF000000FF000000FF000000FF000000FF000000FF000000FF000000FF000000FF000000FF000000FF000000FF000000FF000000FF000000FF000000FF000000FF000000FF000000FF000000FF000000FF000000FF000000FF000000FF000000FF000000FF000000FF000000FF000000FF000000FF000000FF000000FF000000FF000000FF000000FF000000FF000000FF000000FF000000FF000000FF000000FF000000FF000000FF000000FF000000FF000000FF000000FF000000FF000000FF000000FF000000FF000000FF000000FF000000FF000000FF000000FF000000FF000000FF000000FF000000FF000000FF000000FF000000FF000000FF000000FF000000FF000000FF000000FF000000FF000000FF000000FF000000FF000000FF000000FF000000FF000000FF000000FF000000FF000000FF000000FF000000FF000000FF000000FF000000FF000000FF000000FF000000FF000000FF000000FF000000FF000000FF000000FF000000FF000000FF000000FF000000FF000000FF000000FF000000FF000000FF000000FF000000FF000000FF000000FF000000FF000000FF000000FF000000FF000000FF000000FF000000FF000000FF000000FF000000FF000000FF000000FF000000FF000000FF000000FF000000FF000000FF000000FF000000FF000000FF000000FF000000FF000000FF000000FF000000FF000000FF000000FF000000FF000000FF000000FF000000FF000000FF000000FF000000FF000000FF000000FF000000FF000000FF000000FF000000FF000000FF000000FF000000FF000000FF000000FF000000FF000000FF000000FF000000FF000000FF000000FF000000FF000000FF000000FF000000FF000000FF000000FF000000FF000000FF000000FF000000FF000000FF000000FF000000FF000000FF000000FF000000FF000000FF000000FF000000FF000000FF000000FF000000FF000000FF000000FF000000FF000000FF000000FF000000FF000000FF000000FF000000FF000000FF000000FF000000FF000000FF000000FF000000FF000000FF000000FF000000FF000000FF000000FF000000FF000000FF000000FF2BFD99FF2BFD99FF000000FF000000FF000000FF000000FF000000FF000000FF2BFD99FF2BFD99FF000000FF000000FF000000FF000000FF000000FF000000FF2BFD99FF2BFD99FF2BFD99FF2BFD99FF2BFD99FF2BFD99FF000000FF000000FF000000FF000000FF000000FF000000FF2BFD99FF2BFD99FF000000FF000000FF000000FF000000FF000000FF000000FF2BFD99FF2BFD99FF000000FF000000FF000000FF000000FF000000FF000000FF2BFD99FF2BFD99FF2BFD99FF2BFD99FF2BFD99FF2BFD99FF000000FF000000FF000000FF000000FF000000FF000000FF2BFD99FF2BFD99FF2BFD99FF2BFD99FF2BFD99FF2BFD99FF2BFD99FF2BFD99FF2BFD99FF2BFD99FF000000FF000000FF000000FF000000FF2BFD99FF2BFD99FF2BFD99FF2BFD99FF2BFD99FF2BFD99FF2BFD99FF2BFD99FF000000FF000000FF000000FF000000FF000000FF000000FF000000FF000000FF000000FF000000FF000000FF000000FF000000FF000000FF000000FF000000FF000000FF000000FF000000FF000000FF000000FF000000FF2BFD99FF2BFD99FF2BFD99FF2BFD99FF2BFD99FF2BFD99FF000000FF000000FF000000FF000000FF000000FF000000FF000000FF000000FF000000FF000000FF2BFD99FF2BFD99FF000000FF000000FF000000FF000000FF000000FF000000FF000000FF000000FF000000FF000000FF2BFD99FF2BFD99FF2BFD99FF2BFD99FF2BFD99FF2BFD99FF000000FF000000FF000000FF000000FF000000FF000000FF000000FF000000FF000000FF000000FF000000FF000000FF000000FF000000FF000000FF000000FF000000FF000000FF000000FF000000FF000000FF000000FF000000FF000000FF000000FF000000FF000000FF000000FF000000FF000000FF000000FF000000FF000000FF000000FF000000FF000000FF000000FF000000FF000000FF000000FF000000FF000000FF000000FF000000FF000000FF000000FF000000FF000000FF000000FF000000FF000000FF000000FF000000FF000000FF000000FF000000FF000000FF000000FF000000FF000000FF000000FF000000FF000000FF000000FF000000FF000000FF000000FF000000FF000000FF000000FF000000FF000000FF000000FF000000FF000000FF000000FF000000FF000000FF000000FF000000FF000000FF000000FF000000FF000000FF000000FF000000FF000000FF000000FF000000FF000000FF000000FF000000FF000000FF000000FF000000FF000000FF000000FF000000FF000000FF000000FF000000FF000000FF000000FF000000FF000000FF000000FF000000FF000000FF000000FF000000FF000000FF000000FF000000FF000000FF000000FF000000FF000000FF000000FF000000FF000000FF000000FF000000FF000000FF000000FF000000FF000000FF000000FF000000FF000000FF000000FF000000FF000000FF000000FF000000FF000000FF000000FF000000FF000000FF000000FF000000FF000000FF000000FF000000FF000000FF000000FF000000FF000000FF000000FF000000FF000000FF000000FF000000FF000000FF000000FF000000FF000000FF000000FF000000FF000000FF000000FF000000FF000000FF000000FF000000FF000000FF000000FF000000FF000000FF000000FF000000FF000000FF000000FF000000FF000000FF000000FF000000FF000000FF000000FF000000FF000000FF000000FF000000FF000000FF000000FF000000FF000000FF000000FF000000FF000000FF000000FF000000FF000000FF000000FF000000FF000000FF000000FF000000FF000000FF000000FF000000FF000000FF000000FF000000FF000000FF000000FF000000FF000000FF000000FF000000FF000000FF000000FF000000FF000000FF000000FF000000FF000000FF000000FF000000FF000000FF000000FF000000FF000000FF000000FF000000FF000000FF000000FF000000FF000000FF000000FF000000FF000000FF000000FF000000FF000000FF000000FF000000FF000000FF000000FF000000FF000000FF000000FF000000FF000000FF000000FF000000FF000000FF000000FF000000FF000000FF000000FF000000FF000000FF000000FF000000FF000000FF000000FF000000FF000000FF000000FF000000FF000000FF000000FF000000FF000000FF000000FF000000FF000000FF000000FF000000FF000000FF000000FF000000FF000000FF000000FF000000FF000000FF000000FF000000FF000000FF000000FF000000FF000000FF000000FF000000FF000000FF000000FF000000FF000000FF000000FF000000FF000000FF000000FF000000FF000000FF000000FF000000FF000000FF000000FF000000FF000000FF000000FF000000FF000000FF000000FF000000FF000000FF000000FF000000FF000000FF000000FF000000FF000000FF000000FF000000FF000000FF000000FF000000FF000000FF000000FF000000FF000000FF000000FF000000FF000000FF000000FF000000FF000000FF000000FF000000FF000000FF000000FF000000FF000000FF000000FF000000FF000000FF000000FF000000FF000000FF000000FF000000FF000000FF000000FF000000FF000000FF000000FF000000FF000000FF000000FF000000FF000000FF000000FF000000FF000000FF000000FF000000FF000000FF000000FF000000FF000000FF000000FF000000FF000000FF000000FF000000FF000000FF000000FF000000FF000000FF000000FF000000FF000000FF000000FF000000FF000000FF000000FF000000FF000000FF000000FF000000FF000000FF000000FF000000FF000000FF000000FF000000FF000000FF000000FF000000FF000000FF000000FF000000FF000000FF000000FF000000FF000000FF000000FF000000FF000000FF000000FF000000FF000000FF000000FF000000FF000000FF000000FF000000FF000000FF000000FF000000FF000000FF000000FF000000FF000000FF000000FF000000FF000000FF000000FF000000FF000000FF000000FF000000FF000000FF000000FF000000FF000000FF000000FF000000FF000000FF000000FF000000FF000000FF000000FF000000FF000000FF000000FF000000FF000000FF000000FF000000FF000000FF000000FF000000FF000000FF000000FF000000FF000000FF000000FF000000FF000000FF000000FF000000FF000000FF000000FF000000FF000000FF000000FF000000FF000000FF000000FF000000FF000000FF000000FF000000FF000000FF000000FF000000FF000000FF000000FF000000FF000000FF000000FF000000FF000000FF000000FF000000FF000000FF000000FF000000FF000000FF000000FF000000FF000000FF000000FF000000FF000000FF000000FF000000FF000000FF000000FF000000FF000000FF000000FF000000FF000000FF000000FF000000FF000000FF000000FF000000FF000000FF000000FF000000FF000000FF000000FF000000FF000000FF000000FF000000FF000000FF000000FF000000FF000000FF000000FF000000FF000000FF000000FF000000FF000000FF000000FF000000FF000000FF000000FF000000FF000000FF000000FF000000FF000000FF000000FF000000FF000000FF000000FF000000FF000000FF000000FF000000FF000000FF000000FF000000FF000000FF000000FF000000FF000000FF000000FF000000FF000000FF000000FF000000FF000000FF000000FF000000FF000000FF000000FF000000FF000000FF000000FF000000FF000000FF000000FF000000FF000000FF000000FF000000FF000000FF000000FF000000FF000000FF000000FF000000FF000000FF000000FF000000FF000000FF000000FF000000FF000000FF000000FF000000FF000000FF000000FF000000FF000000FF000000FF000000FF000000FF000000FF000000FF000000FF000000FF000000FF000000FF000000FF000000FF000000FF000000FF000000FF000000FF000000FF000000FF000000FF000000FF000000FF000000FF000000FF000000FF000000FF000000FF000000FF000000FF000000FF000000FF000000FF000000FF000000FF000000FF000000FF000000FF000000FF000000FF000000FF000000FF000000FF000000FF000000FF000000FF000000FF000000FF000000FF000000FF000000FF000000FF000000FF000000FF000000FF000000FF000000FF000000FF000000FF000000FF000000FF000000FF000000FF000000FF000000FF000000FF000000FF000000FF000000FF000000FF000000FF000000FF000000FF000000FF000000FF000000FF000000FF000000FF000000FF000000FF000000FF000000FF000000FF000000FF000000FF000000FF000000FF000000FF000000FF000000FF000000FF000000FF000000FF000000FF000000FF000000FF000000FF000000FF000000FF000000FF000000FF000000FF000000FF000000FF000000FF000000FF000000FF000000FF000000FF000000FF000000FF000000FF000000FF000000FF000000FF000000FF000000FF000000FF000000FF000000FF000000FF000000FF000000FF000000FF000000FF000000FF000000FF000000FF000000FF000000FF000000FF000000FF000000FF000000FF000000FF000000FF000000FF000000FF000000FF000000FF000000FF000000FF000000FF000000FF000000FF000000FF000000FF000000FF000000FF000000FF000000FF000000FF000000FF000000FF000000FF000000FF000000FF000000FF000000FF000000FF000000FF000000FF000000FF000000FF000000FF000000FF000000FF000000FF000000FF000000FF000000FF000000FF000000FF000000FF000000FF000000FF000000FF000000FF000000FF000000FF000000FF000000FF000000FF000000FF000000FF000000FF000000FF000000FF000000FF000000FF000000FF000000FF000000FF000000FF000000FF000000FF000000FF000000FF000000FF000000FF000000FF000000FF000000FF000000FF000000FF000000FF000000FF000000FF000000FF000000FF000000FF000000FF000000FF000000FF000000FF000000FF000000FF000000FF000000FF000000FF000000FF000000FF000000FF000000FF000000FF000000FF000000FF000000FF000000FF000000FF000000FF000000FF000000FF000000FF000000FF000000FF000000FF000000FF000000FF000000FF000000FF000000FF000000FF000000FF000000FF000000FF000000FF000000FF000000FF000000FF000000FF000000FF000000FF000000FF000000FF000000FF000000FF000000FF000000FF000000FF000000FF000000FF000000FF000000FF000000FF000000FF000000FF000000FF000000FF000000FF000000FF000000FF000000FF000000FF000000FF000000FF000000FF000000FF000000FF000000FF000000FF000000FF000000FF000000FF000000FF000000FF000000FF000000FF000000FF000000FF000000FF000000FF000000FF000000FF000000FF000000FF000000FF000000FF000000FF000000FF000000FF000000FF000000FF000000FF000000FF000000FF000000FF000000FF000000FF000000FF000000FF000000FF000000FF000000FF000000FF000000FF000000FF000000FF000000FF000000FF000000FF000000FF000000FF000000FF000000FF000000FF000000FF000000FF000000FF000000FF000000FF000000FF000000FF000000FF000000FF000000FF000000FF000000FF000000FF000000FF000000FF000000FF000000FF000000FF000000FF000000FF000000FF000000FF000000FF000000FF000000FF000000FF000000FF000000FF000000FF000000FF000000FF000000FF000000FF000000FF000000FF000000FF000000FF000000FF000000FF000000FF000000FF000000FF000000FF000000FF000000FF000000FF000000FF000000FF000000FF000000FF000000FF000000FF000000FF000000FF000000FF000000FF000000FF000000FF000000FF000000FF000000FF000000FF000000FF000000FF000000FF000000FF000000FF000000FF000000FF000000FF000000FF000000FF000000FF000000FF000000FF000000FF000000FF000000FF000000FF000000FF000000FF000000FF000000FF000000FF000000FF000000FF000000FF000000FF000000FF000000FF000000FF000000FF000000FF000000FF000000FF000000FF000000FF000000FF000000FF000000FF000000FF000000FF000000FF000000FF000000FF000000FF000000FF000000FF000000FF000000FF000000FF000000FF000000FF000000FF000000FF000000FF000000FF000000FF000000FF000000FF000000FF000000FF000000FF000000FF000000FF000000FF000000FF000000FF000000FF000000FF000000FF000000FF000000FF000000FF000000FF000000FF000000FF000000FF000000FF000000FF000000FF000000FF000000FF000000FF000000FF000000FF000000FF000000FF000000FF000000FF000000FF000000FF000000FF000000FF000000FF000000FF000000FF000000FF000000FF000000FF000000FF000000FF000000FF000000FF000000FF000000FF000000FF000000FF000000FF000000FF000000FF000000FF000000FF000000FF000000FF000000FF000000FF000000FF000000FF000000FF000000FF000000FF000000FF000000FF000000FF000000FF000000FF000000FF000000FF000000FF000000FF000000FF000000FF000000FF000000FF000000FF000000FF000000FF000000FF000000FF000000FF000000FF000000FF000000FF000000FF000000FF000000FF000000FF000000FF000000FF000000FF000000FF000000FF000000FF000000FF000000FF000000FF000000FF000000FF000000FF000000FF000000FF000000FF000000FF000000FF000000FF000000FF000000FF000000FF000000FF000000FF000000FF000000FF000000FF000000FF000000FF000000FF000000FF000000FF000000FF000000FF000000FF000000FF000000FF000000FF000000FF000000FF000000FF000000FF000000FF000000FF000000FF000000FF000000FF000000FF000000FF000000FF000000FF000000FF000000FF000000FF000000FF000000FF000000FF000000FF000000FF000000FF000000FF000000FF000000FF000000FF000000FF000000FF000000FF000000FF000000FF000000FF000000FF000000FF000000FF000000FF000000FF000000FF000000FF000000FF000000FF000000FF000000FF000000FF000000FF000000FF000000FF000000FF000000FF000000FF000000FF000000FF000000FF000000FF000000FF000000FF000000FF000000FF000000FF000000FF000000FF000000FF000000FF000000FF000000FF000000FF000000FF000000FF000000FF000000FF000000FF000000FF000000FF000000FF000000FF000000FF000000FF000000FF000000FF000000FF000000FF000000FF000000FF000000FF000000FF000000FF000000FF000000FF000000FF000000FF000000FF000000FF000000FF000000FF000000FF000000FF000000FF000000FF000000FF000000FF000000FF000000FF000000FF000000FF000000FF000000FF000000FF000000FF000000FF000000FF000000FF000000FF000000FF000000FF000000FF000000FF000000FF000000FF000000FF000000FF000000FF000000FF000000FF000000FF000000FF000000FF000000FF000000FF000000FF000000FF000000FF000000FF000000FF000000FF000000FF000000FF000000FF000000FF000000FF000000FF000000FF000000FF000000FF000000FF000000FF000000FF000000FF000000FF000000FF000000FF000000FF000000FF000000FF000000FF000000FF000000FF000000FF000000FF000000FF000000FF000000FF000000FF000000FF000000FF000000FF000000FF000000FF000000FF000000FF000000FF000000FF000000FF000000FF000000FF000000FF000000FF000000FF000000FF000000FF000000FF000000FF000000FF000000FF000000FF000000FF000000FF000000FF000000FF000000FF000000FF000000FF000000FF000000FF000000FF000000FF000000FF000000FF000000FF000000FF000000FF000000FF000000FF000000FF000000FF000000FF000000FF000000FF000000FF000000FF000000FF000000FF000000FF000000FF000000FF000000FF000000FF000000FF000000FF000000FF000000FF000000FF000000FF000000FF000000FF000000FF000000FF000000FF000000FF000000FF000000FF000000FF000000FF000000FF000000FF000000FF000000FF000000FF000000FF000000FF000000FF000000FF000000FF000000FF000000FF000000FF000000FF000000FF000000FF000000FF000000FF000000FF000000FF000000FF000000FF000000FF000000FF000000FF000000FF000000FF000000FF000000FF000000FF000000FF000000FF000000FF000000FF000000FF000000FF000000FF000000FF000000FF000000FF000000FF000000FF000000FF000000FF000000FF000000FF000000FF000000FF000000FF000000FF000000FF000000FF000000FF000000FF000000FF000000FF000000FF000000FF000000FF000000FF000000FF000000FF000000FF000000FF000000FF000000FF000000FF000000FF000000FF000000FF000000FF000000FF000000FF000000FF000000FF000000FF000000FF000000FF000000FF000000FF000000FF000000FF000000FF000000FF000000FF000000FF000000FF000000FF000000FF000000FF000000FF000000FF000000FF000000FF000000FF000000FF000000FF000000FF000000FF000000FF000000FF000000FF000000FF000000FF000000FF000000FF000000FF000000FF000000FF000000FF000000FF000000FF000000FF000000FF000000FF000000FF000000FF000000FF000000FF000000FF000000FF000000FF000000FF000000FF000000FF000000FF000000FF000000FF000000FF000000FF000000FF000000FF000000FF000000FF000000FF000000FF000000FF000000FF000000FF000000FF000000FF000000FF000000FF000000FF000000FF000000FF000000FF000000FF000000FF000000FF000000FF000000FF000000FF000000FF000000FF000000FF000000FF000000FF000000FF000000FF000000FF000000FF000000FF000000FF000000FF000000FF2BFD99FF2BFD99FF000000FF000000FF000000FF000000FF000000FF000000FF000000FF000000FF000000FF000000FF000000FF000000FF2BFD99FF2BFD99FF2BFD99FF2BFD99FF2BFD99FF2BFD99FF000000FF000000FF000000FF000000FF000000FF000000FF000000FF000000FF000000FF000000FF000000FF000000FF000000FF000000FF000000FF000000FF000000FF000000FF000000FF000000FF000000FF000000FF000000FF000000FF000000FF000000FF000000FF000000FF000000FF000000FF000000FF000000FF000000FF000000FF000000FF000000FF000000FF000000FF000000FF000000FF000000FF000000FF000000FF000000FF000000FF000000FF000000FF000000FF000000FF000000FF000000FF000000FF000000FF000000FF000000FF000000FF000000FF000000FF000000FF000000FF000000FF000000FF000000FF000000FF000000FF000000FF000000FF000000FF000000FF000000FF000000FF000000FF000000FF000000FF000000FF000000FF000000FF000000FF000000FF000000FF000000FF000000FF000000FF000000FF000000FF000000FF000000FF000000FF000000FF000000FF000000FF000000FF000000FF000000FF000000FF000000FF000000FF000000FF000000FF000000FF000000FF000000FF000000FF000000FF000000FF000000FF000000FF000000FF000000FF000000FF000000FF000000FF000000FF000000FF000000FF000000FF000000FF000000FF000000FF000000FF000000FF000000FF000000FF000000FF000000FF000000FF000000FF000000FF000000FF000000FF000000FF000000FF000000FF000000FF000000FF000000FF000000FF000000FF000000FF000000FF000000FF000000FF000000FF000000FF000000FF000000FF000000FF000000FF000000FF000000FF000000FF000000FF000000FF000000FF000000FF000000FF000000FF000000FF000000FF000000FF000000FF000000FF000000FF000000FF000000FF000000FF000000FF000000FF000000FF000000FF000000FF000000FF000000FF000000FF000000FF000000FF000000FF000000FF000000FF000000FF000000FF000000FF000000FF000000FF000000FF000000FF000000FF000000FF000000FF000000FF000000FF000000FF000000FF000000FF000000FF000000FF000000FF000000FF000000FF000000FF000000FF000000FF000000FF000000FF000000FF000000FF000000FF000000FF000000FF000000FF000000FF000000FF000000FF000000FF000000FF000000FF000000FF000000FF000000FF000000FF000000FF000000FF000000FF000000FF000000FF000000FF000000FF000000FF000000FF000000FF000000FF000000FF000000FF000000FF000000FF000000FF000000FF000000FF000000FF000000FF000000FF000000FF000000FF000000FF000000FF000000FF000000FF000000FF000000FF000000FF000000FF000000FF000000FF000000FF000000FF000000FF000000FF000000FF000000FF000000FF000000FF000000FF000000FF000000FF000000FF000000FF000000FF000000FF000000FF000000FF000000FF000000FF000000FF000000FF000000FF000000FF000000FF000000FF000000FF000000FF000000FF000000FF000000FF000000FF000000FF000000FF000000FF000000FF000000FF000000FF000000FF000000FF000000FF000000FF000000FF000000FF000000FF000000FF000000FF000000FF000000FF000000FF000000FF000000FF000000FF000000FF000000FF000000FF000000FF000000FF000000FF000000FF000000FF000000FF000000FF000000FF000000FF000000FF000000FF000000FF000000FF000000FF000000FF000000FF000000FF000000FF000000FF000000FF000000FF000000FF000000FF000000FF000000FF000000FF000000FF000000FF000000FF000000FF000000FF000000FF000000FF000000FF000000FF000000FF000000FF000000FF000000FF000000FF000000FF000000FF000000FF000000FF000000FF000000FF000000FF000000FF000000FF000000FF000000FF000000FF000000FF000000FF000000FF000000FF000000FF000000FF000000FF000000FF000000FF000000FF000000FF000000FF000000FF000000FF000000FF000000FF000000FF000000FF000000FF000000FF000000FF000000FF000000FF000000FF000000FF000000FF000000FF000000FF000000FF000000FF000000FF000000FF000000FF000000FF000000FF000000FF000000FF000000FF000000FF000000FF000000FF000000FF000000FF000000FF000000FF000000FF000000FF000000FF000000FF000000FF000000FF000000FF000000FF000000FF000000FF000000FF000000FF000000FF000000FF000000FF000000FF000000FF000000FF000000FF000000FF000000FF000000FF000000FF000000FF000000FF000000FF000000FF000000FF000000FF000000FF000000FF000000FF000000FF000000FF000000FF000000FF000000FF000000FF000000FF000000FF000000FF000000FF000000FF000000FF000000FF000000FF000000FF000000FF000000FF000000FF000000FF000000FF000000FF000000FF000000FF000000FF000000FF000000FF000000FF000000FF000000FF000000FF000000FF000000FF000000FF000000FF000000FF000000FF000000FF000000FF000000FF000000FF000000FF000000FF000000FF000000FF000000FF000000FF000000FF000000FF000000FF000000FF000000FF000000FF000000FF000000FF000000FF000000FF000000FF000000FF000000FF000000FF000000FF000000FF000000FF000000FF000000FF000000FF000000FF000000FF000000FF000000FF000000FF000000FF000000FF000000FF000000FF000000FF000000FF000000FF000000FF000000FF000000FF000000FF000000FF000000FF000000FF000000FF000000FF000000FF000000FF000000FF000000FF000000FF000000FF000000FF000000FF000000FF000000FF000000FF000000FF000000FF000000FF000000FF000000FF2BFD99FF2BFD99FF000000FF000000FF000000FF000000FF000000FF000000FF000000FF000000FF000000FF000000FF000000FF000000FF2BFD99FF2BFD99FF2BFD99FF2BFD99FF2BFD99FF2BFD99FF000000FF000000FF000000FF000000FF000000FF000000FF000000FF000000FF000000FF000000FF000000FF000000FF000000FF000000FF000000FF000000FF000000FF000000FF000000FF000000FF000000FF000000FF000000FF000000FF000000FF000000FF000000FF000000FF000000FF000000FF000000FF000000FF000000FF000000FF000000FF000000FF000000FF000000FF000000FF000000FF000000FF000000FF000000FF000000FF000000FF000000FF000000FF000000FF000000FF000000FF000000FF000000FF000000FF000000FF000000FF000000FF000000FF000000FF000000FF000000FF000000FF000000FF000000FF000000FF000000FF000000FF000000FF000000FF000000FF000000FF000000FF000000FF000000FF000000FF000000FF000000FF000000FF000000FF000000FF000000FF000000FF000000FF000000FF000000FF000000FF000000FF000000FF000000FF000000FF000000FF000000FF000000FF000000FF000000FF000000FF000000FF000000FF000000FF000000FF000000FF000000FF000000FF000000FF000000FF000000FF000000FF000000FF000000FF000000FF000000FF000000FF000000FF000000FF000000FF000000FF000000FF000000FF000000FF000000FF000000FF000000FF000000FF000000FF000000FF000000FF000000FF000000FF000000FF000000FF000000FF000000FF000000FF000000FF000000FF000000FF000000FF000000FF000000FF000000FF000000FF000000FF000000FF000000FF000000FF000000FF000000FF000000FF000000FF000000FF000000FF000000FF000000FF000000FF000000FF000000FF000000FF000000FF000000FF000000FF000000FF000000FF000000FF000000FF000000FF000000FF000000FF000000FF000000FF000000FF000000FF000000FF000000FF000000FF000000FF000000FF000000FF000000FF000000FF000000FF000000FF000000FF000000FF000000FF000000FF000000FF000000FF000000FF000000FF000000FF000000FF000000FF000000FF000000FF000000FF000000FF000000FF000000FF000000FF000000FF000000FF000000FF000000FF000000FF000000FF000000FF000000FF000000FF000000FF000000FF000000FF000000FF000000FF000000FF000000FF000000FF000000FF000000FF000000FF000000FF000000FF000000FF000000FF000000FF000000FF000000FF000000FF000000FF000000FF000000FF000000FF000000FF000000FF000000FF000000FF000000FF000000FF000000FF000000FF000000FF000000FF000000FF000000FF000000FF000000FF000000FF000000FF000000FF000000FF000000FF000000FF000000FF000000FF000000FF000000FF000000FF000000FF000000FF000000FF000000FF000000FF000000FF000000FF000000FF000000FF000000FF000000FF000000FF000000FF000000FF000000FF000000FF000000FF000000FF000000FF000000FF000000FF000000FF000000FF000000FF000000FF000000FF000000FF000000FF000000FF000000FF000000FF000000FF000000FF000000FF000000FF000000FF000000FF000000FF000000FF000000FF000000FF000000FF000000FF000000FF000000FF000000FF000000FF000000FF000000FF000000FF000000FF000000FF000000FF000000FF000000FF000000FF000000FF000000FF000000FF000000FF000000FF000000FF000000FF000000FF000000FF000000FF000000FF000000FF000000FF000000FF000000FF000000FF000000FF000000FF000000FF000000FF000000FF000000FF000000FF000000FF000000FF000000FF000000FF000000FF000000FF000000FF000000FF000000FF000000FF000000FF000000FF000000FF000000FF000000FF000000FF000000FF000000FF000000FF000000FF000000FF000000FF000000FF000000FF000000FF000000FF000000FF000000FF000000FF000000FF000000FF000000FF000000FF000000FF000000FF000000FF000000FF000000FF000000FF000000FF000000FF000000FF000000FF000000FF000000FF000000FF000000FF000000FF000000FF000000FF000000FF000000FF000000FF000000FF000000FF000000FF000000FF000000FF000000FF000000FF000000FF000000FF000000FF000000FF000000FF000000FF000000FF000000FF000000FF000000FF000000FF000000FF000000FF000000FF000000FF000000FF000000FF000000FF000000FF000000FF000000FF000000FF000000FF000000FF000000FF000000FF000000FF000000FF000000FF000000FF000000FF000000FF000000FF000000FF000000FF000000FF000000FF000000FF000000FF000000FF000000FF000000FF000000FF000000FF000000FF000000FF000000FF000000FF000000FF000000FF000000FF000000FF000000FF000000FF000000FF000000FF000000FF000000FF000000FF000000FF000000FF000000FF000000FF000000FF000000FF000000FF000000FF000000FF000000FF000000FF000000FF000000FF000000FF000000FF000000FF000000FF000000FF000000FF000000FF000000FF000000FF000000FF000000FF000000FF000000FF000000FF000000FF000000FF000000FF000000FF000000FF000000FF000000FF000000FF000000FF000000FF000000FF000000FF000000FF000000FF000000FF000000FF000000FF000000FF000000FF000000FF000000FF000000FF000000FF000000FF000000FF000000FF000000FF000000FF000000FF000000FF000000FF000000FF000000FF000000FF000000FF000000FF000000FF000000FF000000FF000000FF000000FF000000FF000000FF000000FF000000FF000000FF000000FF000000FF000000FF000000FF000000FF000000FF000000FF000000FF000000FF000000FF000000FF000000FF000000FF000000FF000000FF000000FF2BFD99FF2BFD99FF000000FF000000FF000000FF000000FF000000FF000000FF000000FF000000FF2BFD99FF2BFD99FF000000FF000000FF000000FF000000FF000000FF000000FF2BFD99FF2BFD99FF000000FF000000FF000000FF000000FF000000FF000000FF000000FF000000FF000000FF000000FF000000FF000000FF000000FF000000FF000000FF000000FF000000FF000000FF000000FF000000FF000000FF000000FF000000FF000000FF000000FF000000FF000000FF000000FF000000FF000000FF000000FF000000FF000000FF000000FF000000FF000000FF000000FF000000FF000000FF000000FF000000FF000000FF000000FF000000FF000000FF000000FF000000FF000000FF000000FF000000FF000000FF000000FF000000FF000000FF000000FF000000FF000000FF000000FF000000FF000000FF000000FF000000FF000000FF000000FF000000FF000000FF000000FF000000FF000000FF000000FF000000FF000000FF000000FF000000FF000000FF000000FF000000FF000000FF000000FF000000FF000000FF000000FF000000FF000000FF000000FF000000FF000000FF000000FF000000FF000000FF000000FF000000FF000000FF000000FF000000FF000000FF000000FF000000FF000000FF000000FF000000FF000000FF000000FF000000FF000000FF000000FF000000FF000000FF000000FF000000FF000000FF000000FF000000FF000000FF000000FF000000FF000000FF000000FF000000FF000000FF000000FF000000FF000000FF000000FF000000FF000000FF000000FF000000FF000000FF000000FF000000FF000000FF000000FF000000FF000000FF000000FF000000FF000000FF000000FF000000FF000000FF000000FF000000FF000000FF000000FF000000FF000000FF000000FF000000FF000000FF000000FF000000FF000000FF000000FF000000FF000000FF000000FF000000FF000000FF000000FF000000FF000000FF000000FF000000FF000000FF000000FF000000FF000000FF000000FF000000FF000000FF000000FF000000FF000000FF000000FF000000FF000000FF000000FF000000FF000000FF000000FF000000FF000000FF000000FF000000FF000000FF000000FF000000FF000000FF000000FF000000FF000000FF000000FF000000FF000000FF000000FF000000FF000000FF000000FF000000FF000000FF000000FF000000FF000000FF000000FF000000FF000000FF000000FF000000FF000000FF000000FF000000FF000000FF000000FF000000FF000000FF000000FF000000FF000000FF000000FF000000FF000000FF000000FF000000FF000000FF000000FF000000FF000000FF000000FF000000FF000000FF000000FF000000FF000000FF000000FF000000FF000000FF000000FF000000FF000000FF000000FF000000FF000000FF000000FF000000FF000000FF000000FF000000FF000000FF000000FF000000FF000000FF000000FF000000FF000000FF000000FF000000FF000000FF000000FF000000FF000000FF000000FF000000FF000000FF000000FF000000FF000000FF000000FF000000FF000000FF000000FF000000FF000000FF000000FF000000FF000000FF000000FF000000FF000000FF000000FF000000FF000000FF000000FF000000FF000000FF000000FF000000FF000000FF000000FF000000FF000000FF000000FF000000FF000000FF000000FF000000FF000000FF000000FF000000FF000000FF000000FF000000FF000000FF000000FF000000FF000000FF000000FF000000FF000000FF000000FF000000FF000000FF000000FF000000FF000000FF000000FF000000FF000000FF000000FF000000FF000000FF000000FF000000FF000000FF000000FF000000FF000000FF000000FF000000FF000000FF000000FF000000FF000000FF000000FF000000FF000000FF000000FF000000FF000000FF000000FF000000FF000000FF000000FF000000FF000000FF000000FF000000FF000000FF000000FF000000FF000000FF000000FF000000FF000000FF000000FF000000FF000000FF000000FF000000FF000000FF000000FF000000FF000000FF000000FF000000FF000000FF000000FF000000FF000000FF000000FF000000FF000000FF000000FF000000FF000000FF000000FF000000FF000000FF000000FF000000FF000000FF000000FF000000FF000000FF000000FF000000FF000000FF000000FF000000FF000000FF000000FF000000FF000000FF000000FF000000FF000000FF000000FF000000FF000000FF000000FF000000FF000000FF000000FF000000FF000000FF000000FF000000FF000000FF000000FF000000FF000000FF000000FF000000FF000000FF000000FF000000FF000000FF000000FF000000FF000000FF000000FF000000FF000000FF000000FF000000FF000000FF000000FF000000FF000000FF000000FF000000FF000000FF000000FF000000FF000000FF000000FF000000FF000000FF000000FF000000FF000000FF000000FF000000FF000000FF000000FF000000FF000000FF000000FF000000FF000000FF000000FF000000FF000000FF000000FF000000FF000000FF000000FF000000FF000000FF000000FF000000FF000000FF000000FF000000FF000000FF000000FF000000FF000000FF000000FF000000FF000000FF000000FF000000FF000000FF000000FF000000FF000000FF000000FF000000FF000000FF000000FF000000FF000000FF000000FF000000FF000000FF000000FF000000FF000000FF000000FF000000FF000000FF000000FF000000FF000000FF000000FF000000FF000000FF000000FF000000FF000000FF000000FF000000FF000000FF000000FF000000FF000000FF000000FF000000FF000000FF000000FF000000FF000000FF000000FF000000FF000000FF000000FF000000FF000000FF000000FF000000FF000000FF000000FF000000FF000000FF000000FF000000FF000000FF000000FF000000FF000000FF000000FF000000FF000000FF000000FF000000FF000000FF000000FF000000FF000000FF2BFD99FF2BFD99FF000000FF000000FF000000FF000000FF000000FF000000FF000000FF000000FF2BFD99FF2BFD99FF000000FF000000FF000000FF000000FF000000FF000000FF2BFD99FF2BFD99FF000000FF000000FF000000FF000000FF000000FF000000FF000000FF000000FF000000FF000000FF000000FF000000FF000000FF000000FF000000FF000000FF000000FF000000FF000000FF000000FF000000FF000000FF000000FF000000FF000000FF000000FF000000FF000000FF000000FF000000FF000000FF000000FF000000FF000000FF000000FF000000FF000000FF000000FF000000FF000000FF000000FF000000FF000000FF000000FF000000FF000000FF000000FF000000FF000000FF000000FF000000FF000000FF000000FF000000FF000000FF000000FF000000FF000000FF000000FF000000FF000000FF000000FF000000FF000000FF000000FF000000FF000000FF000000FF000000FF000000FF000000FF000000FF000000FF000000FF000000FF000000FF000000FF000000FF000000FF000000FF000000FF000000FF000000FF000000FF000000FF000000FF000000FF000000FF000000FF000000FF000000FF000000FF000000FF000000FF000000FF000000FF000000FF000000FF000000FF000000FF000000FF000000FF000000FF000000FF000000FF000000FF000000FF000000FF000000FF000000FF000000FF000000FF000000FF000000FF000000FF000000FF000000FF000000FF000000FF000000FF000000FF000000FF000000FF000000FF000000FF000000FF000000FF000000FF000000FF000000FF000000FF000000FF000000FF000000FF000000FF000000FF000000FF000000FF000000FF000000FF000000FF000000FF000000FF000000FF000000FF000000FF000000FF000000FF000000FF000000FF000000FF000000FF000000FF000000FF000000FF000000FF000000FF000000FF000000FF000000FF000000FF000000FF000000FF000000FF000000FF000000FF000000FF000000FF000000FF000000FF000000FF000000FF000000FF000000FF000000FF000000FF000000FF000000FF000000FF000000FF000000FF000000FF000000FF000000FF000000FF000000FF000000FF000000FF000000FF000000FF000000FF000000FF000000FF000000FF000000FF000000FF000000FF000000FF000000FF000000FF000000FF000000FF000000FF000000FF000000FF000000FF000000FF000000FF000000FF000000FF000000FF000000FF000000FF000000FF000000FF000000FF000000FF000000FF000000FF000000FF000000FF000000FF000000FF000000FF000000FF000000FF000000FF000000FF000000FF000000FF000000FF000000FF000000FF000000FF000000FF000000FF000000FF000000FF000000FF000000FF000000FF000000FF000000FF000000FF000000FF000000FF000000FF000000FF000000FF000000FF000000FF000000FF000000FF000000FF000000FF000000FF000000FF000000FF000000FF000000FF000000FF000000FF000000FF000000FF000000FF000000FF000000FF000000FF000000FF000000FF000000FF000000FF000000FF000000FF000000FF000000FF000000FF000000FF000000FF000000FF000000FF000000FF000000FF000000FF000000FF000000FF000000FF000000FF000000FF000000FF000000FF000000FF000000FF000000FF000000FF000000FF000000FF000000FF000000FF000000FF000000FF000000FF000000FF000000FF000000FF000000FF000000FF000000FF000000FF000000FF000000FF000000FF000000FF000000FF000000FF000000FF000000FF000000FF000000FF000000FF000000FF000000FF000000FF000000FF000000FF000000FF000000FF000000FF000000FF000000FF000000FF000000FF000000FF000000FF000000FF000000FF000000FF000000FF000000FF000000FF000000FF000000FF000000FF000000FF000000FF000000FF000000FF000000FF000000FF000000FF000000FF000000FF000000FF000000FF000000FF000000FF000000FF000000FF000000FF000000FF000000FF000000FF000000FF000000FF000000FF000000FF000000FF000000FF000000FF000000FF000000FF000000FF000000FF000000FF000000FF000000FF000000FF000000FF000000FF000000FF000000FF000000FF000000FF000000FF000000FF000000FF000000FF000000FF000000FF000000FF000000FF000000FF000000FF000000FF000000FF000000FF000000FF000000FF000000FF000000FF000000FF000000FF000000FF000000FF000000FF000000FF000000FF000000FF000000FF000000FF000000FF000000FF000000FF000000FF000000FF000000FF000000FF000000FF000000FF000000FF000000FF000000FF000000FF000000FF000000FF000000FF000000FF000000FF000000FF000000FF000000FF000000FF000000FF000000FF000000FF000000FF000000FF000000FF000000FF000000FF000000FF000000FF000000FF000000FF000000FF000000FF000000FF000000FF000000FF000000FF000000FF000000FF000000FF000000FF000000FF000000FF000000FF000000FF000000FF000000FF000000FF000000FF000000FF000000FF000000FF000000FF000000FF000000FF000000FF000000FF000000FF000000FF000000FF000000FF000000FF000000FF000000FF000000FF000000FF000000FF000000FF000000FF000000FF000000FF000000FF000000FF000000FF000000FF000000FF000000FF000000FF000000FF000000FF000000FF000000FF000000FF000000FF000000FF000000FF000000FF000000FF000000FF000000FF000000FF000000FF000000FF000000FF000000FF000000FF000000FF000000FF000000FF000000FF000000FF000000FF000000FF000000FF000000FF000000FF000000FF000000FF000000FF000000FF000000FF000000FF000000FF000000FF000000FF000000FF000000FF000000FF000000FF000000FF000000FF000000FF000000FF000000FF000000FF000000FF000000FF000000FF000000FF2BFD99FF2BFD99FF000000FF000000FF000000FF000000FF000000FF000000FF000000FF000000FF000000FF000000FF000000FF000000FF2BFD99FF2BFD99FF000000FF000000FF000000FF000000FF000000FF000000FF000000FF000000FF000000FF000000FF000000FF000000FF000000FF000000FF000000FF000000FF000000FF000000FF000000FF000000FF000000FF000000FF000000FF000000FF000000FF000000FF000000FF000000FF000000FF000000FF000000FF000000FF000000FF000000FF000000FF000000FF000000FF000000FF000000FF000000FF000000FF000000FF000000FF000000FF000000FF000000FF000000FF000000FF000000FF000000FF000000FF000000FF000000FF000000FF000000FF000000FF000000FF000000FF000000FF000000FF000000FF000000FF000000FF000000FF000000FF000000FF000000FF000000FF000000FF000000FF000000FF000000FF000000FF000000FF000000FF000000FF000000FF000000FF000000FF000000FF000000FF000000FF000000FF000000FF000000FF000000FF000000FF000000FF000000FF000000FF000000FF000000FF000000FF000000FF000000FF000000FF000000FF000000FF000000FF000000FF000000FF000000FF000000FF000000FF000000FF000000FF000000FF000000FF000000FF000000FF000000FF000000FF000000FF000000FF000000FF000000FF000000FF000000FF000000FF000000FF000000FF000000FF000000FF000000FF000000FF000000FF000000FF000000FF000000FF000000FF000000FF000000FF000000FF000000FF000000FF000000FF000000FF000000FF000000FF000000FF000000FF000000FF000000FF000000FF000000FF000000FF000000FF000000FF000000FF000000FF000000FF000000FF000000FF000000FF000000FF000000FF000000FF000000FF000000FF000000FF000000FF000000FF000000FF000000FF000000FF000000FF000000FF000000FF000000FF000000FF000000FF000000FF000000FF000000FF000000FF000000FF000000FF000000FF000000FF000000FF000000FF000000FF000000FF000000FF000000FF000000FF000000FF000000FF000000FF000000FF000000FF000000FF000000FF000000FF000000FF000000FF000000FF000000FF000000FF000000FF000000FF000000FF000000FF000000FF000000FF000000FF000000FF000000FF000000FF000000FF000000FF000000FF000000FF000000FF000000FF000000FF000000FF000000FF000000FF000000FF000000FF000000FF000000FF000000FF000000FF000000FF000000FF000000FF000000FF000000FF000000FF000000FF000000FF000000FF000000FF000000FF000000FF000000FF000000FF000000FF000000FF000000FF000000FF000000FF000000FF000000FF000000FF000000FF000000FF000000FF000000FF000000FF000000FF000000FF000000FF000000FF000000FF000000FF000000FF000000FF000000FF000000FF000000FF000000FF000000FF000000FF000000FF000000FF000000FF000000FF000000FF000000FF000000FF000000FF000000FF000000FF000000FF000000FF000000FF000000FF000000FF000000FF000000FF000000FF000000FF000000FF000000FF000000FF000000FF000000FF000000FF000000FF000000FF000000FF000000FF000000FF000000FF000000FF000000FF000000FF000000FF000000FF000000FF000000FF000000FF000000FF000000FF000000FF000000FF000000FF000000FF000000FF000000FF000000FF000000FF000000FF000000FF000000FF000000FF000000FF000000FF000000FF000000FF000000FF000000FF000000FF000000FF000000FF000000FF000000FF000000FF000000FF000000FF000000FF000000FF000000FF000000FF000000FF000000FF000000FF000000FF000000FF000000FF000000FF000000FF000000FF000000FF000000FF000000FF000000FF000000FF000000FF000000FF000000FF000000FF000000FF000000FF000000FF000000FF000000FF000000FF000000FF000000FF000000FF000000FF000000FF000000FF000000FF000000FF000000FF000000FF000000FF000000FF000000FF000000FF000000FF000000FF000000FF000000FF000000FF000000FF000000FF000000FF000000FF000000FF000000FF000000FF000000FF000000FF000000FF000000FF000000FF000000FF000000FF000000FF000000FF000000FF000000FF000000FF000000FF000000FF000000FF000000FF000000FF000000FF000000FF000000FF000000FF000000FF000000FF000000FF000000FF000000FF000000FF000000FF000000FF000000FF000000FF000000FF000000FF000000FF000000FF000000FF000000FF000000FF000000FF000000FF000000FF000000FF000000FF000000FF000000FF000000FF000000FF000000FF000000FF000000FF000000FF000000FF000000FF000000FF000000FF000000FF000000FF000000FF000000FF000000FF000000FF000000FF000000FF000000FF000000FF000000FF000000FF000000FF000000FF000000FF000000FF000000FF000000FF000000FF000000FF000000FF000000FF000000FF000000FF000000FF000000FF000000FF000000FF000000FF000000FF000000FF000000FF000000FF000000FF000000FF000000FF000000FF000000FF000000FF000000FF000000FF000000FF000000FF000000FF000000FF000000FF000000FF000000FF000000FF000000FF000000FF000000FF000000FF000000FF000000FF000000FF000000FF000000FF000000FF000000FF000000FF000000FF000000FF000000FF000000FF000000FF000000FF000000FF000000FF000000FF000000FF000000FF000000FF000000FF000000FF000000FF000000FF000000FF000000FF000000FF000000FF000000FF000000FF000000FF000000FF000000FF000000FF000000FF000000FF000000FF000000FF000000FF000000FF000000FF000000FF000000FF000000FF000000FF000000FF000000FF000000FF000000FF2BFD99FF2BFD99FF000000FF000000FF000000FF000000FF000000FF000000FF000000FF000000FF000000FF000000FF000000FF000000FF2BFD99FF2BFD99FF000000FF000000FF000000FF000000FF000000FF000000FF000000FF000000FF000000FF000000FF000000FF000000FF000000FF000000FF000000FF000000FF000000FF000000FF000000FF000000FF000000FF000000FF000000FF000000FF000000FF000000FF000000FF000000FF000000FF000000FF000000FF000000FF000000FF000000FF000000FF000000FF000000FF000000FF000000FF000000FF000000FF000000FF000000FF000000FF000000FF000000FF000000FF000000FF000000FF000000FF000000FF000000FF000000FF000000FF000000FF000000FF000000FF000000FF000000FF000000FF000000FF000000FF000000FF000000FF000000FF000000FF000000FF000000FF000000FF000000FF000000FF000000FF000000FF000000FF000000FF000000FF000000FF000000FF000000FF000000FF000000FF000000FF000000FF000000FF000000FF000000FF000000FF000000FF000000FF000000FF000000FF000000FF000000FF000000FF000000FF000000FF000000FF000000FF000000FF000000FF000000FF000000FF000000FF000000FF000000FF000000FF000000FF000000FF000000FF000000FF000000FF000000FF000000FF000000FF000000FF000000FF000000FF000000FF000000FF000000FF000000FF000000FF000000FF000000FF000000FF000000FF000000FF000000FF000000FF000000FF000000FF000000FF000000FF000000FF000000FF000000FF000000FF000000FF000000FF000000FF000000FF000000FF000000FF000000FF000000FF000000FF000000FF000000FF000000FF000000FF000000FF000000FF000000FF000000FF000000FF000000FF000000FF000000FF000000FF000000FF000000FF000000FF000000FF000000FF000000FF000000FF000000FF000000FF000000FF000000FF000000FF000000FF000000FF000000FF000000FF000000FF000000FF000000FF000000FF000000FF000000FF000000FF000000FF000000FF000000FF000000FF000000FF000000FF000000FF000000FF000000FF000000FF000000FF000000FF000000FF000000FF000000FF000000FF000000FF000000FF000000FF000000FF000000FF000000FF000000FF000000FF000000FF000000FF000000FF000000FF000000FF000000FF000000FF000000FF000000FF000000FF000000FF000000FF000000FF000000FF000000FF000000FF000000FF000000FF000000FF000000FF000000FF000000FF000000FF000000FF000000FF000000FF000000FF000000FF000000FF000000FF000000FF000000FF000000FF000000FF000000FF000000FF000000FF000000FF000000FF000000FF000000FF000000FF000000FF000000FF000000FF000000FF000000FF000000FF000000FF000000FF000000FF000000FF000000FF000000FF000000FF000000FF000000FF000000FF000000FF000000FF000000FF000000FF000000FF000000FF000000FF000000FF000000FF000000FF000000FF000000FF000000FF000000FF000000FF000000FF000000FF000000FF000000FF000000FF000000FF000000FF000000FF000000FF000000FF000000FF000000FF000000FF000000FF000000FF000000FF000000FF000000FF000000FF000000FF000000FF000000FF000000FF000000FF000000FF000000FF000000FF000000FF000000FF000000FF000000FF000000FF000000FF000000FF000000FF000000FF000000FF000000FF000000FF000000FF000000FF000000FF000000FF000000FF000000FF000000FF000000FF000000FF000000FF000000FF000000FF000000FF000000FF000000FF000000FF000000FF000000FF000000FF000000FF000000FF000000FF000000FF000000FF000000FF000000FF000000FF000000FF000000FF000000FF000000FF000000FF000000FF000000FF000000FF000000FF000000FF000000FF000000FF000000FF000000FF000000FF000000FF000000FF000000FF000000FF000000FF000000FF000000FF000000FF000000FF000000FF000000FF000000FF000000FF000000FF000000FF000000FF000000FF000000FF000000FF000000FF000000FF000000FF000000FF000000FF000000FF000000FF000000FF000000FF000000FF000000FF000000FF000000FF000000FF000000FF000000FF000000FF000000FF000000FF000000FF000000FF000000FF000000FF000000FF000000FF000000FF000000FF000000FF000000FF000000FF000000FF000000FF000000FF000000FF000000FF000000FF000000FF000000FF000000FF000000FF000000FF000000FF000000FF000000FF000000FF000000FF000000FF000000FF000000FF000000FF000000FF000000FF000000FF000000FF000000FF000000FF000000FF000000FF000000FF000000FF000000FF000000FF000000FF000000FF000000FF000000FF000000FF000000FF000000FF000000FF000000FF000000FF000000FF000000FF000000FF000000FF000000FF000000FF000000FF000000FF000000FF000000FF000000FF000000FF000000FF000000FF000000FF000000FF000000FF000000FF000000FF000000FF000000FF000000FF000000FF000000FF000000FF000000FF000000FF000000FF000000FF000000FF000000FF000000FF000000FF000000FF000000FF000000FF000000FF000000FF000000FF000000FF000000FF000000FF000000FF000000FF000000FF000000FF000000FF000000FF000000FF000000FF000000FF000000FF000000FF000000FF000000FF000000FF000000FF000000FF000000FF000000FF000000FF000000FF000000FF000000FF000000FF000000FF000000FF000000FF000000FF000000FF000000FF000000FF000000FF000000FF000000FF000000FF000000FF000000FF000000FF000000FF000000FF000000FF000000FF000000FF000000FF000000FF000000FF000000FF000000FF000000FF000000FF000000FF000000FF000000FF000000FF2BFD99FF2BFD99FF000000FF000000FF000000FF000000FF000000FF000000FF000000FF000000FF2BFD99FF2BFD99FF000000FF000000FF000000FF000000FF000000FF000000FF000000FF000000FF000000FF000000FF000000FF000000FF000000FF000000FF000000FF000000FF000000FF000000FF000000FF000000FF000000FF000000FF000000FF000000FF000000FF000000FF000000FF000000FF000000FF000000FF000000FF000000FF000000FF000000FF000000FF000000FF000000FF000000FF000000FF000000FF000000FF000000FF000000FF000000FF000000FF000000FF000000FF000000FF000000FF000000FF000000FF000000FF000000FF000000FF000000FF000000FF000000FF000000FF000000FF000000FF000000FF000000FF000000FF000000FF000000FF000000FF000000FF000000FF000000FF000000FF000000FF000000FF000000FF000000FF000000FF000000FF000000FF000000FF000000FF000000FF000000FF000000FF000000FF000000FF000000FF000000FF000000FF000000FF000000FF000000FF000000FF000000FF000000FF000000FF000000FF000000FF000000FF000000FF000000FF000000FF000000FF000000FF000000FF000000FF000000FF000000FF000000FF000000FF000000FF000000FF000000FF000000FF000000FF000000FF000000FF000000FF000000FF000000FF000000FF000000FF000000FF000000FF000000FF000000FF000000FF000000FF000000FF000000FF000000FF000000FF000000FF000000FF000000FF000000FF000000FF000000FF000000FF000000FF000000FF000000FF000000FF000000FF000000FF000000FF000000FF000000FF000000FF000000FF000000FF000000FF000000FF000000FF000000FF000000FF000000FF000000FF000000FF000000FF000000FF000000FF000000FF000000FF000000FF000000FF000000FF000000FF000000FF000000FF000000FF000000FF000000FF000000FF000000FF000000FF000000FF000000FF000000FF000000FF000000FF000000FF000000FF000000FF000000FF000000FF000000FF000000FF000000FF000000FF000000FF000000FF000000FF000000FF000000FF000000FF000000FF000000FF000000FF000000FF000000FF000000FF000000FF000000FF000000FF000000FF000000FF000000FF000000FF000000FF000000FF000000FF000000FF000000FF000000FF000000FF000000FF000000FF000000FF000000FF000000FF000000FF000000FF000000FF000000FF000000FF000000FF000000FF000000FF000000FF000000FF000000FF000000FF000000FF000000FF000000FF000000FF000000FF000000FF000000FF000000FF000000FF000000FF000000FF000000FF000000FF000000FF000000FF000000FF000000FF000000FF000000FF000000FF000000FF000000FF000000FF000000FF000000FF000000FF000000FF000000FF000000FF000000FF000000FF000000FF000000FF000000FF000000FF000000FF000000FF000000FF000000FF000000FF000000FF000000FF000000FF000000FF000000FF000000FF000000FF000000FF000000FF000000FF000000FF000000FF000000FF000000FF000000FF000000FF000000FF000000FF000000FF000000FF000000FF000000FF000000FF000000FF000000FF000000FF000000FF000000FF000000FF000000FF000000FF000000FF000000FF000000FF000000FF000000FF000000FF000000FF000000FF000000FF000000FF000000FF000000FF000000FF000000FF000000FF000000FF000000FF000000FF000000FF000000FF000000FF000000FF000000FF000000FF000000FF000000FF000000FF000000FF000000FF000000FF000000FF000000FF000000FF000000FF000000FF000000FF000000FF000000FF000000FF000000FF000000FF000000FF000000FF000000FF000000FF000000FF000000FF000000FF000000FF000000FF000000FF000000FF000000FF000000FF000000FF000000FF000000FF000000FF000000FF000000FF000000FF000000FF000000FF000000FF000000FF000000FF000000FF000000FF000000FF000000FF000000FF000000FF000000FF000000FF000000FF000000FF000000FF000000FF000000FF000000FF000000FF000000FF000000FF000000FF000000FF000000FF000000FF000000FF000000FF000000FF000000FF000000FF000000FF000000FF000000FF000000FF000000FF000000FF000000FF000000FF000000FF000000FF000000FF000000FF000000FF000000FF000000FF000000FF000000FF000000FF000000FF000000FF000000FF000000FF000000FF000000FF000000FF000000FF000000FF000000FF000000FF000000FF000000FF000000FF000000FF000000FF000000FF000000FF000000FF000000FF000000FF000000FF000000FF000000FF000000FF000000FF000000FF000000FF000000FF000000FF000000FF000000FF000000FF000000FF000000FF000000FF000000FF000000FF000000FF000000FF000000FF000000FF000000FF000000FF000000FF000000FF000000FF000000FF000000FF000000FF000000FF000000FF000000FF000000FF000000FF000000FF000000FF000000FF000000FF000000FF000000FF000000FF000000FF000000FF000000FF000000FF000000FF000000FF000000FF000000FF000000FF000000FF000000FF000000FF000000FF000000FF000000FF000000FF000000FF000000FF000000FF000000FF000000FF000000FF000000FF000000FF000000FF000000FF000000FF000000FF000000FF000000FF000000FF000000FF000000FF000000FF000000FF000000FF000000FF000000FF000000FF000000FF000000FF000000FF000000FF000000FF000000FF000000FF000000FF000000FF000000FF000000FF000000FF000000FF000000FF000000FF000000FF000000FF000000FF000000FF000000FF000000FF000000FF000000FF000000FF000000FF000000FF000000FF000000FF000000FF000000FF000000FF000000FF000000FF000000FF000000FF2BFD99FF2BFD99FF000000FF000000FF000000FF000000FF000000FF000000FF000000FF000000FF2BFD99FF2BFD99FF000000FF000000FF000000FF000000FF000000FF000000FF000000FF000000FF000000FF000000FF000000FF000000FF000000FF000000FF000000FF000000FF000000FF000000FF000000FF000000FF000000FF000000FF000000FF000000FF000000FF000000FF000000FF000000FF000000FF000000FF000000FF000000FF000000FF000000FF000000FF000000FF000000FF000000FF000000FF000000FF000000FF000000FF000000FF000000FF000000FF000000FF000000FF000000FF000000FF000000FF000000FF000000FF000000FF000000FF000000FF000000FF000000FF000000FF000000FF000000FF000000FF000000FF000000FF000000FF000000FF000000FF000000FF000000FF000000FF000000FF000000FF000000FF000000FF000000FF000000FF000000FF000000FF000000FF000000FF000000FF000000FF000000FF000000FF000000FF000000FF000000FF000000FF000000FF000000FF000000FF000000FF000000FF000000FF000000FF000000FF000000FF000000FF000000FF000000FF000000FF000000FF000000FF000000FF000000FF000000FF000000FF000000FF000000FF000000FF000000FF000000FF000000FF000000FF000000FF000000FF000000FF000000FF000000FF000000FF000000FF000000FF000000FF000000FF000000FF000000FF000000FF000000FF000000FF000000FF000000FF000000FF000000FF000000FF000000FF000000FF000000FF000000FF000000FF000000FF000000FF000000FF000000FF000000FF000000FF000000FF000000FF000000FF000000FF000000FF000000FF000000FF000000FF000000FF000000FF000000FF000000FF000000FF000000FF000000FF000000FF000000FF000000FF000000FF000000FF000000FF000000FF000000FF000000FF000000FF000000FF000000FF000000FF000000FF000000FF000000FF000000FF000000FF000000FF000000FF000000FF000000FF000000FF000000FF000000FF000000FF000000FF000000FF000000FF000000FF000000FF000000FF000000FF000000FF000000FF000000FF000000FF000000FF000000FF000000FF000000FF000000FF000000FF000000FF000000FF000000FF000000FF000000FF000000FF000000FF000000FF000000FF000000FF000000FF000000FF000000FF000000FF000000FF000000FF000000FF000000FF000000FF000000FF000000FF000000FF000000FF000000FF000000FF000000FF000000FF000000FF000000FF000000FF000000FF000000FF000000FF000000FF000000FF000000FF000000FF000000FF000000FF000000FF000000FF000000FF000000FF000000FF000000FF000000FF000000FF000000FF000000FF000000FF000000FF000000FF000000FF000000FF000000FF000000FF000000FF000000FF000000FF000000FF000000FF000000FF000000FF000000FF000000FF000000FF000000FF000000FF000000FF000000FF000000FF000000FF000000FF000000FF000000FF000000FF000000FF000000FF000000FF000000FF000000FF000000FF000000FF000000FF000000FF000000FF000000FF000000FF000000FF000000FF000000FF000000FF000000FF000000FF000000FF000000FF000000FF000000FF000000FF000000FF000000FF000000FF000000FF000000FF000000FF000000FF000000FF000000FF000000FF000000FF000000FF000000FF000000FF000000FF000000FF000000FF000000FF000000FF000000FF000000FF000000FF000000FF000000FF000000FF000000FF000000FF000000FF000000FF000000FF000000FF000000FF000000FF000000FF000000FF000000FF000000FF000000FF000000FF000000FF000000FF000000FF000000FF000000FF000000FF000000FF000000FF000000FF000000FF000000FF000000FF000000FF000000FF000000FF000000FF000000FF000000FF000000FF000000FF000000FF000000FF000000FF000000FF000000FF000000FF000000FF000000FF000000FF000000FF000000FF000000FF000000FF000000FF000000FF000000FF000000FF000000FF000000FF000000FF000000FF000000FF000000FF000000FF000000FF000000FF000000FF000000FF000000FF000000FF000000FF000000FF000000FF000000FF000000FF000000FF000000FF000000FF000000FF000000FF000000FF000000FF000000FF000000FF000000FF000000FF000000FF000000FF000000FF000000FF000000FF000000FF000000FF000000FF000000FF000000FF000000FF000000FF000000FF000000FF000000FF000000FF000000FF000000FF000000FF000000FF000000FF000000FF000000FF000000FF000000FF000000FF000000FF000000FF000000FF000000FF000000FF000000FF000000FF000000FF000000FF000000FF000000FF000000FF000000FF000000FF000000FF000000FF000000FF000000FF000000FF000000FF000000FF000000FF000000FF000000FF000000FF000000FF000000FF000000FF000000FF000000FF000000FF000000FF000000FF000000FF000000FF000000FF000000FF000000FF000000FF000000FF000000FF000000FF000000FF000000FF000000FF000000FF000000FF000000FF000000FF000000FF000000FF000000FF000000FF000000FF000000FF000000FF000000FF000000FF000000FF000000FF000000FF000000FF000000FF000000FF000000FF000000FF000000FF000000FF000000FF000000FF000000FF000000FF000000FF000000FF000000FF000000FF000000FF000000FF000000FF000000FF000000FF000000FF000000FF000000FF000000FF000000FF000000FF000000FF000000FF000000FF000000FF000000FF000000FF000000FF000000FF000000FF000000FF000000FF000000FF000000FF000000FF000000FF000000FF000000FF000000FF000000FF000000FF000000FF000000FF000000FF000000FF000000FF000000FF000000FF2BFD99FF2BFD99FF000000FF000000FF000000FF000000FF000000FF000000FF000000FF000000FF000000FF000000FF2BFD99FF2BFD99FF000000FF000000FF000000FF000000FF000000FF000000FF000000FF000000FF000000FF000000FF000000FF000000FF000000FF000000FF000000FF000000FF000000FF000000FF000000FF000000FF000000FF000000FF000000FF000000FF000000FF000000FF000000FF000000FF000000FF000000FF000000FF000000FF000000FF000000FF000000FF000000FF000000FF000000FF000000FF000000FF000000FF000000FF000000FF000000FF000000FF000000FF000000FF000000FF000000FF000000FF000000FF000000FF000000FF000000FF000000FF000000FF000000FF000000FF000000FF000000FF000000FF000000FF000000FF000000FF000000FF000000FF000000FF000000FF000000FF000000FF000000FF000000FF000000FF000000FF000000FF000000FF000000FF000000FF000000FF000000FF000000FF000000FF000000FF000000FF000000FF000000FF000000FF000000FF000000FF000000FF000000FF000000FF000000FF000000FF000000FF000000FF000000FF000000FF000000FF000000FF000000FF000000FF000000FF000000FF000000FF000000FF000000FF000000FF000000FF000000FF000000FF000000FF000000FF000000FF000000FF000000FF000000FF000000FF000000FF000000FF000000FF000000FF000000FF000000FF000000FF000000FF000000FF000000FF000000FF000000FF000000FF000000FF000000FF000000FF000000FF000000FF000000FF000000FF000000FF000000FF000000FF000000FF000000FF000000FF000000FF000000FF000000FF000000FF000000FF000000FF000000FF000000FF000000FF000000FF000000FF000000FF000000FF000000FF000000FF000000FF000000FF000000FF000000FF000000FF000000FF000000FF000000FF000000FF000000FF000000FF000000FF000000FF000000FF000000FF000000FF000000FF000000FF000000FF000000FF000000FF000000FF000000FF000000FF000000FF000000FF000000FF000000FF000000FF000000FF000000FF000000FF000000FF000000FF000000FF000000FF000000FF000000FF000000FF000000FF000000FF000000FF000000FF000000FF000000FF000000FF000000FF000000FF000000FF000000FF000000FF000000FF000000FF000000FF000000FF000000FF000000FF000000FF000000FF000000FF000000FF000000FF000000FF000000FF000000FF000000FF000000FF000000FF000000FF000000FF000000FF000000FF000000FF000000FF000000FF000000FF000000FF000000FF000000FF000000FF000000FF000000FF000000FF000000FF000000FF000000FF000000FF000000FF000000FF000000FF000000FF000000FF000000FF000000FF000000FF000000FF000000FF000000FF000000FF000000FF000000FF000000FF000000FF000000FF000000FF000000FF000000FF000000FF000000FF000000FF000000FF000000FF000000FF000000FF000000FF000000FF000000FF000000FF000000FF000000FF000000FF000000FF000000FF000000FF000000FF000000FF000000FF000000FF000000FF000000FF000000FF000000FF000000FF000000FF000000FF000000FF000000FF000000FF000000FF000000FF000000FF000000FF000000FF000000FF000000FF000000FF000000FF000000FF000000FF000000FF000000FF000000FF000000FF000000FF000000FF000000FF000000FF000000FF000000FF000000FF000000FF000000FF000000FF000000FF000000FF000000FF000000FF000000FF000000FF000000FF000000FF000000FF000000FF000000FF000000FF000000FF000000FF000000FF000000FF000000FF000000FF000000FF000000FF000000FF000000FF000000FF000000FF000000FF000000FF000000FF000000FF000000FF000000FF000000FF000000FF000000FF000000FF000000FF000000FF000000FF000000FF000000FF000000FF000000FF000000FF000000FF000000FF000000FF000000FF000000FF000000FF000000FF000000FF000000FF000000FF000000FF000000FF000000FF000000FF000000FF000000FF000000FF000000FF000000FF000000FF000000FF000000FF000000FF000000FF000000FF000000FF000000FF000000FF000000FF000000FF000000FF000000FF000000FF000000FF000000FF000000FF000000FF000000FF000000FF000000FF000000FF000000FF000000FF000000FF000000FF000000FF000000FF000000FF000000FF000000FF000000FF000000FF000000FF000000FF000000FF000000FF000000FF000000FF000000FF000000FF000000FF000000FF000000FF000000FF000000FF000000FF000000FF000000FF000000FF000000FF000000FF000000FF000000FF000000FF000000FF000000FF000000FF000000FF000000FF000000FF000000FF000000FF000000FF000000FF000000FF000000FF000000FF000000FF000000FF000000FF000000FF000000FF000000FF000000FF000000FF000000FF000000FF000000FF000000FF000000FF000000FF000000FF000000FF000000FF000000FF000000FF000000FF000000FF000000FF000000FF000000FF000000FF000000FF000000FF000000FF000000FF000000FF000000FF000000FF000000FF000000FF000000FF000000FF000000FF000000FF000000FF000000FF000000FF000000FF000000FF000000FF000000FF000000FF000000FF000000FF000000FF000000FF000000FF000000FF000000FF000000FF000000FF000000FF000000FF000000FF000000FF000000FF000000FF000000FF000000FF000000FF000000FF000000FF000000FF000000FF000000FF000000FF000000FF000000FF000000FF000000FF000000FF000000FF000000FF000000FF000000FF000000FF000000FF000000FF000000FF000000FF000000FF000000FF000000FF000000FF000000FF000000FF000000FF000000FF000000FF000000FF000000FF2BFD99FF2BFD99FF000000FF000000FF000000FF000000FF000000FF000000FF000000FF000000FF000000FF000000FF2BFD99FF2BFD99FF000000FF000000FF000000FF000000FF000000FF000000FF000000FF000000FF000000FF000000FF000000FF000000FF000000FF000000FF000000FF000000FF000000FF000000FF000000FF000000FF000000FF000000FF000000FF000000FF000000FF000000FF000000FF000000FF000000FF000000FF000000FF000000FF000000FF000000FF000000FF000000FF000000FF000000FF000000FF000000FF000000FF000000FF000000FF000000FF000000FF000000FF000000FF000000FF000000FF000000FF000000FF000000FF000000FF000000FF000000FF000000FF000000FF000000FF000000FF000000FF000000FF000000FF000000FF000000FF000000FF000000FF000000FF000000FF000000FF000000FF000000FF000000FF000000FF000000FF000000FF000000FF000000FF000000FF000000FF000000FF000000FF000000FF000000FF000000FF000000FF000000FF000000FF000000FF000000FF000000FF000000FF000000FF000000FF000000FF000000FF000000FF000000FF000000FF000000FF000000FF000000FF000000FF000000FF000000FF000000FF000000FF000000FF000000FF000000FF000000FF000000FF000000FF000000FF000000FF000000FF000000FF000000FF000000FF000000FF000000FF000000FF000000FF000000FF000000FF000000FF000000FF000000FF000000FF000000FF000000FF000000FF000000FF000000FF000000FF000000FF000000FF000000FF000000FF000000FF000000FF000000FF000000FF000000FF000000FF000000FF000000FF000000FF000000FF000000FF000000FF000000FF000000FF000000FF000000FF000000FF000000FF000000FF000000FF000000FF000000FF000000FF000000FF000000FF000000FF000000FF000000FF000000FF000000FF000000FF000000FF000000FF000000FF000000FF000000FF000000FF000000FF000000FF000000FF000000FF000000FF000000FF000000FF000000FF000000FF000000FF000000FF000000FF000000FF000000FF000000FF000000FF000000FF000000FF000000FF000000FF000000FF000000FF000000FF000000FF000000FF000000FF000000FF000000FF000000FF000000FF000000FF000000FF000000FF000000FF000000FF000000FF000000FF000000FF000000FF000000FF000000FF000000FF000000FF000000FF000000FF000000FF000000FF000000FF000000FF000000FF000000FF000000FF000000FF000000FF000000FF000000FF000000FF000000FF000000FF000000FF000000FF000000FF000000FF000000FF000000FF000000FF000000FF000000FF000000FF000000FF000000FF000000FF000000FF000000FF000000FF000000FF000000FF000000FF000000FF000000FF000000FF000000FF000000FF000000FF000000FF000000FF000000FF000000FF000000FF000000FF000000FF000000FF000000FF000000FF000000FF000000FF000000FF000000FF000000FF000000FF000000FF000000FF000000FF000000FF000000FF000000FF000000FF000000FF000000FF000000FF000000FF000000FF000000FF000000FF000000FF000000FF000000FF000000FF000000FF000000FF000000FF000000FF000000FF000000FF000000FF000000FF000000FF000000FF000000FF000000FF000000FF000000FF000000FF000000FF000000FF000000FF000000FF000000FF000000FF000000FF000000FF000000FF000000FF000000FF000000FF000000FF000000FF000000FF000000FF000000FF000000FF000000FF000000FF000000FF000000FF000000FF000000FF000000FF000000FF000000FF000000FF000000FF000000FF000000FF000000FF000000FF000000FF000000FF000000FF000000FF000000FF000000FF000000FF000000FF000000FF000000FF000000FF000000FF000000FF000000FF000000FF000000FF000000FF000000FF000000FF000000FF000000FF000000FF000000FF000000FF000000FF000000FF000000FF000000FF000000FF000000FF000000FF000000FF000000FF000000FF000000FF000000FF000000FF000000FF000000FF000000FF000000FF000000FF000000FF000000FF000000FF000000FF000000FF000000FF000000FF000000FF000000FF000000FF000000FF000000FF000000FF000000FF000000FF000000FF000000FF000000FF000000FF000000FF000000FF000000FF000000FF000000FF000000FF000000FF000000FF000000FF000000FF000000FF000000FF000000FF000000FF000000FF000000FF000000FF000000FF000000FF000000FF000000FF000000FF000000FF000000FF000000FF000000FF000000FF000000FF000000FF000000FF000000FF000000FF000000FF000000FF000000FF000000FF000000FF000000FF000000FF000000FF000000FF000000FF000000FF000000FF000000FF000000FF000000FF000000FF000000FF000000FF000000FF000000FF000000FF000000FF000000FF000000FF000000FF000000FF000000FF000000FF000000FF000000FF000000FF000000FF000000FF000000FF000000FF000000FF000000FF000000FF000000FF000000FF000000FF000000FF000000FF000000FF000000FF000000FF000000FF000000FF000000FF000000FF000000FF000000FF000000FF000000FF000000FF000000FF000000FF000000FF000000FF000000FF000000FF000000FF000000FF000000FF000000FF000000FF000000FF000000FF000000FF000000FF000000FF000000FF000000FF000000FF000000FF000000FF000000FF000000FF000000FF000000FF000000FF000000FF000000FF000000FF000000FF000000FF000000FF000000FF000000FF000000FF000000FF000000FF000000FF000000FF000000FF000000FF000000FF000000FF000000FF000000FF000000FF000000FF000000FF000000FF000000FF000000FF000000FF000000FF000000FF000000FF2BFD99FF2BFD99FF000000FF000000FF000000FF000000FF000000FF000000FF000000FF000000FF000000FF000000FF000000FF000000FF000000FF000000FF000000FF000000FF000000FF000000FF000000FF000000FF000000FF000000FF000000FF000000FF000000FF000000FF000000FF000000FF000000FF000000FF000000FF000000FF000000FF000000FF000000FF000000FF000000FF000000FF000000FF000000FF000000FF000000FF000000FF000000FF000000FF000000FF000000FF000000FF000000FF000000FF000000FF000000FF000000FF000000FF000000FF000000FF000000FF000000FF000000FF000000FF000000FF000000FF000000FF000000FF000000FF000000FF000000FF000000FF000000FF000000FF000000FF000000FF000000FF000000FF000000FF000000FF000000FF000000FF000000FF000000FF000000FF000000FF000000FF000000FF000000FF000000FF000000FF000000FF000000FF000000FF000000FF000000FF000000FF000000FF000000FF000000FF000000FF000000FF000000FF000000FF000000FF000000FF000000FF000000FF000000FF000000FF000000FF000000FF000000FF000000FF000000FF000000FF000000FF000000FF000000FF000000FF000000FF000000FF000000FF000000FF000000FF000000FF000000FF000000FF000000FF000000FF000000FF000000FF000000FF000000FF000000FF000000FF000000FF000000FF000000FF000000FF000000FF000000FF000000FF000000FF000000FF000000FF000000FF000000FF000000FF000000FF000000FF000000FF000000FF000000FF000000FF000000FF000000FF000000FF000000FF000000FF000000FF000000FF000000FF000000FF000000FF000000FF000000FF000000FF000000FF000000FF000000FF000000FF000000FF000000FF000000FF000000FF000000FF000000FF000000FF000000FF000000FF000000FF000000FF000000FF000000FF000000FF000000FF000000FF000000FF000000FF000000FF000000FF000000FF000000FF000000FF000000FF000000FF000000FF000000FF000000FF000000FF000000FF000000FF000000FF000000FF000000FF000000FF000000FF000000FF000000FF000000FF000000FF000000FF000000FF000000FF000000FF000000FF000000FF000000FF000000FF000000FF000000FF000000FF000000FF000000FF000000FF000000FF000000FF000000FF000000FF000000FF000000FF000000FF000000FF000000FF000000FF000000FF000000FF000000FF000000FF000000FF000000FF000000FF000000FF000000FF000000FF000000FF000000FF000000FF000000FF000000FF000000FF000000FF000000FF000000FF000000FF000000FF000000FF000000FF000000FF000000FF000000FF000000FF000000FF000000FF000000FF000000FF000000FF000000FF000000FF000000FF000000FF000000FF000000FF000000FF000000FF000000FF000000FF000000FF000000FF000000FF000000FF000000FF000000FF000000FF000000FF000000FF000000FF000000FF000000FF000000FF000000FF000000FF000000FF000000FF000000FF000000FF000000FF000000FF000000FF000000FF000000FF000000FF000000FF000000FF000000FF000000FF000000FF000000FF000000FF000000FF000000FF000000FF000000FF000000FF000000FF000000FF000000FF000000FF000000FF000000FF000000FF000000FF000000FF000000FF000000FF000000FF000000FF000000FF000000FF000000FF000000FF000000FF000000FF000000FF000000FF000000FF000000FF000000FF000000FF000000FF000000FF000000FF000000FF000000FF000000FF000000FF000000FF000000FF000000FF000000FF000000FF000000FF000000FF000000FF000000FF000000FF000000FF000000FF000000FF000000FF000000FF000000FF000000FF000000FF000000FF000000FF000000FF000000FF000000FF000000FF000000FF000000FF000000FF000000FF000000FF000000FF000000FF000000FF000000FF000000FF000000FF000000FF000000FF000000FF000000FF000000FF000000FF000000FF000000FF000000FF000000FF000000FF000000FF000000FF000000FF000000FF000000FF000000FF000000FF000000FF000000FF000000FF000000FF000000FF000000FF000000FF000000FF000000FF000000FF000000FF000000FF000000FF000000FF000000FF000000FF000000FF000000FF000000FF000000FF000000FF000000FF000000FF000000FF000000FF000000FF000000FF000000FF000000FF000000FF000000FF000000FF000000FF000000FF000000FF000000FF000000FF000000FF000000FF000000FF000000FF000000FF000000FF000000FF000000FF000000FF000000FF000000FF000000FF000000FF000000FF000000FF000000FF000000FF000000FF000000FF000000FF000000FF000000FF000000FF000000FF000000FF000000FF000000FF000000FF000000FF000000FF000000FF000000FF000000FF000000FF000000FF000000FF000000FF000000FF000000FF000000FF000000FF000000FF000000FF000000FF000000FF000000FF000000FF000000FF000000FF000000FF000000FF000000FF000000FF000000FF000000FF000000FF000000FF000000FF000000FF000000FF000000FF000000FF000000FF000000FF000000FF000000FF000000FF000000FF000000FF000000FF000000FF000000FF000000FF000000FF000000FF000000FF000000FF000000FF000000FF000000FF000000FF000000FF000000FF000000FF000000FF000000FF000000FF000000FF000000FF000000FF000000FF000000FF000000FF000000FF000000FF000000FF000000FF000000FF000000FF000000FF000000FF000000FF000000FF000000FF000000FF000000FF000000FF000000FF000000FF000000FF000000FF000000FF000000FF000000FF000000FF000000FF000000FF000000FF000000FF000000FF000000FF000000FF000000FF000000FF000000FF2BFD99FF2BFD99FF000000FF000000FF000000FF000000FF000000FF000000FF000000FF000000FF000000FF000000FF000000FF000000FF000000FF000000FF000000FF000000FF000000FF000000FF000000FF000000FF000000FF000000FF000000FF000000FF000000FF000000FF000000FF000000FF000000FF000000FF000000FF000000FF000000FF000000FF000000FF000000FF000000FF000000FF000000FF000000FF000000FF000000FF000000FF000000FF000000FF000000FF000000FF000000FF000000FF000000FF000000FF000000FF000000FF000000FF000000FF000000FF000000FF000000FF000000FF000000FF000000FF000000FF000000FF000000FF000000FF000000FF000000FF000000FF000000FF000000FF000000FF000000FF000000FF000000FF000000FF000000FF000000FF000000FF000000FF000000FF000000FF000000FF000000FF000000FF000000FF000000FF000000FF000000FF000000FF000000FF000000FF000000FF000000FF000000FF000000FF000000FF000000FF000000FF000000FF000000FF000000FF000000FF000000FF000000FF000000FF000000FF000000FF000000FF000000FF000000FF000000FF000000FF000000FF000000FF000000FF000000FF000000FF000000FF000000FF000000FF000000FF000000FF000000FF000000FF000000FF000000FF000000FF000000FF000000FF000000FF000000FF000000FF000000FF000000FF000000FF000000FF000000FF000000FF000000FF000000FF000000FF000000FF000000FF000000FF000000FF000000FF000000FF000000FF000000FF000000FF000000FF000000FF000000FF000000FF000000FF000000FF000000FF000000FF000000FF000000FF000000FF000000FF000000FF000000FF000000FF000000FF000000FF000000FF000000FF000000FF000000FF000000FF000000FF000000FF000000FF000000FF000000FF000000FF000000FF000000FF000000FF000000FF000000FF000000FF000000FF000000FF000000FF000000FF000000FF000000FF000000FF000000FF000000FF000000FF000000FF000000FF000000FF000000FF000000FF000000FF000000FF000000FF000000FF000000FF000000FF000000FF000000FF000000FF000000FF000000FF000000FF000000FF000000FF000000FF000000FF000000FF000000FF000000FF000000FF000000FF000000FF000000FF000000FF000000FF000000FF000000FF000000FF000000FF000000FF000000FF000000FF000000FF000000FF000000FF000000FF000000FF000000FF000000FF000000FF000000FF000000FF000000FF000000FF000000FF000000FF000000FF000000FF000000FF000000FF000000FF000000FF000000FF000000FF000000FF000000FF000000FF000000FF000000FF000000FF000000FF000000FF000000FF000000FF000000FF000000FF000000FF000000FF000000FF000000FF000000FF000000FF000000FF000000FF000000FF000000FF000000FF000000FF000000FF000000FF000000FF000000FF000000FF000000FF000000FF000000FF000000FF000000FF000000FF000000FF000000FF000000FF000000FF000000FF000000FF000000FF000000FF000000FF000000FF000000FF000000FF000000FF000000FF000000FF000000FF000000FF000000FF000000FF000000FF000000FF000000FF000000FF000000FF000000FF000000FF000000FF000000FF000000FF000000FF000000FF000000FF000000FF000000FF000000FF000000FF000000FF000000FF000000FF000000FF000000FF000000FF000000FF000000FF000000FF000000FF000000FF000000FF000000FF000000FF000000FF000000FF000000FF000000FF000000FF000000FF000000FF000000FF000000FF000000FF000000FF000000FF000000FF000000FF000000FF000000FF000000FF000000FF000000FF000000FF000000FF000000FF000000FF000000FF000000FF000000FF000000FF000000FF000000FF000000FF000000FF000000FF000000FF000000FF000000FF000000FF000000FF000000FF000000FF000000FF000000FF000000FF000000FF000000FF000000FF000000FF000000FF000000FF000000FF000000FF000000FF000000FF000000FF000000FF000000FF000000FF000000FF000000FF000000FF000000FF000000FF000000FF000000FF000000FF000000FF000000FF000000FF000000FF000000FF000000FF000000FF000000FF000000FF000000FF000000FF000000FF000000FF000000FF000000FF000000FF000000FF000000FF000000FF000000FF000000FF000000FF000000FF000000FF000000FF000000FF000000FF000000FF000000FF000000FF000000FF000000FF000000FF000000FF000000FF000000FF000000FF000000FF000000FF000000FF000000FF000000FF000000FF000000FF000000FF000000FF000000FF000000FF000000FF000000FF000000FF000000FF000000FF000000FF000000FF000000FF000000FF000000FF000000FF000000FF000000FF000000FF000000FF000000FF000000FF000000FF000000FF000000FF000000FF000000FF000000FF000000FF000000FF000000FF000000FF000000FF000000FF000000FF000000FF000000FF000000FF000000FF000000FF000000FF000000FF000000FF000000FF000000FF000000FF000000FF000000FF000000FF000000FF000000FF000000FF000000FF000000FF000000FF000000FF000000FF000000FF000000FF000000FF000000FF000000FF000000FF000000FF000000FF000000FF000000FF000000FF000000FF000000FF000000FF000000FF000000FF000000FF000000FF000000FF000000FF000000FF000000FF000000FF000000FF000000FF000000FF000000FF000000FF000000FF000000FF000000FF000000FF000000FF000000FF000000FF000000FF000000FF000000FF000000FF000000FF000000FF000000FF000000FF000000FF000000FF000000FF000000FF000000FF000000FF000000FF000000FF000000FF000000FF000000FF2BFD99FF2BFD99FF000000FF000000FF000000FF000000FF000000FF000000FF000000FF000000FF000000FF000000FF000000FF000000FF000000FF000000FF2BFD99FF2BFD99FF000000FF000000FF000000FF000000FF000000FF000000FF000000FF000000FF000000FF000000FF000000FF000000FF000000FF000000FF000000FF000000FF000000FF000000FF000000FF000000FF000000FF000000FF000000FF000000FF000000FF000000FF000000FF000000FF000000FF000000FF000000FF000000FF000000FF000000FF000000FF000000FF000000FF000000FF000000FF000000FF000000FF000000FF000000FF000000FF000000FF000000FF000000FF000000FF000000FF000000FF000000FF000000FF000000FF000000FF000000FF000000FF000000FF000000FF000000FF000000FF000000FF000000FF000000FF000000FF000000FF000000FF000000FF000000FF000000FF000000FF000000FF000000FF000000FF000000FF000000FF000000FF000000FF000000FF000000FF000000FF000000FF000000FF000000FF000000FF000000FF000000FF000000FF000000FF000000FF000000FF000000FF000000FF000000FF000000FF000000FF000000FF000000FF000000FF000000FF000000FF000000FF000000FF000000FF000000FF000000FF000000FF000000FF000000FF000000FF000000FF000000FF000000FF000000FF000000FF000000FF000000FF000000FF000000FF000000FF000000FF000000FF000000FF000000FF000000FF000000FF000000FF000000FF000000FF000000FF000000FF000000FF000000FF000000FF000000FF000000FF000000FF000000FF000000FF000000FF000000FF000000FF000000FF000000FF000000FF000000FF000000FF000000FF000000FF000000FF000000FF000000FF000000FF000000FF000000FF000000FF000000FF000000FF000000FF000000FF000000FF000000FF000000FF000000FF000000FF000000FF000000FF000000FF000000FF000000FF000000FF000000FF000000FF000000FF000000FF000000FF000000FF000000FF000000FF000000FF000000FF000000FF000000FF000000FF000000FF000000FF000000FF000000FF000000FF000000FF000000FF000000FF000000FF000000FF000000FF000000FF000000FF000000FF000000FF000000FF000000FF000000FF000000FF000000FF000000FF000000FF000000FF000000FF000000FF000000FF000000FF000000FF000000FF000000FF000000FF000000FF000000FF000000FF000000FF000000FF000000FF000000FF000000FF000000FF000000FF000000FF000000FF000000FF000000FF000000FF000000FF000000FF000000FF000000FF000000FF000000FF000000FF000000FF000000FF000000FF000000FF000000FF000000FF000000FF000000FF000000FF000000FF000000FF000000FF000000FF000000FF000000FF000000FF000000FF000000FF000000FF000000FF000000FF000000FF000000FF000000FF000000FF000000FF000000FF000000FF000000FF000000FF000000FF000000FF000000FF000000FF000000FF000000FF000000FF000000FF000000FF000000FF000000FF000000FF000000FF000000FF000000FF000000FF000000FF000000FF000000FF000000FF000000FF000000FF000000FF000000FF000000FF000000FF000000FF000000FF000000FF000000FF000000FF000000FF000000FF000000FF000000FF000000FF000000FF000000FF000000FF000000FF000000FF000000FF000000FF000000FF000000FF000000FF000000FF000000FF000000FF000000FF000000FF000000FF000000FF000000FF000000FF000000FF000000FF000000FF000000FF000000FF000000FF000000FF000000FF000000FF000000FF000000FF000000FF000000FF000000FF000000FF000000FF000000FF000000FF000000FF000000FF000000FF000000FF000000FF000000FF000000FF000000FF000000FF000000FF000000FF000000FF000000FF000000FF000000FF000000FF000000FF000000FF000000FF000000FF000000FF000000FF000000FF000000FF000000FF000000FF000000FF000000FF000000FF000000FF000000FF000000FF000000FF000000FF000000FF000000FF000000FF000000FF000000FF000000FF000000FF000000FF000000FF000000FF000000FF000000FF000000FF000000FF000000FF000000FF000000FF000000FF000000FF000000FF000000FF000000FF000000FF000000FF000000FF000000FF000000FF000000FF000000FF000000FF000000FF000000FF000000FF000000FF000000FF000000FF000000FF000000FF000000FF000000FF000000FF000000FF000000FF000000FF000000FF000000FF000000FF000000FF000000FF000000FF000000FF000000FF000000FF000000FF000000FF000000FF000000FF000000FF000000FF000000FF000000FF000000FF000000FF000000FF000000FF000000FF000000FF000000FF000000FF000000FF000000FF000000FF000000FF000000FF000000FF000000FF000000FF000000FF000000FF000000FF000000FF000000FF000000FF000000FF000000FF000000FF000000FF000000FF000000FF000000FF000000FF000000FF000000FF000000FF000000FF000000FF000000FF000000FF000000FF000000FF000000FF000000FF000000FF000000FF000000FF000000FF000000FF000000FF000000FF000000FF000000FF000000FF000000FF000000FF000000FF000000FF000000FF000000FF000000FF000000FF000000FF000000FF000000FF000000FF000000FF000000FF000000FF000000FF000000FF000000FF000000FF000000FF000000FF000000FF000000FF000000FF000000FF000000FF000000FF000000FF000000FF000000FF000000FF000000FF000000FF000000FF000000FF000000FF000000FF000000FF000000FF000000FF000000FF000000FF000000FF000000FF000000FF000000FF000000FF000000FF000000FF000000FF000000FF000000FF000000FF000000FF000000FF000000FF000000FF2BFD99FF2BFD99FF000000FF000000FF000000FF000000FF000000FF000000FF000000FF000000FF000000FF000000FF000000FF000000FF000000FF000000FF2BFD99FF2BFD99FF000000FF000000FF000000FF000000FF000000FF000000FF000000FF000000FF000000FF000000FF000000FF000000FF000000FF000000FF000000FF000000FF000000FF000000FF000000FF000000FF000000FF000000FF000000FF000000FF000000FF000000FF000000FF000000FF000000FF000000FF000000FF000000FF000000FF000000FF000000FF000000FF000000FF000000FF000000FF000000FF000000FF000000FF000000FF000000FF000000FF000000FF000000FF000000FF000000FF000000FF000000FF000000FF000000FF000000FF000000FF000000FF000000FF000000FF000000FF000000FF000000FF000000FF000000FF000000FF000000FF000000FF000000FF000000FF000000FF000000FF000000FF000000FF000000FF000000FF000000FF000000FF000000FF000000FF000000FF000000FF000000FF000000FF000000FF000000FF000000FF000000FF000000FF000000FF000000FF000000FF000000FF000000FF000000FF000000FF000000FF000000FF000000FF000000FF000000FF000000FF000000FF000000FF000000FF000000FF000000FF000000FF000000FF000000FF000000FF000000FF000000FF000000FF000000FF000000FF000000FF000000FF000000FF000000FF000000FF000000FF000000FF000000FF000000FF000000FF000000FF000000FF000000FF000000FF000000FF000000FF000000FF000000FF000000FF000000FF000000FF000000FF000000FF000000FF000000FF000000FF000000FF000000FF000000FF000000FF000000FF000000FF000000FF000000FF000000FF000000FF000000FF000000FF000000FF000000FF000000FF000000FF000000FF000000FF000000FF000000FF000000FF000000FF000000FF000000FF000000FF000000FF000000FF000000FF000000FF000000FF000000FF000000FF000000FF000000FF000000FF000000FF000000FF000000FF000000FF000000FF000000FF000000FF000000FF000000FF000000FF000000FF000000FF000000FF000000FF000000FF000000FF000000FF000000FF000000FF000000FF000000FF000000FF000000FF000000FF000000FF000000FF000000FF000000FF000000FF000000FF000000FF000000FF000000FF000000FF000000FF000000FF000000FF000000FF000000FF000000FF000000FF000000FF000000FF000000FF000000FF000000FF000000FF000000FF000000FF000000FF000000FF000000FF000000FF000000FF000000FF000000FF000000FF000000FF000000FF000000FF000000FF000000FF000000FF000000FF000000FF000000FF000000FF000000FF000000FF000000FF000000FF000000FF000000FF000000FF000000FF000000FF000000FF000000FF000000FF000000FF000000FF000000FF000000FF000000FF000000FF000000FF000000FF000000FF000000FF000000FF000000FF000000FF000000FF000000FF000000FF000000FF000000FF000000FF000000FF000000FF000000FF000000FF000000FF000000FF000000FF000000FF000000FF000000FF000000FF000000FF000000FF000000FF000000FF000000FF000000FF000000FF000000FF000000FF000000FF000000FF000000FF000000FF000000FF000000FF000000FF000000FF000000FF000000FF000000FF000000FF000000FF000000FF000000FF000000FF000000FF000000FF000000FF000000FF000000FF000000FF000000FF000000FF000000FF000000FF000000FF000000FF000000FF000000FF000000FF000000FF000000FF000000FF000000FF000000FF000000FF000000FF000000FF000000FF000000FF000000FF000000FF000000FF000000FF000000FF000000FF000000FF000000FF000000FF000000FF000000FF000000FF000000FF000000FF000000FF000000FF000000FF000000FF000000FF000000FF000000FF000000FF000000FF000000FF000000FF000000FF000000FF000000FF000000FF000000FF000000FF000000FF000000FF000000FF000000FF000000FF000000FF000000FF000000FF000000FF000000FF000000FF000000FF000000FF000000FF000000FF000000FF000000FF000000FF000000FF000000FF000000FF000000FF000000FF000000FF000000FF000000FF000000FF000000FF000000FF000000FF000000FF000000FF000000FF000000FF000000FF000000FF000000FF000000FF000000FF000000FF000000FF000000FF000000FF000000FF000000FF000000FF000000FF000000FF000000FF000000FF000000FF000000FF000000FF000000FF000000FF000000FF000000FF000000FF000000FF000000FF000000FF000000FF000000FF000000FF000000FF000000FF000000FF000000FF000000FF000000FF000000FF000000FF000000FF000000FF000000FF000000FF000000FF000000FF000000FF000000FF000000FF000000FF000000FF000000FF000000FF000000FF000000FF000000FF000000FF000000FF000000FF000000FF000000FF000000FF000000FF000000FF000000FF000000FF000000FF000000FF000000FF000000FF000000FF000000FF000000FF000000FF000000FF000000FF000000FF000000FF000000FF000000FF000000FF000000FF000000FF000000FF000000FF000000FF000000FF000000FF000000FF000000FF000000FF000000FF000000FF000000FF000000FF000000FF000000FF000000FF000000FF000000FF000000FF000000FF000000FF000000FF000000FF000000FF000000FF000000FF000000FF000000FF000000FF000000FF000000FF000000FF000000FF000000FF000000FF000000FF000000FF000000FF000000FF000000FF000000FF000000FF000000FF000000FF000000FF000000FF000000FF000000FF000000FF000000FF000000FF000000FF000000FF000000FF000000FF000000FF000000FF000000FF000000FF000000FF000000FF000000FF000000FF000000FF000000FF000000FF000000FF000000FF000000FF000000FF000000FF000000FF000000FF000000FF000000FF000000FF000000FF000000FF000000FF000000FF000000FF000000FF000000FF000000FF000000FF000000FF000000FF000000FF000000FF000000FF000000FF000000FF000000FF000000FF000000FF000000FF000000FF000000FF000000FF000000FF000000FF000000FF000000FF000000FF000000FF000000FF000000FF000000FF000000FF000000FF000000FF000000FF000000FF000000FF000000FF000000FF000000FF000000FF000000FF000000FF000000FF000000FF000000FF000000FF000000FF000000FF000000FF000000FF000000FF000000FF000000FF000000FF000000FF000000FF000000FF000000FF000000FF000000FF000000FF000000FF000000FF000000FF000000FF000000FF000000FF000000FF000000FF000000FF000000FF000000FF000000FF000000FF000000FF000000FF000000FF000000FF000000FF000000FF000000FF000000FF000000FF000000FF000000FF000000FF000000FF000000FF000000FF000000FF000000FF000000FF000000FF000000FF000000FF000000FF000000FF000000FF000000FF000000FF000000FF000000FF000000FF000000FF000000FF000000FF000000FF000000FF000000FF000000FF000000FF000000FF000000FF000000FF000000FF000000FF000000FF000000FF000000FF000000FF000000FF000000FF000000FF000000FF000000FF000000FF000000FF000000FF000000FF000000FF000000FF000000FF000000FF000000FF000000FF000000FF000000FF000000FF000000FF000000FF000000FF000000FF000000FF000000FF000000FF000000FF000000FF000000FF000000FF000000FF000000FF000000FF000000FF000000FF000000FF000000FF000000FF000000FF000000FF000000FF000000FF000000FF000000FF000000FF000000FF000000FF000000FF000000FF000000FF000000FF000000FF000000FF000000FF000000FF000000FF000000FF000000FF000000FF000000FF000000FF000000FF000000FF000000FF000000FF000000FF000000FF000000FF000000FF000000FF000000FF000000FF000000FF000000FF000000FF000000FF000000FF000000FF000000FF000000FF000000FF000000FF000000FF000000FF000000FF000000FF000000FF000000FF000000FF000000FF000000FF000000FF000000FF000000FF000000FF000000FF000000FF000000FF000000FF000000FF000000FF000000FF000000FF000000FF000000FF000000FF000000FF000000FF000000FF000000FF000000FF000000FF000000FF000000FF000000FF000000FF000000FF000000FF000000FF000000FF000000FF000000FF000000FF000000FF000000FF000000FF000000FF000000FF000000FF000000FF000000FF000000FF000000FF000000FF000000FF000000FF000000FF000000FF000000FF000000FF000000FF000000FF000000FF000000FF000000FF000000FF000000FF000000FF000000FF000000FF000000FF000000FF000000FF000000FF000000FF000000FF000000FF000000FF000000FF000000FF000000FF000000FF000000FF000000FF000000FF000000FF000000FF000000FF000000FF000000FF000000FF000000FF000000FF000000FF000000FF000000FF000000FF000000FF000000FF000000FF000000FF000000FF000000FF000000FF000000FF000000FF000000FF000000FF000000FF000000FF000000FF000000FF000000FF000000FF000000FF000000FF000000FF000000FF000000FF000000FF000000FF000000FF000000FF000000FF000000FF000000FF000000FF000000FF000000FF000000FF000000FF000000FF000000FF000000FF000000FF000000FF000000FF000000FF000000FF000000FF000000FF000000FF000000FF000000FF000000FF000000FF000000FF000000FF000000FF000000FF000000FF000000FF000000FF000000FF000000FF000000FF000000FF000000FF000000FF000000FF000000FF000000FF000000FF000000FF000000FF000000FF000000FF000000FF000000FF000000FF000000FF000000FF000000FF000000FF000000FF000000FF000000FF000000FF000000FF000000FF000000FF000000FF000000FF000000FF000000FF000000FF000000FF000000FF000000FF000000FF000000FF000000FF000000FF000000FF000000FF000000FF000000FF000000FF000000FF000000FF000000FF000000FF000000FF000000FF000000FF000000FF000000FF000000FF000000FF000000FF000000FF000000FF000000FF000000FF000000FF000000FF000000FF000000FF000000FF000000FF000000FF000000FF000000FF000000FF000000FF000000FF000000FF000000FF000000FF000000FF000000FF000000FF000000FF000000FF000000FF000000FF000000FF000000FF000000FF000000FF000000FF000000FF000000FF000000FF000000FF000000FF000000FF000000FF000000FF000000FF000000FF000000FF000000FF000000FF000000FF000000FF000000FF000000FF000000FF000000FF000000FF000000FF000000FF000000FF000000FF000000FF000000FF000000FF000000FF000000FF000000FF000000FF000000FF000000FF000000FF000000FF000000FF000000FF000000FF000000FF000000FF000000FF000000FF000000FF000000FF000000FF000000FF000000FF000000FF000000FF000000FF000000FF000000FF000000FF000000FF000000FF000000FF000000FF000000FF000000FF000000FF000000FF000000FF000000FF000000FF000000FF000000FF000000FF000000FF000000FF000000FF000000FF000000FF000000FF000000FF000000FF000000FF000000FF000000FF000000FF000000FF000000FF000000FF000000FF000000FF000000FF000000FF000000FF000000FF000000FF000000FF000000FF000000FF000000FF000000FF000000FF000000FF000000FF000000FF000000FF000000FF000000FF000000FF000000FF000000FF000000FF000000FF000000FF000000FF000000FF000000FF000000FF000000FF000000FF000000FF000000FF000000FF000000FF000000FF000000FF000000FF000000FF000000FF000000FF000000FF000000FF000000FF000000FF000000FF000000FF000000FF000000FF000000FF000000FF000000FF000000FF000000FF000000FF000000FF000000FF000000FF000000FF000000FF000000FF000000FF000000FF000000FF000000FF000000FF000000FF000000FF000000FF000000FF000000FF000000FF000000FF000000FF000000FF000000FF000000FF000000FF000000FF000000FF000000FF000000FF000000FF000000FF000000FF000000FF000000FF000000FF000000FF000000FF000000FF000000FF000000FF000000FF000000FF000000FF000000FF000000FF000000FF000000FF000000FF000000FF000000FF000000FF000000FF000000FF000000FF000000FF000000FF000000FF000000FF000000FF000000FF000000FF000000FF000000FF000000FF000000FF000000FF000000FF000000FF000000FF000000FF000000FF000000FF000000FF000000FF000000FF000000FF000000FF000000FF000000FF000000FF000000FF000000FF000000FF000000FF000000FF000000FF000000FF000000FF000000FF000000FF000000FF000000FF000000FF000000FF000000FF000000FF000000FF000000FF000000FF000000FF000000FF000000FF000000FF000000FF000000FF000000FF000000FF000000FF000000FF000000FF000000FF000000FF000000FF000000FF000000FF000000FF000000FF000000FF000000FF000000FF000000FF000000FF000000FF000000FF000000FF000000FF000000FF000000FF000000FF000000FF000000FF000000FF000000FF000000FF000000FF000000FF000000FF000000FF000000FF000000FF000000FF000000FF000000FF000000FF000000FF000000FF000000FF000000FF000000FF000000FF000000FF000000FF000000FF000000FF000000FF000000FF000000FF000000FF000000FF000000FF000000FF000000FF000000FF000000FF000000FF000000FF000000FF000000FF000000FF000000FF000000FF000000FF000000FF000000FF000000FF000000FF000000FF000000FF000000FF000000FF000000FF000000FF000000FF000000FF000000FF000000FF000000FF000000FF000000FF000000FF000000FF000000FF000000FF000000FF000000FF000000FF000000FF000000FF000000FF000000FF000000FF000000FF000000FF000000FF000000FF000000FF000000FF000000FF000000FF000000FF000000FF000000FF000000FF000000FF000000FF000000FF000000FF000000FF000000FF000000FF000000FF000000FF000000FF000000FF000000FF000000FF000000FF000000FF000000FF000000FF000000FF000000FF000000FF000000FF000000FF000000FF000000FF000000FF000000FF000000FF000000FF000000FF000000FF000000FF000000FF000000FF000000FF000000FF000000FF000000FF000000FF000000FF000000FF000000FF000000FF000000FF000000FF000000FF000000FF000000FF000000FF000000FF000000FF000000FF000000FF000000FF000000FF000000FF000000FF000000FF000000FF000000FF000000FF000000FF000000FF000000FF000000FF000000FF000000FF000000FF000000FF000000FF000000FF000000FF000000FF000000FF000000FF000000FF000000FF000000FF000000FF000000FF000000FF000000FF000000FF000000FF000000FF000000FF000000FF000000FF000000FF000000FF000000FF000000FF000000FF000000FF000000FF000000FF000000FF000000FF000000FF000000FF000000FF000000FF000000FF000000FF000000FF000000FF000000FF000000FF000000FF000000FF000000FF000000FF000000FF000000FF000000FF000000FF000000FF000000FF000000FF000000FF000000FF000000FF000000FF000000FF000000FF000000FF000000FF000000FF000000FF000000FF000000FF000000FF000000FF000000FF000000FF000000FF000000FF000000FF000000FF000000FF000000FF000000FF000000FF000000FF000000FF000000FF000000FF000000FF000000FF000000FF000000FF000000FF000000FF000000FF000000FF000000FF000000FF000000FF000000FF000000FF000000FF000000FF000000FF000000FF000000FF000000FF000000FF000000FF000000FF000000FF000000FF000000FF000000FF000000FF000000FF000000FF000000FF000000FF000000FF000000FF000000FF000000FF000000FF000000FF000000FF000000FF000000FF000000FF000000FF000000FF000000FF000000FF000000FF000000FF000000FF000000FF000000FF000000FF000000FF000000FF000000FF000000FF000000FF000000FF000000FF000000FF000000FF000000FF000000FF000000FF000000FF000000FF000000FF000000FF000000FF000000FF000000FF000000FF000000FF000000FF000000FF000000FF000000FF000000FF000000FF000000FF000000FF000000FF000000FF000000FF000000FF000000FF000000FF000000FF000000FF000000FF000000FF000000FF000000FF000000FF000000FF000000FF000000FF000000FF000000FF000000FF000000FF000000FF000000FF000000FF000000FF000000FF000000FF000000FF000000FF000000FF000000FF000000FF000000FF000000FF000000FF000000FF000000FF000000FF000000FF000000FF000000FF000000FF000000FF000000FF000000FF000000FF000000FF000000FF000000FF000000FF000000FF000000FF000000FF000000FF000000FF000000FF000000FF000000FF000000FF000000FF000000FF000000FF000000FF000000FF000000FF000000FF000000FF000000FF000000FF000000FF000000FF000000FF000000FF000000FF000000FF000000FF000000FF000000FF000000FF000000FF000000FF000000FF000000FF000000FF000000FF000000FF000000FF000000FF000000FF000000FF000000FF000000FF2BFD99FF2BFD99FF2BFD99FF2BFD99FF2BFD99FF2BFD99FF000000FF000000FF000000FF000000FF000000FF000000FF000000FF000000FF2BFD99FF2BFD99FF2BFD99FF2BFD99FF2BFD99FF2BFD99FF000000FF000000FF000000FF000000FF000000FF000000FF2BFD99FF2BFD99FF000000FF000000FF000000FF000000FF000000FF000000FF2BFD99FF2BFD99FF000000FF000000FF000000FF000000FF2BFD99FF2BFD99FF000000FF000000FF000000FF000000FF000000FF000000FF2BFD99FF2BFD99FF000000FF000000FF000000FF000000FF000000FF000000FF000000FF000000FF2BFD99FF2BFD99FF000000FF000000FF000000FF000000FF000000FF000000FF000000FF000000FF2BFD99FF2BFD99FF000000FF000000FF000000FF000000FF000000FF000000FF2BFD99FF2BFD99FF000000FF000000FF000000FF000000FF2BFD99FF2BFD99FF2BFD99FF2BFD99FF2BFD99FF2BFD99FF2BFD99FF2BFD99FF000000FF000000FF000000FF000000FF000000FF000000FF000000FF000000FF2BFD99FF2BFD99FF2BFD99FF2BFD99FF2BFD99FF2BFD99FF000000FF000000FF000000FF000000FF000000FF000000FF000000FF000000FF000000FF000000FF000000FF000000FF000000FF000000FF000000FF000000FF000000FF000000FF000000FF000000FF000000FF000000FF000000FF000000FF000000FF000000FF000000FF000000FF000000FF000000FF000000FF000000FF000000FF000000FF000000FF000000FF000000FF000000FF000000FF000000FF000000FF000000FF000000FF000000FF000000FF000000FF000000FF000000FF000000FF000000FF000000FF000000FF000000FF000000FF000000FF000000FF000000FF000000FF000000FF000000FF000000FF000000FF000000FF000000FF000000FF000000FF000000FF000000FF000000FF000000FF000000FF000000FF000000FF000000FF000000FF000000FF000000FF000000FF000000FF000000FF000000FF000000FF000000FF000000FF000000FF000000FF000000FF000000FF000000FF000000FF000000FF000000FF000000FF000000FF000000FF000000FF000000FF000000FF000000FF000000FF000000FF000000FF000000FF000000FF000000FF000000FF000000FF000000FF000000FF000000FF000000FF000000FF000000FF000000FF000000FF000000FF000000FF000000FF000000FF000000FF000000FF000000FF000000FF000000FF000000FF000000FF000000FF000000FF000000FF000000FF000000FF000000FF000000FF000000FF000000FF000000FF000000FF000000FF000000FF000000FF000000FF000000FF000000FF000000FF000000FF000000FF000000FF000000FF000000FF000000FF000000FF000000FF000000FF000000FF000000FF000000FF000000FF000000FF000000FF000000FF000000FF000000FF000000FF000000FF000000FF000000FF000000FF000000FF000000FF000000FF000000FF000000FF000000FF000000FF000000FF000000FF000000FF000000FF000000FF000000FF000000FF000000FF000000FF000000FF000000FF000000FF000000FF000000FF000000FF000000FF000000FF000000FF000000FF000000FF000000FF000000FF000000FF000000FF000000FF000000FF000000FF000000FF000000FF000000FF000000FF000000FF000000FF000000FF000000FF000000FF000000FF000000FF000000FF000000FF000000FF000000FF000000FF000000FF000000FF000000FF000000FF000000FF000000FF000000FF000000FF000000FF000000FF000000FF000000FF000000FF000000FF000000FF000000FF000000FF000000FF000000FF000000FF000000FF000000FF000000FF000000FF000000FF000000FF000000FF000000FF000000FF000000FF000000FF000000FF000000FF000000FF000000FF000000FF000000FF000000FF000000FF000000FF000000FF000000FF000000FF000000FF000000FF000000FF000000FF000000FF000000FF000000FF000000FF000000FF000000FF000000FF000000FF000000FF000000FF000000FF000000FF000000FF000000FF000000FF000000FF000000FF000000FF000000FF000000FF000000FF000000FF000000FF000000FF000000FF000000FF000000FF000000FF000000FF000000FF000000FF000000FF000000FF000000FF000000FF000000FF000000FF000000FF000000FF000000FF000000FF000000FF000000FF000000FF000000FF000000FF000000FF000000FF000000FF000000FF000000FF000000FF000000FF000000FF000000FF000000FF000000FF000000FF000000FF000000FF000000FF000000FF000000FF000000FF000000FF000000FF000000FF000000FF000000FF000000FF000000FF000000FF000000FF000000FF000000FF000000FF000000FF000000FF000000FF000000FF000000FF000000FF000000FF000000FF000000FF000000FF000000FF000000FF000000FF000000FF000000FF000000FF000000FF000000FF000000FF000000FF000000FF000000FF000000FF000000FF000000FF000000FF000000FF000000FF000000FF000000FF000000FF000000FF000000FF000000FF000000FF000000FF000000FF000000FF000000FF000000FF000000FF000000FF000000FF000000FF000000FF000000FF000000FF000000FF000000FF000000FF000000FF000000FF000000FF000000FF000000FF000000FF000000FF000000FF000000FF000000FF000000FF000000FF000000FF000000FF000000FF000000FF000000FF000000FF000000FF000000FF000000FF000000FF000000FF000000FF000000FF000000FF000000FF000000FF000000FF000000FF000000FF000000FF000000FF000000FF000000FF000000FF000000FF000000FF000000FF000000FF000000FF000000FF000000FF000000FF000000FF000000FF000000FF000000FF000000FF000000FF000000FF000000FF000000FF000000FF000000FF000000FF000000FF000000FF000000FF000000FF000000FF000000FF000000FF000000FF000000FF000000FF2BFD99FF2BFD99FF2BFD99FF2BFD99FF2BFD99FF2BFD99FF000000FF000000FF000000FF000000FF000000FF000000FF000000FF000000FF2BFD99FF2BFD99FF2BFD99FF2BFD99FF2BFD99FF2BFD99FF000000FF000000FF000000FF000000FF000000FF000000FF2BFD99FF2BFD99FF000000FF000000FF000000FF000000FF000000FF000000FF2BFD99FF2BFD99FF000000FF000000FF000000FF000000FF2BFD99FF2BFD99FF000000FF000000FF000000FF000000FF000000FF000000FF2BFD99FF2BFD99FF000000FF000000FF000000FF000000FF000000FF000000FF000000FF000000FF2BFD99FF2BFD99FF000000FF000000FF000000FF000000FF000000FF000000FF000000FF000000FF2BFD99FF2BFD99FF000000FF000000FF000000FF000000FF000000FF000000FF2BFD99FF2BFD99FF000000FF000000FF000000FF000000FF2BFD99FF2BFD99FF2BFD99FF2BFD99FF2BFD99FF2BFD99FF2BFD99FF2BFD99FF000000FF000000FF000000FF000000FF000000FF000000FF000000FF000000FF2BFD99FF2BFD99FF2BFD99FF2BFD99FF2BFD99FF2BFD99FF000000FF000000FF000000FF000000FF000000FF000000FF000000FF000000FF000000FF000000FF000000FF000000FF000000FF000000FF000000FF000000FF000000FF000000FF000000FF000000FF000000FF000000FF000000FF000000FF000000FF000000FF000000FF000000FF000000FF000000FF000000FF000000FF000000FF000000FF000000FF000000FF000000FF000000FF000000FF000000FF000000FF000000FF000000FF000000FF000000FF000000FF000000FF000000FF000000FF000000FF000000FF000000FF000000FF000000FF000000FF000000FF000000FF000000FF000000FF000000FF000000FF000000FF000000FF000000FF000000FF000000FF000000FF000000FF000000FF000000FF000000FF000000FF000000FF000000FF000000FF000000FF000000FF000000FF000000FF000000FF000000FF000000FF000000FF000000FF000000FF000000FF000000FF000000FF000000FF000000FF000000FF000000FF000000FF000000FF000000FF000000FF000000FF000000FF000000FF000000FF000000FF000000FF000000FF000000FF000000FF000000FF000000FF000000FF000000FF000000FF000000FF000000FF000000FF000000FF000000FF000000FF000000FF000000FF000000FF000000FF000000FF000000FF000000FF000000FF000000FF000000FF000000FF000000FF000000FF000000FF000000FF000000FF000000FF000000FF000000FF000000FF000000FF000000FF000000FF000000FF000000FF000000FF000000FF000000FF000000FF000000FF000000FF000000FF000000FF000000FF000000FF000000FF000000FF000000FF000000FF000000FF000000FF000000FF000000FF000000FF000000FF000000FF000000FF000000FF000000FF000000FF000000FF000000FF000000FF000000FF000000FF000000FF000000FF000000FF000000FF000000FF000000FF000000FF000000FF000000FF000000FF000000FF000000FF000000FF000000FF000000FF000000FF000000FF000000FF000000FF000000FF000000FF000000FF000000FF000000FF000000FF000000FF000000FF000000FF000000FF000000FF000000FF000000FF000000FF000000FF000000FF000000FF000000FF000000FF000000FF000000FF000000FF000000FF000000FF000000FF000000FF000000FF000000FF000000FF000000FF000000FF000000FF000000FF000000FF000000FF000000FF000000FF000000FF000000FF000000FF000000FF000000FF000000FF000000FF000000FF000000FF000000FF000000FF000000FF000000FF000000FF000000FF000000FF000000FF000000FF000000FF000000FF000000FF000000FF000000FF000000FF000000FF000000FF000000FF000000FF000000FF000000FF000000FF000000FF000000FF000000FF000000FF000000FF000000FF000000FF000000FF000000FF000000FF000000FF000000FF000000FF000000FF000000FF000000FF000000FF000000FF000000FF000000FF000000FF000000FF000000FF000000FF000000FF000000FF000000FF000000FF000000FF000000FF000000FF000000FF000000FF000000FF000000FF000000FF000000FF000000FF000000FF000000FF000000FF000000FF000000FF000000FF000000FF000000FF000000FF000000FF000000FF000000FF000000FF000000FF000000FF000000FF000000FF000000FF000000FF000000FF000000FF000000FF000000FF000000FF000000FF000000FF000000FF000000FF000000FF000000FF000000FF000000FF000000FF000000FF000000FF000000FF000000FF000000FF000000FF000000FF000000FF000000FF000000FF000000FF000000FF000000FF000000FF000000FF000000FF000000FF000000FF000000FF000000FF000000FF000000FF000000FF000000FF000000FF000000FF000000FF000000FF000000FF000000FF000000FF000000FF000000FF000000FF000000FF000000FF000000FF000000FF000000FF000000FF000000FF000000FF000000FF000000FF000000FF000000FF000000FF000000FF000000FF000000FF000000FF000000FF000000FF000000FF000000FF000000FF000000FF000000FF000000FF000000FF000000FF000000FF000000FF000000FF000000FF000000FF000000FF000000FF000000FF000000FF000000FF000000FF000000FF000000FF000000FF000000FF000000FF000000FF000000FF000000FF000000FF000000FF000000FF000000FF000000FF000000FF000000FF000000FF000000FF000000FF000000FF000000FF000000FF000000FF000000FF000000FF000000FF000000FF000000FF000000FF000000FF000000FF000000FF000000FF000000FF000000FF000000FF000000FF000000FF000000FF000000FF000000FF000000FF000000FF000000FF000000FF000000FF000000FF000000FF000000FF000000FF000000FF000000FF000000FF000000FF2BFD99FF2BFD99FF000000FF000000FF000000FF000000FF000000FF000000FF2BFD99FF2BFD99FF000000FF000000FF000000FF000000FF2BFD99FF2BFD99FF000000FF000000FF000000FF000000FF000000FF000000FF2BFD99FF2BFD99FF000000FF000000FF000000FF000000FF2BFD99FF2BFD99FF2BFD99FF2BFD99FF000000FF000000FF2BFD99FF2BFD99FF2BFD99FF2BFD99FF000000FF000000FF000000FF000000FF2BFD99FF2BFD99FF2BFD99FF2BFD99FF000000FF000000FF2BFD99FF2BFD99FF2BFD99FF2BFD99FF000000FF000000FF000000FF000000FF000000FF000000FF2BFD99FF2BFD99FF000000FF000000FF2BFD99FF2BFD99FF000000FF000000FF000000FF000000FF000000FF000000FF2BFD99FF2BFD99FF000000FF000000FF000000FF000000FF000000FF000000FF2BFD99FF2BFD99FF000000FF000000FF000000FF000000FF2BFD99FF2BFD99FF000000FF000000FF000000FF000000FF000000FF000000FF2BFD99FF2BFD99FF000000FF000000FF000000FF000000FF2BFD99FF2BFD99FF000000FF000000FF000000FF000000FF000000FF000000FF2BFD99FF2BFD99FF000000FF000000FF000000FF000000FF000000FF000000FF000000FF000000FF000000FF000000FF000000FF000000FF000000FF000000FF000000FF000000FF000000FF000000FF000000FF000000FF000000FF000000FF000000FF000000FF000000FF000000FF000000FF000000FF000000FF000000FF000000FF000000FF000000FF000000FF000000FF000000FF000000FF000000FF000000FF000000FF000000FF000000FF000000FF000000FF000000FF000000FF000000FF000000FF000000FF000000FF000000FF000000FF000000FF000000FF000000FF000000FF000000FF000000FF000000FF000000FF000000FF000000FF000000FF000000FF000000FF000000FF000000FF000000FF000000FF000000FF000000FF000000FF000000FF000000FF000000FF000000FF000000FF000000FF000000FF000000FF000000FF000000FF000000FF000000FF000000FF000000FF000000FF000000FF000000FF000000FF000000FF000000FF000000FF000000FF000000FF000000FF000000FF000000FF000000FF000000FF000000FF000000FF000000FF000000FF000000FF000000FF000000FF000000FF000000FF000000FF000000FF000000FF000000FF000000FF000000FF000000FF000000FF000000FF000000FF000000FF000000FF000000FF000000FF000000FF000000FF000000FF000000FF000000FF000000FF000000FF000000FF000000FF000000FF000000FF000000FF000000FF000000FF000000FF000000FF000000FF000000FF000000FF000000FF000000FF000000FF000000FF000000FF000000FF000000FF000000FF000000FF000000FF000000FF000000FF000000FF000000FF000000FF000000FF000000FF000000FF000000FF000000FF000000FF000000FF000000FF000000FF000000FF000000FF000000FF000000FF000000FF000000FF000000FF000000FF000000FF000000FF000000FF000000FF000000FF000000FF000000FF000000FF000000FF000000FF000000FF000000FF000000FF000000FF000000FF000000FF000000FF000000FF000000FF000000FF000000FF000000FF000000FF000000FF000000FF000000FF000000FF000000FF000000FF000000FF000000FF000000FF000000FF000000FF000000FF000000FF000000FF000000FF000000FF000000FF000000FF000000FF000000FF000000FF000000FF000000FF000000FF000000FF000000FF000000FF000000FF000000FF000000FF000000FF000000FF000000FF000000FF000000FF000000FF000000FF000000FF000000FF000000FF000000FF000000FF000000FF000000FF000000FF000000FF000000FF000000FF000000FF000000FF000000FF000000FF000000FF000000FF000000FF000000FF000000FF000000FF000000FF000000FF000000FF000000FF000000FF000000FF000000FF000000FF000000FF000000FF000000FF000000FF000000FF000000FF000000FF000000FF000000FF000000FF000000FF000000FF000000FF000000FF000000FF000000FF000000FF000000FF000000FF000000FF000000FF000000FF000000FF000000FF000000FF000000FF000000FF000000FF000000FF000000FF000000FF000000FF000000FF000000FF000000FF000000FF000000FF000000FF000000FF000000FF000000FF000000FF000000FF000000FF000000FF000000FF000000FF000000FF000000FF000000FF000000FF000000FF000000FF000000FF000000FF000000FF000000FF000000FF000000FF000000FF000000FF000000FF000000FF000000FF000000FF000000FF000000FF000000FF000000FF000000FF000000FF000000FF000000FF000000FF000000FF000000FF000000FF000000FF000000FF000000FF000000FF000000FF000000FF000000FF000000FF000000FF000000FF000000FF000000FF000000FF000000FF000000FF000000FF000000FF000000FF000000FF000000FF000000FF000000FF000000FF000000FF000000FF000000FF000000FF000000FF000000FF000000FF000000FF000000FF000000FF000000FF000000FF000000FF000000FF000000FF000000FF000000FF000000FF000000FF000000FF000000FF000000FF000000FF000000FF000000FF000000FF000000FF000000FF000000FF000000FF000000FF000000FF000000FF000000FF000000FF000000FF000000FF000000FF000000FF000000FF000000FF000000FF000000FF000000FF000000FF000000FF000000FF000000FF000000FF000000FF000000FF000000FF000000FF000000FF000000FF000000FF000000FF000000FF000000FF000000FF000000FF000000FF000000FF000000FF000000FF000000FF000000FF000000FF000000FF000000FF000000FF000000FF000000FF000000FF000000FF000000FF000000FF000000FF000000FF000000FF000000FF000000FF000000FF000000FF000000FF000000FF000000FF000000FF000000FF2BFD99FF2BFD99FF000000FF000000FF000000FF000000FF000000FF000000FF2BFD99FF2BFD99FF000000FF000000FF000000FF000000FF2BFD99FF2BFD99FF000000FF000000FF000000FF000000FF000000FF000000FF2BFD99FF2BFD99FF000000FF000000FF000000FF000000FF2BFD99FF2BFD99FF2BFD99FF2BFD99FF000000FF000000FF2BFD99FF2BFD99FF2BFD99FF2BFD99FF000000FF000000FF000000FF000000FF2BFD99FF2BFD99FF2BFD99FF2BFD99FF000000FF000000FF2BFD99FF2BFD99FF2BFD99FF2BFD99FF000000FF000000FF000000FF000000FF000000FF000000FF2BFD99FF2BFD99FF000000FF000000FF2BFD99FF2BFD99FF000000FF000000FF000000FF000000FF000000FF000000FF2BFD99FF2BFD99FF000000FF000000FF000000FF000000FF000000FF000000FF2BFD99FF2BFD99FF000000FF000000FF000000FF000000FF2BFD99FF2BFD99FF000000FF000000FF000000FF000000FF000000FF000000FF2BFD99FF2BFD99FF000000FF000000FF000000FF000000FF2BFD99FF2BFD99FF000000FF000000FF000000FF000000FF000000FF000000FF2BFD99FF2BFD99FF000000FF000000FF000000FF000000FF000000FF000000FF000000FF000000FF000000FF000000FF000000FF000000FF000000FF000000FF000000FF000000FF000000FF000000FF000000FF000000FF000000FF000000FF000000FF000000FF000000FF000000FF000000FF000000FF000000FF000000FF000000FF000000FF000000FF000000FF000000FF000000FF000000FF000000FF000000FF000000FF000000FF000000FF000000FF000000FF000000FF000000FF000000FF000000FF000000FF000000FF000000FF000000FF000000FF000000FF000000FF000000FF000000FF000000FF000000FF000000FF000000FF000000FF000000FF000000FF000000FF000000FF000000FF000000FF000000FF000000FF000000FF000000FF000000FF000000FF000000FF000000FF000000FF000000FF000000FF000000FF000000FF000000FF000000FF000000FF000000FF000000FF000000FF000000FF000000FF000000FF000000FF000000FF000000FF000000FF000000FF000000FF000000FF000000FF000000FF000000FF000000FF000000FF000000FF000000FF000000FF000000FF000000FF000000FF000000FF000000FF000000FF000000FF000000FF000000FF000000FF000000FF000000FF000000FF000000FF000000FF000000FF000000FF000000FF000000FF000000FF000000FF000000FF000000FF000000FF000000FF000000FF000000FF000000FF000000FF000000FF000000FF000000FF000000FF000000FF000000FF000000FF000000FF000000FF000000FF000000FF000000FF000000FF000000FF000000FF000000FF000000FF000000FF000000FF000000FF000000FF000000FF000000FF000000FF000000FF000000FF000000FF000000FF000000FF000000FF000000FF000000FF000000FF000000FF000000FF000000FF000000FF000000FF000000FF000000FF000000FF000000FF000000FF000000FF000000FF000000FF000000FF000000FF000000FF000000FF000000FF000000FF000000FF000000FF000000FF000000FF000000FF000000FF000000FF000000FF000000FF000000FF000000FF000000FF000000FF000000FF000000FF000000FF000000FF000000FF000000FF000000FF000000FF000000FF000000FF000000FF000000FF000000FF000000FF000000FF000000FF000000FF000000FF000000FF000000FF000000FF000000FF000000FF000000FF000000FF000000FF000000FF000000FF000000FF000000FF000000FF000000FF000000FF000000FF000000FF000000FF000000FF000000FF000000FF000000FF000000FF000000FF000000FF000000FF000000FF000000FF000000FF000000FF000000FF000000FF000000FF000000FF000000FF000000FF000000FF000000FF000000FF000000FF000000FF000000FF000000FF000000FF000000FF000000FF000000FF000000FF000000FF000000FF000000FF000000FF000000FF000000FF000000FF000000FF000000FF000000FF000000FF000000FF000000FF000000FF000000FF000000FF000000FF000000FF000000FF000000FF000000FF000000FF000000FF000000FF000000FF000000FF000000FF000000FF000000FF000000FF000000FF000000FF000000FF000000FF000000FF000000FF000000FF000000FF000000FF000000FF000000FF000000FF000000FF000000FF000000FF000000FF000000FF000000FF000000FF000000FF000000FF000000FF000000FF000000FF000000FF000000FF000000FF000000FF000000FF000000FF000000FF000000FF000000FF000000FF000000FF000000FF000000FF000000FF000000FF000000FF000000FF000000FF000000FF000000FF000000FF000000FF000000FF000000FF000000FF000000FF000000FF000000FF000000FF000000FF000000FF000000FF000000FF000000FF000000FF000000FF000000FF000000FF000000FF000000FF000000FF000000FF000000FF000000FF000000FF000000FF000000FF000000FF000000FF000000FF000000FF000000FF000000FF000000FF000000FF000000FF000000FF000000FF000000FF000000FF000000FF000000FF000000FF000000FF000000FF000000FF000000FF000000FF000000FF000000FF000000FF000000FF000000FF000000FF000000FF000000FF000000FF000000FF000000FF000000FF000000FF000000FF000000FF000000FF000000FF000000FF000000FF000000FF000000FF000000FF000000FF000000FF000000FF000000FF000000FF000000FF000000FF000000FF000000FF000000FF000000FF000000FF000000FF000000FF000000FF000000FF000000FF000000FF000000FF000000FF000000FF000000FF000000FF000000FF000000FF000000FF000000FF000000FF000000FF000000FF000000FF000000FF000000FF000000FF000000FF000000FF000000FF000000FF000000FF000000FF000000FF000000FF000000FF2BFD99FF2BFD99FF000000FF000000FF000000FF000000FF000000FF000000FF000000FF000000FF000000FF000000FF000000FF000000FF2BFD99FF2BFD99FF000000FF000000FF000000FF000000FF000000FF000000FF2BFD99FF2BFD99FF000000FF000000FF000000FF000000FF2BFD99FF2BFD99FF000000FF000000FF2BFD99FF2BFD99FF000000FF000000FF2BFD99FF2BFD99FF000000FF000000FF000000FF000000FF2BFD99FF2BFD99FF000000FF000000FF2BFD99FF2BFD99FF000000FF000000FF2BFD99FF2BFD99FF000000FF000000FF000000FF000000FF2BFD99FF2BFD99FF000000FF000000FF000000FF000000FF000000FF000000FF2BFD99FF2BFD99FF000000FF000000FF000000FF000000FF2BFD99FF2BFD99FF2BFD99FF2BFD99FF000000FF000000FF000000FF000000FF2BFD99FF2BFD99FF000000FF000000FF000000FF000000FF2BFD99FF2BFD99FF000000FF000000FF000000FF000000FF000000FF000000FF2BFD99FF2BFD99FF000000FF000000FF000000FF000000FF2BFD99FF2BFD99FF000000FF000000FF000000FF000000FF000000FF000000FF000000FF000000FF000000FF000000FF000000FF000000FF000000FF000000FF000000FF000000FF2BFD99FF2BFD99FF000000FF000000FF000000FF000000FF000000FF000000FF000000FF000000FF000000FF000000FF000000FF000000FF000000FF000000FF000000FF000000FF000000FF000000FF000000FF000000FF000000FF000000FF000000FF000000FF000000FF000000FF000000FF000000FF000000FF000000FF000000FF000000FF000000FF000000FF000000FF000000FF000000FF000000FF000000FF000000FF000000FF000000FF000000FF000000FF000000FF000000FF000000FF000000FF000000FF000000FF000000FF000000FF000000FF000000FF000000FF000000FF000000FF000000FF000000FF000000FF000000FF000000FF000000FF000000FF000000FF000000FF000000FF000000FF000000FF000000FF000000FF000000FF000000FF000000FF000000FF000000FF000000FF000000FF000000FF000000FF000000FF000000FF000000FF000000FF000000FF000000FF000000FF000000FF000000FF000000FF000000FF000000FF000000FF000000FF000000FF000000FF000000FF000000FF000000FF000000FF000000FF000000FF000000FF000000FF000000FF000000FF000000FF000000FF000000FF000000FF000000FF000000FF000000FF000000FF000000FF000000FF000000FF000000FF000000FF000000FF000000FF000000FF000000FF000000FF000000FF000000FF000000FF000000FF000000FF000000FF000000FF000000FF000000FF000000FF000000FF000000FF000000FF000000FF000000FF000000FF000000FF000000FF000000FF000000FF000000FF000000FF000000FF000000FF000000FF000000FF000000FF000000FF000000FF000000FF000000FF000000FF000000FF000000FF000000FF000000FF000000FF000000FF000000FF000000FF000000FF000000FF000000FF000000FF000000FF000000FF000000FF000000FF000000FF000000FF000000FF000000FF000000FF000000FF000000FF000000FF000000FF000000FF000000FF000000FF000000FF000000FF000000FF000000FF000000FF000000FF000000FF000000FF000000FF000000FF000000FF000000FF000000FF000000FF000000FF000000FF000000FF000000FF000000FF000000FF000000FF000000FF000000FF000000FF000000FF000000FF000000FF000000FF000000FF000000FF000000FF000000FF000000FF000000FF000000FF000000FF000000FF000000FF000000FF000000FF000000FF000000FF000000FF000000FF000000FF000000FF000000FF000000FF000000FF000000FF000000FF000000FF000000FF000000FF000000FF000000FF000000FF000000FF000000FF000000FF000000FF000000FF000000FF000000FF000000FF000000FF000000FF000000FF000000FF000000FF000000FF000000FF000000FF000000FF000000FF000000FF000000FF000000FF000000FF000000FF000000FF000000FF000000FF000000FF000000FF000000FF000000FF000000FF000000FF000000FF000000FF000000FF000000FF000000FF000000FF000000FF000000FF000000FF000000FF000000FF000000FF000000FF000000FF000000FF000000FF000000FF000000FF000000FF000000FF000000FF000000FF000000FF000000FF000000FF000000FF000000FF000000FF000000FF000000FF000000FF000000FF000000FF000000FF000000FF000000FF000000FF000000FF000000FF000000FF000000FF000000FF000000FF000000FF000000FF000000FF000000FF000000FF000000FF000000FF000000FF000000FF000000FF000000FF000000FF000000FF000000FF000000FF000000FF000000FF000000FF000000FF000000FF000000FF000000FF000000FF000000FF000000FF000000FF000000FF000000FF000000FF000000FF000000FF000000FF000000FF000000FF000000FF000000FF000000FF000000FF000000FF000000FF000000FF000000FF000000FF000000FF000000FF000000FF000000FF000000FF000000FF000000FF000000FF000000FF000000FF000000FF000000FF000000FF000000FF000000FF000000FF000000FF000000FF000000FF000000FF000000FF000000FF000000FF000000FF000000FF000000FF000000FF000000FF000000FF000000FF000000FF000000FF000000FF000000FF000000FF000000FF000000FF000000FF000000FF000000FF000000FF000000FF000000FF000000FF000000FF000000FF000000FF000000FF000000FF000000FF000000FF000000FF000000FF000000FF000000FF000000FF000000FF000000FF000000FF000000FF000000FF000000FF000000FF000000FF000000FF000000FF000000FF000000FF000000FF000000FF000000FF000000FF000000FF000000FF000000FF000000FF000000FF000000FF000000FF000000FF000000FF000000FF000000FF2BFD99FF2BFD99FF000000FF000000FF000000FF000000FF000000FF000000FF000000FF000000FF000000FF000000FF000000FF000000FF2BFD99FF2BFD99FF000000FF000000FF000000FF000000FF000000FF000000FF2BFD99FF2BFD99FF000000FF000000FF000000FF000000FF2BFD99FF2BFD99FF000000FF000000FF2BFD99FF2BFD99FF000000FF000000FF2BFD99FF2BFD99FF000000FF000000FF000000FF000000FF2BFD99FF2BFD99FF000000FF000000FF2BFD99FF2BFD99FF000000FF000000FF2BFD99FF2BFD99FF000000FF000000FF000000FF000000FF2BFD99FF2BFD99FF000000FF000000FF000000FF000000FF000000FF000000FF2BFD99FF2BFD99FF000000FF000000FF000000FF000000FF2BFD99FF2BFD99FF2BFD99FF2BFD99FF000000FF000000FF000000FF000000FF2BFD99FF2BFD99FF000000FF000000FF000000FF000000FF2BFD99FF2BFD99FF000000FF000000FF000000FF000000FF000000FF000000FF2BFD99FF2BFD99FF000000FF000000FF000000FF000000FF2BFD99FF2BFD99FF000000FF000000FF000000FF000000FF000000FF000000FF000000FF000000FF000000FF000000FF000000FF000000FF000000FF000000FF000000FF000000FF2BFD99FF2BFD99FF000000FF000000FF000000FF000000FF000000FF000000FF000000FF000000FF000000FF000000FF000000FF000000FF000000FF000000FF000000FF000000FF000000FF000000FF000000FF000000FF000000FF000000FF000000FF000000FF000000FF000000FF000000FF000000FF000000FF000000FF000000FF000000FF000000FF000000FF000000FF000000FF000000FF000000FF000000FF000000FF000000FF000000FF000000FF000000FF000000FF000000FF000000FF000000FF000000FF000000FF000000FF000000FF000000FF000000FF000000FF000000FF000000FF000000FF000000FF000000FF000000FF000000FF000000FF000000FF000000FF000000FF000000FF000000FF000000FF000000FF000000FF000000FF000000FF000000FF000000FF000000FF000000FF000000FF000000FF000000FF000000FF000000FF000000FF000000FF000000FF000000FF000000FF000000FF000000FF000000FF000000FF000000FF000000FF000000FF000000FF000000FF000000FF000000FF000000FF000000FF000000FF000000FF000000FF000000FF000000FF000000FF000000FF000000FF000000FF000000FF000000FF000000FF000000FF000000FF000000FF000000FF000000FF000000FF000000FF000000FF000000FF000000FF000000FF000000FF000000FF000000FF000000FF000000FF000000FF000000FF000000FF000000FF000000FF000000FF000000FF000000FF000000FF000000FF000000FF000000FF000000FF000000FF000000FF000000FF000000FF000000FF000000FF000000FF000000FF000000FF000000FF000000FF000000FF000000FF000000FF000000FF000000FF000000FF000000FF000000FF000000FF000000FF000000FF000000FF000000FF000000FF000000FF000000FF000000FF000000FF000000FF000000FF000000FF000000FF000000FF000000FF000000FF000000FF000000FF000000FF000000FF000000FF000000FF000000FF000000FF000000FF000000FF000000FF000000FF000000FF000000FF000000FF000000FF000000FF000000FF000000FF000000FF000000FF000000FF000000FF000000FF000000FF000000FF000000FF000000FF000000FF000000FF000000FF000000FF000000FF000000FF000000FF000000FF000000FF000000FF000000FF000000FF000000FF000000FF000000FF000000FF000000FF000000FF000000FF000000FF000000FF000000FF000000FF000000FF000000FF000000FF000000FF000000FF000000FF000000FF000000FF000000FF000000FF000000FF000000FF000000FF000000FF000000FF000000FF000000FF000000FF000000FF000000FF000000FF000000FF000000FF000000FF000000FF000000FF000000FF000000FF000000FF000000FF000000FF000000FF000000FF000000FF000000FF000000FF000000FF000000FF000000FF000000FF000000FF000000FF000000FF000000FF000000FF000000FF000000FF000000FF000000FF000000FF000000FF000000FF000000FF000000FF000000FF000000FF000000FF000000FF000000FF000000FF000000FF000000FF000000FF000000FF000000FF000000FF000000FF000000FF000000FF000000FF000000FF000000FF000000FF000000FF000000FF000000FF000000FF000000FF000000FF000000FF000000FF000000FF000000FF000000FF000000FF000000FF000000FF000000FF000000FF000000FF000000FF000000FF000000FF000000FF000000FF000000FF000000FF000000FF000000FF000000FF000000FF000000FF000000FF000000FF000000FF000000FF000000FF000000FF000000FF000000FF000000FF000000FF000000FF000000FF000000FF000000FF000000FF000000FF000000FF000000FF000000FF000000FF000000FF000000FF000000FF000000FF000000FF000000FF000000FF000000FF000000FF000000FF000000FF000000FF000000FF000000FF000000FF000000FF000000FF000000FF000000FF000000FF000000FF000000FF000000FF000000FF000000FF000000FF000000FF000000FF000000FF000000FF000000FF000000FF000000FF000000FF000000FF000000FF000000FF000000FF000000FF000000FF000000FF000000FF000000FF000000FF000000FF000000FF000000FF000000FF000000FF000000FF000000FF000000FF000000FF000000FF000000FF000000FF000000FF000000FF000000FF000000FF000000FF000000FF000000FF000000FF000000FF000000FF000000FF000000FF000000FF000000FF000000FF000000FF000000FF000000FF000000FF000000FF000000FF000000FF000000FF000000FF000000FF000000FF000000FF000000FF000000FF000000FF000000FF000000FF000000FF000000FF000000FF000000FF2BFD99FF2BFD99FF000000FF000000FF000000FF000000FF000000FF000000FF000000FF000000FF000000FF000000FF000000FF000000FF2BFD99FF2BFD99FF000000FF000000FF000000FF000000FF000000FF000000FF2BFD99FF2BFD99FF000000FF000000FF000000FF000000FF2BFD99FF2BFD99FF000000FF000000FF2BFD99FF2BFD99FF000000FF000000FF2BFD99FF2BFD99FF000000FF000000FF000000FF000000FF2BFD99FF2BFD99FF000000FF000000FF2BFD99FF2BFD99FF000000FF000000FF2BFD99FF2BFD99FF000000FF000000FF000000FF000000FF2BFD99FF2BFD99FF000000FF000000FF000000FF000000FF000000FF000000FF2BFD99FF2BFD99FF000000FF000000FF000000FF000000FF2BFD99FF2BFD99FF000000FF000000FF2BFD99FF2BFD99FF000000FF000000FF2BFD99FF2BFD99FF000000FF000000FF000000FF000000FF2BFD99FF2BFD99FF000000FF000000FF000000FF000000FF000000FF000000FF2BFD99FF2BFD99FF000000FF000000FF000000FF000000FF000000FF000000FF2BFD99FF2BFD99FF2BFD99FF2BFD99FF2BFD99FF2BFD99FF000000FF000000FF000000FF000000FF000000FF000000FF000000FF000000FF000000FF000000FF000000FF000000FF000000FF000000FF000000FF000000FF000000FF000000FF000000FF000000FF000000FF000000FF000000FF000000FF000000FF000000FF000000FF000000FF000000FF000000FF000000FF000000FF000000FF000000FF000000FF000000FF000000FF000000FF000000FF000000FF000000FF000000FF000000FF000000FF000000FF000000FF000000FF000000FF000000FF000000FF000000FF000000FF000000FF000000FF000000FF000000FF000000FF000000FF000000FF000000FF000000FF000000FF000000FF000000FF000000FF000000FF000000FF000000FF000000FF000000FF000000FF000000FF000000FF000000FF000000FF000000FF000000FF000000FF000000FF000000FF000000FF000000FF000000FF000000FF000000FF000000FF000000FF000000FF000000FF000000FF000000FF000000FF000000FF000000FF000000FF000000FF000000FF000000FF000000FF000000FF000000FF000000FF000000FF000000FF000000FF000000FF000000FF000000FF000000FF000000FF000000FF000000FF000000FF000000FF000000FF000000FF000000FF000000FF000000FF000000FF000000FF000000FF000000FF000000FF000000FF000000FF000000FF000000FF000000FF000000FF000000FF000000FF000000FF000000FF000000FF000000FF000000FF000000FF000000FF000000FF000000FF000000FF000000FF000000FF000000FF000000FF000000FF000000FF000000FF000000FF000000FF000000FF000000FF000000FF000000FF000000FF000000FF000000FF000000FF000000FF000000FF000000FF000000FF000000FF000000FF000000FF000000FF000000FF000000FF000000FF000000FF000000FF000000FF000000FF000000FF000000FF000000FF000000FF000000FF000000FF000000FF000000FF000000FF000000FF000000FF000000FF000000FF000000FF000000FF000000FF000000FF000000FF000000FF000000FF000000FF000000FF000000FF000000FF000000FF000000FF000000FF000000FF000000FF000000FF000000FF000000FF000000FF000000FF000000FF000000FF000000FF000000FF000000FF000000FF000000FF000000FF000000FF000000FF000000FF000000FF000000FF000000FF000000FF000000FF000000FF000000FF000000FF000000FF000000FF000000FF000000FF000000FF000000FF000000FF000000FF000000FF000000FF000000FF000000FF000000FF000000FF000000FF000000FF000000FF000000FF000000FF000000FF000000FF000000FF000000FF000000FF000000FF000000FF000000FF000000FF000000FF000000FF000000FF000000FF000000FF000000FF000000FF000000FF000000FF000000FF000000FF000000FF000000FF000000FF000000FF000000FF000000FF000000FF000000FF000000FF000000FF000000FF000000FF000000FF000000FF000000FF000000FF000000FF000000FF000000FF000000FF000000FF000000FF000000FF000000FF000000FF000000FF000000FF000000FF000000FF000000FF000000FF000000FF000000FF000000FF000000FF000000FF000000FF000000FF000000FF000000FF000000FF000000FF000000FF000000FF000000FF000000FF000000FF000000FF000000FF000000FF000000FF000000FF000000FF000000FF000000FF000000FF000000FF000000FF000000FF000000FF000000FF000000FF000000FF000000FF000000FF000000FF000000FF000000FF000000FF000000FF000000FF000000FF000000FF000000FF000000FF000000FF000000FF000000FF000000FF000000FF000000FF000000FF000000FF000000FF000000FF000000FF000000FF000000FF000000FF000000FF000000FF000000FF000000FF000000FF000000FF000000FF000000FF000000FF000000FF000000FF000000FF000000FF000000FF000000FF000000FF000000FF000000FF000000FF000000FF000000FF000000FF000000FF000000FF000000FF000000FF000000FF000000FF000000FF000000FF000000FF000000FF000000FF000000FF000000FF000000FF000000FF000000FF000000FF000000FF000000FF000000FF000000FF000000FF000000FF000000FF000000FF000000FF000000FF000000FF000000FF000000FF000000FF000000FF000000FF000000FF000000FF000000FF000000FF000000FF000000FF000000FF000000FF000000FF000000FF000000FF000000FF000000FF000000FF000000FF000000FF000000FF000000FF000000FF000000FF000000FF000000FF000000FF000000FF000000FF000000FF000000FF000000FF000000FF000000FF000000FF000000FF000000FF000000FF000000FF000000FF000000FF000000FF000000FF000000FF000000FF000000FF000000FF000000FF2BFD99FF2BFD99FF000000FF000000FF000000FF000000FF000000FF000000FF000000FF000000FF000000FF000000FF000000FF000000FF2BFD99FF2BFD99FF000000FF000000FF000000FF000000FF000000FF000000FF2BFD99FF2BFD99FF000000FF000000FF000000FF000000FF2BFD99FF2BFD99FF000000FF000000FF2BFD99FF2BFD99FF000000FF000000FF2BFD99FF2BFD99FF000000FF000000FF000000FF000000FF2BFD99FF2BFD99FF000000FF000000FF2BFD99FF2BFD99FF000000FF000000FF2BFD99FF2BFD99FF000000FF000000FF000000FF000000FF2BFD99FF2BFD99FF000000FF000000FF000000FF000000FF000000FF000000FF2BFD99FF2BFD99FF000000FF000000FF000000FF000000FF2BFD99FF2BFD99FF000000FF000000FF2BFD99FF2BFD99FF000000FF000000FF2BFD99FF2BFD99FF000000FF000000FF000000FF000000FF2BFD99FF2BFD99FF000000FF000000FF000000FF000000FF000000FF000000FF2BFD99FF2BFD99FF000000FF000000FF000000FF000000FF000000FF000000FF2BFD99FF2BFD99FF2BFD99FF2BFD99FF2BFD99FF2BFD99FF000000FF000000FF000000FF000000FF000000FF000000FF000000FF000000FF000000FF000000FF000000FF000000FF000000FF000000FF000000FF000000FF000000FF000000FF000000FF000000FF000000FF000000FF000000FF000000FF000000FF000000FF000000FF000000FF000000FF000000FF000000FF000000FF000000FF000000FF000000FF000000FF000000FF000000FF000000FF000000FF000000FF000000FF000000FF000000FF000000FF000000FF000000FF000000FF000000FF000000FF000000FF000000FF000000FF000000FF000000FF000000FF000000FF000000FF000000FF000000FF000000FF000000FF000000FF000000FF000000FF000000FF000000FF000000FF000000FF000000FF000000FF000000FF000000FF000000FF000000FF000000FF000000FF000000FF000000FF000000FF000000FF000000FF000000FF000000FF000000FF000000FF000000FF000000FF000000FF000000FF000000FF000000FF000000FF000000FF000000FF000000FF000000FF000000FF000000FF000000FF000000FF000000FF000000FF000000FF000000FF000000FF000000FF000000FF000000FF000000FF000000FF000000FF000000FF000000FF000000FF000000FF000000FF000000FF000000FF000000FF000000FF000000FF000000FF000000FF000000FF000000FF000000FF000000FF000000FF000000FF000000FF000000FF000000FF000000FF000000FF000000FF000000FF000000FF000000FF000000FF000000FF000000FF000000FF000000FF000000FF000000FF000000FF000000FF000000FF000000FF000000FF000000FF000000FF000000FF000000FF000000FF000000FF000000FF000000FF000000FF000000FF000000FF000000FF000000FF000000FF000000FF000000FF000000FF000000FF000000FF000000FF000000FF000000FF000000FF000000FF000000FF000000FF000000FF000000FF000000FF000000FF000000FF000000FF000000FF000000FF000000FF000000FF000000FF000000FF000000FF000000FF000000FF000000FF000000FF000000FF000000FF000000FF000000FF000000FF000000FF000000FF000000FF000000FF000000FF000000FF000000FF000000FF000000FF000000FF000000FF000000FF000000FF000000FF000000FF000000FF000000FF000000FF000000FF000000FF000000FF000000FF000000FF000000FF000000FF000000FF000000FF000000FF000000FF000000FF000000FF000000FF000000FF000000FF000000FF000000FF000000FF000000FF000000FF000000FF000000FF000000FF000000FF000000FF000000FF000000FF000000FF000000FF000000FF000000FF000000FF000000FF000000FF000000FF000000FF000000FF000000FF000000FF000000FF000000FF000000FF000000FF000000FF000000FF000000FF000000FF000000FF000000FF000000FF000000FF000000FF000000FF000000FF000000FF000000FF000000FF000000FF000000FF000000FF000000FF000000FF000000FF000000FF000000FF000000FF000000FF000000FF000000FF000000FF000000FF000000FF000000FF000000FF000000FF000000FF000000FF000000FF000000FF000000FF000000FF000000FF000000FF000000FF000000FF000000FF000000FF000000FF000000FF000000FF000000FF000000FF000000FF000000FF000000FF000000FF000000FF000000FF000000FF000000FF000000FF000000FF000000FF000000FF000000FF000000FF000000FF000000FF000000FF000000FF000000FF000000FF000000FF000000FF000000FF000000FF000000FF000000FF000000FF000000FF000000FF000000FF000000FF000000FF000000FF000000FF000000FF000000FF000000FF000000FF000000FF000000FF000000FF000000FF000000FF000000FF000000FF000000FF000000FF000000FF000000FF000000FF000000FF000000FF000000FF000000FF000000FF000000FF000000FF000000FF000000FF000000FF000000FF000000FF000000FF000000FF000000FF000000FF000000FF000000FF000000FF000000FF000000FF000000FF000000FF000000FF000000FF000000FF000000FF000000FF000000FF000000FF000000FF000000FF000000FF000000FF000000FF000000FF000000FF000000FF000000FF000000FF000000FF000000FF000000FF000000FF000000FF000000FF000000FF000000FF000000FF000000FF000000FF000000FF000000FF000000FF000000FF000000FF000000FF000000FF000000FF000000FF000000FF000000FF000000FF000000FF000000FF000000FF000000FF000000FF000000FF000000FF000000FF000000FF000000FF000000FF000000FF000000FF000000FF000000FF000000FF000000FF000000FF000000FF000000FF000000FF000000FF000000FF000000FF000000FF000000FF000000FF000000FF000000FF000000FF000000FF2BFD99FF2BFD99FF000000FF000000FF000000FF000000FF000000FF000000FF000000FF000000FF000000FF000000FF000000FF000000FF2BFD99FF2BFD99FF000000FF000000FF000000FF000000FF000000FF000000FF2BFD99FF2BFD99FF000000FF000000FF000000FF000000FF2BFD99FF2BFD99FF000000FF000000FF000000FF000000FF000000FF000000FF2BFD99FF2BFD99FF000000FF000000FF000000FF000000FF2BFD99FF2BFD99FF000000FF000000FF000000FF000000FF000000FF000000FF2BFD99FF2BFD99FF000000FF000000FF000000FF000000FF2BFD99FF2BFD99FF2BFD99FF2BFD99FF2BFD99FF2BFD99FF2BFD99FF2BFD99FF2BFD99FF2BFD99FF000000FF000000FF000000FF000000FF2BFD99FF2BFD99FF000000FF000000FF000000FF000000FF2BFD99FF2BFD99FF2BFD99FF2BFD99FF000000FF000000FF000000FF000000FF2BFD99FF2BFD99FF000000FF000000FF000000FF000000FF000000FF000000FF2BFD99FF2BFD99FF000000FF000000FF000000FF000000FF000000FF000000FF000000FF000000FF000000FF000000FF000000FF000000FF2BFD99FF2BFD99FF000000FF000000FF000000FF000000FF000000FF000000FF000000FF000000FF2BFD99FF2BFD99FF000000FF000000FF000000FF000000FF000000FF000000FF000000FF000000FF000000FF000000FF000000FF000000FF000000FF000000FF000000FF000000FF000000FF000000FF000000FF000000FF000000FF000000FF000000FF000000FF000000FF000000FF000000FF000000FF000000FF000000FF000000FF000000FF000000FF000000FF000000FF000000FF000000FF000000FF000000FF000000FF000000FF000000FF000000FF000000FF000000FF000000FF000000FF000000FF000000FF000000FF000000FF000000FF000000FF000000FF000000FF000000FF000000FF000000FF000000FF000000FF000000FF000000FF000000FF000000FF000000FF000000FF000000FF000000FF000000FF000000FF000000FF000000FF000000FF000000FF000000FF000000FF000000FF000000FF000000FF000000FF000000FF000000FF000000FF000000FF000000FF000000FF000000FF000000FF000000FF000000FF000000FF000000FF000000FF000000FF000000FF000000FF000000FF000000FF000000FF000000FF000000FF000000FF000000FF000000FF000000FF000000FF000000FF000000FF000000FF000000FF000000FF000000FF000000FF000000FF000000FF000000FF000000FF000000FF000000FF000000FF000000FF000000FF000000FF000000FF000000FF000000FF000000FF000000FF000000FF000000FF000000FF000000FF000000FF000000FF000000FF000000FF000000FF000000FF000000FF000000FF000000FF000000FF000000FF000000FF000000FF000000FF000000FF000000FF000000FF000000FF000000FF000000FF000000FF000000FF000000FF000000FF000000FF000000FF000000FF000000FF000000FF000000FF000000FF000000FF000000FF000000FF000000FF000000FF000000FF000000FF000000FF000000FF000000FF000000FF000000FF000000FF000000FF000000FF000000FF000000FF000000FF000000FF000000FF000000FF000000FF000000FF000000FF000000FF000000FF000000FF000000FF000000FF000000FF000000FF000000FF000000FF000000FF000000FF000000FF000000FF000000FF000000FF000000FF000000FF000000FF000000FF000000FF000000FF000000FF000000FF000000FF000000FF000000FF000000FF000000FF000000FF000000FF000000FF000000FF000000FF000000FF000000FF000000FF000000FF000000FF000000FF000000FF000000FF000000FF000000FF000000FF000000FF000000FF000000FF000000FF000000FF000000FF000000FF000000FF000000FF000000FF000000FF000000FF000000FF000000FF000000FF000000FF000000FF000000FF000000FF000000FF000000FF000000FF000000FF000000FF000000FF000000FF000000FF000000FF000000FF000000FF000000FF000000FF000000FF000000FF000000FF000000FF000000FF000000FF000000FF000000FF000000FF000000FF000000FF000000FF000000FF000000FF000000FF000000FF000000FF000000FF000000FF000000FF000000FF000000FF000000FF000000FF000000FF000000FF000000FF000000FF000000FF000000FF000000FF000000FF000000FF000000FF000000FF000000FF000000FF000000FF000000FF000000FF000000FF000000FF000000FF000000FF000000FF000000FF000000FF000000FF000000FF000000FF000000FF000000FF000000FF000000FF000000FF000000FF000000FF000000FF000000FF000000FF000000FF000000FF000000FF000000FF000000FF000000FF000000FF000000FF000000FF000000FF000000FF000000FF000000FF000000FF000000FF000000FF000000FF000000FF000000FF000000FF000000FF000000FF000000FF000000FF000000FF000000FF000000FF000000FF000000FF000000FF000000FF000000FF000000FF000000FF000000FF000000FF000000FF000000FF000000FF000000FF000000FF000000FF000000FF000000FF000000FF000000FF000000FF000000FF000000FF000000FF000000FF000000FF000000FF000000FF000000FF000000FF000000FF000000FF000000FF000000FF000000FF000000FF000000FF000000FF000000FF000000FF000000FF000000FF000000FF000000FF000000FF000000FF000000FF000000FF000000FF000000FF000000FF000000FF000000FF000000FF000000FF000000FF000000FF000000FF000000FF000000FF000000FF000000FF000000FF000000FF000000FF000000FF000000FF000000FF000000FF000000FF000000FF000000FF000000FF000000FF000000FF000000FF000000FF000000FF000000FF000000FF000000FF000000FF000000FF000000FF000000FF000000FF000000FF000000FF000000FF000000FF000000FF000000FF000000FF2BFD99FF2BFD99FF000000FF000000FF000000FF000000FF000000FF000000FF000000FF000000FF000000FF000000FF000000FF000000FF2BFD99FF2BFD99FF000000FF000000FF000000FF000000FF000000FF000000FF2BFD99FF2BFD99FF000000FF000000FF000000FF000000FF2BFD99FF2BFD99FF000000FF000000FF000000FF000000FF000000FF000000FF2BFD99FF2BFD99FF000000FF000000FF000000FF000000FF2BFD99FF2BFD99FF000000FF000000FF000000FF000000FF000000FF000000FF2BFD99FF2BFD99FF000000FF000000FF000000FF000000FF2BFD99FF2BFD99FF2BFD99FF2BFD99FF2BFD99FF2BFD99FF2BFD99FF2BFD99FF2BFD99FF2BFD99FF000000FF000000FF000000FF000000FF2BFD99FF2BFD99FF000000FF000000FF000000FF000000FF2BFD99FF2BFD99FF2BFD99FF2BFD99FF000000FF000000FF000000FF000000FF2BFD99FF2BFD99FF000000FF000000FF000000FF000000FF000000FF000000FF2BFD99FF2BFD99FF000000FF000000FF000000FF000000FF000000FF000000FF000000FF000000FF000000FF000000FF000000FF000000FF2BFD99FF2BFD99FF000000FF000000FF000000FF000000FF000000FF000000FF000000FF000000FF2BFD99FF2BFD99FF000000FF000000FF000000FF000000FF000000FF000000FF000000FF000000FF000000FF000000FF000000FF000000FF000000FF000000FF000000FF000000FF000000FF000000FF000000FF000000FF000000FF000000FF000000FF000000FF000000FF000000FF000000FF000000FF000000FF000000FF000000FF000000FF000000FF000000FF000000FF000000FF000000FF000000FF000000FF000000FF000000FF000000FF000000FF000000FF000000FF000000FF000000FF000000FF000000FF000000FF000000FF000000FF000000FF000000FF000000FF000000FF000000FF000000FF000000FF000000FF000000FF000000FF000000FF000000FF000000FF000000FF000000FF000000FF000000FF000000FF000000FF000000FF000000FF000000FF000000FF000000FF000000FF000000FF000000FF000000FF000000FF000000FF000000FF000000FF000000FF000000FF000000FF000000FF000000FF000000FF000000FF000000FF000000FF000000FF000000FF000000FF000000FF000000FF000000FF000000FF000000FF000000FF000000FF000000FF000000FF000000FF000000FF000000FF000000FF000000FF000000FF000000FF000000FF000000FF000000FF000000FF000000FF000000FF000000FF000000FF000000FF000000FF000000FF000000FF000000FF000000FF000000FF000000FF000000FF000000FF000000FF000000FF000000FF000000FF000000FF000000FF000000FF000000FF000000FF000000FF000000FF000000FF000000FF000000FF000000FF000000FF000000FF000000FF000000FF000000FF000000FF000000FF000000FF000000FF000000FF000000FF000000FF000000FF000000FF000000FF000000FF000000FF000000FF000000FF000000FF000000FF000000FF000000FF000000FF000000FF000000FF000000FF000000FF000000FF000000FF000000FF000000FF000000FF000000FF000000FF000000FF000000FF000000FF000000FF000000FF000000FF000000FF000000FF000000FF000000FF000000FF000000FF000000FF000000FF000000FF000000FF000000FF000000FF000000FF000000FF000000FF000000FF000000FF000000FF000000FF000000FF000000FF000000FF000000FF000000FF000000FF000000FF000000FF000000FF000000FF000000FF000000FF000000FF000000FF000000FF000000FF000000FF000000FF000000FF000000FF000000FF000000FF000000FF000000FF000000FF000000FF000000FF000000FF000000FF000000FF000000FF000000FF000000FF000000FF000000FF000000FF000000FF000000FF000000FF000000FF000000FF000000FF000000FF000000FF000000FF000000FF000000FF000000FF000000FF000000FF000000FF000000FF000000FF000000FF000000FF000000FF000000FF000000FF000000FF000000FF000000FF000000FF000000FF000000FF000000FF000000FF000000FF000000FF000000FF000000FF000000FF000000FF000000FF000000FF000000FF000000FF000000FF000000FF000000FF000000FF000000FF000000FF000000FF000000FF000000FF000000FF000000FF000000FF000000FF000000FF000000FF000000FF000000FF000000FF000000FF000000FF000000FF000000FF000000FF000000FF000000FF000000FF000000FF000000FF000000FF000000FF000000FF000000FF000000FF000000FF000000FF000000FF000000FF000000FF000000FF000000FF000000FF000000FF000000FF000000FF000000FF000000FF000000FF000000FF000000FF000000FF000000FF000000FF000000FF000000FF000000FF000000FF000000FF000000FF000000FF000000FF000000FF000000FF000000FF000000FF000000FF000000FF000000FF000000FF000000FF000000FF000000FF000000FF000000FF000000FF000000FF000000FF000000FF000000FF000000FF000000FF000000FF000000FF000000FF000000FF000000FF000000FF000000FF000000FF000000FF000000FF000000FF000000FF000000FF000000FF000000FF000000FF000000FF000000FF000000FF000000FF000000FF000000FF000000FF000000FF000000FF000000FF000000FF000000FF000000FF000000FF000000FF000000FF000000FF000000FF000000FF000000FF000000FF000000FF000000FF000000FF000000FF000000FF000000FF000000FF000000FF000000FF000000FF000000FF000000FF000000FF000000FF000000FF000000FF000000FF000000FF000000FF000000FF000000FF000000FF000000FF000000FF000000FF000000FF000000FF000000FF000000FF000000FF000000FF000000FF000000FF000000FF000000FF000000FF000000FF000000FF000000FF000000FF000000FF000000FF000000FF000000FF2BFD99FF2BFD99FF000000FF000000FF000000FF000000FF000000FF000000FF2BFD99FF2BFD99FF000000FF000000FF000000FF000000FF2BFD99FF2BFD99FF000000FF000000FF000000FF000000FF000000FF000000FF2BFD99FF2BFD99FF000000FF000000FF000000FF000000FF2BFD99FF2BFD99FF000000FF000000FF000000FF000000FF000000FF000000FF2BFD99FF2BFD99FF000000FF000000FF000000FF000000FF2BFD99FF2BFD99FF000000FF000000FF000000FF000000FF000000FF000000FF2BFD99FF2BFD99FF000000FF000000FF000000FF000000FF2BFD99FF2BFD99FF000000FF000000FF000000FF000000FF000000FF000000FF2BFD99FF2BFD99FF000000FF000000FF000000FF000000FF2BFD99FF2BFD99FF000000FF000000FF000000FF000000FF000000FF000000FF2BFD99FF2BFD99FF000000FF000000FF000000FF000000FF2BFD99FF2BFD99FF000000FF000000FF000000FF000000FF000000FF000000FF2BFD99FF2BFD99FF000000FF000000FF000000FF000000FF2BFD99FF2BFD99FF000000FF000000FF000000FF000000FF000000FF000000FF2BFD99FF2BFD99FF000000FF000000FF000000FF000000FF000000FF000000FF000000FF000000FF000000FF000000FF000000FF000000FF000000FF000000FF000000FF000000FF000000FF000000FF000000FF000000FF000000FF000000FF000000FF000000FF000000FF000000FF000000FF000000FF000000FF000000FF000000FF000000FF000000FF000000FF000000FF000000FF000000FF000000FF000000FF000000FF000000FF000000FF000000FF000000FF000000FF000000FF000000FF000000FF000000FF000000FF000000FF000000FF000000FF000000FF000000FF000000FF000000FF000000FF000000FF000000FF000000FF000000FF000000FF000000FF000000FF000000FF000000FF000000FF000000FF000000FF000000FF000000FF000000FF000000FF000000FF000000FF000000FF000000FF000000FF000000FF000000FF000000FF000000FF000000FF000000FF000000FF000000FF000000FF000000FF000000FF000000FF000000FF000000FF000000FF000000FF000000FF000000FF000000FF000000FF000000FF000000FF000000FF000000FF000000FF000000FF000000FF000000FF000000FF000000FF000000FF000000FF000000FF000000FF000000FF000000FF000000FF000000FF000000FF000000FF000000FF000000FF000000FF000000FF000000FF000000FF000000FF000000FF000000FF000000FF000000FF000000FF000000FF000000FF000000FF000000FF000000FF000000FF000000FF000000FF000000FF000000FF000000FF000000FF000000FF000000FF000000FF000000FF000000FF000000FF000000FF000000FF000000FF000000FF000000FF000000FF000000FF000000FF000000FF000000FF000000FF000000FF000000FF000000FF000000FF000000FF000000FF000000FF000000FF000000FF000000FF000000FF000000FF000000FF000000FF000000FF000000FF000000FF000000FF000000FF000000FF000000FF000000FF000000FF000000FF000000FF000000FF000000FF000000FF000000FF000000FF000000FF000000FF000000FF000000FF000000FF000000FF000000FF000000FF000000FF000000FF000000FF000000FF000000FF000000FF000000FF000000FF000000FF000000FF000000FF000000FF000000FF000000FF000000FF000000FF000000FF000000FF000000FF000000FF000000FF000000FF000000FF000000FF000000FF000000FF000000FF000000FF000000FF000000FF000000FF000000FF000000FF000000FF000000FF000000FF000000FF000000FF000000FF000000FF000000FF000000FF000000FF000000FF000000FF000000FF000000FF000000FF000000FF000000FF000000FF000000FF000000FF000000FF000000FF000000FF000000FF000000FF000000FF000000FF000000FF000000FF000000FF000000FF000000FF000000FF000000FF000000FF000000FF000000FF000000FF000000FF000000FF000000FF000000FF000000FF000000FF000000FF000000FF000000FF000000FF000000FF000000FF000000FF000000FF000000FF000000FF000000FF000000FF000000FF000000FF000000FF000000FF000000FF000000FF000000FF000000FF000000FF000000FF000000FF000000FF000000FF000000FF000000FF000000FF000000FF000000FF000000FF000000FF000000FF000000FF000000FF000000FF000000FF000000FF000000FF000000FF000000FF000000FF000000FF000000FF000000FF000000FF000000FF000000FF000000FF000000FF000000FF000000FF000000FF000000FF000000FF000000FF000000FF000000FF000000FF000000FF000000FF000000FF000000FF000000FF000000FF000000FF000000FF000000FF000000FF000000FF000000FF000000FF000000FF000000FF000000FF000000FF000000FF000000FF000000FF000000FF000000FF000000FF000000FF000000FF000000FF000000FF000000FF000000FF000000FF000000FF000000FF000000FF000000FF000000FF000000FF000000FF000000FF000000FF000000FF000000FF000000FF000000FF000000FF000000FF000000FF000000FF000000FF000000FF000000FF000000FF000000FF000000FF000000FF000000FF000000FF000000FF000000FF000000FF000000FF000000FF000000FF000000FF000000FF000000FF000000FF000000FF000000FF000000FF000000FF000000FF000000FF000000FF000000FF000000FF000000FF000000FF000000FF000000FF000000FF000000FF000000FF000000FF000000FF000000FF000000FF000000FF000000FF000000FF000000FF000000FF000000FF000000FF000000FF000000FF000000FF000000FF000000FF000000FF000000FF000000FF000000FF000000FF000000FF000000FF000000FF000000FF000000FF000000FF000000FF000000FF000000FF000000FF000000FF000000FF000000FF000000FF000000FF2BFD99FF2BFD99FF000000FF000000FF000000FF000000FF000000FF000000FF2BFD99FF2BFD99FF000000FF000000FF000000FF000000FF2BFD99FF2BFD99FF000000FF000000FF000000FF000000FF000000FF000000FF2BFD99FF2BFD99FF000000FF000000FF000000FF000000FF2BFD99FF2BFD99FF000000FF000000FF000000FF000000FF000000FF000000FF2BFD99FF2BFD99FF000000FF000000FF000000FF000000FF2BFD99FF2BFD99FF000000FF000000FF000000FF000000FF000000FF000000FF2BFD99FF2BFD99FF000000FF000000FF000000FF000000FF2BFD99FF2BFD99FF000000FF000000FF000000FF000000FF000000FF000000FF2BFD99FF2BFD99FF000000FF000000FF000000FF000000FF2BFD99FF2BFD99FF000000FF000000FF000000FF000000FF000000FF000000FF2BFD99FF2BFD99FF000000FF000000FF000000FF000000FF2BFD99FF2BFD99FF000000FF000000FF000000FF000000FF000000FF000000FF2BFD99FF2BFD99FF000000FF000000FF000000FF000000FF2BFD99FF2BFD99FF000000FF000000FF000000FF000000FF000000FF000000FF2BFD99FF2BFD99FF000000FF000000FF000000FF000000FF000000FF000000FF000000FF000000FF000000FF000000FF000000FF000000FF000000FF000000FF000000FF000000FF000000FF000000FF000000FF000000FF000000FF000000FF000000FF000000FF000000FF000000FF000000FF000000FF000000FF000000FF000000FF000000FF000000FF000000FF000000FF000000FF000000FF000000FF000000FF000000FF000000FF000000FF000000FF000000FF000000FF000000FF000000FF000000FF000000FF000000FF000000FF000000FF000000FF000000FF000000FF000000FF000000FF000000FF000000FF000000FF000000FF000000FF000000FF000000FF000000FF000000FF000000FF000000FF000000FF000000FF000000FF000000FF000000FF000000FF000000FF000000FF000000FF000000FF000000FF000000FF000000FF000000FF000000FF000000FF000000FF000000FF000000FF000000FF000000FF000000FF000000FF000000FF000000FF000000FF000000FF000000FF000000FF000000FF000000FF000000FF000000FF000000FF000000FF000000FF000000FF000000FF000000FF000000FF000000FF000000FF000000FF000000FF000000FF000000FF000000FF000000FF000000FF000000FF000000FF000000FF000000FF000000FF000000FF000000FF000000FF000000FF000000FF000000FF000000FF000000FF000000FF000000FF000000FF000000FF000000FF000000FF000000FF000000FF000000FF000000FF000000FF000000FF000000FF000000FF000000FF000000FF000000FF000000FF000000FF000000FF000000FF000000FF000000FF000000FF000000FF000000FF000000FF000000FF000000FF000000FF000000FF000000FF000000FF000000FF000000FF000000FF000000FF000000FF000000FF000000FF000000FF000000FF000000FF000000FF000000FF000000FF000000FF000000FF000000FF000000FF000000FF000000FF000000FF000000FF000000FF000000FF000000FF000000FF000000FF000000FF000000FF000000FF000000FF000000FF000000FF000000FF000000FF000000FF000000FF000000FF000000FF000000FF000000FF000000FF000000FF000000FF000000FF000000FF000000FF000000FF000000FF000000FF000000FF000000FF000000FF000000FF000000FF000000FF000000FF000000FF000000FF000000FF000000FF000000FF000000FF000000FF000000FF000000FF000000FF000000FF000000FF000000FF000000FF000000FF000000FF000000FF000000FF000000FF000000FF000000FF000000FF000000FF000000FF000000FF000000FF000000FF000000FF000000FF000000FF000000FF000000FF000000FF000000FF000000FF000000FF000000FF000000FF000000FF000000FF000000FF000000FF000000FF000000FF000000FF000000FF000000FF000000FF000000FF000000FF000000FF000000FF000000FF000000FF000000FF000000FF000000FF000000FF000000FF000000FF000000FF000000FF000000FF000000FF000000FF000000FF000000FF000000FF000000FF000000FF000000FF000000FF000000FF000000FF000000FF000000FF000000FF000000FF000000FF000000FF000000FF000000FF000000FF000000FF000000FF000000FF000000FF000000FF000000FF000000FF000000FF000000FF000000FF000000FF000000FF000000FF000000FF000000FF000000FF000000FF000000FF000000FF000000FF000000FF000000FF000000FF000000FF000000FF000000FF000000FF000000FF000000FF000000FF000000FF000000FF000000FF000000FF000000FF000000FF000000FF000000FF000000FF000000FF000000FF000000FF000000FF000000FF000000FF000000FF000000FF000000FF000000FF000000FF000000FF000000FF000000FF000000FF000000FF000000FF000000FF000000FF000000FF000000FF000000FF000000FF000000FF000000FF000000FF000000FF000000FF000000FF000000FF000000FF000000FF000000FF000000FF000000FF000000FF000000FF000000FF000000FF000000FF000000FF000000FF000000FF000000FF000000FF000000FF000000FF000000FF000000FF000000FF000000FF000000FF000000FF000000FF000000FF000000FF000000FF000000FF000000FF000000FF000000FF000000FF000000FF000000FF000000FF000000FF000000FF000000FF000000FF000000FF000000FF000000FF000000FF000000FF000000FF000000FF000000FF000000FF000000FF000000FF000000FF000000FF000000FF000000FF000000FF000000FF000000FF000000FF000000FF000000FF000000FF000000FF000000FF000000FF000000FF000000FF000000FF000000FF000000FF000000FF000000FF000000FF000000FF000000FF000000FF000000FF000000FF000000FF000000FF000000FF000000FF000000FF000000FF2BFD99FF2BFD99FF2BFD99FF2BFD99FF2BFD99FF2BFD99FF000000FF000000FF000000FF000000FF000000FF000000FF000000FF000000FF2BFD99FF2BFD99FF2BFD99FF2BFD99FF2BFD99FF2BFD99FF000000FF000000FF000000FF000000FF000000FF000000FF2BFD99FF2BFD99FF000000FF000000FF000000FF000000FF000000FF000000FF2BFD99FF2BFD99FF000000FF000000FF000000FF000000FF2BFD99FF2BFD99FF000000FF000000FF000000FF000000FF000000FF000000FF2BFD99FF2BFD99FF000000FF000000FF000000FF000000FF2BFD99FF2BFD99FF000000FF000000FF000000FF000000FF000000FF000000FF2BFD99FF2BFD99FF000000FF000000FF000000FF000000FF2BFD99FF2BFD99FF000000FF000000FF000000FF000000FF000000FF000000FF2BFD99FF2BFD99FF000000FF000000FF000000FF000000FF2BFD99FF2BFD99FF2BFD99FF2BFD99FF2BFD99FF2BFD99FF2BFD99FF2BFD99FF000000FF000000FF000000FF000000FF000000FF000000FF000000FF000000FF2BFD99FF2BFD99FF2BFD99FF2BFD99FF2BFD99FF2BFD99FF000000FF000000FF000000FF000000FF000000FF000000FF000000FF000000FF000000FF000000FF000000FF000000FF000000FF000000FF000000FF000000FF000000FF000000FF000000FF000000FF000000FF000000FF000000FF000000FF000000FF000000FF000000FF000000FF000000FF000000FF000000FF000000FF000000FF000000FF000000FF000000FF000000FF000000FF000000FF000000FF000000FF000000FF000000FF000000FF000000FF000000FF000000FF000000FF000000FF000000FF000000FF000000FF000000FF000000FF000000FF000000FF000000FF000000FF000000FF000000FF000000FF000000FF000000FF000000FF000000FF000000FF000000FF000000FF000000FF000000FF000000FF000000FF000000FF000000FF000000FF000000FF000000FF000000FF000000FF000000FF000000FF000000FF000000FF000000FF000000FF000000FF000000FF000000FF000000FF000000FF000000FF000000FF000000FF000000FF000000FF000000FF000000FF000000FF000000FF000000FF000000FF000000FF000000FF000000FF000000FF000000FF000000FF000000FF000000FF000000FF000000FF000000FF000000FF000000FF000000FF000000FF000000FF000000FF000000FF000000FF000000FF000000FF000000FF000000FF000000FF000000FF000000FF000000FF000000FF000000FF000000FF000000FF000000FF000000FF000000FF000000FF000000FF000000FF000000FF000000FF000000FF000000FF000000FF000000FF000000FF000000FF000000FF000000FF000000FF000000FF000000FF000000FF000000FF000000FF000000FF000000FF000000FF000000FF000000FF000000FF000000FF000000FF000000FF000000FF000000FF000000FF000000FF000000FF000000FF000000FF000000FF000000FF000000FF000000FF000000FF000000FF000000FF000000FF000000FF000000FF000000FF000000FF000000FF000000FF000000FF000000FF000000FF000000FF000000FF000000FF000000FF000000FF000000FF000000FF000000FF000000FF000000FF000000FF000000FF000000FF000000FF000000FF000000FF000000FF000000FF000000FF000000FF000000FF000000FF000000FF000000FF000000FF000000FF000000FF000000FF000000FF000000FF000000FF000000FF000000FF000000FF000000FF000000FF000000FF000000FF000000FF000000FF000000FF000000FF000000FF000000FF000000FF000000FF000000FF000000FF000000FF000000FF000000FF000000FF000000FF000000FF000000FF000000FF000000FF000000FF000000FF000000FF000000FF000000FF000000FF000000FF000000FF000000FF000000FF000000FF000000FF000000FF000000FF000000FF000000FF000000FF000000FF000000FF000000FF000000FF000000FF000000FF000000FF000000FF000000FF000000FF000000FF000000FF000000FF000000FF000000FF000000FF000000FF000000FF000000FF000000FF000000FF000000FF000000FF000000FF000000FF000000FF000000FF000000FF000000FF000000FF000000FF000000FF000000FF000000FF000000FF000000FF000000FF000000FF000000FF000000FF000000FF000000FF000000FF000000FF000000FF000000FF000000FF000000FF000000FF000000FF000000FF000000FF000000FF000000FF000000FF000000FF000000FF000000FF000000FF000000FF000000FF000000FF000000FF000000FF000000FF000000FF000000FF000000FF000000FF000000FF000000FF000000FF000000FF000000FF000000FF000000FF000000FF000000FF000000FF000000FF000000FF000000FF000000FF000000FF000000FF000000FF000000FF000000FF000000FF000000FF000000FF000000FF000000FF000000FF000000FF000000FF000000FF000000FF000000FF000000FF000000FF000000FF000000FF000000FF000000FF000000FF000000FF000000FF000000FF000000FF000000FF000000FF000000FF000000FF000000FF000000FF000000FF000000FF000000FF000000FF000000FF000000FF000000FF000000FF000000FF000000FF000000FF000000FF000000FF000000FF000000FF000000FF000000FF000000FF000000FF000000FF000000FF000000FF000000FF000000FF000000FF000000FF000000FF000000FF000000FF000000FF000000FF000000FF000000FF000000FF000000FF000000FF000000FF000000FF000000FF000000FF000000FF000000FF000000FF000000FF000000FF000000FF000000FF000000FF000000FF000000FF000000FF000000FF000000FF000000FF000000FF000000FF000000FF000000FF000000FF000000FF000000FF000000FF000000FF000000FF000000FF000000FF000000FF000000FF000000FF000000FF000000FF000000FF000000FF000000FF000000FF000000FF000000FF000000FF000000FF2BFD99FF2BFD99FF2BFD99FF2BFD99FF2BFD99FF2BFD99FF000000FF000000FF000000FF000000FF000000FF000000FF000000FF000000FF2BFD99FF2BFD99FF2BFD99FF2BFD99FF2BFD99FF2BFD99FF000000FF000000FF000000FF000000FF000000FF000000FF2BFD99FF2BFD99FF000000FF000000FF000000FF000000FF000000FF000000FF2BFD99FF2BFD99FF000000FF000000FF000000FF000000FF2BFD99FF2BFD99FF000000FF000000FF000000FF000000FF000000FF000000FF2BFD99FF2BFD99FF000000FF000000FF000000FF000000FF2BFD99FF2BFD99FF000000FF000000FF000000FF000000FF000000FF000000FF2BFD99FF2BFD99FF000000FF000000FF000000FF000000FF2BFD99FF2BFD99FF000000FF000000FF000000FF000000FF000000FF000000FF2BFD99FF2BFD99FF000000FF000000FF000000FF000000FF2BFD99FF2BFD99FF2BFD99FF2BFD99FF2BFD99FF2BFD99FF2BFD99FF2BFD99FF000000FF000000FF000000FF000000FF000000FF000000FF000000FF000000FF2BFD99FF2BFD99FF2BFD99FF2BFD99FF2BFD99FF2BFD99FF000000FF000000FF000000FF000000FF000000FF000000FF000000FF000000FF000000FF000000FF000000FF000000FF000000FF000000FF000000FF000000FF000000FF000000FF000000FF000000FF000000FF000000FF000000FF000000FF000000FF000000FF000000FF000000FF000000FF000000FF000000FF000000FF000000FF000000FF000000FF000000FF000000FF000000FF000000FF000000FF000000FF000000FF000000FF000000FF000000FF000000FF000000FF000000FF000000FF000000FF000000FF000000FF000000FF000000FF000000FF000000FF000000FF000000FF000000FF000000FF000000FF000000FF000000FF000000FF000000FF000000FF000000FF000000FF000000FF000000FF000000FF000000FF000000FF000000FF000000FF000000FF000000FF000000FF000000FF000000FF000000FF000000FF000000FF000000FF000000FF000000FF000000FF000000FF000000FF000000FF000000FF000000FF000000FF000000FF000000FF000000FF000000FF000000FF000000FF000000FF000000FF000000FF000000FF000000FF000000FF000000FF000000FF000000FF000000FF000000FF000000FF000000FF000000FF000000FF000000FF000000FF000000FF000000FF000000FF000000FF000000FF000000FF000000FF000000FF000000FF000000FF000000FF000000FF000000FF000000FF000000FF000000FF000000FF000000FF000000FF000000FF000000FF000000FF000000FF000000FF000000FF000000FF000000FF000000FF000000FF000000FF000000FF000000FF000000FF000000FF000000FF000000FF000000FF000000FF000000FF000000FF000000FF000000FF000000FF000000FF000000FF000000FF000000FF000000FF000000FF000000FF000000FF000000FF000000FF000000FF000000FF000000FF000000FF000000FF000000FF000000FF000000FF000000FF000000FF000000FF000000FF000000FF000000FF000000FF000000FF000000FF000000FF000000FF000000FF000000FF000000FF000000FF000000FF000000FF000000FF000000FF000000FF000000FF000000FF000000FF000000FF000000FF000000FF000000FF000000FF000000FF000000FF000000FF000000FF000000FF000000FF000000FF000000FF000000FF000000FF000000FF000000FF000000FF000000FF000000FF000000FF000000FF000000FF000000FF000000FF000000FF000000FF000000FF000000FF000000FF000000FF000000FF000000FF000000FF000000FF000000FF000000FF000000FF000000FF000000FF000000FF000000FF000000FF000000FF000000FF000000FF000000FF000000FF000000FF000000FF000000FF000000FF000000FF000000FF000000FF000000FF000000FF000000FF000000FF000000FF000000FF000000FF000000FF000000FF000000FF000000FF000000FF000000FF000000FF000000FF000000FF000000FF000000FF000000FF000000FF000000FF000000FF000000FF000000FF000000FF000000FF000000FF000000FF000000FF000000FF000000FF000000FF000000FF000000FF000000FF000000FF000000FF000000FF000000FF000000FF000000FF000000FF000000FF000000FF000000FF000000FF000000FF000000FF000000FF000000FF000000FF000000FF000000FF000000FF000000FF000000FF000000FF000000FF000000FF000000FF000000FF000000FF000000FF000000FF000000FF000000FF000000FF000000FF000000FF000000FF000000FF000000FF000000FF000000FF000000FF000000FF000000FF000000FF000000FF000000FF000000FF000000FF000000FF000000FF000000FF000000FF000000FF000000FF000000FF000000FF000000FF000000FF000000FF000000FF000000FF000000FF000000FF000000FF000000FF000000FF000000FF000000FF000000FF000000FF000000FF000000FF000000FF000000FF000000FF000000FF000000FF000000FF000000FF000000FF000000FF000000FF000000FF000000FF000000FF000000FF000000FF000000FF000000FF000000FF000000FF000000FF000000FF000000FF000000FF000000FF000000FF000000FF000000FF000000FF000000FF000000FF000000FF000000FF000000FF000000FF000000FF000000FF000000FF000000FF000000FF000000FF000000FF000000FF000000FF000000FF000000FF000000FF000000FF000000FF000000FF000000FF000000FF000000FF000000FF000000FF000000FF000000FF000000FF000000FF000000FF000000FF000000FF000000FF000000FF000000FF000000FF000000FF000000FF000000FF000000FF000000FF000000FF000000FF000000FF000000FF000000FF000000FF000000FF000000FF000000FF000000FF000000FF000000FF000000FF000000FF000000FF000000FF000000FF000000FF000000FF000000FF000000FF000000FF000000FF000000FF000000FF000000FF000000FF000000FF000000FF000000FF000000FF000000FF000000FF000000FF000000FF000000FF000000FF000000FF000000FF000000FF000000FF000000FF000000FF000000FF000000FF000000FF000000FF000000FF000000FF000000FF000000FF000000FF000000FF000000FF000000FF000000FF000000FF000000FF000000FF000000FF000000FF000000FF000000FF000000FF000000FF000000FF000000FF000000FF000000FF000000FF000000FF000000FF000000FF000000FF000000FF000000FF000000FF000000FF000000FF000000FF000000FF000000FF000000FF000000FF000000FF000000FF000000FF000000FF000000FF000000FF000000FF000000FF000000FF000000FF000000FF000000FF000000FF000000FF000000FF000000FF000000FF000000FF000000FF000000FF000000FF000000FF000000FF000000FF000000FF000000FF000000FF000000FF000000FF000000FF000000FF000000FF000000FF000000FF000000FF000000FF000000FF000000FF000000FF000000FF000000FF000000FF000000FF000000FF000000FF000000FF000000FF000000FF000000FF000000FF000000FF000000FF000000FF000000FF000000FF000000FF000000FF000000FF000000FF000000FF000000FF000000FF000000FF000000FF000000FF000000FF000000FF000000FF000000FF000000FF000000FF000000FF000000FF000000FF000000FF000000FF000000FF000000FF000000FF000000FF000000FF000000FF000000FF000000FF000000FF000000FF000000FF000000FF000000FF000000FF000000FF000000FF000000FF000000FF000000FF000000FF000000FF000000FF000000FF000000FF000000FF000000FF000000FF000000FF000000FF000000FF000000FF000000FF000000FF000000FF000000FF000000FF000000FF000000FF000000FF000000FF000000FF000000FF000000FF000000FF000000FF000000FF000000FF000000FF000000FF000000FF000000FF000000FF000000FF000000FF000000FF000000FF000000FF000000FF000000FF000000FF000000FF000000FF000000FF000000FF000000FF000000FF000000FF000000FF000000FF000000FF000000FF000000FF000000FF000000FF000000FF000000FF000000FF000000FF000000FF000000FF000000FF000000FF000000FF000000FF000000FF000000FF000000FF000000FF000000FF000000FF000000FF000000FF000000FF000000FF000000FF000000FF000000FF000000FF000000FF000000FF000000FF000000FF000000FF000000FF000000FF000000FF000000FF000000FF000000FF000000FF000000FF000000FF000000FF000000FF000000FF000000FF000000FF000000FF000000FF000000FF000000FF000000FF000000FF000000FF000000FF000000FF000000FF000000FF000000FF000000FF000000FF000000FF000000FF000000FF000000FF000000FF000000FF000000FF000000FF000000FF000000FF000000FF000000FF000000FF000000FF000000FF000000FF000000FF000000FF000000FF000000FF000000FF000000FF000000FF000000FF000000FF000000FF000000FF000000FF000000FF000000FF000000FF000000FF000000FF000000FF000000FF000000FF000000FF000000FF000000FF000000FF000000FF000000FF000000FF000000FF000000FF000000FF000000FF000000FF000000FF000000FF000000FF000000FF000000FF000000FF000000FF000000FF000000FF000000FF000000FF000000FF000000FF000000FF000000FF000000FF000000FF000000FF000000FF000000FF000000FF000000FF000000FF000000FF000000FF000000FF000000FF000000FF000000FF000000FF000000FF000000FF000000FF000000FF000000FF000000FF000000FF000000FF000000FF000000FF000000FF000000FF000000FF000000FF000000FF000000FF000000FF000000FF000000FF000000FF000000FF000000FF000000FF000000FF000000FF000000FF000000FF000000FF000000FF000000FF000000FF000000FF000000FF000000FF000000FF000000FF000000FF000000FF000000FF000000FF000000FF000000FF000000FF000000FF000000FF000000FF000000FF000000FF000000FF000000FF000000FF000000FF000000FF000000FF000000FF000000FF000000FF000000FF000000FF000000FF000000FF000000FF000000FF000000FF000000FF000000FF000000FF000000FF000000FF000000FF000000FF000000FF000000FF000000FF000000FF000000FF000000FF000000FF000000FF000000FF000000FF000000FF000000FF000000FF000000FF000000FF000000FF000000FF000000FF000000FF000000FF000000FF000000FF000000FF000000FF000000FF000000FF000000FF000000FF000000FF000000FF000000FF000000FF000000FF000000FF000000FF000000FF000000FF000000FF000000FF000000FF000000FF000000FF000000FF000000FF000000FF000000FF000000FF000000FF000000FF000000FF000000FF000000FF000000FF000000FF000000FF000000FF000000FF000000FF000000FF000000FF000000FF000000FF000000FF000000FF000000FF000000FF000000FF000000FF000000FF000000FF000000FF000000FF000000FF000000FF000000FF000000FF000000FF000000FF000000FF000000FF000000FF000000FF000000FF000000FF000000FF000000FF000000FF000000FF000000FF000000FF000000FF000000FF000000FF000000FF000000FF000000FF000000FF000000FF000000FF000000FF000000FF000000FF000000FF000000FF000000FF000000FF000000FF000000FF000000FF000000FF000000FF000000FF000000FF000000FF000000FF000000FF000000FF000000FF000000FF000000FF000000FF000000FF000000FF000000FF000000FF000000FF000000FF000000FF000000FF000000FF000000FF000000FF000000FF000000FF000000FF000000FF000000FF000000FF000000FF000000FF000000FF000000FF000000FF000000FF000000FF000000FF000000FF000000FF000000FF000000FF000000FF000000FF000000FF000000FF000000FF000000FF000000FF000000FF000000FF000000FF000000FF000000FF000000FF000000FF000000FF000000FF000000FF000000FF000000FF000000FF000000FF000000FF000000FF000000FF000000FF000000FF000000FF000000FF000000FF000000FF000000FF000000FF000000FF000000FF000000FF000000FF000000FF000000FF000000FF000000FF000000FF000000FF000000FF000000FF000000FF000000FF000000FF000000FF000000FF000000FF000000FF000000FF000000FF000000FF000000FF000000FF000000FF000000FF000000FF000000FF000000FF000000FF000000FF000000FF000000FF000000FF000000FF000000FF000000FF000000FF000000FF000000FF000000FF000000FF000000FF000000FF000000FF000000FF000000FF000000FF000000FF000000FF000000FF000000FF000000FF000000FF000000FF000000FF000000FF000000FF000000FF000000FF000000FF000000FF000000FF000000FF000000FF000000FF000000FF000000FF000000FF000000FF000000FF000000FF000000FF000000FF000000FF000000FF000000FF000000FF000000FF000000FF000000FF000000FF000000FF000000FF000000FF000000FF000000FF000000FF000000FF000000FF000000FF000000FF000000FF000000FF000000FF000000FF000000FF000000FF000000FF000000FF000000FF000000FF000000FF000000FF000000FF000000FF000000FF000000FF000000FF000000FF000000FF000000FF000000FF000000FF000000FF000000FF000000FF000000FF000000FF000000FF000000FF000000FF000000FF000000FF000000FF000000FF000000FF000000FF000000FF000000FF000000FF000000FF000000FF000000FF000000FF000000FF000000FF000000FF000000FF000000FF000000FF000000FF000000FF000000FF000000FF000000FF000000FF000000FF000000FF000000FF000000FF000000FF000000FF000000FF000000FF000000FF000000FF000000FF000000FF000000FF000000FF000000FF000000FF000000FF000000FF000000FF000000FF000000FF000000FF000000FF000000FF000000FF000000FF000000FF000000FF000000FF000000FF000000FF000000FF000000FF000000FF000000FF000000FF000000FF000000FF000000FF000000FF000000FF000000FF000000FF000000FF000000FF000000FF000000FF000000FF000000FF000000FF000000FF000000FF000000FF000000FF000000FF000000FF000000FF000000FF000000FF000000FF000000FF000000FF000000FF000000FF000000FF000000FF000000FF000000FF000000FF000000FF000000FF000000FF000000FF000000FF000000FF000000FF000000FF000000FF000000FF000000FF000000FF000000FF000000FF000000FF000000FF000000FF000000FF000000FF000000FF000000FF000000FF000000FF000000FF000000FF000000FF000000FF000000FF000000FF000000FF000000FF000000FF000000FF000000FF000000FF000000FF000000FF000000FF000000FF000000FF000000FF000000FF000000FF000000FF000000FF000000FF000000FF000000FF000000FF000000FF000000FF000000FF000000FF000000FF000000FF000000FF000000FF000000FF000000FF000000FF000000FF000000FF000000FF000000FF000000FF000000FF000000FF000000FF000000FF000000FF000000FF000000FF000000FF000000FF000000FF000000FF000000FF000000FF000000FF000000FF000000FF000000FF000000FF000000FF000000FF000000FF000000FF000000FF000000FF000000FF000000FF000000FF000000FF000000FF000000FF000000FF000000FF000000FF000000FF000000FF000000FF000000FF000000FF000000FF000000FF000000FF000000FF000000FF000000FF000000FF000000FF000000FF000000FF000000FF000000FF000000FF000000FF000000FF000000FF000000FF000000FF000000FF000000FF000000FF000000FF000000FF000000FF000000FF000000FF000000FF000000FF000000FF000000FF000000FF000000FF000000FF000000FF000000FF000000FF000000FF000000FF000000FF000000FF000000FF000000FF000000FF000000FF000000FF000000FF000000FF000000FF000000FF000000FF000000FF000000FF000000FF000000FF000000FF000000FF000000FF000000FF000000FF000000FF000000FF000000FF000000FF000000FF000000FF000000FF000000FF000000FF000000FF000000FF000000FF000000FF000000FF000000FF000000FF000000FF000000FF000000FF000000FF000000FF000000FF000000FF000000FF000000FF000000FF000000FF000000FF000000FF000000FF000000FF000000FF000000FF000000FF000000FF000000FF000000FF000000FF000000FF000000FF000000FF000000FF000000FF000000FF000000FF000000FF000000FF000000FF000000FF000000FF000000FF000000FF000000FF000000FF000000FF000000FF000000FF000000FF000000FF000000FF000000FF000000FF000000FF000000FF000000FF000000FF000000FF000000FF000000FF000000FF000000FF000000FF000000FF000000FF000000FF000000FF000000FF000000FF000000FF000000FF000000FF000000FF000000FF000000FF000000FF000000FF000000FF000000FF000000FF000000FF000000FF000000FF000000FF000000FF000000FF000000FF000000FF000000FF000000FF000000FF000000FF000000FF000000FF000000FF000000FF000000FF000000FF000000FF000000FF000000FF000000FF000000FF000000FF000000FF000000FF000000FF000000FF000000FF000000FF000000FF000000FF000000FF000000FF000000FF000000FF000000FF000000FF000000FF000000FF000000FF000000FF000000FF000000FF000000FF000000FF000000FF000000FF000000FF000000FF000000FF000000FF000000FF000000FF000000FF000000FF000000FF000000FF000000FF000000FF000000FF000000FF000000FF000000FF000000FF000000FF000000FF000000FF000000FF000000FF000000FF000000FF2BFD99FF2BFD99FF000000FF000000FF000000FF000000FF000000FF000000FF000000FF000000FF000000FF000000FF000000FF000000FF000000FF000000FF000000FF000000FF000000FF000000FF000000FF000000FF000000FF000000FF000000FF000000FF000000FF000000FF000000FF000000FF000000FF000000FF000000FF000000FF000000FF000000FF000000FF000000FF000000FF000000FF000000FF000000FF000000FF000000FF000000FF000000FF000000FF000000FF000000FF000000FF000000FF000000FF000000FF000000FF000000FF000000FF000000FF000000FF000000FF000000FF000000FF000000FF000000FF000000FF000000FF000000FF000000FF000000FF000000FF000000FF000000FF000000FF000000FF000000FF000000FF000000FF000000FF000000FF000000FF000000FF000000FF000000FF000000FF000000FF000000FF000000FF000000FF000000FF000000FF000000FF000000FF000000FF000000FF000000FF000000FF000000FF000000FF000000FF000000FF000000FF000000FF000000FF000000FF000000FF000000FF000000FF000000FF000000FF000000FF000000FF000000FF000000FF000000FF000000FF000000FF000000FF000000FF000000FF000000FF000000FF000000FF000000FF000000FF000000FF000000FF000000FF000000FF000000FF000000FF000000FF000000FF000000FF000000FF000000FF000000FF000000FF000000FF000000FF000000FF000000FF2BFD99FF2BFD99FF000000FF000000FF000000FF000000FF000000FF000000FF000000FF000000FF2BFD99FF2BFD99FF2BFD99FF2BFD99FF2BFD99FF2BFD99FF2BFD99FF2BFD99FF000000FF000000FF000000FF000000FF000000FF000000FF2BFD99FF2BFD99FF2BFD99FF2BFD99FF2BFD99FF2BFD99FF2BFD99FF2BFD99FF000000FF000000FF000000FF000000FF000000FF000000FF2BFD99FF2BFD99FF2BFD99FF2BFD99FF2BFD99FF2BFD99FF2BFD99FF2BFD99FF2BFD99FF2BFD99FF000000FF000000FF000000FF000000FF2BFD99FF2BFD99FF000000FF000000FF000000FF000000FF000000FF000000FF2BFD99FF2BFD99FF000000FF000000FF000000FF000000FF2BFD99FF2BFD99FF2BFD99FF2BFD99FF2BFD99FF2BFD99FF2BFD99FF2BFD99FF000000FF000000FF000000FF000000FF000000FF000000FF000000FF000000FF000000FF000000FF000000FF000000FF000000FF000000FF000000FF000000FF000000FF000000FF000000FF000000FF2BFD99FF2BFD99FF000000FF000000FF000000FF000000FF000000FF000000FF000000FF000000FF000000FF000000FF000000FF000000FF000000FF000000FF2BFD99FF2BFD99FF2BFD99FF2BFD99FF2BFD99FF2BFD99FF000000FF000000FF000000FF000000FF000000FF000000FF2BFD99FF2BFD99FF000000FF000000FF000000FF000000FF000000FF000000FF2BFD99FF2BFD99FF000000FF000000FF000000FF000000FF2BFD99FF2BFD99FF2BFD99FF2BFD99FF2BFD99FF2BFD99FF2BFD99FF2BFD99FF2BFD99FF2BFD99FF000000FF000000FF000000FF000000FF000000FF000000FF2BFD99FF2BFD99FF2BFD99FF2BFD99FF2BFD99FF2BFD99FF000000FF000000FF000000FF000000FF000000FF000000FF000000FF000000FF000000FF000000FF000000FF000000FF000000FF000000FF000000FF000000FF000000FF000000FF000000FF000000FF000000FF000000FF000000FF000000FF000000FF000000FF000000FF000000FF000000FF000000FF000000FF000000FF000000FF000000FF000000FF000000FF000000FF000000FF000000FF000000FF000000FF000000FF000000FF000000FF000000FF000000FF000000FF000000FF000000FF000000FF000000FF000000FF000000FF000000FF000000FF000000FF000000FF000000FF000000FF000000FF000000FF000000FF000000FF000000FF000000FF000000FF000000FF000000FF000000FF000000FF000000FF000000FF000000FF000000FF000000FF000000FF000000FF000000FF000000FF000000FF000000FF000000FF000000FF000000FF000000FF000000FF000000FF000000FF000000FF000000FF000000FF000000FF000000FF000000FF000000FF000000FF000000FF000000FF000000FF000000FF000000FF000000FF000000FF000000FF000000FF000000FF000000FF000000FF000000FF000000FF000000FF000000FF000000FF000000FF000000FF000000FF000000FF000000FF000000FF000000FF000000FF000000FF000000FF000000FF000000FF000000FF000000FF000000FF000000FF000000FF000000FF000000FF000000FF000000FF000000FF000000FF000000FF000000FF000000FF000000FF000000FF000000FF000000FF000000FF000000FF000000FF000000FF000000FF000000FF000000FF000000FF000000FF000000FF000000FF000000FF000000FF000000FF000000FF000000FF000000FF000000FF000000FF000000FF000000FF000000FF000000FF000000FF000000FF000000FF000000FF000000FF000000FF000000FF000000FF000000FF000000FF000000FF000000FF000000FF000000FF000000FF000000FF000000FF000000FF000000FF000000FF000000FF000000FF000000FF000000FF000000FF000000FF000000FF000000FF000000FF000000FF000000FF000000FF000000FF000000FF000000FF000000FF000000FF000000FF000000FF000000FF000000FF000000FF000000FF000000FF000000FF000000FF000000FF000000FF000000FF000000FF000000FF000000FF000000FF000000FF000000FF000000FF000000FF000000FF000000FF000000FF000000FF000000FF000000FF000000FF000000FF000000FF000000FF000000FF000000FF000000FF000000FF000000FF000000FF000000FF000000FF000000FF000000FF000000FF000000FF000000FF000000FF000000FF000000FF000000FF000000FF000000FF000000FF000000FF000000FF000000FF000000FF000000FF000000FF000000FF000000FF000000FF2BFD99FF2BFD99FF000000FF000000FF000000FF000000FF000000FF000000FF000000FF000000FF000000FF000000FF000000FF000000FF000000FF000000FF000000FF000000FF000000FF000000FF000000FF000000FF000000FF000000FF000000FF000000FF000000FF000000FF000000FF000000FF000000FF000000FF000000FF000000FF000000FF000000FF000000FF000000FF000000FF000000FF000000FF000000FF000000FF000000FF000000FF000000FF000000FF000000FF000000FF000000FF000000FF000000FF000000FF000000FF000000FF000000FF000000FF000000FF000000FF000000FF000000FF000000FF000000FF000000FF000000FF000000FF000000FF000000FF000000FF000000FF000000FF000000FF000000FF000000FF000000FF000000FF000000FF000000FF000000FF000000FF000000FF000000FF000000FF000000FF000000FF000000FF000000FF000000FF000000FF000000FF000000FF000000FF000000FF000000FF000000FF000000FF000000FF000000FF000000FF000000FF000000FF000000FF000000FF000000FF000000FF000000FF000000FF000000FF000000FF000000FF000000FF000000FF000000FF000000FF000000FF000000FF000000FF000000FF000000FF000000FF000000FF000000FF000000FF000000FF000000FF000000FF000000FF000000FF000000FF000000FF000000FF000000FF000000FF000000FF000000FF000000FF000000FF000000FF000000FF000000FF2BFD99FF2BFD99FF000000FF000000FF000000FF000000FF000000FF000000FF000000FF000000FF2BFD99FF2BFD99FF2BFD99FF2BFD99FF2BFD99FF2BFD99FF2BFD99FF2BFD99FF000000FF000000FF000000FF000000FF000000FF000000FF2BFD99FF2BFD99FF2BFD99FF2BFD99FF2BFD99FF2BFD99FF2BFD99FF2BFD99FF000000FF000000FF000000FF000000FF000000FF000000FF2BFD99FF2BFD99FF2BFD99FF2BFD99FF2BFD99FF2BFD99FF2BFD99FF2BFD99FF2BFD99FF2BFD99FF000000FF000000FF000000FF000000FF2BFD99FF2BFD99FF000000FF000000FF000000FF000000FF000000FF000000FF2BFD99FF2BFD99FF000000FF000000FF000000FF000000FF2BFD99FF2BFD99FF2BFD99FF2BFD99FF2BFD99FF2BFD99FF2BFD99FF2BFD99FF000000FF000000FF000000FF000000FF000000FF000000FF000000FF000000FF000000FF000000FF000000FF000000FF000000FF000000FF000000FF000000FF000000FF000000FF000000FF000000FF2BFD99FF2BFD99FF000000FF000000FF000000FF000000FF000000FF000000FF000000FF000000FF000000FF000000FF000000FF000000FF000000FF000000FF2BFD99FF2BFD99FF2BFD99FF2BFD99FF2BFD99FF2BFD99FF000000FF000000FF000000FF000000FF000000FF000000FF2BFD99FF2BFD99FF000000FF000000FF000000FF000000FF000000FF000000FF2BFD99FF2BFD99FF000000FF000000FF000000FF000000FF2BFD99FF2BFD99FF2BFD99FF2BFD99FF2BFD99FF2BFD99FF2BFD99FF2BFD99FF2BFD99FF2BFD99FF000000FF000000FF000000FF000000FF000000FF000000FF2BFD99FF2BFD99FF2BFD99FF2BFD99FF2BFD99FF2BFD99FF000000FF000000FF000000FF000000FF000000FF000000FF000000FF000000FF000000FF000000FF000000FF000000FF000000FF000000FF000000FF000000FF000000FF000000FF000000FF000000FF000000FF000000FF000000FF000000FF000000FF000000FF000000FF000000FF000000FF000000FF000000FF000000FF000000FF000000FF000000FF000000FF000000FF000000FF000000FF000000FF000000FF000000FF000000FF000000FF000000FF000000FF000000FF000000FF000000FF000000FF000000FF000000FF000000FF000000FF000000FF000000FF000000FF000000FF000000FF000000FF000000FF000000FF000000FF000000FF000000FF000000FF000000FF000000FF000000FF000000FF000000FF000000FF000000FF000000FF000000FF000000FF000000FF000000FF000000FF000000FF000000FF000000FF000000FF000000FF000000FF000000FF000000FF000000FF000000FF000000FF000000FF000000FF000000FF000000FF000000FF000000FF000000FF000000FF000000FF000000FF000000FF000000FF000000FF000000FF000000FF000000FF000000FF000000FF000000FF000000FF000000FF000000FF000000FF000000FF000000FF000000FF000000FF000000FF000000FF000000FF000000FF000000FF000000FF000000FF000000FF000000FF000000FF000000FF000000FF000000FF000000FF000000FF000000FF000000FF000000FF000000FF000000FF000000FF000000FF000000FF000000FF000000FF000000FF000000FF000000FF000000FF000000FF000000FF000000FF000000FF000000FF000000FF000000FF000000FF000000FF000000FF000000FF000000FF000000FF000000FF000000FF000000FF000000FF000000FF000000FF000000FF000000FF000000FF000000FF000000FF000000FF000000FF000000FF000000FF000000FF000000FF000000FF000000FF000000FF000000FF000000FF000000FF000000FF000000FF000000FF000000FF000000FF000000FF000000FF000000FF000000FF000000FF000000FF000000FF000000FF000000FF000000FF000000FF000000FF000000FF000000FF000000FF000000FF000000FF000000FF000000FF000000FF000000FF000000FF000000FF000000FF000000FF000000FF000000FF000000FF000000FF000000FF000000FF000000FF000000FF000000FF000000FF000000FF000000FF000000FF000000FF000000FF000000FF000000FF000000FF000000FF000000FF000000FF000000FF000000FF000000FF000000FF000000FF000000FF000000FF000000FF000000FF000000FF000000FF000000FF000000FF000000FF000000FF000000FF000000FF000000FF000000FF000000FF000000FF000000FF000000FF000000FF000000FF000000FF000000FF2BFD99FF2BFD99FF000000FF000000FF2BFD99FF2BFD99FF000000FF000000FF000000FF000000FF000000FF000000FF000000FF000000FF000000FF000000FF000000FF000000FF000000FF000000FF000000FF000000FF000000FF000000FF000000FF000000FF000000FF000000FF000000FF000000FF000000FF000000FF000000FF000000FF000000FF000000FF000000FF000000FF000000FF000000FF000000FF000000FF000000FF000000FF000000FF000000FF000000FF000000FF000000FF000000FF000000FF000000FF000000FF000000FF000000FF000000FF000000FF000000FF000000FF000000FF000000FF000000FF000000FF000000FF000000FF000000FF000000FF000000FF000000FF000000FF000000FF000000FF000000FF000000FF000000FF000000FF000000FF000000FF000000FF000000FF000000FF000000FF000000FF000000FF000000FF000000FF000000FF000000FF000000FF000000FF000000FF000000FF000000FF000000FF000000FF000000FF000000FF000000FF000000FF000000FF000000FF000000FF000000FF000000FF000000FF000000FF000000FF000000FF000000FF000000FF000000FF000000FF000000FF000000FF000000FF000000FF000000FF000000FF000000FF000000FF000000FF000000FF000000FF000000FF000000FF000000FF000000FF000000FF000000FF000000FF000000FF000000FF000000FF000000FF000000FF000000FF000000FF000000FF000000FF000000FF2BFD99FF2BFD99FF000000FF000000FF2BFD99FF2BFD99FF000000FF000000FF000000FF000000FF000000FF000000FF2BFD99FF2BFD99FF000000FF000000FF000000FF000000FF000000FF000000FF2BFD99FF2BFD99FF000000FF000000FF000000FF000000FF2BFD99FF2BFD99FF000000FF000000FF000000FF000000FF000000FF000000FF2BFD99FF2BFD99FF000000FF000000FF000000FF000000FF2BFD99FF2BFD99FF000000FF000000FF000000FF000000FF000000FF000000FF000000FF000000FF000000FF000000FF000000FF000000FF2BFD99FF2BFD99FF000000FF000000FF000000FF000000FF000000FF000000FF2BFD99FF2BFD99FF000000FF000000FF000000FF000000FF2BFD99FF2BFD99FF000000FF000000FF000000FF000000FF000000FF000000FF2BFD99FF2BFD99FF000000FF000000FF000000FF000000FF000000FF000000FF000000FF000000FF000000FF000000FF000000FF000000FF000000FF000000FF000000FF000000FF000000FF000000FF2BFD99FF2BFD99FF000000FF000000FF000000FF000000FF000000FF000000FF000000FF000000FF000000FF000000FF000000FF000000FF000000FF000000FF000000FF000000FF2BFD99FF2BFD99FF000000FF000000FF000000FF000000FF000000FF000000FF000000FF000000FF2BFD99FF2BFD99FF000000FF000000FF000000FF000000FF000000FF000000FF2BFD99FF2BFD99FF000000FF000000FF000000FF000000FF2BFD99FF2BFD99FF000000FF000000FF000000FF000000FF000000FF000000FF000000FF000000FF000000FF000000FF000000FF000000FF2BFD99FF2BFD99FF000000FF000000FF000000FF000000FF000000FF000000FF2BFD99FF2BFD99FF000000FF000000FF000000FF000000FF000000FF000000FF000000FF000000FF000000FF000000FF000000FF000000FF000000FF000000FF000000FF000000FF000000FF000000FF000000FF000000FF000000FF000000FF000000FF000000FF000000FF000000FF000000FF000000FF000000FF000000FF000000FF000000FF000000FF000000FF000000FF000000FF000000FF000000FF000000FF000000FF000000FF000000FF000000FF000000FF000000FF000000FF000000FF000000FF000000FF000000FF000000FF000000FF000000FF000000FF000000FF000000FF000000FF000000FF000000FF000000FF000000FF000000FF000000FF000000FF000000FF000000FF000000FF000000FF000000FF000000FF000000FF000000FF000000FF000000FF000000FF000000FF000000FF000000FF000000FF000000FF000000FF000000FF000000FF000000FF000000FF000000FF000000FF000000FF000000FF000000FF000000FF000000FF000000FF000000FF000000FF000000FF000000FF000000FF000000FF000000FF000000FF000000FF000000FF000000FF000000FF000000FF000000FF000000FF000000FF000000FF000000FF000000FF000000FF000000FF000000FF000000FF000000FF000000FF000000FF000000FF000000FF000000FF000000FF000000FF000000FF000000FF000000FF000000FF000000FF000000FF000000FF000000FF000000FF000000FF000000FF000000FF000000FF000000FF000000FF000000FF000000FF000000FF000000FF000000FF000000FF000000FF000000FF000000FF000000FF000000FF000000FF000000FF000000FF000000FF000000FF000000FF000000FF000000FF000000FF000000FF000000FF000000FF000000FF000000FF000000FF000000FF000000FF000000FF000000FF000000FF000000FF000000FF000000FF000000FF000000FF000000FF000000FF000000FF000000FF000000FF000000FF000000FF000000FF000000FF000000FF000000FF000000FF000000FF000000FF000000FF000000FF000000FF000000FF000000FF000000FF000000FF000000FF000000FF000000FF000000FF000000FF000000FF000000FF000000FF000000FF000000FF000000FF000000FF000000FF000000FF000000FF000000FF000000FF000000FF000000FF000000FF000000FF000000FF000000FF000000FF000000FF000000FF000000FF000000FF000000FF000000FF000000FF000000FF000000FF000000FF000000FF000000FF000000FF000000FF000000FF000000FF000000FF000000FF000000FF000000FF000000FF000000FF000000FF000000FF000000FF000000FF000000FF000000FF000000FF000000FF000000FF000000FF000000FF000000FF000000FF000000FF000000FF000000FF2BFD99FF2BFD99FF000000FF000000FF2BFD99FF2BFD99FF000000FF000000FF000000FF000000FF000000FF000000FF000000FF000000FF000000FF000000FF000000FF000000FF000000FF000000FF000000FF000000FF000000FF000000FF000000FF000000FF000000FF000000FF000000FF000000FF000000FF000000FF000000FF000000FF000000FF000000FF000000FF000000FF000000FF000000FF000000FF000000FF000000FF000000FF000000FF000000FF000000FF000000FF000000FF000000FF000000FF000000FF000000FF000000FF000000FF000000FF000000FF000000FF000000FF000000FF000000FF000000FF000000FF000000FF000000FF000000FF000000FF000000FF000000FF000000FF000000FF000000FF000000FF000000FF000000FF000000FF000000FF000000FF000000FF000000FF000000FF000000FF000000FF000000FF000000FF000000FF000000FF000000FF000000FF000000FF000000FF000000FF000000FF000000FF000000FF000000FF000000FF000000FF000000FF000000FF000000FF000000FF000000FF000000FF000000FF000000FF000000FF000000FF000000FF000000FF000000FF000000FF000000FF000000FF000000FF000000FF000000FF000000FF000000FF000000FF000000FF000000FF000000FF000000FF000000FF000000FF000000FF000000FF000000FF000000FF000000FF000000FF000000FF000000FF000000FF000000FF000000FF000000FF000000FF000000FF2BFD99FF2BFD99FF000000FF000000FF2BFD99FF2BFD99FF000000FF000000FF000000FF000000FF000000FF000000FF2BFD99FF2BFD99FF000000FF000000FF000000FF000000FF000000FF000000FF2BFD99FF2BFD99FF000000FF000000FF000000FF000000FF2BFD99FF2BFD99FF000000FF000000FF000000FF000000FF000000FF000000FF2BFD99FF2BFD99FF000000FF000000FF000000FF000000FF2BFD99FF2BFD99FF000000FF000000FF000000FF000000FF000000FF000000FF000000FF000000FF000000FF000000FF000000FF000000FF2BFD99FF2BFD99FF000000FF000000FF000000FF000000FF000000FF000000FF2BFD99FF2BFD99FF000000FF000000FF000000FF000000FF2BFD99FF2BFD99FF000000FF000000FF000000FF000000FF000000FF000000FF2BFD99FF2BFD99FF000000FF000000FF000000FF000000FF000000FF000000FF000000FF000000FF000000FF000000FF000000FF000000FF000000FF000000FF000000FF000000FF000000FF000000FF2BFD99FF2BFD99FF000000FF000000FF000000FF000000FF000000FF000000FF000000FF000000FF000000FF000000FF000000FF000000FF000000FF000000FF000000FF000000FF2BFD99FF2BFD99FF000000FF000000FF000000FF000000FF000000FF000000FF000000FF000000FF2BFD99FF2BFD99FF000000FF000000FF000000FF000000FF000000FF000000FF2BFD99FF2BFD99FF000000FF000000FF000000FF000000FF2BFD99FF2BFD99FF000000FF000000FF000000FF000000FF000000FF000000FF000000FF000000FF000000FF000000FF000000FF000000FF2BFD99FF2BFD99FF000000FF000000FF000000FF000000FF000000FF000000FF2BFD99FF2BFD99FF000000FF000000FF000000FF000000FF000000FF000000FF000000FF000000FF000000FF000000FF000000FF000000FF000000FF000000FF000000FF000000FF000000FF000000FF000000FF000000FF000000FF000000FF000000FF000000FF000000FF000000FF000000FF000000FF000000FF000000FF000000FF000000FF000000FF000000FF000000FF000000FF000000FF000000FF000000FF000000FF000000FF000000FF000000FF000000FF000000FF000000FF000000FF000000FF000000FF000000FF000000FF000000FF000000FF000000FF000000FF000000FF000000FF000000FF000000FF000000FF000000FF000000FF000000FF000000FF000000FF000000FF000000FF000000FF000000FF000000FF000000FF000000FF000000FF000000FF000000FF000000FF000000FF000000FF000000FF000000FF000000FF000000FF000000FF000000FF000000FF000000FF000000FF000000FF000000FF000000FF000000FF000000FF000000FF000000FF000000FF000000FF000000FF000000FF000000FF000000FF000000FF000000FF000000FF000000FF000000FF000000FF000000FF000000FF000000FF000000FF000000FF000000FF000000FF000000FF000000FF000000FF000000FF000000FF000000FF000000FF000000FF000000FF000000FF000000FF000000FF000000FF000000FF000000FF000000FF000000FF000000FF000000FF000000FF000000FF000000FF000000FF000000FF000000FF000000FF000000FF000000FF000000FF000000FF000000FF000000FF000000FF000000FF000000FF000000FF000000FF000000FF000000FF000000FF000000FF000000FF000000FF000000FF000000FF000000FF000000FF000000FF000000FF000000FF000000FF000000FF000000FF000000FF000000FF000000FF000000FF000000FF000000FF000000FF000000FF000000FF000000FF000000FF000000FF000000FF000000FF000000FF000000FF000000FF000000FF000000FF000000FF000000FF000000FF000000FF000000FF000000FF000000FF000000FF000000FF000000FF000000FF000000FF000000FF000000FF000000FF000000FF000000FF000000FF000000FF000000FF000000FF000000FF000000FF000000FF000000FF000000FF000000FF000000FF000000FF000000FF000000FF000000FF000000FF000000FF000000FF000000FF000000FF000000FF000000FF000000FF000000FF000000FF000000FF000000FF000000FF000000FF000000FF000000FF000000FF000000FF000000FF000000FF000000FF000000FF000000FF000000FF000000FF000000FF000000FF000000FF000000FF000000FF000000FF000000FF000000FF000000FF000000FF000000FF000000FF000000FF000000FF2BFD99FF2BFD99FF000000FF000000FF000000FF000000FF000000FF000000FF2BFD99FF2BFD99FF000000FF000000FF000000FF000000FF000000FF000000FF000000FF000000FF000000FF000000FF000000FF000000FF000000FF000000FF000000FF000000FF000000FF000000FF000000FF000000FF000000FF000000FF000000FF000000FF000000FF000000FF000000FF000000FF000000FF000000FF000000FF000000FF000000FF000000FF000000FF000000FF000000FF000000FF000000FF000000FF000000FF000000FF000000FF000000FF000000FF000000FF000000FF000000FF000000FF000000FF000000FF000000FF000000FF000000FF000000FF000000FF000000FF000000FF000000FF000000FF000000FF000000FF000000FF000000FF000000FF000000FF000000FF000000FF000000FF000000FF000000FF000000FF000000FF000000FF000000FF000000FF000000FF000000FF000000FF000000FF000000FF000000FF000000FF000000FF000000FF000000FF000000FF000000FF000000FF000000FF000000FF000000FF000000FF000000FF000000FF000000FF000000FF000000FF000000FF000000FF000000FF000000FF000000FF000000FF000000FF000000FF2BFD99FF2BFD99FF000000FF000000FF000000FF000000FF000000FF000000FF000000FF000000FF000000FF000000FF000000FF000000FF000000FF000000FF000000FF000000FF000000FF000000FF000000FF000000FF000000FF000000FF2BFD99FF2BFD99FF000000FF000000FF000000FF000000FF000000FF000000FF2BFD99FF2BFD99FF000000FF000000FF000000FF000000FF2BFD99FF2BFD99FF000000FF000000FF000000FF000000FF000000FF000000FF2BFD99FF2BFD99FF000000FF000000FF000000FF000000FF2BFD99FF2BFD99FF000000FF000000FF000000FF000000FF000000FF000000FF2BFD99FF2BFD99FF000000FF000000FF000000FF000000FF2BFD99FF2BFD99FF000000FF000000FF000000FF000000FF000000FF000000FF000000FF000000FF000000FF000000FF000000FF000000FF2BFD99FF2BFD99FF2BFD99FF2BFD99FF000000FF000000FF000000FF000000FF2BFD99FF2BFD99FF000000FF000000FF000000FF000000FF2BFD99FF2BFD99FF000000FF000000FF000000FF000000FF000000FF000000FF2BFD99FF2BFD99FF000000FF000000FF000000FF000000FF000000FF000000FF000000FF000000FF000000FF000000FF000000FF000000FF000000FF000000FF000000FF000000FF000000FF000000FF2BFD99FF2BFD99FF000000FF000000FF000000FF000000FF000000FF000000FF000000FF000000FF000000FF000000FF000000FF000000FF000000FF000000FF000000FF000000FF2BFD99FF2BFD99FF000000FF000000FF000000FF000000FF000000FF000000FF000000FF000000FF2BFD99FF2BFD99FF2BFD99FF2BFD99FF000000FF000000FF000000FF000000FF2BFD99FF2BFD99FF000000FF000000FF000000FF000000FF2BFD99FF2BFD99FF000000FF000000FF000000FF000000FF000000FF000000FF000000FF000000FF000000FF000000FF000000FF000000FF2BFD99FF2BFD99FF000000FF000000FF000000FF000000FF000000FF000000FF000000FF000000FF000000FF000000FF000000FF000000FF000000FF000000FF000000FF000000FF000000FF000000FF000000FF000000FF000000FF000000FF000000FF000000FF000000FF000000FF000000FF000000FF000000FF000000FF000000FF000000FF000000FF000000FF000000FF000000FF000000FF000000FF000000FF000000FF000000FF000000FF000000FF000000FF000000FF000000FF000000FF000000FF000000FF000000FF000000FF000000FF000000FF000000FF000000FF000000FF000000FF000000FF000000FF000000FF000000FF000000FF000000FF000000FF000000FF000000FF000000FF000000FF000000FF000000FF000000FF000000FF000000FF000000FF000000FF000000FF000000FF000000FF000000FF000000FF000000FF000000FF000000FF000000FF000000FF000000FF000000FF000000FF000000FF000000FF000000FF000000FF000000FF000000FF000000FF000000FF000000FF000000FF000000FF000000FF000000FF000000FF000000FF000000FF000000FF000000FF000000FF000000FF000000FF000000FF000000FF000000FF000000FF000000FF000000FF000000FF000000FF000000FF000000FF000000FF000000FF000000FF000000FF000000FF000000FF000000FF000000FF000000FF000000FF000000FF000000FF000000FF000000FF000000FF000000FF000000FF000000FF000000FF000000FF000000FF000000FF000000FF000000FF000000FF000000FF000000FF000000FF000000FF000000FF000000FF000000FF000000FF000000FF000000FF000000FF000000FF000000FF000000FF000000FF000000FF000000FF000000FF000000FF000000FF000000FF000000FF000000FF000000FF000000FF000000FF000000FF000000FF000000FF000000FF000000FF000000FF000000FF000000FF000000FF000000FF000000FF000000FF000000FF000000FF000000FF000000FF000000FF000000FF000000FF000000FF000000FF000000FF000000FF000000FF000000FF000000FF000000FF000000FF000000FF000000FF000000FF000000FF000000FF000000FF000000FF000000FF000000FF000000FF000000FF000000FF000000FF000000FF000000FF000000FF000000FF000000FF000000FF000000FF000000FF000000FF000000FF000000FF000000FF000000FF000000FF000000FF000000FF000000FF000000FF000000FF000000FF000000FF000000FF000000FF000000FF000000FF000000FF000000FF000000FF000000FF000000FF000000FF000000FF000000FF000000FF000000FF000000FF000000FF000000FF000000FF000000FF000000FF000000FF000000FF000000FF000000FF000000FF000000FF000000FF000000FF000000FF000000FF000000FF000000FF2BFD99FF2BFD99FF000000FF000000FF000000FF000000FF000000FF000000FF2BFD99FF2BFD99FF000000FF000000FF000000FF000000FF000000FF000000FF000000FF000000FF000000FF000000FF000000FF000000FF000000FF000000FF000000FF000000FF000000FF000000FF000000FF000000FF000000FF000000FF000000FF000000FF000000FF000000FF000000FF000000FF000000FF000000FF000000FF000000FF000000FF000000FF000000FF000000FF000000FF000000FF000000FF000000FF000000FF000000FF000000FF000000FF000000FF000000FF000000FF000000FF000000FF000000FF000000FF000000FF000000FF000000FF000000FF000000FF000000FF000000FF000000FF000000FF000000FF000000FF000000FF000000FF000000FF000000FF000000FF000000FF000000FF000000FF000000FF000000FF000000FF000000FF000000FF000000FF000000FF000000FF000000FF000000FF000000FF000000FF000000FF000000FF000000FF000000FF000000FF000000FF000000FF000000FF000000FF000000FF000000FF000000FF000000FF000000FF000000FF000000FF000000FF000000FF000000FF000000FF000000FF000000FF000000FF000000FF2BFD99FF2BFD99FF000000FF000000FF000000FF000000FF000000FF000000FF000000FF000000FF000000FF000000FF000000FF000000FF000000FF000000FF000000FF000000FF000000FF000000FF000000FF000000FF000000FF000000FF2BFD99FF2BFD99FF000000FF000000FF000000FF000000FF000000FF000000FF2BFD99FF2BFD99FF000000FF000000FF000000FF000000FF2BFD99FF2BFD99FF000000FF000000FF000000FF000000FF000000FF000000FF2BFD99FF2BFD99FF000000FF000000FF000000FF000000FF2BFD99FF2BFD99FF000000FF000000FF000000FF000000FF000000FF000000FF2BFD99FF2BFD99FF000000FF000000FF000000FF000000FF2BFD99FF2BFD99FF000000FF000000FF000000FF000000FF000000FF000000FF000000FF000000FF000000FF000000FF000000FF000000FF2BFD99FF2BFD99FF2BFD99FF2BFD99FF000000FF000000FF000000FF000000FF2BFD99FF2BFD99FF000000FF000000FF000000FF000000FF2BFD99FF2BFD99FF000000FF000000FF000000FF000000FF000000FF000000FF2BFD99FF2BFD99FF000000FF000000FF000000FF000000FF000000FF000000FF000000FF000000FF000000FF000000FF000000FF000000FF000000FF000000FF000000FF000000FF000000FF000000FF2BFD99FF2BFD99FF000000FF000000FF000000FF000000FF000000FF000000FF000000FF000000FF000000FF000000FF000000FF000000FF000000FF000000FF000000FF000000FF2BFD99FF2BFD99FF000000FF000000FF000000FF000000FF000000FF000000FF000000FF000000FF2BFD99FF2BFD99FF2BFD99FF2BFD99FF000000FF000000FF000000FF000000FF2BFD99FF2BFD99FF000000FF000000FF000000FF000000FF2BFD99FF2BFD99FF000000FF000000FF000000FF000000FF000000FF000000FF000000FF000000FF000000FF000000FF000000FF000000FF2BFD99FF2BFD99FF000000FF000000FF000000FF000000FF000000FF000000FF000000FF000000FF000000FF000000FF000000FF000000FF000000FF000000FF000000FF000000FF000000FF000000FF000000FF000000FF000000FF000000FF000000FF000000FF000000FF000000FF000000FF000000FF000000FF000000FF000000FF000000FF000000FF000000FF000000FF000000FF000000FF000000FF000000FF000000FF000000FF000000FF000000FF000000FF000000FF000000FF000000FF000000FF000000FF000000FF000000FF000000FF000000FF000000FF000000FF000000FF000000FF000000FF000000FF000000FF000000FF000000FF000000FF000000FF000000FF000000FF000000FF000000FF000000FF000000FF000000FF000000FF000000FF000000FF000000FF000000FF000000FF000000FF000000FF000000FF000000FF000000FF000000FF000000FF000000FF000000FF000000FF000000FF000000FF000000FF000000FF000000FF000000FF000000FF000000FF000000FF000000FF000000FF000000FF000000FF000000FF000000FF000000FF000000FF000000FF000000FF000000FF000000FF000000FF000000FF000000FF000000FF000000FF000000FF000000FF000000FF000000FF000000FF000000FF000000FF000000FF000000FF000000FF000000FF000000FF000000FF000000FF000000FF000000FF000000FF000000FF000000FF000000FF000000FF000000FF000000FF000000FF000000FF000000FF000000FF000000FF000000FF000000FF000000FF000000FF000000FF000000FF000000FF000000FF000000FF000000FF000000FF000000FF000000FF000000FF000000FF000000FF000000FF000000FF000000FF000000FF000000FF000000FF000000FF000000FF000000FF000000FF000000FF000000FF000000FF000000FF000000FF000000FF000000FF000000FF000000FF000000FF000000FF000000FF000000FF000000FF000000FF000000FF000000FF000000FF000000FF000000FF000000FF000000FF000000FF000000FF000000FF000000FF000000FF000000FF000000FF000000FF000000FF000000FF000000FF000000FF000000FF000000FF000000FF000000FF000000FF000000FF000000FF000000FF000000FF000000FF000000FF000000FF000000FF000000FF000000FF000000FF000000FF000000FF000000FF000000FF000000FF000000FF000000FF000000FF000000FF000000FF000000FF000000FF000000FF000000FF000000FF000000FF000000FF000000FF000000FF000000FF000000FF000000FF000000FF000000FF000000FF000000FF000000FF000000FF000000FF000000FF000000FF000000FF000000FF000000FF000000FF000000FF000000FF000000FF000000FF000000FF000000FF000000FF000000FF000000FF000000FF000000FF000000FF2BFD99FF2BFD99FF000000FF000000FF000000FF000000FF000000FF000000FF2BFD99FF2BFD99FF000000FF000000FF000000FF000000FF000000FF000000FF000000FF000000FF000000FF000000FF000000FF000000FF000000FF000000FF000000FF000000FF000000FF000000FF000000FF000000FF000000FF000000FF000000FF000000FF000000FF000000FF000000FF000000FF000000FF000000FF000000FF000000FF000000FF000000FF000000FF000000FF000000FF000000FF000000FF000000FF000000FF000000FF000000FF000000FF000000FF000000FF000000FF000000FF000000FF000000FF000000FF000000FF000000FF000000FF000000FF000000FF000000FF000000FF000000FF000000FF000000FF000000FF000000FF000000FF000000FF000000FF000000FF000000FF000000FF000000FF000000FF000000FF000000FF000000FF000000FF000000FF000000FF000000FF000000FF000000FF000000FF000000FF000000FF000000FF000000FF000000FF000000FF000000FF000000FF000000FF000000FF000000FF000000FF000000FF000000FF000000FF000000FF000000FF000000FF000000FF000000FF000000FF000000FF000000FF000000FF000000FF000000FF000000FF000000FF000000FF000000FF000000FF000000FF000000FF000000FF000000FF000000FF000000FF000000FF000000FF000000FF000000FF000000FF000000FF000000FF000000FF000000FF000000FF000000FF000000FF2BFD99FF2BFD99FF000000FF000000FF000000FF000000FF000000FF000000FF2BFD99FF2BFD99FF000000FF000000FF000000FF000000FF2BFD99FF2BFD99FF2BFD99FF2BFD99FF2BFD99FF2BFD99FF2BFD99FF2BFD99FF000000FF000000FF000000FF000000FF000000FF000000FF2BFD99FF2BFD99FF2BFD99FF2BFD99FF2BFD99FF2BFD99FF2BFD99FF2BFD99FF000000FF000000FF000000FF000000FF000000FF000000FF2BFD99FF2BFD99FF2BFD99FF2BFD99FF2BFD99FF2BFD99FF2BFD99FF2BFD99FF000000FF000000FF000000FF000000FF000000FF000000FF2BFD99FF2BFD99FF000000FF000000FF2BFD99FF2BFD99FF000000FF000000FF2BFD99FF2BFD99FF000000FF000000FF000000FF000000FF2BFD99FF2BFD99FF000000FF000000FF000000FF000000FF000000FF000000FF2BFD99FF2BFD99FF000000FF000000FF000000FF000000FF000000FF000000FF000000FF000000FF000000FF000000FF000000FF000000FF000000FF000000FF000000FF000000FF000000FF000000FF2BFD99FF2BFD99FF000000FF000000FF000000FF000000FF000000FF000000FF000000FF000000FF000000FF000000FF000000FF000000FF000000FF000000FF000000FF000000FF2BFD99FF2BFD99FF000000FF000000FF000000FF000000FF000000FF000000FF000000FF000000FF2BFD99FF2BFD99FF000000FF000000FF2BFD99FF2BFD99FF000000FF000000FF2BFD99FF2BFD99FF000000FF000000FF000000FF000000FF2BFD99FF2BFD99FF2BFD99FF2BFD99FF2BFD99FF2BFD99FF2BFD99FF2BFD99FF000000FF000000FF000000FF000000FF000000FF000000FF000000FF000000FF2BFD99FF2BFD99FF2BFD99FF2BFD99FF2BFD99FF2BFD99FF000000FF000000FF000000FF000000FF000000FF000000FF000000FF000000FF000000FF000000FF000000FF000000FF000000FF000000FF000000FF000000FF000000FF000000FF000000FF000000FF000000FF000000FF000000FF000000FF000000FF000000FF000000FF000000FF000000FF000000FF000000FF000000FF000000FF000000FF000000FF000000FF000000FF000000FF000000FF000000FF000000FF000000FF000000FF000000FF000000FF000000FF000000FF000000FF000000FF000000FF000000FF000000FF000000FF000000FF000000FF000000FF000000FF000000FF000000FF000000FF000000FF000000FF000000FF000000FF000000FF000000FF000000FF000000FF000000FF000000FF000000FF000000FF000000FF000000FF000000FF000000FF000000FF000000FF000000FF000000FF000000FF000000FF000000FF000000FF000000FF000000FF000000FF000000FF000000FF000000FF000000FF000000FF000000FF000000FF000000FF000000FF000000FF000000FF000000FF000000FF000000FF000000FF000000FF000000FF000000FF000000FF000000FF000000FF000000FF000000FF000000FF000000FF000000FF000000FF000000FF000000FF000000FF000000FF000000FF000000FF000000FF000000FF000000FF000000FF000000FF000000FF000000FF000000FF000000FF000000FF000000FF000000FF000000FF000000FF000000FF000000FF000000FF000000FF000000FF000000FF000000FF000000FF000000FF000000FF000000FF000000FF000000FF000000FF000000FF000000FF000000FF000000FF000000FF000000FF000000FF000000FF000000FF000000FF000000FF000000FF000000FF000000FF000000FF000000FF000000FF000000FF000000FF000000FF000000FF000000FF000000FF000000FF000000FF000000FF000000FF000000FF000000FF000000FF000000FF000000FF000000FF000000FF000000FF000000FF000000FF000000FF000000FF000000FF000000FF000000FF000000FF000000FF000000FF000000FF000000FF000000FF000000FF000000FF000000FF000000FF000000FF000000FF000000FF000000FF000000FF000000FF000000FF000000FF000000FF000000FF000000FF000000FF000000FF000000FF000000FF000000FF000000FF000000FF000000FF000000FF000000FF000000FF000000FF000000FF000000FF000000FF000000FF000000FF000000FF000000FF000000FF000000FF000000FF000000FF000000FF000000FF000000FF000000FF000000FF000000FF000000FF000000FF000000FF000000FF000000FF000000FF000000FF000000FF000000FF000000FF000000FF000000FF000000FF000000FF000000FF000000FF000000FF000000FF2BFD99FF2BFD99FF000000FF000000FF000000FF000000FF000000FF000000FF2BFD99FF2BFD99FF000000FF000000FF000000FF000000FF000000FF000000FF000000FF000000FF000000FF000000FF000000FF000000FF000000FF000000FF000000FF000000FF000000FF000000FF000000FF000000FF000000FF000000FF000000FF000000FF000000FF000000FF000000FF000000FF000000FF000000FF000000FF000000FF000000FF000000FF000000FF000000FF000000FF000000FF000000FF000000FF000000FF000000FF000000FF000000FF000000FF000000FF000000FF000000FF000000FF000000FF000000FF000000FF000000FF000000FF000000FF000000FF000000FF000000FF000000FF000000FF000000FF000000FF000000FF000000FF000000FF000000FF000000FF000000FF000000FF000000FF000000FF000000FF000000FF000000FF000000FF000000FF000000FF000000FF000000FF000000FF000000FF000000FF000000FF000000FF000000FF000000FF000000FF000000FF000000FF000000FF000000FF000000FF000000FF000000FF000000FF000000FF000000FF000000FF000000FF000000FF000000FF000000FF000000FF000000FF000000FF000000FF000000FF000000FF000000FF000000FF000000FF000000FF000000FF000000FF000000FF000000FF000000FF000000FF000000FF000000FF000000FF000000FF000000FF000000FF000000FF000000FF000000FF000000FF000000FF000000FF2BFD99FF2BFD99FF000000FF000000FF000000FF000000FF000000FF000000FF2BFD99FF2BFD99FF000000FF000000FF000000FF000000FF2BFD99FF2BFD99FF2BFD99FF2BFD99FF2BFD99FF2BFD99FF2BFD99FF2BFD99FF000000FF000000FF000000FF000000FF000000FF000000FF2BFD99FF2BFD99FF2BFD99FF2BFD99FF2BFD99FF2BFD99FF2BFD99FF2BFD99FF000000FF000000FF000000FF000000FF000000FF000000FF2BFD99FF2BFD99FF2BFD99FF2BFD99FF2BFD99FF2BFD99FF2BFD99FF2BFD99FF000000FF000000FF000000FF000000FF000000FF000000FF2BFD99FF2BFD99FF000000FF000000FF2BFD99FF2BFD99FF000000FF000000FF2BFD99FF2BFD99FF000000FF000000FF000000FF000000FF2BFD99FF2BFD99FF000000FF000000FF000000FF000000FF000000FF000000FF2BFD99FF2BFD99FF000000FF000000FF000000FF000000FF000000FF000000FF000000FF000000FF000000FF000000FF000000FF000000FF000000FF000000FF000000FF000000FF000000FF000000FF2BFD99FF2BFD99FF000000FF000000FF000000FF000000FF000000FF000000FF000000FF000000FF000000FF000000FF000000FF000000FF000000FF000000FF000000FF000000FF2BFD99FF2BFD99FF000000FF000000FF000000FF000000FF000000FF000000FF000000FF000000FF2BFD99FF2BFD99FF000000FF000000FF2BFD99FF2BFD99FF000000FF000000FF2BFD99FF2BFD99FF000000FF000000FF000000FF000000FF2BFD99FF2BFD99FF2BFD99FF2BFD99FF2BFD99FF2BFD99FF2BFD99FF2BFD99FF000000FF000000FF000000FF000000FF000000FF000000FF000000FF000000FF2BFD99FF2BFD99FF2BFD99FF2BFD99FF2BFD99FF2BFD99FF000000FF000000FF000000FF000000FF000000FF000000FF000000FF000000FF000000FF000000FF000000FF000000FF000000FF000000FF000000FF000000FF000000FF000000FF000000FF000000FF000000FF000000FF000000FF000000FF000000FF000000FF000000FF000000FF000000FF000000FF000000FF000000FF000000FF000000FF000000FF000000FF000000FF000000FF000000FF000000FF000000FF000000FF000000FF000000FF000000FF000000FF000000FF000000FF000000FF000000FF000000FF000000FF000000FF000000FF000000FF000000FF000000FF000000FF000000FF000000FF000000FF000000FF000000FF000000FF000000FF000000FF000000FF000000FF000000FF000000FF000000FF000000FF000000FF000000FF000000FF000000FF000000FF000000FF000000FF000000FF000000FF000000FF000000FF000000FF000000FF000000FF000000FF000000FF000000FF000000FF000000FF000000FF000000FF000000FF000000FF000000FF000000FF000000FF000000FF000000FF000000FF000000FF000000FF000000FF000000FF000000FF000000FF000000FF000000FF000000FF000000FF000000FF000000FF000000FF000000FF000000FF000000FF000000FF000000FF000000FF000000FF000000FF000000FF000000FF000000FF000000FF000000FF000000FF000000FF000000FF000000FF000000FF000000FF000000FF000000FF000000FF000000FF000000FF000000FF000000FF000000FF000000FF000000FF000000FF000000FF000000FF000000FF000000FF000000FF000000FF000000FF000000FF000000FF000000FF000000FF000000FF000000FF000000FF000000FF000000FF000000FF000000FF000000FF000000FF000000FF000000FF000000FF000000FF000000FF000000FF000000FF000000FF000000FF000000FF000000FF000000FF000000FF000000FF000000FF000000FF000000FF000000FF000000FF000000FF000000FF000000FF000000FF000000FF000000FF000000FF000000FF000000FF000000FF000000FF000000FF000000FF000000FF000000FF000000FF000000FF000000FF000000FF000000FF000000FF000000FF000000FF000000FF000000FF000000FF000000FF000000FF000000FF000000FF000000FF000000FF000000FF000000FF000000FF000000FF000000FF000000FF000000FF000000FF000000FF000000FF000000FF000000FF000000FF000000FF000000FF000000FF000000FF000000FF000000FF000000FF000000FF000000FF000000FF000000FF000000FF000000FF000000FF000000FF000000FF000000FF000000FF000000FF000000FF000000FF000000FF000000FF000000FF000000FF000000FF000000FF000000FF000000FF000000FF2BFD99FF2BFD99FF2BFD99FF2BFD99FF2BFD99FF2BFD99FF2BFD99FF2BFD99FF2BFD99FF2BFD99FF000000FF000000FF000000FF000000FF000000FF000000FF000000FF000000FF000000FF000000FF000000FF000000FF000000FF000000FF000000FF000000FF000000FF000000FF000000FF000000FF000000FF000000FF000000FF000000FF000000FF000000FF000000FF000000FF000000FF000000FF000000FF000000FF000000FF000000FF000000FF000000FF000000FF000000FF000000FF000000FF000000FF000000FF000000FF000000FF000000FF000000FF000000FF000000FF000000FF000000FF000000FF000000FF000000FF000000FF000000FF000000FF000000FF000000FF000000FF000000FF000000FF000000FF000000FF000000FF000000FF000000FF000000FF000000FF000000FF000000FF000000FF000000FF000000FF000000FF000000FF000000FF000000FF000000FF000000FF000000FF000000FF000000FF000000FF000000FF000000FF000000FF000000FF000000FF000000FF000000FF000000FF000000FF000000FF000000FF000000FF000000FF000000FF000000FF000000FF000000FF000000FF000000FF000000FF000000FF000000FF000000FF2BFD99FF2BFD99FF000000FF000000FF000000FF000000FF000000FF000000FF000000FF000000FF000000FF000000FF000000FF000000FF000000FF000000FF000000FF000000FF000000FF000000FF000000FF000000FF000000FF000000FF2BFD99FF2BFD99FF2BFD99FF2BFD99FF2BFD99FF2BFD99FF2BFD99FF2BFD99FF2BFD99FF2BFD99FF000000FF000000FF000000FF000000FF2BFD99FF2BFD99FF000000FF000000FF000000FF000000FF000000FF000000FF000000FF000000FF000000FF000000FF000000FF000000FF2BFD99FF2BFD99FF000000FF000000FF000000FF000000FF000000FF000000FF000000FF000000FF000000FF000000FF000000FF000000FF2BFD99FF2BFD99FF000000FF000000FF000000FF000000FF000000FF000000FF000000FF000000FF000000FF000000FF000000FF000000FF2BFD99FF2BFD99FF000000FF000000FF000000FF000000FF2BFD99FF2BFD99FF2BFD99FF2BFD99FF000000FF000000FF000000FF000000FF2BFD99FF2BFD99FF000000FF000000FF000000FF000000FF000000FF000000FF2BFD99FF2BFD99FF000000FF000000FF000000FF000000FF000000FF000000FF000000FF000000FF000000FF000000FF000000FF000000FF000000FF000000FF000000FF000000FF000000FF000000FF2BFD99FF2BFD99FF000000FF000000FF000000FF000000FF000000FF000000FF000000FF000000FF000000FF000000FF000000FF000000FF000000FF000000FF000000FF000000FF2BFD99FF2BFD99FF000000FF000000FF000000FF000000FF000000FF000000FF000000FF000000FF2BFD99FF2BFD99FF000000FF000000FF000000FF000000FF2BFD99FF2BFD99FF2BFD99FF2BFD99FF000000FF000000FF000000FF000000FF2BFD99FF2BFD99FF000000FF000000FF000000FF000000FF000000FF000000FF000000FF000000FF000000FF000000FF000000FF000000FF000000FF000000FF000000FF000000FF000000FF000000FF000000FF000000FF2BFD99FF2BFD99FF000000FF000000FF000000FF000000FF000000FF000000FF000000FF000000FF000000FF000000FF000000FF000000FF000000FF000000FF000000FF000000FF000000FF000000FF000000FF000000FF000000FF000000FF000000FF000000FF000000FF000000FF000000FF000000FF000000FF000000FF000000FF000000FF000000FF000000FF000000FF000000FF000000FF000000FF000000FF000000FF000000FF000000FF000000FF000000FF000000FF000000FF000000FF000000FF000000FF000000FF000000FF000000FF000000FF000000FF000000FF000000FF000000FF000000FF000000FF000000FF000000FF000000FF000000FF000000FF000000FF000000FF000000FF000000FF000000FF000000FF000000FF000000FF000000FF000000FF000000FF000000FF000000FF000000FF000000FF000000FF000000FF000000FF000000FF000000FF000000FF000000FF000000FF000000FF000000FF000000FF000000FF000000FF000000FF000000FF000000FF000000FF000000FF000000FF000000FF000000FF000000FF000000FF000000FF000000FF000000FF000000FF000000FF000000FF000000FF000000FF000000FF000000FF000000FF000000FF000000FF000000FF000000FF000000FF000000FF000000FF000000FF000000FF000000FF000000FF000000FF000000FF000000FF000000FF000000FF000000FF000000FF000000FF000000FF000000FF000000FF000000FF000000FF000000FF000000FF000000FF000000FF000000FF000000FF000000FF000000FF000000FF000000FF000000FF000000FF000000FF000000FF000000FF000000FF000000FF000000FF000000FF000000FF000000FF000000FF000000FF000000FF000000FF000000FF000000FF000000FF000000FF000000FF000000FF000000FF000000FF000000FF000000FF000000FF000000FF000000FF000000FF000000FF000000FF000000FF000000FF000000FF000000FF000000FF000000FF000000FF000000FF000000FF000000FF000000FF000000FF000000FF000000FF000000FF000000FF000000FF000000FF000000FF000000FF000000FF000000FF000000FF000000FF000000FF000000FF000000FF000000FF000000FF000000FF000000FF000000FF000000FF000000FF000000FF000000FF000000FF000000FF000000FF000000FF000000FF000000FF000000FF000000FF000000FF000000FF000000FF000000FF000000FF000000FF000000FF000000FF000000FF000000FF000000FF000000FF000000FF000000FF000000FF000000FF000000FF000000FF000000FF000000FF000000FF000000FF000000FF000000FF000000FF000000FF000000FF000000FF000000FF000000FF000000FF000000FF000000FF000000FF2BFD99FF2BFD99FF2BFD99FF2BFD99FF2BFD99FF2BFD99FF2BFD99FF2BFD99FF2BFD99FF2BFD99FF000000FF000000FF000000FF000000FF000000FF000000FF000000FF000000FF000000FF000000FF000000FF000000FF000000FF000000FF000000FF000000FF000000FF000000FF000000FF000000FF000000FF000000FF000000FF000000FF000000FF000000FF000000FF000000FF000000FF000000FF000000FF000000FF000000FF000000FF000000FF000000FF000000FF000000FF000000FF000000FF000000FF000000FF000000FF000000FF000000FF000000FF000000FF000000FF000000FF000000FF000000FF000000FF000000FF000000FF000000FF000000FF000000FF000000FF000000FF000000FF000000FF000000FF000000FF000000FF000000FF000000FF000000FF000000FF000000FF000000FF000000FF000000FF000000FF000000FF000000FF000000FF000000FF000000FF000000FF000000FF000000FF000000FF000000FF000000FF000000FF000000FF000000FF000000FF000000FF000000FF000000FF000000FF000000FF000000FF000000FF000000FF000000FF000000FF000000FF000000FF000000FF000000FF000000FF000000FF000000FF000000FF2BFD99FF2BFD99FF000000FF000000FF000000FF000000FF000000FF000000FF000000FF000000FF000000FF000000FF000000FF000000FF000000FF000000FF000000FF000000FF000000FF000000FF000000FF000000FF000000FF000000FF2BFD99FF2BFD99FF2BFD99FF2BFD99FF2BFD99FF2BFD99FF2BFD99FF2BFD99FF2BFD99FF2BFD99FF000000FF000000FF000000FF000000FF2BFD99FF2BFD99FF000000FF000000FF000000FF000000FF000000FF000000FF000000FF000000FF000000FF000000FF000000FF000000FF2BFD99FF2BFD99FF000000FF000000FF000000FF000000FF000000FF000000FF000000FF000000FF000000FF000000FF000000FF000000FF2BFD99FF2BFD99FF000000FF000000FF000000FF000000FF000000FF000000FF000000FF000000FF000000FF000000FF000000FF000000FF2BFD99FF2BFD99FF000000FF000000FF000000FF000000FF2BFD99FF2BFD99FF2BFD99FF2BFD99FF000000FF000000FF000000FF000000FF2BFD99FF2BFD99FF000000FF000000FF000000FF000000FF000000FF000000FF2BFD99FF2BFD99FF000000FF000000FF000000FF000000FF000000FF000000FF000000FF000000FF000000FF000000FF000000FF000000FF000000FF000000FF000000FF000000FF000000FF000000FF2BFD99FF2BFD99FF000000FF000000FF000000FF000000FF000000FF000000FF000000FF000000FF000000FF000000FF000000FF000000FF000000FF000000FF000000FF000000FF2BFD99FF2BFD99FF000000FF000000FF000000FF000000FF000000FF000000FF000000FF000000FF2BFD99FF2BFD99FF000000FF000000FF000000FF000000FF2BFD99FF2BFD99FF2BFD99FF2BFD99FF000000FF000000FF000000FF000000FF2BFD99FF2BFD99FF000000FF000000FF000000FF000000FF000000FF000000FF000000FF000000FF000000FF000000FF000000FF000000FF000000FF000000FF000000FF000000FF000000FF000000FF000000FF000000FF2BFD99FF2BFD99FF000000FF000000FF000000FF000000FF000000FF000000FF000000FF000000FF000000FF000000FF000000FF000000FF000000FF000000FF000000FF000000FF000000FF000000FF000000FF000000FF000000FF000000FF000000FF000000FF000000FF000000FF000000FF000000FF000000FF000000FF000000FF000000FF000000FF000000FF000000FF000000FF000000FF000000FF000000FF000000FF000000FF000000FF000000FF000000FF000000FF000000FF000000FF000000FF000000FF000000FF000000FF000000FF000000FF000000FF000000FF000000FF000000FF000000FF000000FF000000FF000000FF000000FF000000FF000000FF000000FF000000FF000000FF000000FF000000FF000000FF000000FF000000FF000000FF000000FF000000FF000000FF000000FF000000FF000000FF000000FF000000FF000000FF000000FF000000FF000000FF000000FF000000FF000000FF000000FF000000FF000000FF000000FF000000FF000000FF000000FF000000FF000000FF000000FF000000FF000000FF000000FF000000FF000000FF000000FF000000FF000000FF000000FF000000FF000000FF000000FF000000FF000000FF000000FF000000FF000000FF000000FF000000FF000000FF000000FF000000FF000000FF000000FF000000FF000000FF000000FF000000FF000000FF000000FF000000FF000000FF000000FF000000FF000000FF000000FF000000FF000000FF000000FF000000FF000000FF000000FF000000FF000000FF000000FF000000FF000000FF000000FF000000FF000000FF000000FF000000FF000000FF000000FF000000FF000000FF000000FF000000FF000000FF000000FF000000FF000000FF000000FF000000FF000000FF000000FF000000FF000000FF000000FF000000FF000000FF000000FF000000FF000000FF000000FF000000FF000000FF000000FF000000FF000000FF000000FF000000FF000000FF000000FF000000FF000000FF000000FF000000FF000000FF000000FF000000FF000000FF000000FF000000FF000000FF000000FF000000FF000000FF000000FF000000FF000000FF000000FF000000FF000000FF000000FF000000FF000000FF000000FF000000FF000000FF000000FF000000FF000000FF000000FF000000FF000000FF000000FF000000FF000000FF000000FF000000FF000000FF000000FF000000FF000000FF000000FF000000FF000000FF000000FF000000FF000000FF000000FF000000FF000000FF000000FF000000FF000000FF000000FF000000FF000000FF000000FF000000FF000000FF000000FF000000FF000000FF000000FF000000FF000000FF000000FF000000FF000000FF000000FF000000FF000000FF000000FF000000FF000000FF2BFD99FF2BFD99FF000000FF000000FF000000FF000000FF000000FF000000FF2BFD99FF2BFD99FF000000FF000000FF000000FF000000FF000000FF000000FF000000FF000000FF000000FF000000FF000000FF000000FF000000FF000000FF000000FF000000FF000000FF000000FF000000FF000000FF000000FF000000FF000000FF000000FF000000FF000000FF000000FF000000FF000000FF000000FF000000FF000000FF000000FF000000FF000000FF000000FF000000FF000000FF000000FF000000FF000000FF000000FF000000FF000000FF000000FF000000FF000000FF000000FF000000FF000000FF000000FF000000FF000000FF000000FF000000FF000000FF000000FF000000FF000000FF000000FF000000FF000000FF000000FF000000FF000000FF000000FF000000FF000000FF000000FF000000FF000000FF000000FF000000FF000000FF000000FF000000FF000000FF000000FF000000FF000000FF000000FF000000FF000000FF000000FF000000FF000000FF000000FF000000FF000000FF000000FF000000FF000000FF000000FF000000FF000000FF000000FF000000FF000000FF000000FF000000FF000000FF000000FF000000FF000000FF000000FF000000FF000000FF000000FF000000FF000000FF000000FF000000FF000000FF000000FF000000FF000000FF000000FF000000FF000000FF000000FF000000FF000000FF000000FF000000FF000000FF000000FF000000FF000000FF000000FF000000FF2BFD99FF2BFD99FF000000FF000000FF000000FF000000FF000000FF000000FF2BFD99FF2BFD99FF000000FF000000FF000000FF000000FF2BFD99FF2BFD99FF000000FF000000FF000000FF000000FF000000FF000000FF000000FF000000FF000000FF000000FF000000FF000000FF2BFD99FF2BFD99FF000000FF000000FF000000FF000000FF000000FF000000FF000000FF000000FF000000FF000000FF000000FF000000FF2BFD99FF2BFD99FF000000FF000000FF000000FF000000FF000000FF000000FF000000FF000000FF000000FF000000FF000000FF000000FF2BFD99FF2BFD99FF000000FF000000FF000000FF000000FF000000FF000000FF2BFD99FF2BFD99FF000000FF000000FF000000FF000000FF2BFD99FF2BFD99FF000000FF000000FF000000FF000000FF000000FF000000FF2BFD99FF2BFD99FF000000FF000000FF000000FF000000FF000000FF000000FF000000FF000000FF000000FF000000FF000000FF000000FF000000FF000000FF000000FF000000FF000000FF000000FF2BFD99FF2BFD99FF000000FF000000FF000000FF000000FF000000FF000000FF000000FF000000FF000000FF000000FF000000FF000000FF000000FF000000FF000000FF000000FF2BFD99FF2BFD99FF000000FF000000FF000000FF000000FF000000FF000000FF000000FF000000FF2BFD99FF2BFD99FF000000FF000000FF000000FF000000FF000000FF000000FF2BFD99FF2BFD99FF000000FF000000FF000000FF000000FF2BFD99FF2BFD99FF000000FF000000FF000000FF000000FF000000FF000000FF000000FF000000FF000000FF000000FF000000FF000000FF2BFD99FF2BFD99FF000000FF000000FF000000FF000000FF000000FF000000FF2BFD99FF2BFD99FF000000FF000000FF000000FF000000FF000000FF000000FF000000FF000000FF000000FF000000FF000000FF000000FF000000FF000000FF000000FF000000FF000000FF000000FF000000FF000000FF000000FF000000FF000000FF000000FF000000FF000000FF000000FF000000FF000000FF000000FF000000FF000000FF000000FF000000FF000000FF000000FF000000FF000000FF000000FF000000FF000000FF000000FF000000FF000000FF000000FF000000FF000000FF000000FF000000FF000000FF000000FF000000FF000000FF000000FF000000FF000000FF000000FF000000FF000000FF000000FF000000FF000000FF000000FF000000FF000000FF000000FF000000FF000000FF000000FF000000FF000000FF000000FF000000FF000000FF000000FF000000FF000000FF000000FF000000FF000000FF000000FF000000FF000000FF000000FF000000FF000000FF000000FF000000FF000000FF000000FF000000FF000000FF000000FF000000FF000000FF000000FF000000FF000000FF000000FF000000FF000000FF000000FF000000FF000000FF000000FF000000FF000000FF000000FF000000FF000000FF000000FF000000FF000000FF000000FF000000FF000000FF000000FF000000FF000000FF000000FF000000FF000000FF000000FF000000FF000000FF000000FF000000FF000000FF000000FF000000FF000000FF000000FF000000FF000000FF000000FF000000FF000000FF000000FF000000FF000000FF000000FF000000FF000000FF000000FF000000FF000000FF000000FF000000FF000000FF000000FF000000FF000000FF000000FF000000FF000000FF000000FF000000FF000000FF000000FF000000FF000000FF000000FF000000FF000000FF000000FF000000FF000000FF000000FF000000FF000000FF000000FF000000FF000000FF000000FF000000FF000000FF000000FF000000FF000000FF000000FF000000FF000000FF000000FF000000FF000000FF000000FF000000FF000000FF000000FF000000FF000000FF000000FF000000FF000000FF000000FF000000FF000000FF000000FF000000FF000000FF000000FF000000FF000000FF000000FF000000FF000000FF000000FF000000FF000000FF000000FF000000FF000000FF000000FF000000FF000000FF000000FF000000FF000000FF000000FF000000FF000000FF000000FF000000FF000000FF000000FF000000FF000000FF000000FF000000FF000000FF000000FF000000FF000000FF000000FF000000FF000000FF000000FF000000FF000000FF000000FF000000FF000000FF000000FF000000FF000000FF000000FF000000FF000000FF000000FF000000FF000000FF000000FF000000FF000000FF000000FF000000FF2BFD99FF2BFD99FF000000FF000000FF000000FF000000FF000000FF000000FF2BFD99FF2BFD99FF000000FF000000FF000000FF000000FF000000FF000000FF000000FF000000FF000000FF000000FF000000FF000000FF000000FF000000FF000000FF000000FF000000FF000000FF000000FF000000FF000000FF000000FF000000FF000000FF000000FF000000FF000000FF000000FF000000FF000000FF000000FF000000FF000000FF000000FF000000FF000000FF000000FF000000FF000000FF000000FF000000FF000000FF000000FF000000FF000000FF000000FF000000FF000000FF000000FF000000FF000000FF000000FF000000FF000000FF000000FF000000FF000000FF000000FF000000FF000000FF000000FF000000FF000000FF000000FF000000FF000000FF000000FF000000FF000000FF000000FF000000FF000000FF000000FF000000FF000000FF000000FF000000FF000000FF000000FF000000FF000000FF000000FF000000FF000000FF000000FF000000FF000000FF000000FF000000FF000000FF000000FF000000FF000000FF000000FF000000FF000000FF000000FF000000FF000000FF000000FF000000FF000000FF000000FF000000FF000000FF000000FF000000FF000000FF000000FF000000FF000000FF000000FF000000FF000000FF000000FF000000FF000000FF000000FF000000FF000000FF000000FF000000FF000000FF000000FF000000FF000000FF000000FF000000FF000000FF000000FF2BFD99FF2BFD99FF000000FF000000FF000000FF000000FF000000FF000000FF2BFD99FF2BFD99FF000000FF000000FF000000FF000000FF2BFD99FF2BFD99FF000000FF000000FF000000FF000000FF000000FF000000FF000000FF000000FF000000FF000000FF000000FF000000FF2BFD99FF2BFD99FF000000FF000000FF000000FF000000FF000000FF000000FF000000FF000000FF000000FF000000FF000000FF000000FF2BFD99FF2BFD99FF000000FF000000FF000000FF000000FF000000FF000000FF000000FF000000FF000000FF000000FF000000FF000000FF2BFD99FF2BFD99FF000000FF000000FF000000FF000000FF000000FF000000FF2BFD99FF2BFD99FF000000FF000000FF000000FF000000FF2BFD99FF2BFD99FF000000FF000000FF000000FF000000FF000000FF000000FF2BFD99FF2BFD99FF000000FF000000FF000000FF000000FF000000FF000000FF000000FF000000FF000000FF000000FF000000FF000000FF000000FF000000FF000000FF000000FF000000FF000000FF2BFD99FF2BFD99FF000000FF000000FF000000FF000000FF000000FF000000FF000000FF000000FF000000FF000000FF000000FF000000FF000000FF000000FF000000FF000000FF2BFD99FF2BFD99FF000000FF000000FF000000FF000000FF000000FF000000FF000000FF000000FF2BFD99FF2BFD99FF000000FF000000FF000000FF000000FF000000FF000000FF2BFD99FF2BFD99FF000000FF000000FF000000FF000000FF2BFD99FF2BFD99FF000000FF000000FF000000FF000000FF000000FF000000FF000000FF000000FF000000FF000000FF000000FF000000FF2BFD99FF2BFD99FF000000FF000000FF000000FF000000FF000000FF000000FF2BFD99FF2BFD99FF000000FF000000FF000000FF000000FF000000FF000000FF000000FF000000FF000000FF000000FF000000FF000000FF000000FF000000FF000000FF000000FF000000FF000000FF000000FF000000FF000000FF000000FF000000FF000000FF000000FF000000FF000000FF000000FF000000FF000000FF000000FF000000FF000000FF000000FF000000FF000000FF000000FF000000FF000000FF000000FF000000FF000000FF000000FF000000FF000000FF000000FF000000FF000000FF000000FF000000FF000000FF000000FF000000FF000000FF000000FF000000FF000000FF000000FF000000FF000000FF000000FF000000FF000000FF000000FF000000FF000000FF000000FF000000FF000000FF000000FF000000FF000000FF000000FF000000FF000000FF000000FF000000FF000000FF000000FF000000FF000000FF000000FF000000FF000000FF000000FF000000FF000000FF000000FF000000FF000000FF000000FF000000FF000000FF000000FF000000FF000000FF000000FF000000FF000000FF000000FF000000FF000000FF000000FF000000FF000000FF000000FF000000FF000000FF000000FF000000FF000000FF000000FF000000FF000000FF000000FF000000FF000000FF000000FF000000FF000000FF000000FF000000FF000000FF000000FF000000FF000000FF000000FF000000FF000000FF000000FF000000FF000000FF000000FF000000FF000000FF000000FF000000FF000000FF000000FF000000FF000000FF000000FF000000FF000000FF000000FF000000FF000000FF000000FF000000FF000000FF000000FF000000FF000000FF000000FF000000FF000000FF000000FF000000FF000000FF000000FF000000FF000000FF000000FF000000FF000000FF000000FF000000FF000000FF000000FF000000FF000000FF000000FF000000FF000000FF000000FF000000FF000000FF000000FF000000FF000000FF000000FF000000FF000000FF000000FF000000FF000000FF000000FF000000FF000000FF000000FF000000FF000000FF000000FF000000FF000000FF000000FF000000FF000000FF000000FF000000FF000000FF000000FF000000FF000000FF000000FF000000FF000000FF000000FF000000FF000000FF000000FF000000FF000000FF000000FF000000FF000000FF000000FF000000FF000000FF000000FF000000FF000000FF000000FF000000FF000000FF000000FF000000FF000000FF000000FF000000FF000000FF000000FF000000FF000000FF000000FF000000FF000000FF000000FF000000FF000000FF000000FF000000FF000000FF000000FF000000FF000000FF000000FF000000FF000000FF000000FF000000FF000000FF000000FF000000FF000000FF000000FF2BFD99FF2BFD99FF000000FF000000FF000000FF000000FF000000FF000000FF2BFD99FF2BFD99FF000000FF000000FF000000FF000000FF000000FF000000FF000000FF000000FF000000FF000000FF000000FF000000FF000000FF000000FF000000FF000000FF000000FF000000FF000000FF000000FF000000FF000000FF000000FF000000FF000000FF000000FF000000FF000000FF000000FF000000FF000000FF000000FF000000FF000000FF000000FF000000FF000000FF000000FF000000FF000000FF000000FF000000FF000000FF000000FF000000FF000000FF000000FF000000FF000000FF000000FF000000FF000000FF000000FF000000FF000000FF000000FF000000FF000000FF000000FF000000FF000000FF000000FF000000FF000000FF000000FF000000FF000000FF000000FF000000FF000000FF000000FF000000FF000000FF000000FF000000FF000000FF000000FF000000FF000000FF000000FF000000FF000000FF000000FF000000FF000000FF000000FF000000FF000000FF000000FF000000FF000000FF000000FF000000FF000000FF000000FF000000FF000000FF000000FF000000FF000000FF000000FF000000FF000000FF000000FF000000FF000000FF000000FF000000FF000000FF000000FF000000FF000000FF000000FF000000FF000000FF000000FF000000FF000000FF000000FF000000FF000000FF000000FF000000FF000000FF000000FF000000FF000000FF000000FF000000FF000000FF2BFD99FF2BFD99FF000000FF000000FF000000FF000000FF000000FF000000FF2BFD99FF2BFD99FF000000FF000000FF000000FF000000FF2BFD99FF2BFD99FF000000FF000000FF000000FF000000FF000000FF000000FF000000FF000000FF000000FF000000FF000000FF000000FF2BFD99FF2BFD99FF000000FF000000FF000000FF000000FF000000FF000000FF000000FF000000FF000000FF000000FF000000FF000000FF2BFD99FF2BFD99FF2BFD99FF2BFD99FF2BFD99FF2BFD99FF2BFD99FF2BFD99FF2BFD99FF2BFD99FF000000FF000000FF000000FF000000FF2BFD99FF2BFD99FF000000FF000000FF000000FF000000FF000000FF000000FF2BFD99FF2BFD99FF000000FF000000FF000000FF000000FF2BFD99FF2BFD99FF2BFD99FF2BFD99FF2BFD99FF2BFD99FF2BFD99FF2BFD99FF000000FF000000FF000000FF000000FF000000FF000000FF000000FF000000FF000000FF000000FF000000FF000000FF000000FF000000FF000000FF000000FF000000FF000000FF000000FF000000FF2BFD99FF2BFD99FF2BFD99FF2BFD99FF2BFD99FF2BFD99FF2BFD99FF2BFD99FF2BFD99FF2BFD99FF000000FF000000FF000000FF000000FF000000FF000000FF2BFD99FF2BFD99FF2BFD99FF2BFD99FF2BFD99FF2BFD99FF000000FF000000FF000000FF000000FF000000FF000000FF2BFD99FF2BFD99FF000000FF000000FF000000FF000000FF000000FF000000FF2BFD99FF2BFD99FF000000FF000000FF000000FF000000FF2BFD99FF2BFD99FF2BFD99FF2BFD99FF2BFD99FF2BFD99FF2BFD99FF2BFD99FF2BFD99FF2BFD99FF000000FF000000FF000000FF000000FF000000FF000000FF2BFD99FF2BFD99FF2BFD99FF2BFD99FF2BFD99FF2BFD99FF000000FF000000FF000000FF000000FF000000FF000000FF000000FF000000FF000000FF000000FF000000FF000000FF000000FF000000FF000000FF000000FF000000FF000000FF000000FF000000FF000000FF000000FF000000FF000000FF000000FF000000FF000000FF000000FF000000FF000000FF000000FF000000FF000000FF000000FF000000FF000000FF000000FF000000FF000000FF000000FF000000FF000000FF000000FF000000FF000000FF000000FF000000FF000000FF000000FF000000FF000000FF000000FF000000FF000000FF000000FF000000FF000000FF000000FF000000FF000000FF000000FF000000FF000000FF000000FF000000FF000000FF000000FF000000FF000000FF000000FF000000FF000000FF000000FF000000FF000000FF000000FF000000FF000000FF000000FF000000FF000000FF000000FF000000FF000000FF000000FF000000FF000000FF000000FF000000FF000000FF000000FF000000FF000000FF000000FF000000FF000000FF000000FF000000FF000000FF000000FF000000FF000000FF000000FF000000FF000000FF000000FF000000FF000000FF000000FF000000FF000000FF000000FF000000FF000000FF000000FF000000FF000000FF000000FF000000FF000000FF000000FF000000FF000000FF000000FF000000FF000000FF000000FF000000FF000000FF000000FF000000FF000000FF000000FF000000FF000000FF000000FF000000FF000000FF000000FF000000FF000000FF000000FF000000FF000000FF000000FF000000FF000000FF000000FF000000FF000000FF000000FF000000FF000000FF000000FF000000FF000000FF000000FF000000FF000000FF000000FF000000FF000000FF000000FF000000FF000000FF000000FF000000FF000000FF000000FF000000FF000000FF000000FF000000FF000000FF000000FF000000FF000000FF000000FF000000FF000000FF000000FF000000FF000000FF000000FF000000FF000000FF000000FF000000FF000000FF000000FF000000FF000000FF000000FF000000FF000000FF000000FF000000FF000000FF000000FF000000FF000000FF000000FF000000FF000000FF000000FF000000FF000000FF000000FF000000FF000000FF000000FF000000FF000000FF000000FF000000FF000000FF000000FF000000FF000000FF000000FF000000FF000000FF000000FF000000FF000000FF000000FF000000FF000000FF000000FF000000FF000000FF000000FF000000FF000000FF000000FF000000FF000000FF000000FF000000FF000000FF000000FF000000FF000000FF000000FF000000FF000000FF000000FF000000FF000000FF000000FF000000FF000000FF000000FF000000FF000000FF000000FF000000FF000000FF2BFD99FF2BFD99FF000000FF000000FF000000FF000000FF000000FF000000FF2BFD99FF2BFD99FF000000FF000000FF000000FF000000FF000000FF000000FF000000FF000000FF000000FF000000FF000000FF000000FF000000FF000000FF000000FF000000FF000000FF000000FF000000FF000000FF000000FF000000FF000000FF000000FF000000FF000000FF000000FF000000FF000000FF000000FF000000FF000000FF000000FF000000FF000000FF000000FF000000FF000000FF000000FF000000FF000000FF000000FF000000FF000000FF000000FF000000FF000000FF000000FF000000FF000000FF000000FF000000FF000000FF000000FF000000FF000000FF000000FF000000FF000000FF000000FF000000FF000000FF000000FF000000FF000000FF000000FF000000FF000000FF000000FF000000FF000000FF000000FF000000FF000000FF000000FF000000FF000000FF000000FF000000FF000000FF000000FF000000FF000000FF000000FF000000FF000000FF000000FF000000FF000000FF000000FF000000FF000000FF000000FF000000FF000000FF000000FF000000FF000000FF000000FF000000FF000000FF000000FF000000FF000000FF000000FF000000FF000000FF000000FF000000FF000000FF000000FF000000FF000000FF000000FF000000FF000000FF000000FF000000FF000000FF000000FF000000FF000000FF000000FF000000FF000000FF000000FF000000FF000000FF000000FF000000FF2BFD99FF2BFD99FF000000FF000000FF000000FF000000FF000000FF000000FF2BFD99FF2BFD99FF000000FF000000FF000000FF000000FF2BFD99FF2BFD99FF000000FF000000FF000000FF000000FF000000FF000000FF000000FF000000FF000000FF000000FF000000FF000000FF2BFD99FF2BFD99FF000000FF000000FF000000FF000000FF000000FF000000FF000000FF000000FF000000FF000000FF000000FF000000FF2BFD99FF2BFD99FF2BFD99FF2BFD99FF2BFD99FF2BFD99FF2BFD99FF2BFD99FF2BFD99FF2BFD99FF000000FF000000FF000000FF000000FF2BFD99FF2BFD99FF000000FF000000FF000000FF000000FF000000FF000000FF2BFD99FF2BFD99FF000000FF000000FF000000FF000000FF2BFD99FF2BFD99FF2BFD99FF2BFD99FF2BFD99FF2BFD99FF2BFD99FF2BFD99FF000000FF000000FF000000FF000000FF000000FF000000FF000000FF000000FF000000FF000000FF000000FF000000FF000000FF000000FF000000FF000000FF000000FF000000FF000000FF000000FF2BFD99FF2BFD99FF2BFD99FF2BFD99FF2BFD99FF2BFD99FF2BFD99FF2BFD99FF2BFD99FF2BFD99FF000000FF000000FF000000FF000000FF000000FF000000FF2BFD99FF2BFD99FF2BFD99FF2BFD99FF2BFD99FF2BFD99FF000000FF000000FF000000FF000000FF000000FF000000FF2BFD99FF2BFD99FF000000FF000000FF000000FF000000FF000000FF000000FF2BFD99FF2BFD99FF000000FF000000FF000000FF000000FF2BFD99FF2BFD99FF2BFD99FF2BFD99FF2BFD99FF2BFD99FF2BFD99FF2BFD99FF2BFD99FF2BFD99FF000000FF000000FF000000FF000000FF000000FF000000FF2BFD99FF2BFD99FF2BFD99FF2BFD99FF2BFD99FF2BFD99FF000000FF000000FF000000FF000000FF000000FF000000FF000000FF000000FF000000FF000000FF000000FF000000FF000000FF000000FF000000FF000000FF000000FF000000FF000000FF000000FF000000FF000000FF000000FF000000FF000000FF000000FF000000FF000000FF000000FF000000FF000000FF000000FF000000FF000000FF000000FF000000FF000000FF000000FF000000FF000000FF000000FF000000FF000000FF000000FF000000FF000000FF000000FF000000FF000000FF000000FF000000FF000000FF000000FF000000FF000000FF000000FF000000FF000000FF000000FF000000FF000000FF000000FF000000FF000000FF000000FF000000FF000000FF000000FF000000FF000000FF000000FF000000FF000000FF000000FF000000FF000000FF000000FF000000FF000000FF000000FF000000FF000000FF000000FF000000FF000000FF000000FF000000FF000000FF000000FF000000FF000000FF000000FF000000FF000000FF000000FF000000FF000000FF000000FF000000FF000000FF000000FF000000FF000000FF000000FF000000FF000000FF000000FF000000FF000000FF000000FF000000FF000000FF000000FF000000FF000000FF000000FF000000FF000000FF000000FF000000FF000000FF000000FF000000FF000000FF000000FF000000FF000000FF000000FF000000FF000000FF000000FF000000FF000000FF000000FF000000FF000000FF000000FF000000FF000000FF000000FF000000FF000000FF000000FF000000FF000000FF000000FF000000FF000000FF000000FF000000FF000000FF000000FF000000FF000000FF000000FF000000FF000000FF000000FF000000FF000000FF000000FF000000FF000000FF000000FF000000FF000000FF000000FF000000FF000000FF000000FF000000FF000000FF000000FF000000FF000000FF000000FF000000FF000000FF000000FF000000FF000000FF000000FF000000FF000000FF000000FF000000FF000000FF000000FF000000FF000000FF000000FF000000FF000000FF000000FF000000FF000000FF000000FF000000FF000000FF000000FF000000FF000000FF000000FF000000FF000000FF000000FF000000FF000000FF000000FF000000FF000000FF000000FF000000FF000000FF000000FF000000FF000000FF000000FF000000FF000000FF000000FF000000FF000000FF000000FF000000FF000000FF000000FF000000FF000000FF000000FF000000FF000000FF000000FF000000FF000000FF000000FF000000FF000000FF000000FF000000FF000000FF000000FF000000FF000000FF000000FF000000FF000000FF000000FF000000FF000000FF000000FF000000FF000000FF000000FF000000FF000000FF000000FF000000FF000000FF000000FF000000FF000000FF000000FF000000FF000000FF000000FF000000FF000000FF000000FF000000FF000000FF000000FF000000FF000000FF000000FF000000FF000000FF000000FF000000FF000000FF000000FF000000FF000000FF000000FF000000FF000000FF000000FF000000FF000000FF000000FF000000FF000000FF000000FF000000FF000000FF000000FF000000FF000000FF000000FF000000FF000000FF000000FF000000FF000000FF000000FF000000FF000000FF000000FF000000FF000000FF000000FF000000FF000000FF000000FF000000FF000000FF000000FF000000FF000000FF000000FF000000FF000000FF000000FF000000FF000000FF000000FF000000FF000000FF000000FF000000FF000000FF000000FF000000FF000000FF000000FF000000FF000000FF000000FF000000FF000000FF000000FF000000FF000000FF000000FF000000FF000000FF000000FF000000FF000000FF000000FF000000FF000000FF000000FF000000FF000000FF000000FF000000FF000000FF000000FF000000FF000000FF000000FF000000FF000000FF000000FF000000FF000000FF000000FF000000FF000000FF000000FF000000FF000000FF000000FF000000FF000000FF000000FF000000FF000000FF000000FF000000FF000000FF000000FF000000FF000000FF000000FF000000FF000000FF000000FF000000FF000000FF000000FF000000FF000000FF000000FF000000FF000000FF000000FF000000FF000000FF000000FF000000FF000000FF000000FF000000FF000000FF000000FF000000FF000000FF000000FF000000FF000000FF000000FF000000FF000000FF000000FF000000FF000000FF000000FF000000FF000000FF000000FF000000FF000000FF000000FF000000FF000000FF000000FF000000FF000000FF000000FF000000FF000000FF000000FF000000FF000000FF000000FF000000FF000000FF000000FF000000FF000000FF000000FF000000FF000000FF000000FF000000FF000000FF000000FF000000FF000000FF000000FF000000FF000000FF000000FF000000FF000000FF000000FF000000FF000000FF000000FF000000FF000000FF000000FF000000FF000000FF000000FF000000FF000000FF000000FF000000FF000000FF000000FF000000FF000000FF000000FF000000FF000000FF000000FF000000FF000000FF000000FF000000FF000000FF000000FF000000FF000000FF000000FF000000FF000000FF000000FF000000FF000000FF000000FF000000FF000000FF000000FF000000FF000000FF000000FF000000FF000000FF000000FF000000FF000000FF000000FF000000FF000000FF000000FF000000FF000000FF000000FF000000FF000000FF000000FF000000FF000000FF000000FF000000FF000000FF000000FF000000FF000000FF000000FF000000FF000000FF000000FF000000FF000000FF000000FF000000FF000000FF000000FF000000FF000000FF000000FF000000FF000000FF000000FF000000FF000000FF000000FF000000FF000000FF000000FF000000FF000000FF000000FF000000FF000000FF000000FF000000FF000000FF000000FF000000FF000000FF000000FF000000FF000000FF000000FF000000FF000000FF000000FF000000FF000000FF000000FF000000FF000000FF000000FF000000FF000000FF000000FF000000FF000000FF000000FF000000FF000000FF000000FF000000FF000000FF000000FF000000FF000000FF000000FF000000FF000000FF000000FF000000FF000000FF000000FF000000FF000000FF000000FF000000FF000000FF000000FF000000FF000000FF000000FF000000FF000000FF000000FF000000FF000000FF000000FF000000FF000000FF000000FF000000FF000000FF000000FF000000FF000000FF000000FF000000FF000000FF000000FF000000FF000000FF000000FF000000FF000000FF000000FF000000FF000000FF000000FF000000FF000000FF000000FF000000FF000000FF000000FF000000FF000000FF000000FF000000FF000000FF000000FF000000FF000000FF000000FF000000FF000000FF000000FF000000FF000000FF000000FF000000FF000000FF000000FF000000FF000000FF000000FF000000FF000000FF000000FF000000FF000000FF000000FF000000FF000000FF000000FF000000FF000000FF000000FF000000FF000000FF000000FF000000FF000000FF000000FF000000FF000000FF000000FF000000FF000000FF000000FF000000FF000000FF000000FF000000FF000000FF000000FF000000FF000000FF000000FF000000FF000000FF000000FF000000FF000000FF000000FF000000FF000000FF000000FF000000FF000000FF000000FF000000FF000000FF000000FF000000FF000000FF000000FF000000FF000000FF000000FF000000FF000000FF000000FF000000FF000000FF000000FF000000FF000000FF000000FF000000FF000000FF000000FF000000FF000000FF000000FF000000FF000000FF000000FF000000FF000000FF000000FF000000FF000000FF000000FF000000FF000000FF000000FF000000FF000000FF000000FF000000FF000000FF000000FF000000FF000000FF000000FF000000FF000000FF000000FF000000FF000000FF000000FF000000FF000000FF000000FF000000FF000000FF000000FF000000FF000000FF000000FF000000FF000000FF000000FF000000FF000000FF000000FF000000FF000000FF000000FF000000FF000000FF000000FF000000FF000000FF000000FF000000FF000000FF000000FF000000FF000000FF000000FF000000FF000000FF000000FF000000FF000000FF000000FF000000FF000000FF000000FF000000FF000000FF000000FF000000FF000000FF000000FF000000FF000000FF000000FF000000FF000000FF000000FF000000FF000000FF000000FF000000FF000000FF000000FF000000FF000000FF000000FF000000FF000000FF000000FF000000FF000000FF000000FF000000FF000000FF000000FF000000FF000000FF000000FF000000FF000000FF000000FF000000FF000000FF000000FF000000FF000000FF000000FF000000FF000000FF000000FF000000FF000000FF000000FF000000FF000000FF000000FF000000FF000000FF000000FF000000FF000000FF000000FF000000FF000000FF000000FF000000FF000000FF000000FF000000FF000000FF000000FF000000FF000000FF000000FF000000FF000000FF000000FF000000FF000000FF000000FF000000FF000000FF000000FF000000FF000000FF000000FF000000FF000000FF000000FF000000FF000000FF000000FF000000FF000000FF000000FF000000FF000000FF000000FF000000FF000000FF000000FF000000FF000000FF000000FF000000FF000000FF000000FF000000FF000000FF000000FF000000FF000000FF000000FF000000FF000000FF000000FF000000FF000000FF000000FF000000FF000000FF000000FF000000FF000000FF000000FF000000FF000000FF000000FF000000FF000000FF000000FF000000FF000000FF000000FF000000FF000000FF000000FF000000FF000000FF000000FF000000FF000000FF000000FF000000FF000000FF000000FF000000FF000000FF000000FF000000FF000000FF000000FF000000FF000000FF000000FF000000FF000000FF000000FF000000FF000000FF000000FF000000FF000000FF000000FF000000FF000000FF000000FF000000FF000000FF000000FF000000FF000000FF000000FF000000FF000000FF000000FF000000FF000000FF000000FF000000FF000000FF000000FF000000FF000000FF000000FF000000FF000000FF000000FF000000FF000000FF000000FF000000FF000000FF000000FF000000FF000000FF000000FF000000FF000000FF000000FF000000FF000000FF000000FF000000FF000000FF000000FF000000FF000000FF000000FF000000FF000000FF000000FF000000FF000000FF000000FF000000FF000000FF000000FF000000FF000000FF000000FF000000FF000000FF000000FF000000FF000000FF000000FF000000FF000000FF000000FF000000FF000000FF000000FF000000FF000000FF000000FF000000FF000000FF000000FF000000FF000000FF000000FF000000FF000000FF000000FF000000FF000000FF000000FF000000FF000000FF000000FF000000FF000000FF000000FF000000FF000000FF000000FF000000FF000000FF000000FF000000FF000000FF000000FF000000FF000000FF000000FF000000FF000000FF000000FF000000FF000000FF000000FF000000FF000000FF000000FF000000FF000000FF000000FF000000FF000000FF000000FF000000FF000000FF000000FF000000FF000000FF000000FF000000FF000000FF000000FF000000FF000000FF000000FF000000FF000000FF000000FF000000FF000000FF000000FF000000FF000000FF000000FF000000FF000000FF000000FF000000FF000000FF000000FF000000FF000000FF000000FF000000FF000000FF000000FF000000FF000000FF000000FF000000FF000000FF000000FF000000FF000000FF000000FF000000FF000000FF000000FF000000FF000000FF000000FF000000FF000000FF000000FF000000FF000000FF000000FF000000FF000000FF000000FF000000FF000000FF000000FF000000FF000000FF000000FF000000FF000000FF000000FF000000FF000000FF000000FF000000FF000000FF000000FF000000FF000000FF000000FF000000FF000000FF000000FF000000FF000000FF000000FF000000FF000000FF000000FF000000FF000000FF000000FF000000FF000000FF000000FF000000FF000000FF000000FF000000FF000000FF000000FF000000FF000000FF000000FF000000FF000000FF000000FF000000FF000000FF000000FF000000FF000000FF000000FF000000FF000000FF000000FF000000FF000000FF000000FF000000FF000000FF000000FF000000FF000000FF000000FF000000FF000000FF000000FF000000FF000000FF000000FF000000FF000000FF000000FF000000FF000000FF000000FF000000FF000000FF000000FF000000FF000000FF000000FF000000FF000000FF000000FF000000FF000000FF000000FF000000FF000000FF000000FF000000FF000000FF000000FF000000FF000000FF000000FF000000FF000000FF000000FF000000FF000000FF000000FF000000FF000000FF000000FF000000FF000000FF000000FF000000FF000000FF000000FF000000FF000000FF000000FF000000FF000000FF000000FF000000FF000000FF000000FF000000FF000000FF000000FF000000FF000000FF000000FF000000FF000000FF000000FF000000FF000000FF000000FF000000FF000000FF000000FF000000FF000000FF000000FF000000FF000000FF000000FF000000FF000000FF000000FF000000FF000000FF000000FF000000FF000000FF000000FF000000FF000000FF000000FF000000FF000000FF000000FF000000FF000000FF000000FF000000FF000000FF000000FF000000FF000000FF000000FF000000FF000000FF000000FF000000FF000000FF000000FF000000FF000000FF000000FF000000FF000000FF000000FF000000FF000000FF000000FF000000FF000000FF000000FF000000FF000000FF000000FF000000FF000000FF000000FF000000FF000000FF000000FF000000FF000000FF000000FF000000FF000000FF000000FF000000FF000000FF000000FF000000FF000000FF000000FF000000FF000000FF000000FF000000FF000000FF000000FF000000FF000000FF000000FF000000FF000000FF000000FF000000FF000000FF000000FF000000FF000000FF000000FF000000FF000000FF000000FF000000FF000000FF000000FF000000FF000000FF000000FF000000FF000000FF000000FF000000FF000000FF000000FF000000FF000000FF000000FF000000FF000000FF000000FF000000FF000000FF000000FF000000FF000000FF000000FF000000FF000000FF000000FF000000FF000000FF000000FF000000FF000000FF2BFD99FF2BFD99FF2BFD99FF2BFD99FF2BFD99FF2BFD99FF2BFD99FF2BFD99FF000000FF000000FF000000FF000000FF000000FF000000FF000000FF000000FF000000FF000000FF000000FF000000FF000000FF000000FF000000FF000000FF000000FF000000FF000000FF000000FF2BFD99FF2BFD99FF2BFD99FF2BFD99FF2BFD99FF2BFD99FF2BFD99FF2BFD99FF2BFD99FF2BFD99FF000000FF000000FF000000FF000000FF2BFD99FF2BFD99FF000000FF000000FF000000FF000000FF000000FF000000FF2BFD99FF2BFD99FF000000FF000000FF000000FF000000FF2BFD99FF2BFD99FF2BFD99FF2BFD99FF2BFD99FF2BFD99FF2BFD99FF2BFD99FF2BFD99FF2BFD99FF000000FF000000FF000000FF000000FF000000FF000000FF000000FF000000FF000000FF000000FF000000FF000000FF000000FF000000FF000000FF000000FF000000FF000000FF000000FF000000FF000000FF000000FF000000FF000000FF000000FF000000FF000000FF000000FF000000FF000000FF000000FF000000FF000000FF000000FF000000FF000000FF000000FF000000FF000000FF000000FF000000FF000000FF000000FF000000FF000000FF000000FF000000FF000000FF000000FF000000FF000000FF000000FF000000FF000000FF000000FF000000FF000000FF000000FF000000FF000000FF000000FF000000FF000000FF000000FF000000FF000000FF000000FF000000FF000000FF000000FF000000FF000000FF000000FF000000FF2BFD99FF2BFD99FF2BFD99FF2BFD99FF2BFD99FF2BFD99FF2BFD99FF2BFD99FF000000FF000000FF000000FF000000FF000000FF000000FF2BFD99FF2BFD99FF2BFD99FF2BFD99FF2BFD99FF2BFD99FF2BFD99FF2BFD99FF000000FF000000FF000000FF000000FF000000FF000000FF000000FF000000FF2BFD99FF2BFD99FF2BFD99FF2BFD99FF2BFD99FF2BFD99FF000000FF000000FF000000FF000000FF000000FF000000FF2BFD99FF2BFD99FF000000FF000000FF000000FF000000FF000000FF000000FF2BFD99FF2BFD99FF000000FF000000FF000000FF000000FF2BFD99FF2BFD99FF2BFD99FF2BFD99FF2BFD99FF2BFD99FF2BFD99FF2BFD99FF2BFD99FF2BFD99FF000000FF000000FF000000FF000000FF000000FF000000FF000000FF000000FF000000FF000000FF000000FF000000FF000000FF000000FF000000FF000000FF000000FF000000FF2BFD99FF2BFD99FF000000FF000000FF000000FF000000FF000000FF000000FF000000FF000000FF000000FF000000FF000000FF000000FF000000FF000000FF2BFD99FF2BFD99FF2BFD99FF2BFD99FF2BFD99FF2BFD99FF000000FF000000FF000000FF000000FF000000FF000000FF2BFD99FF2BFD99FF000000FF000000FF000000FF000000FF000000FF000000FF2BFD99FF2BFD99FF000000FF000000FF000000FF000000FF2BFD99FF2BFD99FF2BFD99FF2BFD99FF2BFD99FF2BFD99FF2BFD99FF2BFD99FF2BFD99FF2BFD99FF000000FF000000FF000000FF000000FF000000FF000000FF2BFD99FF2BFD99FF2BFD99FF2BFD99FF2BFD99FF2BFD99FF000000FF000000FF000000FF000000FF000000FF000000FF000000FF000000FF000000FF000000FF000000FF000000FF000000FF000000FF000000FF000000FF000000FF000000FF000000FF000000FF000000FF000000FF000000FF000000FF000000FF000000FF000000FF000000FF000000FF000000FF000000FF000000FF000000FF000000FF000000FF000000FF000000FF000000FF000000FF000000FF000000FF000000FF000000FF000000FF000000FF000000FF000000FF000000FF000000FF000000FF000000FF000000FF000000FF000000FF000000FF000000FF000000FF000000FF000000FF000000FF000000FF000000FF000000FF000000FF000000FF000000FF000000FF000000FF000000FF000000FF000000FF000000FF000000FF000000FF000000FF000000FF000000FF000000FF000000FF000000FF000000FF000000FF000000FF000000FF000000FF000000FF000000FF000000FF000000FF000000FF000000FF000000FF000000FF000000FF000000FF000000FF000000FF000000FF000000FF000000FF000000FF000000FF000000FF000000FF000000FF000000FF000000FF000000FF000000FF000000FF000000FF000000FF000000FF000000FF000000FF000000FF000000FF000000FF000000FF000000FF000000FF000000FF000000FF000000FF000000FF000000FF000000FF000000FF000000FF000000FF000000FF000000FF000000FF000000FF000000FF000000FF000000FF000000FF000000FF000000FF000000FF000000FF000000FF000000FF000000FF000000FF000000FF000000FF000000FF000000FF000000FF000000FF000000FF000000FF000000FF000000FF000000FF000000FF000000FF000000FF000000FF000000FF000000FF000000FF000000FF000000FF000000FF000000FF000000FF000000FF000000FF000000FF000000FF000000FF000000FF000000FF000000FF000000FF000000FF000000FF000000FF000000FF000000FF000000FF000000FF000000FF000000FF000000FF000000FF000000FF000000FF000000FF000000FF000000FF000000FF000000FF000000FF000000FF000000FF000000FF000000FF000000FF000000FF000000FF000000FF000000FF000000FF000000FF000000FF000000FF000000FF000000FF000000FF000000FF000000FF000000FF000000FF000000FF000000FF000000FF000000FF000000FF000000FF000000FF000000FF000000FF000000FF000000FF000000FF000000FF000000FF000000FF000000FF000000FF000000FF000000FF000000FF000000FF000000FF000000FF000000FF000000FF000000FF000000FF000000FF000000FF000000FF000000FF000000FF000000FF000000FF000000FF000000FF000000FF000000FF000000FF000000FF000000FF000000FF000000FF000000FF000000FF000000FF000000FF000000FF000000FF000000FF000000FF000000FF000000FF000000FF000000FF2BFD99FF2BFD99FF2BFD99FF2BFD99FF2BFD99FF2BFD99FF2BFD99FF2BFD99FF000000FF000000FF000000FF000000FF000000FF000000FF000000FF000000FF000000FF000000FF000000FF000000FF000000FF000000FF000000FF000000FF000000FF000000FF000000FF000000FF2BFD99FF2BFD99FF2BFD99FF2BFD99FF2BFD99FF2BFD99FF2BFD99FF2BFD99FF2BFD99FF2BFD99FF000000FF000000FF000000FF000000FF2BFD99FF2BFD99FF000000FF000000FF000000FF000000FF000000FF000000FF2BFD99FF2BFD99FF000000FF000000FF000000FF000000FF2BFD99FF2BFD99FF2BFD99FF2BFD99FF2BFD99FF2BFD99FF2BFD99FF2BFD99FF2BFD99FF2BFD99FF000000FF000000FF000000FF000000FF000000FF000000FF000000FF000000FF000000FF000000FF000000FF000000FF000000FF000000FF000000FF000000FF000000FF000000FF000000FF000000FF000000FF000000FF000000FF000000FF000000FF000000FF000000FF000000FF000000FF000000FF000000FF000000FF000000FF000000FF000000FF000000FF000000FF000000FF000000FF000000FF000000FF000000FF000000FF000000FF000000FF000000FF000000FF000000FF000000FF000000FF000000FF000000FF000000FF000000FF000000FF000000FF000000FF000000FF000000FF000000FF000000FF000000FF000000FF000000FF000000FF000000FF000000FF000000FF000000FF000000FF000000FF000000FF000000FF000000FF2BFD99FF2BFD99FF2BFD99FF2BFD99FF2BFD99FF2BFD99FF2BFD99FF2BFD99FF000000FF000000FF000000FF000000FF000000FF000000FF2BFD99FF2BFD99FF2BFD99FF2BFD99FF2BFD99FF2BFD99FF2BFD99FF2BFD99FF000000FF000000FF000000FF000000FF000000FF000000FF000000FF000000FF2BFD99FF2BFD99FF2BFD99FF2BFD99FF2BFD99FF2BFD99FF000000FF000000FF000000FF000000FF000000FF000000FF2BFD99FF2BFD99FF000000FF000000FF000000FF000000FF000000FF000000FF2BFD99FF2BFD99FF000000FF000000FF000000FF000000FF2BFD99FF2BFD99FF2BFD99FF2BFD99FF2BFD99FF2BFD99FF2BFD99FF2BFD99FF2BFD99FF2BFD99FF000000FF000000FF000000FF000000FF000000FF000000FF000000FF000000FF000000FF000000FF000000FF000000FF000000FF000000FF000000FF000000FF000000FF000000FF2BFD99FF2BFD99FF000000FF000000FF000000FF000000FF000000FF000000FF000000FF000000FF000000FF000000FF000000FF000000FF000000FF000000FF2BFD99FF2BFD99FF2BFD99FF2BFD99FF2BFD99FF2BFD99FF000000FF000000FF000000FF000000FF000000FF000000FF2BFD99FF2BFD99FF000000FF000000FF000000FF000000FF000000FF000000FF2BFD99FF2BFD99FF000000FF000000FF000000FF000000FF2BFD99FF2BFD99FF2BFD99FF2BFD99FF2BFD99FF2BFD99FF2BFD99FF2BFD99FF2BFD99FF2BFD99FF000000FF000000FF000000FF000000FF000000FF000000FF2BFD99FF2BFD99FF2BFD99FF2BFD99FF2BFD99FF2BFD99FF000000FF000000FF000000FF000000FF000000FF000000FF000000FF000000FF000000FF000000FF000000FF000000FF000000FF000000FF000000FF000000FF000000FF000000FF000000FF000000FF000000FF000000FF000000FF000000FF000000FF000000FF000000FF000000FF000000FF000000FF000000FF000000FF000000FF000000FF000000FF000000FF000000FF000000FF000000FF000000FF000000FF000000FF000000FF000000FF000000FF000000FF000000FF000000FF000000FF000000FF000000FF000000FF000000FF000000FF000000FF000000FF000000FF000000FF000000FF000000FF000000FF000000FF000000FF000000FF000000FF000000FF000000FF000000FF000000FF000000FF000000FF000000FF000000FF000000FF000000FF000000FF000000FF000000FF000000FF000000FF000000FF000000FF000000FF000000FF000000FF000000FF000000FF000000FF000000FF000000FF000000FF000000FF000000FF000000FF000000FF000000FF000000FF000000FF000000FF000000FF000000FF000000FF000000FF000000FF000000FF000000FF000000FF000000FF000000FF000000FF000000FF000000FF000000FF000000FF000000FF000000FF000000FF000000FF000000FF000000FF000000FF000000FF000000FF000000FF000000FF000000FF000000FF000000FF000000FF000000FF000000FF000000FF000000FF000000FF000000FF000000FF000000FF000000FF000000FF000000FF000000FF000000FF000000FF000000FF000000FF000000FF000000FF000000FF000000FF000000FF000000FF000000FF000000FF000000FF000000FF000000FF000000FF000000FF000000FF000000FF000000FF000000FF000000FF000000FF000000FF000000FF000000FF000000FF000000FF000000FF000000FF000000FF000000FF000000FF000000FF000000FF000000FF000000FF000000FF000000FF000000FF000000FF000000FF000000FF000000FF000000FF000000FF000000FF000000FF000000FF000000FF000000FF000000FF000000FF000000FF000000FF000000FF000000FF000000FF000000FF000000FF000000FF000000FF000000FF000000FF000000FF000000FF000000FF000000FF000000FF000000FF000000FF000000FF000000FF000000FF000000FF000000FF000000FF000000FF000000FF000000FF000000FF000000FF000000FF000000FF000000FF000000FF000000FF000000FF000000FF000000FF000000FF000000FF000000FF000000FF000000FF000000FF000000FF000000FF000000FF000000FF000000FF000000FF000000FF000000FF000000FF000000FF000000FF000000FF000000FF000000FF000000FF000000FF000000FF000000FF000000FF000000FF000000FF000000FF000000FF000000FF000000FF000000FF000000FF000000FF000000FF000000FF000000FF000000FF000000FF000000FF000000FF2BFD99FF2BFD99FF000000FF000000FF000000FF000000FF000000FF000000FF2BFD99FF2BFD99FF000000FF000000FF000000FF000000FF000000FF000000FF000000FF000000FF000000FF000000FF000000FF000000FF000000FF000000FF000000FF000000FF000000FF000000FF2BFD99FF2BFD99FF2BFD99FF2BFD99FF000000FF000000FF000000FF000000FF000000FF000000FF000000FF000000FF000000FF000000FF2BFD99FF2BFD99FF000000FF000000FF000000FF000000FF000000FF000000FF2BFD99FF2BFD99FF000000FF000000FF000000FF000000FF000000FF000000FF000000FF000000FF000000FF000000FF2BFD99FF2BFD99FF2BFD99FF2BFD99FF000000FF000000FF000000FF000000FF000000FF000000FF000000FF000000FF000000FF000000FF000000FF000000FF000000FF000000FF000000FF000000FF000000FF000000FF000000FF000000FF000000FF000000FF000000FF000000FF000000FF000000FF000000FF000000FF000000FF000000FF000000FF000000FF000000FF000000FF000000FF000000FF000000FF000000FF000000FF000000FF000000FF000000FF000000FF000000FF000000FF000000FF000000FF000000FF000000FF000000FF000000FF000000FF000000FF000000FF000000FF000000FF000000FF000000FF000000FF000000FF000000FF000000FF000000FF000000FF000000FF000000FF000000FF000000FF000000FF000000FF000000FF000000FF000000FF000000FF2BFD99FF2BFD99FF000000FF000000FF000000FF000000FF000000FF000000FF2BFD99FF2BFD99FF000000FF000000FF000000FF000000FF2BFD99FF2BFD99FF000000FF000000FF000000FF000000FF000000FF000000FF2BFD99FF2BFD99FF000000FF000000FF000000FF000000FF000000FF000000FF000000FF000000FF2BFD99FF2BFD99FF000000FF000000FF000000FF000000FF000000FF000000FF000000FF000000FF2BFD99FF2BFD99FF000000FF000000FF000000FF000000FF000000FF000000FF2BFD99FF2BFD99FF000000FF000000FF000000FF000000FF000000FF000000FF000000FF000000FF2BFD99FF2BFD99FF000000FF000000FF000000FF000000FF000000FF000000FF000000FF000000FF000000FF000000FF000000FF000000FF000000FF000000FF000000FF000000FF000000FF000000FF000000FF000000FF000000FF000000FF2BFD99FF2BFD99FF000000FF000000FF000000FF000000FF000000FF000000FF000000FF000000FF000000FF000000FF000000FF000000FF000000FF000000FF000000FF000000FF2BFD99FF2BFD99FF000000FF000000FF000000FF000000FF000000FF000000FF000000FF000000FF2BFD99FF2BFD99FF000000FF000000FF000000FF000000FF000000FF000000FF2BFD99FF2BFD99FF000000FF000000FF000000FF000000FF2BFD99FF2BFD99FF000000FF000000FF000000FF000000FF000000FF000000FF000000FF000000FF000000FF000000FF000000FF000000FF2BFD99FF2BFD99FF000000FF000000FF000000FF000000FF000000FF000000FF2BFD99FF2BFD99FF000000FF000000FF000000FF000000FF000000FF000000FF000000FF000000FF000000FF000000FF000000FF000000FF000000FF000000FF000000FF000000FF000000FF000000FF000000FF000000FF000000FF000000FF000000FF000000FF000000FF000000FF000000FF000000FF000000FF000000FF000000FF000000FF000000FF000000FF000000FF000000FF000000FF000000FF000000FF000000FF000000FF000000FF000000FF000000FF000000FF000000FF000000FF000000FF000000FF000000FF000000FF000000FF000000FF000000FF000000FF000000FF000000FF000000FF000000FF000000FF000000FF000000FF000000FF000000FF000000FF000000FF000000FF000000FF000000FF000000FF000000FF000000FF000000FF000000FF000000FF000000FF000000FF000000FF000000FF000000FF000000FF000000FF000000FF000000FF000000FF000000FF000000FF000000FF000000FF000000FF000000FF000000FF000000FF000000FF000000FF000000FF000000FF000000FF000000FF000000FF000000FF000000FF000000FF000000FF000000FF000000FF000000FF000000FF000000FF000000FF000000FF000000FF000000FF000000FF000000FF000000FF000000FF000000FF000000FF000000FF000000FF000000FF000000FF000000FF000000FF000000FF000000FF000000FF000000FF000000FF000000FF000000FF000000FF000000FF000000FF000000FF000000FF000000FF000000FF000000FF000000FF000000FF000000FF000000FF000000FF000000FF000000FF000000FF000000FF000000FF000000FF000000FF000000FF000000FF000000FF000000FF000000FF000000FF000000FF000000FF000000FF000000FF000000FF000000FF000000FF000000FF000000FF000000FF000000FF000000FF000000FF000000FF000000FF000000FF000000FF000000FF000000FF000000FF000000FF000000FF000000FF000000FF000000FF000000FF000000FF000000FF000000FF000000FF000000FF000000FF000000FF000000FF000000FF000000FF000000FF000000FF000000FF000000FF000000FF000000FF000000FF000000FF000000FF000000FF000000FF000000FF000000FF000000FF000000FF000000FF000000FF000000FF000000FF000000FF000000FF000000FF000000FF000000FF000000FF000000FF000000FF000000FF000000FF000000FF000000FF000000FF000000FF000000FF000000FF000000FF000000FF000000FF000000FF000000FF000000FF000000FF000000FF000000FF000000FF000000FF000000FF000000FF000000FF000000FF000000FF000000FF000000FF000000FF000000FF000000FF000000FF000000FF000000FF000000FF000000FF000000FF000000FF000000FF000000FF000000FF000000FF000000FF000000FF000000FF000000FF000000FF000000FF000000FF000000FF000000FF2BFD99FF2BFD99FF000000FF000000FF000000FF000000FF000000FF000000FF2BFD99FF2BFD99FF000000FF000000FF000000FF000000FF000000FF000000FF000000FF000000FF000000FF000000FF000000FF000000FF000000FF000000FF000000FF000000FF000000FF000000FF2BFD99FF2BFD99FF2BFD99FF2BFD99FF000000FF000000FF000000FF000000FF000000FF000000FF000000FF000000FF000000FF000000FF2BFD99FF2BFD99FF000000FF000000FF000000FF000000FF000000FF000000FF2BFD99FF2BFD99FF000000FF000000FF000000FF000000FF000000FF000000FF000000FF000000FF000000FF000000FF2BFD99FF2BFD99FF2BFD99FF2BFD99FF000000FF000000FF000000FF000000FF000000FF000000FF000000FF000000FF000000FF000000FF000000FF000000FF000000FF000000FF000000FF000000FF000000FF000000FF000000FF000000FF000000FF000000FF000000FF000000FF000000FF000000FF000000FF000000FF000000FF000000FF000000FF000000FF000000FF000000FF000000FF000000FF000000FF000000FF000000FF000000FF000000FF000000FF000000FF000000FF000000FF000000FF000000FF000000FF000000FF000000FF000000FF000000FF000000FF000000FF000000FF000000FF000000FF000000FF000000FF000000FF000000FF000000FF000000FF000000FF000000FF000000FF000000FF000000FF000000FF000000FF000000FF000000FF000000FF000000FF2BFD99FF2BFD99FF000000FF000000FF000000FF000000FF000000FF000000FF2BFD99FF2BFD99FF000000FF000000FF000000FF000000FF2BFD99FF2BFD99FF000000FF000000FF000000FF000000FF000000FF000000FF2BFD99FF2BFD99FF000000FF000000FF000000FF000000FF000000FF000000FF000000FF000000FF2BFD99FF2BFD99FF000000FF000000FF000000FF000000FF000000FF000000FF000000FF000000FF2BFD99FF2BFD99FF000000FF000000FF000000FF000000FF000000FF000000FF2BFD99FF2BFD99FF000000FF000000FF000000FF000000FF000000FF000000FF000000FF000000FF2BFD99FF2BFD99FF000000FF000000FF000000FF000000FF000000FF000000FF000000FF000000FF000000FF000000FF000000FF000000FF000000FF000000FF000000FF000000FF000000FF000000FF000000FF000000FF000000FF000000FF2BFD99FF2BFD99FF000000FF000000FF000000FF000000FF000000FF000000FF000000FF000000FF000000FF000000FF000000FF000000FF000000FF000000FF000000FF000000FF2BFD99FF2BFD99FF000000FF000000FF000000FF000000FF000000FF000000FF000000FF000000FF2BFD99FF2BFD99FF000000FF000000FF000000FF000000FF000000FF000000FF2BFD99FF2BFD99FF000000FF000000FF000000FF000000FF2BFD99FF2BFD99FF000000FF000000FF000000FF000000FF000000FF000000FF000000FF000000FF000000FF000000FF000000FF000000FF2BFD99FF2BFD99FF000000FF000000FF000000FF000000FF000000FF000000FF2BFD99FF2BFD99FF000000FF000000FF000000FF000000FF000000FF000000FF000000FF000000FF000000FF000000FF000000FF000000FF000000FF000000FF000000FF000000FF000000FF000000FF000000FF000000FF000000FF000000FF000000FF000000FF000000FF000000FF000000FF000000FF000000FF000000FF000000FF000000FF000000FF000000FF000000FF000000FF000000FF000000FF000000FF000000FF000000FF000000FF000000FF000000FF000000FF000000FF000000FF000000FF000000FF000000FF000000FF000000FF000000FF000000FF000000FF000000FF000000FF000000FF000000FF000000FF000000FF000000FF000000FF000000FF000000FF000000FF000000FF000000FF000000FF000000FF000000FF000000FF000000FF000000FF000000FF000000FF000000FF000000FF000000FF000000FF000000FF000000FF000000FF000000FF000000FF000000FF000000FF000000FF000000FF000000FF000000FF000000FF000000FF000000FF000000FF000000FF000000FF000000FF000000FF000000FF000000FF000000FF000000FF000000FF000000FF000000FF000000FF000000FF000000FF000000FF000000FF000000FF000000FF000000FF000000FF000000FF000000FF000000FF000000FF000000FF000000FF000000FF000000FF000000FF000000FF000000FF000000FF000000FF000000FF000000FF000000FF000000FF000000FF000000FF000000FF000000FF000000FF000000FF000000FF000000FF000000FF000000FF000000FF000000FF000000FF000000FF000000FF000000FF000000FF000000FF000000FF000000FF000000FF000000FF000000FF000000FF000000FF000000FF000000FF000000FF000000FF000000FF000000FF000000FF000000FF000000FF000000FF000000FF000000FF000000FF000000FF000000FF000000FF000000FF000000FF000000FF000000FF000000FF000000FF000000FF000000FF000000FF000000FF000000FF000000FF000000FF000000FF000000FF000000FF000000FF000000FF000000FF000000FF000000FF000000FF000000FF000000FF000000FF000000FF000000FF000000FF000000FF000000FF000000FF000000FF000000FF000000FF000000FF000000FF000000FF000000FF000000FF000000FF000000FF000000FF000000FF000000FF000000FF000000FF000000FF000000FF000000FF000000FF000000FF000000FF000000FF000000FF000000FF000000FF000000FF000000FF000000FF000000FF000000FF000000FF000000FF000000FF000000FF000000FF000000FF000000FF000000FF000000FF000000FF000000FF000000FF000000FF000000FF000000FF000000FF000000FF000000FF000000FF000000FF000000FF000000FF000000FF000000FF000000FF000000FF000000FF000000FF000000FF000000FF000000FF000000FF000000FF000000FF000000FF000000FF2BFD99FF2BFD99FF000000FF000000FF000000FF000000FF000000FF000000FF2BFD99FF2BFD99FF000000FF000000FF000000FF000000FF000000FF000000FF000000FF000000FF000000FF000000FF000000FF000000FF000000FF000000FF000000FF000000FF000000FF000000FF2BFD99FF2BFD99FF2BFD99FF2BFD99FF000000FF000000FF000000FF000000FF000000FF000000FF000000FF000000FF000000FF000000FF2BFD99FF2BFD99FF2BFD99FF2BFD99FF000000FF000000FF000000FF000000FF2BFD99FF2BFD99FF000000FF000000FF000000FF000000FF000000FF000000FF000000FF000000FF000000FF000000FF2BFD99FF2BFD99FF2BFD99FF2BFD99FF000000FF000000FF000000FF000000FF000000FF000000FF000000FF000000FF000000FF000000FF000000FF000000FF000000FF000000FF000000FF000000FF000000FF000000FF000000FF000000FF000000FF000000FF000000FF000000FF000000FF000000FF000000FF000000FF000000FF000000FF000000FF000000FF000000FF000000FF000000FF000000FF000000FF000000FF000000FF000000FF000000FF000000FF000000FF000000FF000000FF000000FF000000FF000000FF000000FF000000FF2BFD99FF2BFD99FF000000FF000000FF000000FF000000FF000000FF000000FF000000FF000000FF000000FF000000FF000000FF000000FF000000FF000000FF000000FF000000FF000000FF000000FF000000FF000000FF000000FF000000FF2BFD99FF2BFD99FF000000FF000000FF000000FF000000FF000000FF000000FF2BFD99FF2BFD99FF000000FF000000FF000000FF000000FF2BFD99FF2BFD99FF000000FF000000FF000000FF000000FF000000FF000000FF2BFD99FF2BFD99FF000000FF000000FF000000FF000000FF000000FF000000FF000000FF000000FF2BFD99FF2BFD99FF000000FF000000FF000000FF000000FF000000FF000000FF000000FF000000FF2BFD99FF2BFD99FF2BFD99FF2BFD99FF000000FF000000FF000000FF000000FF2BFD99FF2BFD99FF000000FF000000FF000000FF000000FF000000FF000000FF000000FF000000FF2BFD99FF2BFD99FF000000FF000000FF000000FF000000FF000000FF000000FF000000FF000000FF000000FF000000FF000000FF000000FF000000FF000000FF000000FF000000FF000000FF000000FF000000FF000000FF000000FF000000FF2BFD99FF2BFD99FF000000FF000000FF000000FF000000FF000000FF000000FF000000FF000000FF000000FF000000FF000000FF000000FF000000FF000000FF000000FF000000FF2BFD99FF2BFD99FF000000FF000000FF000000FF000000FF000000FF000000FF000000FF000000FF2BFD99FF2BFD99FF2BFD99FF2BFD99FF000000FF000000FF000000FF000000FF2BFD99FF2BFD99FF000000FF000000FF000000FF000000FF2BFD99FF2BFD99FF000000FF000000FF000000FF000000FF000000FF000000FF000000FF000000FF000000FF000000FF000000FF000000FF2BFD99FF2BFD99FF000000FF000000FF000000FF000000FF000000FF000000FF000000FF000000FF000000FF000000FF000000FF000000FF000000FF000000FF000000FF000000FF000000FF000000FF000000FF000000FF000000FF000000FF000000FF000000FF000000FF000000FF000000FF000000FF000000FF000000FF000000FF000000FF000000FF000000FF000000FF000000FF000000FF000000FF000000FF000000FF000000FF000000FF000000FF000000FF000000FF000000FF000000FF000000FF000000FF000000FF000000FF000000FF000000FF000000FF000000FF000000FF000000FF000000FF000000FF000000FF000000FF000000FF000000FF000000FF000000FF000000FF000000FF000000FF000000FF000000FF000000FF000000FF000000FF000000FF000000FF000000FF000000FF000000FF000000FF000000FF000000FF000000FF000000FF000000FF000000FF000000FF000000FF000000FF000000FF000000FF000000FF000000FF000000FF000000FF000000FF000000FF000000FF000000FF000000FF000000FF000000FF000000FF000000FF000000FF000000FF000000FF000000FF000000FF000000FF000000FF000000FF000000FF000000FF000000FF000000FF000000FF000000FF000000FF000000FF000000FF000000FF000000FF000000FF000000FF000000FF000000FF000000FF000000FF000000FF000000FF000000FF000000FF000000FF000000FF000000FF000000FF000000FF000000FF000000FF000000FF000000FF000000FF000000FF000000FF000000FF000000FF000000FF000000FF000000FF000000FF000000FF000000FF000000FF000000FF000000FF000000FF000000FF000000FF000000FF000000FF000000FF000000FF000000FF000000FF000000FF000000FF000000FF000000FF000000FF000000FF000000FF000000FF000000FF000000FF000000FF000000FF000000FF000000FF000000FF000000FF000000FF000000FF000000FF000000FF000000FF000000FF000000FF000000FF000000FF000000FF000000FF000000FF000000FF000000FF000000FF000000FF000000FF000000FF000000FF000000FF000000FF000000FF000000FF000000FF000000FF000000FF000000FF000000FF000000FF000000FF000000FF000000FF000000FF000000FF000000FF000000FF000000FF000000FF000000FF000000FF000000FF000000FF000000FF000000FF000000FF000000FF000000FF000000FF000000FF000000FF000000FF000000FF000000FF000000FF000000FF000000FF000000FF000000FF000000FF000000FF000000FF000000FF000000FF000000FF000000FF000000FF000000FF000000FF000000FF000000FF000000FF000000FF000000FF000000FF000000FF000000FF000000FF000000FF000000FF000000FF000000FF000000FF000000FF000000FF000000FF000000FF000000FF000000FF000000FF000000FF000000FF000000FF000000FF000000FF000000FF000000FF000000FF000000FF2BFD99FF2BFD99FF000000FF000000FF000000FF000000FF000000FF000000FF2BFD99FF2BFD99FF000000FF000000FF000000FF000000FF000000FF000000FF000000FF000000FF000000FF000000FF000000FF000000FF000000FF000000FF000000FF000000FF000000FF000000FF2BFD99FF2BFD99FF2BFD99FF2BFD99FF000000FF000000FF000000FF000000FF000000FF000000FF000000FF000000FF000000FF000000FF2BFD99FF2BFD99FF2BFD99FF2BFD99FF000000FF000000FF000000FF000000FF2BFD99FF2BFD99FF000000FF000000FF000000FF000000FF000000FF000000FF000000FF000000FF000000FF000000FF2BFD99FF2BFD99FF2BFD99FF2BFD99FF000000FF000000FF000000FF000000FF000000FF000000FF000000FF000000FF000000FF000000FF000000FF000000FF000000FF000000FF000000FF000000FF000000FF000000FF000000FF000000FF000000FF000000FF000000FF000000FF000000FF000000FF000000FF000000FF000000FF000000FF000000FF000000FF000000FF000000FF000000FF000000FF000000FF000000FF000000FF000000FF000000FF000000FF000000FF000000FF000000FF000000FF000000FF000000FF000000FF000000FF2BFD99FF2BFD99FF000000FF000000FF000000FF000000FF000000FF000000FF000000FF000000FF000000FF000000FF000000FF000000FF000000FF000000FF000000FF000000FF000000FF000000FF000000FF000000FF000000FF000000FF2BFD99FF2BFD99FF000000FF000000FF000000FF000000FF000000FF000000FF2BFD99FF2BFD99FF000000FF000000FF000000FF000000FF2BFD99FF2BFD99FF000000FF000000FF000000FF000000FF000000FF000000FF2BFD99FF2BFD99FF000000FF000000FF000000FF000000FF000000FF000000FF000000FF000000FF2BFD99FF2BFD99FF000000FF000000FF000000FF000000FF000000FF000000FF000000FF000000FF2BFD99FF2BFD99FF2BFD99FF2BFD99FF000000FF000000FF000000FF000000FF2BFD99FF2BFD99FF000000FF000000FF000000FF000000FF000000FF000000FF000000FF000000FF2BFD99FF2BFD99FF000000FF000000FF000000FF000000FF000000FF000000FF000000FF000000FF000000FF000000FF000000FF000000FF000000FF000000FF000000FF000000FF000000FF000000FF000000FF000000FF000000FF000000FF2BFD99FF2BFD99FF000000FF000000FF000000FF000000FF000000FF000000FF000000FF000000FF000000FF000000FF000000FF000000FF000000FF000000FF000000FF000000FF2BFD99FF2BFD99FF000000FF000000FF000000FF000000FF000000FF000000FF000000FF000000FF2BFD99FF2BFD99FF2BFD99FF2BFD99FF000000FF000000FF000000FF000000FF2BFD99FF2BFD99FF000000FF000000FF000000FF000000FF2BFD99FF2BFD99FF000000FF000000FF000000FF000000FF000000FF000000FF000000FF000000FF000000FF000000FF000000FF000000FF2BFD99FF2BFD99FF000000FF000000FF000000FF000000FF000000FF000000FF000000FF000000FF000000FF000000FF000000FF000000FF000000FF000000FF000000FF000000FF000000FF000000FF000000FF000000FF000000FF000000FF000000FF000000FF000000FF000000FF000000FF000000FF000000FF000000FF000000FF000000FF000000FF000000FF000000FF000000FF000000FF000000FF000000FF000000FF000000FF000000FF000000FF000000FF000000FF000000FF000000FF000000FF000000FF000000FF000000FF000000FF000000FF000000FF000000FF000000FF000000FF000000FF000000FF000000FF000000FF000000FF000000FF000000FF000000FF000000FF000000FF000000FF000000FF000000FF000000FF000000FF000000FF000000FF000000FF000000FF000000FF000000FF000000FF000000FF000000FF000000FF000000FF000000FF000000FF000000FF000000FF000000FF000000FF000000FF000000FF000000FF000000FF000000FF000000FF000000FF000000FF000000FF000000FF000000FF000000FF000000FF000000FF000000FF000000FF000000FF000000FF000000FF000000FF000000FF000000FF000000FF000000FF000000FF000000FF000000FF000000FF000000FF000000FF000000FF000000FF000000FF000000FF000000FF000000FF000000FF000000FF000000FF000000FF000000FF000000FF000000FF000000FF000000FF000000FF000000FF000000FF000000FF000000FF000000FF000000FF000000FF000000FF000000FF000000FF000000FF000000FF000000FF000000FF000000FF000000FF000000FF000000FF000000FF000000FF000000FF000000FF000000FF000000FF000000FF000000FF000000FF000000FF000000FF000000FF000000FF000000FF000000FF000000FF000000FF000000FF000000FF000000FF000000FF000000FF000000FF000000FF000000FF000000FF000000FF000000FF000000FF000000FF000000FF000000FF000000FF000000FF000000FF000000FF000000FF000000FF000000FF000000FF000000FF000000FF000000FF000000FF000000FF000000FF000000FF000000FF000000FF000000FF000000FF000000FF000000FF000000FF000000FF000000FF000000FF000000FF000000FF000000FF000000FF000000FF000000FF000000FF000000FF000000FF000000FF000000FF000000FF000000FF000000FF000000FF000000FF000000FF000000FF000000FF000000FF000000FF000000FF000000FF000000FF000000FF000000FF000000FF000000FF000000FF000000FF000000FF000000FF000000FF000000FF000000FF000000FF000000FF000000FF000000FF000000FF000000FF000000FF000000FF000000FF000000FF000000FF000000FF000000FF000000FF000000FF000000FF000000FF000000FF000000FF000000FF000000FF000000FF000000FF000000FF000000FF000000FF000000FF000000FF000000FF000000FF000000FF000000FF000000FF2BFD99FF2BFD99FF2BFD99FF2BFD99FF2BFD99FF2BFD99FF2BFD99FF2BFD99FF000000FF000000FF000000FF000000FF000000FF000000FF000000FF000000FF000000FF000000FF000000FF000000FF000000FF000000FF000000FF000000FF000000FF000000FF000000FF000000FF2BFD99FF2BFD99FF2BFD99FF2BFD99FF000000FF000000FF000000FF000000FF000000FF000000FF000000FF000000FF000000FF000000FF2BFD99FF2BFD99FF000000FF000000FF2BFD99FF2BFD99FF000000FF000000FF2BFD99FF2BFD99FF000000FF000000FF000000FF000000FF000000FF000000FF000000FF000000FF000000FF000000FF2BFD99FF2BFD99FF2BFD99FF2BFD99FF000000FF000000FF000000FF000000FF000000FF000000FF000000FF000000FF000000FF000000FF000000FF000000FF000000FF000000FF000000FF000000FF000000FF000000FF000000FF000000FF000000FF000000FF000000FF000000FF000000FF000000FF000000FF000000FF000000FF000000FF000000FF000000FF000000FF000000FF000000FF000000FF000000FF000000FF000000FF000000FF000000FF000000FF000000FF000000FF000000FF000000FF000000FF000000FF000000FF000000FF000000FF000000FF000000FF000000FF000000FF000000FF000000FF000000FF000000FF000000FF000000FF000000FF000000FF000000FF000000FF000000FF000000FF000000FF000000FF000000FF000000FF000000FF000000FF000000FF2BFD99FF2BFD99FF2BFD99FF2BFD99FF2BFD99FF2BFD99FF2BFD99FF2BFD99FF000000FF000000FF000000FF000000FF000000FF000000FF2BFD99FF2BFD99FF2BFD99FF2BFD99FF2BFD99FF2BFD99FF2BFD99FF2BFD99FF000000FF000000FF000000FF000000FF000000FF000000FF000000FF000000FF000000FF000000FF2BFD99FF2BFD99FF000000FF000000FF000000FF000000FF000000FF000000FF000000FF000000FF2BFD99FF2BFD99FF000000FF000000FF2BFD99FF2BFD99FF000000FF000000FF2BFD99FF2BFD99FF000000FF000000FF000000FF000000FF000000FF000000FF000000FF000000FF2BFD99FF2BFD99FF000000FF000000FF000000FF000000FF000000FF000000FF000000FF000000FF000000FF000000FF000000FF000000FF000000FF000000FF000000FF000000FF000000FF000000FF000000FF000000FF000000FF000000FF2BFD99FF2BFD99FF000000FF000000FF000000FF000000FF000000FF000000FF000000FF000000FF000000FF000000FF000000FF000000FF000000FF000000FF000000FF000000FF2BFD99FF2BFD99FF000000FF000000FF000000FF000000FF000000FF000000FF000000FF000000FF2BFD99FF2BFD99FF000000FF000000FF2BFD99FF2BFD99FF000000FF000000FF2BFD99FF2BFD99FF000000FF000000FF000000FF000000FF2BFD99FF2BFD99FF2BFD99FF2BFD99FF2BFD99FF2BFD99FF2BFD99FF2BFD99FF000000FF000000FF000000FF000000FF000000FF000000FF000000FF000000FF2BFD99FF2BFD99FF2BFD99FF2BFD99FF2BFD99FF2BFD99FF000000FF000000FF000000FF000000FF000000FF000000FF000000FF000000FF000000FF000000FF000000FF000000FF000000FF000000FF000000FF000000FF000000FF000000FF000000FF000000FF000000FF000000FF000000FF000000FF000000FF000000FF000000FF000000FF000000FF000000FF000000FF000000FF000000FF000000FF000000FF000000FF000000FF000000FF000000FF000000FF000000FF000000FF000000FF000000FF000000FF000000FF000000FF000000FF000000FF000000FF000000FF000000FF000000FF000000FF000000FF000000FF000000FF000000FF000000FF000000FF000000FF000000FF000000FF000000FF000000FF000000FF000000FF000000FF000000FF000000FF000000FF000000FF000000FF000000FF000000FF000000FF000000FF000000FF000000FF000000FF000000FF000000FF000000FF000000FF000000FF000000FF000000FF000000FF000000FF000000FF000000FF000000FF000000FF000000FF000000FF000000FF000000FF000000FF000000FF000000FF000000FF000000FF000000FF000000FF000000FF000000FF000000FF000000FF000000FF000000FF000000FF000000FF000000FF000000FF000000FF000000FF000000FF000000FF000000FF000000FF000000FF000000FF000000FF000000FF000000FF000000FF000000FF000000FF000000FF000000FF000000FF000000FF000000FF000000FF000000FF000000FF000000FF000000FF000000FF000000FF000000FF000000FF000000FF000000FF000000FF000000FF000000FF000000FF000000FF000000FF000000FF000000FF000000FF000000FF000000FF000000FF000000FF000000FF000000FF000000FF000000FF000000FF000000FF000000FF000000FF000000FF000000FF000000FF000000FF000000FF000000FF000000FF000000FF000000FF000000FF000000FF000000FF000000FF000000FF000000FF000000FF000000FF000000FF000000FF000000FF000000FF000000FF000000FF000000FF000000FF000000FF000000FF000000FF000000FF000000FF000000FF000000FF000000FF000000FF000000FF000000FF000000FF000000FF000000FF000000FF000000FF000000FF000000FF000000FF000000FF000000FF000000FF000000FF000000FF000000FF000000FF000000FF000000FF000000FF000000FF000000FF000000FF000000FF000000FF000000FF000000FF000000FF000000FF000000FF000000FF000000FF000000FF000000FF000000FF000000FF000000FF000000FF000000FF000000FF000000FF000000FF000000FF000000FF000000FF000000FF000000FF000000FF000000FF000000FF000000FF000000FF000000FF000000FF000000FF000000FF000000FF000000FF000000FF000000FF000000FF000000FF000000FF000000FF000000FF000000FF000000FF000000FF000000FF000000FF000000FF000000FF000000FF2BFD99FF2BFD99FF2BFD99FF2BFD99FF2BFD99FF2BFD99FF2BFD99FF2BFD99FF000000FF000000FF000000FF000000FF000000FF000000FF000000FF000000FF000000FF000000FF000000FF000000FF000000FF000000FF000000FF000000FF000000FF000000FF000000FF000000FF2BFD99FF2BFD99FF2BFD99FF2BFD99FF000000FF000000FF000000FF000000FF000000FF000000FF000000FF000000FF000000FF000000FF2BFD99FF2BFD99FF000000FF000000FF2BFD99FF2BFD99FF000000FF000000FF2BFD99FF2BFD99FF000000FF000000FF000000FF000000FF000000FF000000FF000000FF000000FF000000FF000000FF2BFD99FF2BFD99FF2BFD99FF2BFD99FF000000FF000000FF000000FF000000FF000000FF000000FF000000FF000000FF000000FF000000FF000000FF000000FF000000FF000000FF000000FF000000FF000000FF000000FF000000FF000000FF000000FF000000FF000000FF000000FF000000FF000000FF000000FF000000FF000000FF000000FF000000FF000000FF000000FF000000FF000000FF000000FF000000FF000000FF000000FF000000FF000000FF000000FF000000FF000000FF000000FF000000FF000000FF000000FF000000FF000000FF000000FF000000FF000000FF000000FF000000FF000000FF000000FF000000FF000000FF000000FF000000FF000000FF000000FF000000FF000000FF000000FF000000FF000000FF000000FF000000FF000000FF000000FF000000FF000000FF2BFD99FF2BFD99FF2BFD99FF2BFD99FF2BFD99FF2BFD99FF2BFD99FF2BFD99FF000000FF000000FF000000FF000000FF000000FF000000FF2BFD99FF2BFD99FF2BFD99FF2BFD99FF2BFD99FF2BFD99FF2BFD99FF2BFD99FF000000FF000000FF000000FF000000FF000000FF000000FF000000FF000000FF000000FF000000FF2BFD99FF2BFD99FF000000FF000000FF000000FF000000FF000000FF000000FF000000FF000000FF2BFD99FF2BFD99FF000000FF000000FF2BFD99FF2BFD99FF000000FF000000FF2BFD99FF2BFD99FF000000FF000000FF000000FF000000FF000000FF000000FF000000FF000000FF2BFD99FF2BFD99FF000000FF000000FF000000FF000000FF000000FF000000FF000000FF000000FF000000FF000000FF000000FF000000FF000000FF000000FF000000FF000000FF000000FF000000FF000000FF000000FF000000FF000000FF2BFD99FF2BFD99FF000000FF000000FF000000FF000000FF000000FF000000FF000000FF000000FF000000FF000000FF000000FF000000FF000000FF000000FF000000FF000000FF2BFD99FF2BFD99FF000000FF000000FF000000FF000000FF000000FF000000FF000000FF000000FF2BFD99FF2BFD99FF000000FF000000FF2BFD99FF2BFD99FF000000FF000000FF2BFD99FF2BFD99FF000000FF000000FF000000FF000000FF2BFD99FF2BFD99FF2BFD99FF2BFD99FF2BFD99FF2BFD99FF2BFD99FF2BFD99FF000000FF000000FF000000FF000000FF000000FF000000FF000000FF000000FF2BFD99FF2BFD99FF2BFD99FF2BFD99FF2BFD99FF2BFD99FF000000FF000000FF000000FF000000FF000000FF000000FF000000FF000000FF000000FF000000FF000000FF000000FF000000FF000000FF000000FF000000FF000000FF000000FF000000FF000000FF000000FF000000FF000000FF000000FF000000FF000000FF000000FF000000FF000000FF000000FF000000FF000000FF000000FF000000FF000000FF000000FF000000FF000000FF000000FF000000FF000000FF000000FF000000FF000000FF000000FF000000FF000000FF000000FF000000FF000000FF000000FF000000FF000000FF000000FF000000FF000000FF000000FF000000FF000000FF000000FF000000FF000000FF000000FF000000FF000000FF000000FF000000FF000000FF000000FF000000FF000000FF000000FF000000FF000000FF000000FF000000FF000000FF000000FF000000FF000000FF000000FF000000FF000000FF000000FF000000FF000000FF000000FF000000FF000000FF000000FF000000FF000000FF000000FF000000FF000000FF000000FF000000FF000000FF000000FF000000FF000000FF000000FF000000FF000000FF000000FF000000FF000000FF000000FF000000FF000000FF000000FF000000FF000000FF000000FF000000FF000000FF000000FF000000FF000000FF000000FF000000FF000000FF000000FF000000FF000000FF000000FF000000FF000000FF000000FF000000FF000000FF000000FF000000FF000000FF000000FF000000FF000000FF000000FF000000FF000000FF000000FF000000FF000000FF000000FF000000FF000000FF000000FF000000FF000000FF000000FF000000FF000000FF000000FF000000FF000000FF000000FF000000FF000000FF000000FF000000FF000000FF000000FF000000FF000000FF000000FF000000FF000000FF000000FF000000FF000000FF000000FF000000FF000000FF000000FF000000FF000000FF000000FF000000FF000000FF000000FF000000FF000000FF000000FF000000FF000000FF000000FF000000FF000000FF000000FF000000FF000000FF000000FF000000FF000000FF000000FF000000FF000000FF000000FF000000FF000000FF000000FF000000FF000000FF000000FF000000FF000000FF000000FF000000FF000000FF000000FF000000FF000000FF000000FF000000FF000000FF000000FF000000FF000000FF000000FF000000FF000000FF000000FF000000FF000000FF000000FF000000FF000000FF000000FF000000FF000000FF000000FF000000FF000000FF000000FF000000FF000000FF000000FF000000FF000000FF000000FF000000FF000000FF000000FF000000FF000000FF000000FF000000FF000000FF000000FF000000FF000000FF000000FF000000FF000000FF000000FF000000FF000000FF000000FF000000FF000000FF000000FF000000FF000000FF000000FF000000FF000000FF000000FF000000FF000000FF000000FF000000FF000000FF2BFD99FF2BFD99FF000000FF000000FF000000FF000000FF000000FF000000FF000000FF000000FF000000FF000000FF000000FF000000FF000000FF000000FF000000FF000000FF000000FF000000FF000000FF000000FF000000FF000000FF000000FF000000FF000000FF000000FF2BFD99FF2BFD99FF2BFD99FF2BFD99FF000000FF000000FF000000FF000000FF000000FF000000FF000000FF000000FF000000FF000000FF2BFD99FF2BFD99FF000000FF000000FF000000FF000000FF2BFD99FF2BFD99FF2BFD99FF2BFD99FF000000FF000000FF000000FF000000FF000000FF000000FF000000FF000000FF000000FF000000FF2BFD99FF2BFD99FF2BFD99FF2BFD99FF000000FF000000FF000000FF000000FF000000FF000000FF000000FF000000FF000000FF000000FF000000FF000000FF000000FF000000FF000000FF000000FF000000FF000000FF000000FF000000FF000000FF000000FF000000FF000000FF000000FF000000FF000000FF000000FF000000FF000000FF000000FF000000FF000000FF000000FF000000FF000000FF000000FF000000FF000000FF000000FF000000FF000000FF000000FF000000FF000000FF000000FF000000FF000000FF000000FF000000FF2BFD99FF2BFD99FF000000FF000000FF000000FF000000FF000000FF000000FF000000FF000000FF000000FF000000FF000000FF000000FF000000FF000000FF000000FF000000FF000000FF000000FF000000FF000000FF000000FF000000FF2BFD99FF2BFD99FF000000FF000000FF000000FF000000FF000000FF000000FF000000FF000000FF000000FF000000FF000000FF000000FF2BFD99FF2BFD99FF000000FF000000FF2BFD99FF2BFD99FF000000FF000000FF000000FF000000FF000000FF000000FF000000FF000000FF000000FF000000FF000000FF000000FF2BFD99FF2BFD99FF000000FF000000FF000000FF000000FF000000FF000000FF000000FF000000FF2BFD99FF2BFD99FF000000FF000000FF000000FF000000FF2BFD99FF2BFD99FF2BFD99FF2BFD99FF000000FF000000FF000000FF000000FF000000FF000000FF000000FF000000FF2BFD99FF2BFD99FF000000FF000000FF000000FF000000FF000000FF000000FF000000FF000000FF000000FF000000FF000000FF000000FF000000FF000000FF000000FF000000FF000000FF000000FF000000FF000000FF000000FF000000FF2BFD99FF2BFD99FF000000FF000000FF000000FF000000FF000000FF000000FF000000FF000000FF000000FF000000FF000000FF000000FF000000FF000000FF000000FF000000FF2BFD99FF2BFD99FF000000FF000000FF000000FF000000FF000000FF000000FF000000FF000000FF2BFD99FF2BFD99FF000000FF000000FF000000FF000000FF2BFD99FF2BFD99FF2BFD99FF2BFD99FF000000FF000000FF000000FF000000FF2BFD99FF2BFD99FF000000FF000000FF000000FF000000FF000000FF000000FF000000FF000000FF000000FF000000FF000000FF000000FF000000FF000000FF000000FF000000FF000000FF000000FF000000FF000000FF2BFD99FF2BFD99FF000000FF000000FF000000FF000000FF000000FF000000FF000000FF000000FF000000FF000000FF000000FF000000FF000000FF000000FF000000FF000000FF000000FF000000FF000000FF000000FF000000FF000000FF000000FF000000FF000000FF000000FF000000FF000000FF000000FF000000FF000000FF000000FF000000FF000000FF000000FF000000FF000000FF000000FF000000FF000000FF000000FF000000FF000000FF000000FF000000FF000000FF000000FF000000FF000000FF000000FF000000FF000000FF000000FF000000FF000000FF000000FF000000FF000000FF000000FF000000FF000000FF000000FF000000FF000000FF000000FF000000FF000000FF000000FF000000FF000000FF000000FF000000FF000000FF000000FF000000FF000000FF000000FF000000FF000000FF000000FF000000FF000000FF000000FF000000FF000000FF000000FF000000FF000000FF000000FF000000FF000000FF000000FF000000FF000000FF000000FF000000FF000000FF000000FF000000FF000000FF000000FF000000FF000000FF000000FF000000FF000000FF000000FF000000FF000000FF000000FF000000FF000000FF000000FF000000FF000000FF000000FF000000FF000000FF000000FF000000FF000000FF000000FF000000FF000000FF000000FF000000FF000000FF000000FF000000FF000000FF000000FF000000FF000000FF000000FF000000FF000000FF000000FF000000FF000000FF000000FF000000FF000000FF000000FF000000FF000000FF000000FF000000FF000000FF000000FF000000FF000000FF000000FF000000FF000000FF000000FF000000FF000000FF000000FF000000FF000000FF000000FF000000FF000000FF000000FF000000FF000000FF000000FF000000FF000000FF000000FF000000FF000000FF000000FF000000FF000000FF000000FF000000FF000000FF000000FF000000FF000000FF000000FF000000FF000000FF000000FF000000FF000000FF000000FF000000FF000000FF000000FF000000FF000000FF000000FF000000FF000000FF000000FF000000FF000000FF000000FF000000FF000000FF000000FF000000FF000000FF000000FF000000FF000000FF000000FF000000FF000000FF000000FF000000FF000000FF000000FF000000FF000000FF000000FF000000FF000000FF000000FF000000FF000000FF000000FF000000FF000000FF000000FF000000FF000000FF000000FF000000FF000000FF000000FF000000FF000000FF000000FF000000FF000000FF000000FF000000FF000000FF000000FF000000FF000000FF000000FF000000FF000000FF000000FF000000FF000000FF000000FF000000FF000000FF000000FF000000FF000000FF000000FF000000FF000000FF000000FF000000FF000000FF000000FF000000FF000000FF000000FF000000FF000000FF000000FF000000FF2BFD99FF2BFD99FF000000FF000000FF000000FF000000FF000000FF000000FF000000FF000000FF000000FF000000FF000000FF000000FF000000FF000000FF000000FF000000FF000000FF000000FF000000FF000000FF000000FF000000FF000000FF000000FF000000FF000000FF2BFD99FF2BFD99FF2BFD99FF2BFD99FF000000FF000000FF000000FF000000FF000000FF000000FF000000FF000000FF000000FF000000FF2BFD99FF2BFD99FF000000FF000000FF000000FF000000FF2BFD99FF2BFD99FF2BFD99FF2BFD99FF000000FF000000FF000000FF000000FF000000FF000000FF000000FF000000FF000000FF000000FF2BFD99FF2BFD99FF2BFD99FF2BFD99FF000000FF000000FF000000FF000000FF000000FF000000FF000000FF000000FF000000FF000000FF000000FF000000FF000000FF000000FF000000FF000000FF000000FF000000FF000000FF000000FF000000FF000000FF000000FF000000FF000000FF000000FF000000FF000000FF000000FF000000FF000000FF000000FF000000FF000000FF000000FF000000FF000000FF000000FF000000FF000000FF000000FF000000FF000000FF000000FF000000FF000000FF000000FF000000FF000000FF000000FF2BFD99FF2BFD99FF000000FF000000FF000000FF000000FF000000FF000000FF000000FF000000FF000000FF000000FF000000FF000000FF000000FF000000FF000000FF000000FF000000FF000000FF000000FF000000FF000000FF000000FF2BFD99FF2BFD99FF000000FF000000FF000000FF000000FF000000FF000000FF000000FF000000FF000000FF000000FF000000FF000000FF2BFD99FF2BFD99FF000000FF000000FF2BFD99FF2BFD99FF000000FF000000FF000000FF000000FF000000FF000000FF000000FF000000FF000000FF000000FF000000FF000000FF2BFD99FF2BFD99FF000000FF000000FF000000FF000000FF000000FF000000FF000000FF000000FF2BFD99FF2BFD99FF000000FF000000FF000000FF000000FF2BFD99FF2BFD99FF2BFD99FF2BFD99FF000000FF000000FF000000FF000000FF000000FF000000FF000000FF000000FF2BFD99FF2BFD99FF000000FF000000FF000000FF000000FF000000FF000000FF000000FF000000FF000000FF000000FF000000FF000000FF000000FF000000FF000000FF000000FF000000FF000000FF000000FF000000FF000000FF000000FF2BFD99FF2BFD99FF000000FF000000FF000000FF000000FF000000FF000000FF000000FF000000FF000000FF000000FF000000FF000000FF000000FF000000FF000000FF000000FF2BFD99FF2BFD99FF000000FF000000FF000000FF000000FF000000FF000000FF000000FF000000FF2BFD99FF2BFD99FF000000FF000000FF000000FF000000FF2BFD99FF2BFD99FF2BFD99FF2BFD99FF000000FF000000FF000000FF000000FF2BFD99FF2BFD99FF000000FF000000FF000000FF000000FF000000FF000000FF000000FF000000FF000000FF000000FF000000FF000000FF000000FF000000FF000000FF000000FF000000FF000000FF000000FF000000FF2BFD99FF2BFD99FF000000FF000000FF000000FF000000FF000000FF000000FF000000FF000000FF000000FF000000FF000000FF000000FF000000FF000000FF000000FF000000FF000000FF000000FF000000FF000000FF000000FF000000FF000000FF000000FF000000FF000000FF000000FF000000FF000000FF000000FF000000FF000000FF000000FF000000FF000000FF000000FF000000FF000000FF000000FF000000FF000000FF000000FF000000FF000000FF000000FF000000FF000000FF000000FF000000FF000000FF000000FF000000FF000000FF000000FF000000FF000000FF000000FF000000FF000000FF000000FF000000FF000000FF000000FF000000FF000000FF000000FF000000FF000000FF000000FF000000FF000000FF000000FF000000FF000000FF000000FF000000FF000000FF000000FF000000FF000000FF000000FF000000FF000000FF000000FF000000FF000000FF000000FF000000FF000000FF000000FF000000FF000000FF000000FF000000FF000000FF000000FF000000FF000000FF000000FF000000FF000000FF000000FF000000FF000000FF000000FF000000FF000000FF000000FF000000FF000000FF000000FF000000FF000000FF000000FF000000FF000000FF000000FF000000FF000000FF000000FF000000FF000000FF000000FF000000FF000000FF000000FF000000FF000000FF000000FF000000FF000000FF000000FF000000FF000000FF000000FF000000FF000000FF000000FF000000FF000000FF000000FF000000FF000000FF000000FF000000FF000000FF000000FF000000FF000000FF000000FF000000FF000000FF000000FF000000FF000000FF000000FF000000FF000000FF000000FF000000FF000000FF000000FF000000FF000000FF000000FF000000FF000000FF000000FF000000FF000000FF000000FF000000FF000000FF000000FF000000FF000000FF000000FF000000FF000000FF000000FF000000FF000000FF000000FF000000FF000000FF000000FF000000FF000000FF000000FF000000FF000000FF000000FF000000FF000000FF000000FF000000FF000000FF000000FF000000FF000000FF000000FF000000FF000000FF000000FF000000FF000000FF000000FF000000FF000000FF000000FF000000FF000000FF000000FF000000FF000000FF000000FF000000FF000000FF000000FF000000FF000000FF000000FF000000FF000000FF000000FF000000FF000000FF000000FF000000FF000000FF000000FF000000FF000000FF000000FF000000FF000000FF000000FF000000FF000000FF000000FF000000FF000000FF000000FF000000FF000000FF000000FF000000FF000000FF000000FF000000FF000000FF000000FF000000FF000000FF000000FF000000FF000000FF000000FF000000FF000000FF000000FF000000FF000000FF000000FF000000FF000000FF000000FF000000FF000000FF000000FF2BFD99FF2BFD99FF000000FF000000FF000000FF000000FF000000FF000000FF000000FF000000FF000000FF000000FF000000FF000000FF000000FF000000FF000000FF000000FF000000FF000000FF000000FF000000FF000000FF000000FF000000FF000000FF000000FF000000FF2BFD99FF2BFD99FF2BFD99FF2BFD99FF000000FF000000FF000000FF000000FF000000FF000000FF000000FF000000FF000000FF000000FF2BFD99FF2BFD99FF000000FF000000FF000000FF000000FF000000FF000000FF2BFD99FF2BFD99FF000000FF000000FF000000FF000000FF000000FF000000FF000000FF000000FF000000FF000000FF2BFD99FF2BFD99FF2BFD99FF2BFD99FF000000FF000000FF000000FF000000FF000000FF000000FF000000FF000000FF000000FF000000FF000000FF000000FF000000FF000000FF000000FF000000FF000000FF000000FF000000FF000000FF000000FF000000FF000000FF000000FF000000FF000000FF000000FF000000FF000000FF000000FF000000FF000000FF000000FF000000FF000000FF000000FF000000FF000000FF000000FF000000FF000000FF000000FF000000FF000000FF000000FF000000FF000000FF000000FF000000FF000000FF000000FF000000FF000000FF000000FF000000FF000000FF000000FF000000FF000000FF000000FF000000FF000000FF000000FF000000FF000000FF000000FF000000FF000000FF000000FF000000FF000000FF000000FF000000FF000000FF2BFD99FF2BFD99FF000000FF000000FF000000FF000000FF000000FF000000FF000000FF000000FF000000FF000000FF000000FF000000FF2BFD99FF2BFD99FF000000FF000000FF000000FF000000FF2BFD99FF2BFD99FF000000FF000000FF000000FF000000FF000000FF000000FF000000FF000000FF000000FF000000FF2BFD99FF2BFD99FF000000FF000000FF000000FF000000FF000000FF000000FF000000FF000000FF2BFD99FF2BFD99FF000000FF000000FF000000FF000000FF000000FF000000FF2BFD99FF2BFD99FF000000FF000000FF000000FF000000FF000000FF000000FF000000FF000000FF2BFD99FF2BFD99FF000000FF000000FF000000FF000000FF000000FF000000FF000000FF000000FF000000FF000000FF000000FF000000FF000000FF000000FF000000FF000000FF000000FF000000FF000000FF000000FF000000FF000000FF2BFD99FF2BFD99FF000000FF000000FF000000FF000000FF000000FF000000FF000000FF000000FF000000FF000000FF000000FF000000FF000000FF000000FF000000FF000000FF2BFD99FF2BFD99FF000000FF000000FF000000FF000000FF000000FF000000FF000000FF000000FF2BFD99FF2BFD99FF000000FF000000FF000000FF000000FF000000FF000000FF2BFD99FF2BFD99FF000000FF000000FF000000FF000000FF2BFD99FF2BFD99FF000000FF000000FF000000FF000000FF000000FF000000FF000000FF000000FF000000FF000000FF000000FF000000FF2BFD99FF2BFD99FF000000FF000000FF000000FF000000FF000000FF000000FF2BFD99FF2BFD99FF000000FF000000FF000000FF000000FF000000FF000000FF000000FF000000FF000000FF000000FF000000FF000000FF000000FF000000FF000000FF000000FF000000FF000000FF000000FF000000FF000000FF000000FF000000FF000000FF000000FF000000FF000000FF000000FF000000FF000000FF000000FF000000FF000000FF000000FF000000FF000000FF000000FF000000FF000000FF000000FF000000FF000000FF000000FF000000FF000000FF000000FF000000FF000000FF000000FF000000FF000000FF000000FF000000FF000000FF000000FF000000FF000000FF000000FF000000FF000000FF000000FF000000FF000000FF000000FF000000FF000000FF000000FF000000FF000000FF000000FF000000FF000000FF000000FF000000FF000000FF000000FF000000FF000000FF000000FF000000FF000000FF000000FF000000FF000000FF000000FF000000FF000000FF000000FF000000FF000000FF000000FF000000FF000000FF000000FF000000FF000000FF000000FF000000FF000000FF000000FF000000FF000000FF000000FF000000FF000000FF000000FF000000FF000000FF000000FF000000FF000000FF000000FF000000FF000000FF000000FF000000FF000000FF000000FF000000FF000000FF000000FF000000FF000000FF000000FF000000FF000000FF000000FF000000FF000000FF000000FF000000FF000000FF000000FF000000FF000000FF000000FF000000FF000000FF000000FF000000FF000000FF000000FF000000FF000000FF000000FF000000FF000000FF000000FF000000FF000000FF000000FF000000FF000000FF000000FF000000FF000000FF000000FF000000FF000000FF000000FF000000FF000000FF000000FF000000FF000000FF000000FF000000FF000000FF000000FF000000FF000000FF000000FF000000FF000000FF000000FF000000FF000000FF000000FF000000FF000000FF000000FF000000FF000000FF000000FF000000FF000000FF000000FF000000FF000000FF000000FF000000FF000000FF000000FF000000FF000000FF000000FF000000FF000000FF000000FF000000FF000000FF000000FF000000FF000000FF000000FF000000FF000000FF000000FF000000FF000000FF000000FF000000FF000000FF000000FF000000FF000000FF000000FF000000FF000000FF000000FF000000FF000000FF000000FF000000FF000000FF000000FF000000FF000000FF000000FF000000FF000000FF000000FF000000FF000000FF000000FF000000FF000000FF000000FF000000FF000000FF000000FF000000FF000000FF000000FF000000FF000000FF000000FF000000FF000000FF000000FF000000FF000000FF000000FF000000FF000000FF000000FF000000FF000000FF000000FF000000FF000000FF000000FF000000FF000000FF000000FF000000FF000000FF000000FF000000FF000000FF2BFD99FF2BFD99FF000000FF000000FF000000FF000000FF000000FF000000FF000000FF000000FF000000FF000000FF000000FF000000FF000000FF000000FF000000FF000000FF000000FF000000FF000000FF000000FF000000FF000000FF000000FF000000FF000000FF000000FF2BFD99FF2BFD99FF2BFD99FF2BFD99FF000000FF000000FF000000FF000000FF000000FF000000FF000000FF000000FF000000FF000000FF2BFD99FF2BFD99FF000000FF000000FF000000FF000000FF000000FF000000FF2BFD99FF2BFD99FF000000FF000000FF000000FF000000FF000000FF000000FF000000FF000000FF000000FF000000FF2BFD99FF2BFD99FF2BFD99FF2BFD99FF000000FF000000FF000000FF000000FF000000FF000000FF000000FF000000FF000000FF000000FF000000FF000000FF000000FF000000FF000000FF000000FF000000FF000000FF000000FF000000FF000000FF000000FF000000FF000000FF000000FF000000FF000000FF000000FF000000FF000000FF000000FF000000FF000000FF000000FF000000FF000000FF000000FF000000FF000000FF000000FF000000FF000000FF000000FF000000FF000000FF000000FF000000FF000000FF000000FF000000FF000000FF000000FF000000FF000000FF000000FF000000FF000000FF000000FF000000FF000000FF000000FF000000FF000000FF000000FF000000FF000000FF000000FF000000FF000000FF000000FF000000FF000000FF000000FF000000FF2BFD99FF2BFD99FF000000FF000000FF000000FF000000FF000000FF000000FF000000FF000000FF000000FF000000FF000000FF000000FF2BFD99FF2BFD99FF000000FF000000FF000000FF000000FF2BFD99FF2BFD99FF000000FF000000FF000000FF000000FF000000FF000000FF000000FF000000FF000000FF000000FF2BFD99FF2BFD99FF000000FF000000FF000000FF000000FF000000FF000000FF000000FF000000FF2BFD99FF2BFD99FF000000FF000000FF000000FF000000FF000000FF000000FF2BFD99FF2BFD99FF000000FF000000FF000000FF000000FF000000FF000000FF000000FF000000FF2BFD99FF2BFD99FF000000FF000000FF000000FF000000FF000000FF000000FF000000FF000000FF000000FF000000FF000000FF000000FF000000FF000000FF000000FF000000FF000000FF000000FF000000FF000000FF000000FF000000FF2BFD99FF2BFD99FF000000FF000000FF000000FF000000FF000000FF000000FF000000FF000000FF000000FF000000FF000000FF000000FF000000FF000000FF000000FF000000FF2BFD99FF2BFD99FF000000FF000000FF000000FF000000FF000000FF000000FF000000FF000000FF2BFD99FF2BFD99FF000000FF000000FF000000FF000000FF000000FF000000FF2BFD99FF2BFD99FF000000FF000000FF000000FF000000FF2BFD99FF2BFD99FF000000FF000000FF000000FF000000FF000000FF000000FF000000FF000000FF000000FF000000FF000000FF000000FF2BFD99FF2BFD99FF000000FF000000FF000000FF000000FF000000FF000000FF2BFD99FF2BFD99FF000000FF000000FF000000FF000000FF000000FF000000FF000000FF000000FF000000FF000000FF000000FF000000FF000000FF000000FF000000FF000000FF000000FF000000FF000000FF000000FF000000FF000000FF000000FF000000FF000000FF000000FF000000FF000000FF000000FF000000FF000000FF000000FF000000FF000000FF000000FF000000FF000000FF000000FF000000FF000000FF000000FF000000FF000000FF000000FF000000FF000000FF000000FF000000FF000000FF000000FF000000FF000000FF000000FF000000FF000000FF000000FF000000FF000000FF000000FF000000FF000000FF000000FF000000FF000000FF000000FF000000FF000000FF000000FF000000FF000000FF000000FF000000FF000000FF000000FF000000FF000000FF000000FF000000FF000000FF000000FF000000FF000000FF000000FF000000FF000000FF000000FF000000FF000000FF000000FF000000FF000000FF000000FF000000FF000000FF000000FF000000FF000000FF000000FF000000FF000000FF000000FF000000FF000000FF000000FF000000FF000000FF000000FF000000FF000000FF000000FF000000FF000000FF000000FF000000FF000000FF000000FF000000FF000000FF000000FF000000FF000000FF000000FF000000FF000000FF000000FF000000FF000000FF000000FF000000FF000000FF000000FF000000FF000000FF000000FF000000FF000000FF000000FF000000FF000000FF000000FF000000FF000000FF000000FF000000FF000000FF000000FF000000FF000000FF000000FF000000FF000000FF000000FF000000FF000000FF000000FF000000FF000000FF000000FF000000FF000000FF000000FF000000FF000000FF000000FF000000FF000000FF000000FF000000FF000000FF000000FF000000FF000000FF000000FF000000FF000000FF000000FF000000FF000000FF000000FF000000FF000000FF000000FF000000FF000000FF000000FF000000FF000000FF000000FF000000FF000000FF000000FF000000FF000000FF000000FF000000FF000000FF000000FF000000FF000000FF000000FF000000FF000000FF000000FF000000FF000000FF000000FF000000FF000000FF000000FF000000FF000000FF000000FF000000FF000000FF000000FF000000FF000000FF000000FF000000FF000000FF000000FF000000FF000000FF000000FF000000FF000000FF000000FF000000FF000000FF000000FF000000FF000000FF000000FF000000FF000000FF000000FF000000FF000000FF000000FF000000FF000000FF000000FF000000FF000000FF000000FF000000FF000000FF000000FF000000FF000000FF000000FF000000FF000000FF000000FF000000FF000000FF000000FF000000FF000000FF000000FF000000FF000000FF000000FF000000FF000000FF000000FF000000FF000000FF000000FF000000FF2BFD99FF2BFD99FF000000FF000000FF000000FF000000FF000000FF000000FF000000FF000000FF000000FF000000FF000000FF000000FF000000FF000000FF000000FF000000FF000000FF000000FF000000FF000000FF000000FF000000FF000000FF000000FF000000FF000000FF2BFD99FF2BFD99FF2BFD99FF2BFD99FF2BFD99FF2BFD99FF2BFD99FF2BFD99FF2BFD99FF2BFD99FF000000FF000000FF000000FF000000FF2BFD99FF2BFD99FF000000FF000000FF000000FF000000FF000000FF000000FF2BFD99FF2BFD99FF000000FF000000FF000000FF000000FF2BFD99FF2BFD99FF2BFD99FF2BFD99FF2BFD99FF2BFD99FF2BFD99FF2BFD99FF2BFD99FF2BFD99FF000000FF000000FF000000FF000000FF000000FF000000FF000000FF000000FF000000FF000000FF000000FF000000FF000000FF000000FF000000FF000000FF000000FF000000FF000000FF000000FF000000FF000000FF000000FF000000FF000000FF000000FF000000FF000000FF000000FF000000FF000000FF000000FF000000FF000000FF000000FF000000FF000000FF000000FF000000FF000000FF000000FF000000FF000000FF000000FF000000FF000000FF000000FF000000FF000000FF000000FF000000FF000000FF000000FF000000FF000000FF000000FF000000FF000000FF000000FF000000FF000000FF000000FF000000FF000000FF000000FF000000FF000000FF000000FF000000FF000000FF000000FF000000FF000000FF000000FF2BFD99FF2BFD99FF000000FF000000FF000000FF000000FF000000FF000000FF000000FF000000FF000000FF000000FF000000FF000000FF2BFD99FF2BFD99FF000000FF000000FF000000FF000000FF000000FF000000FF2BFD99FF2BFD99FF000000FF000000FF000000FF000000FF000000FF000000FF2BFD99FF2BFD99FF2BFD99FF2BFD99FF2BFD99FF2BFD99FF000000FF000000FF000000FF000000FF000000FF000000FF2BFD99FF2BFD99FF000000FF000000FF000000FF000000FF000000FF000000FF2BFD99FF2BFD99FF000000FF000000FF000000FF000000FF000000FF000000FF000000FF000000FF2BFD99FF2BFD99FF000000FF000000FF000000FF000000FF000000FF000000FF000000FF000000FF000000FF000000FF000000FF000000FF000000FF000000FF000000FF000000FF000000FF000000FF000000FF000000FF000000FF000000FF2BFD99FF2BFD99FF2BFD99FF2BFD99FF2BFD99FF2BFD99FF2BFD99FF2BFD99FF2BFD99FF2BFD99FF000000FF000000FF000000FF000000FF000000FF000000FF2BFD99FF2BFD99FF2BFD99FF2BFD99FF2BFD99FF2BFD99FF000000FF000000FF000000FF000000FF000000FF000000FF2BFD99FF2BFD99FF000000FF000000FF000000FF000000FF000000FF000000FF2BFD99FF2BFD99FF000000FF000000FF000000FF000000FF2BFD99FF2BFD99FF2BFD99FF2BFD99FF2BFD99FF2BFD99FF2BFD99FF2BFD99FF2BFD99FF2BFD99FF000000FF000000FF000000FF000000FF000000FF000000FF2BFD99FF2BFD99FF2BFD99FF2BFD99FF2BFD99FF2BFD99FF000000FF000000FF000000FF000000FF000000FF000000FF000000FF000000FF000000FF000000FF000000FF000000FF000000FF000000FF000000FF000000FF000000FF000000FF000000FF000000FF000000FF000000FF000000FF000000FF000000FF000000FF000000FF000000FF000000FF000000FF000000FF000000FF000000FF000000FF000000FF000000FF000000FF000000FF000000FF000000FF000000FF000000FF000000FF000000FF000000FF000000FF000000FF000000FF000000FF000000FF000000FF000000FF000000FF000000FF000000FF000000FF000000FF000000FF000000FF000000FF000000FF000000FF000000FF000000FF000000FF000000FF000000FF000000FF000000FF000000FF000000FF000000FF000000FF000000FF000000FF000000FF000000FF000000FF000000FF000000FF000000FF000000FF000000FF000000FF000000FF000000FF000000FF000000FF000000FF000000FF000000FF000000FF000000FF000000FF000000FF000000FF000000FF000000FF000000FF000000FF000000FF000000FF000000FF000000FF000000FF000000FF000000FF000000FF000000FF000000FF000000FF000000FF000000FF000000FF000000FF000000FF000000FF000000FF000000FF000000FF000000FF000000FF000000FF000000FF000000FF000000FF000000FF000000FF000000FF000000FF000000FF000000FF000000FF000000FF000000FF000000FF000000FF000000FF000000FF000000FF000000FF000000FF000000FF000000FF000000FF000000FF000000FF000000FF000000FF000000FF000000FF000000FF000000FF000000FF000000FF000000FF000000FF000000FF000000FF000000FF000000FF000000FF000000FF000000FF000000FF000000FF000000FF000000FF000000FF000000FF000000FF000000FF000000FF000000FF000000FF000000FF000000FF000000FF000000FF000000FF000000FF000000FF000000FF000000FF000000FF000000FF000000FF000000FF000000FF000000FF000000FF000000FF000000FF000000FF000000FF000000FF000000FF000000FF000000FF000000FF000000FF000000FF000000FF000000FF000000FF000000FF000000FF000000FF000000FF000000FF000000FF000000FF000000FF000000FF000000FF000000FF000000FF000000FF000000FF000000FF000000FF000000FF000000FF000000FF000000FF000000FF000000FF000000FF000000FF000000FF000000FF000000FF000000FF000000FF000000FF000000FF000000FF000000FF000000FF000000FF000000FF000000FF000000FF000000FF000000FF000000FF000000FF000000FF000000FF000000FF000000FF000000FF000000FF000000FF000000FF000000FF000000FF000000FF000000FF000000FF000000FF000000FF000000FF000000FF000000FF000000FF000000FF000000FF000000FF000000FF000000FF000000FF2BFD99FF2BFD99FF000000FF000000FF000000FF000000FF000000FF000000FF000000FF000000FF000000FF000000FF000000FF000000FF000000FF000000FF000000FF000000FF000000FF000000FF000000FF000000FF000000FF000000FF000000FF000000FF000000FF000000FF2BFD99FF2BFD99FF2BFD99FF2BFD99FF2BFD99FF2BFD99FF2BFD99FF2BFD99FF2BFD99FF2BFD99FF000000FF000000FF000000FF000000FF2BFD99FF2BFD99FF000000FF000000FF000000FF000000FF000000FF000000FF2BFD99FF2BFD99FF000000FF000000FF000000FF000000FF2BFD99FF2BFD99FF2BFD99FF2BFD99FF2BFD99FF2BFD99FF2BFD99FF2BFD99FF2BFD99FF2BFD99FF000000FF000000FF000000FF000000FF000000FF000000FF000000FF000000FF000000FF000000FF000000FF000000FF000000FF000000FF000000FF000000FF000000FF000000FF000000FF000000FF000000FF000000FF000000FF000000FF000000FF000000FF000000FF000000FF000000FF000000FF000000FF000000FF000000FF000000FF000000FF000000FF000000FF000000FF000000FF000000FF000000FF000000FF000000FF000000FF000000FF000000FF000000FF000000FF000000FF000000FF000000FF000000FF000000FF000000FF000000FF000000FF000000FF000000FF000000FF000000FF000000FF000000FF000000FF000000FF000000FF000000FF000000FF000000FF000000FF000000FF000000FF000000FF000000FF000000FF2BFD99FF2BFD99FF000000FF000000FF000000FF000000FF000000FF000000FF000000FF000000FF000000FF000000FF000000FF000000FF2BFD99FF2BFD99FF000000FF000000FF000000FF000000FF000000FF000000FF2BFD99FF2BFD99FF000000FF000000FF000000FF000000FF000000FF000000FF2BFD99FF2BFD99FF2BFD99FF2BFD99FF2BFD99FF2BFD99FF000000FF000000FF000000FF000000FF000000FF000000FF2BFD99FF2BFD99FF000000FF000000FF000000FF000000FF000000FF000000FF2BFD99FF2BFD99FF000000FF000000FF000000FF000000FF000000FF000000FF000000FF000000FF2BFD99FF2BFD99FF000000FF000000FF000000FF000000FF000000FF000000FF000000FF000000FF000000FF000000FF000000FF000000FF000000FF000000FF000000FF000000FF000000FF000000FF000000FF000000FF000000FF000000FF2BFD99FF2BFD99FF2BFD99FF2BFD99FF2BFD99FF2BFD99FF2BFD99FF2BFD99FF2BFD99FF2BFD99FF000000FF000000FF000000FF000000FF000000FF000000FF2BFD99FF2BFD99FF2BFD99FF2BFD99FF2BFD99FF2BFD99FF000000FF000000FF000000FF000000FF000000FF000000FF2BFD99FF2BFD99FF000000FF000000FF000000FF000000FF000000FF000000FF2BFD99FF2BFD99FF000000FF000000FF000000FF000000FF2BFD99FF2BFD99FF2BFD99FF2BFD99FF2BFD99FF2BFD99FF2BFD99FF2BFD99FF2BFD99FF2BFD99FF000000FF000000FF000000FF000000FF000000FF000000FF2BFD99FF2BFD99FF2BFD99FF2BFD99FF2BFD99FF2BFD99FF000000FF000000FF000000FF000000FF000000FF000000FF000000FF000000FF000000FF000000FF000000FF000000FF000000FF000000FF000000FF000000FF000000FF000000FF000000FF000000FF000000FF000000FF000000FF000000FF000000FF000000FF000000FF000000FF000000FF000000FF000000FF000000FF000000FF000000FF000000FF000000FF000000FF000000FF000000FF000000FF000000FF000000FF000000FF000000FF000000FF000000FF000000FF000000FF000000FF000000FF000000FF000000FF000000FF000000FF000000FF000000FF000000FF000000FF000000FF000000FF000000FF000000FF000000FF000000FF000000FF000000FF000000FF000000FF000000FF000000FF000000FF000000FF000000FF000000FF000000FF000000FF000000FF000000FF000000FF000000FF000000FF000000FF000000FF000000FF000000FF000000FF000000FF000000FF000000FF000000FF000000FF000000FF000000FF000000FF000000FF000000FF000000FF000000FF000000FF000000FF000000FF000000FF000000FF000000FF000000FF000000FF000000FF000000FF000000FF000000FF000000FF000000FF000000FF000000FF000000FF000000FF000000FF000000FF000000FF000000FF000000FF000000FF000000FF000000FF000000FF000000FF000000FF000000FF000000FF000000FF000000FF000000FF000000FF000000FF000000FF000000FF000000FF000000FF000000FF000000FF000000FF000000FF000000FF000000FF000000FF000000FF000000FF000000FF000000FF000000FF000000FF000000FF000000FF000000FF000000FF000000FF000000FF000000FF000000FF000000FF000000FF000000FF000000FF000000FF000000FF000000FF000000FF000000FF000000FF000000FF000000FF000000FF000000FF000000FF000000FF000000FF000000FF000000FF000000FF000000FF000000FF000000FF000000FF000000FF000000FF000000FF000000FF000000FF000000FF000000FF000000FF000000FF000000FF000000FF000000FF000000FF000000FF000000FF000000FF000000FF000000FF000000FF000000FF000000FF000000FF000000FF000000FF000000FF000000FF000000FF000000FF000000FF000000FF000000FF000000FF000000FF000000FF000000FF000000FF000000FF000000FF000000FF000000FF000000FF000000FF000000FF000000FF000000FF000000FF000000FF000000FF000000FF000000FF000000FF000000FF000000FF000000FF000000FF000000FF000000FF000000FF000000FF000000FF000000FF000000FF000000FF000000FF000000FF000000FF000000FF000000FF000000FF000000FF000000FF000000FF000000FF000000FF000000FF000000FF000000FF000000FF000000FF000000FF000000FF000000FF000000FF000000FF000000FF000000FF000000FF000000FF000000FF000000FF000000FF000000FF000000FF000000FF000000FF000000FF000000FF000000FF000000FF000000FF000000FF000000FF000000FF000000FF000000FF000000FF000000FF000000FF000000FF000000FF000000FF000000FF000000FF000000FF000000FF000000FF000000FF000000FF000000FF000000FF000000FF000000FF000000FF000000FF000000FF000000FF000000FF000000FF000000FF000000FF000000FF000000FF000000FF000000FF000000FF000000FF000000FF000000FF000000FF000000FF000000FF000000FF000000FF000000FF000000FF000000FF000000FF000000FF000000FF000000FF000000FF000000FF000000FF000000FF000000FF000000FF000000FF000000FF000000FF000000FF000000FF000000FF000000FF000000FF000000FF000000FF000000FF000000FF000000FF000000FF000000FF000000FF000000FF000000FF000000FF000000FF000000FF000000FF000000FF000000FF000000FF000000FF000000FF000000FF000000FF000000FF000000FF000000FF000000FF000000FF000000FF000000FF000000FF000000FF000000FF000000FF000000FF000000FF000000FF000000FF000000FF000000FF000000FF000000FF000000FF000000FF000000FF000000FF000000FF000000FF000000FF000000FF000000FF000000FF000000FF000000FF000000FF000000FF000000FF000000FF000000FF000000FF000000FF000000FF000000FF000000FF000000FF000000FF000000FF000000FF000000FF000000FF000000FF000000FF000000FF000000FF000000FF000000FF000000FF000000FF000000FF000000FF000000FF000000FF000000FF000000FF000000FF000000FF000000FF000000FF000000FF000000FF000000FF000000FF000000FF000000FF000000FF000000FF000000FF000000FF000000FF000000FF000000FF000000FF000000FF000000FF000000FF000000FF000000FF000000FF000000FF000000FF000000FF000000FF000000FF000000FF000000FF000000FF000000FF000000FF000000FF000000FF000000FF000000FF000000FF000000FF000000FF000000FF000000FF000000FF000000FF000000FF000000FF000000FF000000FF000000FF000000FF000000FF000000FF000000FF000000FF000000FF000000FF000000FF000000FF000000FF000000FF000000FF000000FF000000FF000000FF000000FF000000FF000000FF000000FF000000FF000000FF000000FF000000FF000000FF000000FF000000FF000000FF000000FF000000FF000000FF000000FF000000FF000000FF000000FF000000FF000000FF000000FF000000FF000000FF000000FF000000FF000000FF000000FF000000FF000000FF000000FF000000FF000000FF000000FF000000FF000000FF000000FF000000FF000000FF000000FF000000FF000000FF000000FF000000FF000000FF000000FF000000FF000000FF000000FF000000FF000000FF000000FF000000FF000000FF000000FF000000FF000000FF000000FF000000FF000000FF000000FF000000FF000000FF000000FF000000FF000000FF000000FF000000FF000000FF000000FF000000FF000000FF000000FF000000FF000000FF000000FF000000FF000000FF000000FF000000FF000000FF000000FF000000FF000000FF000000FF000000FF000000FF000000FF000000FF000000FF000000FF000000FF000000FF000000FF000000FF000000FF000000FF000000FF000000FF000000FF000000FF000000FF000000FF000000FF000000FF000000FF000000FF000000FF000000FF000000FF000000FF000000FF000000FF000000FF000000FF000000FF000000FF000000FF000000FF000000FF000000FF000000FF000000FF000000FF000000FF000000FF000000FF000000FF000000FF000000FF000000FF000000FF000000FF000000FF000000FF000000FF000000FF000000FF000000FF000000FF000000FF000000FF000000FF000000FF000000FF000000FF000000FF000000FF000000FF000000FF000000FF000000FF000000FF000000FF000000FF000000FF000000FF000000FF000000FF000000FF000000FF000000FF000000FF000000FF000000FF000000FF000000FF000000FF000000FF000000FF000000FF000000FF000000FF000000FF000000FF000000FF000000FF000000FF000000FF000000FF000000FF000000FF000000FF000000FF000000FF000000FF000000FF000000FF000000FF000000FF000000FF000000FF000000FF000000FF000000FF000000FF000000FF000000FF000000FF000000FF000000FF000000FF000000FF000000FF000000FF000000FF000000FF000000FF000000FF000000FF000000FF000000FF000000FF000000FF000000FF000000FF000000FF000000FF000000FF000000FF000000FF000000FF000000FF000000FF000000FF000000FF000000FF000000FF000000FF000000FF000000FF000000FF000000FF000000FF000000FF000000FF000000FF000000FF000000FF000000FF000000FF000000FF000000FF000000FF000000FF000000FF000000FF000000FF000000FF000000FF000000FF000000FF000000FF000000FF000000FF000000FF000000FF000000FF000000FF000000FF000000FF000000FF000000FF000000FF000000FF000000FF000000FF000000FF000000FF000000FF000000FF000000FF000000FF000000FF000000FF000000FF000000FF000000FF000000FF000000FF000000FF000000FF000000FF000000FF000000FF000000FF000000FF000000FF000000FF000000FF000000FF000000FF000000FF000000FF000000FF000000FF000000FF000000FF000000FF000000FF000000FF000000FF000000FF000000FF000000FF000000FF000000FF000000FF000000FF000000FF000000FF000000FF000000FF000000FF000000FF000000FF000000FF000000FF000000FF000000FF000000FF000000FF000000FF000000FF000000FF000000FF000000FF000000FF000000FF000000FF000000FF000000FF000000FF000000FF000000FF000000FF000000FF000000FF000000FF000000FF000000FF000000FF000000FF000000FF000000FF000000FF000000FF000000FF000000FF000000FF000000FF000000FF000000FF000000FF000000FF000000FF000000FF000000FF000000FF000000FF000000FF000000FF000000FF000000FF000000FF000000FF000000FF000000FF000000FF000000FF000000FF000000FF000000FF000000FF000000FF000000FF000000FF000000FF000000FF000000FF000000FF000000FF000000FF000000FF000000FF000000FF000000FF000000FF000000FF000000FF000000FF000000FF000000FF000000FF000000FF000000FF000000FF000000FF000000FF000000FF000000FF000000FF000000FF000000FF000000FF000000FF000000FF000000FF000000FF000000FF000000FF000000FF000000FF000000FF000000FF000000FF000000FF000000FF000000FF000000FF000000FF000000FF000000FF000000FF000000FF000000FF000000FF000000FF000000FF000000FF000000FF000000FF000000FF000000FF000000FF000000FF000000FF000000FF000000FF000000FF000000FF000000FF000000FF000000FF000000FF000000FF000000FF000000FF000000FF000000FF000000FF000000FF000000FF000000FF000000FF000000FF000000FF000000FF000000FF000000FF000000FF000000FF000000FF000000FF000000FF000000FF000000FF000000FF000000FF000000FF000000FF000000FF000000FF000000FF000000FF000000FF000000FF000000FF000000FF000000FF000000FF000000FF000000FF000000FF000000FF000000FF000000FF000000FF000000FF000000FF000000FF000000FF000000FF000000FF000000FF000000FF000000FF000000FF000000FF000000FF000000FF000000FF000000FF000000FF000000FF000000FF000000FF000000FF000000FF000000FF000000FF000000FF000000FF000000FF000000FF000000FF000000FF000000FF000000FF000000FF000000FF000000FF000000FF000000FF000000FF000000FF000000FF000000FF000000FF000000FF000000FF000000FF000000FF000000FF000000FF000000FF000000FF000000FF000000FF000000FF000000FF000000FF000000FF000000FF000000FF000000FF000000FF000000FF000000FF000000FF000000FF000000FF000000FF000000FF000000FF000000FF000000FF000000FF000000FF000000FF000000FF000000FF000000FF000000FF000000FF000000FF000000FF000000FF000000FF000000FF000000FF000000FF000000FF000000FF000000FF000000FF000000FF000000FF000000FF000000FF000000FF000000FF000000FF000000FF000000FF000000FF000000FF000000FF000000FF000000FF000000FF000000FF000000FF000000FF000000FF000000FF000000FF000000FF000000FF000000FF000000FF000000FF000000FF000000FF000000FF000000FF000000FF000000FF000000FF000000FF000000FF000000FF000000FF000000FF000000FF000000FF000000FF000000FF000000FF000000FF000000FF000000FF000000FF000000FF000000FF000000FF000000FF000000FF000000FF000000FF000000FF000000FF000000FF000000FF000000FF000000FF000000FF000000FF000000FF000000FF000000FF000000FF000000FF000000FF000000FF000000FF000000FF000000FF000000FF000000FF000000FF000000FF000000FF000000FF000000FF000000FF000000FF000000FF000000FF000000FF000000FF000000FF000000FF000000FF000000FF000000FF000000FF000000FF000000FF000000FF000000FF000000FF000000FF000000FF000000FF000000FF000000FF000000FF000000FF000000FF000000FF000000FF000000FF000000FF000000FF000000FF000000FF000000FF000000FF000000FF000000FF000000FF000000FF000000FF000000FF000000FF000000FF000000FF000000FF000000FF000000FF000000FF000000FF000000FF000000FF000000FF000000FF000000FF000000FF000000FF000000FF000000FF000000FF000000FF000000FF000000FF000000FF000000FF000000FF000000FF000000FF000000FF000000FF000000FF000000FF000000FF000000FF000000FF000000FF000000FF000000FF000000FF000000FF000000FF000000FF000000FF000000FF000000FF000000FF000000FF000000FF000000FF000000FF000000FF000000FF000000FF000000FF000000FF000000FF000000FF000000FF000000FF000000FF000000FF000000FF000000FF000000FF000000FF000000FF000000FF000000FF000000FF000000FF000000FF000000FF000000FF000000FF000000FF000000FF000000FF000000FF000000FF000000FF000000FF000000FF000000FF000000FF000000FF000000FF000000FF000000FF000000FF000000FF000000FF000000FF000000FF000000FF000000FF000000FF000000FF000000FF000000FF000000FF000000FF000000FF000000FF000000FF000000FF000000FF000000FF000000FF000000FF000000FF000000FF000000FF000000FF000000FF000000FF000000FF000000FF000000FF000000FF000000FF000000FF000000FF000000FF000000FF000000FF000000FF000000FF000000FF000000FF000000FF000000FF000000FF000000FF000000FF000000FF000000FF000000FF000000FF000000FF000000FF000000FF000000FF000000FF000000FF000000FF000000FF000000FF000000FF000000FF000000FF000000FF000000FF000000FF000000FF000000FF000000FF000000FF000000FF000000FF000000FF000000FF000000FF000000FF000000FF000000FF000000FF000000FF000000FF000000FF000000FF000000FF000000FF000000FF000000FF000000FF000000FF000000FF000000FF000000FF000000FF000000FF000000FF000000FF000000FF000000FF000000FF000000FF000000FF000000FF000000FF000000FF000000FF000000FF000000FF000000FF000000FF000000FF000000FF000000FF000000FF000000FF000000FF000000FF000000FF000000FF2BFD99FF2BFD99FF2BFD99FF2BFD99FF2BFD99FF2BFD99FF2BFD99FF2BFD99FF000000FF000000FF000000FF000000FF000000FF000000FF000000FF000000FF000000FF000000FF000000FF000000FF000000FF000000FF000000FF000000FF000000FF000000FF000000FF000000FF2BFD99FF2BFD99FF000000FF000000FF000000FF000000FF000000FF000000FF2BFD99FF2BFD99FF000000FF000000FF000000FF000000FF000000FF000000FF000000FF000000FF000000FF000000FF000000FF000000FF000000FF000000FF000000FF000000FF000000FF000000FF000000FF000000FF000000FF000000FF000000FF000000FF000000FF000000FF000000FF000000FF000000FF000000FF000000FF000000FF000000FF000000FF000000FF000000FF000000FF000000FF000000FF000000FF000000FF000000FF000000FF000000FF000000FF000000FF000000FF000000FF000000FF000000FF000000FF000000FF000000FF000000FF000000FF000000FF000000FF000000FF000000FF000000FF000000FF000000FF000000FF000000FF000000FF000000FF000000FF000000FF000000FF000000FF000000FF000000FF000000FF000000FF000000FF000000FF000000FF000000FF000000FF000000FF000000FF000000FF000000FF000000FF000000FF000000FF000000FF000000FF000000FF000000FF000000FF000000FF000000FF000000FF000000FF000000FF000000FF000000FF000000FF000000FF000000FF000000FF2BFD99FF2BFD99FF2BFD99FF2BFD99FF2BFD99FF2BFD99FF2BFD99FF2BFD99FF000000FF000000FF000000FF000000FF000000FF000000FF2BFD99FF2BFD99FF2BFD99FF2BFD99FF2BFD99FF2BFD99FF2BFD99FF2BFD99FF2BFD99FF2BFD99FF000000FF000000FF000000FF000000FF2BFD99FF2BFD99FF000000FF000000FF000000FF000000FF000000FF000000FF000000FF000000FF000000FF000000FF000000FF000000FF2BFD99FF2BFD99FF2BFD99FF2BFD99FF2BFD99FF2BFD99FF2BFD99FF2BFD99FF2BFD99FF2BFD99FF000000FF000000FF000000FF000000FF2BFD99FF2BFD99FF2BFD99FF2BFD99FF2BFD99FF2BFD99FF2BFD99FF2BFD99FF2BFD99FF2BFD99FF000000FF000000FF000000FF000000FF2BFD99FF2BFD99FF2BFD99FF2BFD99FF2BFD99FF2BFD99FF2BFD99FF2BFD99FF2BFD99FF2BFD99FF000000FF000000FF000000FF000000FF000000FF000000FF000000FF000000FF000000FF000000FF000000FF000000FF000000FF000000FF000000FF000000FF000000FF000000FF2BFD99FF2BFD99FF000000FF000000FF000000FF000000FF000000FF000000FF000000FF000000FF000000FF000000FF000000FF000000FF000000FF000000FF2BFD99FF2BFD99FF2BFD99FF2BFD99FF2BFD99FF2BFD99FF000000FF000000FF000000FF000000FF000000FF000000FF2BFD99FF2BFD99FF000000FF000000FF000000FF000000FF000000FF000000FF2BFD99FF2BFD99FF000000FF000000FF000000FF000000FF2BFD99FF2BFD99FF2BFD99FF2BFD99FF2BFD99FF2BFD99FF2BFD99FF2BFD99FF2BFD99FF2BFD99FF000000FF000000FF000000FF000000FF000000FF000000FF000000FF000000FF000000FF000000FF000000FF000000FF000000FF000000FF000000FF000000FF000000FF000000FF2BFD99FF2BFD99FF000000FF000000FF000000FF000000FF000000FF000000FF2BFD99FF2BFD99FF000000FF000000FF000000FF000000FF000000FF000000FF000000FF000000FF000000FF000000FF000000FF000000FF000000FF000000FF000000FF000000FF000000FF000000FF000000FF000000FF000000FF000000FF000000FF000000FF000000FF000000FF000000FF000000FF000000FF000000FF000000FF000000FF000000FF000000FF000000FF000000FF000000FF000000FF000000FF000000FF000000FF000000FF000000FF000000FF000000FF000000FF000000FF000000FF000000FF000000FF000000FF000000FF000000FF000000FF000000FF000000FF000000FF000000FF000000FF000000FF000000FF000000FF000000FF000000FF000000FF000000FF000000FF000000FF000000FF000000FF000000FF000000FF000000FF000000FF000000FF000000FF000000FF000000FF000000FF000000FF000000FF000000FF000000FF000000FF000000FF000000FF000000FF000000FF000000FF000000FF000000FF000000FF000000FF000000FF000000FF000000FF000000FF000000FF000000FF000000FF000000FF000000FF000000FF000000FF000000FF000000FF000000FF000000FF000000FF000000FF000000FF000000FF000000FF000000FF000000FF000000FF000000FF000000FF000000FF000000FF000000FF000000FF000000FF000000FF000000FF000000FF000000FF000000FF000000FF000000FF000000FF000000FF000000FF000000FF000000FF000000FF000000FF000000FF000000FF000000FF000000FF000000FF000000FF000000FF000000FF000000FF000000FF000000FF000000FF000000FF000000FF000000FF000000FF000000FF000000FF000000FF000000FF000000FF000000FF000000FF000000FF000000FF000000FF000000FF000000FF000000FF000000FF000000FF000000FF000000FF000000FF000000FF000000FF000000FF000000FF000000FF000000FF000000FF000000FF000000FF000000FF000000FF000000FF000000FF000000FF000000FF000000FF000000FF000000FF000000FF000000FF000000FF000000FF000000FF000000FF000000FF000000FF000000FF000000FF000000FF000000FF000000FF000000FF000000FF000000FF000000FF000000FF000000FF000000FF000000FF000000FF000000FF000000FF000000FF000000FF000000FF000000FF000000FF000000FF000000FF000000FF000000FF000000FF000000FF000000FF000000FF000000FF000000FF000000FF000000FF000000FF000000FF000000FF000000FF000000FF000000FF000000FF000000FF000000FF000000FF000000FF000000FF2BFD99FF2BFD99FF2BFD99FF2BFD99FF2BFD99FF2BFD99FF2BFD99FF2BFD99FF000000FF000000FF000000FF000000FF000000FF000000FF000000FF000000FF000000FF000000FF000000FF000000FF000000FF000000FF000000FF000000FF000000FF000000FF000000FF000000FF2BFD99FF2BFD99FF000000FF000000FF000000FF000000FF000000FF000000FF2BFD99FF2BFD99FF000000FF000000FF000000FF000000FF000000FF000000FF000000FF000000FF000000FF000000FF000000FF000000FF000000FF000000FF000000FF000000FF000000FF000000FF000000FF000000FF000000FF000000FF000000FF000000FF000000FF000000FF000000FF000000FF000000FF000000FF000000FF000000FF000000FF000000FF000000FF000000FF000000FF000000FF000000FF000000FF000000FF000000FF000000FF000000FF000000FF000000FF000000FF000000FF000000FF000000FF000000FF000000FF000000FF000000FF000000FF000000FF000000FF000000FF000000FF000000FF000000FF000000FF000000FF000000FF000000FF000000FF000000FF000000FF000000FF000000FF000000FF000000FF000000FF000000FF000000FF000000FF000000FF000000FF000000FF000000FF000000FF000000FF000000FF000000FF000000FF000000FF000000FF000000FF000000FF000000FF000000FF000000FF000000FF000000FF000000FF000000FF000000FF000000FF000000FF000000FF000000FF000000FF2BFD99FF2BFD99FF2BFD99FF2BFD99FF2BFD99FF2BFD99FF2BFD99FF2BFD99FF000000FF000000FF000000FF000000FF000000FF000000FF2BFD99FF2BFD99FF2BFD99FF2BFD99FF2BFD99FF2BFD99FF2BFD99FF2BFD99FF2BFD99FF2BFD99FF000000FF000000FF000000FF000000FF2BFD99FF2BFD99FF000000FF000000FF000000FF000000FF000000FF000000FF000000FF000000FF000000FF000000FF000000FF000000FF2BFD99FF2BFD99FF2BFD99FF2BFD99FF2BFD99FF2BFD99FF2BFD99FF2BFD99FF2BFD99FF2BFD99FF000000FF000000FF000000FF000000FF2BFD99FF2BFD99FF2BFD99FF2BFD99FF2BFD99FF2BFD99FF2BFD99FF2BFD99FF2BFD99FF2BFD99FF000000FF000000FF000000FF000000FF2BFD99FF2BFD99FF2BFD99FF2BFD99FF2BFD99FF2BFD99FF2BFD99FF2BFD99FF2BFD99FF2BFD99FF000000FF000000FF000000FF000000FF000000FF000000FF000000FF000000FF000000FF000000FF000000FF000000FF000000FF000000FF000000FF000000FF000000FF000000FF2BFD99FF2BFD99FF000000FF000000FF000000FF000000FF000000FF000000FF000000FF000000FF000000FF000000FF000000FF000000FF000000FF000000FF2BFD99FF2BFD99FF2BFD99FF2BFD99FF2BFD99FF2BFD99FF000000FF000000FF000000FF000000FF000000FF000000FF2BFD99FF2BFD99FF000000FF000000FF000000FF000000FF000000FF000000FF2BFD99FF2BFD99FF000000FF000000FF000000FF000000FF2BFD99FF2BFD99FF2BFD99FF2BFD99FF2BFD99FF2BFD99FF2BFD99FF2BFD99FF2BFD99FF2BFD99FF000000FF000000FF000000FF000000FF000000FF000000FF000000FF000000FF000000FF000000FF000000FF000000FF000000FF000000FF000000FF000000FF000000FF000000FF2BFD99FF2BFD99FF000000FF000000FF000000FF000000FF000000FF000000FF2BFD99FF2BFD99FF000000FF000000FF000000FF000000FF000000FF000000FF000000FF000000FF000000FF000000FF000000FF000000FF000000FF000000FF000000FF000000FF000000FF000000FF000000FF000000FF000000FF000000FF000000FF000000FF000000FF000000FF000000FF000000FF000000FF000000FF000000FF000000FF000000FF000000FF000000FF000000FF000000FF000000FF000000FF000000FF000000FF000000FF000000FF000000FF000000FF000000FF000000FF000000FF000000FF000000FF000000FF000000FF000000FF000000FF000000FF000000FF000000FF000000FF000000FF000000FF000000FF000000FF000000FF000000FF000000FF000000FF000000FF000000FF000000FF000000FF000000FF000000FF000000FF000000FF000000FF000000FF000000FF000000FF000000FF000000FF000000FF000000FF000000FF000000FF000000FF000000FF000000FF000000FF000000FF000000FF000000FF000000FF000000FF000000FF000000FF000000FF000000FF000000FF000000FF000000FF000000FF000000FF000000FF000000FF000000FF000000FF000000FF000000FF000000FF000000FF000000FF000000FF000000FF000000FF000000FF000000FF000000FF000000FF000000FF000000FF000000FF000000FF000000FF000000FF000000FF000000FF000000FF000000FF000000FF000000FF000000FF000000FF000000FF000000FF000000FF000000FF000000FF000000FF000000FF000000FF000000FF000000FF000000FF000000FF000000FF000000FF000000FF000000FF000000FF000000FF000000FF000000FF000000FF000000FF000000FF000000FF000000FF000000FF000000FF000000FF000000FF000000FF000000FF000000FF000000FF000000FF000000FF000000FF000000FF000000FF000000FF000000FF000000FF000000FF000000FF000000FF000000FF000000FF000000FF000000FF000000FF000000FF000000FF000000FF000000FF000000FF000000FF000000FF000000FF000000FF000000FF000000FF000000FF000000FF000000FF000000FF000000FF000000FF000000FF000000FF000000FF000000FF000000FF000000FF000000FF000000FF000000FF000000FF000000FF000000FF000000FF000000FF000000FF000000FF000000FF000000FF000000FF000000FF000000FF000000FF000000FF000000FF000000FF000000FF000000FF000000FF000000FF000000FF000000FF000000FF000000FF000000FF000000FF000000FF000000FF000000FF000000FF000000FF000000FF000000FF000000FF000000FF2BFD99FF2BFD99FF000000FF000000FF000000FF000000FF000000FF000000FF2BFD99FF2BFD99FF000000FF000000FF000000FF000000FF000000FF000000FF000000FF000000FF000000FF000000FF000000FF000000FF000000FF000000FF000000FF000000FF000000FF000000FF2BFD99FF2BFD99FF000000FF000000FF000000FF000000FF000000FF000000FF2BFD99FF2BFD99FF000000FF000000FF000000FF000000FF000000FF000000FF000000FF000000FF000000FF000000FF000000FF000000FF000000FF000000FF000000FF000000FF000000FF000000FF000000FF000000FF000000FF000000FF000000FF000000FF000000FF000000FF000000FF000000FF000000FF000000FF000000FF000000FF000000FF000000FF000000FF000000FF000000FF000000FF000000FF000000FF000000FF000000FF000000FF000000FF000000FF000000FF000000FF000000FF000000FF000000FF000000FF000000FF000000FF000000FF000000FF000000FF000000FF000000FF000000FF000000FF000000FF000000FF000000FF000000FF000000FF000000FF000000FF000000FF000000FF000000FF000000FF000000FF000000FF000000FF000000FF000000FF000000FF000000FF000000FF000000FF000000FF000000FF000000FF000000FF000000FF000000FF000000FF000000FF000000FF000000FF000000FF000000FF000000FF000000FF000000FF000000FF000000FF000000FF000000FF000000FF000000FF000000FF2BFD99FF2BFD99FF000000FF000000FF000000FF000000FF000000FF000000FF2BFD99FF2BFD99FF000000FF000000FF000000FF000000FF2BFD99FF2BFD99FF000000FF000000FF000000FF000000FF000000FF000000FF000000FF000000FF000000FF000000FF000000FF000000FF2BFD99FF2BFD99FF000000FF000000FF000000FF000000FF000000FF000000FF000000FF000000FF000000FF000000FF000000FF000000FF2BFD99FF2BFD99FF000000FF000000FF000000FF000000FF000000FF000000FF000000FF000000FF000000FF000000FF000000FF000000FF000000FF000000FF000000FF000000FF2BFD99FF2BFD99FF000000FF000000FF000000FF000000FF000000FF000000FF000000FF000000FF2BFD99FF2BFD99FF000000FF000000FF000000FF000000FF000000FF000000FF000000FF000000FF000000FF000000FF000000FF000000FF000000FF000000FF000000FF000000FF000000FF000000FF000000FF000000FF000000FF000000FF000000FF000000FF000000FF000000FF2BFD99FF2BFD99FF000000FF000000FF000000FF000000FF000000FF000000FF000000FF000000FF000000FF000000FF000000FF000000FF000000FF000000FF000000FF000000FF2BFD99FF2BFD99FF000000FF000000FF000000FF000000FF000000FF000000FF000000FF000000FF2BFD99FF2BFD99FF000000FF000000FF000000FF000000FF000000FF000000FF2BFD99FF2BFD99FF000000FF000000FF000000FF000000FF2BFD99FF2BFD99FF000000FF000000FF000000FF000000FF000000FF000000FF000000FF000000FF000000FF000000FF000000FF000000FF000000FF000000FF000000FF000000FF000000FF000000FF000000FF000000FF000000FF000000FF000000FF000000FF000000FF000000FF2BFD99FF2BFD99FF000000FF000000FF000000FF000000FF000000FF000000FF2BFD99FF2BFD99FF000000FF000000FF000000FF000000FF000000FF000000FF000000FF000000FF000000FF000000FF000000FF000000FF000000FF000000FF000000FF000000FF000000FF000000FF000000FF000000FF000000FF000000FF000000FF000000FF000000FF000000FF000000FF000000FF000000FF000000FF000000FF000000FF000000FF000000FF000000FF000000FF000000FF000000FF000000FF000000FF000000FF000000FF000000FF000000FF000000FF000000FF000000FF000000FF000000FF000000FF000000FF000000FF000000FF000000FF000000FF000000FF000000FF000000FF000000FF000000FF000000FF000000FF000000FF000000FF000000FF000000FF000000FF000000FF000000FF000000FF000000FF000000FF000000FF000000FF000000FF000000FF000000FF000000FF000000FF000000FF000000FF000000FF000000FF000000FF000000FF000000FF000000FF000000FF000000FF000000FF000000FF000000FF000000FF000000FF000000FF000000FF000000FF000000FF000000FF000000FF000000FF000000FF000000FF000000FF000000FF000000FF000000FF000000FF000000FF000000FF000000FF000000FF000000FF000000FF000000FF000000FF000000FF000000FF000000FF000000FF000000FF000000FF000000FF000000FF000000FF000000FF000000FF000000FF000000FF000000FF000000FF000000FF000000FF000000FF000000FF000000FF000000FF000000FF000000FF000000FF000000FF000000FF000000FF000000FF000000FF000000FF000000FF000000FF000000FF000000FF000000FF000000FF000000FF000000FF000000FF000000FF000000FF000000FF000000FF000000FF000000FF000000FF000000FF000000FF000000FF000000FF000000FF000000FF000000FF000000FF000000FF000000FF000000FF000000FF000000FF000000FF000000FF000000FF000000FF000000FF000000FF000000FF000000FF000000FF000000FF000000FF000000FF000000FF000000FF000000FF000000FF000000FF000000FF000000FF000000FF000000FF000000FF000000FF000000FF000000FF000000FF000000FF000000FF000000FF000000FF000000FF000000FF000000FF000000FF000000FF000000FF000000FF000000FF000000FF000000FF000000FF000000FF000000FF000000FF000000FF000000FF000000FF000000FF000000FF000000FF000000FF000000FF000000FF000000FF000000FF000000FF000000FF000000FF000000FF000000FF000000FF000000FF000000FF000000FF000000FF000000FF000000FF2BFD99FF2BFD99FF000000FF000000FF000000FF000000FF000000FF000000FF2BFD99FF2BFD99FF000000FF000000FF000000FF000000FF000000FF000000FF000000FF000000FF000000FF000000FF000000FF000000FF000000FF000000FF000000FF000000FF000000FF000000FF2BFD99FF2BFD99FF000000FF000000FF000000FF000000FF000000FF000000FF2BFD99FF2BFD99FF000000FF000000FF000000FF000000FF000000FF000000FF000000FF000000FF000000FF000000FF000000FF000000FF000000FF000000FF000000FF000000FF000000FF000000FF000000FF000000FF000000FF000000FF000000FF000000FF000000FF000000FF000000FF000000FF000000FF000000FF000000FF000000FF000000FF000000FF000000FF000000FF000000FF000000FF000000FF000000FF000000FF000000FF000000FF000000FF000000FF000000FF000000FF000000FF000000FF000000FF000000FF000000FF000000FF000000FF000000FF000000FF000000FF000000FF000000FF000000FF000000FF000000FF000000FF000000FF000000FF000000FF000000FF000000FF000000FF000000FF000000FF000000FF000000FF000000FF000000FF000000FF000000FF000000FF000000FF000000FF000000FF000000FF000000FF000000FF000000FF000000FF000000FF000000FF000000FF000000FF000000FF000000FF000000FF000000FF000000FF000000FF000000FF000000FF000000FF000000FF000000FF000000FF2BFD99FF2BFD99FF000000FF000000FF000000FF000000FF000000FF000000FF2BFD99FF2BFD99FF000000FF000000FF000000FF000000FF2BFD99FF2BFD99FF000000FF000000FF000000FF000000FF000000FF000000FF000000FF000000FF000000FF000000FF000000FF000000FF2BFD99FF2BFD99FF000000FF000000FF000000FF000000FF000000FF000000FF000000FF000000FF000000FF000000FF000000FF000000FF2BFD99FF2BFD99FF000000FF000000FF000000FF000000FF000000FF000000FF000000FF000000FF000000FF000000FF000000FF000000FF000000FF000000FF000000FF000000FF2BFD99FF2BFD99FF000000FF000000FF000000FF000000FF000000FF000000FF000000FF000000FF2BFD99FF2BFD99FF000000FF000000FF000000FF000000FF000000FF000000FF000000FF000000FF000000FF000000FF000000FF000000FF000000FF000000FF000000FF000000FF000000FF000000FF000000FF000000FF000000FF000000FF000000FF000000FF000000FF000000FF2BFD99FF2BFD99FF000000FF000000FF000000FF000000FF000000FF000000FF000000FF000000FF000000FF000000FF000000FF000000FF000000FF000000FF000000FF000000FF2BFD99FF2BFD99FF000000FF000000FF000000FF000000FF000000FF000000FF000000FF000000FF2BFD99FF2BFD99FF000000FF000000FF000000FF000000FF000000FF000000FF2BFD99FF2BFD99FF000000FF000000FF000000FF000000FF2BFD99FF2BFD99FF000000FF000000FF000000FF000000FF000000FF000000FF000000FF000000FF000000FF000000FF000000FF000000FF000000FF000000FF000000FF000000FF000000FF000000FF000000FF000000FF000000FF000000FF000000FF000000FF000000FF000000FF2BFD99FF2BFD99FF000000FF000000FF000000FF000000FF000000FF000000FF2BFD99FF2BFD99FF000000FF000000FF000000FF000000FF000000FF000000FF000000FF000000FF000000FF000000FF000000FF000000FF000000FF000000FF000000FF000000FF000000FF000000FF000000FF000000FF000000FF000000FF000000FF000000FF000000FF000000FF000000FF000000FF000000FF000000FF000000FF000000FF000000FF000000FF000000FF000000FF000000FF000000FF000000FF000000FF000000FF000000FF000000FF000000FF000000FF000000FF000000FF000000FF000000FF000000FF000000FF000000FF000000FF000000FF000000FF000000FF000000FF000000FF000000FF000000FF000000FF000000FF000000FF000000FF000000FF000000FF000000FF000000FF000000FF000000FF000000FF000000FF000000FF000000FF000000FF000000FF000000FF000000FF000000FF000000FF000000FF000000FF000000FF000000FF000000FF000000FF000000FF000000FF000000FF000000FF000000FF000000FF000000FF000000FF000000FF000000FF000000FF000000FF000000FF000000FF000000FF000000FF000000FF000000FF000000FF000000FF000000FF000000FF000000FF000000FF000000FF000000FF000000FF000000FF000000FF000000FF000000FF000000FF000000FF000000FF000000FF000000FF000000FF000000FF000000FF000000FF000000FF000000FF000000FF000000FF000000FF000000FF000000FF000000FF000000FF000000FF000000FF000000FF000000FF000000FF000000FF000000FF000000FF000000FF000000FF000000FF000000FF000000FF000000FF000000FF000000FF000000FF000000FF000000FF000000FF000000FF000000FF000000FF000000FF000000FF000000FF000000FF000000FF000000FF000000FF000000FF000000FF000000FF000000FF000000FF000000FF000000FF000000FF000000FF000000FF000000FF000000FF000000FF000000FF000000FF000000FF000000FF000000FF000000FF000000FF000000FF000000FF000000FF000000FF000000FF000000FF000000FF000000FF000000FF000000FF000000FF000000FF000000FF000000FF000000FF000000FF000000FF000000FF000000FF000000FF000000FF000000FF000000FF000000FF000000FF000000FF000000FF000000FF000000FF000000FF000000FF000000FF000000FF000000FF000000FF000000FF000000FF000000FF000000FF000000FF000000FF000000FF000000FF000000FF000000FF000000FF000000FF000000FF000000FF000000FF000000FF000000FF000000FF000000FF000000FF000000FF000000FF2BFD99FF2BFD99FF000000FF000000FF000000FF000000FF000000FF000000FF2BFD99FF2BFD99FF000000FF000000FF000000FF000000FF000000FF000000FF000000FF000000FF000000FF000000FF000000FF000000FF000000FF000000FF000000FF000000FF000000FF000000FF2BFD99FF2BFD99FF2BFD99FF2BFD99FF000000FF000000FF000000FF000000FF2BFD99FF2BFD99FF000000FF000000FF000000FF000000FF000000FF000000FF000000FF000000FF000000FF000000FF000000FF000000FF000000FF000000FF000000FF000000FF000000FF000000FF000000FF000000FF000000FF000000FF000000FF000000FF000000FF000000FF000000FF000000FF000000FF000000FF000000FF000000FF000000FF000000FF000000FF000000FF000000FF000000FF000000FF000000FF000000FF000000FF000000FF000000FF000000FF000000FF000000FF000000FF000000FF000000FF000000FF000000FF000000FF000000FF000000FF000000FF000000FF000000FF000000FF000000FF000000FF000000FF000000FF000000FF000000FF000000FF000000FF000000FF000000FF000000FF000000FF000000FF000000FF000000FF000000FF000000FF000000FF000000FF2BFD99FF2BFD99FF000000FF000000FF000000FF000000FF000000FF000000FF000000FF000000FF000000FF000000FF000000FF000000FF000000FF000000FF000000FF000000FF000000FF000000FF000000FF000000FF000000FF000000FF2BFD99FF2BFD99FF000000FF000000FF000000FF000000FF000000FF000000FF2BFD99FF2BFD99FF000000FF000000FF000000FF000000FF2BFD99FF2BFD99FF000000FF000000FF000000FF000000FF000000FF000000FF000000FF000000FF000000FF000000FF000000FF000000FF2BFD99FF2BFD99FF000000FF000000FF000000FF000000FF000000FF000000FF000000FF000000FF000000FF000000FF000000FF000000FF2BFD99FF2BFD99FF000000FF000000FF000000FF000000FF000000FF000000FF000000FF000000FF000000FF000000FF000000FF000000FF000000FF000000FF000000FF000000FF2BFD99FF2BFD99FF000000FF000000FF000000FF000000FF000000FF000000FF000000FF000000FF2BFD99FF2BFD99FF000000FF000000FF000000FF000000FF000000FF000000FF000000FF000000FF000000FF000000FF000000FF000000FF000000FF000000FF000000FF000000FF000000FF000000FF000000FF000000FF000000FF000000FF000000FF000000FF000000FF000000FF2BFD99FF2BFD99FF000000FF000000FF000000FF000000FF000000FF000000FF000000FF000000FF000000FF000000FF000000FF000000FF000000FF000000FF000000FF000000FF2BFD99FF2BFD99FF000000FF000000FF000000FF000000FF000000FF000000FF000000FF000000FF2BFD99FF2BFD99FF2BFD99FF2BFD99FF000000FF000000FF000000FF000000FF2BFD99FF2BFD99FF000000FF000000FF000000FF000000FF2BFD99FF2BFD99FF000000FF000000FF000000FF000000FF000000FF000000FF000000FF000000FF000000FF000000FF000000FF000000FF000000FF000000FF000000FF000000FF000000FF000000FF000000FF000000FF000000FF000000FF000000FF000000FF000000FF000000FF2BFD99FF2BFD99FF2BFD99FF2BFD99FF000000FF000000FF000000FF000000FF2BFD99FF2BFD99FF000000FF000000FF000000FF000000FF000000FF000000FF000000FF000000FF000000FF000000FF000000FF000000FF000000FF000000FF000000FF000000FF000000FF000000FF000000FF000000FF000000FF000000FF000000FF000000FF000000FF000000FF000000FF000000FF000000FF000000FF000000FF000000FF000000FF000000FF000000FF000000FF000000FF000000FF000000FF000000FF000000FF000000FF000000FF000000FF000000FF000000FF000000FF000000FF000000FF000000FF000000FF000000FF000000FF000000FF000000FF000000FF000000FF000000FF000000FF000000FF000000FF000000FF000000FF000000FF000000FF000000FF000000FF000000FF000000FF000000FF000000FF000000FF000000FF000000FF000000FF000000FF000000FF000000FF000000FF000000FF000000FF000000FF000000FF000000FF000000FF000000FF000000FF000000FF000000FF000000FF000000FF000000FF000000FF000000FF000000FF000000FF000000FF000000FF000000FF000000FF000000FF000000FF000000FF000000FF000000FF000000FF000000FF000000FF000000FF000000FF000000FF000000FF000000FF000000FF000000FF000000FF000000FF000000FF000000FF000000FF000000FF000000FF000000FF000000FF000000FF000000FF000000FF000000FF000000FF000000FF000000FF000000FF000000FF000000FF000000FF000000FF000000FF000000FF000000FF000000FF000000FF000000FF000000FF000000FF000000FF000000FF000000FF000000FF000000FF000000FF000000FF000000FF000000FF000000FF000000FF000000FF000000FF000000FF000000FF000000FF000000FF000000FF000000FF000000FF000000FF000000FF000000FF000000FF000000FF000000FF000000FF000000FF000000FF000000FF000000FF000000FF000000FF000000FF000000FF000000FF000000FF000000FF000000FF000000FF000000FF000000FF000000FF000000FF000000FF000000FF000000FF000000FF000000FF000000FF000000FF000000FF000000FF000000FF000000FF000000FF000000FF000000FF000000FF000000FF000000FF000000FF000000FF000000FF000000FF000000FF000000FF000000FF000000FF000000FF000000FF000000FF000000FF000000FF000000FF000000FF000000FF000000FF000000FF000000FF000000FF000000FF000000FF000000FF000000FF000000FF000000FF000000FF000000FF000000FF000000FF000000FF000000FF000000FF000000FF000000FF000000FF000000FF2BFD99FF2BFD99FF000000FF000000FF000000FF000000FF000000FF000000FF2BFD99FF2BFD99FF000000FF000000FF000000FF000000FF000000FF000000FF000000FF000000FF000000FF000000FF000000FF000000FF000000FF000000FF000000FF000000FF000000FF000000FF2BFD99FF2BFD99FF2BFD99FF2BFD99FF000000FF000000FF000000FF000000FF2BFD99FF2BFD99FF000000FF000000FF000000FF000000FF000000FF000000FF000000FF000000FF000000FF000000FF000000FF000000FF000000FF000000FF000000FF000000FF000000FF000000FF000000FF000000FF000000FF000000FF000000FF000000FF000000FF000000FF000000FF000000FF000000FF000000FF000000FF000000FF000000FF000000FF000000FF000000FF000000FF000000FF000000FF000000FF000000FF000000FF000000FF000000FF000000FF000000FF000000FF000000FF000000FF000000FF000000FF000000FF000000FF000000FF000000FF000000FF000000FF000000FF000000FF000000FF000000FF000000FF000000FF000000FF000000FF000000FF000000FF000000FF000000FF000000FF000000FF000000FF000000FF000000FF000000FF000000FF000000FF000000FF2BFD99FF2BFD99FF000000FF000000FF000000FF000000FF000000FF000000FF000000FF000000FF000000FF000000FF000000FF000000FF000000FF000000FF000000FF000000FF000000FF000000FF000000FF000000FF000000FF000000FF2BFD99FF2BFD99FF000000FF000000FF000000FF000000FF000000FF000000FF2BFD99FF2BFD99FF000000FF000000FF000000FF000000FF2BFD99FF2BFD99FF000000FF000000FF000000FF000000FF000000FF000000FF000000FF000000FF000000FF000000FF000000FF000000FF2BFD99FF2BFD99FF000000FF000000FF000000FF000000FF000000FF000000FF000000FF000000FF000000FF000000FF000000FF000000FF2BFD99FF2BFD99FF000000FF000000FF000000FF000000FF000000FF000000FF000000FF000000FF000000FF000000FF000000FF000000FF000000FF000000FF000000FF000000FF2BFD99FF2BFD99FF000000FF000000FF000000FF000000FF000000FF000000FF000000FF000000FF2BFD99FF2BFD99FF000000FF000000FF000000FF000000FF000000FF000000FF000000FF000000FF000000FF000000FF000000FF000000FF000000FF000000FF000000FF000000FF000000FF000000FF000000FF000000FF000000FF000000FF000000FF000000FF000000FF000000FF2BFD99FF2BFD99FF000000FF000000FF000000FF000000FF000000FF000000FF000000FF000000FF000000FF000000FF000000FF000000FF000000FF000000FF000000FF000000FF2BFD99FF2BFD99FF000000FF000000FF000000FF000000FF000000FF000000FF000000FF000000FF2BFD99FF2BFD99FF2BFD99FF2BFD99FF000000FF000000FF000000FF000000FF2BFD99FF2BFD99FF000000FF000000FF000000FF000000FF2BFD99FF2BFD99FF000000FF000000FF000000FF000000FF000000FF000000FF000000FF000000FF000000FF000000FF000000FF000000FF000000FF000000FF000000FF000000FF000000FF000000FF000000FF000000FF000000FF000000FF000000FF000000FF000000FF000000FF2BFD99FF2BFD99FF2BFD99FF2BFD99FF000000FF000000FF000000FF000000FF2BFD99FF2BFD99FF000000FF000000FF000000FF000000FF000000FF000000FF000000FF000000FF000000FF000000FF000000FF000000FF000000FF000000FF000000FF000000FF000000FF000000FF000000FF000000FF000000FF000000FF000000FF000000FF000000FF000000FF000000FF000000FF000000FF000000FF000000FF000000FF000000FF000000FF000000FF000000FF000000FF000000FF000000FF000000FF000000FF000000FF000000FF000000FF000000FF000000FF000000FF000000FF000000FF000000FF000000FF000000FF000000FF000000FF000000FF000000FF000000FF000000FF000000FF000000FF000000FF000000FF000000FF000000FF000000FF000000FF000000FF000000FF000000FF000000FF000000FF000000FF000000FF000000FF000000FF000000FF000000FF000000FF000000FF000000FF000000FF000000FF000000FF000000FF000000FF000000FF000000FF000000FF000000FF000000FF000000FF000000FF000000FF000000FF000000FF000000FF000000FF000000FF000000FF000000FF000000FF000000FF000000FF000000FF000000FF000000FF000000FF000000FF000000FF000000FF000000FF000000FF000000FF000000FF000000FF000000FF000000FF000000FF000000FF000000FF000000FF000000FF000000FF000000FF000000FF000000FF000000FF000000FF000000FF000000FF000000FF000000FF000000FF000000FF000000FF000000FF000000FF000000FF000000FF000000FF000000FF000000FF000000FF000000FF000000FF000000FF000000FF000000FF000000FF000000FF000000FF000000FF000000FF000000FF000000FF000000FF000000FF000000FF000000FF000000FF000000FF000000FF000000FF000000FF000000FF000000FF000000FF000000FF000000FF000000FF000000FF000000FF000000FF000000FF000000FF000000FF000000FF000000FF000000FF000000FF000000FF000000FF000000FF000000FF000000FF000000FF000000FF000000FF000000FF000000FF000000FF000000FF000000FF000000FF000000FF000000FF000000FF000000FF000000FF000000FF000000FF000000FF000000FF000000FF000000FF000000FF000000FF000000FF000000FF000000FF000000FF000000FF000000FF000000FF000000FF000000FF000000FF000000FF000000FF000000FF000000FF000000FF000000FF000000FF000000FF000000FF000000FF000000FF000000FF000000FF000000FF000000FF000000FF000000FF000000FF000000FF000000FF000000FF000000FF000000FF000000FF000000FF2BFD99FF2BFD99FF000000FF000000FF000000FF000000FF000000FF000000FF2BFD99FF2BFD99FF000000FF000000FF000000FF000000FF000000FF000000FF000000FF000000FF000000FF000000FF000000FF000000FF000000FF000000FF000000FF000000FF000000FF000000FF2BFD99FF2BFD99FF000000FF000000FF2BFD99FF2BFD99FF000000FF000000FF2BFD99FF2BFD99FF000000FF000000FF000000FF000000FF000000FF000000FF000000FF000000FF000000FF000000FF000000FF000000FF000000FF000000FF000000FF000000FF000000FF000000FF000000FF000000FF000000FF000000FF000000FF000000FF000000FF000000FF000000FF000000FF000000FF000000FF000000FF000000FF000000FF000000FF000000FF000000FF000000FF000000FF000000FF000000FF000000FF000000FF000000FF000000FF000000FF000000FF000000FF000000FF000000FF000000FF000000FF000000FF000000FF000000FF000000FF000000FF000000FF000000FF000000FF000000FF000000FF000000FF000000FF000000FF000000FF000000FF000000FF000000FF000000FF000000FF000000FF000000FF000000FF000000FF000000FF000000FF000000FF000000FF000000FF000000FF000000FF000000FF000000FF000000FF000000FF000000FF000000FF000000FF000000FF000000FF000000FF000000FF000000FF000000FF000000FF000000FF000000FF000000FF000000FF000000FF000000FF000000FF2BFD99FF2BFD99FF000000FF000000FF000000FF000000FF000000FF000000FF2BFD99FF2BFD99FF000000FF000000FF000000FF000000FF2BFD99FF2BFD99FF2BFD99FF2BFD99FF2BFD99FF2BFD99FF2BFD99FF2BFD99FF000000FF000000FF000000FF000000FF000000FF000000FF2BFD99FF2BFD99FF000000FF000000FF000000FF000000FF000000FF000000FF000000FF000000FF000000FF000000FF000000FF000000FF2BFD99FF2BFD99FF2BFD99FF2BFD99FF2BFD99FF2BFD99FF2BFD99FF2BFD99FF000000FF000000FF000000FF000000FF000000FF000000FF000000FF000000FF000000FF000000FF2BFD99FF2BFD99FF000000FF000000FF000000FF000000FF000000FF000000FF000000FF000000FF2BFD99FF2BFD99FF2BFD99FF2BFD99FF2BFD99FF2BFD99FF2BFD99FF2BFD99FF000000FF000000FF000000FF000000FF000000FF000000FF000000FF000000FF000000FF000000FF000000FF000000FF000000FF000000FF000000FF000000FF000000FF000000FF000000FF000000FF2BFD99FF2BFD99FF000000FF000000FF000000FF000000FF000000FF000000FF000000FF000000FF000000FF000000FF000000FF000000FF000000FF000000FF000000FF000000FF2BFD99FF2BFD99FF000000FF000000FF000000FF000000FF000000FF000000FF000000FF000000FF2BFD99FF2BFD99FF000000FF000000FF2BFD99FF2BFD99FF000000FF000000FF2BFD99FF2BFD99FF000000FF000000FF000000FF000000FF2BFD99FF2BFD99FF2BFD99FF2BFD99FF2BFD99FF2BFD99FF2BFD99FF2BFD99FF000000FF000000FF000000FF000000FF000000FF000000FF000000FF000000FF000000FF000000FF000000FF000000FF000000FF000000FF000000FF000000FF000000FF000000FF000000FF000000FF2BFD99FF2BFD99FF000000FF000000FF2BFD99FF2BFD99FF000000FF000000FF2BFD99FF2BFD99FF000000FF000000FF000000FF000000FF000000FF000000FF000000FF000000FF000000FF000000FF000000FF000000FF000000FF000000FF000000FF000000FF000000FF000000FF000000FF000000FF000000FF000000FF000000FF000000FF000000FF000000FF000000FF000000FF000000FF000000FF000000FF000000FF000000FF000000FF000000FF000000FF000000FF000000FF000000FF000000FF000000FF000000FF000000FF000000FF000000FF000000FF000000FF000000FF000000FF000000FF000000FF000000FF000000FF000000FF000000FF000000FF000000FF000000FF000000FF000000FF000000FF000000FF000000FF000000FF000000FF000000FF000000FF000000FF000000FF000000FF000000FF000000FF000000FF000000FF000000FF000000FF000000FF000000FF000000FF000000FF000000FF000000FF000000FF000000FF000000FF000000FF000000FF000000FF000000FF000000FF000000FF000000FF000000FF000000FF000000FF000000FF000000FF000000FF000000FF000000FF000000FF000000FF000000FF000000FF000000FF000000FF000000FF000000FF000000FF000000FF000000FF000000FF000000FF000000FF000000FF000000FF000000FF000000FF000000FF000000FF000000FF000000FF000000FF000000FF000000FF000000FF000000FF000000FF000000FF000000FF000000FF000000FF000000FF000000FF000000FF000000FF000000FF000000FF000000FF000000FF000000FF000000FF000000FF000000FF000000FF000000FF000000FF000000FF000000FF000000FF000000FF000000FF000000FF000000FF000000FF000000FF000000FF000000FF000000FF000000FF000000FF000000FF000000FF000000FF000000FF000000FF000000FF000000FF000000FF000000FF000000FF000000FF000000FF000000FF000000FF000000FF000000FF000000FF000000FF000000FF000000FF000000FF000000FF000000FF000000FF000000FF000000FF000000FF000000FF000000FF000000FF000000FF000000FF000000FF000000FF000000FF000000FF000000FF000000FF000000FF000000FF000000FF000000FF000000FF000000FF000000FF000000FF000000FF000000FF000000FF000000FF000000FF000000FF000000FF000000FF000000FF000000FF000000FF000000FF000000FF000000FF000000FF000000FF000000FF000000FF000000FF000000FF000000FF000000FF000000FF000000FF000000FF000000FF000000FF000000FF000000FF000000FF000000FF000000FF000000FF000000FF000000FF2BFD99FF2BFD99FF000000FF000000FF000000FF000000FF000000FF000000FF2BFD99FF2BFD99FF000000FF000000FF000000FF000000FF000000FF000000FF000000FF000000FF000000FF000000FF000000FF000000FF000000FF000000FF000000FF000000FF000000FF000000FF2BFD99FF2BFD99FF000000FF000000FF2BFD99FF2BFD99FF000000FF000000FF2BFD99FF2BFD99FF000000FF000000FF000000FF000000FF000000FF000000FF000000FF000000FF000000FF000000FF000000FF000000FF000000FF000000FF000000FF000000FF000000FF000000FF000000FF000000FF000000FF000000FF000000FF000000FF000000FF000000FF000000FF000000FF000000FF000000FF000000FF000000FF000000FF000000FF000000FF000000FF000000FF000000FF000000FF000000FF000000FF000000FF000000FF000000FF000000FF000000FF000000FF000000FF000000FF000000FF000000FF000000FF000000FF000000FF000000FF000000FF000000FF000000FF000000FF000000FF000000FF000000FF000000FF000000FF000000FF000000FF000000FF000000FF000000FF000000FF000000FF000000FF000000FF000000FF000000FF000000FF000000FF000000FF000000FF000000FF000000FF000000FF000000FF000000FF000000FF000000FF000000FF000000FF000000FF000000FF000000FF000000FF000000FF000000FF000000FF000000FF000000FF000000FF000000FF000000FF000000FF000000FF2BFD99FF2BFD99FF000000FF000000FF000000FF000000FF000000FF000000FF2BFD99FF2BFD99FF000000FF000000FF000000FF000000FF2BFD99FF2BFD99FF2BFD99FF2BFD99FF2BFD99FF2BFD99FF2BFD99FF2BFD99FF000000FF000000FF000000FF000000FF000000FF000000FF2BFD99FF2BFD99FF000000FF000000FF000000FF000000FF000000FF000000FF000000FF000000FF000000FF000000FF000000FF000000FF2BFD99FF2BFD99FF2BFD99FF2BFD99FF2BFD99FF2BFD99FF2BFD99FF2BFD99FF000000FF000000FF000000FF000000FF000000FF000000FF000000FF000000FF000000FF000000FF2BFD99FF2BFD99FF000000FF000000FF000000FF000000FF000000FF000000FF000000FF000000FF2BFD99FF2BFD99FF2BFD99FF2BFD99FF2BFD99FF2BFD99FF2BFD99FF2BFD99FF000000FF000000FF000000FF000000FF000000FF000000FF000000FF000000FF000000FF000000FF000000FF000000FF000000FF000000FF000000FF000000FF000000FF000000FF000000FF000000FF2BFD99FF2BFD99FF000000FF000000FF000000FF000000FF000000FF000000FF000000FF000000FF000000FF000000FF000000FF000000FF000000FF000000FF000000FF000000FF2BFD99FF2BFD99FF000000FF000000FF000000FF000000FF000000FF000000FF000000FF000000FF2BFD99FF2BFD99FF000000FF000000FF2BFD99FF2BFD99FF000000FF000000FF2BFD99FF2BFD99FF000000FF000000FF000000FF000000FF2BFD99FF2BFD99FF2BFD99FF2BFD99FF2BFD99FF2BFD99FF2BFD99FF2BFD99FF000000FF000000FF000000FF000000FF000000FF000000FF000000FF000000FF000000FF000000FF000000FF000000FF000000FF000000FF000000FF000000FF000000FF000000FF000000FF000000FF2BFD99FF2BFD99FF000000FF000000FF2BFD99FF2BFD99FF000000FF000000FF2BFD99FF2BFD99FF000000FF000000FF000000FF000000FF000000FF000000FF000000FF000000FF000000FF000000FF000000FF000000FF000000FF000000FF000000FF000000FF000000FF000000FF000000FF000000FF000000FF000000FF000000FF000000FF000000FF000000FF000000FF000000FF000000FF000000FF000000FF000000FF000000FF000000FF000000FF000000FF000000FF000000FF000000FF000000FF000000FF000000FF000000FF000000FF000000FF000000FF000000FF000000FF000000FF000000FF000000FF000000FF000000FF000000FF000000FF000000FF000000FF000000FF000000FF000000FF000000FF000000FF000000FF000000FF000000FF000000FF000000FF000000FF000000FF000000FF000000FF000000FF000000FF000000FF000000FF000000FF000000FF000000FF000000FF000000FF000000FF000000FF000000FF000000FF000000FF000000FF000000FF000000FF000000FF000000FF000000FF000000FF000000FF000000FF000000FF000000FF000000FF000000FF000000FF000000FF000000FF000000FF000000FF000000FF000000FF000000FF000000FF000000FF000000FF000000FF000000FF000000FF000000FF000000FF000000FF000000FF000000FF000000FF000000FF000000FF000000FF000000FF000000FF000000FF000000FF000000FF000000FF000000FF000000FF000000FF000000FF000000FF000000FF000000FF000000FF000000FF000000FF000000FF000000FF000000FF000000FF000000FF000000FF000000FF000000FF000000FF000000FF000000FF000000FF000000FF000000FF000000FF000000FF000000FF000000FF000000FF000000FF000000FF000000FF000000FF000000FF000000FF000000FF000000FF000000FF000000FF000000FF000000FF000000FF000000FF000000FF000000FF000000FF000000FF000000FF000000FF000000FF000000FF000000FF000000FF000000FF000000FF000000FF000000FF000000FF000000FF000000FF000000FF000000FF000000FF000000FF000000FF000000FF000000FF000000FF000000FF000000FF000000FF000000FF000000FF000000FF000000FF000000FF000000FF000000FF000000FF000000FF000000FF000000FF000000FF000000FF000000FF000000FF000000FF000000FF000000FF000000FF000000FF000000FF000000FF000000FF000000FF000000FF000000FF000000FF000000FF000000FF000000FF000000FF000000FF000000FF000000FF000000FF000000FF000000FF000000FF000000FF000000FF000000FF000000FF000000FF000000FF2BFD99FF2BFD99FF000000FF000000FF000000FF000000FF000000FF000000FF2BFD99FF2BFD99FF000000FF000000FF000000FF000000FF000000FF000000FF000000FF000000FF000000FF000000FF000000FF000000FF000000FF000000FF000000FF000000FF000000FF000000FF2BFD99FF2BFD99FF000000FF000000FF000000FF000000FF2BFD99FF2BFD99FF2BFD99FF2BFD99FF000000FF000000FF000000FF000000FF000000FF000000FF000000FF000000FF000000FF000000FF000000FF000000FF000000FF000000FF000000FF000000FF000000FF000000FF000000FF000000FF000000FF000000FF000000FF000000FF000000FF000000FF000000FF000000FF000000FF000000FF000000FF000000FF000000FF000000FF000000FF000000FF000000FF000000FF000000FF000000FF000000FF000000FF000000FF000000FF000000FF000000FF000000FF000000FF000000FF000000FF000000FF000000FF000000FF000000FF000000FF000000FF000000FF000000FF000000FF000000FF000000FF000000FF000000FF000000FF000000FF000000FF000000FF000000FF000000FF000000FF000000FF000000FF000000FF000000FF000000FF000000FF000000FF000000FF2BFD99FF2BFD99FF000000FF000000FF000000FF000000FF000000FF000000FF000000FF000000FF000000FF000000FF000000FF000000FF000000FF000000FF000000FF000000FF000000FF000000FF000000FF000000FF000000FF000000FF2BFD99FF2BFD99FF000000FF000000FF000000FF000000FF000000FF000000FF2BFD99FF2BFD99FF000000FF000000FF000000FF000000FF2BFD99FF2BFD99FF000000FF000000FF000000FF000000FF000000FF000000FF000000FF000000FF000000FF000000FF000000FF000000FF2BFD99FF2BFD99FF000000FF000000FF000000FF000000FF000000FF000000FF000000FF000000FF000000FF000000FF000000FF000000FF2BFD99FF2BFD99FF000000FF000000FF000000FF000000FF000000FF000000FF000000FF000000FF000000FF000000FF000000FF000000FF000000FF000000FF000000FF000000FF2BFD99FF2BFD99FF000000FF000000FF000000FF000000FF000000FF000000FF000000FF000000FF2BFD99FF2BFD99FF000000FF000000FF000000FF000000FF000000FF000000FF000000FF000000FF000000FF000000FF000000FF000000FF000000FF000000FF000000FF000000FF000000FF000000FF000000FF000000FF000000FF000000FF000000FF000000FF000000FF000000FF2BFD99FF2BFD99FF000000FF000000FF000000FF000000FF000000FF000000FF000000FF000000FF000000FF000000FF000000FF000000FF000000FF000000FF000000FF000000FF2BFD99FF2BFD99FF000000FF000000FF000000FF000000FF000000FF000000FF000000FF000000FF2BFD99FF2BFD99FF000000FF000000FF000000FF000000FF2BFD99FF2BFD99FF2BFD99FF2BFD99FF000000FF000000FF000000FF000000FF2BFD99FF2BFD99FF000000FF000000FF000000FF000000FF000000FF000000FF000000FF000000FF000000FF000000FF000000FF000000FF000000FF000000FF000000FF000000FF000000FF000000FF000000FF000000FF000000FF000000FF000000FF000000FF000000FF000000FF2BFD99FF2BFD99FF000000FF000000FF000000FF000000FF2BFD99FF2BFD99FF2BFD99FF2BFD99FF000000FF000000FF000000FF000000FF000000FF000000FF000000FF000000FF000000FF000000FF000000FF000000FF000000FF000000FF000000FF000000FF000000FF000000FF000000FF000000FF000000FF000000FF000000FF000000FF000000FF000000FF000000FF000000FF000000FF000000FF000000FF000000FF000000FF000000FF000000FF000000FF000000FF000000FF000000FF000000FF000000FF000000FF000000FF000000FF000000FF000000FF000000FF000000FF000000FF000000FF000000FF000000FF000000FF000000FF000000FF000000FF000000FF000000FF000000FF000000FF000000FF000000FF000000FF000000FF000000FF000000FF000000FF000000FF000000FF000000FF000000FF000000FF000000FF000000FF000000FF000000FF000000FF000000FF000000FF000000FF000000FF000000FF000000FF000000FF000000FF000000FF000000FF000000FF000000FF000000FF000000FF000000FF000000FF000000FF000000FF000000FF000000FF000000FF000000FF000000FF000000FF000000FF000000FF000000FF000000FF000000FF000000FF000000FF000000FF000000FF000000FF000000FF000000FF000000FF000000FF000000FF000000FF000000FF000000FF000000FF000000FF000000FF000000FF000000FF000000FF000000FF000000FF000000FF000000FF000000FF000000FF000000FF000000FF000000FF000000FF000000FF000000FF000000FF000000FF000000FF000000FF000000FF000000FF000000FF000000FF000000FF000000FF000000FF000000FF000000FF000000FF000000FF000000FF000000FF000000FF000000FF000000FF000000FF000000FF000000FF000000FF000000FF000000FF000000FF000000FF000000FF000000FF000000FF000000FF000000FF000000FF000000FF000000FF000000FF000000FF000000FF000000FF000000FF000000FF000000FF000000FF000000FF000000FF000000FF000000FF000000FF000000FF000000FF000000FF000000FF000000FF000000FF000000FF000000FF000000FF000000FF000000FF000000FF000000FF000000FF000000FF000000FF000000FF000000FF000000FF000000FF000000FF000000FF000000FF000000FF000000FF000000FF000000FF000000FF000000FF000000FF000000FF000000FF000000FF000000FF000000FF000000FF000000FF000000FF000000FF000000FF000000FF000000FF000000FF000000FF000000FF000000FF000000FF000000FF000000FF000000FF000000FF000000FF000000FF000000FF000000FF000000FF2BFD99FF2BFD99FF000000FF000000FF000000FF000000FF000000FF000000FF2BFD99FF2BFD99FF000000FF000000FF000000FF000000FF000000FF000000FF000000FF000000FF000000FF000000FF000000FF000000FF000000FF000000FF000000FF000000FF000000FF000000FF2BFD99FF2BFD99FF000000FF000000FF000000FF000000FF2BFD99FF2BFD99FF2BFD99FF2BFD99FF000000FF000000FF000000FF000000FF000000FF000000FF000000FF000000FF000000FF000000FF000000FF000000FF000000FF000000FF000000FF000000FF000000FF000000FF000000FF000000FF000000FF000000FF000000FF000000FF000000FF000000FF000000FF000000FF000000FF000000FF000000FF000000FF000000FF000000FF000000FF000000FF000000FF000000FF000000FF000000FF000000FF000000FF000000FF000000FF000000FF000000FF000000FF000000FF000000FF000000FF000000FF000000FF000000FF000000FF000000FF000000FF000000FF000000FF000000FF000000FF000000FF000000FF000000FF000000FF000000FF000000FF000000FF000000FF000000FF000000FF000000FF000000FF000000FF000000FF000000FF000000FF000000FF000000FF2BFD99FF2BFD99FF000000FF000000FF000000FF000000FF000000FF000000FF000000FF000000FF000000FF000000FF000000FF000000FF000000FF000000FF000000FF000000FF000000FF000000FF000000FF000000FF000000FF000000FF2BFD99FF2BFD99FF000000FF000000FF000000FF000000FF000000FF000000FF2BFD99FF2BFD99FF000000FF000000FF000000FF000000FF2BFD99FF2BFD99FF000000FF000000FF000000FF000000FF000000FF000000FF000000FF000000FF000000FF000000FF000000FF000000FF2BFD99FF2BFD99FF000000FF000000FF000000FF000000FF000000FF000000FF000000FF000000FF000000FF000000FF000000FF000000FF2BFD99FF2BFD99FF000000FF000000FF000000FF000000FF000000FF000000FF000000FF000000FF000000FF000000FF000000FF000000FF000000FF000000FF000000FF000000FF2BFD99FF2BFD99FF000000FF000000FF000000FF000000FF000000FF000000FF000000FF000000FF2BFD99FF2BFD99FF000000FF000000FF000000FF000000FF000000FF000000FF000000FF000000FF000000FF000000FF000000FF000000FF000000FF000000FF000000FF000000FF000000FF000000FF000000FF000000FF000000FF000000FF000000FF000000FF000000FF000000FF2BFD99FF2BFD99FF000000FF000000FF000000FF000000FF000000FF000000FF000000FF000000FF000000FF000000FF000000FF000000FF000000FF000000FF000000FF000000FF2BFD99FF2BFD99FF000000FF000000FF000000FF000000FF000000FF000000FF000000FF000000FF2BFD99FF2BFD99FF000000FF000000FF000000FF000000FF2BFD99FF2BFD99FF2BFD99FF2BFD99FF000000FF000000FF000000FF000000FF2BFD99FF2BFD99FF000000FF000000FF000000FF000000FF000000FF000000FF000000FF000000FF000000FF000000FF000000FF000000FF000000FF000000FF000000FF000000FF000000FF000000FF000000FF000000FF000000FF000000FF000000FF000000FF000000FF000000FF2BFD99FF2BFD99FF000000FF000000FF000000FF000000FF2BFD99FF2BFD99FF2BFD99FF2BFD99FF000000FF000000FF000000FF000000FF000000FF000000FF000000FF000000FF000000FF000000FF000000FF000000FF000000FF000000FF000000FF000000FF000000FF000000FF000000FF000000FF000000FF000000FF000000FF000000FF000000FF000000FF000000FF000000FF000000FF000000FF000000FF000000FF000000FF000000FF000000FF000000FF000000FF000000FF000000FF000000FF000000FF000000FF000000FF000000FF000000FF000000FF000000FF000000FF000000FF000000FF000000FF000000FF000000FF000000FF000000FF000000FF000000FF000000FF000000FF000000FF000000FF000000FF000000FF000000FF000000FF000000FF000000FF000000FF000000FF000000FF000000FF000000FF000000FF000000FF000000FF000000FF000000FF000000FF000000FF000000FF000000FF000000FF000000FF000000FF000000FF000000FF000000FF000000FF000000FF000000FF000000FF000000FF000000FF000000FF000000FF000000FF000000FF000000FF000000FF000000FF000000FF000000FF000000FF000000FF000000FF000000FF000000FF000000FF000000FF000000FF000000FF000000FF000000FF000000FF000000FF000000FF000000FF000000FF000000FF000000FF000000FF000000FF000000FF000000FF000000FF000000FF000000FF000000FF000000FF000000FF000000FF000000FF000000FF000000FF000000FF000000FF000000FF000000FF000000FF000000FF000000FF000000FF000000FF000000FF000000FF000000FF000000FF000000FF000000FF000000FF000000FF000000FF000000FF000000FF000000FF000000FF000000FF000000FF000000FF000000FF000000FF000000FF000000FF000000FF000000FF000000FF000000FF000000FF000000FF000000FF000000FF000000FF000000FF000000FF000000FF000000FF000000FF000000FF000000FF000000FF000000FF000000FF000000FF000000FF000000FF000000FF000000FF000000FF000000FF000000FF000000FF000000FF000000FF000000FF000000FF000000FF000000FF000000FF000000FF000000FF000000FF000000FF000000FF000000FF000000FF000000FF000000FF000000FF000000FF000000FF000000FF000000FF000000FF000000FF000000FF000000FF000000FF000000FF000000FF000000FF000000FF000000FF000000FF000000FF000000FF000000FF000000FF000000FF000000FF000000FF000000FF000000FF000000FF000000FF000000FF000000FF000000FF000000FF000000FF000000FF000000FF000000FF2BFD99FF2BFD99FF000000FF000000FF000000FF000000FF000000FF000000FF2BFD99FF2BFD99FF000000FF000000FF000000FF000000FF000000FF000000FF000000FF000000FF000000FF000000FF000000FF000000FF000000FF000000FF000000FF000000FF000000FF000000FF2BFD99FF2BFD99FF000000FF000000FF000000FF000000FF000000FF000000FF2BFD99FF2BFD99FF000000FF000000FF000000FF000000FF000000FF000000FF000000FF000000FF000000FF000000FF000000FF000000FF000000FF000000FF000000FF000000FF000000FF000000FF000000FF000000FF000000FF000000FF000000FF000000FF000000FF000000FF000000FF000000FF000000FF000000FF000000FF000000FF000000FF000000FF000000FF000000FF000000FF000000FF000000FF000000FF000000FF000000FF000000FF000000FF000000FF000000FF000000FF000000FF000000FF000000FF000000FF000000FF000000FF000000FF000000FF000000FF000000FF000000FF000000FF000000FF000000FF000000FF000000FF000000FF000000FF000000FF000000FF000000FF000000FF000000FF000000FF000000FF000000FF000000FF000000FF000000FF000000FF000000FF000000FF000000FF000000FF000000FF000000FF000000FF000000FF000000FF000000FF000000FF000000FF000000FF000000FF000000FF000000FF000000FF000000FF000000FF000000FF000000FF000000FF000000FF000000FF000000FF2BFD99FF2BFD99FF000000FF000000FF000000FF000000FF000000FF000000FF2BFD99FF2BFD99FF000000FF000000FF000000FF000000FF2BFD99FF2BFD99FF000000FF000000FF000000FF000000FF000000FF000000FF000000FF000000FF000000FF000000FF000000FF000000FF2BFD99FF2BFD99FF000000FF000000FF000000FF000000FF000000FF000000FF000000FF000000FF000000FF000000FF000000FF000000FF2BFD99FF2BFD99FF000000FF000000FF000000FF000000FF000000FF000000FF000000FF000000FF000000FF000000FF000000FF000000FF000000FF000000FF000000FF000000FF2BFD99FF2BFD99FF000000FF000000FF000000FF000000FF000000FF000000FF000000FF000000FF2BFD99FF2BFD99FF000000FF000000FF000000FF000000FF000000FF000000FF000000FF000000FF000000FF000000FF000000FF000000FF000000FF000000FF000000FF000000FF000000FF000000FF000000FF000000FF000000FF000000FF000000FF000000FF000000FF000000FF2BFD99FF2BFD99FF000000FF000000FF000000FF000000FF000000FF000000FF000000FF000000FF000000FF000000FF000000FF000000FF000000FF000000FF000000FF000000FF2BFD99FF2BFD99FF000000FF000000FF000000FF000000FF000000FF000000FF000000FF000000FF2BFD99FF2BFD99FF000000FF000000FF000000FF000000FF000000FF000000FF2BFD99FF2BFD99FF000000FF000000FF000000FF000000FF2BFD99FF2BFD99FF000000FF000000FF000000FF000000FF000000FF000000FF000000FF000000FF000000FF000000FF000000FF000000FF000000FF000000FF000000FF000000FF000000FF000000FF000000FF000000FF000000FF000000FF000000FF000000FF000000FF000000FF2BFD99FF2BFD99FF000000FF000000FF000000FF000000FF000000FF000000FF2BFD99FF2BFD99FF000000FF000000FF000000FF000000FF000000FF000000FF000000FF000000FF000000FF000000FF000000FF000000FF000000FF000000FF000000FF000000FF000000FF000000FF000000FF000000FF000000FF000000FF000000FF000000FF000000FF000000FF000000FF000000FF000000FF000000FF000000FF000000FF000000FF000000FF000000FF000000FF000000FF000000FF000000FF000000FF000000FF000000FF000000FF000000FF000000FF000000FF000000FF000000FF000000FF000000FF000000FF000000FF000000FF000000FF000000FF000000FF000000FF000000FF000000FF000000FF000000FF000000FF000000FF000000FF000000FF000000FF000000FF000000FF000000FF000000FF000000FF000000FF000000FF000000FF000000FF000000FF000000FF000000FF000000FF000000FF000000FF000000FF000000FF000000FF000000FF000000FF000000FF000000FF000000FF000000FF000000FF000000FF000000FF000000FF000000FF000000FF000000FF000000FF000000FF000000FF000000FF000000FF000000FF000000FF000000FF000000FF000000FF000000FF000000FF000000FF000000FF000000FF000000FF000000FF000000FF000000FF000000FF000000FF000000FF000000FF000000FF000000FF000000FF000000FF000000FF000000FF000000FF000000FF000000FF000000FF000000FF000000FF000000FF000000FF000000FF000000FF000000FF000000FF000000FF000000FF000000FF000000FF000000FF000000FF000000FF000000FF000000FF000000FF000000FF000000FF000000FF000000FF000000FF000000FF000000FF000000FF000000FF000000FF000000FF000000FF000000FF000000FF000000FF000000FF000000FF000000FF000000FF000000FF000000FF000000FF000000FF000000FF000000FF000000FF000000FF000000FF000000FF000000FF000000FF000000FF000000FF000000FF000000FF000000FF000000FF000000FF000000FF000000FF000000FF000000FF000000FF000000FF000000FF000000FF000000FF000000FF000000FF000000FF000000FF000000FF000000FF000000FF000000FF000000FF000000FF000000FF000000FF000000FF000000FF000000FF000000FF000000FF000000FF000000FF000000FF000000FF000000FF000000FF000000FF000000FF000000FF000000FF000000FF000000FF000000FF000000FF000000FF000000FF000000FF000000FF000000FF000000FF000000FF000000FF000000FF000000FF000000FF000000FF000000FF000000FF000000FF000000FF2BFD99FF2BFD99FF000000FF000000FF000000FF000000FF000000FF000000FF2BFD99FF2BFD99FF000000FF000000FF000000FF000000FF000000FF000000FF000000FF000000FF000000FF000000FF000000FF000000FF000000FF000000FF000000FF000000FF000000FF000000FF2BFD99FF2BFD99FF000000FF000000FF000000FF000000FF000000FF000000FF2BFD99FF2BFD99FF000000FF000000FF000000FF000000FF000000FF000000FF000000FF000000FF000000FF000000FF000000FF000000FF000000FF000000FF000000FF000000FF000000FF000000FF000000FF000000FF000000FF000000FF000000FF000000FF000000FF000000FF000000FF000000FF000000FF000000FF000000FF000000FF000000FF000000FF000000FF000000FF000000FF000000FF000000FF000000FF000000FF000000FF000000FF000000FF000000FF000000FF000000FF000000FF000000FF000000FF000000FF000000FF000000FF000000FF000000FF000000FF000000FF000000FF000000FF000000FF000000FF000000FF000000FF000000FF000000FF000000FF000000FF000000FF000000FF000000FF000000FF000000FF000000FF000000FF000000FF000000FF000000FF000000FF000000FF000000FF000000FF000000FF000000FF000000FF000000FF000000FF000000FF000000FF000000FF000000FF000000FF000000FF000000FF000000FF000000FF000000FF000000FF000000FF000000FF000000FF000000FF000000FF2BFD99FF2BFD99FF000000FF000000FF000000FF000000FF000000FF000000FF2BFD99FF2BFD99FF000000FF000000FF000000FF000000FF2BFD99FF2BFD99FF000000FF000000FF000000FF000000FF000000FF000000FF000000FF000000FF000000FF000000FF000000FF000000FF2BFD99FF2BFD99FF000000FF000000FF000000FF000000FF000000FF000000FF000000FF000000FF000000FF000000FF000000FF000000FF2BFD99FF2BFD99FF000000FF000000FF000000FF000000FF000000FF000000FF000000FF000000FF000000FF000000FF000000FF000000FF000000FF000000FF000000FF000000FF2BFD99FF2BFD99FF000000FF000000FF000000FF000000FF000000FF000000FF000000FF000000FF2BFD99FF2BFD99FF000000FF000000FF000000FF000000FF000000FF000000FF000000FF000000FF000000FF000000FF000000FF000000FF000000FF000000FF000000FF000000FF000000FF000000FF000000FF000000FF000000FF000000FF000000FF000000FF000000FF000000FF2BFD99FF2BFD99FF000000FF000000FF000000FF000000FF000000FF000000FF000000FF000000FF000000FF000000FF000000FF000000FF000000FF000000FF000000FF000000FF2BFD99FF2BFD99FF000000FF000000FF000000FF000000FF000000FF000000FF000000FF000000FF2BFD99FF2BFD99FF000000FF000000FF000000FF000000FF000000FF000000FF2BFD99FF2BFD99FF000000FF000000FF000000FF000000FF2BFD99FF2BFD99FF000000FF000000FF000000FF000000FF000000FF000000FF000000FF000000FF000000FF000000FF000000FF000000FF000000FF000000FF000000FF000000FF000000FF000000FF000000FF000000FF000000FF000000FF000000FF000000FF000000FF000000FF2BFD99FF2BFD99FF000000FF000000FF000000FF000000FF000000FF000000FF2BFD99FF2BFD99FF000000FF000000FF000000FF000000FF000000FF000000FF000000FF000000FF000000FF000000FF000000FF000000FF000000FF000000FF000000FF000000FF000000FF000000FF000000FF000000FF000000FF000000FF000000FF000000FF000000FF000000FF000000FF000000FF000000FF000000FF000000FF000000FF000000FF000000FF000000FF000000FF000000FF000000FF000000FF000000FF000000FF000000FF000000FF000000FF000000FF000000FF000000FF000000FF000000FF000000FF000000FF000000FF000000FF000000FF000000FF000000FF000000FF000000FF000000FF000000FF000000FF000000FF000000FF000000FF000000FF000000FF000000FF000000FF000000FF000000FF000000FF000000FF000000FF000000FF000000FF000000FF000000FF000000FF000000FF000000FF000000FF000000FF000000FF000000FF000000FF000000FF000000FF000000FF000000FF000000FF000000FF000000FF000000FF000000FF000000FF000000FF000000FF000000FF000000FF000000FF000000FF000000FF000000FF000000FF000000FF000000FF000000FF000000FF000000FF000000FF000000FF000000FF000000FF000000FF000000FF000000FF000000FF000000FF000000FF000000FF000000FF000000FF000000FF000000FF000000FF000000FF000000FF000000FF000000FF000000FF000000FF000000FF000000FF000000FF000000FF000000FF000000FF000000FF000000FF000000FF000000FF000000FF000000FF000000FF000000FF000000FF000000FF000000FF000000FF000000FF000000FF000000FF000000FF000000FF000000FF000000FF000000FF000000FF000000FF000000FF000000FF000000FF000000FF000000FF000000FF000000FF000000FF000000FF000000FF000000FF000000FF000000FF000000FF000000FF000000FF000000FF000000FF000000FF000000FF000000FF000000FF000000FF000000FF000000FF000000FF000000FF000000FF000000FF000000FF000000FF000000FF000000FF000000FF000000FF000000FF000000FF000000FF000000FF000000FF000000FF000000FF000000FF000000FF000000FF000000FF000000FF000000FF000000FF000000FF000000FF000000FF000000FF000000FF000000FF000000FF000000FF000000FF000000FF000000FF000000FF000000FF000000FF000000FF000000FF000000FF000000FF000000FF000000FF000000FF000000FF000000FF000000FF000000FF000000FF000000FF000000FF000000FF000000FF000000FF000000FF000000FF000000FF2BFD99FF2BFD99FF2BFD99FF2BFD99FF2BFD99FF2BFD99FF2BFD99FF2BFD99FF000000FF000000FF000000FF000000FF000000FF000000FF000000FF000000FF000000FF000000FF000000FF000000FF000000FF000000FF000000FF000000FF000000FF000000FF000000FF000000FF2BFD99FF2BFD99FF000000FF000000FF000000FF000000FF000000FF000000FF2BFD99FF2BFD99FF000000FF000000FF000000FF000000FF000000FF000000FF000000FF000000FF000000FF000000FF000000FF000000FF000000FF000000FF000000FF000000FF000000FF000000FF000000FF000000FF000000FF000000FF000000FF000000FF000000FF000000FF000000FF000000FF000000FF000000FF000000FF000000FF000000FF000000FF000000FF000000FF000000FF000000FF000000FF000000FF000000FF000000FF000000FF000000FF000000FF000000FF000000FF000000FF000000FF000000FF000000FF000000FF000000FF000000FF000000FF000000FF000000FF000000FF000000FF000000FF000000FF000000FF000000FF000000FF000000FF000000FF000000FF000000FF000000FF000000FF000000FF000000FF000000FF000000FF000000FF000000FF000000FF000000FF000000FF000000FF000000FF000000FF000000FF000000FF000000FF000000FF000000FF000000FF000000FF000000FF000000FF000000FF000000FF000000FF000000FF000000FF000000FF000000FF000000FF000000FF000000FF000000FF2BFD99FF2BFD99FF2BFD99FF2BFD99FF2BFD99FF2BFD99FF2BFD99FF2BFD99FF000000FF000000FF000000FF000000FF000000FF000000FF2BFD99FF2BFD99FF2BFD99FF2BFD99FF2BFD99FF2BFD99FF2BFD99FF2BFD99FF2BFD99FF2BFD99FF000000FF000000FF000000FF000000FF2BFD99FF2BFD99FF2BFD99FF2BFD99FF2BFD99FF2BFD99FF2BFD99FF2BFD99FF2BFD99FF2BFD99FF000000FF000000FF000000FF000000FF2BFD99FF2BFD99FF2BFD99FF2BFD99FF2BFD99FF2BFD99FF2BFD99FF2BFD99FF2BFD99FF2BFD99FF000000FF000000FF000000FF000000FF000000FF000000FF000000FF000000FF2BFD99FF2BFD99FF000000FF000000FF000000FF000000FF000000FF000000FF000000FF000000FF2BFD99FF2BFD99FF2BFD99FF2BFD99FF2BFD99FF2BFD99FF2BFD99FF2BFD99FF2BFD99FF2BFD99FF000000FF000000FF000000FF000000FF000000FF000000FF000000FF000000FF000000FF000000FF000000FF000000FF000000FF000000FF000000FF000000FF000000FF000000FF2BFD99FF2BFD99FF2BFD99FF2BFD99FF2BFD99FF2BFD99FF2BFD99FF2BFD99FF2BFD99FF2BFD99FF000000FF000000FF000000FF000000FF000000FF000000FF2BFD99FF2BFD99FF2BFD99FF2BFD99FF2BFD99FF2BFD99FF000000FF000000FF000000FF000000FF000000FF000000FF2BFD99FF2BFD99FF000000FF000000FF000000FF000000FF000000FF000000FF2BFD99FF2BFD99FF000000FF000000FF000000FF000000FF2BFD99FF2BFD99FF2BFD99FF2BFD99FF2BFD99FF2BFD99FF2BFD99FF2BFD99FF2BFD99FF2BFD99FF000000FF000000FF000000FF000000FF000000FF000000FF000000FF000000FF000000FF000000FF000000FF000000FF000000FF000000FF000000FF000000FF000000FF000000FF2BFD99FF2BFD99FF000000FF000000FF000000FF000000FF000000FF000000FF2BFD99FF2BFD99FF000000FF000000FF000000FF000000FF000000FF000000FF000000FF000000FF000000FF000000FF000000FF000000FF000000FF000000FF000000FF000000FF000000FF000000FF000000FF000000FF000000FF000000FF000000FF000000FF000000FF000000FF000000FF000000FF000000FF000000FF000000FF000000FF000000FF000000FF000000FF000000FF000000FF000000FF000000FF000000FF000000FF000000FF000000FF000000FF000000FF000000FF000000FF000000FF000000FF000000FF000000FF000000FF000000FF000000FF000000FF000000FF000000FF000000FF000000FF000000FF000000FF000000FF000000FF000000FF000000FF000000FF000000FF000000FF000000FF000000FF000000FF000000FF000000FF000000FF000000FF000000FF000000FF000000FF000000FF000000FF000000FF000000FF000000FF000000FF000000FF000000FF000000FF000000FF000000FF000000FF000000FF000000FF000000FF000000FF000000FF000000FF000000FF000000FF000000FF000000FF000000FF000000FF000000FF000000FF000000FF000000FF000000FF000000FF000000FF000000FF000000FF000000FF000000FF000000FF000000FF000000FF000000FF000000FF000000FF000000FF000000FF000000FF000000FF000000FF000000FF000000FF000000FF000000FF000000FF000000FF000000FF000000FF000000FF000000FF000000FF000000FF000000FF000000FF000000FF000000FF000000FF000000FF000000FF000000FF000000FF000000FF000000FF000000FF000000FF000000FF000000FF000000FF000000FF000000FF000000FF000000FF000000FF000000FF000000FF000000FF000000FF000000FF000000FF000000FF000000FF000000FF000000FF000000FF000000FF000000FF000000FF000000FF000000FF000000FF000000FF000000FF000000FF000000FF000000FF000000FF000000FF000000FF000000FF000000FF000000FF000000FF000000FF000000FF000000FF000000FF000000FF000000FF000000FF000000FF000000FF000000FF000000FF000000FF000000FF000000FF000000FF000000FF000000FF000000FF000000FF000000FF000000FF000000FF000000FF000000FF000000FF000000FF000000FF000000FF000000FF000000FF000000FF000000FF000000FF000000FF000000FF000000FF000000FF000000FF000000FF000000FF000000FF000000FF000000FF000000FF000000FF000000FF000000FF000000FF000000FF000000FF000000FF000000FF000000FF000000FF000000FF000000FF2BFD99FF2BFD99FF2BFD99FF2BFD99FF2BFD99FF2BFD99FF2BFD99FF2BFD99FF000000FF000000FF000000FF000000FF000000FF000000FF000000FF000000FF000000FF000000FF000000FF000000FF000000FF000000FF000000FF000000FF000000FF000000FF000000FF000000FF2BFD99FF2BFD99FF000000FF000000FF000000FF000000FF000000FF000000FF2BFD99FF2BFD99FF000000FF000000FF000000FF000000FF000000FF000000FF000000FF000000FF000000FF000000FF000000FF000000FF000000FF000000FF000000FF000000FF000000FF000000FF000000FF000000FF000000FF000000FF000000FF000000FF000000FF000000FF000000FF000000FF000000FF000000FF000000FF000000FF000000FF000000FF000000FF000000FF000000FF000000FF000000FF000000FF000000FF000000FF000000FF000000FF000000FF000000FF000000FF000000FF000000FF000000FF000000FF000000FF000000FF000000FF000000FF000000FF000000FF000000FF000000FF000000FF000000FF000000FF000000FF000000FF000000FF000000FF000000FF000000FF000000FF000000FF000000FF000000FF000000FF000000FF000000FF000000FF000000FF000000FF000000FF000000FF000000FF000000FF000000FF000000FF000000FF000000FF000000FF000000FF000000FF000000FF000000FF000000FF000000FF000000FF000000FF000000FF000000FF000000FF000000FF000000FF000000FF000000FF2BFD99FF2BFD99FF2BFD99FF2BFD99FF2BFD99FF2BFD99FF2BFD99FF2BFD99FF000000FF000000FF000000FF000000FF000000FF000000FF2BFD99FF2BFD99FF2BFD99FF2BFD99FF2BFD99FF2BFD99FF2BFD99FF2BFD99FF2BFD99FF2BFD99FF000000FF000000FF000000FF000000FF2BFD99FF2BFD99FF2BFD99FF2BFD99FF2BFD99FF2BFD99FF2BFD99FF2BFD99FF2BFD99FF2BFD99FF000000FF000000FF000000FF000000FF2BFD99FF2BFD99FF2BFD99FF2BFD99FF2BFD99FF2BFD99FF2BFD99FF2BFD99FF2BFD99FF2BFD99FF000000FF000000FF000000FF000000FF000000FF000000FF000000FF000000FF2BFD99FF2BFD99FF000000FF000000FF000000FF000000FF000000FF000000FF000000FF000000FF2BFD99FF2BFD99FF2BFD99FF2BFD99FF2BFD99FF2BFD99FF2BFD99FF2BFD99FF2BFD99FF2BFD99FF000000FF000000FF000000FF000000FF000000FF000000FF000000FF000000FF000000FF000000FF000000FF000000FF000000FF000000FF000000FF000000FF000000FF000000FF2BFD99FF2BFD99FF2BFD99FF2BFD99FF2BFD99FF2BFD99FF2BFD99FF2BFD99FF2BFD99FF2BFD99FF000000FF000000FF000000FF000000FF000000FF000000FF2BFD99FF2BFD99FF2BFD99FF2BFD99FF2BFD99FF2BFD99FF000000FF000000FF000000FF000000FF000000FF000000FF2BFD99FF2BFD99FF000000FF000000FF000000FF000000FF000000FF000000FF2BFD99FF2BFD99FF000000FF000000FF000000FF000000FF2BFD99FF2BFD99FF2BFD99FF2BFD99FF2BFD99FF2BFD99FF2BFD99FF2BFD99FF2BFD99FF2BFD99FF000000FF000000FF000000FF000000FF000000FF000000FF000000FF000000FF000000FF000000FF000000FF000000FF000000FF000000FF000000FF000000FF000000FF000000FF2BFD99FF2BFD99FF000000FF000000FF000000FF000000FF000000FF000000FF2BFD99FF2BFD99FF000000FF000000FF000000FF000000FF000000FF000000FF000000FF000000FF000000FF000000FF000000FF000000FF000000FF000000FF000000FF000000FF000000FF000000FF000000FF000000FF000000FF000000FF000000FF000000FF000000FF000000FF000000FF000000FF000000FF000000FF000000FF000000FF000000FF000000FF000000FF000000FF000000FF000000FF000000FF000000FF000000FF000000FF000000FF000000FF000000FF000000FF000000FF000000FF000000FF000000FF000000FF000000FF000000FF000000FF000000FF000000FF000000FF000000FF000000FF000000FF000000FF000000FF000000FF000000FF000000FF000000FF000000FF000000FF000000FF000000FF000000FF000000FF000000FF000000FF000000FF000000FF000000FF000000FF000000FF000000FF000000FF000000FF000000FF000000FF000000FF000000FF000000FF000000FF000000FF000000FF000000FF000000FF000000FF000000FF000000FF000000FF000000FF000000FF000000FF000000FF000000FF000000FF000000FF000000FF000000FF000000FF000000FF000000FF000000FF000000FF000000FF000000FF000000FF000000FF000000FF000000FF000000FF000000FF000000FF000000FF000000FF000000FF000000FF000000FF000000FF000000FF000000FF000000FF000000FF000000FF000000FF000000FF000000FF000000FF000000FF000000FF000000FF000000FF000000FF000000FF000000FF000000FF000000FF000000FF000000FF000000FF000000FF000000FF000000FF000000FF000000FF000000FF000000FF000000FF000000FF000000FF000000FF000000FF000000FF000000FF000000FF000000FF000000FF000000FF000000FF000000FF000000FF000000FF000000FF000000FF000000FF000000FF000000FF000000FF000000FF000000FF000000FF000000FF000000FF000000FF000000FF000000FF000000FF000000FF000000FF000000FF000000FF000000FF000000FF000000FF000000FF000000FF000000FF000000FF000000FF000000FF000000FF000000FF000000FF000000FF000000FF000000FF000000FF000000FF000000FF000000FF000000FF000000FF000000FF000000FF000000FF000000FF000000FF000000FF000000FF000000FF000000FF000000FF000000FF000000FF000000FF000000FF000000FF000000FF000000FF000000FF000000FF000000FF000000FF000000FF000000FF000000FF000000FF000000FF000000FF000000FF000000FF000000FF000000FF000000FF000000FF000000FF000000FF000000FF000000FF000000FF000000FF000000FF000000FF000000FF000000FF000000FF000000FF000000FF000000FF000000FF000000FF000000FF000000FF000000FF000000FF000000FF000000FF000000FF000000FF000000FF000000FF000000FF000000FF000000FF000000FF000000FF000000FF000000FF000000FF000000FF000000FF000000FF000000FF000000FF000000FF000000FF000000FF000000FF000000FF000000FF000000FF000000FF000000FF000000FF000000FF000000FF000000FF000000FF000000FF000000FF000000FF000000FF000000FF000000FF000000FF000000FF000000FF000000FF000000FF000000FF000000FF000000FF000000FF000000FF000000FF000000FF000000FF000000FF000000FF000000FF000000FF000000FF000000FF000000FF000000FF000000FF000000FF000000FF000000FF000000FF000000FF000000FF000000FF000000FF000000FF000000FF000000FF000000FF000000FF000000FF000000FF000000FF000000FF000000FF000000FF000000FF000000FF000000FF000000FF000000FF000000FF000000FF000000FF000000FF000000FF000000FF000000FF000000FF000000FF000000FF000000FF000000FF000000FF000000FF000000FF000000FF000000FF000000FF000000FF000000FF000000FF000000FF000000FF000000FF000000FF000000FF000000FF000000FF000000FF000000FF000000FF000000FF000000FF000000FF000000FF000000FF000000FF000000FF000000FF000000FF000000FF000000FF000000FF000000FF000000FF000000FF000000FF000000FF000000FF000000FF000000FF000000FF000000FF000000FF000000FF000000FF000000FF000000FF000000FF000000FF000000FF000000FF000000FF000000FF000000FF000000FF000000FF000000FF000000FF000000FF000000FF000000FF000000FF000000FF000000FF000000FF000000FF000000FF000000FF000000FF000000FF000000FF000000FF000000FF000000FF000000FF000000FF000000FF000000FF000000FF000000FF000000FF000000FF000000FF000000FF000000FF000000FF000000FF000000FF000000FF000000FF000000FF000000FF000000FF000000FF000000FF000000FF000000FF000000FF000000FF000000FF000000FF000000FF000000FF000000FF000000FF000000FF000000FF000000FF000000FF000000FF000000FF000000FF000000FF000000FF000000FF000000FF000000FF000000FF000000FF000000FF000000FF000000FF000000FF000000FF000000FF000000FF000000FF000000FF000000FF000000FF000000FF000000FF000000FF000000FF000000FF000000FF000000FF000000FF000000FF000000FF000000FF000000FF000000FF000000FF000000FF000000FF000000FF000000FF000000FF000000FF000000FF000000FF000000FF000000FF000000FF000000FF000000FF000000FF000000FF000000FF000000FF000000FF000000FF000000FF000000FF000000FF000000FF000000FF000000FF000000FF000000FF000000FF000000FF000000FF000000FF000000FF000000FF000000FF000000FF000000FF000000FF000000FF000000FF000000FF000000FF000000FF000000FF000000FF000000FF000000FF000000FF000000FF000000FF000000FF000000FF000000FF000000FF000000FF000000FF000000FF000000FF000000FF000000FF000000FF000000FF000000FF000000FF000000FF000000FF000000FF000000FF000000FF000000FF000000FF000000FF000000FF000000FF000000FF000000FF000000FF000000FF000000FF000000FF000000FF000000FF000000FF000000FF000000FF000000FF000000FF000000FF000000FF000000FF000000FF000000FF000000FF000000FF000000FF000000FF000000FF000000FF000000FF000000FF000000FF000000FF000000FF000000FF000000FF000000FF000000FF000000FF000000FF000000FF000000FF000000FF000000FF000000FF000000FF000000FF000000FF000000FF000000FF000000FF000000FF000000FF000000FF000000FF000000FF000000FF000000FF000000FF000000FF000000FF000000FF000000FF000000FF000000FF000000FF000000FF000000FF000000FF000000FF000000FF000000FF000000FF000000FF000000FF000000FF000000FF000000FF000000FF000000FF000000FF000000FF000000FF000000FF000000FF000000FF000000FF000000FF000000FF000000FF000000FF000000FF000000FF000000FF000000FF000000FF000000FF000000FF000000FF000000FF000000FF000000FF000000FF000000FF000000FF000000FF000000FF000000FF000000FF000000FF000000FF000000FF000000FF000000FF000000FF000000FF000000FF000000FF000000FF000000FF000000FF000000FF000000FF000000FF000000FF000000FF000000FF000000FF000000FF000000FF000000FF000000FF000000FF000000FF000000FF000000FF000000FF000000FF000000FF000000FF000000FF000000FF000000FF000000FF000000FF000000FF000000FF000000FF000000FF000000FF000000FF000000FF000000FF000000FF000000FF000000FF000000FF000000FF000000FF000000FF000000FF000000FF000000FF000000FF000000FF000000FF000000FF000000FF000000FF000000FF000000FF000000FF000000FF000000FF000000FF000000FF000000FF000000FF000000FF000000FF000000FF000000FF000000FF000000FF000000FF000000FF000000FF000000FF000000FF000000FF000000FF000000FF000000FF000000FF000000FF000000FF000000FF000000FF000000FF000000FF000000FF000000FF000000FF000000FF000000FF000000FF000000FF000000FF000000FF000000FF000000FF000000FF000000FF000000FF000000FF000000FF000000FF000000FF000000FF000000FF000000FF000000FF000000FF000000FF000000FF000000FF000000FF000000FF000000FF000000FF000000FF000000FF000000FF000000FF000000FF000000FF000000FF000000FF000000FF000000FF000000FF000000FF000000FF000000FF000000FF000000FF000000FF000000FF000000FF000000FF000000FF000000FF000000FF000000FF000000FF000000FF000000FF000000FF000000FF000000FF000000FF000000FF000000FF000000FF000000FF000000FF000000FF000000FF000000FF000000FF000000FF000000FF000000FF000000FF000000FF000000FF000000FF000000FF000000FF000000FF000000FF000000FF000000FF000000FF000000FF000000FF000000FF000000FF000000FF000000FF000000FF000000FF000000FF000000FF000000FF000000FF000000FF000000FF000000FF000000FF000000FF000000FF000000FF000000FF000000FF000000FF000000FF000000FF000000FF000000FF000000FF000000FF000000FF000000FF000000FF000000FF000000FF000000FF000000FF000000FF000000FF000000FF000000FF000000FF000000FF000000FF000000FF000000FF000000FF000000FF000000FF000000FF000000FF000000FF000000FF000000FF000000FF000000FF000000FF000000FF000000FF000000FF000000FF000000FF000000FF000000FF000000FF000000FF000000FF000000FF000000FF000000FF000000FF000000FF000000FF000000FF000000FF000000FF000000FF000000FF000000FF000000FF000000FF000000FF000000FF000000FF000000FF000000FF000000FF000000FF000000FF000000FF000000FF000000FF000000FF000000FF000000FF000000FF000000FF000000FF000000FF000000FF000000FF000000FF000000FF000000FF000000FF000000FF000000FF000000FF000000FF000000FF000000FF000000FF000000FF000000FF000000FF000000FF000000FF000000FF000000FF000000FF000000FF000000FF000000FF000000FF000000FF000000FF000000FF000000FF000000FF000000FF000000FF000000FF000000FF000000FF000000FF000000FF000000FF000000FF000000FF000000FF000000FF000000FF000000FF000000FF000000FF000000FF000000FF000000FF000000FF000000FF000000FF000000FF000000FF000000FF000000FF000000FF000000FF000000FF000000FF000000FF000000FF000000FF000000FF000000FF000000FF000000FF000000FF000000FF000000FF000000FF000000FF000000FF000000FF000000FF000000FF000000FF000000FF000000FF000000FF000000FF000000FF000000FF000000FF000000FF000000FF000000FF000000FF000000FF000000FF000000FF000000FF000000FF000000FF000000FF000000FF000000FF000000FF000000FF000000FF000000FF000000FF000000FF000000FF000000FF000000FF000000FF000000FF000000FF000000FF000000FF000000FF000000FF000000FF000000FF000000FF000000FF000000FF000000FF000000FF000000FF000000FF000000FF000000FF000000FF000000FF000000FF000000FF000000FF000000FF000000FF000000FF000000FF000000FF000000FF000000FF000000FF000000FF000000FF000000FF000000FF000000FF000000FF000000FF000000FF000000FF000000FF000000FF000000FF000000FF000000FF000000FF000000FF000000FF000000FF000000FF000000FF000000FF000000FF000000FF000000FF000000FF000000FF000000FF000000FF000000FF000000FF000000FF000000FF000000FF000000FF000000FF000000FF000000FF000000FF000000FF000000FF000000FF000000FF000000FF000000FF000000FF000000FF000000FF000000FF000000FF000000FF000000FF000000FF000000FF000000FF000000FF000000FF000000FF000000FF000000FF000000FF000000FF000000FF000000FF000000FF000000FF000000FF000000FF000000FF000000FF000000FF000000FF000000FF000000FF000000FF000000FF000000FF000000FF000000FF000000FF000000FF000000FF000000FF000000FF000000FF000000FF000000FF000000FF000000FF000000FF000000FF000000FF000000FF000000FF000000FF000000FF000000FF000000FF000000FF000000FF000000FF000000FF000000FF000000FF000000FF000000FF000000FF000000FF000000FF000000FF000000FF000000FF000000FF000000FF000000FF000000FF000000FF000000FF000000FF000000FF000000FF000000FF000000FF000000FF000000FF000000FF000000FF000000FF000000FF000000FF000000FF000000FF000000FF000000FF000000FF000000FF000000FF000000FF000000FF000000FF000000FF000000FF000000FF000000FF000000FF000000FF000000FF000000FF000000FF000000FF000000FF000000FF000000FF000000FF000000FF000000FF000000FF000000FF000000FF000000FF000000FF000000FF000000FF000000FF000000FF000000FF000000FF000000FF000000FF000000FF000000FF000000FF000000FF000000FF000000FF000000FF000000FF000000FF000000FF000000FF000000FF000000FF000000FF000000FF000000FF000000FF000000FF000000FF000000FF000000FF000000FF000000FF000000FF000000FF000000FF000000FF000000FF000000FF000000FF000000FF000000FF000000FF000000FF000000FF000000FF000000FF000000FF000000FF000000FF000000FF000000FF000000FF000000FF000000FF000000FF000000FF000000FF000000FF000000FF000000FF000000FF000000FF000000FF000000FF000000FF000000FF000000FF000000FF000000FF000000FF000000FF000000FF000000FF000000FF000000FF000000FF000000FF000000FF000000FF000000FF000000FF000000FF000000FF000000FF000000FF000000FF000000FF000000FF000000FF000000FF000000FF000000FF000000FF000000FF000000FF000000FF000000FF000000FF000000FF000000FF000000FF000000FF000000FF000000FF000000FF000000FF000000FF000000FF000000FF000000FF000000FF000000FF000000FF000000FF000000FF000000FF000000FF000000FF2BFD99FF2BFD99FF2BFD99FF2BFD99FF2BFD99FF2BFD99FF000000FF000000FF000000FF000000FF000000FF000000FF000000FF000000FF000000FF000000FF000000FF000000FF000000FF000000FF000000FF000000FF000000FF000000FF000000FF000000FF2BFD99FF2BFD99FF000000FF000000FF000000FF000000FF000000FF000000FF2BFD99FF2BFD99FF000000FF000000FF000000FF000000FF000000FF000000FF000000FF000000FF000000FF000000FF000000FF000000FF000000FF000000FF000000FF000000FF000000FF000000FF000000FF000000FF000000FF000000FF000000FF000000FF000000FF000000FF000000FF000000FF000000FF000000FF000000FF000000FF000000FF000000FF000000FF000000FF000000FF000000FF000000FF000000FF000000FF000000FF000000FF000000FF000000FF000000FF000000FF000000FF000000FF000000FF000000FF000000FF000000FF000000FF000000FF000000FF000000FF000000FF000000FF000000FF000000FF000000FF000000FF000000FF000000FF000000FF000000FF000000FF000000FF000000FF000000FF000000FF000000FF000000FF000000FF000000FF000000FF000000FF000000FF000000FF000000FF000000FF000000FF000000FF000000FF000000FF000000FF000000FF000000FF000000FF000000FF000000FF000000FF000000FF000000FF000000FF000000FF000000FF000000FF000000FF000000FF000000FF000000FF000000FF2BFD99FF2BFD99FF2BFD99FF2BFD99FF2BFD99FF2BFD99FF000000FF000000FF000000FF000000FF000000FF000000FF2BFD99FF2BFD99FF000000FF000000FF000000FF000000FF000000FF000000FF2BFD99FF2BFD99FF000000FF000000FF000000FF000000FF000000FF000000FF2BFD99FF2BFD99FF2BFD99FF2BFD99FF2BFD99FF2BFD99FF000000FF000000FF000000FF000000FF000000FF000000FF2BFD99FF2BFD99FF2BFD99FF2BFD99FF2BFD99FF2BFD99FF2BFD99FF2BFD99FF2BFD99FF2BFD99FF000000FF000000FF000000FF000000FF2BFD99FF2BFD99FF2BFD99FF2BFD99FF2BFD99FF2BFD99FF2BFD99FF2BFD99FF000000FF000000FF000000FF000000FF000000FF000000FF2BFD99FF2BFD99FF2BFD99FF2BFD99FF2BFD99FF2BFD99FF2BFD99FF2BFD99FF2BFD99FF2BFD99FF000000FF000000FF000000FF000000FF000000FF000000FF000000FF000000FF000000FF000000FF000000FF000000FF000000FF000000FF000000FF000000FF000000FF000000FF2BFD99FF2BFD99FF2BFD99FF2BFD99FF2BFD99FF2BFD99FF2BFD99FF2BFD99FF000000FF000000FF000000FF000000FF000000FF000000FF2BFD99FF2BFD99FF2BFD99FF2BFD99FF2BFD99FF2BFD99FF2BFD99FF2BFD99FF2BFD99FF2BFD99FF000000FF000000FF000000FF000000FF2BFD99FF2BFD99FF2BFD99FF2BFD99FF2BFD99FF2BFD99FF2BFD99FF2BFD99FF2BFD99FF2BFD99FF000000FF000000FF000000FF000000FF000000FF000000FF2BFD99FF2BFD99FF2BFD99FF2BFD99FF2BFD99FF2BFD99FF000000FF000000FF000000FF000000FF000000FF000000FF2BFD99FF2BFD99FF2BFD99FF2BFD99FF2BFD99FF2BFD99FF2BFD99FF2BFD99FF000000FF000000FF000000FF000000FF000000FF000000FF2BFD99FF2BFD99FF2BFD99FF2BFD99FF2BFD99FF2BFD99FF2BFD99FF2BFD99FF2BFD99FF2BFD99FF000000FF000000FF000000FF000000FF000000FF000000FF000000FF000000FF000000FF000000FF000000FF000000FF000000FF000000FF000000FF000000FF000000FF000000FF2BFD99FF2BFD99FF000000FF000000FF000000FF000000FF000000FF000000FF000000FF000000FF000000FF000000FF000000FF000000FF000000FF000000FF2BFD99FF2BFD99FF2BFD99FF2BFD99FF2BFD99FF2BFD99FF000000FF000000FF000000FF000000FF000000FF000000FF2BFD99FF2BFD99FF000000FF000000FF000000FF000000FF000000FF000000FF2BFD99FF2BFD99FF000000FF000000FF000000FF000000FF2BFD99FF2BFD99FF2BFD99FF2BFD99FF2BFD99FF2BFD99FF2BFD99FF2BFD99FF2BFD99FF2BFD99FF000000FF000000FF000000FF000000FF000000FF000000FF000000FF000000FF000000FF000000FF000000FF000000FF000000FF000000FF000000FF000000FF000000FF000000FF2BFD99FF2BFD99FF000000FF000000FF000000FF000000FF000000FF000000FF2BFD99FF2BFD99FF000000FF000000FF000000FF000000FF000000FF000000FF000000FF000000FF000000FF000000FF000000FF000000FF000000FF000000FF000000FF000000FF000000FF000000FF000000FF000000FF000000FF000000FF000000FF000000FF000000FF000000FF000000FF000000FF000000FF000000FF000000FF000000FF000000FF000000FF000000FF000000FF000000FF000000FF000000FF000000FF000000FF000000FF000000FF000000FF000000FF000000FF000000FF000000FF000000FF000000FF000000FF000000FF000000FF000000FF000000FF000000FF000000FF000000FF000000FF000000FF000000FF000000FF000000FF000000FF000000FF000000FF000000FF000000FF000000FF000000FF000000FF000000FF000000FF000000FF000000FF000000FF000000FF000000FF000000FF000000FF000000FF000000FF000000FF000000FF000000FF000000FF000000FF000000FF000000FF000000FF000000FF000000FF000000FF000000FF000000FF000000FF000000FF000000FF000000FF000000FF000000FF000000FF000000FF000000FF000000FF000000FF000000FF000000FF000000FF000000FF000000FF000000FF000000FF000000FF000000FF000000FF000000FF000000FF000000FF000000FF000000FF000000FF000000FF000000FF000000FF000000FF000000FF000000FF000000FF000000FF000000FF000000FF000000FF000000FF000000FF000000FF000000FF000000FF000000FF000000FF000000FF000000FF000000FF000000FF000000FF000000FF2BFD99FF2BFD99FF2BFD99FF2BFD99FF2BFD99FF2BFD99FF000000FF000000FF000000FF000000FF000000FF000000FF000000FF000000FF000000FF000000FF000000FF000000FF000000FF000000FF000000FF000000FF000000FF000000FF000000FF000000FF2BFD99FF2BFD99FF000000FF000000FF000000FF000000FF000000FF000000FF2BFD99FF2BFD99FF000000FF000000FF000000FF000000FF000000FF000000FF000000FF000000FF000000FF000000FF000000FF000000FF000000FF000000FF000000FF000000FF000000FF000000FF000000FF000000FF000000FF000000FF000000FF000000FF000000FF000000FF000000FF000000FF000000FF000000FF000000FF000000FF000000FF000000FF000000FF000000FF000000FF000000FF000000FF000000FF000000FF000000FF000000FF000000FF000000FF000000FF000000FF000000FF000000FF000000FF000000FF000000FF000000FF000000FF000000FF000000FF000000FF000000FF000000FF000000FF000000FF000000FF000000FF000000FF000000FF000000FF000000FF000000FF000000FF000000FF000000FF000000FF000000FF000000FF000000FF000000FF000000FF000000FF000000FF000000FF000000FF000000FF000000FF000000FF000000FF000000FF000000FF000000FF000000FF000000FF000000FF000000FF000000FF000000FF000000FF000000FF000000FF000000FF000000FF000000FF000000FF000000FF000000FF000000FF2BFD99FF2BFD99FF2BFD99FF2BFD99FF2BFD99FF2BFD99FF000000FF000000FF000000FF000000FF000000FF000000FF2BFD99FF2BFD99FF000000FF000000FF000000FF000000FF000000FF000000FF2BFD99FF2BFD99FF000000FF000000FF000000FF000000FF000000FF000000FF2BFD99FF2BFD99FF2BFD99FF2BFD99FF2BFD99FF2BFD99FF000000FF000000FF000000FF000000FF000000FF000000FF2BFD99FF2BFD99FF2BFD99FF2BFD99FF2BFD99FF2BFD99FF2BFD99FF2BFD99FF2BFD99FF2BFD99FF000000FF000000FF000000FF000000FF2BFD99FF2BFD99FF2BFD99FF2BFD99FF2BFD99FF2BFD99FF2BFD99FF2BFD99FF000000FF000000FF000000FF000000FF000000FF000000FF2BFD99FF2BFD99FF2BFD99FF2BFD99FF2BFD99FF2BFD99FF2BFD99FF2BFD99FF2BFD99FF2BFD99FF000000FF000000FF000000FF000000FF000000FF000000FF000000FF000000FF000000FF000000FF000000FF000000FF000000FF000000FF000000FF000000FF000000FF000000FF2BFD99FF2BFD99FF2BFD99FF2BFD99FF2BFD99FF2BFD99FF2BFD99FF2BFD99FF000000FF000000FF000000FF000000FF000000FF000000FF2BFD99FF2BFD99FF2BFD99FF2BFD99FF2BFD99FF2BFD99FF2BFD99FF2BFD99FF2BFD99FF2BFD99FF000000FF000000FF000000FF000000FF2BFD99FF2BFD99FF2BFD99FF2BFD99FF2BFD99FF2BFD99FF2BFD99FF2BFD99FF2BFD99FF2BFD99FF000000FF000000FF000000FF000000FF000000FF000000FF2BFD99FF2BFD99FF2BFD99FF2BFD99FF2BFD99FF2BFD99FF000000FF000000FF000000FF000000FF000000FF000000FF2BFD99FF2BFD99FF2BFD99FF2BFD99FF2BFD99FF2BFD99FF2BFD99FF2BFD99FF000000FF000000FF000000FF000000FF000000FF000000FF2BFD99FF2BFD99FF2BFD99FF2BFD99FF2BFD99FF2BFD99FF2BFD99FF2BFD99FF2BFD99FF2BFD99FF000000FF000000FF000000FF000000FF000000FF000000FF000000FF000000FF000000FF000000FF000000FF000000FF000000FF000000FF000000FF000000FF000000FF000000FF2BFD99FF2BFD99FF000000FF000000FF000000FF000000FF000000FF000000FF000000FF000000FF000000FF000000FF000000FF000000FF000000FF000000FF2BFD99FF2BFD99FF2BFD99FF2BFD99FF2BFD99FF2BFD99FF000000FF000000FF000000FF000000FF000000FF000000FF2BFD99FF2BFD99FF000000FF000000FF000000FF000000FF000000FF000000FF2BFD99FF2BFD99FF000000FF000000FF000000FF000000FF2BFD99FF2BFD99FF2BFD99FF2BFD99FF2BFD99FF2BFD99FF2BFD99FF2BFD99FF2BFD99FF2BFD99FF000000FF000000FF000000FF000000FF000000FF000000FF000000FF000000FF000000FF000000FF000000FF000000FF000000FF000000FF000000FF000000FF000000FF000000FF2BFD99FF2BFD99FF000000FF000000FF000000FF000000FF000000FF000000FF2BFD99FF2BFD99FF000000FF000000FF000000FF000000FF000000FF000000FF000000FF000000FF000000FF000000FF000000FF000000FF000000FF000000FF000000FF000000FF000000FF000000FF000000FF000000FF000000FF000000FF000000FF000000FF000000FF000000FF000000FF000000FF000000FF000000FF000000FF000000FF000000FF000000FF000000FF000000FF000000FF000000FF000000FF000000FF000000FF000000FF000000FF000000FF000000FF000000FF000000FF000000FF000000FF000000FF000000FF000000FF000000FF000000FF000000FF000000FF000000FF000000FF000000FF000000FF000000FF000000FF000000FF000000FF000000FF000000FF000000FF000000FF000000FF000000FF000000FF000000FF000000FF000000FF000000FF000000FF000000FF000000FF000000FF000000FF000000FF000000FF000000FF000000FF000000FF000000FF000000FF000000FF000000FF000000FF000000FF000000FF000000FF000000FF000000FF000000FF000000FF000000FF000000FF000000FF000000FF000000FF000000FF000000FF000000FF000000FF000000FF000000FF000000FF000000FF000000FF000000FF000000FF000000FF000000FF000000FF000000FF000000FF000000FF000000FF000000FF000000FF000000FF000000FF000000FF000000FF000000FF000000FF000000FF000000FF000000FF000000FF000000FF000000FF000000FF000000FF000000FF000000FF000000FF000000FF000000FF000000FF000000FF000000FF000000FF000000FF000000FF000000FF2BFD99FF2BFD99FF000000FF000000FF000000FF000000FF000000FF000000FF000000FF000000FF000000FF000000FF000000FF000000FF000000FF000000FF000000FF000000FF000000FF000000FF000000FF000000FF000000FF000000FF2BFD99FF2BFD99FF000000FF000000FF000000FF000000FF000000FF000000FF2BFD99FF2BFD99FF000000FF000000FF000000FF000000FF000000FF000000FF000000FF000000FF000000FF000000FF000000FF000000FF000000FF000000FF000000FF000000FF000000FF000000FF000000FF000000FF000000FF000000FF000000FF000000FF000000FF000000FF000000FF000000FF000000FF000000FF000000FF000000FF000000FF000000FF000000FF000000FF000000FF000000FF000000FF000000FF000000FF000000FF000000FF000000FF000000FF000000FF000000FF000000FF000000FF000000FF000000FF000000FF000000FF000000FF000000FF000000FF000000FF000000FF000000FF000000FF000000FF000000FF000000FF000000FF000000FF000000FF000000FF000000FF000000FF000000FF000000FF000000FF000000FF000000FF000000FF000000FF000000FF000000FF000000FF000000FF000000FF000000FF000000FF000000FF000000FF000000FF000000FF000000FF000000FF000000FF000000FF000000FF000000FF000000FF000000FF000000FF000000FF000000FF000000FF000000FF000000FF000000FF000000FF000000FF000000FF000000FF2BFD99FF2BFD99FF000000FF000000FF000000FF000000FF000000FF000000FF000000FF000000FF2BFD99FF2BFD99FF000000FF000000FF000000FF000000FF000000FF000000FF2BFD99FF2BFD99FF000000FF000000FF000000FF000000FF2BFD99FF2BFD99FF000000FF000000FF000000FF000000FF000000FF000000FF2BFD99FF2BFD99FF000000FF000000FF000000FF000000FF2BFD99FF2BFD99FF000000FF000000FF000000FF000000FF000000FF000000FF000000FF000000FF000000FF000000FF000000FF000000FF2BFD99FF2BFD99FF000000FF000000FF000000FF000000FF000000FF000000FF2BFD99FF2BFD99FF000000FF000000FF000000FF000000FF000000FF000000FF000000FF000000FF2BFD99FF2BFD99FF000000FF000000FF000000FF000000FF000000FF000000FF000000FF000000FF000000FF000000FF000000FF000000FF000000FF000000FF000000FF000000FF000000FF000000FF000000FF000000FF000000FF000000FF2BFD99FF2BFD99FF000000FF000000FF000000FF000000FF000000FF000000FF2BFD99FF2BFD99FF000000FF000000FF000000FF000000FF2BFD99FF2BFD99FF000000FF000000FF000000FF000000FF000000FF000000FF000000FF000000FF000000FF000000FF000000FF000000FF2BFD99FF2BFD99FF000000FF000000FF000000FF000000FF000000FF000000FF000000FF000000FF000000FF000000FF000000FF000000FF2BFD99FF2BFD99FF000000FF000000FF000000FF000000FF000000FF000000FF2BFD99FF2BFD99FF000000FF000000FF000000FF000000FF2BFD99FF2BFD99FF000000FF000000FF000000FF000000FF000000FF000000FF2BFD99FF2BFD99FF000000FF000000FF000000FF000000FF2BFD99FF2BFD99FF000000FF000000FF000000FF000000FF000000FF000000FF000000FF000000FF000000FF000000FF000000FF000000FF000000FF000000FF000000FF000000FF000000FF000000FF000000FF000000FF000000FF000000FF000000FF000000FF000000FF000000FF2BFD99FF2BFD99FF000000FF000000FF000000FF000000FF000000FF000000FF000000FF000000FF000000FF000000FF000000FF000000FF000000FF000000FF000000FF000000FF2BFD99FF2BFD99FF000000FF000000FF000000FF000000FF000000FF000000FF000000FF000000FF2BFD99FF2BFD99FF000000FF000000FF000000FF000000FF000000FF000000FF2BFD99FF2BFD99FF000000FF000000FF000000FF000000FF2BFD99FF2BFD99FF000000FF000000FF000000FF000000FF000000FF000000FF000000FF000000FF000000FF000000FF000000FF000000FF000000FF000000FF000000FF000000FF000000FF000000FF000000FF000000FF000000FF000000FF000000FF000000FF000000FF000000FF2BFD99FF2BFD99FF000000FF000000FF000000FF000000FF000000FF000000FF2BFD99FF2BFD99FF000000FF000000FF000000FF000000FF000000FF000000FF000000FF000000FF000000FF000000FF000000FF000000FF000000FF000000FF000000FF000000FF000000FF000000FF000000FF000000FF000000FF000000FF000000FF000000FF000000FF000000FF000000FF000000FF000000FF000000FF000000FF000000FF000000FF000000FF000000FF000000FF000000FF000000FF000000FF000000FF000000FF000000FF000000FF000000FF000000FF000000FF000000FF000000FF000000FF000000FF000000FF000000FF000000FF000000FF000000FF000000FF000000FF000000FF000000FF000000FF000000FF000000FF000000FF000000FF000000FF000000FF000000FF000000FF000000FF000000FF000000FF000000FF000000FF000000FF000000FF000000FF000000FF000000FF000000FF000000FF000000FF000000FF000000FF000000FF000000FF000000FF000000FF000000FF000000FF000000FF000000FF000000FF000000FF000000FF000000FF000000FF000000FF000000FF000000FF000000FF000000FF000000FF000000FF000000FF000000FF000000FF000000FF000000FF000000FF000000FF000000FF000000FF000000FF000000FF000000FF000000FF000000FF000000FF000000FF000000FF000000FF000000FF000000FF000000FF000000FF000000FF000000FF000000FF000000FF000000FF000000FF000000FF000000FF000000FF000000FF000000FF000000FF000000FF000000FF000000FF000000FF000000FF000000FF000000FF000000FF000000FF000000FF000000FF2BFD99FF2BFD99FF000000FF000000FF000000FF000000FF000000FF000000FF000000FF000000FF000000FF000000FF000000FF000000FF000000FF000000FF000000FF000000FF000000FF000000FF000000FF000000FF000000FF000000FF2BFD99FF2BFD99FF000000FF000000FF000000FF000000FF000000FF000000FF2BFD99FF2BFD99FF000000FF000000FF000000FF000000FF000000FF000000FF000000FF000000FF000000FF000000FF000000FF000000FF000000FF000000FF000000FF000000FF000000FF000000FF000000FF000000FF000000FF000000FF000000FF000000FF000000FF000000FF000000FF000000FF000000FF000000FF000000FF000000FF000000FF000000FF000000FF000000FF000000FF000000FF000000FF000000FF000000FF000000FF000000FF000000FF000000FF000000FF000000FF000000FF000000FF000000FF000000FF000000FF000000FF000000FF000000FF000000FF000000FF000000FF000000FF000000FF000000FF000000FF000000FF000000FF000000FF000000FF000000FF000000FF000000FF000000FF000000FF000000FF000000FF000000FF000000FF000000FF000000FF000000FF000000FF000000FF000000FF000000FF000000FF000000FF000000FF000000FF000000FF000000FF000000FF000000FF000000FF000000FF000000FF000000FF000000FF000000FF000000FF000000FF000000FF000000FF000000FF000000FF000000FF000000FF000000FF000000FF2BFD99FF2BFD99FF000000FF000000FF000000FF000000FF000000FF000000FF000000FF000000FF2BFD99FF2BFD99FF000000FF000000FF000000FF000000FF000000FF000000FF2BFD99FF2BFD99FF000000FF000000FF000000FF000000FF2BFD99FF2BFD99FF000000FF000000FF000000FF000000FF000000FF000000FF2BFD99FF2BFD99FF000000FF000000FF000000FF000000FF2BFD99FF2BFD99FF000000FF000000FF000000FF000000FF000000FF000000FF000000FF000000FF000000FF000000FF000000FF000000FF2BFD99FF2BFD99FF000000FF000000FF000000FF000000FF000000FF000000FF2BFD99FF2BFD99FF000000FF000000FF000000FF000000FF000000FF000000FF000000FF000000FF2BFD99FF2BFD99FF000000FF000000FF000000FF000000FF000000FF000000FF000000FF000000FF000000FF000000FF000000FF000000FF000000FF000000FF000000FF000000FF000000FF000000FF000000FF000000FF000000FF000000FF2BFD99FF2BFD99FF000000FF000000FF000000FF000000FF000000FF000000FF2BFD99FF2BFD99FF000000FF000000FF000000FF000000FF2BFD99FF2BFD99FF000000FF000000FF000000FF000000FF000000FF000000FF000000FF000000FF000000FF000000FF000000FF000000FF2BFD99FF2BFD99FF000000FF000000FF000000FF000000FF000000FF000000FF000000FF000000FF000000FF000000FF000000FF000000FF2BFD99FF2BFD99FF000000FF000000FF000000FF000000FF000000FF000000FF2BFD99FF2BFD99FF000000FF000000FF000000FF000000FF2BFD99FF2BFD99FF000000FF000000FF000000FF000000FF000000FF000000FF2BFD99FF2BFD99FF000000FF000000FF000000FF000000FF2BFD99FF2BFD99FF000000FF000000FF000000FF000000FF000000FF000000FF000000FF000000FF000000FF000000FF000000FF000000FF000000FF000000FF000000FF000000FF000000FF000000FF000000FF000000FF000000FF000000FF000000FF000000FF000000FF000000FF2BFD99FF2BFD99FF000000FF000000FF000000FF000000FF000000FF000000FF000000FF000000FF000000FF000000FF000000FF000000FF000000FF000000FF000000FF000000FF2BFD99FF2BFD99FF000000FF000000FF000000FF000000FF000000FF000000FF000000FF000000FF2BFD99FF2BFD99FF000000FF000000FF000000FF000000FF000000FF000000FF2BFD99FF2BFD99FF000000FF000000FF000000FF000000FF2BFD99FF2BFD99FF000000FF000000FF000000FF000000FF000000FF000000FF000000FF000000FF000000FF000000FF000000FF000000FF000000FF000000FF000000FF000000FF000000FF000000FF000000FF000000FF000000FF000000FF000000FF000000FF000000FF000000FF2BFD99FF2BFD99FF000000FF000000FF000000FF000000FF000000FF000000FF2BFD99FF2BFD99FF000000FF000000FF000000FF000000FF000000FF000000FF000000FF000000FF000000FF000000FF000000FF000000FF000000FF000000FF000000FF000000FF000000FF000000FF000000FF000000FF000000FF000000FF000000FF000000FF000000FF000000FF000000FF000000FF000000FF000000FF000000FF000000FF000000FF000000FF000000FF000000FF000000FF000000FF000000FF000000FF000000FF000000FF000000FF000000FF000000FF000000FF000000FF000000FF000000FF000000FF000000FF000000FF000000FF000000FF000000FF000000FF000000FF000000FF000000FF000000FF000000FF000000FF000000FF000000FF000000FF000000FF000000FF000000FF000000FF000000FF000000FF000000FF000000FF000000FF000000FF000000FF000000FF000000FF000000FF000000FF000000FF000000FF000000FF000000FF000000FF000000FF000000FF000000FF000000FF000000FF000000FF000000FF000000FF000000FF000000FF000000FF000000FF000000FF000000FF000000FF000000FF000000FF000000FF000000FF000000FF000000FF000000FF000000FF000000FF000000FF000000FF000000FF000000FF000000FF000000FF000000FF000000FF000000FF000000FF000000FF000000FF000000FF000000FF000000FF000000FF000000FF000000FF000000FF000000FF000000FF000000FF000000FF000000FF000000FF000000FF000000FF000000FF000000FF000000FF000000FF000000FF000000FF000000FF000000FF000000FF000000FF000000FF000000FF2BFD99FF2BFD99FF000000FF000000FF000000FF000000FF000000FF000000FF000000FF000000FF000000FF000000FF000000FF000000FF000000FF000000FF000000FF000000FF000000FF000000FF000000FF000000FF000000FF000000FF2BFD99FF2BFD99FF2BFD99FF2BFD99FF000000FF000000FF000000FF000000FF2BFD99FF2BFD99FF000000FF000000FF000000FF000000FF000000FF000000FF000000FF000000FF000000FF000000FF000000FF000000FF000000FF000000FF000000FF000000FF000000FF000000FF000000FF000000FF000000FF000000FF000000FF000000FF000000FF000000FF000000FF000000FF000000FF000000FF000000FF000000FF000000FF000000FF000000FF000000FF000000FF000000FF000000FF000000FF000000FF000000FF000000FF000000FF000000FF000000FF000000FF000000FF000000FF000000FF000000FF000000FF000000FF000000FF000000FF000000FF000000FF000000FF000000FF000000FF000000FF000000FF000000FF000000FF000000FF000000FF000000FF000000FF000000FF000000FF000000FF000000FF000000FF000000FF000000FF000000FF000000FF000000FF2BFD99FF2BFD99FF000000FF000000FF000000FF000000FF000000FF000000FF000000FF000000FF000000FF000000FF000000FF000000FF000000FF000000FF000000FF000000FF000000FF000000FF000000FF000000FF000000FF000000FF000000FF000000FF000000FF000000FF2BFD99FF2BFD99FF000000FF000000FF000000FF000000FF000000FF000000FF000000FF000000FF2BFD99FF2BFD99FF2BFD99FF2BFD99FF000000FF000000FF000000FF000000FF2BFD99FF2BFD99FF000000FF000000FF000000FF000000FF2BFD99FF2BFD99FF000000FF000000FF000000FF000000FF000000FF000000FF000000FF000000FF000000FF000000FF000000FF000000FF2BFD99FF2BFD99FF000000FF000000FF000000FF000000FF000000FF000000FF000000FF000000FF000000FF000000FF000000FF000000FF2BFD99FF2BFD99FF000000FF000000FF000000FF000000FF000000FF000000FF2BFD99FF2BFD99FF000000FF000000FF000000FF000000FF000000FF000000FF000000FF000000FF2BFD99FF2BFD99FF000000FF000000FF000000FF000000FF000000FF000000FF000000FF000000FF000000FF000000FF000000FF000000FF000000FF000000FF000000FF000000FF000000FF000000FF000000FF000000FF000000FF000000FF2BFD99FF2BFD99FF000000FF000000FF000000FF000000FF000000FF000000FF2BFD99FF2BFD99FF000000FF000000FF000000FF000000FF2BFD99FF2BFD99FF000000FF000000FF000000FF000000FF000000FF000000FF000000FF000000FF000000FF000000FF000000FF000000FF2BFD99FF2BFD99FF000000FF000000FF000000FF000000FF000000FF000000FF000000FF000000FF000000FF000000FF000000FF000000FF2BFD99FF2BFD99FF000000FF000000FF000000FF000000FF000000FF000000FF2BFD99FF2BFD99FF000000FF000000FF000000FF000000FF2BFD99FF2BFD99FF000000FF000000FF000000FF000000FF000000FF000000FF2BFD99FF2BFD99FF000000FF000000FF000000FF000000FF2BFD99FF2BFD99FF000000FF000000FF000000FF000000FF000000FF000000FF000000FF000000FF000000FF000000FF000000FF000000FF000000FF000000FF000000FF000000FF000000FF000000FF000000FF000000FF000000FF000000FF000000FF000000FF000000FF000000FF2BFD99FF2BFD99FF000000FF000000FF000000FF000000FF000000FF000000FF000000FF000000FF000000FF000000FF000000FF000000FF000000FF000000FF000000FF000000FF2BFD99FF2BFD99FF000000FF000000FF000000FF000000FF000000FF000000FF000000FF000000FF2BFD99FF2BFD99FF2BFD99FF2BFD99FF000000FF000000FF000000FF000000FF2BFD99FF2BFD99FF000000FF000000FF000000FF000000FF2BFD99FF2BFD99FF000000FF000000FF000000FF000000FF000000FF000000FF000000FF000000FF000000FF000000FF000000FF000000FF000000FF000000FF000000FF000000FF000000FF000000FF000000FF000000FF000000FF000000FF000000FF000000FF000000FF000000FF2BFD99FF2BFD99FF2BFD99FF2BFD99FF000000FF000000FF000000FF000000FF2BFD99FF2BFD99FF000000FF000000FF000000FF000000FF000000FF000000FF000000FF000000FF000000FF000000FF000000FF000000FF000000FF000000FF000000FF000000FF000000FF000000FF000000FF000000FF000000FF000000FF000000FF000000FF000000FF000000FF000000FF000000FF000000FF000000FF000000FF000000FF000000FF000000FF000000FF000000FF000000FF000000FF000000FF000000FF000000FF000000FF000000FF000000FF000000FF000000FF000000FF000000FF000000FF000000FF000000FF000000FF000000FF000000FF000000FF000000FF000000FF000000FF000000FF000000FF000000FF000000FF000000FF000000FF000000FF000000FF000000FF000000FF000000FF000000FF000000FF000000FF000000FF000000FF000000FF000000FF000000FF000000FF000000FF000000FF000000FF000000FF000000FF000000FF000000FF000000FF000000FF000000FF000000FF000000FF000000FF000000FF000000FF000000FF000000FF000000FF000000FF000000FF000000FF000000FF000000FF000000FF000000FF000000FF000000FF000000FF000000FF000000FF000000FF000000FF000000FF000000FF000000FF000000FF000000FF000000FF000000FF000000FF000000FF000000FF000000FF000000FF000000FF000000FF000000FF000000FF000000FF000000FF000000FF000000FF000000FF000000FF000000FF000000FF000000FF000000FF000000FF000000FF000000FF000000FF000000FF000000FF000000FF000000FF000000FF000000FF000000FF000000FF2BFD99FF2BFD99FF000000FF000000FF000000FF000000FF000000FF000000FF000000FF000000FF000000FF000000FF000000FF000000FF000000FF000000FF000000FF000000FF000000FF000000FF000000FF000000FF000000FF000000FF2BFD99FF2BFD99FF2BFD99FF2BFD99FF000000FF000000FF000000FF000000FF2BFD99FF2BFD99FF000000FF000000FF000000FF000000FF000000FF000000FF000000FF000000FF000000FF000000FF000000FF000000FF000000FF000000FF000000FF000000FF000000FF000000FF000000FF000000FF000000FF000000FF000000FF000000FF000000FF000000FF000000FF000000FF000000FF000000FF000000FF000000FF000000FF000000FF000000FF000000FF000000FF000000FF000000FF000000FF000000FF000000FF000000FF000000FF000000FF000000FF000000FF000000FF000000FF000000FF000000FF000000FF000000FF000000FF000000FF000000FF000000FF000000FF000000FF000000FF000000FF000000FF000000FF000000FF000000FF000000FF000000FF000000FF000000FF000000FF000000FF000000FF000000FF000000FF000000FF000000FF000000FF000000FF2BFD99FF2BFD99FF000000FF000000FF000000FF000000FF000000FF000000FF000000FF000000FF000000FF000000FF000000FF000000FF000000FF000000FF000000FF000000FF000000FF000000FF000000FF000000FF000000FF000000FF000000FF000000FF000000FF000000FF2BFD99FF2BFD99FF000000FF000000FF000000FF000000FF000000FF000000FF000000FF000000FF2BFD99FF2BFD99FF2BFD99FF2BFD99FF000000FF000000FF000000FF000000FF2BFD99FF2BFD99FF000000FF000000FF000000FF000000FF2BFD99FF2BFD99FF000000FF000000FF000000FF000000FF000000FF000000FF000000FF000000FF000000FF000000FF000000FF000000FF2BFD99FF2BFD99FF000000FF000000FF000000FF000000FF000000FF000000FF000000FF000000FF000000FF000000FF000000FF000000FF2BFD99FF2BFD99FF000000FF000000FF000000FF000000FF000000FF000000FF2BFD99FF2BFD99FF000000FF000000FF000000FF000000FF000000FF000000FF000000FF000000FF2BFD99FF2BFD99FF000000FF000000FF000000FF000000FF000000FF000000FF000000FF000000FF000000FF000000FF000000FF000000FF000000FF000000FF000000FF000000FF000000FF000000FF000000FF000000FF000000FF000000FF2BFD99FF2BFD99FF000000FF000000FF000000FF000000FF000000FF000000FF2BFD99FF2BFD99FF000000FF000000FF000000FF000000FF2BFD99FF2BFD99FF000000FF000000FF000000FF000000FF000000FF000000FF000000FF000000FF000000FF000000FF000000FF000000FF2BFD99FF2BFD99FF000000FF000000FF000000FF000000FF000000FF000000FF000000FF000000FF000000FF000000FF000000FF000000FF2BFD99FF2BFD99FF000000FF000000FF000000FF000000FF000000FF000000FF2BFD99FF2BFD99FF000000FF000000FF000000FF000000FF2BFD99FF2BFD99FF000000FF000000FF000000FF000000FF000000FF000000FF2BFD99FF2BFD99FF000000FF000000FF000000FF000000FF2BFD99FF2BFD99FF000000FF000000FF000000FF000000FF000000FF000000FF000000FF000000FF000000FF000000FF000000FF000000FF000000FF000000FF000000FF000000FF000000FF000000FF000000FF000000FF000000FF000000FF000000FF000000FF000000FF000000FF2BFD99FF2BFD99FF000000FF000000FF000000FF000000FF000000FF000000FF000000FF000000FF000000FF000000FF000000FF000000FF000000FF000000FF000000FF000000FF2BFD99FF2BFD99FF000000FF000000FF000000FF000000FF000000FF000000FF000000FF000000FF2BFD99FF2BFD99FF2BFD99FF2BFD99FF000000FF000000FF000000FF000000FF2BFD99FF2BFD99FF000000FF000000FF000000FF000000FF2BFD99FF2BFD99FF000000FF000000FF000000FF000000FF000000FF000000FF000000FF000000FF000000FF000000FF000000FF000000FF000000FF000000FF000000FF000000FF000000FF000000FF000000FF000000FF000000FF000000FF000000FF000000FF000000FF000000FF2BFD99FF2BFD99FF2BFD99FF2BFD99FF000000FF000000FF000000FF000000FF2BFD99FF2BFD99FF000000FF000000FF000000FF000000FF000000FF000000FF000000FF000000FF000000FF000000FF000000FF000000FF000000FF000000FF000000FF000000FF000000FF000000FF000000FF000000FF000000FF000000FF000000FF000000FF000000FF000000FF000000FF000000FF000000FF000000FF000000FF000000FF000000FF000000FF000000FF000000FF000000FF000000FF000000FF000000FF000000FF000000FF000000FF000000FF000000FF000000FF000000FF000000FF000000FF000000FF000000FF000000FF000000FF000000FF000000FF000000FF000000FF000000FF000000FF000000FF000000FF000000FF000000FF000000FF000000FF000000FF000000FF000000FF000000FF000000FF000000FF000000FF000000FF000000FF000000FF000000FF000000FF000000FF000000FF000000FF000000FF000000FF000000FF000000FF000000FF000000FF000000FF000000FF000000FF000000FF000000FF000000FF000000FF000000FF000000FF000000FF000000FF000000FF000000FF000000FF000000FF000000FF000000FF000000FF000000FF000000FF000000FF000000FF000000FF000000FF000000FF000000FF000000FF000000FF000000FF000000FF000000FF000000FF000000FF000000FF000000FF000000FF000000FF000000FF000000FF000000FF000000FF000000FF000000FF000000FF000000FF000000FF000000FF000000FF000000FF000000FF000000FF000000FF000000FF000000FF000000FF000000FF000000FF000000FF000000FF000000FF000000FF000000FF2BFD99FF2BFD99FF000000FF000000FF000000FF000000FF000000FF000000FF000000FF000000FF000000FF000000FF000000FF000000FF000000FF000000FF000000FF000000FF000000FF000000FF000000FF000000FF000000FF000000FF2BFD99FF2BFD99FF000000FF000000FF2BFD99FF2BFD99FF000000FF000000FF2BFD99FF2BFD99FF000000FF000000FF000000FF000000FF000000FF000000FF000000FF000000FF000000FF000000FF000000FF000000FF000000FF000000FF000000FF000000FF000000FF000000FF000000FF000000FF000000FF000000FF000000FF000000FF000000FF000000FF000000FF000000FF000000FF000000FF000000FF000000FF000000FF000000FF000000FF000000FF000000FF000000FF000000FF000000FF000000FF000000FF000000FF000000FF000000FF000000FF000000FF000000FF000000FF000000FF000000FF000000FF000000FF000000FF000000FF000000FF000000FF000000FF000000FF000000FF000000FF000000FF000000FF000000FF000000FF000000FF000000FF000000FF000000FF000000FF000000FF000000FF000000FF000000FF000000FF000000FF000000FF000000FF000000FF000000FF000000FF000000FF000000FF000000FF000000FF000000FF000000FF000000FF000000FF000000FF000000FF000000FF000000FF000000FF000000FF000000FF000000FF000000FF000000FF000000FF000000FF000000FF000000FF000000FF000000FF000000FF2BFD99FF2BFD99FF000000FF000000FF000000FF000000FF000000FF000000FF000000FF000000FF2BFD99FF2BFD99FF000000FF000000FF2BFD99FF2BFD99FF000000FF000000FF2BFD99FF2BFD99FF000000FF000000FF000000FF000000FF000000FF000000FF2BFD99FF2BFD99FF2BFD99FF2BFD99FF2BFD99FF2BFD99FF000000FF000000FF000000FF000000FF000000FF000000FF2BFD99FF2BFD99FF2BFD99FF2BFD99FF2BFD99FF2BFD99FF2BFD99FF2BFD99FF000000FF000000FF000000FF000000FF000000FF000000FF2BFD99FF2BFD99FF2BFD99FF2BFD99FF2BFD99FF2BFD99FF2BFD99FF2BFD99FF000000FF000000FF000000FF000000FF000000FF000000FF000000FF000000FF000000FF000000FF2BFD99FF2BFD99FF000000FF000000FF000000FF000000FF000000FF000000FF000000FF000000FF000000FF000000FF000000FF000000FF000000FF000000FF000000FF000000FF000000FF000000FF000000FF000000FF000000FF000000FF2BFD99FF2BFD99FF2BFD99FF2BFD99FF2BFD99FF2BFD99FF2BFD99FF2BFD99FF000000FF000000FF000000FF000000FF000000FF000000FF2BFD99FF2BFD99FF2BFD99FF2BFD99FF2BFD99FF2BFD99FF2BFD99FF2BFD99FF000000FF000000FF000000FF000000FF000000FF000000FF2BFD99FF2BFD99FF2BFD99FF2BFD99FF2BFD99FF2BFD99FF2BFD99FF2BFD99FF000000FF000000FF000000FF000000FF000000FF000000FF2BFD99FF2BFD99FF000000FF000000FF000000FF000000FF000000FF000000FF2BFD99FF2BFD99FF000000FF000000FF000000FF000000FF2BFD99FF2BFD99FF2BFD99FF2BFD99FF2BFD99FF2BFD99FF2BFD99FF2BFD99FF000000FF000000FF000000FF000000FF000000FF000000FF2BFD99FF2BFD99FF2BFD99FF2BFD99FF2BFD99FF2BFD99FF2BFD99FF2BFD99FF000000FF000000FF000000FF000000FF000000FF000000FF000000FF000000FF000000FF000000FF000000FF000000FF000000FF000000FF000000FF000000FF000000FF000000FF000000FF000000FF2BFD99FF2BFD99FF000000FF000000FF000000FF000000FF000000FF000000FF000000FF000000FF000000FF000000FF000000FF000000FF000000FF000000FF000000FF000000FF2BFD99FF2BFD99FF000000FF000000FF000000FF000000FF000000FF000000FF000000FF000000FF2BFD99FF2BFD99FF000000FF000000FF2BFD99FF2BFD99FF000000FF000000FF2BFD99FF2BFD99FF000000FF000000FF000000FF000000FF2BFD99FF2BFD99FF2BFD99FF2BFD99FF2BFD99FF2BFD99FF2BFD99FF2BFD99FF000000FF000000FF000000FF000000FF000000FF000000FF000000FF000000FF000000FF000000FF000000FF000000FF000000FF000000FF000000FF000000FF000000FF000000FF000000FF000000FF2BFD99FF2BFD99FF000000FF000000FF2BFD99FF2BFD99FF000000FF000000FF2BFD99FF2BFD99FF000000FF000000FF000000FF000000FF000000FF000000FF000000FF000000FF000000FF000000FF000000FF000000FF000000FF000000FF000000FF000000FF000000FF000000FF000000FF000000FF000000FF000000FF000000FF000000FF000000FF000000FF000000FF000000FF000000FF000000FF000000FF000000FF000000FF000000FF000000FF000000FF000000FF000000FF000000FF000000FF000000FF000000FF000000FF000000FF000000FF000000FF000000FF000000FF000000FF000000FF000000FF000000FF000000FF000000FF000000FF000000FF000000FF000000FF000000FF000000FF000000FF000000FF000000FF000000FF000000FF000000FF000000FF000000FF000000FF000000FF000000FF000000FF000000FF000000FF000000FF000000FF000000FF000000FF000000FF000000FF000000FF000000FF000000FF000000FF000000FF000000FF000000FF000000FF000000FF000000FF000000FF000000FF000000FF000000FF000000FF000000FF000000FF000000FF000000FF000000FF000000FF000000FF000000FF000000FF000000FF000000FF000000FF000000FF000000FF000000FF000000FF000000FF000000FF000000FF000000FF000000FF000000FF000000FF000000FF000000FF000000FF000000FF000000FF000000FF000000FF000000FF000000FF000000FF000000FF000000FF000000FF000000FF000000FF000000FF000000FF000000FF000000FF000000FF000000FF000000FF000000FF000000FF000000FF000000FF000000FF000000FF000000FF000000FF2BFD99FF2BFD99FF000000FF000000FF000000FF000000FF000000FF000000FF000000FF000000FF000000FF000000FF000000FF000000FF000000FF000000FF000000FF000000FF000000FF000000FF000000FF000000FF000000FF000000FF2BFD99FF2BFD99FF000000FF000000FF2BFD99FF2BFD99FF000000FF000000FF2BFD99FF2BFD99FF000000FF000000FF000000FF000000FF000000FF000000FF000000FF000000FF000000FF000000FF000000FF000000FF000000FF000000FF000000FF000000FF000000FF000000FF000000FF000000FF000000FF000000FF000000FF000000FF000000FF000000FF000000FF000000FF000000FF000000FF000000FF000000FF000000FF000000FF000000FF000000FF000000FF000000FF000000FF000000FF000000FF000000FF000000FF000000FF000000FF000000FF000000FF000000FF000000FF000000FF000000FF000000FF000000FF000000FF000000FF000000FF000000FF000000FF000000FF000000FF000000FF000000FF000000FF000000FF000000FF000000FF000000FF000000FF000000FF000000FF000000FF000000FF000000FF000000FF000000FF000000FF000000FF000000FF000000FF000000FF000000FF000000FF000000FF000000FF000000FF000000FF000000FF000000FF000000FF000000FF000000FF000000FF000000FF000000FF000000FF000000FF000000FF000000FF000000FF000000FF000000FF000000FF000000FF000000FF000000FF000000FF2BFD99FF2BFD99FF000000FF000000FF000000FF000000FF000000FF000000FF000000FF000000FF2BFD99FF2BFD99FF000000FF000000FF2BFD99FF2BFD99FF000000FF000000FF2BFD99FF2BFD99FF000000FF000000FF000000FF000000FF000000FF000000FF2BFD99FF2BFD99FF2BFD99FF2BFD99FF2BFD99FF2BFD99FF000000FF000000FF000000FF000000FF000000FF000000FF2BFD99FF2BFD99FF2BFD99FF2BFD99FF2BFD99FF2BFD99FF2BFD99FF2BFD99FF000000FF000000FF000000FF000000FF000000FF000000FF2BFD99FF2BFD99FF2BFD99FF2BFD99FF2BFD99FF2BFD99FF2BFD99FF2BFD99FF000000FF000000FF000000FF000000FF000000FF000000FF000000FF000000FF000000FF000000FF2BFD99FF2BFD99FF000000FF000000FF000000FF000000FF000000FF000000FF000000FF000000FF000000FF000000FF000000FF000000FF000000FF000000FF000000FF000000FF000000FF000000FF000000FF000000FF000000FF000000FF2BFD99FF2BFD99FF2BFD99FF2BFD99FF2BFD99FF2BFD99FF2BFD99FF2BFD99FF000000FF000000FF000000FF000000FF000000FF000000FF2BFD99FF2BFD99FF2BFD99FF2BFD99FF2BFD99FF2BFD99FF2BFD99FF2BFD99FF000000FF000000FF000000FF000000FF000000FF000000FF2BFD99FF2BFD99FF2BFD99FF2BFD99FF2BFD99FF2BFD99FF2BFD99FF2BFD99FF000000FF000000FF000000FF000000FF000000FF000000FF2BFD99FF2BFD99FF000000FF000000FF000000FF000000FF000000FF000000FF2BFD99FF2BFD99FF000000FF000000FF000000FF000000FF2BFD99FF2BFD99FF2BFD99FF2BFD99FF2BFD99FF2BFD99FF2BFD99FF2BFD99FF000000FF000000FF000000FF000000FF000000FF000000FF2BFD99FF2BFD99FF2BFD99FF2BFD99FF2BFD99FF2BFD99FF2BFD99FF2BFD99FF000000FF000000FF000000FF000000FF000000FF000000FF000000FF000000FF000000FF000000FF000000FF000000FF000000FF000000FF000000FF000000FF000000FF000000FF000000FF000000FF2BFD99FF2BFD99FF000000FF000000FF000000FF000000FF000000FF000000FF000000FF000000FF000000FF000000FF000000FF000000FF000000FF000000FF000000FF000000FF2BFD99FF2BFD99FF000000FF000000FF000000FF000000FF000000FF000000FF000000FF000000FF2BFD99FF2BFD99FF000000FF000000FF2BFD99FF2BFD99FF000000FF000000FF2BFD99FF2BFD99FF000000FF000000FF000000FF000000FF2BFD99FF2BFD99FF2BFD99FF2BFD99FF2BFD99FF2BFD99FF2BFD99FF2BFD99FF000000FF000000FF000000FF000000FF000000FF000000FF000000FF000000FF000000FF000000FF000000FF000000FF000000FF000000FF000000FF000000FF000000FF000000FF000000FF000000FF2BFD99FF2BFD99FF000000FF000000FF2BFD99FF2BFD99FF000000FF000000FF2BFD99FF2BFD99FF000000FF000000FF000000FF000000FF000000FF000000FF000000FF000000FF000000FF000000FF000000FF000000FF000000FF000000FF000000FF000000FF000000FF000000FF000000FF000000FF000000FF000000FF000000FF000000FF000000FF000000FF000000FF000000FF000000FF000000FF000000FF000000FF000000FF000000FF000000FF000000FF000000FF000000FF000000FF000000FF000000FF000000FF000000FF000000FF000000FF000000FF000000FF000000FF000000FF000000FF000000FF000000FF000000FF000000FF000000FF000000FF000000FF000000FF000000FF000000FF000000FF000000FF000000FF000000FF000000FF000000FF000000FF000000FF000000FF000000FF000000FF000000FF000000FF000000FF000000FF000000FF000000FF000000FF000000FF000000FF000000FF000000FF000000FF000000FF000000FF000000FF000000FF000000FF000000FF000000FF000000FF000000FF000000FF000000FF000000FF000000FF000000FF000000FF000000FF000000FF000000FF000000FF000000FF000000FF000000FF000000FF000000FF000000FF000000FF000000FF000000FF000000FF000000FF000000FF000000FF000000FF000000FF000000FF000000FF000000FF000000FF000000FF000000FF000000FF000000FF000000FF000000FF000000FF000000FF000000FF000000FF000000FF000000FF000000FF000000FF000000FF000000FF000000FF000000FF000000FF000000FF000000FF000000FF000000FF000000FF000000FF000000FF000000FF2BFD99FF2BFD99FF000000FF000000FF000000FF000000FF000000FF000000FF000000FF000000FF000000FF000000FF000000FF000000FF000000FF000000FF000000FF000000FF000000FF000000FF000000FF000000FF000000FF000000FF2BFD99FF2BFD99FF000000FF000000FF000000FF000000FF2BFD99FF2BFD99FF2BFD99FF2BFD99FF000000FF000000FF000000FF000000FF000000FF000000FF000000FF000000FF000000FF000000FF000000FF000000FF000000FF000000FF000000FF000000FF000000FF000000FF000000FF000000FF000000FF000000FF000000FF000000FF000000FF000000FF000000FF000000FF000000FF000000FF000000FF000000FF000000FF000000FF000000FF000000FF000000FF000000FF000000FF000000FF000000FF000000FF000000FF000000FF000000FF000000FF000000FF000000FF000000FF000000FF000000FF000000FF000000FF000000FF000000FF000000FF000000FF000000FF000000FF000000FF000000FF000000FF000000FF000000FF000000FF000000FF000000FF000000FF000000FF000000FF000000FF000000FF000000FF000000FF000000FF000000FF000000FF000000FF2BFD99FF2BFD99FF000000FF000000FF000000FF000000FF000000FF000000FF000000FF000000FF000000FF000000FF000000FF000000FF000000FF000000FF000000FF000000FF000000FF000000FF000000FF000000FF000000FF000000FF000000FF000000FF000000FF000000FF2BFD99FF2BFD99FF000000FF000000FF000000FF000000FF000000FF000000FF000000FF000000FF2BFD99FF2BFD99FF000000FF000000FF000000FF000000FF2BFD99FF2BFD99FF2BFD99FF2BFD99FF000000FF000000FF000000FF000000FF000000FF000000FF000000FF000000FF000000FF000000FF000000FF000000FF2BFD99FF2BFD99FF000000FF000000FF000000FF000000FF2BFD99FF2BFD99FF000000FF000000FF000000FF000000FF000000FF000000FF000000FF000000FF000000FF000000FF000000FF000000FF2BFD99FF2BFD99FF000000FF000000FF2BFD99FF2BFD99FF000000FF000000FF000000FF000000FF000000FF000000FF000000FF000000FF000000FF000000FF000000FF000000FF2BFD99FF2BFD99FF000000FF000000FF000000FF000000FF000000FF000000FF000000FF000000FF000000FF000000FF000000FF000000FF000000FF000000FF000000FF000000FF000000FF000000FF000000FF000000FF000000FF000000FF2BFD99FF2BFD99FF000000FF000000FF000000FF000000FF000000FF000000FF2BFD99FF2BFD99FF000000FF000000FF000000FF000000FF2BFD99FF2BFD99FF000000FF000000FF000000FF000000FF000000FF000000FF000000FF000000FF000000FF000000FF000000FF000000FF2BFD99FF2BFD99FF000000FF000000FF000000FF000000FF000000FF000000FF000000FF000000FF000000FF000000FF000000FF000000FF2BFD99FF2BFD99FF000000FF000000FF000000FF000000FF000000FF000000FF2BFD99FF2BFD99FF000000FF000000FF000000FF000000FF2BFD99FF2BFD99FF000000FF000000FF2BFD99FF2BFD99FF000000FF000000FF000000FF000000FF000000FF000000FF000000FF000000FF2BFD99FF2BFD99FF000000FF000000FF000000FF000000FF000000FF000000FF000000FF000000FF000000FF000000FF000000FF000000FF000000FF000000FF000000FF000000FF000000FF000000FF000000FF000000FF000000FF000000FF000000FF000000FF000000FF000000FF2BFD99FF2BFD99FF000000FF000000FF000000FF000000FF000000FF000000FF000000FF000000FF000000FF000000FF000000FF000000FF000000FF000000FF000000FF000000FF2BFD99FF2BFD99FF000000FF000000FF000000FF000000FF000000FF000000FF000000FF000000FF2BFD99FF2BFD99FF000000FF000000FF000000FF000000FF2BFD99FF2BFD99FF2BFD99FF2BFD99FF000000FF000000FF000000FF000000FF2BFD99FF2BFD99FF000000FF000000FF000000FF000000FF000000FF000000FF000000FF000000FF000000FF000000FF000000FF000000FF000000FF000000FF000000FF000000FF000000FF000000FF000000FF000000FF000000FF000000FF000000FF000000FF000000FF000000FF2BFD99FF2BFD99FF000000FF000000FF000000FF000000FF2BFD99FF2BFD99FF2BFD99FF2BFD99FF000000FF000000FF000000FF000000FF000000FF000000FF000000FF000000FF000000FF000000FF000000FF000000FF000000FF000000FF000000FF000000FF000000FF000000FF000000FF000000FF000000FF000000FF000000FF000000FF000000FF000000FF000000FF000000FF000000FF000000FF000000FF000000FF000000FF000000FF000000FF000000FF000000FF000000FF000000FF000000FF000000FF000000FF000000FF000000FF000000FF000000FF000000FF000000FF000000FF000000FF000000FF000000FF000000FF000000FF000000FF000000FF000000FF000000FF000000FF000000FF000000FF000000FF000000FF000000FF000000FF000000FF000000FF000000FF000000FF000000FF000000FF000000FF000000FF000000FF000000FF000000FF000000FF000000FF000000FF000000FF000000FF000000FF000000FF000000FF000000FF000000FF000000FF000000FF000000FF000000FF000000FF000000FF000000FF000000FF000000FF000000FF000000FF000000FF000000FF000000FF000000FF000000FF000000FF000000FF000000FF000000FF000000FF000000FF000000FF000000FF000000FF000000FF000000FF000000FF000000FF000000FF000000FF000000FF000000FF000000FF000000FF000000FF000000FF000000FF000000FF000000FF000000FF000000FF000000FF000000FF000000FF000000FF000000FF000000FF000000FF000000FF000000FF000000FF000000FF000000FF000000FF000000FF000000FF000000FF000000FF000000FF000000FF000000FF2BFD99FF2BFD99FF000000FF000000FF000000FF000000FF000000FF000000FF000000FF000000FF000000FF000000FF000000FF000000FF000000FF000000FF000000FF000000FF000000FF000000FF000000FF000000FF000000FF000000FF2BFD99FF2BFD99FF000000FF000000FF000000FF000000FF2BFD99FF2BFD99FF2BFD99FF2BFD99FF000000FF000000FF000000FF000000FF000000FF000000FF000000FF000000FF000000FF000000FF000000FF000000FF000000FF000000FF000000FF000000FF000000FF000000FF000000FF000000FF000000FF000000FF000000FF000000FF000000FF000000FF000000FF000000FF000000FF000000FF000000FF000000FF000000FF000000FF000000FF000000FF000000FF000000FF000000FF000000FF000000FF000000FF000000FF000000FF000000FF000000FF000000FF000000FF000000FF000000FF000000FF000000FF000000FF000000FF000000FF000000FF000000FF000000FF000000FF000000FF000000FF000000FF000000FF000000FF000000FF000000FF000000FF000000FF000000FF000000FF000000FF000000FF000000FF000000FF000000FF000000FF000000FF000000FF2BFD99FF2BFD99FF000000FF000000FF000000FF000000FF000000FF000000FF000000FF000000FF000000FF000000FF000000FF000000FF000000FF000000FF000000FF000000FF000000FF000000FF000000FF000000FF000000FF000000FF000000FF000000FF000000FF000000FF2BFD99FF2BFD99FF000000FF000000FF000000FF000000FF000000FF000000FF000000FF000000FF2BFD99FF2BFD99FF000000FF000000FF000000FF000000FF2BFD99FF2BFD99FF2BFD99FF2BFD99FF000000FF000000FF000000FF000000FF000000FF000000FF000000FF000000FF000000FF000000FF000000FF000000FF2BFD99FF2BFD99FF000000FF000000FF000000FF000000FF2BFD99FF2BFD99FF000000FF000000FF000000FF000000FF000000FF000000FF000000FF000000FF000000FF000000FF000000FF000000FF2BFD99FF2BFD99FF000000FF000000FF2BFD99FF2BFD99FF000000FF000000FF000000FF000000FF000000FF000000FF000000FF000000FF000000FF000000FF000000FF000000FF2BFD99FF2BFD99FF000000FF000000FF000000FF000000FF000000FF000000FF000000FF000000FF000000FF000000FF000000FF000000FF000000FF000000FF000000FF000000FF000000FF000000FF000000FF000000FF000000FF000000FF2BFD99FF2BFD99FF000000FF000000FF000000FF000000FF000000FF000000FF2BFD99FF2BFD99FF000000FF000000FF000000FF000000FF2BFD99FF2BFD99FF000000FF000000FF000000FF000000FF000000FF000000FF000000FF000000FF000000FF000000FF000000FF000000FF2BFD99FF2BFD99FF000000FF000000FF000000FF000000FF000000FF000000FF000000FF000000FF000000FF000000FF000000FF000000FF2BFD99FF2BFD99FF000000FF000000FF000000FF000000FF000000FF000000FF2BFD99FF2BFD99FF000000FF000000FF000000FF000000FF2BFD99FF2BFD99FF000000FF000000FF2BFD99FF2BFD99FF000000FF000000FF000000FF000000FF000000FF000000FF000000FF000000FF2BFD99FF2BFD99FF000000FF000000FF000000FF000000FF000000FF000000FF000000FF000000FF000000FF000000FF000000FF000000FF000000FF000000FF000000FF000000FF000000FF000000FF000000FF000000FF000000FF000000FF000000FF000000FF000000FF000000FF2BFD99FF2BFD99FF000000FF000000FF000000FF000000FF000000FF000000FF000000FF000000FF000000FF000000FF000000FF000000FF000000FF000000FF000000FF000000FF2BFD99FF2BFD99FF000000FF000000FF000000FF000000FF000000FF000000FF000000FF000000FF2BFD99FF2BFD99FF000000FF000000FF000000FF000000FF2BFD99FF2BFD99FF2BFD99FF2BFD99FF000000FF000000FF000000FF000000FF2BFD99FF2BFD99FF000000FF000000FF000000FF000000FF000000FF000000FF000000FF000000FF000000FF000000FF000000FF000000FF000000FF000000FF000000FF000000FF000000FF000000FF000000FF000000FF000000FF000000FF000000FF000000FF000000FF000000FF2BFD99FF2BFD99FF000000FF000000FF000000FF000000FF2BFD99FF2BFD99FF2BFD99FF2BFD99FF000000FF000000FF000000FF000000FF000000FF000000FF000000FF000000FF000000FF000000FF000000FF000000FF000000FF000000FF000000FF000000FF000000FF000000FF000000FF000000FF000000FF000000FF000000FF000000FF000000FF000000FF000000FF000000FF000000FF000000FF000000FF000000FF000000FF000000FF000000FF000000FF000000FF000000FF000000FF000000FF000000FF000000FF000000FF000000FF000000FF000000FF000000FF000000FF000000FF000000FF000000FF000000FF000000FF000000FF000000FF000000FF000000FF000000FF000000FF000000FF000000FF000000FF000000FF000000FF000000FF000000FF000000FF000000FF000000FF000000FF000000FF000000FF000000FF000000FF000000FF000000FF000000FF000000FF000000FF000000FF000000FF000000FF000000FF000000FF000000FF000000FF000000FF000000FF000000FF000000FF000000FF000000FF000000FF000000FF000000FF000000FF000000FF000000FF000000FF000000FF000000FF000000FF000000FF000000FF000000FF000000FF000000FF000000FF000000FF000000FF000000FF000000FF000000FF000000FF000000FF000000FF000000FF000000FF000000FF000000FF000000FF000000FF000000FF000000FF000000FF000000FF000000FF000000FF000000FF000000FF000000FF000000FF000000FF000000FF000000FF000000FF000000FF000000FF000000FF000000FF000000FF000000FF000000FF000000FF000000FF000000FF000000FF000000FF2BFD99FF2BFD99FF000000FF000000FF000000FF000000FF000000FF000000FF000000FF000000FF000000FF000000FF000000FF000000FF000000FF000000FF000000FF000000FF000000FF000000FF000000FF000000FF000000FF000000FF2BFD99FF2BFD99FF000000FF000000FF000000FF000000FF000000FF000000FF2BFD99FF2BFD99FF000000FF000000FF000000FF000000FF000000FF000000FF000000FF000000FF000000FF000000FF000000FF000000FF000000FF000000FF000000FF000000FF000000FF000000FF000000FF000000FF000000FF000000FF000000FF000000FF000000FF000000FF000000FF000000FF000000FF000000FF000000FF000000FF000000FF000000FF000000FF000000FF000000FF000000FF000000FF000000FF000000FF000000FF000000FF000000FF000000FF000000FF000000FF000000FF000000FF000000FF000000FF000000FF000000FF000000FF000000FF000000FF000000FF000000FF000000FF000000FF000000FF000000FF000000FF000000FF000000FF000000FF000000FF000000FF000000FF000000FF000000FF000000FF000000FF000000FF000000FF000000FF000000FF000000FF000000FF000000FF000000FF000000FF000000FF000000FF000000FF000000FF000000FF000000FF000000FF000000FF000000FF000000FF000000FF000000FF000000FF000000FF000000FF000000FF000000FF000000FF000000FF000000FF000000FF000000FF000000FF000000FF2BFD99FF2BFD99FF000000FF000000FF000000FF000000FF000000FF000000FF000000FF000000FF2BFD99FF2BFD99FF000000FF000000FF000000FF000000FF000000FF000000FF2BFD99FF2BFD99FF000000FF000000FF000000FF000000FF2BFD99FF2BFD99FF000000FF000000FF000000FF000000FF000000FF000000FF2BFD99FF2BFD99FF000000FF000000FF000000FF000000FF2BFD99FF2BFD99FF000000FF000000FF000000FF000000FF000000FF000000FF000000FF000000FF000000FF000000FF000000FF000000FF2BFD99FF2BFD99FF000000FF000000FF000000FF000000FF2BFD99FF2BFD99FF000000FF000000FF000000FF000000FF000000FF000000FF000000FF000000FF000000FF000000FF2BFD99FF2BFD99FF000000FF000000FF000000FF000000FF000000FF000000FF000000FF000000FF000000FF000000FF000000FF000000FF000000FF000000FF000000FF000000FF000000FF000000FF000000FF000000FF000000FF000000FF2BFD99FF2BFD99FF000000FF000000FF000000FF000000FF000000FF000000FF2BFD99FF2BFD99FF000000FF000000FF000000FF000000FF2BFD99FF2BFD99FF000000FF000000FF000000FF000000FF000000FF000000FF000000FF000000FF000000FF000000FF000000FF000000FF2BFD99FF2BFD99FF000000FF000000FF000000FF000000FF000000FF000000FF000000FF000000FF000000FF000000FF000000FF000000FF2BFD99FF2BFD99FF000000FF000000FF000000FF000000FF000000FF000000FF2BFD99FF2BFD99FF000000FF000000FF000000FF000000FF2BFD99FF2BFD99FF000000FF000000FF000000FF000000FF2BFD99FF2BFD99FF000000FF000000FF000000FF000000FF000000FF000000FF2BFD99FF2BFD99FF000000FF000000FF000000FF000000FF000000FF000000FF000000FF000000FF000000FF000000FF000000FF000000FF000000FF000000FF000000FF000000FF000000FF000000FF000000FF000000FF000000FF000000FF000000FF000000FF000000FF000000FF2BFD99FF2BFD99FF000000FF000000FF000000FF000000FF000000FF000000FF000000FF000000FF000000FF000000FF000000FF000000FF000000FF000000FF000000FF000000FF2BFD99FF2BFD99FF000000FF000000FF000000FF000000FF000000FF000000FF000000FF000000FF2BFD99FF2BFD99FF000000FF000000FF000000FF000000FF000000FF000000FF2BFD99FF2BFD99FF000000FF000000FF000000FF000000FF2BFD99FF2BFD99FF000000FF000000FF000000FF000000FF000000FF000000FF000000FF000000FF000000FF000000FF000000FF000000FF000000FF000000FF000000FF000000FF000000FF000000FF000000FF000000FF000000FF000000FF000000FF000000FF000000FF000000FF2BFD99FF2BFD99FF000000FF000000FF000000FF000000FF000000FF000000FF2BFD99FF2BFD99FF000000FF000000FF000000FF000000FF000000FF000000FF000000FF000000FF000000FF000000FF000000FF000000FF000000FF000000FF000000FF000000FF000000FF000000FF000000FF000000FF000000FF000000FF000000FF000000FF000000FF000000FF000000FF000000FF000000FF000000FF000000FF000000FF000000FF000000FF000000FF000000FF000000FF000000FF000000FF000000FF000000FF000000FF000000FF000000FF000000FF000000FF000000FF000000FF000000FF000000FF000000FF000000FF000000FF000000FF000000FF000000FF000000FF000000FF000000FF000000FF000000FF000000FF000000FF000000FF000000FF000000FF000000FF000000FF000000FF000000FF000000FF000000FF000000FF000000FF000000FF000000FF000000FF000000FF000000FF000000FF000000FF000000FF000000FF000000FF000000FF000000FF000000FF000000FF000000FF000000FF000000FF000000FF000000FF000000FF000000FF000000FF000000FF000000FF000000FF000000FF000000FF000000FF000000FF000000FF000000FF000000FF000000FF000000FF000000FF000000FF000000FF000000FF000000FF000000FF000000FF000000FF000000FF000000FF000000FF000000FF000000FF000000FF000000FF000000FF000000FF000000FF000000FF000000FF000000FF000000FF000000FF000000FF000000FF000000FF000000FF000000FF000000FF000000FF000000FF000000FF000000FF000000FF000000FF000000FF000000FF000000FF000000FF000000FF2BFD99FF2BFD99FF000000FF000000FF000000FF000000FF000000FF000000FF000000FF000000FF000000FF000000FF000000FF000000FF000000FF000000FF000000FF000000FF000000FF000000FF000000FF000000FF000000FF000000FF2BFD99FF2BFD99FF000000FF000000FF000000FF000000FF000000FF000000FF2BFD99FF2BFD99FF000000FF000000FF000000FF000000FF000000FF000000FF000000FF000000FF000000FF000000FF000000FF000000FF000000FF000000FF000000FF000000FF000000FF000000FF000000FF000000FF000000FF000000FF000000FF000000FF000000FF000000FF000000FF000000FF000000FF000000FF000000FF000000FF000000FF000000FF000000FF000000FF000000FF000000FF000000FF000000FF000000FF000000FF000000FF000000FF000000FF000000FF000000FF000000FF000000FF000000FF000000FF000000FF000000FF000000FF000000FF000000FF000000FF000000FF000000FF000000FF000000FF000000FF000000FF000000FF000000FF000000FF000000FF000000FF000000FF000000FF000000FF000000FF000000FF000000FF000000FF000000FF000000FF000000FF000000FF000000FF000000FF000000FF000000FF000000FF000000FF000000FF000000FF000000FF000000FF000000FF000000FF000000FF000000FF000000FF000000FF000000FF000000FF000000FF000000FF000000FF000000FF000000FF000000FF000000FF000000FF000000FF2BFD99FF2BFD99FF000000FF000000FF000000FF000000FF000000FF000000FF000000FF000000FF2BFD99FF2BFD99FF000000FF000000FF000000FF000000FF000000FF000000FF2BFD99FF2BFD99FF000000FF000000FF000000FF000000FF2BFD99FF2BFD99FF000000FF000000FF000000FF000000FF000000FF000000FF2BFD99FF2BFD99FF000000FF000000FF000000FF000000FF2BFD99FF2BFD99FF000000FF000000FF000000FF000000FF000000FF000000FF000000FF000000FF000000FF000000FF000000FF000000FF2BFD99FF2BFD99FF000000FF000000FF000000FF000000FF2BFD99FF2BFD99FF000000FF000000FF000000FF000000FF000000FF000000FF000000FF000000FF000000FF000000FF2BFD99FF2BFD99FF000000FF000000FF000000FF000000FF000000FF000000FF000000FF000000FF000000FF000000FF000000FF000000FF000000FF000000FF000000FF000000FF000000FF000000FF000000FF000000FF000000FF000000FF2BFD99FF2BFD99FF000000FF000000FF000000FF000000FF000000FF000000FF2BFD99FF2BFD99FF000000FF000000FF000000FF000000FF2BFD99FF2BFD99FF000000FF000000FF000000FF000000FF000000FF000000FF000000FF000000FF000000FF000000FF000000FF000000FF2BFD99FF2BFD99FF000000FF000000FF000000FF000000FF000000FF000000FF000000FF000000FF000000FF000000FF000000FF000000FF2BFD99FF2BFD99FF000000FF000000FF000000FF000000FF000000FF000000FF2BFD99FF2BFD99FF000000FF000000FF000000FF000000FF2BFD99FF2BFD99FF000000FF000000FF000000FF000000FF2BFD99FF2BFD99FF000000FF000000FF000000FF000000FF000000FF000000FF2BFD99FF2BFD99FF000000FF000000FF000000FF000000FF000000FF000000FF000000FF000000FF000000FF000000FF000000FF000000FF000000FF000000FF000000FF000000FF000000FF000000FF000000FF000000FF000000FF000000FF000000FF000000FF000000FF000000FF2BFD99FF2BFD99FF000000FF000000FF000000FF000000FF000000FF000000FF000000FF000000FF000000FF000000FF000000FF000000FF000000FF000000FF000000FF000000FF2BFD99FF2BFD99FF000000FF000000FF000000FF000000FF000000FF000000FF000000FF000000FF2BFD99FF2BFD99FF000000FF000000FF000000FF000000FF000000FF000000FF2BFD99FF2BFD99FF000000FF000000FF000000FF000000FF2BFD99FF2BFD99FF000000FF000000FF000000FF000000FF000000FF000000FF000000FF000000FF000000FF000000FF000000FF000000FF000000FF000000FF000000FF000000FF000000FF000000FF000000FF000000FF000000FF000000FF000000FF000000FF000000FF000000FF2BFD99FF2BFD99FF000000FF000000FF000000FF000000FF000000FF000000FF2BFD99FF2BFD99FF000000FF000000FF000000FF000000FF000000FF000000FF000000FF000000FF000000FF000000FF000000FF000000FF000000FF000000FF000000FF000000FF000000FF000000FF000000FF000000FF000000FF000000FF000000FF000000FF000000FF000000FF000000FF000000FF000000FF000000FF000000FF000000FF000000FF000000FF000000FF000000FF000000FF000000FF000000FF000000FF000000FF000000FF000000FF000000FF000000FF000000FF000000FF000000FF000000FF000000FF000000FF000000FF000000FF000000FF000000FF000000FF000000FF000000FF000000FF000000FF000000FF000000FF000000FF000000FF000000FF000000FF000000FF000000FF000000FF000000FF000000FF000000FF000000FF000000FF000000FF000000FF000000FF000000FF000000FF000000FF000000FF000000FF000000FF000000FF000000FF000000FF000000FF000000FF000000FF000000FF000000FF000000FF000000FF000000FF000000FF000000FF000000FF000000FF000000FF000000FF000000FF000000FF000000FF000000FF000000FF000000FF000000FF000000FF000000FF000000FF000000FF000000FF000000FF000000FF000000FF000000FF000000FF000000FF000000FF000000FF000000FF000000FF000000FF000000FF000000FF000000FF000000FF000000FF000000FF000000FF000000FF000000FF000000FF000000FF000000FF000000FF000000FF000000FF000000FF000000FF000000FF000000FF000000FF000000FF000000FF000000FF2BFD99FF2BFD99FF2BFD99FF2BFD99FF2BFD99FF2BFD99FF000000FF000000FF000000FF000000FF000000FF000000FF000000FF000000FF000000FF000000FF000000FF000000FF000000FF000000FF000000FF000000FF000000FF000000FF000000FF000000FF2BFD99FF2BFD99FF000000FF000000FF000000FF000000FF000000FF000000FF2BFD99FF2BFD99FF000000FF000000FF000000FF000000FF000000FF000000FF000000FF000000FF000000FF000000FF000000FF000000FF000000FF000000FF000000FF000000FF000000FF000000FF000000FF000000FF000000FF000000FF000000FF000000FF000000FF000000FF000000FF000000FF000000FF000000FF000000FF000000FF000000FF000000FF000000FF000000FF000000FF000000FF000000FF000000FF000000FF000000FF000000FF000000FF000000FF000000FF000000FF000000FF000000FF000000FF000000FF000000FF000000FF000000FF000000FF000000FF000000FF000000FF000000FF000000FF000000FF000000FF000000FF000000FF000000FF000000FF000000FF000000FF000000FF000000FF000000FF000000FF000000FF000000FF000000FF000000FF000000FF000000FF000000FF000000FF000000FF000000FF000000FF000000FF000000FF000000FF000000FF000000FF000000FF000000FF000000FF000000FF000000FF000000FF000000FF000000FF000000FF000000FF000000FF000000FF000000FF000000FF000000FF000000FF2BFD99FF2BFD99FF2BFD99FF2BFD99FF2BFD99FF2BFD99FF000000FF000000FF000000FF000000FF000000FF000000FF2BFD99FF2BFD99FF000000FF000000FF000000FF000000FF000000FF000000FF2BFD99FF2BFD99FF000000FF000000FF000000FF000000FF000000FF000000FF2BFD99FF2BFD99FF2BFD99FF2BFD99FF2BFD99FF2BFD99FF000000FF000000FF000000FF000000FF000000FF000000FF2BFD99FF2BFD99FF2BFD99FF2BFD99FF2BFD99FF2BFD99FF2BFD99FF2BFD99FF2BFD99FF2BFD99FF000000FF000000FF000000FF000000FF2BFD99FF2BFD99FF000000FF000000FF000000FF000000FF000000FF000000FF2BFD99FF2BFD99FF000000FF000000FF000000FF000000FF000000FF000000FF000000FF000000FF2BFD99FF2BFD99FF000000FF000000FF000000FF000000FF000000FF000000FF000000FF000000FF000000FF000000FF000000FF000000FF000000FF000000FF000000FF000000FF000000FF000000FF000000FF000000FF000000FF000000FF2BFD99FF2BFD99FF2BFD99FF2BFD99FF2BFD99FF2BFD99FF2BFD99FF2BFD99FF000000FF000000FF000000FF000000FF000000FF000000FF2BFD99FF2BFD99FF2BFD99FF2BFD99FF2BFD99FF2BFD99FF2BFD99FF2BFD99FF2BFD99FF2BFD99FF000000FF000000FF000000FF000000FF2BFD99FF2BFD99FF000000FF000000FF000000FF000000FF000000FF000000FF000000FF000000FF000000FF000000FF000000FF000000FF000000FF000000FF2BFD99FF2BFD99FF2BFD99FF2BFD99FF2BFD99FF2BFD99FF000000FF000000FF000000FF000000FF000000FF000000FF2BFD99FF2BFD99FF000000FF000000FF000000FF000000FF000000FF000000FF2BFD99FF2BFD99FF000000FF000000FF000000FF000000FF2BFD99FF2BFD99FF2BFD99FF2BFD99FF2BFD99FF2BFD99FF2BFD99FF2BFD99FF2BFD99FF2BFD99FF000000FF000000FF000000FF000000FF000000FF000000FF000000FF000000FF000000FF000000FF000000FF000000FF000000FF000000FF000000FF000000FF000000FF000000FF2BFD99FF2BFD99FF2BFD99FF2BFD99FF2BFD99FF2BFD99FF2BFD99FF2BFD99FF2BFD99FF2BFD99FF000000FF000000FF000000FF000000FF000000FF000000FF2BFD99FF2BFD99FF2BFD99FF2BFD99FF2BFD99FF2BFD99FF000000FF000000FF000000FF000000FF000000FF000000FF2BFD99FF2BFD99FF000000FF000000FF000000FF000000FF000000FF000000FF2BFD99FF2BFD99FF000000FF000000FF000000FF000000FF2BFD99FF2BFD99FF2BFD99FF2BFD99FF2BFD99FF2BFD99FF2BFD99FF2BFD99FF2BFD99FF2BFD99FF000000FF000000FF000000FF000000FF000000FF000000FF000000FF000000FF000000FF000000FF000000FF000000FF000000FF000000FF000000FF000000FF000000FF000000FF2BFD99FF2BFD99FF000000FF000000FF000000FF000000FF000000FF000000FF2BFD99FF2BFD99FF000000FF000000FF000000FF000000FF000000FF000000FF000000FF000000FF000000FF000000FF000000FF000000FF000000FF000000FF000000FF000000FF000000FF000000FF000000FF000000FF000000FF000000FF000000FF000000FF000000FF000000FF000000FF000000FF000000FF000000FF000000FF000000FF000000FF000000FF000000FF000000FF000000FF000000FF000000FF000000FF000000FF000000FF000000FF000000FF000000FF000000FF000000FF000000FF000000FF000000FF000000FF000000FF000000FF000000FF000000FF000000FF000000FF000000FF000000FF000000FF000000FF000000FF000000FF000000FF000000FF000000FF000000FF000000FF000000FF000000FF000000FF000000FF000000FF000000FF000000FF000000FF000000FF000000FF000000FF000000FF000000FF000000FF000000FF000000FF000000FF000000FF000000FF000000FF000000FF000000FF000000FF000000FF000000FF000000FF000000FF000000FF000000FF000000FF000000FF000000FF000000FF000000FF000000FF000000FF000000FF000000FF000000FF000000FF000000FF000000FF000000FF000000FF000000FF000000FF000000FF000000FF000000FF000000FF000000FF000000FF000000FF000000FF000000FF000000FF000000FF000000FF000000FF000000FF000000FF000000FF000000FF000000FF000000FF000000FF000000FF000000FF000000FF000000FF000000FF000000FF000000FF000000FF000000FF000000FF000000FF000000FF2BFD99FF2BFD99FF2BFD99FF2BFD99FF2BFD99FF2BFD99FF000000FF000000FF000000FF000000FF000000FF000000FF000000FF000000FF000000FF000000FF000000FF000000FF000000FF000000FF000000FF000000FF000000FF000000FF000000FF000000FF2BFD99FF2BFD99FF000000FF000000FF000000FF000000FF000000FF000000FF2BFD99FF2BFD99FF000000FF000000FF000000FF000000FF000000FF000000FF000000FF000000FF000000FF000000FF000000FF000000FF000000FF000000FF000000FF000000FF000000FF000000FF000000FF000000FF000000FF000000FF000000FF000000FF000000FF000000FF000000FF000000FF000000FF000000FF000000FF000000FF000000FF000000FF000000FF000000FF000000FF000000FF000000FF000000FF000000FF000000FF000000FF000000FF000000FF000000FF000000FF000000FF000000FF000000FF000000FF000000FF000000FF000000FF000000FF000000FF000000FF000000FF000000FF000000FF000000FF000000FF000000FF000000FF000000FF000000FF000000FF000000FF000000FF000000FF000000FF000000FF000000FF000000FF000000FF000000FF000000FF000000FF000000FF000000FF000000FF000000FF000000FF000000FF000000FF000000FF000000FF000000FF000000FF000000FF000000FF000000FF000000FF000000FF000000FF000000FF000000FF000000FF000000FF000000FF000000FF000000FF000000FF000000FF2BFD99FF2BFD99FF2BFD99FF2BFD99FF2BFD99FF2BFD99FF000000FF000000FF000000FF000000FF000000FF000000FF2BFD99FF2BFD99FF000000FF000000FF000000FF000000FF000000FF000000FF2BFD99FF2BFD99FF000000FF000000FF000000FF000000FF000000FF000000FF2BFD99FF2BFD99FF2BFD99FF2BFD99FF2BFD99FF2BFD99FF000000FF000000FF000000FF000000FF000000FF000000FF2BFD99FF2BFD99FF2BFD99FF2BFD99FF2BFD99FF2BFD99FF2BFD99FF2BFD99FF2BFD99FF2BFD99FF000000FF000000FF000000FF000000FF2BFD99FF2BFD99FF000000FF000000FF000000FF000000FF000000FF000000FF2BFD99FF2BFD99FF000000FF000000FF000000FF000000FF000000FF000000FF000000FF000000FF2BFD99FF2BFD99FF000000FF000000FF000000FF000000FF000000FF000000FF000000FF000000FF000000FF000000FF000000FF000000FF000000FF000000FF000000FF000000FF000000FF000000FF000000FF000000FF000000FF000000FF2BFD99FF2BFD99FF2BFD99FF2BFD99FF2BFD99FF2BFD99FF2BFD99FF2BFD99FF000000FF000000FF000000FF000000FF000000FF000000FF2BFD99FF2BFD99FF2BFD99FF2BFD99FF2BFD99FF2BFD99FF2BFD99FF2BFD99FF2BFD99FF2BFD99FF000000FF000000FF000000FF000000FF2BFD99FF2BFD99FF000000FF000000FF000000FF000000FF000000FF000000FF000000FF000000FF000000FF000000FF000000FF000000FF000000FF000000FF2BFD99FF2BFD99FF2BFD99FF2BFD99FF2BFD99FF2BFD99FF000000FF000000FF000000FF000000FF000000FF000000FF2BFD99FF2BFD99FF000000FF000000FF000000FF000000FF000000FF000000FF2BFD99FF2BFD99FF000000FF000000FF000000FF000000FF2BFD99FF2BFD99FF2BFD99FF2BFD99FF2BFD99FF2BFD99FF2BFD99FF2BFD99FF2BFD99FF2BFD99FF000000FF000000FF000000FF000000FF000000FF000000FF000000FF000000FF000000FF000000FF000000FF000000FF000000FF000000FF000000FF000000FF000000FF000000FF2BFD99FF2BFD99FF2BFD99FF2BFD99FF2BFD99FF2BFD99FF2BFD99FF2BFD99FF2BFD99FF2BFD99FF000000FF000000FF000000FF000000FF000000FF000000FF2BFD99FF2BFD99FF2BFD99FF2BFD99FF2BFD99FF2BFD99FF000000FF000000FF000000FF000000FF000000FF000000FF2BFD99FF2BFD99FF000000FF000000FF000000FF000000FF000000FF000000FF2BFD99FF2BFD99FF000000FF000000FF000000FF000000FF2BFD99FF2BFD99FF2BFD99FF2BFD99FF2BFD99FF2BFD99FF2BFD99FF2BFD99FF2BFD99FF2BFD99FF000000FF000000FF000000FF000000FF000000FF000000FF000000FF000000FF000000FF000000FF000000FF000000FF000000FF000000FF000000FF000000FF000000FF000000FF2BFD99FF2BFD99FF000000FF000000FF000000FF000000FF000000FF000000FF2BFD99FF2BFD99FF000000FF000000FF000000FF000000FF000000FF000000FF000000FF000000FF000000FF000000FF000000FF000000FF000000FF000000FF000000FF000000FF000000FF000000FF000000FF000000FF000000FF000000FF000000FF000000FF000000FF000000FF000000FF000000FF000000FF000000FF000000FF000000FF000000FF000000FF000000FF000000FF000000FF000000FF000000FF000000FF000000FF000000FF000000FF000000FF000000FF000000FF000000FF000000FF000000FF000000FF000000FF000000FF000000FF000000FF000000FF000000FF000000FF000000FF000000FF000000FF000000FF000000FF000000FF000000FF000000FF000000FF000000FF000000FF000000FF000000FF000000FF000000FF000000FF000000FF000000FF000000FF000000FF000000FF000000FF000000FF000000FF000000FF000000FF000000FF000000FF000000FF000000FF000000FF000000FF000000FF000000FF000000FF000000FF000000FF000000FF000000FF000000FF000000FF000000FF000000FF000000FF000000FF000000FF000000FF000000FF000000FF000000FF000000FF000000FF000000FF000000FF000000FF000000FF000000FF000000FF000000FF000000FF000000FF000000FF000000FF000000FF000000FF000000FF000000FF000000FF000000FF000000FF000000FF000000FF000000FF000000FF000000FF000000FF000000FF000000FF000000FF000000FF000000FF000000FF000000FF000000FF000000FF000000FF000000FF000000FF000000FF000000FF000000FF000000FF000000FF000000FF000000FF000000FF000000FF000000FF000000FF000000FF000000FF000000FF000000FF000000FF000000FF000000FF000000FF000000FF000000FF000000FF000000FF000000FF000000FF000000FF000000FF000000FF000000FF000000FF000000FF000000FF000000FF000000FF000000FF000000FF000000FF000000FF000000FF000000FF000000FF000000FF000000FF000000FF000000FF000000FF000000FF000000FF000000FF000000FF000000FF000000FF000000FF000000FF000000FF000000FF000000FF000000FF000000FF000000FF000000FF000000FF000000FF000000FF000000FF000000FF000000FF000000FF000000FF000000FF000000FF000000FF000000FF000000FF000000FF000000FF000000FF000000FF000000FF000000FF000000FF000000FF000000FF000000FF000000FF000000FF000000FF000000FF000000FF000000FF000000FF000000FF000000FF000000FF000000FF000000FF000000FF000000FF000000FF000000FF000000FF000000FF000000FF000000FF000000FF000000FF000000FF000000FF000000FF000000FF000000FF000000FF000000FF000000FF000000FF000000FF000000FF000000FF000000FF000000FF000000FF000000FF000000FF000000FF000000FF000000FF000000FF000000FF000000FF000000FF000000FF000000FF000000FF000000FF000000FF000000FF000000FF000000FF000000FF000000FF000000FF000000FF000000FF000000FF000000FF000000FF000000FF000000FF000000FF000000FF000000FF000000FF000000FF000000FF000000FF000000FF000000FF000000FF000000FF000000FF000000FF000000FF000000FF000000FF000000FF000000FF000000FF000000FF000000FF000000FF000000FF000000FF000000FF000000FF000000FF000000FF000000FF000000FF000000FF000000FF000000FF000000FF000000FF000000FF000000FF000000FF000000FF000000FF000000FF000000FF000000FF000000FF000000FF000000FF000000FF000000FF000000FF000000FF000000FF000000FF000000FF000000FF000000FF000000FF000000FF000000FF000000FF000000FF000000FF000000FF000000FF000000FF000000FF000000FF000000FF000000FF000000FF000000FF000000FF000000FF000000FF000000FF000000FF000000FF000000FF000000FF000000FF000000FF000000FF000000FF000000FF000000FF000000FF000000FF000000FF000000FF000000FF000000FF000000FF000000FF000000FF000000FF000000FF000000FF000000FF000000FF000000FF000000FF000000FF000000FF000000FF000000FF000000FF000000FF000000FF000000FF000000FF000000FF000000FF000000FF000000FF000000FF000000FF000000FF000000FF000000FF000000FF000000FF000000FF000000FF000000FF000000FF000000FF000000FF000000FF000000FF000000FF000000FF000000FF000000FF000000FF000000FF000000FF000000FF000000FF000000FF000000FF000000FF000000FF000000FF000000FF000000FF000000FF000000FF000000FF000000FF000000FF000000FF000000FF000000FF000000FF000000FF000000FF000000FF000000FF000000FF000000FF000000FF000000FF000000FF000000FF000000FF000000FF000000FF000000FF000000FF000000FF000000FF000000FF000000FF000000FF000000FF000000FF000000FF000000FF000000FF000000FF000000FF000000FF000000FF000000FF000000FF000000FF000000FF000000FF000000FF000000FF000000FF000000FF000000FF000000FF000000FF000000FF000000FF000000FF000000FF000000FF000000FF000000FF000000FF000000FF000000FF000000FF000000FF000000FF000000FF000000FF000000FF000000FF000000FF000000FF000000FF000000FF000000FF000000FF000000FF000000FF000000FF000000FF000000FF000000FF000000FF000000FF000000FF000000FF000000FF000000FF000000FF000000FF000000FF000000FF000000FF000000FF000000FF000000FF000000FF000000FF000000FF000000FF000000FF000000FF000000FF000000FF000000FF000000FF000000FF000000FF000000FF000000FF000000FF000000FF000000FF000000FF000000FF000000FF000000FF000000FF000000FF000000FF000000FF000000FF000000FF000000FF000000FF000000FF000000FF000000FF000000FF000000FF000000FF000000FF000000FF000000FF000000FF000000FF000000FF000000FF000000FF000000FF000000FF000000FF000000FF000000FF000000FF000000FF000000FF000000FF000000FF000000FF000000FF000000FF000000FF000000FF000000FF000000FF000000FF000000FF000000FF000000FF000000FF000000FF000000FF000000FF000000FF000000FF000000FF000000FF000000FF000000FF000000FF000000FF000000FF000000FF000000FF000000FF000000FF000000FF000000FF000000FF000000FF000000FF000000FF000000FF000000FF000000FF000000FF000000FF000000FF000000FF000000FF000000FF000000FF000000FF000000FF000000FF000000FF000000FF000000FF000000FF000000FF000000FF000000FF000000FF000000FF000000FF000000FF000000FF000000FF000000FF000000FF000000FF000000FF000000FF000000FF000000FF000000FF000000FF000000FF000000FF000000FF000000FF000000FF000000FF000000FF000000FF000000FF000000FF000000FF000000FF000000FF000000FF000000FF000000FF000000FF000000FF000000FF000000FF000000FF000000FF000000FF000000FF000000FF000000FF000000FF000000FF000000FF000000FF000000FF000000FF000000FF000000FF000000FF000000FF000000FF000000FF000000FF000000FF000000FF000000FF000000FF000000FF000000FF000000FF000000FF000000FF000000FF000000FF000000FF000000FF000000FF000000FF000000FF000000FF000000FF000000FF000000FF000000FF000000FF000000FF000000FF000000FF000000FF000000FF000000FF000000FF000000FF000000FF000000FF000000FF000000FF000000FF000000FF000000FF000000FF000000FF000000FF000000FF000000FF000000FF000000FF000000FF000000FF000000FF000000FF000000FF000000FF000000FF000000FF000000FF000000FF000000FF000000FF000000FF000000FF000000FF000000FF000000FF000000FF000000FF000000FF000000FF000000FF000000FF000000FF000000FF000000FF000000FF000000FF000000FF000000FF000000FF000000FF000000FF000000FF000000FF000000FF000000FF000000FF000000FF000000FF000000FF000000FF000000FF000000FF000000FF000000FF000000FF000000FF000000FF000000FF000000FF000000FF000000FF000000FF000000FF000000FF000000FF000000FF000000FF000000FF000000FF000000FF000000FF000000FF000000FF000000FF000000FF000000FF000000FF000000FF000000FF000000FF000000FF000000FF000000FF000000FF000000FF000000FF000000FF000000FF000000FF000000FF000000FF000000FF000000FF000000FF000000FF000000FF000000FF000000FF000000FF000000FF000000FF000000FF000000FF000000FF000000FF000000FF000000FF000000FF000000FF000000FF000000FF000000FF000000FF000000FF000000FF000000FF000000FF000000FF000000FF000000FF000000FF000000FF000000FF000000FF000000FF000000FF000000FF000000FF000000FF000000FF000000FF000000FF000000FF000000FF000000FF000000FF000000FF000000FF000000FF000000FF000000FF000000FF000000FF000000FF000000FF000000FF000000FF000000FF000000FF000000FF000000FF000000FF000000FF000000FF000000FF000000FF000000FF000000FF000000FF000000FF000000FF000000FF000000FF000000FF000000FF000000FF000000FF000000FF000000FF000000FF000000FF000000FF000000FF000000FF000000FF000000FF000000FF000000FF000000FF000000FF000000FF000000FF000000FF000000FF000000FF000000FF000000FF000000FF000000FF000000FF000000FF000000FF000000FF000000FF000000FF000000FF000000FF000000FF000000FF000000FF000000FF000000FF000000FF000000FF000000FF000000FF000000FF000000FF000000FF000000FF000000FF000000FF000000FF000000FF000000FF000000FF000000FF000000FF000000FF000000FF000000FF000000FF000000FF000000FF000000FF000000FF000000FF000000FF000000FF000000FF000000FF000000FF000000FF000000FF000000FF000000FF000000FF000000FF000000FF000000FF000000FF000000FF000000FF000000FF000000FF000000FF000000FF000000FF000000FF000000FF000000FF000000FF000000FF000000FF000000FF000000FF000000FF000000FF000000FF000000FF000000FF000000FF000000FF000000FF000000FF000000FF000000FF000000FF000000FF000000FF000000FF000000FF000000FF000000FF000000FF000000FF000000FF000000FF000000FF000000FF000000FF000000FF000000FF000000FF000000FF000000FF000000FF000000FF000000FF000000FF000000FF000000FF000000FF000000FF000000FF000000FF000000FF000000FF000000FF000000FF000000FF000000FF000000FF000000FF000000FF000000FF000000FF000000FF000000FF000000FF000000FF000000FF000000FF000000FF000000FF000000FF000000FF000000FF000000FF000000FF000000FF000000FF000000FF000000FF000000FF000000FF000000FF000000FF000000FF000000FF000000FF000000FF000000FF000000FF000000FF000000FF000000FF000000FF000000FF000000FF000000FF000000FF000000FF000000FF000000FF000000FF000000FF000000FF000000FF000000FF000000FF000000FF000000FF000000FF000000FF000000FF000000FF000000FF000000FF000000FF000000FF000000FF000000FF000000FF000000FF000000FF000000FF000000FF000000FF000000FF000000FF000000FF000000FF000000FF000000FF000000FF000000FF000000FF000000FF000000FF000000FF000000FF000000FF000000FF000000FF000000FF000000FF000000FF000000FF000000FF000000FF000000FF000000FF000000FF000000FF000000FF000000FF000000FF000000FF000000FF000000FF000000FF000000FF000000FF000000FF000000FF000000FF000000FF000000FF000000FF000000FF000000FF000000FF000000FF000000FF000000FF000000FF000000FF000000FF000000FF000000FF000000FF000000FF000000FF000000FF000000FF000000FF000000FF000000FF000000FF000000FF000000FF000000FF000000FF000000FF000000FF000000FF000000FF000000FF000000FF000000FF000000FF000000FF000000FF000000FF000000FF000000FF000000FF000000FF000000FF000000FF000000FF000000FF000000FF000000FF000000FF000000FF000000FF000000FF000000FF000000FF000000FF000000FF000000FF000000FF000000FF000000FF000000FF000000FF000000FF000000FF000000FF000000FF000000FF000000FF000000FF000000FF000000FF000000FF000000FF000000FF000000FF000000FF000000FF000000FF000000FF000000FF000000FF000000FF000000FF000000FF000000FF000000FF000000FF000000FF000000FF000000FF000000FF000000FF000000FF000000FF000000FF000000FF000000FF000000FF000000FF000000FF000000FF000000FF000000FF000000FF000000FF000000FF000000FF000000FF000000FF000000FF000000FF000000FF000000FF000000FF000000FF000000FF000000FF000000FF000000FF000000FF000000FF000000FF000000FF000000FF000000FF000000FF000000FF000000FF000000FF000000FF2BFD99FF2BFD99FF2BFD99FF2BFD99FF2BFD99FF2BFD99FF2BFD99FF2BFD99FF2BFD99FF2BFD99FF000000FF000000FF000000FF000000FF000000FF000000FF000000FF000000FF000000FF000000FF000000FF000000FF000000FF000000FF000000FF000000FF000000FF000000FF2BFD99FF2BFD99FF000000FF000000FF000000FF000000FF000000FF000000FF2BFD99FF2BFD99FF000000FF000000FF000000FF000000FF000000FF000000FF000000FF000000FF000000FF000000FF000000FF000000FF000000FF000000FF000000FF000000FF000000FF000000FF000000FF000000FF000000FF000000FF000000FF000000FF000000FF000000FF000000FF000000FF000000FF000000FF000000FF000000FF000000FF000000FF000000FF000000FF000000FF000000FF000000FF000000FF000000FF000000FF000000FF000000FF000000FF000000FF000000FF000000FF000000FF000000FF000000FF000000FF000000FF000000FF000000FF000000FF000000FF000000FF000000FF000000FF000000FF000000FF000000FF000000FF000000FF000000FF000000FF000000FF000000FF000000FF000000FF000000FF000000FF000000FF000000FF000000FF000000FF000000FF000000FF000000FF000000FF000000FF000000FF000000FF000000FF000000FF000000FF000000FF000000FF000000FF000000FF000000FF000000FF000000FF000000FF000000FF000000FF000000FF000000FF000000FF000000FF000000FF2BFD99FF2BFD99FF2BFD99FF2BFD99FF2BFD99FF2BFD99FF2BFD99FF2BFD99FF2BFD99FF2BFD99FF000000FF000000FF000000FF000000FF2BFD99FF2BFD99FF2BFD99FF2BFD99FF2BFD99FF2BFD99FF2BFD99FF2BFD99FF000000FF000000FF000000FF000000FF000000FF000000FF000000FF000000FF2BFD99FF2BFD99FF2BFD99FF2BFD99FF2BFD99FF2BFD99FF000000FF000000FF000000FF000000FF000000FF000000FF2BFD99FF2BFD99FF2BFD99FF2BFD99FF2BFD99FF2BFD99FF2BFD99FF2BFD99FF2BFD99FF2BFD99FF000000FF000000FF000000FF000000FF000000FF000000FF000000FF000000FF000000FF000000FF000000FF000000FF000000FF000000FF000000FF000000FF000000FF000000FF2BFD99FF2BFD99FF000000FF000000FF000000FF000000FF000000FF000000FF000000FF000000FF000000FF000000FF000000FF000000FF000000FF000000FF2BFD99FF2BFD99FF2BFD99FF2BFD99FF2BFD99FF2BFD99FF000000FF000000FF000000FF000000FF000000FF000000FF2BFD99FF2BFD99FF000000FF000000FF000000FF000000FF000000FF000000FF2BFD99FF2BFD99FF000000FF000000FF000000FF000000FF2BFD99FF2BFD99FF2BFD99FF2BFD99FF2BFD99FF2BFD99FF2BFD99FF2BFD99FF2BFD99FF2BFD99FF000000FF000000FF000000FF000000FF000000FF000000FF000000FF000000FF000000FF000000FF000000FF000000FF000000FF000000FF000000FF000000FF000000FF000000FF2BFD99FF2BFD99FF000000FF000000FF000000FF000000FF000000FF000000FF2BFD99FF2BFD99FF000000FF000000FF000000FF000000FF000000FF000000FF000000FF000000FF000000FF000000FF000000FF000000FF000000FF000000FF000000FF000000FF000000FF000000FF000000FF000000FF000000FF000000FF000000FF000000FF000000FF000000FF000000FF000000FF000000FF000000FF000000FF000000FF000000FF000000FF000000FF000000FF000000FF000000FF000000FF000000FF000000FF000000FF000000FF000000FF000000FF000000FF000000FF000000FF000000FF000000FF000000FF000000FF000000FF000000FF000000FF000000FF000000FF000000FF000000FF000000FF000000FF000000FF000000FF000000FF000000FF000000FF000000FF000000FF000000FF000000FF000000FF000000FF000000FF000000FF000000FF000000FF000000FF000000FF000000FF000000FF000000FF000000FF000000FF000000FF000000FF000000FF000000FF000000FF000000FF000000FF000000FF000000FF000000FF000000FF000000FF000000FF000000FF000000FF000000FF000000FF000000FF000000FF000000FF000000FF000000FF000000FF000000FF000000FF000000FF000000FF000000FF000000FF000000FF000000FF000000FF000000FF000000FF000000FF000000FF000000FF000000FF000000FF000000FF000000FF000000FF000000FF000000FF000000FF000000FF000000FF000000FF000000FF000000FF000000FF000000FF000000FF000000FF000000FF000000FF000000FF000000FF000000FF000000FF000000FF000000FF000000FF000000FF000000FF000000FF000000FF000000FF000000FF000000FF000000FF000000FF000000FF000000FF000000FF000000FF000000FF000000FF000000FF000000FF000000FF000000FF000000FF000000FF000000FF000000FF000000FF000000FF000000FF000000FF000000FF000000FF000000FF000000FF000000FF000000FF000000FF000000FF000000FF000000FF000000FF000000FF000000FF000000FF000000FF000000FF000000FF000000FF000000FF000000FF000000FF000000FF000000FF000000FF000000FF000000FF000000FF000000FF000000FF000000FF000000FF000000FF000000FF000000FF000000FF000000FF000000FF000000FF000000FF000000FF000000FF000000FF000000FF000000FF000000FF000000FF000000FF000000FF000000FF000000FF000000FF000000FF000000FF000000FF000000FF000000FF000000FF000000FF000000FF000000FF000000FF000000FF000000FF000000FF000000FF000000FF000000FF000000FF000000FF000000FF000000FF000000FF000000FF000000FF000000FF000000FF000000FF000000FF000000FF000000FF000000FF000000FF000000FF000000FF000000FF000000FF000000FF000000FF000000FF000000FF000000FF000000FF000000FF000000FF000000FF000000FF000000FF2BFD99FF2BFD99FF2BFD99FF2BFD99FF2BFD99FF2BFD99FF2BFD99FF2BFD99FF2BFD99FF2BFD99FF000000FF000000FF000000FF000000FF000000FF000000FF000000FF000000FF000000FF000000FF000000FF000000FF000000FF000000FF000000FF000000FF000000FF000000FF2BFD99FF2BFD99FF000000FF000000FF000000FF000000FF000000FF000000FF2BFD99FF2BFD99FF000000FF000000FF000000FF000000FF000000FF000000FF000000FF000000FF000000FF000000FF000000FF000000FF000000FF000000FF000000FF000000FF000000FF000000FF000000FF000000FF000000FF000000FF000000FF000000FF000000FF000000FF000000FF000000FF000000FF000000FF000000FF000000FF000000FF000000FF000000FF000000FF000000FF000000FF000000FF000000FF000000FF000000FF000000FF000000FF000000FF000000FF000000FF000000FF000000FF000000FF000000FF000000FF000000FF000000FF000000FF000000FF000000FF000000FF000000FF000000FF000000FF000000FF000000FF000000FF000000FF000000FF000000FF000000FF000000FF000000FF000000FF000000FF000000FF000000FF000000FF000000FF000000FF000000FF000000FF000000FF000000FF000000FF000000FF000000FF000000FF000000FF000000FF000000FF000000FF000000FF000000FF000000FF000000FF000000FF000000FF000000FF000000FF000000FF000000FF000000FF000000FF000000FF2BFD99FF2BFD99FF2BFD99FF2BFD99FF2BFD99FF2BFD99FF2BFD99FF2BFD99FF2BFD99FF2BFD99FF000000FF000000FF000000FF000000FF2BFD99FF2BFD99FF2BFD99FF2BFD99FF2BFD99FF2BFD99FF2BFD99FF2BFD99FF000000FF000000FF000000FF000000FF000000FF000000FF000000FF000000FF2BFD99FF2BFD99FF2BFD99FF2BFD99FF2BFD99FF2BFD99FF000000FF000000FF000000FF000000FF000000FF000000FF2BFD99FF2BFD99FF2BFD99FF2BFD99FF2BFD99FF2BFD99FF2BFD99FF2BFD99FF2BFD99FF2BFD99FF000000FF000000FF000000FF000000FF000000FF000000FF000000FF000000FF000000FF000000FF000000FF000000FF000000FF000000FF000000FF000000FF000000FF000000FF2BFD99FF2BFD99FF000000FF000000FF000000FF000000FF000000FF000000FF000000FF000000FF000000FF000000FF000000FF000000FF000000FF000000FF2BFD99FF2BFD99FF2BFD99FF2BFD99FF2BFD99FF2BFD99FF000000FF000000FF000000FF000000FF000000FF000000FF2BFD99FF2BFD99FF000000FF000000FF000000FF000000FF000000FF000000FF2BFD99FF2BFD99FF000000FF000000FF000000FF000000FF2BFD99FF2BFD99FF2BFD99FF2BFD99FF2BFD99FF2BFD99FF2BFD99FF2BFD99FF2BFD99FF2BFD99FF000000FF000000FF000000FF000000FF000000FF000000FF000000FF000000FF000000FF000000FF000000FF000000FF000000FF000000FF000000FF000000FF000000FF000000FF2BFD99FF2BFD99FF000000FF000000FF000000FF000000FF000000FF000000FF2BFD99FF2BFD99FF000000FF000000FF000000FF000000FF000000FF000000FF000000FF000000FF000000FF000000FF000000FF000000FF000000FF000000FF000000FF000000FF000000FF000000FF000000FF000000FF000000FF000000FF000000FF000000FF000000FF000000FF000000FF000000FF000000FF000000FF000000FF000000FF000000FF000000FF000000FF000000FF000000FF000000FF000000FF000000FF000000FF000000FF000000FF000000FF000000FF000000FF000000FF000000FF000000FF000000FF000000FF000000FF000000FF000000FF000000FF000000FF000000FF000000FF000000FF000000FF000000FF000000FF000000FF000000FF000000FF000000FF000000FF000000FF000000FF000000FF000000FF000000FF000000FF000000FF000000FF000000FF000000FF000000FF000000FF000000FF000000FF000000FF000000FF000000FF000000FF000000FF000000FF000000FF000000FF000000FF000000FF000000FF000000FF000000FF000000FF000000FF000000FF000000FF000000FF000000FF000000FF000000FF000000FF000000FF000000FF000000FF000000FF000000FF000000FF000000FF000000FF000000FF000000FF000000FF000000FF000000FF000000FF000000FF000000FF000000FF000000FF000000FF000000FF000000FF000000FF000000FF000000FF000000FF000000FF000000FF000000FF000000FF000000FF000000FF000000FF000000FF000000FF000000FF000000FF000000FF000000FF000000FF000000FF000000FF000000FF000000FF000000FF000000FF000000FF000000FF000000FF000000FF000000FF000000FF000000FF000000FF000000FF000000FF000000FF000000FF000000FF000000FF000000FF000000FF000000FF000000FF000000FF000000FF000000FF000000FF000000FF000000FF000000FF000000FF000000FF000000FF000000FF000000FF000000FF000000FF000000FF000000FF000000FF000000FF000000FF000000FF000000FF000000FF000000FF000000FF000000FF000000FF000000FF000000FF000000FF000000FF000000FF000000FF000000FF000000FF000000FF000000FF000000FF000000FF000000FF000000FF000000FF000000FF000000FF000000FF000000FF000000FF000000FF000000FF000000FF000000FF000000FF000000FF000000FF000000FF000000FF000000FF000000FF000000FF000000FF000000FF000000FF000000FF000000FF000000FF000000FF000000FF000000FF000000FF000000FF000000FF000000FF000000FF000000FF000000FF000000FF000000FF000000FF000000FF000000FF000000FF000000FF000000FF000000FF000000FF000000FF000000FF000000FF000000FF000000FF000000FF000000FF000000FF000000FF000000FF000000FF000000FF000000FF000000FF000000FF000000FF000000FF000000FF000000FF000000FF2BFD99FF2BFD99FF000000FF000000FF000000FF000000FF000000FF000000FF000000FF000000FF000000FF000000FF000000FF000000FF000000FF000000FF000000FF000000FF000000FF000000FF000000FF000000FF000000FF000000FF000000FF000000FF000000FF000000FF2BFD99FF2BFD99FF000000FF000000FF000000FF000000FF000000FF000000FF2BFD99FF2BFD99FF000000FF000000FF000000FF000000FF000000FF000000FF000000FF000000FF000000FF000000FF000000FF000000FF000000FF000000FF000000FF000000FF000000FF000000FF000000FF000000FF000000FF000000FF000000FF000000FF000000FF000000FF000000FF000000FF000000FF000000FF000000FF000000FF000000FF000000FF000000FF000000FF000000FF000000FF000000FF000000FF000000FF000000FF000000FF000000FF000000FF000000FF000000FF000000FF000000FF000000FF000000FF000000FF000000FF000000FF000000FF000000FF000000FF000000FF000000FF000000FF000000FF000000FF000000FF000000FF000000FF000000FF000000FF000000FF000000FF000000FF000000FF000000FF000000FF000000FF000000FF000000FF000000FF000000FF000000FF000000FF000000FF000000FF000000FF000000FF000000FF000000FF000000FF000000FF000000FF000000FF000000FF000000FF000000FF000000FF000000FF000000FF000000FF000000FF000000FF000000FF000000FF000000FF2BFD99FF2BFD99FF000000FF000000FF000000FF000000FF000000FF000000FF000000FF000000FF000000FF000000FF000000FF000000FF2BFD99FF2BFD99FF000000FF000000FF000000FF000000FF000000FF000000FF2BFD99FF2BFD99FF000000FF000000FF000000FF000000FF000000FF000000FF000000FF000000FF2BFD99FF2BFD99FF000000FF000000FF000000FF000000FF000000FF000000FF000000FF000000FF000000FF000000FF000000FF000000FF2BFD99FF2BFD99FF000000FF000000FF000000FF000000FF000000FF000000FF000000FF000000FF000000FF000000FF000000FF000000FF000000FF000000FF000000FF000000FF000000FF000000FF000000FF000000FF000000FF000000FF2BFD99FF2BFD99FF000000FF000000FF000000FF000000FF000000FF000000FF000000FF000000FF000000FF000000FF000000FF000000FF000000FF000000FF000000FF000000FF2BFD99FF2BFD99FF000000FF000000FF000000FF000000FF000000FF000000FF000000FF000000FF2BFD99FF2BFD99FF000000FF000000FF000000FF000000FF000000FF000000FF2BFD99FF2BFD99FF000000FF000000FF000000FF000000FF2BFD99FF2BFD99FF000000FF000000FF000000FF000000FF000000FF000000FF000000FF000000FF000000FF000000FF000000FF000000FF000000FF000000FF000000FF000000FF000000FF000000FF000000FF000000FF000000FF000000FF000000FF000000FF000000FF000000FF2BFD99FF2BFD99FF000000FF000000FF000000FF000000FF000000FF000000FF2BFD99FF2BFD99FF000000FF000000FF000000FF000000FF000000FF000000FF000000FF000000FF000000FF000000FF000000FF000000FF000000FF000000FF000000FF000000FF000000FF000000FF000000FF000000FF000000FF000000FF000000FF000000FF000000FF000000FF000000FF000000FF000000FF000000FF000000FF000000FF000000FF000000FF000000FF000000FF000000FF000000FF000000FF000000FF000000FF000000FF000000FF000000FF000000FF000000FF000000FF000000FF000000FF000000FF000000FF000000FF000000FF000000FF000000FF000000FF000000FF000000FF000000FF000000FF000000FF000000FF000000FF000000FF000000FF000000FF000000FF000000FF000000FF000000FF000000FF000000FF000000FF000000FF000000FF000000FF000000FF000000FF000000FF000000FF000000FF000000FF000000FF000000FF000000FF000000FF000000FF000000FF000000FF000000FF000000FF000000FF000000FF000000FF000000FF000000FF000000FF000000FF000000FF000000FF000000FF000000FF000000FF000000FF000000FF000000FF000000FF000000FF000000FF000000FF000000FF000000FF000000FF000000FF000000FF000000FF000000FF000000FF000000FF000000FF000000FF000000FF000000FF000000FF000000FF000000FF000000FF000000FF000000FF000000FF000000FF000000FF000000FF000000FF000000FF000000FF000000FF000000FF000000FF000000FF000000FF000000FF000000FF000000FF000000FF000000FF000000FF000000FF000000FF000000FF000000FF000000FF000000FF000000FF000000FF000000FF000000FF000000FF000000FF000000FF000000FF000000FF000000FF000000FF000000FF000000FF000000FF000000FF000000FF000000FF000000FF000000FF000000FF000000FF000000FF000000FF000000FF000000FF000000FF000000FF000000FF000000FF000000FF000000FF000000FF000000FF000000FF000000FF000000FF000000FF000000FF000000FF000000FF000000FF000000FF000000FF000000FF000000FF000000FF000000FF000000FF000000FF000000FF000000FF000000FF000000FF000000FF000000FF000000FF000000FF000000FF000000FF000000FF000000FF000000FF000000FF000000FF000000FF000000FF000000FF000000FF000000FF000000FF000000FF000000FF000000FF000000FF000000FF000000FF000000FF000000FF000000FF000000FF000000FF000000FF000000FF000000FF000000FF000000FF000000FF000000FF000000FF000000FF000000FF000000FF000000FF000000FF000000FF000000FF000000FF000000FF000000FF000000FF000000FF000000FF000000FF000000FF000000FF000000FF000000FF000000FF000000FF000000FF000000FF000000FF000000FF000000FF000000FF000000FF000000FF2BFD99FF2BFD99FF000000FF000000FF000000FF000000FF000000FF000000FF000000FF000000FF000000FF000000FF000000FF000000FF000000FF000000FF000000FF000000FF000000FF000000FF000000FF000000FF000000FF000000FF000000FF000000FF000000FF000000FF2BFD99FF2BFD99FF000000FF000000FF000000FF000000FF000000FF000000FF2BFD99FF2BFD99FF000000FF000000FF000000FF000000FF000000FF000000FF000000FF000000FF000000FF000000FF000000FF000000FF000000FF000000FF000000FF000000FF000000FF000000FF000000FF000000FF000000FF000000FF000000FF000000FF000000FF000000FF000000FF000000FF000000FF000000FF000000FF000000FF000000FF000000FF000000FF000000FF000000FF000000FF000000FF000000FF000000FF000000FF000000FF000000FF000000FF000000FF000000FF000000FF000000FF000000FF000000FF000000FF000000FF000000FF000000FF000000FF000000FF000000FF000000FF000000FF000000FF000000FF000000FF000000FF000000FF000000FF000000FF000000FF000000FF000000FF000000FF000000FF000000FF000000FF000000FF000000FF000000FF000000FF000000FF000000FF000000FF000000FF000000FF000000FF000000FF000000FF000000FF000000FF000000FF000000FF000000FF000000FF000000FF000000FF000000FF000000FF000000FF000000FF000000FF000000FF000000FF000000FF2BFD99FF2BFD99FF000000FF000000FF000000FF000000FF000000FF000000FF000000FF000000FF000000FF000000FF000000FF000000FF2BFD99FF2BFD99FF000000FF000000FF000000FF000000FF000000FF000000FF2BFD99FF2BFD99FF000000FF000000FF000000FF000000FF000000FF000000FF000000FF000000FF2BFD99FF2BFD99FF000000FF000000FF000000FF000000FF000000FF000000FF000000FF000000FF000000FF000000FF000000FF000000FF2BFD99FF2BFD99FF000000FF000000FF000000FF000000FF000000FF000000FF000000FF000000FF000000FF000000FF000000FF000000FF000000FF000000FF000000FF000000FF000000FF000000FF000000FF000000FF000000FF000000FF2BFD99FF2BFD99FF000000FF000000FF000000FF000000FF000000FF000000FF000000FF000000FF000000FF000000FF000000FF000000FF000000FF000000FF000000FF000000FF2BFD99FF2BFD99FF000000FF000000FF000000FF000000FF000000FF000000FF000000FF000000FF2BFD99FF2BFD99FF000000FF000000FF000000FF000000FF000000FF000000FF2BFD99FF2BFD99FF000000FF000000FF000000FF000000FF2BFD99FF2BFD99FF000000FF000000FF000000FF000000FF000000FF000000FF000000FF000000FF000000FF000000FF000000FF000000FF000000FF000000FF000000FF000000FF000000FF000000FF000000FF000000FF000000FF000000FF000000FF000000FF000000FF000000FF2BFD99FF2BFD99FF000000FF000000FF000000FF000000FF000000FF000000FF2BFD99FF2BFD99FF000000FF000000FF000000FF000000FF000000FF000000FF000000FF000000FF000000FF000000FF000000FF000000FF000000FF000000FF000000FF000000FF000000FF000000FF000000FF000000FF000000FF000000FF000000FF000000FF000000FF000000FF000000FF000000FF000000FF000000FF000000FF000000FF000000FF000000FF000000FF000000FF000000FF000000FF000000FF000000FF000000FF000000FF000000FF000000FF000000FF000000FF000000FF000000FF000000FF000000FF000000FF000000FF000000FF000000FF000000FF000000FF000000FF000000FF000000FF000000FF000000FF000000FF000000FF000000FF000000FF000000FF000000FF000000FF000000FF000000FF000000FF000000FF000000FF000000FF000000FF000000FF000000FF000000FF000000FF000000FF000000FF000000FF000000FF000000FF000000FF000000FF000000FF000000FF000000FF000000FF000000FF000000FF000000FF000000FF000000FF000000FF000000FF000000FF000000FF000000FF000000FF000000FF000000FF000000FF000000FF000000FF000000FF000000FF000000FF000000FF000000FF000000FF000000FF000000FF000000FF000000FF000000FF000000FF000000FF000000FF000000FF000000FF000000FF000000FF000000FF000000FF000000FF000000FF000000FF000000FF000000FF000000FF000000FF000000FF000000FF000000FF000000FF000000FF000000FF000000FF000000FF000000FF000000FF000000FF000000FF000000FF000000FF000000FF000000FF000000FF000000FF000000FF000000FF000000FF000000FF000000FF000000FF000000FF000000FF000000FF000000FF000000FF000000FF000000FF000000FF000000FF000000FF000000FF000000FF000000FF000000FF000000FF000000FF000000FF000000FF000000FF000000FF000000FF000000FF000000FF000000FF000000FF000000FF000000FF000000FF000000FF000000FF000000FF000000FF000000FF000000FF000000FF000000FF000000FF000000FF000000FF000000FF000000FF000000FF000000FF000000FF000000FF000000FF000000FF000000FF000000FF000000FF000000FF000000FF000000FF000000FF000000FF000000FF000000FF000000FF000000FF000000FF000000FF000000FF000000FF000000FF000000FF000000FF000000FF000000FF000000FF000000FF000000FF000000FF000000FF000000FF000000FF000000FF000000FF000000FF000000FF000000FF000000FF000000FF000000FF000000FF000000FF000000FF000000FF000000FF000000FF000000FF000000FF000000FF000000FF000000FF000000FF000000FF000000FF000000FF000000FF000000FF000000FF000000FF000000FF000000FF000000FF000000FF000000FF000000FF000000FF000000FF000000FF000000FF000000FF2BFD99FF2BFD99FF000000FF000000FF000000FF000000FF000000FF000000FF000000FF000000FF000000FF000000FF000000FF000000FF000000FF000000FF000000FF000000FF000000FF000000FF000000FF000000FF000000FF000000FF000000FF000000FF000000FF000000FF2BFD99FF2BFD99FF2BFD99FF2BFD99FF000000FF000000FF000000FF000000FF2BFD99FF2BFD99FF000000FF000000FF000000FF000000FF000000FF000000FF000000FF000000FF000000FF000000FF000000FF000000FF000000FF000000FF000000FF000000FF000000FF000000FF000000FF000000FF000000FF000000FF000000FF000000FF000000FF000000FF000000FF000000FF000000FF000000FF000000FF000000FF000000FF000000FF000000FF000000FF000000FF000000FF000000FF000000FF000000FF000000FF000000FF000000FF000000FF000000FF000000FF000000FF000000FF000000FF000000FF000000FF000000FF000000FF000000FF000000FF000000FF000000FF000000FF000000FF000000FF000000FF000000FF000000FF000000FF000000FF000000FF000000FF000000FF000000FF000000FF000000FF000000FF000000FF000000FF000000FF000000FF000000FF2BFD99FF2BFD99FF000000FF000000FF000000FF000000FF000000FF000000FF000000FF000000FF000000FF000000FF000000FF000000FF000000FF000000FF000000FF000000FF000000FF000000FF000000FF000000FF000000FF000000FF2BFD99FF2BFD99FF000000FF000000FF000000FF000000FF000000FF000000FF000000FF000000FF000000FF000000FF000000FF000000FF2BFD99FF2BFD99FF000000FF000000FF000000FF000000FF000000FF000000FF2BFD99FF2BFD99FF000000FF000000FF000000FF000000FF000000FF000000FF000000FF000000FF2BFD99FF2BFD99FF000000FF000000FF000000FF000000FF000000FF000000FF000000FF000000FF000000FF000000FF000000FF000000FF2BFD99FF2BFD99FF000000FF000000FF000000FF000000FF000000FF000000FF000000FF000000FF000000FF000000FF000000FF000000FF000000FF000000FF000000FF000000FF000000FF000000FF000000FF000000FF000000FF000000FF2BFD99FF2BFD99FF000000FF000000FF000000FF000000FF000000FF000000FF000000FF000000FF000000FF000000FF000000FF000000FF000000FF000000FF000000FF000000FF2BFD99FF2BFD99FF000000FF000000FF000000FF000000FF000000FF000000FF000000FF000000FF2BFD99FF2BFD99FF2BFD99FF2BFD99FF000000FF000000FF000000FF000000FF2BFD99FF2BFD99FF000000FF000000FF000000FF000000FF2BFD99FF2BFD99FF000000FF000000FF000000FF000000FF000000FF000000FF000000FF000000FF000000FF000000FF000000FF000000FF000000FF000000FF000000FF000000FF000000FF000000FF000000FF000000FF000000FF000000FF000000FF000000FF000000FF000000FF2BFD99FF2BFD99FF2BFD99FF2BFD99FF000000FF000000FF000000FF000000FF2BFD99FF2BFD99FF000000FF000000FF000000FF000000FF000000FF000000FF000000FF000000FF000000FF000000FF000000FF000000FF000000FF000000FF000000FF000000FF000000FF000000FF000000FF000000FF000000FF000000FF000000FF000000FF000000FF000000FF000000FF000000FF000000FF000000FF000000FF000000FF000000FF000000FF000000FF000000FF000000FF000000FF000000FF000000FF000000FF000000FF000000FF000000FF000000FF000000FF000000FF000000FF000000FF000000FF000000FF000000FF000000FF000000FF000000FF000000FF000000FF000000FF000000FF000000FF000000FF000000FF000000FF000000FF000000FF000000FF000000FF000000FF000000FF000000FF000000FF000000FF000000FF000000FF000000FF000000FF000000FF000000FF000000FF000000FF000000FF000000FF000000FF000000FF000000FF000000FF000000FF000000FF000000FF000000FF000000FF000000FF000000FF000000FF000000FF000000FF000000FF000000FF000000FF000000FF000000FF000000FF000000FF000000FF000000FF000000FF000000FF000000FF000000FF000000FF000000FF000000FF000000FF000000FF000000FF000000FF000000FF000000FF000000FF000000FF000000FF000000FF000000FF000000FF000000FF000000FF000000FF000000FF000000FF000000FF000000FF000000FF000000FF000000FF000000FF000000FF000000FF000000FF000000FF000000FF000000FF000000FF000000FF000000FF000000FF000000FF000000FF000000FF000000FF000000FF000000FF000000FF000000FF000000FF000000FF000000FF000000FF000000FF000000FF000000FF000000FF000000FF000000FF000000FF000000FF000000FF000000FF000000FF000000FF000000FF000000FF000000FF000000FF000000FF000000FF000000FF000000FF000000FF000000FF000000FF000000FF000000FF000000FF000000FF000000FF000000FF000000FF000000FF000000FF000000FF000000FF000000FF000000FF000000FF000000FF000000FF000000FF000000FF000000FF000000FF000000FF000000FF000000FF000000FF000000FF000000FF000000FF000000FF000000FF000000FF000000FF000000FF000000FF000000FF000000FF000000FF000000FF000000FF000000FF000000FF000000FF000000FF000000FF000000FF000000FF000000FF000000FF000000FF000000FF000000FF000000FF000000FF000000FF000000FF000000FF000000FF000000FF000000FF000000FF000000FF000000FF000000FF000000FF000000FF000000FF000000FF000000FF000000FF000000FF000000FF000000FF000000FF000000FF000000FF000000FF000000FF000000FF000000FF000000FF000000FF000000FF000000FF000000FF000000FF000000FF000000FF000000FF000000FF000000FF000000FF2BFD99FF2BFD99FF000000FF000000FF000000FF000000FF000000FF000000FF000000FF000000FF000000FF000000FF000000FF000000FF000000FF000000FF000000FF000000FF000000FF000000FF000000FF000000FF000000FF000000FF000000FF000000FF000000FF000000FF2BFD99FF2BFD99FF2BFD99FF2BFD99FF000000FF000000FF000000FF000000FF2BFD99FF2BFD99FF000000FF000000FF000000FF000000FF000000FF000000FF000000FF000000FF000000FF000000FF000000FF000000FF000000FF000000FF000000FF000000FF000000FF000000FF000000FF000000FF000000FF000000FF000000FF000000FF000000FF000000FF000000FF000000FF000000FF000000FF000000FF000000FF000000FF000000FF000000FF000000FF000000FF000000FF000000FF000000FF000000FF000000FF000000FF000000FF000000FF000000FF000000FF000000FF000000FF000000FF000000FF000000FF000000FF000000FF000000FF000000FF000000FF000000FF000000FF000000FF000000FF000000FF000000FF000000FF000000FF000000FF000000FF000000FF000000FF000000FF000000FF000000FF000000FF000000FF000000FF000000FF000000FF000000FF2BFD99FF2BFD99FF000000FF000000FF000000FF000000FF000000FF000000FF000000FF000000FF000000FF000000FF000000FF000000FF000000FF000000FF000000FF000000FF000000FF000000FF000000FF000000FF000000FF000000FF2BFD99FF2BFD99FF000000FF000000FF000000FF000000FF000000FF000000FF000000FF000000FF000000FF000000FF000000FF000000FF2BFD99FF2BFD99FF000000FF000000FF000000FF000000FF000000FF000000FF2BFD99FF2BFD99FF000000FF000000FF000000FF000000FF000000FF000000FF000000FF000000FF2BFD99FF2BFD99FF000000FF000000FF000000FF000000FF000000FF000000FF000000FF000000FF000000FF000000FF000000FF000000FF2BFD99FF2BFD99FF000000FF000000FF000000FF000000FF000000FF000000FF000000FF000000FF000000FF000000FF000000FF000000FF000000FF000000FF000000FF000000FF000000FF000000FF000000FF000000FF000000FF000000FF2BFD99FF2BFD99FF000000FF000000FF000000FF000000FF000000FF000000FF000000FF000000FF000000FF000000FF000000FF000000FF000000FF000000FF000000FF000000FF2BFD99FF2BFD99FF000000FF000000FF000000FF000000FF000000FF000000FF000000FF000000FF2BFD99FF2BFD99FF2BFD99FF2BFD99FF000000FF000000FF000000FF000000FF2BFD99FF2BFD99FF000000FF000000FF000000FF000000FF2BFD99FF2BFD99FF000000FF000000FF000000FF000000FF000000FF000000FF000000FF000000FF000000FF000000FF000000FF000000FF000000FF000000FF000000FF000000FF000000FF000000FF000000FF000000FF000000FF000000FF000000FF000000FF000000FF000000FF2BFD99FF2BFD99FF2BFD99FF2BFD99FF000000FF000000FF000000FF000000FF2BFD99FF2BFD99FF000000FF000000FF000000FF000000FF000000FF000000FF000000FF000000FF000000FF000000FF000000FF000000FF000000FF000000FF000000FF000000FF000000FF000000FF000000FF000000FF000000FF000000FF000000FF000000FF000000FF000000FF000000FF000000FF000000FF000000FF000000FF000000FF000000FF000000FF000000FF000000FF000000FF000000FF000000FF000000FF000000FF000000FF000000FF000000FF000000FF000000FF000000FF000000FF000000FF000000FF000000FF000000FF000000FF000000FF000000FF000000FF000000FF000000FF000000FF000000FF000000FF000000FF000000FF000000FF000000FF000000FF000000FF000000FF000000FF000000FF000000FF000000FF000000FF000000FF000000FF000000FF000000FF000000FF000000FF000000FF000000FF000000FF000000FF000000FF000000FF000000FF000000FF000000FF000000FF000000FF000000FF000000FF000000FF000000FF000000FF000000FF000000FF000000FF000000FF000000FF000000FF000000FF000000FF000000FF000000FF000000FF000000FF000000FF000000FF000000FF000000FF000000FF000000FF000000FF000000FF000000FF000000FF000000FF000000FF000000FF000000FF000000FF000000FF000000FF000000FF000000FF000000FF000000FF000000FF000000FF000000FF000000FF000000FF000000FF000000FF000000FF000000FF000000FF000000FF000000FF000000FF000000FF000000FF000000FF000000FF000000FF000000FF000000FF000000FF000000FF000000FF000000FF000000FF000000FF000000FF000000FF000000FF000000FF000000FF000000FF000000FF000000FF000000FF000000FF000000FF000000FF000000FF000000FF000000FF000000FF000000FF000000FF000000FF000000FF000000FF000000FF000000FF000000FF000000FF000000FF000000FF000000FF000000FF000000FF000000FF000000FF000000FF000000FF000000FF000000FF000000FF000000FF000000FF000000FF000000FF000000FF000000FF000000FF000000FF000000FF000000FF000000FF000000FF000000FF000000FF000000FF000000FF000000FF000000FF000000FF000000FF000000FF000000FF000000FF000000FF000000FF000000FF000000FF000000FF000000FF000000FF000000FF000000FF000000FF000000FF000000FF000000FF000000FF000000FF000000FF000000FF000000FF000000FF000000FF000000FF000000FF000000FF000000FF000000FF000000FF000000FF000000FF000000FF000000FF000000FF000000FF000000FF000000FF000000FF000000FF000000FF000000FF000000FF000000FF000000FF000000FF000000FF000000FF000000FF000000FF000000FF000000FF000000FF000000FF000000FF000000FF000000FF000000FF000000FF000000FF2BFD99FF2BFD99FF2BFD99FF2BFD99FF2BFD99FF2BFD99FF2BFD99FF2BFD99FF000000FF000000FF000000FF000000FF000000FF000000FF000000FF000000FF000000FF000000FF000000FF000000FF000000FF000000FF000000FF000000FF000000FF000000FF000000FF000000FF2BFD99FF2BFD99FF000000FF000000FF2BFD99FF2BFD99FF000000FF000000FF2BFD99FF2BFD99FF000000FF000000FF000000FF000000FF000000FF000000FF000000FF000000FF000000FF000000FF000000FF000000FF000000FF000000FF000000FF000000FF000000FF000000FF000000FF000000FF000000FF000000FF000000FF000000FF000000FF000000FF000000FF000000FF000000FF000000FF000000FF000000FF000000FF000000FF000000FF000000FF000000FF000000FF000000FF000000FF000000FF000000FF000000FF000000FF000000FF000000FF000000FF000000FF000000FF000000FF000000FF000000FF000000FF000000FF000000FF000000FF000000FF000000FF000000FF000000FF000000FF000000FF000000FF000000FF000000FF000000FF000000FF000000FF000000FF000000FF000000FF000000FF000000FF000000FF000000FF000000FF000000FF000000FF000000FF000000FF000000FF000000FF000000FF000000FF000000FF000000FF000000FF000000FF000000FF000000FF000000FF000000FF000000FF000000FF000000FF000000FF000000FF000000FF000000FF000000FF000000FF000000FF2BFD99FF2BFD99FF2BFD99FF2BFD99FF2BFD99FF2BFD99FF2BFD99FF2BFD99FF000000FF000000FF000000FF000000FF000000FF000000FF2BFD99FF2BFD99FF000000FF000000FF000000FF000000FF000000FF000000FF2BFD99FF2BFD99FF000000FF000000FF000000FF000000FF000000FF000000FF000000FF000000FF2BFD99FF2BFD99FF000000FF000000FF000000FF000000FF000000FF000000FF000000FF000000FF000000FF000000FF000000FF000000FF2BFD99FF2BFD99FF000000FF000000FF000000FF000000FF000000FF000000FF000000FF000000FF000000FF000000FF000000FF000000FF000000FF000000FF000000FF000000FF000000FF000000FF000000FF000000FF000000FF000000FF2BFD99FF2BFD99FF000000FF000000FF000000FF000000FF000000FF000000FF000000FF000000FF000000FF000000FF000000FF000000FF000000FF000000FF000000FF000000FF2BFD99FF2BFD99FF000000FF000000FF000000FF000000FF000000FF000000FF000000FF000000FF2BFD99FF2BFD99FF000000FF000000FF2BFD99FF2BFD99FF000000FF000000FF2BFD99FF2BFD99FF000000FF000000FF000000FF000000FF2BFD99FF2BFD99FF2BFD99FF2BFD99FF2BFD99FF2BFD99FF2BFD99FF2BFD99FF000000FF000000FF000000FF000000FF000000FF000000FF000000FF000000FF000000FF000000FF000000FF000000FF000000FF000000FF000000FF000000FF000000FF000000FF000000FF000000FF2BFD99FF2BFD99FF000000FF000000FF2BFD99FF2BFD99FF000000FF000000FF2BFD99FF2BFD99FF000000FF000000FF000000FF000000FF000000FF000000FF000000FF000000FF000000FF000000FF000000FF000000FF000000FF000000FF000000FF000000FF000000FF000000FF000000FF000000FF000000FF000000FF000000FF000000FF000000FF000000FF000000FF000000FF000000FF000000FF000000FF000000FF000000FF000000FF000000FF000000FF000000FF000000FF000000FF000000FF000000FF000000FF000000FF000000FF000000FF000000FF000000FF000000FF000000FF000000FF000000FF000000FF000000FF000000FF000000FF000000FF000000FF000000FF000000FF000000FF000000FF000000FF000000FF000000FF000000FF000000FF000000FF000000FF000000FF000000FF000000FF000000FF000000FF000000FF000000FF000000FF000000FF000000FF000000FF000000FF000000FF000000FF000000FF000000FF000000FF000000FF000000FF000000FF000000FF000000FF000000FF000000FF000000FF000000FF000000FF000000FF000000FF000000FF000000FF000000FF000000FF000000FF000000FF000000FF000000FF000000FF000000FF000000FF000000FF000000FF000000FF000000FF000000FF000000FF000000FF000000FF000000FF000000FF000000FF000000FF000000FF000000FF000000FF000000FF000000FF000000FF000000FF000000FF000000FF000000FF000000FF000000FF000000FF000000FF000000FF000000FF000000FF000000FF000000FF000000FF000000FF000000FF000000FF000000FF000000FF000000FF000000FF000000FF000000FF000000FF000000FF000000FF000000FF000000FF000000FF000000FF000000FF000000FF000000FF000000FF000000FF000000FF000000FF000000FF000000FF000000FF000000FF000000FF000000FF000000FF000000FF000000FF000000FF000000FF000000FF000000FF000000FF000000FF000000FF000000FF000000FF000000FF000000FF000000FF000000FF000000FF000000FF000000FF000000FF000000FF000000FF000000FF000000FF000000FF000000FF000000FF000000FF000000FF000000FF000000FF000000FF000000FF000000FF000000FF000000FF000000FF000000FF000000FF000000FF000000FF000000FF000000FF000000FF000000FF000000FF000000FF000000FF000000FF000000FF000000FF000000FF000000FF000000FF000000FF000000FF000000FF000000FF000000FF000000FF000000FF000000FF000000FF000000FF000000FF000000FF000000FF000000FF000000FF000000FF000000FF000000FF000000FF000000FF000000FF000000FF000000FF000000FF000000FF000000FF000000FF000000FF000000FF000000FF000000FF000000FF000000FF000000FF000000FF000000FF000000FF000000FF000000FF000000FF000000FF000000FF000000FF000000FF000000FF000000FF000000FF2BFD99FF2BFD99FF2BFD99FF2BFD99FF2BFD99FF2BFD99FF2BFD99FF2BFD99FF000000FF000000FF000000FF000000FF000000FF000000FF000000FF000000FF000000FF000000FF000000FF000000FF000000FF000000FF000000FF000000FF000000FF000000FF000000FF000000FF2BFD99FF2BFD99FF000000FF000000FF2BFD99FF2BFD99FF000000FF000000FF2BFD99FF2BFD99FF000000FF000000FF000000FF000000FF000000FF000000FF000000FF000000FF000000FF000000FF000000FF000000FF000000FF000000FF000000FF000000FF000000FF000000FF000000FF000000FF000000FF000000FF000000FF000000FF000000FF000000FF000000FF000000FF000000FF000000FF000000FF000000FF000000FF000000FF000000FF000000FF000000FF000000FF000000FF000000FF000000FF000000FF000000FF000000FF000000FF000000FF000000FF000000FF000000FF000000FF000000FF000000FF000000FF000000FF000000FF000000FF000000FF000000FF000000FF000000FF000000FF000000FF000000FF000000FF000000FF000000FF000000FF000000FF000000FF000000FF000000FF000000FF000000FF000000FF000000FF000000FF000000FF000000FF000000FF000000FF000000FF000000FF000000FF000000FF000000FF000000FF000000FF000000FF000000FF000000FF000000FF000000FF000000FF000000FF000000FF000000FF000000FF000000FF000000FF000000FF000000FF000000FF2BFD99FF2BFD99FF2BFD99FF2BFD99FF2BFD99FF2BFD99FF2BFD99FF2BFD99FF000000FF000000FF000000FF000000FF000000FF000000FF2BFD99FF2BFD99FF000000FF000000FF000000FF000000FF000000FF000000FF2BFD99FF2BFD99FF000000FF000000FF000000FF000000FF000000FF000000FF000000FF000000FF2BFD99FF2BFD99FF000000FF000000FF000000FF000000FF000000FF000000FF000000FF000000FF000000FF000000FF000000FF000000FF2BFD99FF2BFD99FF000000FF000000FF000000FF000000FF000000FF000000FF000000FF000000FF000000FF000000FF000000FF000000FF000000FF000000FF000000FF000000FF000000FF000000FF000000FF000000FF000000FF000000FF2BFD99FF2BFD99FF000000FF000000FF000000FF000000FF000000FF000000FF000000FF000000FF000000FF000000FF000000FF000000FF000000FF000000FF000000FF000000FF2BFD99FF2BFD99FF000000FF000000FF000000FF000000FF000000FF000000FF000000FF000000FF2BFD99FF2BFD99FF000000FF000000FF2BFD99FF2BFD99FF000000FF000000FF2BFD99FF2BFD99FF000000FF000000FF000000FF000000FF2BFD99FF2BFD99FF2BFD99FF2BFD99FF2BFD99FF2BFD99FF2BFD99FF2BFD99FF000000FF000000FF000000FF000000FF000000FF000000FF000000FF000000FF000000FF000000FF000000FF000000FF000000FF000000FF000000FF000000FF000000FF000000FF000000FF000000FF2BFD99FF2BFD99FF000000FF000000FF2BFD99FF2BFD99FF000000FF000000FF2BFD99FF2BFD99FF000000FF000000FF000000FF000000FF000000FF000000FF000000FF000000FF000000FF000000FF000000FF000000FF000000FF000000FF000000FF000000FF000000FF000000FF000000FF000000FF000000FF000000FF000000FF000000FF000000FF000000FF000000FF000000FF000000FF000000FF000000FF000000FF000000FF000000FF000000FF000000FF000000FF000000FF000000FF000000FF000000FF000000FF000000FF000000FF000000FF000000FF000000FF000000FF000000FF000000FF000000FF000000FF000000FF000000FF000000FF000000FF000000FF000000FF000000FF000000FF000000FF000000FF000000FF000000FF000000FF000000FF000000FF000000FF000000FF000000FF000000FF000000FF000000FF000000FF000000FF000000FF000000FF000000FF000000FF000000FF000000FF000000FF000000FF000000FF000000FF000000FF000000FF000000FF000000FF000000FF000000FF000000FF000000FF000000FF000000FF000000FF000000FF000000FF000000FF000000FF000000FF000000FF000000FF000000FF000000FF000000FF000000FF000000FF000000FF000000FF000000FF000000FF000000FF000000FF000000FF000000FF000000FF000000FF000000FF000000FF000000FF000000FF000000FF000000FF000000FF000000FF000000FF000000FF000000FF000000FF000000FF000000FF000000FF000000FF000000FF000000FF000000FF000000FF000000FF000000FF000000FF000000FF000000FF000000FF000000FF000000FF000000FF000000FF000000FF000000FF000000FF000000FF000000FF000000FF000000FF000000FF000000FF000000FF000000FF000000FF000000FF000000FF000000FF000000FF000000FF000000FF000000FF000000FF000000FF000000FF000000FF000000FF000000FF000000FF000000FF000000FF000000FF000000FF000000FF000000FF000000FF000000FF000000FF000000FF000000FF000000FF000000FF000000FF000000FF000000FF000000FF000000FF000000FF000000FF000000FF000000FF000000FF000000FF000000FF000000FF000000FF000000FF000000FF000000FF000000FF000000FF000000FF000000FF000000FF000000FF000000FF000000FF000000FF000000FF000000FF000000FF000000FF000000FF000000FF000000FF000000FF000000FF000000FF000000FF000000FF000000FF000000FF000000FF000000FF000000FF000000FF000000FF000000FF000000FF000000FF000000FF000000FF000000FF000000FF000000FF000000FF000000FF000000FF000000FF000000FF000000FF000000FF000000FF000000FF000000FF000000FF000000FF000000FF000000FF000000FF000000FF000000FF000000FF000000FF000000FF000000FF000000FF000000FF000000FF000000FF000000FF000000FF000000FF000000FF000000FF2BFD99FF2BFD99FF000000FF000000FF000000FF000000FF000000FF000000FF000000FF000000FF000000FF000000FF000000FF000000FF000000FF000000FF000000FF000000FF000000FF000000FF000000FF000000FF000000FF000000FF000000FF000000FF000000FF000000FF2BFD99FF2BFD99FF000000FF000000FF000000FF000000FF2BFD99FF2BFD99FF2BFD99FF2BFD99FF000000FF000000FF000000FF000000FF000000FF000000FF000000FF000000FF000000FF000000FF000000FF000000FF000000FF000000FF000000FF000000FF000000FF000000FF000000FF000000FF000000FF000000FF000000FF000000FF000000FF000000FF000000FF000000FF000000FF000000FF000000FF000000FF000000FF000000FF000000FF000000FF000000FF000000FF000000FF000000FF000000FF000000FF000000FF000000FF000000FF000000FF000000FF000000FF000000FF000000FF000000FF000000FF000000FF000000FF000000FF000000FF000000FF000000FF000000FF000000FF000000FF000000FF000000FF000000FF000000FF000000FF000000FF000000FF000000FF000000FF000000FF000000FF000000FF000000FF000000FF000000FF000000FF000000FF2BFD99FF2BFD99FF000000FF000000FF000000FF000000FF000000FF000000FF000000FF000000FF000000FF000000FF000000FF000000FF000000FF000000FF000000FF000000FF000000FF000000FF000000FF000000FF000000FF000000FF2BFD99FF2BFD99FF000000FF000000FF000000FF000000FF000000FF000000FF000000FF000000FF000000FF000000FF000000FF000000FF2BFD99FF2BFD99FF000000FF000000FF000000FF000000FF000000FF000000FF2BFD99FF2BFD99FF000000FF000000FF000000FF000000FF000000FF000000FF000000FF000000FF2BFD99FF2BFD99FF000000FF000000FF000000FF000000FF000000FF000000FF000000FF000000FF000000FF000000FF000000FF000000FF2BFD99FF2BFD99FF000000FF000000FF000000FF000000FF000000FF000000FF000000FF000000FF000000FF000000FF000000FF000000FF000000FF000000FF000000FF000000FF000000FF000000FF000000FF000000FF000000FF000000FF2BFD99FF2BFD99FF000000FF000000FF000000FF000000FF000000FF000000FF000000FF000000FF000000FF000000FF000000FF000000FF000000FF000000FF000000FF000000FF2BFD99FF2BFD99FF000000FF000000FF000000FF000000FF000000FF000000FF000000FF000000FF2BFD99FF2BFD99FF000000FF000000FF000000FF000000FF2BFD99FF2BFD99FF2BFD99FF2BFD99FF000000FF000000FF000000FF000000FF2BFD99FF2BFD99FF000000FF000000FF000000FF000000FF000000FF000000FF000000FF000000FF000000FF000000FF000000FF000000FF000000FF000000FF000000FF000000FF000000FF000000FF000000FF000000FF000000FF000000FF000000FF000000FF000000FF000000FF2BFD99FF2BFD99FF000000FF000000FF000000FF000000FF2BFD99FF2BFD99FF2BFD99FF2BFD99FF000000FF000000FF000000FF000000FF000000FF000000FF000000FF000000FF000000FF000000FF000000FF000000FF000000FF000000FF000000FF000000FF000000FF000000FF000000FF000000FF000000FF000000FF000000FF000000FF000000FF000000FF000000FF000000FF000000FF000000FF000000FF000000FF000000FF000000FF000000FF000000FF000000FF000000FF000000FF000000FF000000FF000000FF000000FF000000FF000000FF000000FF000000FF000000FF000000FF000000FF000000FF000000FF000000FF000000FF000000FF000000FF000000FF000000FF000000FF000000FF000000FF000000FF000000FF000000FF000000FF000000FF000000FF000000FF000000FF000000FF000000FF000000FF000000FF000000FF000000FF000000FF000000FF000000FF000000FF000000FF000000FF000000FF000000FF000000FF000000FF000000FF000000FF000000FF000000FF000000FF000000FF000000FF000000FF000000FF000000FF000000FF000000FF000000FF000000FF000000FF000000FF000000FF000000FF000000FF000000FF000000FF000000FF000000FF000000FF000000FF000000FF000000FF000000FF000000FF000000FF000000FF000000FF000000FF000000FF000000FF000000FF000000FF000000FF000000FF000000FF000000FF000000FF000000FF000000FF000000FF000000FF000000FF000000FF000000FF000000FF000000FF000000FF000000FF000000FF000000FF000000FF000000FF000000FF000000FF000000FF000000FF000000FF000000FF000000FF000000FF000000FF000000FF000000FF000000FF000000FF000000FF000000FF000000FF000000FF000000FF000000FF000000FF000000FF000000FF000000FF000000FF000000FF000000FF000000FF000000FF000000FF000000FF000000FF000000FF000000FF000000FF000000FF000000FF000000FF000000FF000000FF000000FF000000FF000000FF000000FF000000FF000000FF000000FF000000FF000000FF000000FF000000FF000000FF000000FF000000FF000000FF000000FF000000FF000000FF000000FF000000FF000000FF000000FF000000FF000000FF000000FF000000FF000000FF000000FF000000FF000000FF000000FF000000FF000000FF000000FF000000FF000000FF000000FF000000FF000000FF000000FF000000FF000000FF000000FF000000FF000000FF000000FF000000FF000000FF000000FF000000FF000000FF000000FF000000FF000000FF000000FF000000FF000000FF000000FF000000FF000000FF000000FF000000FF000000FF000000FF000000FF000000FF000000FF000000FF000000FF000000FF000000FF000000FF000000FF000000FF000000FF000000FF000000FF000000FF000000FF000000FF000000FF000000FF000000FF000000FF000000FF000000FF000000FF000000FF000000FF2BFD99FF2BFD99FF000000FF000000FF000000FF000000FF000000FF000000FF000000FF000000FF000000FF000000FF000000FF000000FF000000FF000000FF000000FF000000FF000000FF000000FF000000FF000000FF000000FF000000FF000000FF000000FF000000FF000000FF2BFD99FF2BFD99FF000000FF000000FF000000FF000000FF2BFD99FF2BFD99FF2BFD99FF2BFD99FF000000FF000000FF000000FF000000FF000000FF000000FF000000FF000000FF000000FF000000FF000000FF000000FF000000FF000000FF000000FF000000FF000000FF000000FF000000FF000000FF000000FF000000FF000000FF000000FF000000FF000000FF000000FF000000FF000000FF000000FF000000FF000000FF000000FF000000FF000000FF000000FF000000FF000000FF000000FF000000FF000000FF000000FF000000FF000000FF000000FF000000FF000000FF000000FF000000FF000000FF000000FF000000FF000000FF000000FF000000FF000000FF000000FF000000FF000000FF000000FF000000FF000000FF000000FF000000FF000000FF000000FF000000FF000000FF000000FF000000FF000000FF000000FF000000FF000000FF000000FF000000FF000000FF000000FF2BFD99FF2BFD99FF000000FF000000FF000000FF000000FF000000FF000000FF000000FF000000FF000000FF000000FF000000FF000000FF000000FF000000FF000000FF000000FF000000FF000000FF000000FF000000FF000000FF000000FF2BFD99FF2BFD99FF000000FF000000FF000000FF000000FF000000FF000000FF000000FF000000FF000000FF000000FF000000FF000000FF2BFD99FF2BFD99FF000000FF000000FF000000FF000000FF000000FF000000FF2BFD99FF2BFD99FF000000FF000000FF000000FF000000FF000000FF000000FF000000FF000000FF2BFD99FF2BFD99FF000000FF000000FF000000FF000000FF000000FF000000FF000000FF000000FF000000FF000000FF000000FF000000FF2BFD99FF2BFD99FF000000FF000000FF000000FF000000FF000000FF000000FF000000FF000000FF000000FF000000FF000000FF000000FF000000FF000000FF000000FF000000FF000000FF000000FF000000FF000000FF000000FF000000FF2BFD99FF2BFD99FF000000FF000000FF000000FF000000FF000000FF000000FF000000FF000000FF000000FF000000FF000000FF000000FF000000FF000000FF000000FF000000FF2BFD99FF2BFD99FF000000FF000000FF000000FF000000FF000000FF000000FF000000FF000000FF2BFD99FF2BFD99FF000000FF000000FF000000FF000000FF2BFD99FF2BFD99FF2BFD99FF2BFD99FF000000FF000000FF000000FF000000FF2BFD99FF2BFD99FF000000FF000000FF000000FF000000FF000000FF000000FF000000FF000000FF000000FF000000FF000000FF000000FF000000FF000000FF000000FF000000FF000000FF000000FF000000FF000000FF000000FF000000FF000000FF000000FF000000FF000000FF2BFD99FF2BFD99FF000000FF000000FF000000FF000000FF2BFD99FF2BFD99FF2BFD99FF2BFD99FF000000FF000000FF000000FF000000FF000000FF000000FF000000FF000000FF000000FF000000FF000000FF000000FF000000FF000000FF000000FF000000FF000000FF000000FF000000FF000000FF000000FF000000FF000000FF000000FF000000FF000000FF000000FF000000FF000000FF000000FF000000FF000000FF000000FF000000FF000000FF000000FF000000FF000000FF000000FF000000FF000000FF000000FF000000FF000000FF000000FF000000FF000000FF000000FF000000FF000000FF000000FF000000FF000000FF000000FF000000FF000000FF000000FF000000FF000000FF000000FF000000FF000000FF000000FF000000FF000000FF000000FF000000FF000000FF000000FF000000FF000000FF000000FF000000FF000000FF000000FF000000FF000000FF000000FF000000FF000000FF000000FF000000FF000000FF000000FF000000FF000000FF000000FF000000FF000000FF000000FF000000FF000000FF000000FF000000FF000000FF000000FF000000FF000000FF000000FF000000FF000000FF000000FF000000FF000000FF000000FF000000FF000000FF000000FF000000FF000000FF000000FF000000FF000000FF000000FF000000FF000000FF000000FF000000FF000000FF000000FF000000FF000000FF000000FF000000FF000000FF000000FF000000FF000000FF000000FF000000FF000000FF000000FF000000FF000000FF000000FF000000FF000000FF000000FF000000FF000000FF000000FF000000FF000000FF000000FF000000FF000000FF000000FF000000FF000000FF000000FF000000FF000000FF000000FF000000FF000000FF000000FF000000FF000000FF000000FF000000FF000000FF000000FF000000FF000000FF000000FF000000FF000000FF000000FF000000FF000000FF000000FF000000FF000000FF000000FF000000FF000000FF000000FF000000FF000000FF000000FF000000FF000000FF000000FF000000FF000000FF000000FF000000FF000000FF000000FF000000FF000000FF000000FF000000FF000000FF000000FF000000FF000000FF000000FF000000FF000000FF000000FF000000FF000000FF000000FF000000FF000000FF000000FF000000FF000000FF000000FF000000FF000000FF000000FF000000FF000000FF000000FF000000FF000000FF000000FF000000FF000000FF000000FF000000FF000000FF000000FF000000FF000000FF000000FF000000FF000000FF000000FF000000FF000000FF000000FF000000FF000000FF000000FF000000FF000000FF000000FF000000FF000000FF000000FF000000FF000000FF000000FF000000FF000000FF000000FF000000FF000000FF000000FF000000FF000000FF000000FF000000FF000000FF000000FF000000FF000000FF000000FF000000FF000000FF000000FF000000FF000000FF000000FF000000FF000000FF000000FF2BFD99FF2BFD99FF000000FF000000FF000000FF000000FF000000FF000000FF000000FF000000FF000000FF000000FF000000FF000000FF000000FF000000FF000000FF000000FF000000FF000000FF000000FF000000FF000000FF000000FF000000FF000000FF000000FF000000FF2BFD99FF2BFD99FF000000FF000000FF000000FF000000FF000000FF000000FF2BFD99FF2BFD99FF000000FF000000FF000000FF000000FF000000FF000000FF000000FF000000FF000000FF000000FF000000FF000000FF000000FF000000FF000000FF000000FF000000FF000000FF000000FF000000FF000000FF000000FF000000FF000000FF000000FF000000FF000000FF000000FF000000FF000000FF000000FF000000FF000000FF000000FF000000FF000000FF000000FF000000FF000000FF000000FF000000FF000000FF000000FF000000FF000000FF000000FF000000FF000000FF000000FF000000FF000000FF000000FF000000FF000000FF000000FF000000FF000000FF000000FF000000FF000000FF000000FF000000FF000000FF000000FF000000FF000000FF000000FF000000FF000000FF000000FF000000FF000000FF000000FF000000FF000000FF000000FF000000FF000000FF000000FF000000FF000000FF000000FF000000FF000000FF000000FF000000FF000000FF000000FF000000FF000000FF000000FF000000FF000000FF000000FF000000FF000000FF000000FF000000FF000000FF000000FF000000FF000000FF2BFD99FF2BFD99FF000000FF000000FF000000FF000000FF000000FF000000FF000000FF000000FF000000FF000000FF000000FF000000FF2BFD99FF2BFD99FF000000FF000000FF000000FF000000FF000000FF000000FF2BFD99FF2BFD99FF000000FF000000FF000000FF000000FF000000FF000000FF000000FF000000FF2BFD99FF2BFD99FF000000FF000000FF000000FF000000FF000000FF000000FF000000FF000000FF000000FF000000FF000000FF000000FF2BFD99FF2BFD99FF000000FF000000FF000000FF000000FF000000FF000000FF000000FF000000FF000000FF000000FF000000FF000000FF000000FF000000FF000000FF000000FF000000FF000000FF000000FF000000FF000000FF000000FF2BFD99FF2BFD99FF000000FF000000FF000000FF000000FF000000FF000000FF000000FF000000FF000000FF000000FF000000FF000000FF000000FF000000FF000000FF000000FF2BFD99FF2BFD99FF000000FF000000FF000000FF000000FF000000FF000000FF000000FF000000FF2BFD99FF2BFD99FF000000FF000000FF000000FF000000FF000000FF000000FF2BFD99FF2BFD99FF000000FF000000FF000000FF000000FF2BFD99FF2BFD99FF000000FF000000FF000000FF000000FF000000FF000000FF000000FF000000FF000000FF000000FF000000FF000000FF000000FF000000FF000000FF000000FF000000FF000000FF000000FF000000FF000000FF000000FF000000FF000000FF000000FF000000FF2BFD99FF2BFD99FF000000FF000000FF000000FF000000FF000000FF000000FF2BFD99FF2BFD99FF000000FF000000FF000000FF000000FF000000FF000000FF000000FF000000FF000000FF000000FF000000FF000000FF000000FF000000FF000000FF000000FF000000FF000000FF000000FF000000FF000000FF000000FF000000FF000000FF000000FF000000FF000000FF000000FF000000FF000000FF000000FF000000FF000000FF000000FF000000FF000000FF000000FF000000FF000000FF000000FF000000FF000000FF000000FF000000FF000000FF000000FF000000FF000000FF000000FF000000FF000000FF000000FF000000FF000000FF000000FF000000FF000000FF000000FF000000FF000000FF000000FF000000FF000000FF000000FF000000FF000000FF000000FF000000FF000000FF000000FF000000FF000000FF000000FF000000FF000000FF000000FF000000FF000000FF000000FF000000FF000000FF000000FF000000FF000000FF000000FF000000FF000000FF000000FF000000FF000000FF000000FF000000FF000000FF000000FF000000FF000000FF000000FF000000FF000000FF000000FF000000FF000000FF000000FF000000FF000000FF000000FF000000FF000000FF000000FF000000FF000000FF000000FF000000FF000000FF000000FF000000FF000000FF000000FF000000FF000000FF000000FF000000FF000000FF000000FF000000FF000000FF000000FF000000FF000000FF000000FF000000FF000000FF000000FF000000FF000000FF000000FF000000FF000000FF000000FF000000FF000000FF000000FF000000FF000000FF000000FF000000FF000000FF000000FF000000FF000000FF000000FF000000FF000000FF000000FF000000FF000000FF000000FF000000FF000000FF000000FF000000FF000000FF000000FF000000FF000000FF000000FF000000FF000000FF000000FF000000FF000000FF000000FF000000FF000000FF000000FF000000FF000000FF000000FF000000FF000000FF000000FF000000FF000000FF000000FF000000FF000000FF000000FF000000FF000000FF000000FF000000FF000000FF000000FF000000FF000000FF000000FF000000FF000000FF000000FF000000FF000000FF000000FF000000FF000000FF000000FF000000FF000000FF000000FF000000FF000000FF000000FF000000FF000000FF000000FF000000FF000000FF000000FF000000FF000000FF000000FF000000FF000000FF000000FF000000FF000000FF000000FF000000FF000000FF000000FF000000FF000000FF000000FF000000FF000000FF000000FF000000FF000000FF000000FF000000FF000000FF000000FF000000FF000000FF000000FF000000FF000000FF000000FF000000FF000000FF000000FF000000FF000000FF000000FF000000FF000000FF000000FF000000FF000000FF000000FF000000FF000000FF000000FF000000FF000000FF000000FF000000FF000000FF000000FF000000FF000000FF2BFD99FF2BFD99FF000000FF000000FF000000FF000000FF000000FF000000FF000000FF000000FF000000FF000000FF000000FF000000FF000000FF000000FF000000FF000000FF000000FF000000FF000000FF000000FF000000FF000000FF000000FF000000FF000000FF000000FF2BFD99FF2BFD99FF000000FF000000FF000000FF000000FF000000FF000000FF2BFD99FF2BFD99FF000000FF000000FF000000FF000000FF000000FF000000FF000000FF000000FF000000FF000000FF000000FF000000FF000000FF000000FF000000FF000000FF000000FF000000FF000000FF000000FF000000FF000000FF000000FF000000FF000000FF000000FF000000FF000000FF000000FF000000FF000000FF000000FF000000FF000000FF000000FF000000FF000000FF000000FF000000FF000000FF000000FF000000FF000000FF000000FF000000FF000000FF000000FF000000FF000000FF000000FF000000FF000000FF000000FF000000FF000000FF000000FF000000FF000000FF000000FF000000FF000000FF000000FF000000FF000000FF000000FF000000FF000000FF000000FF000000FF000000FF000000FF000000FF000000FF000000FF000000FF000000FF000000FF000000FF000000FF000000FF000000FF000000FF000000FF000000FF000000FF000000FF000000FF000000FF000000FF000000FF000000FF000000FF000000FF000000FF000000FF000000FF000000FF000000FF000000FF000000FF000000FF000000FF2BFD99FF2BFD99FF000000FF000000FF000000FF000000FF000000FF000000FF000000FF000000FF000000FF000000FF000000FF000000FF2BFD99FF2BFD99FF000000FF000000FF000000FF000000FF000000FF000000FF2BFD99FF2BFD99FF000000FF000000FF000000FF000000FF000000FF000000FF000000FF000000FF2BFD99FF2BFD99FF000000FF000000FF000000FF000000FF000000FF000000FF000000FF000000FF000000FF000000FF000000FF000000FF2BFD99FF2BFD99FF000000FF000000FF000000FF000000FF000000FF000000FF000000FF000000FF000000FF000000FF000000FF000000FF000000FF000000FF000000FF000000FF000000FF000000FF000000FF000000FF000000FF000000FF2BFD99FF2BFD99FF000000FF000000FF000000FF000000FF000000FF000000FF000000FF000000FF000000FF000000FF000000FF000000FF000000FF000000FF000000FF000000FF2BFD99FF2BFD99FF000000FF000000FF000000FF000000FF000000FF000000FF000000FF000000FF2BFD99FF2BFD99FF000000FF000000FF000000FF000000FF000000FF000000FF2BFD99FF2BFD99FF000000FF000000FF000000FF000000FF2BFD99FF2BFD99FF000000FF000000FF000000FF000000FF000000FF000000FF000000FF000000FF000000FF000000FF000000FF000000FF000000FF000000FF000000FF000000FF000000FF000000FF000000FF000000FF000000FF000000FF000000FF000000FF000000FF000000FF2BFD99FF2BFD99FF000000FF000000FF000000FF000000FF000000FF000000FF2BFD99FF2BFD99FF000000FF000000FF000000FF000000FF000000FF000000FF000000FF000000FF000000FF000000FF000000FF000000FF000000FF000000FF000000FF000000FF000000FF000000FF000000FF000000FF000000FF000000FF000000FF000000FF000000FF000000FF000000FF000000FF000000FF000000FF000000FF000000FF000000FF000000FF000000FF000000FF000000FF000000FF000000FF000000FF000000FF000000FF000000FF000000FF000000FF000000FF000000FF000000FF000000FF000000FF000000FF000000FF000000FF000000FF000000FF000000FF000000FF000000FF000000FF000000FF000000FF000000FF000000FF000000FF000000FF000000FF000000FF000000FF000000FF000000FF000000FF000000FF000000FF000000FF000000FF000000FF000000FF000000FF000000FF000000FF000000FF000000FF000000FF000000FF000000FF000000FF000000FF000000FF000000FF000000FF000000FF000000FF000000FF000000FF000000FF000000FF000000FF000000FF000000FF000000FF000000FF000000FF000000FF000000FF000000FF000000FF000000FF000000FF000000FF000000FF000000FF000000FF000000FF000000FF000000FF000000FF000000FF000000FF000000FF000000FF000000FF000000FF000000FF000000FF000000FF000000FF000000FF000000FF000000FF000000FF000000FF000000FF000000FF000000FF000000FF000000FF000000FF000000FF000000FF000000FF000000FF000000FF000000FF000000FF000000FF000000FF000000FF000000FF000000FF000000FF000000FF000000FF000000FF000000FF000000FF000000FF000000FF000000FF000000FF000000FF000000FF000000FF000000FF000000FF000000FF000000FF000000FF000000FF000000FF000000FF000000FF000000FF000000FF000000FF000000FF000000FF000000FF000000FF000000FF000000FF000000FF000000FF000000FF000000FF000000FF000000FF000000FF000000FF000000FF000000FF000000FF000000FF000000FF000000FF000000FF000000FF000000FF000000FF000000FF000000FF000000FF000000FF000000FF000000FF000000FF000000FF000000FF000000FF000000FF000000FF000000FF000000FF000000FF000000FF000000FF000000FF000000FF000000FF000000FF000000FF000000FF000000FF000000FF000000FF000000FF000000FF000000FF000000FF000000FF000000FF000000FF000000FF000000FF000000FF000000FF000000FF000000FF000000FF000000FF000000FF000000FF000000FF000000FF000000FF000000FF000000FF000000FF000000FF000000FF000000FF000000FF000000FF000000FF000000FF000000FF000000FF000000FF000000FF000000FF000000FF000000FF000000FF000000FF000000FF000000FF000000FF000000FF000000FF000000FF000000FF2BFD99FF2BFD99FF2BFD99FF2BFD99FF2BFD99FF2BFD99FF2BFD99FF2BFD99FF2BFD99FF2BFD99FF000000FF000000FF000000FF000000FF000000FF000000FF000000FF000000FF000000FF000000FF000000FF000000FF000000FF000000FF000000FF000000FF000000FF000000FF2BFD99FF2BFD99FF000000FF000000FF000000FF000000FF000000FF000000FF2BFD99FF2BFD99FF000000FF000000FF000000FF000000FF000000FF000000FF000000FF000000FF000000FF000000FF000000FF000000FF000000FF000000FF000000FF000000FF000000FF000000FF000000FF000000FF000000FF000000FF000000FF000000FF000000FF000000FF000000FF000000FF000000FF000000FF000000FF000000FF000000FF000000FF000000FF000000FF000000FF000000FF000000FF000000FF000000FF000000FF000000FF000000FF000000FF000000FF000000FF000000FF000000FF000000FF000000FF000000FF000000FF000000FF000000FF000000FF000000FF000000FF000000FF000000FF000000FF000000FF000000FF000000FF000000FF000000FF000000FF000000FF000000FF000000FF000000FF000000FF000000FF000000FF000000FF000000FF000000FF000000FF000000FF000000FF000000FF000000FF000000FF000000FF000000FF000000FF000000FF000000FF000000FF000000FF000000FF000000FF000000FF000000FF000000FF000000FF000000FF000000FF000000FF000000FF000000FF000000FF2BFD99FF2BFD99FF2BFD99FF2BFD99FF2BFD99FF2BFD99FF2BFD99FF2BFD99FF2BFD99FF2BFD99FF000000FF000000FF000000FF000000FF2BFD99FF2BFD99FF2BFD99FF2BFD99FF2BFD99FF2BFD99FF2BFD99FF2BFD99FF000000FF000000FF000000FF000000FF000000FF000000FF000000FF000000FF2BFD99FF2BFD99FF2BFD99FF2BFD99FF2BFD99FF2BFD99FF000000FF000000FF000000FF000000FF000000FF000000FF000000FF000000FF000000FF000000FF2BFD99FF2BFD99FF000000FF000000FF000000FF000000FF000000FF000000FF000000FF000000FF000000FF000000FF000000FF000000FF000000FF000000FF000000FF000000FF000000FF000000FF000000FF000000FF000000FF000000FF2BFD99FF2BFD99FF2BFD99FF2BFD99FF2BFD99FF2BFD99FF2BFD99FF2BFD99FF2BFD99FF2BFD99FF000000FF000000FF000000FF000000FF000000FF000000FF2BFD99FF2BFD99FF2BFD99FF2BFD99FF2BFD99FF2BFD99FF000000FF000000FF000000FF000000FF000000FF000000FF2BFD99FF2BFD99FF000000FF000000FF000000FF000000FF000000FF000000FF2BFD99FF2BFD99FF000000FF000000FF000000FF000000FF2BFD99FF2BFD99FF2BFD99FF2BFD99FF2BFD99FF2BFD99FF2BFD99FF2BFD99FF2BFD99FF2BFD99FF000000FF000000FF000000FF000000FF000000FF000000FF000000FF000000FF000000FF000000FF000000FF000000FF000000FF000000FF000000FF000000FF000000FF000000FF2BFD99FF2BFD99FF000000FF000000FF000000FF000000FF000000FF000000FF2BFD99FF2BFD99FF000000FF000000FF000000FF000000FF000000FF000000FF000000FF000000FF000000FF000000FF000000FF000000FF000000FF000000FF000000FF000000FF000000FF000000FF000000FF000000FF000000FF000000FF000000FF000000FF000000FF000000FF000000FF000000FF000000FF000000FF000000FF000000FF000000FF000000FF000000FF000000FF000000FF000000FF000000FF000000FF000000FF000000FF000000FF000000FF000000FF000000FF000000FF000000FF000000FF000000FF000000FF000000FF000000FF000000FF000000FF000000FF000000FF000000FF000000FF000000FF000000FF000000FF000000FF000000FF000000FF000000FF000000FF000000FF000000FF000000FF000000FF000000FF000000FF000000FF000000FF000000FF000000FF000000FF000000FF000000FF000000FF000000FF000000FF000000FF000000FF000000FF000000FF000000FF000000FF000000FF000000FF000000FF000000FF000000FF000000FF000000FF000000FF000000FF000000FF000000FF000000FF000000FF000000FF000000FF000000FF000000FF000000FF000000FF000000FF000000FF000000FF000000FF000000FF000000FF000000FF000000FF000000FF000000FF000000FF000000FF000000FF000000FF000000FF000000FF000000FF000000FF000000FF000000FF000000FF000000FF000000FF000000FF000000FF000000FF000000FF000000FF000000FF000000FF000000FF000000FF000000FF000000FF000000FF000000FF000000FF000000FF000000FF000000FF000000FF000000FF000000FF000000FF000000FF000000FF000000FF000000FF000000FF000000FF000000FF000000FF000000FF000000FF000000FF000000FF000000FF000000FF000000FF000000FF000000FF000000FF000000FF000000FF000000FF000000FF000000FF000000FF000000FF000000FF000000FF000000FF000000FF000000FF000000FF000000FF000000FF000000FF000000FF000000FF000000FF000000FF000000FF000000FF000000FF000000FF000000FF000000FF000000FF000000FF000000FF000000FF000000FF000000FF000000FF000000FF000000FF000000FF000000FF000000FF000000FF000000FF000000FF000000FF000000FF000000FF000000FF000000FF000000FF000000FF000000FF000000FF000000FF000000FF000000FF000000FF000000FF000000FF000000FF000000FF000000FF000000FF000000FF000000FF000000FF000000FF000000FF000000FF000000FF000000FF000000FF000000FF000000FF000000FF000000FF000000FF000000FF000000FF000000FF000000FF000000FF000000FF000000FF000000FF000000FF000000FF000000FF000000FF000000FF000000FF000000FF000000FF000000FF000000FF000000FF000000FF000000FF000000FF000000FF000000FF000000FF000000FF2BFD99FF2BFD99FF2BFD99FF2BFD99FF2BFD99FF2BFD99FF2BFD99FF2BFD99FF2BFD99FF2BFD99FF000000FF000000FF000000FF000000FF000000FF000000FF000000FF000000FF000000FF000000FF000000FF000000FF000000FF000000FF000000FF000000FF000000FF000000FF2BFD99FF2BFD99FF000000FF000000FF000000FF000000FF000000FF000000FF2BFD99FF2BFD99FF000000FF000000FF000000FF000000FF000000FF000000FF000000FF000000FF000000FF000000FF000000FF000000FF000000FF000000FF000000FF000000FF000000FF000000FF000000FF000000FF000000FF000000FF000000FF000000FF000000FF000000FF000000FF000000FF000000FF000000FF000000FF000000FF000000FF000000FF000000FF000000FF000000FF000000FF000000FF000000FF000000FF000000FF000000FF000000FF000000FF000000FF000000FF000000FF000000FF000000FF000000FF000000FF000000FF000000FF000000FF000000FF000000FF000000FF000000FF000000FF000000FF000000FF000000FF000000FF000000FF000000FF000000FF000000FF000000FF000000FF000000FF000000FF000000FF000000FF000000FF000000FF000000FF000000FF000000FF000000FF000000FF000000FF000000FF000000FF000000FF000000FF000000FF000000FF000000FF000000FF000000FF000000FF000000FF000000FF000000FF000000FF000000FF000000FF000000FF000000FF000000FF000000FF2BFD99FF2BFD99FF2BFD99FF2BFD99FF2BFD99FF2BFD99FF2BFD99FF2BFD99FF2BFD99FF2BFD99FF000000FF000000FF000000FF000000FF2BFD99FF2BFD99FF2BFD99FF2BFD99FF2BFD99FF2BFD99FF2BFD99FF2BFD99FF000000FF000000FF000000FF000000FF000000FF000000FF000000FF000000FF2BFD99FF2BFD99FF2BFD99FF2BFD99FF2BFD99FF2BFD99FF000000FF000000FF000000FF000000FF000000FF000000FF000000FF000000FF000000FF000000FF2BFD99FF2BFD99FF000000FF000000FF000000FF000000FF000000FF000000FF000000FF000000FF000000FF000000FF000000FF000000FF000000FF000000FF000000FF000000FF000000FF000000FF000000FF000000FF000000FF000000FF2BFD99FF2BFD99FF2BFD99FF2BFD99FF2BFD99FF2BFD99FF2BFD99FF2BFD99FF2BFD99FF2BFD99FF000000FF000000FF000000FF000000FF000000FF000000FF2BFD99FF2BFD99FF2BFD99FF2BFD99FF2BFD99FF2BFD99FF000000FF000000FF000000FF000000FF000000FF000000FF2BFD99FF2BFD99FF000000FF000000FF000000FF000000FF000000FF000000FF2BFD99FF2BFD99FF000000FF000000FF000000FF000000FF2BFD99FF2BFD99FF2BFD99FF2BFD99FF2BFD99FF2BFD99FF2BFD99FF2BFD99FF2BFD99FF2BFD99FF000000FF000000FF000000FF000000FF000000FF000000FF000000FF000000FF000000FF000000FF000000FF000000FF000000FF000000FF000000FF000000FF000000FF000000FF2BFD99FF2BFD99FF000000FF000000FF000000FF000000FF000000FF000000FF2BFD99FF2BFD99FF000000FF000000FF000000FF000000FF000000FF000000FF000000FF000000FF000000FF000000FF000000FF000000FF000000FF000000FF000000FF000000FF000000FF000000FF000000FF000000FF000000FF000000FF000000FF000000FF000000FF000000FF000000FF000000FF000000FF000000FF000000FF000000FF000000FF000000FF000000FF000000FF000000FF000000FF000000FF000000FF000000FF000000FF000000FF000000FF000000FF000000FF000000FF000000FF000000FF000000FF000000FF000000FF000000FF000000FF000000FF000000FF000000FF000000FF000000FF000000FF000000FF000000FF000000FF000000FF000000FF000000FF000000FF000000FF000000FF000000FF000000FF000000FF000000FF000000FF000000FF000000FF000000FF000000FF000000FF000000FF000000FF000000FF000000FF000000FF000000FF000000FF000000FF000000FF000000FF000000FF000000FF000000FF000000FF000000FF000000FF000000FF000000FF000000FF000000FF000000FF000000FF000000FF000000FF000000FF000000FF000000FF000000FF000000FF000000FF000000FF000000FF000000FF000000FF000000FF000000FF000000FF000000FF000000FF000000FF000000FF000000FF000000FF000000FF000000FF000000FF000000FF000000FF000000FF000000FF000000FF000000FF000000FF000000FF000000FF000000FF000000FF000000FF000000FF000000FF000000FF000000FF000000FF000000FF000000FF000000FF000000FF000000FF000000FF000000FF000000FF000000FF000000FF000000FF000000FF000000FF000000FF000000FF000000FF000000FF000000FF000000FF000000FF000000FF000000FF000000FF000000FF000000FF000000FF000000FF000000FF000000FF000000FF000000FF000000FF000000FF000000FF000000FF000000FF000000FF000000FF000000FF000000FF000000FF000000FF000000FF000000FF000000FF000000FF000000FF000000FF000000FF000000FF000000FF000000FF000000FF000000FF000000FF000000FF000000FF000000FF000000FF000000FF000000FF000000FF000000FF000000FF000000FF000000FF000000FF000000FF000000FF000000FF000000FF000000FF000000FF000000FF000000FF000000FF000000FF000000FF000000FF000000FF000000FF000000FF000000FF000000FF000000FF000000FF000000FF000000FF000000FF000000FF000000FF000000FF000000FF000000FF000000FF000000FF000000FF000000FF000000FF000000FF000000FF000000FF000000FF000000FF000000FF000000FF000000FF000000FF000000FF000000FF000000FF000000FF000000FF000000FF000000FF000000FF000000FF000000FF000000FF000000FF000000FF000000FF000000FF000000FF000000FF000000FF000000FF000000FF000000FF000000FF000000FF000000FF000000FF000000FF000000FF000000FF000000FF000000FF000000FF000000FF000000FF000000FF000000FF000000FF000000FF000000FF000000FF000000FF000000FF000000FF000000FF000000FF000000FF000000FF000000FF000000FF000000FF000000FF000000FF000000FF000000FF000000FF000000FF000000FF000000FF000000FF000000FF000000FF000000FF000000FF000000FF000000FF000000FF000000FF000000FF000000FF000000FF000000FF000000FF000000FF000000FF000000FF000000FF000000FF000000FF000000FF000000FF000000FF000000FF000000FF000000FF000000FF000000FF000000FF000000FF000000FF000000FF000000FF000000FF000000FF000000FF000000FF000000FF000000FF000000FF000000FF000000FF000000FF000000FF000000FF000000FF000000FF000000FF000000FF000000FF000000FF000000FF000000FF000000FF000000FF000000FF000000FF000000FF000000FF000000FF000000FF000000FF000000FF000000FF000000FF000000FF000000FF000000FF000000FF000000FF000000FF000000FF000000FF000000FF000000FF000000FF000000FF000000FF000000FF000000FF000000FF000000FF000000FF000000FF000000FF000000FF000000FF000000FF000000FF000000FF000000FF000000FF000000FF000000FF000000FF000000FF000000FF000000FF000000FF000000FF000000FF000000FF000000FF000000FF000000FF000000FF000000FF000000FF000000FF000000FF000000FF000000FF000000FF000000FF000000FF000000FF000000FF000000FF000000FF000000FF000000FF000000FF000000FF000000FF000000FF000000FF000000FF000000FF000000FF000000FF000000FF000000FF000000FF000000FF000000FF000000FF000000FF000000FF000000FF000000FF000000FF000000FF000000FF000000FF000000FF000000FF000000FF000000FF000000FF000000FF000000FF000000FF000000FF000000FF000000FF000000FF000000FF000000FF000000FF000000FF000000FF000000FF000000FF000000FF000000FF000000FF000000FF000000FF000000FF000000FF000000FF000000FF000000FF000000FF000000FF000000FF000000FF000000FF000000FF000000FF000000FF000000FF000000FF000000FF000000FF000000FF000000FF000000FF000000FF000000FF000000FF000000FF000000FF000000FF000000FF000000FF000000FF000000FF000000FF000000FF000000FF000000FF000000FF000000FF000000FF000000FF000000FF000000FF000000FF000000FF000000FF000000FF000000FF000000FF000000FF000000FF000000FF000000FF000000FF000000FF000000FF000000FF000000FF000000FF000000FF000000FF000000FF000000FF000000FF000000FF000000FF000000FF000000FF000000FF000000FF000000FF000000FF000000FF000000FF000000FF000000FF000000FF000000FF000000FF000000FF000000FF000000FF000000FF000000FF000000FF000000FF000000FF000000FF000000FF000000FF000000FF000000FF000000FF000000FF000000FF000000FF000000FF000000FF000000FF000000FF000000FF000000FF000000FF000000FF000000FF000000FF000000FF000000FF000000FF000000FF000000FF000000FF000000FF000000FF000000FF000000FF000000FF000000FF000000FF000000FF000000FF000000FF000000FF000000FF000000FF000000FF000000FF000000FF000000FF000000FF000000FF000000FF000000FF000000FF000000FF000000FF000000FF000000FF000000FF000000FF000000FF000000FF000000FF000000FF000000FF000000FF000000FF000000FF000000FF000000FF000000FF000000FF000000FF000000FF000000FF000000FF000000FF000000FF000000FF000000FF000000FF000000FF000000FF000000FF000000FF000000FF000000FF000000FF000000FF000000FF000000FF000000FF000000FF000000FF000000FF000000FF000000FF000000FF000000FF000000FF000000FF000000FF000000FF000000FF000000FF000000FF000000FF000000FF000000FF000000FF000000FF000000FF000000FF000000FF000000FF000000FF000000FF000000FF000000FF000000FF000000FF000000FF000000FF000000FF000000FF000000FF000000FF000000FF000000FF000000FF000000FF000000FF000000FF000000FF000000FF000000FF000000FF000000FF000000FF000000FF000000FF000000FF000000FF000000FF000000FF000000FF000000FF000000FF000000FF000000FF000000FF000000FF000000FF000000FF000000FF000000FF000000FF000000FF000000FF000000FF000000FF000000FF000000FF000000FF000000FF000000FF000000FF000000FF000000FF000000FF000000FF000000FF000000FF000000FF000000FF000000FF000000FF000000FF000000FF000000FF000000FF000000FF000000FF000000FF000000FF000000FF000000FF000000FF000000FF000000FF000000FF000000FF000000FF000000FF000000FF000000FF000000FF000000FF000000FF000000FF000000FF000000FF000000FF000000FF000000FF000000FF000000FF000000FF000000FF000000FF000000FF000000FF000000FF000000FF000000FF000000FF000000FF000000FF000000FF000000FF000000FF000000FF000000FF000000FF000000FF000000FF000000FF000000FF000000FF000000FF000000FF000000FF000000FF000000FF000000FF000000FF000000FF000000FF000000FF000000FF000000FF000000FF000000FF000000FF000000FF000000FF000000FF000000FF000000FF000000FF000000FF000000FF000000FF000000FF000000FF000000FF000000FF000000FF000000FF000000FF000000FF000000FF000000FF000000FF000000FF000000FF000000FF000000FF000000FF000000FF000000FF000000FF000000FF000000FF000000FF000000FF000000FF000000FF000000FF000000FF000000FF000000FF000000FF000000FF000000FF000000FF000000FF000000FF000000FF000000FF000000FF000000FF000000FF000000FF000000FF000000FF000000FF000000FF000000FF000000FF000000FF000000FF000000FF000000FF000000FF000000FF000000FF000000FF000000FF000000FF000000FF000000FF000000FF000000FF000000FF000000FF000000FF000000FF000000FF000000FF000000FF000000FF000000FF000000FF000000FF000000FF000000FF000000FF000000FF000000FF000000FF000000FF000000FF000000FF000000FF000000FF000000FF000000FF000000FF000000FF000000FF000000FF000000FF000000FF000000FF000000FF000000FF000000FF000000FF000000FF000000FF000000FF000000FF000000FF000000FF000000FF000000FF000000FF000000FF000000FF000000FF000000FF000000FF000000FF000000FF000000FF000000FF000000FF000000FF000000FF000000FF000000FF000000FF000000FF000000FF000000FF000000FF000000FF000000FF000000FF000000FF000000FF000000FF000000FF000000FF000000FF000000FF000000FF000000FF000000FF000000FF000000FF000000FF000000FF000000FF000000FF000000FF000000FF000000FF000000FF000000FF000000FF000000FF000000FF000000FF000000FF000000FF000000FF000000FF000000FF000000FF000000FF000000FF000000FF000000FF000000FF000000FF000000FF000000FF000000FF000000FF000000FF000000FF000000FF000000FF000000FF000000FF000000FF000000FF000000FF000000FF000000FF000000FF000000FF000000FF000000FF000000FF000000FF000000FF000000FF000000FF000000FF000000FF000000FF000000FF000000FF000000FF000000FF000000FF000000FF000000FF000000FF000000FF000000FF000000FF000000FF000000FF000000FF000000FF000000FF000000FF000000FF000000FF000000FF000000FF000000FF000000FF000000FF000000FF000000FF000000FF000000FF000000FF000000FF000000FF000000FF000000FF000000FF000000FF000000FF000000FF000000FF000000FF000000FF000000FF000000FF000000FF000000FF000000FF000000FF000000FF000000FF000000FF000000FF000000FF000000FF000000FF000000FF000000FF000000FF000000FF000000FF000000FF000000FF000000FF000000FF000000FF000000FF000000FF000000FF000000FF000000FF000000FF000000FF000000FF000000FF000000FF000000FF000000FF000000FF000000FF000000FF000000FF000000FF000000FF000000FF000000FF000000FF000000FF000000FF000000FF000000FF000000FF000000FF000000FF000000FF000000FF000000FF000000FF000000FF000000FF000000FF000000FF000000FF000000FF000000FF000000FF000000FF000000FF000000FF000000FF000000FF000000FF000000FF000000FF000000FF000000FF000000FF000000FF000000FF000000FF000000FF000000FF000000FF000000FF000000FF000000FF000000FF000000FF000000FF000000FF000000FF000000FF000000FF000000FF000000FF000000FF000000FF000000FF000000FF000000FF000000FF000000FF000000FF000000FF000000FF000000FF000000FF000000FF000000FF000000FF000000FF000000FF000000FF000000FF000000FF000000FF000000FF000000FF000000FF000000FF000000FF000000FF000000FF000000FF000000FF000000FF000000FF000000FF000000FF000000FF000000FF000000FF000000FF000000FF000000FF000000FF000000FF000000FF000000FF000000FF000000FF000000FF000000FF000000FF000000FF000000FF000000FF000000FF000000FF000000FF000000FF000000FF000000FF000000FF000000FF000000FF000000FF000000FF000000FF000000FF000000FF000000FF000000FF000000FF000000FF000000FF000000FF000000FF000000FF000000FF000000FF000000FF000000FF000000FF000000FF000000FF000000FF000000FF000000FF000000FF000000FF000000FF000000FF000000FF000000FF000000FF000000FF000000FF000000FF000000FF000000FF000000FF000000FF000000FF000000FF000000FF000000FF000000FF000000FF000000FF000000FF000000FF000000FF000000FF000000FF000000FF000000FF000000FF000000FF000000FF000000FF000000FF000000FF000000FF000000FF000000FF000000FF000000FF000000FF000000FF000000FF000000FF000000FF000000FF000000FF000000FF000000FF000000FF000000FF000000FF000000FF000000FF000000FF000000FF000000FF000000FF000000FF000000FF000000FF000000FF000000FF000000FF000000FF000000FF000000FF000000FF000000FF000000FF000000FF000000FF000000FF000000FF000000FF000000FF000000FF000000FF000000FF000000FF000000FF000000FF000000FF000000FF000000FF000000FF000000FF000000FF000000FF000000FF000000FF000000FF000000FF000000FF000000FF000000FF000000FF000000FF000000FF000000FF000000FF000000FF000000FF000000FF000000FF000000FF000000FF000000FF000000FF000000FF000000FF000000FF000000FF000000FF000000FF000000FF000000FF000000FF000000FF000000FF000000FF000000FF000000FF000000FF000000FF000000FF000000FF000000FF000000FF000000FF000000FF000000FF000000FF000000FF000000FF000000FF000000FF000000FF000000FF000000FF000000FF000000FF000000FF000000FF000000FF000000FF000000FF000000FF000000FF000000FF000000FF000000FF000000FF000000FF000000FF000000FF000000FF000000FF000000FF000000FF000000FF000000FF000000FF000000FF000000FF000000FF000000FF000000FF000000FF000000FF000000FF000000FF000000FF000000FF000000FF000000FF000000FF000000FF000000FF2BFD99FF2BFD99FF2BFD99FF2BFD99FF2BFD99FF2BFD99FF2BFD99FF2BFD99FF2BFD99FF2BFD99FF000000FF000000FF000000FF000000FF000000FF000000FF000000FF000000FF000000FF000000FF000000FF000000FF000000FF000000FF000000FF000000FF000000FF000000FF000000FF000000FF2BFD99FF2BFD99FF2BFD99FF2BFD99FF2BFD99FF2BFD99FF000000FF000000FF000000FF000000FF000000FF000000FF2BFD99FF2BFD99FF2BFD99FF2BFD99FF2BFD99FF2BFD99FF2BFD99FF2BFD99FF2BFD99FF2BFD99FF000000FF000000FF000000FF000000FF2BFD99FF2BFD99FF2BFD99FF2BFD99FF2BFD99FF2BFD99FF2BFD99FF2BFD99FF000000FF000000FF000000FF000000FF000000FF000000FF000000FF000000FF000000FF000000FF000000FF000000FF000000FF000000FF000000FF000000FF000000FF000000FF000000FF000000FF000000FF000000FF000000FF000000FF000000FF000000FF000000FF000000FF000000FF000000FF000000FF000000FF000000FF000000FF000000FF000000FF000000FF000000FF000000FF000000FF000000FF000000FF000000FF000000FF000000FF000000FF000000FF000000FF000000FF000000FF000000FF000000FF000000FF000000FF000000FF000000FF000000FF000000FF000000FF000000FF000000FF000000FF000000FF000000FF000000FF000000FF000000FF000000FF000000FF000000FF000000FF000000FF000000FF000000FF000000FF000000FF2BFD99FF2BFD99FF2BFD99FF2BFD99FF2BFD99FF2BFD99FF2BFD99FF2BFD99FF2BFD99FF2BFD99FF000000FF000000FF000000FF000000FF000000FF000000FF2BFD99FF2BFD99FF2BFD99FF2BFD99FF2BFD99FF2BFD99FF000000FF000000FF000000FF000000FF000000FF000000FF2BFD99FF2BFD99FF000000FF000000FF000000FF000000FF000000FF000000FF2BFD99FF2BFD99FF000000FF000000FF000000FF000000FF2BFD99FF2BFD99FF2BFD99FF2BFD99FF2BFD99FF2BFD99FF2BFD99FF2BFD99FF000000FF000000FF000000FF000000FF000000FF000000FF000000FF000000FF000000FF000000FF000000FF000000FF000000FF000000FF000000FF000000FF000000FF000000FF000000FF000000FF000000FF000000FF2BFD99FF2BFD99FF2BFD99FF2BFD99FF2BFD99FF2BFD99FF000000FF000000FF000000FF000000FF000000FF000000FF2BFD99FF2BFD99FF2BFD99FF2BFD99FF2BFD99FF2BFD99FF2BFD99FF2BFD99FF2BFD99FF2BFD99FF000000FF000000FF000000FF000000FF2BFD99FF2BFD99FF2BFD99FF2BFD99FF2BFD99FF2BFD99FF2BFD99FF2BFD99FF000000FF000000FF000000FF000000FF000000FF000000FF000000FF000000FF2BFD99FF2BFD99FF2BFD99FF2BFD99FF2BFD99FF2BFD99FF000000FF000000FF000000FF000000FF000000FF000000FF2BFD99FF2BFD99FF000000FF000000FF000000FF000000FF000000FF000000FF2BFD99FF2BFD99FF000000FF000000FF000000FF000000FF000000FF000000FF2BFD99FF2BFD99FF2BFD99FF2BFD99FF2BFD99FF2BFD99FF2BFD99FF2BFD99FF000000FF000000FF000000FF000000FF000000FF000000FF000000FF000000FF000000FF000000FF000000FF000000FF000000FF000000FF000000FF000000FF000000FF000000FF000000FF000000FF000000FF000000FF000000FF000000FF000000FF000000FF000000FF000000FF000000FF000000FF000000FF000000FF000000FF000000FF000000FF000000FF000000FF000000FF000000FF000000FF000000FF000000FF000000FF000000FF000000FF000000FF000000FF000000FF000000FF000000FF000000FF000000FF000000FF000000FF000000FF000000FF000000FF000000FF000000FF000000FF000000FF000000FF000000FF000000FF000000FF000000FF000000FF000000FF000000FF000000FF000000FF000000FF000000FF000000FF000000FF000000FF000000FF000000FF000000FF000000FF000000FF000000FF000000FF000000FF000000FF000000FF000000FF000000FF000000FF000000FF000000FF000000FF000000FF000000FF000000FF000000FF000000FF000000FF000000FF000000FF000000FF000000FF000000FF000000FF000000FF000000FF000000FF000000FF000000FF000000FF000000FF000000FF000000FF000000FF000000FF000000FF000000FF000000FF000000FF000000FF000000FF000000FF000000FF000000FF000000FF000000FF000000FF000000FF000000FF000000FF000000FF000000FF000000FF000000FF000000FF000000FF000000FF000000FF000000FF000000FF000000FF000000FF000000FF000000FF000000FF000000FF000000FF000000FF000000FF000000FF000000FF000000FF000000FF000000FF000000FF000000FF000000FF000000FF000000FF000000FF000000FF000000FF000000FF000000FF000000FF000000FF000000FF000000FF000000FF000000FF000000FF000000FF000000FF000000FF000000FF000000FF000000FF000000FF000000FF000000FF000000FF000000FF000000FF000000FF000000FF000000FF000000FF000000FF000000FF000000FF000000FF000000FF000000FF000000FF000000FF000000FF000000FF000000FF000000FF000000FF000000FF000000FF000000FF000000FF000000FF000000FF000000FF000000FF000000FF000000FF000000FF000000FF000000FF000000FF000000FF000000FF000000FF000000FF000000FF000000FF000000FF000000FF000000FF000000FF000000FF000000FF000000FF000000FF000000FF000000FF000000FF000000FF000000FF000000FF000000FF000000FF000000FF000000FF000000FF000000FF000000FF000000FF000000FF000000FF000000FF000000FF000000FF000000FF000000FF000000FF000000FF000000FF000000FF000000FF000000FF000000FF000000FF000000FF000000FF000000FF000000FF000000FF000000FF000000FF000000FF000000FF000000FF000000FF000000FF000000FF2BFD99FF2BFD99FF2BFD99FF2BFD99FF2BFD99FF2BFD99FF2BFD99FF2BFD99FF2BFD99FF2BFD99FF000000FF000000FF000000FF000000FF000000FF000000FF000000FF000000FF000000FF000000FF000000FF000000FF000000FF000000FF000000FF000000FF000000FF000000FF000000FF000000FF2BFD99FF2BFD99FF2BFD99FF2BFD99FF2BFD99FF2BFD99FF000000FF000000FF000000FF000000FF000000FF000000FF2BFD99FF2BFD99FF2BFD99FF2BFD99FF2BFD99FF2BFD99FF2BFD99FF2BFD99FF2BFD99FF2BFD99FF000000FF000000FF000000FF000000FF2BFD99FF2BFD99FF2BFD99FF2BFD99FF2BFD99FF2BFD99FF2BFD99FF2BFD99FF000000FF000000FF000000FF000000FF000000FF000000FF000000FF000000FF000000FF000000FF000000FF000000FF000000FF000000FF000000FF000000FF000000FF000000FF000000FF000000FF000000FF000000FF000000FF000000FF000000FF000000FF000000FF000000FF000000FF000000FF000000FF000000FF000000FF000000FF000000FF000000FF000000FF000000FF000000FF000000FF000000FF000000FF000000FF000000FF000000FF000000FF000000FF000000FF000000FF000000FF000000FF000000FF000000FF000000FF000000FF000000FF000000FF000000FF000000FF000000FF000000FF000000FF000000FF000000FF000000FF000000FF000000FF000000FF000000FF000000FF000000FF000000FF000000FF000000FF000000FF000000FF2BFD99FF2BFD99FF2BFD99FF2BFD99FF2BFD99FF2BFD99FF2BFD99FF2BFD99FF2BFD99FF2BFD99FF000000FF000000FF000000FF000000FF000000FF000000FF2BFD99FF2BFD99FF2BFD99FF2BFD99FF2BFD99FF2BFD99FF000000FF000000FF000000FF000000FF000000FF000000FF2BFD99FF2BFD99FF000000FF000000FF000000FF000000FF000000FF000000FF2BFD99FF2BFD99FF000000FF000000FF000000FF000000FF2BFD99FF2BFD99FF2BFD99FF2BFD99FF2BFD99FF2BFD99FF2BFD99FF2BFD99FF000000FF000000FF000000FF000000FF000000FF000000FF000000FF000000FF000000FF000000FF000000FF000000FF000000FF000000FF000000FF000000FF000000FF000000FF000000FF000000FF000000FF000000FF2BFD99FF2BFD99FF2BFD99FF2BFD99FF2BFD99FF2BFD99FF000000FF000000FF000000FF000000FF000000FF000000FF2BFD99FF2BFD99FF2BFD99FF2BFD99FF2BFD99FF2BFD99FF2BFD99FF2BFD99FF2BFD99FF2BFD99FF000000FF000000FF000000FF000000FF2BFD99FF2BFD99FF2BFD99FF2BFD99FF2BFD99FF2BFD99FF2BFD99FF2BFD99FF000000FF000000FF000000FF000000FF000000FF000000FF000000FF000000FF2BFD99FF2BFD99FF2BFD99FF2BFD99FF2BFD99FF2BFD99FF000000FF000000FF000000FF000000FF000000FF000000FF2BFD99FF2BFD99FF000000FF000000FF000000FF000000FF000000FF000000FF2BFD99FF2BFD99FF000000FF000000FF000000FF000000FF000000FF000000FF2BFD99FF2BFD99FF2BFD99FF2BFD99FF2BFD99FF2BFD99FF2BFD99FF2BFD99FF000000FF000000FF000000FF000000FF000000FF000000FF000000FF000000FF000000FF000000FF000000FF000000FF000000FF000000FF000000FF000000FF000000FF000000FF000000FF000000FF000000FF000000FF000000FF000000FF000000FF000000FF000000FF000000FF000000FF000000FF000000FF000000FF000000FF000000FF000000FF000000FF000000FF000000FF000000FF000000FF000000FF000000FF000000FF000000FF000000FF000000FF000000FF000000FF000000FF000000FF000000FF000000FF000000FF000000FF000000FF000000FF000000FF000000FF000000FF000000FF000000FF000000FF000000FF000000FF000000FF000000FF000000FF000000FF000000FF000000FF000000FF000000FF000000FF000000FF000000FF000000FF000000FF000000FF000000FF000000FF000000FF000000FF000000FF000000FF000000FF000000FF000000FF000000FF000000FF000000FF000000FF000000FF000000FF000000FF000000FF000000FF000000FF000000FF000000FF000000FF000000FF000000FF000000FF000000FF000000FF000000FF000000FF000000FF000000FF000000FF000000FF000000FF000000FF000000FF000000FF000000FF000000FF000000FF000000FF000000FF000000FF000000FF000000FF000000FF000000FF000000FF000000FF000000FF000000FF000000FF000000FF000000FF000000FF000000FF000000FF000000FF000000FF000000FF000000FF000000FF000000FF000000FF000000FF000000FF000000FF000000FF000000FF000000FF000000FF000000FF000000FF000000FF000000FF000000FF000000FF000000FF000000FF000000FF000000FF000000FF000000FF000000FF000000FF000000FF000000FF000000FF000000FF000000FF000000FF000000FF000000FF000000FF000000FF000000FF000000FF000000FF000000FF000000FF000000FF000000FF000000FF000000FF000000FF000000FF000000FF000000FF000000FF000000FF000000FF000000FF000000FF000000FF000000FF000000FF000000FF000000FF000000FF000000FF000000FF000000FF000000FF000000FF000000FF000000FF000000FF000000FF000000FF000000FF000000FF000000FF000000FF000000FF000000FF000000FF000000FF000000FF000000FF000000FF000000FF000000FF000000FF000000FF000000FF000000FF000000FF000000FF000000FF000000FF000000FF000000FF000000FF000000FF000000FF000000FF000000FF000000FF000000FF000000FF000000FF000000FF000000FF000000FF000000FF000000FF000000FF000000FF000000FF000000FF000000FF000000FF000000FF000000FF000000FF000000FF000000FF000000FF000000FF000000FF000000FF000000FF000000FF000000FF000000FF000000FF000000FF000000FF000000FF000000FF000000FF000000FF2BFD99FF2BFD99FF000000FF000000FF000000FF000000FF000000FF000000FF000000FF000000FF000000FF000000FF000000FF000000FF000000FF000000FF000000FF000000FF000000FF000000FF000000FF000000FF000000FF000000FF000000FF000000FF000000FF000000FF2BFD99FF2BFD99FF000000FF000000FF000000FF000000FF000000FF000000FF2BFD99FF2BFD99FF000000FF000000FF000000FF000000FF000000FF000000FF000000FF000000FF2BFD99FF2BFD99FF000000FF000000FF000000FF000000FF000000FF000000FF000000FF000000FF2BFD99FF2BFD99FF000000FF000000FF000000FF000000FF000000FF000000FF2BFD99FF2BFD99FF000000FF000000FF000000FF000000FF000000FF000000FF000000FF000000FF000000FF000000FF000000FF000000FF000000FF000000FF000000FF000000FF000000FF000000FF000000FF000000FF000000FF000000FF000000FF000000FF000000FF000000FF000000FF000000FF000000FF000000FF000000FF000000FF000000FF000000FF000000FF000000FF000000FF000000FF000000FF000000FF000000FF000000FF000000FF000000FF000000FF000000FF000000FF000000FF000000FF000000FF000000FF000000FF000000FF000000FF000000FF000000FF000000FF000000FF000000FF000000FF000000FF000000FF000000FF000000FF000000FF000000FF000000FF000000FF000000FF000000FF000000FF000000FF000000FF000000FF2BFD99FF2BFD99FF000000FF000000FF000000FF000000FF000000FF000000FF000000FF000000FF000000FF000000FF000000FF000000FF000000FF000000FF000000FF000000FF2BFD99FF2BFD99FF000000FF000000FF000000FF000000FF000000FF000000FF000000FF000000FF2BFD99FF2BFD99FF000000FF000000FF000000FF000000FF000000FF000000FF2BFD99FF2BFD99FF000000FF000000FF000000FF000000FF2BFD99FF2BFD99FF000000FF000000FF000000FF000000FF000000FF000000FF2BFD99FF2BFD99FF000000FF000000FF000000FF000000FF000000FF000000FF000000FF000000FF000000FF000000FF000000FF000000FF000000FF000000FF000000FF000000FF000000FF000000FF2BFD99FF2BFD99FF000000FF000000FF000000FF000000FF000000FF000000FF2BFD99FF2BFD99FF000000FF000000FF000000FF000000FF000000FF000000FF000000FF000000FF2BFD99FF2BFD99FF000000FF000000FF000000FF000000FF000000FF000000FF000000FF000000FF2BFD99FF2BFD99FF000000FF000000FF000000FF000000FF000000FF000000FF2BFD99FF2BFD99FF000000FF000000FF000000FF000000FF000000FF000000FF000000FF000000FF2BFD99FF2BFD99FF000000FF000000FF000000FF000000FF000000FF000000FF000000FF000000FF2BFD99FF2BFD99FF000000FF000000FF000000FF000000FF000000FF000000FF2BFD99FF2BFD99FF000000FF000000FF000000FF000000FF2BFD99FF2BFD99FF000000FF000000FF000000FF000000FF000000FF000000FF000000FF000000FF000000FF000000FF000000FF000000FF000000FF000000FF000000FF000000FF000000FF000000FF000000FF000000FF000000FF000000FF000000FF000000FF000000FF000000FF000000FF000000FF000000FF000000FF000000FF000000FF000000FF000000FF000000FF000000FF000000FF000000FF000000FF000000FF000000FF000000FF000000FF000000FF000000FF000000FF000000FF000000FF000000FF000000FF000000FF000000FF000000FF000000FF000000FF000000FF000000FF000000FF000000FF000000FF000000FF000000FF000000FF000000FF000000FF000000FF000000FF000000FF000000FF000000FF000000FF000000FF000000FF000000FF000000FF000000FF000000FF000000FF000000FF000000FF000000FF000000FF000000FF000000FF000000FF000000FF000000FF000000FF000000FF000000FF000000FF000000FF000000FF000000FF000000FF000000FF000000FF000000FF000000FF000000FF000000FF000000FF000000FF000000FF000000FF000000FF000000FF000000FF000000FF000000FF000000FF000000FF000000FF000000FF000000FF000000FF000000FF000000FF000000FF000000FF000000FF000000FF000000FF000000FF000000FF000000FF000000FF000000FF000000FF000000FF000000FF000000FF000000FF000000FF000000FF000000FF000000FF000000FF000000FF000000FF000000FF000000FF000000FF000000FF000000FF000000FF000000FF000000FF000000FF000000FF000000FF000000FF000000FF000000FF000000FF000000FF000000FF000000FF000000FF000000FF000000FF000000FF000000FF000000FF000000FF000000FF000000FF000000FF000000FF000000FF000000FF000000FF000000FF000000FF000000FF000000FF000000FF000000FF000000FF000000FF000000FF000000FF000000FF000000FF000000FF000000FF000000FF000000FF000000FF000000FF000000FF000000FF000000FF000000FF000000FF000000FF000000FF000000FF000000FF000000FF000000FF000000FF000000FF000000FF000000FF000000FF000000FF000000FF000000FF000000FF000000FF000000FF000000FF000000FF000000FF000000FF000000FF000000FF000000FF000000FF000000FF000000FF000000FF000000FF000000FF000000FF000000FF000000FF000000FF000000FF000000FF000000FF000000FF000000FF000000FF000000FF000000FF000000FF000000FF000000FF000000FF000000FF000000FF000000FF000000FF000000FF000000FF000000FF000000FF000000FF000000FF000000FF000000FF000000FF000000FF000000FF000000FF000000FF000000FF000000FF000000FF000000FF000000FF000000FF000000FF000000FF000000FF000000FF000000FF000000FF000000FF000000FF000000FF000000FF000000FF000000FF000000FF000000FF2BFD99FF2BFD99FF000000FF000000FF000000FF000000FF000000FF000000FF000000FF000000FF000000FF000000FF000000FF000000FF000000FF000000FF000000FF000000FF000000FF000000FF000000FF000000FF000000FF000000FF000000FF000000FF000000FF000000FF2BFD99FF2BFD99FF000000FF000000FF000000FF000000FF000000FF000000FF2BFD99FF2BFD99FF000000FF000000FF000000FF000000FF000000FF000000FF000000FF000000FF2BFD99FF2BFD99FF000000FF000000FF000000FF000000FF000000FF000000FF000000FF000000FF2BFD99FF2BFD99FF000000FF000000FF000000FF000000FF000000FF000000FF2BFD99FF2BFD99FF000000FF000000FF000000FF000000FF000000FF000000FF000000FF000000FF000000FF000000FF000000FF000000FF000000FF000000FF000000FF000000FF000000FF000000FF000000FF000000FF000000FF000000FF000000FF000000FF000000FF000000FF000000FF000000FF000000FF000000FF000000FF000000FF000000FF000000FF000000FF000000FF000000FF000000FF000000FF000000FF000000FF000000FF000000FF000000FF000000FF000000FF000000FF000000FF000000FF000000FF000000FF000000FF000000FF000000FF000000FF000000FF000000FF000000FF000000FF000000FF000000FF000000FF000000FF000000FF000000FF000000FF000000FF000000FF000000FF000000FF000000FF000000FF000000FF000000FF2BFD99FF2BFD99FF000000FF000000FF000000FF000000FF000000FF000000FF000000FF000000FF000000FF000000FF000000FF000000FF000000FF000000FF000000FF000000FF2BFD99FF2BFD99FF000000FF000000FF000000FF000000FF000000FF000000FF000000FF000000FF2BFD99FF2BFD99FF000000FF000000FF000000FF000000FF000000FF000000FF2BFD99FF2BFD99FF000000FF000000FF000000FF000000FF2BFD99FF2BFD99FF000000FF000000FF000000FF000000FF000000FF000000FF2BFD99FF2BFD99FF000000FF000000FF000000FF000000FF000000FF000000FF000000FF000000FF000000FF000000FF000000FF000000FF000000FF000000FF000000FF000000FF000000FF000000FF2BFD99FF2BFD99FF000000FF000000FF000000FF000000FF000000FF000000FF2BFD99FF2BFD99FF000000FF000000FF000000FF000000FF000000FF000000FF000000FF000000FF2BFD99FF2BFD99FF000000FF000000FF000000FF000000FF000000FF000000FF000000FF000000FF2BFD99FF2BFD99FF000000FF000000FF000000FF000000FF000000FF000000FF2BFD99FF2BFD99FF000000FF000000FF000000FF000000FF000000FF000000FF000000FF000000FF2BFD99FF2BFD99FF000000FF000000FF000000FF000000FF000000FF000000FF000000FF000000FF2BFD99FF2BFD99FF000000FF000000FF000000FF000000FF000000FF000000FF2BFD99FF2BFD99FF000000FF000000FF000000FF000000FF2BFD99FF2BFD99FF000000FF000000FF000000FF000000FF000000FF000000FF000000FF000000FF000000FF000000FF000000FF000000FF000000FF000000FF000000FF000000FF000000FF000000FF000000FF000000FF000000FF000000FF000000FF000000FF000000FF000000FF000000FF000000FF000000FF000000FF000000FF000000FF000000FF000000FF000000FF000000FF000000FF000000FF000000FF000000FF000000FF000000FF000000FF000000FF000000FF000000FF000000FF000000FF000000FF000000FF000000FF000000FF000000FF000000FF000000FF000000FF000000FF000000FF000000FF000000FF000000FF000000FF000000FF000000FF000000FF000000FF000000FF000000FF000000FF000000FF000000FF000000FF000000FF000000FF000000FF000000FF000000FF000000FF000000FF000000FF000000FF000000FF000000FF000000FF000000FF000000FF000000FF000000FF000000FF000000FF000000FF000000FF000000FF000000FF000000FF000000FF000000FF000000FF000000FF000000FF000000FF000000FF000000FF000000FF000000FF000000FF000000FF000000FF000000FF000000FF000000FF000000FF000000FF000000FF000000FF000000FF000000FF000000FF000000FF000000FF000000FF000000FF000000FF000000FF000000FF000000FF000000FF000000FF000000FF000000FF000000FF000000FF000000FF000000FF000000FF000000FF000000FF000000FF000000FF000000FF000000FF000000FF000000FF000000FF000000FF000000FF000000FF000000FF000000FF000000FF000000FF000000FF000000FF000000FF000000FF000000FF000000FF000000FF000000FF000000FF000000FF000000FF000000FF000000FF000000FF000000FF000000FF000000FF000000FF000000FF000000FF000000FF000000FF000000FF000000FF000000FF000000FF000000FF000000FF000000FF000000FF000000FF000000FF000000FF000000FF000000FF000000FF000000FF000000FF000000FF000000FF000000FF000000FF000000FF000000FF000000FF000000FF000000FF000000FF000000FF000000FF000000FF000000FF000000FF000000FF000000FF000000FF000000FF000000FF000000FF000000FF000000FF000000FF000000FF000000FF000000FF000000FF000000FF000000FF000000FF000000FF000000FF000000FF000000FF000000FF000000FF000000FF000000FF000000FF000000FF000000FF000000FF000000FF000000FF000000FF000000FF000000FF000000FF000000FF000000FF000000FF000000FF000000FF000000FF000000FF000000FF000000FF000000FF000000FF000000FF000000FF000000FF000000FF000000FF000000FF000000FF000000FF000000FF000000FF000000FF000000FF000000FF000000FF000000FF000000FF000000FF000000FF000000FF000000FF000000FF000000FF000000FF000000FF000000FF000000FF000000FF000000FF000000FF2BFD99FF2BFD99FF000000FF000000FF000000FF000000FF000000FF000000FF000000FF000000FF000000FF000000FF000000FF000000FF000000FF000000FF000000FF000000FF000000FF000000FF000000FF000000FF000000FF000000FF000000FF000000FF000000FF000000FF2BFD99FF2BFD99FF000000FF000000FF000000FF000000FF000000FF000000FF000000FF000000FF000000FF000000FF000000FF000000FF000000FF000000FF000000FF000000FF2BFD99FF2BFD99FF000000FF000000FF000000FF000000FF000000FF000000FF000000FF000000FF2BFD99FF2BFD99FF000000FF000000FF000000FF000000FF000000FF000000FF2BFD99FF2BFD99FF000000FF000000FF000000FF000000FF000000FF000000FF000000FF000000FF000000FF000000FF000000FF000000FF000000FF000000FF000000FF000000FF000000FF000000FF000000FF000000FF000000FF000000FF000000FF000000FF000000FF000000FF000000FF000000FF000000FF000000FF000000FF000000FF000000FF000000FF000000FF000000FF000000FF000000FF000000FF000000FF000000FF000000FF000000FF000000FF000000FF000000FF000000FF000000FF000000FF000000FF2BFD99FF2BFD99FF000000FF000000FF000000FF000000FF000000FF000000FF000000FF000000FF000000FF000000FF000000FF000000FF000000FF000000FF000000FF000000FF000000FF000000FF000000FF000000FF000000FF000000FF2BFD99FF2BFD99FF000000FF000000FF000000FF000000FF000000FF000000FF000000FF000000FF000000FF000000FF000000FF000000FF000000FF000000FF000000FF000000FF2BFD99FF2BFD99FF000000FF000000FF000000FF000000FF000000FF000000FF000000FF000000FF2BFD99FF2BFD99FF2BFD99FF2BFD99FF000000FF000000FF000000FF000000FF2BFD99FF2BFD99FF000000FF000000FF000000FF000000FF2BFD99FF2BFD99FF000000FF000000FF000000FF000000FF000000FF000000FF2BFD99FF2BFD99FF000000FF000000FF000000FF000000FF000000FF000000FF000000FF000000FF000000FF000000FF000000FF000000FF000000FF000000FF000000FF000000FF000000FF000000FF2BFD99FF2BFD99FF000000FF000000FF000000FF000000FF000000FF000000FF000000FF000000FF000000FF000000FF000000FF000000FF000000FF000000FF000000FF000000FF2BFD99FF2BFD99FF000000FF000000FF000000FF000000FF000000FF000000FF000000FF000000FF2BFD99FF2BFD99FF000000FF000000FF000000FF000000FF000000FF000000FF2BFD99FF2BFD99FF000000FF000000FF000000FF000000FF000000FF000000FF000000FF000000FF2BFD99FF2BFD99FF000000FF000000FF000000FF000000FF000000FF000000FF000000FF000000FF2BFD99FF2BFD99FF2BFD99FF2BFD99FF000000FF000000FF000000FF000000FF2BFD99FF2BFD99FF000000FF000000FF000000FF000000FF2BFD99FF2BFD99FF000000FF000000FF000000FF000000FF000000FF000000FF000000FF000000FF000000FF000000FF000000FF000000FF000000FF000000FF000000FF000000FF000000FF000000FF000000FF000000FF000000FF000000FF000000FF000000FF000000FF000000FF000000FF000000FF000000FF000000FF000000FF000000FF000000FF000000FF000000FF000000FF000000FF000000FF000000FF000000FF000000FF000000FF000000FF000000FF000000FF000000FF000000FF000000FF000000FF000000FF000000FF000000FF000000FF000000FF000000FF000000FF000000FF000000FF000000FF000000FF000000FF000000FF000000FF000000FF000000FF000000FF000000FF000000FF000000FF000000FF000000FF000000FF000000FF000000FF000000FF000000FF000000FF000000FF000000FF000000FF000000FF000000FF000000FF000000FF000000FF000000FF000000FF000000FF000000FF000000FF000000FF000000FF000000FF000000FF000000FF000000FF000000FF000000FF000000FF000000FF000000FF000000FF000000FF000000FF000000FF000000FF000000FF000000FF000000FF000000FF000000FF000000FF000000FF000000FF000000FF000000FF000000FF000000FF000000FF000000FF000000FF000000FF000000FF000000FF000000FF000000FF000000FF000000FF000000FF000000FF000000FF000000FF000000FF000000FF000000FF000000FF000000FF000000FF000000FF000000FF000000FF000000FF000000FF000000FF000000FF000000FF000000FF000000FF000000FF000000FF000000FF000000FF000000FF000000FF000000FF000000FF000000FF000000FF000000FF000000FF000000FF000000FF000000FF000000FF000000FF000000FF000000FF000000FF000000FF000000FF000000FF000000FF000000FF000000FF000000FF000000FF000000FF000000FF000000FF000000FF000000FF000000FF000000FF000000FF000000FF000000FF000000FF000000FF000000FF000000FF000000FF000000FF000000FF000000FF000000FF000000FF000000FF000000FF000000FF000000FF000000FF000000FF000000FF000000FF000000FF000000FF000000FF000000FF000000FF000000FF000000FF000000FF000000FF000000FF000000FF000000FF000000FF000000FF000000FF000000FF000000FF000000FF000000FF000000FF000000FF000000FF000000FF000000FF000000FF000000FF000000FF000000FF000000FF000000FF000000FF000000FF000000FF000000FF000000FF000000FF000000FF000000FF000000FF000000FF000000FF000000FF000000FF000000FF000000FF000000FF000000FF000000FF000000FF000000FF000000FF000000FF000000FF000000FF000000FF000000FF000000FF000000FF000000FF000000FF000000FF000000FF000000FF000000FF000000FF000000FF000000FF000000FF000000FF000000FF000000FF000000FF000000FF000000FF2BFD99FF2BFD99FF000000FF000000FF000000FF000000FF000000FF000000FF000000FF000000FF000000FF000000FF000000FF000000FF000000FF000000FF000000FF000000FF000000FF000000FF000000FF000000FF000000FF000000FF000000FF000000FF000000FF000000FF2BFD99FF2BFD99FF000000FF000000FF000000FF000000FF000000FF000000FF000000FF000000FF000000FF000000FF000000FF000000FF000000FF000000FF000000FF000000FF2BFD99FF2BFD99FF000000FF000000FF000000FF000000FF000000FF000000FF000000FF000000FF2BFD99FF2BFD99FF000000FF000000FF000000FF000000FF000000FF000000FF2BFD99FF2BFD99FF000000FF000000FF000000FF000000FF000000FF000000FF000000FF000000FF000000FF000000FF000000FF000000FF000000FF000000FF000000FF000000FF000000FF000000FF000000FF000000FF000000FF000000FF000000FF000000FF000000FF000000FF000000FF000000FF000000FF000000FF000000FF000000FF000000FF000000FF000000FF000000FF000000FF000000FF000000FF000000FF000000FF000000FF000000FF000000FF000000FF000000FF000000FF000000FF000000FF000000FF2BFD99FF2BFD99FF000000FF000000FF000000FF000000FF000000FF000000FF000000FF000000FF000000FF000000FF000000FF000000FF000000FF000000FF000000FF000000FF000000FF000000FF000000FF000000FF000000FF000000FF2BFD99FF2BFD99FF000000FF000000FF000000FF000000FF000000FF000000FF000000FF000000FF000000FF000000FF000000FF000000FF000000FF000000FF000000FF000000FF2BFD99FF2BFD99FF000000FF000000FF000000FF000000FF000000FF000000FF000000FF000000FF2BFD99FF2BFD99FF2BFD99FF2BFD99FF000000FF000000FF000000FF000000FF2BFD99FF2BFD99FF000000FF000000FF000000FF000000FF2BFD99FF2BFD99FF000000FF000000FF000000FF000000FF000000FF000000FF2BFD99FF2BFD99FF000000FF000000FF000000FF000000FF000000FF000000FF000000FF000000FF000000FF000000FF000000FF000000FF000000FF000000FF000000FF000000FF000000FF000000FF2BFD99FF2BFD99FF000000FF000000FF000000FF000000FF000000FF000000FF000000FF000000FF000000FF000000FF000000FF000000FF000000FF000000FF000000FF000000FF2BFD99FF2BFD99FF000000FF000000FF000000FF000000FF000000FF000000FF000000FF000000FF2BFD99FF2BFD99FF000000FF000000FF000000FF000000FF000000FF000000FF2BFD99FF2BFD99FF000000FF000000FF000000FF000000FF000000FF000000FF000000FF000000FF2BFD99FF2BFD99FF000000FF000000FF000000FF000000FF000000FF000000FF000000FF000000FF2BFD99FF2BFD99FF2BFD99FF2BFD99FF000000FF000000FF000000FF000000FF2BFD99FF2BFD99FF000000FF000000FF000000FF000000FF2BFD99FF2BFD99FF000000FF000000FF000000FF000000FF000000FF000000FF000000FF000000FF000000FF000000FF000000FF000000FF000000FF000000FF000000FF000000FF000000FF000000FF000000FF000000FF000000FF000000FF000000FF000000FF000000FF000000FF000000FF000000FF000000FF000000FF000000FF000000FF000000FF000000FF000000FF000000FF000000FF000000FF000000FF000000FF000000FF000000FF000000FF000000FF000000FF000000FF000000FF000000FF000000FF000000FF000000FF000000FF000000FF000000FF000000FF000000FF000000FF000000FF000000FF000000FF000000FF000000FF000000FF000000FF000000FF000000FF000000FF000000FF000000FF000000FF000000FF000000FF000000FF000000FF000000FF000000FF000000FF000000FF000000FF000000FF000000FF000000FF000000FF000000FF000000FF000000FF000000FF000000FF000000FF000000FF000000FF000000FF000000FF000000FF000000FF000000FF000000FF000000FF000000FF000000FF000000FF000000FF000000FF000000FF000000FF000000FF000000FF000000FF000000FF000000FF000000FF000000FF000000FF000000FF000000FF000000FF000000FF000000FF000000FF000000FF000000FF000000FF000000FF000000FF000000FF000000FF000000FF000000FF000000FF000000FF000000FF000000FF000000FF000000FF000000FF000000FF000000FF000000FF000000FF000000FF000000FF000000FF000000FF000000FF000000FF000000FF000000FF000000FF000000FF000000FF000000FF000000FF000000FF000000FF000000FF000000FF000000FF000000FF000000FF000000FF000000FF000000FF000000FF000000FF000000FF000000FF000000FF000000FF000000FF000000FF000000FF000000FF000000FF000000FF000000FF000000FF000000FF000000FF000000FF000000FF000000FF000000FF000000FF000000FF000000FF000000FF000000FF000000FF000000FF000000FF000000FF000000FF000000FF000000FF000000FF000000FF000000FF000000FF000000FF000000FF000000FF000000FF000000FF000000FF000000FF000000FF000000FF000000FF000000FF000000FF000000FF000000FF000000FF000000FF000000FF000000FF000000FF000000FF000000FF000000FF000000FF000000FF000000FF000000FF000000FF000000FF000000FF000000FF000000FF000000FF000000FF000000FF000000FF000000FF000000FF000000FF000000FF000000FF000000FF000000FF000000FF000000FF000000FF000000FF000000FF000000FF000000FF000000FF000000FF000000FF000000FF000000FF000000FF000000FF000000FF000000FF000000FF000000FF000000FF000000FF000000FF000000FF000000FF000000FF000000FF000000FF000000FF000000FF000000FF000000FF000000FF000000FF000000FF000000FF000000FF000000FF000000FF000000FF2BFD99FF2BFD99FF2BFD99FF2BFD99FF2BFD99FF2BFD99FF2BFD99FF2BFD99FF000000FF000000FF000000FF000000FF000000FF000000FF000000FF000000FF000000FF000000FF000000FF000000FF000000FF000000FF000000FF000000FF000000FF000000FF000000FF000000FF000000FF000000FF2BFD99FF2BFD99FF2BFD99FF2BFD99FF2BFD99FF2BFD99FF000000FF000000FF000000FF000000FF000000FF000000FF000000FF000000FF000000FF000000FF2BFD99FF2BFD99FF000000FF000000FF000000FF000000FF000000FF000000FF000000FF000000FF2BFD99FF2BFD99FF2BFD99FF2BFD99FF2BFD99FF2BFD99FF2BFD99FF2BFD99FF000000FF000000FF000000FF000000FF000000FF000000FF000000FF000000FF000000FF000000FF000000FF000000FF000000FF000000FF000000FF000000FF000000FF000000FF000000FF000000FF000000FF000000FF000000FF000000FF000000FF000000FF000000FF000000FF000000FF000000FF000000FF000000FF000000FF000000FF000000FF000000FF000000FF000000FF000000FF000000FF000000FF000000FF000000FF000000FF000000FF000000FF000000FF000000FF000000FF000000FF000000FF000000FF000000FF000000FF000000FF000000FF000000FF000000FF000000FF000000FF000000FF000000FF000000FF000000FF000000FF000000FF000000FF000000FF000000FF000000FF000000FF000000FF000000FF000000FF000000FF000000FF2BFD99FF2BFD99FF2BFD99FF2BFD99FF2BFD99FF2BFD99FF2BFD99FF2BFD99FF000000FF000000FF000000FF000000FF000000FF000000FF000000FF000000FF000000FF000000FF2BFD99FF2BFD99FF000000FF000000FF000000FF000000FF000000FF000000FF000000FF000000FF2BFD99FF2BFD99FF000000FF000000FF2BFD99FF2BFD99FF000000FF000000FF2BFD99FF2BFD99FF000000FF000000FF000000FF000000FF2BFD99FF2BFD99FF000000FF000000FF000000FF000000FF000000FF000000FF2BFD99FF2BFD99FF000000FF000000FF000000FF000000FF000000FF000000FF000000FF000000FF000000FF000000FF000000FF000000FF000000FF000000FF000000FF000000FF000000FF000000FF000000FF000000FF2BFD99FF2BFD99FF2BFD99FF2BFD99FF2BFD99FF2BFD99FF000000FF000000FF000000FF000000FF000000FF000000FF000000FF000000FF000000FF000000FF2BFD99FF2BFD99FF000000FF000000FF000000FF000000FF000000FF000000FF000000FF000000FF2BFD99FF2BFD99FF2BFD99FF2BFD99FF2BFD99FF2BFD99FF2BFD99FF2BFD99FF000000FF000000FF000000FF000000FF000000FF000000FF000000FF000000FF000000FF000000FF2BFD99FF2BFD99FF000000FF000000FF000000FF000000FF000000FF000000FF000000FF000000FF2BFD99FF2BFD99FF000000FF000000FF2BFD99FF2BFD99FF000000FF000000FF2BFD99FF2BFD99FF000000FF000000FF000000FF000000FF2BFD99FF2BFD99FF000000FF000000FF000000FF000000FF000000FF000000FF000000FF000000FF000000FF000000FF000000FF000000FF000000FF000000FF000000FF000000FF000000FF000000FF000000FF000000FF000000FF000000FF000000FF000000FF000000FF000000FF000000FF000000FF000000FF000000FF000000FF000000FF000000FF000000FF000000FF000000FF000000FF000000FF000000FF000000FF000000FF000000FF000000FF000000FF000000FF000000FF000000FF000000FF000000FF000000FF000000FF000000FF000000FF000000FF000000FF000000FF000000FF000000FF000000FF000000FF000000FF000000FF000000FF000000FF000000FF000000FF000000FF000000FF000000FF000000FF000000FF000000FF000000FF000000FF000000FF000000FF000000FF000000FF000000FF000000FF000000FF000000FF000000FF000000FF000000FF000000FF000000FF000000FF000000FF000000FF000000FF000000FF000000FF000000FF000000FF000000FF000000FF000000FF000000FF000000FF000000FF000000FF000000FF000000FF000000FF000000FF000000FF000000FF000000FF000000FF000000FF000000FF000000FF000000FF000000FF000000FF000000FF000000FF000000FF000000FF000000FF000000FF000000FF000000FF000000FF000000FF000000FF000000FF000000FF000000FF000000FF000000FF000000FF000000FF000000FF000000FF000000FF000000FF000000FF000000FF000000FF000000FF000000FF000000FF000000FF000000FF000000FF000000FF000000FF000000FF000000FF000000FF000000FF000000FF000000FF000000FF000000FF000000FF000000FF000000FF000000FF000000FF000000FF000000FF000000FF000000FF000000FF000000FF000000FF000000FF000000FF000000FF000000FF000000FF000000FF000000FF000000FF000000FF000000FF000000FF000000FF000000FF000000FF000000FF000000FF000000FF000000FF000000FF000000FF000000FF000000FF000000FF000000FF000000FF000000FF000000FF000000FF000000FF000000FF000000FF000000FF000000FF000000FF000000FF000000FF000000FF000000FF000000FF000000FF000000FF000000FF000000FF000000FF000000FF000000FF000000FF000000FF000000FF000000FF000000FF000000FF000000FF000000FF000000FF000000FF000000FF000000FF000000FF000000FF000000FF000000FF000000FF000000FF000000FF000000FF000000FF000000FF000000FF000000FF000000FF000000FF000000FF000000FF000000FF000000FF000000FF000000FF000000FF000000FF000000FF000000FF000000FF000000FF000000FF000000FF000000FF000000FF000000FF000000FF000000FF000000FF000000FF000000FF000000FF000000FF000000FF000000FF000000FF000000FF000000FF000000FF000000FF000000FF000000FF000000FF000000FF000000FF000000FF2BFD99FF2BFD99FF2BFD99FF2BFD99FF2BFD99FF2BFD99FF2BFD99FF2BFD99FF000000FF000000FF000000FF000000FF000000FF000000FF000000FF000000FF000000FF000000FF000000FF000000FF000000FF000000FF000000FF000000FF000000FF000000FF000000FF000000FF000000FF000000FF2BFD99FF2BFD99FF2BFD99FF2BFD99FF2BFD99FF2BFD99FF000000FF000000FF000000FF000000FF000000FF000000FF000000FF000000FF000000FF000000FF2BFD99FF2BFD99FF000000FF000000FF000000FF000000FF000000FF000000FF000000FF000000FF2BFD99FF2BFD99FF2BFD99FF2BFD99FF2BFD99FF2BFD99FF2BFD99FF2BFD99FF000000FF000000FF000000FF000000FF000000FF000000FF000000FF000000FF000000FF000000FF000000FF000000FF000000FF000000FF000000FF000000FF000000FF000000FF000000FF000000FF000000FF000000FF000000FF000000FF000000FF000000FF000000FF000000FF000000FF000000FF000000FF000000FF000000FF000000FF000000FF000000FF000000FF000000FF000000FF000000FF000000FF000000FF000000FF000000FF000000FF000000FF000000FF000000FF000000FF000000FF000000FF000000FF000000FF000000FF000000FF000000FF000000FF000000FF000000FF000000FF000000FF000000FF000000FF000000FF000000FF000000FF000000FF000000FF000000FF000000FF000000FF000000FF000000FF000000FF000000FF000000FF2BFD99FF2BFD99FF2BFD99FF2BFD99FF2BFD99FF2BFD99FF2BFD99FF2BFD99FF000000FF000000FF000000FF000000FF000000FF000000FF000000FF000000FF000000FF000000FF2BFD99FF2BFD99FF000000FF000000FF000000FF000000FF000000FF000000FF000000FF000000FF2BFD99FF2BFD99FF000000FF000000FF2BFD99FF2BFD99FF000000FF000000FF2BFD99FF2BFD99FF000000FF000000FF000000FF000000FF2BFD99FF2BFD99FF000000FF000000FF000000FF000000FF000000FF000000FF2BFD99FF2BFD99FF000000FF000000FF000000FF000000FF000000FF000000FF000000FF000000FF000000FF000000FF000000FF000000FF000000FF000000FF000000FF000000FF000000FF000000FF000000FF000000FF2BFD99FF2BFD99FF2BFD99FF2BFD99FF2BFD99FF2BFD99FF000000FF000000FF000000FF000000FF000000FF000000FF000000FF000000FF000000FF000000FF2BFD99FF2BFD99FF000000FF000000FF000000FF000000FF000000FF000000FF000000FF000000FF2BFD99FF2BFD99FF2BFD99FF2BFD99FF2BFD99FF2BFD99FF2BFD99FF2BFD99FF000000FF000000FF000000FF000000FF000000FF000000FF000000FF000000FF000000FF000000FF2BFD99FF2BFD99FF000000FF000000FF000000FF000000FF000000FF000000FF000000FF000000FF2BFD99FF2BFD99FF000000FF000000FF2BFD99FF2BFD99FF000000FF000000FF2BFD99FF2BFD99FF000000FF000000FF000000FF000000FF2BFD99FF2BFD99FF000000FF000000FF000000FF000000FF000000FF000000FF000000FF000000FF000000FF000000FF000000FF000000FF000000FF000000FF000000FF000000FF000000FF000000FF000000FF000000FF000000FF000000FF000000FF000000FF000000FF000000FF000000FF000000FF000000FF000000FF000000FF000000FF000000FF000000FF000000FF000000FF000000FF000000FF000000FF000000FF000000FF000000FF000000FF000000FF000000FF000000FF000000FF000000FF000000FF000000FF000000FF000000FF000000FF000000FF000000FF000000FF000000FF000000FF000000FF000000FF000000FF000000FF000000FF000000FF000000FF000000FF000000FF000000FF000000FF000000FF000000FF000000FF000000FF000000FF000000FF000000FF000000FF000000FF000000FF000000FF000000FF000000FF000000FF000000FF000000FF000000FF000000FF000000FF000000FF000000FF000000FF000000FF000000FF000000FF000000FF000000FF000000FF000000FF000000FF000000FF000000FF000000FF000000FF000000FF000000FF000000FF000000FF000000FF000000FF000000FF000000FF000000FF000000FF000000FF000000FF000000FF000000FF000000FF000000FF000000FF000000FF000000FF000000FF000000FF000000FF000000FF000000FF000000FF000000FF000000FF000000FF000000FF000000FF000000FF000000FF000000FF000000FF000000FF000000FF000000FF000000FF000000FF000000FF000000FF000000FF000000FF000000FF000000FF000000FF000000FF000000FF000000FF000000FF000000FF000000FF000000FF000000FF000000FF000000FF000000FF000000FF000000FF000000FF000000FF000000FF000000FF000000FF000000FF000000FF000000FF000000FF000000FF000000FF000000FF000000FF000000FF000000FF000000FF000000FF000000FF000000FF000000FF000000FF000000FF000000FF000000FF000000FF000000FF000000FF000000FF000000FF000000FF000000FF000000FF000000FF000000FF000000FF000000FF000000FF000000FF000000FF000000FF000000FF000000FF000000FF000000FF000000FF000000FF000000FF000000FF000000FF000000FF000000FF000000FF000000FF000000FF000000FF000000FF000000FF000000FF000000FF000000FF000000FF000000FF000000FF000000FF000000FF000000FF000000FF000000FF000000FF000000FF000000FF000000FF000000FF000000FF000000FF000000FF000000FF000000FF000000FF000000FF000000FF000000FF000000FF000000FF000000FF000000FF000000FF000000FF000000FF000000FF000000FF000000FF000000FF000000FF000000FF000000FF000000FF000000FF000000FF000000FF000000FF000000FF000000FF000000FF000000FF000000FF000000FF000000FF000000FF000000FF000000FF000000FF000000FF000000FF000000FF000000FF2BFD99FF2BFD99FF000000FF000000FF000000FF000000FF000000FF000000FF000000FF000000FF000000FF000000FF000000FF000000FF000000FF000000FF000000FF000000FF000000FF000000FF000000FF000000FF000000FF000000FF000000FF000000FF000000FF000000FF000000FF000000FF000000FF000000FF000000FF000000FF000000FF000000FF2BFD99FF2BFD99FF000000FF000000FF000000FF000000FF000000FF000000FF000000FF000000FF2BFD99FF2BFD99FF000000FF000000FF000000FF000000FF000000FF000000FF000000FF000000FF2BFD99FF2BFD99FF000000FF000000FF2BFD99FF2BFD99FF000000FF000000FF000000FF000000FF000000FF000000FF000000FF000000FF000000FF000000FF000000FF000000FF000000FF000000FF000000FF000000FF000000FF000000FF000000FF000000FF000000FF000000FF000000FF000000FF000000FF000000FF000000FF000000FF000000FF000000FF000000FF000000FF000000FF000000FF000000FF000000FF000000FF000000FF000000FF000000FF000000FF000000FF000000FF000000FF000000FF000000FF000000FF000000FF000000FF000000FF000000FF000000FF000000FF000000FF2BFD99FF2BFD99FF000000FF000000FF000000FF000000FF000000FF000000FF000000FF000000FF000000FF000000FF000000FF000000FF000000FF000000FF000000FF000000FF000000FF000000FF000000FF000000FF000000FF000000FF2BFD99FF2BFD99FF000000FF000000FF000000FF000000FF000000FF000000FF000000FF000000FF000000FF000000FF000000FF000000FF000000FF000000FF000000FF000000FF2BFD99FF2BFD99FF000000FF000000FF000000FF000000FF000000FF000000FF000000FF000000FF2BFD99FF2BFD99FF000000FF000000FF000000FF000000FF2BFD99FF2BFD99FF2BFD99FF2BFD99FF000000FF000000FF000000FF000000FF2BFD99FF2BFD99FF000000FF000000FF000000FF000000FF000000FF000000FF2BFD99FF2BFD99FF000000FF000000FF000000FF000000FF000000FF000000FF000000FF000000FF000000FF000000FF000000FF000000FF000000FF000000FF000000FF000000FF000000FF000000FF000000FF000000FF000000FF000000FF000000FF000000FF000000FF000000FF2BFD99FF2BFD99FF000000FF000000FF000000FF000000FF000000FF000000FF000000FF000000FF2BFD99FF2BFD99FF000000FF000000FF000000FF000000FF000000FF000000FF000000FF000000FF2BFD99FF2BFD99FF000000FF000000FF2BFD99FF2BFD99FF000000FF000000FF000000FF000000FF000000FF000000FF000000FF000000FF000000FF000000FF000000FF000000FF2BFD99FF2BFD99FF000000FF000000FF000000FF000000FF000000FF000000FF000000FF000000FF2BFD99FF2BFD99FF000000FF000000FF000000FF000000FF2BFD99FF2BFD99FF2BFD99FF2BFD99FF000000FF000000FF000000FF000000FF2BFD99FF2BFD99FF000000FF000000FF000000FF000000FF2BFD99FF2BFD99FF2BFD99FF2BFD99FF000000FF000000FF000000FF000000FF000000FF000000FF000000FF000000FF000000FF000000FF000000FF000000FF000000FF000000FF000000FF000000FF000000FF000000FF000000FF000000FF000000FF000000FF000000FF000000FF000000FF000000FF000000FF000000FF000000FF000000FF000000FF000000FF000000FF000000FF000000FF000000FF000000FF000000FF000000FF000000FF000000FF000000FF000000FF000000FF000000FF000000FF000000FF000000FF000000FF000000FF000000FF000000FF000000FF000000FF000000FF000000FF000000FF000000FF000000FF000000FF000000FF000000FF000000FF000000FF000000FF000000FF000000FF000000FF000000FF000000FF000000FF000000FF000000FF000000FF000000FF000000FF000000FF000000FF000000FF000000FF000000FF000000FF000000FF000000FF000000FF000000FF000000FF000000FF000000FF000000FF000000FF000000FF000000FF000000FF000000FF000000FF000000FF000000FF000000FF000000FF000000FF000000FF000000FF000000FF000000FF000000FF000000FF000000FF000000FF000000FF000000FF000000FF000000FF000000FF000000FF000000FF000000FF000000FF000000FF000000FF000000FF000000FF000000FF000000FF000000FF000000FF000000FF000000FF000000FF000000FF000000FF000000FF000000FF000000FF000000FF000000FF000000FF000000FF000000FF000000FF000000FF000000FF000000FF000000FF000000FF000000FF000000FF000000FF000000FF000000FF000000FF000000FF000000FF000000FF000000FF000000FF000000FF000000FF000000FF000000FF000000FF000000FF000000FF000000FF000000FF000000FF000000FF000000FF000000FF000000FF000000FF000000FF000000FF000000FF000000FF000000FF000000FF000000FF000000FF000000FF000000FF000000FF000000FF000000FF000000FF000000FF000000FF000000FF000000FF000000FF000000FF000000FF000000FF000000FF000000FF000000FF000000FF000000FF000000FF000000FF000000FF000000FF000000FF000000FF000000FF000000FF000000FF000000FF000000FF000000FF000000FF000000FF000000FF000000FF000000FF000000FF000000FF000000FF000000FF000000FF000000FF000000FF000000FF000000FF000000FF000000FF000000FF000000FF000000FF000000FF000000FF000000FF000000FF000000FF000000FF000000FF000000FF000000FF000000FF000000FF000000FF000000FF000000FF000000FF000000FF000000FF000000FF000000FF000000FF000000FF000000FF000000FF000000FF000000FF000000FF000000FF000000FF000000FF000000FF000000FF000000FF000000FF000000FF000000FF000000FF000000FF000000FF000000FF000000FF000000FF2BFD99FF2BFD99FF000000FF000000FF000000FF000000FF000000FF000000FF000000FF000000FF000000FF000000FF000000FF000000FF000000FF000000FF000000FF000000FF000000FF000000FF000000FF000000FF000000FF000000FF000000FF000000FF000000FF000000FF000000FF000000FF000000FF000000FF000000FF000000FF000000FF000000FF2BFD99FF2BFD99FF000000FF000000FF000000FF000000FF000000FF000000FF000000FF000000FF2BFD99FF2BFD99FF000000FF000000FF000000FF000000FF000000FF000000FF000000FF000000FF2BFD99FF2BFD99FF000000FF000000FF2BFD99FF2BFD99FF000000FF000000FF000000FF000000FF000000FF000000FF000000FF000000FF000000FF000000FF000000FF000000FF000000FF000000FF000000FF000000FF000000FF000000FF000000FF000000FF000000FF000000FF000000FF000000FF000000FF000000FF000000FF000000FF000000FF000000FF000000FF000000FF000000FF000000FF000000FF000000FF000000FF000000FF000000FF000000FF000000FF000000FF000000FF000000FF000000FF000000FF000000FF000000FF000000FF000000FF000000FF000000FF000000FF000000FF2BFD99FF2BFD99FF000000FF000000FF000000FF000000FF000000FF000000FF000000FF000000FF000000FF000000FF000000FF000000FF000000FF000000FF000000FF000000FF000000FF000000FF000000FF000000FF000000FF000000FF2BFD99FF2BFD99FF000000FF000000FF000000FF000000FF000000FF000000FF000000FF000000FF000000FF000000FF000000FF000000FF000000FF000000FF000000FF000000FF2BFD99FF2BFD99FF000000FF000000FF000000FF000000FF000000FF000000FF000000FF000000FF2BFD99FF2BFD99FF000000FF000000FF000000FF000000FF2BFD99FF2BFD99FF2BFD99FF2BFD99FF000000FF000000FF000000FF000000FF2BFD99FF2BFD99FF000000FF000000FF000000FF000000FF000000FF000000FF2BFD99FF2BFD99FF000000FF000000FF000000FF000000FF000000FF000000FF000000FF000000FF000000FF000000FF000000FF000000FF000000FF000000FF000000FF000000FF000000FF000000FF000000FF000000FF000000FF000000FF000000FF000000FF000000FF000000FF2BFD99FF2BFD99FF000000FF000000FF000000FF000000FF000000FF000000FF000000FF000000FF2BFD99FF2BFD99FF000000FF000000FF000000FF000000FF000000FF000000FF000000FF000000FF2BFD99FF2BFD99FF000000FF000000FF2BFD99FF2BFD99FF000000FF000000FF000000FF000000FF000000FF000000FF000000FF000000FF000000FF000000FF000000FF000000FF2BFD99FF2BFD99FF000000FF000000FF000000FF000000FF000000FF000000FF000000FF000000FF2BFD99FF2BFD99FF000000FF000000FF000000FF000000FF2BFD99FF2BFD99FF2BFD99FF2BFD99FF000000FF000000FF000000FF000000FF2BFD99FF2BFD99FF000000FF000000FF000000FF000000FF2BFD99FF2BFD99FF2BFD99FF2BFD99FF000000FF000000FF000000FF000000FF000000FF000000FF000000FF000000FF000000FF000000FF000000FF000000FF000000FF000000FF000000FF000000FF000000FF000000FF000000FF000000FF000000FF000000FF000000FF000000FF000000FF000000FF000000FF000000FF000000FF000000FF000000FF000000FF000000FF000000FF000000FF000000FF000000FF000000FF000000FF000000FF000000FF000000FF000000FF000000FF000000FF000000FF000000FF000000FF000000FF000000FF000000FF000000FF000000FF000000FF000000FF000000FF000000FF000000FF000000FF000000FF000000FF000000FF000000FF000000FF000000FF000000FF000000FF000000FF000000FF000000FF000000FF000000FF000000FF000000FF000000FF000000FF000000FF000000FF000000FF000000FF000000FF000000FF000000FF000000FF000000FF000000FF000000FF000000FF000000FF000000FF000000FF000000FF000000FF000000FF000000FF000000FF000000FF000000FF000000FF000000FF000000FF000000FF000000FF000000FF000000FF000000FF000000FF000000FF000000FF000000FF000000FF000000FF000000FF000000FF000000FF000000FF000000FF000000FF000000FF000000FF000000FF000000FF000000FF000000FF000000FF000000FF000000FF000000FF000000FF000000FF000000FF000000FF000000FF000000FF000000FF000000FF000000FF000000FF000000FF000000FF000000FF000000FF000000FF000000FF000000FF000000FF000000FF000000FF000000FF000000FF000000FF000000FF000000FF000000FF000000FF000000FF000000FF000000FF000000FF000000FF000000FF000000FF000000FF000000FF000000FF000000FF000000FF000000FF000000FF000000FF000000FF000000FF000000FF000000FF000000FF000000FF000000FF000000FF000000FF000000FF000000FF000000FF000000FF000000FF000000FF000000FF000000FF000000FF000000FF000000FF000000FF000000FF000000FF000000FF000000FF000000FF000000FF000000FF000000FF000000FF000000FF000000FF000000FF000000FF000000FF000000FF000000FF000000FF000000FF000000FF000000FF000000FF000000FF000000FF000000FF000000FF000000FF000000FF000000FF000000FF000000FF000000FF000000FF000000FF000000FF000000FF000000FF000000FF000000FF000000FF000000FF000000FF000000FF000000FF000000FF000000FF000000FF000000FF000000FF000000FF000000FF000000FF000000FF000000FF000000FF000000FF000000FF000000FF000000FF000000FF000000FF000000FF000000FF000000FF000000FF000000FF000000FF000000FF000000FF000000FF000000FF000000FF000000FF000000FF000000FF000000FF000000FF000000FF000000FF000000FF2BFD99FF2BFD99FF000000FF000000FF000000FF000000FF000000FF000000FF000000FF000000FF000000FF000000FF000000FF000000FF000000FF000000FF000000FF000000FF000000FF000000FF000000FF000000FF000000FF000000FF000000FF000000FF000000FF000000FF2BFD99FF2BFD99FF000000FF000000FF000000FF000000FF000000FF000000FF2BFD99FF2BFD99FF000000FF000000FF000000FF000000FF000000FF000000FF000000FF000000FF2BFD99FF2BFD99FF000000FF000000FF000000FF000000FF000000FF000000FF000000FF000000FF2BFD99FF2BFD99FF000000FF000000FF000000FF000000FF2BFD99FF2BFD99FF000000FF000000FF000000FF000000FF000000FF000000FF000000FF000000FF000000FF000000FF000000FF000000FF000000FF000000FF000000FF000000FF000000FF000000FF000000FF000000FF000000FF000000FF000000FF000000FF000000FF000000FF000000FF000000FF000000FF000000FF000000FF000000FF000000FF000000FF000000FF000000FF000000FF000000FF000000FF000000FF000000FF000000FF000000FF000000FF000000FF000000FF000000FF000000FF000000FF000000FF000000FF000000FF000000FF000000FF000000FF000000FF000000FF000000FF000000FF000000FF000000FF000000FF000000FF000000FF000000FF000000FF000000FF000000FF000000FF000000FF000000FF000000FF000000FF000000FF000000FF000000FF2BFD99FF2BFD99FF000000FF000000FF000000FF000000FF000000FF000000FF000000FF000000FF000000FF000000FF000000FF000000FF000000FF000000FF000000FF000000FF2BFD99FF2BFD99FF000000FF000000FF000000FF000000FF000000FF000000FF000000FF000000FF2BFD99FF2BFD99FF000000FF000000FF000000FF000000FF000000FF000000FF2BFD99FF2BFD99FF000000FF000000FF000000FF000000FF2BFD99FF2BFD99FF000000FF000000FF000000FF000000FF000000FF000000FF2BFD99FF2BFD99FF000000FF000000FF000000FF000000FF000000FF000000FF000000FF000000FF000000FF000000FF000000FF000000FF000000FF000000FF000000FF000000FF000000FF000000FF2BFD99FF2BFD99FF000000FF000000FF000000FF000000FF000000FF000000FF2BFD99FF2BFD99FF000000FF000000FF000000FF000000FF000000FF000000FF000000FF000000FF2BFD99FF2BFD99FF000000FF000000FF000000FF000000FF000000FF000000FF000000FF000000FF2BFD99FF2BFD99FF000000FF000000FF000000FF000000FF2BFD99FF2BFD99FF000000FF000000FF000000FF000000FF000000FF000000FF000000FF000000FF000000FF000000FF2BFD99FF2BFD99FF000000FF000000FF000000FF000000FF000000FF000000FF000000FF000000FF2BFD99FF2BFD99FF000000FF000000FF000000FF000000FF000000FF000000FF2BFD99FF2BFD99FF000000FF000000FF000000FF000000FF2BFD99FF2BFD99FF000000FF000000FF000000FF000000FF000000FF000000FF2BFD99FF2BFD99FF000000FF000000FF000000FF000000FF000000FF000000FF000000FF000000FF000000FF000000FF000000FF000000FF000000FF000000FF000000FF000000FF000000FF000000FF000000FF000000FF000000FF000000FF000000FF000000FF000000FF000000FF000000FF000000FF000000FF000000FF000000FF000000FF000000FF000000FF000000FF000000FF000000FF000000FF000000FF000000FF000000FF000000FF000000FF000000FF000000FF000000FF000000FF000000FF000000FF000000FF000000FF000000FF000000FF000000FF000000FF000000FF000000FF000000FF000000FF000000FF000000FF000000FF000000FF000000FF000000FF000000FF000000FF000000FF000000FF000000FF000000FF000000FF000000FF000000FF000000FF000000FF000000FF000000FF000000FF000000FF000000FF000000FF000000FF000000FF000000FF000000FF000000FF000000FF000000FF000000FF000000FF000000FF000000FF000000FF000000FF000000FF000000FF000000FF000000FF000000FF000000FF000000FF000000FF000000FF000000FF000000FF000000FF000000FF000000FF000000FF000000FF000000FF000000FF000000FF000000FF000000FF000000FF000000FF000000FF000000FF000000FF000000FF000000FF000000FF000000FF000000FF000000FF000000FF000000FF000000FF000000FF000000FF000000FF000000FF000000FF000000FF000000FF000000FF000000FF000000FF000000FF000000FF000000FF000000FF000000FF000000FF000000FF000000FF000000FF000000FF000000FF000000FF000000FF000000FF000000FF000000FF000000FF000000FF000000FF000000FF000000FF000000FF000000FF000000FF000000FF000000FF000000FF000000FF000000FF000000FF000000FF000000FF000000FF000000FF000000FF000000FF000000FF000000FF000000FF000000FF000000FF000000FF000000FF000000FF000000FF000000FF000000FF000000FF000000FF000000FF000000FF000000FF000000FF000000FF000000FF000000FF000000FF000000FF000000FF000000FF000000FF000000FF000000FF000000FF000000FF000000FF000000FF000000FF000000FF000000FF000000FF000000FF000000FF000000FF000000FF000000FF000000FF000000FF000000FF000000FF000000FF000000FF000000FF000000FF000000FF000000FF000000FF000000FF000000FF000000FF000000FF000000FF000000FF000000FF000000FF000000FF000000FF000000FF000000FF000000FF000000FF000000FF000000FF000000FF000000FF000000FF000000FF000000FF000000FF000000FF000000FF000000FF000000FF000000FF000000FF000000FF000000FF000000FF000000FF000000FF000000FF000000FF000000FF000000FF000000FF000000FF000000FF000000FF000000FF000000FF2BFD99FF2BFD99FF000000FF000000FF000000FF000000FF000000FF000000FF000000FF000000FF000000FF000000FF000000FF000000FF000000FF000000FF000000FF000000FF000000FF000000FF000000FF000000FF000000FF000000FF000000FF000000FF000000FF000000FF2BFD99FF2BFD99FF000000FF000000FF000000FF000000FF000000FF000000FF2BFD99FF2BFD99FF000000FF000000FF000000FF000000FF000000FF000000FF000000FF000000FF2BFD99FF2BFD99FF000000FF000000FF000000FF000000FF000000FF000000FF000000FF000000FF2BFD99FF2BFD99FF000000FF000000FF000000FF000000FF2BFD99FF2BFD99FF000000FF000000FF000000FF000000FF000000FF000000FF000000FF000000FF000000FF000000FF000000FF000000FF000000FF000000FF000000FF000000FF000000FF000000FF000000FF000000FF000000FF000000FF000000FF000000FF000000FF000000FF000000FF000000FF000000FF000000FF000000FF000000FF000000FF000000FF000000FF000000FF000000FF000000FF000000FF000000FF000000FF000000FF000000FF000000FF000000FF000000FF000000FF000000FF000000FF000000FF000000FF000000FF000000FF000000FF000000FF000000FF000000FF000000FF000000FF000000FF000000FF000000FF000000FF000000FF000000FF000000FF000000FF000000FF000000FF000000FF000000FF000000FF000000FF000000FF000000FF000000FF2BFD99FF2BFD99FF000000FF000000FF000000FF000000FF000000FF000000FF000000FF000000FF000000FF000000FF000000FF000000FF000000FF000000FF000000FF000000FF2BFD99FF2BFD99FF000000FF000000FF000000FF000000FF000000FF000000FF000000FF000000FF2BFD99FF2BFD99FF000000FF000000FF000000FF000000FF000000FF000000FF2BFD99FF2BFD99FF000000FF000000FF000000FF000000FF2BFD99FF2BFD99FF000000FF000000FF000000FF000000FF000000FF000000FF2BFD99FF2BFD99FF000000FF000000FF000000FF000000FF000000FF000000FF000000FF000000FF000000FF000000FF000000FF000000FF000000FF000000FF000000FF000000FF000000FF000000FF2BFD99FF2BFD99FF000000FF000000FF000000FF000000FF000000FF000000FF2BFD99FF2BFD99FF000000FF000000FF000000FF000000FF000000FF000000FF000000FF000000FF2BFD99FF2BFD99FF000000FF000000FF000000FF000000FF000000FF000000FF000000FF000000FF2BFD99FF2BFD99FF000000FF000000FF000000FF000000FF2BFD99FF2BFD99FF000000FF000000FF000000FF000000FF000000FF000000FF000000FF000000FF000000FF000000FF2BFD99FF2BFD99FF000000FF000000FF000000FF000000FF000000FF000000FF000000FF000000FF2BFD99FF2BFD99FF000000FF000000FF000000FF000000FF000000FF000000FF2BFD99FF2BFD99FF000000FF000000FF000000FF000000FF2BFD99FF2BFD99FF000000FF000000FF000000FF000000FF000000FF000000FF2BFD99FF2BFD99FF000000FF000000FF000000FF000000FF000000FF000000FF000000FF000000FF000000FF000000FF000000FF000000FF000000FF000000FF000000FF000000FF000000FF000000FF000000FF000000FF000000FF000000FF000000FF000000FF000000FF000000FF000000FF000000FF000000FF000000FF000000FF000000FF000000FF000000FF000000FF000000FF000000FF000000FF000000FF000000FF000000FF000000FF000000FF000000FF000000FF000000FF000000FF000000FF000000FF000000FF000000FF000000FF000000FF000000FF000000FF000000FF000000FF000000FF000000FF000000FF000000FF000000FF000000FF000000FF000000FF000000FF000000FF000000FF000000FF000000FF000000FF000000FF000000FF000000FF000000FF000000FF000000FF000000FF000000FF000000FF000000FF000000FF000000FF000000FF000000FF000000FF000000FF000000FF000000FF000000FF000000FF000000FF000000FF000000FF000000FF000000FF000000FF000000FF000000FF000000FF000000FF000000FF000000FF000000FF000000FF000000FF000000FF000000FF000000FF000000FF000000FF000000FF000000FF000000FF000000FF000000FF000000FF000000FF000000FF000000FF000000FF000000FF000000FF000000FF000000FF000000FF000000FF000000FF000000FF000000FF000000FF000000FF000000FF000000FF000000FF000000FF000000FF000000FF000000FF000000FF000000FF000000FF000000FF000000FF000000FF000000FF000000FF000000FF000000FF000000FF000000FF000000FF000000FF000000FF000000FF000000FF000000FF000000FF000000FF000000FF000000FF000000FF000000FF000000FF000000FF000000FF000000FF000000FF000000FF000000FF000000FF000000FF000000FF000000FF000000FF000000FF000000FF000000FF000000FF000000FF000000FF000000FF000000FF000000FF000000FF000000FF000000FF000000FF000000FF000000FF000000FF000000FF000000FF000000FF000000FF000000FF000000FF000000FF000000FF000000FF000000FF000000FF000000FF000000FF000000FF000000FF000000FF000000FF000000FF000000FF000000FF000000FF000000FF000000FF000000FF000000FF000000FF000000FF000000FF000000FF000000FF000000FF000000FF000000FF000000FF000000FF000000FF000000FF000000FF000000FF000000FF000000FF000000FF000000FF000000FF000000FF000000FF000000FF000000FF000000FF000000FF000000FF000000FF000000FF000000FF000000FF000000FF000000FF000000FF000000FF000000FF000000FF000000FF000000FF000000FF000000FF000000FF000000FF000000FF000000FF000000FF000000FF000000FF000000FF000000FF000000FF000000FF000000FF000000FF000000FF2BFD99FF2BFD99FF000000FF000000FF000000FF000000FF000000FF000000FF000000FF000000FF000000FF000000FF000000FF000000FF000000FF000000FF000000FF000000FF000000FF000000FF000000FF000000FF000000FF000000FF000000FF000000FF000000FF000000FF000000FF000000FF2BFD99FF2BFD99FF2BFD99FF2BFD99FF2BFD99FF2BFD99FF000000FF000000FF000000FF000000FF000000FF000000FF000000FF000000FF000000FF000000FF2BFD99FF2BFD99FF000000FF000000FF000000FF000000FF000000FF000000FF000000FF000000FF2BFD99FF2BFD99FF000000FF000000FF000000FF000000FF000000FF000000FF2BFD99FF2BFD99FF000000FF000000FF000000FF000000FF000000FF000000FF000000FF000000FF000000FF000000FF000000FF000000FF000000FF000000FF000000FF000000FF000000FF000000FF000000FF000000FF000000FF000000FF000000FF000000FF000000FF000000FF000000FF000000FF000000FF000000FF000000FF000000FF000000FF000000FF000000FF000000FF000000FF000000FF000000FF000000FF000000FF000000FF000000FF000000FF000000FF000000FF000000FF000000FF000000FF000000FF000000FF000000FF000000FF000000FF000000FF000000FF000000FF000000FF000000FF000000FF000000FF000000FF000000FF000000FF000000FF000000FF000000FF000000FF000000FF000000FF000000FF000000FF000000FF000000FF2BFD99FF2BFD99FF000000FF000000FF000000FF000000FF000000FF000000FF000000FF000000FF000000FF000000FF000000FF000000FF000000FF000000FF2BFD99FF2BFD99FF2BFD99FF2BFD99FF2BFD99FF2BFD99FF000000FF000000FF000000FF000000FF000000FF000000FF2BFD99FF2BFD99FF000000FF000000FF000000FF000000FF000000FF000000FF2BFD99FF2BFD99FF000000FF000000FF000000FF000000FF2BFD99FF2BFD99FF2BFD99FF2BFD99FF2BFD99FF2BFD99FF2BFD99FF2BFD99FF000000FF000000FF000000FF000000FF000000FF000000FF000000FF000000FF000000FF000000FF000000FF000000FF000000FF000000FF000000FF000000FF000000FF000000FF000000FF000000FF000000FF000000FF2BFD99FF2BFD99FF2BFD99FF2BFD99FF2BFD99FF2BFD99FF000000FF000000FF000000FF000000FF000000FF000000FF000000FF000000FF000000FF000000FF2BFD99FF2BFD99FF000000FF000000FF000000FF000000FF000000FF000000FF000000FF000000FF2BFD99FF2BFD99FF000000FF000000FF000000FF000000FF000000FF000000FF2BFD99FF2BFD99FF000000FF000000FF000000FF000000FF000000FF000000FF2BFD99FF2BFD99FF2BFD99FF2BFD99FF2BFD99FF2BFD99FF000000FF000000FF000000FF000000FF000000FF000000FF2BFD99FF2BFD99FF000000FF000000FF000000FF000000FF000000FF000000FF2BFD99FF2BFD99FF000000FF000000FF000000FF000000FF000000FF000000FF2BFD99FF2BFD99FF2BFD99FF2BFD99FF2BFD99FF2BFD99FF2BFD99FF2BFD99FF000000FF000000FF000000FF000000FF000000FF000000FF000000FF000000FF000000FF000000FF000000FF000000FF000000FF000000FF000000FF000000FF000000FF000000FF000000FF000000FF000000FF000000FF000000FF000000FF000000FF000000FF000000FF000000FF000000FF000000FF000000FF000000FF000000FF000000FF000000FF000000FF000000FF000000FF000000FF000000FF000000FF000000FF000000FF000000FF000000FF000000FF000000FF000000FF000000FF000000FF000000FF000000FF000000FF000000FF000000FF000000FF000000FF000000FF000000FF000000FF000000FF000000FF000000FF000000FF000000FF000000FF000000FF000000FF000000FF000000FF000000FF000000FF000000FF000000FF000000FF000000FF000000FF000000FF000000FF000000FF000000FF000000FF000000FF000000FF000000FF000000FF000000FF000000FF000000FF000000FF000000FF000000FF000000FF000000FF000000FF000000FF000000FF000000FF000000FF000000FF000000FF000000FF000000FF000000FF000000FF000000FF000000FF000000FF000000FF000000FF000000FF000000FF000000FF000000FF000000FF000000FF000000FF000000FF000000FF000000FF000000FF000000FF000000FF000000FF000000FF000000FF000000FF000000FF000000FF000000FF000000FF000000FF000000FF000000FF000000FF000000FF000000FF000000FF000000FF000000FF000000FF000000FF000000FF000000FF000000FF000000FF000000FF000000FF000000FF000000FF000000FF000000FF000000FF000000FF000000FF000000FF000000FF000000FF000000FF000000FF000000FF000000FF000000FF000000FF000000FF000000FF000000FF000000FF000000FF000000FF000000FF000000FF000000FF000000FF000000FF000000FF000000FF000000FF000000FF000000FF000000FF000000FF000000FF000000FF000000FF000000FF000000FF000000FF000000FF000000FF000000FF000000FF000000FF000000FF000000FF000000FF000000FF000000FF000000FF000000FF000000FF000000FF000000FF000000FF000000FF000000FF000000FF000000FF000000FF000000FF000000FF000000FF000000FF000000FF000000FF000000FF000000FF000000FF000000FF000000FF000000FF000000FF000000FF000000FF000000FF000000FF000000FF000000FF000000FF000000FF000000FF000000FF000000FF000000FF000000FF000000FF000000FF000000FF000000FF000000FF000000FF000000FF000000FF000000FF000000FF000000FF000000FF000000FF000000FF000000FF000000FF000000FF000000FF000000FF000000FF000000FF000000FF000000FF000000FF000000FF000000FF000000FF000000FF000000FF000000FF000000FF000000FF000000FF000000FF000000FF2BFD99FF2BFD99FF000000FF000000FF000000FF000000FF000000FF000000FF000000FF000000FF000000FF000000FF000000FF000000FF000000FF000000FF000000FF000000FF000000FF000000FF000000FF000000FF000000FF000000FF000000FF000000FF000000FF000000FF000000FF000000FF2BFD99FF2BFD99FF2BFD99FF2BFD99FF2BFD99FF2BFD99FF000000FF000000FF000000FF000000FF000000FF000000FF000000FF000000FF000000FF000000FF2BFD99FF2BFD99FF000000FF000000FF000000FF000000FF000000FF000000FF000000FF000000FF2BFD99FF2BFD99FF000000FF000000FF000000FF000000FF000000FF000000FF2BFD99FF2BFD99FF000000FF000000FF000000FF000000FF000000FF000000FF000000FF000000FF000000FF000000FF000000FF000000FF000000FF000000FF000000FF000000FF000000FF000000FF000000FF000000FF000000FF000000FF000000FF000000FF000000FF000000FF000000FF000000FF000000FF000000FF000000FF000000FF000000FF000000FF000000FF000000FF000000FF000000FF000000FF000000FF000000FF000000FF000000FF000000FF000000FF000000FF000000FF000000FF000000FF000000FF000000FF000000FF000000FF000000FF000000FF000000FF000000FF000000FF000000FF000000FF000000FF000000FF000000FF000000FF000000FF000000FF000000FF000000FF000000FF000000FF000000FF000000FF000000FF000000FF2BFD99FF2BFD99FF000000FF000000FF000000FF000000FF000000FF000000FF000000FF000000FF000000FF000000FF000000FF000000FF000000FF000000FF2BFD99FF2BFD99FF2BFD99FF2BFD99FF2BFD99FF2BFD99FF000000FF000000FF000000FF000000FF000000FF000000FF2BFD99FF2BFD99FF000000FF000000FF000000FF000000FF000000FF000000FF2BFD99FF2BFD99FF000000FF000000FF000000FF000000FF2BFD99FF2BFD99FF2BFD99FF2BFD99FF2BFD99FF2BFD99FF2BFD99FF2BFD99FF000000FF000000FF000000FF000000FF000000FF000000FF000000FF000000FF000000FF000000FF000000FF000000FF000000FF000000FF000000FF000000FF000000FF000000FF000000FF000000FF000000FF000000FF2BFD99FF2BFD99FF2BFD99FF2BFD99FF2BFD99FF2BFD99FF000000FF000000FF000000FF000000FF000000FF000000FF000000FF000000FF000000FF000000FF2BFD99FF2BFD99FF000000FF000000FF000000FF000000FF000000FF000000FF000000FF000000FF2BFD99FF2BFD99FF000000FF000000FF000000FF000000FF000000FF000000FF2BFD99FF2BFD99FF000000FF000000FF000000FF000000FF000000FF000000FF2BFD99FF2BFD99FF2BFD99FF2BFD99FF2BFD99FF2BFD99FF000000FF000000FF000000FF000000FF000000FF000000FF2BFD99FF2BFD99FF000000FF000000FF000000FF000000FF000000FF000000FF2BFD99FF2BFD99FF000000FF000000FF000000FF000000FF000000FF000000FF2BFD99FF2BFD99FF2BFD99FF2BFD99FF2BFD99FF2BFD99FF2BFD99FF2BFD99FF000000FF000000FF000000FF000000FF000000FF000000FF000000FF000000FF000000FF000000FF000000FF000000FF000000FF000000FF000000FF000000FF000000FF000000FF000000FF000000FF000000FF000000FF000000FF000000FF000000FF000000FF000000FF000000FF000000FF000000FF000000FF000000FF000000FF000000FF000000FF000000FF000000FF000000FF000000FF000000FF000000FF000000FF000000FF000000FF000000FF000000FF000000FF000000FF000000FF000000FF000000FF000000FF000000FF000000FF000000FF000000FF000000FF000000FF000000FF000000FF000000FF000000FF000000FF000000FF000000FF000000FF000000FF000000FF000000FF000000FF000000FF000000FF000000FF000000FF000000FF000000FF000000FF000000FF000000FF000000FF000000FF000000FF000000FF000000FF000000FF000000FF000000FF000000FF000000FF000000FF000000FF000000FF000000FF000000FF000000FF000000FF000000FF000000FF000000FF000000FF000000FF000000FF000000FF000000FF000000FF000000FF000000FF000000FF000000FF000000FF000000FF000000FF000000FF000000FF000000FF000000FF000000FF000000FF000000FF000000FF000000FF000000FF000000FF000000FF000000FF000000FF000000FF000000FF000000FF000000FF000000FF000000FF000000FF000000FF000000FF000000FF000000FF000000FF000000FF000000FF000000FF000000FF000000FF000000FF000000FF000000FF000000FF000000FF000000FF000000FF000000FF000000FF000000FF000000FF000000FF000000FF000000FF000000FF000000FF000000FF000000FF000000FF000000FF000000FF000000FF000000FF000000FF000000FF000000FF000000FF000000FF000000FF000000FF000000FF000000FF000000FF000000FF000000FF000000FF000000FF000000FF000000FF000000FF000000FF000000FF000000FF000000FF000000FF000000FF000000FF000000FF000000FF000000FF000000FF000000FF000000FF000000FF000000FF000000FF000000FF000000FF000000FF000000FF000000FF000000FF000000FF000000FF000000FF000000FF000000FF000000FF000000FF000000FF000000FF000000FF000000FF000000FF000000FF000000FF000000FF000000FF000000FF000000FF000000FF000000FF000000FF000000FF000000FF000000FF000000FF000000FF000000FF000000FF000000FF000000FF000000FF000000FF000000FF000000FF000000FF000000FF000000FF000000FF000000FF000000FF000000FF000000FF000000FF000000FF000000FF000000FF000000FF000000FF000000FF000000FF000000FF000000FF000000FF000000FF000000FF000000FF000000FF000000FF000000FF000000FF000000FF000000FF000000FF000000FF000000FF000000FF000000FF000000FF000000FF000000FF000000FF000000FF000000FF000000FF000000FF000000FF000000FF000000FF000000FF000000FF000000FF000000FF000000FF000000FF000000FF000000FF000000FF000000FF000000FF000000FF000000FF000000FF000000FF000000FF000000FF000000FF000000FF000000FF000000FF000000FF000000FF000000FF000000FF000000FF000000FF000000FF000000FF000000FF000000FF000000FF000000FF000000FF000000FF000000FF000000FF000000FF000000FF000000FF000000FF000000FF000000FF000000FF000000FF000000FF000000FF000000FF000000FF000000FF000000FF000000FF000000FF000000FF000000FF000000FF000000FF000000FF000000FF000000FF000000FF000000FF000000FF000000FF000000FF000000FF000000FF000000FF000000FF000000FF000000FF000000FF000000FF000000FF000000FF000000FF000000FF000000FF000000FF000000FF000000FF000000FF000000FF000000FF000000FF000000FF000000FF000000FF000000FF000000FF000000FF000000FF000000FF000000FF000000FF000000FF000000FF000000FF000000FF000000FF000000FF000000FF000000FF000000FF000000FF000000FF000000FF000000FF000000FF000000FF000000FF000000FF000000FF000000FF000000FF000000FF000000FF000000FF000000FF000000FF000000FF000000FF000000FF000000FF000000FF000000FF000000FF000000FF000000FF000000FF000000FF000000FF000000FF000000FF000000FF000000FF000000FF000000FF000000FF000000FF000000FF000000FF000000FF000000FF000000FF000000FF000000FF000000FF000000FF000000FF000000FF000000FF000000FF000000FF000000FF000000FF000000FF000000FF000000FF000000FF000000FF000000FF000000FF000000FF000000FF000000FF000000FF000000FF000000FF000000FF000000FF000000FF000000FF000000FF000000FF000000FF000000FF000000FF000000FF000000FF000000FF000000FF000000FF000000FF000000FF000000FF000000FF000000FF000000FF000000FF000000FF000000FF000000FF000000FF000000FF000000FF000000FF000000FF000000FF000000FF000000FF000000FF000000FF000000FF000000FF000000FF000000FF000000FF000000FF000000FF000000FF000000FF000000FF000000FF000000FF000000FF000000FF000000FF000000FF000000FF000000FF000000FF000000FF000000FF000000FF000000FF000000FF000000FF000000FF000000FF000000FF000000FF000000FF000000FF000000FF000000FF000000FF000000FF000000FF000000FF000000FF000000FF000000FF000000FF000000FF000000FF000000FF000000FF000000FF000000FF000000FF000000FF000000FF000000FF000000FF000000FF000000FF000000FF000000FF000000FF000000FF000000FF000000FF000000FF000000FF000000FF000000FF000000FF000000FF000000FF000000FF000000FF000000FF000000FF000000FF000000FF000000FF000000FF000000FF000000FF000000FF000000FF000000FF000000FF000000FF000000FF000000FF000000FF000000FF000000FF000000FF000000FF000000FF000000FF000000FF000000FF000000FF000000FF000000FF000000FF000000FF000000FF000000FF000000FF000000FF000000FF000000FF000000FF000000FF000000FF000000FF000000FF000000FF000000FF000000FF000000FF000000FF000000FF000000FF000000FF000000FF000000FF000000FF000000FF000000FF000000FF000000FF000000FF000000FF000000FF000000FF000000FF000000FF000000FF000000FF000000FF000000FF000000FF000000FF000000FF000000FF000000FF000000FF000000FF000000FF000000FF000000FF000000FF000000FF000000FF000000FF000000FF000000FF000000FF000000FF000000FF000000FF000000FF000000FF000000FF000000FF000000FF000000FF000000FF000000FF000000FF000000FF000000FF000000FF000000FF000000FF000000FF000000FF000000FF000000FF000000FF000000FF000000FF000000FF000000FF000000FF000000FF000000FF000000FF000000FF000000FF000000FF000000FF000000FF000000FF000000FF000000FF000000FF000000FF000000FF000000FF000000FF000000FF000000FF000000FF000000FF000000FF000000FF000000FF000000FF000000FF000000FF000000FF000000FF000000FF000000FF000000FF000000FF000000FF000000FF000000FF000000FF000000FF000000FF000000FF000000FF000000FF000000FF000000FF000000FF000000FF000000FF000000FF000000FF000000FF000000FF000000FF000000FF000000FF000000FF000000FF000000FF000000FF000000FF000000FF000000FF000000FF000000FF000000FF000000FF000000FF000000FF000000FF000000FF000000FF000000FF000000FF000000FF000000FF000000FF000000FF000000FF000000FF000000FF000000FF000000FF000000FF000000FF000000FF000000FF000000FF000000FF000000FF000000FF000000FF000000FF000000FF000000FF000000FF000000FF000000FF000000FF000000FF000000FF000000FF000000FF000000FF000000FF000000FF000000FF000000FF000000FF000000FF000000FF000000FF000000FF000000FF000000FF000000FF000000FF000000FF000000FF000000FF000000FF000000FF000000FF000000FF000000FF000000FF000000FF000000FF000000FF000000FF000000FF000000FF000000FF000000FF000000FF000000FF000000FF000000FF000000FF000000FF000000FF000000FF000000FF000000FF000000FF000000FF000000FF000000FF000000FF000000FF000000FF000000FF000000FF000000FF000000FF000000FF000000FF000000FF000000FF000000FF000000FF000000FF000000FF000000FF000000FF000000FF000000FF000000FF000000FF000000FF000000FF000000FF000000FF000000FF000000FF000000FF000000FF000000FF000000FF000000FF000000FF000000FF000000FF000000FF000000FF000000FF000000FF000000FF000000FF000000FF000000FF000000FF000000FF000000FF000000FF000000FF000000FF000000FF000000FF000000FF000000FF000000FF000000FF000000FF000000FF000000FF000000FF000000FF000000FF000000FF000000FF000000FF000000FF000000FF000000FF000000FF000000FF000000FF000000FF000000FF000000FF000000FF000000FF000000FF000000FF000000FF000000FF000000FF000000FF000000FF000000FF000000FF000000FF000000FF000000FF000000FF000000FF000000FF000000FF000000FF000000FF000000FF000000FF000000FF000000FF000000FF000000FF000000FF000000FF000000FF000000FF000000FF000000FF000000FF000000FF000000FF000000FF000000FF000000FF000000FF000000FF000000FF000000FF000000FF000000FF000000FF000000FF000000FF000000FF000000FF000000FF000000FF000000FF000000FF000000FF000000FF000000FF000000FF000000FF000000FF000000FF000000FF000000FF000000FF000000FF000000FF000000FF000000FF000000FF000000FF000000FF000000FF000000FF000000FF000000FF000000FF000000FF000000FF000000FF000000FF000000FF000000FF000000FF000000FF000000FF000000FF000000FF000000FF000000FF000000FF000000FF000000FF000000FF000000FF000000FF000000FF000000FF000000FF000000FF000000FF000000FF000000FF000000FF000000FF000000FF000000FF000000FF000000FF000000FF000000FF000000FF000000FF000000FF000000FF000000FF000000FF000000FF000000FF000000FF000000FF000000FF000000FF000000FF000000FF000000FF000000FF000000FF000000FF000000FF000000FF000000FF000000FF000000FF000000FF000000FF000000FF000000FF000000FF000000FF000000FF000000FF000000FF000000FF000000FF000000FF000000FF000000FF000000FF000000FF000000FF000000FF000000FF000000FF000000FF000000FF000000FF000000FF000000FF000000FF000000FF000000FF000000FF000000FF000000FF000000FF000000FF000000FF000000FF000000FF000000FF000000FF000000FF000000FF000000FF000000FF000000FF000000FF000000FF000000FF000000FF000000FF000000FF000000FF000000FF000000FF000000FF000000FF000000FF000000FF000000FF000000FF000000FF000000FF000000FF000000FF000000FF000000FF000000FF000000FF000000FF000000FF000000FF000000FF000000FF000000FF000000FF000000FF000000FF000000FF000000FF000000FF000000FF000000FF000000FF000000FF000000FF000000FF000000FF000000FF000000FF000000FF000000FF000000FF000000FF000000FF000000FF000000FF000000FF000000FF000000FF000000FF000000FF000000FF000000FF000000FF000000FF000000FF000000FF000000FF000000FF000000FF000000FF000000FF000000FF000000FF000000FF000000FF000000FF000000FF000000FF000000FF000000FF000000FF000000FF000000FF000000FF000000FF000000FF000000FF000000FF000000FF000000FF000000FF000000FF000000FF000000FF000000FF000000FF000000FF000000FF000000FF000000FF000000FF000000FF000000FF000000FF000000FF000000FF000000FF000000FF000000FF000000FF000000FF000000FF000000FF000000FF000000FF000000FF000000FF000000FF000000FF000000FF000000FF000000FF000000FF000000FF000000FF000000FF000000FF000000FF000000FF000000FF000000FF000000FF000000FF000000FF000000FF000000FF000000FF000000FF000000FF000000FF000000FF000000FF000000FF000000FF000000FF000000FF000000FF000000FF000000FF000000FF000000FF000000FF000000FF000000FF000000FF000000FF000000FF000000FF000000FF000000FF000000FF000000FF000000FF000000FF000000FF000000FF000000FF000000FF000000FF000000FF000000FF000000FF000000FF000000FF000000FF000000FF000000FF000000FF000000FF000000FF000000FF000000FF000000FF000000FF000000FF000000FF000000FF000000FF000000FF000000FF000000FF000000FF000000FF000000FF000000FF000000FF000000FF000000FF000000FF000000FF000000FF000000FF000000FF000000FF000000FF000000FF000000FF000000FF000000FF000000FF000000FF000000FF000000FF000000FF000000FF000000FF000000FF000000FF000000FF000000FF000000FF000000FF000000FF000000FF000000FF000000FF000000FF000000FF000000FF000000FF000000FF000000FF000000FF000000FF000000FF000000FF000000FF000000FF000000FF000000FF000000FF000000FF000000FF000000FF000000FF000000FF000000FF000000FF000000FF000000FF000000FF000000FF000000FF000000FF000000FF000000FF000000FF000000FF000000FF000000FF000000FF000000FF000000FF000000FF000000FF000000FF000000FF000000FF000000FF000000FF000000FF000000FF000000FF000000FF000000FF000000FF000000FF000000FF000000FF000000FF000000FF000000FF000000FF000000FF000000FF000000FF000000FF000000FF000000FF000000FF000000FF000000FF000000FF000000FF000000FF000000FF000000FF000000FF000000FF000000FF000000FF000000FF000000FF000000FF000000FF000000FF000000FF000000FF000000FF000000FF000000FF000000FF000000FF000000FF000000FF000000FF000000FF000000FF000000FF000000FF000000FF000000FF000000FF000000FF000000FF000000FF000000FF000000FF000000FF000000FF000000FF000000FF000000FF000000FF000000FF000000FF000000FF2BFD99FF2BFD99FF2BFD99FF2BFD99FF2BFD99FF2BFD99FF2BFD99FF2BFD99FF000000FF000000FF000000FF000000FF000000FF000000FF000000FF000000FF000000FF000000FF000000FF000000FF000000FF000000FF000000FF000000FF000000FF000000FF000000FF000000FF000000FF000000FF000000FF000000FF000000FF000000FF000000FF000000FF000000FF000000FF000000FF000000FF000000FF000000FF000000FF000000FF000000FF000000FF000000FF000000FF000000FF000000FF000000FF000000FF000000FF000000FF000000FF000000FF000000FF000000FF000000FF000000FF000000FF000000FF000000FF000000FF000000FF000000FF000000FF000000FF000000FF000000FF000000FF000000FF000000FF000000FF000000FF000000FF000000FF000000FF000000FF000000FF000000FF000000FF000000FF000000FF000000FF000000FF000000FF000000FF000000FF000000FF000000FF000000FF000000FF000000FF000000FF000000FF000000FF000000FF000000FF000000FF000000FF000000FF000000FF000000FF000000FF000000FF000000FF000000FF000000FF000000FF000000FF000000FF000000FF000000FF000000FF000000FF000000FF000000FF000000FF000000FF000000FF000000FF000000FF000000FF000000FF000000FF000000FF000000FF000000FF000000FF000000FF000000FF000000FF000000FF000000FF000000FF000000FF000000FF000000FF000000FF2BFD99FF2BFD99FF2BFD99FF2BFD99FF2BFD99FF2BFD99FF2BFD99FF2BFD99FF000000FF000000FF000000FF000000FF000000FF000000FF2BFD99FF2BFD99FF000000FF000000FF000000FF000000FF000000FF000000FF2BFD99FF2BFD99FF000000FF000000FF000000FF000000FF2BFD99FF2BFD99FF2BFD99FF2BFD99FF2BFD99FF2BFD99FF2BFD99FF2BFD99FF2BFD99FF2BFD99FF000000FF000000FF000000FF000000FF2BFD99FF2BFD99FF2BFD99FF2BFD99FF2BFD99FF2BFD99FF2BFD99FF2BFD99FF2BFD99FF2BFD99FF000000FF000000FF000000FF000000FF2BFD99FF2BFD99FF2BFD99FF2BFD99FF2BFD99FF2BFD99FF2BFD99FF2BFD99FF2BFD99FF2BFD99FF000000FF000000FF000000FF000000FF2BFD99FF2BFD99FF2BFD99FF2BFD99FF2BFD99FF2BFD99FF2BFD99FF2BFD99FF000000FF000000FF000000FF000000FF000000FF000000FF000000FF000000FF000000FF000000FF000000FF000000FF000000FF000000FF000000FF000000FF000000FF000000FF000000FF000000FF000000FF000000FF2BFD99FF2BFD99FF2BFD99FF2BFD99FF2BFD99FF2BFD99FF000000FF000000FF000000FF000000FF000000FF000000FF2BFD99FF2BFD99FF2BFD99FF2BFD99FF2BFD99FF2BFD99FF2BFD99FF2BFD99FF2BFD99FF2BFD99FF000000FF000000FF000000FF000000FF000000FF000000FF000000FF000000FF2BFD99FF2BFD99FF000000FF000000FF000000FF000000FF000000FF000000FF000000FF000000FF2BFD99FF2BFD99FF2BFD99FF2BFD99FF2BFD99FF2BFD99FF2BFD99FF2BFD99FF2BFD99FF2BFD99FF000000FF000000FF000000FF000000FF2BFD99FF2BFD99FF000000FF000000FF000000FF000000FF000000FF000000FF2BFD99FF2BFD99FF000000FF000000FF000000FF000000FF000000FF000000FF2BFD99FF2BFD99FF2BFD99FF2BFD99FF2BFD99FF2BFD99FF000000FF000000FF000000FF000000FF000000FF000000FF000000FF000000FF000000FF000000FF000000FF000000FF000000FF000000FF000000FF000000FF000000FF000000FF000000FF000000FF000000FF000000FF000000FF000000FF000000FF000000FF000000FF000000FF000000FF000000FF000000FF000000FF000000FF000000FF000000FF000000FF000000FF000000FF000000FF000000FF000000FF000000FF000000FF000000FF000000FF000000FF000000FF000000FF000000FF000000FF000000FF000000FF000000FF000000FF000000FF000000FF000000FF000000FF000000FF000000FF000000FF000000FF000000FF000000FF000000FF000000FF000000FF000000FF000000FF000000FF000000FF000000FF000000FF000000FF000000FF000000FF000000FF000000FF000000FF000000FF000000FF000000FF000000FF000000FF000000FF000000FF000000FF000000FF000000FF000000FF000000FF000000FF000000FF000000FF000000FF000000FF000000FF000000FF000000FF000000FF000000FF000000FF000000FF000000FF000000FF000000FF000000FF000000FF000000FF000000FF000000FF000000FF000000FF000000FF000000FF000000FF000000FF000000FF000000FF000000FF000000FF000000FF000000FF000000FF000000FF000000FF000000FF000000FF000000FF000000FF000000FF000000FF000000FF000000FF000000FF000000FF000000FF000000FF000000FF000000FF000000FF000000FF000000FF000000FF000000FF000000FF000000FF000000FF000000FF000000FF000000FF000000FF000000FF000000FF000000FF000000FF000000FF000000FF000000FF000000FF000000FF000000FF000000FF000000FF000000FF000000FF000000FF000000FF000000FF000000FF000000FF000000FF000000FF000000FF000000FF000000FF000000FF000000FF000000FF000000FF000000FF000000FF000000FF000000FF000000FF000000FF000000FF000000FF000000FF000000FF000000FF000000FF000000FF000000FF000000FF000000FF000000FF000000FF000000FF000000FF000000FF000000FF000000FF000000FF000000FF000000FF000000FF000000FF000000FF000000FF000000FF000000FF000000FF000000FF000000FF000000FF000000FF000000FF000000FF000000FF000000FF000000FF000000FF000000FF000000FF000000FF000000FF000000FF000000FF000000FF000000FF000000FF000000FF000000FF000000FF000000FF000000FF000000FF000000FF000000FF000000FF000000FF000000FF000000FF2BFD99FF2BFD99FF2BFD99FF2BFD99FF2BFD99FF2BFD99FF2BFD99FF2BFD99FF000000FF000000FF000000FF000000FF000000FF000000FF000000FF000000FF000000FF000000FF000000FF000000FF000000FF000000FF000000FF000000FF000000FF000000FF000000FF000000FF000000FF000000FF000000FF000000FF000000FF000000FF000000FF000000FF000000FF000000FF000000FF000000FF000000FF000000FF000000FF000000FF000000FF000000FF000000FF000000FF000000FF000000FF000000FF000000FF000000FF000000FF000000FF000000FF000000FF000000FF000000FF000000FF000000FF000000FF000000FF000000FF000000FF000000FF000000FF000000FF000000FF000000FF000000FF000000FF000000FF000000FF000000FF000000FF000000FF000000FF000000FF000000FF000000FF000000FF000000FF000000FF000000FF000000FF000000FF000000FF000000FF000000FF000000FF000000FF000000FF000000FF000000FF000000FF000000FF000000FF000000FF000000FF000000FF000000FF000000FF000000FF000000FF000000FF000000FF000000FF000000FF000000FF000000FF000000FF000000FF000000FF000000FF000000FF000000FF000000FF000000FF000000FF000000FF000000FF000000FF000000FF000000FF000000FF000000FF000000FF000000FF000000FF000000FF000000FF000000FF000000FF000000FF000000FF000000FF000000FF000000FF000000FF2BFD99FF2BFD99FF2BFD99FF2BFD99FF2BFD99FF2BFD99FF2BFD99FF2BFD99FF000000FF000000FF000000FF000000FF000000FF000000FF2BFD99FF2BFD99FF000000FF000000FF000000FF000000FF000000FF000000FF2BFD99FF2BFD99FF000000FF000000FF000000FF000000FF2BFD99FF2BFD99FF2BFD99FF2BFD99FF2BFD99FF2BFD99FF2BFD99FF2BFD99FF2BFD99FF2BFD99FF000000FF000000FF000000FF000000FF2BFD99FF2BFD99FF2BFD99FF2BFD99FF2BFD99FF2BFD99FF2BFD99FF2BFD99FF2BFD99FF2BFD99FF000000FF000000FF000000FF000000FF2BFD99FF2BFD99FF2BFD99FF2BFD99FF2BFD99FF2BFD99FF2BFD99FF2BFD99FF2BFD99FF2BFD99FF000000FF000000FF000000FF000000FF2BFD99FF2BFD99FF2BFD99FF2BFD99FF2BFD99FF2BFD99FF2BFD99FF2BFD99FF000000FF000000FF000000FF000000FF000000FF000000FF000000FF000000FF000000FF000000FF000000FF000000FF000000FF000000FF000000FF000000FF000000FF000000FF000000FF000000FF000000FF000000FF2BFD99FF2BFD99FF2BFD99FF2BFD99FF2BFD99FF2BFD99FF000000FF000000FF000000FF000000FF000000FF000000FF2BFD99FF2BFD99FF2BFD99FF2BFD99FF2BFD99FF2BFD99FF2BFD99FF2BFD99FF2BFD99FF2BFD99FF000000FF000000FF000000FF000000FF000000FF000000FF000000FF000000FF2BFD99FF2BFD99FF000000FF000000FF000000FF000000FF000000FF000000FF000000FF000000FF2BFD99FF2BFD99FF2BFD99FF2BFD99FF2BFD99FF2BFD99FF2BFD99FF2BFD99FF2BFD99FF2BFD99FF000000FF000000FF000000FF000000FF2BFD99FF2BFD99FF000000FF000000FF000000FF000000FF000000FF000000FF2BFD99FF2BFD99FF000000FF000000FF000000FF000000FF000000FF000000FF2BFD99FF2BFD99FF2BFD99FF2BFD99FF2BFD99FF2BFD99FF000000FF000000FF000000FF000000FF000000FF000000FF000000FF000000FF000000FF000000FF000000FF000000FF000000FF000000FF000000FF000000FF000000FF000000FF000000FF000000FF000000FF000000FF000000FF000000FF000000FF000000FF000000FF000000FF000000FF000000FF000000FF000000FF000000FF000000FF000000FF000000FF000000FF000000FF000000FF000000FF000000FF000000FF000000FF000000FF000000FF000000FF000000FF000000FF000000FF000000FF000000FF000000FF000000FF000000FF000000FF000000FF000000FF000000FF000000FF000000FF000000FF000000FF000000FF000000FF000000FF000000FF000000FF000000FF000000FF000000FF000000FF000000FF000000FF000000FF000000FF000000FF000000FF000000FF000000FF000000FF000000FF000000FF000000FF000000FF000000FF000000FF000000FF000000FF000000FF000000FF000000FF000000FF000000FF000000FF000000FF000000FF000000FF000000FF000000FF000000FF000000FF000000FF000000FF000000FF000000FF000000FF000000FF000000FF000000FF000000FF000000FF000000FF000000FF000000FF000000FF000000FF000000FF000000FF000000FF000000FF000000FF000000FF000000FF000000FF000000FF000000FF000000FF000000FF000000FF000000FF000000FF000000FF000000FF000000FF000000FF000000FF000000FF000000FF000000FF000000FF000000FF000000FF000000FF000000FF000000FF000000FF000000FF000000FF000000FF000000FF000000FF000000FF000000FF000000FF000000FF000000FF000000FF000000FF000000FF000000FF000000FF000000FF000000FF000000FF000000FF000000FF000000FF000000FF000000FF000000FF000000FF000000FF000000FF000000FF000000FF000000FF000000FF000000FF000000FF000000FF000000FF000000FF000000FF000000FF000000FF000000FF000000FF000000FF000000FF000000FF000000FF000000FF000000FF000000FF000000FF000000FF000000FF000000FF000000FF000000FF000000FF000000FF000000FF000000FF000000FF000000FF000000FF000000FF000000FF000000FF000000FF000000FF000000FF000000FF000000FF000000FF000000FF000000FF000000FF000000FF000000FF000000FF000000FF000000FF000000FF000000FF000000FF000000FF000000FF000000FF000000FF000000FF000000FF000000FF000000FF000000FF000000FF000000FF000000FF000000FF000000FF000000FF000000FF000000FF2BFD99FF2BFD99FF000000FF000000FF000000FF000000FF000000FF000000FF2BFD99FF2BFD99FF000000FF000000FF000000FF000000FF000000FF000000FF000000FF000000FF000000FF000000FF000000FF000000FF000000FF000000FF000000FF000000FF000000FF000000FF000000FF000000FF000000FF000000FF000000FF000000FF000000FF000000FF000000FF000000FF000000FF000000FF000000FF000000FF000000FF000000FF000000FF000000FF000000FF000000FF000000FF000000FF000000FF000000FF000000FF000000FF000000FF000000FF000000FF000000FF000000FF000000FF000000FF000000FF000000FF000000FF000000FF000000FF000000FF000000FF000000FF000000FF000000FF000000FF000000FF000000FF000000FF000000FF000000FF000000FF000000FF000000FF000000FF000000FF000000FF000000FF000000FF000000FF000000FF000000FF000000FF000000FF000000FF000000FF000000FF000000FF000000FF000000FF000000FF000000FF000000FF000000FF000000FF000000FF000000FF000000FF000000FF000000FF000000FF000000FF000000FF000000FF000000FF000000FF000000FF000000FF000000FF000000FF000000FF000000FF000000FF000000FF000000FF000000FF000000FF000000FF000000FF000000FF000000FF000000FF000000FF000000FF000000FF000000FF000000FF000000FF000000FF000000FF000000FF000000FF000000FF000000FF2BFD99FF2BFD99FF000000FF000000FF000000FF000000FF000000FF000000FF2BFD99FF2BFD99FF000000FF000000FF000000FF000000FF2BFD99FF2BFD99FF000000FF000000FF000000FF000000FF000000FF000000FF2BFD99FF2BFD99FF000000FF000000FF000000FF000000FF2BFD99FF2BFD99FF000000FF000000FF000000FF000000FF000000FF000000FF000000FF000000FF000000FF000000FF000000FF000000FF2BFD99FF2BFD99FF000000FF000000FF000000FF000000FF000000FF000000FF000000FF000000FF000000FF000000FF000000FF000000FF2BFD99FF2BFD99FF000000FF000000FF000000FF000000FF000000FF000000FF000000FF000000FF000000FF000000FF000000FF000000FF2BFD99FF2BFD99FF000000FF000000FF000000FF000000FF000000FF000000FF2BFD99FF2BFD99FF000000FF000000FF000000FF000000FF000000FF000000FF000000FF000000FF000000FF000000FF000000FF000000FF000000FF000000FF000000FF000000FF000000FF000000FF2BFD99FF2BFD99FF000000FF000000FF000000FF000000FF000000FF000000FF2BFD99FF2BFD99FF000000FF000000FF000000FF000000FF000000FF000000FF000000FF000000FF2BFD99FF2BFD99FF000000FF000000FF000000FF000000FF000000FF000000FF000000FF000000FF000000FF000000FF2BFD99FF2BFD99FF000000FF000000FF2BFD99FF2BFD99FF000000FF000000FF000000FF000000FF000000FF000000FF000000FF000000FF000000FF000000FF2BFD99FF2BFD99FF000000FF000000FF000000FF000000FF000000FF000000FF000000FF000000FF2BFD99FF2BFD99FF000000FF000000FF000000FF000000FF000000FF000000FF2BFD99FF2BFD99FF000000FF000000FF000000FF000000FF2BFD99FF2BFD99FF000000FF000000FF000000FF000000FF000000FF000000FF2BFD99FF2BFD99FF000000FF000000FF000000FF000000FF000000FF000000FF000000FF000000FF000000FF000000FF000000FF000000FF000000FF000000FF000000FF000000FF000000FF000000FF000000FF000000FF000000FF000000FF000000FF000000FF000000FF000000FF000000FF000000FF000000FF000000FF000000FF000000FF000000FF000000FF000000FF000000FF000000FF000000FF000000FF000000FF000000FF000000FF000000FF000000FF000000FF000000FF000000FF000000FF000000FF000000FF000000FF000000FF000000FF000000FF000000FF000000FF000000FF000000FF000000FF000000FF000000FF000000FF000000FF000000FF000000FF000000FF000000FF000000FF000000FF000000FF000000FF000000FF000000FF000000FF000000FF000000FF000000FF000000FF000000FF000000FF000000FF000000FF000000FF000000FF000000FF000000FF000000FF000000FF000000FF000000FF000000FF000000FF000000FF000000FF000000FF000000FF000000FF000000FF000000FF000000FF000000FF000000FF000000FF000000FF000000FF000000FF000000FF000000FF000000FF000000FF000000FF000000FF000000FF000000FF000000FF000000FF000000FF000000FF000000FF000000FF000000FF000000FF000000FF000000FF000000FF000000FF000000FF000000FF000000FF000000FF000000FF000000FF000000FF000000FF000000FF000000FF000000FF000000FF000000FF000000FF000000FF000000FF000000FF000000FF000000FF000000FF000000FF000000FF000000FF000000FF000000FF000000FF000000FF000000FF000000FF000000FF000000FF000000FF000000FF000000FF000000FF000000FF000000FF000000FF000000FF000000FF000000FF000000FF000000FF000000FF000000FF000000FF000000FF000000FF000000FF000000FF000000FF000000FF000000FF000000FF000000FF000000FF000000FF000000FF000000FF000000FF000000FF000000FF000000FF000000FF000000FF000000FF000000FF000000FF000000FF000000FF000000FF000000FF000000FF000000FF000000FF000000FF000000FF000000FF000000FF000000FF000000FF000000FF000000FF000000FF000000FF000000FF000000FF000000FF000000FF000000FF000000FF000000FF000000FF000000FF000000FF000000FF000000FF000000FF000000FF000000FF000000FF000000FF000000FF000000FF000000FF000000FF000000FF000000FF000000FF000000FF000000FF000000FF000000FF000000FF000000FF000000FF2BFD99FF2BFD99FF000000FF000000FF000000FF000000FF000000FF000000FF2BFD99FF2BFD99FF000000FF000000FF000000FF000000FF000000FF000000FF000000FF000000FF000000FF000000FF000000FF000000FF000000FF000000FF000000FF000000FF000000FF000000FF000000FF000000FF000000FF000000FF000000FF000000FF000000FF000000FF000000FF000000FF000000FF000000FF000000FF000000FF000000FF000000FF000000FF000000FF000000FF000000FF000000FF000000FF000000FF000000FF000000FF000000FF000000FF000000FF000000FF000000FF000000FF000000FF000000FF000000FF000000FF000000FF000000FF000000FF000000FF000000FF000000FF000000FF000000FF000000FF000000FF000000FF000000FF000000FF000000FF000000FF000000FF000000FF000000FF000000FF000000FF000000FF000000FF000000FF000000FF000000FF000000FF000000FF000000FF000000FF000000FF000000FF000000FF000000FF000000FF000000FF000000FF000000FF000000FF000000FF000000FF000000FF000000FF000000FF000000FF000000FF000000FF000000FF000000FF000000FF000000FF000000FF000000FF000000FF000000FF000000FF000000FF000000FF000000FF000000FF000000FF000000FF000000FF000000FF000000FF000000FF000000FF000000FF000000FF000000FF000000FF000000FF000000FF000000FF000000FF000000FF000000FF000000FF2BFD99FF2BFD99FF000000FF000000FF000000FF000000FF000000FF000000FF2BFD99FF2BFD99FF000000FF000000FF000000FF000000FF2BFD99FF2BFD99FF000000FF000000FF000000FF000000FF000000FF000000FF2BFD99FF2BFD99FF000000FF000000FF000000FF000000FF2BFD99FF2BFD99FF000000FF000000FF000000FF000000FF000000FF000000FF000000FF000000FF000000FF000000FF000000FF000000FF2BFD99FF2BFD99FF000000FF000000FF000000FF000000FF000000FF000000FF000000FF000000FF000000FF000000FF000000FF000000FF2BFD99FF2BFD99FF000000FF000000FF000000FF000000FF000000FF000000FF000000FF000000FF000000FF000000FF000000FF000000FF2BFD99FF2BFD99FF000000FF000000FF000000FF000000FF000000FF000000FF2BFD99FF2BFD99FF000000FF000000FF000000FF000000FF000000FF000000FF000000FF000000FF000000FF000000FF000000FF000000FF000000FF000000FF000000FF000000FF000000FF000000FF2BFD99FF2BFD99FF000000FF000000FF000000FF000000FF000000FF000000FF2BFD99FF2BFD99FF000000FF000000FF000000FF000000FF000000FF000000FF000000FF000000FF2BFD99FF2BFD99FF000000FF000000FF000000FF000000FF000000FF000000FF000000FF000000FF000000FF000000FF2BFD99FF2BFD99FF000000FF000000FF2BFD99FF2BFD99FF000000FF000000FF000000FF000000FF000000FF000000FF000000FF000000FF000000FF000000FF2BFD99FF2BFD99FF000000FF000000FF000000FF000000FF000000FF000000FF000000FF000000FF2BFD99FF2BFD99FF000000FF000000FF000000FF000000FF000000FF000000FF2BFD99FF2BFD99FF000000FF000000FF000000FF000000FF2BFD99FF2BFD99FF000000FF000000FF000000FF000000FF000000FF000000FF2BFD99FF2BFD99FF000000FF000000FF000000FF000000FF000000FF000000FF000000FF000000FF000000FF000000FF000000FF000000FF000000FF000000FF000000FF000000FF000000FF000000FF000000FF000000FF000000FF000000FF000000FF000000FF000000FF000000FF000000FF000000FF000000FF000000FF000000FF000000FF000000FF000000FF000000FF000000FF000000FF000000FF000000FF000000FF000000FF000000FF000000FF000000FF000000FF000000FF000000FF000000FF000000FF000000FF000000FF000000FF000000FF000000FF000000FF000000FF000000FF000000FF000000FF000000FF000000FF000000FF000000FF000000FF000000FF000000FF000000FF000000FF000000FF000000FF000000FF000000FF000000FF000000FF000000FF000000FF000000FF000000FF000000FF000000FF000000FF000000FF000000FF000000FF000000FF000000FF000000FF000000FF000000FF000000FF000000FF000000FF000000FF000000FF000000FF000000FF000000FF000000FF000000FF000000FF000000FF000000FF000000FF000000FF000000FF000000FF000000FF000000FF000000FF000000FF000000FF000000FF000000FF000000FF000000FF000000FF000000FF000000FF000000FF000000FF000000FF000000FF000000FF000000FF000000FF000000FF000000FF000000FF000000FF000000FF000000FF000000FF000000FF000000FF000000FF000000FF000000FF000000FF000000FF000000FF000000FF000000FF000000FF000000FF000000FF000000FF000000FF000000FF000000FF000000FF000000FF000000FF000000FF000000FF000000FF000000FF000000FF000000FF000000FF000000FF000000FF000000FF000000FF000000FF000000FF000000FF000000FF000000FF000000FF000000FF000000FF000000FF000000FF000000FF000000FF000000FF000000FF000000FF000000FF000000FF000000FF000000FF000000FF000000FF000000FF000000FF000000FF000000FF000000FF000000FF000000FF000000FF000000FF000000FF000000FF000000FF000000FF000000FF000000FF000000FF000000FF000000FF000000FF000000FF000000FF000000FF000000FF000000FF000000FF000000FF000000FF000000FF000000FF000000FF000000FF000000FF000000FF000000FF000000FF000000FF000000FF000000FF000000FF000000FF000000FF000000FF000000FF000000FF000000FF000000FF000000FF000000FF000000FF000000FF000000FF000000FF000000FF000000FF000000FF000000FF000000FF000000FF2BFD99FF2BFD99FF000000FF000000FF000000FF000000FF000000FF000000FF2BFD99FF2BFD99FF000000FF000000FF000000FF000000FF000000FF000000FF000000FF000000FF000000FF000000FF000000FF000000FF000000FF000000FF000000FF000000FF000000FF000000FF000000FF000000FF000000FF000000FF000000FF000000FF000000FF000000FF000000FF000000FF000000FF000000FF000000FF000000FF000000FF000000FF000000FF000000FF000000FF000000FF000000FF000000FF000000FF000000FF000000FF000000FF000000FF000000FF000000FF000000FF000000FF000000FF000000FF000000FF000000FF000000FF000000FF000000FF000000FF000000FF000000FF000000FF000000FF000000FF000000FF000000FF000000FF000000FF000000FF000000FF000000FF000000FF000000FF000000FF000000FF000000FF000000FF000000FF000000FF000000FF000000FF000000FF000000FF000000FF000000FF000000FF000000FF000000FF000000FF000000FF000000FF000000FF000000FF000000FF000000FF000000FF000000FF000000FF000000FF000000FF000000FF000000FF000000FF000000FF000000FF000000FF000000FF000000FF2BFD99FF2BFD99FF000000FF000000FF000000FF000000FF000000FF000000FF000000FF000000FF000000FF000000FF000000FF000000FF000000FF000000FF000000FF000000FF000000FF000000FF000000FF000000FF000000FF000000FF2BFD99FF2BFD99FF000000FF000000FF000000FF000000FF000000FF000000FF2BFD99FF2BFD99FF000000FF000000FF000000FF000000FF2BFD99FF2BFD99FF000000FF000000FF000000FF000000FF000000FF000000FF2BFD99FF2BFD99FF000000FF000000FF000000FF000000FF2BFD99FF2BFD99FF000000FF000000FF000000FF000000FF000000FF000000FF000000FF000000FF000000FF000000FF000000FF000000FF2BFD99FF2BFD99FF000000FF000000FF000000FF000000FF000000FF000000FF000000FF000000FF000000FF000000FF000000FF000000FF2BFD99FF2BFD99FF000000FF000000FF000000FF000000FF000000FF000000FF000000FF000000FF000000FF000000FF000000FF000000FF2BFD99FF2BFD99FF000000FF000000FF000000FF000000FF000000FF000000FF2BFD99FF2BFD99FF000000FF000000FF000000FF000000FF000000FF000000FF000000FF000000FF000000FF000000FF000000FF000000FF000000FF000000FF000000FF000000FF000000FF000000FF2BFD99FF2BFD99FF000000FF000000FF000000FF000000FF000000FF000000FF000000FF000000FF000000FF000000FF000000FF000000FF000000FF000000FF000000FF000000FF2BFD99FF2BFD99FF000000FF000000FF000000FF000000FF000000FF000000FF000000FF000000FF2BFD99FF2BFD99FF000000FF000000FF000000FF000000FF000000FF000000FF2BFD99FF2BFD99FF000000FF000000FF000000FF000000FF000000FF000000FF000000FF000000FF2BFD99FF2BFD99FF000000FF000000FF000000FF000000FF000000FF000000FF000000FF000000FF2BFD99FF2BFD99FF000000FF000000FF000000FF000000FF000000FF000000FF2BFD99FF2BFD99FF000000FF000000FF000000FF000000FF2BFD99FF2BFD99FF000000FF000000FF000000FF000000FF000000FF000000FF000000FF000000FF000000FF000000FF000000FF000000FF000000FF000000FF000000FF000000FF000000FF000000FF000000FF000000FF000000FF000000FF000000FF000000FF000000FF000000FF000000FF000000FF000000FF000000FF000000FF000000FF000000FF000000FF000000FF000000FF000000FF000000FF000000FF000000FF000000FF000000FF000000FF000000FF000000FF000000FF000000FF000000FF000000FF000000FF000000FF000000FF000000FF000000FF000000FF000000FF000000FF000000FF000000FF000000FF000000FF000000FF000000FF000000FF000000FF000000FF000000FF000000FF000000FF000000FF000000FF000000FF000000FF000000FF000000FF000000FF000000FF000000FF000000FF000000FF000000FF000000FF000000FF000000FF000000FF000000FF000000FF000000FF000000FF000000FF000000FF000000FF000000FF000000FF000000FF000000FF000000FF000000FF000000FF000000FF000000FF000000FF000000FF000000FF000000FF000000FF000000FF000000FF000000FF000000FF000000FF000000FF000000FF000000FF000000FF000000FF000000FF000000FF000000FF000000FF000000FF000000FF000000FF000000FF000000FF000000FF000000FF000000FF000000FF000000FF000000FF000000FF000000FF000000FF000000FF000000FF000000FF000000FF000000FF000000FF000000FF000000FF000000FF000000FF000000FF000000FF000000FF000000FF000000FF000000FF000000FF000000FF000000FF000000FF000000FF000000FF000000FF000000FF000000FF000000FF000000FF000000FF000000FF000000FF000000FF000000FF000000FF000000FF000000FF000000FF000000FF000000FF000000FF000000FF000000FF000000FF000000FF000000FF000000FF000000FF000000FF000000FF000000FF000000FF000000FF000000FF000000FF000000FF000000FF000000FF000000FF000000FF000000FF000000FF000000FF000000FF000000FF000000FF000000FF000000FF000000FF000000FF000000FF000000FF000000FF000000FF000000FF000000FF000000FF000000FF000000FF000000FF000000FF000000FF000000FF000000FF000000FF000000FF000000FF000000FF000000FF000000FF000000FF000000FF000000FF000000FF000000FF000000FF000000FF000000FF000000FF000000FF000000FF000000FF000000FF000000FF000000FF000000FF000000FF000000FF000000FF000000FF000000FF000000FF000000FF000000FF000000FF000000FF000000FF000000FF2BFD99FF2BFD99FF000000FF000000FF000000FF000000FF000000FF000000FF2BFD99FF2BFD99FF000000FF000000FF000000FF000000FF000000FF000000FF000000FF000000FF000000FF000000FF000000FF000000FF000000FF000000FF000000FF000000FF000000FF000000FF000000FF000000FF000000FF000000FF000000FF000000FF000000FF000000FF000000FF000000FF000000FF000000FF000000FF000000FF000000FF000000FF000000FF000000FF000000FF000000FF000000FF000000FF000000FF000000FF000000FF000000FF000000FF000000FF000000FF000000FF000000FF000000FF000000FF000000FF000000FF000000FF000000FF000000FF000000FF000000FF000000FF000000FF000000FF000000FF000000FF000000FF000000FF000000FF000000FF000000FF000000FF000000FF000000FF000000FF000000FF000000FF000000FF000000FF000000FF000000FF000000FF000000FF000000FF000000FF000000FF000000FF000000FF000000FF000000FF000000FF000000FF000000FF000000FF000000FF000000FF000000FF000000FF000000FF000000FF000000FF000000FF000000FF000000FF000000FF000000FF000000FF000000FF000000FF2BFD99FF2BFD99FF000000FF000000FF000000FF000000FF000000FF000000FF000000FF000000FF000000FF000000FF000000FF000000FF000000FF000000FF000000FF000000FF000000FF000000FF000000FF000000FF000000FF000000FF2BFD99FF2BFD99FF000000FF000000FF000000FF000000FF000000FF000000FF2BFD99FF2BFD99FF000000FF000000FF000000FF000000FF2BFD99FF2BFD99FF000000FF000000FF000000FF000000FF000000FF000000FF2BFD99FF2BFD99FF000000FF000000FF000000FF000000FF2BFD99FF2BFD99FF000000FF000000FF000000FF000000FF000000FF000000FF000000FF000000FF000000FF000000FF000000FF000000FF2BFD99FF2BFD99FF000000FF000000FF000000FF000000FF000000FF000000FF000000FF000000FF000000FF000000FF000000FF000000FF2BFD99FF2BFD99FF000000FF000000FF000000FF000000FF000000FF000000FF000000FF000000FF000000FF000000FF000000FF000000FF2BFD99FF2BFD99FF000000FF000000FF000000FF000000FF000000FF000000FF2BFD99FF2BFD99FF000000FF000000FF000000FF000000FF000000FF000000FF000000FF000000FF000000FF000000FF000000FF000000FF000000FF000000FF000000FF000000FF000000FF000000FF2BFD99FF2BFD99FF000000FF000000FF000000FF000000FF000000FF000000FF000000FF000000FF000000FF000000FF000000FF000000FF000000FF000000FF000000FF000000FF2BFD99FF2BFD99FF000000FF000000FF000000FF000000FF000000FF000000FF000000FF000000FF2BFD99FF2BFD99FF000000FF000000FF000000FF000000FF000000FF000000FF2BFD99FF2BFD99FF000000FF000000FF000000FF000000FF000000FF000000FF000000FF000000FF2BFD99FF2BFD99FF000000FF000000FF000000FF000000FF000000FF000000FF000000FF000000FF2BFD99FF2BFD99FF000000FF000000FF000000FF000000FF000000FF000000FF2BFD99FF2BFD99FF000000FF000000FF000000FF000000FF2BFD99FF2BFD99FF000000FF000000FF000000FF000000FF000000FF000000FF000000FF000000FF000000FF000000FF000000FF000000FF000000FF000000FF000000FF000000FF000000FF000000FF000000FF000000FF000000FF000000FF000000FF000000FF000000FF000000FF000000FF000000FF000000FF000000FF000000FF000000FF000000FF000000FF000000FF000000FF000000FF000000FF000000FF000000FF000000FF000000FF000000FF000000FF000000FF000000FF000000FF000000FF000000FF000000FF000000FF000000FF000000FF000000FF000000FF000000FF000000FF000000FF000000FF000000FF000000FF000000FF000000FF000000FF000000FF000000FF000000FF000000FF000000FF000000FF000000FF000000FF000000FF000000FF000000FF000000FF000000FF000000FF000000FF000000FF000000FF000000FF000000FF000000FF000000FF000000FF000000FF000000FF000000FF000000FF000000FF000000FF000000FF000000FF000000FF000000FF000000FF000000FF000000FF000000FF000000FF000000FF000000FF000000FF000000FF000000FF000000FF000000FF000000FF000000FF000000FF000000FF000000FF000000FF000000FF000000FF000000FF000000FF000000FF000000FF000000FF000000FF000000FF000000FF000000FF000000FF000000FF000000FF000000FF000000FF000000FF000000FF000000FF000000FF000000FF000000FF000000FF000000FF000000FF000000FF000000FF000000FF000000FF000000FF000000FF000000FF000000FF000000FF000000FF000000FF000000FF000000FF000000FF000000FF000000FF000000FF000000FF000000FF000000FF000000FF000000FF000000FF000000FF000000FF000000FF000000FF000000FF000000FF000000FF000000FF000000FF000000FF000000FF000000FF000000FF000000FF000000FF000000FF000000FF000000FF000000FF000000FF000000FF000000FF000000FF000000FF000000FF000000FF000000FF000000FF000000FF000000FF000000FF000000FF000000FF000000FF000000FF000000FF000000FF000000FF000000FF000000FF000000FF000000FF000000FF000000FF000000FF000000FF000000FF000000FF000000FF000000FF000000FF000000FF000000FF000000FF000000FF000000FF000000FF000000FF000000FF000000FF000000FF000000FF000000FF000000FF000000FF000000FF000000FF000000FF000000FF000000FF000000FF000000FF000000FF000000FF000000FF000000FF000000FF000000FF000000FF000000FF000000FF000000FF000000FF000000FF000000FF000000FF000000FF000000FF2BFD99FF2BFD99FF2BFD99FF2BFD99FF2BFD99FF2BFD99FF2BFD99FF2BFD99FF000000FF000000FF000000FF000000FF000000FF000000FF000000FF000000FF000000FF000000FF000000FF000000FF000000FF000000FF000000FF000000FF000000FF000000FF000000FF000000FF000000FF000000FF000000FF000000FF000000FF000000FF000000FF000000FF000000FF000000FF000000FF000000FF000000FF000000FF000000FF000000FF000000FF000000FF000000FF000000FF000000FF000000FF000000FF000000FF000000FF000000FF000000FF000000FF000000FF000000FF000000FF000000FF000000FF000000FF000000FF000000FF000000FF000000FF000000FF000000FF000000FF000000FF000000FF000000FF000000FF000000FF000000FF000000FF000000FF000000FF000000FF000000FF000000FF000000FF000000FF000000FF000000FF000000FF000000FF000000FF000000FF000000FF000000FF000000FF000000FF000000FF000000FF000000FF000000FF000000FF000000FF000000FF000000FF000000FF000000FF000000FF000000FF000000FF000000FF000000FF000000FF000000FF000000FF000000FF000000FF000000FF000000FF000000FF000000FF000000FF000000FF000000FF000000FF000000FF000000FF000000FF000000FF000000FF000000FF000000FF000000FF000000FF000000FF000000FF000000FF000000FF000000FF000000FF000000FF000000FF000000FF000000FF2BFD99FF2BFD99FF2BFD99FF2BFD99FF2BFD99FF2BFD99FF2BFD99FF2BFD99FF000000FF000000FF000000FF000000FF000000FF000000FF2BFD99FF2BFD99FF000000FF000000FF000000FF000000FF000000FF000000FF2BFD99FF2BFD99FF000000FF000000FF000000FF000000FF2BFD99FF2BFD99FF2BFD99FF2BFD99FF2BFD99FF2BFD99FF2BFD99FF2BFD99FF000000FF000000FF000000FF000000FF000000FF000000FF2BFD99FF2BFD99FF2BFD99FF2BFD99FF2BFD99FF2BFD99FF2BFD99FF2BFD99FF000000FF000000FF000000FF000000FF000000FF000000FF2BFD99FF2BFD99FF2BFD99FF2BFD99FF2BFD99FF2BFD99FF2BFD99FF2BFD99FF000000FF000000FF000000FF000000FF000000FF000000FF2BFD99FF2BFD99FF2BFD99FF2BFD99FF2BFD99FF2BFD99FF2BFD99FF2BFD99FF000000FF000000FF000000FF000000FF000000FF000000FF000000FF000000FF000000FF000000FF000000FF000000FF000000FF000000FF000000FF000000FF000000FF000000FF000000FF000000FF000000FF000000FF2BFD99FF2BFD99FF2BFD99FF2BFD99FF2BFD99FF2BFD99FF000000FF000000FF000000FF000000FF000000FF000000FF000000FF000000FF000000FF000000FF2BFD99FF2BFD99FF000000FF000000FF000000FF000000FF000000FF000000FF000000FF000000FF2BFD99FF2BFD99FF000000FF000000FF000000FF000000FF000000FF000000FF2BFD99FF2BFD99FF000000FF000000FF000000FF000000FF000000FF000000FF000000FF000000FF2BFD99FF2BFD99FF000000FF000000FF000000FF000000FF000000FF000000FF000000FF000000FF2BFD99FF2BFD99FF000000FF000000FF000000FF000000FF000000FF000000FF2BFD99FF2BFD99FF000000FF000000FF000000FF000000FF000000FF000000FF2BFD99FF2BFD99FF2BFD99FF2BFD99FF2BFD99FF2BFD99FF000000FF000000FF000000FF000000FF000000FF000000FF000000FF000000FF000000FF000000FF000000FF000000FF000000FF000000FF000000FF000000FF000000FF000000FF000000FF000000FF000000FF000000FF000000FF000000FF000000FF000000FF000000FF000000FF000000FF000000FF000000FF000000FF000000FF000000FF000000FF000000FF000000FF000000FF000000FF000000FF000000FF000000FF000000FF000000FF000000FF000000FF000000FF000000FF000000FF000000FF000000FF000000FF000000FF000000FF000000FF000000FF000000FF000000FF000000FF000000FF000000FF000000FF000000FF000000FF000000FF000000FF000000FF000000FF000000FF000000FF000000FF000000FF000000FF000000FF000000FF000000FF000000FF000000FF000000FF000000FF000000FF000000FF000000FF000000FF000000FF000000FF000000FF000000FF000000FF000000FF000000FF000000FF000000FF000000FF000000FF000000FF000000FF000000FF000000FF000000FF000000FF000000FF000000FF000000FF000000FF000000FF000000FF000000FF000000FF000000FF000000FF000000FF000000FF000000FF000000FF000000FF000000FF000000FF000000FF000000FF000000FF000000FF000000FF000000FF000000FF000000FF000000FF000000FF000000FF000000FF000000FF000000FF000000FF000000FF000000FF000000FF000000FF000000FF000000FF000000FF000000FF000000FF000000FF000000FF000000FF000000FF000000FF000000FF000000FF000000FF000000FF000000FF000000FF000000FF000000FF000000FF000000FF000000FF000000FF000000FF000000FF000000FF000000FF000000FF000000FF000000FF000000FF000000FF000000FF000000FF000000FF000000FF000000FF000000FF000000FF000000FF000000FF000000FF000000FF000000FF000000FF000000FF000000FF000000FF000000FF000000FF000000FF000000FF000000FF000000FF000000FF000000FF000000FF000000FF000000FF000000FF000000FF000000FF000000FF000000FF000000FF000000FF000000FF000000FF000000FF000000FF000000FF000000FF000000FF000000FF000000FF000000FF000000FF000000FF000000FF000000FF000000FF000000FF000000FF000000FF000000FF000000FF000000FF000000FF000000FF000000FF000000FF000000FF000000FF000000FF000000FF000000FF000000FF000000FF000000FF000000FF000000FF000000FF000000FF000000FF000000FF000000FF000000FF000000FF2BFD99FF2BFD99FF2BFD99FF2BFD99FF2BFD99FF2BFD99FF2BFD99FF2BFD99FF000000FF000000FF000000FF000000FF000000FF000000FF000000FF000000FF000000FF000000FF000000FF000000FF000000FF000000FF000000FF000000FF000000FF000000FF000000FF000000FF000000FF000000FF000000FF000000FF000000FF000000FF000000FF000000FF000000FF000000FF000000FF000000FF000000FF000000FF000000FF000000FF000000FF000000FF000000FF000000FF000000FF000000FF000000FF000000FF000000FF000000FF000000FF000000FF000000FF000000FF000000FF000000FF000000FF000000FF000000FF000000FF000000FF000000FF000000FF000000FF000000FF000000FF000000FF000000FF000000FF000000FF000000FF000000FF000000FF000000FF000000FF000000FF000000FF000000FF000000FF000000FF000000FF000000FF000000FF000000FF000000FF000000FF000000FF000000FF000000FF000000FF000000FF000000FF000000FF000000FF000000FF000000FF000000FF000000FF000000FF000000FF000000FF000000FF000000FF000000FF000000FF000000FF000000FF000000FF000000FF000000FF000000FF000000FF000000FF000000FF000000FF000000FF000000FF000000FF000000FF000000FF000000FF000000FF000000FF000000FF000000FF000000FF000000FF000000FF000000FF000000FF000000FF000000FF000000FF000000FF000000FF000000FF2BFD99FF2BFD99FF2BFD99FF2BFD99FF2BFD99FF2BFD99FF2BFD99FF2BFD99FF000000FF000000FF000000FF000000FF000000FF000000FF2BFD99FF2BFD99FF000000FF000000FF000000FF000000FF000000FF000000FF2BFD99FF2BFD99FF000000FF000000FF000000FF000000FF2BFD99FF2BFD99FF2BFD99FF2BFD99FF2BFD99FF2BFD99FF2BFD99FF2BFD99FF000000FF000000FF000000FF000000FF000000FF000000FF2BFD99FF2BFD99FF2BFD99FF2BFD99FF2BFD99FF2BFD99FF2BFD99FF2BFD99FF000000FF000000FF000000FF000000FF000000FF000000FF2BFD99FF2BFD99FF2BFD99FF2BFD99FF2BFD99FF2BFD99FF2BFD99FF2BFD99FF000000FF000000FF000000FF000000FF000000FF000000FF2BFD99FF2BFD99FF2BFD99FF2BFD99FF2BFD99FF2BFD99FF2BFD99FF2BFD99FF000000FF000000FF000000FF000000FF000000FF000000FF000000FF000000FF000000FF000000FF000000FF000000FF000000FF000000FF000000FF000000FF000000FF000000FF000000FF000000FF000000FF000000FF2BFD99FF2BFD99FF2BFD99FF2BFD99FF2BFD99FF2BFD99FF000000FF000000FF000000FF000000FF000000FF000000FF000000FF000000FF000000FF000000FF2BFD99FF2BFD99FF000000FF000000FF000000FF000000FF000000FF000000FF000000FF000000FF2BFD99FF2BFD99FF000000FF000000FF000000FF000000FF000000FF000000FF2BFD99FF2BFD99FF000000FF000000FF000000FF000000FF000000FF000000FF000000FF000000FF2BFD99FF2BFD99FF000000FF000000FF000000FF000000FF000000FF000000FF000000FF000000FF2BFD99FF2BFD99FF000000FF000000FF000000FF000000FF000000FF000000FF2BFD99FF2BFD99FF000000FF000000FF000000FF000000FF000000FF000000FF2BFD99FF2BFD99FF2BFD99FF2BFD99FF2BFD99FF2BFD99FF000000FF000000FF000000FF000000FF000000FF000000FF000000FF000000FF000000FF000000FF000000FF000000FF000000FF000000FF000000FF000000FF000000FF000000FF000000FF000000FF000000FF000000FF000000FF000000FF000000FF000000FF000000FF000000FF000000FF000000FF000000FF000000FF000000FF000000FF000000FF000000FF000000FF000000FF000000FF000000FF000000FF000000FF000000FF000000FF000000FF000000FF000000FF000000FF000000FF000000FF000000FF000000FF000000FF000000FF000000FF000000FF000000FF000000FF000000FF000000FF000000FF000000FF000000FF000000FF000000FF000000FF000000FF000000FF000000FF000000FF000000FF000000FF000000FF000000FF000000FF000000FF000000FF000000FF000000FF000000FF000000FF000000FF000000FF000000FF000000FF000000FF000000FF000000FF000000FF000000FF000000FF000000FF000000FF000000FF000000FF000000FF000000FF000000FF000000FF000000FF000000FF000000FF000000FF000000FF000000FF000000FF000000FF000000FF000000FF000000FF000000FF000000FF000000FF000000FF000000FF000000FF000000FF000000FF000000FF000000FF000000FF000000FF000000FF000000FF000000FF000000FF000000FF000000FF000000FF000000FF000000FF000000FF000000FF000000FF000000FF000000FF000000FF000000FF000000FF000000FF000000FF000000FF000000FF000000FF000000FF000000FF000000FF000000FF000000FF000000FF000000FF000000FF000000FF000000FF000000FF000000FF000000FF000000FF000000FF000000FF000000FF000000FF000000FF000000FF000000FF000000FF000000FF000000FF000000FF000000FF000000FF000000FF000000FF000000FF000000FF000000FF000000FF000000FF000000FF000000FF000000FF000000FF000000FF000000FF000000FF000000FF000000FF000000FF000000FF000000FF000000FF000000FF000000FF000000FF000000FF000000FF000000FF000000FF000000FF000000FF000000FF000000FF000000FF000000FF000000FF000000FF000000FF000000FF000000FF000000FF000000FF000000FF000000FF000000FF000000FF000000FF000000FF000000FF000000FF000000FF000000FF000000FF000000FF000000FF000000FF000000FF000000FF000000FF000000FF000000FF000000FF000000FF000000FF000000FF000000FF000000FF000000FF000000FF000000FF000000FF000000FF000000FF000000FF000000FF2BFD99FF2BFD99FF000000FF000000FF000000FF000000FF000000FF000000FF2BFD99FF2BFD99FF000000FF000000FF000000FF000000FF000000FF000000FF000000FF000000FF000000FF000000FF000000FF000000FF000000FF000000FF000000FF000000FF000000FF000000FF000000FF000000FF000000FF000000FF000000FF000000FF000000FF000000FF000000FF000000FF000000FF000000FF000000FF000000FF000000FF000000FF000000FF000000FF000000FF000000FF000000FF000000FF000000FF000000FF000000FF000000FF000000FF000000FF000000FF000000FF000000FF000000FF000000FF000000FF000000FF000000FF000000FF000000FF000000FF000000FF000000FF000000FF000000FF000000FF000000FF000000FF000000FF000000FF000000FF000000FF000000FF000000FF000000FF000000FF000000FF000000FF000000FF000000FF000000FF000000FF000000FF000000FF000000FF000000FF000000FF000000FF000000FF000000FF000000FF000000FF000000FF000000FF000000FF000000FF000000FF000000FF000000FF000000FF000000FF000000FF000000FF000000FF000000FF000000FF000000FF000000FF000000FF000000FF2BFD99FF2BFD99FF000000FF000000FF000000FF000000FF000000FF000000FF000000FF000000FF000000FF000000FF000000FF000000FF000000FF000000FF000000FF000000FF000000FF000000FF000000FF000000FF000000FF000000FF2BFD99FF2BFD99FF000000FF000000FF000000FF000000FF000000FF000000FF2BFD99FF2BFD99FF000000FF000000FF000000FF000000FF2BFD99FF2BFD99FF000000FF000000FF000000FF000000FF000000FF000000FF2BFD99FF2BFD99FF000000FF000000FF000000FF000000FF2BFD99FF2BFD99FF000000FF000000FF000000FF000000FF000000FF000000FF000000FF000000FF000000FF000000FF000000FF000000FF2BFD99FF2BFD99FF000000FF000000FF000000FF000000FF000000FF000000FF000000FF000000FF000000FF000000FF000000FF000000FF2BFD99FF2BFD99FF000000FF000000FF000000FF000000FF000000FF000000FF000000FF000000FF000000FF000000FF000000FF000000FF2BFD99FF2BFD99FF000000FF000000FF2BFD99FF2BFD99FF000000FF000000FF000000FF000000FF000000FF000000FF000000FF000000FF000000FF000000FF000000FF000000FF000000FF000000FF000000FF000000FF000000FF000000FF000000FF000000FF000000FF000000FF000000FF000000FF000000FF000000FF000000FF000000FF000000FF000000FF2BFD99FF2BFD99FF000000FF000000FF000000FF000000FF000000FF000000FF000000FF000000FF2BFD99FF2BFD99FF000000FF000000FF000000FF000000FF000000FF000000FF000000FF000000FF2BFD99FF2BFD99FF2BFD99FF2BFD99FF2BFD99FF2BFD99FF2BFD99FF2BFD99FF2BFD99FF2BFD99FF000000FF000000FF000000FF000000FF000000FF000000FF000000FF000000FF2BFD99FF2BFD99FF000000FF000000FF000000FF000000FF000000FF000000FF000000FF000000FF2BFD99FF2BFD99FF000000FF000000FF000000FF000000FF000000FF000000FF2BFD99FF2BFD99FF000000FF000000FF000000FF000000FF000000FF000000FF000000FF000000FF000000FF000000FF000000FF000000FF2BFD99FF2BFD99FF000000FF000000FF000000FF000000FF000000FF000000FF000000FF000000FF000000FF000000FF000000FF000000FF000000FF000000FF000000FF000000FF000000FF000000FF000000FF000000FF000000FF000000FF000000FF000000FF000000FF000000FF000000FF000000FF000000FF000000FF000000FF000000FF000000FF000000FF000000FF000000FF000000FF000000FF000000FF000000FF000000FF000000FF000000FF000000FF000000FF000000FF000000FF000000FF000000FF000000FF000000FF000000FF000000FF000000FF000000FF000000FF000000FF000000FF000000FF000000FF000000FF000000FF000000FF000000FF000000FF000000FF000000FF000000FF000000FF000000FF000000FF000000FF000000FF000000FF000000FF000000FF000000FF000000FF000000FF000000FF000000FF000000FF000000FF000000FF000000FF000000FF000000FF000000FF000000FF000000FF000000FF000000FF000000FF000000FF000000FF000000FF000000FF000000FF000000FF000000FF000000FF000000FF000000FF000000FF000000FF000000FF000000FF000000FF000000FF000000FF000000FF000000FF000000FF000000FF000000FF000000FF000000FF000000FF000000FF000000FF000000FF000000FF000000FF000000FF000000FF000000FF000000FF000000FF000000FF000000FF000000FF000000FF000000FF000000FF000000FF000000FF000000FF000000FF000000FF000000FF000000FF000000FF000000FF000000FF000000FF000000FF000000FF000000FF000000FF000000FF000000FF000000FF000000FF000000FF000000FF000000FF000000FF000000FF000000FF000000FF000000FF000000FF000000FF000000FF000000FF000000FF000000FF000000FF000000FF000000FF000000FF000000FF000000FF000000FF000000FF000000FF000000FF000000FF000000FF000000FF000000FF000000FF000000FF000000FF000000FF000000FF000000FF000000FF000000FF000000FF000000FF000000FF000000FF000000FF000000FF000000FF000000FF000000FF000000FF000000FF000000FF000000FF000000FF000000FF000000FF000000FF000000FF000000FF000000FF000000FF000000FF000000FF000000FF000000FF000000FF000000FF000000FF000000FF000000FF000000FF000000FF000000FF000000FF000000FF000000FF000000FF000000FF000000FF000000FF000000FF000000FF000000FF000000FF000000FF000000FF000000FF000000FF000000FF000000FF000000FF000000FF000000FF2BFD99FF2BFD99FF000000FF000000FF000000FF000000FF000000FF000000FF2BFD99FF2BFD99FF000000FF000000FF000000FF000000FF000000FF000000FF000000FF000000FF000000FF000000FF000000FF000000FF000000FF000000FF000000FF000000FF000000FF000000FF000000FF000000FF000000FF000000FF000000FF000000FF000000FF000000FF000000FF000000FF000000FF000000FF000000FF000000FF000000FF000000FF000000FF000000FF000000FF000000FF000000FF000000FF000000FF000000FF000000FF000000FF000000FF000000FF000000FF000000FF000000FF000000FF000000FF000000FF000000FF000000FF000000FF000000FF000000FF000000FF000000FF000000FF000000FF000000FF000000FF000000FF000000FF000000FF000000FF000000FF000000FF000000FF000000FF000000FF000000FF000000FF000000FF000000FF000000FF000000FF000000FF000000FF000000FF000000FF000000FF000000FF000000FF000000FF000000FF000000FF000000FF000000FF000000FF000000FF000000FF000000FF000000FF000000FF000000FF000000FF000000FF000000FF000000FF000000FF000000FF000000FF000000FF000000FF2BFD99FF2BFD99FF000000FF000000FF000000FF000000FF000000FF000000FF000000FF000000FF000000FF000000FF000000FF000000FF000000FF000000FF000000FF000000FF000000FF000000FF000000FF000000FF000000FF000000FF2BFD99FF2BFD99FF000000FF000000FF000000FF000000FF000000FF000000FF2BFD99FF2BFD99FF000000FF000000FF000000FF000000FF2BFD99FF2BFD99FF000000FF000000FF000000FF000000FF000000FF000000FF2BFD99FF2BFD99FF000000FF000000FF000000FF000000FF2BFD99FF2BFD99FF000000FF000000FF000000FF000000FF000000FF000000FF000000FF000000FF000000FF000000FF000000FF000000FF2BFD99FF2BFD99FF000000FF000000FF000000FF000000FF000000FF000000FF000000FF000000FF000000FF000000FF000000FF000000FF2BFD99FF2BFD99FF000000FF000000FF000000FF000000FF000000FF000000FF000000FF000000FF000000FF000000FF000000FF000000FF2BFD99FF2BFD99FF000000FF000000FF2BFD99FF2BFD99FF000000FF000000FF000000FF000000FF000000FF000000FF000000FF000000FF000000FF000000FF000000FF000000FF000000FF000000FF000000FF000000FF000000FF000000FF000000FF000000FF000000FF000000FF000000FF000000FF000000FF000000FF000000FF000000FF000000FF000000FF2BFD99FF2BFD99FF000000FF000000FF000000FF000000FF000000FF000000FF000000FF000000FF2BFD99FF2BFD99FF000000FF000000FF000000FF000000FF000000FF000000FF000000FF000000FF2BFD99FF2BFD99FF2BFD99FF2BFD99FF2BFD99FF2BFD99FF2BFD99FF2BFD99FF2BFD99FF2BFD99FF000000FF000000FF000000FF000000FF000000FF000000FF000000FF000000FF2BFD99FF2BFD99FF000000FF000000FF000000FF000000FF000000FF000000FF000000FF000000FF2BFD99FF2BFD99FF000000FF000000FF000000FF000000FF000000FF000000FF2BFD99FF2BFD99FF000000FF000000FF000000FF000000FF000000FF000000FF000000FF000000FF000000FF000000FF000000FF000000FF2BFD99FF2BFD99FF000000FF000000FF000000FF000000FF000000FF000000FF000000FF000000FF000000FF000000FF000000FF000000FF000000FF000000FF000000FF000000FF000000FF000000FF000000FF000000FF000000FF000000FF000000FF000000FF000000FF000000FF000000FF000000FF000000FF000000FF000000FF000000FF000000FF000000FF000000FF000000FF000000FF000000FF000000FF000000FF000000FF000000FF000000FF000000FF000000FF000000FF000000FF000000FF000000FF000000FF000000FF000000FF000000FF000000FF000000FF000000FF000000FF000000FF000000FF000000FF000000FF000000FF000000FF000000FF000000FF000000FF000000FF000000FF000000FF000000FF000000FF000000FF000000FF000000FF000000FF000000FF000000FF000000FF000000FF000000FF000000FF000000FF000000FF000000FF000000FF000000FF000000FF000000FF000000FF000000FF000000FF000000FF000000FF000000FF000000FF000000FF000000FF000000FF000000FF000000FF000000FF000000FF000000FF000000FF000000FF000000FF000000FF000000FF000000FF000000FF000000FF000000FF000000FF000000FF000000FF000000FF000000FF000000FF000000FF000000FF000000FF000000FF000000FF000000FF000000FF000000FF000000FF000000FF000000FF000000FF000000FF000000FF000000FF000000FF000000FF000000FF000000FF000000FF000000FF000000FF000000FF000000FF000000FF000000FF000000FF000000FF000000FF000000FF000000FF000000FF000000FF000000FF000000FF000000FF000000FF000000FF000000FF000000FF000000FF000000FF000000FF000000FF000000FF000000FF000000FF000000FF000000FF000000FF000000FF000000FF000000FF000000FF000000FF000000FF000000FF000000FF000000FF000000FF000000FF000000FF000000FF000000FF000000FF000000FF000000FF000000FF000000FF000000FF000000FF000000FF000000FF000000FF000000FF000000FF000000FF000000FF000000FF000000FF000000FF000000FF000000FF000000FF000000FF000000FF000000FF000000FF000000FF000000FF000000FF000000FF000000FF000000FF000000FF000000FF000000FF000000FF000000FF000000FF000000FF000000FF000000FF000000FF000000FF000000FF000000FF000000FF000000FF000000FF000000FF000000FF000000FF000000FF000000FF000000FF000000FF000000FF000000FF000000FF000000FF000000FF000000FF000000FF2BFD99FF2BFD99FF000000FF000000FF000000FF000000FF000000FF000000FF2BFD99FF2BFD99FF000000FF000000FF000000FF000000FF000000FF000000FF000000FF000000FF000000FF000000FF000000FF000000FF000000FF000000FF000000FF000000FF000000FF000000FF000000FF000000FF000000FF000000FF000000FF000000FF000000FF000000FF000000FF000000FF000000FF000000FF000000FF000000FF000000FF000000FF000000FF000000FF000000FF000000FF000000FF000000FF000000FF000000FF000000FF000000FF000000FF000000FF000000FF000000FF000000FF000000FF000000FF000000FF000000FF000000FF000000FF000000FF000000FF000000FF000000FF000000FF000000FF000000FF000000FF000000FF000000FF000000FF000000FF000000FF000000FF000000FF000000FF000000FF000000FF000000FF000000FF000000FF000000FF000000FF000000FF000000FF000000FF000000FF000000FF000000FF000000FF000000FF000000FF000000FF000000FF000000FF000000FF000000FF000000FF000000FF000000FF000000FF000000FF000000FF000000FF000000FF000000FF000000FF000000FF000000FF000000FF000000FF000000FF000000FF000000FF000000FF000000FF000000FF000000FF000000FF000000FF000000FF000000FF000000FF000000FF000000FF000000FF000000FF000000FF000000FF000000FF000000FF000000FF000000FF000000FF000000FF2BFD99FF2BFD99FF000000FF000000FF000000FF000000FF000000FF000000FF2BFD99FF2BFD99FF000000FF000000FF000000FF000000FF2BFD99FF2BFD99FF000000FF000000FF000000FF000000FF000000FF000000FF2BFD99FF2BFD99FF000000FF000000FF000000FF000000FF2BFD99FF2BFD99FF000000FF000000FF000000FF000000FF000000FF000000FF000000FF000000FF000000FF000000FF000000FF000000FF2BFD99FF2BFD99FF000000FF000000FF000000FF000000FF000000FF000000FF000000FF000000FF000000FF000000FF000000FF000000FF2BFD99FF2BFD99FF000000FF000000FF000000FF000000FF000000FF000000FF000000FF000000FF000000FF000000FF000000FF000000FF2BFD99FF2BFD99FF000000FF000000FF000000FF000000FF2BFD99FF2BFD99FF000000FF000000FF000000FF000000FF000000FF000000FF000000FF000000FF000000FF000000FF000000FF000000FF000000FF000000FF000000FF000000FF000000FF000000FF000000FF000000FF2BFD99FF2BFD99FF000000FF000000FF000000FF000000FF000000FF000000FF2BFD99FF2BFD99FF000000FF000000FF000000FF000000FF000000FF000000FF000000FF000000FF2BFD99FF2BFD99FF000000FF000000FF000000FF000000FF000000FF000000FF000000FF000000FF2BFD99FF2BFD99FF000000FF000000FF000000FF000000FF000000FF000000FF2BFD99FF2BFD99FF000000FF000000FF000000FF000000FF000000FF000000FF000000FF000000FF2BFD99FF2BFD99FF000000FF000000FF000000FF000000FF000000FF000000FF000000FF000000FF2BFD99FF2BFD99FF000000FF000000FF000000FF000000FF000000FF000000FF2BFD99FF2BFD99FF000000FF000000FF000000FF000000FF2BFD99FF2BFD99FF000000FF000000FF000000FF000000FF000000FF000000FF2BFD99FF2BFD99FF000000FF000000FF000000FF000000FF000000FF000000FF000000FF000000FF000000FF000000FF000000FF000000FF000000FF000000FF000000FF000000FF000000FF000000FF000000FF000000FF000000FF000000FF000000FF000000FF000000FF000000FF000000FF000000FF000000FF000000FF000000FF000000FF000000FF000000FF000000FF000000FF000000FF000000FF000000FF000000FF000000FF000000FF000000FF000000FF000000FF000000FF000000FF000000FF000000FF000000FF000000FF000000FF000000FF000000FF000000FF000000FF000000FF000000FF000000FF000000FF000000FF000000FF000000FF000000FF000000FF000000FF000000FF000000FF000000FF000000FF000000FF000000FF000000FF000000FF000000FF000000FF000000FF000000FF000000FF000000FF000000FF000000FF000000FF000000FF000000FF000000FF000000FF000000FF000000FF000000FF000000FF000000FF000000FF000000FF000000FF000000FF000000FF000000FF000000FF000000FF000000FF000000FF000000FF000000FF000000FF000000FF000000FF000000FF000000FF000000FF000000FF000000FF000000FF000000FF000000FF000000FF000000FF000000FF000000FF000000FF000000FF000000FF000000FF000000FF000000FF000000FF000000FF000000FF000000FF000000FF000000FF000000FF000000FF000000FF000000FF000000FF000000FF000000FF000000FF000000FF000000FF000000FF000000FF000000FF000000FF000000FF000000FF000000FF000000FF000000FF000000FF000000FF000000FF000000FF000000FF000000FF000000FF000000FF000000FF000000FF000000FF000000FF000000FF000000FF000000FF000000FF000000FF000000FF000000FF000000FF000000FF000000FF000000FF000000FF000000FF000000FF000000FF000000FF000000FF000000FF000000FF000000FF000000FF000000FF000000FF000000FF000000FF000000FF000000FF000000FF000000FF000000FF000000FF000000FF000000FF000000FF000000FF000000FF000000FF000000FF000000FF000000FF000000FF000000FF000000FF000000FF000000FF000000FF000000FF000000FF000000FF000000FF000000FF000000FF000000FF000000FF000000FF000000FF000000FF000000FF000000FF000000FF000000FF000000FF000000FF000000FF000000FF000000FF000000FF000000FF000000FF000000FF000000FF000000FF000000FF000000FF000000FF000000FF000000FF000000FF000000FF000000FF2BFD99FF2BFD99FF000000FF000000FF000000FF000000FF000000FF000000FF2BFD99FF2BFD99FF000000FF000000FF000000FF000000FF000000FF000000FF000000FF000000FF000000FF000000FF000000FF000000FF000000FF000000FF000000FF000000FF000000FF000000FF000000FF000000FF000000FF000000FF000000FF000000FF000000FF000000FF000000FF000000FF000000FF000000FF000000FF000000FF000000FF000000FF000000FF000000FF000000FF000000FF000000FF000000FF000000FF000000FF000000FF000000FF000000FF000000FF000000FF000000FF000000FF000000FF000000FF000000FF000000FF000000FF000000FF000000FF000000FF000000FF000000FF000000FF000000FF000000FF000000FF000000FF000000FF000000FF000000FF000000FF000000FF000000FF000000FF000000FF000000FF000000FF000000FF000000FF000000FF000000FF000000FF000000FF000000FF000000FF000000FF000000FF000000FF000000FF000000FF000000FF000000FF000000FF000000FF000000FF000000FF000000FF000000FF000000FF000000FF000000FF000000FF000000FF000000FF000000FF000000FF000000FF000000FF000000FF000000FF000000FF000000FF000000FF000000FF000000FF000000FF000000FF000000FF000000FF000000FF000000FF000000FF000000FF000000FF000000FF000000FF000000FF000000FF000000FF000000FF000000FF000000FF000000FF2BFD99FF2BFD99FF000000FF000000FF000000FF000000FF000000FF000000FF2BFD99FF2BFD99FF000000FF000000FF000000FF000000FF2BFD99FF2BFD99FF000000FF000000FF000000FF000000FF000000FF000000FF2BFD99FF2BFD99FF000000FF000000FF000000FF000000FF2BFD99FF2BFD99FF000000FF000000FF000000FF000000FF000000FF000000FF000000FF000000FF000000FF000000FF000000FF000000FF2BFD99FF2BFD99FF000000FF000000FF000000FF000000FF000000FF000000FF000000FF000000FF000000FF000000FF000000FF000000FF2BFD99FF2BFD99FF000000FF000000FF000000FF000000FF000000FF000000FF000000FF000000FF000000FF000000FF000000FF000000FF2BFD99FF2BFD99FF000000FF000000FF000000FF000000FF2BFD99FF2BFD99FF000000FF000000FF000000FF000000FF000000FF000000FF000000FF000000FF000000FF000000FF000000FF000000FF000000FF000000FF000000FF000000FF000000FF000000FF000000FF000000FF2BFD99FF2BFD99FF000000FF000000FF000000FF000000FF000000FF000000FF2BFD99FF2BFD99FF000000FF000000FF000000FF000000FF000000FF000000FF000000FF000000FF2BFD99FF2BFD99FF000000FF000000FF000000FF000000FF000000FF000000FF000000FF000000FF2BFD99FF2BFD99FF000000FF000000FF000000FF000000FF000000FF000000FF2BFD99FF2BFD99FF000000FF000000FF000000FF000000FF000000FF000000FF000000FF000000FF2BFD99FF2BFD99FF000000FF000000FF000000FF000000FF000000FF000000FF000000FF000000FF2BFD99FF2BFD99FF000000FF000000FF000000FF000000FF000000FF000000FF2BFD99FF2BFD99FF000000FF000000FF000000FF000000FF2BFD99FF2BFD99FF000000FF000000FF000000FF000000FF000000FF000000FF2BFD99FF2BFD99FF000000FF000000FF000000FF000000FF000000FF000000FF000000FF000000FF000000FF000000FF000000FF000000FF000000FF000000FF000000FF000000FF000000FF000000FF000000FF000000FF000000FF000000FF000000FF000000FF000000FF000000FF000000FF000000FF000000FF000000FF000000FF000000FF000000FF000000FF000000FF000000FF000000FF000000FF000000FF000000FF000000FF000000FF000000FF000000FF000000FF000000FF000000FF000000FF000000FF000000FF000000FF000000FF000000FF000000FF000000FF000000FF000000FF000000FF000000FF000000FF000000FF000000FF000000FF000000FF000000FF000000FF000000FF000000FF000000FF000000FF000000FF000000FF000000FF000000FF000000FF000000FF000000FF000000FF000000FF000000FF000000FF000000FF000000FF000000FF000000FF000000FF000000FF000000FF000000FF000000FF000000FF000000FF000000FF000000FF000000FF000000FF000000FF000000FF000000FF000000FF000000FF000000FF000000FF000000FF000000FF000000FF000000FF000000FF000000FF000000FF000000FF000000FF000000FF000000FF000000FF000000FF000000FF000000FF000000FF000000FF000000FF000000FF000000FF000000FF000000FF000000FF000000FF000000FF000000FF000000FF000000FF000000FF000000FF000000FF000000FF000000FF000000FF000000FF000000FF000000FF000000FF000000FF000000FF000000FF000000FF000000FF000000FF000000FF000000FF000000FF000000FF000000FF000000FF000000FF000000FF000000FF000000FF000000FF000000FF000000FF000000FF000000FF000000FF000000FF000000FF000000FF000000FF000000FF000000FF000000FF000000FF000000FF000000FF000000FF000000FF000000FF000000FF000000FF000000FF000000FF000000FF000000FF000000FF000000FF000000FF000000FF000000FF000000FF000000FF000000FF000000FF000000FF000000FF000000FF000000FF000000FF000000FF000000FF000000FF000000FF000000FF000000FF000000FF000000FF000000FF000000FF000000FF000000FF000000FF000000FF000000FF000000FF000000FF000000FF000000FF000000FF000000FF000000FF000000FF000000FF000000FF000000FF000000FF000000FF000000FF000000FF000000FF000000FF000000FF000000FF000000FF000000FF000000FF000000FF000000FF000000FF000000FF000000FF000000FF000000FF000000FF000000FF2BFD99FF2BFD99FF2BFD99FF2BFD99FF2BFD99FF2BFD99FF2BFD99FF2BFD99FF000000FF000000FF000000FF000000FF000000FF000000FF000000FF000000FF000000FF000000FF000000FF000000FF000000FF000000FF000000FF000000FF000000FF000000FF000000FF000000FF000000FF000000FF000000FF000000FF000000FF000000FF000000FF000000FF000000FF000000FF000000FF000000FF000000FF000000FF000000FF000000FF000000FF000000FF000000FF000000FF000000FF000000FF000000FF000000FF000000FF000000FF000000FF000000FF000000FF000000FF000000FF000000FF000000FF000000FF000000FF000000FF000000FF000000FF000000FF000000FF000000FF000000FF000000FF000000FF000000FF000000FF000000FF000000FF000000FF000000FF000000FF000000FF000000FF000000FF000000FF000000FF000000FF000000FF000000FF000000FF000000FF000000FF000000FF000000FF000000FF000000FF000000FF000000FF000000FF000000FF000000FF000000FF000000FF000000FF000000FF000000FF000000FF000000FF000000FF000000FF000000FF000000FF000000FF000000FF000000FF000000FF000000FF000000FF000000FF000000FF000000FF000000FF000000FF000000FF000000FF000000FF000000FF000000FF000000FF000000FF000000FF000000FF000000FF000000FF000000FF000000FF000000FF000000FF000000FF000000FF000000FF000000FF2BFD99FF2BFD99FF2BFD99FF2BFD99FF2BFD99FF2BFD99FF2BFD99FF2BFD99FF000000FF000000FF000000FF000000FF000000FF000000FF000000FF000000FF2BFD99FF2BFD99FF2BFD99FF2BFD99FF2BFD99FF2BFD99FF000000FF000000FF000000FF000000FF000000FF000000FF2BFD99FF2BFD99FF000000FF000000FF000000FF000000FF000000FF000000FF000000FF000000FF000000FF000000FF000000FF000000FF2BFD99FF2BFD99FF000000FF000000FF000000FF000000FF000000FF000000FF000000FF000000FF000000FF000000FF000000FF000000FF2BFD99FF2BFD99FF2BFD99FF2BFD99FF2BFD99FF2BFD99FF2BFD99FF2BFD99FF2BFD99FF2BFD99FF000000FF000000FF000000FF000000FF2BFD99FF2BFD99FF000000FF000000FF000000FF000000FF000000FF000000FF2BFD99FF2BFD99FF000000FF000000FF000000FF000000FF000000FF000000FF000000FF000000FF000000FF000000FF000000FF000000FF000000FF000000FF000000FF000000FF000000FF000000FF000000FF000000FF2BFD99FF2BFD99FF2BFD99FF2BFD99FF2BFD99FF2BFD99FF000000FF000000FF000000FF000000FF000000FF000000FF000000FF000000FF000000FF000000FF2BFD99FF2BFD99FF000000FF000000FF000000FF000000FF000000FF000000FF000000FF000000FF2BFD99FF2BFD99FF000000FF000000FF000000FF000000FF000000FF000000FF2BFD99FF2BFD99FF000000FF000000FF000000FF000000FF000000FF000000FF000000FF000000FF2BFD99FF2BFD99FF000000FF000000FF000000FF000000FF000000FF000000FF000000FF000000FF000000FF000000FF2BFD99FF2BFD99FF2BFD99FF2BFD99FF2BFD99FF2BFD99FF000000FF000000FF000000FF000000FF000000FF000000FF000000FF000000FF2BFD99FF2BFD99FF2BFD99FF2BFD99FF2BFD99FF2BFD99FF000000FF000000FF000000FF000000FF000000FF000000FF000000FF000000FF000000FF000000FF000000FF000000FF000000FF000000FF000000FF000000FF000000FF000000FF000000FF000000FF000000FF000000FF000000FF000000FF000000FF000000FF000000FF000000FF000000FF000000FF000000FF000000FF000000FF000000FF000000FF000000FF000000FF000000FF000000FF000000FF000000FF000000FF000000FF000000FF000000FF000000FF000000FF000000FF000000FF000000FF000000FF000000FF000000FF000000FF000000FF000000FF000000FF000000FF000000FF000000FF000000FF000000FF000000FF000000FF000000FF000000FF000000FF000000FF000000FF000000FF000000FF000000FF000000FF000000FF000000FF000000FF000000FF000000FF000000FF000000FF000000FF000000FF000000FF000000FF000000FF000000FF000000FF000000FF000000FF000000FF000000FF000000FF000000FF000000FF000000FF000000FF000000FF000000FF000000FF000000FF000000FF000000FF000000FF000000FF000000FF000000FF000000FF000000FF000000FF000000FF000000FF000000FF000000FF000000FF000000FF000000FF000000FF000000FF000000FF000000FF000000FF000000FF000000FF000000FF000000FF000000FF000000FF000000FF000000FF000000FF000000FF000000FF000000FF000000FF000000FF000000FF000000FF000000FF000000FF000000FF000000FF000000FF000000FF000000FF000000FF000000FF000000FF000000FF000000FF000000FF000000FF000000FF000000FF000000FF000000FF000000FF000000FF000000FF000000FF000000FF000000FF000000FF000000FF000000FF000000FF000000FF000000FF000000FF000000FF000000FF000000FF000000FF000000FF000000FF000000FF000000FF000000FF000000FF000000FF000000FF000000FF000000FF000000FF000000FF000000FF000000FF000000FF000000FF000000FF000000FF000000FF000000FF000000FF000000FF000000FF000000FF000000FF000000FF000000FF000000FF000000FF000000FF000000FF000000FF000000FF000000FF000000FF000000FF000000FF000000FF000000FF000000FF000000FF000000FF000000FF000000FF000000FF000000FF000000FF000000FF000000FF000000FF000000FF000000FF000000FF000000FF000000FF000000FF000000FF000000FF000000FF000000FF000000FF000000FF000000FF000000FF000000FF000000FF000000FF000000FF000000FF000000FF000000FF000000FF2BFD99FF2BFD99FF2BFD99FF2BFD99FF2BFD99FF2BFD99FF2BFD99FF2BFD99FF000000FF000000FF000000FF000000FF000000FF000000FF000000FF000000FF000000FF000000FF000000FF000000FF000000FF000000FF000000FF000000FF000000FF000000FF000000FF000000FF000000FF000000FF000000FF000000FF000000FF000000FF000000FF000000FF000000FF000000FF000000FF000000FF000000FF000000FF000000FF000000FF000000FF000000FF000000FF000000FF000000FF000000FF000000FF000000FF000000FF000000FF000000FF000000FF000000FF000000FF000000FF000000FF000000FF000000FF000000FF000000FF000000FF000000FF000000FF000000FF000000FF000000FF000000FF000000FF000000FF000000FF000000FF000000FF000000FF000000FF000000FF000000FF000000FF000000FF000000FF000000FF000000FF000000FF000000FF000000FF000000FF000000FF000000FF000000FF000000FF000000FF000000FF000000FF000000FF000000FF000000FF000000FF000000FF000000FF000000FF000000FF000000FF000000FF000000FF000000FF000000FF000000FF000000FF000000FF000000FF000000FF000000FF000000FF000000FF000000FF000000FF000000FF000000FF000000FF000000FF000000FF000000FF000000FF000000FF000000FF000000FF000000FF000000FF000000FF000000FF000000FF000000FF000000FF000000FF000000FF000000FF000000FF2BFD99FF2BFD99FF2BFD99FF2BFD99FF2BFD99FF2BFD99FF2BFD99FF2BFD99FF000000FF000000FF000000FF000000FF000000FF000000FF000000FF000000FF2BFD99FF2BFD99FF2BFD99FF2BFD99FF2BFD99FF2BFD99FF000000FF000000FF000000FF000000FF000000FF000000FF2BFD99FF2BFD99FF000000FF000000FF000000FF000000FF000000FF000000FF000000FF000000FF000000FF000000FF000000FF000000FF2BFD99FF2BFD99FF000000FF000000FF000000FF000000FF000000FF000000FF000000FF000000FF000000FF000000FF000000FF000000FF2BFD99FF2BFD99FF2BFD99FF2BFD99FF2BFD99FF2BFD99FF2BFD99FF2BFD99FF2BFD99FF2BFD99FF000000FF000000FF000000FF000000FF2BFD99FF2BFD99FF000000FF000000FF000000FF000000FF000000FF000000FF2BFD99FF2BFD99FF000000FF000000FF000000FF000000FF000000FF000000FF000000FF000000FF000000FF000000FF000000FF000000FF000000FF000000FF000000FF000000FF000000FF000000FF000000FF000000FF2BFD99FF2BFD99FF2BFD99FF2BFD99FF2BFD99FF2BFD99FF000000FF000000FF000000FF000000FF000000FF000000FF000000FF000000FF000000FF000000FF2BFD99FF2BFD99FF000000FF000000FF000000FF000000FF000000FF000000FF000000FF000000FF2BFD99FF2BFD99FF000000FF000000FF000000FF000000FF000000FF000000FF2BFD99FF2BFD99FF000000FF000000FF000000FF000000FF000000FF000000FF000000FF000000FF2BFD99FF2BFD99FF000000FF000000FF000000FF000000FF000000FF000000FF000000FF000000FF000000FF000000FF2BFD99FF2BFD99FF2BFD99FF2BFD99FF2BFD99FF2BFD99FF000000FF000000FF000000FF000000FF000000FF000000FF000000FF000000FF2BFD99FF2BFD99FF2BFD99FF2BFD99FF2BFD99FF2BFD99FF000000FF000000FF000000FF000000FF000000FF000000FF000000FF000000FF000000FF000000FF000000FF000000FF000000FF000000FF000000FF000000FF000000FF000000FF000000FF000000FF000000FF000000FF000000FF000000FF000000FF000000FF000000FF000000FF000000FF000000FF000000FF000000FF000000FF000000FF000000FF000000FF000000FF000000FF000000FF000000FF000000FF000000FF000000FF000000FF000000FF000000FF000000FF000000FF000000FF000000FF000000FF000000FF000000FF000000FF000000FF000000FF000000FF000000FF000000FF000000FF000000FF000000FF000000FF000000FF000000FF000000FF000000FF000000FF000000FF000000FF000000FF000000FF000000FF000000FF000000FF000000FF000000FF000000FF000000FF000000FF000000FF000000FF000000FF000000FF000000FF000000FF000000FF000000FF000000FF000000FF000000FF000000FF000000FF000000FF000000FF000000FF000000FF000000FF000000FF000000FF000000FF000000FF000000FF000000FF000000FF000000FF000000FF000000FF000000FF000000FF000000FF000000FF000000FF000000FF000000FF000000FF000000FF000000FF000000FF000000FF000000FF000000FF000000FF000000FF000000FF000000FF000000FF000000FF000000FF000000FF000000FF000000FF000000FF000000FF000000FF000000FF000000FF000000FF000000FF000000FF000000FF000000FF000000FF000000FF000000FF000000FF000000FF000000FF000000FF000000FF000000FF000000FF000000FF000000FF000000FF000000FF000000FF000000FF000000FF000000FF000000FF000000FF000000FF000000FF000000FF000000FF000000FF000000FF000000FF000000FF000000FF000000FF000000FF000000FF000000FF000000FF000000FF000000FF000000FF000000FF000000FF000000FF000000FF000000FF000000FF000000FF000000FF000000FF000000FF000000FF000000FF000000FF000000FF000000FF000000FF000000FF000000FF000000FF000000FF000000FF000000FF000000FF000000FF000000FF000000FF000000FF000000FF000000FF000000FF000000FF000000FF000000FF000000FF000000FF000000FF000000FF000000FF000000FF000000FF000000FF000000FF000000FF000000FF000000FF000000FF000000FF000000FF000000FF000000FF000000FF000000FF000000FF000000FF000000FF000000FF000000FF000000FF000000FF000000FF000000FF000000FF000000FF000000FF000000FF000000FF000000FF000000FF000000FF000000FF000000FF000000FF000000FF000000FF000000FF000000FF000000FF000000FF000000FF000000FF000000FF000000FF000000FF000000FF000000FF000000FF000000FF000000FF000000FF000000FF000000FF000000FF000000FF000000FF000000FF000000FF000000FF000000FF000000FF000000FF000000FF000000FF000000FF000000FF000000FF000000FF000000FF000000FF000000FF000000FF000000FF000000FF000000FF000000FF000000FF000000FF000000FF000000FF000000FF000000FF000000FF000000FF000000FF000000FF000000FF000000FF000000FF000000FF000000FF000000FF000000FF000000FF000000FF000000FF000000FF000000FF000000FF000000FF000000FF000000FF000000FF000000FF000000FF000000FF000000FF000000FF000000FF000000FF000000FF000000FF000000FF000000FF000000FF000000FF000000FF000000FF000000FF000000FF000000FF000000FF000000FF000000FF000000FF000000FF000000FF000000FF000000FF000000FF000000FF000000FF000000FF000000FF000000FF000000FF000000FF000000FF000000FF000000FF000000FF000000FF000000FF000000FF000000FF000000FF000000FF000000FF000000FF000000FF000000FF000000FF000000FF000000FF000000FF000000FF000000FF000000FF000000FF000000FF000000FF000000FF000000FF000000FF000000FF000000FF000000FF000000FF000000FF000000FF000000FF000000FF000000FF000000FF000000FF000000FF000000FF000000FF000000FF000000FF000000FF000000FF000000FF000000FF000000FF000000FF000000FF000000FF000000FF000000FF000000FF000000FF000000FF000000FF000000FF000000FF000000FF000000FF000000FF000000FF000000FF000000FF000000FF000000FF000000FF000000FF000000FF000000FF000000FF000000FF000000FF000000FF000000FF000000FF000000FF000000FF000000FF000000FF000000FF000000FF000000FF000000FF000000FF000000FF000000FF000000FF000000FF000000FF000000FF000000FF000000FF000000FF000000FF000000FF000000FF000000FF000000FF000000FF000000FF000000FF000000FF000000FF000000FF000000FF000000FF000000FF000000FF000000FF000000FF000000FF000000FF000000FF000000FF000000FF000000FF000000FF000000FF000000FF000000FF000000FF000000FF000000FF000000FF000000FF000000FF000000FF000000FF000000FF000000FF000000FF000000FF000000FF000000FF000000FF000000FF000000FF000000FF000000FF000000FF000000FF000000FF000000FF000000FF000000FF000000FF000000FF000000FF000000FF000000FF000000FF000000FF000000FF000000FF000000FF000000FF000000FF000000FF000000FF000000FF000000FF000000FF000000FF000000FF000000FF000000FF000000FF000000FF000000FF000000FF000000FF000000FF000000FF000000FF000000FF000000FF000000FF000000FF000000FF000000FF000000FF000000FF000000FF000000FF000000FF000000FF000000FF000000FF000000FF000000FF000000FF000000FF000000FF000000FF000000FF000000FF000000FF000000FF000000FF000000FF000000FF000000FF000000FF000000FF000000FF000000FF000000FF000000FF000000FF000000FF000000FF000000FF000000FF000000FF000000FF000000FF000000FF000000FF000000FF000000FF000000FF000000FF000000FF000000FF000000FF000000FF000000FF000000FF000000FF000000FF000000FF000000FF000000FF000000FF000000FF000000FF000000FF000000FF000000FF000000FF000000FF000000FF000000FF000000FF000000FF000000FF000000FF000000FF000000FF000000FF000000FF000000FF000000FF000000FF000000FF000000FF000000FF000000FF000000FF000000FF000000FF000000FF000000FF000000FF000000FF000000FF000000FF000000FF000000FF000000FF000000FF000000FF000000FF000000FF000000FF000000FF000000FF000000FF000000FF000000FF000000FF000000FF000000FF000000FF000000FF000000FF000000FF000000FF000000FF000000FF000000FF000000FF000000FF000000FF000000FF000000FF000000FF000000FF000000FF000000FF000000FF000000FF000000FF000000FF000000FF000000FF000000FF000000FF000000FF000000FF000000FF000000FF000000FF000000FF000000FF000000FF000000FF000000FF000000FF000000FF000000FF000000FF000000FF000000FF000000FF000000FF000000FF000000FF000000FF000000FF000000FF000000FF000000FF000000FF000000FF000000FF000000FF000000FF000000FF000000FF000000FF000000FF000000FF000000FF000000FF000000FF000000FF000000FF000000FF000000FF000000FF000000FF000000FF000000FF000000FF000000FF000000FF000000FF000000FF000000FF000000FF000000FF000000FF000000FF000000FF000000FF000000FF000000FF000000FF000000FF000000FF000000FF000000FF000000FF000000FF000000FF000000FF000000FF000000FF000000FF000000FF000000FF000000FF000000FF000000FF000000FF000000FF000000FF000000FF000000FF000000FF000000FF000000FF000000FF000000FF000000FF000000FF000000FF000000FF000000FF000000FF000000FF000000FF000000FF000000FF000000FF000000FF000000FF000000FF000000FF000000FF000000FF000000FF000000FF000000FF000000FF000000FF000000FF000000FF000000FF000000FF000000FF000000FF000000FF000000FF000000FF000000FF000000FF000000FF000000FF000000FF000000FF000000FF000000FF000000FF000000FF000000FF000000FF000000FF000000FF000000FF000000FF000000FF000000FF000000FF000000FF000000FF000000FF000000FF000000FF000000FF000000FF000000FF000000FF000000FF000000FF000000FF000000FF000000FF000000FF000000FF000000FF000000FF000000FF000000FF000000FF000000FF000000FF000000FF000000FF000000FF000000FF000000FF000000FF000000FF000000FF000000FF000000FF000000FF000000FF000000FF000000FF000000FF000000FF000000FF000000FF000000FF000000FF000000FF000000FF000000FF000000FF000000FF000000FF000000FF000000FF000000FF000000FF000000FF000000FF000000FF000000FF000000FF000000FF000000FF000000FF000000FF000000FF000000FF000000FF000000FF000000FF000000FF000000FF000000FF000000FF000000FF000000FF000000FF000000FF000000FF000000FF000000FF000000FF000000FF000000FF000000FF000000FF000000FF000000FF000000FF000000FF000000FF000000FF000000FF000000FF000000FF000000FF000000FF000000FF000000FF000000FF000000FF000000FF000000FF000000FF000000FF000000FF000000FF000000FF000000FF000000FF000000FF000000FF000000FF000000FF000000FF000000FF000000FF000000FF000000FF000000FF000000FF000000FF000000FF000000FF000000FF000000FF000000FF000000FF000000FF000000FF000000FF000000FF000000FF000000FF000000FF000000FF000000FF000000FF000000FF000000FF000000FF000000FF000000FF000000FF000000FF000000FF000000FF000000FF000000FF000000FF000000FF000000FF000000FF000000FF000000FF000000FF000000FF000000FF000000FF000000FF000000FF000000FF000000FF000000FF000000FF000000FF000000FF000000FF000000FF000000FF000000FF000000FF000000FF000000FF000000FF000000FF000000FF000000FF000000FF000000FF000000FF000000FF000000FF000000FF000000FF000000FF000000FF000000FF000000FF000000FF000000FF000000FF000000FF000000FF000000FF000000FF000000FF000000FF000000FF000000FF000000FF000000FF000000FF000000FF000000FF000000FF000000FF000000FF000000FF000000FF000000FF000000FF000000FF000000FF000000FF000000FF000000FF000000FF000000FF000000FF000000FF000000FF000000FF000000FF000000FF000000FF000000FF000000FF000000FF000000FF000000FF000000FF000000FF000000FF000000FF000000FF000000FF000000FF000000FF000000FF000000FF000000FF000000FF000000FF000000FF000000FF000000FF000000FF000000FF000000FF000000FF000000FF000000FF000000FF000000FF000000FF000000FF000000FF000000FF000000FF000000FF000000FF000000FF000000FF000000FF000000FF000000FF000000FF000000FF000000FF000000FF000000FF000000FF000000FF000000FF000000FF000000FF000000FF000000FF000000FF000000FF000000FF000000FF000000FF000000FF000000FF000000FF000000FF000000FF000000FF000000FF000000FF000000FF000000FF000000FF000000FF000000FF000000FF000000FF000000FF000000FF000000FF000000FF000000FF000000FF000000FF000000FF000000FF000000FF000000FF000000FF000000FF000000FF000000FF000000FF000000FF000000FF000000FF000000FF000000FF000000FF000000FF000000FF000000FF000000FF000000FF000000FF000000FF000000FF000000FF000000FF000000FF000000FF000000FF000000FF000000FF000000FF000000FF000000FF000000FF000000FF000000FF000000FF000000FF000000FF000000FF000000FF000000FF000000FF000000FF000000FF000000FF000000FF000000FF000000FF000000FF000000FF000000FF000000FF000000FF000000FF000000FF000000FF000000FF000000FF000000FF000000FF000000FF000000FF000000FF000000FF000000FF000000FF000000FF000000FF000000FF000000FF000000FF000000FF000000FF000000FF000000FF000000FF000000FF000000FF000000FF000000FF000000FF000000FF000000FF000000FF000000FF000000FF000000FF000000FF000000FF000000FF000000FF000000FF000000FF000000FF000000FF000000FF000000FF000000FF000000FF000000FF000000FF000000FF000000FF000000FF000000FF000000FF000000FF000000FF000000FF000000FF000000FF000000FF000000FF000000FF000000FF000000FF000000FF000000FF000000FF000000FF000000FF000000FF000000FF000000FF000000FF000000FF000000FF000000FF000000FF000000FF000000FF000000FF000000FF000000FF000000FF000000FF000000FF000000FF000000FF000000FF000000FF000000FF000000FF000000FF000000FF000000FF000000FF000000FF000000FF000000FF000000FF000000FF000000FF000000FF000000FF000000FF000000FF000000FF000000FF000000FF000000FF000000FF000000FF000000FF000000FF000000FF000000FF000000FF000000FF000000FF000000FF000000FF000000FF000000FF000000FF000000FF000000FF000000FF000000FF000000FF000000FF000000FF000000FF000000FF000000FF000000FF000000FF000000FF000000FF000000FF000000FF000000FF000000FF000000FF000000FF000000FF000000FF000000FF000000FF000000FF000000FF000000FF000000FF000000FF000000FF000000FF000000FF000000FF000000FF000000FF000000FF000000FF000000FF000000FF000000FF000000FF000000FF000000FF000000FF000000FF000000FF000000FF000000FF000000FF000000FF000000FF000000FF000000FF000000FF000000FF000000FF000000FF000000FF000000FF000000FF000000FF000000FF000000FF000000FF000000FF000000FF000000FF000000FF000000FF000000FF000000FF000000FF000000FF000000FF000000FF000000FF000000FF000000FF000000FF000000FF000000FF000000FF000000FF000000FF2BFD99FF2BFD99FF000000FF000000FF000000FF000000FF000000FF000000FF2BFD99FF2BFD99FF000000FF000000FF000000FF000000FF000000FF000000FF000000FF000000FF000000FF000000FF000000FF000000FF000000FF000000FF000000FF000000FF000000FF000000FF000000FF000000FF000000FF000000FF000000FF000000FF000000FF000000FF000000FF000000FF000000FF000000FF000000FF000000FF000000FF000000FF000000FF000000FF000000FF000000FF000000FF000000FF000000FF000000FF000000FF000000FF000000FF000000FF000000FF000000FF000000FF000000FF000000FF000000FF000000FF000000FF000000FF000000FF000000FF000000FF000000FF000000FF000000FF000000FF000000FF000000FF000000FF000000FF000000FF000000FF000000FF000000FF000000FF000000FF000000FF000000FF000000FF000000FF000000FF000000FF000000FF000000FF000000FF000000FF000000FF000000FF000000FF000000FF000000FF000000FF000000FF000000FF000000FF000000FF000000FF000000FF000000FF000000FF000000FF000000FF000000FF000000FF000000FF000000FF000000FF000000FF000000FF000000FF000000FF000000FF000000FF000000FF000000FF000000FF000000FF000000FF000000FF000000FF000000FF000000FF000000FF000000FF000000FF000000FF000000FF000000FF000000FF000000FF000000FF000000FF000000FF000000FF000000FF000000FF2BFD99FF2BFD99FF2BFD99FF2BFD99FF2BFD99FF2BFD99FF000000FF000000FF000000FF000000FF000000FF000000FF2BFD99FF2BFD99FF000000FF000000FF000000FF000000FF000000FF000000FF000000FF000000FF000000FF000000FF000000FF000000FF2BFD99FF2BFD99FF2BFD99FF2BFD99FF2BFD99FF2BFD99FF2BFD99FF2BFD99FF2BFD99FF2BFD99FF000000FF000000FF000000FF000000FF000000FF000000FF000000FF000000FF2BFD99FF2BFD99FF000000FF000000FF000000FF000000FF000000FF000000FF000000FF000000FF2BFD99FF2BFD99FF2BFD99FF2BFD99FF2BFD99FF2BFD99FF2BFD99FF2BFD99FF000000FF000000FF000000FF000000FF000000FF000000FF000000FF000000FF000000FF000000FF000000FF000000FF000000FF000000FF000000FF000000FF000000FF000000FF000000FF000000FF000000FF000000FF2BFD99FF2BFD99FF2BFD99FF2BFD99FF2BFD99FF2BFD99FF000000FF000000FF000000FF000000FF000000FF000000FF000000FF000000FF2BFD99FF2BFD99FF2BFD99FF2BFD99FF2BFD99FF2BFD99FF000000FF000000FF000000FF000000FF000000FF000000FF2BFD99FF2BFD99FF2BFD99FF2BFD99FF2BFD99FF2BFD99FF2BFD99FF2BFD99FF000000FF000000FF000000FF000000FF000000FF000000FF2BFD99FF2BFD99FF2BFD99FF2BFD99FF2BFD99FF2BFD99FF2BFD99FF2BFD99FF2BFD99FF2BFD99FF000000FF000000FF000000FF000000FF2BFD99FF2BFD99FF2BFD99FF2BFD99FF2BFD99FF2BFD99FF2BFD99FF2BFD99FF2BFD99FF2BFD99FF000000FF000000FF000000FF000000FF2BFD99FF2BFD99FF000000FF000000FF000000FF000000FF000000FF000000FF2BFD99FF2BFD99FF000000FF000000FF000000FF000000FF000000FF000000FF000000FF000000FF000000FF000000FF000000FF000000FF000000FF000000FF000000FF000000FF000000FF000000FF000000FF000000FF000000FF000000FF000000FF000000FF000000FF000000FF000000FF000000FF000000FF000000FF000000FF000000FF000000FF000000FF000000FF000000FF000000FF000000FF000000FF000000FF000000FF000000FF000000FF000000FF000000FF000000FF000000FF000000FF000000FF000000FF000000FF000000FF000000FF000000FF000000FF000000FF000000FF000000FF000000FF000000FF000000FF000000FF000000FF000000FF000000FF000000FF000000FF000000FF000000FF000000FF000000FF000000FF000000FF000000FF000000FF000000FF000000FF000000FF000000FF000000FF000000FF000000FF000000FF000000FF000000FF000000FF000000FF000000FF000000FF000000FF000000FF000000FF000000FF000000FF000000FF000000FF000000FF000000FF000000FF000000FF000000FF000000FF000000FF000000FF000000FF000000FF000000FF000000FF000000FF000000FF000000FF000000FF000000FF000000FF000000FF000000FF000000FF000000FF000000FF000000FF000000FF000000FF000000FF000000FF000000FF000000FF000000FF000000FF000000FF000000FF000000FF000000FF000000FF000000FF000000FF000000FF000000FF000000FF000000FF000000FF000000FF000000FF000000FF000000FF000000FF000000FF000000FF000000FF000000FF000000FF000000FF000000FF000000FF000000FF000000FF000000FF000000FF000000FF000000FF000000FF000000FF000000FF000000FF000000FF000000FF000000FF000000FF000000FF000000FF000000FF000000FF000000FF000000FF000000FF000000FF000000FF000000FF000000FF000000FF000000FF000000FF000000FF000000FF000000FF000000FF000000FF000000FF000000FF000000FF000000FF000000FF000000FF000000FF000000FF000000FF000000FF000000FF000000FF000000FF000000FF000000FF000000FF000000FF000000FF000000FF000000FF000000FF000000FF000000FF000000FF000000FF000000FF000000FF000000FF000000FF000000FF000000FF000000FF000000FF000000FF000000FF000000FF000000FF000000FF000000FF000000FF000000FF000000FF000000FF000000FF000000FF000000FF000000FF000000FF000000FF000000FF000000FF000000FF000000FF000000FF000000FF000000FF000000FF000000FF000000FF000000FF000000FF000000FF000000FF000000FF000000FF000000FF000000FF000000FF000000FF000000FF2BFD99FF2BFD99FF000000FF000000FF000000FF000000FF000000FF000000FF2BFD99FF2BFD99FF000000FF000000FF000000FF000000FF000000FF000000FF000000FF000000FF000000FF000000FF000000FF000000FF000000FF000000FF000000FF000000FF000000FF000000FF000000FF000000FF000000FF000000FF000000FF000000FF000000FF000000FF000000FF000000FF000000FF000000FF000000FF000000FF000000FF000000FF000000FF000000FF000000FF000000FF000000FF000000FF000000FF000000FF000000FF000000FF000000FF000000FF000000FF000000FF000000FF000000FF000000FF000000FF000000FF000000FF000000FF000000FF000000FF000000FF000000FF000000FF000000FF000000FF000000FF000000FF000000FF000000FF000000FF000000FF000000FF000000FF000000FF000000FF000000FF000000FF000000FF000000FF000000FF000000FF000000FF000000FF000000FF000000FF000000FF000000FF000000FF000000FF000000FF000000FF000000FF000000FF000000FF000000FF000000FF000000FF000000FF000000FF000000FF000000FF000000FF000000FF000000FF000000FF000000FF000000FF000000FF000000FF000000FF000000FF000000FF000000FF000000FF000000FF000000FF000000FF000000FF000000FF000000FF000000FF000000FF000000FF000000FF000000FF000000FF000000FF000000FF000000FF000000FF000000FF000000FF000000FF000000FF000000FF2BFD99FF2BFD99FF2BFD99FF2BFD99FF2BFD99FF2BFD99FF000000FF000000FF000000FF000000FF000000FF000000FF2BFD99FF2BFD99FF000000FF000000FF000000FF000000FF000000FF000000FF000000FF000000FF000000FF000000FF000000FF000000FF2BFD99FF2BFD99FF2BFD99FF2BFD99FF2BFD99FF2BFD99FF2BFD99FF2BFD99FF2BFD99FF2BFD99FF000000FF000000FF000000FF000000FF000000FF000000FF000000FF000000FF2BFD99FF2BFD99FF000000FF000000FF000000FF000000FF000000FF000000FF000000FF000000FF2BFD99FF2BFD99FF2BFD99FF2BFD99FF2BFD99FF2BFD99FF2BFD99FF2BFD99FF000000FF000000FF000000FF000000FF000000FF000000FF000000FF000000FF000000FF000000FF000000FF000000FF000000FF000000FF000000FF000000FF000000FF000000FF000000FF000000FF000000FF000000FF2BFD99FF2BFD99FF2BFD99FF2BFD99FF2BFD99FF2BFD99FF000000FF000000FF000000FF000000FF000000FF000000FF000000FF000000FF2BFD99FF2BFD99FF2BFD99FF2BFD99FF2BFD99FF2BFD99FF000000FF000000FF000000FF000000FF000000FF000000FF2BFD99FF2BFD99FF2BFD99FF2BFD99FF2BFD99FF2BFD99FF2BFD99FF2BFD99FF000000FF000000FF000000FF000000FF000000FF000000FF2BFD99FF2BFD99FF2BFD99FF2BFD99FF2BFD99FF2BFD99FF2BFD99FF2BFD99FF2BFD99FF2BFD99FF000000FF000000FF000000FF000000FF2BFD99FF2BFD99FF2BFD99FF2BFD99FF2BFD99FF2BFD99FF2BFD99FF2BFD99FF2BFD99FF2BFD99FF000000FF000000FF000000FF000000FF2BFD99FF2BFD99FF000000FF000000FF000000FF000000FF000000FF000000FF2BFD99FF2BFD99FF000000FF000000FF000000FF000000FF000000FF000000FF000000FF000000FF000000FF000000FF000000FF000000FF000000FF000000FF000000FF000000FF000000FF000000FF000000FF000000FF000000FF000000FF000000FF000000FF000000FF000000FF000000FF000000FF000000FF000000FF000000FF000000FF000000FF000000FF000000FF000000FF000000FF000000FF000000FF000000FF000000FF000000FF000000FF000000FF000000FF000000FF000000FF000000FF000000FF000000FF000000FF000000FF000000FF000000FF000000FF000000FF000000FF000000FF000000FF000000FF000000FF000000FF000000FF000000FF000000FF000000FF000000FF000000FF000000FF000000FF000000FF000000FF000000FF000000FF000000FF000000FF000000FF000000FF000000FF000000FF000000FF000000FF000000FF000000FF000000FF000000FF000000FF000000FF000000FF000000FF000000FF000000FF000000FF000000FF000000FF000000FF000000FF000000FF000000FF000000FF000000FF000000FF000000FF000000FF000000FF000000FF000000FF000000FF000000FF000000FF000000FF000000FF000000FF000000FF000000FF000000FF000000FF000000FF000000FF000000FF000000FF000000FF000000FF000000FF000000FF000000FF000000FF000000FF000000FF000000FF000000FF000000FF000000FF000000FF000000FF000000FF000000FF000000FF000000FF000000FF000000FF000000FF000000FF000000FF000000FF000000FF000000FF000000FF000000FF000000FF000000FF000000FF000000FF000000FF000000FF000000FF000000FF000000FF000000FF000000FF000000FF000000FF000000FF000000FF000000FF000000FF000000FF000000FF000000FF000000FF000000FF000000FF000000FF000000FF000000FF000000FF000000FF000000FF000000FF000000FF000000FF000000FF000000FF000000FF000000FF000000FF000000FF000000FF000000FF000000FF000000FF000000FF000000FF000000FF000000FF000000FF000000FF000000FF000000FF000000FF000000FF000000FF000000FF000000FF000000FF000000FF000000FF000000FF000000FF000000FF000000FF000000FF000000FF000000FF000000FF000000FF000000FF000000FF000000FF000000FF000000FF000000FF000000FF000000FF000000FF000000FF000000FF000000FF000000FF000000FF000000FF000000FF000000FF000000FF000000FF000000FF000000FF000000FF000000FF000000FF000000FF000000FF000000FF000000FF000000FF000000FF000000FF000000FF000000FF000000FF000000FF000000FF000000FF000000FF000000FF000000FF2BFD99FF2BFD99FF000000FF000000FF000000FF000000FF000000FF000000FF2BFD99FF2BFD99FF000000FF000000FF000000FF000000FF000000FF000000FF000000FF000000FF000000FF000000FF000000FF000000FF000000FF000000FF000000FF000000FF000000FF000000FF000000FF000000FF000000FF000000FF000000FF000000FF000000FF000000FF000000FF000000FF000000FF000000FF000000FF000000FF000000FF000000FF000000FF000000FF000000FF000000FF000000FF000000FF000000FF000000FF000000FF000000FF000000FF000000FF000000FF000000FF000000FF000000FF000000FF000000FF000000FF000000FF000000FF000000FF000000FF000000FF000000FF000000FF000000FF000000FF000000FF000000FF000000FF000000FF000000FF000000FF000000FF000000FF000000FF000000FF000000FF000000FF000000FF000000FF000000FF000000FF000000FF000000FF000000FF000000FF000000FF000000FF000000FF000000FF000000FF000000FF000000FF000000FF000000FF000000FF000000FF000000FF000000FF000000FF000000FF000000FF000000FF000000FF000000FF000000FF000000FF000000FF000000FF000000FF000000FF000000FF000000FF000000FF000000FF000000FF000000FF000000FF000000FF000000FF000000FF000000FF000000FF000000FF000000FF000000FF000000FF000000FF000000FF000000FF000000FF000000FF000000FF000000FF2BFD99FF2BFD99FF000000FF000000FF000000FF000000FF000000FF000000FF2BFD99FF2BFD99FF000000FF000000FF000000FF000000FF2BFD99FF2BFD99FF000000FF000000FF000000FF000000FF000000FF000000FF000000FF000000FF000000FF000000FF000000FF000000FF2BFD99FF2BFD99FF000000FF000000FF000000FF000000FF000000FF000000FF000000FF000000FF000000FF000000FF000000FF000000FF000000FF000000FF2BFD99FF2BFD99FF000000FF000000FF2BFD99FF2BFD99FF000000FF000000FF000000FF000000FF000000FF000000FF2BFD99FF2BFD99FF000000FF000000FF000000FF000000FF000000FF000000FF2BFD99FF2BFD99FF000000FF000000FF000000FF000000FF000000FF000000FF000000FF000000FF000000FF000000FF000000FF000000FF000000FF000000FF000000FF000000FF000000FF000000FF2BFD99FF2BFD99FF000000FF000000FF000000FF000000FF000000FF000000FF2BFD99FF2BFD99FF000000FF000000FF000000FF000000FF2BFD99FF2BFD99FF000000FF000000FF000000FF000000FF000000FF000000FF2BFD99FF2BFD99FF000000FF000000FF000000FF000000FF2BFD99FF2BFD99FF000000FF000000FF000000FF000000FF000000FF000000FF2BFD99FF2BFD99FF000000FF000000FF000000FF000000FF2BFD99FF2BFD99FF000000FF000000FF000000FF000000FF000000FF000000FF000000FF000000FF000000FF000000FF000000FF000000FF2BFD99FF2BFD99FF000000FF000000FF000000FF000000FF000000FF000000FF000000FF000000FF000000FF000000FF000000FF000000FF2BFD99FF2BFD99FF000000FF000000FF000000FF000000FF000000FF000000FF2BFD99FF2BFD99FF000000FF000000FF000000FF000000FF000000FF000000FF000000FF000000FF000000FF000000FF000000FF000000FF000000FF000000FF000000FF000000FF000000FF000000FF000000FF000000FF000000FF000000FF000000FF000000FF000000FF000000FF000000FF000000FF000000FF000000FF000000FF000000FF000000FF000000FF000000FF000000FF000000FF000000FF000000FF000000FF000000FF000000FF000000FF000000FF000000FF000000FF000000FF000000FF000000FF000000FF000000FF000000FF000000FF000000FF000000FF000000FF000000FF000000FF000000FF000000FF000000FF000000FF000000FF000000FF000000FF000000FF000000FF000000FF000000FF000000FF000000FF000000FF000000FF000000FF000000FF000000FF000000FF000000FF000000FF000000FF000000FF000000FF000000FF000000FF000000FF000000FF000000FF000000FF000000FF000000FF000000FF000000FF000000FF000000FF000000FF000000FF000000FF000000FF000000FF000000FF000000FF000000FF000000FF000000FF000000FF000000FF000000FF000000FF000000FF000000FF000000FF000000FF000000FF000000FF000000FF000000FF000000FF000000FF000000FF000000FF000000FF000000FF000000FF000000FF000000FF000000FF000000FF000000FF000000FF000000FF000000FF000000FF000000FF000000FF000000FF000000FF000000FF000000FF000000FF000000FF000000FF000000FF000000FF000000FF000000FF000000FF000000FF000000FF000000FF000000FF000000FF000000FF000000FF000000FF000000FF000000FF000000FF000000FF000000FF000000FF000000FF000000FF000000FF000000FF000000FF000000FF000000FF000000FF000000FF000000FF000000FF000000FF000000FF000000FF000000FF000000FF000000FF000000FF000000FF000000FF000000FF000000FF000000FF000000FF000000FF000000FF000000FF000000FF000000FF000000FF000000FF000000FF000000FF000000FF000000FF000000FF000000FF000000FF000000FF000000FF000000FF000000FF000000FF000000FF000000FF000000FF000000FF000000FF000000FF000000FF000000FF000000FF000000FF000000FF000000FF000000FF000000FF000000FF000000FF000000FF000000FF000000FF000000FF000000FF000000FF000000FF000000FF000000FF000000FF000000FF000000FF000000FF000000FF000000FF000000FF000000FF000000FF000000FF000000FF000000FF000000FF000000FF000000FF000000FF000000FF000000FF000000FF000000FF000000FF000000FF000000FF000000FF000000FF000000FF000000FF000000FF2BFD99FF2BFD99FF000000FF000000FF000000FF000000FF000000FF000000FF2BFD99FF2BFD99FF000000FF000000FF000000FF000000FF000000FF000000FF000000FF000000FF000000FF000000FF000000FF000000FF000000FF000000FF000000FF000000FF000000FF000000FF000000FF000000FF000000FF000000FF000000FF000000FF000000FF000000FF000000FF000000FF000000FF000000FF000000FF000000FF000000FF000000FF000000FF000000FF000000FF000000FF000000FF000000FF000000FF000000FF000000FF000000FF000000FF000000FF000000FF000000FF000000FF000000FF000000FF000000FF000000FF000000FF000000FF000000FF000000FF000000FF000000FF000000FF000000FF000000FF000000FF000000FF000000FF000000FF000000FF000000FF000000FF000000FF000000FF000000FF000000FF000000FF000000FF000000FF000000FF000000FF000000FF000000FF000000FF000000FF000000FF000000FF000000FF000000FF000000FF000000FF000000FF000000FF000000FF000000FF000000FF000000FF000000FF000000FF000000FF000000FF000000FF000000FF000000FF000000FF000000FF000000FF000000FF000000FF000000FF000000FF000000FF000000FF000000FF000000FF000000FF000000FF000000FF000000FF000000FF000000FF000000FF000000FF000000FF000000FF000000FF000000FF000000FF000000FF000000FF000000FF000000FF000000FF2BFD99FF2BFD99FF000000FF000000FF000000FF000000FF000000FF000000FF2BFD99FF2BFD99FF000000FF000000FF000000FF000000FF2BFD99FF2BFD99FF000000FF000000FF000000FF000000FF000000FF000000FF000000FF000000FF000000FF000000FF000000FF000000FF2BFD99FF2BFD99FF000000FF000000FF000000FF000000FF000000FF000000FF000000FF000000FF000000FF000000FF000000FF000000FF000000FF000000FF2BFD99FF2BFD99FF000000FF000000FF2BFD99FF2BFD99FF000000FF000000FF000000FF000000FF000000FF000000FF2BFD99FF2BFD99FF000000FF000000FF000000FF000000FF000000FF000000FF2BFD99FF2BFD99FF000000FF000000FF000000FF000000FF000000FF000000FF000000FF000000FF000000FF000000FF000000FF000000FF000000FF000000FF000000FF000000FF000000FF000000FF2BFD99FF2BFD99FF000000FF000000FF000000FF000000FF000000FF000000FF2BFD99FF2BFD99FF000000FF000000FF000000FF000000FF2BFD99FF2BFD99FF000000FF000000FF000000FF000000FF000000FF000000FF2BFD99FF2BFD99FF000000FF000000FF000000FF000000FF2BFD99FF2BFD99FF000000FF000000FF000000FF000000FF000000FF000000FF2BFD99FF2BFD99FF000000FF000000FF000000FF000000FF2BFD99FF2BFD99FF000000FF000000FF000000FF000000FF000000FF000000FF000000FF000000FF000000FF000000FF000000FF000000FF2BFD99FF2BFD99FF000000FF000000FF000000FF000000FF000000FF000000FF000000FF000000FF000000FF000000FF000000FF000000FF2BFD99FF2BFD99FF000000FF000000FF000000FF000000FF000000FF000000FF2BFD99FF2BFD99FF000000FF000000FF000000FF000000FF000000FF000000FF000000FF000000FF000000FF000000FF000000FF000000FF000000FF000000FF000000FF000000FF000000FF000000FF000000FF000000FF000000FF000000FF000000FF000000FF000000FF000000FF000000FF000000FF000000FF000000FF000000FF000000FF000000FF000000FF000000FF000000FF000000FF000000FF000000FF000000FF000000FF000000FF000000FF000000FF000000FF000000FF000000FF000000FF000000FF000000FF000000FF000000FF000000FF000000FF000000FF000000FF000000FF000000FF000000FF000000FF000000FF000000FF000000FF000000FF000000FF000000FF000000FF000000FF000000FF000000FF000000FF000000FF000000FF000000FF000000FF000000FF000000FF000000FF000000FF000000FF000000FF000000FF000000FF000000FF000000FF000000FF000000FF000000FF000000FF000000FF000000FF000000FF000000FF000000FF000000FF000000FF000000FF000000FF000000FF000000FF000000FF000000FF000000FF000000FF000000FF000000FF000000FF000000FF000000FF000000FF000000FF000000FF000000FF000000FF000000FF000000FF000000FF000000FF000000FF000000FF000000FF000000FF000000FF000000FF000000FF000000FF000000FF000000FF000000FF000000FF000000FF000000FF000000FF000000FF000000FF000000FF000000FF000000FF000000FF000000FF000000FF000000FF000000FF000000FF000000FF000000FF000000FF000000FF000000FF000000FF000000FF000000FF000000FF000000FF000000FF000000FF000000FF000000FF000000FF000000FF000000FF000000FF000000FF000000FF000000FF000000FF000000FF000000FF000000FF000000FF000000FF000000FF000000FF000000FF000000FF000000FF000000FF000000FF000000FF000000FF000000FF000000FF000000FF000000FF000000FF000000FF000000FF000000FF000000FF000000FF000000FF000000FF000000FF000000FF000000FF000000FF000000FF000000FF000000FF000000FF000000FF000000FF000000FF000000FF000000FF000000FF000000FF000000FF000000FF000000FF000000FF000000FF000000FF000000FF000000FF000000FF000000FF000000FF000000FF000000FF000000FF000000FF000000FF000000FF000000FF000000FF000000FF000000FF000000FF000000FF000000FF000000FF000000FF000000FF000000FF000000FF000000FF000000FF000000FF000000FF000000FF000000FF000000FF000000FF000000FF000000FF000000FF000000FF000000FF000000FF000000FF000000FF000000FF000000FF000000FF000000FF2BFD99FF2BFD99FF000000FF000000FF000000FF000000FF000000FF000000FF2BFD99FF2BFD99FF000000FF000000FF000000FF000000FF000000FF000000FF000000FF000000FF000000FF000000FF000000FF000000FF000000FF000000FF000000FF000000FF000000FF000000FF000000FF000000FF000000FF000000FF000000FF000000FF000000FF000000FF000000FF000000FF000000FF000000FF000000FF000000FF000000FF000000FF000000FF000000FF000000FF000000FF000000FF000000FF000000FF000000FF000000FF000000FF000000FF000000FF000000FF000000FF000000FF000000FF000000FF000000FF000000FF000000FF000000FF000000FF000000FF000000FF000000FF000000FF000000FF000000FF000000FF000000FF000000FF000000FF000000FF000000FF000000FF000000FF000000FF000000FF000000FF000000FF000000FF000000FF000000FF000000FF000000FF000000FF000000FF000000FF000000FF000000FF000000FF000000FF000000FF000000FF000000FF000000FF000000FF000000FF000000FF000000FF000000FF000000FF000000FF000000FF000000FF000000FF000000FF000000FF000000FF000000FF000000FF000000FF2BFD99FF2BFD99FF000000FF000000FF000000FF000000FF000000FF000000FF000000FF000000FF000000FF000000FF000000FF000000FF000000FF000000FF000000FF000000FF000000FF000000FF000000FF000000FF000000FF000000FF2BFD99FF2BFD99FF000000FF000000FF000000FF000000FF000000FF000000FF000000FF000000FF000000FF000000FF000000FF000000FF2BFD99FF2BFD99FF000000FF000000FF000000FF000000FF000000FF000000FF000000FF000000FF000000FF000000FF000000FF000000FF2BFD99FF2BFD99FF000000FF000000FF000000FF000000FF000000FF000000FF000000FF000000FF000000FF000000FF000000FF000000FF2BFD99FF2BFD99FF000000FF000000FF000000FF000000FF000000FF000000FF2BFD99FF2BFD99FF000000FF000000FF000000FF000000FF2BFD99FF2BFD99FF000000FF000000FF000000FF000000FF000000FF000000FF2BFD99FF2BFD99FF000000FF000000FF000000FF000000FF000000FF000000FF000000FF000000FF000000FF000000FF000000FF000000FF000000FF000000FF000000FF000000FF000000FF000000FF2BFD99FF2BFD99FF000000FF000000FF000000FF000000FF000000FF000000FF000000FF000000FF000000FF000000FF000000FF000000FF2BFD99FF2BFD99FF000000FF000000FF000000FF000000FF000000FF000000FF000000FF000000FF000000FF000000FF000000FF000000FF2BFD99FF2BFD99FF000000FF000000FF000000FF000000FF000000FF000000FF2BFD99FF2BFD99FF000000FF000000FF000000FF000000FF2BFD99FF2BFD99FF000000FF000000FF000000FF000000FF000000FF000000FF000000FF000000FF000000FF000000FF000000FF000000FF2BFD99FF2BFD99FF000000FF000000FF000000FF000000FF000000FF000000FF000000FF000000FF000000FF000000FF000000FF000000FF2BFD99FF2BFD99FF2BFD99FF2BFD99FF000000FF000000FF000000FF000000FF2BFD99FF2BFD99FF000000FF000000FF000000FF000000FF000000FF000000FF000000FF000000FF000000FF000000FF000000FF000000FF000000FF000000FF000000FF000000FF000000FF000000FF000000FF000000FF000000FF000000FF000000FF000000FF000000FF000000FF000000FF000000FF000000FF000000FF000000FF000000FF000000FF000000FF000000FF000000FF000000FF000000FF000000FF000000FF000000FF000000FF000000FF000000FF000000FF000000FF000000FF000000FF000000FF000000FF000000FF000000FF000000FF000000FF000000FF000000FF000000FF000000FF000000FF000000FF000000FF000000FF000000FF000000FF000000FF000000FF000000FF000000FF000000FF000000FF000000FF000000FF000000FF000000FF000000FF000000FF000000FF000000FF000000FF000000FF000000FF000000FF000000FF000000FF000000FF000000FF000000FF000000FF000000FF000000FF000000FF000000FF000000FF000000FF000000FF000000FF000000FF000000FF000000FF000000FF000000FF000000FF000000FF000000FF000000FF000000FF000000FF000000FF000000FF000000FF000000FF000000FF000000FF000000FF000000FF000000FF000000FF000000FF000000FF000000FF000000FF000000FF000000FF000000FF000000FF000000FF000000FF000000FF000000FF000000FF000000FF000000FF000000FF000000FF000000FF000000FF000000FF000000FF000000FF000000FF000000FF000000FF000000FF000000FF000000FF000000FF000000FF000000FF000000FF000000FF000000FF000000FF000000FF000000FF000000FF000000FF000000FF000000FF000000FF000000FF000000FF000000FF000000FF000000FF000000FF000000FF000000FF000000FF000000FF000000FF000000FF000000FF000000FF000000FF000000FF000000FF000000FF000000FF000000FF000000FF000000FF000000FF000000FF000000FF000000FF000000FF000000FF000000FF000000FF000000FF000000FF000000FF000000FF000000FF000000FF000000FF000000FF000000FF000000FF000000FF000000FF000000FF000000FF000000FF000000FF000000FF000000FF000000FF000000FF000000FF000000FF000000FF000000FF000000FF000000FF000000FF000000FF000000FF000000FF000000FF000000FF000000FF000000FF000000FF000000FF000000FF000000FF000000FF000000FF000000FF000000FF000000FF000000FF000000FF000000FF000000FF000000FF000000FF000000FF000000FF000000FF000000FF000000FF000000FF000000FF000000FF000000FF000000FF000000FF000000FF000000FF000000FF000000FF000000FF000000FF000000FF2BFD99FF2BFD99FF000000FF000000FF000000FF000000FF000000FF000000FF2BFD99FF2BFD99FF000000FF000000FF000000FF000000FF000000FF000000FF000000FF000000FF000000FF000000FF000000FF000000FF000000FF000000FF000000FF000000FF000000FF000000FF000000FF000000FF000000FF000000FF000000FF000000FF000000FF000000FF000000FF000000FF000000FF000000FF000000FF000000FF000000FF000000FF000000FF000000FF000000FF000000FF000000FF000000FF000000FF000000FF000000FF000000FF000000FF000000FF000000FF000000FF000000FF000000FF000000FF000000FF000000FF000000FF000000FF000000FF000000FF000000FF000000FF000000FF000000FF000000FF000000FF000000FF000000FF000000FF000000FF000000FF000000FF000000FF000000FF000000FF000000FF000000FF000000FF000000FF000000FF000000FF000000FF000000FF000000FF000000FF000000FF000000FF000000FF000000FF000000FF000000FF000000FF000000FF000000FF000000FF000000FF000000FF000000FF000000FF000000FF000000FF000000FF000000FF000000FF000000FF000000FF000000FF000000FF000000FF2BFD99FF2BFD99FF000000FF000000FF000000FF000000FF000000FF000000FF000000FF000000FF000000FF000000FF000000FF000000FF000000FF000000FF000000FF000000FF000000FF000000FF000000FF000000FF000000FF000000FF2BFD99FF2BFD99FF000000FF000000FF000000FF000000FF000000FF000000FF000000FF000000FF000000FF000000FF000000FF000000FF2BFD99FF2BFD99FF000000FF000000FF000000FF000000FF000000FF000000FF000000FF000000FF000000FF000000FF000000FF000000FF2BFD99FF2BFD99FF000000FF000000FF000000FF000000FF000000FF000000FF000000FF000000FF000000FF000000FF000000FF000000FF2BFD99FF2BFD99FF000000FF000000FF000000FF000000FF000000FF000000FF2BFD99FF2BFD99FF000000FF000000FF000000FF000000FF2BFD99FF2BFD99FF000000FF000000FF000000FF000000FF000000FF000000FF2BFD99FF2BFD99FF000000FF000000FF000000FF000000FF000000FF000000FF000000FF000000FF000000FF000000FF000000FF000000FF000000FF000000FF000000FF000000FF000000FF000000FF2BFD99FF2BFD99FF000000FF000000FF000000FF000000FF000000FF000000FF000000FF000000FF000000FF000000FF000000FF000000FF2BFD99FF2BFD99FF000000FF000000FF000000FF000000FF000000FF000000FF000000FF000000FF000000FF000000FF000000FF000000FF2BFD99FF2BFD99FF000000FF000000FF000000FF000000FF000000FF000000FF2BFD99FF2BFD99FF000000FF000000FF000000FF000000FF2BFD99FF2BFD99FF000000FF000000FF000000FF000000FF000000FF000000FF000000FF000000FF000000FF000000FF000000FF000000FF2BFD99FF2BFD99FF000000FF000000FF000000FF000000FF000000FF000000FF000000FF000000FF000000FF000000FF000000FF000000FF2BFD99FF2BFD99FF2BFD99FF2BFD99FF000000FF000000FF000000FF000000FF2BFD99FF2BFD99FF000000FF000000FF000000FF000000FF000000FF000000FF000000FF000000FF000000FF000000FF000000FF000000FF000000FF000000FF000000FF000000FF000000FF000000FF000000FF000000FF000000FF000000FF000000FF000000FF000000FF000000FF000000FF000000FF000000FF000000FF000000FF000000FF000000FF000000FF000000FF000000FF000000FF000000FF000000FF000000FF000000FF000000FF000000FF000000FF000000FF000000FF000000FF000000FF000000FF000000FF000000FF000000FF000000FF000000FF000000FF000000FF000000FF000000FF000000FF000000FF000000FF000000FF000000FF000000FF000000FF000000FF000000FF000000FF000000FF000000FF000000FF000000FF000000FF000000FF000000FF000000FF000000FF000000FF000000FF000000FF000000FF000000FF000000FF000000FF000000FF000000FF000000FF000000FF000000FF000000FF000000FF000000FF000000FF000000FF000000FF000000FF000000FF000000FF000000FF000000FF000000FF000000FF000000FF000000FF000000FF000000FF000000FF000000FF000000FF000000FF000000FF000000FF000000FF000000FF000000FF000000FF000000FF000000FF000000FF000000FF000000FF000000FF000000FF000000FF000000FF000000FF000000FF000000FF000000FF000000FF000000FF000000FF000000FF000000FF000000FF000000FF000000FF000000FF000000FF000000FF000000FF000000FF000000FF000000FF000000FF000000FF000000FF000000FF000000FF000000FF000000FF000000FF000000FF000000FF000000FF000000FF000000FF000000FF000000FF000000FF000000FF000000FF000000FF000000FF000000FF000000FF000000FF000000FF000000FF000000FF000000FF000000FF000000FF000000FF000000FF000000FF000000FF000000FF000000FF000000FF000000FF000000FF000000FF000000FF000000FF000000FF000000FF000000FF000000FF000000FF000000FF000000FF000000FF000000FF000000FF000000FF000000FF000000FF000000FF000000FF000000FF000000FF000000FF000000FF000000FF000000FF000000FF000000FF000000FF000000FF000000FF000000FF000000FF000000FF000000FF000000FF000000FF000000FF000000FF000000FF000000FF000000FF000000FF000000FF000000FF000000FF000000FF000000FF000000FF000000FF000000FF000000FF000000FF000000FF000000FF000000FF000000FF000000FF000000FF000000FF000000FF000000FF000000FF000000FF000000FF000000FF000000FF000000FF000000FF000000FF000000FF000000FF000000FF000000FF000000FF000000FF2BFD99FF2BFD99FF2BFD99FF2BFD99FF2BFD99FF2BFD99FF2BFD99FF2BFD99FF2BFD99FF2BFD99FF000000FF000000FF000000FF000000FF000000FF000000FF000000FF000000FF000000FF000000FF000000FF000000FF000000FF000000FF000000FF000000FF000000FF000000FF000000FF000000FF000000FF000000FF000000FF000000FF000000FF000000FF000000FF000000FF000000FF000000FF000000FF000000FF000000FF000000FF000000FF000000FF000000FF000000FF000000FF000000FF000000FF000000FF000000FF000000FF000000FF000000FF000000FF000000FF000000FF000000FF000000FF000000FF000000FF000000FF000000FF000000FF000000FF000000FF000000FF000000FF000000FF000000FF000000FF000000FF000000FF000000FF000000FF000000FF000000FF000000FF000000FF000000FF000000FF000000FF000000FF000000FF000000FF000000FF000000FF000000FF000000FF000000FF000000FF000000FF000000FF000000FF000000FF000000FF000000FF000000FF000000FF000000FF000000FF000000FF000000FF000000FF000000FF000000FF000000FF000000FF000000FF000000FF000000FF000000FF000000FF000000FF000000FF000000FF000000FF000000FF000000FF000000FF000000FF000000FF000000FF000000FF000000FF000000FF000000FF000000FF000000FF000000FF000000FF000000FF000000FF000000FF000000FF000000FF000000FF000000FF2BFD99FF2BFD99FF000000FF000000FF000000FF000000FF000000FF000000FF000000FF000000FF000000FF000000FF000000FF000000FF2BFD99FF2BFD99FF000000FF000000FF000000FF000000FF000000FF000000FF000000FF000000FF000000FF000000FF000000FF000000FF2BFD99FF2BFD99FF2BFD99FF2BFD99FF2BFD99FF2BFD99FF2BFD99FF2BFD99FF000000FF000000FF000000FF000000FF000000FF000000FF2BFD99FF2BFD99FF000000FF000000FF000000FF000000FF000000FF000000FF2BFD99FF2BFD99FF000000FF000000FF000000FF000000FF2BFD99FF2BFD99FF2BFD99FF2BFD99FF2BFD99FF2BFD99FF2BFD99FF2BFD99FF000000FF000000FF000000FF000000FF000000FF000000FF000000FF000000FF000000FF000000FF000000FF000000FF000000FF000000FF000000FF000000FF000000FF000000FF000000FF000000FF000000FF000000FF2BFD99FF2BFD99FF2BFD99FF2BFD99FF2BFD99FF2BFD99FF000000FF000000FF000000FF000000FF000000FF000000FF2BFD99FF2BFD99FF000000FF000000FF000000FF000000FF000000FF000000FF000000FF000000FF000000FF000000FF000000FF000000FF2BFD99FF2BFD99FF2BFD99FF2BFD99FF2BFD99FF2BFD99FF2BFD99FF2BFD99FF000000FF000000FF000000FF000000FF000000FF000000FF2BFD99FF2BFD99FF2BFD99FF2BFD99FF2BFD99FF2BFD99FF2BFD99FF2BFD99FF000000FF000000FF000000FF000000FF000000FF000000FF2BFD99FF2BFD99FF2BFD99FF2BFD99FF2BFD99FF2BFD99FF2BFD99FF2BFD99FF000000FF000000FF000000FF000000FF000000FF000000FF2BFD99FF2BFD99FF000000FF000000FF2BFD99FF2BFD99FF000000FF000000FF2BFD99FF2BFD99FF000000FF000000FF000000FF000000FF000000FF000000FF000000FF000000FF000000FF000000FF000000FF000000FF000000FF000000FF000000FF000000FF000000FF000000FF000000FF000000FF000000FF000000FF000000FF000000FF000000FF000000FF000000FF000000FF000000FF000000FF000000FF000000FF000000FF000000FF000000FF000000FF000000FF000000FF000000FF000000FF000000FF000000FF000000FF000000FF000000FF000000FF000000FF000000FF000000FF000000FF000000FF000000FF000000FF000000FF000000FF000000FF000000FF000000FF000000FF000000FF000000FF000000FF000000FF000000FF000000FF000000FF000000FF000000FF000000FF000000FF000000FF000000FF000000FF000000FF000000FF000000FF000000FF000000FF000000FF000000FF000000FF000000FF000000FF000000FF000000FF000000FF000000FF000000FF000000FF000000FF000000FF000000FF000000FF000000FF000000FF000000FF000000FF000000FF000000FF000000FF000000FF000000FF000000FF000000FF000000FF000000FF000000FF000000FF000000FF000000FF000000FF000000FF000000FF000000FF000000FF000000FF000000FF000000FF000000FF000000FF000000FF000000FF000000FF000000FF000000FF000000FF000000FF000000FF000000FF000000FF000000FF000000FF000000FF000000FF000000FF000000FF000000FF000000FF000000FF000000FF000000FF000000FF000000FF000000FF000000FF000000FF000000FF000000FF000000FF000000FF000000FF000000FF000000FF000000FF000000FF000000FF000000FF000000FF000000FF000000FF000000FF000000FF000000FF000000FF000000FF000000FF000000FF000000FF000000FF000000FF000000FF000000FF000000FF000000FF000000FF000000FF000000FF000000FF000000FF000000FF000000FF000000FF000000FF000000FF000000FF000000FF000000FF000000FF000000FF000000FF000000FF000000FF000000FF000000FF000000FF000000FF000000FF000000FF000000FF000000FF000000FF000000FF000000FF000000FF000000FF000000FF000000FF000000FF000000FF000000FF000000FF000000FF000000FF000000FF000000FF000000FF000000FF000000FF000000FF000000FF000000FF000000FF000000FF000000FF000000FF000000FF000000FF000000FF000000FF000000FF000000FF000000FF000000FF000000FF000000FF000000FF000000FF000000FF000000FF000000FF000000FF000000FF000000FF000000FF000000FF000000FF000000FF000000FF000000FF000000FF000000FF000000FF000000FF000000FF000000FF000000FF2BFD99FF2BFD99FF2BFD99FF2BFD99FF2BFD99FF2BFD99FF2BFD99FF2BFD99FF2BFD99FF2BFD99FF000000FF000000FF000000FF000000FF000000FF000000FF000000FF000000FF000000FF000000FF000000FF000000FF000000FF000000FF000000FF000000FF000000FF000000FF000000FF000000FF000000FF000000FF000000FF000000FF000000FF000000FF000000FF000000FF000000FF000000FF000000FF000000FF000000FF000000FF000000FF000000FF000000FF000000FF000000FF000000FF000000FF000000FF000000FF000000FF000000FF000000FF000000FF000000FF000000FF000000FF000000FF000000FF000000FF000000FF000000FF000000FF000000FF000000FF000000FF000000FF000000FF000000FF000000FF000000FF000000FF000000FF000000FF000000FF000000FF000000FF000000FF000000FF000000FF000000FF000000FF000000FF000000FF000000FF000000FF000000FF000000FF000000FF000000FF000000FF000000FF000000FF000000FF000000FF000000FF000000FF000000FF000000FF000000FF000000FF000000FF000000FF000000FF000000FF000000FF000000FF000000FF000000FF000000FF000000FF000000FF000000FF000000FF000000FF000000FF000000FF000000FF000000FF000000FF000000FF000000FF000000FF000000FF000000FF000000FF000000FF000000FF000000FF000000FF000000FF000000FF000000FF000000FF000000FF000000FF000000FF2BFD99FF2BFD99FF000000FF000000FF000000FF000000FF000000FF000000FF000000FF000000FF000000FF000000FF000000FF000000FF2BFD99FF2BFD99FF000000FF000000FF000000FF000000FF000000FF000000FF000000FF000000FF000000FF000000FF000000FF000000FF2BFD99FF2BFD99FF2BFD99FF2BFD99FF2BFD99FF2BFD99FF2BFD99FF2BFD99FF000000FF000000FF000000FF000000FF000000FF000000FF2BFD99FF2BFD99FF000000FF000000FF000000FF000000FF000000FF000000FF2BFD99FF2BFD99FF000000FF000000FF000000FF000000FF2BFD99FF2BFD99FF2BFD99FF2BFD99FF2BFD99FF2BFD99FF2BFD99FF2BFD99FF000000FF000000FF000000FF000000FF000000FF000000FF000000FF000000FF000000FF000000FF000000FF000000FF000000FF000000FF000000FF000000FF000000FF000000FF000000FF000000FF000000FF000000FF2BFD99FF2BFD99FF2BFD99FF2BFD99FF2BFD99FF2BFD99FF000000FF000000FF000000FF000000FF000000FF000000FF2BFD99FF2BFD99FF000000FF000000FF000000FF000000FF000000FF000000FF000000FF000000FF000000FF000000FF000000FF000000FF2BFD99FF2BFD99FF2BFD99FF2BFD99FF2BFD99FF2BFD99FF2BFD99FF2BFD99FF000000FF000000FF000000FF000000FF000000FF000000FF2BFD99FF2BFD99FF2BFD99FF2BFD99FF2BFD99FF2BFD99FF2BFD99FF2BFD99FF000000FF000000FF000000FF000000FF000000FF000000FF2BFD99FF2BFD99FF2BFD99FF2BFD99FF2BFD99FF2BFD99FF2BFD99FF2BFD99FF000000FF000000FF000000FF000000FF000000FF000000FF2BFD99FF2BFD99FF000000FF000000FF2BFD99FF2BFD99FF000000FF000000FF2BFD99FF2BFD99FF000000FF000000FF000000FF000000FF000000FF000000FF000000FF000000FF000000FF000000FF000000FF000000FF000000FF000000FF000000FF000000FF000000FF000000FF000000FF000000FF000000FF000000FF000000FF000000FF000000FF000000FF000000FF000000FF000000FF000000FF000000FF000000FF000000FF000000FF000000FF000000FF000000FF000000FF000000FF000000FF000000FF000000FF000000FF000000FF000000FF000000FF000000FF000000FF000000FF000000FF000000FF000000FF000000FF000000FF000000FF000000FF000000FF000000FF000000FF000000FF000000FF000000FF000000FF000000FF000000FF000000FF000000FF000000FF000000FF000000FF000000FF000000FF000000FF000000FF000000FF000000FF000000FF000000FF000000FF000000FF000000FF000000FF000000FF000000FF000000FF000000FF000000FF000000FF000000FF000000FF000000FF000000FF000000FF000000FF000000FF000000FF000000FF000000FF000000FF000000FF000000FF000000FF000000FF000000FF000000FF000000FF000000FF000000FF000000FF000000FF000000FF000000FF000000FF000000FF000000FF000000FF000000FF000000FF000000FF000000FF000000FF000000FF000000FF000000FF000000FF000000FF000000FF000000FF000000FF000000FF000000FF000000FF000000FF000000FF000000FF000000FF000000FF000000FF000000FF000000FF000000FF000000FF000000FF000000FF000000FF000000FF000000FF000000FF000000FF000000FF000000FF000000FF000000FF000000FF000000FF000000FF000000FF000000FF000000FF000000FF000000FF000000FF000000FF000000FF000000FF000000FF000000FF000000FF000000FF000000FF000000FF000000FF000000FF000000FF000000FF000000FF000000FF000000FF000000FF000000FF000000FF000000FF000000FF000000FF000000FF000000FF000000FF000000FF000000FF000000FF000000FF000000FF000000FF000000FF000000FF000000FF000000FF000000FF000000FF000000FF000000FF000000FF000000FF000000FF000000FF000000FF000000FF000000FF000000FF000000FF000000FF000000FF000000FF000000FF000000FF000000FF000000FF000000FF000000FF000000FF000000FF000000FF000000FF000000FF000000FF000000FF000000FF000000FF000000FF000000FF000000FF000000FF000000FF000000FF000000FF000000FF000000FF000000FF000000FF000000FF000000FF000000FF000000FF000000FF000000FF000000FF000000FF000000FF000000FF000000FF000000FF000000FF000000FF000000FF000000FF000000FF2BFD99FF2BFD99FF000000FF000000FF000000FF000000FF000000FF000000FF2BFD99FF2BFD99FF000000FF000000FF000000FF000000FF000000FF000000FF000000FF000000FF000000FF000000FF000000FF000000FF000000FF000000FF000000FF000000FF000000FF000000FF000000FF000000FF000000FF000000FF000000FF000000FF000000FF000000FF000000FF000000FF000000FF000000FF000000FF000000FF000000FF000000FF000000FF000000FF000000FF000000FF000000FF000000FF000000FF000000FF000000FF000000FF000000FF000000FF000000FF000000FF000000FF000000FF000000FF000000FF000000FF000000FF000000FF000000FF000000FF000000FF000000FF000000FF000000FF000000FF000000FF000000FF000000FF000000FF000000FF000000FF000000FF000000FF000000FF000000FF000000FF000000FF000000FF000000FF000000FF000000FF000000FF000000FF000000FF000000FF000000FF000000FF000000FF000000FF000000FF000000FF000000FF000000FF000000FF000000FF000000FF000000FF000000FF000000FF000000FF000000FF000000FF000000FF000000FF000000FF000000FF000000FF000000FF000000FF2BFD99FF2BFD99FF000000FF000000FF000000FF000000FF000000FF000000FF000000FF000000FF000000FF000000FF000000FF000000FF000000FF000000FF000000FF000000FF000000FF000000FF000000FF000000FF000000FF000000FF2BFD99FF2BFD99FF000000FF000000FF000000FF000000FF000000FF000000FF000000FF000000FF000000FF000000FF000000FF000000FF2BFD99FF2BFD99FF000000FF000000FF000000FF000000FF000000FF000000FF000000FF000000FF000000FF000000FF000000FF000000FF2BFD99FF2BFD99FF000000FF000000FF000000FF000000FF000000FF000000FF000000FF000000FF000000FF000000FF000000FF000000FF2BFD99FF2BFD99FF2BFD99FF2BFD99FF2BFD99FF2BFD99FF2BFD99FF2BFD99FF2BFD99FF2BFD99FF000000FF000000FF000000FF000000FF2BFD99FF2BFD99FF000000FF000000FF2BFD99FF2BFD99FF000000FF000000FF000000FF000000FF000000FF000000FF000000FF000000FF000000FF000000FF000000FF000000FF000000FF000000FF000000FF000000FF000000FF000000FF000000FF000000FF000000FF000000FF000000FF000000FF000000FF000000FF000000FF000000FF000000FF000000FF2BFD99FF2BFD99FF000000FF000000FF000000FF000000FF2BFD99FF2BFD99FF000000FF000000FF000000FF000000FF000000FF000000FF000000FF000000FF000000FF000000FF000000FF000000FF2BFD99FF2BFD99FF000000FF000000FF2BFD99FF2BFD99FF000000FF000000FF000000FF000000FF000000FF000000FF000000FF000000FF2BFD99FF2BFD99FF000000FF000000FF000000FF000000FF000000FF000000FF000000FF000000FF000000FF000000FF000000FF000000FF2BFD99FF2BFD99FF000000FF000000FF000000FF000000FF000000FF000000FF000000FF000000FF000000FF000000FF000000FF000000FF2BFD99FF2BFD99FF000000FF000000FF000000FF000000FF2BFD99FF2BFD99FF2BFD99FF2BFD99FF000000FF000000FF000000FF000000FF000000FF000000FF000000FF000000FF000000FF000000FF000000FF000000FF000000FF000000FF000000FF000000FF000000FF000000FF000000FF000000FF000000FF000000FF000000FF000000FF000000FF000000FF000000FF000000FF000000FF000000FF000000FF000000FF000000FF000000FF000000FF000000FF000000FF000000FF000000FF000000FF000000FF000000FF000000FF000000FF000000FF000000FF000000FF000000FF000000FF000000FF000000FF000000FF000000FF000000FF000000FF000000FF000000FF000000FF000000FF000000FF000000FF000000FF000000FF000000FF000000FF000000FF000000FF000000FF000000FF000000FF000000FF000000FF000000FF000000FF000000FF000000FF000000FF000000FF000000FF000000FF000000FF000000FF000000FF000000FF000000FF000000FF000000FF000000FF000000FF000000FF000000FF000000FF000000FF000000FF000000FF000000FF000000FF000000FF000000FF000000FF000000FF000000FF000000FF000000FF000000FF000000FF000000FF000000FF000000FF000000FF000000FF000000FF000000FF000000FF000000FF000000FF000000FF000000FF000000FF000000FF000000FF000000FF000000FF000000FF000000FF000000FF000000FF000000FF000000FF000000FF000000FF000000FF000000FF000000FF000000FF000000FF000000FF000000FF000000FF000000FF000000FF000000FF000000FF000000FF000000FF000000FF000000FF000000FF000000FF000000FF000000FF000000FF000000FF000000FF000000FF000000FF000000FF000000FF000000FF000000FF000000FF000000FF000000FF000000FF000000FF000000FF000000FF000000FF000000FF000000FF000000FF000000FF000000FF000000FF000000FF000000FF000000FF000000FF000000FF000000FF000000FF000000FF000000FF000000FF000000FF000000FF000000FF000000FF000000FF000000FF000000FF000000FF000000FF000000FF000000FF000000FF000000FF000000FF000000FF000000FF000000FF000000FF000000FF000000FF000000FF000000FF000000FF000000FF000000FF000000FF000000FF000000FF000000FF000000FF000000FF000000FF000000FF000000FF000000FF000000FF000000FF000000FF000000FF000000FF000000FF000000FF000000FF000000FF000000FF000000FF000000FF000000FF000000FF000000FF000000FF000000FF000000FF000000FF000000FF000000FF000000FF000000FF000000FF000000FF000000FF000000FF000000FF000000FF000000FF000000FF000000FF000000FF000000FF000000FF000000FF000000FF2BFD99FF2BFD99FF000000FF000000FF000000FF000000FF000000FF000000FF2BFD99FF2BFD99FF000000FF000000FF000000FF000000FF000000FF000000FF000000FF000000FF000000FF000000FF000000FF000000FF000000FF000000FF000000FF000000FF000000FF000000FF000000FF000000FF000000FF000000FF000000FF000000FF000000FF000000FF000000FF000000FF000000FF000000FF000000FF000000FF000000FF000000FF000000FF000000FF000000FF000000FF000000FF000000FF000000FF000000FF000000FF000000FF000000FF000000FF000000FF000000FF000000FF000000FF000000FF000000FF000000FF000000FF000000FF000000FF000000FF000000FF000000FF000000FF000000FF000000FF000000FF000000FF000000FF000000FF000000FF000000FF000000FF000000FF000000FF000000FF000000FF000000FF000000FF000000FF000000FF000000FF000000FF000000FF000000FF000000FF000000FF000000FF000000FF000000FF000000FF000000FF000000FF000000FF000000FF000000FF000000FF000000FF000000FF000000FF000000FF000000FF000000FF000000FF000000FF000000FF000000FF000000FF000000FF000000FF2BFD99FF2BFD99FF000000FF000000FF000000FF000000FF000000FF000000FF000000FF000000FF000000FF000000FF000000FF000000FF000000FF000000FF000000FF000000FF000000FF000000FF000000FF000000FF000000FF000000FF2BFD99FF2BFD99FF000000FF000000FF000000FF000000FF000000FF000000FF000000FF000000FF000000FF000000FF000000FF000000FF2BFD99FF2BFD99FF000000FF000000FF000000FF000000FF000000FF000000FF000000FF000000FF000000FF000000FF000000FF000000FF2BFD99FF2BFD99FF000000FF000000FF000000FF000000FF000000FF000000FF000000FF000000FF000000FF000000FF000000FF000000FF2BFD99FF2BFD99FF2BFD99FF2BFD99FF2BFD99FF2BFD99FF2BFD99FF2BFD99FF2BFD99FF2BFD99FF000000FF000000FF000000FF000000FF2BFD99FF2BFD99FF000000FF000000FF2BFD99FF2BFD99FF000000FF000000FF000000FF000000FF000000FF000000FF000000FF000000FF000000FF000000FF000000FF000000FF000000FF000000FF000000FF000000FF000000FF000000FF000000FF000000FF000000FF000000FF000000FF000000FF000000FF000000FF000000FF000000FF000000FF000000FF2BFD99FF2BFD99FF000000FF000000FF000000FF000000FF2BFD99FF2BFD99FF000000FF000000FF000000FF000000FF000000FF000000FF000000FF000000FF000000FF000000FF000000FF000000FF2BFD99FF2BFD99FF000000FF000000FF2BFD99FF2BFD99FF000000FF000000FF000000FF000000FF000000FF000000FF000000FF000000FF2BFD99FF2BFD99FF000000FF000000FF000000FF000000FF000000FF000000FF000000FF000000FF000000FF000000FF000000FF000000FF2BFD99FF2BFD99FF000000FF000000FF000000FF000000FF000000FF000000FF000000FF000000FF000000FF000000FF000000FF000000FF2BFD99FF2BFD99FF000000FF000000FF000000FF000000FF2BFD99FF2BFD99FF2BFD99FF2BFD99FF000000FF000000FF000000FF000000FF000000FF000000FF000000FF000000FF000000FF000000FF000000FF000000FF000000FF000000FF000000FF000000FF000000FF000000FF000000FF000000FF000000FF000000FF000000FF000000FF000000FF000000FF000000FF000000FF000000FF000000FF000000FF000000FF000000FF000000FF000000FF000000FF000000FF000000FF000000FF000000FF000000FF000000FF000000FF000000FF000000FF000000FF000000FF000000FF000000FF000000FF000000FF000000FF000000FF000000FF000000FF000000FF000000FF000000FF000000FF000000FF000000FF000000FF000000FF000000FF000000FF000000FF000000FF000000FF000000FF000000FF000000FF000000FF000000FF000000FF000000FF000000FF000000FF000000FF000000FF000000FF000000FF000000FF000000FF000000FF000000FF000000FF000000FF000000FF000000FF000000FF000000FF000000FF000000FF000000FF000000FF000000FF000000FF000000FF000000FF000000FF000000FF000000FF000000FF000000FF000000FF000000FF000000FF000000FF000000FF000000FF000000FF000000FF000000FF000000FF000000FF000000FF000000FF000000FF000000FF000000FF000000FF000000FF000000FF000000FF000000FF000000FF000000FF000000FF000000FF000000FF000000FF000000FF000000FF000000FF000000FF000000FF000000FF000000FF000000FF000000FF000000FF000000FF000000FF000000FF000000FF000000FF000000FF000000FF000000FF000000FF000000FF000000FF000000FF000000FF000000FF000000FF000000FF000000FF000000FF000000FF000000FF000000FF000000FF000000FF000000FF000000FF000000FF000000FF000000FF000000FF000000FF000000FF000000FF000000FF000000FF000000FF000000FF000000FF000000FF000000FF000000FF000000FF000000FF000000FF000000FF000000FF000000FF000000FF000000FF000000FF000000FF000000FF000000FF000000FF000000FF000000FF000000FF000000FF000000FF000000FF000000FF000000FF000000FF000000FF000000FF000000FF000000FF000000FF000000FF000000FF000000FF000000FF000000FF000000FF000000FF000000FF000000FF000000FF000000FF000000FF000000FF000000FF000000FF000000FF000000FF000000FF000000FF000000FF000000FF000000FF000000FF000000FF000000FF000000FF000000FF000000FF000000FF000000FF000000FF000000FF000000FF000000FF000000FF000000FF000000FF000000FF000000FF000000FF000000FF000000FF000000FF000000FF000000FF000000FF000000FF000000FF2BFD99FF2BFD99FF000000FF000000FF000000FF000000FF000000FF000000FF2BFD99FF2BFD99FF000000FF000000FF000000FF000000FF000000FF000000FF000000FF000000FF000000FF000000FF000000FF000000FF000000FF000000FF000000FF000000FF000000FF000000FF000000FF000000FF000000FF000000FF000000FF000000FF000000FF000000FF000000FF000000FF000000FF000000FF000000FF000000FF000000FF000000FF000000FF000000FF000000FF000000FF000000FF000000FF000000FF000000FF000000FF000000FF000000FF000000FF000000FF000000FF000000FF000000FF000000FF000000FF000000FF000000FF000000FF000000FF000000FF000000FF000000FF000000FF000000FF000000FF000000FF000000FF000000FF000000FF000000FF000000FF000000FF000000FF000000FF000000FF000000FF000000FF000000FF000000FF000000FF000000FF000000FF000000FF000000FF000000FF000000FF000000FF000000FF000000FF000000FF000000FF000000FF000000FF000000FF000000FF000000FF000000FF000000FF000000FF000000FF000000FF000000FF000000FF000000FF000000FF000000FF000000FF000000FF000000FF000000FF000000FF000000FF000000FF000000FF000000FF000000FF000000FF000000FF000000FF000000FF000000FF000000FF000000FF000000FF000000FF000000FF000000FF000000FF000000FF000000FF000000FF000000FF000000FF2BFD99FF2BFD99FF000000FF000000FF000000FF000000FF000000FF000000FF2BFD99FF2BFD99FF000000FF000000FF000000FF000000FF2BFD99FF2BFD99FF000000FF000000FF000000FF000000FF000000FF000000FF000000FF000000FF000000FF000000FF000000FF000000FF2BFD99FF2BFD99FF000000FF000000FF000000FF000000FF000000FF000000FF000000FF000000FF000000FF000000FF000000FF000000FF2BFD99FF2BFD99FF000000FF000000FF000000FF000000FF000000FF000000FF2BFD99FF2BFD99FF000000FF000000FF000000FF000000FF2BFD99FF2BFD99FF000000FF000000FF000000FF000000FF2BFD99FF2BFD99FF000000FF000000FF000000FF000000FF000000FF000000FF000000FF000000FF000000FF000000FF000000FF000000FF000000FF000000FF000000FF000000FF000000FF000000FF000000FF000000FF2BFD99FF2BFD99FF000000FF000000FF000000FF000000FF000000FF000000FF2BFD99FF2BFD99FF000000FF000000FF000000FF000000FF2BFD99FF2BFD99FF000000FF000000FF000000FF000000FF000000FF000000FF2BFD99FF2BFD99FF000000FF000000FF000000FF000000FF2BFD99FF2BFD99FF000000FF000000FF000000FF000000FF2BFD99FF2BFD99FF000000FF000000FF000000FF000000FF000000FF000000FF2BFD99FF2BFD99FF000000FF000000FF000000FF000000FF000000FF000000FF000000FF000000FF000000FF000000FF000000FF000000FF2BFD99FF2BFD99FF000000FF000000FF000000FF000000FF000000FF000000FF000000FF000000FF000000FF000000FF000000FF000000FF2BFD99FF2BFD99FF000000FF000000FF000000FF000000FF000000FF000000FF2BFD99FF2BFD99FF000000FF000000FF000000FF000000FF000000FF000000FF000000FF000000FF000000FF000000FF000000FF000000FF000000FF000000FF000000FF000000FF000000FF000000FF000000FF000000FF000000FF000000FF000000FF000000FF000000FF000000FF000000FF000000FF000000FF000000FF000000FF000000FF000000FF000000FF000000FF000000FF000000FF000000FF000000FF000000FF000000FF000000FF000000FF000000FF000000FF000000FF000000FF000000FF000000FF000000FF000000FF000000FF000000FF000000FF000000FF000000FF000000FF000000FF000000FF000000FF000000FF000000FF000000FF000000FF000000FF000000FF000000FF000000FF000000FF000000FF000000FF000000FF000000FF000000FF000000FF000000FF000000FF000000FF000000FF000000FF000000FF000000FF000000FF000000FF000000FF000000FF000000FF000000FF000000FF000000FF000000FF000000FF000000FF000000FF000000FF000000FF000000FF000000FF000000FF000000FF000000FF000000FF000000FF000000FF000000FF000000FF000000FF000000FF000000FF000000FF000000FF000000FF000000FF000000FF000000FF000000FF000000FF000000FF000000FF000000FF000000FF000000FF000000FF000000FF000000FF000000FF000000FF000000FF000000FF000000FF000000FF000000FF000000FF000000FF000000FF000000FF000000FF000000FF000000FF000000FF000000FF000000FF000000FF000000FF000000FF000000FF000000FF000000FF000000FF000000FF000000FF000000FF000000FF000000FF000000FF000000FF000000FF000000FF000000FF000000FF000000FF000000FF000000FF000000FF000000FF000000FF000000FF000000FF000000FF000000FF000000FF000000FF000000FF000000FF000000FF000000FF000000FF000000FF000000FF000000FF000000FF000000FF000000FF000000FF000000FF000000FF000000FF000000FF000000FF000000FF000000FF000000FF000000FF000000FF000000FF000000FF000000FF000000FF000000FF000000FF000000FF000000FF000000FF000000FF000000FF000000FF000000FF000000FF000000FF000000FF000000FF000000FF000000FF000000FF000000FF000000FF000000FF000000FF000000FF000000FF000000FF000000FF000000FF000000FF000000FF000000FF000000FF000000FF000000FF000000FF000000FF000000FF000000FF000000FF000000FF000000FF000000FF000000FF000000FF000000FF000000FF000000FF000000FF000000FF000000FF000000FF000000FF000000FF000000FF000000FF000000FF000000FF000000FF000000FF000000FF000000FF2BFD99FF2BFD99FF000000FF000000FF000000FF000000FF000000FF000000FF2BFD99FF2BFD99FF000000FF000000FF000000FF000000FF000000FF000000FF000000FF000000FF000000FF000000FF000000FF000000FF000000FF000000FF000000FF000000FF000000FF000000FF000000FF000000FF000000FF000000FF000000FF000000FF000000FF000000FF000000FF000000FF000000FF000000FF000000FF000000FF000000FF000000FF000000FF000000FF000000FF000000FF000000FF000000FF000000FF000000FF000000FF000000FF000000FF000000FF000000FF000000FF000000FF000000FF000000FF000000FF000000FF000000FF000000FF000000FF000000FF000000FF000000FF000000FF000000FF000000FF000000FF000000FF000000FF000000FF000000FF000000FF000000FF000000FF000000FF000000FF000000FF000000FF000000FF000000FF000000FF000000FF000000FF000000FF000000FF000000FF000000FF000000FF000000FF000000FF000000FF000000FF000000FF000000FF000000FF000000FF000000FF000000FF000000FF000000FF000000FF000000FF000000FF000000FF000000FF000000FF000000FF000000FF000000FF000000FF000000FF000000FF000000FF000000FF000000FF000000FF000000FF000000FF000000FF000000FF000000FF000000FF000000FF000000FF000000FF000000FF000000FF000000FF000000FF000000FF000000FF000000FF000000FF000000FF2BFD99FF2BFD99FF000000FF000000FF000000FF000000FF000000FF000000FF2BFD99FF2BFD99FF000000FF000000FF000000FF000000FF2BFD99FF2BFD99FF000000FF000000FF000000FF000000FF000000FF000000FF000000FF000000FF000000FF000000FF000000FF000000FF2BFD99FF2BFD99FF000000FF000000FF000000FF000000FF000000FF000000FF000000FF000000FF000000FF000000FF000000FF000000FF2BFD99FF2BFD99FF000000FF000000FF000000FF000000FF000000FF000000FF2BFD99FF2BFD99FF000000FF000000FF000000FF000000FF2BFD99FF2BFD99FF000000FF000000FF000000FF000000FF2BFD99FF2BFD99FF000000FF000000FF000000FF000000FF000000FF000000FF000000FF000000FF000000FF000000FF000000FF000000FF000000FF000000FF000000FF000000FF000000FF000000FF000000FF000000FF2BFD99FF2BFD99FF000000FF000000FF000000FF000000FF000000FF000000FF2BFD99FF2BFD99FF000000FF000000FF000000FF000000FF2BFD99FF2BFD99FF000000FF000000FF000000FF000000FF000000FF000000FF2BFD99FF2BFD99FF000000FF000000FF000000FF000000FF2BFD99FF2BFD99FF000000FF000000FF000000FF000000FF2BFD99FF2BFD99FF000000FF000000FF000000FF000000FF000000FF000000FF2BFD99FF2BFD99FF000000FF000000FF000000FF000000FF000000FF000000FF000000FF000000FF000000FF000000FF000000FF000000FF2BFD99FF2BFD99FF000000FF000000FF000000FF000000FF000000FF000000FF000000FF000000FF000000FF000000FF000000FF000000FF2BFD99FF2BFD99FF000000FF000000FF000000FF000000FF000000FF000000FF2BFD99FF2BFD99FF000000FF000000FF000000FF000000FF000000FF000000FF000000FF000000FF000000FF000000FF000000FF000000FF000000FF000000FF000000FF000000FF000000FF000000FF000000FF000000FF000000FF000000FF000000FF000000FF000000FF000000FF000000FF000000FF000000FF000000FF000000FF000000FF000000FF000000FF000000FF000000FF000000FF000000FF000000FF000000FF000000FF000000FF000000FF000000FF000000FF000000FF000000FF000000FF000000FF000000FF000000FF000000FF000000FF000000FF000000FF000000FF000000FF000000FF000000FF000000FF000000FF000000FF000000FF000000FF000000FF000000FF000000FF000000FF000000FF000000FF000000FF000000FF000000FF000000FF000000FF000000FF000000FF000000FF000000FF000000FF000000FF000000FF000000FF000000FF000000FF000000FF000000FF000000FF000000FF000000FF000000FF000000FF000000FF000000FF000000FF000000FF000000FF000000FF000000FF000000FF000000FF000000FF000000FF000000FF000000FF000000FF000000FF000000FF000000FF000000FF000000FF000000FF000000FF000000FF000000FF000000FF000000FF000000FF000000FF000000FF000000FF000000FF000000FF000000FF000000FF000000FF000000FF000000FF000000FF000000FF000000FF000000FF000000FF000000FF000000FF000000FF000000FF000000FF000000FF000000FF000000FF000000FF000000FF000000FF000000FF000000FF000000FF000000FF000000FF000000FF000000FF000000FF000000FF000000FF000000FF000000FF000000FF000000FF000000FF000000FF000000FF000000FF000000FF000000FF000000FF000000FF000000FF000000FF000000FF000000FF000000FF000000FF000000FF000000FF000000FF000000FF000000FF000000FF000000FF000000FF000000FF000000FF000000FF000000FF000000FF000000FF000000FF000000FF000000FF000000FF000000FF000000FF000000FF000000FF000000FF000000FF000000FF000000FF000000FF000000FF000000FF000000FF000000FF000000FF000000FF000000FF000000FF000000FF000000FF000000FF000000FF000000FF000000FF000000FF000000FF000000FF000000FF000000FF000000FF000000FF000000FF000000FF000000FF000000FF000000FF000000FF000000FF000000FF000000FF000000FF000000FF000000FF000000FF000000FF000000FF000000FF000000FF000000FF000000FF000000FF000000FF000000FF000000FF000000FF000000FF000000FF000000FF000000FF000000FF000000FF000000FF000000FF000000FF000000FF000000FF000000FF2BFD99FF2BFD99FF000000FF000000FF000000FF000000FF000000FF000000FF2BFD99FF2BFD99FF000000FF000000FF000000FF000000FF000000FF000000FF000000FF000000FF000000FF000000FF000000FF000000FF000000FF000000FF000000FF000000FF000000FF000000FF000000FF000000FF000000FF000000FF000000FF000000FF000000FF000000FF000000FF000000FF000000FF000000FF000000FF000000FF000000FF000000FF000000FF000000FF000000FF000000FF000000FF000000FF000000FF000000FF000000FF000000FF000000FF000000FF000000FF000000FF000000FF000000FF000000FF000000FF000000FF000000FF000000FF000000FF000000FF000000FF000000FF000000FF000000FF000000FF000000FF000000FF000000FF000000FF000000FF000000FF000000FF000000FF000000FF000000FF000000FF000000FF000000FF000000FF000000FF000000FF000000FF000000FF000000FF000000FF000000FF000000FF000000FF000000FF000000FF000000FF000000FF000000FF000000FF000000FF000000FF000000FF000000FF000000FF000000FF000000FF000000FF000000FF000000FF000000FF000000FF000000FF000000FF000000FF000000FF000000FF000000FF000000FF000000FF000000FF000000FF000000FF000000FF000000FF000000FF000000FF000000FF000000FF000000FF000000FF000000FF000000FF000000FF000000FF000000FF000000FF000000FF000000FF000000FF000000FF2BFD99FF2BFD99FF2BFD99FF2BFD99FF2BFD99FF2BFD99FF000000FF000000FF000000FF000000FF000000FF000000FF2BFD99FF2BFD99FF2BFD99FF2BFD99FF2BFD99FF2BFD99FF2BFD99FF2BFD99FF2BFD99FF2BFD99FF000000FF000000FF000000FF000000FF2BFD99FF2BFD99FF2BFD99FF2BFD99FF2BFD99FF2BFD99FF2BFD99FF2BFD99FF2BFD99FF2BFD99FF000000FF000000FF000000FF000000FF2BFD99FF2BFD99FF000000FF000000FF000000FF000000FF000000FF000000FF2BFD99FF2BFD99FF000000FF000000FF000000FF000000FF2BFD99FF2BFD99FF000000FF000000FF000000FF000000FF000000FF000000FF2BFD99FF2BFD99FF000000FF000000FF000000FF000000FF000000FF000000FF000000FF000000FF000000FF000000FF000000FF000000FF000000FF000000FF000000FF000000FF000000FF000000FF000000FF000000FF2BFD99FF2BFD99FF2BFD99FF2BFD99FF2BFD99FF2BFD99FF000000FF000000FF000000FF000000FF000000FF000000FF000000FF000000FF2BFD99FF2BFD99FF2BFD99FF2BFD99FF2BFD99FF2BFD99FF000000FF000000FF000000FF000000FF000000FF000000FF2BFD99FF2BFD99FF000000FF000000FF000000FF000000FF000000FF000000FF2BFD99FF2BFD99FF000000FF000000FF000000FF000000FF2BFD99FF2BFD99FF2BFD99FF2BFD99FF2BFD99FF2BFD99FF2BFD99FF2BFD99FF2BFD99FF2BFD99FF000000FF000000FF000000FF000000FF2BFD99FF2BFD99FF2BFD99FF2BFD99FF2BFD99FF2BFD99FF2BFD99FF2BFD99FF2BFD99FF2BFD99FF000000FF000000FF000000FF000000FF2BFD99FF2BFD99FF000000FF000000FF000000FF000000FF000000FF000000FF2BFD99FF2BFD99FF000000FF000000FF000000FF000000FF000000FF000000FF000000FF000000FF000000FF000000FF000000FF000000FF000000FF000000FF000000FF000000FF000000FF000000FF000000FF000000FF000000FF000000FF000000FF000000FF000000FF000000FF000000FF000000FF000000FF000000FF000000FF000000FF000000FF000000FF000000FF000000FF000000FF000000FF000000FF000000FF000000FF000000FF000000FF000000FF000000FF000000FF000000FF000000FF000000FF000000FF000000FF000000FF000000FF000000FF000000FF000000FF000000FF000000FF000000FF000000FF000000FF000000FF000000FF000000FF000000FF000000FF000000FF000000FF000000FF000000FF000000FF000000FF000000FF000000FF000000FF000000FF000000FF000000FF000000FF000000FF000000FF000000FF000000FF000000FF000000FF000000FF000000FF000000FF000000FF000000FF000000FF000000FF000000FF000000FF000000FF000000FF000000FF000000FF000000FF000000FF000000FF000000FF000000FF000000FF000000FF000000FF000000FF000000FF000000FF000000FF000000FF000000FF000000FF000000FF000000FF000000FF000000FF000000FF000000FF000000FF000000FF000000FF000000FF000000FF000000FF000000FF000000FF000000FF000000FF000000FF000000FF000000FF000000FF000000FF000000FF000000FF000000FF000000FF000000FF000000FF000000FF000000FF000000FF000000FF000000FF000000FF000000FF000000FF000000FF000000FF000000FF000000FF000000FF000000FF000000FF000000FF000000FF000000FF000000FF000000FF000000FF000000FF000000FF000000FF000000FF000000FF000000FF000000FF000000FF000000FF000000FF000000FF000000FF000000FF000000FF000000FF000000FF000000FF000000FF000000FF000000FF000000FF000000FF000000FF000000FF000000FF000000FF000000FF000000FF000000FF000000FF000000FF000000FF000000FF000000FF000000FF000000FF000000FF000000FF000000FF000000FF000000FF000000FF000000FF000000FF000000FF000000FF000000FF000000FF000000FF000000FF000000FF000000FF000000FF000000FF000000FF000000FF000000FF000000FF000000FF000000FF000000FF000000FF000000FF000000FF000000FF000000FF000000FF000000FF000000FF000000FF000000FF000000FF000000FF000000FF000000FF000000FF000000FF000000FF000000FF000000FF000000FF000000FF000000FF000000FF000000FF000000FF000000FF000000FF000000FF000000FF000000FF000000FF000000FF000000FF000000FF2BFD99FF2BFD99FF000000FF000000FF000000FF000000FF000000FF000000FF2BFD99FF2BFD99FF000000FF000000FF000000FF000000FF000000FF000000FF000000FF000000FF000000FF000000FF000000FF000000FF000000FF000000FF000000FF000000FF000000FF000000FF000000FF000000FF000000FF000000FF000000FF000000FF000000FF000000FF000000FF000000FF000000FF000000FF000000FF000000FF000000FF000000FF000000FF000000FF000000FF000000FF000000FF000000FF000000FF000000FF000000FF000000FF000000FF000000FF000000FF000000FF000000FF000000FF000000FF000000FF000000FF000000FF000000FF000000FF000000FF000000FF000000FF000000FF000000FF000000FF000000FF000000FF000000FF000000FF000000FF000000FF000000FF000000FF000000FF000000FF000000FF000000FF000000FF000000FF000000FF000000FF000000FF000000FF000000FF000000FF000000FF000000FF000000FF000000FF000000FF000000FF000000FF000000FF000000FF000000FF000000FF000000FF000000FF000000FF000000FF000000FF000000FF000000FF000000FF000000FF000000FF000000FF000000FF000000FF000000FF000000FF000000FF000000FF000000FF000000FF000000FF000000FF000000FF000000FF000000FF000000FF000000FF000000FF000000FF000000FF000000FF000000FF000000FF000000FF000000FF000000FF000000FF000000FF000000FF000000FF2BFD99FF2BFD99FF2BFD99FF2BFD99FF2BFD99FF2BFD99FF000000FF000000FF000000FF000000FF000000FF000000FF2BFD99FF2BFD99FF2BFD99FF2BFD99FF2BFD99FF2BFD99FF2BFD99FF2BFD99FF2BFD99FF2BFD99FF000000FF000000FF000000FF000000FF2BFD99FF2BFD99FF2BFD99FF2BFD99FF2BFD99FF2BFD99FF2BFD99FF2BFD99FF2BFD99FF2BFD99FF000000FF000000FF000000FF000000FF2BFD99FF2BFD99FF000000FF000000FF000000FF000000FF000000FF000000FF2BFD99FF2BFD99FF000000FF000000FF000000FF000000FF2BFD99FF2BFD99FF000000FF000000FF000000FF000000FF000000FF000000FF2BFD99FF2BFD99FF000000FF000000FF000000FF000000FF000000FF000000FF000000FF000000FF000000FF000000FF000000FF000000FF000000FF000000FF000000FF000000FF000000FF000000FF000000FF000000FF2BFD99FF2BFD99FF2BFD99FF2BFD99FF2BFD99FF2BFD99FF000000FF000000FF000000FF000000FF000000FF000000FF000000FF000000FF2BFD99FF2BFD99FF2BFD99FF2BFD99FF2BFD99FF2BFD99FF000000FF000000FF000000FF000000FF000000FF000000FF2BFD99FF2BFD99FF000000FF000000FF000000FF000000FF000000FF000000FF2BFD99FF2BFD99FF000000FF000000FF000000FF000000FF2BFD99FF2BFD99FF2BFD99FF2BFD99FF2BFD99FF2BFD99FF2BFD99FF2BFD99FF2BFD99FF2BFD99FF000000FF000000FF000000FF000000FF2BFD99FF2BFD99FF2BFD99FF2BFD99FF2BFD99FF2BFD99FF2BFD99FF2BFD99FF2BFD99FF2BFD99FF000000FF000000FF000000FF000000FF2BFD99FF2BFD99FF000000FF000000FF000000FF000000FF000000FF000000FF2BFD99FF2BFD99FF000000FF000000FF000000FF000000FF000000FF000000FF000000FF000000FF000000FF000000FF000000FF000000FF000000FF000000FF000000FF000000FF000000FF000000FF000000FF000000FF000000FF000000FF000000FF000000FF000000FF000000FF000000FF000000FF000000FF000000FF000000FF000000FF000000FF000000FF000000FF000000FF000000FF000000FF000000FF000000FF000000FF000000FF000000FF000000FF000000FF000000FF000000FF000000FF000000FF000000FF000000FF000000FF000000FF000000FF000000FF000000FF000000FF000000FF000000FF000000FF000000FF000000FF000000FF000000FF000000FF000000FF000000FF000000FF000000FF000000FF000000FF000000FF000000FF000000FF000000FF000000FF000000FF000000FF000000FF000000FF000000FF000000FF000000FF000000FF000000FF000000FF000000FF000000FF000000FF000000FF000000FF000000FF000000FF000000FF000000FF000000FF000000FF000000FF000000FF000000FF000000FF000000FF000000FF000000FF000000FF000000FF000000FF000000FF000000FF000000FF000000FF000000FF000000FF000000FF000000FF000000FF000000FF000000FF000000FF000000FF000000FF000000FF000000FF000000FF000000FF000000FF000000FF000000FF000000FF000000FF000000FF000000FF000000FF000000FF000000FF000000FF000000FF000000FF000000FF000000FF000000FF000000FF000000FF000000FF000000FF000000FF000000FF000000FF000000FF000000FF000000FF000000FF000000FF000000FF000000FF000000FF000000FF000000FF000000FF000000FF000000FF000000FF000000FF000000FF000000FF000000FF000000FF000000FF000000FF000000FF000000FF000000FF000000FF000000FF000000FF000000FF000000FF000000FF000000FF000000FF000000FF000000FF000000FF000000FF000000FF000000FF000000FF000000FF000000FF000000FF000000FF000000FF000000FF000000FF000000FF000000FF000000FF000000FF000000FF000000FF000000FF000000FF000000FF000000FF000000FF000000FF000000FF000000FF000000FF000000FF000000FF000000FF000000FF000000FF000000FF000000FF000000FF000000FF000000FF000000FF000000FF000000FF000000FF000000FF000000FF000000FF000000FF000000FF000000FF000000FF000000FF000000FF000000FF000000FF000000FF000000FF000000FF000000FF000000FF000000FF000000FF000000FF000000FF000000FF000000FF000000FF000000FF000000FF000000FF000000FF000000FF000000FF000000FF000000FF000000FF000000FF000000FF000000FF000000FF000000FF000000FF000000FF000000FF000000FF000000FF000000FF000000FF000000FF000000FF000000FF000000FF000000FF000000FF000000FF000000FF000000FF000000FF000000FF000000FF000000FF000000FF000000FF000000FF000000FF000000FF000000FF000000FF000000FF000000FF000000FF000000FF000000FF000000FF000000FF000000FF000000FF000000FF000000FF000000FF000000FF000000FF000000FF000000FF000000FF000000FF000000FF000000FF000000FF000000FF000000FF000000FF000000FF000000FF000000FF000000FF000000FF000000FF000000FF000000FF000000FF000000FF000000FF000000FF000000FF000000FF000000FF000000FF000000FF000000FF000000FF000000FF000000FF000000FF000000FF000000FF000000FF000000FF000000FF000000FF000000FF000000FF000000FF000000FF000000FF000000FF000000FF000000FF000000FF000000FF000000FF000000FF000000FF000000FF000000FF000000FF000000FF000000FF000000FF000000FF000000FF000000FF000000FF000000FF000000FF000000FF000000FF000000FF000000FF000000FF000000FF000000FF000000FF000000FF000000FF000000FF000000FF000000FF000000FF000000FF000000FF000000FF000000FF000000FF000000FF000000FF000000FF000000FF000000FF000000FF000000FF000000FF000000FF000000FF000000FF000000FF000000FF000000FF000000FF000000FF000000FF000000FF000000FF000000FF000000FF000000FF000000FF000000FF000000FF000000FF000000FF000000FF000000FF000000FF000000FF000000FF000000FF000000FF000000FF000000FF000000FF000000FF000000FF000000FF000000FF000000FF000000FF000000FF000000FF000000FF000000FF000000FF000000FF000000FF000000FF000000FF000000FF000000FF000000FF000000FF000000FF000000FF000000FF000000FF000000FF000000FF000000FF000000FF000000FF000000FF000000FF000000FF000000FF000000FF000000FF000000FF000000FF000000FF000000FF000000FF000000FF000000FF000000FF000000FF000000FF000000FF000000FF000000FF000000FF000000FF000000FF000000FF000000FF000000FF000000FF000000FF000000FF000000FF000000FF000000FF000000FF000000FF000000FF000000FF000000FF000000FF000000FF000000FF000000FF000000FF000000FF000000FF000000FF000000FF000000FF000000FF000000FF000000FF000000FF000000FF000000FF000000FF000000FF000000FF000000FF000000FF000000FF000000FF000000FF000000FF000000FF000000FF000000FF000000FF000000FF000000FF000000FF000000FF000000FF000000FF000000FF000000FF000000FF000000FF000000FF000000FF000000FF000000FF000000FF000000FF000000FF000000FF000000FF000000FF000000FF000000FF000000FF000000FF000000FF000000FF000000FF000000FF000000FF000000FF000000FF000000FF000000FF000000FF000000FF000000FF000000FF000000FF000000FF000000FF000000FF000000FF000000FF000000FF000000FF000000FF000000FF000000FF000000FF000000FF000000FF000000FF000000FF000000FF000000FF000000FF000000FF000000FF000000FF000000FF000000FF000000FF000000FF000000FF000000FF000000FF000000FF000000FF000000FF000000FF000000FF000000FF000000FF000000FF000000FF000000FF000000FF000000FF000000FF000000FF000000FF000000FF000000FF000000FF000000FF000000FF000000FF000000FF000000FF000000FF000000FF000000FF000000FF000000FF000000FF000000FF000000FF000000FF000000FF000000FF000000FF000000FF000000FF000000FF000000FF000000FF000000FF000000FF000000FF000000FF000000FF000000FF000000FF000000FF000000FF000000FF000000FF000000FF000000FF000000FF000000FF000000FF000000FF000000FF000000FF000000FF000000FF000000FF000000FF000000FF000000FF000000FF000000FF000000FF000000FF000000FF000000FF000000FF000000FF000000FF000000FF000000FF000000FF000000FF000000FF000000FF000000FF000000FF000000FF000000FF000000FF000000FF000000FF000000FF000000FF000000FF000000FF000000FF000000FF000000FF000000FF000000FF000000FF000000FF000000FF000000FF000000FF000000FF000000FF000000FF000000FF000000FF000000FF000000FF000000FF000000FF000000FF000000FF000000FF000000FF000000FF000000FF000000FF000000FF000000FF000000FF000000FF000000FF000000FF000000FF000000FF000000FF000000FF000000FF000000FF000000FF000000FF000000FF000000FF000000FF000000FF000000FF000000FF000000FF000000FF000000FF000000FF000000FF000000FF000000FF000000FF000000FF000000FF000000FF000000FF000000FF000000FF000000FF000000FF000000FF000000FF000000FF000000FF000000FF000000FF000000FF000000FF000000FF000000FF000000FF000000FF000000FF000000FF000000FF000000FF000000FF000000FF000000FF000000FF000000FF000000FF000000FF000000FF000000FF000000FF000000FF000000FF000000FF000000FF000000FF000000FF000000FF000000FF000000FF000000FF000000FF000000FF000000FF000000FF000000FF000000FF000000FF000000FF000000FF000000FF000000FF000000FF000000FF000000FF000000FF000000FF000000FF000000FF000000FF000000FF000000FF000000FF000000FF000000FF000000FF000000FF000000FF000000FF000000FF000000FF000000FF000000FF000000FF000000FF000000FF000000FF000000FF000000FF000000FF000000FF000000FF000000FF000000FF000000FF000000FF000000FF000000FF000000FF000000FF000000FF000000FF000000FF000000FF000000FF000000FF000000FF000000FF000000FF000000FF000000FF000000FF000000FF000000FF000000FF000000FF000000FF000000FF000000FF000000FF000000FF000000FF000000FF000000FF000000FF000000FF000000FF000000FF000000FF000000FF000000FF000000FF000000FF000000FF000000FF000000FF000000FF000000FF000000FF000000FF000000FF000000FF000000FF000000FF000000FF000000FF000000FF000000FF000000FF000000FF000000FF000000FF000000FF000000FF000000FF000000FF000000FF000000FF000000FF000000FF000000FF000000FF000000FF000000FF000000FF000000FF000000FF000000FF000000FF000000FF000000FF000000FF000000FF000000FF000000FF000000FF000000FF000000FF000000FF000000FF000000FF000000FF000000FF000000FF000000FF000000FF000000FF000000FF000000FF000000FF000000FF000000FF000000FF000000FF000000FF000000FF000000FF000000FF000000FF000000FF000000FF000000FF000000FF000000FF000000FF000000FF000000FF000000FF000000FF000000FF000000FF000000FF000000FF000000FF000000FF000000FF000000FF000000FF000000FF000000FF000000FF000000FF000000FF000000FF000000FF000000FF000000FF000000FF000000FF000000FF000000FF000000FF000000FF000000FF000000FF000000FF000000FF000000FF000000FF000000FF000000FF000000FF000000FF000000FF000000FF000000FF000000FF000000FF000000FF000000FF000000FF000000FF000000FF000000FF000000FF000000FF000000FF000000FF000000FF000000FF000000FF000000FF000000FF000000FF000000FF000000FF000000FF000000FF000000FF000000FF000000FF000000FF000000FF000000FF000000FF000000FF000000FF000000FF000000FF000000FF000000FF000000FF000000FF000000FF000000FF000000FF000000FF000000FF000000FF000000FF000000FF000000FF000000FF000000FF000000FF000000FF000000FF000000FF000000FF000000FF000000FF000000FF000000FF000000FF000000FF000000FF000000FF000000FF000000FF000000FF000000FF000000FF000000FF000000FF000000FF000000FF000000FF000000FF000000FF000000FF000000FF000000FF000000FF000000FF000000FF000000FF000000FF000000FF000000FF000000FF000000FF000000FF000000FF000000FF000000FF000000FF000000FF000000FF000000FF000000FF000000FF000000FF000000FF000000FF000000FF000000FF000000FF000000FF000000FF000000FF000000FF000000FF000000FF000000FF000000FF000000FF000000FF000000FF000000FF000000FF000000FF000000FF000000FF000000FF000000FF000000FF000000FF000000FF000000FF000000FF000000FF000000FF000000FF000000FF000000FF000000FF000000FF000000FF000000FF000000FF000000FF000000FF000000FF000000FF000000FF000000FF000000FF000000FF000000FF000000FF000000FF000000FF000000FF000000FF000000FF000000FF000000FF000000FF000000FF000000FF000000FF000000FF000000FF000000FF000000FF000000FF000000FF000000FF000000FF000000FF000000FF000000FF000000FF000000FF000000FF000000FF000000FF000000FF000000FF000000FF000000FF000000FF000000FF000000FF000000FF000000FF000000FF000000FF000000FF000000FF000000FF000000FF000000FF000000FF000000FF000000FF000000FF000000FF000000FF000000FF000000FF000000FF000000FF000000FF000000FF000000FF000000FF000000FF000000FF000000FF000000FF000000FF000000FF000000FF000000FF000000FF000000FF000000FF000000FF000000FF000000FF000000FF000000FF000000FF000000FF000000FF000000FF000000FF000000FF000000FF000000FF000000FF000000FF000000FF000000FF000000FF000000FF000000FF000000FF000000FF000000FF000000FF000000FF000000FF000000FF000000FF000000FF000000FF000000FF000000FF000000FF000000FF000000FF000000FF000000FF000000FF000000FF000000FF000000FF000000FF000000FF000000FF000000FF000000FF000000FF000000FF000000FF000000FF000000FF000000FF000000FF000000FF000000FF000000FF000000FF000000FF000000FF000000FF000000FF000000FF000000FF000000FF000000FF000000FF000000FF000000FF000000FF000000FF000000FF000000FF000000FF000000FF000000FF000000FF000000FF000000FF000000FF000000FF000000FF000000FF000000FF000000FF000000FF000000FF000000FF000000FF000000FF000000FF000000FF000000FF000000FF000000FF000000FF000000FF000000FF000000FF000000FF000000FF000000FF000000FF000000FF000000FF000000FF000000FF000000FF000000FF000000FF000000FF000000FF000000FF000000FF000000FF000000FF000000FF000000FF000000FF000000FF000000FF000000FF000000FF000000FF000000FF000000FF000000FF000000FF000000FF000000FF000000FF000000FF000000FF000000FF000000FF000000FF000000FF000000FF000000FF000000FF000000FF000000FF000000FF000000FF000000FF000000FF000000FF000000FF000000FF000000FF000000FF000000FF000000FF000000FF000000FF000000FF000000FF000000FF000000FF000000FF000000FF000000FF000000FF000000FF000000FF000000FF000000FF000000FF000000FF000000FF000000FF000000FF000000FF000000FF000000FF000000FF000000FF000000FF000000FF000000FF000000FF000000FF000000FF000000FF000000FF000000FF000000FF000000FF000000FF000000FF000000FF000000FF000000FF000000FF000000FF000000FF000000FF000000FF000000FF000000FF000000FF000000FF000000FF000000FF2BFD99FF2BFD99FF2BFD99FF2BFD99FF2BFD99FF2BFD99FF000000FF000000FF000000FF000000FF000000FF000000FF000000FF000000FF000000FF000000FF000000FF000000FF000000FF000000FF000000FF000000FF000000FF000000FF000000FF000000FF000000FF000000FF000000FF000000FF000000FF000000FF000000FF000000FF000000FF000000FF000000FF000000FF000000FF000000FF000000FF000000FF000000FF000000FF000000FF000000FF000000FF000000FF000000FF000000FF000000FF000000FF000000FF000000FF000000FF000000FF000000FF000000FF000000FF000000FF000000FF000000FF000000FF000000FF000000FF000000FF000000FF000000FF000000FF000000FF000000FF000000FF000000FF000000FF000000FF000000FF000000FF000000FF000000FF000000FF000000FF000000FF000000FF000000FF000000FF000000FF000000FF000000FF000000FF000000FF000000FF000000FF000000FF000000FF000000FF000000FF000000FF000000FF000000FF000000FF000000FF000000FF000000FF000000FF000000FF000000FF000000FF000000FF000000FF000000FF000000FF000000FF000000FF000000FF000000FF000000FF000000FF000000FF000000FF000000FF000000FF000000FF000000FF000000FF000000FF000000FF000000FF000000FF000000FF000000FF000000FF000000FF000000FF000000FF000000FF000000FF000000FF000000FF2BFD99FF2BFD99FF000000FF000000FF000000FF000000FF000000FF000000FF2BFD99FF2BFD99FF000000FF000000FF000000FF000000FF2BFD99FF2BFD99FF2BFD99FF2BFD99FF2BFD99FF2BFD99FF2BFD99FF2BFD99FF2BFD99FF2BFD99FF000000FF000000FF000000FF000000FF2BFD99FF2BFD99FF000000FF000000FF000000FF000000FF000000FF000000FF000000FF000000FF000000FF000000FF000000FF000000FF2BFD99FF2BFD99FF2BFD99FF2BFD99FF2BFD99FF2BFD99FF2BFD99FF2BFD99FF000000FF000000FF000000FF000000FF000000FF000000FF000000FF000000FF000000FF000000FF000000FF000000FF000000FF000000FF000000FF000000FF000000FF000000FF000000FF000000FF000000FF000000FF000000FF000000FF000000FF000000FF000000FF000000FF000000FF000000FF000000FF000000FF000000FF000000FF000000FF000000FF000000FF000000FF000000FF000000FF000000FF000000FF000000FF000000FF000000FF000000FF000000FF000000FF000000FF000000FF000000FF000000FF000000FF000000FF000000FF000000FF000000FF000000FF000000FF000000FF000000FF000000FF000000FF000000FF000000FF000000FF000000FF000000FF000000FF000000FF000000FF000000FF000000FF000000FF000000FF000000FF000000FF000000FF000000FF000000FF000000FF000000FF000000FF000000FF000000FF000000FF000000FF000000FF000000FF000000FF000000FF000000FF000000FF000000FF000000FF000000FF000000FF000000FF000000FF000000FF000000FF000000FF000000FF000000FF000000FF000000FF000000FF000000FF000000FF000000FF000000FF000000FF000000FF000000FF000000FF000000FF000000FF000000FF000000FF000000FF000000FF000000FF000000FF000000FF000000FF000000FF000000FF000000FF000000FF000000FF000000FF000000FF000000FF000000FF000000FF000000FF000000FF000000FF000000FF000000FF000000FF000000FF000000FF000000FF000000FF000000FF000000FF000000FF000000FF000000FF000000FF000000FF000000FF000000FF000000FF000000FF000000FF000000FF000000FF000000FF000000FF000000FF000000FF000000FF000000FF000000FF000000FF000000FF000000FF000000FF000000FF000000FF000000FF000000FF000000FF000000FF000000FF000000FF000000FF000000FF000000FF000000FF000000FF000000FF000000FF000000FF000000FF000000FF000000FF000000FF000000FF000000FF000000FF000000FF000000FF000000FF000000FF000000FF000000FF000000FF000000FF000000FF000000FF000000FF000000FF000000FF000000FF000000FF000000FF000000FF000000FF000000FF000000FF000000FF000000FF000000FF000000FF000000FF000000FF000000FF000000FF000000FF000000FF000000FF000000FF000000FF000000FF000000FF000000FF000000FF000000FF000000FF000000FF000000FF000000FF000000FF000000FF000000FF000000FF000000FF000000FF000000FF000000FF000000FF000000FF000000FF000000FF000000FF000000FF000000FF000000FF000000FF000000FF000000FF000000FF000000FF000000FF000000FF000000FF000000FF000000FF000000FF000000FF000000FF000000FF000000FF000000FF000000FF000000FF000000FF000000FF000000FF000000FF000000FF000000FF000000FF000000FF000000FF000000FF000000FF000000FF000000FF000000FF000000FF000000FF000000FF000000FF000000FF000000FF000000FF000000FF000000FF000000FF000000FF000000FF000000FF000000FF000000FF000000FF000000FF000000FF000000FF000000FF000000FF000000FF000000FF000000FF000000FF000000FF000000FF000000FF000000FF000000FF000000FF000000FF000000FF000000FF000000FF000000FF000000FF000000FF000000FF000000FF000000FF000000FF000000FF000000FF000000FF000000FF000000FF000000FF000000FF000000FF000000FF000000FF000000FF000000FF000000FF000000FF000000FF000000FF000000FF000000FF000000FF000000FF000000FF000000FF000000FF000000FF000000FF000000FF000000FF000000FF000000FF000000FF000000FF000000FF000000FF000000FF000000FF000000FF000000FF000000FF000000FF000000FF000000FF000000FF000000FF000000FF000000FF000000FF000000FF2BFD99FF2BFD99FF2BFD99FF2BFD99FF2BFD99FF2BFD99FF000000FF000000FF000000FF000000FF000000FF000000FF000000FF000000FF000000FF000000FF000000FF000000FF000000FF000000FF000000FF000000FF000000FF000000FF000000FF000000FF000000FF000000FF000000FF000000FF000000FF000000FF000000FF000000FF000000FF000000FF000000FF000000FF000000FF000000FF000000FF000000FF000000FF000000FF000000FF000000FF000000FF000000FF000000FF000000FF000000FF000000FF000000FF000000FF000000FF000000FF000000FF000000FF000000FF000000FF000000FF000000FF000000FF000000FF000000FF000000FF000000FF000000FF000000FF000000FF000000FF000000FF000000FF000000FF000000FF000000FF000000FF000000FF000000FF000000FF000000FF000000FF000000FF000000FF000000FF000000FF000000FF000000FF000000FF000000FF000000FF000000FF000000FF000000FF000000FF000000FF000000FF000000FF000000FF000000FF000000FF000000FF000000FF000000FF000000FF000000FF000000FF000000FF000000FF000000FF000000FF000000FF000000FF000000FF000000FF000000FF000000FF000000FF000000FF000000FF000000FF000000FF000000FF000000FF000000FF000000FF000000FF000000FF000000FF000000FF000000FF000000FF000000FF000000FF000000FF000000FF000000FF000000FF2BFD99FF2BFD99FF000000FF000000FF000000FF000000FF000000FF000000FF2BFD99FF2BFD99FF000000FF000000FF000000FF000000FF2BFD99FF2BFD99FF2BFD99FF2BFD99FF2BFD99FF2BFD99FF2BFD99FF2BFD99FF2BFD99FF2BFD99FF000000FF000000FF000000FF000000FF2BFD99FF2BFD99FF000000FF000000FF000000FF000000FF000000FF000000FF000000FF000000FF000000FF000000FF000000FF000000FF2BFD99FF2BFD99FF2BFD99FF2BFD99FF2BFD99FF2BFD99FF2BFD99FF2BFD99FF000000FF000000FF000000FF000000FF000000FF000000FF000000FF000000FF000000FF000000FF000000FF000000FF000000FF000000FF000000FF000000FF000000FF000000FF000000FF000000FF000000FF000000FF000000FF000000FF000000FF000000FF000000FF000000FF000000FF000000FF000000FF000000FF000000FF000000FF000000FF000000FF000000FF000000FF000000FF000000FF000000FF000000FF000000FF000000FF000000FF000000FF000000FF000000FF000000FF000000FF000000FF000000FF000000FF000000FF000000FF000000FF000000FF000000FF000000FF000000FF000000FF000000FF000000FF000000FF000000FF000000FF000000FF000000FF000000FF000000FF000000FF000000FF000000FF000000FF000000FF000000FF000000FF000000FF000000FF000000FF000000FF000000FF000000FF000000FF000000FF000000FF000000FF000000FF000000FF000000FF000000FF000000FF000000FF000000FF000000FF000000FF000000FF000000FF000000FF000000FF000000FF000000FF000000FF000000FF000000FF000000FF000000FF000000FF000000FF000000FF000000FF000000FF000000FF000000FF000000FF000000FF000000FF000000FF000000FF000000FF000000FF000000FF000000FF000000FF000000FF000000FF000000FF000000FF000000FF000000FF000000FF000000FF000000FF000000FF000000FF000000FF000000FF000000FF000000FF000000FF000000FF000000FF000000FF000000FF000000FF000000FF000000FF000000FF000000FF000000FF000000FF000000FF000000FF000000FF000000FF000000FF000000FF000000FF000000FF000000FF000000FF000000FF000000FF000000FF000000FF000000FF000000FF000000FF000000FF000000FF000000FF000000FF000000FF000000FF000000FF000000FF000000FF000000FF000000FF000000FF000000FF000000FF000000FF000000FF000000FF000000FF000000FF000000FF000000FF000000FF000000FF000000FF000000FF000000FF000000FF000000FF000000FF000000FF000000FF000000FF000000FF000000FF000000FF000000FF000000FF000000FF000000FF000000FF000000FF000000FF000000FF000000FF000000FF000000FF000000FF000000FF000000FF000000FF000000FF000000FF000000FF000000FF000000FF000000FF000000FF000000FF000000FF000000FF000000FF000000FF000000FF000000FF000000FF000000FF000000FF000000FF000000FF000000FF000000FF000000FF000000FF000000FF000000FF000000FF000000FF000000FF000000FF000000FF000000FF000000FF000000FF000000FF000000FF000000FF000000FF000000FF000000FF000000FF000000FF000000FF000000FF000000FF000000FF000000FF000000FF000000FF000000FF000000FF000000FF000000FF000000FF000000FF000000FF000000FF000000FF000000FF000000FF000000FF000000FF000000FF000000FF000000FF000000FF000000FF000000FF000000FF000000FF000000FF000000FF000000FF000000FF000000FF000000FF000000FF000000FF000000FF000000FF000000FF000000FF000000FF000000FF000000FF000000FF000000FF000000FF000000FF000000FF000000FF000000FF000000FF000000FF000000FF000000FF000000FF000000FF000000FF000000FF000000FF000000FF000000FF000000FF000000FF000000FF000000FF000000FF000000FF000000FF000000FF000000FF000000FF000000FF000000FF000000FF000000FF000000FF000000FF000000FF000000FF000000FF000000FF000000FF000000FF000000FF000000FF000000FF000000FF000000FF000000FF000000FF000000FF000000FF000000FF000000FF000000FF000000FF000000FF000000FF000000FF000000FF000000FF000000FF000000FF000000FF000000FF000000FF000000FF000000FF000000FF000000FF000000FF2BFD99FF2BFD99FF000000FF000000FF000000FF000000FF000000FF000000FF2BFD99FF2BFD99FF000000FF000000FF000000FF000000FF000000FF000000FF000000FF000000FF000000FF000000FF000000FF000000FF000000FF000000FF000000FF000000FF000000FF000000FF000000FF000000FF000000FF000000FF000000FF000000FF000000FF000000FF000000FF000000FF000000FF000000FF000000FF000000FF000000FF000000FF000000FF000000FF000000FF000000FF000000FF000000FF000000FF000000FF000000FF000000FF000000FF000000FF000000FF000000FF000000FF000000FF000000FF000000FF000000FF000000FF000000FF000000FF000000FF000000FF000000FF000000FF000000FF000000FF000000FF000000FF000000FF000000FF000000FF000000FF000000FF000000FF000000FF000000FF000000FF000000FF000000FF000000FF000000FF000000FF000000FF000000FF000000FF000000FF000000FF000000FF000000FF000000FF000000FF000000FF000000FF000000FF000000FF000000FF000000FF000000FF000000FF000000FF000000FF000000FF000000FF000000FF000000FF000000FF000000FF000000FF000000FF000000FF000000FF000000FF000000FF000000FF000000FF000000FF000000FF000000FF000000FF000000FF000000FF000000FF000000FF000000FF000000FF000000FF000000FF000000FF000000FF000000FF000000FF000000FF000000FF000000FF2BFD99FF2BFD99FF000000FF000000FF000000FF000000FF000000FF000000FF2BFD99FF2BFD99FF000000FF000000FF000000FF000000FF2BFD99FF2BFD99FF000000FF000000FF000000FF000000FF000000FF000000FF000000FF000000FF000000FF000000FF000000FF000000FF2BFD99FF2BFD99FF000000FF000000FF000000FF000000FF000000FF000000FF000000FF000000FF000000FF000000FF000000FF000000FF2BFD99FF2BFD99FF000000FF000000FF000000FF000000FF000000FF000000FF2BFD99FF2BFD99FF000000FF000000FF000000FF000000FF000000FF000000FF000000FF000000FF000000FF000000FF000000FF000000FF000000FF000000FF000000FF000000FF000000FF000000FF000000FF000000FF000000FF000000FF000000FF000000FF000000FF000000FF000000FF000000FF000000FF000000FF000000FF000000FF000000FF000000FF000000FF000000FF000000FF000000FF000000FF000000FF000000FF000000FF000000FF000000FF000000FF000000FF000000FF000000FF000000FF000000FF000000FF000000FF000000FF000000FF000000FF000000FF000000FF000000FF000000FF000000FF000000FF000000FF000000FF000000FF000000FF000000FF000000FF000000FF000000FF000000FF000000FF000000FF000000FF000000FF000000FF000000FF000000FF000000FF000000FF000000FF000000FF000000FF000000FF000000FF000000FF000000FF000000FF000000FF000000FF000000FF000000FF000000FF000000FF000000FF000000FF000000FF000000FF000000FF000000FF000000FF000000FF000000FF000000FF000000FF000000FF000000FF000000FF000000FF000000FF000000FF000000FF000000FF000000FF000000FF000000FF000000FF000000FF000000FF000000FF000000FF000000FF000000FF000000FF000000FF000000FF000000FF000000FF000000FF000000FF000000FF000000FF000000FF000000FF000000FF000000FF000000FF000000FF000000FF000000FF000000FF000000FF000000FF000000FF000000FF000000FF000000FF000000FF000000FF000000FF000000FF000000FF000000FF000000FF000000FF000000FF000000FF000000FF000000FF000000FF000000FF000000FF000000FF000000FF000000FF000000FF000000FF000000FF000000FF000000FF000000FF000000FF000000FF000000FF000000FF000000FF000000FF000000FF000000FF000000FF000000FF000000FF000000FF000000FF000000FF000000FF000000FF000000FF000000FF000000FF000000FF000000FF000000FF000000FF000000FF000000FF000000FF000000FF000000FF000000FF000000FF000000FF000000FF000000FF000000FF000000FF000000FF000000FF000000FF000000FF000000FF000000FF000000FF000000FF000000FF000000FF000000FF000000FF000000FF000000FF000000FF000000FF000000FF000000FF000000FF000000FF000000FF000000FF000000FF000000FF000000FF000000FF000000FF000000FF000000FF000000FF000000FF000000FF000000FF000000FF000000FF000000FF000000FF000000FF000000FF000000FF000000FF000000FF000000FF000000FF000000FF000000FF000000FF000000FF000000FF000000FF000000FF000000FF000000FF000000FF000000FF000000FF000000FF000000FF000000FF000000FF000000FF000000FF000000FF000000FF000000FF000000FF000000FF000000FF000000FF000000FF000000FF000000FF000000FF000000FF000000FF000000FF000000FF000000FF000000FF000000FF000000FF000000FF000000FF000000FF000000FF000000FF000000FF000000FF000000FF000000FF000000FF000000FF000000FF000000FF000000FF000000FF000000FF000000FF000000FF000000FF000000FF000000FF000000FF000000FF000000FF000000FF000000FF000000FF000000FF000000FF000000FF000000FF000000FF000000FF000000FF000000FF000000FF000000FF000000FF000000FF000000FF000000FF000000FF000000FF000000FF000000FF000000FF000000FF000000FF000000FF000000FF000000FF000000FF000000FF000000FF000000FF000000FF000000FF000000FF000000FF000000FF000000FF000000FF000000FF000000FF000000FF000000FF000000FF000000FF000000FF000000FF000000FF000000FF000000FF000000FF000000FF000000FF000000FF000000FF000000FF000000FF000000FF000000FF2BFD99FF2BFD99FF000000FF000000FF000000FF000000FF000000FF000000FF2BFD99FF2BFD99FF000000FF000000FF000000FF000000FF000000FF000000FF000000FF000000FF000000FF000000FF000000FF000000FF000000FF000000FF000000FF000000FF000000FF000000FF000000FF000000FF000000FF000000FF000000FF000000FF000000FF000000FF000000FF000000FF000000FF000000FF000000FF000000FF000000FF000000FF000000FF000000FF000000FF000000FF000000FF000000FF000000FF000000FF000000FF000000FF000000FF000000FF000000FF000000FF000000FF000000FF000000FF000000FF000000FF000000FF000000FF000000FF000000FF000000FF000000FF000000FF000000FF000000FF000000FF000000FF000000FF000000FF000000FF000000FF000000FF000000FF000000FF000000FF000000FF000000FF000000FF000000FF000000FF000000FF000000FF000000FF000000FF000000FF000000FF000000FF000000FF000000FF000000FF000000FF000000FF000000FF000000FF000000FF000000FF000000FF000000FF000000FF000000FF000000FF000000FF000000FF000000FF000000FF000000FF000000FF000000FF000000FF000000FF000000FF000000FF000000FF000000FF000000FF000000FF000000FF000000FF000000FF000000FF000000FF000000FF000000FF000000FF000000FF000000FF000000FF000000FF000000FF000000FF000000FF000000FF000000FF2BFD99FF2BFD99FF000000FF000000FF000000FF000000FF000000FF000000FF2BFD99FF2BFD99FF000000FF000000FF000000FF000000FF2BFD99FF2BFD99FF000000FF000000FF000000FF000000FF000000FF000000FF000000FF000000FF000000FF000000FF000000FF000000FF2BFD99FF2BFD99FF000000FF000000FF000000FF000000FF000000FF000000FF000000FF000000FF000000FF000000FF000000FF000000FF2BFD99FF2BFD99FF000000FF000000FF000000FF000000FF000000FF000000FF2BFD99FF2BFD99FF000000FF000000FF000000FF000000FF000000FF000000FF000000FF000000FF000000FF000000FF000000FF000000FF000000FF000000FF000000FF000000FF000000FF000000FF000000FF000000FF000000FF000000FF000000FF000000FF000000FF000000FF000000FF000000FF000000FF000000FF000000FF000000FF000000FF000000FF000000FF000000FF000000FF000000FF000000FF000000FF000000FF000000FF000000FF000000FF000000FF000000FF000000FF000000FF000000FF000000FF000000FF000000FF000000FF000000FF000000FF000000FF000000FF000000FF000000FF000000FF000000FF000000FF000000FF000000FF000000FF000000FF000000FF000000FF000000FF000000FF000000FF000000FF000000FF000000FF000000FF000000FF000000FF000000FF000000FF000000FF000000FF000000FF000000FF000000FF000000FF000000FF000000FF000000FF000000FF000000FF000000FF000000FF000000FF000000FF000000FF000000FF000000FF000000FF000000FF000000FF000000FF000000FF000000FF000000FF000000FF000000FF000000FF000000FF000000FF000000FF000000FF000000FF000000FF000000FF000000FF000000FF000000FF000000FF000000FF000000FF000000FF000000FF000000FF000000FF000000FF000000FF000000FF000000FF000000FF000000FF000000FF000000FF000000FF000000FF000000FF000000FF000000FF000000FF000000FF000000FF000000FF000000FF000000FF000000FF000000FF000000FF000000FF000000FF000000FF000000FF000000FF000000FF000000FF000000FF000000FF000000FF000000FF000000FF000000FF000000FF000000FF000000FF000000FF000000FF000000FF000000FF000000FF000000FF000000FF000000FF000000FF000000FF000000FF000000FF000000FF000000FF000000FF000000FF000000FF000000FF000000FF000000FF000000FF000000FF000000FF000000FF000000FF000000FF000000FF000000FF000000FF000000FF000000FF000000FF000000FF000000FF000000FF000000FF000000FF000000FF000000FF000000FF000000FF000000FF000000FF000000FF000000FF000000FF000000FF000000FF000000FF000000FF000000FF000000FF000000FF000000FF000000FF000000FF000000FF000000FF000000FF000000FF000000FF000000FF000000FF000000FF000000FF000000FF000000FF000000FF000000FF000000FF000000FF000000FF000000FF000000FF000000FF000000FF000000FF000000FF000000FF000000FF000000FF000000FF000000FF000000FF000000FF000000FF000000FF000000FF000000FF000000FF000000FF000000FF000000FF000000FF000000FF000000FF000000FF000000FF000000FF000000FF000000FF000000FF000000FF000000FF000000FF000000FF000000FF000000FF000000FF000000FF000000FF000000FF000000FF000000FF000000FF000000FF000000FF000000FF000000FF000000FF000000FF000000FF000000FF000000FF000000FF000000FF000000FF000000FF000000FF000000FF000000FF000000FF000000FF000000FF000000FF000000FF000000FF000000FF000000FF000000FF000000FF000000FF000000FF000000FF000000FF000000FF000000FF000000FF000000FF000000FF000000FF000000FF000000FF000000FF000000FF000000FF000000FF000000FF000000FF000000FF000000FF000000FF000000FF000000FF000000FF000000FF000000FF000000FF000000FF000000FF000000FF000000FF000000FF000000FF000000FF000000FF000000FF000000FF000000FF000000FF000000FF000000FF000000FF000000FF000000FF000000FF000000FF000000FF000000FF000000FF000000FF000000FF000000FF000000FF000000FF000000FF000000FF000000FF000000FF000000FF000000FF000000FF000000FF000000FF000000FF000000FF000000FF000000FF000000FF000000FF000000FF000000FF2BFD99FF2BFD99FF000000FF000000FF000000FF000000FF000000FF000000FF000000FF000000FF000000FF000000FF000000FF000000FF000000FF000000FF000000FF000000FF000000FF000000FF000000FF000000FF000000FF000000FF000000FF000000FF000000FF000000FF000000FF000000FF000000FF000000FF000000FF000000FF000000FF000000FF000000FF000000FF000000FF000000FF000000FF000000FF000000FF000000FF000000FF000000FF000000FF000000FF000000FF000000FF000000FF000000FF000000FF000000FF000000FF000000FF000000FF000000FF000000FF000000FF000000FF000000FF000000FF000000FF000000FF000000FF000000FF000000FF000000FF000000FF000000FF000000FF000000FF000000FF000000FF000000FF000000FF000000FF000000FF000000FF000000FF000000FF000000FF000000FF000000FF000000FF000000FF000000FF000000FF000000FF000000FF000000FF000000FF000000FF000000FF000000FF000000FF000000FF000000FF000000FF000000FF000000FF000000FF000000FF000000FF000000FF000000FF000000FF000000FF000000FF2BFD99FF2BFD99FF000000FF000000FF000000FF000000FF000000FF000000FF000000FF000000FF000000FF000000FF000000FF000000FF000000FF000000FF000000FF000000FF000000FF000000FF000000FF000000FF000000FF000000FF2BFD99FF2BFD99FF000000FF000000FF000000FF000000FF000000FF000000FF2BFD99FF2BFD99FF000000FF000000FF000000FF000000FF2BFD99FF2BFD99FF000000FF000000FF000000FF000000FF000000FF000000FF000000FF000000FF000000FF000000FF000000FF000000FF2BFD99FF2BFD99FF000000FF000000FF000000FF000000FF000000FF000000FF000000FF000000FF000000FF000000FF000000FF000000FF2BFD99FF2BFD99FF000000FF000000FF000000FF000000FF000000FF000000FF2BFD99FF2BFD99FF000000FF000000FF000000FF000000FF000000FF000000FF000000FF000000FF000000FF000000FF000000FF000000FF000000FF000000FF000000FF000000FF000000FF000000FF000000FF000000FF000000FF000000FF000000FF000000FF000000FF000000FF000000FF000000FF000000FF000000FF000000FF000000FF000000FF000000FF000000FF000000FF000000FF000000FF000000FF000000FF000000FF000000FF000000FF000000FF000000FF000000FF000000FF000000FF000000FF000000FF000000FF000000FF000000FF000000FF000000FF000000FF000000FF000000FF000000FF000000FF000000FF000000FF000000FF000000FF000000FF000000FF000000FF000000FF000000FF000000FF000000FF000000FF000000FF000000FF000000FF000000FF000000FF000000FF000000FF000000FF000000FF000000FF000000FF000000FF000000FF000000FF000000FF000000FF000000FF000000FF000000FF000000FF000000FF000000FF000000FF000000FF000000FF000000FF000000FF000000FF000000FF000000FF000000FF000000FF000000FF000000FF000000FF000000FF000000FF000000FF000000FF000000FF000000FF000000FF000000FF000000FF000000FF000000FF000000FF000000FF000000FF000000FF000000FF000000FF000000FF000000FF000000FF000000FF000000FF000000FF000000FF000000FF000000FF000000FF000000FF000000FF000000FF000000FF000000FF000000FF000000FF000000FF000000FF000000FF000000FF000000FF000000FF000000FF000000FF000000FF000000FF000000FF000000FF000000FF000000FF000000FF000000FF000000FF000000FF000000FF000000FF000000FF000000FF000000FF000000FF000000FF000000FF000000FF000000FF000000FF000000FF000000FF000000FF000000FF000000FF000000FF000000FF000000FF000000FF000000FF000000FF000000FF000000FF000000FF000000FF000000FF000000FF000000FF000000FF000000FF000000FF000000FF000000FF000000FF000000FF000000FF000000FF000000FF000000FF000000FF000000FF000000FF000000FF000000FF000000FF000000FF000000FF000000FF000000FF000000FF000000FF000000FF000000FF000000FF000000FF000000FF000000FF000000FF000000FF000000FF000000FF000000FF000000FF000000FF000000FF000000FF000000FF000000FF000000FF000000FF000000FF000000FF000000FF000000FF000000FF000000FF000000FF000000FF000000FF000000FF000000FF000000FF000000FF000000FF000000FF000000FF000000FF000000FF000000FF000000FF000000FF000000FF000000FF000000FF000000FF000000FF000000FF000000FF000000FF000000FF000000FF000000FF000000FF000000FF000000FF000000FF000000FF000000FF000000FF000000FF000000FF000000FF000000FF000000FF000000FF000000FF000000FF000000FF000000FF000000FF000000FF000000FF000000FF000000FF000000FF000000FF000000FF000000FF000000FF000000FF000000FF000000FF000000FF000000FF000000FF000000FF000000FF000000FF000000FF000000FF000000FF000000FF000000FF000000FF000000FF000000FF000000FF000000FF000000FF000000FF000000FF000000FF000000FF000000FF000000FF000000FF000000FF000000FF000000FF000000FF000000FF000000FF000000FF000000FF000000FF000000FF000000FF000000FF000000FF000000FF000000FF000000FF000000FF000000FF000000FF000000FF000000FF000000FF000000FF000000FF000000FF000000FF000000FF000000FF000000FF000000FF000000FF000000FF000000FF000000FF000000FF000000FF000000FF000000FF000000FF000000FF000000FF000000FF000000FF000000FF000000FF000000FF000000FF000000FF000000FF000000FF000000FF000000FF000000FF000000FF000000FF000000FF000000FF000000FF2BFD99FF2BFD99FF000000FF000000FF000000FF000000FF000000FF000000FF000000FF000000FF000000FF000000FF000000FF000000FF000000FF000000FF000000FF000000FF000000FF000000FF000000FF000000FF000000FF000000FF000000FF000000FF000000FF000000FF000000FF000000FF000000FF000000FF000000FF000000FF000000FF000000FF000000FF000000FF000000FF000000FF000000FF000000FF000000FF000000FF000000FF000000FF000000FF000000FF000000FF000000FF000000FF000000FF000000FF000000FF000000FF000000FF000000FF000000FF000000FF000000FF000000FF000000FF000000FF000000FF000000FF000000FF000000FF000000FF000000FF000000FF000000FF000000FF000000FF000000FF000000FF000000FF000000FF000000FF000000FF000000FF000000FF000000FF000000FF000000FF000000FF000000FF000000FF000000FF000000FF000000FF000000FF000000FF000000FF000000FF000000FF000000FF000000FF000000FF000000FF000000FF000000FF000000FF000000FF000000FF000000FF000000FF000000FF000000FF000000FF000000FF2BFD99FF2BFD99FF000000FF000000FF000000FF000000FF000000FF000000FF000000FF000000FF000000FF000000FF000000FF000000FF000000FF000000FF000000FF000000FF000000FF000000FF000000FF000000FF000000FF000000FF2BFD99FF2BFD99FF000000FF000000FF000000FF000000FF000000FF000000FF2BFD99FF2BFD99FF000000FF000000FF000000FF000000FF2BFD99FF2BFD99FF000000FF000000FF000000FF000000FF000000FF000000FF000000FF000000FF000000FF000000FF000000FF000000FF2BFD99FF2BFD99FF000000FF000000FF000000FF000000FF000000FF000000FF000000FF000000FF000000FF000000FF000000FF000000FF2BFD99FF2BFD99FF000000FF000000FF000000FF000000FF000000FF000000FF2BFD99FF2BFD99FF000000FF000000FF000000FF000000FF000000FF000000FF000000FF000000FF000000FF000000FF000000FF000000FF000000FF000000FF000000FF000000FF000000FF000000FF000000FF000000FF000000FF000000FF000000FF000000FF000000FF000000FF000000FF000000FF000000FF000000FF000000FF000000FF000000FF000000FF000000FF000000FF000000FF000000FF000000FF000000FF000000FF000000FF000000FF000000FF000000FF000000FF000000FF000000FF000000FF000000FF000000FF000000FF000000FF000000FF000000FF000000FF000000FF000000FF000000FF000000FF000000FF000000FF000000FF000000FF000000FF000000FF000000FF000000FF000000FF000000FF000000FF000000FF000000FF000000FF000000FF000000FF000000FF000000FF000000FF000000FF000000FF000000FF000000FF000000FF000000FF000000FF000000FF000000FF000000FF000000FF000000FF000000FF000000FF000000FF000000FF000000FF000000FF000000FF000000FF000000FF000000FF000000FF000000FF000000FF000000FF000000FF000000FF000000FF000000FF000000FF000000FF000000FF000000FF000000FF000000FF000000FF000000FF000000FF000000FF000000FF000000FF000000FF000000FF000000FF000000FF000000FF000000FF000000FF000000FF000000FF000000FF000000FF000000FF000000FF000000FF000000FF000000FF000000FF000000FF000000FF000000FF000000FF000000FF000000FF000000FF000000FF000000FF000000FF000000FF000000FF000000FF000000FF000000FF000000FF000000FF000000FF000000FF000000FF000000FF000000FF000000FF000000FF000000FF000000FF000000FF000000FF000000FF000000FF000000FF000000FF000000FF000000FF000000FF000000FF000000FF000000FF000000FF000000FF000000FF000000FF000000FF000000FF000000FF000000FF000000FF000000FF000000FF000000FF000000FF000000FF000000FF000000FF000000FF000000FF000000FF000000FF000000FF000000FF000000FF000000FF000000FF000000FF000000FF000000FF000000FF000000FF000000FF000000FF000000FF000000FF000000FF000000FF000000FF000000FF000000FF000000FF000000FF000000FF000000FF000000FF000000FF000000FF000000FF000000FF000000FF000000FF000000FF000000FF000000FF000000FF000000FF000000FF000000FF000000FF000000FF000000FF000000FF000000FF000000FF000000FF000000FF000000FF000000FF000000FF000000FF000000FF000000FF000000FF000000FF000000FF000000FF000000FF000000FF000000FF000000FF000000FF000000FF000000FF000000FF000000FF000000FF000000FF000000FF000000FF000000FF000000FF000000FF000000FF000000FF000000FF000000FF000000FF000000FF000000FF000000FF000000FF000000FF000000FF000000FF000000FF000000FF000000FF000000FF000000FF000000FF000000FF000000FF000000FF000000FF000000FF000000FF000000FF000000FF000000FF000000FF000000FF000000FF000000FF000000FF000000FF000000FF000000FF000000FF000000FF000000FF000000FF000000FF000000FF000000FF000000FF000000FF000000FF000000FF000000FF000000FF000000FF000000FF000000FF000000FF000000FF000000FF000000FF000000FF000000FF000000FF000000FF000000FF000000FF000000FF000000FF000000FF000000FF000000FF000000FF000000FF000000FF000000FF000000FF000000FF000000FF000000FF000000FF000000FF000000FF000000FF000000FF000000FF000000FF000000FF000000FF000000FF000000FF000000FF000000FF000000FF000000FF000000FF000000FF000000FF000000FF000000FF000000FF000000FF000000FF000000FF000000FF000000FF000000FF000000FF000000FF000000FF000000FF2BFD99FF2BFD99FF000000FF000000FF000000FF000000FF000000FF000000FF000000FF000000FF000000FF000000FF000000FF000000FF000000FF000000FF000000FF000000FF000000FF000000FF000000FF000000FF000000FF000000FF000000FF000000FF000000FF000000FF000000FF000000FF000000FF000000FF000000FF000000FF000000FF000000FF000000FF000000FF000000FF000000FF000000FF000000FF000000FF000000FF000000FF000000FF000000FF000000FF000000FF000000FF000000FF000000FF000000FF000000FF000000FF000000FF000000FF000000FF000000FF000000FF000000FF000000FF000000FF000000FF000000FF000000FF000000FF000000FF000000FF000000FF000000FF000000FF000000FF000000FF000000FF000000FF000000FF000000FF000000FF000000FF000000FF000000FF000000FF000000FF000000FF000000FF000000FF000000FF000000FF000000FF000000FF000000FF000000FF000000FF000000FF000000FF000000FF000000FF000000FF000000FF000000FF000000FF000000FF000000FF000000FF000000FF000000FF000000FF000000FF000000FF000000FF000000FF000000FF000000FF000000FF000000FF000000FF000000FF000000FF000000FF000000FF000000FF000000FF000000FF000000FF000000FF000000FF000000FF000000FF000000FF000000FF000000FF000000FF000000FF000000FF000000FF2BFD99FF2BFD99FF2BFD99FF2BFD99FF2BFD99FF2BFD99FF2BFD99FF2BFD99FF2BFD99FF2BFD99FF000000FF000000FF000000FF000000FF2BFD99FF2BFD99FF2BFD99FF2BFD99FF2BFD99FF2BFD99FF2BFD99FF2BFD99FF000000FF000000FF000000FF000000FF000000FF000000FF2BFD99FF2BFD99FF000000FF000000FF000000FF000000FF000000FF000000FF000000FF000000FF000000FF000000FF000000FF000000FF2BFD99FF2BFD99FF2BFD99FF2BFD99FF2BFD99FF2BFD99FF2BFD99FF2BFD99FF000000FF000000FF000000FF000000FF000000FF000000FF000000FF000000FF000000FF000000FF000000FF000000FF000000FF000000FF000000FF000000FF000000FF000000FF000000FF000000FF000000FF000000FF000000FF000000FF000000FF000000FF000000FF000000FF000000FF000000FF000000FF000000FF000000FF000000FF000000FF000000FF000000FF000000FF000000FF000000FF000000FF000000FF000000FF000000FF000000FF000000FF000000FF000000FF000000FF000000FF000000FF000000FF000000FF000000FF000000FF000000FF000000FF000000FF000000FF000000FF000000FF000000FF000000FF000000FF000000FF000000FF000000FF000000FF000000FF000000FF000000FF000000FF000000FF000000FF000000FF000000FF000000FF000000FF000000FF000000FF000000FF000000FF000000FF000000FF000000FF000000FF000000FF000000FF000000FF000000FF000000FF000000FF000000FF000000FF000000FF000000FF000000FF000000FF000000FF000000FF000000FF000000FF000000FF000000FF000000FF000000FF000000FF000000FF000000FF000000FF000000FF000000FF000000FF000000FF000000FF000000FF000000FF000000FF000000FF000000FF000000FF000000FF000000FF000000FF000000FF000000FF000000FF000000FF000000FF000000FF000000FF000000FF000000FF000000FF000000FF000000FF000000FF000000FF000000FF000000FF000000FF000000FF000000FF000000FF000000FF000000FF000000FF000000FF000000FF000000FF000000FF000000FF000000FF000000FF000000FF000000FF000000FF000000FF000000FF000000FF000000FF000000FF000000FF000000FF000000FF000000FF000000FF000000FF000000FF000000FF000000FF000000FF000000FF000000FF000000FF000000FF000000FF000000FF000000FF000000FF000000FF000000FF000000FF000000FF000000FF000000FF000000FF000000FF000000FF000000FF000000FF000000FF000000FF000000FF000000FF000000FF000000FF000000FF000000FF000000FF000000FF000000FF000000FF000000FF000000FF000000FF000000FF000000FF000000FF000000FF000000FF000000FF000000FF000000FF000000FF000000FF000000FF000000FF000000FF000000FF000000FF000000FF000000FF000000FF000000FF000000FF000000FF000000FF000000FF000000FF000000FF000000FF000000FF000000FF000000FF000000FF000000FF000000FF000000FF000000FF000000FF000000FF000000FF000000FF000000FF000000FF000000FF000000FF000000FF000000FF000000FF000000FF000000FF000000FF000000FF000000FF000000FF000000FF000000FF000000FF000000FF000000FF000000FF000000FF000000FF000000FF000000FF000000FF000000FF000000FF000000FF000000FF000000FF000000FF000000FF000000FF000000FF000000FF000000FF000000FF000000FF000000FF000000FF000000FF000000FF000000FF000000FF000000FF000000FF000000FF000000FF000000FF000000FF000000FF000000FF000000FF000000FF000000FF000000FF000000FF000000FF000000FF000000FF000000FF000000FF000000FF000000FF000000FF000000FF000000FF000000FF000000FF000000FF000000FF000000FF000000FF000000FF000000FF000000FF000000FF000000FF000000FF000000FF000000FF000000FF000000FF000000FF000000FF000000FF000000FF000000FF000000FF000000FF000000FF000000FF000000FF000000FF000000FF000000FF000000FF000000FF000000FF000000FF000000FF000000FF000000FF000000FF000000FF000000FF000000FF000000FF000000FF000000FF000000FF000000FF000000FF000000FF000000FF000000FF000000FF000000FF000000FF000000FF000000FF000000FF000000FF000000FF000000FF000000FF000000FF000000FF000000FF000000FF000000FF2BFD99FF2BFD99FF000000FF000000FF000000FF000000FF000000FF000000FF000000FF000000FF000000FF000000FF000000FF000000FF000000FF000000FF000000FF000000FF000000FF000000FF000000FF000000FF000000FF000000FF000000FF000000FF000000FF000000FF000000FF000000FF000000FF000000FF000000FF000000FF000000FF000000FF000000FF000000FF000000FF000000FF000000FF000000FF000000FF000000FF000000FF000000FF000000FF000000FF000000FF000000FF000000FF000000FF000000FF000000FF000000FF000000FF000000FF000000FF000000FF000000FF000000FF000000FF000000FF000000FF000000FF000000FF000000FF000000FF000000FF000000FF000000FF000000FF000000FF000000FF000000FF000000FF000000FF000000FF000000FF000000FF000000FF000000FF000000FF000000FF000000FF000000FF000000FF000000FF000000FF000000FF000000FF000000FF000000FF000000FF000000FF000000FF000000FF000000FF000000FF000000FF000000FF000000FF000000FF000000FF000000FF000000FF000000FF000000FF000000FF000000FF000000FF000000FF000000FF000000FF000000FF000000FF000000FF000000FF000000FF000000FF000000FF000000FF000000FF000000FF000000FF000000FF000000FF000000FF000000FF000000FF000000FF000000FF000000FF000000FF000000FF000000FF2BFD99FF2BFD99FF2BFD99FF2BFD99FF2BFD99FF2BFD99FF2BFD99FF2BFD99FF2BFD99FF2BFD99FF000000FF000000FF000000FF000000FF2BFD99FF2BFD99FF2BFD99FF2BFD99FF2BFD99FF2BFD99FF2BFD99FF2BFD99FF000000FF000000FF000000FF000000FF000000FF000000FF2BFD99FF2BFD99FF000000FF000000FF000000FF000000FF000000FF000000FF000000FF000000FF000000FF000000FF000000FF000000FF2BFD99FF2BFD99FF2BFD99FF2BFD99FF2BFD99FF2BFD99FF2BFD99FF2BFD99FF000000FF000000FF000000FF000000FF000000FF000000FF000000FF000000FF000000FF000000FF000000FF000000FF000000FF000000FF000000FF000000FF000000FF000000FF000000FF000000FF000000FF000000FF000000FF000000FF000000FF000000FF000000FF000000FF000000FF000000FF000000FF000000FF000000FF000000FF000000FF000000FF000000FF000000FF000000FF000000FF000000FF000000FF000000FF000000FF000000FF000000FF000000FF000000FF000000FF000000FF000000FF000000FF000000FF000000FF000000FF000000FF000000FF000000FF000000FF000000FF000000FF000000FF000000FF000000FF000000FF000000FF000000FF000000FF000000FF000000FF000000FF000000FF000000FF000000FF000000FF000000FF000000FF000000FF000000FF000000FF000000FF000000FF000000FF000000FF000000FF000000FF000000FF000000FF000000FF000000FF000000FF000000FF000000FF000000FF000000FF000000FF000000FF000000FF000000FF000000FF000000FF000000FF000000FF000000FF000000FF000000FF000000FF000000FF000000FF000000FF000000FF000000FF000000FF000000FF000000FF000000FF000000FF000000FF000000FF000000FF000000FF000000FF000000FF000000FF000000FF000000FF000000FF000000FF000000FF000000FF000000FF000000FF000000FF000000FF000000FF000000FF000000FF000000FF000000FF000000FF000000FF000000FF000000FF000000FF000000FF000000FF000000FF000000FF000000FF000000FF000000FF000000FF000000FF000000FF000000FF000000FF000000FF000000FF000000FF000000FF000000FF000000FF000000FF000000FF000000FF000000FF000000FF000000FF000000FF000000FF000000FF000000FF000000FF000000FF000000FF000000FF000000FF000000FF000000FF000000FF000000FF000000FF000000FF000000FF000000FF000000FF000000FF000000FF000000FF000000FF000000FF000000FF000000FF000000FF000000FF000000FF000000FF000000FF000000FF000000FF000000FF000000FF000000FF000000FF000000FF000000FF000000FF000000FF000000FF000000FF000000FF000000FF000000FF000000FF000000FF000000FF000000FF000000FF000000FF000000FF000000FF000000FF000000FF000000FF000000FF000000FF000000FF000000FF000000FF000000FF000000FF000000FF000000FF000000FF000000FF000000FF000000FF000000FF000000FF000000FF000000FF000000FF000000FF000000FF000000FF000000FF000000FF000000FF000000FF000000FF000000FF000000FF000000FF000000FF000000FF000000FF000000FF000000FF000000FF000000FF000000FF000000FF000000FF000000FF000000FF000000FF000000FF000000FF000000FF000000FF000000FF000000FF000000FF000000FF000000FF000000FF000000FF000000FF000000FF000000FF000000FF000000FF000000FF000000FF000000FF000000FF000000FF000000FF000000FF000000FF000000FF000000FF000000FF000000FF000000FF000000FF000000FF000000FF000000FF000000FF000000FF000000FF000000FF000000FF000000FF000000FF000000FF000000FF000000FF000000FF000000FF000000FF000000FF000000FF000000FF000000FF000000FF000000FF000000FF000000FF000000FF000000FF000000FF000000FF000000FF000000FF000000FF000000FF000000FF000000FF000000FF000000FF000000FF000000FF000000FF000000FF000000FF000000FF000000FF000000FF000000FF000000FF000000FF000000FF000000FF000000FF000000FF000000FF000000FF000000FF000000FF000000FF000000FF000000FF000000FF000000FF000000FF000000FF000000FF000000FF000000FF000000FF000000FF000000FF000000FF000000FF000000FF000000FF000000FF000000FF000000FF000000FF000000FF000000FF2BFD99FF2BFD99FF000000FF000000FF000000FF000000FF000000FF000000FF000000FF000000FF000000FF000000FF000000FF000000FF000000FF000000FF000000FF000000FF000000FF000000FF000000FF000000FF000000FF000000FF000000FF000000FF000000FF000000FF000000FF000000FF000000FF000000FF000000FF000000FF000000FF000000FF000000FF000000FF000000FF000000FF000000FF000000FF000000FF000000FF000000FF000000FF000000FF000000FF000000FF000000FF000000FF000000FF000000FF000000FF000000FF000000FF000000FF000000FF000000FF000000FF000000FF000000FF000000FF000000FF000000FF000000FF000000FF000000FF000000FF000000FF000000FF000000FF000000FF000000FF000000FF000000FF000000FF000000FF000000FF000000FF000000FF000000FF000000FF000000FF000000FF000000FF000000FF000000FF000000FF000000FF000000FF000000FF000000FF000000FF000000FF000000FF000000FF000000FF000000FF000000FF000000FF000000FF000000FF000000FF000000FF000000FF000000FF000000FF000000FF000000FF000000FF000000FF2BFD99FF2BFD99FF000000FF000000FF000000FF000000FF000000FF000000FF000000FF000000FF000000FF000000FF000000FF000000FF000000FF000000FF000000FF000000FF000000FF000000FF000000FF000000FF000000FF000000FF2BFD99FF2BFD99FF000000FF000000FF000000FF000000FF000000FF000000FF2BFD99FF2BFD99FF000000FF000000FF000000FF000000FF2BFD99FF2BFD99FF000000FF000000FF000000FF000000FF000000FF000000FF000000FF000000FF000000FF000000FF000000FF000000FF2BFD99FF2BFD99FF000000FF000000FF000000FF000000FF000000FF000000FF000000FF000000FF000000FF000000FF000000FF000000FF2BFD99FF2BFD99FF000000FF000000FF000000FF000000FF000000FF000000FF000000FF000000FF000000FF000000FF000000FF000000FF000000FF000000FF000000FF000000FF000000FF000000FF000000FF000000FF000000FF000000FF000000FF000000FF000000FF000000FF000000FF000000FF000000FF000000FF000000FF000000FF000000FF000000FF000000FF000000FF000000FF000000FF000000FF000000FF000000FF000000FF000000FF000000FF000000FF000000FF000000FF000000FF000000FF000000FF000000FF000000FF000000FF000000FF000000FF000000FF000000FF000000FF000000FF000000FF000000FF000000FF000000FF000000FF000000FF000000FF000000FF000000FF000000FF000000FF000000FF000000FF000000FF000000FF000000FF000000FF000000FF000000FF000000FF000000FF000000FF000000FF000000FF000000FF000000FF000000FF000000FF000000FF000000FF000000FF000000FF000000FF000000FF000000FF000000FF000000FF000000FF000000FF000000FF000000FF000000FF000000FF000000FF000000FF000000FF000000FF000000FF000000FF000000FF000000FF000000FF000000FF000000FF000000FF000000FF000000FF000000FF000000FF000000FF000000FF000000FF000000FF000000FF000000FF000000FF000000FF000000FF000000FF000000FF000000FF000000FF000000FF000000FF000000FF000000FF000000FF000000FF000000FF000000FF000000FF000000FF000000FF000000FF000000FF000000FF000000FF000000FF000000FF000000FF000000FF000000FF000000FF000000FF000000FF000000FF000000FF000000FF000000FF000000FF000000FF000000FF000000FF000000FF000000FF000000FF000000FF000000FF000000FF000000FF000000FF000000FF000000FF000000FF000000FF000000FF000000FF000000FF000000FF000000FF000000FF000000FF000000FF000000FF000000FF000000FF000000FF000000FF000000FF000000FF000000FF000000FF000000FF000000FF000000FF000000FF000000FF000000FF000000FF000000FF000000FF000000FF000000FF000000FF000000FF000000FF000000FF000000FF000000FF000000FF000000FF000000FF000000FF000000FF000000FF000000FF000000FF000000FF000000FF000000FF000000FF000000FF000000FF000000FF000000FF000000FF000000FF000000FF000000FF000000FF000000FF000000FF000000FF000000FF000000FF000000FF000000FF000000FF000000FF000000FF000000FF000000FF000000FF000000FF000000FF000000FF000000FF000000FF000000FF000000FF000000FF000000FF000000FF000000FF000000FF000000FF000000FF000000FF000000FF000000FF000000FF000000FF000000FF000000FF000000FF000000FF000000FF000000FF000000FF000000FF000000FF000000FF000000FF000000FF000000FF000000FF000000FF000000FF000000FF000000FF000000FF000000FF000000FF000000FF000000FF000000FF000000FF000000FF000000FF000000FF000000FF000000FF000000FF000000FF000000FF000000FF000000FF000000FF000000FF000000FF000000FF000000FF000000FF000000FF000000FF000000FF000000FF000000FF000000FF000000FF000000FF000000FF000000FF000000FF000000FF000000FF000000FF000000FF000000FF000000FF000000FF000000FF000000FF000000FF000000FF000000FF000000FF000000FF000000FF000000FF000000FF000000FF000000FF000000FF000000FF000000FF000000FF000000FF000000FF000000FF000000FF000000FF000000FF000000FF000000FF000000FF000000FF000000FF000000FF000000FF000000FF000000FF000000FF000000FF000000FF000000FF000000FF000000FF000000FF000000FF000000FF000000FF000000FF000000FF000000FF000000FF000000FF000000FF000000FF000000FF000000FF000000FF000000FF000000FF000000FF000000FF000000FF000000FF000000FF000000FF000000FF2BFD99FF2BFD99FF000000FF000000FF000000FF000000FF000000FF000000FF000000FF000000FF000000FF000000FF000000FF000000FF000000FF000000FF000000FF000000FF000000FF000000FF000000FF000000FF000000FF000000FF000000FF000000FF000000FF000000FF000000FF000000FF000000FF000000FF000000FF000000FF000000FF000000FF000000FF000000FF000000FF000000FF000000FF000000FF000000FF000000FF000000FF000000FF000000FF000000FF000000FF000000FF000000FF000000FF000000FF000000FF000000FF000000FF000000FF000000FF000000FF000000FF000000FF000000FF000000FF000000FF000000FF000000FF000000FF000000FF000000FF000000FF000000FF000000FF000000FF000000FF000000FF000000FF000000FF000000FF000000FF000000FF000000FF000000FF000000FF000000FF000000FF000000FF000000FF000000FF000000FF000000FF000000FF000000FF000000FF000000FF000000FF000000FF000000FF000000FF000000FF000000FF000000FF000000FF000000FF000000FF000000FF000000FF000000FF000000FF000000FF000000FF000000FF000000FF2BFD99FF2BFD99FF000000FF000000FF000000FF000000FF000000FF000000FF000000FF000000FF000000FF000000FF000000FF000000FF000000FF000000FF000000FF000000FF000000FF000000FF000000FF000000FF000000FF000000FF2BFD99FF2BFD99FF000000FF000000FF000000FF000000FF000000FF000000FF2BFD99FF2BFD99FF000000FF000000FF000000FF000000FF2BFD99FF2BFD99FF000000FF000000FF000000FF000000FF000000FF000000FF000000FF000000FF000000FF000000FF000000FF000000FF2BFD99FF2BFD99FF000000FF000000FF000000FF000000FF000000FF000000FF000000FF000000FF000000FF000000FF000000FF000000FF2BFD99FF2BFD99FF000000FF000000FF000000FF000000FF000000FF000000FF000000FF000000FF000000FF000000FF000000FF000000FF000000FF000000FF000000FF000000FF000000FF000000FF000000FF000000FF000000FF000000FF000000FF000000FF000000FF000000FF000000FF000000FF000000FF000000FF000000FF000000FF000000FF000000FF000000FF000000FF000000FF000000FF000000FF000000FF000000FF000000FF000000FF000000FF000000FF000000FF000000FF000000FF000000FF000000FF000000FF000000FF000000FF000000FF000000FF000000FF000000FF000000FF000000FF000000FF000000FF000000FF000000FF000000FF000000FF000000FF000000FF000000FF000000FF000000FF000000FF000000FF000000FF000000FF000000FF000000FF000000FF000000FF000000FF000000FF000000FF000000FF000000FF000000FF000000FF000000FF000000FF000000FF000000FF000000FF000000FF000000FF000000FF000000FF000000FF000000FF000000FF000000FF000000FF000000FF000000FF000000FF000000FF000000FF000000FF000000FF000000FF000000FF000000FF000000FF000000FF000000FF000000FF000000FF000000FF000000FF000000FF000000FF000000FF000000FF000000FF000000FF000000FF000000FF000000FF000000FF000000FF000000FF000000FF000000FF000000FF000000FF000000FF000000FF000000FF000000FF000000FF000000FF000000FF000000FF000000FF000000FF000000FF000000FF000000FF000000FF000000FF000000FF000000FF000000FF000000FF000000FF000000FF000000FF000000FF000000FF000000FF000000FF000000FF000000FF000000FF000000FF000000FF000000FF000000FF000000FF000000FF000000FF000000FF000000FF000000FF000000FF000000FF000000FF000000FF000000FF000000FF000000FF000000FF000000FF000000FF000000FF000000FF000000FF000000FF000000FF000000FF000000FF000000FF000000FF000000FF000000FF000000FF000000FF000000FF000000FF000000FF000000FF000000FF000000FF000000FF000000FF000000FF000000FF000000FF000000FF000000FF000000FF000000FF000000FF000000FF000000FF000000FF000000FF000000FF000000FF000000FF000000FF000000FF000000FF000000FF000000FF000000FF000000FF000000FF000000FF000000FF000000FF000000FF000000FF000000FF000000FF000000FF000000FF000000FF000000FF000000FF000000FF000000FF000000FF000000FF000000FF000000FF000000FF000000FF000000FF000000FF000000FF000000FF000000FF000000FF000000FF000000FF000000FF000000FF000000FF000000FF000000FF000000FF000000FF000000FF000000FF000000FF000000FF000000FF000000FF000000FF000000FF000000FF000000FF000000FF000000FF000000FF000000FF000000FF000000FF000000FF000000FF000000FF000000FF000000FF000000FF000000FF000000FF000000FF000000FF000000FF000000FF000000FF000000FF000000FF000000FF000000FF000000FF000000FF000000FF000000FF000000FF000000FF000000FF000000FF000000FF000000FF000000FF000000FF000000FF000000FF000000FF000000FF000000FF000000FF000000FF000000FF000000FF000000FF000000FF000000FF000000FF000000FF000000FF000000FF000000FF000000FF000000FF000000FF000000FF000000FF000000FF000000FF000000FF000000FF000000FF000000FF000000FF000000FF000000FF000000FF000000FF000000FF000000FF000000FF000000FF000000FF000000FF000000FF000000FF000000FF000000FF000000FF000000FF000000FF000000FF000000FF000000FF000000FF000000FF000000FF000000FF000000FF000000FF000000FF000000FF000000FF000000FF000000FF000000FF000000FF000000FF000000FF000000FF000000FF000000FF000000FF000000FF000000FF000000FF000000FF000000FF000000FF000000FF000000FF000000FF000000FF000000FF000000FF000000FF000000FF000000FF000000FF000000FF000000FF000000FF000000FF000000FF000000FF000000FF000000FF000000FF000000FF000000FF000000FF000000FF000000FF000000FF000000FF000000FF000000FF000000FF000000FF000000FF000000FF000000FF000000FF000000FF000000FF000000FF000000FF000000FF000000FF000000FF000000FF000000FF000000FF000000FF000000FF000000FF000000FF000000FF000000FF000000FF000000FF000000FF000000FF000000FF000000FF000000FF000000FF000000FF000000FF000000FF000000FF000000FF000000FF000000FF000000FF000000FF000000FF000000FF000000FF000000FF000000FF000000FF000000FF000000FF000000FF000000FF000000FF000000FF000000FF000000FF000000FF000000FF000000FF000000FF000000FF000000FF000000FF000000FF000000FF000000FF000000FF000000FF000000FF000000FF000000FF000000FF000000FF000000FF000000FF000000FF000000FF000000FF000000FF000000FF000000FF000000FF000000FF000000FF000000FF000000FF000000FF000000FF000000FF000000FF000000FF000000FF000000FF000000FF000000FF000000FF000000FF000000FF000000FF000000FF000000FF000000FF000000FF000000FF000000FF000000FF000000FF000000FF000000FF000000FF000000FF000000FF2BFD99FF2BFD99FF000000FF000000FF000000FF000000FF000000FF000000FF2BFD99FF2BFD99FF000000FF000000FF000000FF000000FF2BFD99FF2BFD99FF000000FF000000FF000000FF000000FF000000FF000000FF000000FF000000FF000000FF000000FF000000FF000000FF2BFD99FF2BFD99FF000000FF000000FF000000FF000000FF000000FF000000FF000000FF000000FF000000FF000000FF000000FF000000FF2BFD99FF2BFD99FF000000FF000000FF000000FF000000FF000000FF000000FF000000FF000000FF000000FF000000FF000000FF000000FF000000FF000000FF000000FF000000FF000000FF000000FF000000FF000000FF000000FF000000FF000000FF000000FF000000FF000000FF000000FF000000FF000000FF000000FF000000FF000000FF000000FF000000FF000000FF000000FF000000FF000000FF000000FF000000FF000000FF000000FF000000FF000000FF000000FF000000FF000000FF000000FF000000FF000000FF000000FF000000FF000000FF000000FF000000FF000000FF000000FF000000FF000000FF000000FF000000FF000000FF000000FF000000FF000000FF000000FF000000FF000000FF000000FF000000FF000000FF000000FF000000FF000000FF000000FF000000FF000000FF000000FF000000FF000000FF000000FF000000FF000000FF000000FF000000FF000000FF000000FF000000FF000000FF000000FF000000FF000000FF000000FF000000FF000000FF000000FF000000FF000000FF000000FF000000FF000000FF000000FF000000FF000000FF000000FF000000FF000000FF000000FF000000FF000000FF000000FF000000FF000000FF000000FF000000FF000000FF000000FF000000FF000000FF000000FF000000FF000000FF000000FF000000FF000000FF000000FF000000FF000000FF000000FF000000FF000000FF000000FF000000FF000000FF000000FF000000FF000000FF000000FF000000FF000000FF000000FF000000FF000000FF000000FF000000FF000000FF000000FF000000FF000000FF000000FF000000FF000000FF000000FF000000FF000000FF000000FF000000FF000000FF000000FF000000FF000000FF000000FF000000FF000000FF000000FF000000FF000000FF000000FF000000FF000000FF000000FF000000FF000000FF000000FF000000FF000000FF000000FF000000FF000000FF000000FF000000FF000000FF000000FF000000FF000000FF000000FF000000FF000000FF000000FF000000FF000000FF000000FF000000FF000000FF000000FF000000FF000000FF000000FF000000FF000000FF000000FF000000FF000000FF000000FF000000FF000000FF000000FF000000FF000000FF000000FF000000FF000000FF000000FF000000FF000000FF000000FF000000FF000000FF000000FF000000FF000000FF000000FF000000FF000000FF000000FF000000FF000000FF000000FF000000FF000000FF000000FF000000FF000000FF000000FF000000FF000000FF000000FF000000FF000000FF000000FF000000FF000000FF000000FF000000FF000000FF000000FF000000FF000000FF000000FF000000FF000000FF000000FF000000FF000000FF000000FF000000FF000000FF000000FF000000FF000000FF000000FF000000FF000000FF000000FF000000FF000000FF000000FF000000FF000000FF000000FF000000FF000000FF000000FF000000FF000000FF000000FF000000FF000000FF000000FF000000FF000000FF000000FF000000FF000000FF000000FF000000FF000000FF000000FF000000FF000000FF000000FF000000FF000000FF000000FF000000FF000000FF000000FF000000FF000000FF000000FF000000FF000000FF000000FF000000FF000000FF000000FF000000FF000000FF000000FF000000FF000000FF000000FF000000FF000000FF000000FF000000FF000000FF000000FF000000FF000000FF000000FF000000FF000000FF000000FF000000FF000000FF000000FF000000FF000000FF000000FF000000FF000000FF000000FF000000FF000000FF000000FF000000FF000000FF000000FF000000FF000000FF000000FF000000FF000000FF000000FF000000FF000000FF000000FF000000FF000000FF000000FF000000FF000000FF000000FF000000FF000000FF000000FF000000FF000000FF000000FF000000FF000000FF000000FF000000FF000000FF000000FF000000FF000000FF000000FF000000FF000000FF000000FF000000FF000000FF000000FF000000FF000000FF000000FF000000FF000000FF000000FF000000FF000000FF000000FF000000FF000000FF000000FF000000FF000000FF000000FF000000FF000000FF000000FF000000FF000000FF000000FF000000FF000000FF000000FF000000FF000000FF000000FF000000FF000000FF000000FF000000FF000000FF000000FF000000FF000000FF000000FF000000FF000000FF000000FF000000FF000000FF000000FF000000FF000000FF000000FF000000FF000000FF000000FF000000FF000000FF000000FF000000FF000000FF000000FF000000FF000000FF000000FF000000FF000000FF000000FF000000FF000000FF000000FF000000FF000000FF000000FF000000FF000000FF000000FF000000FF000000FF000000FF000000FF000000FF000000FF000000FF000000FF000000FF000000FF000000FF000000FF000000FF000000FF000000FF000000FF000000FF000000FF000000FF000000FF000000FF000000FF000000FF000000FF000000FF000000FF000000FF000000FF000000FF000000FF000000FF000000FF000000FF000000FF000000FF000000FF000000FF000000FF000000FF000000FF000000FF000000FF000000FF000000FF000000FF000000FF000000FF000000FF000000FF000000FF000000FF000000FF000000FF000000FF000000FF000000FF000000FF000000FF000000FF000000FF000000FF000000FF000000FF000000FF000000FF000000FF000000FF000000FF000000FF000000FF000000FF000000FF2BFD99FF2BFD99FF000000FF000000FF000000FF000000FF000000FF000000FF2BFD99FF2BFD99FF000000FF000000FF000000FF000000FF2BFD99FF2BFD99FF000000FF000000FF000000FF000000FF000000FF000000FF000000FF000000FF000000FF000000FF000000FF000000FF2BFD99FF2BFD99FF000000FF000000FF000000FF000000FF000000FF000000FF000000FF000000FF000000FF000000FF000000FF000000FF2BFD99FF2BFD99FF000000FF000000FF000000FF000000FF000000FF000000FF000000FF000000FF000000FF000000FF000000FF000000FF000000FF000000FF000000FF000000FF000000FF000000FF000000FF000000FF000000FF000000FF000000FF000000FF000000FF000000FF000000FF000000FF000000FF000000FF000000FF000000FF000000FF000000FF000000FF000000FF000000FF000000FF000000FF000000FF000000FF000000FF000000FF000000FF000000FF000000FF000000FF000000FF000000FF000000FF000000FF000000FF000000FF000000FF000000FF000000FF000000FF000000FF000000FF000000FF000000FF000000FF000000FF000000FF000000FF000000FF000000FF000000FF000000FF000000FF000000FF000000FF000000FF000000FF000000FF000000FF000000FF000000FF000000FF000000FF000000FF000000FF000000FF000000FF000000FF000000FF000000FF000000FF000000FF000000FF000000FF000000FF000000FF000000FF000000FF000000FF000000FF000000FF000000FF000000FF000000FF000000FF000000FF000000FF000000FF000000FF000000FF000000FF000000FF000000FF000000FF000000FF000000FF000000FF000000FF000000FF000000FF000000FF000000FF000000FF000000FF000000FF000000FF000000FF000000FF000000FF000000FF000000FF000000FF000000FF000000FF000000FF000000FF000000FF000000FF000000FF000000FF000000FF000000FF000000FF000000FF000000FF000000FF000000FF000000FF000000FF000000FF000000FF000000FF000000FF000000FF000000FF000000FF000000FF000000FF000000FF000000FF000000FF000000FF000000FF000000FF000000FF000000FF000000FF000000FF000000FF000000FF000000FF000000FF000000FF000000FF000000FF000000FF000000FF000000FF000000FF000000FF000000FF000000FF000000FF000000FF000000FF000000FF000000FF000000FF000000FF000000FF000000FF000000FF000000FF000000FF000000FF000000FF000000FF000000FF000000FF000000FF000000FF000000FF000000FF000000FF000000FF000000FF000000FF000000FF000000FF000000FF000000FF000000FF000000FF000000FF000000FF000000FF000000FF000000FF000000FF000000FF000000FF000000FF000000FF000000FF000000FF000000FF000000FF000000FF000000FF000000FF000000FF000000FF000000FF000000FF000000FF000000FF000000FF000000FF000000FF000000FF000000FF000000FF000000FF000000FF000000FF000000FF000000FF000000FF000000FF000000FF000000FF000000FF000000FF000000FF000000FF000000FF000000FF000000FF000000FF000000FF000000FF000000FF000000FF000000FF000000FF000000FF000000FF000000FF000000FF000000FF000000FF000000FF000000FF000000FF000000FF000000FF000000FF000000FF000000FF000000FF000000FF000000FF000000FF000000FF000000FF000000FF000000FF000000FF000000FF000000FF000000FF000000FF000000FF000000FF000000FF000000FF000000FF000000FF000000FF000000FF000000FF000000FF000000FF000000FF000000FF000000FF000000FF000000FF000000FF000000FF000000FF000000FF000000FF000000FF000000FF000000FF000000FF000000FF000000FF000000FF000000FF000000FF000000FF000000FF000000FF000000FF000000FF000000FF000000FF000000FF000000FF000000FF000000FF000000FF000000FF000000FF000000FF000000FF000000FF000000FF000000FF000000FF000000FF000000FF000000FF000000FF000000FF000000FF000000FF000000FF000000FF000000FF000000FF000000FF000000FF000000FF000000FF000000FF000000FF000000FF000000FF000000FF000000FF000000FF000000FF000000FF000000FF000000FF000000FF000000FF000000FF000000FF000000FF000000FF000000FF000000FF000000FF000000FF000000FF000000FF000000FF000000FF000000FF2BFD99FF2BFD99FF000000FF000000FF000000FF000000FF000000FF000000FF000000FF000000FF000000FF000000FF000000FF000000FF000000FF000000FF000000FF000000FF000000FF000000FF000000FF000000FF000000FF000000FF000000FF000000FF000000FF000000FF000000FF000000FF000000FF000000FF000000FF000000FF000000FF000000FF000000FF000000FF000000FF000000FF000000FF000000FF000000FF000000FF000000FF000000FF000000FF000000FF000000FF000000FF000000FF000000FF000000FF000000FF000000FF000000FF000000FF000000FF000000FF000000FF000000FF000000FF000000FF000000FF000000FF000000FF000000FF000000FF000000FF000000FF000000FF000000FF000000FF000000FF000000FF000000FF000000FF000000FF000000FF000000FF000000FF000000FF000000FF000000FF000000FF000000FF000000FF000000FF000000FF000000FF000000FF000000FF000000FF000000FF000000FF000000FF000000FF000000FF000000FF000000FF000000FF000000FF000000FF000000FF000000FF000000FF000000FF000000FF000000FF000000FF000000FF000000FF000000FF000000FF000000FF000000FF000000FF000000FF000000FF000000FF000000FF000000FF000000FF000000FF000000FF000000FF000000FF000000FF000000FF000000FF000000FF000000FF000000FF000000FF000000FF000000FF2BFD99FF2BFD99FF000000FF000000FF000000FF000000FF000000FF000000FF2BFD99FF2BFD99FF000000FF000000FF000000FF000000FF2BFD99FF2BFD99FF2BFD99FF2BFD99FF2BFD99FF2BFD99FF2BFD99FF2BFD99FF2BFD99FF2BFD99FF000000FF000000FF000000FF000000FF2BFD99FF2BFD99FF2BFD99FF2BFD99FF2BFD99FF2BFD99FF2BFD99FF2BFD99FF2BFD99FF2BFD99FF000000FF000000FF000000FF000000FF2BFD99FF2BFD99FF000000FF000000FF000000FF000000FF000000FF000000FF000000FF000000FF000000FF000000FF000000FF000000FF000000FF000000FF000000FF000000FF000000FF000000FF000000FF000000FF000000FF000000FF000000FF000000FF000000FF000000FF000000FF000000FF000000FF000000FF000000FF000000FF000000FF000000FF000000FF000000FF000000FF000000FF000000FF000000FF000000FF000000FF000000FF000000FF000000FF000000FF000000FF000000FF000000FF000000FF000000FF000000FF000000FF000000FF000000FF000000FF000000FF000000FF000000FF000000FF000000FF000000FF000000FF000000FF000000FF000000FF000000FF000000FF000000FF000000FF000000FF000000FF000000FF000000FF000000FF000000FF000000FF000000FF000000FF000000FF000000FF000000FF000000FF000000FF000000FF000000FF000000FF000000FF000000FF000000FF000000FF000000FF000000FF000000FF000000FF000000FF000000FF000000FF000000FF000000FF000000FF000000FF000000FF000000FF000000FF000000FF000000FF000000FF000000FF000000FF000000FF000000FF000000FF000000FF000000FF000000FF000000FF000000FF000000FF000000FF000000FF000000FF000000FF000000FF000000FF000000FF000000FF000000FF000000FF000000FF000000FF000000FF000000FF000000FF000000FF000000FF000000FF000000FF000000FF000000FF000000FF000000FF000000FF000000FF000000FF000000FF000000FF000000FF000000FF000000FF000000FF000000FF000000FF000000FF000000FF000000FF000000FF000000FF000000FF000000FF000000FF000000FF000000FF000000FF000000FF000000FF000000FF000000FF000000FF000000FF000000FF000000FF000000FF000000FF000000FF000000FF000000FF000000FF000000FF000000FF000000FF000000FF000000FF000000FF000000FF000000FF000000FF000000FF000000FF000000FF000000FF000000FF000000FF000000FF000000FF000000FF000000FF000000FF000000FF000000FF000000FF000000FF000000FF000000FF000000FF000000FF000000FF000000FF000000FF000000FF000000FF000000FF000000FF000000FF000000FF000000FF000000FF000000FF000000FF000000FF000000FF000000FF000000FF000000FF000000FF000000FF000000FF000000FF000000FF000000FF000000FF000000FF000000FF000000FF000000FF000000FF000000FF000000FF000000FF000000FF000000FF000000FF000000FF000000FF000000FF000000FF000000FF000000FF000000FF000000FF000000FF000000FF000000FF000000FF000000FF000000FF000000FF000000FF000000FF000000FF000000FF000000FF000000FF000000FF000000FF000000FF000000FF000000FF000000FF000000FF000000FF000000FF000000FF000000FF000000FF000000FF000000FF000000FF000000FF000000FF000000FF000000FF000000FF000000FF000000FF000000FF000000FF000000FF000000FF000000FF000000FF000000FF000000FF000000FF000000FF000000FF000000FF000000FF000000FF000000FF000000FF000000FF000000FF000000FF000000FF000000FF000000FF000000FF000000FF000000FF000000FF000000FF000000FF000000FF000000FF000000FF000000FF000000FF000000FF000000FF000000FF000000FF000000FF000000FF000000FF000000FF000000FF000000FF000000FF000000FF000000FF000000FF000000FF000000FF000000FF000000FF000000FF000000FF000000FF000000FF000000FF000000FF000000FF000000FF000000FF000000FF000000FF000000FF000000FF000000FF000000FF000000FF000000FF000000FF000000FF000000FF000000FF000000FF000000FF000000FF000000FF000000FF000000FF000000FF000000FF000000FF000000FF000000FF000000FF000000FF000000FF000000FF000000FF000000FF000000FF000000FF000000FF000000FF000000FF000000FF2BFD99FF2BFD99FF000000FF000000FF000000FF000000FF000000FF000000FF000000FF000000FF000000FF000000FF000000FF000000FF000000FF000000FF000000FF000000FF000000FF000000FF000000FF000000FF000000FF000000FF000000FF000000FF000000FF000000FF000000FF000000FF000000FF000000FF000000FF000000FF000000FF000000FF000000FF000000FF000000FF000000FF000000FF000000FF000000FF000000FF000000FF000000FF000000FF000000FF000000FF000000FF000000FF000000FF000000FF000000FF000000FF000000FF000000FF000000FF000000FF000000FF000000FF000000FF000000FF000000FF000000FF000000FF000000FF000000FF000000FF000000FF000000FF000000FF000000FF000000FF000000FF000000FF000000FF000000FF000000FF000000FF000000FF000000FF000000FF000000FF000000FF000000FF000000FF000000FF000000FF000000FF000000FF000000FF000000FF000000FF000000FF000000FF000000FF000000FF000000FF000000FF000000FF000000FF000000FF000000FF000000FF000000FF000000FF000000FF000000FF000000FF000000FF000000FF000000FF000000FF000000FF000000FF000000FF000000FF000000FF000000FF000000FF000000FF000000FF000000FF000000FF000000FF000000FF000000FF000000FF000000FF000000FF000000FF000000FF000000FF000000FF000000FF2BFD99FF2BFD99FF000000FF000000FF000000FF000000FF000000FF000000FF2BFD99FF2BFD99FF000000FF000000FF000000FF000000FF2BFD99FF2BFD99FF2BFD99FF2BFD99FF2BFD99FF2BFD99FF2BFD99FF2BFD99FF2BFD99FF2BFD99FF000000FF000000FF000000FF000000FF2BFD99FF2BFD99FF2BFD99FF2BFD99FF2BFD99FF2BFD99FF2BFD99FF2BFD99FF2BFD99FF2BFD99FF000000FF000000FF000000FF000000FF2BFD99FF2BFD99FF000000FF000000FF000000FF000000FF000000FF000000FF000000FF000000FF000000FF000000FF000000FF000000FF000000FF000000FF000000FF000000FF000000FF000000FF000000FF000000FF000000FF000000FF000000FF000000FF000000FF000000FF000000FF000000FF000000FF000000FF000000FF000000FF000000FF000000FF000000FF000000FF000000FF000000FF000000FF000000FF000000FF000000FF000000FF000000FF000000FF000000FF000000FF000000FF000000FF000000FF000000FF000000FF000000FF000000FF000000FF000000FF000000FF000000FF000000FF000000FF000000FF000000FF000000FF000000FF000000FF000000FF000000FF000000FF000000FF000000FF000000FF000000FF000000FF000000FF000000FF000000FF000000FF000000FF000000FF000000FF000000FF000000FF000000FF000000FF000000FF000000FF000000FF000000FF000000FF000000FF000000FF000000FF000000FF000000FF000000FF000000FF000000FF000000FF000000FF000000FF000000FF000000FF000000FF000000FF000000FF000000FF000000FF000000FF000000FF000000FF000000FF000000FF000000FF000000FF000000FF000000FF000000FF000000FF000000FF000000FF000000FF000000FF000000FF000000FF000000FF000000FF000000FF000000FF000000FF000000FF000000FF000000FF000000FF000000FF000000FF000000FF000000FF000000FF000000FF000000FF000000FF000000FF000000FF000000FF000000FF000000FF000000FF000000FF000000FF000000FF000000FF000000FF000000FF000000FF000000FF000000FF000000FF000000FF000000FF000000FF000000FF000000FF000000FF000000FF000000FF000000FF000000FF000000FF000000FF000000FF000000FF000000FF000000FF000000FF000000FF000000FF000000FF000000FF000000FF000000FF000000FF000000FF000000FF000000FF000000FF000000FF000000FF000000FF000000FF000000FF000000FF000000FF000000FF000000FF000000FF000000FF000000FF000000FF000000FF000000FF000000FF000000FF000000FF000000FF000000FF000000FF000000FF000000FF000000FF000000FF000000FF000000FF000000FF000000FF000000FF000000FF000000FF000000FF000000FF000000FF000000FF000000FF000000FF000000FF000000FF000000FF000000FF000000FF000000FF000000FF000000FF000000FF000000FF000000FF000000FF000000FF000000FF000000FF000000FF000000FF000000FF000000FF000000FF000000FF000000FF000000FF000000FF000000FF000000FF000000FF000000FF000000FF000000FF000000FF000000FF000000FF000000FF000000FF000000FF000000FF000000FF000000FF000000FF000000FF000000FF000000FF000000FF000000FF000000FF000000FF000000FF000000FF000000FF000000FF000000FF000000FF000000FF000000FF000000FF000000FF000000FF000000FF000000FF000000FF000000FF000000FF000000FF000000FF000000FF000000FF000000FF000000FF000000FF000000FF000000FF000000FF000000FF000000FF000000FF000000FF000000FF000000FF000000FF000000FF000000FF000000FF000000FF000000FF000000FF000000FF000000FF000000FF000000FF000000FF000000FF000000FF000000FF000000FF000000FF000000FF000000FF000000FF000000FF000000FF000000FF000000FF000000FF000000FF000000FF000000FF000000FF000000FF000000FF000000FF000000FF000000FF000000FF000000FF000000FF000000FF000000FF000000FF000000FF000000FF000000FF000000FF000000FF000000FF000000FF000000FF000000FF000000FF000000FF000000FF000000FF000000FF000000FF000000FF000000FF000000FF000000FF000000FF000000FF000000FF000000FF000000FF000000FF000000FF000000FF000000FF000000FF000000FF000000FF000000FF000000FF000000FF000000FF000000FF000000FF000000FF000000FF000000FF000000FF000000FF000000FF000000FF000000FF000000FF000000FF000000FF000000FF000000FF000000FF000000FF000000FF000000FF000000FF000000FF000000FF000000FF000000FF000000FF000000FF000000FF000000FF000000FF000000FF000000FF000000FF000000FF000000FF000000FF000000FF000000FF000000FF000000FF000000FF000000FF000000FF000000FF000000FF000000FF000000FF000000FF000000FF000000FF000000FF000000FF000000FF000000FF000000FF000000FF000000FF000000FF000000FF000000FF000000FF000000FF000000FF000000FF000000FF000000FF000000FF000000FF000000FF000000FF000000FF000000FF000000FF000000FF000000FF000000FF000000FF000000FF000000FF000000FF000000FF000000FF000000FF000000FF000000FF000000FF000000FF000000FF000000FF000000FF000000FF000000FF000000FF000000FF000000FF000000FF000000FF000000FF000000FF000000FF000000FF000000FF000000FF000000FF000000FF000000FF000000FF000000FF000000FF000000FF000000FF000000FF000000FF000000FF000000FF000000FF000000FF000000FF000000FF000000FF000000FF000000FF000000FF000000FF000000FF000000FF000000FF000000FF000000FF000000FF000000FF000000FF000000FF000000FF000000FF000000FF000000FF000000FF000000FF000000FF000000FF000000FF000000FF000000FF000000FF000000FF000000FF000000FF000000FF000000FF000000FF000000FF000000FF000000FF000000FF000000FF000000FF000000FF000000FF000000FF000000FF000000FF000000FF000000FF000000FF000000FF000000FF000000FF000000FF000000FF000000FF000000FF000000FF000000FF000000FF000000FF000000FF000000FF000000FF000000FF000000FF000000FF000000FF000000FF000000FF000000FF000000FF000000FF000000FF000000FF000000FF000000FF000000FF000000FF000000FF000000FF000000FF000000FF000000FF000000FF000000FF000000FF000000FF000000FF000000FF000000FF000000FF000000FF000000FF000000FF000000FF000000FF000000FF000000FF000000FF000000FF000000FF000000FF000000FF000000FF000000FF000000FF000000FF000000FF000000FF000000FF000000FF000000FF000000FF000000FF000000FF000000FF000000FF000000FF000000FF000000FF000000FF000000FF000000FF000000FF000000FF000000FF000000FF000000FF000000FF000000FF000000FF000000FF000000FF000000FF000000FF000000FF000000FF000000FF000000FF000000FF000000FF000000FF000000FF000000FF000000FF000000FF000000FF000000FF000000FF000000FF000000FF000000FF000000FF000000FF000000FF000000FF000000FF000000FF000000FF000000FF000000FF000000FF000000FF000000FF000000FF000000FF000000FF000000FF000000FF000000FF000000FF000000FF000000FF000000FF000000FF000000FF000000FF000000FF000000FF000000FF000000FF000000FF000000FF000000FF000000FF000000FF000000FF000000FF000000FF000000FF000000FF000000FF000000FF000000FF000000FF000000FF000000FF000000FF000000FF000000FF000000FF000000FF000000FF000000FF000000FF000000FF000000FF000000FF000000FF000000FF000000FF000000FF000000FF000000FF000000FF000000FF000000FF000000FF000000FF000000FF000000FF000000FF000000FF000000FF000000FF000000FF000000FF000000FF000000FF000000FF000000FF000000FF000000FF000000FF000000FF000000FF000000FF000000FF000000FF000000FF000000FF000000FF000000FF000000FF000000FF000000FF000000FF000000FF000000FF000000FF000000FF000000FF000000FF000000FF000000FF000000FF000000FF000000FF000000FF000000FF000000FF000000FF000000FF000000FF000000FF000000FF000000FF000000FF000000FF000000FF000000FF000000FF000000FF000000FF000000FF000000FF000000FF000000FF000000FF000000FF000000FF000000FF000000FF000000FF000000FF000000FF000000FF000000FF000000FF000000FF000000FF000000FF000000FF000000FF000000FF000000FF000000FF000000FF000000FF000000FF000000FF000000FF000000FF000000FF000000FF000000FF000000FF000000FF000000FF000000FF000000FF000000FF000000FF000000FF000000FF000000FF000000FF000000FF000000FF000000FF000000FF000000FF000000FF000000FF000000FF000000FF000000FF000000FF000000FF000000FF000000FF000000FF000000FF000000FF000000FF000000FF000000FF000000FF000000FF000000FF000000FF000000FF000000FF000000FF000000FF000000FF000000FF000000FF000000FF000000FF000000FF000000FF000000FF000000FF000000FF000000FF000000FF000000FF000000FF000000FF000000FF000000FF000000FF000000FF000000FF000000FF000000FF000000FF000000FF000000FF000000FF000000FF000000FF000000FF000000FF000000FF000000FF000000FF000000FF000000FF000000FF000000FF000000FF000000FF000000FF000000FF000000FF000000FF000000FF000000FF000000FF000000FF000000FF000000FF000000FF000000FF000000FF000000FF000000FF000000FF000000FF000000FF000000FF000000FF000000FF000000FF000000FF000000FF000000FF000000FF000000FF000000FF000000FF000000FF000000FF000000FF000000FF000000FF000000FF000000FF000000FF000000FF000000FF000000FF000000FF000000FF000000FF000000FF000000FF000000FF000000FF000000FF000000FF000000FF000000FF000000FF000000FF000000FF000000FF000000FF000000FF000000FF000000FF000000FF000000FF000000FF000000FF000000FF000000FF000000FF000000FF000000FF000000FF000000FF000000FF000000FF000000FF000000FF000000FF000000FF000000FF000000FF000000FF000000FF000000FF000000FF000000FF000000FF000000FF000000FF000000FF000000FF000000FF000000FF000000FF000000FF000000FF000000FF000000FF000000FF000000FF000000FF000000FF000000FF000000FF000000FF000000FF000000FF000000FF000000FF000000FF000000FF000000FF000000FF000000FF000000FF000000FF000000FF000000FF000000FF000000FF000000FF000000FF000000FF000000FF000000FF000000FF000000FF000000FF000000FF000000FF000000FF000000FF000000FF000000FF000000FF000000FF000000FF000000FF000000FF000000FF000000FF000000FF000000FF000000FF000000FF000000FF000000FF000000FF000000FF000000FF000000FF000000FF000000FF000000FF000000FF000000FF000000FF000000FF000000FF000000FF000000FF000000FF000000FF000000FF000000FF000000FF000000FF000000FF000000FF000000FF000000FF000000FF000000FF000000FF000000FF000000FF000000FF000000FF000000FF000000FF000000FF000000FF000000FF000000FF000000FF000000FF000000FF000000FF000000FF000000FF000000FF000000FF000000FF000000FF000000FF000000FF000000FF000000FF000000FF000000FF000000FF000000FF000000FF000000FF000000FF000000FF000000FF000000FF000000FF000000FF000000FF000000FF000000FF000000FF000000FF000000FF000000FF000000FF000000FF000000FF000000FF000000FF000000FF000000FF000000FF000000FF000000FF000000FF000000FF000000FF000000FF000000FF000000FF000000FF000000FF000000FF000000FF000000FF000000FF000000FF000000FF000000FF000000FF000000FF000000FF000000FF000000FF000000FF000000FF000000FF000000FF000000FF000000FF000000FF000000FF000000FF000000FF000000FF000000FF000000FF000000FF000000FF000000FF000000FF000000FF000000FF000000FF000000FF000000FF000000FF000000FF000000FF000000FF000000FF000000FF000000FF000000FF000000FF000000FF000000FF000000FF000000FF000000FF000000FF000000FF000000FF000000FF000000FF000000FF000000FF000000FF000000FF000000FF000000FF000000FF000000FF000000FF000000FF000000FF000000FF000000FF000000FF000000FF000000FF000000FF000000FF000000FF000000FF000000FF000000FF000000FF000000FF000000FF000000FF000000FF000000FF000000FF000000FF000000FF000000FF000000FF000000FF000000FF000000FF000000FF000000FF000000FF000000FF000000FF000000FF000000FF000000FF000000FF000000FF000000FF000000FF000000FF000000FF000000FF000000FF000000FF000000FF000000FF000000FF000000FF000000FF000000FF000000FF000000FF000000FF000000FF000000FF000000FF000000FF000000FF000000FF000000FF000000FF000000FF000000FF000000FF000000FF000000FF000000FF000000FF000000FF000000FF000000FF000000FF000000FF000000FF000000FF000000FF000000FF000000FF000000FF000000FF000000FF000000FF000000FF000000FF000000FF000000FF000000FF000000FF000000FF000000FF000000FF000000FF000000FF000000FF000000FF000000FF000000FF000000FF000000FF000000FF000000FF000000FF000000FF000000FF000000FF000000FF000000FF000000FF000000FF000000FF000000FF000000FF000000FF000000FF000000FF000000FF000000FF000000FF000000FF000000FF000000FF000000FF000000FF000000FF000000FF000000FF000000FF000000FF000000FF000000FF000000FF000000FF000000FF000000FF000000FF000000FF000000FF000000FF000000FF000000FF000000FF000000FF000000FF000000FF000000FF000000FF000000FF000000FF000000FF000000FF000000FF000000FF000000FF000000FF000000FF000000FF000000FF000000FF000000FF000000FF000000FF000000FF000000FF000000FF000000FF000000FF000000FF000000FF000000FF000000FF000000FF000000FF000000FF000000FF000000FF000000FF000000FF000000FF000000FF000000FF000000FF000000FF000000FF000000FF000000FF000000FF000000FF000000FF000000FF000000FF000000FF000000FF000000FF000000FF000000FF000000FF000000FF000000FF000000FF000000FF000000FF000000FF000000FF000000FF000000FF000000FF000000FF000000FF000000FF000000FF000000FF000000FF000000FF000000FF000000FF000000FF000000FF000000FF000000FF000000FF000000FF000000FF000000FF000000FF000000FF000000FF000000FF000000FF000000FF000000FF000000FF000000FF000000FF000000FF000000FF000000FF000000FF000000FF000000FF000000FF000000FF000000FF000000FF000000FF000000FF000000FF000000FF000000FF000000FF000000FF000000FF000000FF000000FF000000FF000000FF000000FF000000FF000000FF000000FF000000FF000000FF000000FF000000FF000000FF000000FF000000FF000000FF000000FF000000FF000000FF000000FF000000FF000000FF000000FF000000FF000000FF000000FF000000FF000000FF000000FF000000FF000000FF000000FF000000FF000000FF000000FF000000FF000000FF000000FF000000FF000000FF000000FF000000FF000000FF000000FF000000FF000000FF000000FF000000FF000000FF000000FF000000FF000000FF000000FF000000FF000000FF000000FF000000FF000000FF000000FF000000FF000000FF000000FF000000FF000000FF000000FF000000FF000000FF000000FF000000FF000000FF000000FF000000FF000000FF000000FF000000FF000000FF000000FF2BFD99FF2BFD99FF2BFD99FF2BFD99FF2BFD99FF2BFD99FF000000FF000000FF000000FF000000FF000000FF000000FF000000FF000000FF000000FF000000FF000000FF000000FF000000FF000000FF000000FF000000FF000000FF000000FF000000FF000000FF000000FF000000FF000000FF000000FF000000FF000000FF000000FF000000FF000000FF000000FF000000FF000000FF000000FF000000FF000000FF000000FF000000FF000000FF000000FF000000FF000000FF000000FF000000FF000000FF000000FF000000FF000000FF000000FF000000FF000000FF000000FF000000FF000000FF000000FF000000FF000000FF000000FF000000FF000000FF000000FF000000FF000000FF000000FF000000FF000000FF000000FF000000FF000000FF000000FF000000FF000000FF000000FF000000FF000000FF000000FF000000FF000000FF000000FF000000FF000000FF000000FF000000FF000000FF000000FF000000FF000000FF000000FF000000FF000000FF000000FF000000FF000000FF000000FF000000FF000000FF000000FF000000FF000000FF000000FF000000FF000000FF000000FF000000FF000000FF000000FF000000FF000000FF000000FF000000FF000000FF000000FF000000FF000000FF000000FF000000FF000000FF000000FF000000FF000000FF000000FF000000FF000000FF000000FF000000FF000000FF000000FF000000FF000000FF000000FF000000FF000000FF000000FF000000FF000000FF2BFD99FF2BFD99FF2BFD99FF2BFD99FF2BFD99FF2BFD99FF000000FF000000FF000000FF000000FF000000FF000000FF2BFD99FF2BFD99FF000000FF000000FF000000FF000000FF000000FF000000FF2BFD99FF2BFD99FF000000FF000000FF000000FF000000FF000000FF000000FF2BFD99FF2BFD99FF2BFD99FF2BFD99FF2BFD99FF2BFD99FF000000FF000000FF000000FF000000FF000000FF000000FF2BFD99FF2BFD99FF2BFD99FF2BFD99FF2BFD99FF2BFD99FF2BFD99FF2BFD99FF2BFD99FF2BFD99FF000000FF000000FF000000FF000000FF000000FF000000FF000000FF000000FF000000FF000000FF000000FF000000FF000000FF000000FF000000FF000000FF000000FF000000FF000000FF000000FF000000FF000000FF000000FF000000FF000000FF000000FF000000FF000000FF000000FF000000FF000000FF000000FF000000FF000000FF000000FF000000FF000000FF000000FF000000FF000000FF000000FF000000FF000000FF000000FF000000FF000000FF000000FF000000FF000000FF000000FF000000FF000000FF000000FF000000FF000000FF000000FF000000FF000000FF000000FF000000FF000000FF000000FF000000FF000000FF000000FF000000FF000000FF000000FF000000FF000000FF000000FF000000FF000000FF000000FF000000FF000000FF000000FF000000FF000000FF000000FF000000FF000000FF000000FF000000FF000000FF000000FF000000FF000000FF000000FF000000FF000000FF000000FF000000FF000000FF000000FF000000FF000000FF000000FF000000FF000000FF000000FF000000FF000000FF000000FF000000FF000000FF000000FF000000FF000000FF000000FF000000FF000000FF000000FF000000FF000000FF000000FF000000FF000000FF000000FF000000FF000000FF000000FF000000FF000000FF000000FF000000FF000000FF000000FF000000FF000000FF000000FF000000FF000000FF000000FF000000FF000000FF000000FF000000FF000000FF000000FF000000FF000000FF000000FF000000FF000000FF000000FF000000FF000000FF000000FF000000FF000000FF000000FF000000FF000000FF000000FF000000FF000000FF000000FF000000FF000000FF000000FF000000FF000000FF000000FF000000FF000000FF000000FF000000FF000000FF000000FF000000FF000000FF000000FF000000FF000000FF000000FF000000FF000000FF000000FF000000FF000000FF000000FF000000FF000000FF000000FF000000FF000000FF000000FF000000FF000000FF000000FF000000FF000000FF000000FF000000FF000000FF000000FF000000FF000000FF000000FF000000FF000000FF000000FF000000FF000000FF000000FF000000FF000000FF000000FF000000FF000000FF000000FF000000FF000000FF000000FF000000FF000000FF000000FF000000FF000000FF000000FF000000FF000000FF000000FF000000FF000000FF000000FF000000FF000000FF000000FF000000FF000000FF000000FF000000FF000000FF000000FF000000FF000000FF000000FF000000FF000000FF000000FF000000FF000000FF000000FF000000FF000000FF000000FF000000FF000000FF000000FF000000FF000000FF000000FF000000FF000000FF000000FF000000FF000000FF000000FF000000FF000000FF000000FF000000FF000000FF000000FF000000FF000000FF000000FF000000FF000000FF000000FF000000FF000000FF000000FF000000FF000000FF000000FF000000FF000000FF000000FF000000FF000000FF000000FF000000FF000000FF000000FF000000FF000000FF000000FF000000FF000000FF000000FF000000FF000000FF000000FF000000FF000000FF000000FF000000FF000000FF000000FF000000FF000000FF000000FF000000FF000000FF000000FF000000FF000000FF000000FF000000FF000000FF000000FF000000FF000000FF000000FF000000FF000000FF000000FF000000FF000000FF000000FF000000FF000000FF000000FF000000FF000000FF000000FF000000FF000000FF000000FF000000FF000000FF000000FF000000FF000000FF000000FF000000FF000000FF000000FF000000FF000000FF000000FF000000FF000000FF000000FF000000FF000000FF000000FF000000FF000000FF000000FF000000FF000000FF000000FF000000FF000000FF000000FF000000FF000000FF000000FF000000FF000000FF000000FF000000FF000000FF000000FF000000FF000000FF2BFD99FF2BFD99FF2BFD99FF2BFD99FF2BFD99FF2BFD99FF000000FF000000FF000000FF000000FF000000FF000000FF000000FF000000FF000000FF000000FF000000FF000000FF000000FF000000FF000000FF000000FF000000FF000000FF000000FF000000FF000000FF000000FF000000FF000000FF000000FF000000FF000000FF000000FF000000FF000000FF000000FF000000FF000000FF000000FF000000FF000000FF000000FF000000FF000000FF000000FF000000FF000000FF000000FF000000FF000000FF000000FF000000FF000000FF000000FF000000FF000000FF000000FF000000FF000000FF000000FF000000FF000000FF000000FF000000FF000000FF000000FF000000FF000000FF000000FF000000FF000000FF000000FF000000FF000000FF000000FF000000FF000000FF000000FF000000FF000000FF000000FF000000FF000000FF000000FF000000FF000000FF000000FF000000FF000000FF000000FF000000FF000000FF000000FF000000FF000000FF000000FF000000FF000000FF000000FF000000FF000000FF000000FF000000FF000000FF000000FF000000FF000000FF000000FF000000FF000000FF000000FF000000FF000000FF000000FF000000FF000000FF000000FF000000FF000000FF000000FF000000FF000000FF000000FF000000FF000000FF000000FF000000FF000000FF000000FF000000FF000000FF000000FF000000FF000000FF000000FF000000FF000000FF000000FF000000FF2BFD99FF2BFD99FF2BFD99FF2BFD99FF2BFD99FF2BFD99FF000000FF000000FF000000FF000000FF000000FF000000FF2BFD99FF2BFD99FF000000FF000000FF000000FF000000FF000000FF000000FF2BFD99FF2BFD99FF000000FF000000FF000000FF000000FF000000FF000000FF2BFD99FF2BFD99FF2BFD99FF2BFD99FF2BFD99FF2BFD99FF000000FF000000FF000000FF000000FF000000FF000000FF2BFD99FF2BFD99FF2BFD99FF2BFD99FF2BFD99FF2BFD99FF2BFD99FF2BFD99FF2BFD99FF2BFD99FF000000FF000000FF000000FF000000FF000000FF000000FF000000FF000000FF000000FF000000FF000000FF000000FF000000FF000000FF000000FF000000FF000000FF000000FF000000FF000000FF000000FF000000FF000000FF000000FF000000FF000000FF000000FF000000FF000000FF000000FF000000FF000000FF000000FF000000FF000000FF000000FF000000FF000000FF000000FF000000FF000000FF000000FF000000FF000000FF000000FF000000FF000000FF000000FF000000FF000000FF000000FF000000FF000000FF000000FF000000FF000000FF000000FF000000FF000000FF000000FF000000FF000000FF000000FF000000FF000000FF000000FF000000FF000000FF000000FF000000FF000000FF000000FF000000FF000000FF000000FF000000FF000000FF000000FF000000FF000000FF000000FF000000FF000000FF000000FF000000FF000000FF000000FF000000FF000000FF000000FF000000FF000000FF000000FF000000FF000000FF000000FF000000FF000000FF000000FF000000FF000000FF000000FF000000FF000000FF000000FF000000FF000000FF000000FF000000FF000000FF000000FF000000FF000000FF000000FF000000FF000000FF000000FF000000FF000000FF000000FF000000FF000000FF000000FF000000FF000000FF000000FF000000FF000000FF000000FF000000FF000000FF000000FF000000FF000000FF000000FF000000FF000000FF000000FF000000FF000000FF000000FF000000FF000000FF000000FF000000FF000000FF000000FF000000FF000000FF000000FF000000FF000000FF000000FF000000FF000000FF000000FF000000FF000000FF000000FF000000FF000000FF000000FF000000FF000000FF000000FF000000FF000000FF000000FF000000FF000000FF000000FF000000FF000000FF000000FF000000FF000000FF000000FF000000FF000000FF000000FF000000FF000000FF000000FF000000FF000000FF000000FF000000FF000000FF000000FF000000FF000000FF000000FF000000FF000000FF000000FF000000FF000000FF000000FF000000FF000000FF000000FF000000FF000000FF000000FF000000FF000000FF000000FF000000FF000000FF000000FF000000FF000000FF000000FF000000FF000000FF000000FF000000FF000000FF000000FF000000FF000000FF000000FF000000FF000000FF000000FF000000FF000000FF000000FF000000FF000000FF000000FF000000FF000000FF000000FF000000FF000000FF000000FF000000FF000000FF000000FF000000FF000000FF000000FF000000FF000000FF000000FF000000FF000000FF000000FF000000FF000000FF000000FF000000FF000000FF000000FF000000FF000000FF000000FF000000FF000000FF000000FF000000FF000000FF000000FF000000FF000000FF000000FF000000FF000000FF000000FF000000FF000000FF000000FF000000FF000000FF000000FF000000FF000000FF000000FF000000FF000000FF000000FF000000FF000000FF000000FF000000FF000000FF000000FF000000FF000000FF000000FF000000FF000000FF000000FF000000FF000000FF000000FF000000FF000000FF000000FF000000FF000000FF000000FF000000FF000000FF000000FF000000FF000000FF000000FF000000FF000000FF000000FF000000FF000000FF000000FF000000FF000000FF000000FF000000FF000000FF000000FF000000FF000000FF000000FF000000FF000000FF000000FF000000FF000000FF000000FF000000FF000000FF000000FF000000FF000000FF000000FF000000FF000000FF000000FF000000FF000000FF000000FF000000FF000000FF000000FF000000FF000000FF000000FF000000FF000000FF000000FF000000FF000000FF000000FF000000FF000000FF000000FF000000FF000000FF000000FF000000FF000000FF000000FF000000FF000000FF000000FF000000FF000000FF2BFD99FF2BFD99FF000000FF000000FF000000FF000000FF000000FF000000FF2BFD99FF2BFD99FF000000FF000000FF000000FF000000FF000000FF000000FF000000FF000000FF000000FF000000FF000000FF000000FF000000FF000000FF000000FF000000FF000000FF000000FF000000FF000000FF000000FF000000FF000000FF000000FF000000FF000000FF000000FF000000FF000000FF000000FF000000FF000000FF000000FF000000FF000000FF000000FF000000FF000000FF000000FF000000FF000000FF000000FF000000FF000000FF000000FF000000FF000000FF000000FF000000FF000000FF000000FF000000FF000000FF000000FF000000FF000000FF000000FF000000FF000000FF000000FF000000FF000000FF000000FF000000FF000000FF000000FF000000FF000000FF000000FF000000FF000000FF000000FF000000FF000000FF000000FF000000FF000000FF000000FF000000FF000000FF000000FF000000FF000000FF000000FF000000FF000000FF000000FF000000FF000000FF000000FF000000FF000000FF000000FF000000FF000000FF000000FF000000FF000000FF000000FF000000FF000000FF000000FF000000FF000000FF000000FF000000FF000000FF000000FF000000FF000000FF000000FF000000FF000000FF000000FF000000FF000000FF000000FF000000FF000000FF000000FF000000FF000000FF000000FF000000FF000000FF000000FF000000FF000000FF000000FF000000FF2BFD99FF2BFD99FF000000FF000000FF000000FF000000FF000000FF000000FF2BFD99FF2BFD99FF000000FF000000FF000000FF000000FF2BFD99FF2BFD99FF000000FF000000FF000000FF000000FF000000FF000000FF2BFD99FF2BFD99FF000000FF000000FF000000FF000000FF000000FF000000FF000000FF000000FF2BFD99FF2BFD99FF000000FF000000FF000000FF000000FF000000FF000000FF000000FF000000FF000000FF000000FF000000FF000000FF2BFD99FF2BFD99FF000000FF000000FF000000FF000000FF000000FF000000FF000000FF000000FF000000FF000000FF000000FF000000FF000000FF000000FF000000FF000000FF000000FF000000FF000000FF000000FF000000FF000000FF000000FF000000FF000000FF000000FF000000FF000000FF000000FF000000FF000000FF000000FF000000FF000000FF000000FF000000FF000000FF000000FF000000FF000000FF000000FF000000FF000000FF000000FF000000FF000000FF000000FF000000FF000000FF000000FF000000FF000000FF000000FF000000FF000000FF000000FF000000FF000000FF000000FF000000FF000000FF000000FF000000FF000000FF000000FF000000FF000000FF000000FF000000FF000000FF000000FF000000FF000000FF000000FF000000FF000000FF000000FF000000FF000000FF000000FF000000FF000000FF000000FF000000FF000000FF000000FF000000FF000000FF000000FF000000FF000000FF000000FF000000FF000000FF000000FF000000FF000000FF000000FF000000FF000000FF000000FF000000FF000000FF000000FF000000FF000000FF000000FF000000FF000000FF000000FF000000FF000000FF000000FF000000FF000000FF000000FF000000FF000000FF000000FF000000FF000000FF000000FF000000FF000000FF000000FF000000FF000000FF000000FF000000FF000000FF000000FF000000FF000000FF000000FF000000FF000000FF000000FF000000FF000000FF000000FF000000FF000000FF000000FF000000FF000000FF000000FF000000FF000000FF000000FF000000FF000000FF000000FF000000FF000000FF000000FF000000FF000000FF000000FF000000FF000000FF000000FF000000FF000000FF000000FF000000FF000000FF000000FF000000FF000000FF000000FF000000FF000000FF000000FF000000FF000000FF000000FF000000FF000000FF000000FF000000FF000000FF000000FF000000FF000000FF000000FF000000FF000000FF000000FF000000FF000000FF000000FF000000FF000000FF000000FF000000FF000000FF000000FF000000FF000000FF000000FF000000FF000000FF000000FF000000FF000000FF000000FF000000FF000000FF000000FF000000FF000000FF000000FF000000FF000000FF000000FF000000FF000000FF000000FF000000FF000000FF000000FF000000FF000000FF000000FF000000FF000000FF000000FF000000FF000000FF000000FF000000FF000000FF000000FF000000FF000000FF000000FF000000FF000000FF000000FF000000FF000000FF000000FF000000FF000000FF000000FF000000FF000000FF000000FF000000FF000000FF000000FF000000FF000000FF000000FF000000FF000000FF000000FF000000FF000000FF000000FF000000FF000000FF000000FF000000FF000000FF000000FF000000FF000000FF000000FF000000FF000000FF000000FF000000FF000000FF000000FF000000FF000000FF000000FF000000FF000000FF000000FF000000FF000000FF000000FF000000FF000000FF000000FF000000FF000000FF000000FF000000FF000000FF000000FF000000FF000000FF000000FF000000FF000000FF000000FF000000FF000000FF000000FF000000FF000000FF000000FF000000FF000000FF000000FF000000FF000000FF000000FF000000FF000000FF000000FF000000FF000000FF000000FF000000FF000000FF000000FF000000FF000000FF000000FF000000FF000000FF000000FF000000FF000000FF000000FF000000FF000000FF000000FF000000FF000000FF000000FF000000FF000000FF000000FF000000FF000000FF000000FF000000FF000000FF000000FF000000FF000000FF000000FF000000FF000000FF000000FF000000FF000000FF000000FF000000FF000000FF000000FF000000FF000000FF000000FF000000FF000000FF000000FF000000FF000000FF000000FF000000FF000000FF000000FF000000FF000000FF000000FF000000FF2BFD99FF2BFD99FF000000FF000000FF000000FF000000FF000000FF000000FF2BFD99FF2BFD99FF000000FF000000FF000000FF000000FF000000FF000000FF000000FF000000FF000000FF000000FF000000FF000000FF000000FF000000FF000000FF000000FF000000FF000000FF000000FF000000FF000000FF000000FF000000FF000000FF000000FF000000FF000000FF000000FF000000FF000000FF000000FF000000FF000000FF000000FF000000FF000000FF000000FF000000FF000000FF000000FF000000FF000000FF000000FF000000FF000000FF000000FF000000FF000000FF000000FF000000FF000000FF000000FF000000FF000000FF000000FF000000FF000000FF000000FF000000FF000000FF000000FF000000FF000000FF000000FF000000FF000000FF000000FF000000FF000000FF000000FF000000FF000000FF000000FF000000FF000000FF000000FF000000FF000000FF000000FF000000FF000000FF000000FF000000FF000000FF000000FF000000FF000000FF000000FF000000FF000000FF000000FF000000FF000000FF000000FF000000FF000000FF000000FF000000FF000000FF000000FF000000FF000000FF000000FF000000FF000000FF000000FF000000FF000000FF000000FF000000FF000000FF000000FF000000FF000000FF000000FF000000FF000000FF000000FF000000FF000000FF000000FF000000FF000000FF000000FF000000FF000000FF000000FF000000FF000000FF000000FF2BFD99FF2BFD99FF000000FF000000FF000000FF000000FF000000FF000000FF2BFD99FF2BFD99FF000000FF000000FF000000FF000000FF2BFD99FF2BFD99FF000000FF000000FF000000FF000000FF000000FF000000FF2BFD99FF2BFD99FF000000FF000000FF000000FF000000FF000000FF000000FF000000FF000000FF2BFD99FF2BFD99FF000000FF000000FF000000FF000000FF000000FF000000FF000000FF000000FF000000FF000000FF000000FF000000FF2BFD99FF2BFD99FF000000FF000000FF000000FF000000FF000000FF000000FF000000FF000000FF000000FF000000FF000000FF000000FF000000FF000000FF000000FF000000FF000000FF000000FF000000FF000000FF000000FF000000FF000000FF000000FF000000FF000000FF000000FF000000FF000000FF000000FF000000FF000000FF000000FF000000FF000000FF000000FF000000FF000000FF000000FF000000FF000000FF000000FF000000FF000000FF000000FF000000FF000000FF000000FF000000FF000000FF000000FF000000FF000000FF000000FF000000FF000000FF000000FF000000FF000000FF000000FF000000FF000000FF000000FF000000FF000000FF000000FF000000FF000000FF000000FF000000FF000000FF000000FF000000FF000000FF000000FF000000FF000000FF000000FF000000FF000000FF000000FF000000FF000000FF000000FF000000FF000000FF000000FF000000FF000000FF000000FF000000FF000000FF000000FF000000FF000000FF000000FF000000FF000000FF000000FF000000FF000000FF000000FF000000FF000000FF000000FF000000FF000000FF000000FF000000FF000000FF000000FF000000FF000000FF000000FF000000FF000000FF000000FF000000FF000000FF000000FF000000FF000000FF000000FF000000FF000000FF000000FF000000FF000000FF000000FF000000FF000000FF000000FF000000FF000000FF000000FF000000FF000000FF000000FF000000FF000000FF000000FF000000FF000000FF000000FF000000FF000000FF000000FF000000FF000000FF000000FF000000FF000000FF000000FF000000FF000000FF000000FF000000FF000000FF000000FF000000FF000000FF000000FF000000FF000000FF000000FF000000FF000000FF000000FF000000FF000000FF000000FF000000FF000000FF000000FF000000FF000000FF000000FF000000FF000000FF000000FF000000FF000000FF000000FF000000FF000000FF000000FF000000FF000000FF000000FF000000FF000000FF000000FF000000FF000000FF000000FF000000FF000000FF000000FF000000FF000000FF000000FF000000FF000000FF000000FF000000FF000000FF000000FF000000FF000000FF000000FF000000FF000000FF000000FF000000FF000000FF000000FF000000FF000000FF000000FF000000FF000000FF000000FF000000FF000000FF000000FF000000FF000000FF000000FF000000FF000000FF000000FF000000FF000000FF000000FF000000FF000000FF000000FF000000FF000000FF000000FF000000FF000000FF000000FF000000FF000000FF000000FF000000FF000000FF000000FF000000FF000000FF000000FF000000FF000000FF000000FF000000FF000000FF000000FF000000FF000000FF000000FF000000FF000000FF000000FF000000FF000000FF000000FF000000FF000000FF000000FF000000FF000000FF000000FF000000FF000000FF000000FF000000FF000000FF000000FF000000FF000000FF000000FF000000FF000000FF000000FF000000FF000000FF000000FF000000FF000000FF000000FF000000FF000000FF000000FF000000FF000000FF000000FF000000FF000000FF000000FF000000FF000000FF000000FF000000FF000000FF000000FF000000FF000000FF000000FF000000FF000000FF000000FF000000FF000000FF000000FF000000FF000000FF000000FF000000FF000000FF000000FF000000FF000000FF000000FF000000FF000000FF000000FF000000FF000000FF000000FF000000FF000000FF000000FF000000FF000000FF000000FF000000FF000000FF000000FF000000FF000000FF000000FF000000FF000000FF000000FF000000FF000000FF000000FF000000FF000000FF000000FF000000FF000000FF000000FF000000FF000000FF000000FF000000FF000000FF000000FF000000FF000000FF000000FF000000FF000000FF000000FF000000FF000000FF000000FF000000FF000000FF000000FF2BFD99FF2BFD99FF000000FF000000FF000000FF000000FF000000FF000000FF2BFD99FF2BFD99FF000000FF000000FF000000FF000000FF000000FF000000FF000000FF000000FF000000FF000000FF000000FF000000FF000000FF000000FF000000FF000000FF000000FF000000FF000000FF000000FF000000FF000000FF000000FF000000FF000000FF000000FF000000FF000000FF000000FF000000FF000000FF000000FF000000FF000000FF000000FF000000FF000000FF000000FF000000FF000000FF000000FF000000FF000000FF000000FF000000FF000000FF000000FF000000FF000000FF000000FF000000FF000000FF000000FF000000FF000000FF000000FF000000FF000000FF000000FF000000FF000000FF000000FF000000FF000000FF000000FF000000FF000000FF000000FF000000FF000000FF000000FF000000FF000000FF000000FF000000FF000000FF000000FF000000FF000000FF000000FF000000FF000000FF000000FF000000FF000000FF000000FF000000FF000000FF000000FF000000FF000000FF000000FF000000FF000000FF000000FF000000FF000000FF000000FF000000FF000000FF000000FF000000FF000000FF000000FF000000FF000000FF2BFD99FF2BFD99FF000000FF000000FF000000FF000000FF000000FF000000FF000000FF000000FF000000FF000000FF000000FF000000FF000000FF000000FF000000FF000000FF000000FF000000FF000000FF000000FF000000FF000000FF2BFD99FF2BFD99FF000000FF000000FF000000FF000000FF000000FF000000FF2BFD99FF2BFD99FF000000FF000000FF000000FF000000FF2BFD99FF2BFD99FF000000FF000000FF000000FF000000FF000000FF000000FF2BFD99FF2BFD99FF000000FF000000FF000000FF000000FF000000FF000000FF000000FF000000FF2BFD99FF2BFD99FF000000FF000000FF000000FF000000FF000000FF000000FF000000FF000000FF000000FF000000FF000000FF000000FF2BFD99FF2BFD99FF000000FF000000FF000000FF000000FF000000FF000000FF000000FF000000FF000000FF000000FF000000FF000000FF000000FF000000FF000000FF000000FF000000FF000000FF000000FF000000FF000000FF000000FF000000FF000000FF000000FF000000FF000000FF000000FF000000FF000000FF000000FF000000FF000000FF000000FF000000FF000000FF000000FF000000FF000000FF000000FF000000FF000000FF000000FF000000FF000000FF000000FF000000FF000000FF000000FF000000FF000000FF000000FF000000FF000000FF000000FF000000FF000000FF000000FF000000FF000000FF000000FF000000FF000000FF000000FF000000FF000000FF000000FF000000FF000000FF000000FF000000FF000000FF000000FF000000FF000000FF000000FF000000FF000000FF000000FF000000FF000000FF000000FF000000FF000000FF000000FF000000FF000000FF000000FF000000FF000000FF000000FF000000FF000000FF000000FF000000FF000000FF000000FF000000FF000000FF000000FF000000FF000000FF000000FF000000FF000000FF000000FF000000FF000000FF000000FF000000FF000000FF000000FF000000FF000000FF000000FF000000FF000000FF000000FF000000FF000000FF000000FF000000FF000000FF000000FF000000FF000000FF000000FF000000FF000000FF000000FF000000FF000000FF000000FF000000FF000000FF000000FF000000FF000000FF000000FF000000FF000000FF000000FF000000FF000000FF000000FF000000FF000000FF000000FF000000FF000000FF000000FF000000FF000000FF000000FF000000FF000000FF000000FF000000FF000000FF000000FF000000FF000000FF000000FF000000FF000000FF000000FF000000FF000000FF000000FF000000FF000000FF000000FF000000FF000000FF000000FF000000FF000000FF000000FF000000FF000000FF000000FF000000FF000000FF000000FF000000FF000000FF000000FF000000FF000000FF000000FF000000FF000000FF000000FF000000FF000000FF000000FF000000FF000000FF000000FF000000FF000000FF000000FF000000FF000000FF000000FF000000FF000000FF000000FF000000FF000000FF000000FF000000FF000000FF000000FF000000FF000000FF000000FF000000FF000000FF000000FF000000FF000000FF000000FF000000FF000000FF000000FF000000FF000000FF000000FF000000FF000000FF000000FF000000FF000000FF000000FF000000FF000000FF000000FF000000FF000000FF000000FF000000FF000000FF000000FF000000FF000000FF000000FF000000FF000000FF000000FF000000FF000000FF000000FF000000FF000000FF000000FF000000FF000000FF000000FF000000FF000000FF000000FF000000FF000000FF000000FF000000FF000000FF000000FF000000FF000000FF000000FF000000FF000000FF000000FF000000FF000000FF000000FF000000FF000000FF000000FF000000FF000000FF000000FF000000FF000000FF000000FF000000FF000000FF000000FF000000FF000000FF000000FF000000FF000000FF000000FF000000FF000000FF000000FF000000FF000000FF000000FF000000FF000000FF000000FF000000FF000000FF000000FF000000FF000000FF000000FF000000FF000000FF000000FF000000FF000000FF000000FF000000FF000000FF000000FF000000FF000000FF000000FF000000FF000000FF000000FF000000FF000000FF000000FF000000FF000000FF000000FF000000FF000000FF000000FF000000FF000000FF000000FF000000FF000000FF000000FF000000FF000000FF000000FF000000FF000000FF000000FF000000FF000000FF000000FF000000FF000000FF000000FF000000FF000000FF000000FF000000FF000000FF000000FF000000FF000000FF000000FF000000FF000000FF000000FF000000FF000000FF000000FF000000FF000000FF000000FF000000FF000000FF2BFD99FF2BFD99FF000000FF000000FF000000FF000000FF000000FF000000FF2BFD99FF2BFD99FF000000FF000000FF000000FF000000FF000000FF000000FF000000FF000000FF000000FF000000FF000000FF000000FF000000FF000000FF000000FF000000FF000000FF000000FF000000FF000000FF000000FF000000FF000000FF000000FF000000FF000000FF000000FF000000FF000000FF000000FF000000FF000000FF000000FF000000FF000000FF000000FF000000FF000000FF000000FF000000FF000000FF000000FF000000FF000000FF000000FF000000FF000000FF000000FF000000FF000000FF000000FF000000FF000000FF000000FF000000FF000000FF000000FF000000FF000000FF000000FF000000FF000000FF000000FF000000FF000000FF000000FF000000FF000000FF000000FF000000FF000000FF000000FF000000FF000000FF000000FF000000FF000000FF000000FF000000FF000000FF000000FF000000FF000000FF000000FF000000FF000000FF000000FF000000FF000000FF000000FF000000FF000000FF000000FF000000FF000000FF000000FF000000FF000000FF000000FF000000FF000000FF000000FF000000FF000000FF000000FF000000FF2BFD99FF2BFD99FF000000FF000000FF000000FF000000FF000000FF000000FF000000FF000000FF000000FF000000FF000000FF000000FF000000FF000000FF000000FF000000FF000000FF000000FF000000FF000000FF000000FF000000FF2BFD99FF2BFD99FF000000FF000000FF000000FF000000FF000000FF000000FF2BFD99FF2BFD99FF000000FF000000FF000000FF000000FF2BFD99FF2BFD99FF000000FF000000FF000000FF000000FF000000FF000000FF2BFD99FF2BFD99FF000000FF000000FF000000FF000000FF000000FF000000FF000000FF000000FF2BFD99FF2BFD99FF000000FF000000FF000000FF000000FF000000FF000000FF000000FF000000FF000000FF000000FF000000FF000000FF2BFD99FF2BFD99FF000000FF000000FF000000FF000000FF000000FF000000FF000000FF000000FF000000FF000000FF000000FF000000FF000000FF000000FF000000FF000000FF000000FF000000FF000000FF000000FF000000FF000000FF000000FF000000FF000000FF000000FF000000FF000000FF000000FF000000FF000000FF000000FF000000FF000000FF000000FF000000FF000000FF000000FF000000FF000000FF000000FF000000FF000000FF000000FF000000FF000000FF000000FF000000FF000000FF000000FF000000FF000000FF000000FF000000FF000000FF000000FF000000FF000000FF000000FF000000FF000000FF000000FF000000FF000000FF000000FF000000FF000000FF000000FF000000FF000000FF000000FF000000FF000000FF000000FF000000FF000000FF000000FF000000FF000000FF000000FF000000FF000000FF000000FF000000FF000000FF000000FF000000FF000000FF000000FF000000FF000000FF000000FF000000FF000000FF000000FF000000FF000000FF000000FF000000FF000000FF000000FF000000FF000000FF000000FF000000FF000000FF000000FF000000FF000000FF000000FF000000FF000000FF000000FF000000FF000000FF000000FF000000FF000000FF000000FF000000FF000000FF000000FF000000FF000000FF000000FF000000FF000000FF000000FF000000FF000000FF000000FF000000FF000000FF000000FF000000FF000000FF000000FF000000FF000000FF000000FF000000FF000000FF000000FF000000FF000000FF000000FF000000FF000000FF000000FF000000FF000000FF000000FF000000FF000000FF000000FF000000FF000000FF000000FF000000FF000000FF000000FF000000FF000000FF000000FF000000FF000000FF000000FF000000FF000000FF000000FF000000FF000000FF000000FF000000FF000000FF000000FF000000FF000000FF000000FF000000FF000000FF000000FF000000FF000000FF000000FF000000FF000000FF000000FF000000FF000000FF000000FF000000FF000000FF000000FF000000FF000000FF000000FF000000FF000000FF000000FF000000FF000000FF000000FF000000FF000000FF000000FF000000FF000000FF000000FF000000FF000000FF000000FF000000FF000000FF000000FF000000FF000000FF000000FF000000FF000000FF000000FF000000FF000000FF000000FF000000FF000000FF000000FF000000FF000000FF000000FF000000FF000000FF000000FF000000FF000000FF000000FF000000FF000000FF000000FF000000FF000000FF000000FF000000FF000000FF000000FF000000FF000000FF000000FF000000FF000000FF000000FF000000FF000000FF000000FF000000FF000000FF000000FF000000FF000000FF000000FF000000FF000000FF000000FF000000FF000000FF000000FF000000FF000000FF000000FF000000FF000000FF000000FF000000FF000000FF000000FF000000FF000000FF000000FF000000FF000000FF000000FF000000FF000000FF000000FF000000FF000000FF000000FF000000FF000000FF000000FF000000FF000000FF000000FF000000FF000000FF000000FF000000FF000000FF000000FF000000FF000000FF000000FF000000FF000000FF000000FF000000FF000000FF000000FF000000FF000000FF000000FF000000FF000000FF000000FF000000FF000000FF000000FF000000FF000000FF000000FF000000FF000000FF000000FF000000FF000000FF000000FF000000FF000000FF000000FF000000FF000000FF000000FF000000FF000000FF000000FF000000FF000000FF000000FF000000FF000000FF000000FF000000FF000000FF000000FF000000FF000000FF000000FF000000FF000000FF000000FF000000FF000000FF000000FF000000FF000000FF000000FF000000FF000000FF000000FF000000FF000000FF000000FF000000FF000000FF000000FF000000FF000000FF000000FF000000FF000000FF000000FF000000FF2BFD99FF2BFD99FF000000FF000000FF000000FF000000FF000000FF000000FF2BFD99FF2BFD99FF000000FF000000FF000000FF000000FF000000FF000000FF000000FF000000FF000000FF000000FF000000FF000000FF000000FF000000FF000000FF000000FF000000FF000000FF000000FF000000FF000000FF000000FF000000FF000000FF000000FF000000FF000000FF000000FF000000FF000000FF000000FF000000FF000000FF000000FF000000FF000000FF000000FF000000FF000000FF000000FF000000FF000000FF000000FF000000FF000000FF000000FF000000FF000000FF000000FF000000FF000000FF000000FF000000FF000000FF000000FF000000FF000000FF000000FF000000FF000000FF000000FF000000FF000000FF000000FF000000FF000000FF000000FF000000FF000000FF000000FF000000FF000000FF000000FF000000FF000000FF000000FF000000FF000000FF000000FF000000FF000000FF000000FF000000FF000000FF000000FF000000FF000000FF000000FF000000FF000000FF000000FF000000FF000000FF000000FF000000FF000000FF000000FF000000FF000000FF000000FF000000FF000000FF000000FF000000FF000000FF000000FF000000FF000000FF000000FF000000FF000000FF000000FF000000FF000000FF000000FF000000FF000000FF000000FF000000FF000000FF000000FF000000FF000000FF000000FF000000FF000000FF000000FF000000FF000000FF000000FF2BFD99FF2BFD99FF000000FF000000FF000000FF000000FF000000FF000000FF2BFD99FF2BFD99FF000000FF000000FF000000FF000000FF2BFD99FF2BFD99FF000000FF000000FF000000FF000000FF000000FF000000FF2BFD99FF2BFD99FF000000FF000000FF000000FF000000FF000000FF000000FF000000FF000000FF2BFD99FF2BFD99FF000000FF000000FF000000FF000000FF000000FF000000FF000000FF000000FF000000FF000000FF000000FF000000FF2BFD99FF2BFD99FF000000FF000000FF000000FF000000FF000000FF000000FF000000FF000000FF000000FF000000FF000000FF000000FF000000FF000000FF000000FF000000FF000000FF000000FF000000FF000000FF000000FF000000FF000000FF000000FF000000FF000000FF000000FF000000FF000000FF000000FF000000FF000000FF000000FF000000FF000000FF000000FF000000FF000000FF000000FF000000FF000000FF000000FF000000FF000000FF000000FF000000FF000000FF000000FF000000FF000000FF000000FF000000FF000000FF000000FF000000FF000000FF000000FF000000FF000000FF000000FF000000FF000000FF000000FF000000FF000000FF000000FF000000FF000000FF000000FF000000FF000000FF000000FF000000FF000000FF000000FF000000FF000000FF000000FF000000FF000000FF000000FF000000FF000000FF000000FF000000FF000000FF000000FF000000FF000000FF000000FF000000FF000000FF000000FF000000FF000000FF000000FF000000FF000000FF000000FF000000FF000000FF000000FF000000FF000000FF000000FF000000FF000000FF000000FF000000FF000000FF000000FF000000FF000000FF000000FF000000FF000000FF000000FF000000FF000000FF000000FF000000FF000000FF000000FF000000FF000000FF000000FF000000FF000000FF000000FF000000FF000000FF000000FF000000FF000000FF000000FF000000FF000000FF000000FF000000FF000000FF000000FF000000FF000000FF000000FF000000FF000000FF000000FF000000FF000000FF000000FF000000FF000000FF000000FF000000FF000000FF000000FF000000FF000000FF000000FF000000FF000000FF000000FF000000FF000000FF000000FF000000FF000000FF000000FF000000FF000000FF000000FF000000FF000000FF000000FF000000FF000000FF000000FF000000FF000000FF000000FF000000FF000000FF000000FF000000FF000000FF000000FF000000FF000000FF000000FF000000FF000000FF000000FF000000FF000000FF000000FF000000FF000000FF000000FF000000FF000000FF000000FF000000FF000000FF000000FF000000FF000000FF000000FF000000FF000000FF000000FF000000FF000000FF000000FF000000FF000000FF000000FF000000FF000000FF000000FF000000FF000000FF000000FF000000FF000000FF000000FF000000FF000000FF000000FF000000FF000000FF000000FF000000FF000000FF000000FF000000FF000000FF000000FF000000FF000000FF000000FF000000FF000000FF000000FF000000FF000000FF000000FF000000FF000000FF000000FF000000FF000000FF000000FF000000FF000000FF000000FF000000FF000000FF000000FF000000FF000000FF000000FF000000FF000000FF000000FF000000FF000000FF000000FF000000FF000000FF000000FF000000FF000000FF000000FF000000FF000000FF000000FF000000FF000000FF000000FF000000FF000000FF000000FF000000FF000000FF000000FF000000FF000000FF000000FF000000FF000000FF000000FF000000FF000000FF000000FF000000FF000000FF000000FF000000FF000000FF000000FF000000FF000000FF000000FF000000FF000000FF000000FF000000FF000000FF000000FF000000FF000000FF000000FF000000FF000000FF000000FF000000FF000000FF000000FF000000FF000000FF000000FF000000FF000000FF000000FF000000FF000000FF000000FF000000FF000000FF000000FF000000FF000000FF000000FF000000FF000000FF000000FF000000FF000000FF000000FF000000FF000000FF000000FF000000FF000000FF000000FF000000FF000000FF000000FF000000FF000000FF000000FF000000FF000000FF000000FF000000FF000000FF000000FF000000FF000000FF000000FF000000FF000000FF000000FF000000FF000000FF000000FF000000FF000000FF000000FF000000FF000000FF000000FF2BFD99FF2BFD99FF000000FF000000FF000000FF000000FF000000FF000000FF2BFD99FF2BFD99FF000000FF000000FF000000FF000000FF000000FF000000FF000000FF000000FF000000FF000000FF000000FF000000FF000000FF000000FF000000FF000000FF000000FF000000FF000000FF000000FF000000FF000000FF000000FF000000FF000000FF000000FF000000FF000000FF000000FF000000FF000000FF000000FF000000FF000000FF000000FF000000FF000000FF000000FF000000FF000000FF000000FF000000FF000000FF000000FF000000FF000000FF000000FF000000FF000000FF000000FF000000FF000000FF000000FF000000FF000000FF000000FF000000FF000000FF000000FF000000FF000000FF000000FF000000FF000000FF000000FF000000FF000000FF000000FF000000FF000000FF000000FF000000FF000000FF000000FF000000FF000000FF000000FF000000FF000000FF000000FF000000FF000000FF000000FF000000FF000000FF000000FF000000FF000000FF000000FF000000FF000000FF000000FF000000FF000000FF000000FF000000FF000000FF000000FF000000FF000000FF000000FF000000FF000000FF000000FF000000FF000000FF000000FF000000FF000000FF000000FF000000FF000000FF000000FF000000FF000000FF000000FF000000FF000000FF000000FF000000FF000000FF000000FF000000FF000000FF000000FF000000FF000000FF000000FF000000FF000000FF2BFD99FF2BFD99FF000000FF000000FF000000FF000000FF000000FF000000FF2BFD99FF2BFD99FF000000FF000000FF000000FF000000FF2BFD99FF2BFD99FF000000FF000000FF000000FF000000FF000000FF000000FF2BFD99FF2BFD99FF000000FF000000FF000000FF000000FF000000FF000000FF000000FF000000FF2BFD99FF2BFD99FF000000FF000000FF000000FF000000FF000000FF000000FF000000FF000000FF000000FF000000FF000000FF000000FF2BFD99FF2BFD99FF000000FF000000FF000000FF000000FF000000FF000000FF000000FF000000FF000000FF000000FF000000FF000000FF000000FF000000FF000000FF000000FF000000FF000000FF000000FF000000FF000000FF000000FF000000FF000000FF000000FF000000FF000000FF000000FF000000FF000000FF000000FF000000FF000000FF000000FF000000FF000000FF000000FF000000FF000000FF000000FF000000FF000000FF000000FF000000FF000000FF000000FF000000FF000000FF000000FF000000FF000000FF000000FF000000FF000000FF000000FF000000FF000000FF000000FF000000FF000000FF000000FF000000FF000000FF000000FF000000FF000000FF000000FF000000FF000000FF000000FF000000FF000000FF000000FF000000FF000000FF000000FF000000FF000000FF000000FF000000FF000000FF000000FF000000FF000000FF000000FF000000FF000000FF000000FF000000FF000000FF000000FF000000FF000000FF000000FF000000FF000000FF000000FF000000FF000000FF000000FF000000FF000000FF000000FF000000FF000000FF000000FF000000FF000000FF000000FF000000FF000000FF000000FF000000FF000000FF000000FF000000FF000000FF000000FF000000FF000000FF000000FF000000FF000000FF000000FF000000FF000000FF000000FF000000FF000000FF000000FF000000FF000000FF000000FF000000FF000000FF000000FF000000FF000000FF000000FF000000FF000000FF000000FF000000FF000000FF000000FF000000FF000000FF000000FF000000FF000000FF000000FF000000FF000000FF000000FF000000FF000000FF000000FF000000FF000000FF000000FF000000FF000000FF000000FF000000FF000000FF000000FF000000FF000000FF000000FF000000FF000000FF000000FF000000FF000000FF000000FF000000FF000000FF000000FF000000FF000000FF000000FF000000FF000000FF000000FF000000FF000000FF000000FF000000FF000000FF000000FF000000FF000000FF000000FF000000FF000000FF000000FF000000FF000000FF000000FF000000FF000000FF000000FF000000FF000000FF000000FF000000FF000000FF000000FF000000FF000000FF000000FF000000FF000000FF000000FF000000FF000000FF000000FF000000FF000000FF000000FF000000FF000000FF000000FF000000FF000000FF000000FF000000FF000000FF000000FF000000FF000000FF000000FF000000FF000000FF000000FF000000FF000000FF000000FF000000FF000000FF000000FF000000FF000000FF000000FF000000FF000000FF000000FF000000FF000000FF000000FF000000FF000000FF000000FF000000FF000000FF000000FF000000FF000000FF000000FF000000FF000000FF000000FF000000FF000000FF000000FF000000FF000000FF000000FF000000FF000000FF000000FF000000FF000000FF000000FF000000FF000000FF000000FF000000FF000000FF000000FF000000FF000000FF000000FF000000FF000000FF000000FF000000FF000000FF000000FF000000FF000000FF000000FF000000FF000000FF000000FF000000FF000000FF000000FF000000FF000000FF000000FF000000FF000000FF000000FF000000FF000000FF000000FF000000FF000000FF000000FF000000FF000000FF000000FF000000FF000000FF000000FF000000FF000000FF000000FF000000FF000000FF000000FF000000FF000000FF000000FF000000FF000000FF000000FF000000FF000000FF000000FF000000FF000000FF000000FF000000FF000000FF000000FF000000FF000000FF000000FF000000FF000000FF000000FF000000FF000000FF000000FF000000FF000000FF000000FF000000FF000000FF000000FF000000FF000000FF000000FF000000FF000000FF000000FF000000FF000000FF000000FF000000FF000000FF000000FF000000FF000000FF000000FF000000FF000000FF000000FF000000FF000000FF2BFD99FF2BFD99FF000000FF000000FF2BFD99FF2BFD99FF000000FF000000FF2BFD99FF2BFD99FF000000FF000000FF000000FF000000FF000000FF000000FF000000FF000000FF000000FF000000FF000000FF000000FF000000FF000000FF000000FF000000FF000000FF000000FF000000FF000000FF000000FF000000FF000000FF000000FF000000FF000000FF000000FF000000FF000000FF000000FF000000FF000000FF000000FF000000FF000000FF000000FF000000FF000000FF000000FF000000FF000000FF000000FF000000FF000000FF000000FF000000FF000000FF000000FF000000FF000000FF000000FF000000FF000000FF000000FF000000FF000000FF000000FF000000FF000000FF000000FF000000FF000000FF000000FF000000FF000000FF000000FF000000FF000000FF000000FF000000FF000000FF000000FF000000FF000000FF000000FF000000FF000000FF000000FF000000FF000000FF000000FF000000FF000000FF000000FF000000FF000000FF000000FF000000FF000000FF000000FF000000FF000000FF000000FF000000FF000000FF000000FF000000FF000000FF000000FF000000FF000000FF000000FF000000FF000000FF000000FF000000FF2BFD99FF2BFD99FF000000FF000000FF000000FF000000FF000000FF000000FF000000FF000000FF000000FF000000FF000000FF000000FF000000FF000000FF000000FF000000FF000000FF000000FF000000FF000000FF000000FF000000FF2BFD99FF2BFD99FF000000FF000000FF2BFD99FF2BFD99FF000000FF000000FF2BFD99FF2BFD99FF000000FF000000FF000000FF000000FF2BFD99FF2BFD99FF000000FF000000FF000000FF000000FF000000FF000000FF2BFD99FF2BFD99FF000000FF000000FF000000FF000000FF000000FF000000FF000000FF000000FF2BFD99FF2BFD99FF000000FF000000FF000000FF000000FF000000FF000000FF000000FF000000FF000000FF000000FF000000FF000000FF2BFD99FF2BFD99FF000000FF000000FF000000FF000000FF000000FF000000FF000000FF000000FF000000FF000000FF000000FF000000FF000000FF000000FF000000FF000000FF000000FF000000FF000000FF000000FF000000FF000000FF000000FF000000FF000000FF000000FF000000FF000000FF000000FF000000FF000000FF000000FF000000FF000000FF000000FF000000FF000000FF000000FF000000FF000000FF000000FF000000FF000000FF000000FF000000FF000000FF000000FF000000FF000000FF000000FF000000FF000000FF000000FF000000FF000000FF000000FF000000FF000000FF000000FF000000FF000000FF000000FF000000FF000000FF000000FF000000FF000000FF000000FF000000FF000000FF000000FF000000FF000000FF000000FF000000FF000000FF000000FF000000FF000000FF000000FF000000FF000000FF000000FF000000FF000000FF000000FF000000FF000000FF000000FF000000FF000000FF000000FF000000FF000000FF000000FF000000FF000000FF000000FF000000FF000000FF000000FF000000FF000000FF000000FF000000FF000000FF000000FF000000FF000000FF000000FF000000FF000000FF000000FF000000FF000000FF000000FF000000FF000000FF000000FF000000FF000000FF000000FF000000FF000000FF000000FF000000FF000000FF000000FF000000FF000000FF000000FF000000FF000000FF000000FF000000FF000000FF000000FF000000FF000000FF000000FF000000FF000000FF000000FF000000FF000000FF000000FF000000FF000000FF000000FF000000FF000000FF000000FF000000FF000000FF000000FF000000FF000000FF000000FF000000FF000000FF000000FF000000FF000000FF000000FF000000FF000000FF000000FF000000FF000000FF000000FF000000FF000000FF000000FF000000FF000000FF000000FF000000FF000000FF000000FF000000FF000000FF000000FF000000FF000000FF000000FF000000FF000000FF000000FF000000FF000000FF000000FF000000FF000000FF000000FF000000FF000000FF000000FF000000FF000000FF000000FF000000FF000000FF000000FF000000FF000000FF000000FF000000FF000000FF000000FF000000FF000000FF000000FF000000FF000000FF000000FF000000FF000000FF000000FF000000FF000000FF000000FF000000FF000000FF000000FF000000FF000000FF000000FF000000FF000000FF000000FF000000FF000000FF000000FF000000FF000000FF000000FF000000FF000000FF000000FF000000FF000000FF000000FF000000FF000000FF000000FF000000FF000000FF000000FF000000FF000000FF000000FF000000FF000000FF000000FF000000FF000000FF000000FF000000FF000000FF000000FF000000FF000000FF000000FF000000FF000000FF000000FF000000FF000000FF000000FF000000FF000000FF000000FF000000FF000000FF000000FF000000FF000000FF000000FF000000FF000000FF000000FF000000FF000000FF000000FF000000FF000000FF000000FF000000FF000000FF000000FF000000FF000000FF000000FF000000FF000000FF000000FF000000FF000000FF000000FF000000FF000000FF000000FF000000FF000000FF000000FF000000FF000000FF000000FF000000FF000000FF000000FF000000FF000000FF000000FF000000FF000000FF000000FF000000FF000000FF000000FF000000FF000000FF000000FF000000FF000000FF000000FF000000FF000000FF000000FF000000FF000000FF000000FF000000FF000000FF000000FF000000FF000000FF000000FF000000FF000000FF000000FF000000FF000000FF000000FF000000FF000000FF000000FF000000FF000000FF000000FF000000FF000000FF000000FF000000FF000000FF000000FF000000FF000000FF000000FF000000FF000000FF000000FF000000FF000000FF000000FF000000FF000000FF000000FF000000FF000000FF000000FF000000FF2BFD99FF2BFD99FF000000FF000000FF2BFD99FF2BFD99FF000000FF000000FF2BFD99FF2BFD99FF000000FF000000FF000000FF000000FF000000FF000000FF000000FF000000FF000000FF000000FF000000FF000000FF000000FF000000FF000000FF000000FF000000FF000000FF000000FF000000FF000000FF000000FF000000FF000000FF000000FF000000FF000000FF000000FF000000FF000000FF000000FF000000FF000000FF000000FF000000FF000000FF000000FF000000FF000000FF000000FF000000FF000000FF000000FF000000FF000000FF000000FF000000FF000000FF000000FF000000FF000000FF000000FF000000FF000000FF000000FF000000FF000000FF000000FF000000FF000000FF000000FF000000FF000000FF000000FF000000FF000000FF000000FF000000FF000000FF000000FF000000FF000000FF000000FF000000FF000000FF000000FF000000FF000000FF000000FF000000FF000000FF000000FF000000FF000000FF000000FF000000FF000000FF000000FF000000FF000000FF000000FF000000FF000000FF000000FF000000FF000000FF000000FF000000FF000000FF000000FF000000FF000000FF000000FF000000FF000000FF000000FF2BFD99FF2BFD99FF000000FF000000FF000000FF000000FF000000FF000000FF000000FF000000FF000000FF000000FF000000FF000000FF000000FF000000FF000000FF000000FF000000FF000000FF000000FF000000FF000000FF000000FF2BFD99FF2BFD99FF000000FF000000FF2BFD99FF2BFD99FF000000FF000000FF2BFD99FF2BFD99FF000000FF000000FF000000FF000000FF2BFD99FF2BFD99FF000000FF000000FF000000FF000000FF000000FF000000FF2BFD99FF2BFD99FF000000FF000000FF000000FF000000FF000000FF000000FF000000FF000000FF2BFD99FF2BFD99FF000000FF000000FF000000FF000000FF000000FF000000FF000000FF000000FF000000FF000000FF000000FF000000FF2BFD99FF2BFD99FF000000FF000000FF000000FF000000FF000000FF000000FF000000FF000000FF000000FF000000FF000000FF000000FF000000FF000000FF000000FF000000FF000000FF000000FF000000FF000000FF000000FF000000FF000000FF000000FF000000FF000000FF000000FF000000FF000000FF000000FF000000FF000000FF000000FF000000FF000000FF000000FF000000FF000000FF000000FF000000FF000000FF000000FF000000FF000000FF000000FF000000FF000000FF000000FF000000FF000000FF000000FF000000FF000000FF000000FF000000FF000000FF000000FF000000FF000000FF000000FF000000FF000000FF000000FF000000FF000000FF000000FF000000FF000000FF000000FF000000FF000000FF000000FF000000FF000000FF000000FF000000FF000000FF000000FF000000FF000000FF000000FF000000FF000000FF000000FF000000FF000000FF000000FF000000FF000000FF000000FF000000FF000000FF000000FF000000FF000000FF000000FF000000FF000000FF000000FF000000FF000000FF000000FF000000FF000000FF000000FF000000FF000000FF000000FF000000FF000000FF000000FF000000FF000000FF000000FF000000FF000000FF000000FF000000FF000000FF000000FF000000FF000000FF000000FF000000FF000000FF000000FF000000FF000000FF000000FF000000FF000000FF000000FF000000FF000000FF000000FF000000FF000000FF000000FF000000FF000000FF000000FF000000FF000000FF000000FF000000FF000000FF000000FF000000FF000000FF000000FF000000FF000000FF000000FF000000FF000000FF000000FF000000FF000000FF000000FF000000FF000000FF000000FF000000FF000000FF000000FF000000FF000000FF000000FF000000FF000000FF000000FF000000FF000000FF000000FF000000FF000000FF000000FF000000FF000000FF000000FF000000FF000000FF000000FF000000FF000000FF000000FF000000FF000000FF000000FF000000FF000000FF000000FF000000FF000000FF000000FF000000FF000000FF000000FF000000FF000000FF000000FF000000FF000000FF000000FF000000FF000000FF000000FF000000FF000000FF000000FF000000FF000000FF000000FF000000FF000000FF000000FF000000FF000000FF000000FF000000FF000000FF000000FF000000FF000000FF000000FF000000FF000000FF000000FF000000FF000000FF000000FF000000FF000000FF000000FF000000FF000000FF000000FF000000FF000000FF000000FF000000FF000000FF000000FF000000FF000000FF000000FF000000FF000000FF000000FF000000FF000000FF000000FF000000FF000000FF000000FF000000FF000000FF000000FF000000FF000000FF000000FF000000FF000000FF000000FF000000FF000000FF000000FF000000FF000000FF000000FF000000FF000000FF000000FF000000FF000000FF000000FF000000FF000000FF000000FF000000FF000000FF000000FF000000FF000000FF000000FF000000FF000000FF000000FF000000FF000000FF000000FF000000FF000000FF000000FF000000FF000000FF000000FF000000FF000000FF000000FF000000FF000000FF000000FF000000FF000000FF000000FF000000FF000000FF000000FF000000FF000000FF000000FF000000FF000000FF000000FF000000FF000000FF000000FF000000FF000000FF000000FF000000FF000000FF000000FF000000FF000000FF000000FF000000FF000000FF000000FF000000FF000000FF000000FF000000FF000000FF000000FF000000FF000000FF000000FF000000FF000000FF000000FF000000FF000000FF000000FF000000FF000000FF000000FF000000FF000000FF000000FF000000FF000000FF000000FF000000FF000000FF000000FF000000FF000000FF000000FF000000FF000000FF000000FF000000FF000000FF000000FF000000FF000000FF000000FF000000FF000000FF000000FF2BFD99FF2BFD99FF000000FF000000FF000000FF000000FF2BFD99FF2BFD99FF000000FF000000FF000000FF000000FF000000FF000000FF000000FF000000FF000000FF000000FF000000FF000000FF000000FF000000FF000000FF000000FF000000FF000000FF000000FF000000FF000000FF000000FF000000FF000000FF000000FF000000FF000000FF000000FF000000FF000000FF000000FF000000FF000000FF000000FF000000FF000000FF000000FF000000FF000000FF000000FF000000FF000000FF000000FF000000FF000000FF000000FF000000FF000000FF000000FF000000FF000000FF000000FF000000FF000000FF000000FF000000FF000000FF000000FF000000FF000000FF000000FF000000FF000000FF000000FF000000FF000000FF000000FF000000FF000000FF000000FF000000FF000000FF000000FF000000FF000000FF000000FF000000FF000000FF000000FF000000FF000000FF000000FF000000FF000000FF000000FF000000FF000000FF000000FF000000FF000000FF000000FF000000FF000000FF000000FF000000FF000000FF000000FF000000FF000000FF000000FF000000FF000000FF000000FF000000FF000000FF000000FF000000FF000000FF000000FF000000FF000000FF000000FF000000FF000000FF000000FF000000FF000000FF000000FF000000FF000000FF000000FF000000FF000000FF000000FF000000FF000000FF000000FF000000FF000000FF000000FF000000FF000000FF2BFD99FF2BFD99FF000000FF000000FF000000FF000000FF2BFD99FF2BFD99FF000000FF000000FF000000FF000000FF000000FF000000FF2BFD99FF2BFD99FF000000FF000000FF000000FF000000FF000000FF000000FF2BFD99FF2BFD99FF000000FF000000FF000000FF000000FF000000FF000000FF000000FF000000FF2BFD99FF2BFD99FF000000FF000000FF000000FF000000FF000000FF000000FF000000FF000000FF000000FF000000FF000000FF000000FF2BFD99FF2BFD99FF000000FF000000FF000000FF000000FF000000FF000000FF000000FF000000FF000000FF000000FF000000FF000000FF000000FF000000FF000000FF000000FF000000FF000000FF000000FF000000FF000000FF000000FF000000FF000000FF000000FF000000FF000000FF000000FF000000FF000000FF000000FF000000FF000000FF000000FF000000FF000000FF000000FF000000FF000000FF000000FF000000FF000000FF000000FF000000FF000000FF000000FF000000FF000000FF000000FF000000FF000000FF000000FF000000FF000000FF000000FF000000FF000000FF000000FF000000FF000000FF000000FF000000FF000000FF000000FF000000FF000000FF000000FF000000FF000000FF000000FF000000FF000000FF000000FF000000FF000000FF000000FF000000FF000000FF000000FF000000FF000000FF000000FF000000FF000000FF000000FF000000FF000000FF000000FF000000FF000000FF000000FF000000FF000000FF000000FF000000FF000000FF000000FF000000FF000000FF000000FF000000FF000000FF000000FF000000FF000000FF000000FF000000FF000000FF000000FF000000FF000000FF000000FF000000FF000000FF000000FF000000FF000000FF000000FF000000FF000000FF000000FF000000FF000000FF000000FF000000FF000000FF000000FF000000FF000000FF000000FF000000FF000000FF000000FF000000FF000000FF000000FF000000FF000000FF000000FF000000FF000000FF000000FF000000FF000000FF000000FF000000FF000000FF000000FF000000FF000000FF000000FF000000FF000000FF000000FF000000FF000000FF000000FF000000FF000000FF000000FF000000FF000000FF000000FF000000FF000000FF000000FF000000FF000000FF000000FF000000FF000000FF000000FF000000FF000000FF000000FF000000FF000000FF000000FF000000FF000000FF000000FF000000FF000000FF000000FF000000FF000000FF000000FF000000FF000000FF000000FF000000FF000000FF000000FF000000FF000000FF000000FF000000FF000000FF000000FF000000FF000000FF000000FF000000FF000000FF000000FF000000FF000000FF000000FF000000FF000000FF000000FF000000FF000000FF000000FF000000FF000000FF000000FF000000FF000000FF000000FF000000FF000000FF000000FF000000FF000000FF000000FF000000FF000000FF000000FF000000FF000000FF000000FF000000FF000000FF000000FF000000FF000000FF000000FF000000FF000000FF000000FF000000FF000000FF000000FF000000FF000000FF000000FF000000FF000000FF000000FF000000FF000000FF000000FF000000FF000000FF000000FF000000FF000000FF000000FF000000FF000000FF000000FF000000FF000000FF000000FF000000FF000000FF000000FF000000FF000000FF000000FF000000FF000000FF000000FF000000FF000000FF000000FF000000FF000000FF000000FF000000FF000000FF000000FF000000FF000000FF000000FF000000FF000000FF000000FF000000FF000000FF000000FF000000FF000000FF000000FF000000FF000000FF000000FF000000FF000000FF000000FF000000FF000000FF000000FF000000FF000000FF000000FF000000FF000000FF000000FF000000FF000000FF000000FF000000FF000000FF000000FF000000FF000000FF000000FF000000FF000000FF000000FF000000FF000000FF000000FF000000FF000000FF000000FF000000FF000000FF000000FF000000FF000000FF000000FF000000FF000000FF000000FF000000FF000000FF000000FF000000FF000000FF000000FF000000FF000000FF000000FF000000FF000000FF000000FF000000FF000000FF000000FF000000FF000000FF000000FF000000FF000000FF000000FF000000FF000000FF000000FF000000FF000000FF000000FF000000FF000000FF000000FF000000FF000000FF000000FF000000FF000000FF2BFD99FF2BFD99FF000000FF000000FF000000FF000000FF2BFD99FF2BFD99FF000000FF000000FF000000FF000000FF000000FF000000FF000000FF000000FF000000FF000000FF000000FF000000FF000000FF000000FF000000FF000000FF000000FF000000FF000000FF000000FF000000FF000000FF000000FF000000FF000000FF000000FF000000FF000000FF000000FF000000FF000000FF000000FF000000FF000000FF000000FF000000FF000000FF000000FF000000FF000000FF000000FF000000FF000000FF000000FF000000FF000000FF000000FF000000FF000000FF000000FF000000FF000000FF000000FF000000FF000000FF000000FF000000FF000000FF000000FF000000FF000000FF000000FF000000FF000000FF000000FF000000FF000000FF000000FF000000FF000000FF000000FF000000FF000000FF000000FF000000FF000000FF000000FF000000FF000000FF000000FF000000FF000000FF000000FF000000FF000000FF000000FF000000FF000000FF000000FF000000FF000000FF000000FF000000FF000000FF000000FF000000FF000000FF000000FF000000FF000000FF000000FF000000FF000000FF000000FF000000FF000000FF000000FF000000FF000000FF000000FF000000FF000000FF000000FF000000FF000000FF000000FF000000FF000000FF000000FF000000FF000000FF000000FF000000FF000000FF000000FF000000FF000000FF000000FF000000FF000000FF000000FF000000FF2BFD99FF2BFD99FF000000FF000000FF000000FF000000FF2BFD99FF2BFD99FF000000FF000000FF000000FF000000FF000000FF000000FF2BFD99FF2BFD99FF000000FF000000FF000000FF000000FF000000FF000000FF2BFD99FF2BFD99FF000000FF000000FF000000FF000000FF000000FF000000FF000000FF000000FF2BFD99FF2BFD99FF000000FF000000FF000000FF000000FF000000FF000000FF000000FF000000FF000000FF000000FF000000FF000000FF2BFD99FF2BFD99FF000000FF000000FF000000FF000000FF000000FF000000FF000000FF000000FF000000FF000000FF000000FF000000FF000000FF000000FF000000FF000000FF000000FF000000FF000000FF000000FF000000FF000000FF000000FF000000FF000000FF000000FF000000FF000000FF000000FF000000FF000000FF000000FF000000FF000000FF000000FF000000FF000000FF000000FF000000FF000000FF000000FF000000FF000000FF000000FF000000FF000000FF000000FF000000FF000000FF000000FF000000FF000000FF000000FF000000FF000000FF000000FF000000FF000000FF000000FF000000FF000000FF000000FF000000FF000000FF000000FF000000FF000000FF000000FF000000FF000000FF000000FF000000FF000000FF000000FF000000FF000000FF000000FF000000FF000000FF000000FF000000FF000000FF000000FF000000FF000000FF000000FF000000FF000000FF000000FF000000FF000000FF000000FF000000FF000000FF000000FF000000FF000000FF000000FF000000FF000000FF000000FF000000FF000000FF000000FF000000FF000000FF000000FF000000FF000000FF000000FF000000FF000000FF000000FF000000FF000000FF000000FF000000FF000000FF000000FF000000FF000000FF000000FF000000FF000000FF000000FF000000FF000000FF000000FF000000FF000000FF000000FF000000FF000000FF000000FF000000FF000000FF000000FF000000FF000000FF000000FF000000FF000000FF000000FF000000FF000000FF000000FF000000FF000000FF000000FF000000FF000000FF000000FF000000FF000000FF000000FF000000FF000000FF000000FF000000FF000000FF000000FF000000FF000000FF000000FF000000FF000000FF000000FF000000FF000000FF000000FF000000FF000000FF000000FF000000FF000000FF000000FF000000FF000000FF000000FF000000FF000000FF000000FF000000FF000000FF000000FF000000FF000000FF000000FF000000FF000000FF000000FF000000FF000000FF000000FF000000FF000000FF000000FF000000FF000000FF000000FF000000FF000000FF000000FF000000FF000000FF000000FF000000FF000000FF000000FF000000FF000000FF000000FF000000FF000000FF000000FF000000FF000000FF000000FF000000FF000000FF000000FF000000FF000000FF000000FF000000FF000000FF000000FF000000FF000000FF000000FF000000FF000000FF000000FF000000FF000000FF000000FF000000FF000000FF000000FF000000FF000000FF000000FF000000FF000000FF000000FF000000FF000000FF000000FF000000FF000000FF000000FF000000FF000000FF000000FF000000FF000000FF000000FF000000FF000000FF000000FF000000FF000000FF000000FF000000FF000000FF000000FF000000FF000000FF000000FF000000FF000000FF000000FF000000FF000000FF000000FF000000FF000000FF000000FF000000FF000000FF000000FF000000FF000000FF000000FF000000FF000000FF000000FF000000FF000000FF000000FF000000FF000000FF000000FF000000FF000000FF000000FF000000FF000000FF000000FF000000FF000000FF000000FF000000FF000000FF000000FF000000FF000000FF000000FF000000FF000000FF000000FF000000FF000000FF000000FF000000FF000000FF000000FF000000FF000000FF000000FF000000FF000000FF000000FF000000FF000000FF000000FF000000FF000000FF000000FF000000FF000000FF000000FF000000FF000000FF000000FF000000FF000000FF000000FF000000FF000000FF000000FF000000FF000000FF000000FF000000FF000000FF000000FF000000FF000000FF000000FF000000FF000000FF000000FF000000FF000000FF000000FF000000FF000000FF000000FF000000FF000000FF000000FF000000FF000000FF000000FF000000FF000000FF000000FF000000FF000000FF000000FF000000FF000000FF000000FF2BFD99FF2BFD99FF2BFD99FF2BFD99FF000000FF000000FF2BFD99FF2BFD99FF000000FF000000FF000000FF000000FF000000FF000000FF000000FF000000FF000000FF000000FF000000FF000000FF000000FF000000FF000000FF000000FF000000FF000000FF000000FF000000FF000000FF000000FF000000FF000000FF000000FF000000FF000000FF000000FF000000FF000000FF000000FF000000FF000000FF000000FF000000FF000000FF000000FF000000FF000000FF000000FF000000FF000000FF000000FF000000FF000000FF000000FF000000FF000000FF000000FF000000FF000000FF000000FF000000FF000000FF000000FF000000FF000000FF000000FF000000FF000000FF000000FF000000FF000000FF000000FF000000FF000000FF000000FF000000FF000000FF000000FF000000FF000000FF000000FF000000FF000000FF000000FF000000FF000000FF000000FF000000FF000000FF000000FF000000FF000000FF000000FF000000FF000000FF000000FF000000FF000000FF000000FF000000FF000000FF000000FF000000FF000000FF000000FF000000FF000000FF000000FF000000FF000000FF000000FF000000FF000000FF000000FF000000FF000000FF000000FF000000FF000000FF000000FF000000FF000000FF000000FF000000FF000000FF000000FF000000FF000000FF000000FF000000FF000000FF000000FF000000FF000000FF000000FF000000FF000000FF000000FF000000FF000000FF2BFD99FF2BFD99FF2BFD99FF2BFD99FF000000FF000000FF2BFD99FF2BFD99FF000000FF000000FF000000FF000000FF000000FF000000FF2BFD99FF2BFD99FF2BFD99FF2BFD99FF2BFD99FF2BFD99FF000000FF000000FF000000FF000000FF000000FF000000FF000000FF000000FF2BFD99FF2BFD99FF2BFD99FF2BFD99FF2BFD99FF2BFD99FF000000FF000000FF000000FF000000FF000000FF000000FF000000FF000000FF000000FF000000FF2BFD99FF2BFD99FF000000FF000000FF000000FF000000FF000000FF000000FF000000FF000000FF000000FF000000FF000000FF000000FF000000FF000000FF000000FF000000FF000000FF000000FF000000FF000000FF000000FF000000FF000000FF000000FF000000FF000000FF000000FF000000FF000000FF000000FF000000FF000000FF000000FF000000FF000000FF000000FF000000FF000000FF000000FF000000FF000000FF000000FF000000FF000000FF000000FF000000FF000000FF000000FF000000FF000000FF000000FF000000FF000000FF000000FF000000FF000000FF000000FF000000FF000000FF000000FF000000FF000000FF000000FF000000FF000000FF000000FF000000FF000000FF000000FF000000FF000000FF000000FF000000FF000000FF000000FF000000FF000000FF000000FF000000FF000000FF000000FF000000FF000000FF000000FF000000FF000000FF000000FF000000FF000000FF000000FF000000FF000000FF000000FF000000FF000000FF000000FF000000FF000000FF000000FF000000FF000000FF000000FF000000FF000000FF000000FF000000FF000000FF000000FF000000FF000000FF000000FF000000FF000000FF000000FF000000FF000000FF000000FF000000FF000000FF000000FF000000FF000000FF000000FF000000FF000000FF000000FF000000FF000000FF000000FF000000FF000000FF000000FF000000FF000000FF000000FF000000FF000000FF000000FF000000FF000000FF000000FF000000FF000000FF000000FF000000FF000000FF000000FF000000FF000000FF000000FF000000FF000000FF000000FF000000FF000000FF000000FF000000FF000000FF000000FF000000FF000000FF000000FF000000FF000000FF000000FF000000FF000000FF000000FF000000FF000000FF000000FF000000FF000000FF000000FF000000FF000000FF000000FF000000FF000000FF000000FF000000FF000000FF000000FF000000FF000000FF000000FF000000FF000000FF000000FF000000FF000000FF000000FF000000FF000000FF000000FF000000FF000000FF000000FF000000FF000000FF000000FF000000FF000000FF000000FF000000FF000000FF000000FF000000FF000000FF000000FF000000FF000000FF000000FF000000FF000000FF000000FF000000FF000000FF000000FF000000FF000000FF000000FF000000FF000000FF000000FF000000FF000000FF000000FF000000FF000000FF000000FF000000FF000000FF000000FF000000FF000000FF000000FF000000FF000000FF000000FF000000FF000000FF000000FF000000FF000000FF000000FF000000FF000000FF000000FF000000FF000000FF000000FF000000FF000000FF000000FF000000FF000000FF000000FF000000FF000000FF000000FF000000FF000000FF000000FF000000FF000000FF000000FF000000FF000000FF000000FF000000FF000000FF000000FF000000FF000000FF000000FF000000FF000000FF000000FF000000FF000000FF000000FF000000FF000000FF000000FF000000FF000000FF000000FF000000FF000000FF000000FF000000FF000000FF000000FF000000FF000000FF000000FF000000FF000000FF000000FF000000FF000000FF000000FF000000FF000000FF000000FF000000FF000000FF000000FF000000FF000000FF000000FF000000FF000000FF000000FF000000FF000000FF000000FF000000FF000000FF000000FF000000FF000000FF000000FF000000FF000000FF000000FF000000FF000000FF000000FF000000FF000000FF000000FF000000FF000000FF000000FF000000FF000000FF000000FF000000FF000000FF000000FF000000FF000000FF000000FF000000FF000000FF000000FF000000FF000000FF000000FF000000FF000000FF000000FF000000FF000000FF000000FF000000FF000000FF000000FF000000FF000000FF000000FF000000FF000000FF000000FF000000FF000000FF000000FF000000FF000000FF000000FF000000FF000000FF2BFD99FF2BFD99FF2BFD99FF2BFD99FF000000FF000000FF2BFD99FF2BFD99FF000000FF000000FF000000FF000000FF000000FF000000FF000000FF000000FF000000FF000000FF000000FF000000FF000000FF000000FF000000FF000000FF000000FF000000FF000000FF000000FF000000FF000000FF000000FF000000FF000000FF000000FF000000FF000000FF000000FF000000FF000000FF000000FF000000FF000000FF000000FF000000FF000000FF000000FF000000FF000000FF000000FF000000FF000000FF000000FF000000FF000000FF000000FF000000FF000000FF000000FF000000FF000000FF000000FF000000FF000000FF000000FF000000FF000000FF000000FF000000FF000000FF000000FF000000FF000000FF000000FF000000FF000000FF000000FF000000FF000000FF000000FF000000FF000000FF000000FF000000FF000000FF000000FF000000FF000000FF000000FF000000FF000000FF000000FF000000FF000000FF000000FF000000FF000000FF000000FF000000FF000000FF000000FF000000FF000000FF000000FF000000FF000000FF000000FF000000FF000000FF000000FF000000FF000000FF000000FF000000FF000000FF000000FF000000FF000000FF000000FF000000FF000000FF000000FF000000FF000000FF000000FF000000FF000000FF000000FF000000FF000000FF000000FF000000FF000000FF000000FF000000FF000000FF000000FF000000FF000000FF000000FF000000FF2BFD99FF2BFD99FF2BFD99FF2BFD99FF000000FF000000FF2BFD99FF2BFD99FF000000FF000000FF000000FF000000FF000000FF000000FF2BFD99FF2BFD99FF2BFD99FF2BFD99FF2BFD99FF2BFD99FF000000FF000000FF000000FF000000FF000000FF000000FF000000FF000000FF2BFD99FF2BFD99FF2BFD99FF2BFD99FF2BFD99FF2BFD99FF000000FF000000FF000000FF000000FF000000FF000000FF000000FF000000FF000000FF000000FF2BFD99FF2BFD99FF000000FF000000FF000000FF000000FF000000FF000000FF000000FF000000FF000000FF000000FF000000FF000000FF000000FF000000FF000000FF000000FF000000FF000000FF000000FF000000FF000000FF000000FF000000FF000000FF000000FF000000FF000000FF000000FF000000FF000000FF000000FF000000FF000000FF000000FF000000FF000000FF000000FF000000FF000000FF000000FF000000FF000000FF000000FF000000FF000000FF000000FF000000FF000000FF000000FF000000FF000000FF000000FF000000FF000000FF000000FF000000FF000000FF000000FF000000FF000000FF000000FF000000FF000000FF000000FF000000FF000000FF000000FF000000FF000000FF000000FF000000FF000000FF000000FF000000FF000000FF000000FF000000FF000000FF000000FF000000FF000000FF000000FF000000FF000000FF000000FF000000FF000000FF000000FF000000FF000000FF000000FF000000FF000000FF000000FF000000FF000000FF000000FF000000FF000000FF000000FF000000FF000000FF000000FF000000FF000000FF000000FF000000FF000000FF000000FF000000FF000000FF000000FF000000FF000000FF000000FF000000FF000000FF000000FF000000FF000000FF000000FF000000FF000000FF000000FF000000FF000000FF000000FF000000FF000000FF000000FF000000FF000000FF000000FF000000FF000000FF000000FF000000FF000000FF000000FF000000FF000000FF000000FF000000FF000000FF000000FF000000FF000000FF000000FF000000FF000000FF000000FF000000FF000000FF000000FF000000FF000000FF000000FF000000FF000000FF000000FF000000FF000000FF000000FF000000FF000000FF000000FF000000FF000000FF000000FF000000FF000000FF000000FF000000FF000000FF000000FF000000FF000000FF000000FF000000FF000000FF000000FF000000FF000000FF000000FF000000FF000000FF000000FF000000FF000000FF000000FF000000FF000000FF000000FF000000FF000000FF000000FF000000FF000000FF000000FF000000FF000000FF000000FF000000FF000000FF000000FF000000FF000000FF000000FF000000FF000000FF000000FF000000FF000000FF000000FF000000FF000000FF000000FF000000FF000000FF000000FF000000FF000000FF000000FF000000FF000000FF000000FF000000FF000000FF000000FF000000FF000000FF000000FF000000FF000000FF000000FF000000FF000000FF000000FF000000FF000000FF000000FF000000FF000000FF000000FF000000FF000000FF000000FF000000FF000000FF000000FF000000FF000000FF000000FF000000FF000000FF000000FF000000FF000000FF000000FF000000FF000000FF000000FF000000FF000000FF000000FF000000FF000000FF000000FF000000FF000000FF000000FF000000FF000000FF000000FF000000FF000000FF000000FF000000FF000000FF000000FF000000FF000000FF000000FF000000FF000000FF000000FF000000FF000000FF000000FF000000FF000000FF000000FF000000FF000000FF000000FF000000FF000000FF000000FF000000FF000000FF000000FF000000FF000000FF000000FF000000FF000000FF000000FF000000FF000000FF000000FF000000FF000000FF000000FF000000FF000000FF000000FF000000FF000000FF000000FF000000FF000000FF000000FF000000FF000000FF000000FF000000FF000000FF000000FF000000FF000000FF000000FF000000FF000000FF000000FF000000FF000000FF000000FF000000FF000000FF000000FF000000FF000000FF000000FF000000FF000000FF000000FF000000FF000000FF000000FF000000FF000000FF000000FF000000FF000000FF000000FF000000FF000000FF000000FF000000FF000000FF000000FF000000FF000000FF000000FF000000FF000000FF000000FF000000FF000000FF000000FF000000FF000000FF000000FF000000FF000000FF000000FF000000FF000000FF000000FF000000FF000000FF000000FF000000FF000000FF000000FF000000FF000000FF000000FF000000FF000000FF000000FF000000FF000000FF000000FF000000FF000000FF000000FF000000FF000000FF000000FF000000FF000000FF000000FF000000FF000000FF000000FF000000FF000000FF000000FF000000FF000000FF000000FF000000FF000000FF000000FF000000FF000000FF000000FF000000FF000000FF000000FF000000FF000000FF000000FF000000FF000000FF000000FF000000FF000000FF000000FF000000FF000000FF000000FF000000FF000000FF000000FF000000FF000000FF000000FF000000FF000000FF000000FF000000FF000000FF000000FF000000FF000000FF000000FF000000FF000000FF000000FF000000FF000000FF000000FF000000FF000000FF000000FF000000FF000000FF000000FF000000FF000000FF000000FF000000FF000000FF000000FF000000FF000000FF000000FF000000FF000000FF000000FF000000FF000000FF000000FF000000FF000000FF000000FF000000FF000000FF000000FF000000FF000000FF000000FF000000FF000000FF000000FF000000FF000000FF000000FF000000FF000000FF000000FF000000FF000000FF000000FF000000FF000000FF000000FF000000FF000000FF000000FF000000FF000000FF000000FF000000FF000000FF000000FF000000FF000000FF000000FF000000FF000000FF000000FF000000FF000000FF000000FF000000FF000000FF000000FF000000FF000000FF000000FF000000FF000000FF000000FF000000FF000000FF000000FF000000FF000000FF000000FF000000FF000000FF000000FF000000FF000000FF000000FF000000FF000000FF000000FF000000FF000000FF000000FF000000FF000000FF000000FF000000FF000000FF000000FF000000FF000000FF000000FF000000FF000000FF000000FF000000FF000000FF000000FF000000FF000000FF000000FF000000FF000000FF000000FF000000FF000000FF000000FF000000FF000000FF000000FF000000FF000000FF000000FF000000FF000000FF000000FF000000FF000000FF000000FF000000FF000000FF000000FF000000FF000000FF000000FF000000FF000000FF000000FF000000FF000000FF000000FF000000FF000000FF000000FF000000FF000000FF000000FF000000FF000000FF000000FF000000FF000000FF000000FF000000FF000000FF000000FF000000FF000000FF000000FF000000FF000000FF000000FF000000FF000000FF000000FF000000FF000000FF000000FF000000FF000000FF000000FF000000FF000000FF000000FF000000FF000000FF000000FF000000FF000000FF000000FF000000FF000000FF000000FF000000FF000000FF000000FF000000FF000000FF000000FF000000FF000000FF000000FF000000FF000000FF000000FF000000FF000000FF000000FF000000FF000000FF000000FF000000FF000000FF000000FF000000FF000000FF000000FF000000FF000000FF000000FF000000FF000000FF000000FF000000FF000000FF000000FF000000FF000000FF000000FF000000FF000000FF000000FF000000FF000000FF000000FF000000FF000000FF000000FF000000FF000000FF000000FF000000FF000000FF000000FF000000FF000000FF000000FF000000FF000000FF000000FF000000FF000000FF000000FF000000FF000000FF000000FF000000FF000000FF000000FF000000FF000000FF000000FF000000FF000000FF000000FF000000FF000000FF000000FF000000FF000000FF000000FF000000FF000000FF000000FF000000FF000000FF000000FF000000FF000000FF000000FF000000FF000000FF000000FF000000FF000000FF000000FF000000FF000000FF000000FF000000FF000000FF000000FF000000FF000000FF000000FF000000FF000000FF000000FF000000FF000000FF000000FF000000FF000000FF000000FF000000FF000000FF000000FF000000FF000000FF000000FF000000FF000000FF000000FF000000FF000000FF000000FF000000FF000000FF000000FF000000FF000000FF000000FF000000FF000000FF000000FF000000FF000000FF000000FF000000FF000000FF000000FF000000FF000000FF000000FF000000FF000000FF000000FF000000FF000000FF000000FF000000FF000000FF000000FF000000FF000000FF000000FF000000FF000000FF000000FF000000FF000000FF000000FF000000FF000000FF000000FF000000FF000000FF000000FF000000FF000000FF000000FF000000FF000000FF000000FF000000FF000000FF000000FF000000FF000000FF000000FF000000FF000000FF000000FF000000FF000000FF000000FF000000FF000000FF000000FF000000FF000000FF000000FF000000FF000000FF000000FF000000FF000000FF000000FF000000FF000000FF000000FF000000FF000000FF000000FF000000FF000000FF000000FF000000FF000000FF000000FF000000FF000000FF000000FF000000FF000000FF000000FF000000FF000000FF000000FF000000FF000000FF000000FF000000FF000000FF000000FF000000FF000000FF000000FF000000FF000000FF000000FF000000FF000000FF000000FF000000FF000000FF000000FF000000FF000000FF000000FF000000FF000000FF000000FF000000FF000000FF000000FF000000FF000000FF000000FF000000FF000000FF000000FF000000FF000000FF000000FF000000FF000000FF000000FF000000FF000000FF000000FF000000FF000000FF000000FF000000FF000000FF000000FF000000FF000000FF000000FF000000FF000000FF000000FF000000FF000000FF000000FF000000FF000000FF000000FF000000FF000000FF000000FF000000FF000000FF000000FF000000FF000000FF000000FF000000FF000000FF000000FF000000FF000000FF000000FF000000FF000000FF000000FF000000FF000000FF000000FF000000FF000000FF000000FF000000FF000000FF000000FF000000FF000000FF000000FF000000FF000000FF000000FF000000FF000000FF000000FF000000FF000000FF000000FF000000FF000000FF000000FF000000FF000000FF000000FF000000FF000000FF000000FF000000FF000000FF000000FF000000FF000000FF000000FF000000FF000000FF000000FF000000FF000000FF000000FF000000FF000000FF000000FF000000FF000000FF000000FF000000FF000000FF000000FF000000FF000000FF000000FF000000FF000000FF000000FF000000FF000000FF000000FF000000FF000000FF000000FF000000FF000000FF000000FF000000FF000000FF000000FF000000FF000000FF000000FF000000FF000000FF000000FF000000FF000000FF000000FF000000FF000000FF000000FF000000FF000000FF000000FF000000FF000000FF000000FF000000FF000000FF000000FF000000FF000000FF000000FF000000FF000000FF000000FF000000FF000000FF000000FF000000FF000000FF000000FF000000FF000000FF000000FF000000FF000000FF000000FF000000FF000000FF000000FF000000FF000000FF000000FF000000FF000000FF000000FF000000FF000000FF000000FF000000FF000000FF000000FF000000FF000000FF000000FF000000FF000000FF000000FF000000FF000000FF000000FF000000FF000000FF000000FF000000FF000000FF000000FF000000FF000000FF000000FF000000FF000000FF000000FF000000FF000000FF000000FF000000FF000000FF000000FF000000FF000000FF000000FF000000FF000000FF000000FF000000FF000000FF000000FF000000FF000000FF000000FF000000FF000000FF000000FF000000FF000000FF000000FF000000FF000000FF000000FF000000FF000000FF000000FF000000FF000000FF000000FF000000FF000000FF000000FF000000FF000000FF000000FF000000FF000000FF000000FF000000FF000000FF000000FF000000FF000000FF000000FF000000FF000000FF000000FF000000FF000000FF000000FF000000FF000000FF000000FF000000FF000000FF000000FF000000FF000000FF000000FF000000FF000000FF000000FF000000FF000000FF000000FF000000FF000000FF000000FF000000FF000000FF000000FF000000FF000000FF000000FF000000FF000000FF000000FF000000FF000000FF000000FF000000FF000000FF000000FF000000FF000000FF000000FF000000FF000000FF000000FF000000FF000000FF000000FF000000FF000000FF000000FF000000FF000000FF000000FF000000FF000000FF000000FF000000FF000000FF000000FF000000FF000000FF000000FF000000FF000000FF000000FF000000FF000000FF000000FF000000FF000000FF000000FF000000FF000000FF000000FF000000FF000000FF000000FF000000FF000000FF000000FF000000FF000000FF000000FF000000FF000000FF000000FF000000FF000000FF000000FF000000FF000000FF000000FF000000FF000000FF000000FF000000FF000000FF000000FF000000FF000000FF000000FF000000FF000000FF000000FF000000FF000000FF000000FF000000FF000000FF000000FF000000FF000000FF000000FF000000FF000000FF000000FF000000FF000000FF000000FF000000FF000000FF000000FF000000FF000000FF000000FF000000FF000000FF000000FF000000FF000000FF000000FF000000FF000000FF000000FF000000FF000000FF000000FF000000FF000000FF000000FF000000FF000000FF000000FF000000FF000000FF000000FF000000FF000000FF000000FF000000FF000000FF000000FF000000FF000000FF000000FF000000FF000000FF000000FF000000FF000000FF000000FF000000FF000000FF000000FF000000FF000000FF000000FF000000FF000000FF000000FF000000FF000000FF000000FF000000FF000000FF000000FF000000FF000000FF000000FF000000FF000000FF000000FF000000FF000000FF000000FF000000FF000000FF000000FF000000FF000000FF000000FF000000FF000000FF000000FF000000FF000000FF000000FF000000FF000000FF000000FF000000FF000000FF000000FF000000FF000000FF000000FF000000FF000000FF000000FF000000FF000000FF000000FF000000FF000000FF000000FF000000FF000000FF000000FF000000FF000000FF000000FF000000FF000000FF000000FF000000FF000000FF000000FF000000FF000000FF000000FF000000FF000000FF000000FF000000FF000000FF000000FF000000FF000000FF000000FF000000FF000000FF000000FF000000FF000000FF000000FF000000FF000000FF000000FF000000FF000000FF000000FF000000FF000000FF000000FF000000FF000000FF000000FF000000FF000000FF000000FF000000FF000000FF000000FF000000FF000000FF000000FF000000FF000000FF000000FF000000FF000000FF000000FF000000FF000000FF000000FF000000FF000000FF000000FF000000FF000000FF000000FF000000FF000000FF000000FF000000FF000000FF000000FF000000FF000000FF000000FF000000FF000000FF000000FF000000FF000000FF000000FF000000FF000000FF000000FF000000FF000000FF000000FF000000FF000000FF000000FF000000FF000000FF000000FF000000FF000000FF000000FF000000FF000000FF000000FF000000FF000000FF000000FF000000FF000000FF000000FF000000FF000000FF000000FF000000FF000000FF000000FF000000FF000000FF000000FF000000FF000000FF000000FF000000FF000000FF000000FF000000FF000000FF000000FF000000FF000000FF000000FF000000FF000000FF000000FF000000FF000000FF000000FF000000FF000000FF000000FF000000FF000000FF000000FF000000FF000000FF000000FF000000FF000000FF000000FF000000FF000000FF000000FF000000FF000000FF000000FF000000FF000000FF000000FF000000FF000000FF000000FF000000FF000000FF000000FF000000FF000000FF000000FF000000FF000000FF000000FF000000FF000000FF000000FF000000FF000000FF000000FF000000FF000000FF000000FF000000FF000000FF000000FF000000FF000000FF000000FF000000FF000000FF000000FF000000FF000000FF000000FF000000FF000000FF000000FF000000FF000000FF000000FF000000FF000000FF000000FF000000FF000000FF000000FF000000FF000000FF000000FF000000FF000000FF000000FF000000FF000000FF000000FF000000FF000000FF000000FF000000FF000000FF000000FF000000FF000000FF000000FF000000FF000000FF000000FF000000FF000000FF000000FF000000FF000000FF000000FF000000FF000000FF000000FF000000FF000000FF000000FF000000FF000000FF000000FF000000FF000000FF000000FF000000FF000000FF000000FF000000FF000000FF000000FF000000FF000000FF000000FF000000FF000000FF000000FF000000FF000000FF000000FF000000FF000000FF000000FF000000FF000000FF000000FF000000FF000000FF000000FF000000FF000000FF000000FF000000FF000000FF000000FF000000FF000000FF000000FF000000FF000000FF000000FF000000FF000000FF000000FF000000FF000000FF000000FF000000FF000000FF000000FF000000FF000000FF000000FF000000FF000000FF000000FF000000FF000000FF000000FF000000FF000000FF000000FF000000FF000000FF000000FF000000FF000000FF000000FF000000FF000000FF000000FF000000FF000000FF000000FF000000FF000000FF000000FF000000FF000000FF000000FF000000FF000000FF000000FF000000FF000000FF000000FF000000FF000000FF000000FF000000FF000000FF000000FF000000FF000000FF000000FF000000FF000000FF000000FF000000FF000000FF000000FF000000FF000000FF000000FF000000FF000000FF000000FF000000FF000000FF000000FF000000FF000000FF000000FF000000FF000000FF000000FF000000FF000000FF000000FF000000FF000000FF000000FF000000FF000000FF000000FF000000FF000000FF000000FF000000FF000000FF000000FF000000FF000000FF000000FF000000FF000000FF000000FF000000FF000000FF000000FF000000FF000000FF000000FF000000FF000000FF000000FF000000FF000000FF000000FF000000FF000000FF000000FF000000FF000000FF000000FF000000FF000000FF000000FF000000FF000000FF000000FF000000FF000000FF000000FF000000FF000000FF000000FF000000FF000000FF000000FF000000FF000000FF000000FF000000FF000000FF000000FF000000FF000000FF000000FF000000FF000000FF000000FF000000FF000000FF000000FF000000FF000000FF000000FF000000FF000000FF000000FF000000FF000000FF000000FF000000FF000000FF000000FF000000FF000000FF000000FF000000FF000000FF000000FF000000FF000000FF000000FF000000FF000000FF000000FF000000FF000000FF000000FF000000FF000000FF000000FF000000FF000000FF000000FF000000FF000000FF000000FF000000FF000000FF000000FF000000FF000000FF000000FF000000FF000000FF000000FF000000FF000000FF000000FF000000FF000000FF000000FF000000FF000000FF000000FF000000FF000000FF000000FF000000FF000000FF000000FF000000FF000000FF000000FF000000FF000000FF000000FF000000FF000000FF000000FF000000FF000000FF000000FF000000FF000000FF000000FF000000FF000000FF000000FF000000FF000000FF000000FF000000FF000000FF000000FF000000FF000000FF000000FF000000FF000000FF000000FF000000FF000000FF000000FF000000FF000000FF000000FF000000FF000000FF000000FF000000FF000000FF000000FF000000FF000000FF000000FF000000FF000000FF000000FF000000FF000000FF000000FF000000FF000000FF000000FF000000FF000000FF000000FF000000FF000000FF000000FF000000FF000000FF000000FF000000FF000000FF000000FF000000FF000000FF000000FF000000FF000000FF000000FF000000FF000000FF000000FF000000FF000000FF000000FF000000FF000000FF000000FF000000FF000000FF000000FF000000FF000000FF000000FF000000FF000000FF000000FF000000FF000000FF000000FF000000FF000000FF000000FF000000FF000000FF000000FF000000FF000000FF000000FF000000FF000000FF000000FF000000FF000000FF000000FF000000FF000000FF000000FF000000FF000000FF000000FF000000FF000000FF000000FF000000FF000000FF000000FF000000FF000000FF000000FF000000FF000000FF000000FF000000FF000000FF000000FF000000FF000000FF000000FF000000FF000000FF000000FF000000FF000000FF000000FF000000FF000000FF000000FF000000FF000000FF000000FF000000FF000000FF000000FF000000FF000000FF000000FF000000FF000000FF000000FF000000FF000000FF000000FF000000FF000000FF000000FF000000FF000000FF000000FF000000FF000000FF000000FF000000FF000000FF000000FF000000FF000000FF000000FF000000FF000000FF000000FF000000FF000000FF000000FF000000FF000000FF000000FF000000FF000000FF000000FF000000FF000000FF000000FF000000FF000000FF000000FF000000FF000000FF000000FF000000FF000000FF000000FF000000FF000000FF000000FF000000FF000000FF000000FF000000FF000000FF000000FF000000FF000000FF000000FF000000FF000000FF000000FF000000FF000000FF000000FF000000FF000000FF000000FF000000FF000000FF000000FF000000FF000000FF000000FF000000FF000000FF000000FF000000FF000000FF000000FF000000FF000000FF000000FF000000FF000000FF000000FF000000FF000000FF000000FF000000FF000000FF000000FF000000FF000000FF000000FF000000FF000000FF000000FF000000FF000000FF000000FF000000FF000000FF000000FF000000FF000000FF000000FF000000FF000000FF000000FF000000FF000000FF000000FF000000FF000000FF000000FF000000FF000000FF000000FF000000FF000000FF000000FF000000FF000000FF000000FF000000FF000000FF000000FF000000FF000000FF000000FF000000FF000000FF000000FF000000FF000000FF000000FF000000FF000000FF000000FF000000FF000000FF000000FF000000FF000000FF000000FF000000FF000000FF000000FF000000FF000000FF000000FF000000FF000000FF000000FF000000FF000000FF000000FF000000FF000000FF000000FF000000FF000000FF000000FF000000FF000000FF000000FF000000FF000000FF000000FF000000FF000000FF000000FF000000FF000000FF000000FF000000FF000000FF000000FF000000FF000000FF000000FF000000FF000000FF000000FF000000FF000000FF000000FF000000FF000000FF000000FF000000FF000000FF000000FF000000FF000000FF000000FF000000FF000000FF000000FF000000FF000000FF000000FF000000FF000000FF000000FF000000FF000000FF000000FF000000FF000000FF000000FF000000FF000000FF000000FF000000FF000000FF000000FF000000FF000000FF000000FF000000FF000000FF000000FF000000FF000000FF000000FF000000FF000000FF000000FF000000FF000000FF000000FF000000FF000000FF000000FF000000FF000000FF000000FF000000FF000000FF000000FF000000FF000000FF000000FF000000FF000000FF000000FF000000FF000000FF000000FF000000FF000000FF000000FF000000FF000000FF000000FF000000FF000000FF000000FF000000FF000000FF000000FF000000FF000000FF000000FF000000FF000000FF000000FF000000FF000000FF000000FF000000FF000000FF000000FF000000FF000000FF000000FF000000FF000000FF000000FF000000FF000000FF000000FF000000FF000000FF000000FF000000FF000000FF000000FF000000FF000000FF000000FF000000FF000000FF000000FF000000FF000000FF000000FF000000FF000000FF000000FF000000FF000000FF000000FF000000FF000000FF000000FF000000FF000000FF000000FF000000FF000000FF000000FF000000FF000000FF000000FF000000FF000000FF000000FF000000FF000000FF000000FF000000FF000000FF000000FF000000FF000000FF000000FF000000FF000000FF000000FF000000FF000000FF000000FF000000FF000000FF000000FF000000FF000000FF000000FF000000FF000000FF000000FF000000FF000000FF000000FF000000FF000000FF000000FF000000FF000000FF000000FF000000FF000000FF000000FF000000FF000000FF000000FF000000FF000000FF000000FF000000FF000000FF000000FF000000FF000000FF000000FF000000FF000000FF000000FF000000FF000000FF000000FF000000FF000000FF000000FF000000FF000000FF000000FF000000FF000000FF000000FF000000FF000000FF000000FF000000FF000000FF000000FF000000FF000000FF000000FF000000FF000000FF000000FF000000FF000000FF000000FF000000FF000000FF000000FF000000FF000000FF000000FF000000FF000000FF000000FF000000FF000000FF000000FF000000FF000000FF000000FF000000FF000000FF000000FF000000FF000000FF000000FF000000FF000000FF000000FF000000FF000000FF000000FF000000FF000000FF000000FF000000FF000000FF000000FF000000FF000000FF000000FF000000FF000000FF000000FF000000FF000000FF000000FF000000FF000000FF000000FF000000FF000000FF000000FF000000FF000000FF000000FF000000FF000000FF000000FF000000FF000000FF000000FF000000FF000000FF000000FF000000FF000000FF000000FF000000FF000000FF000000FF000000FF000000FF000000FF000000FF000000FF000000FF000000FF000000FF000000FF000000FF000000FF000000FF000000FF000000FF000000FF000000FF000000FF000000FF000000FF000000FF000000FF000000FF000000FF000000FF000000FF000000FF000000FF000000FF000000FF000000FF000000FF000000FF000000FF000000FF000000FF000000FF000000FF000000FF000000FF000000FF000000FF000000FF000000FF000000FF000000FF000000FF000000FF000000FF000000FF000000FF000000FF000000FF000000FF000000FF000000FF000000FF000000FF000000FF000000FF000000FF000000FF000000FF000000FF000000FF000000FF000000FF000000FF000000FF000000FF000000FF000000FF000000FF000000FF000000FF000000FF000000FF000000FF000000FF000000FF000000FF000000FF000000FF000000FF000000FF000000FF000000FF000000FF000000FF000000FF000000FF000000FF000000FF000000FF000000FF000000FF000000FF000000FF000000FF000000FF000000FF000000FF000000FF000000FF000000FF000000FF000000FF000000FF000000FF000000FF000000FF000000FF000000FF000000FF000000FF000000FF000000FF000000FF000000FF000000FF000000FF000000FF000000FF000000FF000000FF000000FF000000FF000000FF000000FF000000FF000000FF000000FF000000FF000000FF000000FF000000FF000000FF000000FF000000FF000000FF000000FF000000FF000000FF000000FF000000FF000000FF000000FF000000FF000000FF000000FF000000FF000000FF000000FF000000FF000000FF000000FF000000FF000000FF000000FF000000FF000000FF000000FF000000FF000000FF000000FF000000FF000000FF000000FF000000FF000000FF000000FF000000FF000000FF000000FF000000FF000000FF000000FF000000FF000000FF000000FF000000FF000000FF000000FF000000FF000000FF000000FF000000FF000000FF000000FF000000FF000000FF000000FF000000FF000000FF000000FF000000FF000000FF000000FF000000FF000000FF000000FF000000FF000000FF000000FF000000FF000000FF000000FF000000FF000000FF000000FF000000FF000000FF000000FF000000FF000000FF000000FF000000FF000000FF000000FF000000FF000000FF000000FF000000FF000000FF000000FF000000FF000000FF000000FF000000FF000000FF000000FF000000FF000000FF000000FF000000FF000000FF000000FF000000FF000000FF000000FF000000FF000000FF000000FF000000FF000000FF000000FF000000FF000000FF000000FF000000FF000000FF000000FF000000FF000000FF000000FF000000FF000000FF000000FF000000FF000000FF000000FF000000FF000000FF000000FF000000FF000000FF000000FF000000FF000000FF000000FF000000FF000000FF000000FF000000FF000000FF000000FF000000FF000000FF000000FF000000FF000000FF000000FF000000FF000000FF000000FF000000FF000000FF000000FF000000FF000000FF000000FF000000FF000000FF000000FF000000FF000000FF000000FF000000FF000000FF000000FF000000FF000000FF000000FF000000FF000000FF000000FF000000FF000000FF000000FF000000FF000000FF000000FF000000FF000000FF000000FF000000FF000000FF000000FF000000FF000000FF000000FF000000FF000000FF000000FF000000FF000000FF000000FF000000FF000000FF000000FF000000FF000000FF000000FF000000FF000000FF000000FF000000FF000000FF000000FF000000FF000000FF000000FF000000FF000000FF000000FF000000FF000000FF000000FF000000FF000000FF000000FF000000FF000000FF000000FF000000FF000000FF000000FF000000FF000000FF000000FF000000FF000000FF000000FF000000FF000000FF000000FF000000FF000000FF000000FF000000FF000000FF000000FF000000FF000000FF000000FF000000FF000000FF000000FF000000FF000000FF000000FF000000FF000000FF000000FF000000FF000000FF000000FF000000FF000000FF000000FF000000FF000000FF000000FF000000FF000000FF000000FF000000FF000000FF000000FF000000FF000000FF000000FF000000FF000000FF000000FF000000FF000000FF000000FF000000FF000000FF000000FF000000FF000000FF000000FF000000FF000000FF000000FF000000FF000000FF000000FF000000FF000000FF000000FF000000FF000000FF000000FF000000FF000000FF000000FF000000FF000000FF000000FF000000FF000000FF000000FF000000FF000000FF000000FF000000FF000000FF000000FF000000FF000000FF000000FF000000FF000000FF000000FF000000FF000000FF000000FF000000FF000000FF000000FF000000FF000000FF000000FF000000FF000000FF000000FF000000FF000000FF000000FF000000FF000000FF000000FF000000FF000000FF000000FF000000FF000000FF000000FF000000FF000000FF000000FF000000FF000000FF000000FF000000FF000000FF000000FF000000FF000000FF000000FF000000FF000000FF000000FF000000FF000000FF000000FF000000FF000000FF000000FF000000FF000000FF000000FF000000FF000000FF000000FF000000FF000000FF000000FF000000FF000000FF000000FF000000FF000000FF000000FF000000FF000000FF000000FF000000FF000000FF000000FF000000FF000000FF000000FF000000FF000000FF000000FF000000FF000000FF000000FF000000FF000000FF000000FF000000FF000000FF000000FF000000FF000000FF000000FF000000FF000000FF000000FF000000FF000000FF000000FF000000FF000000FF000000FF000000FF000000FF000000FF000000FF000000FF000000FF000000FF000000FF000000FF000000FF000000FF000000FF000000FF000000FF000000FF000000FF000000FF000000FF000000FF000000FF000000FF000000FF000000FF000000FF000000FF000000FF000000FF000000FF000000FF000000FF000000FF000000FF000000FF000000FF000000FF000000FF000000FF000000FF000000FF000000FF000000FF000000FF000000FF000000FF000000FF000000FF000000FF000000FF000000FF000000FF000000FF000000FF000000FF000000FF000000FF000000FF000000FF000000FF000000FF000000FF000000FF000000FF000000FF000000FF000000FF000000FF000000FF000000FF000000FF000000FF000000FF000000FF000000FF000000FF000000FF000000FF000000FF000000FF000000FF000000FF000000FF000000FF000000FF000000FF000000FF000000FF000000FF000000FF000000FF000000FF000000FF000000FF000000FF000000FF000000FF000000FF000000FF000000FF000000FF000000FF000000FF000000FF000000FF000000FF000000FF000000FF000000FF000000FF000000FF000000FF000000FF000000FF000000FF000000FF000000FF000000FF000000FF000000FF000000FF000000FF000000FF000000FF000000FF000000FF000000FF000000FF000000FF000000FF000000FF000000FF000000FF000000FF000000FF000000FF000000FF000000FF000000FF000000FF000000FF000000FF000000FF000000FF000000FF000000FF000000FF000000FF000000FF000000FF000000FF000000FF000000FF000000FF000000FF000000FF000000FF000000FF000000FF000000FF000000FF000000FF000000FF000000FF000000FF000000FF000000FF000000FF000000FF000000FF000000FF000000FF000000FF000000FF000000FF000000FF000000FF000000FF000000FF000000FF000000FF000000FF000000FF000000FF000000FF000000FF000000FF000000FF000000FF000000FF000000FF000000FF000000FF000000FF000000FF000000FF000000FF000000FF000000FF000000FF000000FF000000FF000000FF000000FF000000FF000000FF000000FF000000FF000000FF000000FF000000FF000000FF000000FF000000FF000000FF000000FF000000FF000000FF000000FF000000FF000000FF000000FF000000FF000000FF000000FF000000FF000000FF000000FF000000FF000000FF000000FF000000FF000000FF000000FF000000FF000000FF000000FF000000FF000000FF000000FF000000FF000000FF000000FF000000FF000000FF000000FF000000FF000000FF000000FF000000FF000000FF000000FF000000FF000000FF000000FF000000FF000000FF000000FF000000FF000000FF000000FF000000FF000000FF000000FF000000FF000000FF000000FF000000FF000000FF000000FF000000FF000000FF000000FF000000FF000000FF000000FF000000FF000000FF000000FF000000FF000000FF000000FF000000FF000000FF000000FF000000FF000000FF000000FF000000FF000000FF000000FF000000FF000000FF000000FF000000FF000000FF000000FF000000FF000000FF000000FF000000FF000000FF000000FF000000FF000000FF000000FF000000FF000000FF000000FF000000FF000000FF000000FF000000FF000000FF000000FF000000FF000000FF000000FF000000FF000000FF000000FF000000FF000000FF000000FF000000FF000000FF000000FF000000FF000000FF000000FF000000FF000000FF000000FF000000FF000000FF000000FF000000FF000000FF000000FF000000FF000000FF000000FF000000FF000000FF000000FF000000FF000000FF000000FF000000FF000000FF000000FF000000FF000000FF000000FF000000FF000000FF000000FF000000FF000000FF000000FF000000FF000000FF000000FF000000FF000000FF000000FF000000FF000000FF000000FF000000FF000000FF000000FF000000FF000000FF000000FF000000FF000000FF000000FF000000FF000000FF000000FF000000FF000000FF000000FF000000FF000000FF000000FF000000FF000000FF000000FF000000FF000000FF000000FF000000FF000000FF000000FF000000FF000000FF000000FF000000FF000000FF000000FF000000FF000000FF000000FF000000FF000000FF000000FF000000FF000000FF000000FF000000FF000000FF000000FF000000FF000000FF000000FF000000FF000000FF000000FF000000FF000000FF000000FF000000FF000000FF000000FF000000FF000000FF000000FF000000FF000000FF000000FF000000FF000000FF000000FF000000FF000000FF000000FF000000FF000000FF000000FF000000FF000000FF000000FF000000FF000000FF000000FF000000FF000000FF000000FF000000FF000000FF000000FF000000FF000000FF000000FF000000FF000000FF000000FF000000FF000000FF000000FF000000FF000000FF000000FF000000FF000000FF000000FF000000FF000000FF000000FF000000FF000000FF000000FF000000FF000000FF000000FF000000FF000000FF000000FF000000FF000000FF000000FF000000FF000000FF000000FF000000FF000000FF000000FF000000FF000000FF000000FF000000FF000000FF000000FF000000FF000000FF000000FF000000FF000000FF000000FF000000FF000000FF000000FF000000FF000000FF000000FF000000FF000000FF000000FF000000FF000000FF000000FF000000FF000000FF000000FF000000FF000000FF000000FF000000FF000000FF000000FF000000FF000000FF000000FF000000FF000000FF000000FF000000FF000000FF000000FF000000FF000000FF000000FF000000FF000000FF000000FF000000FF000000FF000000FF000000FF000000FF000000FF000000FF000000FF000000FF000000FF000000FF000000FF000000FF000000FF000000FF000000FF000000FF000000FF000000FF000000FF000000FF000000FF000000FF000000FF000000FF000000FF000000FF000000FF000000FF000000FF000000FF000000FF000000FF000000FF000000FF000000FF000000FF000000FF000000FF000000FF000000FF000000FF000000FF000000FF000000FF000000FF000000FF000000FF000000FF000000FF000000FF000000FF000000FF000000FF000000FF000000FF000000FF000000FF000000FF000000FF000000FF000000FF000000FF000000FF000000FF000000FF000000FF000000FF000000FF000000FF000000FF000000FF000000FF000000FF000000FF000000FF000000FF000000FF000000FF000000FF000000FF000000FF000000FF000000FF000000FF000000FF000000FF000000FF000000FF000000FF000000FF000000FF000000FF000000FF000000FF000000FF000000FF000000FF000000FF000000FF000000FF000000FF000000FF000000FF000000FF000000FF000000FF000000FF000000FF000000FF000000FF000000FF000000FF000000FF000000FF000000FF000000FF000000FF000000FF000000FF000000FF000000FF000000FF000000FF000000FF000000FF000000FF000000FF000000FF000000FF000000FF000000FF000000FF000000FF000000FF000000FF000000FF000000FF000000FF000000FF000000FF000000FF000000FF000000FF000000FF000000FF000000FF000000FF000000FF000000FF000000FF000000FF000000FF000000FF000000FF000000FF000000FF000000FF000000FF000000FF000000FF000000FF000000FF000000FF000000FF000000FF000000FF000000FF000000FF000000FF000000FF000000FF000000FF000000FF000000FF000000FF000000FF000000FF000000FF000000FF000000FF000000FF000000FF000000FF000000FF000000FF000000FF000000FF000000FF000000FF000000FF000000FF000000FF000000FF000000FF000000FF000000FF000000FF000000FF000000FF000000FF000000FF000000FF000000FF000000FF000000FF000000FF000000FF000000FF000000FF000000FF000000FF000000FF000000FF000000FF000000FF000000FF000000FF000000FF000000FF000000FF000000FF000000FF000000FF000000FF000000FF000000FF000000FF000000FF000000FF000000FF000000FF000000FF000000FF000000FF000000FF000000FF000000FF000000FF000000FF000000FF000000FF000000FF000000FF000000FF000000FF000000FF000000FF000000FF000000FF000000FF000000FF000000FF000000FF000000FF000000FF000000FF000000FF000000FF000000FF000000FF000000FF000000FF000000FF000000FF000000FF000000FF000000FF000000FF000000FF000000FF000000FF000000FF000000FF000000FF000000FF000000FF000000FF000000FF000000FF000000FF000000FF000000FF000000FF000000FF000000FF000000FF000000FF000000FF000000FF000000FF000000FF000000FF000000FF000000FF000000FF000000FF000000FF000000FF000000FF000000FF000000FF000000FF000000FF000000FF000000FF000000FF000000FF000000FF000000FF000000FF000000FF000000FF000000FF000000FF000000FF000000FF000000FF000000FF000000FF000000FF000000FF000000FF000000FF000000FF000000FF000000FF000000FF000000FF000000FF000000FF000000FF000000FF000000FF000000FF000000FF000000FF000000FF000000FF000000FF000000FF000000FF000000FF000000FF000000FF000000FF000000FF000000FF000000FF000000FF000000FF000000FF000000FF000000FF000000FF000000FF000000FF000000FF000000FF000000FF000000FF000000FF000000FF000000FF000000FF000000FF000000FF000000FF000000FF000000FF000000FF000000FF000000FF000000FF000000FF000000FF000000FF000000FF000000FF000000FF000000FF000000FF000000FF000000FF000000FF000000FF000000FF000000FF000000FF000000FF000000FF000000FF000000FF000000FF000000FF000000FF000000FF000000FF000000FF000000FF000000FF000000FF000000FF000000FF000000FF000000FF000000FF000000FF000000FF000000FF000000FF000000FF000000FF000000FF000000FF000000FF000000FF000000FF000000FF000000FF000000FF000000FF000000FF000000FF000000FF000000FF000000FF000000FF000000FF000000FF000000FF000000FF000000FF000000FF000000FF000000FF000000FF000000FF000000FF000000FF000000FF000000FF000000FF000000FF000000FF000000FF000000FF000000FF000000FF000000FF000000FF000000FF000000FF000000FF000000FF000000FF000000FF000000FF000000FF000000FF000000FF000000FF000000FF000000FF000000FF000000FF000000FF000000FF000000FF000000FF000000FF000000FF000000FF000000FF000000FF000000FF000000FF000000FF000000FF000000FF000000FF000000FF000000FF000000FF000000FF000000FF000000FF000000FF000000FF000000FF000000FF000000FF000000FF000000FF000000FF000000FF000000FF000000FF000000FF000000FF000000FF000000FF000000FF000000FF000000FF000000FF000000FF000000FF000000FF000000FF000000FF000000FF000000FF000000FF000000FF000000FF000000FF000000FF000000FF000000FF000000FF000000FF000000FF000000FF000000FF000000FF000000FF000000FF000000FF000000FF000000FF000000FF000000FF000000FF000000FF000000FF000000FF000000FF000000FF000000FF000000FF000000FF000000FF000000FF000000FF000000FF000000FF000000FF000000FF000000FF000000FF000000FF000000FF000000FF000000FF000000FF000000FF000000FF000000FF000000FF000000FF000000FF000000FF000000FF000000FF000000FF000000FF000000FF000000FF000000FF000000FF000000FF000000FF000000FF000000FF000000FF000000FF000000FF000000FF000000FF000000FF000000FF000000FF000000FF000000FF000000FF000000FF000000FF000000FF000000FF000000FF000000FF000000FF000000FF000000FF000000FF000000FF000000FF000000FF000000FF000000FF000000FF000000FF000000FF000000FF000000FF000000FF000000FF000000FF000000FF000000FF000000FF000000FF000000FF000000FF000000FF000000FF000000FF000000FF000000FF000000FF000000FF000000FF000000FF000000FF000000FF000000FF000000FF000000FF000000FF000000FF000000FF000000FF000000FF000000FF000000FF000000FF000000FF000000FF000000FF000000FF000000FF000000FF000000FF000000FF000000FF000000FF000000FF000000FF000000FF000000FF000000FF000000FF000000FF000000FF000000FF000000FF000000FF000000FF000000FF000000FF000000FF000000FF000000FF000000FF000000FF000000FF000000FF000000FF000000FF000000FF000000FF000000FF000000FF000000FF000000FF000000FF000000FF000000FF000000FF000000FF000000FF000000FF000000FF000000FF000000FF000000FF000000FF000000FF000000FF000000FF000000FF000000FF000000FF000000FF000000FF000000FF000000FF000000FF000000FF000000FF000000FF000000FF000000FF000000FF000000FF000000FF000000FF000000FF000000FF000000FF000000FF000000FF000000FF000000FF000000FF000000FF000000FF000000FF000000FF000000FF000000FF000000FF000000FF000000FF000000FF000000FF000000FF000000FF000000FF000000FF000000FF000000FF000000FF000000FF000000FF000000FF000000FF000000FF000000FF000000FF000000FF000000FF000000FF000000FF000000FF000000FF000000FF000000FF000000FF000000FF000000FF000000FF000000FF000000FF000000FF000000FF000000FF000000FF000000FF000000FF000000FF000000FF000000FF000000FF000000FF000000FF000000FF000000FF000000FF000000FF000000FF000000FF000000FF000000FF000000FF000000FF000000FF000000FF000000FF000000FF000000FF000000FF000000FF000000FF000000FF000000FF000000FF000000FF000000FF000000FF000000FF000000FF000000FF000000FF000000FF000000FF000000FF000000FF000000FF000000FF000000FF000000FF000000FF000000FF000000FF000000FF000000FF000000FF000000FF000000FF000000FF000000FF000000FF000000FF000000FF000000FF000000FF000000FF000000FF000000FF000000FF000000FF000000FF000000FF000000FF000000FF000000FF000000FF000000FF000000FF000000FF000000FF000000FF000000FF000000FF000000FF000000FF000000FF000000FF000000FF000000FF000000FF000000FF000000FF000000FF000000FF000000FF000000FF000000FF000000FF000000FF000000FF000000FF000000FF000000FF000000FF000000FF000000FF000000FF000000FF000000FF000000FF000000FF000000FF000000FF000000FF000000FF000000FF000000FF000000FF000000FF000000FF000000FF000000FF000000FF000000FF000000FF000000FF000000FF000000FF000000FF000000FF000000FF000000FF000000FF000000FF000000FF000000FF000000FF000000FF000000FF000000FF000000FF000000FF000000FF000000FF000000FF000000FF000000FF000000FF000000FF000000FF000000FF000000FF000000FF000000FF000000FF000000FF000000FF000000FF000000FF000000FF000000FF000000FF000000FF000000FF000000FF000000FF000000FF000000FF000000FF000000FF000000FF000000FF000000FF000000FF000000FF000000FF000000FF000000FF000000FF000000FF000000FF000000FF000000FF000000FF000000FF000000FF000000FF000000FF000000FF000000FF000000FF000000FF000000FF000000FF000000FF000000FF000000FF000000FF000000FF000000FF000000FF000000FF000000FF000000FF000000FF000000FF000000FF000000FF000000FF000000FF000000FF000000FF000000FF000000FF000000FF000000FF000000FF000000FF000000FF000000FF000000FF000000FF000000FF000000FF000000FF000000FF000000FF000000FF000000FF000000FF000000FF000000FF000000FF000000FF000000FF000000FF000000FF000000FF000000FF000000FF000000FF000000FF000000FF000000FF000000FF000000FF000000FF000000FF000000FF000000FF000000FF000000FF000000FF000000FF000000FF000000FF000000FF000000FF000000FF000000FF000000FF000000FF000000FF000000FF000000FF000000FF000000FF000000FF000000FF000000FF000000FF000000FF000000FF000000FF000000FF000000FF000000FF000000FF000000FF000000FF000000FF000000FF000000FF000000FF000000FF000000FF000000FF000000FF000000FF000000FF000000FF000000FF000000FF000000FF000000FF000000FF000000FF000000FF000000FF000000FF000000FF000000FF000000FF000000FF000000FF000000FF000000FF000000FF000000FF000000FF000000FF000000FF000000FF000000FF000000FF000000FF000000FF000000FF000000FF000000FF000000FF000000FF000000FF000000FF000000FF000000FF000000FF000000FF000000FF000000FF000000FF000000FF000000FF000000FF000000FF000000FF000000FF000000FF000000FF000000FF000000FF000000FF000000FF000000FF000000FF000000FF000000FF000000FF000000FF000000FF000000FF000000FF000000FF000000FF000000FF000000FF000000FF000000FF000000FF000000FF000000FF000000FF000000FF000000FF000000FF000000FF000000FF000000FF000000FF000000FF000000FF000000FF000000FF000000FF000000FF000000FF000000FF000000FF000000FF000000FF000000FF000000FF000000FF000000FF000000FF000000FF000000FF000000FF000000FF000000FF000000FF000000FF000000FF000000FF000000FF000000FF000000FF000000FF000000FF000000FF000000FF000000FF000000FF000000FF000000FF000000FF000000FF000000FF000000FF000000FF000000FF000000FF000000FF000000FF000000FF000000FF000000FF000000FF000000FF000000FF000000FF000000FF000000FF000000FF000000FF000000FF000000FF000000FF000000FF000000FF000000FF000000FF000000FF000000FF000000FF000000FF000000FF000000FF000000FF000000FF000000FF000000FF000000FF000000FF000000FF000000FF000000FF000000FF000000FF000000FF000000FF000000FF000000FF000000FF000000FF000000FF000000FF000000FF000000FF000000FF000000FF000000FF000000FF000000FF000000FF000000FF000000FF000000FF000000FF000000FF000000FF000000FF000000FF000000FF000000FF000000FF000000FF000000FF000000FF000000FF000000FF000000FF000000FF000000FF000000FF000000FF000000FF000000FF000000FF000000FF000000FF000000FF000000FF000000FF000000FF000000FF000000FF000000FF000000FF000000FF000000FF000000FF000000FF000000FF000000FF000000FF000000FF000000FF000000FF000000FF000000FF000000FF000000FF000000FF000000FF000000FF000000FF000000FF000000FF000000FF000000FF000000FF000000FF000000FF000000FF000000FF000000FF000000FF000000FF000000FF000000FF000000FF000000FF000000FF000000FF000000FF000000FF000000FF000000FF000000FF000000FF000000FF000000FF000000FF000000FF000000FF000000FF000000FF000000FF000000FF000000FF000000FF000000FF000000FF000000FF000000FF000000FF000000FF000000FF000000FF000000FF000000FF000000FF000000FF000000FF000000FF000000FF000000FF000000FF000000FF000000FF000000FF000000FF000000FF000000FF000000FF000000FF000000FF000000FF000000FF000000FF000000FF000000FF000000FF000000FF000000FF000000FF000000FF000000FF000000FF000000FF000000FF000000FF000000FF000000FF000000FF000000FF000000FF000000FF000000FF000000FF000000FF000000FF000000FF000000FF000000FF000000FF000000FF000000FF000000FF000000FF000000FF000000FF000000FF000000FF000000FF000000FF000000FF000000FF000000FF000000FF000000FF000000FF000000FF000000FF000000FF000000FF000000FF000000FF000000FF000000FF000000FF000000FF000000FF000000FF000000FF000000FF000000FF000000FF000000FF000000FF000000FF000000FF000000FF000000FF000000FF000000FF000000FF000000FF000000FF000000FF000000FF000000FF000000FF000000FF000000FF000000FF000000FF000000FF000000FF000000FF000000FF000000FF000000FF000000FF000000FF000000FF000000FF000000FF000000FF000000FF000000FF000000FF000000FF000000FF000000FF000000FF000000FF000000FF000000FF000000FF000000FF000000FF000000FF000000FF000000FF000000FF000000FF000000FF000000FF000000FF000000FF000000FF000000FF000000FF000000FF000000FF000000FF000000FF000000FF000000FF000000FF000000FF000000FF000000FF000000FF000000FF000000FF000000FF000000FF000000FF000000FF000000FF000000FF000000FF000000FF000000FF000000FF000000FF000000FF000000FF000000FF000000FF000000FF000000FF000000FF000000FF000000FF000000FF000000FF000000FF000000FF000000FF000000FF000000FF000000FF000000FF000000FF000000FF000000FF000000FF000000FF000000FF000000FF000000FF000000FF000000FF000000FF000000FF000000FF000000FF000000FF000000FF000000FF000000FF000000FF000000FF000000FF000000FF000000FF000000FF000000FF000000FF000000FF000000FF000000FF000000FF000000FF000000FF000000FF000000FF000000FF000000FF000000FF000000FF000000FF000000FF000000FF000000FF000000FF000000FF000000FF000000FF000000FF000000FF000000FF000000FF000000FF000000FF000000FF000000FF000000FF000000FF000000FF000000FF000000FF000000FF000000FF000000FF000000FF000000FF000000FF000000FF000000FF000000FF000000FF000000FF000000FF000000FF000000FF000000FF000000FF000000FF000000FF000000FF000000FF000000FF000000FF000000FF000000FF000000FF000000FF000000FF000000FF000000FF000000FF000000FF000000FF000000FF000000FF000000FF000000FF000000FF000000FF000000FF000000FF000000FF000000FF000000FF000000FF000000FF000000FF000000FF000000FF000000FF000000FF000000FF000000FF000000FF000000FF000000FF000000FF000000FF000000FF000000FF000000FF000000FF000000FF000000FF000000FF000000FF000000FF000000FF000000FF000000FF000000FF000000FF000000FF000000FF000000FF000000FF000000FF000000FF000000FF000000FF000000FF000000FF000000FF000000FF000000FF000000FF000000FF000000FF000000FF000000FF000000FF000000FF000000FF000000FF000000FF000000FF000000FF000000FF000000FF000000FF000000FF000000FF000000FF000000FF000000FF000000FF000000FF000000FF000000FF000000FF000000FF000000FF000000FF000000FF000000FF000000FF000000FF000000FF000000FF000000FF000000FF000000FF000000FF000000FF000000FF000000FF000000FF000000FF000000FF000000FF000000FF000000FF000000FF000000FF000000FF000000FF000000FF000000FF000000FF000000FF000000FF000000FF000000FF000000FF000000FF000000FF000000FF000000FF000000FF000000FF000000FF000000FF000000FF000000FF000000FF000000FF000000FF000000FF000000FF000000FF000000FF000000FF000000FF000000FF000000FF000000FF000000FF000000FF000000FF000000FF000000FF000000FF000000FF000000FF000000FF000000FF000000FF000000FF000000FF000000FF000000FF000000FF000000FF000000FF000000FF000000FF000000FF000000FF000000FF000000FF000000FF000000FF000000FF000000FF000000FF000000FF000000FF000000FF000000FF000000FF000000FF000000FF000000FF000000FF000000FF000000FF000000FF000000FF000000FF000000FF000000FF000000FF000000FF000000FF000000FF000000FF000000FF000000FF000000FF000000FF000000FF000000FF000000FF000000FF000000FF000000FF000000FF000000FF000000FF000000FF000000FF000000FF000000FF000000FF000000FF000000FF000000FF000000FF000000FF000000FF000000FF000000FF000000FF000000FF000000FF000000FF000000FF000000FF000000FF000000FF000000FF000000FF000000FF000000FF000000FF000000FF000000FF000000FF000000FF000000FF000000FF000000FF000000FF000000FF000000FF000000FF000000FF000000FF000000FF000000FF000000FF000000FF000000FF000000FF000000FF000000FF000000FF000000FF000000FF000000FF000000FF000000FF000000FF000000FF000000FF000000FF000000FF000000FF000000FF000000FF000000FF000000FF000000FF000000FF000000FF000000FF000000FF000000FF000000FF000000FF000000FF000000FF000000FF000000FF000000FF000000FF000000FF000000FF000000FF000000FF000000FF000000FF000000FF000000FF000000FF000000FF000000FF000000FF000000FF000000FF000000FF000000FF000000FF000000FF000000FF000000FF000000FF000000FF000000FF000000FF000000FF000000FF000000FF000000FF000000FF000000FF000000FF000000FF000000FF000000FF000000FF000000FF000000FF000000FF000000FF000000FF000000FF000000FF000000FF000000FF000000FF000000FF000000FF000000FF000000FF000000FF000000FF000000FF000000FF000000FF000000FF000000FF000000FF000000FF000000FF000000FF000000FF000000FF000000FF000000FF000000FF000000FF000000FF000000FF000000FF000000FF000000FF000000FF000000FF000000FF000000FF000000FF000000FF000000FF000000FF000000FF000000FF000000FF000000FF000000FF000000FF000000FF000000FF000000FF000000FF000000FF000000FF000000FF000000FF000000FF000000FF000000FF000000FF000000FF000000FF000000FF000000FF000000FF000000FF000000FF000000FF000000FF000000FF000000FF000000FF000000FF000000FF000000FF000000FF000000FF000000FF000000FF000000FF000000FF000000FF000000FF000000FF000000FF000000FF000000FF000000FF000000FF000000FF000000FF000000FF000000FF000000FF000000FF000000FF000000FF000000FF000000FF000000FF000000FF000000FF000000FF000000FF000000FF000000FF000000FF000000FF000000FF000000FF000000FF000000FF000000FF000000FF000000FF000000FF000000FF000000FF000000FF000000FF000000FF000000FF000000FF000000FF000000FF000000FF000000FF000000FF000000FF000000FF000000FF000000FF000000FF000000FF000000FF000000FF000000FF000000FF000000FF000000FF000000FF000000FF000000FF000000FF000000FF000000FF000000FF000000FF000000FF000000FF000000FF000000FF000000FF000000FF000000FF000000FF000000FF000000FF000000FF000000FF000000FF000000FF000000FF000000FF000000FF000000FF000000FF000000FF000000FF000000FF000000FF000000FF000000FF000000FF000000FF000000FF000000FF000000FF000000FF000000FF000000FF000000FF000000FF000000FF000000FF000000FF000000FF000000FF000000FF000000FF000000FF000000FF000000FF000000FF000000FF000000FF000000FF000000FF000000FF000000FF000000FF000000FF000000FF000000FF000000FF000000FF000000FF000000FF000000FF000000FF000000FF000000FF000000FF000000FF000000FF000000FF000000FF000000FF000000FF000000FF000000FF000000FF000000FF000000FF000000FF000000FF000000FF000000FF000000FF000000FF000000FF000000FF000000FF000000FF000000FF000000FF000000FF000000FF000000FF000000FF000000FF000000FF000000FF000000FF000000FF000000FF000000FF000000FF000000FF000000FF000000FF000000FF000000FF000000FF000000FF000000FF000000FF000000FF000000FF000000FF000000FF000000FF000000FF000000FF000000FF000000FF000000FF000000FF000000FF000000FF000000FF000000FF000000FF000000FF000000FF000000FF000000FF000000FF000000FF000000FF000000FF000000FF000000FF000000FF000000FF000000FF000000FF000000FF000000FF000000FF000000FF000000FF000000FF000000FF000000FF000000FF000000FF000000FF000000FF000000FF000000FF000000FF000000FF000000FF000000FF000000FF000000FF000000FF000000FF000000FF000000FF000000FF000000FF000000FF000000FF000000FF000000FF000000FF000000FF000000FF000000FF000000FF000000FF000000FF000000FF000000FF000000FF000000FF000000FF000000FF000000FF000000FF000000FF000000FF000000FF000000FF000000FF000000FF000000FF000000FF000000FF000000FF000000FF000000FF000000FF000000FF000000FF000000FF000000FF000000FF000000FF000000FF000000FF000000FF000000FF000000FF000000FF000000FF000000FF000000FF000000FF000000FF000000FF000000FF000000FF000000FF000000FF000000FF000000FF000000FF000000FF000000FF000000FF000000FF000000FF000000FF000000FF000000FF000000FF000000FF000000FF000000FF000000FF000000FF000000FF000000FF000000FF000000FF000000FF000000FF000000FF000000FF000000FF000000FF000000FF000000FF000000FF000000FF000000FF000000FF000000FF000000FF000000FF000000FF000000FF000000FF000000FF000000FF000000FF000000FF000000FF000000FF000000FF000000FF000000FF000000FF000000FF000000FF000000FF000000FF000000FF000000FF000000FF000000FF000000FF000000FF000000FF000000FF000000FF000000FF000000FF000000FF000000FF000000FF000000FF000000FF000000FF000000FF000000FF000000FF000000FF000000FF000000FF000000FF000000FF000000FF000000FF000000FF000000FF000000FF000000FF000000FF000000FF000000FF000000FF000000FF000000FF000000FF000000FF000000FF000000FF000000FF000000FF000000FF000000FF000000FF000000FF000000FF000000FF000000FF000000FF000000FF000000FF000000FF000000FF000000FF000000FF000000FF000000FF000000FF000000FF000000FF000000FF000000FF000000FF000000FF000000FF000000FF000000FF000000FF000000FF000000FF000000FF000000FF000000FF000000FF000000FF000000FF000000FF000000FF000000FF000000FF000000FF000000FF000000FF000000FF000000FF000000FF000000FF000000FF000000FF000000FF000000FF000000FF000000FF000000FF000000FF000000FF000000FF000000FF000000FF000000FF000000FF000000FF000000FF000000FF000000FF000000FF000000FF000000FF000000FF000000FF000000FF000000FF000000FF000000FF000000FF000000FF000000FF000000FF000000FF000000FF000000FF000000FF000000FF000000FF000000FF000000FF000000FF000000FF000000FF000000FF000000FF000000FF000000FF000000FF000000FF000000FF000000FF000000FF000000FF000000FF000000FF000000FF000000FF000000FF000000FF000000FF000000FF000000FF000000FF000000FF000000FF000000FF000000FF000000FF000000FF000000FF000000FF000000FF000000FF000000FF000000FF000000FF000000FF000000FF000000FF000000FF000000FF000000FF000000FF000000FF000000FF000000FF000000FF000000FF000000FF000000FF000000FF000000FF000000FF000000FF000000FF000000FF000000FF000000FF000000FF000000FF000000FF000000FF000000FF000000FF000000FF000000FF000000FF000000FF000000FF000000FF000000FF000000FF000000FF000000FF000000FF000000FF000000FF000000FF000000FF000000FF000000FF000000FF000000FF000000FF000000FF000000FF000000FF000000FF000000FF000000FF000000FF000000FF000000FF000000FF000000FF000000FF000000FF000000FF000000FF000000FF000000FF000000FF000000FF000000FF000000FF000000FF000000FF000000FF000000FF000000FF000000FF000000FF000000FF000000FF000000FF000000FF000000FF000000FF000000FF000000FF000000FF000000FF000000FF000000FF000000FF000000FF000000FF000000FF000000FF000000FF000000FF000000FF000000FF000000FF000000FF000000FF000000FF000000FF000000FF000000FF000000FF000000FF000000FF000000FF000000FF000000FF000000FF000000FF000000FF000000FF000000FF000000FF000000FF000000FF000000FF000000FF000000FF000000FF000000FF000000FF000000FF000000FF000000FF000000FF000000FF000000FF000000FF000000FF000000FF000000FF000000FF000000FF000000FF000000FF000000FF000000FF000000FF000000FF000000FF000000FF000000FF000000FF000000FF000000FF000000FF000000FF000000FF000000FF000000FF000000FF000000FF000000FF000000FF000000FF000000FF000000FF000000FF000000FF000000FF000000FF000000FF000000FF000000FF000000FF000000FF000000FF000000FF000000FF000000FF000000FF000000FF000000FF000000FF000000FF000000FF000000FF000000FF000000FF000000FF000000FF000000FF000000FF000000FF000000FF000000FF000000FF000000FF000000FF000000FF000000FF000000FF000000FF000000FF000000FF000000FF000000FF000000FF000000FF000000FF000000FF000000FF000000FF000000FF000000FF000000FF000000FF000000FF000000FF000000FF000000FF000000FF000000FF000000FF000000FF000000FF000000FF000000FF000000FF000000FF000000FF000000FF000000FF000000FF000000FF000000FF000000FF000000FF000000FF000000FF000000FF000000FF000000FF000000FF000000FF000000FF000000FF000000FF000000FF000000FF000000FF000000FF000000FF000000FF000000FF000000FF000000FF000000FF000000FF000000FF000000FF000000FF000000FF000000FF000000FF000000FF000000FF000000FF000000FF000000FF000000FF000000FF000000FF000000FF000000FF000000FF000000FF000000FF000000FF000000FF000000FF000000FF000000FF000000FF000000FF000000FF000000FF000000FF000000FF000000FF000000FF000000FF000000FF000000FF000000FF000000FF000000FF000000FF000000FF000000FF000000FF000000FF000000FF000000FF000000FF000000FF000000FF000000FF000000FF000000FF000000FF000000FF000000FF000000FF000000FF000000FF000000FF000000FF000000FF000000FF000000FF000000FF000000FF000000FF000000FF000000FF000000FF000000FF000000FF000000FF000000FF000000FF000000FF000000FF000000FF000000FF000000FF000000FF000000FF000000FF000000FF000000FF000000FF000000FF000000FF000000FF000000FF000000FF000000FF000000FF000000FF000000FF000000FF000000FF000000FF000000FF000000FF000000FF000000FF000000FF000000FF000000FF000000FF000000FF000000FF000000FF000000FF000000FF000000FF000000FF000000FF000000FF000000FF000000FF000000FF000000FF000000FF000000FF000000FF000000FF000000FF000000FF000000FF000000FF000000FF000000FF000000FF000000FF000000FF000000FF000000FF000000FF000000FF000000FF000000FF000000FF000000FF000000FF000000FF000000FF000000FF000000FF000000FF000000FF000000FF000000FF000000FF000000FF000000FF000000FF000000FF000000FF000000FF000000FF000000FF000000FF000000FF000000FF000000FF000000FF000000FF000000FF000000FF000000FF000000FF000000FF000000FF000000FF000000FF000000FF000000FF000000FF000000FF000000FF000000FF000000FF000000FF000000FF000000FF000000FF000000FF000000FF000000FF000000FF000000FF000000FF000000FF000000FF000000FF000000FF000000FF000000FF000000FF000000FF000000FF000000FF000000FF000000FF000000FF000000FF000000FF000000FF000000FF000000FF000000FF000000FF000000FF000000FF000000FF000000FF000000FF000000FF000000FF000000FF000000FF000000FF000000FF000000FF000000FF000000FF000000FF000000FF000000FF000000FF000000FF000000FF000000FF000000FF000000FF000000FF000000FF000000FF000000FF000000FF000000FF000000FF000000FF000000FF000000FF000000FF000000FF000000FF000000FF000000FF000000FF000000FF000000FF000000FF000000FF000000FF000000FF000000FF000000FF000000FF000000FF000000FF000000FF000000FF000000FF000000FF000000FF000000FF000000FF000000FF000000FF000000FF000000FF000000FF000000FF000000FF000000FF000000FF000000FF000000FF000000FF000000FF000000FF000000FF000000FF000000FF000000FF000000FF000000FF000000FF000000FF000000FF000000FF000000FF000000FF000000FF000000FF000000FF000000FF000000FF000000FF000000FF000000FF000000FF000000FF000000FF000000FF000000FF000000FF000000FF000000FF000000FF000000FF000000FF000000FF000000FF000000FF000000FF000000FF000000FF000000FF000000FF000000FF000000FF000000FF000000FF000000FF000000FF000000FF000000FF000000FF000000FF000000FF000000FF000000FF000000FF000000FF000000FF000000FF000000FF000000FF000000FF000000FF000000FF000000FF000000FF000000FF000000FF000000FF000000FF000000FF000000FF000000FF000000FF000000FF000000FF000000FF000000FF000000FF000000FF000000FF000000FF000000FF000000FF000000FF000000FF000000FF000000FF000000FF000000FF000000FF000000FF000000FF000000FF000000FF000000FF000000FF000000FF000000FF000000FF000000FF000000FF000000FF000000FF000000FF000000FF000000FF000000FF000000FF000000FF000000FF000000FF000000FF000000FF000000FF000000FF000000FF000000FF000000FF000000FF000000FF000000FF000000FF000000FF000000FF000000FF000000FF000000FF000000FF000000FF000000FF000000FF000000FF000000FF000000FF000000FF000000FF000000FF000000FF000000FF000000FF000000FF000000FF000000FF000000FF000000FF000000FF000000FF000000FF000000FF000000FF000000FF000000FF000000FF000000FF000000FF000000FF000000FF000000FF000000FF000000FF000000FF000000FF000000FF000000FF000000FF000000FF000000FF000000FF000000FF000000FF000000FF000000FF000000FF000000FF000000FF000000FF000000FF000000FF000000FF000000FF000000FF000000FF000000FF000000FF000000FF000000FF000000FF000000FF000000FF000000FF000000FF000000FF000000FF000000FF000000FF000000FF000000FF000000FF000000FF000000FF000000FF000000FF000000FF000000FF000000FF000000FF000000FF000000FF000000FF000000FF000000FF000000FF000000FF000000FF000000FF000000FF000000FF000000FF000000FF000000FF000000FF000000FF000000FF000000FF000000FF000000FF000000FF000000FF000000FF000000FF000000FF000000FF000000FF000000FF000000FF000000FF000000FF000000FF000000FF000000FF000000FF000000FF000000FF000000FF000000FF000000FF000000FF000000FF000000FF000000FF000000FF000000FF000000FF000000FF000000FF000000FF000000FF000000FF000000FF000000FF000000FF000000FF000000FF000000FF000000FF000000FF000000FF000000FF000000FF000000FF000000FF000000FF000000FF000000FF000000FF000000FF000000FF000000FF000000FF000000FF000000FF000000FF000000FF000000FF000000FF000000FF000000FF000000FF000000FF000000FF000000FF000000FF000000FF000000FF000000FF000000FF000000FF000000FF000000FF000000FF000000FF000000FF000000FF000000FF000000FF000000FF000000FF000000FF000000FF000000FF000000FF000000FF000000FF000000FF000000FF000000FF000000FF000000FF000000FF000000FF000000FF000000FF000000FF000000FF000000FF000000FF000000FF000000FF000000FF000000FF000000FF000000FF000000FF000000FF000000FF000000FF000000FF000000FF000000FF000000FF000000FF000000FF000000FF000000FF000000FF000000FF000000FF000000FF000000FF000000FF000000FF000000FF000000FF000000FF000000FF000000FF000000FF000000FF000000FF000000FF000000FF000000FF000000FF000000FF000000FF000000FF000000FF000000FF000000FF000000FF000000FF000000FF000000FF000000FF000000FF000000FF000000FF000000FF000000FF000000FF000000FF000000FF000000FF000000FF000000FF000000FF000000FF000000FF000000FF000000FF000000FF000000FF000000FF000000FF000000FF000000FF000000FF000000FF000000FF000000FF000000FF000000FF000000FF000000FF000000FF000000FF000000FF000000FF000000FF000000FF000000FF000000FF000000FF000000FF000000FF000000FF000000FF000000FF000000FF000000FF000000FF000000FF000000FF000000FF000000FF000000FF000000FF000000FF000000FF000000FF000000FF000000FF000000FF000000FF000000FF000000FF000000FF000000FF000000FF000000FF000000FF000000FF000000FF000000FF000000FF000000FF000000FF000000FF000000FF000000FF000000FF000000FF000000FF000000FF000000FF000000FF000000FF000000FF000000FF000000FF000000FF000000FF000000FF000000FF000000FF000000FF000000FF000000FF000000FF000000FF000000FF000000FF000000FF000000FF000000FF000000FF000000FF000000FF000000FF000000FF000000FF000000FF000000FF000000FF000000FF000000FF000000FF000000FF000000FF000000FF000000FF000000FF000000FF000000FF000000FF000000FF000000FF000000FF000000FF000000FF000000FF000000FF000000FF000000FF000000FF000000FF000000FF000000FF000000FF000000FF000000FF000000FF000000FF000000FF000000FF000000FF000000FF000000FF000000FF000000FF000000FF000000FF000000FF000000FF000000FF000000FF000000FF000000FF000000FF000000FF000000FF000000FF000000FF000000FF000000FF000000FF000000FF000000FF000000FF000000FF000000FF000000FF000000FF000000FF000000FF000000FF000000FF000000FF000000FF000000FF000000FF000000FF000000FF000000FF000000FF000000FF000000FF000000FF000000FF000000FF000000FF000000FF000000FF000000FF000000FF000000FF000000FF000000FF000000FF000000FF000000FF000000FF000000FF000000FF000000FF000000FF000000FF000000FF000000FF000000FF000000FF000000FF000000FF000000FF000000FF000000FF000000FF000000FF000000FF000000FF000000FF000000FF000000FF000000FF000000FF000000FF000000FF000000FF000000FF000000FF000000FF000000FF000000FF000000FF000000FF000000FF000000FF000000FF000000FF000000FF000000FF000000FF000000FF000000FF000000FF000000FF000000FF000000FF000000FF000000FF000000FF000000FF000000FF000000FF000000FF000000FF000000FF000000FF000000FF000000FF000000FF000000FF000000FF000000FF000000FF000000FF000000FF000000FF000000FF000000FF000000FF000000FF000000FF000000FF000000FF000000FF000000FF000000FF000000FF000000FF000000FF000000FF000000FF000000FF000000FF000000FF000000FF000000FF000000FF000000FF000000FF000000FF000000FF000000FF000000FF000000FF000000FF000000FF000000FF000000FF000000FF000000FF000000FF000000FF000000FF000000FF000000FF000000FF000000FF000000FF000000FF000000FF000000FF000000FF000000FF000000FF000000FF000000FF000000FF000000FF000000FF000000FF000000FF000000FF000000FF000000FF000000FF000000FF000000FF000000FF000000FF000000FF000000FF000000FF000000FF000000FF000000FF000000FF000000FF000000FF000000FF000000FF000000FF000000FF000000FF000000FF000000FF000000FF000000FF000000FF000000FF000000FF000000FF000000FF000000FF000000FF000000FF000000FF000000FF000000FF000000FF000000FF000000FF000000FF000000FF000000FF000000FF000000FF000000FF000000FF000000FF000000FF000000FF000000FF000000FF000000FF000000FF000000FF000000FF000000FF000000FF000000FF000000FF000000FF000000FF000000FF000000FF000000FF000000FF000000FF000000FF000000FF000000FF000000FF000000FF000000FF000000FF000000FF000000FF000000FF000000FF000000FF000000FF000000FF000000FF000000FF000000FF000000FF000000FF000000FF000000FF000000FF000000FF000000FF000000FF000000FF000000FF000000FF000000FF000000FF000000FF000000FF000000FF000000FF000000FF000000FF000000FF000000FF000000FF000000FF000000FF000000FF000000FF000000FF000000FF000000FF000000FF000000FF000000FF000000FF000000FF000000FF000000FF000000FF000000FF000000FF000000FF000000FF000000FF000000FF000000FF000000FF000000FF000000FF000000FF000000FF000000FF000000FF000000FF000000FF000000FF000000FF000000FF000000FF000000FF000000FF000000FF000000FF000000FF000000FF000000FF000000FF000000FF000000FF000000FF000000FF000000FF000000FF000000FF000000FF000000FF000000FF000000FF000000FF000000FF000000FF000000FF000000FF000000FF000000FF000000FF000000FF000000FF000000FF000000FF000000FF000000FF000000FF000000FF000000FF000000FF000000FF000000FF000000FF000000FF000000FF000000FF000000FF000000FF000000FF000000FF000000FF000000FF000000FF000000FF000000FF000000FF000000FF000000FF000000FF000000FF000000FF000000FF000000FF000000FF000000FF000000FF000000FF000000FF000000FF000000FF000000FF000000FF000000FF000000FF000000FF000000FF000000FF000000FF000000FF000000FF000000FF000000FF000000FF000000FF000000FF000000FF000000FF000000FF000000FF000000FF000000FF000000FF000000FF000000FF000000FF000000FF000000FF000000FF000000FF000000FF000000FF000000FF000000FF000000FF000000FF000000FF000000FF000000FF000000FF000000FF000000FF000000FF000000FF000000FF000000FF000000FF000000FF000000FF000000FF000000FF000000FF000000FF000000FF000000FF000000FF000000FF000000FF000000FF000000FF000000FF000000FF000000FF000000FF000000FF000000FF000000FF000000FF000000FF000000FF000000FF000000FF000000FF000000FF000000FF000000FF000000FF000000FF000000FF000000FF000000FF000000FF000000FF000000FF000000FF000000FF000000FF000000FF000000FF000000FF000000FF000000FF000000FF000000FF000000FF000000FF000000FF000000FF000000FF000000FF000000FF000000FF000000FF000000FF000000FF000000FF000000FF000000FF000000FF000000FF000000FF000000FF000000FF000000FF000000FF000000FF000000FF000000FF000000FF000000FF000000FF000000FF000000FF000000FF000000FF000000FF000000FF000000FF000000FF000000FF000000FF000000FF000000FF000000FF000000FF000000FF000000FF000000FF000000FF000000FF000000FF000000FF000000FF000000FF000000FF000000FF000000FF000000FF000000FF000000FF000000FF000000FF000000FF000000FF000000FF000000FF000000FF000000FF000000FF000000FF000000FF000000FF000000FF000000FF000000FF000000FF000000FF000000FF000000FF000000FF000000FF000000FF000000FF000000FF000000FF000000FF000000FF000000FF000000FF000000FF000000FF000000FF000000FF000000FF000000FF000000FF000000FF000000FF000000FF000000FF000000FF000000FF000000FF000000FF000000FF000000FF000000FF000000FF000000FF000000FF000000FF000000FF000000FF000000FF000000FF000000FF000000FF000000FF000000FF000000FF000000FF000000FF000000FF000000FF000000FF000000FF000000FF000000FF000000FF000000FF000000FF000000FF000000FF000000FF000000FF000000FF000000FF000000FF000000FF000000FF000000FF000000FF000000FF000000FF000000FF000000FF000000FF000000FF000000FF000000FF000000FF000000FF000000FF000000FF000000FF000000FF000000FF000000FF000000FF000000FF000000FF000000FF000000FF000000FF000000FF000000FF000000FF000000FF000000FF000000FF000000FF000000FF000000FF000000FF000000FF000000FF000000FF000000FF000000FF000000FF000000FF000000FF000000FF000000FF000000FF000000FF000000FF000000FF000000FF000000FF000000FF000000FF000000FF000000FF000000FF000000FF000000FF000000FF000000FF000000FF000000FF000000FF000000FF000000FF000000FF000000FF000000FF000000FF000000FF000000FF000000FF000000FF000000FF000000FF000000FF000000FF000000FF000000FF000000FF000000FF000000FF000000FF000000FF000000FF000000FF000000FF000000FF000000FF000000FF000000FF000000FF000000FF000000FF000000FF000000FF000000FF000000FF000000FF000000FF000000FF000000FF000000FF000000FF000000FF000000FF000000FF000000FF000000FF000000FF000000FF000000FF000000FF000000FF000000FF000000FF000000FF000000FF000000FF000000FF000000FF000000FF000000FF000000FF000000FF000000FF000000FF000000FF000000FF000000FF000000FF000000FF000000FF000000FF000000FF000000FF000000FF000000FF000000FF000000FF000000FF000000FF000000FF000000FF000000FF000000FF000000FF000000FF000000FF000000FF000000FF000000FF000000FF000000FF000000FF000000FF000000FF000000FF000000FF000000FF000000FF000000FF000000FF000000FF000000FF000000FF000000FF000000FF000000FF000000FF000000FF000000FF000000FF000000FF000000FF000000FF000000FF000000FF000000FF000000FF000000FF000000FF000000FF000000FF000000FF000000FF000000FF000000FF000000FF000000FF000000FF000000FF000000FF000000FF000000FF000000FF000000FF000000FF000000FF000000FF000000FF000000FF000000FF000000FF000000FF000000FF000000FF000000FF000000FF000000FF000000FF000000FF000000FF000000FF000000FF000000FF000000FF000000FF000000FF000000FF000000FF000000FF000000FF000000FF000000FF000000FF000000FF000000FF000000FF000000FF000000FF000000FF000000FF000000FF000000FF000000FF000000FF000000FF000000FF000000FF000000FF000000FF000000FF000000FF000000FF000000FF000000FF000000FF000000FF000000FF000000FF000000FF000000FF000000FF000000FF000000FF000000FF000000FF000000FF000000FF000000FF000000FF000000FF000000FF000000FF000000FF000000FF000000FF000000FF000000FF000000FF000000FF000000FF000000FF000000FF000000FF000000FF000000FF000000FF000000FF000000FF000000FF000000FF000000FF000000FF000000FF000000FF000000FF000000FF000000FF000000FF000000FF000000FF000000FF000000FF000000FF000000FF000000FF000000FF000000FF000000FF000000FF000000FF000000FF000000FF000000FF000000FF000000FF000000FF000000FF000000FF000000FF000000FF000000FF000000FF000000FF000000FF000000FF000000FF000000FF000000FF000000FF000000FF000000FF000000FF000000FF000000FF000000FF000000FF000000FF000000FF000000FF000000FF000000FF000000FF000000FF000000FF000000FF000000FF000000FF000000FF000000FF000000FF000000FF000000FF000000FF000000FF000000FF000000FF000000FF000000FF000000FF000000FF000000FF000000FF000000FF000000FF000000FF000000FF000000FF000000FF000000FF000000FF000000FF000000FF000000FF000000FF000000FF000000FF000000FF000000FF000000FF000000FF000000FF000000FF000000FF000000FF000000FF000000FF000000FF000000FF000000FF000000FF000000FF000000FF000000FF000000FF000000FF000000FF000000FF000000FF000000FF000000FF000000FF000000FF000000FF000000FF000000FF000000FF000000FF000000FF000000FF000000FF000000FF000000FF000000FF000000FF000000FF000000FF000000FF000000FF000000FF000000FF000000FF000000FF000000FF000000FF000000FF000000FF000000FF000000FF000000FF000000FF000000FF000000FF000000FF000000FF000000FF000000FF000000FF000000FF000000FF000000FF000000FF000000FF000000FF000000FF000000FF000000FF000000FF000000FF000000FF000000FF000000FF000000FF000000FF000000FF000000FF000000FF000000FF000000FF000000FF000000FF000000FF000000FF000000FF000000FF000000FF000000FF000000FF000000FF000000FF000000FF000000FF000000FF000000FF000000FF000000FF000000FF000000FF000000FF000000FF000000FF000000FF000000FF000000FF000000FF000000FF000000FF000000FF000000FF000000FF000000FF000000FF000000FF000000FF000000FF000000FF000000FF000000FF000000FF000000FF000000FF000000FF000000FF000000FF000000FF000000FF000000FF000000FF000000FF000000FF000000FF000000FF000000FF000000FF000000FF000000FF000000FF000000FF000000FF000000FF000000FF000000FF000000FF000000FF000000FF000000FF000000FF000000FF000000FF000000FF000000FF000000FF000000FF000000FF000000FF000000FF000000FF000000FF000000FF000000FF000000FF000000FF000000FF000000FF000000FF000000FF000000FF000000FF000000FF000000FF000000FF000000FF000000FF000000FF000000FF000000FF000000FF000000FF000000FF000000FF000000FF000000FF000000FF000000FF000000FF000000FF000000FF000000FF000000FF000000FF000000FF000000FF000000FF000000FF000000FF000000FF000000FF000000FF000000FF000000FF000000FF000000FF000000FF000000FF000000FF000000FF000000FF000000FF000000FF000000FF000000FF000000FF000000FF000000FF000000FF000000FF000000FF000000FF000000FF000000FF000000FF000000FF000000FF000000FF000000FF000000FF000000FF000000FF000000FF000000FF000000FF000000FF000000FF000000FF000000FF000000FF000000FF000000FF000000FF000000FF000000FF000000FF000000FF000000FF000000FF000000FF000000FF000000FF000000FF000000FF000000FF000000FF000000FF000000FF000000FF000000FF000000FF000000FF000000FF000000FF000000FF000000FF000000FF000000FF000000FF000000FF000000FF000000FF000000FF000000FF000000FF000000FF000000FF000000FF000000FF000000FF000000FF000000FF000000FF000000FF000000FF000000FF000000FF000000FF000000FF000000FF000000FF000000FF000000FF000000FF000000FF000000FF000000FF000000FF000000FF000000FF000000FF000000FF000000FF000000FF000000FF000000FF000000FF000000FF000000FF000000FF000000FF000000FF000000FF000000FF000000FF000000FF000000FF000000FF000000FF000000FF000000FF000000FF000000FF000000FF000000FF000000FF000000FF000000FF000000FF000000FF000000FF000000FF000000FF000000FF000000FF000000FF000000FF000000FF000000FF000000FF000000FF000000FF000000FF000000FF000000FF000000FF000000FF000000FF000000FF000000FF000000FF000000FF000000FF000000FF000000FF000000FF000000FF000000FF000000FF000000FF000000FF000000FF000000FF000000FF000000FF000000FF000000FF000000FF000000FF000000FF000000FF000000FF000000FF000000FF000000FF000000FF000000FF000000FF000000FF000000FF000000FF000000FF000000FF000000FF000000FF000000FF000000FF000000FF000000FF000000FF000000FF000000FF000000FF000000FF000000FF000000FF000000FF000000FF000000FF000000FF000000FF000000FF000000FF000000FF000000FF000000FF000000FF000000FF000000FF000000FF000000FF000000FF000000FF000000FF000000FF000000FF000000FF000000FF000000FF000000FF000000FF000000FF000000FF000000FF000000FF000000FF000000FF000000FF000000FF000000FF000000FF000000FF000000FF000000FF000000FF000000FF000000FF000000FF000000FF000000FF000000FF000000FF000000FF000000FF000000FF000000FF000000FF000000FF000000FF000000FF000000FF000000FF000000FF000000FF000000FF000000FF000000FF000000FF000000FF000000FF000000FF000000FF000000FF000000FF000000FF000000FF000000FF000000FF000000FF000000FF000000FF000000FF000000FF000000FF000000FF000000FF000000FF000000FF000000FF000000FF000000FF000000FF000000FF000000FF000000FF000000FF000000FF000000FF000000FF000000FF000000FF000000FF000000FF000000FF000000FF000000FF000000FF000000FF000000FF000000FF000000FF000000FF000000FF000000FF000000FF000000FF000000FF000000FF000000FF000000FF000000FF000000FF000000FF000000FF000000FF000000FF000000FF000000FF000000FF000000FF000000FF000000FF000000FF000000FF000000FF000000FF000000FF000000FF000000FF000000FF000000FF000000FF000000FF000000FF000000FF000000FF000000FF000000FF000000FF000000FF000000FF000000FF000000FF000000FF000000FF000000FF000000FF000000FF000000FF000000FF000000FF000000FF000000FF000000FF000000FF000000FF000000FF000000FF000000FF000000FF000000FF000000FF000000FF000000FF000000FF000000FF000000FF000000FF000000FF000000FF000000FF000000FF000000FF000000FF000000FF000000FF000000FF000000FF000000FF000000FF000000FF000000FF000000FF000000FF000000FF000000FF000000FF000000FF000000FF000000FF000000FF000000FF000000FF000000FF000000FF000000FF000000FF000000FF000000FF000000FF000000FF000000FF000000FF000000FF000000FF000000FF000000FF000000FF000000FF000000FF000000FF000000FF000000FF000000FF000000FF000000FF000000FF000000FF000000FF000000FF000000FF000000FF000000FF000000FF000000FF000000FF000000FF000000FF000000FF000000FF000000FF000000FF000000FF000000FF000000FF000000FF000000FF000000FF000000FF000000FF000000FF000000FF000000FF000000FF000000FF000000FF000000FF000000FF000000FF000000FF000000FF000000FF000000FF000000FF000000FF000000FF000000FF000000FF000000FF000000FF000000FF000000FF000000FF000000FF000000FF000000FF000000FF000000FF000000FF000000FF000000FF000000FF000000FF000000FF000000FF000000FF000000FF000000FF000000FF000000FF000000FF000000FF000000FF000000FF000000FF000000FF000000FF000000FF000000FF000000FF000000FF000000FF000000FF000000FF000000FF000000FF000000FF000000FF000000FF000000FF000000FF000000FF000000FF000000FF000000FF000000FF000000FF000000FF000000FF000000FF000000FF000000FF000000FF000000FF000000FF000000FF000000FF000000FF000000FF000000FF000000FF000000FF000000FF000000FF000000FF000000FF000000FF000000FF000000FF000000FF000000FF000000FF000000FF000000FF000000FF000000FF000000FF000000FF000000FF000000FF000000FF000000FF000000FF000000FF000000FF000000FF000000FF000000FF000000FF000000FF000000FF000000FF000000FF000000FF000000FF000000FF000000FF000000FF000000FF000000FF000000FF000000FF000000FF000000FF000000FF000000FF000000FF000000FF000000FF000000FF000000FF000000FF000000FF000000FF000000FF000000FF000000FF000000FF000000FF000000FF000000FF000000FF000000FF000000FF000000FF000000FF000000FF000000FF000000FF000000FF000000FF000000FF000000FF000000FF000000FF000000FF000000FF000000FF000000FF000000FF000000FF000000FF000000FF000000FF000000FF000000FF000000FF000000FF000000FF000000FF000000FF000000FF000000FF000000FF000000FF000000FF000000FF000000FF000000FF000000FF000000FF000000FF000000FF000000FF000000FF000000FF000000FF000000FF000000FF000000FF000000FF000000FF000000FF000000FF000000FF000000FF000000FF000000FF000000FF000000FF000000FF000000FF000000FF000000FF000000FF000000FF000000FF000000FF000000FF000000FF000000FF000000FF000000FF000000FF000000FF000000FF000000FF000000FF000000FF000000FF000000FF000000FF000000FF000000FF000000FF000000FF000000FF000000FF000000FF000000FF000000FF000000FF000000FF000000FF000000FF000000FF000000FF000000FF000000FF000000FF000000FF000000FF000000FF000000FF000000FF000000FF000000FF000000FF000000FF000000FF000000FF000000FF000000FF000000FF000000FF000000FF000000FF000000FF000000FF000000FF000000FF000000FF000000FF000000FF000000FF000000FF000000FF000000FF000000FF000000FF000000FF000000FF000000FF000000FF000000FF000000FF000000FF000000FF000000FF000000FF000000FF000000FF000000FF000000FF000000FF000000FF000000FF000000FF000000FF000000FF000000FF000000FF000000FF000000FF000000FF000000FF000000FF000000FF000000FF000000FF000000FF000000FF000000FF000000FF000000FF000000FF000000FF000000FF000000FF000000FF000000FF000000FF000000FF000000FF000000FF000000FF000000FF000000FF000000FF000000FF000000FF000000FF000000FF000000FF000000FF000000FF000000FF000000FF000000FF000000FF000000FF000000FF000000FF000000FF000000FF000000FF000000FF000000FF000000FF000000FF000000FF000000FF000000FF000000FF000000FF000000FF000000FF000000FF000000FF000000FF000000FF000000FF000000FF000000FF000000FF000000FF000000FF000000FF000000FF000000FF000000FF000000FF000000FF000000FF000000FF000000FF000000FF000000FF000000FF000000FF000000FF000000FF000000FF000000FF000000FF000000FF000000FF000000FF000000FF000000FF000000FF000000FF000000FF000000FF000000FF000000FF000000FF000000FF000000FF000000FF000000FF000000FF000000FF000000FF000000FF000000FF000000FF000000FF000000FF000000FF000000FF000000FF000000FF000000FF000000FF000000FF000000FF000000FF000000FF000000FF000000FF000000FF000000FF000000FF000000FF000000FF000000FF000000FF000000FF000000FF000000FF000000FF000000FF000000FF000000FF000000FF000000FF000000FF000000FF000000FF000000FF000000FF000000FF000000FF000000FF000000FF000000FF000000FF000000FF000000FF000000FF000000FF000000FF000000FF000000FF000000FF000000FF000000FF000000FF000000FF000000FF000000FF000000FF000000FF000000FF000000FF000000FF000000FF000000FF000000FF000000FF000000FF000000FF000000FF000000FF000000FF000000FF000000FF000000FF000000FF000000FF000000FF000000FF000000FF000000FF000000FF000000FF000000FF000000FF000000FF000000FF000000FF000000FF000000FF000000FF000000FF000000FF000000FF000000FF000000FF000000FF000000FF000000FF000000FF000000FF000000FF000000FF000000FF000000FF000000FF000000FF000000FF000000FF000000FF000000FF000000FF000000FF000000FF000000FF000000FF000000FF000000FF000000FF000000FF000000FF000000FF000000FF000000FF000000FF000000FF000000FF000000FF000000FF000000FF000000FF000000FF000000FF000000FF000000FF000000FF000000FF000000FF000000FF000000FF000000FF000000FF000000FF000000FF000000FF000000FF000000FF000000FF000000FF000000FF000000FF000000FF000000FF000000FF000000FF000000FF000000FF000000FF000000FF000000FF000000FF000000FF000000FF000000FF000000FF000000FF000000FF000000FF000000FF000000FF000000FF000000FF000000FF000000FF000000FF000000FF000000FF000000FF000000FF000000FF000000FF000000FF000000FF000000FF000000FF000000FF000000FF000000FF000000FF000000FF000000FF000000FF000000FF000000FF000000FF000000FF000000FF000000FF000000FF000000FF000000FF000000FF000000FF000000FF000000FF000000FF000000FF000000FF000000FF000000FF000000FF000000FF000000FF000000FF000000FF000000FF000000FF000000FF000000FF000000FF000000FF000000FF000000FF000000FF000000FF000000FF000000FF000000FF000000FF000000FF000000FF000000FF000000FF000000FF000000FF000000FF000000FF000000FF000000FF000000FF000000FF000000FF000000FF000000FF000000FF000000FF000000FF000000FF000000FF000000FF000000FF000000FF000000FF000000FF000000FF000000FF000000FF000000FF000000FF000000FF000000FF000000FF000000FF000000FF000000FF000000FF000000FF000000FF000000FF000000FF000000FF000000FF000000FF000000FF000000FF000000FF000000FF000000FF000000FF000000FF000000FF000000FF000000FF000000FF000000FF000000FF000000FF000000FF000000FF000000FF000000FF000000FF000000FF000000FF000000FF000000FF000000FF000000FF000000FF000000FF000000FF000000FF000000FF000000FF000000FF000000FF000000FF000000FF000000FF000000FF000000FF000000FF000000FF000000FF000000FF000000FF000000FF000000FF000000FF000000FF000000FF000000FF000000FF000000FF000000FF000000FF000000FF000000FF000000FF000000FF000000FF000000FF000000FF000000FF000000FF000000FF000000FF000000FF000000FF000000FF000000FF000000FF000000FF000000FF000000FF000000FF000000FF000000FF000000FF000000FF000000FF000000FF000000FF000000FF000000FF000000FF000000FF000000FF000000FF000000FF000000FF000000FF000000FF000000FF000000FF000000FF000000FF000000FF000000FF000000FF000000FF000000FF000000FF000000FF000000FF000000FF000000FF000000FF000000FF000000FF000000FF000000FF000000FF000000FF000000FF000000FF000000FF000000FF000000FF000000FF000000FF000000FF000000FF000000FF000000FF000000FF000000FF000000FF000000FF000000FF000000FF000000FF000000FF000000FF000000FF000000FF000000FF000000FF000000FF000000FF000000FF000000FF000000FF000000FF000000FF000000FF000000FF000000FF000000FF000000FF000000FF000000FF000000FF000000FF000000FF000000FF000000FF000000FF000000FF000000FF000000FF000000FF000000FF000000FF000000FF000000FF000000FF000000FF000000FF000000FF000000FF000000FF000000FF000000FF000000FF000000FF000000FF000000FF000000FF000000FF000000FF000000FF000000FF000000FF000000FF000000FF000000FF000000FF000000FF000000FF000000FF000000FF000000FF000000FF000000FF000000FF000000FF000000FF000000FF000000FF000000FF000000FF000000FF000000FF000000FF000000FF000000FF000000FF000000FF000000FF000000FF000000FF000000FF000000FF000000FF000000FF000000FF000000FF000000FF000000FF000000FF000000FF000000FF000000FF000000FF000000FF000000FF000000FF000000FF000000FF000000FF000000FF000000FF000000FF000000FF000000FF000000FF000000FF000000FF000000FF000000FF000000FF000000FF000000FF000000FF000000FF000000FF000000FF000000FF000000FF000000FF000000FF000000FF000000FF000000FF000000FF000000FF000000FF000000FF000000FF000000FF000000FF000000FF000000FF000000FF000000FF000000FF000000FF000000FF000000FF000000FF000000FF000000FF000000FF000000FF000000FF000000FF000000FF000000FF000000FF000000FF000000FF000000FF000000FF000000FF000000FF000000FF000000FF000000FF000000FF000000FF000000FF000000FF000000FF000000FF000000FF000000FF000000FF000000FF000000FF000000FF000000FF000000FF000000FF000000FF000000FF000000FF000000FF000000FF000000FF000000FF000000FF000000FF000000FF000000FF000000FF000000FF000000FF000000FF000000FF000000FF000000FF000000FF000000FF000000FF000000FF000000FF000000FF000000FF000000FF000000FF000000FF000000FF000000FF000000FF000000FF000000FF000000FF000000FF000000FF000000FF000000FF000000FF000000FF000000FF000000FF000000FF000000FF000000FF000000FF000000FF000000FF000000FF000000FF000000FF000000FF000000FF000000FF000000FF000000FF000000FF000000FF000000FF000000FF000000FF000000FF000000FF000000FF000000FF000000FF000000FF000000FF000000FF000000FF000000FF000000FF000000FF000000FF000000FF000000FF000000FF000000FF000000FF000000FF000000FF000000FF000000FF000000FF000000FF000000FF000000FF000000FF000000FF000000FF000000FF000000FF000000FF000000FF000000FF000000FF000000FF000000FF000000FF000000FF000000FF000000FF000000FF000000FF000000FF000000FF000000FF000000FF000000FF000000FF000000FF000000FF000000FF000000FF000000FF000000FF000000FF000000FF000000FF000000FF000000FF000000FF000000FF000000FF000000FF000000FF000000FF000000FF000000FF000000FF000000FF000000FF000000FF000000FF000000FF000000FF000000FF000000FF000000FF000000FF000000FF000000FF000000FF000000FF000000FF000000FF000000FF000000FF000000FF000000FF000000FF000000FF000000FF000000FF000000FF000000FF000000FF000000FF000000FF000000FF000000FF000000FF000000FF000000FF000000FF000000FF000000FF000000FF000000FF000000FF000000FF000000FF000000FF000000FF000000FF000000FF000000FF000000FF000000FF000000FF000000FF000000FF000000FF000000FF000000FF000000FF000000FF000000FF000000FF000000FF000000FF000000FF000000FF000000FF000000FF000000FF000000FF000000FF000000FF000000FF000000FF000000FF000000FF000000FF000000FF000000FF000000FF000000FF000000FF000000FF000000FF000000FF000000FF000000FF000000FF000000FF000000FF000000FF000000FF000000FF000000FF000000FF000000FF000000FF000000FF000000FF000000FF000000FF000000FF000000FF000000FF000000FF000000FF000000FF000000FF000000FF000000FF000000FF000000FF000000FF000000FF000000FF000000FF000000FF000000FF000000FF000000FF000000FF000000FF000000FF000000FF000000FF000000FF000000FF000000FF000000FF000000FF000000FF000000FF000000FF000000FF000000FF000000FF000000FF000000FF000000FF000000FF000000FF000000FF000000FF000000FF000000FF000000FF000000FF000000FF000000FF000000FF000000FF000000FF000000FF000000FF000000FF000000FF000000FF000000FF000000FF000000FF000000FF000000FF000000FF000000FF000000FF000000FF000000FF000000FF000000FF000000FF000000FF000000FF000000FF000000FF000000FF000000FF000000FF000000FF000000FF000000FF000000FF000000FF000000FF000000FF000000FF000000FF000000FF000000FF000000FF000000FF000000FF000000FF000000FF000000FF000000FF000000FF000000FF000000FF000000FF000000FF000000FF000000FF000000FF000000FF000000FF000000FF000000FF000000FF000000FF000000FF000000FF000000FF000000FF000000FF000000FF000000FF000000FF000000FF000000FF000000FF000000FF000000FF000000FF000000FF000000FF000000FF000000FF000000FF000000FF000000FF000000FF000000FF000000FF000000FF000000FF000000FF000000FF000000FF000000FF000000FF000000FF000000FF000000FF000000FF000000FF000000FF000000FF000000FF000000FF000000FF000000FF000000FF000000FF000000FF000000FF000000FF000000FF000000FF000000FF000000FF000000FF000000FF000000FF000000FF000000FF000000FF000000FF000000FF000000FF000000FF000000FF000000FF000000FF000000FF000000FF000000FF000000FF000000FF000000FF000000FF000000FF000000FF000000FF000000FF000000FF000000FF000000FF000000FF000000FF000000FF000000FF000000FF000000FF000000FF000000FF000000FF000000FF000000FF000000FF000000FF000000FF000000FF000000FF000000FF000000FF000000FF000000FF000000FF000000FF000000FF000000FF000000FF000000FF000000FF000000FF000000FF000000FF000000FF000000FF000000FF000000FF000000FF000000FF000000FF000000FF000000FF000000FF000000FF000000FF000000FF000000FF000000FF000000FF000000FF000000FF000000FF000000FF000000FF000000FF000000FF000000FF000000FF000000FF000000FF000000FF000000FF000000FF000000FF000000FF000000FF000000FF000000FF000000FF000000FF000000FF000000FF000000FF000000FF000000FF000000FF000000FF000000FF000000FF000000FF000000FF000000FF000000FF000000FF000000FF000000FF000000FF000000FF000000FF000000FF000000FF000000FF000000FF000000FF000000FF000000FF000000FF000000FF000000FF000000FF000000FF000000FF000000FF000000FF000000FF000000FF000000FF000000FF000000FF000000FF000000FF000000FF000000FF000000FF000000FF000000FF000000FF000000FF000000FF000000FF000000FF000000FF000000FF000000FF000000FF000000FF000000FF000000FF000000FF000000FF000000FF000000FF000000FF000000FF000000FF000000FF000000FF000000FF000000FF000000FF000000FF000000FF000000FF000000FF000000FF000000FF000000FF000000FF000000FF000000FF000000FF000000FF000000FF000000FF000000FF000000FF000000FF000000FF000000FF000000FF000000FF000000FF000000FF000000FF000000FF000000FF000000FF000000FF000000FF000000FF000000FF000000FF000000FF000000FF000000FF000000FF000000FF000000FF000000FF000000FF000000FF000000FF000000FF000000FF000000FF000000FF000000FF000000FF000000FF000000FF000000FF000000FF000000FF000000FF000000FF000000FF000000FF000000FF000000FF000000FF000000FF000000FF000000FF000000FF000000FF000000FF000000FF000000FF000000FF000000FF000000FF000000FF000000FF000000FF000000FF000000FF000000FF000000FF000000FF000000FF000000FF000000FF000000FF000000FF000000FF000000FF000000FF000000FF000000FF000000FF000000FF000000FF000000FF000000FF000000FF000000FF000000FF000000FF000000FF000000FF000000FF000000FF000000FF000000FF000000FF000000FF000000FF000000FF000000FF000000FF000000FF000000FF000000FF000000FF000000FF000000FF000000FF000000FF000000FF000000FF000000FF000000FF000000FF000000FF000000FF000000FF000000FF000000FF000000FF000000FF000000FF000000FF000000FF000000FF000000FF000000FF000000FF000000FF000000FF000000FF000000FF000000FF000000FF000000FF000000FF000000FF000000FF000000FF000000FF000000FF000000FF000000FF000000FF000000FF000000FF000000FF000000FF000000FF000000FF000000FF000000FF000000FF000000FF000000FF000000FF000000FF000000FF000000FF000000FF000000FF000000FF000000FF000000FF000000FF000000FF000000FF000000FF000000FF000000FF000000FF000000FF000000FF000000FF000000FF000000FF000000FF000000FF000000FF000000FF000000FF000000FF000000FF000000FF000000FF000000FF000000FF000000FF000000FF000000FF000000FF000000FF000000FF000000FF000000FF000000FF000000FF000000FF000000FF000000FF000000FF000000FF000000FF000000FF000000FF000000FF000000FF000000FF000000FF000000FF000000FF000000FF000000FF000000FF000000FF000000FF000000FF000000FF000000FF000000FF000000FF000000FF000000FF000000FF000000FF000000FF000000FF000000FF000000FF000000FF000000FF000000FF000000FF000000FF000000FF000000FF000000FF000000FF000000FF000000FF000000FF000000FF000000FF000000FF000000FF000000FF000000FF000000FF000000FF000000FF000000FF000000FF000000FF000000FF000000FF000000FF000000FF000000FF000000FF000000FF000000FF000000FF000000FF000000FF000000FF000000FF000000FF000000FF000000FF000000FF000000FF2BFD99FF2BFD99FF2BFD99FF2BFD99FF2BFD99FF2BFD99FF2BFD99FF2BFD99FF000000FF000000FF000000FF000000FF000000FF000000FF2BFD99FF2BFD99FF2BFD99FF2BFD99FF2BFD99FF2BFD99FF2BFD99FF2BFD99FF2BFD99FF2BFD99FF000000FF000000FF000000FF000000FF2BFD99FF2BFD99FF2BFD99FF2BFD99FF2BFD99FF2BFD99FF2BFD99FF2BFD99FF000000FF000000FF000000FF000000FF000000FF000000FF2BFD99FF2BFD99FF000000FF000000FF000000FF000000FF000000FF000000FF2BFD99FF2BFD99FF000000FF000000FF000000FF000000FF000000FF000000FF2BFD99FF2BFD99FF2BFD99FF2BFD99FF2BFD99FF2BFD99FF2BFD99FF2BFD99FF000000FF000000FF000000FF000000FF000000FF000000FF000000FF000000FF000000FF000000FF000000FF000000FF000000FF000000FF000000FF000000FF000000FF000000FF000000FF000000FF2BFD99FF2BFD99FF2BFD99FF2BFD99FF2BFD99FF2BFD99FF000000FF000000FF000000FF000000FF000000FF000000FF000000FF000000FF2BFD99FF2BFD99FF2BFD99FF2BFD99FF2BFD99FF2BFD99FF000000FF000000FF000000FF000000FF000000FF000000FF2BFD99FF2BFD99FF000000FF000000FF000000FF000000FF000000FF000000FF2BFD99FF2BFD99FF000000FF000000FF000000FF000000FF2BFD99FF2BFD99FF000000FF000000FF000000FF000000FF000000FF000000FF2BFD99FF2BFD99FF000000FF000000FF000000FF000000FF000000FF000000FF000000FF000000FF2BFD99FF2BFD99FF000000FF000000FF000000FF000000FF000000FF000000FF000000FF000000FF2BFD99FF2BFD99FF000000FF000000FF000000FF000000FF000000FF000000FF2BFD99FF2BFD99FF000000FF000000FF000000FF000000FF2BFD99FF2BFD99FF2BFD99FF2BFD99FF2BFD99FF2BFD99FF2BFD99FF2BFD99FF000000FF000000FF000000FF000000FF000000FF000000FF000000FF000000FF2BFD99FF2BFD99FF2BFD99FF2BFD99FF2BFD99FF2BFD99FF000000FF000000FF000000FF000000FF000000FF000000FF000000FF000000FF2BFD99FF2BFD99FF000000FF000000FF000000FF000000FF000000FF000000FF000000FF000000FF000000FF000000FF000000FF000000FF000000FF000000FF000000FF000000FF000000FF000000FF000000FF000000FF000000FF000000FF000000FF000000FF000000FF000000FF000000FF000000FF000000FF000000FF000000FF000000FF000000FF000000FF000000FF000000FF000000FF000000FF000000FF000000FF000000FF000000FF000000FF000000FF000000FF000000FF000000FF000000FF000000FF000000FF000000FF000000FF000000FF000000FF000000FF000000FF000000FF000000FF000000FF000000FF000000FF000000FF000000FF000000FF000000FF000000FF000000FF000000FF000000FF000000FF000000FF000000FF000000FF000000FF000000FF000000FF000000FF000000FF000000FF000000FF000000FF000000FF000000FF000000FF000000FF000000FF000000FF000000FF000000FF000000FF000000FF000000FF000000FF000000FF000000FF000000FF000000FF000000FF000000FF000000FF000000FF000000FF000000FF000000FF000000FF000000FF000000FF000000FF000000FF000000FF000000FF000000FF000000FF000000FF000000FF000000FF000000FF000000FF000000FF000000FF000000FF000000FF000000FF000000FF000000FF000000FF000000FF000000FF000000FF000000FF000000FF000000FF000000FF000000FF000000FF000000FF000000FF000000FF000000FF000000FF000000FF000000FF000000FF000000FF000000FF000000FF000000FF000000FF000000FF000000FF000000FF000000FF000000FF000000FF000000FF000000FF000000FF000000FF000000FF000000FF000000FF000000FF000000FF000000FF000000FF000000FF000000FF000000FF000000FF000000FF000000FF000000FF000000FF000000FF000000FF000000FF000000FF000000FF000000FF000000FF000000FF000000FF000000FF000000FF000000FF000000FF000000FF000000FF000000FF000000FF000000FF000000FF000000FF000000FF000000FF000000FF000000FF000000FF000000FF000000FF000000FF000000FF000000FF000000FF000000FF000000FF000000FF000000FF000000FF000000FF000000FF000000FF000000FF000000FF000000FF000000FF000000FF000000FF000000FF000000FF000000FF000000FF000000FF000000FF000000FF000000FF000000FF000000FF000000FF000000FF000000FF000000FF000000FF000000FF000000FF000000FF000000FF000000FF000000FF000000FF000000FF000000FF000000FF000000FF000000FF000000FF000000FF000000FF000000FF000000FF000000FF000000FF000000FF000000FF000000FF000000FF000000FF000000FF000000FF000000FF000000FF000000FF000000FF000000FF000000FF000000FF000000FF000000FF000000FF000000FF000000FF000000FF000000FF000000FF000000FF000000FF000000FF000000FF000000FF000000FF000000FF000000FF000000FF000000FF000000FF000000FF000000FF000000FF000000FF000000FF000000FF000000FF000000FF000000FF000000FF000000FF000000FF000000FF000000FF000000FF000000FF000000FF000000FF000000FF000000FF000000FF000000FF000000FF000000FF000000FF000000FF000000FF000000FF000000FF000000FF000000FF000000FF000000FF000000FF000000FF000000FF000000FF000000FF000000FF000000FF000000FF000000FF000000FF000000FF000000FF000000FF000000FF000000FF000000FF000000FF000000FF000000FF000000FF000000FF000000FF000000FF000000FF000000FF000000FF000000FF000000FF000000FF000000FF000000FF000000FF000000FF000000FF000000FF000000FF000000FF000000FF000000FF000000FF000000FF000000FF2BFD99FF2BFD99FF2BFD99FF2BFD99FF2BFD99FF2BFD99FF2BFD99FF2BFD99FF000000FF000000FF000000FF000000FF000000FF000000FF2BFD99FF2BFD99FF2BFD99FF2BFD99FF2BFD99FF2BFD99FF2BFD99FF2BFD99FF2BFD99FF2BFD99FF000000FF000000FF000000FF000000FF2BFD99FF2BFD99FF2BFD99FF2BFD99FF2BFD99FF2BFD99FF2BFD99FF2BFD99FF000000FF000000FF000000FF000000FF000000FF000000FF2BFD99FF2BFD99FF000000FF000000FF000000FF000000FF000000FF000000FF2BFD99FF2BFD99FF000000FF000000FF000000FF000000FF000000FF000000FF2BFD99FF2BFD99FF2BFD99FF2BFD99FF2BFD99FF2BFD99FF2BFD99FF2BFD99FF000000FF000000FF000000FF000000FF000000FF000000FF000000FF000000FF000000FF000000FF000000FF000000FF000000FF000000FF000000FF000000FF000000FF000000FF000000FF000000FF2BFD99FF2BFD99FF2BFD99FF2BFD99FF2BFD99FF2BFD99FF000000FF000000FF000000FF000000FF000000FF000000FF000000FF000000FF2BFD99FF2BFD99FF2BFD99FF2BFD99FF2BFD99FF2BFD99FF000000FF000000FF000000FF000000FF000000FF000000FF2BFD99FF2BFD99FF000000FF000000FF000000FF000000FF000000FF000000FF2BFD99FF2BFD99FF000000FF000000FF000000FF000000FF2BFD99FF2BFD99FF000000FF000000FF000000FF000000FF000000FF000000FF2BFD99FF2BFD99FF000000FF000000FF000000FF000000FF000000FF000000FF000000FF000000FF2BFD99FF2BFD99FF000000FF000000FF000000FF000000FF000000FF000000FF000000FF000000FF2BFD99FF2BFD99FF000000FF000000FF000000FF000000FF000000FF000000FF2BFD99FF2BFD99FF000000FF000000FF000000FF000000FF2BFD99FF2BFD99FF2BFD99FF2BFD99FF2BFD99FF2BFD99FF2BFD99FF2BFD99FF000000FF000000FF000000FF000000FF000000FF000000FF000000FF000000FF2BFD99FF2BFD99FF2BFD99FF2BFD99FF2BFD99FF2BFD99FF000000FF000000FF000000FF000000FF000000FF000000FF000000FF000000FF2BFD99FF2BFD99FF000000FF000000FF000000FF000000FF000000FF000000FF000000FF000000FF000000FF000000FF000000FF000000FF000000FF000000FF000000FF000000FF000000FF000000FF000000FF000000FF000000FF000000FF000000FF000000FF000000FF000000FF000000FF000000FF000000FF000000FF000000FF000000FF000000FF000000FF000000FF000000FF000000FF000000FF000000FF000000FF000000FF000000FF000000FF000000FF000000FF000000FF000000FF000000FF000000FF000000FF000000FF000000FF000000FF000000FF000000FF000000FF000000FF000000FF000000FF000000FF000000FF000000FF000000FF000000FF000000FF000000FF000000FF000000FF000000FF000000FF000000FF000000FF000000FF000000FF000000FF000000FF000000FF000000FF000000FF000000FF000000FF000000FF000000FF000000FF000000FF000000FF000000FF000000FF000000FF000000FF000000FF000000FF000000FF000000FF000000FF000000FF000000FF000000FF000000FF000000FF000000FF000000FF000000FF000000FF000000FF000000FF000000FF000000FF000000FF000000FF000000FF000000FF000000FF000000FF000000FF000000FF000000FF000000FF000000FF000000FF000000FF000000FF000000FF000000FF000000FF000000FF000000FF000000FF000000FF000000FF000000FF000000FF000000FF000000FF000000FF000000FF000000FF000000FF000000FF000000FF000000FF000000FF000000FF000000FF000000FF000000FF000000FF000000FF000000FF000000FF000000FF000000FF000000FF000000FF000000FF000000FF000000FF000000FF000000FF000000FF000000FF000000FF000000FF000000FF000000FF000000FF000000FF000000FF000000FF000000FF000000FF000000FF000000FF000000FF000000FF000000FF000000FF000000FF000000FF000000FF000000FF000000FF000000FF000000FF000000FF000000FF000000FF000000FF000000FF000000FF000000FF000000FF000000FF000000FF000000FF000000FF000000FF000000FF000000FF000000FF000000FF000000FF000000FF000000FF000000FF000000FF000000FF000000FF000000FF000000FF000000FF000000FF000000FF000000FF000000FF000000FF000000FF000000FF000000FF000000FF000000FF000000FF000000FF000000FF000000FF000000FF000000FF000000FF000000FF000000FF000000FF000000FF000000FF000000FF000000FF000000FF000000FF000000FF000000FF000000FF000000FF000000FF000000FF000000FF000000FF000000FF000000FF000000FF000000FF000000FF000000FF000000FF000000FF000000FF000000FF000000FF000000FF000000FF000000FF000000FF000000FF000000FF000000FF000000FF000000FF000000FF000000FF000000FF000000FF000000FF000000FF000000FF000000FF000000FF000000FF000000FF000000FF000000FF000000FF000000FF000000FF000000FF000000FF000000FF000000FF000000FF000000FF000000FF000000FF000000FF000000FF000000FF000000FF000000FF000000FF000000FF000000FF000000FF000000FF000000FF000000FF000000FF000000FF000000FF000000FF000000FF000000FF000000FF000000FF000000FF000000FF000000FF000000FF000000FF000000FF000000FF000000FF000000FF000000FF000000FF000000FF000000FF000000FF000000FF000000FF000000FF000000FF000000FF000000FF000000FF000000FF000000FF000000FF000000FF000000FF000000FF000000FF000000FF000000FF000000FF000000FF000000FF000000FF000000FF000000FF000000FF000000FF000000FF000000FF000000FF000000FF000000FF000000FF000000FF000000FF000000FF000000FF000000FF000000FF000000FF2BFD99FF2BFD99FF000000FF000000FF000000FF000000FF000000FF000000FF2BFD99FF2BFD99FF000000FF000000FF000000FF000000FF2BFD99FF2BFD99FF000000FF000000FF000000FF000000FF000000FF000000FF000000FF000000FF000000FF000000FF000000FF000000FF2BFD99FF2BFD99FF000000FF000000FF000000FF000000FF000000FF000000FF2BFD99FF2BFD99FF000000FF000000FF000000FF000000FF2BFD99FF2BFD99FF000000FF000000FF000000FF000000FF000000FF000000FF2BFD99FF2BFD99FF000000FF000000FF000000FF000000FF2BFD99FF2BFD99FF000000FF000000FF000000FF000000FF000000FF000000FF000000FF000000FF000000FF000000FF000000FF000000FF000000FF000000FF000000FF000000FF000000FF000000FF000000FF000000FF000000FF000000FF000000FF000000FF000000FF000000FF2BFD99FF2BFD99FF000000FF000000FF000000FF000000FF000000FF000000FF2BFD99FF2BFD99FF000000FF000000FF000000FF000000FF2BFD99FF2BFD99FF000000FF000000FF000000FF000000FF000000FF000000FF2BFD99FF2BFD99FF000000FF000000FF000000FF000000FF2BFD99FF2BFD99FF2BFD99FF2BFD99FF000000FF000000FF2BFD99FF2BFD99FF2BFD99FF2BFD99FF000000FF000000FF000000FF000000FF2BFD99FF2BFD99FF2BFD99FF2BFD99FF000000FF000000FF2BFD99FF2BFD99FF2BFD99FF2BFD99FF000000FF000000FF000000FF000000FF000000FF000000FF2BFD99FF2BFD99FF000000FF000000FF2BFD99FF2BFD99FF000000FF000000FF000000FF000000FF000000FF000000FF2BFD99FF2BFD99FF000000FF000000FF000000FF000000FF000000FF000000FF2BFD99FF2BFD99FF000000FF000000FF000000FF000000FF2BFD99FF2BFD99FF000000FF000000FF000000FF000000FF000000FF000000FF2BFD99FF2BFD99FF000000FF000000FF000000FF000000FF2BFD99FF2BFD99FF000000FF000000FF000000FF000000FF000000FF000000FF2BFD99FF2BFD99FF000000FF000000FF000000FF000000FF000000FF000000FF000000FF000000FF2BFD99FF2BFD99FF000000FF000000FF000000FF000000FF000000FF000000FF000000FF000000FF2BFD99FF2BFD99FF000000FF000000FF2BFD99FF2BFD99FF000000FF000000FF2BFD99FF2BFD99FF000000FF000000FF000000FF000000FF000000FF000000FF000000FF000000FF000000FF000000FF000000FF000000FF000000FF000000FF000000FF000000FF000000FF000000FF000000FF000000FF000000FF000000FF000000FF000000FF000000FF000000FF000000FF000000FF000000FF000000FF000000FF000000FF000000FF000000FF000000FF000000FF000000FF000000FF000000FF000000FF000000FF000000FF000000FF000000FF000000FF000000FF000000FF000000FF000000FF000000FF000000FF000000FF000000FF000000FF000000FF000000FF000000FF000000FF000000FF000000FF000000FF000000FF000000FF000000FF000000FF000000FF000000FF000000FF000000FF000000FF000000FF000000FF000000FF000000FF000000FF000000FF000000FF000000FF000000FF000000FF000000FF000000FF000000FF000000FF000000FF000000FF000000FF000000FF000000FF000000FF000000FF000000FF000000FF000000FF000000FF000000FF000000FF000000FF000000FF000000FF000000FF000000FF000000FF000000FF000000FF000000FF000000FF000000FF000000FF000000FF000000FF000000FF000000FF000000FF000000FF000000FF000000FF000000FF000000FF000000FF000000FF000000FF000000FF000000FF000000FF000000FF000000FF000000FF000000FF000000FF000000FF000000FF000000FF000000FF000000FF000000FF000000FF000000FF000000FF000000FF000000FF000000FF000000FF000000FF000000FF000000FF000000FF000000FF000000FF000000FF000000FF000000FF000000FF000000FF000000FF000000FF000000FF000000FF000000FF000000FF000000FF000000FF000000FF000000FF000000FF000000FF000000FF000000FF000000FF000000FF000000FF000000FF000000FF000000FF000000FF000000FF000000FF000000FF000000FF000000FF000000FF000000FF000000FF000000FF000000FF000000FF000000FF000000FF000000FF000000FF000000FF000000FF000000FF000000FF000000FF000000FF000000FF000000FF000000FF000000FF000000FF000000FF000000FF000000FF000000FF000000FF000000FF000000FF000000FF000000FF000000FF000000FF000000FF000000FF000000FF000000FF000000FF000000FF000000FF000000FF000000FF000000FF000000FF000000FF000000FF000000FF000000FF000000FF000000FF000000FF000000FF000000FF000000FF000000FF000000FF000000FF000000FF000000FF000000FF000000FF000000FF000000FF000000FF000000FF000000FF000000FF000000FF000000FF000000FF000000FF000000FF000000FF000000FF000000FF000000FF000000FF000000FF000000FF000000FF000000FF000000FF000000FF000000FF000000FF000000FF000000FF000000FF000000FF000000FF000000FF000000FF000000FF000000FF000000FF000000FF000000FF000000FF000000FF000000FF000000FF000000FF000000FF000000FF000000FF000000FF000000FF000000FF000000FF000000FF000000FF000000FF000000FF000000FF000000FF000000FF000000FF000000FF000000FF000000FF000000FF000000FF000000FF000000FF000000FF000000FF000000FF000000FF000000FF000000FF000000FF000000FF000000FF000000FF000000FF000000FF000000FF000000FF000000FF000000FF000000FF000000FF000000FF000000FF000000FF000000FF000000FF000000FF000000FF000000FF000000FF000000FF000000FF000000FF000000FF000000FF000000FF000000FF000000FF000000FF000000FF2BFD99FF2BFD99FF000000FF000000FF000000FF000000FF000000FF000000FF2BFD99FF2BFD99FF000000FF000000FF000000FF000000FF2BFD99FF2BFD99FF000000FF000000FF000000FF000000FF000000FF000000FF000000FF000000FF000000FF000000FF000000FF000000FF2BFD99FF2BFD99FF000000FF000000FF000000FF000000FF000000FF000000FF2BFD99FF2BFD99FF000000FF000000FF000000FF000000FF2BFD99FF2BFD99FF000000FF000000FF000000FF000000FF000000FF000000FF2BFD99FF2BFD99FF000000FF000000FF000000FF000000FF2BFD99FF2BFD99FF000000FF000000FF000000FF000000FF000000FF000000FF000000FF000000FF000000FF000000FF000000FF000000FF000000FF000000FF000000FF000000FF000000FF000000FF000000FF000000FF000000FF000000FF000000FF000000FF000000FF000000FF2BFD99FF2BFD99FF000000FF000000FF000000FF000000FF000000FF000000FF2BFD99FF2BFD99FF000000FF000000FF000000FF000000FF2BFD99FF2BFD99FF000000FF000000FF000000FF000000FF000000FF000000FF2BFD99FF2BFD99FF000000FF000000FF000000FF000000FF2BFD99FF2BFD99FF2BFD99FF2BFD99FF000000FF000000FF2BFD99FF2BFD99FF2BFD99FF2BFD99FF000000FF000000FF000000FF000000FF2BFD99FF2BFD99FF2BFD99FF2BFD99FF000000FF000000FF2BFD99FF2BFD99FF2BFD99FF2BFD99FF000000FF000000FF000000FF000000FF000000FF000000FF2BFD99FF2BFD99FF000000FF000000FF2BFD99FF2BFD99FF000000FF000000FF000000FF000000FF000000FF000000FF2BFD99FF2BFD99FF000000FF000000FF000000FF000000FF000000FF000000FF2BFD99FF2BFD99FF000000FF000000FF000000FF000000FF2BFD99FF2BFD99FF000000FF000000FF000000FF000000FF000000FF000000FF2BFD99FF2BFD99FF000000FF000000FF000000FF000000FF2BFD99FF2BFD99FF000000FF000000FF000000FF000000FF000000FF000000FF2BFD99FF2BFD99FF000000FF000000FF000000FF000000FF000000FF000000FF000000FF000000FF2BFD99FF2BFD99FF000000FF000000FF000000FF000000FF000000FF000000FF000000FF000000FF2BFD99FF2BFD99FF000000FF000000FF2BFD99FF2BFD99FF000000FF000000FF2BFD99FF2BFD99FF000000FF000000FF000000FF000000FF000000FF000000FF000000FF000000FF000000FF000000FF000000FF000000FF000000FF000000FF000000FF000000FF000000FF000000FF000000FF000000FF000000FF000000FF000000FF000000FF000000FF000000FF000000FF000000FF000000FF000000FF000000FF000000FF000000FF000000FF000000FF000000FF000000FF000000FF000000FF000000FF000000FF000000FF000000FF000000FF000000FF000000FF000000FF000000FF000000FF000000FF000000FF000000FF000000FF000000FF000000FF000000FF000000FF000000FF000000FF000000FF000000FF000000FF000000FF000000FF000000FF000000FF000000FF000000FF000000FF000000FF000000FF000000FF000000FF000000FF000000FF000000FF000000FF000000FF000000FF000000FF000000FF000000FF000000FF000000FF000000FF000000FF000000FF000000FF000000FF000000FF000000FF000000FF000000FF000000FF000000FF000000FF000000FF000000FF000000FF000000FF000000FF000000FF000000FF000000FF000000FF000000FF000000FF000000FF000000FF000000FF000000FF000000FF000000FF000000FF000000FF000000FF000000FF000000FF000000FF000000FF000000FF000000FF000000FF000000FF000000FF000000FF000000FF000000FF000000FF000000FF000000FF000000FF000000FF000000FF000000FF000000FF000000FF000000FF000000FF000000FF000000FF000000FF000000FF000000FF000000FF000000FF000000FF000000FF000000FF000000FF000000FF000000FF000000FF000000FF000000FF000000FF000000FF000000FF000000FF000000FF000000FF000000FF000000FF000000FF000000FF000000FF000000FF000000FF000000FF000000FF000000FF000000FF000000FF000000FF000000FF000000FF000000FF000000FF000000FF000000FF000000FF000000FF000000FF000000FF000000FF000000FF000000FF000000FF000000FF000000FF000000FF000000FF000000FF000000FF000000FF000000FF000000FF000000FF000000FF000000FF000000FF000000FF000000FF000000FF000000FF000000FF000000FF000000FF000000FF000000FF000000FF000000FF000000FF000000FF000000FF000000FF000000FF000000FF000000FF000000FF000000FF000000FF000000FF000000FF000000FF000000FF000000FF000000FF000000FF000000FF000000FF000000FF000000FF000000FF000000FF000000FF000000FF000000FF000000FF000000FF000000FF000000FF000000FF000000FF000000FF000000FF000000FF000000FF000000FF000000FF000000FF000000FF000000FF000000FF000000FF000000FF000000FF000000FF000000FF000000FF000000FF000000FF000000FF000000FF000000FF000000FF000000FF000000FF000000FF000000FF000000FF000000FF000000FF000000FF000000FF000000FF000000FF000000FF000000FF000000FF000000FF000000FF000000FF000000FF000000FF000000FF000000FF000000FF000000FF000000FF000000FF000000FF000000FF000000FF000000FF000000FF000000FF000000FF000000FF000000FF000000FF000000FF000000FF000000FF000000FF000000FF000000FF000000FF000000FF000000FF000000FF000000FF000000FF000000FF000000FF000000FF000000FF000000FF000000FF000000FF000000FF000000FF000000FF000000FF000000FF000000FF000000FF000000FF000000FF000000FF000000FF000000FF000000FF000000FF000000FF000000FF000000FF000000FF000000FF000000FF2BFD99FF2BFD99FF000000FF000000FF000000FF000000FF000000FF000000FF2BFD99FF2BFD99FF000000FF000000FF000000FF000000FF2BFD99FF2BFD99FF000000FF000000FF000000FF000000FF000000FF000000FF000000FF000000FF000000FF000000FF000000FF000000FF2BFD99FF2BFD99FF000000FF000000FF000000FF000000FF000000FF000000FF2BFD99FF2BFD99FF000000FF000000FF000000FF000000FF2BFD99FF2BFD99FF000000FF000000FF000000FF000000FF000000FF000000FF2BFD99FF2BFD99FF000000FF000000FF000000FF000000FF2BFD99FF2BFD99FF000000FF000000FF000000FF000000FF000000FF000000FF000000FF000000FF000000FF000000FF000000FF000000FF000000FF000000FF000000FF000000FF000000FF000000FF000000FF000000FF000000FF000000FF000000FF000000FF000000FF000000FF2BFD99FF2BFD99FF000000FF000000FF000000FF000000FF000000FF000000FF000000FF000000FF000000FF000000FF000000FF000000FF2BFD99FF2BFD99FF000000FF000000FF000000FF000000FF000000FF000000FF2BFD99FF2BFD99FF000000FF000000FF000000FF000000FF2BFD99FF2BFD99FF000000FF000000FF2BFD99FF2BFD99FF000000FF000000FF2BFD99FF2BFD99FF000000FF000000FF000000FF000000FF2BFD99FF2BFD99FF000000FF000000FF2BFD99FF2BFD99FF000000FF000000FF2BFD99FF2BFD99FF000000FF000000FF000000FF000000FF2BFD99FF2BFD99FF000000FF000000FF000000FF000000FF000000FF000000FF2BFD99FF2BFD99FF000000FF000000FF000000FF000000FF2BFD99FF2BFD99FF2BFD99FF2BFD99FF000000FF000000FF000000FF000000FF2BFD99FF2BFD99FF000000FF000000FF000000FF000000FF2BFD99FF2BFD99FF000000FF000000FF000000FF000000FF000000FF000000FF2BFD99FF2BFD99FF000000FF000000FF000000FF000000FF2BFD99FF2BFD99FF000000FF000000FF000000FF000000FF000000FF000000FF000000FF000000FF000000FF000000FF000000FF000000FF000000FF000000FF000000FF000000FF000000FF000000FF2BFD99FF2BFD99FF000000FF000000FF000000FF000000FF000000FF000000FF000000FF000000FF2BFD99FF2BFD99FF000000FF000000FF2BFD99FF2BFD99FF000000FF000000FF000000FF000000FF000000FF000000FF000000FF000000FF000000FF000000FF000000FF000000FF000000FF000000FF000000FF000000FF000000FF000000FF000000FF000000FF000000FF000000FF000000FF000000FF000000FF000000FF000000FF000000FF000000FF000000FF000000FF000000FF000000FF000000FF000000FF000000FF000000FF000000FF000000FF000000FF000000FF000000FF000000FF000000FF000000FF000000FF000000FF000000FF000000FF000000FF000000FF000000FF000000FF000000FF000000FF000000FF000000FF000000FF000000FF000000FF000000FF000000FF000000FF000000FF000000FF000000FF000000FF000000FF000000FF000000FF000000FF000000FF000000FF000000FF000000FF000000FF000000FF000000FF000000FF000000FF000000FF000000FF000000FF000000FF000000FF000000FF000000FF000000FF000000FF000000FF000000FF000000FF000000FF000000FF000000FF000000FF000000FF000000FF000000FF000000FF000000FF000000FF000000FF000000FF000000FF000000FF000000FF000000FF000000FF000000FF000000FF000000FF000000FF000000FF000000FF000000FF000000FF000000FF000000FF000000FF000000FF000000FF000000FF000000FF000000FF000000FF000000FF000000FF000000FF000000FF000000FF000000FF000000FF000000FF000000FF000000FF000000FF000000FF000000FF000000FF000000FF000000FF000000FF000000FF000000FF000000FF000000FF000000FF000000FF000000FF000000FF000000FF000000FF000000FF000000FF000000FF000000FF000000FF000000FF000000FF000000FF000000FF000000FF000000FF000000FF000000FF000000FF000000FF000000FF000000FF000000FF000000FF000000FF000000FF000000FF000000FF000000FF000000FF000000FF000000FF000000FF000000FF000000FF000000FF000000FF000000FF000000FF000000FF000000FF000000FF000000FF000000FF000000FF000000FF000000FF000000FF000000FF000000FF000000FF000000FF000000FF000000FF000000FF000000FF000000FF000000FF000000FF000000FF000000FF000000FF000000FF000000FF000000FF000000FF000000FF000000FF000000FF000000FF000000FF000000FF000000FF000000FF000000FF000000FF000000FF000000FF000000FF000000FF000000FF000000FF000000FF000000FF000000FF000000FF000000FF000000FF000000FF000000FF000000FF000000FF000000FF000000FF000000FF000000FF000000FF000000FF000000FF000000FF000000FF000000FF000000FF000000FF000000FF000000FF000000FF000000FF000000FF000000FF000000FF000000FF000000FF000000FF000000FF000000FF000000FF000000FF000000FF000000FF000000FF000000FF000000FF000000FF000000FF000000FF000000FF000000FF000000FF000000FF000000FF000000FF000000FF000000FF000000FF000000FF000000FF000000FF000000FF000000FF000000FF000000FF000000FF000000FF000000FF000000FF000000FF000000FF000000FF000000FF000000FF000000FF000000FF000000FF000000FF000000FF000000FF000000FF000000FF000000FF000000FF000000FF000000FF000000FF000000FF000000FF000000FF000000FF000000FF000000FF000000FF000000FF000000FF000000FF000000FF000000FF000000FF000000FF000000FF000000FF000000FF000000FF000000FF000000FF000000FF000000FF000000FF000000FF000000FF000000FF000000FF000000FF000000FF000000FF2BFD99FF2BFD99FF000000FF000000FF000000FF000000FF000000FF000000FF2BFD99FF2BFD99FF000000FF000000FF000000FF000000FF2BFD99FF2BFD99FF000000FF000000FF000000FF000000FF000000FF000000FF000000FF000000FF000000FF000000FF000000FF000000FF2BFD99FF2BFD99FF000000FF000000FF000000FF000000FF000000FF000000FF2BFD99FF2BFD99FF000000FF000000FF000000FF000000FF2BFD99FF2BFD99FF000000FF000000FF000000FF000000FF000000FF000000FF2BFD99FF2BFD99FF000000FF000000FF000000FF000000FF2BFD99FF2BFD99FF000000FF000000FF000000FF000000FF000000FF000000FF000000FF000000FF000000FF000000FF000000FF000000FF000000FF000000FF000000FF000000FF000000FF000000FF000000FF000000FF000000FF000000FF000000FF000000FF000000FF000000FF2BFD99FF2BFD99FF000000FF000000FF000000FF000000FF000000FF000000FF000000FF000000FF000000FF000000FF000000FF000000FF2BFD99FF2BFD99FF000000FF000000FF000000FF000000FF000000FF000000FF2BFD99FF2BFD99FF000000FF000000FF000000FF000000FF2BFD99FF2BFD99FF000000FF000000FF2BFD99FF2BFD99FF000000FF000000FF2BFD99FF2BFD99FF000000FF000000FF000000FF000000FF2BFD99FF2BFD99FF000000FF000000FF2BFD99FF2BFD99FF000000FF000000FF2BFD99FF2BFD99FF000000FF000000FF000000FF000000FF2BFD99FF2BFD99FF000000FF000000FF000000FF000000FF000000FF000000FF2BFD99FF2BFD99FF000000FF000000FF000000FF000000FF2BFD99FF2BFD99FF2BFD99FF2BFD99FF000000FF000000FF000000FF000000FF2BFD99FF2BFD99FF000000FF000000FF000000FF000000FF2BFD99FF2BFD99FF000000FF000000FF000000FF000000FF000000FF000000FF2BFD99FF2BFD99FF000000FF000000FF000000FF000000FF2BFD99FF2BFD99FF000000FF000000FF000000FF000000FF000000FF000000FF000000FF000000FF000000FF000000FF000000FF000000FF000000FF000000FF000000FF000000FF000000FF000000FF2BFD99FF2BFD99FF000000FF000000FF000000FF000000FF000000FF000000FF000000FF000000FF2BFD99FF2BFD99FF000000FF000000FF2BFD99FF2BFD99FF000000FF000000FF000000FF000000FF000000FF000000FF000000FF000000FF000000FF000000FF000000FF000000FF000000FF000000FF000000FF000000FF000000FF000000FF000000FF000000FF000000FF000000FF000000FF000000FF000000FF000000FF000000FF000000FF000000FF000000FF000000FF000000FF000000FF000000FF000000FF000000FF000000FF000000FF000000FF000000FF000000FF000000FF000000FF000000FF000000FF000000FF000000FF000000FF000000FF000000FF000000FF000000FF000000FF000000FF000000FF000000FF000000FF000000FF000000FF000000FF000000FF000000FF000000FF000000FF000000FF000000FF000000FF000000FF000000FF000000FF000000FF000000FF000000FF000000FF000000FF000000FF000000FF000000FF000000FF000000FF000000FF000000FF000000FF000000FF000000FF000000FF000000FF000000FF000000FF000000FF000000FF000000FF000000FF000000FF000000FF000000FF000000FF000000FF000000FF000000FF000000FF000000FF000000FF000000FF000000FF000000FF000000FF000000FF000000FF000000FF000000FF000000FF000000FF000000FF000000FF000000FF000000FF000000FF000000FF000000FF000000FF000000FF000000FF000000FF000000FF000000FF000000FF000000FF000000FF000000FF000000FF000000FF000000FF000000FF000000FF000000FF000000FF000000FF000000FF000000FF000000FF000000FF000000FF000000FF000000FF000000FF000000FF000000FF000000FF000000FF000000FF000000FF000000FF000000FF000000FF000000FF000000FF000000FF000000FF000000FF000000FF000000FF000000FF000000FF000000FF000000FF000000FF000000FF000000FF000000FF000000FF000000FF000000FF000000FF000000FF000000FF000000FF000000FF000000FF000000FF000000FF000000FF000000FF000000FF000000FF000000FF000000FF000000FF000000FF000000FF000000FF000000FF000000FF000000FF000000FF000000FF000000FF000000FF000000FF000000FF000000FF000000FF000000FF000000FF000000FF000000FF000000FF000000FF000000FF000000FF000000FF000000FF000000FF000000FF000000FF000000FF000000FF000000FF000000FF000000FF000000FF000000FF000000FF000000FF000000FF000000FF000000FF000000FF000000FF000000FF000000FF000000FF000000FF000000FF000000FF000000FF000000FF000000FF000000FF000000FF000000FF000000FF000000FF000000FF000000FF000000FF000000FF000000FF000000FF000000FF000000FF000000FF000000FF000000FF000000FF000000FF000000FF000000FF000000FF000000FF000000FF000000FF000000FF000000FF000000FF000000FF000000FF000000FF000000FF000000FF000000FF000000FF000000FF000000FF000000FF000000FF000000FF000000FF000000FF000000FF000000FF000000FF000000FF000000FF000000FF000000FF000000FF000000FF000000FF000000FF000000FF000000FF000000FF000000FF000000FF000000FF000000FF000000FF000000FF000000FF000000FF000000FF000000FF000000FF000000FF000000FF000000FF000000FF000000FF000000FF000000FF000000FF000000FF000000FF000000FF000000FF000000FF000000FF000000FF000000FF000000FF000000FF000000FF000000FF000000FF000000FF000000FF000000FF000000FF000000FF000000FF000000FF000000FF000000FF000000FF000000FF000000FF000000FF000000FF000000FF000000FF000000FF2BFD99FF2BFD99FF000000FF000000FF000000FF000000FF000000FF000000FF2BFD99FF2BFD99FF000000FF000000FF000000FF000000FF2BFD99FF2BFD99FF2BFD99FF2BFD99FF2BFD99FF2BFD99FF2BFD99FF2BFD99FF000000FF000000FF000000FF000000FF000000FF000000FF2BFD99FF2BFD99FF2BFD99FF2BFD99FF2BFD99FF2BFD99FF2BFD99FF2BFD99FF000000FF000000FF000000FF000000FF000000FF000000FF2BFD99FF2BFD99FF000000FF000000FF000000FF000000FF000000FF000000FF2BFD99FF2BFD99FF000000FF000000FF000000FF000000FF2BFD99FF2BFD99FF000000FF000000FF000000FF000000FF000000FF000000FF000000FF000000FF000000FF000000FF000000FF000000FF000000FF000000FF000000FF000000FF000000FF000000FF000000FF000000FF000000FF000000FF000000FF000000FF000000FF000000FF2BFD99FF2BFD99FF000000FF000000FF000000FF000000FF000000FF000000FF000000FF000000FF000000FF000000FF000000FF000000FF2BFD99FF2BFD99FF000000FF000000FF000000FF000000FF000000FF000000FF2BFD99FF2BFD99FF000000FF000000FF000000FF000000FF2BFD99FF2BFD99FF000000FF000000FF2BFD99FF2BFD99FF000000FF000000FF2BFD99FF2BFD99FF000000FF000000FF000000FF000000FF2BFD99FF2BFD99FF000000FF000000FF2BFD99FF2BFD99FF000000FF000000FF2BFD99FF2BFD99FF000000FF000000FF000000FF000000FF2BFD99FF2BFD99FF000000FF000000FF000000FF000000FF000000FF000000FF2BFD99FF2BFD99FF000000FF000000FF000000FF000000FF2BFD99FF2BFD99FF000000FF000000FF2BFD99FF2BFD99FF000000FF000000FF2BFD99FF2BFD99FF000000FF000000FF000000FF000000FF2BFD99FF2BFD99FF000000FF000000FF000000FF000000FF000000FF000000FF2BFD99FF2BFD99FF000000FF000000FF000000FF000000FF000000FF000000FF2BFD99FF2BFD99FF2BFD99FF2BFD99FF2BFD99FF2BFD99FF000000FF000000FF000000FF000000FF000000FF000000FF000000FF000000FF000000FF000000FF000000FF000000FF000000FF000000FF2BFD99FF2BFD99FF000000FF000000FF000000FF000000FF2BFD99FF2BFD99FF000000FF000000FF2BFD99FF2BFD99FF000000FF000000FF2BFD99FF2BFD99FF000000FF000000FF000000FF000000FF000000FF000000FF000000FF000000FF000000FF000000FF000000FF000000FF000000FF000000FF000000FF000000FF000000FF000000FF000000FF000000FF000000FF000000FF000000FF000000FF000000FF000000FF000000FF000000FF000000FF000000FF000000FF000000FF000000FF000000FF000000FF000000FF000000FF000000FF000000FF000000FF000000FF000000FF000000FF000000FF000000FF000000FF000000FF000000FF000000FF000000FF000000FF000000FF000000FF000000FF000000FF000000FF000000FF000000FF000000FF000000FF000000FF000000FF000000FF000000FF000000FF000000FF000000FF000000FF000000FF000000FF000000FF000000FF000000FF000000FF000000FF000000FF000000FF000000FF000000FF000000FF000000FF000000FF000000FF000000FF000000FF000000FF000000FF000000FF000000FF000000FF000000FF000000FF000000FF000000FF000000FF000000FF000000FF000000FF000000FF000000FF000000FF000000FF000000FF000000FF000000FF000000FF000000FF000000FF000000FF000000FF000000FF000000FF000000FF000000FF000000FF000000FF000000FF000000FF000000FF000000FF000000FF000000FF000000FF000000FF000000FF000000FF000000FF000000FF000000FF000000FF000000FF000000FF000000FF000000FF000000FF000000FF000000FF000000FF000000FF000000FF000000FF000000FF000000FF000000FF000000FF000000FF000000FF000000FF000000FF000000FF000000FF000000FF000000FF000000FF000000FF000000FF000000FF000000FF000000FF000000FF000000FF000000FF000000FF000000FF000000FF000000FF000000FF000000FF000000FF000000FF000000FF000000FF000000FF000000FF000000FF000000FF000000FF000000FF000000FF000000FF000000FF000000FF000000FF000000FF000000FF000000FF000000FF000000FF000000FF000000FF000000FF000000FF000000FF000000FF000000FF000000FF000000FF000000FF000000FF000000FF000000FF000000FF000000FF000000FF000000FF000000FF000000FF000000FF000000FF000000FF000000FF000000FF000000FF000000FF000000FF000000FF000000FF000000FF000000FF000000FF000000FF000000FF000000FF000000FF000000FF000000FF000000FF000000FF000000FF000000FF000000FF000000FF000000FF000000FF000000FF000000FF000000FF000000FF000000FF000000FF000000FF000000FF000000FF000000FF000000FF000000FF000000FF000000FF000000FF000000FF000000FF000000FF000000FF000000FF000000FF000000FF000000FF000000FF000000FF000000FF000000FF000000FF000000FF000000FF000000FF000000FF000000FF000000FF000000FF000000FF000000FF000000FF000000FF000000FF000000FF000000FF000000FF000000FF000000FF000000FF000000FF000000FF000000FF000000FF000000FF000000FF000000FF000000FF000000FF000000FF000000FF000000FF000000FF000000FF000000FF000000FF000000FF000000FF000000FF000000FF000000FF000000FF000000FF000000FF000000FF000000FF000000FF000000FF000000FF000000FF000000FF000000FF000000FF000000FF000000FF000000FF000000FF000000FF000000FF000000FF000000FF000000FF000000FF000000FF000000FF000000FF000000FF000000FF000000FF000000FF000000FF000000FF000000FF000000FF000000FF000000FF000000FF000000FF000000FF000000FF2BFD99FF2BFD99FF000000FF000000FF000000FF000000FF000000FF000000FF2BFD99FF2BFD99FF000000FF000000FF000000FF000000FF2BFD99FF2BFD99FF2BFD99FF2BFD99FF2BFD99FF2BFD99FF2BFD99FF2BFD99FF000000FF000000FF000000FF000000FF000000FF000000FF2BFD99FF2BFD99FF2BFD99FF2BFD99FF2BFD99FF2BFD99FF2BFD99FF2BFD99FF000000FF000000FF000000FF000000FF000000FF000000FF2BFD99FF2BFD99FF000000FF000000FF000000FF000000FF000000FF000000FF2BFD99FF2BFD99FF000000FF000000FF000000FF000000FF2BFD99FF2BFD99FF000000FF000000FF000000FF000000FF000000FF000000FF000000FF000000FF000000FF000000FF000000FF000000FF000000FF000000FF000000FF000000FF000000FF000000FF000000FF000000FF000000FF000000FF000000FF000000FF000000FF000000FF2BFD99FF2BFD99FF000000FF000000FF000000FF000000FF000000FF000000FF000000FF000000FF000000FF000000FF000000FF000000FF2BFD99FF2BFD99FF000000FF000000FF000000FF000000FF000000FF000000FF2BFD99FF2BFD99FF000000FF000000FF000000FF000000FF2BFD99FF2BFD99FF000000FF000000FF2BFD99FF2BFD99FF000000FF000000FF2BFD99FF2BFD99FF000000FF000000FF000000FF000000FF2BFD99FF2BFD99FF000000FF000000FF2BFD99FF2BFD99FF000000FF000000FF2BFD99FF2BFD99FF000000FF000000FF000000FF000000FF2BFD99FF2BFD99FF000000FF000000FF000000FF000000FF000000FF000000FF2BFD99FF2BFD99FF000000FF000000FF000000FF000000FF2BFD99FF2BFD99FF000000FF000000FF2BFD99FF2BFD99FF000000FF000000FF2BFD99FF2BFD99FF000000FF000000FF000000FF000000FF2BFD99FF2BFD99FF000000FF000000FF000000FF000000FF000000FF000000FF2BFD99FF2BFD99FF000000FF000000FF000000FF000000FF000000FF000000FF2BFD99FF2BFD99FF2BFD99FF2BFD99FF2BFD99FF2BFD99FF000000FF000000FF000000FF000000FF000000FF000000FF000000FF000000FF000000FF000000FF000000FF000000FF000000FF000000FF2BFD99FF2BFD99FF000000FF000000FF000000FF000000FF2BFD99FF2BFD99FF000000FF000000FF2BFD99FF2BFD99FF000000FF000000FF2BFD99FF2BFD99FF000000FF000000FF000000FF000000FF000000FF000000FF000000FF000000FF000000FF000000FF000000FF000000FF000000FF000000FF000000FF000000FF000000FF000000FF000000FF000000FF000000FF000000FF000000FF000000FF000000FF000000FF000000FF000000FF000000FF000000FF000000FF000000FF000000FF000000FF000000FF000000FF000000FF000000FF000000FF000000FF000000FF000000FF000000FF000000FF000000FF000000FF000000FF000000FF000000FF000000FF000000FF000000FF000000FF000000FF000000FF000000FF000000FF000000FF000000FF000000FF000000FF000000FF000000FF000000FF000000FF000000FF000000FF000000FF000000FF000000FF000000FF000000FF000000FF000000FF000000FF000000FF000000FF000000FF000000FF000000FF000000FF000000FF000000FF000000FF000000FF000000FF000000FF000000FF000000FF000000FF000000FF000000FF000000FF000000FF000000FF000000FF000000FF000000FF000000FF000000FF000000FF000000FF000000FF000000FF000000FF000000FF000000FF000000FF000000FF000000FF000000FF000000FF000000FF000000FF000000FF000000FF000000FF000000FF000000FF000000FF000000FF000000FF000000FF000000FF000000FF000000FF000000FF000000FF000000FF000000FF000000FF000000FF000000FF000000FF000000FF000000FF000000FF000000FF000000FF000000FF000000FF000000FF000000FF000000FF000000FF000000FF000000FF000000FF000000FF000000FF000000FF000000FF000000FF000000FF000000FF000000FF000000FF000000FF000000FF000000FF000000FF000000FF000000FF000000FF000000FF000000FF000000FF000000FF000000FF000000FF000000FF000000FF000000FF000000FF000000FF000000FF000000FF000000FF000000FF000000FF000000FF000000FF000000FF000000FF000000FF000000FF000000FF000000FF000000FF000000FF000000FF000000FF000000FF000000FF000000FF000000FF000000FF000000FF000000FF000000FF000000FF000000FF000000FF000000FF000000FF000000FF000000FF000000FF000000FF000000FF000000FF000000FF000000FF000000FF000000FF000000FF000000FF000000FF000000FF000000FF000000FF000000FF000000FF000000FF000000FF000000FF000000FF000000FF000000FF000000FF000000FF000000FF000000FF000000FF000000FF000000FF000000FF000000FF000000FF000000FF000000FF000000FF000000FF000000FF000000FF000000FF000000FF000000FF000000FF000000FF000000FF000000FF000000FF000000FF000000FF000000FF000000FF000000FF000000FF000000FF000000FF000000FF000000FF000000FF000000FF000000FF000000FF000000FF000000FF000000FF000000FF000000FF000000FF000000FF000000FF000000FF000000FF000000FF000000FF000000FF000000FF000000FF000000FF000000FF000000FF000000FF000000FF000000FF000000FF000000FF000000FF000000FF000000FF000000FF000000FF000000FF000000FF000000FF000000FF000000FF000000FF000000FF000000FF000000FF000000FF000000FF000000FF000000FF000000FF000000FF000000FF000000FF000000FF000000FF000000FF000000FF000000FF000000FF000000FF000000FF000000FF000000FF000000FF000000FF000000FF000000FF000000FF000000FF000000FF000000FF000000FF000000FF000000FF000000FF000000FF000000FF000000FF000000FF000000FF000000FF2BFD99FF2BFD99FF000000FF000000FF000000FF000000FF000000FF000000FF2BFD99FF2BFD99FF000000FF000000FF000000FF000000FF2BFD99FF2BFD99FF000000FF000000FF000000FF000000FF000000FF000000FF000000FF000000FF000000FF000000FF000000FF000000FF2BFD99FF2BFD99FF000000FF000000FF000000FF000000FF000000FF000000FF2BFD99FF2BFD99FF000000FF000000FF000000FF000000FF2BFD99FF2BFD99FF000000FF000000FF000000FF000000FF000000FF000000FF2BFD99FF2BFD99FF000000FF000000FF000000FF000000FF2BFD99FF2BFD99FF000000FF000000FF000000FF000000FF2BFD99FF2BFD99FF2BFD99FF2BFD99FF000000FF000000FF000000FF000000FF000000FF000000FF000000FF000000FF000000FF000000FF000000FF000000FF000000FF000000FF000000FF000000FF000000FF000000FF2BFD99FF2BFD99FF000000FF000000FF000000FF000000FF000000FF000000FF000000FF000000FF000000FF000000FF000000FF000000FF2BFD99FF2BFD99FF000000FF000000FF000000FF000000FF000000FF000000FF2BFD99FF2BFD99FF000000FF000000FF000000FF000000FF2BFD99FF2BFD99FF000000FF000000FF000000FF000000FF000000FF000000FF2BFD99FF2BFD99FF000000FF000000FF000000FF000000FF2BFD99FF2BFD99FF000000FF000000FF000000FF000000FF000000FF000000FF2BFD99FF2BFD99FF000000FF000000FF000000FF000000FF2BFD99FF2BFD99FF2BFD99FF2BFD99FF2BFD99FF2BFD99FF2BFD99FF2BFD99FF2BFD99FF2BFD99FF000000FF000000FF000000FF000000FF2BFD99FF2BFD99FF000000FF000000FF000000FF000000FF2BFD99FF2BFD99FF2BFD99FF2BFD99FF000000FF000000FF000000FF000000FF2BFD99FF2BFD99FF000000FF000000FF000000FF000000FF000000FF000000FF2BFD99FF2BFD99FF000000FF000000FF000000FF000000FF000000FF000000FF000000FF000000FF000000FF000000FF000000FF000000FF2BFD99FF2BFD99FF000000FF000000FF000000FF000000FF000000FF000000FF000000FF000000FF000000FF000000FF2BFD99FF2BFD99FF000000FF000000FF000000FF000000FF000000FF000000FF000000FF000000FF2BFD99FF2BFD99FF000000FF000000FF2BFD99FF2BFD99FF000000FF000000FF000000FF000000FF000000FF000000FF000000FF000000FF000000FF000000FF000000FF000000FF000000FF000000FF000000FF000000FF000000FF000000FF000000FF000000FF000000FF000000FF000000FF000000FF000000FF000000FF000000FF000000FF000000FF000000FF000000FF000000FF000000FF000000FF000000FF000000FF000000FF000000FF000000FF000000FF000000FF000000FF000000FF000000FF000000FF000000FF000000FF000000FF000000FF000000FF000000FF000000FF000000FF000000FF000000FF000000FF000000FF000000FF000000FF000000FF000000FF000000FF000000FF000000FF000000FF000000FF000000FF000000FF000000FF000000FF000000FF000000FF000000FF000000FF000000FF000000FF000000FF000000FF000000FF000000FF000000FF000000FF000000FF000000FF000000FF000000FF000000FF000000FF000000FF000000FF000000FF000000FF000000FF000000FF000000FF000000FF000000FF000000FF000000FF000000FF000000FF000000FF000000FF000000FF000000FF000000FF000000FF000000FF000000FF000000FF000000FF000000FF000000FF000000FF000000FF000000FF000000FF000000FF000000FF000000FF000000FF000000FF000000FF000000FF000000FF000000FF000000FF000000FF000000FF000000FF000000FF000000FF000000FF000000FF000000FF000000FF000000FF000000FF000000FF000000FF000000FF000000FF000000FF000000FF000000FF000000FF000000FF000000FF000000FF000000FF000000FF000000FF000000FF000000FF000000FF000000FF000000FF000000FF000000FF000000FF000000FF000000FF000000FF000000FF000000FF000000FF000000FF000000FF000000FF000000FF000000FF000000FF000000FF000000FF000000FF000000FF000000FF000000FF000000FF000000FF000000FF000000FF000000FF000000FF000000FF000000FF000000FF000000FF000000FF000000FF000000FF000000FF000000FF000000FF000000FF000000FF000000FF000000FF000000FF000000FF000000FF000000FF000000FF000000FF000000FF000000FF000000FF000000FF000000FF000000FF000000FF000000FF000000FF000000FF000000FF000000FF000000FF000000FF000000FF000000FF000000FF000000FF000000FF000000FF000000FF000000FF000000FF000000FF000000FF000000FF000000FF000000FF000000FF000000FF000000FF000000FF000000FF000000FF000000FF000000FF000000FF000000FF000000FF000000FF000000FF000000FF000000FF000000FF000000FF000000FF000000FF000000FF000000FF000000FF000000FF000000FF000000FF000000FF000000FF000000FF000000FF000000FF000000FF000000FF000000FF000000FF000000FF000000FF000000FF000000FF000000FF000000FF000000FF000000FF000000FF000000FF000000FF000000FF000000FF000000FF000000FF000000FF000000FF000000FF000000FF000000FF000000FF000000FF000000FF000000FF000000FF000000FF000000FF000000FF000000FF000000FF000000FF000000FF000000FF000000FF000000FF000000FF000000FF000000FF000000FF000000FF000000FF000000FF000000FF000000FF000000FF000000FF000000FF000000FF000000FF000000FF000000FF000000FF000000FF000000FF000000FF000000FF000000FF000000FF000000FF000000FF000000FF000000FF000000FF000000FF000000FF000000FF000000FF000000FF000000FF000000FF000000FF000000FF000000FF000000FF000000FF000000FF2BFD99FF2BFD99FF000000FF000000FF000000FF000000FF000000FF000000FF2BFD99FF2BFD99FF000000FF000000FF000000FF000000FF2BFD99FF2BFD99FF000000FF000000FF000000FF000000FF000000FF000000FF000000FF000000FF000000FF000000FF000000FF000000FF2BFD99FF2BFD99FF000000FF000000FF000000FF000000FF000000FF000000FF2BFD99FF2BFD99FF000000FF000000FF000000FF000000FF2BFD99FF2BFD99FF000000FF000000FF000000FF000000FF000000FF000000FF2BFD99FF2BFD99FF000000FF000000FF000000FF000000FF2BFD99FF2BFD99FF000000FF000000FF000000FF000000FF2BFD99FF2BFD99FF2BFD99FF2BFD99FF000000FF000000FF000000FF000000FF000000FF000000FF000000FF000000FF000000FF000000FF000000FF000000FF000000FF000000FF000000FF000000FF000000FF000000FF2BFD99FF2BFD99FF000000FF000000FF000000FF000000FF000000FF000000FF000000FF000000FF000000FF000000FF000000FF000000FF2BFD99FF2BFD99FF000000FF000000FF000000FF000000FF000000FF000000FF2BFD99FF2BFD99FF000000FF000000FF000000FF000000FF2BFD99FF2BFD99FF000000FF000000FF000000FF000000FF000000FF000000FF2BFD99FF2BFD99FF000000FF000000FF000000FF000000FF2BFD99FF2BFD99FF000000FF000000FF000000FF000000FF000000FF000000FF2BFD99FF2BFD99FF000000FF000000FF000000FF000000FF2BFD99FF2BFD99FF2BFD99FF2BFD99FF2BFD99FF2BFD99FF2BFD99FF2BFD99FF2BFD99FF2BFD99FF000000FF000000FF000000FF000000FF2BFD99FF2BFD99FF000000FF000000FF000000FF000000FF2BFD99FF2BFD99FF2BFD99FF2BFD99FF000000FF000000FF000000FF000000FF2BFD99FF2BFD99FF000000FF000000FF000000FF000000FF000000FF000000FF2BFD99FF2BFD99FF000000FF000000FF000000FF000000FF000000FF000000FF000000FF000000FF000000FF000000FF000000FF000000FF2BFD99FF2BFD99FF000000FF000000FF000000FF000000FF000000FF000000FF000000FF000000FF000000FF000000FF2BFD99FF2BFD99FF000000FF000000FF000000FF000000FF000000FF000000FF000000FF000000FF2BFD99FF2BFD99FF000000FF000000FF2BFD99FF2BFD99FF000000FF000000FF000000FF000000FF000000FF000000FF000000FF000000FF000000FF000000FF000000FF000000FF000000FF000000FF000000FF000000FF000000FF000000FF000000FF000000FF000000FF000000FF000000FF000000FF000000FF000000FF000000FF000000FF000000FF000000FF000000FF000000FF000000FF000000FF000000FF000000FF000000FF000000FF000000FF000000FF000000FF000000FF000000FF000000FF000000FF000000FF000000FF000000FF000000FF000000FF000000FF000000FF000000FF000000FF000000FF000000FF000000FF000000FF000000FF000000FF000000FF000000FF000000FF000000FF000000FF000000FF000000FF000000FF000000FF000000FF000000FF000000FF000000FF000000FF000000FF000000FF000000FF000000FF000000FF000000FF000000FF000000FF000000FF000000FF000000FF000000FF000000FF000000FF000000FF000000FF000000FF000000FF000000FF000000FF000000FF000000FF000000FF000000FF000000FF000000FF000000FF000000FF000000FF000000FF000000FF000000FF000000FF000000FF000000FF000000FF000000FF000000FF000000FF000000FF000000FF000000FF000000FF000000FF000000FF000000FF000000FF000000FF000000FF000000FF000000FF000000FF000000FF000000FF000000FF000000FF000000FF000000FF000000FF000000FF000000FF000000FF000000FF000000FF000000FF000000FF000000FF000000FF000000FF000000FF000000FF000000FF000000FF000000FF000000FF000000FF000000FF000000FF000000FF000000FF000000FF000000FF000000FF000000FF000000FF000000FF000000FF000000FF000000FF000000FF000000FF000000FF000000FF000000FF000000FF000000FF000000FF000000FF000000FF000000FF000000FF000000FF000000FF000000FF000000FF000000FF000000FF000000FF000000FF000000FF000000FF000000FF000000FF000000FF000000FF000000FF000000FF000000FF000000FF000000FF000000FF000000FF000000FF000000FF000000FF000000FF000000FF000000FF000000FF000000FF000000FF000000FF000000FF000000FF000000FF000000FF000000FF000000FF000000FF000000FF000000FF000000FF000000FF000000FF000000FF000000FF000000FF000000FF000000FF000000FF000000FF000000FF000000FF000000FF000000FF000000FF000000FF000000FF000000FF000000FF000000FF000000FF000000FF000000FF000000FF000000FF000000FF000000FF000000FF000000FF000000FF000000FF000000FF000000FF000000FF000000FF000000FF000000FF000000FF000000FF000000FF000000FF000000FF000000FF000000FF000000FF000000FF000000FF000000FF000000FF000000FF000000FF000000FF000000FF000000FF000000FF000000FF000000FF000000FF000000FF000000FF000000FF000000FF000000FF000000FF000000FF000000FF000000FF000000FF000000FF000000FF000000FF000000FF000000FF000000FF000000FF000000FF000000FF000000FF000000FF000000FF000000FF000000FF000000FF000000FF000000FF000000FF000000FF000000FF000000FF000000FF000000FF000000FF000000FF000000FF000000FF000000FF000000FF000000FF000000FF000000FF000000FF000000FF000000FF000000FF000000FF000000FF000000FF000000FF000000FF000000FF000000FF000000FF000000FF000000FF000000FF000000FF000000FF000000FF000000FF000000FF000000FF000000FF000000FF000000FF000000FF000000FF000000FF2BFD99FF2BFD99FF000000FF000000FF000000FF000000FF000000FF000000FF2BFD99FF2BFD99FF000000FF000000FF000000FF000000FF2BFD99FF2BFD99FF000000FF000000FF000000FF000000FF000000FF000000FF000000FF000000FF000000FF000000FF000000FF000000FF2BFD99FF2BFD99FF000000FF000000FF000000FF000000FF000000FF000000FF2BFD99FF2BFD99FF000000FF000000FF000000FF000000FF2BFD99FF2BFD99FF000000FF000000FF000000FF000000FF000000FF000000FF2BFD99FF2BFD99FF000000FF000000FF000000FF000000FF2BFD99FF2BFD99FF000000FF000000FF000000FF000000FF000000FF000000FF2BFD99FF2BFD99FF000000FF000000FF000000FF000000FF000000FF000000FF000000FF000000FF000000FF000000FF000000FF000000FF000000FF000000FF000000FF000000FF000000FF000000FF2BFD99FF2BFD99FF000000FF000000FF000000FF000000FF000000FF000000FF2BFD99FF2BFD99FF000000FF000000FF000000FF000000FF2BFD99FF2BFD99FF000000FF000000FF000000FF000000FF000000FF000000FF2BFD99FF2BFD99FF000000FF000000FF000000FF000000FF2BFD99FF2BFD99FF000000FF000000FF000000FF000000FF000000FF000000FF2BFD99FF2BFD99FF000000FF000000FF000000FF000000FF2BFD99FF2BFD99FF000000FF000000FF000000FF000000FF000000FF000000FF2BFD99FF2BFD99FF000000FF000000FF000000FF000000FF2BFD99FF2BFD99FF000000FF000000FF000000FF000000FF000000FF000000FF2BFD99FF2BFD99FF000000FF000000FF000000FF000000FF2BFD99FF2BFD99FF000000FF000000FF000000FF000000FF000000FF000000FF2BFD99FF2BFD99FF000000FF000000FF000000FF000000FF2BFD99FF2BFD99FF000000FF000000FF000000FF000000FF000000FF000000FF2BFD99FF2BFD99FF000000FF000000FF000000FF000000FF2BFD99FF2BFD99FF000000FF000000FF000000FF000000FF000000FF000000FF2BFD99FF2BFD99FF000000FF000000FF000000FF000000FF000000FF000000FF000000FF000000FF2BFD99FF2BFD99FF000000FF000000FF000000FF000000FF000000FF000000FF000000FF000000FF2BFD99FF2BFD99FF000000FF000000FF2BFD99FF2BFD99FF000000FF000000FF2BFD99FF2BFD99FF000000FF000000FF000000FF000000FF000000FF000000FF000000FF000000FF000000FF000000FF000000FF000000FF000000FF000000FF000000FF000000FF000000FF000000FF000000FF000000FF000000FF000000FF000000FF000000FF000000FF000000FF000000FF000000FF000000FF000000FF000000FF000000FF000000FF000000FF000000FF000000FF000000FF000000FF000000FF000000FF000000FF000000FF000000FF000000FF000000FF000000FF000000FF000000FF000000FF000000FF000000FF000000FF000000FF000000FF000000FF000000FF000000FF000000FF000000FF000000FF000000FF000000FF000000FF000000FF000000FF000000FF000000FF000000FF000000FF000000FF000000FF000000FF000000FF000000FF000000FF000000FF000000FF000000FF000000FF000000FF000000FF000000FF000000FF000000FF000000FF000000FF000000FF000000FF000000FF000000FF000000FF000000FF000000FF000000FF000000FF000000FF000000FF000000FF000000FF000000FF000000FF000000FF000000FF000000FF000000FF000000FF000000FF000000FF000000FF000000FF000000FF000000FF000000FF000000FF000000FF000000FF000000FF000000FF000000FF000000FF000000FF000000FF000000FF000000FF000000FF000000FF000000FF000000FF000000FF000000FF000000FF000000FF000000FF000000FF000000FF000000FF000000FF000000FF000000FF000000FF000000FF000000FF000000FF000000FF000000FF000000FF000000FF000000FF000000FF000000FF000000FF000000FF000000FF000000FF000000FF000000FF000000FF000000FF000000FF000000FF000000FF000000FF000000FF000000FF000000FF000000FF000000FF000000FF000000FF000000FF000000FF000000FF000000FF000000FF000000FF000000FF000000FF000000FF000000FF000000FF000000FF000000FF000000FF000000FF000000FF000000FF000000FF000000FF000000FF000000FF000000FF000000FF000000FF000000FF000000FF000000FF000000FF000000FF000000FF000000FF000000FF000000FF000000FF000000FF000000FF000000FF000000FF000000FF000000FF000000FF000000FF000000FF000000FF000000FF000000FF000000FF000000FF000000FF000000FF000000FF000000FF000000FF000000FF000000FF000000FF000000FF000000FF000000FF000000FF000000FF000000FF000000FF000000FF000000FF000000FF000000FF000000FF000000FF000000FF000000FF000000FF000000FF000000FF000000FF000000FF000000FF000000FF000000FF000000FF000000FF000000FF000000FF000000FF000000FF000000FF000000FF000000FF000000FF000000FF000000FF000000FF000000FF000000FF000000FF000000FF000000FF000000FF000000FF000000FF000000FF000000FF000000FF000000FF000000FF000000FF000000FF000000FF000000FF000000FF000000FF000000FF000000FF000000FF000000FF000000FF000000FF000000FF000000FF000000FF000000FF000000FF000000FF000000FF000000FF000000FF000000FF000000FF000000FF000000FF000000FF000000FF000000FF000000FF000000FF000000FF000000FF000000FF000000FF000000FF000000FF000000FF000000FF000000FF000000FF000000FF000000FF000000FF000000FF000000FF000000FF000000FF000000FF000000FF000000FF000000FF000000FF000000FF000000FF000000FF000000FF000000FF000000FF000000FF000000FF000000FF000000FF000000FF000000FF000000FF000000FF2BFD99FF2BFD99FF000000FF000000FF000000FF000000FF000000FF000000FF2BFD99FF2BFD99FF000000FF000000FF000000FF000000FF2BFD99FF2BFD99FF000000FF000000FF000000FF000000FF000000FF000000FF000000FF000000FF000000FF000000FF000000FF000000FF2BFD99FF2BFD99FF000000FF000000FF000000FF000000FF000000FF000000FF2BFD99FF2BFD99FF000000FF000000FF000000FF000000FF2BFD99FF2BFD99FF000000FF000000FF000000FF000000FF000000FF000000FF2BFD99FF2BFD99FF000000FF000000FF000000FF000000FF2BFD99FF2BFD99FF000000FF000000FF000000FF000000FF000000FF000000FF2BFD99FF2BFD99FF000000FF000000FF000000FF000000FF000000FF000000FF000000FF000000FF000000FF000000FF000000FF000000FF000000FF000000FF000000FF000000FF000000FF000000FF2BFD99FF2BFD99FF000000FF000000FF000000FF000000FF000000FF000000FF2BFD99FF2BFD99FF000000FF000000FF000000FF000000FF2BFD99FF2BFD99FF000000FF000000FF000000FF000000FF000000FF000000FF2BFD99FF2BFD99FF000000FF000000FF000000FF000000FF2BFD99FF2BFD99FF000000FF000000FF000000FF000000FF000000FF000000FF2BFD99FF2BFD99FF000000FF000000FF000000FF000000FF2BFD99FF2BFD99FF000000FF000000FF000000FF000000FF000000FF000000FF2BFD99FF2BFD99FF000000FF000000FF000000FF000000FF2BFD99FF2BFD99FF000000FF000000FF000000FF000000FF000000FF000000FF2BFD99FF2BFD99FF000000FF000000FF000000FF000000FF2BFD99FF2BFD99FF000000FF000000FF000000FF000000FF000000FF000000FF2BFD99FF2BFD99FF000000FF000000FF000000FF000000FF2BFD99FF2BFD99FF000000FF000000FF000000FF000000FF000000FF000000FF2BFD99FF2BFD99FF000000FF000000FF000000FF000000FF2BFD99FF2BFD99FF000000FF000000FF000000FF000000FF000000FF000000FF2BFD99FF2BFD99FF000000FF000000FF000000FF000000FF000000FF000000FF000000FF000000FF2BFD99FF2BFD99FF000000FF000000FF000000FF000000FF000000FF000000FF000000FF000000FF2BFD99FF2BFD99FF000000FF000000FF2BFD99FF2BFD99FF000000FF000000FF2BFD99FF2BFD99FF000000FF000000FF000000FF000000FF000000FF000000FF000000FF000000FF000000FF000000FF000000FF000000FF000000FF000000FF000000FF000000FF000000FF000000FF000000FF000000FF000000FF000000FF000000FF000000FF000000FF000000FF000000FF000000FF000000FF000000FF000000FF000000FF000000FF000000FF000000FF000000FF000000FF000000FF000000FF000000FF000000FF000000FF000000FF000000FF000000FF000000FF000000FF000000FF000000FF000000FF000000FF000000FF000000FF000000FF000000FF000000FF000000FF000000FF000000FF000000FF000000FF000000FF000000FF000000FF000000FF000000FF000000FF000000FF000000FF000000FF000000FF000000FF000000FF000000FF000000FF000000FF000000FF000000FF000000FF000000FF000000FF000000FF000000FF000000FF000000FF000000FF000000FF000000FF000000FF000000FF000000FF000000FF000000FF000000FF000000FF000000FF000000FF000000FF000000FF000000FF000000FF000000FF000000FF000000FF000000FF000000FF000000FF000000FF000000FF000000FF000000FF000000FF000000FF000000FF000000FF000000FF000000FF000000FF000000FF000000FF000000FF000000FF000000FF000000FF000000FF000000FF000000FF000000FF000000FF000000FF000000FF000000FF000000FF000000FF000000FF000000FF000000FF000000FF000000FF000000FF000000FF000000FF000000FF000000FF000000FF000000FF000000FF000000FF000000FF000000FF000000FF000000FF000000FF000000FF000000FF000000FF000000FF000000FF000000FF000000FF000000FF000000FF000000FF000000FF000000FF000000FF000000FF000000FF000000FF000000FF000000FF000000FF000000FF000000FF000000FF000000FF000000FF000000FF000000FF000000FF000000FF000000FF000000FF000000FF000000FF000000FF000000FF000000FF000000FF000000FF000000FF000000FF000000FF000000FF000000FF000000FF000000FF000000FF000000FF000000FF000000FF000000FF000000FF000000FF000000FF000000FF000000FF000000FF000000FF000000FF000000FF000000FF000000FF000000FF000000FF000000FF000000FF000000FF000000FF000000FF000000FF000000FF000000FF000000FF000000FF000000FF000000FF000000FF000000FF000000FF000000FF000000FF000000FF000000FF000000FF000000FF000000FF000000FF000000FF000000FF000000FF000000FF000000FF000000FF000000FF000000FF000000FF000000FF000000FF000000FF000000FF000000FF000000FF000000FF000000FF000000FF000000FF000000FF000000FF000000FF000000FF000000FF000000FF000000FF000000FF000000FF000000FF000000FF000000FF000000FF000000FF000000FF000000FF000000FF000000FF000000FF000000FF000000FF000000FF000000FF000000FF000000FF000000FF000000FF000000FF000000FF000000FF000000FF000000FF000000FF000000FF000000FF000000FF000000FF000000FF000000FF000000FF000000FF000000FF000000FF000000FF000000FF000000FF000000FF000000FF000000FF000000FF000000FF000000FF000000FF000000FF000000FF000000FF000000FF000000FF000000FF000000FF000000FF000000FF000000FF000000FF000000FF000000FF000000FF000000FF000000FF000000FF000000FF000000FF000000FF000000FF000000FF000000FF000000FF000000FF000000FF000000FF000000FF000000FF000000FF2BFD99FF2BFD99FF2BFD99FF2BFD99FF2BFD99FF2BFD99FF2BFD99FF2BFD99FF000000FF000000FF000000FF000000FF000000FF000000FF2BFD99FF2BFD99FF2BFD99FF2BFD99FF2BFD99FF2BFD99FF2BFD99FF2BFD99FF2BFD99FF2BFD99FF000000FF000000FF000000FF000000FF2BFD99FF2BFD99FF2BFD99FF2BFD99FF2BFD99FF2BFD99FF2BFD99FF2BFD99FF000000FF000000FF000000FF000000FF000000FF000000FF000000FF000000FF2BFD99FF2BFD99FF2BFD99FF2BFD99FF2BFD99FF2BFD99FF000000FF000000FF000000FF000000FF000000FF000000FF000000FF000000FF2BFD99FF2BFD99FF2BFD99FF2BFD99FF2BFD99FF2BFD99FF2BFD99FF2BFD99FF000000FF000000FF000000FF000000FF000000FF000000FF000000FF000000FF000000FF000000FF000000FF000000FF000000FF000000FF000000FF000000FF000000FF000000FF000000FF000000FF2BFD99FF2BFD99FF2BFD99FF2BFD99FF2BFD99FF2BFD99FF000000FF000000FF000000FF000000FF000000FF000000FF000000FF000000FF2BFD99FF2BFD99FF2BFD99FF2BFD99FF2BFD99FF2BFD99FF000000FF000000FF000000FF000000FF000000FF000000FF2BFD99FF2BFD99FF000000FF000000FF000000FF000000FF000000FF000000FF2BFD99FF2BFD99FF000000FF000000FF000000FF000000FF2BFD99FF2BFD99FF000000FF000000FF000000FF000000FF000000FF000000FF2BFD99FF2BFD99FF000000FF000000FF000000FF000000FF2BFD99FF2BFD99FF000000FF000000FF000000FF000000FF000000FF000000FF2BFD99FF2BFD99FF000000FF000000FF000000FF000000FF2BFD99FF2BFD99FF000000FF000000FF000000FF000000FF000000FF000000FF2BFD99FF2BFD99FF000000FF000000FF000000FF000000FF2BFD99FF2BFD99FF2BFD99FF2BFD99FF2BFD99FF2BFD99FF2BFD99FF2BFD99FF000000FF000000FF000000FF000000FF000000FF000000FF000000FF000000FF2BFD99FF2BFD99FF2BFD99FF2BFD99FF2BFD99FF2BFD99FF000000FF000000FF000000FF000000FF000000FF000000FF000000FF000000FF2BFD99FF2BFD99FF000000FF000000FF000000FF000000FF000000FF000000FF000000FF000000FF000000FF000000FF000000FF000000FF000000FF000000FF000000FF000000FF000000FF000000FF000000FF000000FF000000FF000000FF000000FF000000FF000000FF000000FF000000FF000000FF000000FF000000FF000000FF000000FF000000FF000000FF000000FF000000FF000000FF000000FF000000FF000000FF000000FF000000FF000000FF000000FF000000FF000000FF000000FF000000FF000000FF000000FF000000FF000000FF000000FF000000FF000000FF000000FF000000FF000000FF000000FF000000FF000000FF000000FF000000FF000000FF000000FF000000FF000000FF000000FF000000FF000000FF000000FF000000FF000000FF000000FF000000FF000000FF000000FF000000FF000000FF000000FF000000FF000000FF000000FF000000FF000000FF000000FF000000FF000000FF000000FF000000FF000000FF000000FF000000FF000000FF000000FF000000FF000000FF000000FF000000FF000000FF000000FF000000FF000000FF000000FF000000FF000000FF000000FF000000FF000000FF000000FF000000FF000000FF000000FF000000FF000000FF000000FF000000FF000000FF000000FF000000FF000000FF000000FF000000FF000000FF000000FF000000FF000000FF000000FF000000FF000000FF000000FF000000FF000000FF000000FF000000FF000000FF000000FF000000FF000000FF000000FF000000FF000000FF000000FF000000FF000000FF000000FF000000FF000000FF000000FF000000FF000000FF000000FF000000FF000000FF000000FF000000FF000000FF000000FF000000FF000000FF000000FF000000FF000000FF000000FF000000FF000000FF000000FF000000FF000000FF000000FF000000FF000000FF000000FF000000FF000000FF000000FF000000FF000000FF000000FF000000FF000000FF000000FF000000FF000000FF000000FF000000FF000000FF000000FF000000FF000000FF000000FF000000FF000000FF000000FF000000FF000000FF000000FF000000FF000000FF000000FF000000FF000000FF000000FF000000FF000000FF000000FF000000FF000000FF000000FF000000FF000000FF000000FF000000FF000000FF000000FF000000FF000000FF000000FF000000FF000000FF000000FF000000FF000000FF000000FF000000FF000000FF000000FF000000FF000000FF000000FF000000FF000000FF000000FF000000FF000000FF000000FF000000FF000000FF000000FF000000FF000000FF000000FF000000FF000000FF000000FF000000FF000000FF000000FF000000FF000000FF000000FF000000FF000000FF000000FF000000FF000000FF000000FF000000FF000000FF000000FF000000FF000000FF000000FF000000FF000000FF000000FF000000FF000000FF000000FF000000FF000000FF000000FF000000FF000000FF000000FF000000FF000000FF000000FF000000FF000000FF000000FF000000FF000000FF000000FF000000FF000000FF000000FF000000FF000000FF000000FF000000FF000000FF000000FF000000FF000000FF000000FF000000FF000000FF000000FF000000FF000000FF000000FF000000FF000000FF000000FF000000FF000000FF000000FF000000FF000000FF000000FF000000FF000000FF000000FF000000FF000000FF000000FF000000FF000000FF000000FF000000FF000000FF000000FF000000FF000000FF000000FF000000FF000000FF000000FF000000FF000000FF000000FF000000FF000000FF000000FF000000FF000000FF000000FF000000FF000000FF000000FF000000FF000000FF000000FF000000FF000000FF000000FF000000FF000000FF000000FF000000FF000000FF000000FF000000FF000000FF000000FF000000FF000000FF000000FF000000FF2BFD99FF2BFD99FF2BFD99FF2BFD99FF2BFD99FF2BFD99FF2BFD99FF2BFD99FF000000FF000000FF000000FF000000FF000000FF000000FF2BFD99FF2BFD99FF2BFD99FF2BFD99FF2BFD99FF2BFD99FF2BFD99FF2BFD99FF2BFD99FF2BFD99FF000000FF000000FF000000FF000000FF2BFD99FF2BFD99FF2BFD99FF2BFD99FF2BFD99FF2BFD99FF2BFD99FF2BFD99FF000000FF000000FF000000FF000000FF000000FF000000FF000000FF000000FF2BFD99FF2BFD99FF2BFD99FF2BFD99FF2BFD99FF2BFD99FF000000FF000000FF000000FF000000FF000000FF000000FF000000FF000000FF2BFD99FF2BFD99FF2BFD99FF2BFD99FF2BFD99FF2BFD99FF2BFD99FF2BFD99FF000000FF000000FF000000FF000000FF000000FF000000FF000000FF000000FF000000FF000000FF000000FF000000FF000000FF000000FF000000FF000000FF000000FF000000FF000000FF000000FF2BFD99FF2BFD99FF2BFD99FF2BFD99FF2BFD99FF2BFD99FF000000FF000000FF000000FF000000FF000000FF000000FF000000FF000000FF2BFD99FF2BFD99FF2BFD99FF2BFD99FF2BFD99FF2BFD99FF000000FF000000FF000000FF000000FF000000FF000000FF2BFD99FF2BFD99FF000000FF000000FF000000FF000000FF000000FF000000FF2BFD99FF2BFD99FF000000FF000000FF000000FF000000FF2BFD99FF2BFD99FF000000FF000000FF000000FF000000FF000000FF000000FF2BFD99FF2BFD99FF000000FF000000FF000000FF000000FF2BFD99FF2BFD99FF000000FF000000FF000000FF000000FF000000FF000000FF2BFD99FF2BFD99FF000000FF000000FF000000FF000000FF2BFD99FF2BFD99FF000000FF000000FF000000FF000000FF000000FF000000FF2BFD99FF2BFD99FF000000FF000000FF000000FF000000FF2BFD99FF2BFD99FF2BFD99FF2BFD99FF2BFD99FF2BFD99FF2BFD99FF2BFD99FF000000FF000000FF000000FF000000FF000000FF000000FF000000FF000000FF2BFD99FF2BFD99FF2BFD99FF2BFD99FF2BFD99FF2BFD99FF000000FF000000FF000000FF000000FF000000FF000000FF000000FF000000FF2BFD99FF2BFD99FF000000FF000000FF000000FF000000FF000000FF000000FF000000FF000000FF000000FF000000FF000000FF000000FF000000FF000000FF000000FF000000FF000000FF000000FF000000FF000000FF000000FF000000FF000000FF000000FF000000FF000000FF000000FF000000FF000000FF000000FF000000FF000000FF000000FF000000FF000000FF000000FF000000FF000000FF000000FF000000FF000000FF000000FF000000FF000000FF000000FF000000FF000000FF000000FF000000FF000000FF000000FF000000FF000000FF000000FF000000FF000000FF000000FF000000FF000000FF000000FF000000FF000000FF000000FF000000FF000000FF000000FF000000FF000000FF000000FF000000FF000000FF000000FF000000FF000000FF000000FF000000FF000000FF000000FF000000FF000000FF000000FF000000FF000000FF000000FF000000FF000000FF000000FF000000FF000000FF000000FF000000FF000000FF000000FF000000FF000000FF000000FF000000FF000000FF000000FF000000FF000000FF000000FF000000FF000000FF000000FF000000FF000000FF000000FF000000FF000000FF000000FF000000FF000000FF000000FF000000FF000000FF000000FF000000FF000000FF000000FF000000FF000000FF000000FF000000FF000000FF000000FF000000FF000000FF000000FF000000FF000000FF000000FF000000FF000000FF000000FF000000FF000000FF000000FF000000FF000000FF000000FF000000FF000000FF000000FF000000FF000000FF000000FF000000FF000000FF000000FF000000FF000000FF000000FF000000FF000000FF000000FF000000FF000000FF000000FF000000FF000000FF000000FF000000FF000000FF000000FF000000FF000000FF000000FF000000FF000000FF000000FF000000FF000000FF000000FF000000FF000000FF000000FF000000FF000000FF000000FF000000FF000000FF000000FF000000FF000000FF000000FF000000FF000000FF000000FF000000FF000000FF000000FF000000FF000000FF000000FF000000FF000000FF000000FF000000FF000000FF000000FF000000FF000000FF000000FF000000FF000000FF000000FF000000FF000000FF000000FF000000FF000000FF000000FF000000FF000000FF000000FF000000FF000000FF000000FF000000FF000000FF000000FF000000FF000000FF000000FF000000FF000000FF000000FF000000FF000000FF000000FF000000FF000000FF000000FF000000FF000000FF000000FF000000FF000000FF000000FF000000FF000000FF000000FF000000FF000000FF000000FF000000FF000000FF000000FF000000FF000000FF000000FF000000FF000000FF000000FF000000FF000000FF000000FF000000FF000000FF000000FF000000FF000000FF000000FF000000FF000000FF000000FF000000FF000000FF000000FF000000FF000000FF000000FF000000FF000000FF000000FF000000FF000000FF000000FF000000FF000000FF000000FF000000FF000000FF000000FF000000FF000000FF000000FF000000FF000000FF000000FF000000FF000000FF000000FF000000FF000000FF000000FF000000FF000000FF000000FF000000FF000000FF000000FF000000FF000000FF000000FF000000FF000000FF000000FF000000FF000000FF000000FF000000FF000000FF000000FF000000FF000000FF000000FF000000FF000000FF000000FF000000FF000000FF000000FF000000FF000000FF000000FF000000FF000000FF000000FF000000FF000000FF000000FF000000FF000000FF000000FF000000FF000000FF000000FF000000FF000000FF000000FF000000FF000000FF000000FF000000FF000000FF000000FF000000FF000000FF000000FF000000FF000000FF000000FF000000FF000000FF000000FF000000FF000000FF000000FF000000FF000000FF000000FF000000FF000000FF000000FF000000FF000000FF000000FF000000FF000000FF000000FF000000FF000000FF000000FF000000FF000000FF000000FF000000FF000000FF000000FF000000FF000000FF000000FF000000FF000000FF000000FF000000FF000000FF000000FF000000FF000000FF000000FF000000FF000000FF000000FF000000FF000000FF000000FF000000FF000000FF000000FF000000FF000000FF000000FF000000FF000000FF000000FF000000FF000000FF000000FF000000FF000000FF000000FF000000FF000000FF000000FF000000FF000000FF000000FF000000FF000000FF000000FF000000FF000000FF000000FF000000FF000000FF000000FF000000FF000000FF000000FF000000FF000000FF000000FF000000FF000000FF000000FF000000FF000000FF000000FF000000FF000000FF000000FF000000FF000000FF000000FF000000FF000000FF000000FF000000FF000000FF000000FF000000FF000000FF000000FF000000FF000000FF000000FF000000FF000000FF000000FF000000FF000000FF000000FF000000FF000000FF000000FF000000FF000000FF000000FF000000FF000000FF000000FF000000FF000000FF000000FF000000FF000000FF000000FF000000FF000000FF000000FF000000FF000000FF000000FF000000FF000000FF000000FF000000FF000000FF000000FF000000FF000000FF000000FF000000FF000000FF000000FF000000FF000000FF000000FF000000FF000000FF000000FF000000FF000000FF000000FF000000FF000000FF000000FF000000FF000000FF000000FF000000FF000000FF000000FF000000FF000000FF000000FF000000FF000000FF000000FF000000FF000000FF000000FF000000FF000000FF000000FF000000FF000000FF000000FF000000FF000000FF000000FF000000FF000000FF000000FF000000FF000000FF000000FF000000FF000000FF000000FF000000FF000000FF000000FF000000FF000000FF000000FF000000FF000000FF000000FF000000FF000000FF000000FF000000FF000000FF000000FF000000FF000000FF000000FF000000FF000000FF000000FF000000FF000000FF000000FF000000FF000000FF000000FF000000FF000000FF000000FF000000FF000000FF000000FF000000FF000000FF000000FF000000FF000000FF000000FF000000FF000000FF000000FF000000FF000000FF000000FF000000FF000000FF000000FF000000FF000000FF000000FF000000FF000000FF000000FF000000FF000000FF000000FF000000FF000000FF000000FF000000FF000000FF000000FF000000FF000000FF000000FF000000FF000000FF000000FF000000FF000000FF000000FF000000FF000000FF000000FF000000FF000000FF000000FF000000FF000000FF000000FF000000FF000000FF000000FF000000FF000000FF000000FF000000FF000000FF000000FF000000FF000000FF000000FF000000FF000000FF000000FF000000FF000000FF000000FF000000FF000000FF000000FF000000FF000000FF000000FF000000FF000000FF000000FF000000FF000000FF000000FF000000FF000000FF000000FF000000FF000000FF000000FF000000FF000000FF000000FF000000FF000000FF000000FF000000FF000000FF000000FF000000FF000000FF000000FF000000FF000000FF000000FF000000FF000000FF000000FF000000FF000000FF000000FF000000FF000000FF000000FF000000FF000000FF000000FF000000FF000000FF000000FF000000FF000000FF000000FF000000FF000000FF000000FF000000FF000000FF000000FF000000FF000000FF000000FF000000FF000000FF000000FF000000FF000000FF000000FF000000FF000000FF000000FF000000FF000000FF000000FF000000FF000000FF000000FF000000FF000000FF000000FF000000FF000000FF000000FF000000FF000000FF000000FF000000FF000000FF000000FF000000FF000000FF000000FF000000FF000000FF000000FF000000FF000000FF000000FF000000FF000000FF000000FF000000FF000000FF000000FF000000FF000000FF000000FF000000FF000000FF000000FF000000FF000000FF000000FF000000FF000000FF000000FF000000FF000000FF000000FF000000FF000000FF000000FF000000FF000000FF000000FF000000FF000000FF000000FF000000FF000000FF000000FF000000FF000000FF000000FF000000FF000000FF000000FF000000FF000000FF000000FF000000FF000000FF000000FF000000FF000000FF000000FF000000FF000000FF000000FF000000FF000000FF000000FF000000FF000000FF000000FF000000FF000000FF000000FF000000FF000000FF000000FF000000FF000000FF000000FF000000FF000000FF000000FF000000FF000000FF000000FF000000FF000000FF000000FF000000FF000000FF000000FF000000FF000000FF000000FF000000FF000000FF000000FF000000FF000000FF000000FF000000FF000000FF000000FF000000FF000000FF000000FF000000FF000000FF000000FF000000FF000000FF000000FF000000FF000000FF000000FF000000FF000000FF000000FF000000FF000000FF000000FF000000FF000000FF000000FF000000FF000000FF000000FF000000FF000000FF000000FF000000FF000000FF000000FF000000FF000000FF000000FF000000FF000000FF000000FF000000FF000000FF000000FF000000FF000000FF000000FF000000FF000000FF000000FF000000FF000000FF000000FF000000FF000000FF000000FF000000FF000000FF000000FF000000FF000000FF000000FF000000FF000000FF000000FF000000FF000000FF000000FF000000FF000000FF000000FF000000FF000000FF000000FF000000FF000000FF000000FF000000FF000000FF000000FF000000FF000000FF000000FF000000FF000000FF000000FF000000FF000000FF000000FF000000FF000000FF000000FF000000FF000000FF000000FF000000FF000000FF000000FF000000FF000000FF000000FF000000FF000000FF000000FF000000FF000000FF000000FF000000FF000000FF000000FF000000FF000000FF000000FF000000FF000000FF000000FF000000FF000000FF000000FF000000FF000000FF000000FF000000FF000000FF000000FF000000FF000000FF000000FF000000FF000000FF000000FF000000FF000000FF000000FF000000FF000000FF000000FF000000FF000000FF000000FF000000FF000000FF000000FF000000FF000000FF000000FF000000FF000000FF000000FF000000FF000000FF000000FF000000FF000000FF000000FF000000FF000000FF000000FF000000FF000000FF000000FF000000FF000000FF000000FF000000FF000000FF000000FF000000FF000000FF000000FF000000FF000000FF000000FF000000FF000000FF000000FF000000FF000000FF000000FF000000FF000000FF000000FF000000FF000000FF000000FF000000FF000000FF000000FF000000FF000000FF000000FF000000FF000000FF000000FF000000FF000000FF000000FF000000FF000000FF000000FF000000FF000000FF000000FF000000FF000000FF000000FF000000FF000000FF000000FF000000FF000000FF000000FF000000FF000000FF000000FF000000FF000000FF000000FF000000FF000000FF000000FF000000FF000000FF000000FF000000FF000000FF000000FF000000FF000000FF000000FF000000FF000000FF000000FF000000FF000000FF000000FF000000FF000000FF000000FF000000FF000000FF000000FF000000FF000000FF000000FF000000FF000000FF000000FF000000FF000000FF000000FF000000FF000000FF000000FF000000FF000000FF000000FF000000FF000000FF000000FF000000FF000000FF000000FF000000FF000000FF000000FF000000FF000000FF000000FF000000FF000000FF000000FF000000FF000000FF000000FF000000FF000000FF000000FF000000FF000000FF000000FF000000FF000000FF000000FF000000FF000000FF000000FF000000FF000000FF000000FF000000FF000000FF000000FF000000FF000000FF000000FF000000FF000000FF000000FF000000FF000000FF000000FF000000FF000000FF000000FF000000FF000000FF000000FF000000FF000000FF000000FF000000FF000000FF000000FF000000FF000000FF000000FF000000FF000000FF000000FF000000FF000000FF000000FF000000FF000000FF000000FF000000FF000000FF000000FF000000FF000000FF000000FF000000FF000000FF000000FF000000FF000000FF000000FF000000FF000000FF000000FF000000FF000000FF000000FF000000FF000000FF000000FF000000FF000000FF000000FF000000FF000000FF000000FF000000FF000000FF000000FF000000FF000000FF000000FF000000FF000000FF000000FF000000FF000000FF000000FF000000FF000000FF000000FF000000FF000000FF000000FF000000FF000000FF000000FF000000FF000000FF000000FF000000FF000000FF000000FF000000FF000000FF000000FF000000FF000000FF000000FF000000FF000000FF000000FF000000FF000000FF000000FF000000FF000000FF000000FF000000FF000000FF000000FF000000FF000000FF000000FF000000FF000000FF000000FF000000FF000000FF000000FF000000FF000000FF000000FF000000FF000000FF000000FF000000FF000000FF000000FF000000FF000000FF000000FF000000FF000000FF000000FF000000FF000000FF000000FF000000FF000000FF000000FF000000FF000000FF000000FF000000FF000000FF000000FF000000FF000000FF000000FF000000FF000000FF000000FF000000FF000000FF000000FF000000FF000000FF000000FF000000FF000000FF000000FF000000FF000000FF000000FF000000FF000000FF000000FF000000FF000000FF000000FF000000FF000000FF000000FF000000FF000000FF000000FF000000FF000000FF000000FF000000FF000000FF000000FF000000FF000000FF000000FF000000FF000000FF000000FF000000FF000000FF000000FF000000FF000000FF000000FF000000FF000000FF000000FF000000FF000000FF000000FF000000FF000000FF000000FF000000FF000000FF000000FF000000FF000000FF000000FF000000FF000000FF000000FF000000FF000000FF000000FF000000FF000000FF000000FF000000FF000000FF000000FF000000FF000000FF000000FF000000FF000000FF000000FF000000FF000000FF000000FF000000FF000000FF000000FF000000FF000000FF000000FF000000FF000000FF000000FF000000FF000000FF000000FF000000FF000000FF000000FF000000FF000000FF000000FF000000FF000000FF000000FF000000FF000000FF000000FF000000FF000000FF000000FF000000FF000000FF000000FF000000FF000000FF000000FF000000FF000000FF000000FF000000FF000000FF000000FF000000FF000000FF000000FF000000FF000000FF000000FF000000FF000000FF000000FF000000FF000000FF000000FF000000FF000000FF000000FF000000FF000000FF000000FF000000FF000000FF000000FF000000FF000000FF000000FF000000FF000000FF000000FF000000FF000000FF000000FF000000FF000000FF000000FF000000FF000000FF000000FF000000FF000000FF000000FF000000FF000000FF000000FF000000FF000000FF000000FF000000FF000000FF000000FF000000FF000000FF000000FF000000FF000000FF000000FF000000FF000000FF000000FF000000FF000000FF000000FF000000FF000000FF000000FF000000FF000000FF000000FF000000FF000000FF000000FF000000FF000000FF000000FF000000FF000000FF000000FF000000FF000000FF000000FF000000FF000000FF000000FF000000FF000000FF000000FF000000FF000000FF000000FF000000FF000000FF000000FF000000FF000000FF000000FF000000FF000000FF000000FF000000FF000000FF00100100000300000001023000000101000300000001018000000102000300000004000D20CE010300030000000100010000010600030000000100020000010A000300000001000100000111000400000007000D20F20112000300000001000100000115000300000001000400000116000300000001003A00000117000400000007000D20D6011C000300000001000100000128000300000001000200000152000300000001000100000153000300000004000D210E87730007000007C8000D21160000000000080008000800080001FB800001FB800001FB800001FB800001FB800001FB8000013B00000000080001FB880003F7080005F2880007EE080009E988000BE5080001000100010001000007C86170706C022000006D6E74725247422058595A2007D900020019000B001A000B616373704150504C000000006170706C000000000000000000000000000000000000F6D6000100000000D32D6170706C00000000000000000000000000000000000000000000000000000000000000000000000000000000000000000000000B64657363000001080000006F6473636D000001780000058A637072740000070400000038777470740000073C000000147258595A00000750000000146758595A00000764000000146258595A0000077800000014725452430000078C0000000E636861640000079C0000002C625452430000078C0000000E675452430000078C0000000E64657363000000000000001447656E65726963205247422050726F66696C6500000000000000000000001447656E65726963205247422050726F66696C6500000000000000000000000000000000000000000000000000000000000000000000000000000000000000000000000000006D6C7563000000000000001F0000000C736B534B00000028000001846461444B00000024000001AC6361455300000024000001D07669564E00000024000001F4707442520000002600000218756B55410000002A0000023E6672465500000028000002686875485500000028000002907A68545700000012000002B86B6F4B5200000016000002CA6E624E4F00000026000002E06373435A00000022000003066865494C0000001E00000328726F524F0000002400000346646544450000002C0000036A6974495400000028000003967376534500000026000002E07A68434E00000012000003BE6A614A500000001A000003D0656C475200000022000003EA7074504F000000260000040C6E6C4E4C000000280000043265734553000000260000040C74685448000000240000045A74725452000000220000047E6669464900000028000004A06872485200000028000004C8706C504C0000002C000004F072755255000000220000051C656E5553000000260000053E617245470000002600000564005601610065006F006200650063006E00FD0020005200470042002000700072006F00660069006C00470065006E006500720065006C0020005200470042002D00700072006F00660069006C00500065007200660069006C0020005200470042002000670065006E00E800720069006300431EA500750020006800EC006E006800200052004700420020004300680075006E006700500065007200660069006C0020005200470042002000470065006E00E9007200690063006F0417043004330430043B044C043D043804390020043F0440043E044404300439043B002000520047004200500072006F00660069006C0020006700E9006E00E900720069007100750065002000520056004200C1006C00740061006C00E1006E006F00730020005200470042002000700072006F00660069006C901A752800520047004282725F6963CF8FF0C77CBC1800200052004700420020D504B85CD30CC77C00470065006E0065007200690073006B0020005200470042002D00700072006F00660069006C004F006200650063006E00FD0020005200470042002000700072006F00660069006C05E405E805D505E405D905DC0020005200470042002005DB05DC05DC05D900500072006F00660069006C0020005200470042002000670065006E00650072006900630041006C006C00670065006D00650069006E006500730020005200470042002D00500072006F00660069006C00500072006F00660069006C006F0020005200470042002000670065006E0065007200690063006F666E901A00520047004263CF8FF065874EF64E00822C0020005200470042002030D730ED30D530A130A430EB039303B503BD03B903BA03CC002003C003C103BF03C603AF03BB002000520047004200500065007200660069006C0020005200470042002000670065006E00E9007200690063006F0041006C00670065006D00650065006E0020005200470042002D00700072006F006600690065006C0E420E1B0E230E440E1F0E250E4C002000520047004200200E170E310E480E270E440E1B00470065006E0065006C0020005200470042002000500072006F00660069006C00690059006C00650069006E0065006E0020005200470042002D00700072006F006600690069006C006900470065006E006500720069010D006B00690020005200470042002000700072006F00660069006C0055006E006900770065007200730061006C006E0079002000700072006F00660069006C0020005200470042041E04310449043804390020043F0440043E04440438043B044C002000520047004200470065006E00650072006900630020005200470042002000500072006F00660069006C00650645064406410020062A06390631064A0641002000520047004200200627064406390627064500007465787400000000436F707972696768742032303037204170706C6520496E632E2C20616C6C207269676874732072657365727665642E0058595A20000000000000F35200010000000116CF58595A20000000000000744D00003DEE000003D058595A200000000000005A750000AC730000173458595A20000000000000281A0000159F0000B83663757276000000000000000101CD0000736633320000000000010C42000005DEFFFFF326000007920000FD91FFFFFBA2FFFFFDA3000003DC0000C06C», «class AVIF»:«data AVIF000000206674797061766966000000004D695072617669666D6961666D6966310000091F6D657461000000000000002168646C72000000000000000070696374000000000000000000000000000000002464696E660000001C6472656600000000000000010000000C75726C20000000010000000E7069746D0000000000010000003869696E6600000000000200000015696E66650200000000010000617630310000000015696E6665020000010002000045786966000000001A69726566000000000000000E636473630002000100010000084269707270000008216970636F000007D4636F6C7270726F66000007C86170706C022000006D6E74725247422058595A2007D900020019000B001A000B616373704150504C000000006170706C000000000000000000000000000000000000F6D6000100000000D32D6170706C00000000000000000000000000000000000000000000000000000000000000000000000000000000000000000000000B64657363000001080000006F6473636D000001780000058A637072740000070400000038777470740000073C000000147258595A00000750000000146758595A00000764000000146258595A0000077800000014725452430000078C0000000E636861640000079C0000002C625452430000078C0000000E675452430000078C0000000E64657363000000000000001447656E65726963205247422050726F66696C6500000000000000000000001447656E65726963205247422050726F66696C6500000000000000000000000000000000000000000000000000000000000000000000000000000000000000000000000000006D6C7563000000000000001F0000000C736B534B00000028000001846461444B00000024000001AC6361455300000024000001D07669564E00000024000001F4707442520000002600000218756B55410000002A0000023E6672465500000028000002686875485500000028000002907A68545700000012000002B86B6F4B5200000016000002CA6E624E4F00000026000002E06373435A00000022000003066865494C0000001E00000328726F524F0000002400000346646544450000002C0000036A6974495400000028000003967376534500000026000002E07A68434E00000012000003BE6A614A500000001A000003D0656C475200000022000003EA7074504F000000260000040C6E6C4E4C000000280000043265734553000000260000040C74685448000000240000045A74725452000000220000047E6669464900000028000004A06872485200000028000004C8706C504C0000002C000004F072755255000000220000051C656E5553000000260000053E617245470000002600000564005601610065006F006200650063006E00FD0020005200470042002000700072006F00660069006C00470065006E006500720065006C0020005200470042002D00700072006F00660069006C00500065007200660069006C0020005200470042002000670065006E00E800720069006300431EA500750020006800EC006E006800200052004700420020004300680075006E006700500065007200660069006C0020005200470042002000470065006E00E9007200690063006F0417043004330430043B044C043D043804390020043F0440043E044404300439043B002000520047004200500072006F00660069006C0020006700E9006E00E900720069007100750065002000520056004200C1006C00740061006C00E1006E006F00730020005200470042002000700072006F00660069006C901A752800520047004282725F6963CF8FF0C77CBC1800200052004700420020D504B85CD30CC77C00470065006E0065007200690073006B0020005200470042002D00700072006F00660069006C004F006200650063006E00FD0020005200470042002000700072006F00660069006C05E405E805D505E405D905DC0020005200470042002005DB05DC05DC05D900500072006F00660069006C0020005200470042002000670065006E00650072006900630041006C006C00670065006D00650069006E006500730020005200470042002D00500072006F00660069006C00500072006F00660069006C006F0020005200470042002000670065006E0065007200690063006F666E901A00520047004263CF8FF065874EF64E00822C0020005200470042002030D730ED30D530A130A430EB039303B503BD03B903BA03CC002003C003C103BF03C603AF03BB002000520047004200500065007200660069006C0020005200470042002000670065006E00E9007200690063006F0041006C00670065006D00650065006E0020005200470042002D00700072006F006600690065006C0E420E1B0E230E440E1F0E250E4C002000520047004200200E170E310E480E270E440E1B00470065006E0065006C0020005200470042002000500072006F00660069006C00690059006C00650069006E0065006E0020005200470042002D00700072006F006600690069006C006900470065006E006500720069010D006B00690020005200470042002000700072006F00660069006C0055006E006900770065007200730061006C006E0079002000700072006F00660069006C0020005200470042041E04310449043804390020043F0440043E04440438043B044C002000520047004200470065006E00650072006900630020005200470042002000500072006F00660069006C00650645064406410020062A06390631064A0641002000520047004200200627064406390627064500007465787400000000436F707972696768742032303037204170706C6520496E632E2C20616C6C207269676874732072657365727665642E0058595A20000000000000F35200010000000116CF58595A20000000000000744D00003DEE000003D058595A200000000000005A750000AC730000173458595A20000000000000281A0000159F0000B83663757276000000000000000101CD0000736633320000000000010C42000005DEFFFFF326000007920000FD91FFFFFBA2FFFFFDA3000003DC0000C06C0000000C636C6C6900CB004000000014697370650000000000000230000001800000000969726F7400000000107069786900000000030808080000000C6176314381010C000000001969706D6100000000000000010001068102030586840000002C696C6F6300000000440000020001000000010000098B00000AF40002000000010000094F0000003C000000016D6461740000000000000B40000000064578696600004D4D002A0000000800030106000300000001000200000112000300000001000100000128000300000001000200000000000012000A0E0000000CC45F7F3FFE0408081A1032DF151400E12000DD344362B994D8F7AC9328C339BE9DC721FE359A4C4894B42AA48F754D808FA102572FE301AB72CDE82E8417D5FDA79714EAF7B1A0696C81D973928496370FB7F63F45BD93F8A2640E243F5C98F0EC203B9816488AFC9750BDF848BA557FC598CEBB909EC166C030A6895A0D1579EF78EF0F894327130CBF3841175180B47BB22FC68B54AEBC440B1A1211BDBC92E74C221FBEAF59A792CC301ED2E53693F96F22712AE193C697A82EC5AB1C7332EC3EDA38F7F9F1E2AD7FB90B7D26ECDDD0590A645C33725B51ABF195A251120962BEF2E1DE4A198F2EF3670CC8813C9B3814EFFA1DE9944017A8C603D1516B84DCABD5538779391655D9B4E0C7D7B580380EA864EBA2EB8A255423B70674B64158D30F63702ADE62762611C250FB2CB92E3891596B156A97AE4E3E12EC2937890A2691FD4FDEEE74654A766BF4F06730345E650700800A3072F92107468EB45877BF594135006BE2BD8AD3675D28D44C0B81193FBD966A2A21D1DA1DB14CA67865443F16B195728A279912C98EBF35873CBD4E34433B96311C42E178100AB4F80FE2E45F8EA26CF38006C450A1E6C83627ECEDE696A523A3F017B3445184D496F8714F6702D3AADE4E3609F20F1D8E37B8C82A99B3522E3CED8247CF350F8416C84335F0FA1E773B36BA43AB7A77F7054FBED9259399927C0FEFAE8E7390DCC8B67F4E5C5DE8F4BC8A8F7022310F8362543159736E957AEC4CEDC60B0733E5E28882C3A4B37B90B47C745B63587092A5D2A482CF548C62E8841E3351F309C3FF4DDBEF586AA316CC9B5A42306C409664601876A3C3EA2C5C50D463EE95FC0019F010EBEB382F1F8A3A096092578D9773FFEBD1DBC55C3171EDAFE2A000BBA1EF5F63637E1C203BD2993AF9FF8E52E27D0A9C3EA9E201F6ED1A78D8E328FA7CC482739D2C99BEC5F2264FAE7FC413429EB6DFA5BBB02CECA3815768D0328723A8D2C034B63D53EF101F880E7A1F5EC811F0079D310BFB6B33109C4003A46018B72AE64A331E67FBE63872593DE6A134DEF61C17E1C79304B2142A178AA8CDE73250899F48C58ADACC088A6965C188A84FEB59F9B590551A365623C7F40B8AC3366E7FD0CBBB0735440501D0CE3CDCC19D284734CE192598A57396AEDAA981243040A662A1859251425D330EAD18747640E9C5FCE84E9CB27445C442757BB2664BFE14CC02E99507B03D8193FC9BFAAB2BB392EE74C4D054F532CFA69781EEC5B0C52CB2E738382201AAB838E401F6E74BE3AAAC9F02D9924ED0C483572087881753A3115A96AF1E378163E718A09926CD792C3D92CCF0B78A4E71D3B7FF16016A529F326AFFCF7E06B35302DB6A23510DEE13CFACE388E82AA9325AE4DA52F62CA84B6EFAC1A3C543B74FF211F8DA8E39A8276C7C1830D992628D57329C67CC3D8A2B96285B872ABB118E18A913463B812860BC2CC9C344E06C8150957344DAF2EF9A83BAD7452BEA9C7812183C3487032D865C7EFD518EA3C972E01186746D9E8E8D965F032BDD1B880044042A860104F7C960400A2BE43187D0447B6C9734F6C61996EB61EA70FFF956E3377C03E720EAD0FF0247910B5E9DD3E32A14ADDCB167CE559411F4FDC58F716CBE8DDDABE8B88D51732B10B1F69D262AF619448892EF86DA3B0FB1D39E154C73C83F16DF96D69407B95890D485FF04D2B75B4B2C91F304F04416E82DE9FCC6864B163849ED2D3E264A0B8854E8CE7F51B43109E1CD304C48E2C478249842847DAF9283F97F30877527473C286A5CC66AF47B2E727B796B1E5DB0EB2E4773F2F7CBFDD2F065B08B554DF9AF8DEC417F770DD855D3A3276887F9A419C9B682262B6F2EC107A2B4C4822574958633A30D69A57BF6B106424ADF587A8527CCB5DD0E8ED45694F5AE530430C7FE232ACC64AA1E24758ED77BBE8FEAEFC192F967A1C0B82D2161BD0522DF97257BB5C1012501BDF6737B8A9C049347764333A5053084FEE2CD9BB53AC3D6A0FFC654B322F797C9A3F6C22E6C29136F1B122F66933B99728A60D8989515E229943B607FAE5FDBE3DC80652C75C826AA756DA38331CE6FA3FEE948D86128710548FCD07F5AA51EA5F9318228B5F652F185BDFE24DF2E2533E76375FB745039735846A0D914CAA694849E0A660F7F794FD912E642B7A407F06CEA3E93CBCA037B20CAFADEF0275D4635BDFF3392014C97C37C51DBB74F8F19A254EBF8EEF60C8E831ABD6E0D3BDB909CF3F72258A54A93C70E01462DD0AF43DC74AE3BC8BC4BCC60F914466169C99FF41015D12BB2CC5E738B3497F7D19B3C156429AD5075A1AA5628032CC8DE36B3D96D8220EAF9DC7110B4762152139646E466B8D7C99E08798F94395528FC40433092D27BCA0AF85D9E10FB1575816AB9196496D70A617962D72C158D3CA73520E5642CDB97731F4872ADF56EAAD8AF7D94F5554234B526B803F4D3B2BEC743B643E8073A66B0D9ACF5B989C31B8DFF584EF9F43375524D96678F60D94AE7CE700E3B3D28BA644D5F18B4FD11E287B7BC2DAFE7B97E1A62C98A1BCDF0A8A6310127603410EC13F3DAF58F03E5EB102C64B3C01C413110D0D3163A74093CBA265044FFABCECF74ECB58EDEF4F8B02CD7E4FBED5B6E1040A5CB29328934E646C126ACF72D55CD3A2289B2289C45163E7431F6FF1E734242D4C0A8D68D171840892404F1C4FE3D70320AA4BBB37BB02028BB7EC1B33665A6780223F0A1427BC8FB749881DDA946F43F8F800FA34B2B5D1FD89437AA1AF5B4D73C96B9963160937989E38A6515EE604ECCE97B7FF239C9C6AA21FE967C484F35AA1367CEC7A8A07A4D9F8A1B16BF1475ADEBF7DDF1AA714639BD84C492EDFAE9661245F5044ABE2AB9398EAC11220DDAC7CF73E1B6429F1F772C7D3AC5E04A3C6AB7A0681C5FC22C7ECBEA87F1D8389900CA109E2E3820F1E5CCA8735F0A9E051767614D1CFF59CE0DC1FA88B9CC6E00D670213F8B264882E427606F11B3BB802659176CF1815282DC0EF6FCC4BFAF5BE4A671969856A1CC2423B2CCA1A0F64B5E9B3B7C3433C637F17F2254F0FF367AABE09FCD25A542E63191B48319CBAEEBE1998A390428BDCA67EF595D06C4ECA191A52C7F6FCB2B4972767E32D6502F30D7559E81D409C4D260BB3055879D5D3B5EA9C0926FB98651B89837C60273C6FAE7939B2AA736D9845BB54FAA7F02BCD74FAA0CFB185A52FAF122370713825926157DAB5F071D6F8F968CD9A085D07298963A6B494B858A09EAFE7BBBBE6B730DA8D7BFA0C91710763CFA7864B61B06CEB52ABA8545C3A1B546AE36DB83F0FE9932BCFD863A9E9A50BACE74409EB49F957434C69531BF16CF7B4C3EADD04D8419E4267F1C24C475DE413DA75486E6DFAE57CBDB43E2D683B5C80DB84536B019C90EAA8ABF32A020F3AF0FCF4A6E10C43A82DC79E6DA03E71FCCAC26DBB2077C3063AC54C64D418E0D8D0A83F130C3D6458B228D4DD0D0B15C10E728C5D0864F309A24C485907E0DFAB3DC5C6D2D7ED1CD17A2E99271E158D05F1E8412951A2933AA2F8752F98C195921E2ECEF43124E51F2E0F9619236046081E0737682D09B44E5748527C5C53904BCE0DC0C61AFFB10DCCBD1E9A637E3D146E201B091D8A3045C1E60895DBCC08989E1D471C8A4B1E2584077DC28DED4311102CDD9070E650A8D8727A834869019B84F14F8B5371447243F3C501EB6A2D914A6ADB7E0AC07EB6C6E6232FF0D52CB4B6C9357E412A640D2E3E221C024C2C619858900571CF5F0D35DC8948AB6AEE8C2A8FE428324F4BBDE15855E113DAFA3CD7F2A1DC724E23862C8C1FAA82C51F69B7C2F17069B3E34CCB6A1512EBCBD0B6B0E54E2A6E32DE3B1B4ABBAD12557DAFCEE514CADFA69069B6A0A46839941DEC2806F45FC03183EC2267AAB1EAF722A7712D0C39B11372AE8EF2ECBEED484ED71», «class 8BPS»:«data 8BPS3842505300010000000000000004000001800000023000080003000000000000087E3842494D03EE00000000000D0C5472616E73706172656E6379003842494D03ED000000000010004800000001000100480000000100013842494D040F0000000007C8000007C86170706C022000006D6E74725247422058595A2007D900020019000B001A000B616373704150504C000000006170706C000000000000000000000000000000000000F6D6000100000000D32D6170706C00000000000000000000000000000000000000000000000000000000000000000000000000000000000000000000000B64657363000001080000006F6473636D000001780000058A637072740000070400000038777470740000073C000000147258595A00000750000000146758595A00000764000000146258595A0000077800000014725452430000078C0000000E636861640000079C0000002C625452430000078C0000000E675452430000078C0000000E64657363000000000000001447656E65726963205247422050726F66696C6500000000000000000000001447656E65726963205247422050726F66696C6500000000000000000000000000000000000000000000000000000000000000000000000000000000000000000000000000006D6C7563000000000000001F0000000C736B534B00000028000001846461444B00000024000001AC6361455300000024000001D07669564E00000024000001F4707442520000002600000218756B55410000002A0000023E6672465500000028000002686875485500000028000002907A68545700000012000002B86B6F4B5200000016000002CA6E624E4F00000026000002E06373435A00000022000003066865494C0000001E00000328726F524F0000002400000346646544450000002C0000036A6974495400000028000003967376534500000026000002E07A68434E00000012000003BE6A614A500000001A000003D0656C475200000022000003EA7074504F000000260000040C6E6C4E4C000000280000043265734553000000260000040C74685448000000240000045A74725452000000220000047E6669464900000028000004A06872485200000028000004C8706C504C0000002C000004F072755255000000220000051C656E5553000000260000053E617245470000002600000564005601610065006F006200650063006E00FD0020005200470042002000700072006F00660069006C00470065006E006500720065006C0020005200470042002D00700072006F00660069006C00500065007200660069006C0020005200470042002000670065006E00E800720069006300431EA500750020006800EC006E006800200052004700420020004300680075006E006700500065007200660069006C0020005200470042002000470065006E00E9007200690063006F0417043004330430043B044C043D043804390020043F0440043E044404300439043B002000520047004200500072006F00660069006C0020006700E9006E00E900720069007100750065002000520056004200C1006C00740061006C00E1006E006F00730020005200470042002000700072006F00660069006C901A752800520047004282725F6963CF8FF0C77CBC1800200052004700420020D504B85CD30CC77C00470065006E0065007200690073006B0020005200470042002D00700072006F00660069006C004F006200650063006E00FD0020005200470042002000700072006F00660069006C05E405E805D505E405D905DC0020005200470042002005DB05DC05DC05D900500072006F00660069006C0020005200470042002000670065006E00650072006900630041006C006C00670065006D00650069006E006500730020005200470042002D00500072006F00660069006C00500072006F00660069006C006F0020005200470042002000670065006E0065007200690063006F666E901A00520047004263CF8FF065874EF64E00822C0020005200470042002030D730ED30D530A130A430EB039303B503BD03B903BA03CC002003C003C103BF03C603AF03BB002000520047004200500065007200660069006C0020005200470042002000670065006E00E9007200690063006F0041006C00670065006D00650065006E0020005200470042002D00700072006F006600690065006C0E420E1B0E230E440E1F0E250E4C002000520047004200200E170E310E480E270E440E1B00470065006E0065006C0020005200470042002000500072006F00660069006C00690059006C00650069006E0065006E0020005200470042002D00700072006F006600690069006C006900470065006E006500720069010D006B00690020005200470042002000700072006F00660069006C0055006E006900770065007200730061006C006E0079002000700072006F00660069006C0020005200470042041E04310449043804390020043F0440043E04440438043B044C002000520047004200470065006E00650072006900630020005200470042002000500072006F00660069006C00650645064406410020062A06390631064A0641002000520047004200200627064406390627064500007465787400000000436F707972696768742032303037204170706C6520496E632E2C20616C6C207269676874732072657365727665642E0058595A20000000000000F35200010000000116CF58595A20000000000000744D00003DEE000003D058595A200000000000005A750000AC730000173458595A20000000000000281A0000159F0000B83663757276000000000000000101CD0000736633320000000000010C42000005DEFFFFF326000007920000FD91FFFFFBA2FFFFFDA3000003DC0000C06C3842494D04220000000000684D4D002A00000008000501030003000000010001000001060003000000010002000001120003000000010001000001280003000000010002000087690004000000010000004A000000000002A00200040000000100000230A003000400000001000001800000000000013BC600013BC2FFFF000000000000000000000180000002300004FFFF0000120200000000631C00010000631C00020000631C3842494D6E6F726DFF000000000000300000000000000000074C6179657220313842494D6C756E690000001400000007004C00610079006500720020003100000001000A000A000A000A000A000A000A000A000A000A000A000A000A000A000A000A000A000A000A000A000A000A000A000A000A000A000A000A000A000A000A000A000A000A000A000A000A000A000A000A000A000A000A000A000A000A000A000A000A000A000A000A000A000A000A000A000A000A000A000A000A000A000A000A000A000A000A000A000A000A000A000A000A000A000A000A000A000A000A000A000A000A000A000A000A000A000A000A000A000A000A000A000A000A000A000A000A000A000A000A000A000A000A000A000A000A000A000A000A000A000A000A000A000A000A000A000A000A000A000A000A000A000A000A000A000A000A000A000A000A000A000A000A000A000A000A000A000A000A000A000A000A000A000A000A000A000A000A000A000A000A000A000A000A000A000A000A000A000A000A000A000A000A000A000A000A000A000A000A000A000A000A000A000A000A000A000A000A000A000A000A000A000A000A000A000A000A000A000A000A000A000A000A000A000A000A000A000A000A000A000A000A000A000A000A000A000A000A000A000A000A000A000A000A000A000A000A000A000A000A000A000A000A000A000A000A000A000A000A000A000A000A000A000A000A000A000A000A000A000A000A000A000A000A000A000A000A000A000A000A000A000A000A000A000A000A000A000A000A000A000A000A000A000A000A000A000A000A000A000A000A000A000A000A000A000A000A000A000A000A000A000A000A000A000A000A000A000A000A000A000A000A000A000A000A000A000A000A000A000A000A000A000A000A000A000A000A000A000A000A000A000A000A000A000A000A000A000A000A000A000A000A000A000A000A000A000A000A000A000A000A000A000A000A000A000A000A000A000A000A000A000A000A000A000A000A000A000A000A000A000A000A000A000A000A000A000A000A000A000A000A000A000A000A000A000A000A000A000A000A000A000A000A000A000A000A000A000A000A000A000A000A000A000A82FF82FF82FF82FFCDFF82FF82FF82FF82FFCDFF82FF82FF82FF82FFCDFF82FF82FF82FF82FFCDFF82FF82FF82FF82FFCDFF82FF82FF82FF82FFCDFF82FF82FF82FF82FFCDFF82FF82FF82FF82FFCDFF82FF82FF82FF82FFCDFF82FF82FF82FF82FFCDFF82FF82FF82FF82FFCDFF82FF82FF82FF82FFCDFF82FF82FF82FF82FFCDFF82FF82FF82FF82FFCDFF82FF82FF82FF82FFCDFF82FF82FF82FF82FFCDFF82FF82FF82FF82FFCDFF82FF82FF82FF82FFCDFF82FF82FF82FF82FFCDFF82FF82FF82FF82FFCDFF82FF82FF82FF82FFCDFF82FF82FF82FF82FFCDFF82FF82FF82FF82FFCDFF82FF82FF82FF82FFCDFF82FF82FF82FF82FFCDFF82FF82FF82FF82FFCDFF82FF82FF82FF82FFCDFF82FF82FF82FF82FFCDFF82FF82FF82FF82FFCDFF82FF82FF82FF82FFCDFF82FF82FF82FF82FFCDFF82FF82FF82FF82FFCDFF82FF82FF82FF82FFCDFF82FF82FF82FF82FFCDFF82FF82FF82FF82FFCDFF82FF82FF82FF82FFCDFF82FF82FF82FF82FFCDFF82FF82FF82FF82FFCDFF82FF82FF82FF82FFCDFF82FF82FF82FF82FFCDFF82FF82FF82FF82FFCDFF82FF82FF82FF82FFCDFF82FF82FF82FF82FFCDFF82FF82FF82FF82FFCDFF82FF82FF82FF82FFCDFF82FF82FF82FF82FFCDFF82FF82FF82FF82FFCDFF82FF82FF82FF82FFCDFF82FF82FF82FF82FFCDFF82FF82FF82FF82FFCDFF82FF82FF82FF82FFCDFF82FF82FF82FF82FFCDFF82FF82FF82FF82FFCDFF82FF82FF82FF82FFCDFF82FF82FF82FF82FFCDFF82FF82FF82FF82FFCDFF82FF82FF82FF82FFCDFF82FF82FF82FF82FFCDFF82FF82FF82FF82FFCDFF82FF82FF82FF82FFCDFF82FF82FF82FF82FFCDFF82FF82FF82FF82FFCDFF82FF82FF82FF82FFCDFF82FF82FF82FF82FFCDFF82FF82FF82FF82FFCDFF82FF82FF82FF82FFCDFF82FF82FF82FF82FFCDFF82FF82FF82FF82FFCDFF82FF82FF82FF82FFCDFF82FF82FF82FF82FFCDFF82FF82FF82FF82FFCDFF82FF82FF82FF82FFCDFF82FF82FF82FF82FFCDFF82FF82FF82FF82FFCDFF82FF82FF82FF82FFCDFF82FF82FF82FF82FFCDFF82FF82FF82FF82FFCDFF82FF82FF82FF82FFCDFF82FF82FF82FF82FFCDFF82FF82FF82FF82FFCDFF82FF82FF82FF82FFCDFF82FF82FF82FF82FFCDFF82FF82FF82FF82FFCDFF82FF82FF82FF82FFCDFF82FF82FF82FF82FFCDFF82FF82FF82FF82FFCDFF82FF82FF82FF82FFCDFF82FF82FF82FF82FFCDFF82FF82FF82FF82FFCDFF82FF82FF82FF82FFCDFF82FF82FF82FF82FFCDFF82FF82FF82FF82FFCDFF82FF82FF82FF82FFCDFF82FF82FF82FF82FFCDFF82FF82FF82FF82FFCDFF82FF82FF82FF82FFCDFF82FF82FF82FF82FFCDFF82FF82FF82FF82FFCDFF82FF82FF82FF82FFCDFF82FF82FF82FF82FFCDFF82FF82FF82FF82FFCDFF82FF82FF82FF82FFCDFF82FF82FF82FF82FFCDFF82FF82FF82FF82FFCDFF82FF82FF82FF82FFCDFF82FF82FF82FF82FFCDFF82FF82FF82FF82FFCDFF82FF82FF82FF82FFCDFF82FF82FF82FF82FFCDFF82FF82FF82FF82FFCDFF82FF82FF82FF82FFCDFF82FF82FF82FF82FFCDFF82FF82FF82FF82FFCDFF82FF82FF82FF82FFCDFF82FF82FF82FF82FFCDFF82FF82FF82FF82FFCDFF82FF82FF82FF82FFCDFF82FF82FF82FF82FFCDFF82FF82FF82FF82FFCDFF82FF82FF82FF82FFCDFF82FF82FF82FF82FFCDFF82FF82FF82FF82FFCDFF82FF82FF82FF82FFCDFF82FF82FF82FF82FFCDFF82FF82FF82FF82FFCDFF82FF82FF82FF82FFCDFF82FF82FF82FF82FFCDFF82FF82FF82FF82FFCDFF82FF82FF82FF82FFCDFF82FF82FF82FF82FFCDFF82FF82FF82FF82FFCDFF82FF82FF82FF82FFCDFF82FF82FF82FF82FFCDFF82FF82FF82FF82FFCDFF82FF82FF82FF82FFCDFF82FF82FF82FF82FFCDFF82FF82FF82FF82FFCDFF82FF82FF82FF82FFCDFF82FF82FF82FF82FFCDFF82FF82FF82FF82FFCDFF82FF82FF82FF82FFCDFF82FF82FF82FF82FFCDFF82FF82FF82FF82FFCDFF82FF82FF82FF82FFCDFF82FF82FF82FF82FFCDFF82FF82FF82FF82FFCDFF82FF82FF82FF82FFCDFF82FF82FF82FF82FFCDFF82FF82FF82FF82FFCDFF82FF82FF82FF82FFCDFF82FF82FF82FF82FFCDFF82FF82FF82FF82FFCDFF82FF82FF82FF82FFCDFF82FF82FF82FF82FFCDFF82FF82FF82FF82FFCDFF82FF82FF82FF82FFCDFF82FF82FF82FF82FFCDFF82FF82FF82FF82FFCDFF82FF82FF82FF82FFCDFF82FF82FF82FF82FFCDFF82FF82FF82FF82FFCDFF82FF82FF82FF82FFCDFF82FF82FF82FF82FFCDFF82FF82FF82FF82FFCDFF82FF82FF82FF82FFCDFF82FF82FF82FF82FFCDFF82FF82FF82FF82FFCDFF82FF82FF82FF82FFCDFF82FF82FF82FF82FFCDFF82FF82FF82FF82FFCDFF82FF82FF82FF82FFCDFF82FF82FF82FF82FFCDFF82FF82FF82FF82FFCDFF82FF82FF82FF82FFCDFF82FF82FF82FF82FFCDFF82FF82FF82FF82FFCDFF82FF82FF82FF82FFCDFF82FF82FF82FF82FFCDFF82FF82FF82FF82FFCDFF82FF82FF82FF82FFCDFF82FF82FF82FF82FFCDFF82FF82FF82FF82FFCDFF82FF82FF82FF82FFCDFF82FF82FF82FF82FFCDFF82FF82FF82FF82FFCDFF82FF82FF82FF82FFCDFF82FF82FF82FF82FFCDFF82FF82FF82FF82FFCDFF82FF82FF82FF82FFCDFF82FF82FF82FF82FFCDFF82FF82FF82FF82FFCDFF82FF82FF82FF82FFCDFF82FF82FF82FF82FFCDFF82FF82FF82FF82FFCDFF82FF82FF82FF82FFCDFF82FF82FF82FF82FFCDFF82FF82FF82FF82FFCDFF82FF82FF82FF82FFCDFF82FF82FF82FF82FFCDFF82FF82FF82FF82FFCDFF82FF82FF82FF82FFCDFF82FF82FF82FF82FFCDFF82FF82FF82FF82FFCDFF82FF82FF82FF82FFCDFF82FF82FF82FF82FFCDFF82FF82FF82FF82FFCDFF82FF82FF82FF82FFCDFF82FF82FF82FF82FFCDFF82FF82FF82FF82FFCDFF82FF82FF82FF82FFCDFF82FF82FF82FF82FFCDFF82FF82FF82FF82FFCDFF82FF82FF82FF82FFCDFF82FF82FF82FF82FFCDFF82FF82FF82FF82FFCDFF82FF82FF82FF82FFCDFF82FF82FF82FF82FFCDFF82FF82FF82FF82FFCDFF82FF82FF82FF82FFCDFF82FF82FF82FF82FFCDFF82FF82FF82FF82FFCDFF82FF82FF82FF82FFCDFF82FF82FF82FF82FFCDFF82FF82FF82FF82FFCDFF82FF82FF82FF82FFCDFF82FF82FF82FF82FFCDFF82FF82FF82FF82FFCDFF82FF82FF82FF82FFCDFF82FF82FF82FF82FFCDFF82FF82FF82FF82FFCDFF82FF82FF82FF82FFCDFF82FF82FF82FF82FFCDFF82FF82FF82FF82FFCDFF82FF82FF82FF82FFCDFF82FF82FF82FF82FFCDFF82FF82FF82FF82FFCDFF82FF82FF82FF82FFCDFF82FF82FF82FF82FFCDFF82FF82FF82FF82FFCDFF82FF82FF82FF82FFCDFF82FF82FF82FF82FFCDFF82FF82FF82FF82FFCDFF82FF82FF82FF82FFCDFF82FF82FF82FF82FFCDFF82FF82FF82FF82FFCDFF82FF82FF82FF82FFCDFF82FF82FF82FF82FFCDFF82FF82FF82FF82FFCDFF82FF82FF82FF82FFCDFF82FF82FF82FF82FFCDFF82FF82FF82FF82FFCDFF82FF82FF82FF82FFCDFF82FF82FF82FF82FFCDFF82FF82FF82FF82FFCDFF82FF82FF82FF82FFCDFF82FF82FF82FF82FFCDFF82FF82FF82FF82FFCDFF82FF82FF82FF82FFCDFF82FF82FF82FF82FFCDFF82FF82FF82FF82FFCDFF82FF82FF82FF82FFCDFF82FF82FF82FF82FFCDFF82FF82FF82FF82FFCDFF82FF82FF82FF82FFCDFF82FF82FF82FF82FFCDFF82FF82FF82FF82FFCDFF82FF82FF82FF82FFCDFF82FF82FF82FF82FFCDFF82FF82FF82FF82FFCDFF82FF82FF82FF82FFCDFF82FF82FF82FF82FFCDFF82FF82FF82FF82FFCDFF82FF82FF82FF82FFCDFF82FF82FF82FF82FFCDFF82FF82FF82FF82FFCDFF82FF82FF82FF82FFCDFF82FF82FF82FF82FFCDFF82FF82FF82FF82FFCDFF82FF82FF82FF82FFCDFF82FF82FF82FF82FFCDFF82FF82FF82FF82FFCDFF82FF82FF82FF82FFCDFF82FF82FF82FF82FFCDFF82FF82FF82FF82FFCDFF82FF82FF82FF82FFCDFF82FF82FF82FF82FFCDFF82FF82FF82FF82FFCDFF82FF82FF82FF82FFCDFF82FF82FF82FF82FFCDFF82FF82FF82FF82FFCDFF82FF82FF82FF82FFCDFF82FF82FF82FF82FFCDFF82FF82FF82FF82FFCDFF82FF82FF82FF82FFCDFF82FF82FF82FF82FFCDFF82FF82FF82FF82FFCDFF82FF82FF82FF82FFCDFF82FF82FF82FF82FFCDFF82FF82FF82FF82FFCDFF82FF82FF82FF82FFCDFF82FF82FF82FF82FFCDFF82FF82FF82FF82FFCDFF82FF82FF82FF82FFCDFF82FF82FF82FF82FFCDFF82FF82FF82FF82FFCDFF82FF82FF82FF82FFCDFF82FF82FF82FF82FFCDFF82FF82FF82FF82FFCDFF82FF82FF82FF82FFCDFF82FF82FF82FF82FFCDFF82FF82FF82FF82FFCDFF82FF82FF82FF82FFCDFF82FF82FF82FF82FFCDFF82FF82FF82FF82FFCDFF82FF82FF82FF82FFCDFF82FF82FF82FF82FFCDFF82FF82FF82FF82FFCDFF82FF82FF82FF82FFCDFF82FF82FF82FF82FFCDFF82FF82FF82FF82FFCDFF82FF82FF82FF82FFCDFF82FF82FF82FF82FFCDFF82FF82FF82FF82FFCDFF82FF82FF82FF82FFCDFF82FF82FF82FF82FFCDFF82FF82FF82FF82FFCDFF82FF82FF82FF82FFCDFF82FF82FF82FF82FFCDFF82FF82FF82FF82FFCDFF82FF82FF82FF82FFCDFF82FF82FF82FF82FFCDFF82FF82FF82FF82FFCDFF82FF82FF82FF82FFCDFF82FF82FF82FF82FFCDFF82FF82FF82FF82FFCDFF82FF82FF82FF82FFCDFF82FF82FF82FF82FFCDFF82FF82FF82FF82FFCDFF82FF82FF82FF82FFCDFF82FF82FF82FF82FFCDFF82FF82FF82FF82FFCDFF82FF82FF82FF82FFCDFF82FF82FF82FF82FFCDFF82FF82FF82FF82FFCDFF82FF82FF82FF82FFCDFF82FF82FF82FF82FFCDFF82FF82FF82FF82FFCDFF82FF82FF82FF82FFCDFF82FF82FF82FF82FFCDFF82FF82FF82FF82FFCDFF82FF82FF82FF82FFCDFF82FF82FF82FF82FFCDFF82FF82FF82FF82FFCDFF82FF82FF82FF82FFCDFF82FF82FF82FF82FFCDFF82FF82FF82FF82FFCDFF82FF82FF82FF82FFCDFF82FF82FF82FF82FFCDFF82FF82FF82FF82FFCDFF82FF82FF82FF82FFCDFF82FF82FF82FF82FFCDFF82FF82FF82FF82FFCDFF82FF82FF82FF82FFCDFF82FF82FF82FF82FFCDFF82FF82FF82FF82FFCDFF82FF82FF82FF82FFCDFF82FF82FF82FF82FFCDFF82FF82FF82FF82FFCDFF82FF82FF82FF82FFCDFF82FF82FF82FF82FFCDFF82FF82FF82FF82FFCDFF82FF82FF82FF82FFCDFF82FF82FF82FF82FFCDFF82FF82FF82FF82FFCDFF82FF82FF82FF82FFCDFF82FF82FF82FF82FFCDFF82FF82FF82FF82FFCDFF82FF82FF82FF82FFCDFF82FF82FF82FF82FFCDFF82FF82FF82FF82FFCDFF82FF82FF82FF82FFCDFF82FF82FF82FF82FFCDFF82FF82FF82FF82FFCDFF82FF82FF82FF82FFCDFF0001002F002F00460046003F003F00400040004F004F0056005600300030000A000A000A000A000A000A000A000A000A000A000A000A000A000A000A000A000A000A0071007100D500D500B300B300B300B300B900B900E100E1007B007B000A000A002F002F004B004B0043004300470047004900490051005100320032000A000A000A000A000A000A000A000A000A000A000A000A000A000A000A000A000A000A0072007200CA00CA00B900B900AE00AE00BF00BF00DC00DC00730073000A000A00120012001E001E001C001C00240024001D001D001E001E00120012000A000A000A000A000A000A000A000A000A000A000A000A000A000A000A000A000A000A002100210042004200310031003D003D003500350042004200210021000A000A00360036003D003D0041004100440044003E003E003F003F00390039000A000A0013001300190019001400140014001400140014000F000F00140014000A000A003B003B005500550058005800560056004C004C0058005800400040000A000A004500450068006800660066005C005C005000500060006000500050000A000A00520052006B006B006A006A005E005E005D005D00610061005A005A000A000A004C004C005E005E006000600063006300600060005E005E004B004B000A000A0069006900900090008C008C007F007F008A008A0090009000760076000A000A00430043004F004F005100510055005500510051004F004F00430043000A000A00480048006F006F00680068005B005B006800680072007200580058000A000A00470047006E006E00680068004E004E00610061006F006F004A004A000A000A0044004400690069005D005D0048004800550055006A006A00540054000A000A0023002300300030002E002E001E001E002900290021002100240024000A000A00220022003000300033003300300030003900390030003000270027000A000A000A000A000A000A000A000A000A000A000A000A000A000A000A000A000A000A00590059008D008D0087008700870087007F007F0095009500580058000A000AFB00FB2BF900FB2BEB00FB2BFD00F72BEF00F72BFB00FB2BEB00FB2BF900FB2BE700012B2BF700FB2B820082009100FB00FB2BF900FB2BEB00FB2BFD00F72BEF00F72BFB00FB2BEB00FB2BF900FB2BE700012B2BF700FB2B820082009100FD00012B2BF500012B2BE700012B2BF700012B2BDF00012B2BFD00012B2BFB00012B2BEF00012B2BFB00012B2BFD00012B2BFB00012B2BEB00FD2BF900012B2B820082008B00FD00012B2BF500012B2BE700012B2BF700012B2BDF00012B2BFD00012B2BFB00012B2BEF00012B2BFB00012B2BFD00012B2BFB00012B2BEB00FD2BF900012B2B820082008B000300002B2BF500012B2BE700012B2BF500F92BE700012B2BF300012B2BE700012B2BFD00012B2BFD00FD2BED00052B2B00002B2BFB00012B2B8200820089000300002B2BF500012B2BE700012B2BF500F92BE700012B2BF300012B2BE700012B2BFD00012B2BFD00FD2BED00052B2B00002B2BFB00012B2B820082008900010000F92BFB00F92BED00F92BF300012B2BEB00012B2BF500FD2BE900FD2BFB00092B2B00002B2B00002B2BEF00012B2BFD00012B2BFB00F92B820082008F00010000F92BFB00F92BED00F92BF300012B2BEB00012B2BF500FD2BE900FD2BFB00092B2B00002B2B00002B2BEF00012B2BFD00012B2BFB00F92B820082008F000300002B2BFB00012B2BFD00012B2BFB00012B2BEF00012B2BFB00012B2BF500012B2BED00012B2BF500012B2BE700012B2BF700FD2BFD00012B2BEF00F72BFD00012B2BFB00012B2B8200820091000300002B2BFB00012B2BFD00012B2BFB00012B2BEF00012B2BFB00012B2BF500012B2BED00012B2BF500012B2BE700012B2BF700FD2BFD00012B2BEF00F72BFD00012B2BFB00012B2B8200820091000300002B2BFB00012B2BFD00012B2BFB00012B2BEF00012B2BFB00012B2BFD00012B2BFB00012B2BED00012B2BF700012B2BE700012B2BF500012B2BFB00012B2BE900012B2BFB00012B2BFB00012B2B8200820091000300002B2BFB00012B2BFD00012B2BFB00012B2BEF00012B2BFB00012B2BFD00012B2BFB00012B2BED00012B2BF700012B2BE700012B2BF500012B2BFB00012B2BE900012B2BFB00012B2BFB00012B2B820082009100FD00FB2BF900FB2BEB00FB2BF900FB2BEB00012B2BF700F72BEF00F72BFB00FB2BE700012B2BF900FB2B820082008F00FD00FB2BF900FB2BEB00FB2BF900FB2BEB00012B2BF700F72BEF00F72BFB00FB2BE700012B2BF900FB2B820082008F008200820082008200CD008200820082008200CD008200820082008200CD008200820082008200CD008200820082008200CD008200820082008200CD008200820082008200CD008200820082008200CD008200820082008200CD008200820082008200CD008200820082008200CD008200820082008200CD008200820082008200CD008200820082008200CD008200820082008200CD008200820082008200CD008200820082008200CD008200820082008200CD00FB00012B2BF700FB2BFB00F92BFB00F92BF900FB2BDF00F72BFD00F72BEB00FB2BFB00FB2BE900FB2BFB00FB2BEB00FB2BFB00F92BEB00FB2BF900FB2BE700012B2BFB00F72BEF00F72BFB00FB2BED00F72BFB00FB2BE900FB2BFD00F72BEF00F72BFB00FB2BED00F72BF900012B2BED00FB00012B2BF700FB2BFB00F92BFB00F92BF900FB2BDF00F72BFD00F72BEB00FB2BFB00FB2BE900FB2BFB00FB2BEB00FB2BFB00F92BEB00FB2BF900FB2BE700012B2BFB00F72BEF00F72BFB00FB2BED00F72BFB00FB2BE900FB2BFD00F72BEF00F72BFB00FB2BED00F72BF900012B2BED000B00002B2B00002B2B00002B2BFD00012B2BFB00012B2BFD00012B2BFB00012B2BFD00012B2BFB00012B2BFD00012B2BFB00012B2BD900012B2BFD00012B2BE500012B2BF700012B2BFB00012B2BED00012B2BF700012B2BFB00012B2BEF00012B2BFB00012B2BFD00012B2BFB00012B2BEF00012B2BFB00012B2BFD00012B2BFB00012B2BEB00FD2BFB00012B2BDF00012B2BFD00012B2BFB00012B2BE700012B2BFD00012B2BFB00012B2BED00012B2BF700012B2BDF00012B2BFD00012B2BFB00012B2BE700012B2BFB00052B2B00002B2BEF000B00002B2B00002B2B00002B2BFD00012B2BFB00012B2BFD00012B2BFB00012B2BFD00012B2BFB00012B2BFD00012B2BFB00012B2BD900012B2BFD00012B2BE500012B2BF700012B2BFB00012B2BED00012B2BF700012B2BFB00012B2BEF00012B2BFB00012B2BFD00012B2BFB00012B2BEF00012B2BFB00012B2BFD00012B2BFB00012B2BEB00FD2BFB00012B2BDF00012B2BFD00012B2BFB00012B2BE700012B2BFD00012B2BFB00012B2BED00012B2BF700012B2BDF00012B2BFD00012B2BFB00012B2BE700012B2BFB00052B2B00002B2BEF00FD00FB2BF300012B2BFD00012B2BFB00012B2BFD00012B2BFB00012B2BFD00012B2BFD00FD2BF900012B2BE500012B2BFB00F92BED00012B2BF500012B2BE700012B2BF500012B2BE700012B2BFD00FD2BFD00012B2BFB00012B2BEF00012B2BFD00FD2BFD00012B2BFD00FD2BED00052B2B00002B2BFB00F92BE700012B2BF300012B2BE900012B2BF300012B2BEF00012B2BF500012B2BE100012B2BF300012B2BE900012B2BFB00012B2BFB00012B2BF100FD00FB2BF300012B2BFD00012B2BFB00012B2BFD00012B2BFB00012B2BFD00012B2BFD00FD2BF900012B2BE500012B2BFB00F92BED00012B2BF500012B2BE700012B2BF500012B2BE700012B2BFD00FD2BFD00012B2BFB00012B2BEF00012B2BFD00FD2BFD00012B2BFD00FD2BED00052B2B00002B2BFB00F92BE700012B2BF300012B2BE900012B2BF300012B2BEF00012B2BF500012B2BE100012B2BF300012B2BE900012B2BFB00012B2BFB00012B2BF100FB00012B2BF500FD2BFB00012B2BFB00012B2BFD00F92BFB00092B2B00002B2B00002B2BDD00012B2BF100012B2BEF00F92BFB00012B2BE700F92BFB00012B2BE700092B2B00002B2B00002B2BFD00012B2BFB00012B2BEF00092B2B00002B2B00002B2BFD00092B2B00002B2B00002B2BEF00012B2BFD00012B2BF300012B2BEB00012B2BF500FD2BE900012B2BF500FD2BED00F92BFB00F92BE900012B2BF500FD2BE900FD2BFB00012B2BFB00012B2BF100FB00012B2BF500FD2BFB00012B2BFB00012B2BFD00F92BFB00092B2B00002B2B00002B2BDD00012B2BF100012B2BEF00F92BFB00012B2BE700F92BFB00012B2BE700092B2B00002B2B00002B2BFD00012B2BFB00012B2BEF00092B2B00002B2B00002B2BFD00092B2B00002B2B00002B2BEF00012B2BFD00012B2BF300012B2BEB00012B2BF500FD2BE900012B2BF500FD2BED00F92BFB00F92BE900012B2BF500FD2BE900FD2BFB00012B2BFB00012B2BF100FD00FB2BF900012B2BF700012B2BFB00012B2BFD00012B2BFB00012B2BFD00FD2BFD00012B2BF900012B2BE900012B2BEF00012B2BEF00012B2BFB00012B2BFD00012B2BE700012B2BFB00012B2BFD00012B2BE700FD2BFD00012B2BFD00012B2BFB00012B2BEF00FD2BFD00012B2BFD00FD2BFD00012B2BEF00F72BF500012B2BED00012B2BF500012B2BE700012B2BF500012B2BE900012B2BFB00012B2BFD00012B2BE500012B2BF500012B2BE100012B2BFD00F72BF100FD00FB2BF900012B2BF700012B2BFB00012B2BFD00012B2BFB00012B2BFD00FD2BFD00012B2BF900012B2BE900012B2BEF00012B2BEF00012B2BFB00012B2BFD00012B2BE700012B2BFB00012B2BFD00012B2BE700FD2BFD00012B2BFD00012B2BFB00012B2BEF00FD2BFD00012B2BFD00FD2BFD00012B2BEF00F72BF500012B2BED00012B2BF500012B2BE700012B2BF500012B2BE900012B2BFB00012B2BFD00012B2BE500012B2BF500012B2BE100012B2BFD00F72BF1000B00002B2B00002B2B00002B2BFD00012B2BF500012B2BFB00012B2BFD00012B2BFB00012B2BFD00012B2BFB00012B2BDF00012B2BF700012B2BFB00012B2BEF00012B2BFB00012B2BFD00012B2BFB00012B2BEF00012B2BFB00012B2BFD00012B2BFB00012B2BEF00012B2BFB00012B2BFD00012B2BFB00012B2BEF00012B2BFB00012B2BFD00012B2BFB00012B2BE900012B2BFB00012B2BFB00012B2BED00012B2BF700012B2BE500012B2BF700012B2BE700012B2BFB00012B2BFD00012B2BE500012B2BF700012B2BE700012B2BFB00012B2BFD00012B2BFB00012B2BF1000B00002B2B00002B2B00002B2BFD00012B2BF500012B2BFB00012B2BFD00012B2BFB00012B2BFD00012B2BFB00012B2BDF00012B2BF700012B2BFB00012B2BEF00012B2BFB00012B2BFD00012B2BFB00012B2BEF00012B2BFB00012B2BFD00012B2BFB00012B2BEF00012B2BFB00012B2BFD00012B2BFB00012B2BEF00012B2BFB00012B2BFD00012B2BFB00012B2BE900012B2BFB00012B2BFB00012B2BED00012B2BF700012B2BE500012B2BF700012B2BE700012B2BFB00012B2BFD00012B2BE500012B2BF700012B2BE700012B2BFB00012B2BFD00012B2BFB00012B2BF100FB00012B2BF900F72BFD00F92BFB00F92BF900FB2BDD00012B2BF500FB2BEB00FB2BF900FB2BEB00FB2BF900FB2BEB00FB2BFB00F92BEB00FB2BF900FB2BE700012B2BF900FB2BEB00012B2BF700F72BED00012B2BF700F72BED00FB2BFB00012B2BE500012B2BF700F72BED00FB2BFB00012B2BFB00012B2BF100FB00012B2BF900F72BFD00F92BFB00F92BF900FB2BDD00012B2BF500FB2BEB00FB2BF900FB2BEB00FB2BF900FB2BEB00FB2BFB00F92BEB00FB2BF900FB2BE700012B2BF900FB2BEB00012B2BF700F72BED00012B2BF700F72BED00FB2BFB00012B2BE500012B2BF700F72BED00FB2BFB00012B2BFB00012B2BF1008200820082008200CD008200820082008200CD00FD00FB2BF900FB2BED00F72BF700012B2BE900FB2BFD00F72BEB00FB2BFD00F72BED00FB2BF900FB2B820082008F00FD00FB2BF900FB2BED00F72BF700012B2BE900FB2BFD00F72BEB00FB2BFD00F72BED00FB2BF900FB2B820082008F000300002B2BFB00012B2BFD00012B2BFB00012B2BEF00012B2BF100FD2BEB00012B2BF700012B2BE500012B2BF700012B2BE700012B2BFB00012B2BFD00012B2BFB00012B2B8200820091000300002B2BFB00012B2BFD00012B2BFB00012B2BEF00012B2BF100FD2BEB00012B2BF700012B2BE500012B2BF700012B2BE700012B2BFB00012B2BFD00012B2BFB00012B2B820082009100F700012B2BFD00012B2BFD00FD2BEF00F92BF900052B2B00002B2BED00012B2BF500012B2BE700012B2BF500012B2BDF00012B2BFD00012B2BFD00FD2B820082009100F700012B2BFD00012B2BFD00FD2BEF00F92BF900052B2B00002B2BED00012B2BF500012B2BE700012B2BF500012B2BDF00012B2BFD00012B2BFD00FD2B820082009100FB00FD2BFB00092B2B00002B2B00002B2BE700012B2BFD00012B2BFD00012B2BED00F92BFB00F92BED00F92BFB00F92BE900FD2BFB00092B2B00002B2B00002B2B820082009100FB00FD2BFB00092B2B00002B2B00002B2BE700012B2BFD00012B2BFD00012B2BED00F92BFB00F92BED00F92BFB00F92BE900FD2BFB00092B2B00002B2B00002B2B820082009100FD00012B2BF700FD2BFD00012B2BE700012B2BFD00F72BEF00012B2BFB00012B2BFD00012B2BE700012B2BFB00012B2BFD00012B2BE500012B2BF700FD2BFD00012B2B820082009100FD00012B2BF700FD2BFD00012B2BE700012B2BFD00F72BEF00012B2BFB00012B2BFD00012B2BE700012B2BFB00012B2BFD00012B2BE500012B2BF700FD2BFD00012B2B8200820091000300002B2BF500012B2BFB00012B2BEF00012B2BFB00012B2BF700012B2BED00012B2BFB00012B2BFD00012B2BE700012B2BFB00012B2BFD00012B2BE700012B2BF500012B2BFB00012B2B8200820091000300002B2BF500012B2BFB00012B2BEF00012B2BFB00012B2BF700012B2BED00012B2BFB00012B2BFD00012B2BE700012B2BFB00012B2BFD00012B2BE700012B2BF500012B2BFB00012B2B820082009100010000F72BFB00FB2BEB00FB2BF500012B2BEB00FB2BFB00012B2BE500FB2BFB00012B2BE700F72BFB00FB2B820082008F00010000F72BFB00FB2BEB00FB2BF500012B2BEB00FB2BFB00012B2BE500FB2BFB00012B2BE700F72BFB00FB2B820082008F008200820082008200CD008200820082008200CD008200820082008200CD008200820082008200CD008200820082008200CD008200820082008200CD008200820082008200CD008200820082008200CD008200820082008200CD008200820082008200CD008200820082008200CD008200820082008200CD008200820082008200CD008200820082008200CD008200820082008200CD008200820082008200CD008200820082008200CD008200820082008200CD00FB00012B2BF700FB2BFB00F92BF900FB2BF900FB2BD900012B2BFB00F92BE900FB2BF900012B2BE700FB2BFD00F72BEF00F72BFB00FB2BEB00FB2BF900FB2BE700012B2BF900FB2BE900FB2BFB00FB2BE900FB2BFD00F72BEB00FB2BFD00F72BEF00F72BFD00F72BED00FB2BFB00F92BEF00FB00012B2BF700FB2BFB00F92BF900FB2BF900FB2BD900012B2BFB00F92BE900FB2BF900012B2BE700FB2BFD00F72BEF00F72BFB00FB2BEB00FB2BF900FB2BE700012B2BF900FB2BE900FB2BFB00FB2BE900FB2BFD00F72BEB00FB2BFD00F72BEF00F72BFD00F72BED00FB2BFB00F92BEF000B00002B2B00002B2B00002B2BFD00012B2BFB00012B2BFD00012B2BFB00012B2BFD00012B2BFB00012B2BFD00012B2BFB00012B2BDD00FD2BFB00012B2BFB00012B2BED00012B2BF500FD2BE900012B2BF700012B2BDF00012B2BFD00012B2BFB00012B2BEF00012B2BFB00012B2BFD00012B2BFB00012B2BEB00FD2BFB00012B2BFB00012B2BED00012B2BF700012B2BFB00012B2BED00012B2BF700012B2BE500012B2BF700012B2BDF00012B2BF500012B2BEF00012B2BFB00012B2BFD00012B2BFB00012B2BF1000B00002B2B00002B2B00002B2BFD00012B2BFB00012B2BFD00012B2BFB00012B2BFD00012B2BFB00012B2BFD00012B2BFB00012B2BDD00FD2BFB00012B2BFB00012B2BED00012B2BF500FD2BE900012B2BF700012B2BDF00012B2BFD00012B2BFB00012B2BEF00012B2BFB00012B2BFD00012B2BFB00012B2BEB00FD2BFB00012B2BFB00012B2BED00012B2BF700012B2BFB00012B2BED00012B2BF700012B2BE500012B2BF700012B2BDF00012B2BF500012B2BEF00012B2BFB00012B2BFD00012B2BFB00012B2BF100FD00FB2BF300012B2BFD00012B2BFB00012B2BFD00012B2BF500012B2BFD00FD2BF900012B2BE900052B2B00002B2BFB00012B2BFB00012B2BEF00012B2BF100012B2BEB00012B2BF500012B2BE100012B2BFB00012B2BFB00012B2BE700012B2BFD00012B2BFD00FD2BED00052B2B00002B2BFB00012B2BE700012B2BF500012B2BFB00012B2BEF00012B2BF500012B2BE700012B2BF500F92BE700012B2BF500012B2BED00012B2BFD00FD2BFD00012B2BFB00012B2BF100FD00FB2BF300012B2BFD00012B2BFB00012B2BFD00012B2BF500012B2BFD00FD2BF900012B2BE900052B2B00002B2BFB00012B2BFB00012B2BEF00012B2BF100012B2BEB00012B2BF500012B2BE100012B2BFB00012B2BFB00012B2BE700012B2BFD00012B2BFD00FD2BED00052B2B00002B2BFB00012B2BE700012B2BF500012B2BFB00012B2BEF00012B2BF500012B2BE700012B2BF500F92BE700012B2BF500012B2BED00012B2BFD00FD2BFD00012B2BFB00012B2BF100FB00012B2BF500FD2BFB00012B2BFB00012B2BFD00012B2BF500092B2B00002B2B00002B2BE100012B2BFD00012B2BFB00012B2BFB00012B2BEF00F92BF700012B2BEB00F92BFB00F92BE900012B2BF700F92BEB00FD2BFB00092B2B00002B2B00002B2BEF00012B2BFD00012B2BFB00012B2BE700F92BF900F92BEF00F92BFB00F92BED00F92BF300012B2BEB00012B2BF500FD2BED00092B2B00002B2B00002B2BFD00012B2BFB00012B2BF100FB00012B2BF500FD2BFB00012B2BFB00012B2BFD00012B2BF500092B2B00002B2B00002B2BE100012B2BFD00012B2BFB00012B2BFB00012B2BEF00F92BF700012B2BEB00F92BFB00F92BE900012B2BF700F92BEB00FD2BFB00092B2B00002B2B00002B2BEF00012B2BFD00012B2BFB00012B2BE700F92BF900F92BEF00F92BFB00F92BED00F92BF300012B2BEB00012B2BF500FD2BED00092B2B00002B2B00002B2BFD00012B2BFB00012B2BF100FD00FB2BF900012B2BF700012B2BFB00012B2BFD00012B2BF500FD2BFD00012B2BF900012B2BEB00F72BFD00012B2BFB00012B2BEF00012B2BFB00012B2BF900012B2BEB00012B2BFB00012B2BFD00012B2BE500012B2BEF00012B2BED00012B2BF700FD2BFD00012B2BEF00F72BFD00012B2BE700012B2BFB00012B2BF500012B2BEF00012B2BFB00012B2BFD00012B2BE700012B2BFB00012B2BF500012B2BED00012B2BEF00012B2BEF00FD2BFD00012B2BFD00012B2BFB00012B2BF100FD00FB2BF900012B2BF700012B2BFB00012B2BFD00012B2BF500FD2BFD00012B2BF900012B2BEB00F72BFD00012B2BFB00012B2BEF00012B2BFB00012B2BF900012B2BEB00012B2BFB00012B2BFD00012B2BE500012B2BEF00012B2BED00012B2BF700FD2BFD00012B2BEF00F72BFD00012B2BE700012B2BFB00012B2BF500012B2BEF00012B2BFB00012B2BFD00012B2BE700012B2BFB00012B2BF500012B2BED00012B2BEF00012B2BEF00FD2BFD00012B2BFD00012B2BFB00012B2BF1000B00002B2B00002B2B00002B2BFD00012B2BF500012B2BFB00012B2BFD00012B2BFB00012B2BFD00012B2BFB00012B2BDB00012B2BFB00012B2BFB00012B2BEF00012B2BFB00012B2BF900012B2BEB00012B2BFB00012B2BFD00012B2BE500012B2BF100012B2BED00012B2BF500012B2BFB00012B2BE900012B2BFB00012B2BFB00012B2BEF00012B2BFB00012B2BF700012B2BED00012B2BFB00012B2BFD00012B2BE700012B2BFB00012B2BFD00012B2BFB00012B2BED00012B2BF700012B2BFB00012B2BEF00012B2BFB00012B2BFD00012B2BFB00012B2BF1000B00002B2B00002B2B00002B2BFD00012B2BF500012B2BFB00012B2BFD00012B2BFB00012B2BFD00012B2BFB00012B2BDB00012B2BFB00012B2BFB00012B2BEF00012B2BFB00012B2BF900012B2BEB00012B2BFB00012B2BFD00012B2BE500012B2BF100012B2BED00012B2BF500012B2BFB00012B2BE900012B2BFB00012B2BFB00012B2BEF00012B2BFB00012B2BF700012B2BED00012B2BFB00012B2BFD00012B2BE700012B2BFB00012B2BFD00012B2BFB00012B2BED00012B2BF700012B2BFB00012B2BEF00012B2BFB00012B2BFD00012B2BFB00012B2BF100FB00012B2BF900F72BFD00F92BF900FB2BF900FB2BD900012B2BFB00F92BEB00FB2BF900FB2BEB00FB2BFB00F72BED00012B2BF700FB2BEB00F72BFB00FB2BE700012B2BF900FB2BEB00FB2BFB00FB2BE900FB2BFB00F72BED00FB2BF900FB2BEB00012B2BF500FB2BEB00FB2BFB00F92BEF00FB00012B2BF900F72BFD00F92BF900FB2BF900FB2BD900012B2BFB00F92BEB00FB2BF900FB2BEB00FB2BFB00F72BED00012B2BF700FB2BEB00F72BFB00FB2BE700012B2BF900FB2BEB00FB2BFB00FB2BE900FB2BFB00F72BED00FB2BF900FB2BEB00012B2BF500FB2BEB00FB2BFB00F92BEF008200820082008200CD008200820082008200CD00FD00FB2BF900FB2B8200820082008200E500FD00FB2BF900FB2B8200820082008200E5000300002B2BFB00012B2BFD00012B2BFB00012B2B8200820082008200E7000300002B2BFB00012B2BFD00012B2BFB00012B2B8200820082008200E7000300002B2BFD00FD2BFD00012B2BFD00FD2B8200820082008200E7000300002B2BFD00FD2BFD00012B2BFD00FD2B8200820082008200E7000B00002B2B00002B2B00002B2BFD00092B2B00002B2B00002B2B8200820082008200E7000B00002B2B00002B2B00002B2BFD00092B2B00002B2B00002B2B8200820082008200E700010000FD2BFD00012B2BFD00FD2BFD00012B2B8200820082008200E700010000FD2BFD00012B2BFD00FD2BFD00012B2B8200820082008200E7000300002B2BFB00012B2BFD00012B2BFB00012B2B8200820082008200E7000300002B2BFB00012B2BFD00012B2BFB00012B2B8200820082008200E700FD00FB2BF900FB2B8200820082008200E500FD00FB2BF900FB2B8200820082008200E5008200820082008200CD008200820082008200CD008200820082008200CD008200820082008200CD008200820082008200CD008200820082008200CD008200820082008200CD008200820082008200CD008200820082008200CD008200820082008200CD008200820082008200CD008200820082008200CD008200820082008200CD008200820082008200CD008200820082008200CD008200820082008200CD008200820082008200CD008200820082008200CD00FB00012B2BF700FB2BF900FB2BF900FB2BF900FB2BF900F92B820082008200A000FB00012B2BF700FB2BF900FB2BF900FB2BF900FB2BF900F92B820082008200A0000B00002B2B00002B2B00002B2BFD00012B2BFB00012B2BFD00012B2BFB00012B2BFD00012B2BFB00012B2BFD00012B2BFB00012B2BFD00012B2B82008200820098000B00002B2B00002B2B00002B2BFD00012B2BFB00012B2BFD00012B2BFB00012B2BFD00012B2BFB00012B2BFD00012B2BFB00012B2BFD00012B2B8200820082009800FD00FB2BF300012B2BFD00012B2BFD00FD2BFD00012B2BFD00FD2BFD00012B2BFD00FD2BFD00012B2B8200820082009800FD00FB2BF300012B2BFD00012B2BFD00FD2BFD00012B2BFD00FD2BFD00012B2BFD00FD2BFD00012B2B8200820082009800FB00012B2BF500FD2BFB00092B2B00002B2B00002B2BFD00092B2B00002B2B00002B2BFD00092B2B00002B2B00002B2BFD00012B2B8200820082009800FB00012B2BF500FD2BFB00092B2B00002B2B00002B2BFD00092B2B00002B2B00002B2BFD00092B2B00002B2B00002B2BFD00012B2B8200820082009800FD00FB2BF900012B2BF700FD2BFD00012B2BFD00FD2BFD00012B2BFD00FD2BFD00012B2BFD00012B2BFD00FD2B820082008200A000FD00FB2BF900012B2BF700FD2BFD00012B2BFD00FD2BFD00012B2BFD00FD2BFD00012B2BFD00012B2BFD00FD2B820082008200A0000B00002B2B00002B2B00002B2BFD00012B2BF500012B2BFB00012B2BFD00012B2BFB00012B2BFD00012B2BFB00012B2BFD00012B2BFB00012B2B820082008200A0000B00002B2B00002B2B00002B2BFD00012B2BF500012B2BFB00012B2BFD00012B2BFB00012B2BFD00012B2BFB00012B2BFD00012B2BFB00012B2B820082008200A000FB00012B2BF900F72BFB00FB2BF900FB2BF900FB2BF900F92B820082008200A000FB00012B2BF900F72BFB00FB2BF900FB2BF900FB2BF900F92B820082008200A0008200820082008200CD008200820082008200CD000300002B2BFB00012B2BFB00FB2BFB00012B2BFB00012B2BFB00FB2BFB00F72BFD00F92BE900012B2BE700012B2B820082008200D4000300002B2BFB00012B2BFB00FB2BFB00012B2BFB00012B2BFB00FB2BFB00F72BFD00F92BE900012B2BE700012B2B820082008200D400010000FD2B010000FD2BF900012B2BF900012B2BFB00012B2BF900012B2BF900012B2BF500012B2BFB00012B2BED00FD2BE900FD2B820082008200D400010000FD2B010000FD2BF900012B2BF900012B2BFB00012B2BF900012B2BF900012B2BF500012B2BFB00012B2BED00FD2BE900FD2B820082008200D4000B00002B2B00002B2B00002B2BF900012B2BF900FD2BFD00012B2BF900012B2BF900012B2BF500012B2BFB00012B2BEB00012B2BE700012B2B820082008200D4000B00002B2B00002B2B00002B2BF900012B2BF900FD2BFD00012B2BF900012B2BF900012B2BF500012B2BFB00012B2BEB00012B2BE700012B2B820082008200D4000B00002B2B00002B2B00002B2BF900012B2BF900092B2B00002B2B00002B2BF900012B2BF900F92BFB00012B2BFB00012B2BEB00012B2BE700012B2B820082008200D4000B00002B2B00002B2B00002B2BF900012B2BF900092B2B00002B2B00002B2BF900012B2BF900F92BFB00012B2BFB00012B2BEB00012B2BE700012B2B820082008200D4000300002B2BFB00012B2BF900012B2BF900012B2BFD00FD2BF900012B2BF900012B2BF500012B2BFB00012B2BEB00012B2BE700012B2B820082008200D4000300002B2BFB00012B2BF900012B2BF900012B2BFD00FD2BF900012B2BF900012B2BF500012B2BFB00012B2BEB00012B2BE700012B2B820082008200D4000300002B2BFB00012B2BF900012B2BF900012B2BFB00012B2BF900012B2BF900012B2BF500012B2BFB00012B2BEB00012B2BE700012B2B820082008200D4000300002B2BFB00012B2BF900012B2BF900012B2BFB00012B2BF900012B2BF900012B2BF500012B2BFB00012B2BEB00012B2BE700012B2B820082008200D4000300002B2BFB00012B2BFB00FB2BFB00012B2BFB00012B2BFB00FB2BFB00F72BFD00F92BEB00FB2BF700012B2BF700FB2B820082008200D6000300002B2BFB00012B2BFB00FB2BFB00012B2BFB00012B2BFB00FB2BFB00F72BFD00F92BEB00FB2BF700012B2BF700FB2B820082008200D6008200820082008200CD008200820082008200CD00FD00012B2BF500FB2B8200820082008200E500FD00012B2BF500FB2B8200820082008200E500FB00012B2BF900012B2BFB00012B2B8200820082008200E700FB00012B2BF900012B2BFB00012B2B8200820082008200E700F900012B2BF500012B2B8200820082008200E500F900012B2BF500012B2B8200820082008200E500F700012B2BF900012B2B8200820082008200E300F700012B2BF900012B2B8200820082008200E300F900012B2BF700012B2B8200820082008200E300F900012B2BF700012B2B8200820082008200E300FB00012B2B8200820082008200D500FB00012B2B8200820082008200D500FD00012B2BF300012B2B8200820082008200E300FD00012B2BF300012B2B8200820082008200E3008200820082008200CD008200820082008200CD00FD00FB2BF900FB2BFB00012B2BFB00012B2BFD00012B2BFB00012B2BF900012B2BF900012B2BFB00012B2BFD00F92BF900FB2B820082008200BA00FD00FB2BF900FB2BFB00012B2BFB00012B2BFD00012B2BFB00012B2BF900012B2BF900012B2BFB00012B2BFD00F92BF900FB2B820082008200BA000300002B2BFB00012B2BFD00012B2BFB00012B2BFD00FD2B010000FD2BFD00FD2B010000FD2BFB00052B2B00002B2BFB00012B2BFB00012B2BFD00012B2BFB00012B2BFD00012B2BFB00012B2B820082008200BC000300002B2BFB00012B2BFD00012B2BFB00012B2BFD00FD2B010000FD2BFD00FD2B010000FD2BFB00052B2B00002B2BFB00012B2BFB00012B2BFD00012B2BFB00012B2BFD00012B2BFB00012B2B820082008200BC000300002B2BF500012B2BFB00012B2BFD00092B2B00002B2B00002B2BFD00092B2B00002B2B00002B2BFD00012B2BFB00012B2BFD00FD2BFD00012B2BFD00012B2BFB00012B2BFD00012B2BF100012B2B820082008200C6000300002B2BF500012B2BFB00012B2BFD00092B2B00002B2B00002B2BFD00092B2B00002B2B00002B2BFD00012B2BFB00012B2BFD00FD2BFD00012B2BFD00012B2BFB00012B2BFD00012B2BF100012B2B820082008200C6000300002B2BF500012B2BFB00012B2BFD00092B2B00002B2B00002B2BFD00092B2B00002B2B00002B2BFD00012B2BFB00012B2BFD00092B2B00002B2B00002B2BFD00012B2BFB00012B2BFB00FB2B820082008200BA000300002B2BF500012B2BFB00012B2BFD00092B2B00002B2B00002B2BFD00092B2B00002B2B00002B2BFD00012B2BFB00012B2BFD00092B2B00002B2B00002B2BFD00012B2BFB00012B2BFB00FB2B820082008200BA000300002B2BF500012B2BFB00012B2BFD00012B2BFB00012B2BFD00012B2BFB00012B2BFD00F72BFD00012B2BFD00FD2BFD00012B2BFB00012B2BF500012B2BF900012B2B820082008200C6000300002B2BF500012B2BFB00012B2BFD00012B2BFB00012B2BFD00012B2BFB00012B2BFD00F72BFD00012B2BFD00FD2BFD00012B2BFB00012B2BF500012B2BF900012B2B820082008200C6000300002B2BFB00012B2BFD00012B2BFB00012B2BFD00012B2BFB00012B2BFD00012B2BFB00012B2BFD00012B2BFB00012B2BFD00012B2BFB00012B2BFD00012B2BFB00012B2BFD00012B2BFB00012B2B820082008200BC000300002B2BFB00012B2BFD00012B2BFB00012B2BFD00012B2BFB00012B2BFD00012B2BFB00012B2BFD00012B2BFB00012B2BFD00012B2BFB00012B2BFD00012B2BFB00012B2BFD00012B2BFB00012B2B820082008200BC00FD00FB2BF900FB2BFB00012B2BFB00012B2BFD00012B2BFB00012B2BFD00012B2BFB00012B2BFD00012B2BFB00012B2BFD00F92BF900FB2B820082008200BA00FD00FB2BF900FB2BFB00012B2BFB00012B2BFD00012B2BFB00012B2BFD00012B2BFB00012B2BFD00012B2BFB00012B2BFD00F92BF900FB2B820082008200BA008200820082008200CD008200820082008200CD00ED00012B2B8200F600012B2BF900F92BFB00F92BFB00F72BFD00012B2BFB00012B2BFD00F92BED00012B2BF300FB2BFB00012B2BFB00012B2BFD00F72BFB00FB2B82008E00ED00012B2B8200F600012B2BF900F92BFB00F92BFB00F72BFD00012B2BFB00012B2BFD00F92BED00012B2BF300FB2BFB00012B2BFB00012B2BFD00F72BFB00FB2B82008E00EF00052B2B00002B2B8200FA00052B2B00002B2BFB00012B2BFB00012B2BFD00012B2BFB00012B2BFD00012B2BF500012B2BFB00012B2BFD00012B2BFB00012B2BEF00012B2BF100012B2BF900012B2BFB00012B2BFD00012B2BF500012B2BFB00012B2B82009000EF00052B2B00002B2B8200FA00052B2B00002B2BFB00012B2BFB00012B2BFD00012B2BFB00012B2BFD00012B2BF500012B2BFB00012B2BFD00012B2BFB00012B2BEF00012B2BF100012B2BF900012B2BFB00012B2BFD00012B2BF500012B2BFB00012B2B82009000F100012B2BFB00012B2B9700012B2BEB00012B2BFB00012B2BFD00012B2BFB00012B2BFD00012B2BFB00012B2BFD00012B2BF500FD2BFD00012B2BFD00012B2BFB00012B2BEF00012B2BF100012B2BF900FD2BFD00012B2BFD00012B2BF500012B2B82008800F100012B2BFB00012B2B9700012B2BEB00012B2BFB00012B2BFD00012B2BFB00012B2BFD00012B2BFB00012B2BFD00012B2BF500FD2BFD00012B2BFD00012B2BFB00012B2BEF00012B2BF100012B2BF900FD2BFD00012B2BFD00012B2BF500012B2B82008800F100012B2BFB00012B2B8200FE00012B2BFB00012B2BFD00F92BFB00F92BFB00F92BFB00092B2B00002B2B00002B2BFD00012B2BFB00012B2BEF00012B2BF100012B2BF900092B2B00002B2B00002B2BFD00F92BF900FB2B82008E00F100012B2BFB00012B2B8200FE00012B2BFB00012B2BFD00F92BFB00F92BFB00F92BFB00092B2B00002B2B00002B2BFD00012B2BFB00012B2BEF00012B2BF100012B2BF900092B2B00002B2B00002B2BFD00F92BF900FB2B82008E00F100F72B9700012B2BEB00F72BFD00012B2BF500012B2BF500012B2BF500012B2BFD00FD2BFD00012B2BFB00012B2BEF00012B2BF100012B2BF900012B2BFD00FD2BFD00012B2BED00012B2B82009000F100F72B9700012B2BEB00F72BFD00012B2BF500012B2BF500012B2BF500012B2BFD00FD2BFD00012B2BFB00012B2BEF00012B2BF100012B2BF900012B2BFD00FD2BFD00012B2BED00012B2B82009000F100012B2BFB00012B2B8200FE00012B2BFB00012B2BFD00012B2BF500012B2BF500012B2BF500012B2BFB00012B2BFD00012B2BFB00012B2BEF00012B2BF100012B2BF900012B2BFB00012B2BFD00012B2BF500012B2BFB00012B2B82009000F100012B2BFB00012B2B8200FE00012B2BFB00012B2BFD00012B2BF500012B2BF500012B2BF500012B2BFB00012B2BFD00012B2BFB00012B2BEF00012B2BF100012B2BF900012B2BFB00012B2BFD00012B2BF500012B2BFB00012B2B82009000F100012B2BFB00012B2B8200FE00012B2BFB00012B2BFD00012B2BF500012B2BF500F72BFD00012B2BFB00012B2BFD00F92BED00F72BFB00FB2BFB00012B2BFB00012B2BFD00F72BFB00FB2B82008E00F100012B2BFB00012B2B8200FE00012B2BFB00012B2BFD00012B2BF500012B2BF500F72BFD00012B2BFB00012B2BFD00F92BED00F72BFB00FB2BFB00012B2BFB00012B2BFD00F72BFB00FB2B82008E008200820082008200CD008200820082008200CD00F100F92BED00F72BFD00012B2BFB00012B2BFD00F72BB700F92BFB00F92BF900FB2BFB00012B2BFB00012B2BFD00F72BEF00012B2BF300FB2BFB00012B2BFB00012B2BFD00F72BFB00FB2B82008200010000F100F92BED00F72BFD00012B2BFB00012B2BFD00F72BB700F92BFB00F92BF900FB2BFB00012B2BFB00012B2BFD00F72BEF00012B2BF300FB2BFB00012B2BFB00012B2BFD00F72BFB00FB2B82008200010000F100012B2BFB00012B2BEF00FD2BF700012B2BFB00012B2BF700FD2BB700012B2BFB00012B2BFD00012B2BFB00012B2BF900012B2BF900012B2BFB00012B2BF900012B2BEB00012B2BF100012B2BF900012B2BFB00012B2BFD00012B2BF500012B2BFB00012B2B82008200F100012B2BFB00012B2BEF00FD2BF700012B2BFB00012B2BF700FD2BB700012B2BFB00012B2BFD00012B2BFB00012B2BF900012B2BF900012B2BFB00012B2BF900012B2BEB00012B2BF100012B2BF900012B2BFB00012B2BFD00012B2BF500012B2BFB00012B2B82008200F100012B2BFB00012B2BEF00FD2BF700FD2BFD00012B2BF700FD2BCF00012B2BEB00012B2BFB00012B2BFD00012B2BFB00012B2BF900012B2BF900FD2BFD00012B2BF900012B2BEB00012B2BF100012B2BF900FD2BFD00012B2BFD00012B2BF500012B2B82008200F900F100012B2BFB00012B2BEF00FD2BF700FD2BFD00012B2BF700FD2BCF00012B2BEB00012B2BFB00012B2BFD00012B2BFB00012B2BF900012B2BF900FD2BFD00012B2BF900012B2BEB00012B2BF100012B2BF900FD2BFD00012B2BFD00012B2BF500012B2B82008200F900F100F92BED00FD2BF700092B2B00002B2B00002B2BF700FD2BB700F92BFB00F92BF700012B2BF900092B2B00002B2B00002B2BF900012B2BEB00012B2BF100012B2BF900092B2B00002B2B00002B2BFD00F92BF900FB2B82008200010000F100F92BED00FD2BF700092B2B00002B2B00002B2BF700FD2BB700F92BFB00F92BF700012B2BF900092B2B00002B2B00002B2BF900012B2BEB00012B2BF100012B2BF900092B2B00002B2B00002B2BFD00F92BF900FB2B82008200010000F100012B2BE700FD2BF700012B2BFD00FD2BF700FD2BCF00012B2BEB00012B2BF500052B2B00002B2BF500012B2BF900012B2BFD00FD2BF900012B2BEB00012B2BF100012B2BF900012B2BFD00FD2BFD00012B2BED00012B2B82008200F100012B2BE700FD2BF700012B2BFD00FD2BF700FD2BCF00012B2BEB00012B2BF500052B2B00002B2BF500012B2BF900012B2BFD00FD2BF900012B2BEB00012B2BF100012B2BF900012B2BFD00FD2BFD00012B2BED00012B2B82008200F100012B2BE700FD2BF700012B2BFB00012B2BF700FD2BB700012B2BF500012B2BFD00012B2BF700012B2BF900012B2BFB00012B2BF900012B2BEB00012B2BF100012B2BF900012B2BFB00012B2BFD00012B2BF500012B2BFB00012B2B82008200F100012B2BE700FD2BF700012B2BFB00012B2BF700FD2BB700012B2BF500012B2BFD00012B2BF700012B2BF900012B2BFB00012B2BF900012B2BEB00012B2BF100012B2BF900012B2BFB00012B2BFD00012B2BF500012B2BFB00012B2B82008200F100012B2BE700F72BFD00012B2BFB00012B2BFD00F72BB700012B2BF500012B2BFB00012B2BFB00FB2BFB00012B2BFB00012B2BF900012B2BEB00F72BFB00FB2BFB00012B2BFB00012B2BFD00F72BFB00FB2B82008200010000F100012B2BE700F72BFD00012B2BFB00012B2BFD00F72BB700012B2BF500012B2BFB00012B2BFB00FB2BFB00012B2BFB00012B2BF900012B2BEB00F72BFB00FB2BFB00012B2BFB00012B2BFD00F72BFB00FB2B820082000100008200820082008200CD008200820082008200CD00F100F92BED00012B2BFB00012B2B9B00F92BFB00F72BFD00012B2BF500F72BFD00F72BFD00F72BEF00012B2BF300FB2BFB00012B2BFB00012B2BFD00F72BEF00012B2BFB00012B2B82009E00F100F92BED00012B2BFB00012B2B9B00F92BFB00F72BFD00012B2BF500F72BFD00F72BFD00F72BEF00012B2BF300FB2BFB00012B2BFB00012B2BFD00F72BEF00012B2BFB00012B2B82009E00F100012B2BFB00012B2BEF00012B2BFB00012B2B9B00012B2BFB00012B2BFD00012B2BF500012B2BF500012B2BF100012B2BF900012B2BE700012B2BF100012B2BF900012B2BFB00012B2BFD00012B2BE700012B2BFB00012B2B82009E00F100012B2BFB00012B2BEF00012B2BFB00012B2B9B00012B2BFB00012B2BFD00012B2BF500012B2BF500012B2BF100012B2BF900012B2BE700012B2BF100012B2BF900012B2BFB00012B2BFD00012B2BE700012B2BFB00012B2B82009E00F100012B2BFB00012B2BEF00FD2BFD00012B2BB300012B2BEB00012B2BFB00012B2BFD00012B2BF500012B2BF500012B2BF100012B2BF900012B2BE700012B2BF100012B2BF900FD2BFD00012B2BFD00012B2BE700FD2BFD00012B2B82009E00F100012B2BFB00012B2BEF00FD2BFD00012B2BB300012B2BEB00012B2BFB00012B2BFD00012B2BF500012B2BF500012B2BF100012B2BF900012B2BE700012B2BF100012B2BF900FD2BFD00012B2BFD00012B2BE700FD2BFD00012B2B82009E00F100012B2BFB00012B2BEF00092B2B00002B2B00002B2B9B00012B2BFB00012B2BFD00F92BFB00012B2BF500F92BF700012B2BF900F92BED00012B2BF100012B2BF900092B2B00002B2B00002B2BFD00F92BED00092B2B00002B2B00002B2B82009E00F100012B2BFB00012B2BEF00092B2B00002B2B00002B2B9B00012B2BFB00012B2BFD00F92BFB00012B2BF500F92BF700012B2BF900F92BED00012B2BF100012B2BF900092B2B00002B2B00002B2BFD00F92BED00092B2B00002B2B00002B2B82009E00F100012B2BFB00012B2BEF00012B2BFD00FD2BB300012B2BEB00012B2BFB00012B2BFD00012B2BF500012B2BF500012B2BF100012B2BF900012B2BE700012B2BF100012B2BF900012B2BFD00FD2BFD00012B2BE700012B2BFD00FD2B82009E00F100012B2BFB00012B2BEF00012B2BFD00FD2BB300012B2BEB00012B2BFB00012B2BFD00012B2BF500012B2BF500012B2BF100012B2BF900012B2BE700012B2BF100012B2BF900012B2BFD00FD2BFD00012B2BE700012B2BFD00FD2B82009E00F100012B2BFB00012B2BEF00012B2BFB00012B2B9B00012B2BFB00012B2BFD00012B2BF500012B2BF500012B2BF100012B2BF900012B2BE700012B2BF100012B2BF900012B2BFB00012B2BFD00012B2BE700012B2BFB00012B2B82009E00F100012B2BFB00012B2BEF00012B2BFB00012B2B9B00012B2BFB00012B2BFD00012B2BF500012B2BF500012B2BF100012B2BF900012B2BE700012B2BF100012B2BF900012B2BFB00012B2BFD00012B2BE700012B2BFB00012B2B82009E00F100F92BED00012B2BFB00012B2B9B00F92BFB00F72BFD00F72BFD00F72BF900012B2BF900F72BEF00F72BFB00FB2BFB00012B2BFB00012B2BFD00F72BEF00012B2BFB00012B2B82009E00F100F92BED00012B2BFB00012B2B9B00F92BFB00F72BFD00F72BFD00F72BF900012B2BF900F72BEF00F72BFB00FB2BFB00012B2BFB00012B2BFD00F72BEF00012B2BFB00012B2B82009E008200820082008200CD008200820082008200CD00EF00FB2BED00012B2BFB00012B2B9900FB2BFB00012B2BFB00012B2BFB00FB2BFB00F72BFD00F92BFB00F72BEF00F92BFB00F72BFD00F72BFB00FB2BFB00F92BFB00F72BEF00012B2BF300FB2BFB00012B2BFB00012B2BFD00F72BEF00012B2BFB00012B2B82000000EF00FB2BED00012B2BFB00012B2B9900FB2BFB00012B2BFB00012B2BFB00FB2BFB00F72BFD00F92BFB00F72BEF00F92BFB00F72BFD00F72BFB00FB2BFB00F92BFB00F72BEF00012B2BF300FB2BFB00012B2BFB00012B2BFD00F72BEF00012B2BFB00012B2B82000000ED00012B2BEB00012B2BFB00012B2B9700012B2BF900012B2BFB00012B2BFD00012B2BFB00012B2BFD00012B2BF500012B2BFB00012B2BF900012B2BEB00012B2BFB00012B2BFD00012B2BF500012B2BF500012B2BFB00012B2BFD00012B2BFB00012B2BFD00012B2BE700012B2BF100012B2BF900012B2BFB00012B2BFD00012B2BE700012B2BFB00012B2B82000000ED00012B2BEB00012B2BFB00012B2B9700012B2BF900012B2BFB00012B2BFD00012B2BFB00012B2BFD00012B2BF500012B2BFB00012B2BF900012B2BEB00012B2BFB00012B2BFD00012B2BF500012B2BF500012B2BFB00012B2BFD00012B2BFB00012B2BFD00012B2BE700012B2BF100012B2BF900012B2BFB00012B2BFD00012B2BE700012B2BFB00012B2B82000000ED00012B2BEB00FD2BFD00012B2BB300012B2BE700012B2BF900FD2BFD00012B2BFD00012B2BF500012B2BF500012B2BFB00012B2BF900012B2BEB00012B2BFB00012B2BFD00012B2BF500012B2BF500012B2BFB00012B2BFD00012B2BFB00012B2BFD00012B2BE700012B2BF100012B2BF900FD2BFD00012B2BFD00012B2BE700FD2BFD00012B2B82000000ED00012B2BEB00FD2BFD00012B2BB300012B2BE700012B2BF900FD2BFD00012B2BFD00012B2BF500012B2BF500012B2BFB00012B2BF900012B2BEB00012B2BFB00012B2BFD00012B2BF500012B2BF500012B2BFB00012B2BFD00012B2BFB00012B2BFD00012B2BE700012B2BF100012B2BF900FD2BFD00012B2BFD00012B2BE700FD2BFD00012B2B82000000ED00012B2BEB00092B2B00002B2B00002B2B9700012B2BF900092B2B00002B2B00002B2BFB00FB2BFB00F92BFB00F92BF700012B2BEB00F92BFB00F92BFB00F92BFB00012B2BFB00012B2BFD00F92BFB00F92BED00012B2BF100012B2BF900092B2B00002B2B00002B2BFD00F92BED00092B2B00002B2B00002B2B82000000ED00012B2BEB00092B2B00002B2B00002B2B9700012B2BF900092B2B00002B2B00002B2BFB00FB2BFB00F92BFB00F92BF700012B2BEB00F92BFB00F92BFB00F92BFB00012B2BFB00012B2BFD00F92BFB00F92BED00012B2BF100012B2BF900092B2B00002B2B00002B2BFD00F92BED00092B2B00002B2B00002B2B82000000ED00012B2BEB00012B2BFD00FD2BB300012B2BE700012B2BF900012B2BFD00FD2BF500012B2BFD00012B2BF500052B2B00002B2BF500012B2BEB00012B2BFB00012B2BFD00012B2BF500012B2BF500012B2BFB00012B2BFD00052B2B00002B2BF900012B2BE700012B2BF100012B2BF900012B2BFD00FD2BFD00012B2BE700012B2BFD00FD2B82000000ED00012B2BEB00012B2BFD00FD2BB300012B2BE700012B2BF900012B2BFD00FD2BF500012B2BFD00012B2BF500052B2B00002B2BF500012B2BEB00012B2BFB00012B2BFD00012B2BF500012B2BF500012B2BFB00012B2BFD00052B2B00002B2BF900012B2BE700012B2BF100012B2BF900012B2BFD00FD2BFD00012B2BE700012B2BFD00FD2B82000000ED00012B2BEB00012B2BFB00012B2B9700012B2BF900012B2BFB00012B2BFD00012B2BFB00012B2BFD00012B2BF500012B2BFD00012B2BF700012B2BEB00012B2BFB00012B2BFD00012B2BF500012B2BF500012B2BFB00012B2BFD00012B2BFD00012B2BFB00012B2BE700012B2BF100012B2BF900012B2BFB00012B2BFD00012B2BE700012B2BFB00012B2B82000000ED00012B2BEB00012B2BFB00012B2B9700012B2BF900012B2BFB00012B2BFD00012B2BFB00012B2BFD00012B2BF500012B2BFD00012B2BF700012B2BEB00012B2BFB00012B2BFD00012B2BF500012B2BF500012B2BFB00012B2BFD00012B2BFD00012B2BFB00012B2BE700012B2BF100012B2BF900012B2BFB00012B2BFD00012B2BE700012B2BFB00012B2B82000000EF00FB2BED00012B2BFB00012B2B9900FB2BFB00012B2BFB00012B2BFB00FB2BFB00F72BFD00012B2BFB00012B2BF900012B2BEB00F92BFB00F72BFD00012B2BF300FB2BFB00012B2BFB00012B2BFD00F72BEF00F72BFB00FB2BFB00012B2BFB00012B2BFD00F72BEF00012B2BFB00012B2B82000000EF00FB2BED00012B2BFB00012B2B9900FB2BFB00012B2BFB00012B2BFB00FB2BFB00F72BFD00012B2BFB00012B2BF900012B2BEB00F92BFB00F72BFD00012B2BF300FB2BFB00012B2BFB00012B2BFD00F72BEF00F72BFB00FB2BFB00012B2BFB00012B2BFD00F72BEF00012B2BFB00012B2B820000008200820082008200CD008200820082008200CD00F100F72BEF00012B2BFB00012B2B9B00F72BFD00F92BF900FB2BFB00F72BEF00012B2BF300FB2BFB00012B2BFB00012B2BFD00F72BEF00012B2BFB00012B2B82008200F100F72BEF00012B2BFB00012B2B9B00F72BFD00F92BF900FB2BFB00F72BEF00012B2BF300FB2BFB00012B2BFB00012B2BFD00F72BEF00012B2BFB00012B2B82008200F100012B2BE700012B2BFB00012B2B9B00012B2BF500012B2BFB00012B2BF900012B2BF500012B2BEB00012B2BF100012B2BF900012B2BFB00012B2BFD00012B2BE700012B2BFB00012B2B82008200F100012B2BE700012B2BFB00012B2B9B00012B2BF500012B2BFB00012B2BF900012B2BF500012B2BEB00012B2BF100012B2BF900012B2BFB00012B2BFD00012B2BE700012B2BFB00012B2B82008200F100012B2BE700FD2BFD00012B2BB300012B2BEB00012B2BF500012B2BFB00012B2BF900012B2BF500012B2BEB00012B2BF100012B2BF900FD2BFD00012B2BFD00012B2BE700FD2BFD00012B2B82008200F100012B2BE700FD2BFD00012B2BB300012B2BEB00012B2BF500012B2BFB00012B2BF900012B2BF500012B2BEB00012B2BF100012B2BF900FD2BFD00012B2BFD00012B2BE700FD2BFD00012B2B82008200F100F92BED00092B2B00002B2B00002B2B9B00F92BFB00012B2BFB00012B2BF900012B2BF500012B2BEB00012B2BF100012B2BF900092B2B00002B2B00002B2BFD00F92BED00092B2B00002B2B00002B2B82008200F100F92BED00092B2B00002B2B00002B2B9B00F92BFB00012B2BFB00012B2BF900012B2BF500012B2BEB00012B2BF100012B2BF900092B2B00002B2B00002B2BFD00F92BED00092B2B00002B2B00002B2B82008200F100012B2BE700012B2BFD00FD2BB300012B2BEB00012B2BF500012B2BFB00012B2BF900012B2BF500012B2BEB00012B2BF100012B2BF900012B2BFD00FD2BFD00012B2BE700012B2BFD00FD2B82008200F100012B2BE700012B2BFD00FD2BB300012B2BEB00012B2BF500012B2BFB00012B2BF900012B2BF500012B2BEB00012B2BF100012B2BF900012B2BFD00FD2BFD00012B2BE700012B2BFD00FD2B82008200F100012B2BE700012B2BFB00012B2B9B00012B2BF500012B2BFB00012B2BF900012B2BF500012B2BEB00012B2BF100012B2BF900012B2BFB00012B2BFD00012B2BE700012B2BFB00012B2B82008200F100012B2BE700012B2BFB00012B2B9B00012B2BF500012B2BFB00012B2BF900012B2BF500012B2BEB00012B2BF100012B2BF900012B2BFB00012B2BFD00012B2BE700012B2BFB00012B2B82008200F100F72BEF00012B2BFB00012B2B9B00F72BFD00F92BF900FB2BF700012B2BEB00F72BFB00FB2BFB00012B2BFB00012B2BFD00F72BEF00012B2BFB00012B2B82008200F100F72BEF00012B2BFB00012B2B9B00F72BFD00F92BF900FB2BF700012B2BEB00F72BFB00FB2BFB00012B2BFB00012B2BFD00F72BEF00012B2BFB00012B2B820082008200820082008200CD008200820082008200CD00F100F72BED00FB2BFB00F72BFD00F92BB500F72BFB00FB2BFB00012B2BFB00012B2BFD00F92BEB00FB2BFB00F72BFD00F92BF900FB2BFB00012B2BFB00012B2BFB00F92B82008200F100F72BED00FB2BFB00F72BFD00F92BB500F72BFB00FB2BFB00012B2BFB00012B2BFD00F92BEB00FB2BFB00F72BFD00F92BF900FB2BFB00012B2BFB00012B2BFB00F92B82008200F100012B2BE700012B2BFB00012B2BF900012B2BF900012B2BFB00012B2BB700012B2BF100012B2BF900012B2BFB00012B2BFD00012B2BFB00012B2BEF00012B2BFB00012B2BF900012B2BF900012B2BFB00012B2BF900012B2BF900012B2BFB00012B2BFD00012B2B82008200F900F100012B2BE700012B2BFB00012B2BF900012B2BF900012B2BFB00012B2BB700012B2BF100012B2BF900012B2BFB00012B2BFD00012B2BFB00012B2BEF00012B2BFB00012B2BF900012B2BF900012B2BFB00012B2BF900012B2BF900012B2BFB00012B2BFD00012B2B82008200F900F100012B2BE700012B2BF100012B2BF900012B2BFB00012B2BCF00012B2BEB00012B2BF100012B2BF900FD2BFD00012B2BFD00012B2BFB00012B2BEF00012B2BF100012B2BF900012B2BFB00012B2BF900012B2BF900FD2BFD00012B2BFD00012B2B82008200F900F100012B2BE700012B2BF100012B2BF900012B2BFB00012B2BCF00012B2BEB00012B2BF100012B2BF900FD2BFD00012B2BFD00012B2BFB00012B2BEF00012B2BF100012B2BF900012B2BFB00012B2BF900012B2BF900FD2BFD00012B2BFD00012B2B82008200F900F100F92BEB00FB2BF700012B2BF900F92BB500F92BF700012B2BF900092B2B00002B2B00002B2BFD00012B2BFB00012B2BED00FB2BF700012B2BF900F92BF700012B2BF900092B2B00002B2B00002B2BFD00012B2B82008200F900F100F92BEB00FB2BF700012B2BF900F92BB500F92BF700012B2BF900092B2B00002B2B00002B2BFD00012B2BFB00012B2BED00FB2BF700012B2BF900F92BF700012B2BF900092B2B00002B2B00002B2BFD00012B2B82008200F900F100012B2BDF00012B2BF900012B2BF900052B2B00002B2BCB00012B2BEB00012B2BF100012B2BF900012B2BFD00FD2BFD00012B2BFB00012B2BE700012B2BF900012B2BF900052B2B00002B2BF500012B2BF900012B2BFD00FD2BFD00012B2BFD00FD2B82008200F100012B2BDF00012B2BF900012B2BF900052B2B00002B2BCB00012B2BEB00012B2BF100012B2BF900012B2BFD00FD2BFD00012B2BFB00012B2BE700012B2BF900012B2BF900052B2B00002B2BF500012B2BF900012B2BFD00FD2BFD00012B2BFD00FD2B82008200F100012B2BE700012B2BFB00012B2BF900012B2BF900012B2BFD00012B2BB500012B2BF100012B2BF900012B2BFB00012B2BFD00012B2BFB00012B2BEF00012B2BFB00012B2BF900012B2BF900012B2BFD00012B2BF700012B2BF900012B2BFB00012B2BFD00012B2BFB00012B2B82008200F100012B2BE700012B2BFB00012B2BF900012B2BF900012B2BFD00012B2BB500012B2BF100012B2BF900012B2BFB00012B2BFD00012B2BFB00012B2BEF00012B2BFB00012B2BF900012B2BF900012B2BFD00012B2BF700012B2BF900012B2BFB00012B2BFD00012B2BFB00012B2B82008200F100012B2BE500FB2BF700012B2BF900012B2BFB00012B2BB700012B2BF300FB2BFB00012B2BFB00012B2BFD00F92BEB00FB2BF700012B2BF900012B2BFB00012B2BFB00FB2BFB00012B2BFB00012B2BFB00F92B82008200F100012B2BE500FB2BF700012B2BF900012B2BFB00012B2BB700012B2BF300FB2BFB00012B2BFB00012B2BFD00F92BEB00FB2BF700012B2BF900012B2BFB00012B2BFB00FB2BFB00012B2BFB00012B2BFB00F92B820082008200820082008200CD008200820082008200CD00F100F92B8200FC00F92BFB00012B2BFB00012B2BFD00F72BFD00F72BFD00F72BFD00F92BEB00FB2BFB00F72BF900012B2BF900F72BFD00012B2BFB00012B2BFB00FB2B82009C00F100F92B8200FC00F92BFB00012B2BFB00012B2BFD00F72BFD00F72BFD00F72BFD00F92BEB00FB2BFB00F72BF900012B2BF900F72BFD00012B2BFB00012B2BFB00FB2B82009C00F100012B2BFB00012B2B8200FE00012B2BFB00012B2BFD00012B2BFB00012B2BFD00012B2BF500012B2BF500012B2BF500012B2BFB00012B2BEF00012B2BFB00012B2BF900012B2BF700052B2B00002B2BF700012B2BF900012B2BFB00012B2BFD00012B2BFB00012B2B82009E00F100012B2BFB00012B2B8200FE00012B2BFB00012B2BFD00012B2BFB00012B2BFD00012B2BF500012B2BF500012B2BF500012B2BFB00012B2BEF00012B2BFB00012B2BF900012B2BF700052B2B00002B2BF700012B2BF900012B2BFB00012B2BFD00012B2BFB00012B2B82009E00F100012B2BFB00012B2B9700012B2BEB00012B2BFB00012B2BFD00012B2BFB00012B2BFD00012B2BF500012B2BF500012B2BF500012B2BFB00012B2BEF00012B2BF100012B2BF900012B2BFB00012B2BF900012B2BF900012B2BFB00012B2BFD00012B2B82009600F100012B2BFB00012B2B9700012B2BEB00012B2BFB00012B2BFD00012B2BFB00012B2BFD00012B2BF500012B2BF500012B2BF500012B2BFB00012B2BEF00012B2BF100012B2BF900012B2BFB00012B2BF900012B2BF900012B2BFB00012B2BFD00012B2B82009600F100F92B8200FC00F92BFB00012B2BFB00012B2BFD00F92BFB00F92BFB00F92BFB00F92BEB00FB2BF700012B2BF900012B2BFB00012B2BF900012B2BF900012B2BFB00012B2BFB00FB2B82009C00F100F92B8200FC00F92BFB00012B2BFB00012B2BFD00F92BFB00F92BFB00F92BFB00F92BEB00FB2BF700012B2BF900012B2BFB00012B2BF900012B2BF900012B2BFB00012B2BFB00FB2B82009C00F100012B2BFB00012B2B9700012B2BEB00012B2BFB00012B2BFD00012B2BFB00012B2BFD00012B2BF500012B2BF500012B2BF500052B2B00002B2BE300012B2BF900012B2BF900F72BF900012B2BF900012B2BFB00012B2BF500012B2B82009E00F100012B2BFB00012B2B9700012B2BEB00012B2BFB00012B2BFD00012B2BFB00012B2BFD00012B2BF500012B2BF500012B2BF500052B2B00002B2BE300012B2BF900012B2BF900F72BF900012B2BF900012B2BFB00012B2BF500012B2B82009E00F100012B2BFB00012B2B8200FE00012B2BFB00012B2BFD00012B2BFB00012B2BFD00012B2BF500012B2BF500012B2BF500012B2BFD00012B2BED00012B2BFB00012B2BF900012B2BF900012B2BFB00012B2BF900012B2BF900012B2BFB00012B2BFD00012B2BFB00012B2B82009E00F100012B2BFB00012B2B8200FE00012B2BFB00012B2BFD00012B2BFB00012B2BFD00012B2BF500012B2BF500012B2BF500012B2BFD00012B2BED00012B2BFB00012B2BF900012B2BF900012B2BFB00012B2BF900012B2BF900012B2BFB00012B2BFD00012B2BFB00012B2B82009E00F100F92B8200FC00F92BF900FB2BFB00012B2BF500012B2BF500F72BFD00012B2BFB00012B2BED00FB2BF700012B2BF900012B2BFB00012B2BF900012B2BF700FB2BF900FB2B82009C00F100F92B8200FC00F92BF900FB2BFB00012B2BF500012B2BF500F72BFD00012B2BFB00012B2BED00FB2BF700012B2BF900012B2BFB00012B2BF900012B2BF700FB2BF900FB2B82009C008200820082008200CD008200820082008200CD00F100012B2BFB00012B2B8200FC00FB2BFB00012B2BF500F72BF900012B2BF900F92BEB00FB2BF900FB2BFB00F92BFB00F72BFD00F72BFD00012B2BFB00012B2B82009000F100012B2BFB00012B2B8200FC00FB2BFB00012B2BF500F72BF900012B2BF900F92BEB00FB2BF900FB2BFB00F92BFB00F72BFD00F72BFD00012B2BFB00012B2B82009000F100012B2BFB00012B2B8200FE00012B2BFB00012B2BFD00012B2BF500012B2BF300052B2B00002B2BFB00012B2BFB00012B2BEF00012B2BFB00012B2BFD00012B2BFB00012B2BFD00012B2BFB00012B2BFD00012B2BF500012B2BF500012B2BFB00012B2B82009000F100012B2BFB00012B2B8200FE00012B2BFB00012B2BFD00012B2BF500012B2BF300052B2B00002B2BFB00012B2BFB00012B2BEF00012B2BFB00012B2BFD00012B2BFB00012B2BFD00012B2BFB00012B2BFD00012B2BF500012B2BF500012B2BFB00012B2B82009000F100012B2BFB00012B2B9700012B2BEB00012B2BF500012B2BF500012B2BF500012B2BFB00012B2BFD00012B2BFB00012B2BEF00012B2BF500012B2BF500012B2BFB00012B2BFD00012B2BF500012B2BF500FD2BFD00012B2B82009000F100012B2BFB00012B2B9700012B2BEB00012B2BF500012B2BF500012B2BF500012B2BFB00012B2BFD00012B2BFB00012B2BEF00012B2BF500012B2BF500012B2BFB00012B2BFD00012B2BF500012B2BF500FD2BFD00012B2B82009000F100F72B8200FE00012B2BF500012B2BF500F92BFB00012B2BFB00012B2BFD00F92BEB00FB2BFB00012B2BF500F92BFB00F92BFB00F92BFB00092B2B00002B2B00002B2B82009000F100F72B8200FE00012B2BF500012B2BF500F92BFB00012B2BFB00012B2BFD00F92BEB00FB2BFB00012B2BF500F92BFB00F92BFB00F92BFB00092B2B00002B2B00002B2B82009000F100012B2BFB00012B2B9700012B2BEB00012B2BF500012B2BF500012B2BF500F72BFD00052B2B00002B2BE300012B2BFD00012B2BF500052B2B00002B2BF900012B2BF500012B2BF500012B2BFD00FD2B82009000F100012B2BFB00012B2B9700012B2BEB00012B2BF500012B2BF500012B2BF500F72BFD00052B2B00002B2BE300012B2BFD00012B2BF500052B2B00002B2BF900012B2BF500012B2BF500012B2BFD00FD2B82009000F100012B2BFB00012B2B8200FE00012B2BFB00012B2BFD00012B2BF500012B2BF500012B2BFB00012B2BFD00012B2BFD00012B2BED00012B2BFB00012B2BFD00012B2BFB00012B2BFD00012B2BFD00012B2BFB00012B2BF500012B2BF500012B2BFB00012B2B82009000F100012B2BFB00012B2B8200FE00012B2BFB00012B2BFD00012B2BF500012B2BF500012B2BFB00012B2BFD00012B2BFD00012B2BED00012B2BFB00012B2BFD00012B2BFB00012B2BFD00012B2BFD00012B2BFB00012B2BF500012B2BF500012B2BFB00012B2B82009000F100012B2BFB00012B2B8200FC00FB2BFB00F72BFD00F72BFD00012B2BFB00012B2BFD00012B2BFB00012B2BED00FB2BF900FB2BFB00012B2BFB00012B2BFD00F72BFD00F72BFD00012B2BFB00012B2B82009000F100012B2BFB00012B2B8200FC00FB2BFB00F72BFD00F72BFD00012B2BFB00012B2BFD00012B2BFB00012B2BED00FB2BF900FB2BFB00012B2BFB00012B2BFD00F72BFD00F72BFD00012B2BFB00012B2B820090008200820082008200CD008200820082008200CD00EF00FB2B8200FC00012B2BFB00012B2BFD00F72BFD00012B2BF500F92B820082009D00EF00FB2B8200FC00012B2BFB00012B2BFD00F72BFD00012B2BF500F92B820082009D00F100012B2BFB00012B2B8200FE00012B2BFB00012B2BFD00012B2BF500012B2BF500012B2BFB00012B2B820082009F00F100012B2BFB00012B2B8200FE00012B2BFB00012B2BFD00012B2BF500012B2BF500012B2BFB00012B2B820082009F00EB00012B2B9500012B2BEB00012B2BFB00012B2BFD00012B2BF500012B2BF500012B2BFB00012B2B820082009F00EB00012B2B9500012B2BEB00012B2BFB00012B2BFD00012B2BF500012B2BF500012B2BFB00012B2B820082009F00ED00012B2B8200FA00F72BFD00F92BFB00012B2BF500F92B820082009D00ED00012B2B8200FA00F72BFD00F92BFB00012B2BF500F92B820082009D00ED00012B2B9300012B2BEB00012B2BFB00012B2BFD00012B2BF500012B2BF500012B2B820082009700ED00012B2B9300012B2BEB00012B2BFB00012B2BFD00012B2BF500012B2BF500012B2B8200820097008200E400012B2BFB00012B2BFD00012B2BF500012B2BF500012B2B8200820097008200E400012B2BFB00012B2BFD00012B2BF500012B2BF500012B2B820082009700ED00012B2B8200FA00012B2BFB00012B2BFD00F72BFD00F72BFD00012B2B820082009700ED00012B2B8200FA00012B2BFB00012B2BFD00F72BFD00F72BFD00012B2B8200820097008200820082008200CD008200820082008200CD00EF00FB2B8200FA00FB2BFB00012B2BFB00012B2BFB00FB2BFB00F72B820082009F00EF00FB2B8200FA00FB2BFB00012B2BFB00012B2BFB00FB2BFB00F72B820082009F00F100012B2BFB00012B2B8200FE00012B2BFB00012B2BFD00012B2BFB00012B2BF900012B2BF500012B2B820082009B00F100012B2BFB00012B2B8200FE00012B2BFB00012B2BFD00012B2BFB00012B2BF900012B2BF500012B2B820082009B00F100012B2BFB00012B2B9700012B2BEB00012B2BFB00012B2BFD00012B2BFB00012B2BF900012B2BF500012B2B820082009B00F100012B2BFB00012B2B9700012B2BEB00012B2BFB00012B2BFD00012B2BFB00012B2BF900012B2BF500012B2B820082009B00F100012B2BFB00012B2B8200FE00012B2BFB00012B2BFD00012B2BFB00012B2BF900012B2BF500012B2B820082009B00F100012B2BFB00012B2B8200FE00012B2BFB00012B2BFD00012B2BFB00012B2BF900012B2BF500012B2B820082009B00F100092B2B00002B2B00002B2B9700012B2BEB00092B2B00002B2B00002B2BFD00012B2BFB00012B2BF900012B2BF500012B2B820082009B00F100092B2B00002B2B00002B2B9700012B2BEB00092B2B00002B2B00002B2BFD00012B2BFB00012B2BF900012B2BF500012B2B820082009B00F100012B2BFD00012B2B8200FC00012B2BFD00012B2BFB00012B2BFB00012B2BF900012B2BF500012B2B820082009B00F100012B2BFD00012B2B8200FC00012B2BFD00012B2BFB00012B2BFB00012B2BF900012B2BF500012B2B820082009B00EF00FD2B0300002B2B8200FC00FD2B0300002B2BFB00FB2BF900FB2BF700012B2B820082009B00EF00FD2B0300002B2B8200FC00FD2B0300002B2BFB00FB2BF900FB2BF700012B2B820082009B008200820082008200CD008200820082008200CD008200820082008200CD008200820082008200CD008200820082008200CD008200820082008200CD008200820082008200CD008200820082008200CD008200820082008200CD008200820082008200CD008200820082008200CD008200820082008200CD008200820082008200CD008200820082008200CD008200820082008200CD008200820082008200CD008200820082008200CD008200820082008200CD00010000F92BFB00F72BFD00F92BFB00012B2BFB00012B2BFB00F92BED00FB2BF900FB2BFB00012B2BFB00012B2BFD00012B2BFB00012B2BF900012B2BF900012B2BFB00012B2BFD00F92BF900FB2BF900012B2B820082009900010000F92BFB00F72BFD00F92BFB00012B2BFB00012B2BFB00F92BED00FB2BF900FB2BFB00012B2BFB00012B2BFD00012B2BFB00012B2BF900012B2BF900012B2BFB00012B2BFD00F92BF900FB2BF900012B2B8200820099000300002B2BFB00012B2BFD00012B2BF500012B2BFB00012B2BFD00012B2BFB00012B2BFD00012B2BE700012B2BFB00012B2BFD00012B2BFB00012B2BFD00FD2B010000FD2BFD00FD2B010000FD2BFB00052B2B00002B2BFB00012B2BFB00012B2BFD00012B2BFB00012B2BFD00012B2BFB00012B2BF900012B2BF900092B2B00002B2B00002B2B82008200AD000300002B2BFB00012B2BFD00012B2BF500012B2BFB00012B2BFD00012B2BFB00012B2BFD00012B2BE700012B2BFB00012B2BFD00012B2BFB00012B2BFD00FD2B010000FD2BFD00FD2B010000FD2BFB00052B2B00002B2BFB00012B2BFB00012B2BFD00012B2BFB00012B2BFD00012B2BFB00012B2BF900012B2BF900092B2B00002B2B00002B2B82008200AD000300002B2BFB00012B2BFD00012B2BF500012B2BFB00012B2BFD00012B2BFB00012B2BFD00012B2BE700012B2BF500012B2BFB00012B2BFD00092B2B00002B2B00002B2BFD00092B2B00002B2B00002B2BFD00012B2BFB00012B2BFD00FD2BFD00012B2BFD00012B2BFB00012B2BFD00012B2BEF00012B2BF900052B2B00002B2B82008200AB000300002B2BFB00012B2BFD00012B2BF500012B2BFB00012B2BFD00012B2BFB00012B2BFD00012B2BE700012B2BF500012B2BFB00012B2BFD00092B2B00002B2B00002B2BFD00092B2B00002B2B00002B2BFD00012B2BFB00012B2BFD00FD2BFD00012B2BFD00012B2BFB00012B2BFD00012B2BEF00012B2BF900052B2B00002B2B82008200AB000300002B2BFB00012B2BFD00F92BFB00F92BFB00012B2BFB00012B2BFD00012B2BE700012B2BF500012B2BFB00012B2BFD00092B2B00002B2B00002B2BFD00092B2B00002B2B00002B2BFD00012B2BFB00012B2BFD00092B2B00002B2B00002B2BFD00012B2BFB00012B2BFB00FB2BF300012B2BFD00092B2B00002B2B00002B2B82008200AD000300002B2BFB00012B2BFD00F92BFB00F92BFB00012B2BFB00012B2BFD00012B2BE700012B2BF500012B2BFB00012B2BFD00092B2B00002B2B00002B2BFD00092B2B00002B2B00002B2BFD00012B2BFB00012B2BFD00092B2B00002B2B00002B2BFD00012B2BFB00012B2BFB00FB2BF300012B2BFD00092B2B00002B2B00002B2B82008200AD000300002B2BFB00012B2BFD00012B2BF500012B2BFB00012B2BFD00012B2BFB00012B2BFD00012B2BFD00FD2BEF00012B2BF500012B2BFB00012B2BFD00012B2BFB00012B2BFD00012B2BFB00012B2BFD00F72BFD00012B2BFD00FD2BFD00012B2BFB00012B2BF500012B2BF700012B2BF900052B2B00002B2B82008200AB000300002B2BFB00012B2BFD00012B2BF500012B2BFB00012B2BFD00012B2BFB00012B2BFD00012B2BFD00FD2BEF00012B2BF500012B2BFB00012B2BFD00012B2BFB00012B2BFD00012B2BFB00012B2BFD00F72BFD00012B2BFD00FD2BFD00012B2BFB00012B2BF500012B2BF700012B2BF900052B2B00002B2B82008200AB000300002B2BFB00012B2BFD00012B2BF500012B2BFB00012B2BFD00012B2BFB00012B2BFD00012B2BFB00012B2BEF00012B2BFB00012B2BFD00012B2BFB00012B2BFD00012B2BFB00012B2BFD00012B2BFB00012B2BFD00012B2BFB00012B2BFD00012B2BFB00012B2BFD00012B2BFB00012B2BFD00012B2BFB00012B2BF900012B2BF900092B2B00002B2B00002B2B82008200AD000300002B2BFB00012B2BFD00012B2BF500012B2BFB00012B2BFD00012B2BFB00012B2BFD00012B2BFB00012B2BEF00012B2BFB00012B2BFD00012B2BFB00012B2BFD00012B2BFB00012B2BFD00012B2BFB00012B2BFD00012B2BFB00012B2BFD00012B2BFB00012B2BFD00012B2BFB00012B2BFD00012B2BFB00012B2BF900012B2BF900092B2B00002B2B00002B2B82008200AD00010000F92BFB00F72BFD00F92BF900FB2BF900F92BED00FB2BF900FB2BFB00012B2BFB00012B2BFD00012B2BFB00012B2BFD00012B2BFB00012B2BFD00012B2BFB00012B2BFD00F92BF900FB2BF900012B2B820082009900010000F92BFB00F72BFD00F92BF900FB2BF900F92BED00FB2BF900FB2BFB00012B2BFB00012B2BFD00012B2BFB00012B2BFD00012B2BFB00012B2BFD00012B2BFB00012B2BFD00F92BF900FB2BF900012B2B8200820099008200820082008200CD008200820082008200CD000001002F002F00460046003F003F00400040004F004F0056005600300030000A000A000A000A000A000A000A000A000A000A000A000A000A000A000A000A000A000A0071007100D500D500B300B300B300B300B900B900E100E1007B007B000A000A002F002F004B004B0043004300470047004900490051005100320032000A000A000A000A000A000A000A000A000A000A000A000A000A000A000A000A000A000A0072007200CA00CA00B900B900AE00AE00BF00BF00DC00DC00730073000A000A00120012001E001E001C001C00240024001D001D001E001E00120012000A000A000A000A000A000A000A000A000A000A000A000A000A000A000A000A000A000A002100210042004200310031003D003D003500350042004200210021000A000A00360036003D003D0041004100440044003E003E003F003F00390039000A000A0013001300190019001400140014001400140014000F000F00140014000A000A003B003B005500550058005800560056004C004C0058005800400040000A000A004500450068006800660066005C005C005000500060006000500050000A000A00520052006B006B006A006A005E005E005D005D00610061005A005A000A000A004C004C005E005E006000600063006300600060005E005E004B004B000A000A0069006900900090008C008C007F007F008A008A0090009000760076000A000A00430043004F004F005100510055005500510051004F004F00430043000A000A00480048006F006F00680068005B005B006800680072007200580058000A000A00470047006E006E00680068004E004E00610061006F006F004A004A000A000A0044004400690069005D005D0048004800550055006A006A00540054000A000A0023002300300030002E002E001E001E002900290021002100240024000A000A00220022003000300033003300300030003900390030003000270027000A000A000A000A000A000A000A000A000A000A000A000A000A000A000A000A000A000A00590059008D008D0087008700870087007F007F0095009500580058000A000AFB00FBFDF900FBFDEB00FBFDFD00F7FDEF00F7FDFB00FBFDEB00FBFDF900FBFDE70001FDFDF700FBFD820082009100FB00FBFDF900FBFDEB00FBFDFD00F7FDEF00F7FDFB00FBFDEB00FBFDF900FBFDE70001FDFDF700FBFD820082009100FD0001FDFDF50001FDFDE70001FDFDF70001FDFDDF0001FDFDFD0001FDFDFB0001FDFDEF0001FDFDFB0001FDFDFD0001FDFDFB0001FDFDEB00FDFDF90001FDFD820082008B00FD0001FDFDF50001FDFDE70001FDFDF70001FDFDDF0001FDFDFD0001FDFDFB0001FDFDEF0001FDFDFB0001FDFDFD0001FDFDFB0001FDFDEB00FDFDF90001FDFD820082008B00030000FDFDF50001FDFDE70001FDFDF500F9FDE70001FDFDF30001FDFDE70001FDFDFD0001FDFDFD00FDFDED0005FDFD0000FDFDFB0001FDFD820082008900030000FDFDF50001FDFDE70001FDFDF500F9FDE70001FDFDF30001FDFDE70001FDFDFD0001FDFDFD00FDFDED0005FDFD0000FDFDFB0001FDFD820082008900010000F9FDFB00F9FDED00F9FDF30001FDFDEB0001FDFDF500FDFDE900FDFDFB0009FDFD0000FDFD0000FDFDEF0001FDFDFD0001FDFDFB00F9FD820082008F00010000F9FDFB00F9FDED00F9FDF30001FDFDEB0001FDFDF500FDFDE900FDFDFB0009FDFD0000FDFD0000FDFDEF0001FDFDFD0001FDFDFB00F9FD820082008F00030000FDFDFB0001FDFDFD0001FDFDFB0001FDFDEF0001FDFDFB0001FDFDF50001FDFDED0001FDFDF50001FDFDE70001FDFDF700FDFDFD0001FDFDEF00F7FDFD0001FDFDFB0001FDFD820082009100030000FDFDFB0001FDFDFD0001FDFDFB0001FDFDEF0001FDFDFB0001FDFDF50001FDFDED0001FDFDF50001FDFDE70001FDFDF700FDFDFD0001FDFDEF00F7FDFD0001FDFDFB0001FDFD820082009100030000FDFDFB0001FDFDFD0001FDFDFB0001FDFDEF0001FDFDFB0001FDFDFD0001FDFDFB0001FDFDED0001FDFDF70001FDFDE70001FDFDF50001FDFDFB0001FDFDE90001FDFDFB0001FDFDFB0001FDFD820082009100030000FDFDFB0001FDFDFD0001FDFDFB0001FDFDEF0001FDFDFB0001FDFDFD0001FDFDFB0001FDFDED0001FDFDF70001FDFDE70001FDFDF50001FDFDFB0001FDFDE90001FDFDFB0001FDFDFB0001FDFD820082009100FD00FBFDF900FBFDEB00FBFDF900FBFDEB0001FDFDF700F7FDEF00F7FDFB00FBFDE70001FDFDF900FBFD820082008F00FD00FBFDF900FBFDEB00FBFDF900FBFDEB0001FDFDF700F7FDEF00F7FDFB00FBFDE70001FDFDF900FBFD820082008F008200820082008200CD008200820082008200CD008200820082008200CD008200820082008200CD008200820082008200CD008200820082008200CD008200820082008200CD008200820082008200CD008200820082008200CD008200820082008200CD008200820082008200CD008200820082008200CD008200820082008200CD008200820082008200CD008200820082008200CD008200820082008200CD008200820082008200CD008200820082008200CD00FB0001FDFDF700FBFDFB00F9FDFB00F9FDF900FBFDDF00F7FDFD00F7FDEB00FBFDFB00FBFDE900FBFDFB00FBFDEB00FBFDFB00F9FDEB00FBFDF900FBFDE70001FDFDFB00F7FDEF00F7FDFB00FBFDED00F7FDFB00FBFDE900FBFDFD00F7FDEF00F7FDFB00FBFDED00F7FDF90001FDFDED00FB0001FDFDF700FBFDFB00F9FDFB00F9FDF900FBFDDF00F7FDFD00F7FDEB00FBFDFB00FBFDE900FBFDFB00FBFDEB00FBFDFB00F9FDEB00FBFDF900FBFDE70001FDFDFB00F7FDEF00F7FDFB00FBFDED00F7FDFB00FBFDE900FBFDFD00F7FDEF00F7FDFB00FBFDED00F7FDF90001FDFDED000B0000FDFD0000FDFD0000FDFDFD0001FDFDFB0001FDFDFD0001FDFDFB0001FDFDFD0001FDFDFB0001FDFDFD0001FDFDFB0001FDFDD90001FDFDFD0001FDFDE50001FDFDF70001FDFDFB0001FDFDED0001FDFDF70001FDFDFB0001FDFDEF0001FDFDFB0001FDFDFD0001FDFDFB0001FDFDEF0001FDFDFB0001FDFDFD0001FDFDFB0001FDFDEB00FDFDFB0001FDFDDF0001FDFDFD0001FDFDFB0001FDFDE70001FDFDFD0001FDFDFB0001FDFDED0001FDFDF70001FDFDDF0001FDFDFD0001FDFDFB0001FDFDE70001FDFDFB0005FDFD0000FDFDEF000B0000FDFD0000FDFD0000FDFDFD0001FDFDFB0001FDFDFD0001FDFDFB0001FDFDFD0001FDFDFB0001FDFDFD0001FDFDFB0001FDFDD90001FDFDFD0001FDFDE50001FDFDF70001FDFDFB0001FDFDED0001FDFDF70001FDFDFB0001FDFDEF0001FDFDFB0001FDFDFD0001FDFDFB0001FDFDEF0001FDFDFB0001FDFDFD0001FDFDFB0001FDFDEB00FDFDFB0001FDFDDF0001FDFDFD0001FDFDFB0001FDFDE70001FDFDFD0001FDFDFB0001FDFDED0001FDFDF70001FDFDDF0001FDFDFD0001FDFDFB0001FDFDE70001FDFDFB0005FDFD0000FDFDEF00FD00FBFDF30001FDFDFD0001FDFDFB0001FDFDFD0001FDFDFB0001FDFDFD0001FDFDFD00FDFDF90001FDFDE50001FDFDFB00F9FDED0001FDFDF50001FDFDE70001FDFDF50001FDFDE70001FDFDFD00FDFDFD0001FDFDFB0001FDFDEF0001FDFDFD00FDFDFD0001FDFDFD00FDFDED0005FDFD0000FDFDFB00F9FDE70001FDFDF30001FDFDE90001FDFDF30001FDFDEF0001FDFDF50001FDFDE10001FDFDF30001FDFDE90001FDFDFB0001FDFDFB0001FDFDF100FD00FBFDF30001FDFDFD0001FDFDFB0001FDFDFD0001FDFDFB0001FDFDFD0001FDFDFD00FDFDF90001FDFDE50001FDFDFB00F9FDED0001FDFDF50001FDFDE70001FDFDF50001FDFDE70001FDFDFD00FDFDFD0001FDFDFB0001FDFDEF0001FDFDFD00FDFDFD0001FDFDFD00FDFDED0005FDFD0000FDFDFB00F9FDE70001FDFDF30001FDFDE90001FDFDF30001FDFDEF0001FDFDF50001FDFDE10001FDFDF30001FDFDE90001FDFDFB0001FDFDFB0001FDFDF100FB0001FDFDF500FDFDFB0001FDFDFB0001FDFDFD00F9FDFB0009FDFD0000FDFD0000FDFDDD0001FDFDF10001FDFDEF00F9FDFB0001FDFDE700F9FDFB0001FDFDE70009FDFD0000FDFD0000FDFDFD0001FDFDFB0001FDFDEF0009FDFD0000FDFD0000FDFDFD0009FDFD0000FDFD0000FDFDEF0001FDFDFD0001FDFDF30001FDFDEB0001FDFDF500FDFDE90001FDFDF500FDFDED00F9FDFB00F9FDE90001FDFDF500FDFDE900FDFDFB0001FDFDFB0001FDFDF100FB0001FDFDF500FDFDFB0001FDFDFB0001FDFDFD00F9FDFB0009FDFD0000FDFD0000FDFDDD0001FDFDF10001FDFDEF00F9FDFB0001FDFDE700F9FDFB0001FDFDE70009FDFD0000FDFD0000FDFDFD0001FDFDFB0001FDFDEF0009FDFD0000FDFD0000FDFDFD0009FDFD0000FDFD0000FDFDEF0001FDFDFD0001FDFDF30001FDFDEB0001FDFDF500FDFDE90001FDFDF500FDFDED00F9FDFB00F9FDE90001FDFDF500FDFDE900FDFDFB0001FDFDFB0001FDFDF100FD00FBFDF90001FDFDF70001FDFDFB0001FDFDFD0001FDFDFB0001FDFDFD00FDFDFD0001FDFDF90001FDFDE90001FDFDEF0001FDFDEF0001FDFDFB0001FDFDFD0001FDFDE70001FDFDFB0001FDFDFD0001FDFDE700FDFDFD0001FDFDFD0001FDFDFB0001FDFDEF00FDFDFD0001FDFDFD00FDFDFD0001FDFDEF00F7FDF50001FDFDED0001FDFDF50001FDFDE70001FDFDF50001FDFDE90001FDFDFB0001FDFDFD0001FDFDE50001FDFDF50001FDFDE10001FDFDFD00F7FDF100FD00FBFDF90001FDFDF70001FDFDFB0001FDFDFD0001FDFDFB0001FDFDFD00FDFDFD0001FDFDF90001FDFDE90001FDFDEF0001FDFDEF0001FDFDFB0001FDFDFD0001FDFDE70001FDFDFB0001FDFDFD0001FDFDE700FDFDFD0001FDFDFD0001FDFDFB0001FDFDEF00FDFDFD0001FDFDFD00FDFDFD0001FDFDEF00F7FDF50001FDFDED0001FDFDF50001FDFDE70001FDFDF50001FDFDE90001FDFDFB0001FDFDFD0001FDFDE50001FDFDF50001FDFDE10001FDFDFD00F7FDF1000B0000FDFD0000FDFD0000FDFDFD0001FDFDF50001FDFDFB0001FDFDFD0001FDFDFB0001FDFDFD0001FDFDFB0001FDFDDF0001FDFDF70001FDFDFB0001FDFDEF0001FDFDFB0001FDFDFD0001FDFDFB0001FDFDEF0001FDFDFB0001FDFDFD0001FDFDFB0001FDFDEF0001FDFDFB0001FDFDFD0001FDFDFB0001FDFDEF0001FDFDFB0001FDFDFD0001FDFDFB0001FDFDE90001FDFDFB0001FDFDFB0001FDFDED0001FDFDF70001FDFDE50001FDFDF70001FDFDE70001FDFDFB0001FDFDFD0001FDFDE50001FDFDF70001FDFDE70001FDFDFB0001FDFDFD0001FDFDFB0001FDFDF1000B0000FDFD0000FDFD0000FDFDFD0001FDFDF50001FDFDFB0001FDFDFD0001FDFDFB0001FDFDFD0001FDFDFB0001FDFDDF0001FDFDF70001FDFDFB0001FDFDEF0001FDFDFB0001FDFDFD0001FDFDFB0001FDFDEF0001FDFDFB0001FDFDFD0001FDFDFB0001FDFDEF0001FDFDFB0001FDFDFD0001FDFDFB0001FDFDEF0001FDFDFB0001FDFDFD0001FDFDFB0001FDFDE90001FDFDFB0001FDFDFB0001FDFDED0001FDFDF70001FDFDE50001FDFDF70001FDFDE70001FDFDFB0001FDFDFD0001FDFDE50001FDFDF70001FDFDE70001FDFDFB0001FDFDFD0001FDFDFB0001FDFDF100FB0001FDFDF900F7FDFD00F9FDFB00F9FDF900FBFDDD0001FDFDF500FBFDEB00FBFDF900FBFDEB00FBFDF900FBFDEB00FBFDFB00F9FDEB00FBFDF900FBFDE70001FDFDF900FBFDEB0001FDFDF700F7FDED0001FDFDF700F7FDED00FBFDFB0001FDFDE50001FDFDF700F7FDED00FBFDFB0001FDFDFB0001FDFDF100FB0001FDFDF900F7FDFD00F9FDFB00F9FDF900FBFDDD0001FDFDF500FBFDEB00FBFDF900FBFDEB00FBFDF900FBFDEB00FBFDFB00F9FDEB00FBFDF900FBFDE70001FDFDF900FBFDEB0001FDFDF700F7FDED0001FDFDF700F7FDED00FBFDFB0001FDFDE50001FDFDF700F7FDED00FBFDFB0001FDFDFB0001FDFDF1008200820082008200CD008200820082008200CD00FD00FBFDF900FBFDED00F7FDF70001FDFDE900FBFDFD00F7FDEB00FBFDFD00F7FDED00FBFDF900FBFD820082008F00FD00FBFDF900FBFDED00F7FDF70001FDFDE900FBFDFD00F7FDEB00FBFDFD00F7FDED00FBFDF900FBFD820082008F00030000FDFDFB0001FDFDFD0001FDFDFB0001FDFDEF0001FDFDF100FDFDEB0001FDFDF70001FDFDE50001FDFDF70001FDFDE70001FDFDFB0001FDFDFD0001FDFDFB0001FDFD820082009100030000FDFDFB0001FDFDFD0001FDFDFB0001FDFDEF0001FDFDF100FDFDEB0001FDFDF70001FDFDE50001FDFDF70001FDFDE70001FDFDFB0001FDFDFD0001FDFDFB0001FDFD820082009100F70001FDFDFD0001FDFDFD00FDFDEF00F9FDF90005FDFD0000FDFDED0001FDFDF50001FDFDE70001FDFDF50001FDFDDF0001FDFDFD0001FDFDFD00FDFD820082009100F70001FDFDFD0001FDFDFD00FDFDEF00F9FDF90005FDFD0000FDFDED0001FDFDF50001FDFDE70001FDFDF50001FDFDDF0001FDFDFD0001FDFDFD00FDFD820082009100FB00FDFDFB0009FDFD0000FDFD0000FDFDE70001FDFDFD0001FDFDFD0001FDFDED00F9FDFB00F9FDED00F9FDFB00F9FDE900FDFDFB0009FDFD0000FDFD0000FDFD820082009100FB00FDFDFB0009FDFD0000FDFD0000FDFDE70001FDFDFD0001FDFDFD0001FDFDED00F9FDFB00F9FDED00F9FDFB00F9FDE900FDFDFB0009FDFD0000FDFD0000FDFD820082009100FD0001FDFDF700FDFDFD0001FDFDE70001FDFDFD00F7FDEF0001FDFDFB0001FDFDFD0001FDFDE70001FDFDFB0001FDFDFD0001FDFDE50001FDFDF700FDFDFD0001FDFD820082009100FD0001FDFDF700FDFDFD0001FDFDE70001FDFDFD00F7FDEF0001FDFDFB0001FDFDFD0001FDFDE70001FDFDFB0001FDFDFD0001FDFDE50001FDFDF700FDFDFD0001FDFD820082009100030000FDFDF50001FDFDFB0001FDFDEF0001FDFDFB0001FDFDF70001FDFDED0001FDFDFB0001FDFDFD0001FDFDE70001FDFDFB0001FDFDFD0001FDFDE70001FDFDF50001FDFDFB0001FDFD820082009100030000FDFDF50001FDFDFB0001FDFDEF0001FDFDFB0001FDFDF70001FDFDED0001FDFDFB0001FDFDFD0001FDFDE70001FDFDFB0001FDFDFD0001FDFDE70001FDFDF50001FDFDFB0001FDFD820082009100010000F7FDFB00FBFDEB00FBFDF50001FDFDEB00FBFDFB0001FDFDE500FBFDFB0001FDFDE700F7FDFB00FBFD820082008F00010000F7FDFB00FBFDEB00FBFDF50001FDFDEB00FBFDFB0001FDFDE500FBFDFB0001FDFDE700F7FDFB00FBFD820082008F008200820082008200CD008200820082008200CD008200820082008200CD008200820082008200CD008200820082008200CD008200820082008200CD008200820082008200CD008200820082008200CD008200820082008200CD008200820082008200CD008200820082008200CD008200820082008200CD008200820082008200CD008200820082008200CD008200820082008200CD008200820082008200CD008200820082008200CD008200820082008200CD00FB0001FDFDF700FBFDFB00F9FDF900FBFDF900FBFDD90001FDFDFB00F9FDE900FBFDF90001FDFDE700FBFDFD00F7FDEF00F7FDFB00FBFDEB00FBFDF900FBFDE70001FDFDF900FBFDE900FBFDFB00FBFDE900FBFDFD00F7FDEB00FBFDFD00F7FDEF00F7FDFD00F7FDED00FBFDFB00F9FDEF00FB0001FDFDF700FBFDFB00F9FDF900FBFDF900FBFDD90001FDFDFB00F9FDE900FBFDF90001FDFDE700FBFDFD00F7FDEF00F7FDFB00FBFDEB00FBFDF900FBFDE70001FDFDF900FBFDE900FBFDFB00FBFDE900FBFDFD00F7FDEB00FBFDFD00F7FDEF00F7FDFD00F7FDED00FBFDFB00F9FDEF000B0000FDFD0000FDFD0000FDFDFD0001FDFDFB0001FDFDFD0001FDFDFB0001FDFDFD0001FDFDFB0001FDFDFD0001FDFDFB0001FDFDDD00FDFDFB0001FDFDFB0001FDFDED0001FDFDF500FDFDE90001FDFDF70001FDFDDF0001FDFDFD0001FDFDFB0001FDFDEF0001FDFDFB0001FDFDFD0001FDFDFB0001FDFDEB00FDFDFB0001FDFDFB0001FDFDED0001FDFDF70001FDFDFB0001FDFDED0001FDFDF70001FDFDE50001FDFDF70001FDFDDF0001FDFDF50001FDFDEF0001FDFDFB0001FDFDFD0001FDFDFB0001FDFDF1000B0000FDFD0000FDFD0000FDFDFD0001FDFDFB0001FDFDFD0001FDFDFB0001FDFDFD0001FDFDFB0001FDFDFD0001FDFDFB0001FDFDDD00FDFDFB0001FDFDFB0001FDFDED0001FDFDF500FDFDE90001FDFDF70001FDFDDF0001FDFDFD0001FDFDFB0001FDFDEF0001FDFDFB0001FDFDFD0001FDFDFB0001FDFDEB00FDFDFB0001FDFDFB0001FDFDED0001FDFDF70001FDFDFB0001FDFDED0001FDFDF70001FDFDE50001FDFDF70001FDFDDF0001FDFDF50001FDFDEF0001FDFDFB0001FDFDFD0001FDFDFB0001FDFDF100FD00FBFDF30001FDFDFD0001FDFDFB0001FDFDFD0001FDFDF50001FDFDFD00FDFDF90001FDFDE90005FDFD0000FDFDFB0001FDFDFB0001FDFDEF0001FDFDF10001FDFDEB0001FDFDF50001FDFDE10001FDFDFB0001FDFDFB0001FDFDE70001FDFDFD0001FDFDFD00FDFDED0005FDFD0000FDFDFB0001FDFDE70001FDFDF50001FDFDFB0001FDFDEF0001FDFDF50001FDFDE70001FDFDF500F9FDE70001FDFDF50001FDFDED0001FDFDFD00FDFDFD0001FDFDFB0001FDFDF100FD00FBFDF30001FDFDFD0001FDFDFB0001FDFDFD0001FDFDF50001FDFDFD00FDFDF90001FDFDE90005FDFD0000FDFDFB0001FDFDFB0001FDFDEF0001FDFDF10001FDFDEB0001FDFDF50001FDFDE10001FDFDFB0001FDFDFB0001FDFDE70001FDFDFD0001FDFDFD00FDFDED0005FDFD0000FDFDFB0001FDFDE70001FDFDF50001FDFDFB0001FDFDEF0001FDFDF50001FDFDE70001FDFDF500F9FDE70001FDFDF50001FDFDED0001FDFDFD00FDFDFD0001FDFDFB0001FDFDF100FB0001FDFDF500FDFDFB0001FDFDFB0001FDFDFD0001FDFDF50009FDFD0000FDFD0000FDFDE10001FDFDFD0001FDFDFB0001FDFDFB0001FDFDEF00F9FDF70001FDFDEB00F9FDFB00F9FDE90001FDFDF700F9FDEB00FDFDFB0009FDFD0000FDFD0000FDFDEF0001FDFDFD0001FDFDFB0001FDFDE700F9FDF900F9FDEF00F9FDFB00F9FDED00F9FDF30001FDFDEB0001FDFDF500FDFDED0009FDFD0000FDFD0000FDFDFD0001FDFDFB0001FDFDF100FB0001FDFDF500FDFDFB0001FDFDFB0001FDFDFD0001FDFDF50009FDFD0000FDFD0000FDFDE10001FDFDFD0001FDFDFB0001FDFDFB0001FDFDEF00F9FDF70001FDFDEB00F9FDFB00F9FDE90001FDFDF700F9FDEB00FDFDFB0009FDFD0000FDFD0000FDFDEF0001FDFDFD0001FDFDFB0001FDFDE700F9FDF900F9FDEF00F9FDFB00F9FDED00F9FDF30001FDFDEB0001FDFDF500FDFDED0009FDFD0000FDFD0000FDFDFD0001FDFDFB0001FDFDF100FD00FBFDF90001FDFDF70001FDFDFB0001FDFDFD0001FDFDF500FDFDFD0001FDFDF90001FDFDEB00F7FDFD0001FDFDFB0001FDFDEF0001FDFDFB0001FDFDF90001FDFDEB0001FDFDFB0001FDFDFD0001FDFDE50001FDFDEF0001FDFDED0001FDFDF700FDFDFD0001FDFDEF00F7FDFD0001FDFDE70001FDFDFB0001FDFDF50001FDFDEF0001FDFDFB0001FDFDFD0001FDFDE70001FDFDFB0001FDFDF50001FDFDED0001FDFDEF0001FDFDEF00FDFDFD0001FDFDFD0001FDFDFB0001FDFDF100FD00FBFDF90001FDFDF70001FDFDFB0001FDFDFD0001FDFDF500FDFDFD0001FDFDF90001FDFDEB00F7FDFD0001FDFDFB0001FDFDEF0001FDFDFB0001FDFDF90001FDFDEB0001FDFDFB0001FDFDFD0001FDFDE50001FDFDEF0001FDFDED0001FDFDF700FDFDFD0001FDFDEF00F7FDFD0001FDFDE70001FDFDFB0001FDFDF50001FDFDEF0001FDFDFB0001FDFDFD0001FDFDE70001FDFDFB0001FDFDF50001FDFDED0001FDFDEF0001FDFDEF00FDFDFD0001FDFDFD0001FDFDFB0001FDFDF1000B0000FDFD0000FDFD0000FDFDFD0001FDFDF50001FDFDFB0001FDFDFD0001FDFDFB0001FDFDFD0001FDFDFB0001FDFDDB0001FDFDFB0001FDFDFB0001FDFDEF0001FDFDFB0001FDFDF90001FDFDEB0001FDFDFB0001FDFDFD0001FDFDE50001FDFDF10001FDFDED0001FDFDF50001FDFDFB0001FDFDE90001FDFDFB0001FDFDFB0001FDFDEF0001FDFDFB0001FDFDF70001FDFDED0001FDFDFB0001FDFDFD0001FDFDE70001FDFDFB0001FDFDFD0001FDFDFB0001FDFDED0001FDFDF70001FDFDFB0001FDFDEF0001FDFDFB0001FDFDFD0001FDFDFB0001FDFDF1000B0000FDFD0000FDFD0000FDFDFD0001FDFDF50001FDFDFB0001FDFDFD0001FDFDFB0001FDFDFD0001FDFDFB0001FDFDDB0001FDFDFB0001FDFDFB0001FDFDEF0001FDFDFB0001FDFDF90001FDFDEB0001FDFDFB0001FDFDFD0001FDFDE50001FDFDF10001FDFDED0001FDFDF50001FDFDFB0001FDFDE90001FDFDFB0001FDFDFB0001FDFDEF0001FDFDFB0001FDFDF70001FDFDED0001FDFDFB0001FDFDFD0001FDFDE70001FDFDFB0001FDFDFD0001FDFDFB0001FDFDED0001FDFDF70001FDFDFB0001FDFDEF0001FDFDFB0001FDFDFD0001FDFDFB0001FDFDF100FB0001FDFDF900F7FDFD00F9FDF900FBFDF900FBFDD90001FDFDFB00F9FDEB00FBFDF900FBFDEB00FBFDFB00F7FDED0001FDFDF700FBFDEB00F7FDFB00FBFDE70001FDFDF900FBFDEB00FBFDFB00FBFDE900FBFDFB00F7FDED00FBFDF900FBFDEB0001FDFDF500FBFDEB00FBFDFB00F9FDEF00FB0001FDFDF900F7FDFD00F9FDF900FBFDF900FBFDD90001FDFDFB00F9FDEB00FBFDF900FBFDEB00FBFDFB00F7FDED0001FDFDF700FBFDEB00F7FDFB00FBFDE70001FDFDF900FBFDEB00FBFDFB00FBFDE900FBFDFB00F7FDED00FBFDF900FBFDEB0001FDFDF500FBFDEB00FBFDFB00F9FDEF008200820082008200CD008200820082008200CD00FD00FBFDF900FBFD8200820082008200E500FD00FBFDF900FBFD8200820082008200E500030000FDFDFB0001FDFDFD0001FDFDFB0001FDFD8200820082008200E700030000FDFDFB0001FDFDFD0001FDFDFB0001FDFD8200820082008200E700030000FDFDFD00FDFDFD0001FDFDFD00FDFD8200820082008200E700030000FDFDFD00FDFDFD0001FDFDFD00FDFD8200820082008200E7000B0000FDFD0000FDFD0000FDFDFD0009FDFD0000FDFD0000FDFD8200820082008200E7000B0000FDFD0000FDFD0000FDFDFD0009FDFD0000FDFD0000FDFD8200820082008200E700010000FDFDFD0001FDFDFD00FDFDFD0001FDFD8200820082008200E700010000FDFDFD0001FDFDFD00FDFDFD0001FDFD8200820082008200E700030000FDFDFB0001FDFDFD0001FDFDFB0001FDFD8200820082008200E700030000FDFDFB0001FDFDFD0001FDFDFB0001FDFD8200820082008200E700FD00FBFDF900FBFD8200820082008200E500FD00FBFDF900FBFD8200820082008200E5008200820082008200CD008200820082008200CD008200820082008200CD008200820082008200CD008200820082008200CD008200820082008200CD008200820082008200CD008200820082008200CD008200820082008200CD008200820082008200CD008200820082008200CD008200820082008200CD008200820082008200CD008200820082008200CD008200820082008200CD008200820082008200CD008200820082008200CD008200820082008200CD00FB0001FDFDF700FBFDF900FBFDF900FBFDF900FBFDF900F9FD820082008200A000FB0001FDFDF700FBFDF900FBFDF900FBFDF900FBFDF900F9FD820082008200A0000B0000FDFD0000FDFD0000FDFDFD0001FDFDFB0001FDFDFD0001FDFDFB0001FDFDFD0001FDFDFB0001FDFDFD0001FDFDFB0001FDFDFD0001FDFD82008200820098000B0000FDFD0000FDFD0000FDFDFD0001FDFDFB0001FDFDFD0001FDFDFB0001FDFDFD0001FDFDFB0001FDFDFD0001FDFDFB0001FDFDFD0001FDFD8200820082009800FD00FBFDF30001FDFDFD0001FDFDFD00FDFDFD0001FDFDFD00FDFDFD0001FDFDFD00FDFDFD0001FDFD8200820082009800FD00FBFDF30001FDFDFD0001FDFDFD00FDFDFD0001FDFDFD00FDFDFD0001FDFDFD00FDFDFD0001FDFD8200820082009800FB0001FDFDF500FDFDFB0009FDFD0000FDFD0000FDFDFD0009FDFD0000FDFD0000FDFDFD0009FDFD0000FDFD0000FDFDFD0001FDFD8200820082009800FB0001FDFDF500FDFDFB0009FDFD0000FDFD0000FDFDFD0009FDFD0000FDFD0000FDFDFD0009FDFD0000FDFD0000FDFDFD0001FDFD8200820082009800FD00FBFDF90001FDFDF700FDFDFD0001FDFDFD00FDFDFD0001FDFDFD00FDFDFD0001FDFDFD0001FDFDFD00FDFD820082008200A000FD00FBFDF90001FDFDF700FDFDFD0001FDFDFD00FDFDFD0001FDFDFD00FDFDFD0001FDFDFD0001FDFDFD00FDFD820082008200A0000B0000FDFD0000FDFD0000FDFDFD0001FDFDF50001FDFDFB0001FDFDFD0001FDFDFB0001FDFDFD0001FDFDFB0001FDFDFD0001FDFDFB0001FDFD820082008200A0000B0000FDFD0000FDFD0000FDFDFD0001FDFDF50001FDFDFB0001FDFDFD0001FDFDFB0001FDFDFD0001FDFDFB0001FDFDFD0001FDFDFB0001FDFD820082008200A000FB0001FDFDF900F7FDFB00FBFDF900FBFDF900FBFDF900F9FD820082008200A000FB0001FDFDF900F7FDFB00FBFDF900FBFDF900FBFDF900F9FD820082008200A0008200820082008200CD008200820082008200CD00030000FDFDFB0001FDFDFB00FBFDFB0001FDFDFB0001FDFDFB00FBFDFB00F7FDFD00F9FDE90001FDFDE70001FDFD820082008200D400030000FDFDFB0001FDFDFB00FBFDFB0001FDFDFB0001FDFDFB00FBFDFB00F7FDFD00F9FDE90001FDFDE70001FDFD820082008200D400010000FDFD010000FDFDF90001FDFDF90001FDFDFB0001FDFDF90001FDFDF90001FDFDF50001FDFDFB0001FDFDED00FDFDE900FDFD820082008200D400010000FDFD010000FDFDF90001FDFDF90001FDFDFB0001FDFDF90001FDFDF90001FDFDF50001FDFDFB0001FDFDED00FDFDE900FDFD820082008200D4000B0000FDFD0000FDFD0000FDFDF90001FDFDF900FDFDFD0001FDFDF90001FDFDF90001FDFDF50001FDFDFB0001FDFDEB0001FDFDE70001FDFD820082008200D4000B0000FDFD0000FDFD0000FDFDF90001FDFDF900FDFDFD0001FDFDF90001FDFDF90001FDFDF50001FDFDFB0001FDFDEB0001FDFDE70001FDFD820082008200D4000B0000FDFD0000FDFD0000FDFDF90001FDFDF90009FDFD0000FDFD0000FDFDF90001FDFDF900F9FDFB0001FDFDFB0001FDFDEB0001FDFDE70001FDFD820082008200D4000B0000FDFD0000FDFD0000FDFDF90001FDFDF90009FDFD0000FDFD0000FDFDF90001FDFDF900F9FDFB0001FDFDFB0001FDFDEB0001FDFDE70001FDFD820082008200D400030000FDFDFB0001FDFDF90001FDFDF90001FDFDFD00FDFDF90001FDFDF90001FDFDF50001FDFDFB0001FDFDEB0001FDFDE70001FDFD820082008200D400030000FDFDFB0001FDFDF90001FDFDF90001FDFDFD00FDFDF90001FDFDF90001FDFDF50001FDFDFB0001FDFDEB0001FDFDE70001FDFD820082008200D400030000FDFDFB0001FDFDF90001FDFDF90001FDFDFB0001FDFDF90001FDFDF90001FDFDF50001FDFDFB0001FDFDEB0001FDFDE70001FDFD820082008200D400030000FDFDFB0001FDFDF90001FDFDF90001FDFDFB0001FDFDF90001FDFDF90001FDFDF50001FDFDFB0001FDFDEB0001FDFDE70001FDFD820082008200D400030000FDFDFB0001FDFDFB00FBFDFB0001FDFDFB0001FDFDFB00FBFDFB00F7FDFD00F9FDEB00FBFDF70001FDFDF700FBFD820082008200D600030000FDFDFB0001FDFDFB00FBFDFB0001FDFDFB0001FDFDFB00FBFDFB00F7FDFD00F9FDEB00FBFDF70001FDFDF700FBFD820082008200D6008200820082008200CD008200820082008200CD00FD0001FDFDF500FBFD8200820082008200E500FD0001FDFDF500FBFD8200820082008200E500FB0001FDFDF90001FDFDFB0001FDFD8200820082008200E700FB0001FDFDF90001FDFDFB0001FDFD8200820082008200E700F90001FDFDF50001FDFD8200820082008200E500F90001FDFDF50001FDFD8200820082008200E500F70001FDFDF90001FDFD8200820082008200E300F70001FDFDF90001FDFD8200820082008200E300F90001FDFDF70001FDFD8200820082008200E300F90001FDFDF70001FDFD8200820082008200E300FB0001FDFD8200820082008200D500FB0001FDFD8200820082008200D500FD0001FDFDF30001FDFD8200820082008200E300FD0001FDFDF30001FDFD8200820082008200E3008200820082008200CD008200820082008200CD00FD00FBFDF900FBFDFB0001FDFDFB0001FDFDFD0001FDFDFB0001FDFDF90001FDFDF90001FDFDFB0001FDFDFD00F9FDF900FBFD820082008200BA00FD00FBFDF900FBFDFB0001FDFDFB0001FDFDFD0001FDFDFB0001FDFDF90001FDFDF90001FDFDFB0001FDFDFD00F9FDF900FBFD820082008200BA00030000FDFDFB0001FDFDFD0001FDFDFB0001FDFDFD00FDFD010000FDFDFD00FDFD010000FDFDFB0005FDFD0000FDFDFB0001FDFDFB0001FDFDFD0001FDFDFB0001FDFDFD0001FDFDFB0001FDFD820082008200BC00030000FDFDFB0001FDFDFD0001FDFDFB0001FDFDFD00FDFD010000FDFDFD00FDFD010000FDFDFB0005FDFD0000FDFDFB0001FDFDFB0001FDFDFD0001FDFDFB0001FDFDFD0001FDFDFB0001FDFD820082008200BC00030000FDFDF50001FDFDFB0001FDFDFD0009FDFD0000FDFD0000FDFDFD0009FDFD0000FDFD0000FDFDFD0001FDFDFB0001FDFDFD00FDFDFD0001FDFDFD0001FDFDFB0001FDFDFD0001FDFDF10001FDFD820082008200C600030000FDFDF50001FDFDFB0001FDFDFD0009FDFD0000FDFD0000FDFDFD0009FDFD0000FDFD0000FDFDFD0001FDFDFB0001FDFDFD00FDFDFD0001FDFDFD0001FDFDFB0001FDFDFD0001FDFDF10001FDFD820082008200C600030000FDFDF50001FDFDFB0001FDFDFD0009FDFD0000FDFD0000FDFDFD0009FDFD0000FDFD0000FDFDFD0001FDFDFB0001FDFDFD0009FDFD0000FDFD0000FDFDFD0001FDFDFB0001FDFDFB00FBFD820082008200BA00030000FDFDF50001FDFDFB0001FDFDFD0009FDFD0000FDFD0000FDFDFD0009FDFD0000FDFD0000FDFDFD0001FDFDFB0001FDFDFD0009FDFD0000FDFD0000FDFDFD0001FDFDFB0001FDFDFB00FBFD820082008200BA00030000FDFDF50001FDFDFB0001FDFDFD0001FDFDFB0001FDFDFD0001FDFDFB0001FDFDFD00F7FDFD0001FDFDFD00FDFDFD0001FDFDFB0001FDFDF50001FDFDF90001FDFD820082008200C600030000FDFDF50001FDFDFB0001FDFDFD0001FDFDFB0001FDFDFD0001FDFDFB0001FDFDFD00F7FDFD0001FDFDFD00FDFDFD0001FDFDFB0001FDFDF50001FDFDF90001FDFD820082008200C600030000FDFDFB0001FDFDFD0001FDFDFB0001FDFDFD0001FDFDFB0001FDFDFD0001FDFDFB0001FDFDFD0001FDFDFB0001FDFDFD0001FDFDFB0001FDFDFD0001FDFDFB0001FDFDFD0001FDFDFB0001FDFD820082008200BC00030000FDFDFB0001FDFDFD0001FDFDFB0001FDFDFD0001FDFDFB0001FDFDFD0001FDFDFB0001FDFDFD0001FDFDFB0001FDFDFD0001FDFDFB0001FDFDFD0001FDFDFB0001FDFDFD0001FDFDFB0001FDFD820082008200BC00FD00FBFDF900FBFDFB0001FDFDFB0001FDFDFD0001FDFDFB0001FDFDFD0001FDFDFB0001FDFDFD0001FDFDFB0001FDFDFD00F9FDF900FBFD820082008200BA00FD00FBFDF900FBFDFB0001FDFDFB0001FDFDFD0001FDFDFB0001FDFDFD0001FDFDFB0001FDFDFD0001FDFDFB0001FDFDFD00F9FDF900FBFD820082008200BA008200820082008200CD008200820082008200CD00ED0001FDFD8200F60001FDFDF900F9FDFB00F9FDFB00F7FDFD0001FDFDFB0001FDFDFD00F9FDED0001FDFDF300FBFDFB0001FDFDFB0001FDFDFD00F7FDFB00FBFD82008E00ED0001FDFD8200F60001FDFDF900F9FDFB00F9FDFB00F7FDFD0001FDFDFB0001FDFDFD00F9FDED0001FDFDF300FBFDFB0001FDFDFB0001FDFDFD00F7FDFB00FBFD82008E00EF0005FDFD0000FDFD8200FA0005FDFD0000FDFDFB0001FDFDFB0001FDFDFD0001FDFDFB0001FDFDFD0001FDFDF50001FDFDFB0001FDFDFD0001FDFDFB0001FDFDEF0001FDFDF10001FDFDF90001FDFDFB0001FDFDFD0001FDFDF50001FDFDFB0001FDFD82009000EF0005FDFD0000FDFD8200FA0005FDFD0000FDFDFB0001FDFDFB0001FDFDFD0001FDFDFB0001FDFDFD0001FDFDF50001FDFDFB0001FDFDFD0001FDFDFB0001FDFDEF0001FDFDF10001FDFDF90001FDFDFB0001FDFDFD0001FDFDF50001FDFDFB0001FDFD82009000F10001FDFDFB0001FDFD970001FDFDEB0001FDFDFB0001FDFDFD0001FDFDFB0001FDFDFD0001FDFDFB0001FDFDFD0001FDFDF500FDFDFD0001FDFDFD0001FDFDFB0001FDFDEF0001FDFDF10001FDFDF900FDFDFD0001FDFDFD0001FDFDF50001FDFD82008800F10001FDFDFB0001FDFD970001FDFDEB0001FDFDFB0001FDFDFD0001FDFDFB0001FDFDFD0001FDFDFB0001FDFDFD0001FDFDF500FDFDFD0001FDFDFD0001FDFDFB0001FDFDEF0001FDFDF10001FDFDF900FDFDFD0001FDFDFD0001FDFDF50001FDFD82008800F10001FDFDFB0001FDFD8200FE0001FDFDFB0001FDFDFD00F9FDFB00F9FDFB00F9FDFB0009FDFD0000FDFD0000FDFDFD0001FDFDFB0001FDFDEF0001FDFDF10001FDFDF90009FDFD0000FDFD0000FDFDFD00F9FDF900FBFD82008E00F10001FDFDFB0001FDFD8200FE0001FDFDFB0001FDFDFD00F9FDFB00F9FDFB00F9FDFB0009FDFD0000FDFD0000FDFDFD0001FDFDFB0001FDFDEF0001FDFDF10001FDFDF90009FDFD0000FDFD0000FDFDFD00F9FDF900FBFD82008E00F100F7FD970001FDFDEB00F7FDFD0001FDFDF50001FDFDF50001FDFDF50001FDFDFD00FDFDFD0001FDFDFB0001FDFDEF0001FDFDF10001FDFDF90001FDFDFD00FDFDFD0001FDFDED0001FDFD82009000F100F7FD970001FDFDEB00F7FDFD0001FDFDF50001FDFDF50001FDFDF50001FDFDFD00FDFDFD0001FDFDFB0001FDFDEF0001FDFDF10001FDFDF90001FDFDFD00FDFDFD0001FDFDED0001FDFD82009000F10001FDFDFB0001FDFD8200FE0001FDFDFB0001FDFDFD0001FDFDF50001FDFDF50001FDFDF50001FDFDFB0001FDFDFD0001FDFDFB0001FDFDEF0001FDFDF10001FDFDF90001FDFDFB0001FDFDFD0001FDFDF50001FDFDFB0001FDFD82009000F10001FDFDFB0001FDFD8200FE0001FDFDFB0001FDFDFD0001FDFDF50001FDFDF50001FDFDF50001FDFDFB0001FDFDFD0001FDFDFB0001FDFDEF0001FDFDF10001FDFDF90001FDFDFB0001FDFDFD0001FDFDF50001FDFDFB0001FDFD82009000F10001FDFDFB0001FDFD8200FE0001FDFDFB0001FDFDFD0001FDFDF50001FDFDF500F7FDFD0001FDFDFB0001FDFDFD00F9FDED00F7FDFB00FBFDFB0001FDFDFB0001FDFDFD00F7FDFB00FBFD82008E00F10001FDFDFB0001FDFD8200FE0001FDFDFB0001FDFDFD0001FDFDF50001FDFDF500F7FDFD0001FDFDFB0001FDFDFD00F9FDED00F7FDFB00FBFDFB0001FDFDFB0001FDFDFD00F7FDFB00FBFD82008E008200820082008200CD008200820082008200CD00F100F9FDED00F7FDFD0001FDFDFB0001FDFDFD00F7FDB700F9FDFB00F9FDF900FBFDFB0001FDFDFB0001FDFDFD00F7FDEF0001FDFDF300FBFDFB0001FDFDFB0001FDFDFD00F7FDFB00FBFD82008200010000F100F9FDED00F7FDFD0001FDFDFB0001FDFDFD00F7FDB700F9FDFB00F9FDF900FBFDFB0001FDFDFB0001FDFDFD00F7FDEF0001FDFDF300FBFDFB0001FDFDFB0001FDFDFD00F7FDFB00FBFD82008200010000F10001FDFDFB0001FDFDEF00FDFDF70001FDFDFB0001FDFDF700FDFDB70001FDFDFB0001FDFDFD0001FDFDFB0001FDFDF90001FDFDF90001FDFDFB0001FDFDF90001FDFDEB0001FDFDF10001FDFDF90001FDFDFB0001FDFDFD0001FDFDF50001FDFDFB0001FDFD82008200F10001FDFDFB0001FDFDEF00FDFDF70001FDFDFB0001FDFDF700FDFDB70001FDFDFB0001FDFDFD0001FDFDFB0001FDFDF90001FDFDF90001FDFDFB0001FDFDF90001FDFDEB0001FDFDF10001FDFDF90001FDFDFB0001FDFDFD0001FDFDF50001FDFDFB0001FDFD82008200F10001FDFDFB0001FDFDEF00FDFDF700FDFDFD0001FDFDF700FDFDCF0001FDFDEB0001FDFDFB0001FDFDFD0001FDFDFB0001FDFDF90001FDFDF900FDFDFD0001FDFDF90001FDFDEB0001FDFDF10001FDFDF900FDFDFD0001FDFDFD0001FDFDF50001FDFD82008200F900F10001FDFDFB0001FDFDEF00FDFDF700FDFDFD0001FDFDF700FDFDCF0001FDFDEB0001FDFDFB0001FDFDFD0001FDFDFB0001FDFDF90001FDFDF900FDFDFD0001FDFDF90001FDFDEB0001FDFDF10001FDFDF900FDFDFD0001FDFDFD0001FDFDF50001FDFD82008200F900F100F9FDED00FDFDF70009FDFD0000FDFD0000FDFDF700FDFDB700F9FDFB00F9FDF70001FDFDF90009FDFD0000FDFD0000FDFDF90001FDFDEB0001FDFDF10001FDFDF90009FDFD0000FDFD0000FDFDFD00F9FDF900FBFD82008200010000F100F9FDED00FDFDF70009FDFD0000FDFD0000FDFDF700FDFDB700F9FDFB00F9FDF70001FDFDF90009FDFD0000FDFD0000FDFDF90001FDFDEB0001FDFDF10001FDFDF90009FDFD0000FDFD0000FDFDFD00F9FDF900FBFD82008200010000F10001FDFDE700FDFDF70001FDFDFD00FDFDF700FDFDCF0001FDFDEB0001FDFDF50005FDFD0000FDFDF50001FDFDF90001FDFDFD00FDFDF90001FDFDEB0001FDFDF10001FDFDF90001FDFDFD00FDFDFD0001FDFDED0001FDFD82008200F10001FDFDE700FDFDF70001FDFDFD00FDFDF700FDFDCF0001FDFDEB0001FDFDF50005FDFD0000FDFDF50001FDFDF90001FDFDFD00FDFDF90001FDFDEB0001FDFDF10001FDFDF90001FDFDFD00FDFDFD0001FDFDED0001FDFD82008200F10001FDFDE700FDFDF70001FDFDFB0001FDFDF700FDFDB70001FDFDF50001FDFDFD0001FDFDF70001FDFDF90001FDFDFB0001FDFDF90001FDFDEB0001FDFDF10001FDFDF90001FDFDFB0001FDFDFD0001FDFDF50001FDFDFB0001FDFD82008200F10001FDFDE700FDFDF70001FDFDFB0001FDFDF700FDFDB70001FDFDF50001FDFDFD0001FDFDF70001FDFDF90001FDFDFB0001FDFDF90001FDFDEB0001FDFDF10001FDFDF90001FDFDFB0001FDFDFD0001FDFDF50001FDFDFB0001FDFD82008200F10001FDFDE700F7FDFD0001FDFDFB0001FDFDFD00F7FDB70001FDFDF50001FDFDFB0001FDFDFB00FBFDFB0001FDFDFB0001FDFDF90001FDFDEB00F7FDFB00FBFDFB0001FDFDFB0001FDFDFD00F7FDFB00FBFD82008200010000F10001FDFDE700F7FDFD0001FDFDFB0001FDFDFD00F7FDB70001FDFDF50001FDFDFB0001FDFDFB00FBFDFB0001FDFDFB0001FDFDF90001FDFDEB00F7FDFB00FBFDFB0001FDFDFB0001FDFDFD00F7FDFB00FBFD820082000100008200820082008200CD008200820082008200CD00F100F9FDED0001FDFDFB0001FDFD9B00F9FDFB00F7FDFD0001FDFDF500F7FDFD00F7FDFD00F7FDEF0001FDFDF300FBFDFB0001FDFDFB0001FDFDFD00F7FDEF0001FDFDFB0001FDFD82009E00F100F9FDED0001FDFDFB0001FDFD9B00F9FDFB00F7FDFD0001FDFDF500F7FDFD00F7FDFD00F7FDEF0001FDFDF300FBFDFB0001FDFDFB0001FDFDFD00F7FDEF0001FDFDFB0001FDFD82009E00F10001FDFDFB0001FDFDEF0001FDFDFB0001FDFD9B0001FDFDFB0001FDFDFD0001FDFDF50001FDFDF50001FDFDF10001FDFDF90001FDFDE70001FDFDF10001FDFDF90001FDFDFB0001FDFDFD0001FDFDE70001FDFDFB0001FDFD82009E00F10001FDFDFB0001FDFDEF0001FDFDFB0001FDFD9B0001FDFDFB0001FDFDFD0001FDFDF50001FDFDF50001FDFDF10001FDFDF90001FDFDE70001FDFDF10001FDFDF90001FDFDFB0001FDFDFD0001FDFDE70001FDFDFB0001FDFD82009E00F10001FDFDFB0001FDFDEF00FDFDFD0001FDFDB30001FDFDEB0001FDFDFB0001FDFDFD0001FDFDF50001FDFDF50001FDFDF10001FDFDF90001FDFDE70001FDFDF10001FDFDF900FDFDFD0001FDFDFD0001FDFDE700FDFDFD0001FDFD82009E00F10001FDFDFB0001FDFDEF00FDFDFD0001FDFDB30001FDFDEB0001FDFDFB0001FDFDFD0001FDFDF50001FDFDF50001FDFDF10001FDFDF90001FDFDE70001FDFDF10001FDFDF900FDFDFD0001FDFDFD0001FDFDE700FDFDFD0001FDFD82009E00F10001FDFDFB0001FDFDEF0009FDFD0000FDFD0000FDFD9B0001FDFDFB0001FDFDFD00F9FDFB0001FDFDF500F9FDF70001FDFDF900F9FDED0001FDFDF10001FDFDF90009FDFD0000FDFD0000FDFDFD00F9FDED0009FDFD0000FDFD0000FDFD82009E00F10001FDFDFB0001FDFDEF0009FDFD0000FDFD0000FDFD9B0001FDFDFB0001FDFDFD00F9FDFB0001FDFDF500F9FDF70001FDFDF900F9FDED0001FDFDF10001FDFDF90009FDFD0000FDFD0000FDFDFD00F9FDED0009FDFD0000FDFD0000FDFD82009E00F10001FDFDFB0001FDFDEF0001FDFDFD00FDFDB30001FDFDEB0001FDFDFB0001FDFDFD0001FDFDF50001FDFDF50001FDFDF10001FDFDF90001FDFDE70001FDFDF10001FDFDF90001FDFDFD00FDFDFD0001FDFDE70001FDFDFD00FDFD82009E00F10001FDFDFB0001FDFDEF0001FDFDFD00FDFDB30001FDFDEB0001FDFDFB0001FDFDFD0001FDFDF50001FDFDF50001FDFDF10001FDFDF90001FDFDE70001FDFDF10001FDFDF90001FDFDFD00FDFDFD0001FDFDE70001FDFDFD00FDFD82009E00F10001FDFDFB0001FDFDEF0001FDFDFB0001FDFD9B0001FDFDFB0001FDFDFD0001FDFDF50001FDFDF50001FDFDF10001FDFDF90001FDFDE70001FDFDF10001FDFDF90001FDFDFB0001FDFDFD0001FDFDE70001FDFDFB0001FDFD82009E00F10001FDFDFB0001FDFDEF0001FDFDFB0001FDFD9B0001FDFDFB0001FDFDFD0001FDFDF50001FDFDF50001FDFDF10001FDFDF90001FDFDE70001FDFDF10001FDFDF90001FDFDFB0001FDFDFD0001FDFDE70001FDFDFB0001FDFD82009E00F100F9FDED0001FDFDFB0001FDFD9B00F9FDFB00F7FDFD00F7FDFD00F7FDF90001FDFDF900F7FDEF00F7FDFB00FBFDFB0001FDFDFB0001FDFDFD00F7FDEF0001FDFDFB0001FDFD82009E00F100F9FDED0001FDFDFB0001FDFD9B00F9FDFB00F7FDFD00F7FDFD00F7FDF90001FDFDF900F7FDEF00F7FDFB00FBFDFB0001FDFDFB0001FDFDFD00F7FDEF0001FDFDFB0001FDFD82009E008200820082008200CD008200820082008200CD00EF00FBFDED0001FDFDFB0001FDFD9900FBFDFB0001FDFDFB0001FDFDFB00FBFDFB00F7FDFD00F9FDFB00F7FDEF00F9FDFB00F7FDFD00F7FDFB00FBFDFB00F9FDFB00F7FDEF0001FDFDF300FBFDFB0001FDFDFB0001FDFDFD00F7FDEF0001FDFDFB0001FDFD82000000EF00FBFDED0001FDFDFB0001FDFD9900FBFDFB0001FDFDFB0001FDFDFB00FBFDFB00F7FDFD00F9FDFB00F7FDEF00F9FDFB00F7FDFD00F7FDFB00FBFDFB00F9FDFB00F7FDEF0001FDFDF300FBFDFB0001FDFDFB0001FDFDFD00F7FDEF0001FDFDFB0001FDFD82000000ED0001FDFDEB0001FDFDFB0001FDFD970001FDFDF90001FDFDFB0001FDFDFD0001FDFDFB0001FDFDFD0001FDFDF50001FDFDFB0001FDFDF90001FDFDEB0001FDFDFB0001FDFDFD0001FDFDF50001FDFDF50001FDFDFB0001FDFDFD0001FDFDFB0001FDFDFD0001FDFDE70001FDFDF10001FDFDF90001FDFDFB0001FDFDFD0001FDFDE70001FDFDFB0001FDFD82000000ED0001FDFDEB0001FDFDFB0001FDFD970001FDFDF90001FDFDFB0001FDFDFD0001FDFDFB0001FDFDFD0001FDFDF50001FDFDFB0001FDFDF90001FDFDEB0001FDFDFB0001FDFDFD0001FDFDF50001FDFDF50001FDFDFB0001FDFDFD0001FDFDFB0001FDFDFD0001FDFDE70001FDFDF10001FDFDF90001FDFDFB0001FDFDFD0001FDFDE70001FDFDFB0001FDFD82000000ED0001FDFDEB00FDFDFD0001FDFDB30001FDFDE70001FDFDF900FDFDFD0001FDFDFD0001FDFDF50001FDFDF50001FDFDFB0001FDFDF90001FDFDEB0001FDFDFB0001FDFDFD0001FDFDF50001FDFDF50001FDFDFB0001FDFDFD0001FDFDFB0001FDFDFD0001FDFDE70001FDFDF10001FDFDF900FDFDFD0001FDFDFD0001FDFDE700FDFDFD0001FDFD82000000ED0001FDFDEB00FDFDFD0001FDFDB30001FDFDE70001FDFDF900FDFDFD0001FDFDFD0001FDFDF50001FDFDF50001FDFDFB0001FDFDF90001FDFDEB0001FDFDFB0001FDFDFD0001FDFDF50001FDFDF50001FDFDFB0001FDFDFD0001FDFDFB0001FDFDFD0001FDFDE70001FDFDF10001FDFDF900FDFDFD0001FDFDFD0001FDFDE700FDFDFD0001FDFD82000000ED0001FDFDEB0009FDFD0000FDFD0000FDFD970001FDFDF90009FDFD0000FDFD0000FDFDFB00FBFDFB00F9FDFB00F9FDF70001FDFDEB00F9FDFB00F9FDFB00F9FDFB0001FDFDFB0001FDFDFD00F9FDFB00F9FDED0001FDFDF10001FDFDF90009FDFD0000FDFD0000FDFDFD00F9FDED0009FDFD0000FDFD0000FDFD82000000ED0001FDFDEB0009FDFD0000FDFD0000FDFD970001FDFDF90009FDFD0000FDFD0000FDFDFB00FBFDFB00F9FDFB00F9FDF70001FDFDEB00F9FDFB00F9FDFB00F9FDFB0001FDFDFB0001FDFDFD00F9FDFB00F9FDED0001FDFDF10001FDFDF90009FDFD0000FDFD0000FDFDFD00F9FDED0009FDFD0000FDFD0000FDFD82000000ED0001FDFDEB0001FDFDFD00FDFDB30001FDFDE70001FDFDF90001FDFDFD00FDFDF50001FDFDFD0001FDFDF50005FDFD0000FDFDF50001FDFDEB0001FDFDFB0001FDFDFD0001FDFDF50001FDFDF50001FDFDFB0001FDFDFD0005FDFD0000FDFDF90001FDFDE70001FDFDF10001FDFDF90001FDFDFD00FDFDFD0001FDFDE70001FDFDFD00FDFD82000000ED0001FDFDEB0001FDFDFD00FDFDB30001FDFDE70001FDFDF90001FDFDFD00FDFDF50001FDFDFD0001FDFDF50005FDFD0000FDFDF50001FDFDEB0001FDFDFB0001FDFDFD0001FDFDF50001FDFDF50001FDFDFB0001FDFDFD0005FDFD0000FDFDF90001FDFDE70001FDFDF10001FDFDF90001FDFDFD00FDFDFD0001FDFDE70001FDFDFD00FDFD82000000ED0001FDFDEB0001FDFDFB0001FDFD970001FDFDF90001FDFDFB0001FDFDFD0001FDFDFB0001FDFDFD0001FDFDF50001FDFDFD0001FDFDF70001FDFDEB0001FDFDFB0001FDFDFD0001FDFDF50001FDFDF50001FDFDFB0001FDFDFD0001FDFDFD0001FDFDFB0001FDFDE70001FDFDF10001FDFDF90001FDFDFB0001FDFDFD0001FDFDE70001FDFDFB0001FDFD82000000ED0001FDFDEB0001FDFDFB0001FDFD970001FDFDF90001FDFDFB0001FDFDFD0001FDFDFB0001FDFDFD0001FDFDF50001FDFDFD0001FDFDF70001FDFDEB0001FDFDFB0001FDFDFD0001FDFDF50001FDFDF50001FDFDFB0001FDFDFD0001FDFDFD0001FDFDFB0001FDFDE70001FDFDF10001FDFDF90001FDFDFB0001FDFDFD0001FDFDE70001FDFDFB0001FDFD82000000EF00FBFDED0001FDFDFB0001FDFD9900FBFDFB0001FDFDFB0001FDFDFB00FBFDFB00F7FDFD0001FDFDFB0001FDFDF90001FDFDEB00F9FDFB00F7FDFD0001FDFDF300FBFDFB0001FDFDFB0001FDFDFD00F7FDEF00F7FDFB00FBFDFB0001FDFDFB0001FDFDFD00F7FDEF0001FDFDFB0001FDFD82000000EF00FBFDED0001FDFDFB0001FDFD9900FBFDFB0001FDFDFB0001FDFDFB00FBFDFB00F7FDFD0001FDFDFB0001FDFDF90001FDFDEB00F9FDFB00F7FDFD0001FDFDF300FBFDFB0001FDFDFB0001FDFDFD00F7FDEF00F7FDFB00FBFDFB0001FDFDFB0001FDFDFD00F7FDEF0001FDFDFB0001FDFD820000008200820082008200CD008200820082008200CD00F100F7FDEF0001FDFDFB0001FDFD9B00F7FDFD00F9FDF900FBFDFB00F7FDEF0001FDFDF300FBFDFB0001FDFDFB0001FDFDFD00F7FDEF0001FDFDFB0001FDFD82008200F100F7FDEF0001FDFDFB0001FDFD9B00F7FDFD00F9FDF900FBFDFB00F7FDEF0001FDFDF300FBFDFB0001FDFDFB0001FDFDFD00F7FDEF0001FDFDFB0001FDFD82008200F10001FDFDE70001FDFDFB0001FDFD9B0001FDFDF50001FDFDFB0001FDFDF90001FDFDF50001FDFDEB0001FDFDF10001FDFDF90001FDFDFB0001FDFDFD0001FDFDE70001FDFDFB0001FDFD82008200F10001FDFDE70001FDFDFB0001FDFD9B0001FDFDF50001FDFDFB0001FDFDF90001FDFDF50001FDFDEB0001FDFDF10001FDFDF90001FDFDFB0001FDFDFD0001FDFDE70001FDFDFB0001FDFD82008200F10001FDFDE700FDFDFD0001FDFDB30001FDFDEB0001FDFDF50001FDFDFB0001FDFDF90001FDFDF50001FDFDEB0001FDFDF10001FDFDF900FDFDFD0001FDFDFD0001FDFDE700FDFDFD0001FDFD82008200F10001FDFDE700FDFDFD0001FDFDB30001FDFDEB0001FDFDF50001FDFDFB0001FDFDF90001FDFDF50001FDFDEB0001FDFDF10001FDFDF900FDFDFD0001FDFDFD0001FDFDE700FDFDFD0001FDFD82008200F100F9FDED0009FDFD0000FDFD0000FDFD9B00F9FDFB0001FDFDFB0001FDFDF90001FDFDF50001FDFDEB0001FDFDF10001FDFDF90009FDFD0000FDFD0000FDFDFD00F9FDED0009FDFD0000FDFD0000FDFD82008200F100F9FDED0009FDFD0000FDFD0000FDFD9B00F9FDFB0001FDFDFB0001FDFDF90001FDFDF50001FDFDEB0001FDFDF10001FDFDF90009FDFD0000FDFD0000FDFDFD00F9FDED0009FDFD0000FDFD0000FDFD82008200F10001FDFDE70001FDFDFD00FDFDB30001FDFDEB0001FDFDF50001FDFDFB0001FDFDF90001FDFDF50001FDFDEB0001FDFDF10001FDFDF90001FDFDFD00FDFDFD0001FDFDE70001FDFDFD00FDFD82008200F10001FDFDE70001FDFDFD00FDFDB30001FDFDEB0001FDFDF50001FDFDFB0001FDFDF90001FDFDF50001FDFDEB0001FDFDF10001FDFDF90001FDFDFD00FDFDFD0001FDFDE70001FDFDFD00FDFD82008200F10001FDFDE70001FDFDFB0001FDFD9B0001FDFDF50001FDFDFB0001FDFDF90001FDFDF50001FDFDEB0001FDFDF10001FDFDF90001FDFDFB0001FDFDFD0001FDFDE70001FDFDFB0001FDFD82008200F10001FDFDE70001FDFDFB0001FDFD9B0001FDFDF50001FDFDFB0001FDFDF90001FDFDF50001FDFDEB0001FDFDF10001FDFDF90001FDFDFB0001FDFDFD0001FDFDE70001FDFDFB0001FDFD82008200F100F7FDEF0001FDFDFB0001FDFD9B00F7FDFD00F9FDF900FBFDF70001FDFDEB00F7FDFB00FBFDFB0001FDFDFB0001FDFDFD00F7FDEF0001FDFDFB0001FDFD82008200F100F7FDEF0001FDFDFB0001FDFD9B00F7FDFD00F9FDF900FBFDF70001FDFDEB00F7FDFB00FBFDFB0001FDFDFB0001FDFDFD00F7FDEF0001FDFDFB0001FDFD820082008200820082008200CD008200820082008200CD00F100F7FDED00FBFDFB00F7FDFD00F9FDB500F7FDFB00FBFDFB0001FDFDFB0001FDFDFD00F9FDEB00FBFDFB00F7FDFD00F9FDF900FBFDFB0001FDFDFB0001FDFDFB00F9FD82008200F100F7FDED00FBFDFB00F7FDFD00F9FDB500F7FDFB00FBFDFB0001FDFDFB0001FDFDFD00F9FDEB00FBFDFB00F7FDFD00F9FDF900FBFDFB0001FDFDFB0001FDFDFB00F9FD82008200F10001FDFDE70001FDFDFB0001FDFDF90001FDFDF90001FDFDFB0001FDFDB70001FDFDF10001FDFDF90001FDFDFB0001FDFDFD0001FDFDFB0001FDFDEF0001FDFDFB0001FDFDF90001FDFDF90001FDFDFB0001FDFDF90001FDFDF90001FDFDFB0001FDFDFD0001FDFD82008200F900F10001FDFDE70001FDFDFB0001FDFDF90001FDFDF90001FDFDFB0001FDFDB70001FDFDF10001FDFDF90001FDFDFB0001FDFDFD0001FDFDFB0001FDFDEF0001FDFDFB0001FDFDF90001FDFDF90001FDFDFB0001FDFDF90001FDFDF90001FDFDFB0001FDFDFD0001FDFD82008200F900F10001FDFDE70001FDFDF10001FDFDF90001FDFDFB0001FDFDCF0001FDFDEB0001FDFDF10001FDFDF900FDFDFD0001FDFDFD0001FDFDFB0001FDFDEF0001FDFDF10001FDFDF90001FDFDFB0001FDFDF90001FDFDF900FDFDFD0001FDFDFD0001FDFD82008200F900F10001FDFDE70001FDFDF10001FDFDF90001FDFDFB0001FDFDCF0001FDFDEB0001FDFDF10001FDFDF900FDFDFD0001FDFDFD0001FDFDFB0001FDFDEF0001FDFDF10001FDFDF90001FDFDFB0001FDFDF90001FDFDF900FDFDFD0001FDFDFD0001FDFD82008200F900F100F9FDEB00FBFDF70001FDFDF900F9FDB500F9FDF70001FDFDF90009FDFD0000FDFD0000FDFDFD0001FDFDFB0001FDFDED00FBFDF70001FDFDF900F9FDF70001FDFDF90009FDFD0000FDFD0000FDFDFD0001FDFD82008200F900F100F9FDEB00FBFDF70001FDFDF900F9FDB500F9FDF70001FDFDF90009FDFD0000FDFD0000FDFDFD0001FDFDFB0001FDFDED00FBFDF70001FDFDF900F9FDF70001FDFDF90009FDFD0000FDFD0000FDFDFD0001FDFD82008200F900F10001FDFDDF0001FDFDF90001FDFDF90005FDFD0000FDFDCB0001FDFDEB0001FDFDF10001FDFDF90001FDFDFD00FDFDFD0001FDFDFB0001FDFDE70001FDFDF90001FDFDF90005FDFD0000FDFDF50001FDFDF90001FDFDFD00FDFDFD0001FDFDFD00FDFD82008200F10001FDFDDF0001FDFDF90001FDFDF90005FDFD0000FDFDCB0001FDFDEB0001FDFDF10001FDFDF90001FDFDFD00FDFDFD0001FDFDFB0001FDFDE70001FDFDF90001FDFDF90005FDFD0000FDFDF50001FDFDF90001FDFDFD00FDFDFD0001FDFDFD00FDFD82008200F10001FDFDE70001FDFDFB0001FDFDF90001FDFDF90001FDFDFD0001FDFDB50001FDFDF10001FDFDF90001FDFDFB0001FDFDFD0001FDFDFB0001FDFDEF0001FDFDFB0001FDFDF90001FDFDF90001FDFDFD0001FDFDF70001FDFDF90001FDFDFB0001FDFDFD0001FDFDFB0001FDFD82008200F10001FDFDE70001FDFDFB0001FDFDF90001FDFDF90001FDFDFD0001FDFDB50001FDFDF10001FDFDF90001FDFDFB0001FDFDFD0001FDFDFB0001FDFDEF0001FDFDFB0001FDFDF90001FDFDF90001FDFDFD0001FDFDF70001FDFDF90001FDFDFB0001FDFDFD0001FDFDFB0001FDFD82008200F10001FDFDE500FBFDF70001FDFDF90001FDFDFB0001FDFDB70001FDFDF300FBFDFB0001FDFDFB0001FDFDFD00F9FDEB00FBFDF70001FDFDF90001FDFDFB0001FDFDFB00FBFDFB0001FDFDFB0001FDFDFB00F9FD82008200F10001FDFDE500FBFDF70001FDFDF90001FDFDFB0001FDFDB70001FDFDF300FBFDFB0001FDFDFB0001FDFDFD00F9FDEB00FBFDF70001FDFDF90001FDFDFB0001FDFDFB00FBFDFB0001FDFDFB0001FDFDFB00F9FD820082008200820082008200CD008200820082008200CD00F100F9FD8200FC00F9FDFB0001FDFDFB0001FDFDFD00F7FDFD00F7FDFD00F7FDFD00F9FDEB00FBFDFB00F7FDF90001FDFDF900F7FDFD0001FDFDFB0001FDFDFB00FBFD82009C00F100F9FD8200FC00F9FDFB0001FDFDFB0001FDFDFD00F7FDFD00F7FDFD00F7FDFD00F9FDEB00FBFDFB00F7FDF90001FDFDF900F7FDFD0001FDFDFB0001FDFDFB00FBFD82009C00F10001FDFDFB0001FDFD8200FE0001FDFDFB0001FDFDFD0001FDFDFB0001FDFDFD0001FDFDF50001FDFDF50001FDFDF50001FDFDFB0001FDFDEF0001FDFDFB0001FDFDF90001FDFDF70005FDFD0000FDFDF70001FDFDF90001FDFDFB0001FDFDFD0001FDFDFB0001FDFD82009E00F10001FDFDFB0001FDFD8200FE0001FDFDFB0001FDFDFD0001FDFDFB0001FDFDFD0001FDFDF50001FDFDF50001FDFDF50001FDFDFB0001FDFDEF0001FDFDFB0001FDFDF90001FDFDF70005FDFD0000FDFDF70001FDFDF90001FDFDFB0001FDFDFD0001FDFDFB0001FDFD82009E00F10001FDFDFB0001FDFD970001FDFDEB0001FDFDFB0001FDFDFD0001FDFDFB0001FDFDFD0001FDFDF50001FDFDF50001FDFDF50001FDFDFB0001FDFDEF0001FDFDF10001FDFDF90001FDFDFB0001FDFDF90001FDFDF90001FDFDFB0001FDFDFD0001FDFD82009600F10001FDFDFB0001FDFD970001FDFDEB0001FDFDFB0001FDFDFD0001FDFDFB0001FDFDFD0001FDFDF50001FDFDF50001FDFDF50001FDFDFB0001FDFDEF0001FDFDF10001FDFDF90001FDFDFB0001FDFDF90001FDFDF90001FDFDFB0001FDFDFD0001FDFD82009600F100F9FD8200FC00F9FDFB0001FDFDFB0001FDFDFD00F9FDFB00F9FDFB00F9FDFB00F9FDEB00FBFDF70001FDFDF90001FDFDFB0001FDFDF90001FDFDF90001FDFDFB0001FDFDFB00FBFD82009C00F100F9FD8200FC00F9FDFB0001FDFDFB0001FDFDFD00F9FDFB00F9FDFB00F9FDFB00F9FDEB00FBFDF70001FDFDF90001FDFDFB0001FDFDF90001FDFDF90001FDFDFB0001FDFDFB00FBFD82009C00F10001FDFDFB0001FDFD970001FDFDEB0001FDFDFB0001FDFDFD0001FDFDFB0001FDFDFD0001FDFDF50001FDFDF50001FDFDF50005FDFD0000FDFDE30001FDFDF90001FDFDF900F7FDF90001FDFDF90001FDFDFB0001FDFDF50001FDFD82009E00F10001FDFDFB0001FDFD970001FDFDEB0001FDFDFB0001FDFDFD0001FDFDFB0001FDFDFD0001FDFDF50001FDFDF50001FDFDF50005FDFD0000FDFDE30001FDFDF90001FDFDF900F7FDF90001FDFDF90001FDFDFB0001FDFDF50001FDFD82009E00F10001FDFDFB0001FDFD8200FE0001FDFDFB0001FDFDFD0001FDFDFB0001FDFDFD0001FDFDF50001FDFDF50001FDFDF50001FDFDFD0001FDFDED0001FDFDFB0001FDFDF90001FDFDF90001FDFDFB0001FDFDF90001FDFDF90001FDFDFB0001FDFDFD0001FDFDFB0001FDFD82009E00F10001FDFDFB0001FDFD8200FE0001FDFDFB0001FDFDFD0001FDFDFB0001FDFDFD0001FDFDF50001FDFDF50001FDFDF50001FDFDFD0001FDFDED0001FDFDFB0001FDFDF90001FDFDF90001FDFDFB0001FDFDF90001FDFDF90001FDFDFB0001FDFDFD0001FDFDFB0001FDFD82009E00F100F9FD8200FC00F9FDF900FBFDFB0001FDFDF50001FDFDF500F7FDFD0001FDFDFB0001FDFDED00FBFDF70001FDFDF90001FDFDFB0001FDFDF90001FDFDF700FBFDF900FBFD82009C00F100F9FD8200FC00F9FDF900FBFDFB0001FDFDF50001FDFDF500F7FDFD0001FDFDFB0001FDFDED00FBFDF70001FDFDF90001FDFDFB0001FDFDF90001FDFDF700FBFDF900FBFD82009C008200820082008200CD008200820082008200CD00F10001FDFDFB0001FDFD8200FC00FBFDFB0001FDFDF500F7FDF90001FDFDF900F9FDEB00FBFDF900FBFDFB00F9FDFB00F7FDFD00F7FDFD0001FDFDFB0001FDFD82009000F10001FDFDFB0001FDFD8200FC00FBFDFB0001FDFDF500F7FDF90001FDFDF900F9FDEB00FBFDF900FBFDFB00F9FDFB00F7FDFD00F7FDFD0001FDFDFB0001FDFD82009000F10001FDFDFB0001FDFD8200FE0001FDFDFB0001FDFDFD0001FDFDF50001FDFDF30005FDFD0000FDFDFB0001FDFDFB0001FDFDEF0001FDFDFB0001FDFDFD0001FDFDFB0001FDFDFD0001FDFDFB0001FDFDFD0001FDFDF50001FDFDF50001FDFDFB0001FDFD82009000F10001FDFDFB0001FDFD8200FE0001FDFDFB0001FDFDFD0001FDFDF50001FDFDF30005FDFD0000FDFDFB0001FDFDFB0001FDFDEF0001FDFDFB0001FDFDFD0001FDFDFB0001FDFDFD0001FDFDFB0001FDFDFD0001FDFDF50001FDFDF50001FDFDFB0001FDFD82009000F10001FDFDFB0001FDFD970001FDFDEB0001FDFDF50001FDFDF50001FDFDF50001FDFDFB0001FDFDFD0001FDFDFB0001FDFDEF0001FDFDF50001FDFDF50001FDFDFB0001FDFDFD0001FDFDF50001FDFDF500FDFDFD0001FDFD82009000F10001FDFDFB0001FDFD970001FDFDEB0001FDFDF50001FDFDF50001FDFDF50001FDFDFB0001FDFDFD0001FDFDFB0001FDFDEF0001FDFDF50001FDFDF50001FDFDFB0001FDFDFD0001FDFDF50001FDFDF500FDFDFD0001FDFD82009000F100F7FD8200FE0001FDFDF50001FDFDF500F9FDFB0001FDFDFB0001FDFDFD00F9FDEB00FBFDFB0001FDFDF500F9FDFB00F9FDFB00F9FDFB0009FDFD0000FDFD0000FDFD82009000F100F7FD8200FE0001FDFDF50001FDFDF500F9FDFB0001FDFDFB0001FDFDFD00F9FDEB00FBFDFB0001FDFDF500F9FDFB00F9FDFB00F9FDFB0009FDFD0000FDFD0000FDFD82009000F10001FDFDFB0001FDFD970001FDFDEB0001FDFDF50001FDFDF50001FDFDF500F7FDFD0005FDFD0000FDFDE30001FDFDFD0001FDFDF50005FDFD0000FDFDF90001FDFDF50001FDFDF50001FDFDFD00FDFD82009000F10001FDFDFB0001FDFD970001FDFDEB0001FDFDF50001FDFDF50001FDFDF500F7FDFD0005FDFD0000FDFDE30001FDFDFD0001FDFDF50005FDFD0000FDFDF90001FDFDF50001FDFDF50001FDFDFD00FDFD82009000F10001FDFDFB0001FDFD8200FE0001FDFDFB0001FDFDFD0001FDFDF50001FDFDF50001FDFDFB0001FDFDFD0001FDFDFD0001FDFDED0001FDFDFB0001FDFDFD0001FDFDFB0001FDFDFD0001FDFDFD0001FDFDFB0001FDFDF50001FDFDF50001FDFDFB0001FDFD82009000F10001FDFDFB0001FDFD8200FE0001FDFDFB0001FDFDFD0001FDFDF50001FDFDF50001FDFDFB0001FDFDFD0001FDFDFD0001FDFDED0001FDFDFB0001FDFDFD0001FDFDFB0001FDFDFD0001FDFDFD0001FDFDFB0001FDFDF50001FDFDF50001FDFDFB0001FDFD82009000F10001FDFDFB0001FDFD8200FC00FBFDFB00F7FDFD00F7FDFD0001FDFDFB0001FDFDFD0001FDFDFB0001FDFDED00FBFDF900FBFDFB0001FDFDFB0001FDFDFD00F7FDFD00F7FDFD0001FDFDFB0001FDFD82009000F10001FDFDFB0001FDFD8200FC00FBFDFB00F7FDFD00F7FDFD0001FDFDFB0001FDFDFD0001FDFDFB0001FDFDED00FBFDF900FBFDFB0001FDFDFB0001FDFDFD00F7FDFD00F7FDFD0001FDFDFB0001FDFD820090008200820082008200CD008200820082008200CD00EF00FBFD8200FC0001FDFDFB0001FDFDFD00F7FDFD0001FDFDF500F9FD820082009D00EF00FBFD8200FC0001FDFDFB0001FDFDFD00F7FDFD0001FDFDF500F9FD820082009D00F10001FDFDFB0001FDFD8200FE0001FDFDFB0001FDFDFD0001FDFDF50001FDFDF50001FDFDFB0001FDFD820082009F00F10001FDFDFB0001FDFD8200FE0001FDFDFB0001FDFDFD0001FDFDF50001FDFDF50001FDFDFB0001FDFD820082009F00EB0001FDFD950001FDFDEB0001FDFDFB0001FDFDFD0001FDFDF50001FDFDF50001FDFDFB0001FDFD820082009F00EB0001FDFD950001FDFDEB0001FDFDFB0001FDFDFD0001FDFDF50001FDFDF50001FDFDFB0001FDFD820082009F00ED0001FDFD8200FA00F7FDFD00F9FDFB0001FDFDF500F9FD820082009D00ED0001FDFD8200FA00F7FDFD00F9FDFB0001FDFDF500F9FD820082009D00ED0001FDFD930001FDFDEB0001FDFDFB0001FDFDFD0001FDFDF50001FDFDF50001FDFD820082009700ED0001FDFD930001FDFDEB0001FDFDFB0001FDFDFD0001FDFDF50001FDFDF50001FDFD8200820097008200E40001FDFDFB0001FDFDFD0001FDFDF50001FDFDF50001FDFD8200820097008200E40001FDFDFB0001FDFDFD0001FDFDF50001FDFDF50001FDFD820082009700ED0001FDFD8200FA0001FDFDFB0001FDFDFD00F7FDFD00F7FDFD0001FDFD820082009700ED0001FDFD8200FA0001FDFDFB0001FDFDFD00F7FDFD00F7FDFD0001FDFD8200820097008200820082008200CD008200820082008200CD00EF00FBFD8200FA00FBFDFB0001FDFDFB0001FDFDFB00FBFDFB00F7FD820082009F00EF00FBFD8200FA00FBFDFB0001FDFDFB0001FDFDFB00FBFDFB00F7FD820082009F00F10001FDFDFB0001FDFD8200FE0001FDFDFB0001FDFDFD0001FDFDFB0001FDFDF90001FDFDF50001FDFD820082009B00F10001FDFDFB0001FDFD8200FE0001FDFDFB0001FDFDFD0001FDFDFB0001FDFDF90001FDFDF50001FDFD820082009B00F10001FDFDFB0001FDFD970001FDFDEB0001FDFDFB0001FDFDFD0001FDFDFB0001FDFDF90001FDFDF50001FDFD820082009B00F10001FDFDFB0001FDFD970001FDFDEB0001FDFDFB0001FDFDFD0001FDFDFB0001FDFDF90001FDFDF50001FDFD820082009B00F10001FDFDFB0001FDFD8200FE0001FDFDFB0001FDFDFD0001FDFDFB0001FDFDF90001FDFDF50001FDFD820082009B00F10001FDFDFB0001FDFD8200FE0001FDFDFB0001FDFDFD0001FDFDFB0001FDFDF90001FDFDF50001FDFD820082009B00F10009FDFD0000FDFD0000FDFD970001FDFDEB0009FDFD0000FDFD0000FDFDFD0001FDFDFB0001FDFDF90001FDFDF50001FDFD820082009B00F10009FDFD0000FDFD0000FDFD970001FDFDEB0009FDFD0000FDFD0000FDFDFD0001FDFDFB0001FDFDF90001FDFDF50001FDFD820082009B00F10001FDFDFD0001FDFD8200FC0001FDFDFD0001FDFDFB0001FDFDFB0001FDFDF90001FDFDF50001FDFD820082009B00F10001FDFDFD0001FDFD8200FC0001FDFDFD0001FDFDFB0001FDFDFB0001FDFDF90001FDFDF50001FDFD820082009B00EF00FDFD030000FDFD8200FC00FDFD030000FDFDFB00FBFDF900FBFDF70001FDFD820082009B00EF00FDFD030000FDFD8200FC00FDFD030000FDFDFB00FBFDF900FBFDF70001FDFD820082009B008200820082008200CD008200820082008200CD008200820082008200CD008200820082008200CD008200820082008200CD008200820082008200CD008200820082008200CD008200820082008200CD008200820082008200CD008200820082008200CD008200820082008200CD008200820082008200CD008200820082008200CD008200820082008200CD008200820082008200CD008200820082008200CD008200820082008200CD008200820082008200CD00010000F9FDFB00F7FDFD00F9FDFB0001FDFDFB0001FDFDFB00F9FDED00FBFDF900FBFDFB0001FDFDFB0001FDFDFD0001FDFDFB0001FDFDF90001FDFDF90001FDFDFB0001FDFDFD00F9FDF900FBFDF90001FDFD820082009900010000F9FDFB00F7FDFD00F9FDFB0001FDFDFB0001FDFDFB00F9FDED00FBFDF900FBFDFB0001FDFDFB0001FDFDFD0001FDFDFB0001FDFDF90001FDFDF90001FDFDFB0001FDFDFD00F9FDF900FBFDF90001FDFD820082009900030000FDFDFB0001FDFDFD0001FDFDF50001FDFDFB0001FDFDFD0001FDFDFB0001FDFDFD0001FDFDE70001FDFDFB0001FDFDFD0001FDFDFB0001FDFDFD00FDFD010000FDFDFD00FDFD010000FDFDFB0005FDFD0000FDFDFB0001FDFDFB0001FDFDFD0001FDFDFB0001FDFDFD0001FDFDFB0001FDFDF90001FDFDF90009FDFD0000FDFD0000FDFD82008200AD00030000FDFDFB0001FDFDFD0001FDFDF50001FDFDFB0001FDFDFD0001FDFDFB0001FDFDFD0001FDFDE70001FDFDFB0001FDFDFD0001FDFDFB0001FDFDFD00FDFD010000FDFDFD00FDFD010000FDFDFB0005FDFD0000FDFDFB0001FDFDFB0001FDFDFD0001FDFDFB0001FDFDFD0001FDFDFB0001FDFDF90001FDFDF90009FDFD0000FDFD0000FDFD82008200AD00030000FDFDFB0001FDFDFD0001FDFDF50001FDFDFB0001FDFDFD0001FDFDFB0001FDFDFD0001FDFDE70001FDFDF50001FDFDFB0001FDFDFD0009FDFD0000FDFD0000FDFDFD0009FDFD0000FDFD0000FDFDFD0001FDFDFB0001FDFDFD00FDFDFD0001FDFDFD0001FDFDFB0001FDFDFD0001FDFDEF0001FDFDF90005FDFD0000FDFD82008200AB00030000FDFDFB0001FDFDFD0001FDFDF50001FDFDFB0001FDFDFD0001FDFDFB0001FDFDFD0001FDFDE70001FDFDF50001FDFDFB0001FDFDFD0009FDFD0000FDFD0000FDFDFD0009FDFD0000FDFD0000FDFDFD0001FDFDFB0001FDFDFD00FDFDFD0001FDFDFD0001FDFDFB0001FDFDFD0001FDFDEF0001FDFDF90005FDFD0000FDFD82008200AB00030000FDFDFB0001FDFDFD00F9FDFB00F9FDFB0001FDFDFB0001FDFDFD0001FDFDE70001FDFDF50001FDFDFB0001FDFDFD0009FDFD0000FDFD0000FDFDFD0009FDFD0000FDFD0000FDFDFD0001FDFDFB0001FDFDFD0009FDFD0000FDFD0000FDFDFD0001FDFDFB0001FDFDFB00FBFDF30001FDFDFD0009FDFD0000FDFD0000FDFD82008200AD00030000FDFDFB0001FDFDFD00F9FDFB00F9FDFB0001FDFDFB0001FDFDFD0001FDFDE70001FDFDF50001FDFDFB0001FDFDFD0009FDFD0000FDFD0000FDFDFD0009FDFD0000FDFD0000FDFDFD0001FDFDFB0001FDFDFD0009FDFD0000FDFD0000FDFDFD0001FDFDFB0001FDFDFB00FBFDF30001FDFDFD0009FDFD0000FDFD0000FDFD82008200AD00030000FDFDFB0001FDFDFD0001FDFDF50001FDFDFB0001FDFDFD0001FDFDFB0001FDFDFD0001FDFDFD00FDFDEF0001FDFDF50001FDFDFB0001FDFDFD0001FDFDFB0001FDFDFD0001FDFDFB0001FDFDFD00F7FDFD0001FDFDFD00FDFDFD0001FDFDFB0001FDFDF50001FDFDF70001FDFDF90005FDFD0000FDFD82008200AB00030000FDFDFB0001FDFDFD0001FDFDF50001FDFDFB0001FDFDFD0001FDFDFB0001FDFDFD0001FDFDFD00FDFDEF0001FDFDF50001FDFDFB0001FDFDFD0001FDFDFB0001FDFDFD0001FDFDFB0001FDFDFD00F7FDFD0001FDFDFD00FDFDFD0001FDFDFB0001FDFDF50001FDFDF70001FDFDF90005FDFD0000FDFD82008200AB00030000FDFDFB0001FDFDFD0001FDFDF50001FDFDFB0001FDFDFD0001FDFDFB0001FDFDFD0001FDFDFB0001FDFDEF0001FDFDFB0001FDFDFD0001FDFDFB0001FDFDFD0001FDFDFB0001FDFDFD0001FDFDFB0001FDFDFD0001FDFDFB0001FDFDFD0001FDFDFB0001FDFDFD0001FDFDFB0001FDFDFD0001FDFDFB0001FDFDF90001FDFDF90009FDFD0000FDFD0000FDFD82008200AD00030000FDFDFB0001FDFDFD0001FDFDF50001FDFDFB0001FDFDFD0001FDFDFB0001FDFDFD0001FDFDFB0001FDFDEF0001FDFDFB0001FDFDFD0001FDFDFB0001FDFDFD0001FDFDFB0001FDFDFD0001FDFDFB0001FDFDFD0001FDFDFB0001FDFDFD0001FDFDFB0001FDFDFD0001FDFDFB0001FDFDFD0001FDFDFB0001FDFDF90001FDFDF90009FDFD0000FDFD0000FDFD82008200AD00010000F9FDFB00F7FDFD00F9FDF900FBFDF900F9FDED00FBFDF900FBFDFB0001FDFDFB0001FDFDFD0001FDFDFB0001FDFDFD0001FDFDFB0001FDFDFD0001FDFDFB0001FDFDFD00F9FDF900FBFDF90001FDFD820082009900010000F9FDFB00F7FDFD00F9FDF900FBFDF900F9FDED00FBFDF900FBFDFB0001FDFDFB0001FDFDFD0001FDFDFB0001FDFDFD0001FDFDFB0001FDFDFD0001FDFDFB0001FDFDFD00F9FDF900FBFDF90001FDFD8200820099008200820082008200CD008200820082008200CD000001002F002F00460046003F003F00400040004F004F0056005600300030000A000A000A000A000A000A000A000A000A000A000A000A000A000A000A000A000A000A0071007100D500D500B300B300B300B300B900B900E100E1007B007B000A000A002F002F004B004B0043004300470047004900490051005100320032000A000A000A000A000A000A000A000A000A000A000A000A000A000A000A000A000A000A0072007200CA00CA00B900B900AE00AE00BF00BF00DC00DC00730073000A000A00120012001E001E001C001C00240024001D001D001E001E00120012000A000A000A000A000A000A000A000A000A000A000A000A000A000A000A000A000A000A002100210042004200310031003D003D003500350042004200210021000A000A00360036003D003D0041004100440044003E003E003F003F00390039000A000A0013001300190019001400140014001400140014000F000F00140014000A000A003B003B005500550058005800560056004C004C0058005800400040000A000A004500450068006800660066005C005C005000500060006000500050000A000A00520052006B006B006A006A005E005E005D005D00610061005A005A000A000A004C004C005E005E006000600063006300600060005E005E004B004B000A000A0069006900900090008C008C007F007F008A008A0090009000760076000A000A00430043004F004F005100510055005500510051004F004F00430043000A000A00480048006F006F00680068005B005B006800680072007200580058000A000A00470047006E006E00680068004E004E00610061006F006F004A004A000A000A0044004400690069005D005D0048004800550055006A006A00540054000A000A0023002300300030002E002E001E001E002900290021002100240024000A000A00220022003000300033003300300030003900390030003000270027000A000A000A000A000A000A000A000A000A000A000A000A000A000A000A000A000A000A00590059008D008D0087008700870087007F007F0095009500580058000A000AFB00FB99F900FB99EB00FB99FD00F799EF00F799FB00FB99EB00FB99F900FB99E700019999F700FB99820082009100FB00FB99F900FB99EB00FB99FD00F799EF00F799FB00FB99EB00FB99F900FB99E700019999F700FB99820082009100FD00019999F500019999E700019999F700019999DF00019999FD00019999FB00019999EF00019999FB00019999FD00019999FB00019999EB00FD99F900019999820082008B00FD00019999F500019999E700019999F700019999DF00019999FD00019999FB00019999EF00019999FB00019999FD00019999FB00019999EB00FD99F900019999820082008B000300009999F500019999E700019999F500F999E700019999F300019999E700019999FD00019999FD00FD99ED0005999900009999FB000199998200820089000300009999F500019999E700019999F500F999E700019999F300019999E700019999FD00019999FD00FD99ED0005999900009999FB00019999820082008900010000F999FB00F999ED00F999F300019999EB00019999F500FD99E900FD99FB000999990000999900009999EF00019999FD00019999FB00F999820082008F00010000F999FB00F999ED00F999F300019999EB00019999F500FD99E900FD99FB000999990000999900009999EF00019999FD00019999FB00F999820082008F000300009999FB00019999FD00019999FB00019999EF00019999FB00019999F500019999ED00019999F500019999E700019999F700FD99FD00019999EF00F799FD00019999FB000199998200820091000300009999FB00019999FD00019999FB00019999EF00019999FB00019999F500019999ED00019999F500019999E700019999F700FD99FD00019999EF00F799FD00019999FB000199998200820091000300009999FB00019999FD00019999FB00019999EF00019999FB00019999FD00019999FB00019999ED00019999F700019999E700019999F500019999FB00019999E900019999FB00019999FB000199998200820091000300009999FB00019999FD00019999FB00019999EF00019999FB00019999FD00019999FB00019999ED00019999F700019999E700019999F500019999FB00019999E900019999FB00019999FB00019999820082009100FD00FB99F900FB99EB00FB99F900FB99EB00019999F700F799EF00F799FB00FB99E700019999F900FB99820082008F00FD00FB99F900FB99EB00FB99F900FB99EB00019999F700F799EF00F799FB00FB99E700019999F900FB99820082008F008200820082008200CD008200820082008200CD008200820082008200CD008200820082008200CD008200820082008200CD008200820082008200CD008200820082008200CD008200820082008200CD008200820082008200CD008200820082008200CD008200820082008200CD008200820082008200CD008200820082008200CD008200820082008200CD008200820082008200CD008200820082008200CD008200820082008200CD008200820082008200CD00FB00019999F700FB99FB00F999FB00F999F900FB99DF00F799FD00F799EB00FB99FB00FB99E900FB99FB00FB99EB00FB99FB00F999EB00FB99F900FB99E700019999FB00F799EF00F799FB00FB99ED00F799FB00FB99E900FB99FD00F799EF00F799FB00FB99ED00F799F900019999ED00FB00019999F700FB99FB00F999FB00F999F900FB99DF00F799FD00F799EB00FB99FB00FB99E900FB99FB00FB99EB00FB99FB00F999EB00FB99F900FB99E700019999FB00F799EF00F799FB00FB99ED00F799FB00FB99E900FB99FD00F799EF00F799FB00FB99ED00F799F900019999ED000B000099990000999900009999FD00019999FB00019999FD00019999FB00019999FD00019999FB00019999FD00019999FB00019999D900019999FD00019999E500019999F700019999FB00019999ED00019999F700019999FB00019999EF00019999FB00019999FD00019999FB00019999EF00019999FB00019999FD00019999FB00019999EB00FD99FB00019999DF00019999FD00019999FB00019999E700019999FD00019999FB00019999ED00019999F700019999DF00019999FD00019999FB00019999E700019999FB0005999900009999EF000B000099990000999900009999FD00019999FB00019999FD00019999FB00019999FD00019999FB00019999FD00019999FB00019999D900019999FD00019999E500019999F700019999FB00019999ED00019999F700019999FB00019999EF00019999FB00019999FD00019999FB00019999EF00019999FB00019999FD00019999FB00019999EB00FD99FB00019999DF00019999FD00019999FB00019999E700019999FD00019999FB00019999ED00019999F700019999DF00019999FD00019999FB00019999E700019999FB0005999900009999EF00FD00FB99F300019999FD00019999FB00019999FD00019999FB00019999FD00019999FD00FD99F900019999E500019999FB00F999ED00019999F500019999E700019999F500019999E700019999FD00FD99FD00019999FB00019999EF00019999FD00FD99FD00019999FD00FD99ED0005999900009999FB00F999E700019999F300019999E900019999F300019999EF00019999F500019999E100019999F300019999E900019999FB00019999FB00019999F100FD00FB99F300019999FD00019999FB00019999FD00019999FB00019999FD00019999FD00FD99F900019999E500019999FB00F999ED00019999F500019999E700019999F500019999E700019999FD00FD99FD00019999FB00019999EF00019999FD00FD99FD00019999FD00FD99ED0005999900009999FB00F999E700019999F300019999E900019999F300019999EF00019999F500019999E100019999F300019999E900019999FB00019999FB00019999F100FB00019999F500FD99FB00019999FB00019999FD00F999FB000999990000999900009999DD00019999F100019999EF00F999FB00019999E700F999FB00019999E7000999990000999900009999FD00019999FB00019999EF000999990000999900009999FD000999990000999900009999EF00019999FD00019999F300019999EB00019999F500FD99E900019999F500FD99ED00F999FB00F999E900019999F500FD99E900FD99FB00019999FB00019999F100FB00019999F500FD99FB00019999FB00019999FD00F999FB000999990000999900009999DD00019999F100019999EF00F999FB00019999E700F999FB00019999E7000999990000999900009999FD00019999FB00019999EF000999990000999900009999FD000999990000999900009999EF00019999FD00019999F300019999EB00019999F500FD99E900019999F500FD99ED00F999FB00F999E900019999F500FD99E900FD99FB00019999FB00019999F100FD00FB99F900019999F700019999FB00019999FD00019999FB00019999FD00FD99FD00019999F900019999E900019999EF00019999EF00019999FB00019999FD00019999E700019999FB00019999FD00019999E700FD99FD00019999FD00019999FB00019999EF00FD99FD00019999FD00FD99FD00019999EF00F799F500019999ED00019999F500019999E700019999F500019999E900019999FB00019999FD00019999E500019999F500019999E100019999FD00F799F100FD00FB99F900019999F700019999FB00019999FD00019999FB00019999FD00FD99FD00019999F900019999E900019999EF00019999EF00019999FB00019999FD00019999E700019999FB00019999FD00019999E700FD99FD00019999FD00019999FB00019999EF00FD99FD00019999FD00FD99FD00019999EF00F799F500019999ED00019999F500019999E700019999F500019999E900019999FB00019999FD00019999E500019999F500019999E100019999FD00F799F1000B000099990000999900009999FD00019999F500019999FB00019999FD00019999FB00019999FD00019999FB00019999DF00019999F700019999FB00019999EF00019999FB00019999FD00019999FB00019999EF00019999FB00019999FD00019999FB00019999EF00019999FB00019999FD00019999FB00019999EF00019999FB00019999FD00019999FB00019999E900019999FB00019999FB00019999ED00019999F700019999E500019999F700019999E700019999FB00019999FD00019999E500019999F700019999E700019999FB00019999FD00019999FB00019999F1000B000099990000999900009999FD00019999F500019999FB00019999FD00019999FB00019999FD00019999FB00019999DF00019999F700019999FB00019999EF00019999FB00019999FD00019999FB00019999EF00019999FB00019999FD00019999FB00019999EF00019999FB00019999FD00019999FB00019999EF00019999FB00019999FD00019999FB00019999E900019999FB00019999FB00019999ED00019999F700019999E500019999F700019999E700019999FB00019999FD00019999E500019999F700019999E700019999FB00019999FD00019999FB00019999F100FB00019999F900F799FD00F999FB00F999F900FB99DD00019999F500FB99EB00FB99F900FB99EB00FB99F900FB99EB00FB99FB00F999EB00FB99F900FB99E700019999F900FB99EB00019999F700F799ED00019999F700F799ED00FB99FB00019999E500019999F700F799ED00FB99FB00019999FB00019999F100FB00019999F900F799FD00F999FB00F999F900FB99DD00019999F500FB99EB00FB99F900FB99EB00FB99F900FB99EB00FB99FB00F999EB00FB99F900FB99E700019999F900FB99EB00019999F700F799ED00019999F700F799ED00FB99FB00019999E500019999F700F799ED00FB99FB00019999FB00019999F1008200820082008200CD008200820082008200CD00FD00FB99F900FB99ED00F799F700019999E900FB99FD00F799EB00FB99FD00F799ED00FB99F900FB99820082008F00FD00FB99F900FB99ED00F799F700019999E900FB99FD00F799EB00FB99FD00F799ED00FB99F900FB99820082008F000300009999FB00019999FD00019999FB00019999EF00019999F100FD99EB00019999F700019999E500019999F700019999E700019999FB00019999FD00019999FB000199998200820091000300009999FB00019999FD00019999FB00019999EF00019999F100FD99EB00019999F700019999E500019999F700019999E700019999FB00019999FD00019999FB00019999820082009100F700019999FD00019999FD00FD99EF00F999F90005999900009999ED00019999F500019999E700019999F500019999DF00019999FD00019999FD00FD99820082009100F700019999FD00019999FD00FD99EF00F999F90005999900009999ED00019999F500019999E700019999F500019999DF00019999FD00019999FD00FD99820082009100FB00FD99FB000999990000999900009999E700019999FD00019999FD00019999ED00F999FB00F999ED00F999FB00F999E900FD99FB000999990000999900009999820082009100FB00FD99FB000999990000999900009999E700019999FD00019999FD00019999ED00F999FB00F999ED00F999FB00F999E900FD99FB000999990000999900009999820082009100FD00019999F700FD99FD00019999E700019999FD00F799EF00019999FB00019999FD00019999E700019999FB00019999FD00019999E500019999F700FD99FD00019999820082009100FD00019999F700FD99FD00019999E700019999FD00F799EF00019999FB00019999FD00019999E700019999FB00019999FD00019999E500019999F700FD99FD000199998200820091000300009999F500019999FB00019999EF00019999FB00019999F700019999ED00019999FB00019999FD00019999E700019999FB00019999FD00019999E700019999F500019999FB000199998200820091000300009999F500019999FB00019999EF00019999FB00019999F700019999ED00019999FB00019999FD00019999E700019999FB00019999FD00019999E700019999F500019999FB00019999820082009100010000F799FB00FB99EB00FB99F500019999EB00FB99FB00019999E500FB99FB00019999E700F799FB00FB99820082008F00010000F799FB00FB99EB00FB99F500019999EB00FB99FB00019999E500FB99FB00019999E700F799FB00FB99820082008F008200820082008200CD008200820082008200CD008200820082008200CD008200820082008200CD008200820082008200CD008200820082008200CD008200820082008200CD008200820082008200CD008200820082008200CD008200820082008200CD008200820082008200CD008200820082008200CD008200820082008200CD008200820082008200CD008200820082008200CD008200820082008200CD008200820082008200CD008200820082008200CD00FB00019999F700FB99FB00F999F900FB99F900FB99D900019999FB00F999E900FB99F900019999E700FB99FD00F799EF00F799FB00FB99EB00FB99F900FB99E700019999F900FB99E900FB99FB00FB99E900FB99FD00F799EB00FB99FD00F799EF00F799FD00F799ED00FB99FB00F999EF00FB00019999F700FB99FB00F999F900FB99F900FB99D900019999FB00F999E900FB99F900019999E700FB99FD00F799EF00F799FB00FB99EB00FB99F900FB99E700019999F900FB99E900FB99FB00FB99E900FB99FD00F799EB00FB99FD00F799EF00F799FD00F799ED00FB99FB00F999EF000B000099990000999900009999FD00019999FB00019999FD00019999FB00019999FD00019999FB00019999FD00019999FB00019999DD00FD99FB00019999FB00019999ED00019999F500FD99E900019999F700019999DF00019999FD00019999FB00019999EF00019999FB00019999FD00019999FB00019999EB00FD99FB00019999FB00019999ED00019999F700019999FB00019999ED00019999F700019999E500019999F700019999DF00019999F500019999EF00019999FB00019999FD00019999FB00019999F1000B000099990000999900009999FD00019999FB00019999FD00019999FB00019999FD00019999FB00019999FD00019999FB00019999DD00FD99FB00019999FB00019999ED00019999F500FD99E900019999F700019999DF00019999FD00019999FB00019999EF00019999FB00019999FD00019999FB00019999EB00FD99FB00019999FB00019999ED00019999F700019999FB00019999ED00019999F700019999E500019999F700019999DF00019999F500019999EF00019999FB00019999FD00019999FB00019999F100FD00FB99F300019999FD00019999FB00019999FD00019999F500019999FD00FD99F900019999E90005999900009999FB00019999FB00019999EF00019999F100019999EB00019999F500019999E100019999FB00019999FB00019999E700019999FD00019999FD00FD99ED0005999900009999FB00019999E700019999F500019999FB00019999EF00019999F500019999E700019999F500F999E700019999F500019999ED00019999FD00FD99FD00019999FB00019999F100FD00FB99F300019999FD00019999FB00019999FD00019999F500019999FD00FD99F900019999E90005999900009999FB00019999FB00019999EF00019999F100019999EB00019999F500019999E100019999FB00019999FB00019999E700019999FD00019999FD00FD99ED0005999900009999FB00019999E700019999F500019999FB00019999EF00019999F500019999E700019999F500F999E700019999F500019999ED00019999FD00FD99FD00019999FB00019999F100FB00019999F500FD99FB00019999FB00019999FD00019999F5000999990000999900009999E100019999FD00019999FB00019999FB00019999EF00F999F700019999EB00F999FB00F999E900019999F700F999EB00FD99FB000999990000999900009999EF00019999FD00019999FB00019999E700F999F900F999EF00F999FB00F999ED00F999F300019999EB00019999F500FD99ED000999990000999900009999FD00019999FB00019999F100FB00019999F500FD99FB00019999FB00019999FD00019999F5000999990000999900009999E100019999FD00019999FB00019999FB00019999EF00F999F700019999EB00F999FB00F999E900019999F700F999EB00FD99FB000999990000999900009999EF00019999FD00019999FB00019999E700F999F900F999EF00F999FB00F999ED00F999F300019999EB00019999F500FD99ED000999990000999900009999FD00019999FB00019999F100FD00FB99F900019999F700019999FB00019999FD00019999F500FD99FD00019999F900019999EB00F799FD00019999FB00019999EF00019999FB00019999F900019999EB00019999FB00019999FD00019999E500019999EF00019999ED00019999F700FD99FD00019999EF00F799FD00019999E700019999FB00019999F500019999EF00019999FB00019999FD00019999E700019999FB00019999F500019999ED00019999EF00019999EF00FD99FD00019999FD00019999FB00019999F100FD00FB99F900019999F700019999FB00019999FD00019999F500FD99FD00019999F900019999EB00F799FD00019999FB00019999EF00019999FB00019999F900019999EB00019999FB00019999FD00019999E500019999EF00019999ED00019999F700FD99FD00019999EF00F799FD00019999E700019999FB00019999F500019999EF00019999FB00019999FD00019999E700019999FB00019999F500019999ED00019999EF00019999EF00FD99FD00019999FD00019999FB00019999F1000B000099990000999900009999FD00019999F500019999FB00019999FD00019999FB00019999FD00019999FB00019999DB00019999FB00019999FB00019999EF00019999FB00019999F900019999EB00019999FB00019999FD00019999E500019999F100019999ED00019999F500019999FB00019999E900019999FB00019999FB00019999EF00019999FB00019999F700019999ED00019999FB00019999FD00019999E700019999FB00019999FD00019999FB00019999ED00019999F700019999FB00019999EF00019999FB00019999FD00019999FB00019999F1000B000099990000999900009999FD00019999F500019999FB00019999FD00019999FB00019999FD00019999FB00019999DB00019999FB00019999FB00019999EF00019999FB00019999F900019999EB00019999FB00019999FD00019999E500019999F100019999ED00019999F500019999FB00019999E900019999FB00019999FB00019999EF00019999FB00019999F700019999ED00019999FB00019999FD00019999E700019999FB00019999FD00019999FB00019999ED00019999F700019999FB00019999EF00019999FB00019999FD00019999FB00019999F100FB00019999F900F799FD00F999F900FB99F900FB99D900019999FB00F999EB00FB99F900FB99EB00FB99FB00F799ED00019999F700FB99EB00F799FB00FB99E700019999F900FB99EB00FB99FB00FB99E900FB99FB00F799ED00FB99F900FB99EB00019999F500FB99EB00FB99FB00F999EF00FB00019999F900F799FD00F999F900FB99F900FB99D900019999FB00F999EB00FB99F900FB99EB00FB99FB00F799ED00019999F700FB99EB00F799FB00FB99E700019999F900FB99EB00FB99FB00FB99E900FB99FB00F799ED00FB99F900FB99EB00019999F500FB99EB00FB99FB00F999EF008200820082008200CD008200820082008200CD00FD00FB99F900FB998200820082008200E500FD00FB99F900FB998200820082008200E5000300009999FB00019999FD00019999FB000199998200820082008200E7000300009999FB00019999FD00019999FB000199998200820082008200E7000300009999FD00FD99FD00019999FD00FD998200820082008200E7000300009999FD00FD99FD00019999FD00FD998200820082008200E7000B000099990000999900009999FD0009999900009999000099998200820082008200E7000B000099990000999900009999FD0009999900009999000099998200820082008200E700010000FD99FD00019999FD00FD99FD000199998200820082008200E700010000FD99FD00019999FD00FD99FD000199998200820082008200E7000300009999FB00019999FD00019999FB000199998200820082008200E7000300009999FB00019999FD00019999FB000199998200820082008200E700FD00FB99F900FB998200820082008200E500FD00FB99F900FB998200820082008200E5008200820082008200CD008200820082008200CD008200820082008200CD008200820082008200CD008200820082008200CD008200820082008200CD008200820082008200CD008200820082008200CD008200820082008200CD008200820082008200CD008200820082008200CD008200820082008200CD008200820082008200CD008200820082008200CD008200820082008200CD008200820082008200CD008200820082008200CD008200820082008200CD00FB00019999F700FB99F900FB99F900FB99F900FB99F900F999820082008200A000FB00019999F700FB99F900FB99F900FB99F900FB99F900F999820082008200A0000B000099990000999900009999FD00019999FB00019999FD00019999FB00019999FD00019999FB00019999FD00019999FB00019999FD0001999982008200820098000B000099990000999900009999FD00019999FB00019999FD00019999FB00019999FD00019999FB00019999FD00019999FB00019999FD000199998200820082009800FD00FB99F300019999FD00019999FD00FD99FD00019999FD00FD99FD00019999FD00FD99FD000199998200820082009800FD00FB99F300019999FD00019999FD00FD99FD00019999FD00FD99FD00019999FD00FD99FD000199998200820082009800FB00019999F500FD99FB000999990000999900009999FD000999990000999900009999FD000999990000999900009999FD000199998200820082009800FB00019999F500FD99FB000999990000999900009999FD000999990000999900009999FD000999990000999900009999FD000199998200820082009800FD00FB99F900019999F700FD99FD00019999FD00FD99FD00019999FD00FD99FD00019999FD00019999FD00FD99820082008200A000FD00FB99F900019999F700FD99FD00019999FD00FD99FD00019999FD00FD99FD00019999FD00019999FD00FD99820082008200A0000B000099990000999900009999FD00019999F500019999FB00019999FD00019999FB00019999FD00019999FB00019999FD00019999FB00019999820082008200A0000B000099990000999900009999FD00019999F500019999FB00019999FD00019999FB00019999FD00019999FB00019999FD00019999FB00019999820082008200A000FB00019999F900F799FB00FB99F900FB99F900FB99F900F999820082008200A000FB00019999F900F799FB00FB99F900FB99F900FB99F900F999820082008200A0008200820082008200CD008200820082008200CD000300009999FB00019999FB00FB99FB00019999FB00019999FB00FB99FB00F799FD00F999E900019999E700019999820082008200D4000300009999FB00019999FB00FB99FB00019999FB00019999FB00FB99FB00F799FD00F999E900019999E700019999820082008200D400010000FD99010000FD99F900019999F900019999FB00019999F900019999F900019999F500019999FB00019999ED00FD99E900FD99820082008200D400010000FD99010000FD99F900019999F900019999FB00019999F900019999F900019999F500019999FB00019999ED00FD99E900FD99820082008200D4000B000099990000999900009999F900019999F900FD99FD00019999F900019999F900019999F500019999FB00019999EB00019999E700019999820082008200D4000B000099990000999900009999F900019999F900FD99FD00019999F900019999F900019999F500019999FB00019999EB00019999E700019999820082008200D4000B000099990000999900009999F900019999F9000999990000999900009999F900019999F900F999FB00019999FB00019999EB00019999E700019999820082008200D4000B000099990000999900009999F900019999F9000999990000999900009999F900019999F900F999FB00019999FB00019999EB00019999E700019999820082008200D4000300009999FB00019999F900019999F900019999FD00FD99F900019999F900019999F500019999FB00019999EB00019999E700019999820082008200D4000300009999FB00019999F900019999F900019999FD00FD99F900019999F900019999F500019999FB00019999EB00019999E700019999820082008200D4000300009999FB00019999F900019999F900019999FB00019999F900019999F900019999F500019999FB00019999EB00019999E700019999820082008200D4000300009999FB00019999F900019999F900019999FB00019999F900019999F900019999F500019999FB00019999EB00019999E700019999820082008200D4000300009999FB00019999FB00FB99FB00019999FB00019999FB00FB99FB00F799FD00F999EB00FB99F700019999F700FB99820082008200D6000300009999FB00019999FB00FB99FB00019999FB00019999FB00FB99FB00F799FD00F999EB00FB99F700019999F700FB99820082008200D6008200820082008200CD008200820082008200CD00FD00019999F500FB998200820082008200E500FD00019999F500FB998200820082008200E500FB00019999F900019999FB000199998200820082008200E700FB00019999F900019999FB000199998200820082008200E700F900019999F5000199998200820082008200E500F900019999F5000199998200820082008200E500F700019999F9000199998200820082008200E300F700019999F9000199998200820082008200E300F900019999F7000199998200820082008200E300F900019999F7000199998200820082008200E300FB000199998200820082008200D500FB000199998200820082008200D500FD00019999F3000199998200820082008200E300FD00019999F3000199998200820082008200E3008200820082008200CD008200820082008200CD00FD00FB99F900FB99FB00019999FB00019999FD00019999FB00019999F900019999F900019999FB00019999FD00F999F900FB99820082008200BA00FD00FB99F900FB99FB00019999FB00019999FD00019999FB00019999F900019999F900019999FB00019999FD00F999F900FB99820082008200BA000300009999FB00019999FD00019999FB00019999FD00FD99010000FD99FD00FD99010000FD99FB0005999900009999FB00019999FB00019999FD00019999FB00019999FD00019999FB00019999820082008200BC000300009999FB00019999FD00019999FB00019999FD00FD99010000FD99FD00FD99010000FD99FB0005999900009999FB00019999FB00019999FD00019999FB00019999FD00019999FB00019999820082008200BC000300009999F500019999FB00019999FD000999990000999900009999FD000999990000999900009999FD00019999FB00019999FD00FD99FD00019999FD00019999FB00019999FD00019999F100019999820082008200C6000300009999F500019999FB00019999FD000999990000999900009999FD000999990000999900009999FD00019999FB00019999FD00FD99FD00019999FD00019999FB00019999FD00019999F100019999820082008200C6000300009999F500019999FB00019999FD000999990000999900009999FD000999990000999900009999FD00019999FB00019999FD000999990000999900009999FD00019999FB00019999FB00FB99820082008200BA000300009999F500019999FB00019999FD000999990000999900009999FD000999990000999900009999FD00019999FB00019999FD000999990000999900009999FD00019999FB00019999FB00FB99820082008200BA000300009999F500019999FB00019999FD00019999FB00019999FD00019999FB00019999FD00F799FD00019999FD00FD99FD00019999FB00019999F500019999F900019999820082008200C6000300009999F500019999FB00019999FD00019999FB00019999FD00019999FB00019999FD00F799FD00019999FD00FD99FD00019999FB00019999F500019999F900019999820082008200C6000300009999FB00019999FD00019999FB00019999FD00019999FB00019999FD00019999FB00019999FD00019999FB00019999FD00019999FB00019999FD00019999FB00019999FD00019999FB00019999820082008200BC000300009999FB00019999FD00019999FB00019999FD00019999FB00019999FD00019999FB00019999FD00019999FB00019999FD00019999FB00019999FD00019999FB00019999FD00019999FB00019999820082008200BC00FD00FB99F900FB99FB00019999FB00019999FD00019999FB00019999FD00019999FB00019999FD00019999FB00019999FD00F999F900FB99820082008200BA00FD00FB99F900FB99FB00019999FB00019999FD00019999FB00019999FD00019999FB00019999FD00019999FB00019999FD00F999F900FB99820082008200BA008200820082008200CD008200820082008200CD00ED000199998200F600019999F900F999FB00F999FB00F799FD00019999FB00019999FD00F999ED00019999F300FB99FB00019999FB00019999FD00F799FB00FB9982008E00ED000199998200F600019999F900F999FB00F999FB00F799FD00019999FB00019999FD00F999ED00019999F300FB99FB00019999FB00019999FD00F799FB00FB9982008E00EF00059999000099998200FA0005999900009999FB00019999FB00019999FD00019999FB00019999FD00019999F500019999FB00019999FD00019999FB00019999EF00019999F100019999F900019999FB00019999FD00019999F500019999FB0001999982009000EF00059999000099998200FA0005999900009999FB00019999FB00019999FD00019999FB00019999FD00019999F500019999FB00019999FD00019999FB00019999EF00019999F100019999F900019999FB00019999FD00019999F500019999FB0001999982009000F100019999FB000199999700019999EB00019999FB00019999FD00019999FB00019999FD00019999FB00019999FD00019999F500FD99FD00019999FD00019999FB00019999EF00019999F100019999F900FD99FD00019999FD00019999F50001999982008800F100019999FB000199999700019999EB00019999FB00019999FD00019999FB00019999FD00019999FB00019999FD00019999F500FD99FD00019999FD00019999FB00019999EF00019999F100019999F900FD99FD00019999FD00019999F50001999982008800F100019999FB000199998200FE00019999FB00019999FD00F999FB00F999FB00F999FB000999990000999900009999FD00019999FB00019999EF00019999F100019999F9000999990000999900009999FD00F999F900FB9982008E00F100019999FB000199998200FE00019999FB00019999FD00F999FB00F999FB00F999FB000999990000999900009999FD00019999FB00019999EF00019999F100019999F9000999990000999900009999FD00F999F900FB9982008E00F100F7999700019999EB00F799FD00019999F500019999F500019999F500019999FD00FD99FD00019999FB00019999EF00019999F100019999F900019999FD00FD99FD00019999ED0001999982009000F100F7999700019999EB00F799FD00019999F500019999F500019999F500019999FD00FD99FD00019999FB00019999EF00019999F100019999F900019999FD00FD99FD00019999ED0001999982009000F100019999FB000199998200FE00019999FB00019999FD00019999F500019999F500019999F500019999FB00019999FD00019999FB00019999EF00019999F100019999F900019999FB00019999FD00019999F500019999FB0001999982009000F100019999FB000199998200FE00019999FB00019999FD00019999F500019999F500019999F500019999FB00019999FD00019999FB00019999EF00019999F100019999F900019999FB00019999FD00019999F500019999FB0001999982009000F100019999FB000199998200FE00019999FB00019999FD00019999F500019999F500F799FD00019999FB00019999FD00F999ED00F799FB00FB99FB00019999FB00019999FD00F799FB00FB9982008E00F100019999FB000199998200FE00019999FB00019999FD00019999F500019999F500F799FD00019999FB00019999FD00F999ED00F799FB00FB99FB00019999FB00019999FD00F799FB00FB9982008E008200820082008200CD008200820082008200CD00F100F999ED00F799FD00019999FB00019999FD00F799B700F999FB00F999F900FB99FB00019999FB00019999FD00F799EF00019999F300FB99FB00019999FB00019999FD00F799FB00FB9982008200010000F100F999ED00F799FD00019999FB00019999FD00F799B700F999FB00F999F900FB99FB00019999FB00019999FD00F799EF00019999F300FB99FB00019999FB00019999FD00F799FB00FB9982008200010000F100019999FB00019999EF00FD99F700019999FB00019999F700FD99B700019999FB00019999FD00019999FB00019999F900019999F900019999FB00019999F900019999EB00019999F100019999F900019999FB00019999FD00019999F500019999FB0001999982008200F100019999FB00019999EF00FD99F700019999FB00019999F700FD99B700019999FB00019999FD00019999FB00019999F900019999F900019999FB00019999F900019999EB00019999F100019999F900019999FB00019999FD00019999F500019999FB0001999982008200F100019999FB00019999EF00FD99F700FD99FD00019999F700FD99CF00019999EB00019999FB00019999FD00019999FB00019999F900019999F900FD99FD00019999F900019999EB00019999F100019999F900FD99FD00019999FD00019999F50001999982008200F900F100019999FB00019999EF00FD99F700FD99FD00019999F700FD99CF00019999EB00019999FB00019999FD00019999FB00019999F900019999F900FD99FD00019999F900019999EB00019999F100019999F900FD99FD00019999FD00019999F50001999982008200F900F100F999ED00FD99F7000999990000999900009999F700FD99B700F999FB00F999F700019999F9000999990000999900009999F900019999EB00019999F100019999F9000999990000999900009999FD00F999F900FB9982008200010000F100F999ED00FD99F7000999990000999900009999F700FD99B700F999FB00F999F700019999F9000999990000999900009999F900019999EB00019999F100019999F9000999990000999900009999FD00F999F900FB9982008200010000F100019999E700FD99F700019999FD00FD99F700FD99CF00019999EB00019999F50005999900009999F500019999F900019999FD00FD99F900019999EB00019999F100019999F900019999FD00FD99FD00019999ED0001999982008200F100019999E700FD99F700019999FD00FD99F700FD99CF00019999EB00019999F50005999900009999F500019999F900019999FD00FD99F900019999EB00019999F100019999F900019999FD00FD99FD00019999ED0001999982008200F100019999E700FD99F700019999FB00019999F700FD99B700019999F500019999FD00019999F700019999F900019999FB00019999F900019999EB00019999F100019999F900019999FB00019999FD00019999F500019999FB0001999982008200F100019999E700FD99F700019999FB00019999F700FD99B700019999F500019999FD00019999F700019999F900019999FB00019999F900019999EB00019999F100019999F900019999FB00019999FD00019999F500019999FB0001999982008200F100019999E700F799FD00019999FB00019999FD00F799B700019999F500019999FB00019999FB00FB99FB00019999FB00019999F900019999EB00F799FB00FB99FB00019999FB00019999FD00F799FB00FB9982008200010000F100019999E700F799FD00019999FB00019999FD00F799B700019999F500019999FB00019999FB00FB99FB00019999FB00019999F900019999EB00F799FB00FB99FB00019999FB00019999FD00F799FB00FB99820082000100008200820082008200CD008200820082008200CD00F100F999ED00019999FB000199999B00F999FB00F799FD00019999F500F799FD00F799FD00F799EF00019999F300FB99FB00019999FB00019999FD00F799EF00019999FB0001999982009E00F100F999ED00019999FB000199999B00F999FB00F799FD00019999F500F799FD00F799FD00F799EF00019999F300FB99FB00019999FB00019999FD00F799EF00019999FB0001999982009E00F100019999FB00019999EF00019999FB000199999B00019999FB00019999FD00019999F500019999F500019999F100019999F900019999E700019999F100019999F900019999FB00019999FD00019999E700019999FB0001999982009E00F100019999FB00019999EF00019999FB000199999B00019999FB00019999FD00019999F500019999F500019999F100019999F900019999E700019999F100019999F900019999FB00019999FD00019999E700019999FB0001999982009E00F100019999FB00019999EF00FD99FD00019999B300019999EB00019999FB00019999FD00019999F500019999F500019999F100019999F900019999E700019999F100019999F900FD99FD00019999FD00019999E700FD99FD0001999982009E00F100019999FB00019999EF00FD99FD00019999B300019999EB00019999FB00019999FD00019999F500019999F500019999F100019999F900019999E700019999F100019999F900FD99FD00019999FD00019999E700FD99FD0001999982009E00F100019999FB00019999EF0009999900009999000099999B00019999FB00019999FD00F999FB00019999F500F999F700019999F900F999ED00019999F100019999F9000999990000999900009999FD00F999ED00099999000099990000999982009E00F100019999FB00019999EF0009999900009999000099999B00019999FB00019999FD00F999FB00019999F500F999F700019999F900F999ED00019999F100019999F9000999990000999900009999FD00F999ED00099999000099990000999982009E00F100019999FB00019999EF00019999FD00FD99B300019999EB00019999FB00019999FD00019999F500019999F500019999F100019999F900019999E700019999F100019999F900019999FD00FD99FD00019999E700019999FD00FD9982009E00F100019999FB00019999EF00019999FD00FD99B300019999EB00019999FB00019999FD00019999F500019999F500019999F100019999F900019999E700019999F100019999F900019999FD00FD99FD00019999E700019999FD00FD9982009E00F100019999FB00019999EF00019999FB000199999B00019999FB00019999FD00019999F500019999F500019999F100019999F900019999E700019999F100019999F900019999FB00019999FD00019999E700019999FB0001999982009E00F100019999FB00019999EF00019999FB000199999B00019999FB00019999FD00019999F500019999F500019999F100019999F900019999E700019999F100019999F900019999FB00019999FD00019999E700019999FB0001999982009E00F100F999ED00019999FB000199999B00F999FB00F799FD00F799FD00F799F900019999F900F799EF00F799FB00FB99FB00019999FB00019999FD00F799EF00019999FB0001999982009E00F100F999ED00019999FB000199999B00F999FB00F799FD00F799FD00F799F900019999F900F799EF00F799FB00FB99FB00019999FB00019999FD00F799EF00019999FB0001999982009E008200820082008200CD008200820082008200CD00EF00FB99ED00019999FB000199999900FB99FB00019999FB00019999FB00FB99FB00F799FD00F999FB00F799EF00F999FB00F799FD00F799FB00FB99FB00F999FB00F799EF00019999F300FB99FB00019999FB00019999FD00F799EF00019999FB0001999982000000EF00FB99ED00019999FB000199999900FB99FB00019999FB00019999FB00FB99FB00F799FD00F999FB00F799EF00F999FB00F799FD00F799FB00FB99FB00F999FB00F799EF00019999F300FB99FB00019999FB00019999FD00F799EF00019999FB0001999982000000ED00019999EB00019999FB000199999700019999F900019999FB00019999FD00019999FB00019999FD00019999F500019999FB00019999F900019999EB00019999FB00019999FD00019999F500019999F500019999FB00019999FD00019999FB00019999FD00019999E700019999F100019999F900019999FB00019999FD00019999E700019999FB0001999982000000ED00019999EB00019999FB000199999700019999F900019999FB00019999FD00019999FB00019999FD00019999F500019999FB00019999F900019999EB00019999FB00019999FD00019999F500019999F500019999FB00019999FD00019999FB00019999FD00019999E700019999F100019999F900019999FB00019999FD00019999E700019999FB0001999982000000ED00019999EB00FD99FD00019999B300019999E700019999F900FD99FD00019999FD00019999F500019999F500019999FB00019999F900019999EB00019999FB00019999FD00019999F500019999F500019999FB00019999FD00019999FB00019999FD00019999E700019999F100019999F900FD99FD00019999FD00019999E700FD99FD0001999982000000ED00019999EB00FD99FD00019999B300019999E700019999F900FD99FD00019999FD00019999F500019999F500019999FB00019999F900019999EB00019999FB00019999FD00019999F500019999F500019999FB00019999FD00019999FB00019999FD00019999E700019999F100019999F900FD99FD00019999FD00019999E700FD99FD0001999982000000ED00019999EB0009999900009999000099999700019999F9000999990000999900009999FB00FB99FB00F999FB00F999F700019999EB00F999FB00F999FB00F999FB00019999FB00019999FD00F999FB00F999ED00019999F100019999F9000999990000999900009999FD00F999ED00099999000099990000999982000000ED00019999EB0009999900009999000099999700019999F9000999990000999900009999FB00FB99FB00F999FB00F999F700019999EB00F999FB00F999FB00F999FB00019999FB00019999FD00F999FB00F999ED00019999F100019999F9000999990000999900009999FD00F999ED00099999000099990000999982000000ED00019999EB00019999FD00FD99B300019999E700019999F900019999FD00FD99F500019999FD00019999F50005999900009999F500019999EB00019999FB00019999FD00019999F500019999F500019999FB00019999FD0005999900009999F900019999E700019999F100019999F900019999FD00FD99FD00019999E700019999FD00FD9982000000ED00019999EB00019999FD00FD99B300019999E700019999F900019999FD00FD99F500019999FD00019999F50005999900009999F500019999EB00019999FB00019999FD00019999F500019999F500019999FB00019999FD0005999900009999F900019999E700019999F100019999F900019999FD00FD99FD00019999E700019999FD00FD9982000000ED00019999EB00019999FB000199999700019999F900019999FB00019999FD00019999FB00019999FD00019999F500019999FD00019999F700019999EB00019999FB00019999FD00019999F500019999F500019999FB00019999FD00019999FD00019999FB00019999E700019999F100019999F900019999FB00019999FD00019999E700019999FB0001999982000000ED00019999EB00019999FB000199999700019999F900019999FB00019999FD00019999FB00019999FD00019999F500019999FD00019999F700019999EB00019999FB00019999FD00019999F500019999F500019999FB00019999FD00019999FD00019999FB00019999E700019999F100019999F900019999FB00019999FD00019999E700019999FB0001999982000000EF00FB99ED00019999FB000199999900FB99FB00019999FB00019999FB00FB99FB00F799FD00019999FB00019999F900019999EB00F999FB00F799FD00019999F300FB99FB00019999FB00019999FD00F799EF00F799FB00FB99FB00019999FB00019999FD00F799EF00019999FB0001999982000000EF00FB99ED00019999FB000199999900FB99FB00019999FB00019999FB00FB99FB00F799FD00019999FB00019999F900019999EB00F999FB00F799FD00019999F300FB99FB00019999FB00019999FD00F799EF00F799FB00FB99FB00019999FB00019999FD00F799EF00019999FB00019999820000008200820082008200CD008200820082008200CD00F100F799EF00019999FB000199999B00F799FD00F999F900FB99FB00F799EF00019999F300FB99FB00019999FB00019999FD00F799EF00019999FB0001999982008200F100F799EF00019999FB000199999B00F799FD00F999F900FB99FB00F799EF00019999F300FB99FB00019999FB00019999FD00F799EF00019999FB0001999982008200F100019999E700019999FB000199999B00019999F500019999FB00019999F900019999F500019999EB00019999F100019999F900019999FB00019999FD00019999E700019999FB0001999982008200F100019999E700019999FB000199999B00019999F500019999FB00019999F900019999F500019999EB00019999F100019999F900019999FB00019999FD00019999E700019999FB0001999982008200F100019999E700FD99FD00019999B300019999EB00019999F500019999FB00019999F900019999F500019999EB00019999F100019999F900FD99FD00019999FD00019999E700FD99FD0001999982008200F100019999E700FD99FD00019999B300019999EB00019999F500019999FB00019999F900019999F500019999EB00019999F100019999F900FD99FD00019999FD00019999E700FD99FD0001999982008200F100F999ED0009999900009999000099999B00F999FB00019999FB00019999F900019999F500019999EB00019999F100019999F9000999990000999900009999FD00F999ED00099999000099990000999982008200F100F999ED0009999900009999000099999B00F999FB00019999FB00019999F900019999F500019999EB00019999F100019999F9000999990000999900009999FD00F999ED00099999000099990000999982008200F100019999E700019999FD00FD99B300019999EB00019999F500019999FB00019999F900019999F500019999EB00019999F100019999F900019999FD00FD99FD00019999E700019999FD00FD9982008200F100019999E700019999FD00FD99B300019999EB00019999F500019999FB00019999F900019999F500019999EB00019999F100019999F900019999FD00FD99FD00019999E700019999FD00FD9982008200F100019999E700019999FB000199999B00019999F500019999FB00019999F900019999F500019999EB00019999F100019999F900019999FB00019999FD00019999E700019999FB0001999982008200F100019999E700019999FB000199999B00019999F500019999FB00019999F900019999F500019999EB00019999F100019999F900019999FB00019999FD00019999E700019999FB0001999982008200F100F799EF00019999FB000199999B00F799FD00F999F900FB99F700019999EB00F799FB00FB99FB00019999FB00019999FD00F799EF00019999FB0001999982008200F100F799EF00019999FB000199999B00F799FD00F999F900FB99F700019999EB00F799FB00FB99FB00019999FB00019999FD00F799EF00019999FB00019999820082008200820082008200CD008200820082008200CD00F100F799ED00FB99FB00F799FD00F999B500F799FB00FB99FB00019999FB00019999FD00F999EB00FB99FB00F799FD00F999F900FB99FB00019999FB00019999FB00F99982008200F100F799ED00FB99FB00F799FD00F999B500F799FB00FB99FB00019999FB00019999FD00F999EB00FB99FB00F799FD00F999F900FB99FB00019999FB00019999FB00F99982008200F100019999E700019999FB00019999F900019999F900019999FB00019999B700019999F100019999F900019999FB00019999FD00019999FB00019999EF00019999FB00019999F900019999F900019999FB00019999F900019999F900019999FB00019999FD0001999982008200F900F100019999E700019999FB00019999F900019999F900019999FB00019999B700019999F100019999F900019999FB00019999FD00019999FB00019999EF00019999FB00019999F900019999F900019999FB00019999F900019999F900019999FB00019999FD0001999982008200F900F100019999E700019999F100019999F900019999FB00019999CF00019999EB00019999F100019999F900FD99FD00019999FD00019999FB00019999EF00019999F100019999F900019999FB00019999F900019999F900FD99FD00019999FD0001999982008200F900F100019999E700019999F100019999F900019999FB00019999CF00019999EB00019999F100019999F900FD99FD00019999FD00019999FB00019999EF00019999F100019999F900019999FB00019999F900019999F900FD99FD00019999FD0001999982008200F900F100F999EB00FB99F700019999F900F999B500F999F700019999F9000999990000999900009999FD00019999FB00019999ED00FB99F700019999F900F999F700019999F9000999990000999900009999FD0001999982008200F900F100F999EB00FB99F700019999F900F999B500F999F700019999F9000999990000999900009999FD00019999FB00019999ED00FB99F700019999F900F999F700019999F9000999990000999900009999FD0001999982008200F900F100019999DF00019999F900019999F90005999900009999CB00019999EB00019999F100019999F900019999FD00FD99FD00019999FB00019999E700019999F900019999F90005999900009999F500019999F900019999FD00FD99FD00019999FD00FD9982008200F100019999DF00019999F900019999F90005999900009999CB00019999EB00019999F100019999F900019999FD00FD99FD00019999FB00019999E700019999F900019999F90005999900009999F500019999F900019999FD00FD99FD00019999FD00FD9982008200F100019999E700019999FB00019999F900019999F900019999FD00019999B500019999F100019999F900019999FB00019999FD00019999FB00019999EF00019999FB00019999F900019999F900019999FD00019999F700019999F900019999FB00019999FD00019999FB0001999982008200F100019999E700019999FB00019999F900019999F900019999FD00019999B500019999F100019999F900019999FB00019999FD00019999FB00019999EF00019999FB00019999F900019999F900019999FD00019999F700019999F900019999FB00019999FD00019999FB0001999982008200F100019999E500FB99F700019999F900019999FB00019999B700019999F300FB99FB00019999FB00019999FD00F999EB00FB99F700019999F900019999FB00019999FB00FB99FB00019999FB00019999FB00F99982008200F100019999E500FB99F700019999F900019999FB00019999B700019999F300FB99FB00019999FB00019999FD00F999EB00FB99F700019999F900019999FB00019999FB00FB99FB00019999FB00019999FB00F999820082008200820082008200CD008200820082008200CD00F100F9998200FC00F999FB00019999FB00019999FD00F799FD00F799FD00F799FD00F999EB00FB99FB00F799F900019999F900F799FD00019999FB00019999FB00FB9982009C00F100F9998200FC00F999FB00019999FB00019999FD00F799FD00F799FD00F799FD00F999EB00FB99FB00F799F900019999F900F799FD00019999FB00019999FB00FB9982009C00F100019999FB000199998200FE00019999FB00019999FD00019999FB00019999FD00019999F500019999F500019999F500019999FB00019999EF00019999FB00019999F900019999F70005999900009999F700019999F900019999FB00019999FD00019999FB0001999982009E00F100019999FB000199998200FE00019999FB00019999FD00019999FB00019999FD00019999F500019999F500019999F500019999FB00019999EF00019999FB00019999F900019999F70005999900009999F700019999F900019999FB00019999FD00019999FB0001999982009E00F100019999FB000199999700019999EB00019999FB00019999FD00019999FB00019999FD00019999F500019999F500019999F500019999FB00019999EF00019999F100019999F900019999FB00019999F900019999F900019999FB00019999FD0001999982009600F100019999FB000199999700019999EB00019999FB00019999FD00019999FB00019999FD00019999F500019999F500019999F500019999FB00019999EF00019999F100019999F900019999FB00019999F900019999F900019999FB00019999FD0001999982009600F100F9998200FC00F999FB00019999FB00019999FD00F999FB00F999FB00F999FB00F999EB00FB99F700019999F900019999FB00019999F900019999F900019999FB00019999FB00FB9982009C00F100F9998200FC00F999FB00019999FB00019999FD00F999FB00F999FB00F999FB00F999EB00FB99F700019999F900019999FB00019999F900019999F900019999FB00019999FB00FB9982009C00F100019999FB000199999700019999EB00019999FB00019999FD00019999FB00019999FD00019999F500019999F500019999F50005999900009999E300019999F900019999F900F799F900019999F900019999FB00019999F50001999982009E00F100019999FB000199999700019999EB00019999FB00019999FD00019999FB00019999FD00019999F500019999F500019999F50005999900009999E300019999F900019999F900F799F900019999F900019999FB00019999F50001999982009E00F100019999FB000199998200FE00019999FB00019999FD00019999FB00019999FD00019999F500019999F500019999F500019999FD00019999ED00019999FB00019999F900019999F900019999FB00019999F900019999F900019999FB00019999FD00019999FB0001999982009E00F100019999FB000199998200FE00019999FB00019999FD00019999FB00019999FD00019999F500019999F500019999F500019999FD00019999ED00019999FB00019999F900019999F900019999FB00019999F900019999F900019999FB00019999FD00019999FB0001999982009E00F100F9998200FC00F999F900FB99FB00019999F500019999F500F799FD00019999FB00019999ED00FB99F700019999F900019999FB00019999F900019999F700FB99F900FB9982009C00F100F9998200FC00F999F900FB99FB00019999F500019999F500F799FD00019999FB00019999ED00FB99F700019999F900019999FB00019999F900019999F700FB99F900FB9982009C008200820082008200CD008200820082008200CD00F100019999FB000199998200FC00FB99FB00019999F500F799F900019999F900F999EB00FB99F900FB99FB00F999FB00F799FD00F799FD00019999FB0001999982009000F100019999FB000199998200FC00FB99FB00019999F500F799F900019999F900F999EB00FB99F900FB99FB00F999FB00F799FD00F799FD00019999FB0001999982009000F100019999FB000199998200FE00019999FB00019999FD00019999F500019999F30005999900009999FB00019999FB00019999EF00019999FB00019999FD00019999FB00019999FD00019999FB00019999FD00019999F500019999F500019999FB0001999982009000F100019999FB000199998200FE00019999FB00019999FD00019999F500019999F30005999900009999FB00019999FB00019999EF00019999FB00019999FD00019999FB00019999FD00019999FB00019999FD00019999F500019999F500019999FB0001999982009000F100019999FB000199999700019999EB00019999F500019999F500019999F500019999FB00019999FD00019999FB00019999EF00019999F500019999F500019999FB00019999FD00019999F500019999F500FD99FD0001999982009000F100019999FB000199999700019999EB00019999F500019999F500019999F500019999FB00019999FD00019999FB00019999EF00019999F500019999F500019999FB00019999FD00019999F500019999F500FD99FD0001999982009000F100F7998200FE00019999F500019999F500F999FB00019999FB00019999FD00F999EB00FB99FB00019999F500F999FB00F999FB00F999FB00099999000099990000999982009000F100F7998200FE00019999F500019999F500F999FB00019999FB00019999FD00F999EB00FB99FB00019999F500F999FB00F999FB00F999FB00099999000099990000999982009000F100019999FB000199999700019999EB00019999F500019999F500019999F500F799FD0005999900009999E300019999FD00019999F50005999900009999F900019999F500019999F500019999FD00FD9982009000F100019999FB000199999700019999EB00019999F500019999F500019999F500F799FD0005999900009999E300019999FD00019999F50005999900009999F900019999F500019999F500019999FD00FD9982009000F100019999FB000199998200FE00019999FB00019999FD00019999F500019999F500019999FB00019999FD00019999FD00019999ED00019999FB00019999FD00019999FB00019999FD00019999FD00019999FB00019999F500019999F500019999FB0001999982009000F100019999FB000199998200FE00019999FB00019999FD00019999F500019999F500019999FB00019999FD00019999FD00019999ED00019999FB00019999FD00019999FB00019999FD00019999FD00019999FB00019999F500019999F500019999FB0001999982009000F100019999FB000199998200FC00FB99FB00F799FD00F799FD00019999FB00019999FD00019999FB00019999ED00FB99F900FB99FB00019999FB00019999FD00F799FD00F799FD00019999FB0001999982009000F100019999FB000199998200FC00FB99FB00F799FD00F799FD00019999FB00019999FD00019999FB00019999ED00FB99F900FB99FB00019999FB00019999FD00F799FD00F799FD00019999FB00019999820090008200820082008200CD008200820082008200CD00EF00FB998200FC00019999FB00019999FD00F799FD00019999F500F999820082009D00EF00FB998200FC00019999FB00019999FD00F799FD00019999F500F999820082009D00F100019999FB000199998200FE00019999FB00019999FD00019999F500019999F500019999FB00019999820082009F00F100019999FB000199998200FE00019999FB00019999FD00019999F500019999F500019999FB00019999820082009F00EB000199999500019999EB00019999FB00019999FD00019999F500019999F500019999FB00019999820082009F00EB000199999500019999EB00019999FB00019999FD00019999F500019999F500019999FB00019999820082009F00ED000199998200FA00F799FD00F999FB00019999F500F999820082009D00ED000199998200FA00F799FD00F999FB00019999F500F999820082009D00ED000199999300019999EB00019999FB00019999FD00019999F500019999F500019999820082009700ED000199999300019999EB00019999FB00019999FD00019999F500019999F5000199998200820097008200E400019999FB00019999FD00019999F500019999F5000199998200820097008200E400019999FB00019999FD00019999F500019999F500019999820082009700ED000199998200FA00019999FB00019999FD00F799FD00F799FD00019999820082009700ED000199998200FA00019999FB00019999FD00F799FD00F799FD000199998200820097008200820082008200CD008200820082008200CD00EF00FB998200FA00FB99FB00019999FB00019999FB00FB99FB00F799820082009F00EF00FB998200FA00FB99FB00019999FB00019999FB00FB99FB00F799820082009F00F100019999FB000199998200FE00019999FB00019999FD00019999FB00019999F900019999F500019999820082009B00F100019999FB000199998200FE00019999FB00019999FD00019999FB00019999F900019999F500019999820082009B00F100019999FB000199999700019999EB00019999FB00019999FD00019999FB00019999F900019999F500019999820082009B00F100019999FB000199999700019999EB00019999FB00019999FD00019999FB00019999F900019999F500019999820082009B00F100019999FB000199998200FE00019999FB00019999FD00019999FB00019999F900019999F500019999820082009B00F100019999FB000199998200FE00019999FB00019999FD00019999FB00019999F900019999F500019999820082009B00F10009999900009999000099999700019999EB000999990000999900009999FD00019999FB00019999F900019999F500019999820082009B00F10009999900009999000099999700019999EB000999990000999900009999FD00019999FB00019999F900019999F500019999820082009B00F100019999FD000199998200FC00019999FD00019999FB00019999FB00019999F900019999F500019999820082009B00F100019999FD000199998200FC00019999FD00019999FB00019999FB00019999F900019999F500019999820082009B00EF00FD9903000099998200FC00FD990300009999FB00FB99F900FB99F700019999820082009B00EF00FD9903000099998200FC00FD990300009999FB00FB99F900FB99F700019999820082009B008200820082008200CD008200820082008200CD008200820082008200CD008200820082008200CD008200820082008200CD008200820082008200CD008200820082008200CD008200820082008200CD008200820082008200CD008200820082008200CD008200820082008200CD008200820082008200CD008200820082008200CD008200820082008200CD008200820082008200CD008200820082008200CD008200820082008200CD008200820082008200CD00010000F999FB00F799FD00F999FB00019999FB00019999FB00F999ED00FB99F900FB99FB00019999FB00019999FD00019999FB00019999F900019999F900019999FB00019999FD00F999F900FB99F900019999820082009900010000F999FB00F799FD00F999FB00019999FB00019999FB00F999ED00FB99F900FB99FB00019999FB00019999FD00019999FB00019999F900019999F900019999FB00019999FD00F999F900FB99F9000199998200820099000300009999FB00019999FD00019999F500019999FB00019999FD00019999FB00019999FD00019999E700019999FB00019999FD00019999FB00019999FD00FD99010000FD99FD00FD99010000FD99FB0005999900009999FB00019999FB00019999FD00019999FB00019999FD00019999FB00019999F900019999F900099999000099990000999982008200AD000300009999FB00019999FD00019999F500019999FB00019999FD00019999FB00019999FD00019999E700019999FB00019999FD00019999FB00019999FD00FD99010000FD99FD00FD99010000FD99FB0005999900009999FB00019999FB00019999FD00019999FB00019999FD00019999FB00019999F900019999F900099999000099990000999982008200AD000300009999FB00019999FD00019999F500019999FB00019999FD00019999FB00019999FD00019999E700019999F500019999FB00019999FD000999990000999900009999FD000999990000999900009999FD00019999FB00019999FD00FD99FD00019999FD00019999FB00019999FD00019999EF00019999F9000599990000999982008200AB000300009999FB00019999FD00019999F500019999FB00019999FD00019999FB00019999FD00019999E700019999F500019999FB00019999FD000999990000999900009999FD000999990000999900009999FD00019999FB00019999FD00FD99FD00019999FD00019999FB00019999FD00019999EF00019999F9000599990000999982008200AB000300009999FB00019999FD00F999FB00F999FB00019999FB00019999FD00019999E700019999F500019999FB00019999FD000999990000999900009999FD000999990000999900009999FD00019999FB00019999FD000999990000999900009999FD00019999FB00019999FB00FB99F300019999FD00099999000099990000999982008200AD000300009999FB00019999FD00F999FB00F999FB00019999FB00019999FD00019999E700019999F500019999FB00019999FD000999990000999900009999FD000999990000999900009999FD00019999FB00019999FD000999990000999900009999FD00019999FB00019999FB00FB99F300019999FD00099999000099990000999982008200AD000300009999FB00019999FD00019999F500019999FB00019999FD00019999FB00019999FD00019999FD00FD99EF00019999F500019999FB00019999FD00019999FB00019999FD00019999FB00019999FD00F799FD00019999FD00FD99FD00019999FB00019999F500019999F700019999F9000599990000999982008200AB000300009999FB00019999FD00019999F500019999FB00019999FD00019999FB00019999FD00019999FD00FD99EF00019999F500019999FB00019999FD00019999FB00019999FD00019999FB00019999FD00F799FD00019999FD00FD99FD00019999FB00019999F500019999F700019999F9000599990000999982008200AB000300009999FB00019999FD00019999F500019999FB00019999FD00019999FB00019999FD00019999FB00019999EF00019999FB00019999FD00019999FB00019999FD00019999FB00019999FD00019999FB00019999FD00019999FB00019999FD00019999FB00019999FD00019999FB00019999FD00019999FB00019999F900019999F900099999000099990000999982008200AD000300009999FB00019999FD00019999F500019999FB00019999FD00019999FB00019999FD00019999FB00019999EF00019999FB00019999FD00019999FB00019999FD00019999FB00019999FD00019999FB00019999FD00019999FB00019999FD00019999FB00019999FD00019999FB00019999FD00019999FB00019999F900019999F900099999000099990000999982008200AD00010000F999FB00F799FD00F999F900FB99F900F999ED00FB99F900FB99FB00019999FB00019999FD00019999FB00019999FD00019999FB00019999FD00019999FB00019999FD00F999F900FB99F900019999820082009900010000F999FB00F799FD00F999F900FB99F900F999ED00FB99F900FB99FB00019999FB00019999FD00019999FB00019999FD00019999FB00019999FD00019999FB00019999FD00F999F900FB99F9000199998200820099008200820082008200CD008200820082008200CD000001002F002F00460046003F003F00400040004F004F0056005600300030000A000A000A000A000A000A000A000A000A000A000A000A000A000A000A000A000A000A0071007100D500D500B300B300B300B300B900B900E100E1007B007B000A000A002F002F004B004B0043004300470047004900490051005100320032000A000A000A000A000A000A000A000A000A000A000A000A000A000A000A000A000A000A0072007200CA00CA00B900B900AE00AE00BF00BF00DC00DC00730073000A000A00120012001E001E001C001C00240024001D001D001E001E00120012000A000A000A000A000A000A000A000A000A000A000A000A000A000A000A000A000A000A002100210042004200310031003D003D003500350042004200210021000A000A00360036003D003D0041004100440044003E003E003F003F00390039000A000A0013001300190019001400140014001400140014000F000F00140014000A000A003B003B005500550058005800560056004C004C0058005800400040000A000A004500450068006800660066005C005C005000500060006000500050000A000A00520052006B006B006A006A005E005E005D005D00610061005A005A000A000A004C004C005E005E006000600063006300600060005E005E004B004B000A000A0069006900900090008C008C007F007F008A008A0090009000760076000A000A00430043004F004F005100510055005500510051004F004F00430043000A000A00480048006F006F00680068005B005B006800680072007200580058000A000A00470047006E006E00680068004E004E00610061006F006F004A004A000A000A0044004400690069005D005D0048004800550055006A006A00540054000A000A0023002300300030002E002E001E001E002900290021002100240024000A000A00220022003000300033003300300030003900390030003000270027000A000A000A000A000A000A000A000A000A000A000A000A000A000A000A000A000A000A00590059008D008D0087008700870087007F007F0095009500580058000A000A002F002F00460046003F003F00400040004F004F0056005600300030000A000A000A000A000A000A000A000A000A000A000A000A000A000A000A000A000A000A0071007100D500D500B300B300B300B300B900B900E100E1007B007B000A000A002F002F004B004B0043004300470047004900490051005100320032000A000A000A000A000A000A000A000A000A000A000A000A000A000A000A000A000A000A0072007200CA00CA00B900B900AE00AE00BF00BF00DC00DC00730073000A000A00120012001E001E001C001C00240024001D001D001E001E00120012000A000A000A000A000A000A000A000A000A000A000A000A000A000A000A000A000A000A002100210042004200310031003D003D003500350042004200210021000A000A00360036003D003D0041004100440044003E003E003F003F00390039000A000A0013001300190019001400140014001400140014000F000F00140014000A000A003B003B005500550058005800560056004C004C0058005800400040000A000A004500450068006800660066005C005C005000500060006000500050000A000A00520052006B006B006A006A005E005E005D005D00610061005A005A000A000A004C004C005E005E006000600063006300600060005E005E004B004B000A000A0069006900900090008C008C007F007F008A008A0090009000760076000A000A00430043004F004F005100510055005500510051004F004F00430043000A000A00480048006F006F00680068005B005B006800680072007200580058000A000A00470047006E006E00680068004E004E00610061006F006F004A004A000A000A0044004400690069005D005D0048004800550055006A006A00540054000A000A0023002300300030002E002E001E001E002900290021002100240024000A000A00220022003000300033003300300030003900390030003000270027000A000A000A000A000A000A000A000A000A000A000A000A000A000A000A000A000A000A00590059008D008D0087008700870087007F007F0095009500580058000A000A002F002F00460046003F003F00400040004F004F0056005600300030000A000A000A000A000A000A000A000A000A000A000A000A000A000A000A000A000A000A0071007100D500D500B300B300B300B300B900B900E100E1007B007B000A000A002F002F004B004B0043004300470047004900490051005100320032000A000A000A000A000A000A000A000A000A000A000A000A000A000A000A000A000A000A0072007200CA00CA00B900B900AE00AE00BF00BF00DC00DC00730073000A000A00120012001E001E001C001C00240024001D001D001E001E00120012000A000A000A000A000A000A000A000A000A000A000A000A000A000A000A000A000A000A002100210042004200310031003D003D003500350042004200210021000A000A00360036003D003D0041004100440044003E003E003F003F00390039000A000A0013001300190019001400140014001400140014000F000F00140014000A000A003B003B005500550058005800560056004C004C0058005800400040000A000A004500450068006800660066005C005C005000500060006000500050000A000A00520052006B006B006A006A005E005E005D005D00610061005A005A000A000A004C004C005E005E006000600063006300600060005E005E004B004B000A000A0069006900900090008C008C007F007F008A008A0090009000760076000A000A00430043004F004F005100510055005500510051004F004F00430043000A000A00480048006F006F00680068005B005B006800680072007200580058000A000A00470047006E006E00680068004E004E00610061006F006F004A004A000A000A0044004400690069005D005D0048004800550055006A006A00540054000A000A0023002300300030002E002E001E001E002900290021002100240024000A000A00220022003000300033003300300030003900390030003000270027000A000A000A000A000A000A000A000A000A000A000A000A000A000A000A000A000A000A00590059008D008D0087008700870087007F007F0095009500580058000A000A000A000A000A000A000A000A000A000A000A000A000A000A000A000A000A000A000A000A000A000A000A000A000A000A000A000A000A000A000A000A000A000A000A000A000A000A000A000A000A000A000A000A000A000A000A000A000A000A000A000A000A000A000A000A000A000A000A000A000A000A000A000A000A000A000A000A000A000A000A000A000A000A000A000A000A000A000A000A000A000A000A000A000A000A000A000A000A000A000A000A000A000A000A000A000A000A000A000A000A000A000A000A000A000A000A000A000A000A000A000A000A000A000A000A000A000A000A000A000A000A000A000A000A000A000A000A000A000A000A000A000A000A000A000A000A000A000A000A000A000A000A000A000A000A000A000A000A000A000A000A000A000A000A000A000A000A000A000A000A000A000A000A000A000A000A000A000A000A000A000A000A000A000A000A000A000A000A000A000A000A000A000A000A000A000A000A000A000A000A000A000A000A000A000A000A000A000A000A000A000A000A000A000A000A000A000A000A000A000A000A000A000A000A000A000A000A000A000A000A000A000A000A000A000A000A000A000A000A000A000A000A000A000A000A000A000A000A000A000A000A000A000A000A000A000A000A000A000A000A000A000A000A000A000A000A000A000A000A000A000A000A000A000A000A000A000A000A000A000A000A000A000A000A000A000A000A000A000A000A000A000A000A000A000A000A000A000A000A000A000A000A000A000A000A000A000A000A000A000A000A000A000A000A000A000A000A000A000A000A000A000A000A000A000A000A000A000A000A000A000A000A000A000A000A000A000A000A000A000A000A000A000A000A000A000A000A000A000A000A000A000A000A000A000A000A000A000A000A000A000A000A000A000A000A000A000A000A000A000A000A000A000A000A000A000A000A000A000A000A000A000A000A000A000A000A000A000A000A000A000A000A000A000A000AFB00FB2BF900FB2BEB00FB2BFD00F72BEF00F72BFB00FB2BEB00FB2BF900FB2BE700012B2BF700FB2B820082009100FB00FB2BF900FB2BEB00FB2BFD00F72BEF00F72BFB00FB2BEB00FB2BF900FB2BE700012B2BF700FB2B820082009100FD00012B2BF500012B2BE700012B2BF700012B2BDF00012B2BFD00012B2BFB00012B2BEF00012B2BFB00012B2BFD00012B2BFB00012B2BEB00FD2BF900012B2B820082008B00FD00012B2BF500012B2BE700012B2BF700012B2BDF00012B2BFD00012B2BFB00012B2BEF00012B2BFB00012B2BFD00012B2BFB00012B2BEB00FD2BF900012B2B820082008B000300002B2BF500012B2BE700012B2BF500F92BE700012B2BF300012B2BE700012B2BFD00012B2BFD00FD2BED00052B2B00002B2BFB00012B2B8200820089000300002B2BF500012B2BE700012B2BF500F92BE700012B2BF300012B2BE700012B2BFD00012B2BFD00FD2BED00052B2B00002B2BFB00012B2B820082008900010000F92BFB00F92BED00F92BF300012B2BEB00012B2BF500FD2BE900FD2BFB00092B2B00002B2B00002B2BEF00012B2BFD00012B2BFB00F92B820082008F00010000F92BFB00F92BED00F92BF300012B2BEB00012B2BF500FD2BE900FD2BFB00092B2B00002B2B00002B2BEF00012B2BFD00012B2BFB00F92B820082008F000300002B2BFB00012B2BFD00012B2BFB00012B2BEF00012B2BFB00012B2BF500012B2BED00012B2BF500012B2BE700012B2BF700FD2BFD00012B2BEF00F72BFD00012B2BFB00012B2B8200820091000300002B2BFB00012B2BFD00012B2BFB00012B2BEF00012B2BFB00012B2BF500012B2BED00012B2BF500012B2BE700012B2BF700FD2BFD00012B2BEF00F72BFD00012B2BFB00012B2B8200820091000300002B2BFB00012B2BFD00012B2BFB00012B2BEF00012B2BFB00012B2BFD00012B2BFB00012B2BED00012B2BF700012B2BE700012B2BF500012B2BFB00012B2BE900012B2BFB00012B2BFB00012B2B8200820091000300002B2BFB00012B2BFD00012B2BFB00012B2BEF00012B2BFB00012B2BFD00012B2BFB00012B2BED00012B2BF700012B2BE700012B2BF500012B2BFB00012B2BE900012B2BFB00012B2BFB00012B2B820082009100FD00FB2BF900FB2BEB00FB2BF900FB2BEB00012B2BF700F72BEF00F72BFB00FB2BE700012B2BF900FB2B820082008F00FD00FB2BF900FB2BEB00FB2BF900FB2BEB00012B2BF700F72BEF00F72BFB00FB2BE700012B2BF900FB2B820082008F008200820082008200CD008200820082008200CD008200820082008200CD008200820082008200CD008200820082008200CD008200820082008200CD008200820082008200CD008200820082008200CD008200820082008200CD008200820082008200CD008200820082008200CD008200820082008200CD008200820082008200CD008200820082008200CD008200820082008200CD008200820082008200CD008200820082008200CD008200820082008200CD00FB00012B2BF700FB2BFB00F92BFB00F92BF900FB2BDF00F72BFD00F72BEB00FB2BFB00FB2BE900FB2BFB00FB2BEB00FB2BFB00F92BEB00FB2BF900FB2BE700012B2BFB00F72BEF00F72BFB00FB2BED00F72BFB00FB2BE900FB2BFD00F72BEF00F72BFB00FB2BED00F72BF900012B2BED00FB00012B2BF700FB2BFB00F92BFB00F92BF900FB2BDF00F72BFD00F72BEB00FB2BFB00FB2BE900FB2BFB00FB2BEB00FB2BFB00F92BEB00FB2BF900FB2BE700012B2BFB00F72BEF00F72BFB00FB2BED00F72BFB00FB2BE900FB2BFD00F72BEF00F72BFB00FB2BED00F72BF900012B2BED000B00002B2B00002B2B00002B2BFD00012B2BFB00012B2BFD00012B2BFB00012B2BFD00012B2BFB00012B2BFD00012B2BFB00012B2BD900012B2BFD00012B2BE500012B2BF700012B2BFB00012B2BED00012B2BF700012B2BFB00012B2BEF00012B2BFB00012B2BFD00012B2BFB00012B2BEF00012B2BFB00012B2BFD00012B2BFB00012B2BEB00FD2BFB00012B2BDF00012B2BFD00012B2BFB00012B2BE700012B2BFD00012B2BFB00012B2BED00012B2BF700012B2BDF00012B2BFD00012B2BFB00012B2BE700012B2BFB00052B2B00002B2BEF000B00002B2B00002B2B00002B2BFD00012B2BFB00012B2BFD00012B2BFB00012B2BFD00012B2BFB00012B2BFD00012B2BFB00012B2BD900012B2BFD00012B2BE500012B2BF700012B2BFB00012B2BED00012B2BF700012B2BFB00012B2BEF00012B2BFB00012B2BFD00012B2BFB00012B2BEF00012B2BFB00012B2BFD00012B2BFB00012B2BEB00FD2BFB00012B2BDF00012B2BFD00012B2BFB00012B2BE700012B2BFD00012B2BFB00012B2BED00012B2BF700012B2BDF00012B2BFD00012B2BFB00012B2BE700012B2BFB00052B2B00002B2BEF00FD00FB2BF300012B2BFD00012B2BFB00012B2BFD00012B2BFB00012B2BFD00012B2BFD00FD2BF900012B2BE500012B2BFB00F92BED00012B2BF500012B2BE700012B2BF500012B2BE700012B2BFD00FD2BFD00012B2BFB00012B2BEF00012B2BFD00FD2BFD00012B2BFD00FD2BED00052B2B00002B2BFB00F92BE700012B2BF300012B2BE900012B2BF300012B2BEF00012B2BF500012B2BE100012B2BF300012B2BE900012B2BFB00012B2BFB00012B2BF100FD00FB2BF300012B2BFD00012B2BFB00012B2BFD00012B2BFB00012B2BFD00012B2BFD00FD2BF900012B2BE500012B2BFB00F92BED00012B2BF500012B2BE700012B2BF500012B2BE700012B2BFD00FD2BFD00012B2BFB00012B2BEF00012B2BFD00FD2BFD00012B2BFD00FD2BED00052B2B00002B2BFB00F92BE700012B2BF300012B2BE900012B2BF300012B2BEF00012B2BF500012B2BE100012B2BF300012B2BE900012B2BFB00012B2BFB00012B2BF100FB00012B2BF500FD2BFB00012B2BFB00012B2BFD00F92BFB00092B2B00002B2B00002B2BDD00012B2BF100012B2BEF00F92BFB00012B2BE700F92BFB00012B2BE700092B2B00002B2B00002B2BFD00012B2BFB00012B2BEF00092B2B00002B2B00002B2BFD00092B2B00002B2B00002B2BEF00012B2BFD00012B2BF300012B2BEB00012B2BF500FD2BE900012B2BF500FD2BED00F92BFB00F92BE900012B2BF500FD2BE900FD2BFB00012B2BFB00012B2BF100FB00012B2BF500FD2BFB00012B2BFB00012B2BFD00F92BFB00092B2B00002B2B00002B2BDD00012B2BF100012B2BEF00F92BFB00012B2BE700F92BFB00012B2BE700092B2B00002B2B00002B2BFD00012B2BFB00012B2BEF00092B2B00002B2B00002B2BFD00092B2B00002B2B00002B2BEF00012B2BFD00012B2BF300012B2BEB00012B2BF500FD2BE900012B2BF500FD2BED00F92BFB00F92BE900012B2BF500FD2BE900FD2BFB00012B2BFB00012B2BF100FD00FB2BF900012B2BF700012B2BFB00012B2BFD00012B2BFB00012B2BFD00FD2BFD00012B2BF900012B2BE900012B2BEF00012B2BEF00012B2BFB00012B2BFD00012B2BE700012B2BFB00012B2BFD00012B2BE700FD2BFD00012B2BFD00012B2BFB00012B2BEF00FD2BFD00012B2BFD00FD2BFD00012B2BEF00F72BF500012B2BED00012B2BF500012B2BE700012B2BF500012B2BE900012B2BFB00012B2BFD00012B2BE500012B2BF500012B2BE100012B2BFD00F72BF100FD00FB2BF900012B2BF700012B2BFB00012B2BFD00012B2BFB00012B2BFD00FD2BFD00012B2BF900012B2BE900012B2BEF00012B2BEF00012B2BFB00012B2BFD00012B2BE700012B2BFB00012B2BFD00012B2BE700FD2BFD00012B2BFD00012B2BFB00012B2BEF00FD2BFD00012B2BFD00FD2BFD00012B2BEF00F72BF500012B2BED00012B2BF500012B2BE700012B2BF500012B2BE900012B2BFB00012B2BFD00012B2BE500012B2BF500012B2BE100012B2BFD00F72BF1000B00002B2B00002B2B00002B2BFD00012B2BF500012B2BFB00012B2BFD00012B2BFB00012B2BFD00012B2BFB00012B2BDF00012B2BF700012B2BFB00012B2BEF00012B2BFB00012B2BFD00012B2BFB00012B2BEF00012B2BFB00012B2BFD00012B2BFB00012B2BEF00012B2BFB00012B2BFD00012B2BFB00012B2BEF00012B2BFB00012B2BFD00012B2BFB00012B2BE900012B2BFB00012B2BFB00012B2BED00012B2BF700012B2BE500012B2BF700012B2BE700012B2BFB00012B2BFD00012B2BE500012B2BF700012B2BE700012B2BFB00012B2BFD00012B2BFB00012B2BF1000B00002B2B00002B2B00002B2BFD00012B2BF500012B2BFB00012B2BFD00012B2BFB00012B2BFD00012B2BFB00012B2BDF00012B2BF700012B2BFB00012B2BEF00012B2BFB00012B2BFD00012B2BFB00012B2BEF00012B2BFB00012B2BFD00012B2BFB00012B2BEF00012B2BFB00012B2BFD00012B2BFB00012B2BEF00012B2BFB00012B2BFD00012B2BFB00012B2BE900012B2BFB00012B2BFB00012B2BED00012B2BF700012B2BE500012B2BF700012B2BE700012B2BFB00012B2BFD00012B2BE500012B2BF700012B2BE700012B2BFB00012B2BFD00012B2BFB00012B2BF100FB00012B2BF900F72BFD00F92BFB00F92BF900FB2BDD00012B2BF500FB2BEB00FB2BF900FB2BEB00FB2BF900FB2BEB00FB2BFB00F92BEB00FB2BF900FB2BE700012B2BF900FB2BEB00012B2BF700F72BED00012B2BF700F72BED00FB2BFB00012B2BE500012B2BF700F72BED00FB2BFB00012B2BFB00012B2BF100FB00012B2BF900F72BFD00F92BFB00F92BF900FB2BDD00012B2BF500FB2BEB00FB2BF900FB2BEB00FB2BF900FB2BEB00FB2BFB00F92BEB00FB2BF900FB2BE700012B2BF900FB2BEB00012B2BF700F72BED00012B2BF700F72BED00FB2BFB00012B2BE500012B2BF700F72BED00FB2BFB00012B2BFB00012B2BF1008200820082008200CD008200820082008200CD00FD00FB2BF900FB2BED00F72BF700012B2BE900FB2BFD00F72BEB00FB2BFD00F72BED00FB2BF900FB2B820082008F00FD00FB2BF900FB2BED00F72BF700012B2BE900FB2BFD00F72BEB00FB2BFD00F72BED00FB2BF900FB2B820082008F000300002B2BFB00012B2BFD00012B2BFB00012B2BEF00012B2BF100FD2BEB00012B2BF700012B2BE500012B2BF700012B2BE700012B2BFB00012B2BFD00012B2BFB00012B2B8200820091000300002B2BFB00012B2BFD00012B2BFB00012B2BEF00012B2BF100FD2BEB00012B2BF700012B2BE500012B2BF700012B2BE700012B2BFB00012B2BFD00012B2BFB00012B2B820082009100F700012B2BFD00012B2BFD00FD2BEF00F92BF900052B2B00002B2BED00012B2BF500012B2BE700012B2BF500012B2BDF00012B2BFD00012B2BFD00FD2B820082009100F700012B2BFD00012B2BFD00FD2BEF00F92BF900052B2B00002B2BED00012B2BF500012B2BE700012B2BF500012B2BDF00012B2BFD00012B2BFD00FD2B820082009100FB00FD2BFB00092B2B00002B2B00002B2BE700012B2BFD00012B2BFD00012B2BED00F92BFB00F92BED00F92BFB00F92BE900FD2BFB00092B2B00002B2B00002B2B820082009100FB00FD2BFB00092B2B00002B2B00002B2BE700012B2BFD00012B2BFD00012B2BED00F92BFB00F92BED00F92BFB00F92BE900FD2BFB00092B2B00002B2B00002B2B820082009100FD00012B2BF700FD2BFD00012B2BE700012B2BFD00F72BEF00012B2BFB00012B2BFD00012B2BE700012B2BFB00012B2BFD00012B2BE500012B2BF700FD2BFD00012B2B820082009100FD00012B2BF700FD2BFD00012B2BE700012B2BFD00F72BEF00012B2BFB00012B2BFD00012B2BE700012B2BFB00012B2BFD00012B2BE500012B2BF700FD2BFD00012B2B8200820091000300002B2BF500012B2BFB00012B2BEF00012B2BFB00012B2BF700012B2BED00012B2BFB00012B2BFD00012B2BE700012B2BFB00012B2BFD00012B2BE700012B2BF500012B2BFB00012B2B8200820091000300002B2BF500012B2BFB00012B2BEF00012B2BFB00012B2BF700012B2BED00012B2BFB00012B2BFD00012B2BE700012B2BFB00012B2BFD00012B2BE700012B2BF500012B2BFB00012B2B820082009100010000F72BFB00FB2BEB00FB2BF500012B2BEB00FB2BFB00012B2BE500FB2BFB00012B2BE700F72BFB00FB2B820082008F00010000F72BFB00FB2BEB00FB2BF500012B2BEB00FB2BFB00012B2BE500FB2BFB00012B2BE700F72BFB00FB2B820082008F008200820082008200CD008200820082008200CD008200820082008200CD008200820082008200CD008200820082008200CD008200820082008200CD008200820082008200CD008200820082008200CD008200820082008200CD008200820082008200CD008200820082008200CD008200820082008200CD008200820082008200CD008200820082008200CD008200820082008200CD008200820082008200CD008200820082008200CD008200820082008200CD00FB00012B2BF700FB2BFB00F92BF900FB2BF900FB2BD900012B2BFB00F92BE900FB2BF900012B2BE700FB2BFD00F72BEF00F72BFB00FB2BEB00FB2BF900FB2BE700012B2BF900FB2BE900FB2BFB00FB2BE900FB2BFD00F72BEB00FB2BFD00F72BEF00F72BFD00F72BED00FB2BFB00F92BEF00FB00012B2BF700FB2BFB00F92BF900FB2BF900FB2BD900012B2BFB00F92BE900FB2BF900012B2BE700FB2BFD00F72BEF00F72BFB00FB2BEB00FB2BF900FB2BE700012B2BF900FB2BE900FB2BFB00FB2BE900FB2BFD00F72BEB00FB2BFD00F72BEF00F72BFD00F72BED00FB2BFB00F92BEF000B00002B2B00002B2B00002B2BFD00012B2BFB00012B2BFD00012B2BFB00012B2BFD00012B2BFB00012B2BFD00012B2BFB00012B2BDD00FD2BFB00012B2BFB00012B2BED00012B2BF500FD2BE900012B2BF700012B2BDF00012B2BFD00012B2BFB00012B2BEF00012B2BFB00012B2BFD00012B2BFB00012B2BEB00FD2BFB00012B2BFB00012B2BED00012B2BF700012B2BFB00012B2BED00012B2BF700012B2BE500012B2BF700012B2BDF00012B2BF500012B2BEF00012B2BFB00012B2BFD00012B2BFB00012B2BF1000B00002B2B00002B2B00002B2BFD00012B2BFB00012B2BFD00012B2BFB00012B2BFD00012B2BFB00012B2BFD00012B2BFB00012B2BDD00FD2BFB00012B2BFB00012B2BED00012B2BF500FD2BE900012B2BF700012B2BDF00012B2BFD00012B2BFB00012B2BEF00012B2BFB00012B2BFD00012B2BFB00012B2BEB00FD2BFB00012B2BFB00012B2BED00012B2BF700012B2BFB00012B2BED00012B2BF700012B2BE500012B2BF700012B2BDF00012B2BF500012B2BEF00012B2BFB00012B2BFD00012B2BFB00012B2BF100FD00FB2BF300012B2BFD00012B2BFB00012B2BFD00012B2BF500012B2BFD00FD2BF900012B2BE900052B2B00002B2BFB00012B2BFB00012B2BEF00012B2BF100012B2BEB00012B2BF500012B2BE100012B2BFB00012B2BFB00012B2BE700012B2BFD00012B2BFD00FD2BED00052B2B00002B2BFB00012B2BE700012B2BF500012B2BFB00012B2BEF00012B2BF500012B2BE700012B2BF500F92BE700012B2BF500012B2BED00012B2BFD00FD2BFD00012B2BFB00012B2BF100FD00FB2BF300012B2BFD00012B2BFB00012B2BFD00012B2BF500012B2BFD00FD2BF900012B2BE900052B2B00002B2BFB00012B2BFB00012B2BEF00012B2BF100012B2BEB00012B2BF500012B2BE100012B2BFB00012B2BFB00012B2BE700012B2BFD00012B2BFD00FD2BED00052B2B00002B2BFB00012B2BE700012B2BF500012B2BFB00012B2BEF00012B2BF500012B2BE700012B2BF500F92BE700012B2BF500012B2BED00012B2BFD00FD2BFD00012B2BFB00012B2BF100FB00012B2BF500FD2BFB00012B2BFB00012B2BFD00012B2BF500092B2B00002B2B00002B2BE100012B2BFD00012B2BFB00012B2BFB00012B2BEF00F92BF700012B2BEB00F92BFB00F92BE900012B2BF700F92BEB00FD2BFB00092B2B00002B2B00002B2BEF00012B2BFD00012B2BFB00012B2BE700F92BF900F92BEF00F92BFB00F92BED00F92BF300012B2BEB00012B2BF500FD2BED00092B2B00002B2B00002B2BFD00012B2BFB00012B2BF100FB00012B2BF500FD2BFB00012B2BFB00012B2BFD00012B2BF500092B2B00002B2B00002B2BE100012B2BFD00012B2BFB00012B2BFB00012B2BEF00F92BF700012B2BEB00F92BFB00F92BE900012B2BF700F92BEB00FD2BFB00092B2B00002B2B00002B2BEF00012B2BFD00012B2BFB00012B2BE700F92BF900F92BEF00F92BFB00F92BED00F92BF300012B2BEB00012B2BF500FD2BED00092B2B00002B2B00002B2BFD00012B2BFB00012B2BF100FD00FB2BF900012B2BF700012B2BFB00012B2BFD00012B2BF500FD2BFD00012B2BF900012B2BEB00F72BFD00012B2BFB00012B2BEF00012B2BFB00012B2BF900012B2BEB00012B2BFB00012B2BFD00012B2BE500012B2BEF00012B2BED00012B2BF700FD2BFD00012B2BEF00F72BFD00012B2BE700012B2BFB00012B2BF500012B2BEF00012B2BFB00012B2BFD00012B2BE700012B2BFB00012B2BF500012B2BED00012B2BEF00012B2BEF00FD2BFD00012B2BFD00012B2BFB00012B2BF100FD00FB2BF900012B2BF700012B2BFB00012B2BFD00012B2BF500FD2BFD00012B2BF900012B2BEB00F72BFD00012B2BFB00012B2BEF00012B2BFB00012B2BF900012B2BEB00012B2BFB00012B2BFD00012B2BE500012B2BEF00012B2BED00012B2BF700FD2BFD00012B2BEF00F72BFD00012B2BE700012B2BFB00012B2BF500012B2BEF00012B2BFB00012B2BFD00012B2BE700012B2BFB00012B2BF500012B2BED00012B2BEF00012B2BEF00FD2BFD00012B2BFD00012B2BFB00012B2BF1000B00002B2B00002B2B00002B2BFD00012B2BF500012B2BFB00012B2BFD00012B2BFB00012B2BFD00012B2BFB00012B2BDB00012B2BFB00012B2BFB00012B2BEF00012B2BFB00012B2BF900012B2BEB00012B2BFB00012B2BFD00012B2BE500012B2BF100012B2BED00012B2BF500012B2BFB00012B2BE900012B2BFB00012B2BFB00012B2BEF00012B2BFB00012B2BF700012B2BED00012B2BFB00012B2BFD00012B2BE700012B2BFB00012B2BFD00012B2BFB00012B2BED00012B2BF700012B2BFB00012B2BEF00012B2BFB00012B2BFD00012B2BFB00012B2BF1000B00002B2B00002B2B00002B2BFD00012B2BF500012B2BFB00012B2BFD00012B2BFB00012B2BFD00012B2BFB00012B2BDB00012B2BFB00012B2BFB00012B2BEF00012B2BFB00012B2BF900012B2BEB00012B2BFB00012B2BFD00012B2BE500012B2BF100012B2BED00012B2BF500012B2BFB00012B2BE900012B2BFB00012B2BFB00012B2BEF00012B2BFB00012B2BF700012B2BED00012B2BFB00012B2BFD00012B2BE700012B2BFB00012B2BFD00012B2BFB00012B2BED00012B2BF700012B2BFB00012B2BEF00012B2BFB00012B2BFD00012B2BFB00012B2BF100FB00012B2BF900F72BFD00F92BF900FB2BF900FB2BD900012B2BFB00F92BEB00FB2BF900FB2BEB00FB2BFB00F72BED00012B2BF700FB2BEB00F72BFB00FB2BE700012B2BF900FB2BEB00FB2BFB00FB2BE900FB2BFB00F72BED00FB2BF900FB2BEB00012B2BF500FB2BEB00FB2BFB00F92BEF00FB00012B2BF900F72BFD00F92BF900FB2BF900FB2BD900012B2BFB00F92BEB00FB2BF900FB2BEB00FB2BFB00F72BED00012B2BF700FB2BEB00F72BFB00FB2BE700012B2BF900FB2BEB00FB2BFB00FB2BE900FB2BFB00F72BED00FB2BF900FB2BEB00012B2BF500FB2BEB00FB2BFB00F92BEF008200820082008200CD008200820082008200CD00FD00FB2BF900FB2B8200820082008200E500FD00FB2BF900FB2B8200820082008200E5000300002B2BFB00012B2BFD00012B2BFB00012B2B8200820082008200E7000300002B2BFB00012B2BFD00012B2BFB00012B2B8200820082008200E7000300002B2BFD00FD2BFD00012B2BFD00FD2B8200820082008200E7000300002B2BFD00FD2BFD00012B2BFD00FD2B8200820082008200E7000B00002B2B00002B2B00002B2BFD00092B2B00002B2B00002B2B8200820082008200E7000B00002B2B00002B2B00002B2BFD00092B2B00002B2B00002B2B8200820082008200E700010000FD2BFD00012B2BFD00FD2BFD00012B2B8200820082008200E700010000FD2BFD00012B2BFD00FD2BFD00012B2B8200820082008200E7000300002B2BFB00012B2BFD00012B2BFB00012B2B8200820082008200E7000300002B2BFB00012B2BFD00012B2BFB00012B2B8200820082008200E700FD00FB2BF900FB2B8200820082008200E500FD00FB2BF900FB2B8200820082008200E5008200820082008200CD008200820082008200CD008200820082008200CD008200820082008200CD008200820082008200CD008200820082008200CD008200820082008200CD008200820082008200CD008200820082008200CD008200820082008200CD008200820082008200CD008200820082008200CD008200820082008200CD008200820082008200CD008200820082008200CD008200820082008200CD008200820082008200CD008200820082008200CD00FB00012B2BF700FB2BF900FB2BF900FB2BF900FB2BF900F92B820082008200A000FB00012B2BF700FB2BF900FB2BF900FB2BF900FB2BF900F92B820082008200A0000B00002B2B00002B2B00002B2BFD00012B2BFB00012B2BFD00012B2BFB00012B2BFD00012B2BFB00012B2BFD00012B2BFB00012B2BFD00012B2B82008200820098000B00002B2B00002B2B00002B2BFD00012B2BFB00012B2BFD00012B2BFB00012B2BFD00012B2BFB00012B2BFD00012B2BFB00012B2BFD00012B2B8200820082009800FD00FB2BF300012B2BFD00012B2BFD00FD2BFD00012B2BFD00FD2BFD00012B2BFD00FD2BFD00012B2B8200820082009800FD00FB2BF300012B2BFD00012B2BFD00FD2BFD00012B2BFD00FD2BFD00012B2BFD00FD2BFD00012B2B8200820082009800FB00012B2BF500FD2BFB00092B2B00002B2B00002B2BFD00092B2B00002B2B00002B2BFD00092B2B00002B2B00002B2BFD00012B2B8200820082009800FB00012B2BF500FD2BFB00092B2B00002B2B00002B2BFD00092B2B00002B2B00002B2BFD00092B2B00002B2B00002B2BFD00012B2B8200820082009800FD00FB2BF900012B2BF700FD2BFD00012B2BFD00FD2BFD00012B2BFD00FD2BFD00012B2BFD00012B2BFD00FD2B820082008200A000FD00FB2BF900012B2BF700FD2BFD00012B2BFD00FD2BFD00012B2BFD00FD2BFD00012B2BFD00012B2BFD00FD2B820082008200A0000B00002B2B00002B2B00002B2BFD00012B2BF500012B2BFB00012B2BFD00012B2BFB00012B2BFD00012B2BFB00012B2BFD00012B2BFB00012B2B820082008200A0000B00002B2B00002B2B00002B2BFD00012B2BF500012B2BFB00012B2BFD00012B2BFB00012B2BFD00012B2BFB00012B2BFD00012B2BFB00012B2B820082008200A000FB00012B2BF900F72BFB00FB2BF900FB2BF900FB2BF900F92B820082008200A000FB00012B2BF900F72BFB00FB2BF900FB2BF900FB2BF900F92B820082008200A0008200820082008200CD008200820082008200CD000300002B2BFB00012B2BFB00FB2BFB00012B2BFB00012B2BFB00FB2BFB00F72BFD00F92BE900012B2BE700012B2B820082008200D4000300002B2BFB00012B2BFB00FB2BFB00012B2BFB00012B2BFB00FB2BFB00F72BFD00F92BE900012B2BE700012B2B820082008200D400010000FD2B010000FD2BF900012B2BF900012B2BFB00012B2BF900012B2BF900012B2BF500012B2BFB00012B2BED00FD2BE900FD2B820082008200D400010000FD2B010000FD2BF900012B2BF900012B2BFB00012B2BF900012B2BF900012B2BF500012B2BFB00012B2BED00FD2BE900FD2B820082008200D4000B00002B2B00002B2B00002B2BF900012B2BF900FD2BFD00012B2BF900012B2BF900012B2BF500012B2BFB00012B2BEB00012B2BE700012B2B820082008200D4000B00002B2B00002B2B00002B2BF900012B2BF900FD2BFD00012B2BF900012B2BF900012B2BF500012B2BFB00012B2BEB00012B2BE700012B2B820082008200D4000B00002B2B00002B2B00002B2BF900012B2BF900092B2B00002B2B00002B2BF900012B2BF900F92BFB00012B2BFB00012B2BEB00012B2BE700012B2B820082008200D4000B00002B2B00002B2B00002B2BF900012B2BF900092B2B00002B2B00002B2BF900012B2BF900F92BFB00012B2BFB00012B2BEB00012B2BE700012B2B820082008200D4000300002B2BFB00012B2BF900012B2BF900012B2BFD00FD2BF900012B2BF900012B2BF500012B2BFB00012B2BEB00012B2BE700012B2B820082008200D4000300002B2BFB00012B2BF900012B2BF900012B2BFD00FD2BF900012B2BF900012B2BF500012B2BFB00012B2BEB00012B2BE700012B2B820082008200D4000300002B2BFB00012B2BF900012B2BF900012B2BFB00012B2BF900012B2BF900012B2BF500012B2BFB00012B2BEB00012B2BE700012B2B820082008200D4000300002B2BFB00012B2BF900012B2BF900012B2BFB00012B2BF900012B2BF900012B2BF500012B2BFB00012B2BEB00012B2BE700012B2B820082008200D4000300002B2BFB00012B2BFB00FB2BFB00012B2BFB00012B2BFB00FB2BFB00F72BFD00F92BEB00FB2BF700012B2BF700FB2B820082008200D6000300002B2BFB00012B2BFB00FB2BFB00012B2BFB00012B2BFB00FB2BFB00F72BFD00F92BEB00FB2BF700012B2BF700FB2B820082008200D6008200820082008200CD008200820082008200CD00FD00012B2BF500FB2B8200820082008200E500FD00012B2BF500FB2B8200820082008200E500FB00012B2BF900012B2BFB00012B2B8200820082008200E700FB00012B2BF900012B2BFB00012B2B8200820082008200E700F900012B2BF500012B2B8200820082008200E500F900012B2BF500012B2B8200820082008200E500F700012B2BF900012B2B8200820082008200E300F700012B2BF900012B2B8200820082008200E300F900012B2BF700012B2B8200820082008200E300F900012B2BF700012B2B8200820082008200E300FB00012B2B8200820082008200D500FB00012B2B8200820082008200D500FD00012B2BF300012B2B8200820082008200E300FD00012B2BF300012B2B8200820082008200E3008200820082008200CD008200820082008200CD00FD00FB2BF900FB2BFB00012B2BFB00012B2BFD00012B2BFB00012B2BF900012B2BF900012B2BFB00012B2BFD00F92BF900FB2B820082008200BA00FD00FB2BF900FB2BFB00012B2BFB00012B2BFD00012B2BFB00012B2BF900012B2BF900012B2BFB00012B2BFD00F92BF900FB2B820082008200BA000300002B2BFB00012B2BFD00012B2BFB00012B2BFD00FD2B010000FD2BFD00FD2B010000FD2BFB00052B2B00002B2BFB00012B2BFB00012B2BFD00012B2BFB00012B2BFD00012B2BFB00012B2B820082008200BC000300002B2BFB00012B2BFD00012B2BFB00012B2BFD00FD2B010000FD2BFD00FD2B010000FD2BFB00052B2B00002B2BFB00012B2BFB00012B2BFD00012B2BFB00012B2BFD00012B2BFB00012B2B820082008200BC000300002B2BF500012B2BFB00012B2BFD00092B2B00002B2B00002B2BFD00092B2B00002B2B00002B2BFD00012B2BFB00012B2BFD00FD2BFD00012B2BFD00012B2BFB00012B2BFD00012B2BF100012B2B820082008200C6000300002B2BF500012B2BFB00012B2BFD00092B2B00002B2B00002B2BFD00092B2B00002B2B00002B2BFD00012B2BFB00012B2BFD00FD2BFD00012B2BFD00012B2BFB00012B2BFD00012B2BF100012B2B820082008200C6000300002B2BF500012B2BFB00012B2BFD00092B2B00002B2B00002B2BFD00092B2B00002B2B00002B2BFD00012B2BFB00012B2BFD00092B2B00002B2B00002B2BFD00012B2BFB00012B2BFB00FB2B820082008200BA000300002B2BF500012B2BFB00012B2BFD00092B2B00002B2B00002B2BFD00092B2B00002B2B00002B2BFD00012B2BFB00012B2BFD00092B2B00002B2B00002B2BFD00012B2BFB00012B2BFB00FB2B820082008200BA000300002B2BF500012B2BFB00012B2BFD00012B2BFB00012B2BFD00012B2BFB00012B2BFD00F72BFD00012B2BFD00FD2BFD00012B2BFB00012B2BF500012B2BF900012B2B820082008200C6000300002B2BF500012B2BFB00012B2BFD00012B2BFB00012B2BFD00012B2BFB00012B2BFD00F72BFD00012B2BFD00FD2BFD00012B2BFB00012B2BF500012B2BF900012B2B820082008200C6000300002B2BFB00012B2BFD00012B2BFB00012B2BFD00012B2BFB00012B2BFD00012B2BFB00012B2BFD00012B2BFB00012B2BFD00012B2BFB00012B2BFD00012B2BFB00012B2BFD00012B2BFB00012B2B820082008200BC000300002B2BFB00012B2BFD00012B2BFB00012B2BFD00012B2BFB00012B2BFD00012B2BFB00012B2BFD00012B2BFB00012B2BFD00012B2BFB00012B2BFD00012B2BFB00012B2BFD00012B2BFB00012B2B820082008200BC00FD00FB2BF900FB2BFB00012B2BFB00012B2BFD00012B2BFB00012B2BFD00012B2BFB00012B2BFD00012B2BFB00012B2BFD00F92BF900FB2B820082008200BA00FD00FB2BF900FB2BFB00012B2BFB00012B2BFD00012B2BFB00012B2BFD00012B2BFB00012B2BFD00012B2BFB00012B2BFD00F92BF900FB2B820082008200BA008200820082008200CD008200820082008200CD00ED00012B2B8200F600012B2BF900F92BFB00F92BFB00F72BFD00012B2BFB00012B2BFD00F92BED00012B2BF300FB2BFB00012B2BFB00012B2BFD00F72BFB00FB2B82008E00ED00012B2B8200F600012B2BF900F92BFB00F92BFB00F72BFD00012B2BFB00012B2BFD00F92BED00012B2BF300FB2BFB00012B2BFB00012B2BFD00F72BFB00FB2B82008E00EF00052B2B00002B2B8200FA00052B2B00002B2BFB00012B2BFB00012B2BFD00012B2BFB00012B2BFD00012B2BF500012B2BFB00012B2BFD00012B2BFB00012B2BEF00012B2BF100012B2BF900012B2BFB00012B2BFD00012B2BF500012B2BFB00012B2B82009000EF00052B2B00002B2B8200FA00052B2B00002B2BFB00012B2BFB00012B2BFD00012B2BFB00012B2BFD00012B2BF500012B2BFB00012B2BFD00012B2BFB00012B2BEF00012B2BF100012B2BF900012B2BFB00012B2BFD00012B2BF500012B2BFB00012B2B82009000F100012B2BFB00012B2B9700012B2BEB00012B2BFB00012B2BFD00012B2BFB00012B2BFD00012B2BFB00012B2BFD00012B2BF500FD2BFD00012B2BFD00012B2BFB00012B2BEF00012B2BF100012B2BF900FD2BFD00012B2BFD00012B2BF500012B2B82008800F100012B2BFB00012B2B9700012B2BEB00012B2BFB00012B2BFD00012B2BFB00012B2BFD00012B2BFB00012B2BFD00012B2BF500FD2BFD00012B2BFD00012B2BFB00012B2BEF00012B2BF100012B2BF900FD2BFD00012B2BFD00012B2BF500012B2B82008800F100012B2BFB00012B2B8200FE00012B2BFB00012B2BFD00F92BFB00F92BFB00F92BFB00092B2B00002B2B00002B2BFD00012B2BFB00012B2BEF00012B2BF100012B2BF900092B2B00002B2B00002B2BFD00F92BF900FB2B82008E00F100012B2BFB00012B2B8200FE00012B2BFB00012B2BFD00F92BFB00F92BFB00F92BFB00092B2B00002B2B00002B2BFD00012B2BFB00012B2BEF00012B2BF100012B2BF900092B2B00002B2B00002B2BFD00F92BF900FB2B82008E00F100F72B9700012B2BEB00F72BFD00012B2BF500012B2BF500012B2BF500012B2BFD00FD2BFD00012B2BFB00012B2BEF00012B2BF100012B2BF900012B2BFD00FD2BFD00012B2BED00012B2B82009000F100F72B9700012B2BEB00F72BFD00012B2BF500012B2BF500012B2BF500012B2BFD00FD2BFD00012B2BFB00012B2BEF00012B2BF100012B2BF900012B2BFD00FD2BFD00012B2BED00012B2B82009000F100012B2BFB00012B2B8200FE00012B2BFB00012B2BFD00012B2BF500012B2BF500012B2BF500012B2BFB00012B2BFD00012B2BFB00012B2BEF00012B2BF100012B2BF900012B2BFB00012B2BFD00012B2BF500012B2BFB00012B2B82009000F100012B2BFB00012B2B8200FE00012B2BFB00012B2BFD00012B2BF500012B2BF500012B2BF500012B2BFB00012B2BFD00012B2BFB00012B2BEF00012B2BF100012B2BF900012B2BFB00012B2BFD00012B2BF500012B2BFB00012B2B82009000F100012B2BFB00012B2B8200FE00012B2BFB00012B2BFD00012B2BF500012B2BF500F72BFD00012B2BFB00012B2BFD00F92BED00F72BFB00FB2BFB00012B2BFB00012B2BFD00F72BFB00FB2B82008E00F100012B2BFB00012B2B8200FE00012B2BFB00012B2BFD00012B2BF500012B2BF500F72BFD00012B2BFB00012B2BFD00F92BED00F72BFB00FB2BFB00012B2BFB00012B2BFD00F72BFB00FB2B82008E008200820082008200CD008200820082008200CD00F100F92BED00F72BFD00012B2BFB00012B2BFD00F72BB700F92BFB00F92BF900FB2BFB00012B2BFB00012B2BFD00F72BEF00012B2BF300FB2BFB00012B2BFB00012B2BFD00F72BFB00FB2B82008200010000F100F92BED00F72BFD00012B2BFB00012B2BFD00F72BB700F92BFB00F92BF900FB2BFB00012B2BFB00012B2BFD00F72BEF00012B2BF300FB2BFB00012B2BFB00012B2BFD00F72BFB00FB2B82008200010000F100012B2BFB00012B2BEF00FD2BF700012B2BFB00012B2BF700FD2BB700012B2BFB00012B2BFD00012B2BFB00012B2BF900012B2BF900012B2BFB00012B2BF900012B2BEB00012B2BF100012B2BF900012B2BFB00012B2BFD00012B2BF500012B2BFB00012B2B82008200F100012B2BFB00012B2BEF00FD2BF700012B2BFB00012B2BF700FD2BB700012B2BFB00012B2BFD00012B2BFB00012B2BF900012B2BF900012B2BFB00012B2BF900012B2BEB00012B2BF100012B2BF900012B2BFB00012B2BFD00012B2BF500012B2BFB00012B2B82008200F100012B2BFB00012B2BEF00FD2BF700FD2BFD00012B2BF700FD2BCF00012B2BEB00012B2BFB00012B2BFD00012B2BFB00012B2BF900012B2BF900FD2BFD00012B2BF900012B2BEB00012B2BF100012B2BF900FD2BFD00012B2BFD00012B2BF500012B2B82008200F900F100012B2BFB00012B2BEF00FD2BF700FD2BFD00012B2BF700FD2BCF00012B2BEB00012B2BFB00012B2BFD00012B2BFB00012B2BF900012B2BF900FD2BFD00012B2BF900012B2BEB00012B2BF100012B2BF900FD2BFD00012B2BFD00012B2BF500012B2B82008200F900F100F92BED00FD2BF700092B2B00002B2B00002B2BF700FD2BB700F92BFB00F92BF700012B2BF900092B2B00002B2B00002B2BF900012B2BEB00012B2BF100012B2BF900092B2B00002B2B00002B2BFD00F92BF900FB2B82008200010000F100F92BED00FD2BF700092B2B00002B2B00002B2BF700FD2BB700F92BFB00F92BF700012B2BF900092B2B00002B2B00002B2BF900012B2BEB00012B2BF100012B2BF900092B2B00002B2B00002B2BFD00F92BF900FB2B82008200010000F100012B2BE700FD2BF700012B2BFD00FD2BF700FD2BCF00012B2BEB00012B2BF500052B2B00002B2BF500012B2BF900012B2BFD00FD2BF900012B2BEB00012B2BF100012B2BF900012B2BFD00FD2BFD00012B2BED00012B2B82008200F100012B2BE700FD2BF700012B2BFD00FD2BF700FD2BCF00012B2BEB00012B2BF500052B2B00002B2BF500012B2BF900012B2BFD00FD2BF900012B2BEB00012B2BF100012B2BF900012B2BFD00FD2BFD00012B2BED00012B2B82008200F100012B2BE700FD2BF700012B2BFB00012B2BF700FD2BB700012B2BF500012B2BFD00012B2BF700012B2BF900012B2BFB00012B2BF900012B2BEB00012B2BF100012B2BF900012B2BFB00012B2BFD00012B2BF500012B2BFB00012B2B82008200F100012B2BE700FD2BF700012B2BFB00012B2BF700FD2BB700012B2BF500012B2BFD00012B2BF700012B2BF900012B2BFB00012B2BF900012B2BEB00012B2BF100012B2BF900012B2BFB00012B2BFD00012B2BF500012B2BFB00012B2B82008200F100012B2BE700F72BFD00012B2BFB00012B2BFD00F72BB700012B2BF500012B2BFB00012B2BFB00FB2BFB00012B2BFB00012B2BF900012B2BEB00F72BFB00FB2BFB00012B2BFB00012B2BFD00F72BFB00FB2B82008200010000F100012B2BE700F72BFD00012B2BFB00012B2BFD00F72BB700012B2BF500012B2BFB00012B2BFB00FB2BFB00012B2BFB00012B2BF900012B2BEB00F72BFB00FB2BFB00012B2BFB00012B2BFD00F72BFB00FB2B820082000100008200820082008200CD008200820082008200CD00F100F92BED00012B2BFB00012B2B9B00F92BFB00F72BFD00012B2BF500F72BFD00F72BFD00F72BEF00012B2BF300FB2BFB00012B2BFB00012B2BFD00F72BEF00012B2BFB00012B2B82009E00F100F92BED00012B2BFB00012B2B9B00F92BFB00F72BFD00012B2BF500F72BFD00F72BFD00F72BEF00012B2BF300FB2BFB00012B2BFB00012B2BFD00F72BEF00012B2BFB00012B2B82009E00F100012B2BFB00012B2BEF00012B2BFB00012B2B9B00012B2BFB00012B2BFD00012B2BF500012B2BF500012B2BF100012B2BF900012B2BE700012B2BF100012B2BF900012B2BFB00012B2BFD00012B2BE700012B2BFB00012B2B82009E00F100012B2BFB00012B2BEF00012B2BFB00012B2B9B00012B2BFB00012B2BFD00012B2BF500012B2BF500012B2BF100012B2BF900012B2BE700012B2BF100012B2BF900012B2BFB00012B2BFD00012B2BE700012B2BFB00012B2B82009E00F100012B2BFB00012B2BEF00FD2BFD00012B2BB300012B2BEB00012B2BFB00012B2BFD00012B2BF500012B2BF500012B2BF100012B2BF900012B2BE700012B2BF100012B2BF900FD2BFD00012B2BFD00012B2BE700FD2BFD00012B2B82009E00F100012B2BFB00012B2BEF00FD2BFD00012B2BB300012B2BEB00012B2BFB00012B2BFD00012B2BF500012B2BF500012B2BF100012B2BF900012B2BE700012B2BF100012B2BF900FD2BFD00012B2BFD00012B2BE700FD2BFD00012B2B82009E00F100012B2BFB00012B2BEF00092B2B00002B2B00002B2B9B00012B2BFB00012B2BFD00F92BFB00012B2BF500F92BF700012B2BF900F92BED00012B2BF100012B2BF900092B2B00002B2B00002B2BFD00F92BED00092B2B00002B2B00002B2B82009E00F100012B2BFB00012B2BEF00092B2B00002B2B00002B2B9B00012B2BFB00012B2BFD00F92BFB00012B2BF500F92BF700012B2BF900F92BED00012B2BF100012B2BF900092B2B00002B2B00002B2BFD00F92BED00092B2B00002B2B00002B2B82009E00F100012B2BFB00012B2BEF00012B2BFD00FD2BB300012B2BEB00012B2BFB00012B2BFD00012B2BF500012B2BF500012B2BF100012B2BF900012B2BE700012B2BF100012B2BF900012B2BFD00FD2BFD00012B2BE700012B2BFD00FD2B82009E00F100012B2BFB00012B2BEF00012B2BFD00FD2BB300012B2BEB00012B2BFB00012B2BFD00012B2BF500012B2BF500012B2BF100012B2BF900012B2BE700012B2BF100012B2BF900012B2BFD00FD2BFD00012B2BE700012B2BFD00FD2B82009E00F100012B2BFB00012B2BEF00012B2BFB00012B2B9B00012B2BFB00012B2BFD00012B2BF500012B2BF500012B2BF100012B2BF900012B2BE700012B2BF100012B2BF900012B2BFB00012B2BFD00012B2BE700012B2BFB00012B2B82009E00F100012B2BFB00012B2BEF00012B2BFB00012B2B9B00012B2BFB00012B2BFD00012B2BF500012B2BF500012B2BF100012B2BF900012B2BE700012B2BF100012B2BF900012B2BFB00012B2BFD00012B2BE700012B2BFB00012B2B82009E00F100F92BED00012B2BFB00012B2B9B00F92BFB00F72BFD00F72BFD00F72BF900012B2BF900F72BEF00F72BFB00FB2BFB00012B2BFB00012B2BFD00F72BEF00012B2BFB00012B2B82009E00F100F92BED00012B2BFB00012B2B9B00F92BFB00F72BFD00F72BFD00F72BF900012B2BF900F72BEF00F72BFB00FB2BFB00012B2BFB00012B2BFD00F72BEF00012B2BFB00012B2B82009E008200820082008200CD008200820082008200CD00EF00FB2BED00012B2BFB00012B2B9900FB2BFB00012B2BFB00012B2BFB00FB2BFB00F72BFD00F92BFB00F72BEF00F92BFB00F72BFD00F72BFB00FB2BFB00F92BFB00F72BEF00012B2BF300FB2BFB00012B2BFB00012B2BFD00F72BEF00012B2BFB00012B2B82000000EF00FB2BED00012B2BFB00012B2B9900FB2BFB00012B2BFB00012B2BFB00FB2BFB00F72BFD00F92BFB00F72BEF00F92BFB00F72BFD00F72BFB00FB2BFB00F92BFB00F72BEF00012B2BF300FB2BFB00012B2BFB00012B2BFD00F72BEF00012B2BFB00012B2B82000000ED00012B2BEB00012B2BFB00012B2B9700012B2BF900012B2BFB00012B2BFD00012B2BFB00012B2BFD00012B2BF500012B2BFB00012B2BF900012B2BEB00012B2BFB00012B2BFD00012B2BF500012B2BF500012B2BFB00012B2BFD00012B2BFB00012B2BFD00012B2BE700012B2BF100012B2BF900012B2BFB00012B2BFD00012B2BE700012B2BFB00012B2B82000000ED00012B2BEB00012B2BFB00012B2B9700012B2BF900012B2BFB00012B2BFD00012B2BFB00012B2BFD00012B2BF500012B2BFB00012B2BF900012B2BEB00012B2BFB00012B2BFD00012B2BF500012B2BF500012B2BFB00012B2BFD00012B2BFB00012B2BFD00012B2BE700012B2BF100012B2BF900012B2BFB00012B2BFD00012B2BE700012B2BFB00012B2B82000000ED00012B2BEB00FD2BFD00012B2BB300012B2BE700012B2BF900FD2BFD00012B2BFD00012B2BF500012B2BF500012B2BFB00012B2BF900012B2BEB00012B2BFB00012B2BFD00012B2BF500012B2BF500012B2BFB00012B2BFD00012B2BFB00012B2BFD00012B2BE700012B2BF100012B2BF900FD2BFD00012B2BFD00012B2BE700FD2BFD00012B2B82000000ED00012B2BEB00FD2BFD00012B2BB300012B2BE700012B2BF900FD2BFD00012B2BFD00012B2BF500012B2BF500012B2BFB00012B2BF900012B2BEB00012B2BFB00012B2BFD00012B2BF500012B2BF500012B2BFB00012B2BFD00012B2BFB00012B2BFD00012B2BE700012B2BF100012B2BF900FD2BFD00012B2BFD00012B2BE700FD2BFD00012B2B82000000ED00012B2BEB00092B2B00002B2B00002B2B9700012B2BF900092B2B00002B2B00002B2BFB00FB2BFB00F92BFB00F92BF700012B2BEB00F92BFB00F92BFB00F92BFB00012B2BFB00012B2BFD00F92BFB00F92BED00012B2BF100012B2BF900092B2B00002B2B00002B2BFD00F92BED00092B2B00002B2B00002B2B82000000ED00012B2BEB00092B2B00002B2B00002B2B9700012B2BF900092B2B00002B2B00002B2BFB00FB2BFB00F92BFB00F92BF700012B2BEB00F92BFB00F92BFB00F92BFB00012B2BFB00012B2BFD00F92BFB00F92BED00012B2BF100012B2BF900092B2B00002B2B00002B2BFD00F92BED00092B2B00002B2B00002B2B82000000ED00012B2BEB00012B2BFD00FD2BB300012B2BE700012B2BF900012B2BFD00FD2BF500012B2BFD00012B2BF500052B2B00002B2BF500012B2BEB00012B2BFB00012B2BFD00012B2BF500012B2BF500012B2BFB00012B2BFD00052B2B00002B2BF900012B2BE700012B2BF100012B2BF900012B2BFD00FD2BFD00012B2BE700012B2BFD00FD2B82000000ED00012B2BEB00012B2BFD00FD2BB300012B2BE700012B2BF900012B2BFD00FD2BF500012B2BFD00012B2BF500052B2B00002B2BF500012B2BEB00012B2BFB00012B2BFD00012B2BF500012B2BF500012B2BFB00012B2BFD00052B2B00002B2BF900012B2BE700012B2BF100012B2BF900012B2BFD00FD2BFD00012B2BE700012B2BFD00FD2B82000000ED00012B2BEB00012B2BFB00012B2B9700012B2BF900012B2BFB00012B2BFD00012B2BFB00012B2BFD00012B2BF500012B2BFD00012B2BF700012B2BEB00012B2BFB00012B2BFD00012B2BF500012B2BF500012B2BFB00012B2BFD00012B2BFD00012B2BFB00012B2BE700012B2BF100012B2BF900012B2BFB00012B2BFD00012B2BE700012B2BFB00012B2B82000000ED00012B2BEB00012B2BFB00012B2B9700012B2BF900012B2BFB00012B2BFD00012B2BFB00012B2BFD00012B2BF500012B2BFD00012B2BF700012B2BEB00012B2BFB00012B2BFD00012B2BF500012B2BF500012B2BFB00012B2BFD00012B2BFD00012B2BFB00012B2BE700012B2BF100012B2BF900012B2BFB00012B2BFD00012B2BE700012B2BFB00012B2B82000000EF00FB2BED00012B2BFB00012B2B9900FB2BFB00012B2BFB00012B2BFB00FB2BFB00F72BFD00012B2BFB00012B2BF900012B2BEB00F92BFB00F72BFD00012B2BF300FB2BFB00012B2BFB00012B2BFD00F72BEF00F72BFB00FB2BFB00012B2BFB00012B2BFD00F72BEF00012B2BFB00012B2B82000000EF00FB2BED00012B2BFB00012B2B9900FB2BFB00012B2BFB00012B2BFB00FB2BFB00F72BFD00012B2BFB00012B2BF900012B2BEB00F92BFB00F72BFD00012B2BF300FB2BFB00012B2BFB00012B2BFD00F72BEF00F72BFB00FB2BFB00012B2BFB00012B2BFD00F72BEF00012B2BFB00012B2B820000008200820082008200CD008200820082008200CD00F100F72BEF00012B2BFB00012B2B9B00F72BFD00F92BF900FB2BFB00F72BEF00012B2BF300FB2BFB00012B2BFB00012B2BFD00F72BEF00012B2BFB00012B2B82008200F100F72BEF00012B2BFB00012B2B9B00F72BFD00F92BF900FB2BFB00F72BEF00012B2BF300FB2BFB00012B2BFB00012B2BFD00F72BEF00012B2BFB00012B2B82008200F100012B2BE700012B2BFB00012B2B9B00012B2BF500012B2BFB00012B2BF900012B2BF500012B2BEB00012B2BF100012B2BF900012B2BFB00012B2BFD00012B2BE700012B2BFB00012B2B82008200F100012B2BE700012B2BFB00012B2B9B00012B2BF500012B2BFB00012B2BF900012B2BF500012B2BEB00012B2BF100012B2BF900012B2BFB00012B2BFD00012B2BE700012B2BFB00012B2B82008200F100012B2BE700FD2BFD00012B2BB300012B2BEB00012B2BF500012B2BFB00012B2BF900012B2BF500012B2BEB00012B2BF100012B2BF900FD2BFD00012B2BFD00012B2BE700FD2BFD00012B2B82008200F100012B2BE700FD2BFD00012B2BB300012B2BEB00012B2BF500012B2BFB00012B2BF900012B2BF500012B2BEB00012B2BF100012B2BF900FD2BFD00012B2BFD00012B2BE700FD2BFD00012B2B82008200F100F92BED00092B2B00002B2B00002B2B9B00F92BFB00012B2BFB00012B2BF900012B2BF500012B2BEB00012B2BF100012B2BF900092B2B00002B2B00002B2BFD00F92BED00092B2B00002B2B00002B2B82008200F100F92BED00092B2B00002B2B00002B2B9B00F92BFB00012B2BFB00012B2BF900012B2BF500012B2BEB00012B2BF100012B2BF900092B2B00002B2B00002B2BFD00F92BED00092B2B00002B2B00002B2B82008200F100012B2BE700012B2BFD00FD2BB300012B2BEB00012B2BF500012B2BFB00012B2BF900012B2BF500012B2BEB00012B2BF100012B2BF900012B2BFD00FD2BFD00012B2BE700012B2BFD00FD2B82008200F100012B2BE700012B2BFD00FD2BB300012B2BEB00012B2BF500012B2BFB00012B2BF900012B2BF500012B2BEB00012B2BF100012B2BF900012B2BFD00FD2BFD00012B2BE700012B2BFD00FD2B82008200F100012B2BE700012B2BFB00012B2B9B00012B2BF500012B2BFB00012B2BF900012B2BF500012B2BEB00012B2BF100012B2BF900012B2BFB00012B2BFD00012B2BE700012B2BFB00012B2B82008200F100012B2BE700012B2BFB00012B2B9B00012B2BF500012B2BFB00012B2BF900012B2BF500012B2BEB00012B2BF100012B2BF900012B2BFB00012B2BFD00012B2BE700012B2BFB00012B2B82008200F100F72BEF00012B2BFB00012B2B9B00F72BFD00F92BF900FB2BF700012B2BEB00F72BFB00FB2BFB00012B2BFB00012B2BFD00F72BEF00012B2BFB00012B2B82008200F100F72BEF00012B2BFB00012B2B9B00F72BFD00F92BF900FB2BF700012B2BEB00F72BFB00FB2BFB00012B2BFB00012B2BFD00F72BEF00012B2BFB00012B2B820082008200820082008200CD008200820082008200CD00F100F72BED00FB2BFB00F72BFD00F92BB500F72BFB00FB2BFB00012B2BFB00012B2BFD00F92BEB00FB2BFB00F72BFD00F92BF900FB2BFB00012B2BFB00012B2BFB00F92B82008200F100F72BED00FB2BFB00F72BFD00F92BB500F72BFB00FB2BFB00012B2BFB00012B2BFD00F92BEB00FB2BFB00F72BFD00F92BF900FB2BFB00012B2BFB00012B2BFB00F92B82008200F100012B2BE700012B2BFB00012B2BF900012B2BF900012B2BFB00012B2BB700012B2BF100012B2BF900012B2BFB00012B2BFD00012B2BFB00012B2BEF00012B2BFB00012B2BF900012B2BF900012B2BFB00012B2BF900012B2BF900012B2BFB00012B2BFD00012B2B82008200F900F100012B2BE700012B2BFB00012B2BF900012B2BF900012B2BFB00012B2BB700012B2BF100012B2BF900012B2BFB00012B2BFD00012B2BFB00012B2BEF00012B2BFB00012B2BF900012B2BF900012B2BFB00012B2BF900012B2BF900012B2BFB00012B2BFD00012B2B82008200F900F100012B2BE700012B2BF100012B2BF900012B2BFB00012B2BCF00012B2BEB00012B2BF100012B2BF900FD2BFD00012B2BFD00012B2BFB00012B2BEF00012B2BF100012B2BF900012B2BFB00012B2BF900012B2BF900FD2BFD00012B2BFD00012B2B82008200F900F100012B2BE700012B2BF100012B2BF900012B2BFB00012B2BCF00012B2BEB00012B2BF100012B2BF900FD2BFD00012B2BFD00012B2BFB00012B2BEF00012B2BF100012B2BF900012B2BFB00012B2BF900012B2BF900FD2BFD00012B2BFD00012B2B82008200F900F100F92BEB00FB2BF700012B2BF900F92BB500F92BF700012B2BF900092B2B00002B2B00002B2BFD00012B2BFB00012B2BED00FB2BF700012B2BF900F92BF700012B2BF900092B2B00002B2B00002B2BFD00012B2B82008200F900F100F92BEB00FB2BF700012B2BF900F92BB500F92BF700012B2BF900092B2B00002B2B00002B2BFD00012B2BFB00012B2BED00FB2BF700012B2BF900F92BF700012B2BF900092B2B00002B2B00002B2BFD00012B2B82008200F900F100012B2BDF00012B2BF900012B2BF900052B2B00002B2BCB00012B2BEB00012B2BF100012B2BF900012B2BFD00FD2BFD00012B2BFB00012B2BE700012B2BF900012B2BF900052B2B00002B2BF500012B2BF900012B2BFD00FD2BFD00012B2BFD00FD2B82008200F100012B2BDF00012B2BF900012B2BF900052B2B00002B2BCB00012B2BEB00012B2BF100012B2BF900012B2BFD00FD2BFD00012B2BFB00012B2BE700012B2BF900012B2BF900052B2B00002B2BF500012B2BF900012B2BFD00FD2BFD00012B2BFD00FD2B82008200F100012B2BE700012B2BFB00012B2BF900012B2BF900012B2BFD00012B2BB500012B2BF100012B2BF900012B2BFB00012B2BFD00012B2BFB00012B2BEF00012B2BFB00012B2BF900012B2BF900012B2BFD00012B2BF700012B2BF900012B2BFB00012B2BFD00012B2BFB00012B2B82008200F100012B2BE700012B2BFB00012B2BF900012B2BF900012B2BFD00012B2BB500012B2BF100012B2BF900012B2BFB00012B2BFD00012B2BFB00012B2BEF00012B2BFB00012B2BF900012B2BF900012B2BFD00012B2BF700012B2BF900012B2BFB00012B2BFD00012B2BFB00012B2B82008200F100012B2BE500FB2BF700012B2BF900012B2BFB00012B2BB700012B2BF300FB2BFB00012B2BFB00012B2BFD00F92BEB00FB2BF700012B2BF900012B2BFB00012B2BFB00FB2BFB00012B2BFB00012B2BFB00F92B82008200F100012B2BE500FB2BF700012B2BF900012B2BFB00012B2BB700012B2BF300FB2BFB00012B2BFB00012B2BFD00F92BEB00FB2BF700012B2BF900012B2BFB00012B2BFB00FB2BFB00012B2BFB00012B2BFB00F92B820082008200820082008200CD008200820082008200CD00F100F92B8200FC00F92BFB00012B2BFB00012B2BFD00F72BFD00F72BFD00F72BFD00F92BEB00FB2BFB00F72BF900012B2BF900F72BFD00012B2BFB00012B2BFB00FB2B82009C00F100F92B8200FC00F92BFB00012B2BFB00012B2BFD00F72BFD00F72BFD00F72BFD00F92BEB00FB2BFB00F72BF900012B2BF900F72BFD00012B2BFB00012B2BFB00FB2B82009C00F100012B2BFB00012B2B8200FE00012B2BFB00012B2BFD00012B2BFB00012B2BFD00012B2BF500012B2BF500012B2BF500012B2BFB00012B2BEF00012B2BFB00012B2BF900012B2BF700052B2B00002B2BF700012B2BF900012B2BFB00012B2BFD00012B2BFB00012B2B82009E00F100012B2BFB00012B2B8200FE00012B2BFB00012B2BFD00012B2BFB00012B2BFD00012B2BF500012B2BF500012B2BF500012B2BFB00012B2BEF00012B2BFB00012B2BF900012B2BF700052B2B00002B2BF700012B2BF900012B2BFB00012B2BFD00012B2BFB00012B2B82009E00F100012B2BFB00012B2B9700012B2BEB00012B2BFB00012B2BFD00012B2BFB00012B2BFD00012B2BF500012B2BF500012B2BF500012B2BFB00012B2BEF00012B2BF100012B2BF900012B2BFB00012B2BF900012B2BF900012B2BFB00012B2BFD00012B2B82009600F100012B2BFB00012B2B9700012B2BEB00012B2BFB00012B2BFD00012B2BFB00012B2BFD00012B2BF500012B2BF500012B2BF500012B2BFB00012B2BEF00012B2BF100012B2BF900012B2BFB00012B2BF900012B2BF900012B2BFB00012B2BFD00012B2B82009600F100F92B8200FC00F92BFB00012B2BFB00012B2BFD00F92BFB00F92BFB00F92BFB00F92BEB00FB2BF700012B2BF900012B2BFB00012B2BF900012B2BF900012B2BFB00012B2BFB00FB2B82009C00F100F92B8200FC00F92BFB00012B2BFB00012B2BFD00F92BFB00F92BFB00F92BFB00F92BEB00FB2BF700012B2BF900012B2BFB00012B2BF900012B2BF900012B2BFB00012B2BFB00FB2B82009C00F100012B2BFB00012B2B9700012B2BEB00012B2BFB00012B2BFD00012B2BFB00012B2BFD00012B2BF500012B2BF500012B2BF500052B2B00002B2BE300012B2BF900012B2BF900F72BF900012B2BF900012B2BFB00012B2BF500012B2B82009E00F100012B2BFB00012B2B9700012B2BEB00012B2BFB00012B2BFD00012B2BFB00012B2BFD00012B2BF500012B2BF500012B2BF500052B2B00002B2BE300012B2BF900012B2BF900F72BF900012B2BF900012B2BFB00012B2BF500012B2B82009E00F100012B2BFB00012B2B8200FE00012B2BFB00012B2BFD00012B2BFB00012B2BFD00012B2BF500012B2BF500012B2BF500012B2BFD00012B2BED00012B2BFB00012B2BF900012B2BF900012B2BFB00012B2BF900012B2BF900012B2BFB00012B2BFD00012B2BFB00012B2B82009E00F100012B2BFB00012B2B8200FE00012B2BFB00012B2BFD00012B2BFB00012B2BFD00012B2BF500012B2BF500012B2BF500012B2BFD00012B2BED00012B2BFB00012B2BF900012B2BF900012B2BFB00012B2BF900012B2BF900012B2BFB00012B2BFD00012B2BFB00012B2B82009E00F100F92B8200FC00F92BF900FB2BFB00012B2BF500012B2BF500F72BFD00012B2BFB00012B2BED00FB2BF700012B2BF900012B2BFB00012B2BF900012B2BF700FB2BF900FB2B82009C00F100F92B8200FC00F92BF900FB2BFB00012B2BF500012B2BF500F72BFD00012B2BFB00012B2BED00FB2BF700012B2BF900012B2BFB00012B2BF900012B2BF700FB2BF900FB2B82009C008200820082008200CD008200820082008200CD00F100012B2BFB00012B2B8200FC00FB2BFB00012B2BF500F72BF900012B2BF900F92BEB00FB2BF900FB2BFB00F92BFB00F72BFD00F72BFD00012B2BFB00012B2B82009000F100012B2BFB00012B2B8200FC00FB2BFB00012B2BF500F72BF900012B2BF900F92BEB00FB2BF900FB2BFB00F92BFB00F72BFD00F72BFD00012B2BFB00012B2B82009000F100012B2BFB00012B2B8200FE00012B2BFB00012B2BFD00012B2BF500012B2BF300052B2B00002B2BFB00012B2BFB00012B2BEF00012B2BFB00012B2BFD00012B2BFB00012B2BFD00012B2BFB00012B2BFD00012B2BF500012B2BF500012B2BFB00012B2B82009000F100012B2BFB00012B2B8200FE00012B2BFB00012B2BFD00012B2BF500012B2BF300052B2B00002B2BFB00012B2BFB00012B2BEF00012B2BFB00012B2BFD00012B2BFB00012B2BFD00012B2BFB00012B2BFD00012B2BF500012B2BF500012B2BFB00012B2B82009000F100012B2BFB00012B2B9700012B2BEB00012B2BF500012B2BF500012B2BF500012B2BFB00012B2BFD00012B2BFB00012B2BEF00012B2BF500012B2BF500012B2BFB00012B2BFD00012B2BF500012B2BF500FD2BFD00012B2B82009000F100012B2BFB00012B2B9700012B2BEB00012B2BF500012B2BF500012B2BF500012B2BFB00012B2BFD00012B2BFB00012B2BEF00012B2BF500012B2BF500012B2BFB00012B2BFD00012B2BF500012B2BF500FD2BFD00012B2B82009000F100F72B8200FE00012B2BF500012B2BF500F92BFB00012B2BFB00012B2BFD00F92BEB00FB2BFB00012B2BF500F92BFB00F92BFB00F92BFB00092B2B00002B2B00002B2B82009000F100F72B8200FE00012B2BF500012B2BF500F92BFB00012B2BFB00012B2BFD00F92BEB00FB2BFB00012B2BF500F92BFB00F92BFB00F92BFB00092B2B00002B2B00002B2B82009000F100012B2BFB00012B2B9700012B2BEB00012B2BF500012B2BF500012B2BF500F72BFD00052B2B00002B2BE300012B2BFD00012B2BF500052B2B00002B2BF900012B2BF500012B2BF500012B2BFD00FD2B82009000F100012B2BFB00012B2B9700012B2BEB00012B2BF500012B2BF500012B2BF500F72BFD00052B2B00002B2BE300012B2BFD00012B2BF500052B2B00002B2BF900012B2BF500012B2BF500012B2BFD00FD2B82009000F100012B2BFB00012B2B8200FE00012B2BFB00012B2BFD00012B2BF500012B2BF500012B2BFB00012B2BFD00012B2BFD00012B2BED00012B2BFB00012B2BFD00012B2BFB00012B2BFD00012B2BFD00012B2BFB00012B2BF500012B2BF500012B2BFB00012B2B82009000F100012B2BFB00012B2B8200FE00012B2BFB00012B2BFD00012B2BF500012B2BF500012B2BFB00012B2BFD00012B2BFD00012B2BED00012B2BFB00012B2BFD00012B2BFB00012B2BFD00012B2BFD00012B2BFB00012B2BF500012B2BF500012B2BFB00012B2B82009000F100012B2BFB00012B2B8200FC00FB2BFB00F72BFD00F72BFD00012B2BFB00012B2BFD00012B2BFB00012B2BED00FB2BF900FB2BFB00012B2BFB00012B2BFD00F72BFD00F72BFD00012B2BFB00012B2B82009000F100012B2BFB00012B2B8200FC00FB2BFB00F72BFD00F72BFD00012B2BFB00012B2BFD00012B2BFB00012B2BED00FB2BF900FB2BFB00012B2BFB00012B2BFD00F72BFD00F72BFD00012B2BFB00012B2B820090008200820082008200CD008200820082008200CD00EF00FB2B8200FC00012B2BFB00012B2BFD00F72BFD00012B2BF500F92B820082009D00EF00FB2B8200FC00012B2BFB00012B2BFD00F72BFD00012B2BF500F92B820082009D00F100012B2BFB00012B2B8200FE00012B2BFB00012B2BFD00012B2BF500012B2BF500012B2BFB00012B2B820082009F00F100012B2BFB00012B2B8200FE00012B2BFB00012B2BFD00012B2BF500012B2BF500012B2BFB00012B2B820082009F00EB00012B2B9500012B2BEB00012B2BFB00012B2BFD00012B2BF500012B2BF500012B2BFB00012B2B820082009F00EB00012B2B9500012B2BEB00012B2BFB00012B2BFD00012B2BF500012B2BF500012B2BFB00012B2B820082009F00ED00012B2B8200FA00F72BFD00F92BFB00012B2BF500F92B820082009D00ED00012B2B8200FA00F72BFD00F92BFB00012B2BF500F92B820082009D00ED00012B2B9300012B2BEB00012B2BFB00012B2BFD00012B2BF500012B2BF500012B2B820082009700ED00012B2B9300012B2BEB00012B2BFB00012B2BFD00012B2BF500012B2BF500012B2B8200820097008200E400012B2BFB00012B2BFD00012B2BF500012B2BF500012B2B8200820097008200E400012B2BFB00012B2BFD00012B2BF500012B2BF500012B2B820082009700ED00012B2B8200FA00012B2BFB00012B2BFD00F72BFD00F72BFD00012B2B820082009700ED00012B2B8200FA00012B2BFB00012B2BFD00F72BFD00F72BFD00012B2B8200820097008200820082008200CD008200820082008200CD00EF00FB2B8200FA00FB2BFB00012B2BFB00012B2BFB00FB2BFB00F72B820082009F00EF00FB2B8200FA00FB2BFB00012B2BFB00012B2BFB00FB2BFB00F72B820082009F00F100012B2BFB00012B2B8200FE00012B2BFB00012B2BFD00012B2BFB00012B2BF900012B2BF500012B2B820082009B00F100012B2BFB00012B2B8200FE00012B2BFB00012B2BFD00012B2BFB00012B2BF900012B2BF500012B2B820082009B00F100012B2BFB00012B2B9700012B2BEB00012B2BFB00012B2BFD00012B2BFB00012B2BF900012B2BF500012B2B820082009B00F100012B2BFB00012B2B9700012B2BEB00012B2BFB00012B2BFD00012B2BFB00012B2BF900012B2BF500012B2B820082009B00F100012B2BFB00012B2B8200FE00012B2BFB00012B2BFD00012B2BFB00012B2BF900012B2BF500012B2B820082009B00F100012B2BFB00012B2B8200FE00012B2BFB00012B2BFD00012B2BFB00012B2BF900012B2BF500012B2B820082009B00F100092B2B00002B2B00002B2B9700012B2BEB00092B2B00002B2B00002B2BFD00012B2BFB00012B2BF900012B2BF500012B2B820082009B00F100092B2B00002B2B00002B2B9700012B2BEB00092B2B00002B2B00002B2BFD00012B2BFB00012B2BF900012B2BF500012B2B820082009B00F100012B2BFD00012B2B8200FC00012B2BFD00012B2BFB00012B2BFB00012B2BF900012B2BF500012B2B820082009B00F100012B2BFD00012B2B8200FC00012B2BFD00012B2BFB00012B2BFB00012B2BF900012B2BF500012B2B820082009B00EF00FD2B0300002B2B8200FC00FD2B0300002B2BFB00FB2BF900FB2BF700012B2B820082009B00EF00FD2B0300002B2B8200FC00FD2B0300002B2BFB00FB2BF900FB2BF700012B2B820082009B008200820082008200CD008200820082008200CD008200820082008200CD008200820082008200CD008200820082008200CD008200820082008200CD008200820082008200CD008200820082008200CD008200820082008200CD008200820082008200CD008200820082008200CD008200820082008200CD008200820082008200CD008200820082008200CD008200820082008200CD008200820082008200CD008200820082008200CD008200820082008200CD00010000F92BFB00F72BFD00F92BFB00012B2BFB00012B2BFB00F92BED00FB2BF900FB2BFB00012B2BFB00012B2BFD00012B2BFB00012B2BF900012B2BF900012B2BFB00012B2BFD00F92BF900FB2BF900012B2B820082009900010000F92BFB00F72BFD00F92BFB00012B2BFB00012B2BFB00F92BED00FB2BF900FB2BFB00012B2BFB00012B2BFD00012B2BFB00012B2BF900012B2BF900012B2BFB00012B2BFD00F92BF900FB2BF900012B2B8200820099000300002B2BFB00012B2BFD00012B2BF500012B2BFB00012B2BFD00012B2BFB00012B2BFD00012B2BE700012B2BFB00012B2BFD00012B2BFB00012B2BFD00FD2B010000FD2BFD00FD2B010000FD2BFB00052B2B00002B2BFB00012B2BFB00012B2BFD00012B2BFB00012B2BFD00012B2BFB00012B2BF900012B2BF900092B2B00002B2B00002B2B82008200AD000300002B2BFB00012B2BFD00012B2BF500012B2BFB00012B2BFD00012B2BFB00012B2BFD00012B2BE700012B2BFB00012B2BFD00012B2BFB00012B2BFD00FD2B010000FD2BFD00FD2B010000FD2BFB00052B2B00002B2BFB00012B2BFB00012B2BFD00012B2BFB00012B2BFD00012B2BFB00012B2BF900012B2BF900092B2B00002B2B00002B2B82008200AD000300002B2BFB00012B2BFD00012B2BF500012B2BFB00012B2BFD00012B2BFB00012B2BFD00012B2BE700012B2BF500012B2BFB00012B2BFD00092B2B00002B2B00002B2BFD00092B2B00002B2B00002B2BFD00012B2BFB00012B2BFD00FD2BFD00012B2BFD00012B2BFB00012B2BFD00012B2BEF00012B2BF900052B2B00002B2B82008200AB000300002B2BFB00012B2BFD00012B2BF500012B2BFB00012B2BFD00012B2BFB00012B2BFD00012B2BE700012B2BF500012B2BFB00012B2BFD00092B2B00002B2B00002B2BFD00092B2B00002B2B00002B2BFD00012B2BFB00012B2BFD00FD2BFD00012B2BFD00012B2BFB00012B2BFD00012B2BEF00012B2BF900052B2B00002B2B82008200AB000300002B2BFB00012B2BFD00F92BFB00F92BFB00012B2BFB00012B2BFD00012B2BE700012B2BF500012B2BFB00012B2BFD00092B2B00002B2B00002B2BFD00092B2B00002B2B00002B2BFD00012B2BFB00012B2BFD00092B2B00002B2B00002B2BFD00012B2BFB00012B2BFB00FB2BF300012B2BFD00092B2B00002B2B00002B2B82008200AD000300002B2BFB00012B2BFD00F92BFB00F92BFB00012B2BFB00012B2BFD00012B2BE700012B2BF500012B2BFB00012B2BFD00092B2B00002B2B00002B2BFD00092B2B00002B2B00002B2BFD00012B2BFB00012B2BFD00092B2B00002B2B00002B2BFD00012B2BFB00012B2BFB00FB2BF300012B2BFD00092B2B00002B2B00002B2B82008200AD000300002B2BFB00012B2BFD00012B2BF500012B2BFB00012B2BFD00012B2BFB00012B2BFD00012B2BFD00FD2BEF00012B2BF500012B2BFB00012B2BFD00012B2BFB00012B2BFD00012B2BFB00012B2BFD00F72BFD00012B2BFD00FD2BFD00012B2BFB00012B2BF500012B2BF700012B2BF900052B2B00002B2B82008200AB000300002B2BFB00012B2BFD00012B2BF500012B2BFB00012B2BFD00012B2BFB00012B2BFD00012B2BFD00FD2BEF00012B2BF500012B2BFB00012B2BFD00012B2BFB00012B2BFD00012B2BFB00012B2BFD00F72BFD00012B2BFD00FD2BFD00012B2BFB00012B2BF500012B2BF700012B2BF900052B2B00002B2B82008200AB000300002B2BFB00012B2BFD00012B2BF500012B2BFB00012B2BFD00012B2BFB00012B2BFD00012B2BFB00012B2BEF00012B2BFB00012B2BFD00012B2BFB00012B2BFD00012B2BFB00012B2BFD00012B2BFB00012B2BFD00012B2BFB00012B2BFD00012B2BFB00012B2BFD00012B2BFB00012B2BFD00012B2BFB00012B2BF900012B2BF900092B2B00002B2B00002B2B82008200AD000300002B2BFB00012B2BFD00012B2BF500012B2BFB00012B2BFD00012B2BFB00012B2BFD00012B2BFB00012B2BEF00012B2BFB00012B2BFD00012B2BFB00012B2BFD00012B2BFB00012B2BFD00012B2BFB00012B2BFD00012B2BFB00012B2BFD00012B2BFB00012B2BFD00012B2BFB00012B2BFD00012B2BFB00012B2BF900012B2BF900092B2B00002B2B00002B2B82008200AD00010000F92BFB00F72BFD00F92BF900FB2BF900F92BED00FB2BF900FB2BFB00012B2BFB00012B2BFD00012B2BFB00012B2BFD00012B2BFB00012B2BFD00012B2BFB00012B2BFD00F92BF900FB2BF900012B2B820082009900010000F92BFB00F72BFD00F92BF900FB2BF900F92BED00FB2BF900FB2BFB00012B2BFB00012B2BFD00012B2BFB00012B2BFD00012B2BFB00012B2BFD00012B2BFB00012B2BFD00F92BF900FB2BF900012B2B8200820099008200820082008200CD008200820082008200CD00FB00FBFDF900FBFDEB00FBFDFD00F7FDEF00F7FDFB00FBFDEB00FBFDF900FBFDE70001FDFDF700FBFD820082009100FB00FBFDF900FBFDEB00FBFDFD00F7FDEF00F7FDFB00FBFDEB00FBFDF900FBFDE70001FDFDF700FBFD820082009100FD0001FDFDF50001FDFDE70001FDFDF70001FDFDDF0001FDFDFD0001FDFDFB0001FDFDEF0001FDFDFB0001FDFDFD0001FDFDFB0001FDFDEB00FDFDF90001FDFD820082008B00FD0001FDFDF50001FDFDE70001FDFDF70001FDFDDF0001FDFDFD0001FDFDFB0001FDFDEF0001FDFDFB0001FDFDFD0001FDFDFB0001FDFDEB00FDFDF90001FDFD820082008B00030000FDFDF50001FDFDE70001FDFDF500F9FDE70001FDFDF30001FDFDE70001FDFDFD0001FDFDFD00FDFDED0005FDFD0000FDFDFB0001FDFD820082008900030000FDFDF50001FDFDE70001FDFDF500F9FDE70001FDFDF30001FDFDE70001FDFDFD0001FDFDFD00FDFDED0005FDFD0000FDFDFB0001FDFD820082008900010000F9FDFB00F9FDED00F9FDF30001FDFDEB0001FDFDF500FDFDE900FDFDFB0009FDFD0000FDFD0000FDFDEF0001FDFDFD0001FDFDFB00F9FD820082008F00010000F9FDFB00F9FDED00F9FDF30001FDFDEB0001FDFDF500FDFDE900FDFDFB0009FDFD0000FDFD0000FDFDEF0001FDFDFD0001FDFDFB00F9FD820082008F00030000FDFDFB0001FDFDFD0001FDFDFB0001FDFDEF0001FDFDFB0001FDFDF50001FDFDED0001FDFDF50001FDFDE70001FDFDF700FDFDFD0001FDFDEF00F7FDFD0001FDFDFB0001FDFD820082009100030000FDFDFB0001FDFDFD0001FDFDFB0001FDFDEF0001FDFDFB0001FDFDF50001FDFDED0001FDFDF50001FDFDE70001FDFDF700FDFDFD0001FDFDEF00F7FDFD0001FDFDFB0001FDFD820082009100030000FDFDFB0001FDFDFD0001FDFDFB0001FDFDEF0001FDFDFB0001FDFDFD0001FDFDFB0001FDFDED0001FDFDF70001FDFDE70001FDFDF50001FDFDFB0001FDFDE90001FDFDFB0001FDFDFB0001FDFD820082009100030000FDFDFB0001FDFDFD0001FDFDFB0001FDFDEF0001FDFDFB0001FDFDFD0001FDFDFB0001FDFDED0001FDFDF70001FDFDE70001FDFDF50001FDFDFB0001FDFDE90001FDFDFB0001FDFDFB0001FDFD820082009100FD00FBFDF900FBFDEB00FBFDF900FBFDEB0001FDFDF700F7FDEF00F7FDFB00FBFDE70001FDFDF900FBFD820082008F00FD00FBFDF900FBFDEB00FBFDF900FBFDEB0001FDFDF700F7FDEF00F7FDFB00FBFDE70001FDFDF900FBFD820082008F008200820082008200CD008200820082008200CD008200820082008200CD008200820082008200CD008200820082008200CD008200820082008200CD008200820082008200CD008200820082008200CD008200820082008200CD008200820082008200CD008200820082008200CD008200820082008200CD008200820082008200CD008200820082008200CD008200820082008200CD008200820082008200CD008200820082008200CD008200820082008200CD00FB0001FDFDF700FBFDFB00F9FDFB00F9FDF900FBFDDF00F7FDFD00F7FDEB00FBFDFB00FBFDE900FBFDFB00FBFDEB00FBFDFB00F9FDEB00FBFDF900FBFDE70001FDFDFB00F7FDEF00F7FDFB00FBFDED00F7FDFB00FBFDE900FBFDFD00F7FDEF00F7FDFB00FBFDED00F7FDF90001FDFDED00FB0001FDFDF700FBFDFB00F9FDFB00F9FDF900FBFDDF00F7FDFD00F7FDEB00FBFDFB00FBFDE900FBFDFB00FBFDEB00FBFDFB00F9FDEB00FBFDF900FBFDE70001FDFDFB00F7FDEF00F7FDFB00FBFDED00F7FDFB00FBFDE900FBFDFD00F7FDEF00F7FDFB00FBFDED00F7FDF90001FDFDED000B0000FDFD0000FDFD0000FDFDFD0001FDFDFB0001FDFDFD0001FDFDFB0001FDFDFD0001FDFDFB0001FDFDFD0001FDFDFB0001FDFDD90001FDFDFD0001FDFDE50001FDFDF70001FDFDFB0001FDFDED0001FDFDF70001FDFDFB0001FDFDEF0001FDFDFB0001FDFDFD0001FDFDFB0001FDFDEF0001FDFDFB0001FDFDFD0001FDFDFB0001FDFDEB00FDFDFB0001FDFDDF0001FDFDFD0001FDFDFB0001FDFDE70001FDFDFD0001FDFDFB0001FDFDED0001FDFDF70001FDFDDF0001FDFDFD0001FDFDFB0001FDFDE70001FDFDFB0005FDFD0000FDFDEF000B0000FDFD0000FDFD0000FDFDFD0001FDFDFB0001FDFDFD0001FDFDFB0001FDFDFD0001FDFDFB0001FDFDFD0001FDFDFB0001FDFDD90001FDFDFD0001FDFDE50001FDFDF70001FDFDFB0001FDFDED0001FDFDF70001FDFDFB0001FDFDEF0001FDFDFB0001FDFDFD0001FDFDFB0001FDFDEF0001FDFDFB0001FDFDFD0001FDFDFB0001FDFDEB00FDFDFB0001FDFDDF0001FDFDFD0001FDFDFB0001FDFDE70001FDFDFD0001FDFDFB0001FDFDED0001FDFDF70001FDFDDF0001FDFDFD0001FDFDFB0001FDFDE70001FDFDFB0005FDFD0000FDFDEF00FD00FBFDF30001FDFDFD0001FDFDFB0001FDFDFD0001FDFDFB0001FDFDFD0001FDFDFD00FDFDF90001FDFDE50001FDFDFB00F9FDED0001FDFDF50001FDFDE70001FDFDF50001FDFDE70001FDFDFD00FDFDFD0001FDFDFB0001FDFDEF0001FDFDFD00FDFDFD0001FDFDFD00FDFDED0005FDFD0000FDFDFB00F9FDE70001FDFDF30001FDFDE90001FDFDF30001FDFDEF0001FDFDF50001FDFDE10001FDFDF30001FDFDE90001FDFDFB0001FDFDFB0001FDFDF100FD00FBFDF30001FDFDFD0001FDFDFB0001FDFDFD0001FDFDFB0001FDFDFD0001FDFDFD00FDFDF90001FDFDE50001FDFDFB00F9FDED0001FDFDF50001FDFDE70001FDFDF50001FDFDE70001FDFDFD00FDFDFD0001FDFDFB0001FDFDEF0001FDFDFD00FDFDFD0001FDFDFD00FDFDED0005FDFD0000FDFDFB00F9FDE70001FDFDF30001FDFDE90001FDFDF30001FDFDEF0001FDFDF50001FDFDE10001FDFDF30001FDFDE90001FDFDFB0001FDFDFB0001FDFDF100FB0001FDFDF500FDFDFB0001FDFDFB0001FDFDFD00F9FDFB0009FDFD0000FDFD0000FDFDDD0001FDFDF10001FDFDEF00F9FDFB0001FDFDE700F9FDFB0001FDFDE70009FDFD0000FDFD0000FDFDFD0001FDFDFB0001FDFDEF0009FDFD0000FDFD0000FDFDFD0009FDFD0000FDFD0000FDFDEF0001FDFDFD0001FDFDF30001FDFDEB0001FDFDF500FDFDE90001FDFDF500FDFDED00F9FDFB00F9FDE90001FDFDF500FDFDE900FDFDFB0001FDFDFB0001FDFDF100FB0001FDFDF500FDFDFB0001FDFDFB0001FDFDFD00F9FDFB0009FDFD0000FDFD0000FDFDDD0001FDFDF10001FDFDEF00F9FDFB0001FDFDE700F9FDFB0001FDFDE70009FDFD0000FDFD0000FDFDFD0001FDFDFB0001FDFDEF0009FDFD0000FDFD0000FDFDFD0009FDFD0000FDFD0000FDFDEF0001FDFDFD0001FDFDF30001FDFDEB0001FDFDF500FDFDE90001FDFDF500FDFDED00F9FDFB00F9FDE90001FDFDF500FDFDE900FDFDFB0001FDFDFB0001FDFDF100FD00FBFDF90001FDFDF70001FDFDFB0001FDFDFD0001FDFDFB0001FDFDFD00FDFDFD0001FDFDF90001FDFDE90001FDFDEF0001FDFDEF0001FDFDFB0001FDFDFD0001FDFDE70001FDFDFB0001FDFDFD0001FDFDE700FDFDFD0001FDFDFD0001FDFDFB0001FDFDEF00FDFDFD0001FDFDFD00FDFDFD0001FDFDEF00F7FDF50001FDFDED0001FDFDF50001FDFDE70001FDFDF50001FDFDE90001FDFDFB0001FDFDFD0001FDFDE50001FDFDF50001FDFDE10001FDFDFD00F7FDF100FD00FBFDF90001FDFDF70001FDFDFB0001FDFDFD0001FDFDFB0001FDFDFD00FDFDFD0001FDFDF90001FDFDE90001FDFDEF0001FDFDEF0001FDFDFB0001FDFDFD0001FDFDE70001FDFDFB0001FDFDFD0001FDFDE700FDFDFD0001FDFDFD0001FDFDFB0001FDFDEF00FDFDFD0001FDFDFD00FDFDFD0001FDFDEF00F7FDF50001FDFDED0001FDFDF50001FDFDE70001FDFDF50001FDFDE90001FDFDFB0001FDFDFD0001FDFDE50001FDFDF50001FDFDE10001FDFDFD00F7FDF1000B0000FDFD0000FDFD0000FDFDFD0001FDFDF50001FDFDFB0001FDFDFD0001FDFDFB0001FDFDFD0001FDFDFB0001FDFDDF0001FDFDF70001FDFDFB0001FDFDEF0001FDFDFB0001FDFDFD0001FDFDFB0001FDFDEF0001FDFDFB0001FDFDFD0001FDFDFB0001FDFDEF0001FDFDFB0001FDFDFD0001FDFDFB0001FDFDEF0001FDFDFB0001FDFDFD0001FDFDFB0001FDFDE90001FDFDFB0001FDFDFB0001FDFDED0001FDFDF70001FDFDE50001FDFDF70001FDFDE70001FDFDFB0001FDFDFD0001FDFDE50001FDFDF70001FDFDE70001FDFDFB0001FDFDFD0001FDFDFB0001FDFDF1000B0000FDFD0000FDFD0000FDFDFD0001FDFDF50001FDFDFB0001FDFDFD0001FDFDFB0001FDFDFD0001FDFDFB0001FDFDDF0001FDFDF70001FDFDFB0001FDFDEF0001FDFDFB0001FDFDFD0001FDFDFB0001FDFDEF0001FDFDFB0001FDFDFD0001FDFDFB0001FDFDEF0001FDFDFB0001FDFDFD0001FDFDFB0001FDFDEF0001FDFDFB0001FDFDFD0001FDFDFB0001FDFDE90001FDFDFB0001FDFDFB0001FDFDED0001FDFDF70001FDFDE50001FDFDF70001FDFDE70001FDFDFB0001FDFDFD0001FDFDE50001FDFDF70001FDFDE70001FDFDFB0001FDFDFD0001FDFDFB0001FDFDF100FB0001FDFDF900F7FDFD00F9FDFB00F9FDF900FBFDDD0001FDFDF500FBFDEB00FBFDF900FBFDEB00FBFDF900FBFDEB00FBFDFB00F9FDEB00FBFDF900FBFDE70001FDFDF900FBFDEB0001FDFDF700F7FDED0001FDFDF700F7FDED00FBFDFB0001FDFDE50001FDFDF700F7FDED00FBFDFB0001FDFDFB0001FDFDF100FB0001FDFDF900F7FDFD00F9FDFB00F9FDF900FBFDDD0001FDFDF500FBFDEB00FBFDF900FBFDEB00FBFDF900FBFDEB00FBFDFB00F9FDEB00FBFDF900FBFDE70001FDFDF900FBFDEB0001FDFDF700F7FDED0001FDFDF700F7FDED00FBFDFB0001FDFDE50001FDFDF700F7FDED00FBFDFB0001FDFDFB0001FDFDF1008200820082008200CD008200820082008200CD00FD00FBFDF900FBFDED00F7FDF70001FDFDE900FBFDFD00F7FDEB00FBFDFD00F7FDED00FBFDF900FBFD820082008F00FD00FBFDF900FBFDED00F7FDF70001FDFDE900FBFDFD00F7FDEB00FBFDFD00F7FDED00FBFDF900FBFD820082008F00030000FDFDFB0001FDFDFD0001FDFDFB0001FDFDEF0001FDFDF100FDFDEB0001FDFDF70001FDFDE50001FDFDF70001FDFDE70001FDFDFB0001FDFDFD0001FDFDFB0001FDFD820082009100030000FDFDFB0001FDFDFD0001FDFDFB0001FDFDEF0001FDFDF100FDFDEB0001FDFDF70001FDFDE50001FDFDF70001FDFDE70001FDFDFB0001FDFDFD0001FDFDFB0001FDFD820082009100F70001FDFDFD0001FDFDFD00FDFDEF00F9FDF90005FDFD0000FDFDED0001FDFDF50001FDFDE70001FDFDF50001FDFDDF0001FDFDFD0001FDFDFD00FDFD820082009100F70001FDFDFD0001FDFDFD00FDFDEF00F9FDF90005FDFD0000FDFDED0001FDFDF50001FDFDE70001FDFDF50001FDFDDF0001FDFDFD0001FDFDFD00FDFD820082009100FB00FDFDFB0009FDFD0000FDFD0000FDFDE70001FDFDFD0001FDFDFD0001FDFDED00F9FDFB00F9FDED00F9FDFB00F9FDE900FDFDFB0009FDFD0000FDFD0000FDFD820082009100FB00FDFDFB0009FDFD0000FDFD0000FDFDE70001FDFDFD0001FDFDFD0001FDFDED00F9FDFB00F9FDED00F9FDFB00F9FDE900FDFDFB0009FDFD0000FDFD0000FDFD820082009100FD0001FDFDF700FDFDFD0001FDFDE70001FDFDFD00F7FDEF0001FDFDFB0001FDFDFD0001FDFDE70001FDFDFB0001FDFDFD0001FDFDE50001FDFDF700FDFDFD0001FDFD820082009100FD0001FDFDF700FDFDFD0001FDFDE70001FDFDFD00F7FDEF0001FDFDFB0001FDFDFD0001FDFDE70001FDFDFB0001FDFDFD0001FDFDE50001FDFDF700FDFDFD0001FDFD820082009100030000FDFDF50001FDFDFB0001FDFDEF0001FDFDFB0001FDFDF70001FDFDED0001FDFDFB0001FDFDFD0001FDFDE70001FDFDFB0001FDFDFD0001FDFDE70001FDFDF50001FDFDFB0001FDFD820082009100030000FDFDF50001FDFDFB0001FDFDEF0001FDFDFB0001FDFDF70001FDFDED0001FDFDFB0001FDFDFD0001FDFDE70001FDFDFB0001FDFDFD0001FDFDE70001FDFDF50001FDFDFB0001FDFD820082009100010000F7FDFB00FBFDEB00FBFDF50001FDFDEB00FBFDFB0001FDFDE500FBFDFB0001FDFDE700F7FDFB00FBFD820082008F00010000F7FDFB00FBFDEB00FBFDF50001FDFDEB00FBFDFB0001FDFDE500FBFDFB0001FDFDE700F7FDFB00FBFD820082008F008200820082008200CD008200820082008200CD008200820082008200CD008200820082008200CD008200820082008200CD008200820082008200CD008200820082008200CD008200820082008200CD008200820082008200CD008200820082008200CD008200820082008200CD008200820082008200CD008200820082008200CD008200820082008200CD008200820082008200CD008200820082008200CD008200820082008200CD008200820082008200CD00FB0001FDFDF700FBFDFB00F9FDF900FBFDF900FBFDD90001FDFDFB00F9FDE900FBFDF90001FDFDE700FBFDFD00F7FDEF00F7FDFB00FBFDEB00FBFDF900FBFDE70001FDFDF900FBFDE900FBFDFB00FBFDE900FBFDFD00F7FDEB00FBFDFD00F7FDEF00F7FDFD00F7FDED00FBFDFB00F9FDEF00FB0001FDFDF700FBFDFB00F9FDF900FBFDF900FBFDD90001FDFDFB00F9FDE900FBFDF90001FDFDE700FBFDFD00F7FDEF00F7FDFB00FBFDEB00FBFDF900FBFDE70001FDFDF900FBFDE900FBFDFB00FBFDE900FBFDFD00F7FDEB00FBFDFD00F7FDEF00F7FDFD00F7FDED00FBFDFB00F9FDEF000B0000FDFD0000FDFD0000FDFDFD0001FDFDFB0001FDFDFD0001FDFDFB0001FDFDFD0001FDFDFB0001FDFDFD0001FDFDFB0001FDFDDD00FDFDFB0001FDFDFB0001FDFDED0001FDFDF500FDFDE90001FDFDF70001FDFDDF0001FDFDFD0001FDFDFB0001FDFDEF0001FDFDFB0001FDFDFD0001FDFDFB0001FDFDEB00FDFDFB0001FDFDFB0001FDFDED0001FDFDF70001FDFDFB0001FDFDED0001FDFDF70001FDFDE50001FDFDF70001FDFDDF0001FDFDF50001FDFDEF0001FDFDFB0001FDFDFD0001FDFDFB0001FDFDF1000B0000FDFD0000FDFD0000FDFDFD0001FDFDFB0001FDFDFD0001FDFDFB0001FDFDFD0001FDFDFB0001FDFDFD0001FDFDFB0001FDFDDD00FDFDFB0001FDFDFB0001FDFDED0001FDFDF500FDFDE90001FDFDF70001FDFDDF0001FDFDFD0001FDFDFB0001FDFDEF0001FDFDFB0001FDFDFD0001FDFDFB0001FDFDEB00FDFDFB0001FDFDFB0001FDFDED0001FDFDF70001FDFDFB0001FDFDED0001FDFDF70001FDFDE50001FDFDF70001FDFDDF0001FDFDF50001FDFDEF0001FDFDFB0001FDFDFD0001FDFDFB0001FDFDF100FD00FBFDF30001FDFDFD0001FDFDFB0001FDFDFD0001FDFDF50001FDFDFD00FDFDF90001FDFDE90005FDFD0000FDFDFB0001FDFDFB0001FDFDEF0001FDFDF10001FDFDEB0001FDFDF50001FDFDE10001FDFDFB0001FDFDFB0001FDFDE70001FDFDFD0001FDFDFD00FDFDED0005FDFD0000FDFDFB0001FDFDE70001FDFDF50001FDFDFB0001FDFDEF0001FDFDF50001FDFDE70001FDFDF500F9FDE70001FDFDF50001FDFDED0001FDFDFD00FDFDFD0001FDFDFB0001FDFDF100FD00FBFDF30001FDFDFD0001FDFDFB0001FDFDFD0001FDFDF50001FDFDFD00FDFDF90001FDFDE90005FDFD0000FDFDFB0001FDFDFB0001FDFDEF0001FDFDF10001FDFDEB0001FDFDF50001FDFDE10001FDFDFB0001FDFDFB0001FDFDE70001FDFDFD0001FDFDFD00FDFDED0005FDFD0000FDFDFB0001FDFDE70001FDFDF50001FDFDFB0001FDFDEF0001FDFDF50001FDFDE70001FDFDF500F9FDE70001FDFDF50001FDFDED0001FDFDFD00FDFDFD0001FDFDFB0001FDFDF100FB0001FDFDF500FDFDFB0001FDFDFB0001FDFDFD0001FDFDF50009FDFD0000FDFD0000FDFDE10001FDFDFD0001FDFDFB0001FDFDFB0001FDFDEF00F9FDF70001FDFDEB00F9FDFB00F9FDE90001FDFDF700F9FDEB00FDFDFB0009FDFD0000FDFD0000FDFDEF0001FDFDFD0001FDFDFB0001FDFDE700F9FDF900F9FDEF00F9FDFB00F9FDED00F9FDF30001FDFDEB0001FDFDF500FDFDED0009FDFD0000FDFD0000FDFDFD0001FDFDFB0001FDFDF100FB0001FDFDF500FDFDFB0001FDFDFB0001FDFDFD0001FDFDF50009FDFD0000FDFD0000FDFDE10001FDFDFD0001FDFDFB0001FDFDFB0001FDFDEF00F9FDF70001FDFDEB00F9FDFB00F9FDE90001FDFDF700F9FDEB00FDFDFB0009FDFD0000FDFD0000FDFDEF0001FDFDFD0001FDFDFB0001FDFDE700F9FDF900F9FDEF00F9FDFB00F9FDED00F9FDF30001FDFDEB0001FDFDF500FDFDED0009FDFD0000FDFD0000FDFDFD0001FDFDFB0001FDFDF100FD00FBFDF90001FDFDF70001FDFDFB0001FDFDFD0001FDFDF500FDFDFD0001FDFDF90001FDFDEB00F7FDFD0001FDFDFB0001FDFDEF0001FDFDFB0001FDFDF90001FDFDEB0001FDFDFB0001FDFDFD0001FDFDE50001FDFDEF0001FDFDED0001FDFDF700FDFDFD0001FDFDEF00F7FDFD0001FDFDE70001FDFDFB0001FDFDF50001FDFDEF0001FDFDFB0001FDFDFD0001FDFDE70001FDFDFB0001FDFDF50001FDFDED0001FDFDEF0001FDFDEF00FDFDFD0001FDFDFD0001FDFDFB0001FDFDF100FD00FBFDF90001FDFDF70001FDFDFB0001FDFDFD0001FDFDF500FDFDFD0001FDFDF90001FDFDEB00F7FDFD0001FDFDFB0001FDFDEF0001FDFDFB0001FDFDF90001FDFDEB0001FDFDFB0001FDFDFD0001FDFDE50001FDFDEF0001FDFDED0001FDFDF700FDFDFD0001FDFDEF00F7FDFD0001FDFDE70001FDFDFB0001FDFDF50001FDFDEF0001FDFDFB0001FDFDFD0001FDFDE70001FDFDFB0001FDFDF50001FDFDED0001FDFDEF0001FDFDEF00FDFDFD0001FDFDFD0001FDFDFB0001FDFDF1000B0000FDFD0000FDFD0000FDFDFD0001FDFDF50001FDFDFB0001FDFDFD0001FDFDFB0001FDFDFD0001FDFDFB0001FDFDDB0001FDFDFB0001FDFDFB0001FDFDEF0001FDFDFB0001FDFDF90001FDFDEB0001FDFDFB0001FDFDFD0001FDFDE50001FDFDF10001FDFDED0001FDFDF50001FDFDFB0001FDFDE90001FDFDFB0001FDFDFB0001FDFDEF0001FDFDFB0001FDFDF70001FDFDED0001FDFDFB0001FDFDFD0001FDFDE70001FDFDFB0001FDFDFD0001FDFDFB0001FDFDED0001FDFDF70001FDFDFB0001FDFDEF0001FDFDFB0001FDFDFD0001FDFDFB0001FDFDF1000B0000FDFD0000FDFD0000FDFDFD0001FDFDF50001FDFDFB0001FDFDFD0001FDFDFB0001FDFDFD0001FDFDFB0001FDFDDB0001FDFDFB0001FDFDFB0001FDFDEF0001FDFDFB0001FDFDF90001FDFDEB0001FDFDFB0001FDFDFD0001FDFDE50001FDFDF10001FDFDED0001FDFDF50001FDFDFB0001FDFDE90001FDFDFB0001FDFDFB0001FDFDEF0001FDFDFB0001FDFDF70001FDFDED0001FDFDFB0001FDFDFD0001FDFDE70001FDFDFB0001FDFDFD0001FDFDFB0001FDFDED0001FDFDF70001FDFDFB0001FDFDEF0001FDFDFB0001FDFDFD0001FDFDFB0001FDFDF100FB0001FDFDF900F7FDFD00F9FDF900FBFDF900FBFDD90001FDFDFB00F9FDEB00FBFDF900FBFDEB00FBFDFB00F7FDED0001FDFDF700FBFDEB00F7FDFB00FBFDE70001FDFDF900FBFDEB00FBFDFB00FBFDE900FBFDFB00F7FDED00FBFDF900FBFDEB0001FDFDF500FBFDEB00FBFDFB00F9FDEF00FB0001FDFDF900F7FDFD00F9FDF900FBFDF900FBFDD90001FDFDFB00F9FDEB00FBFDF900FBFDEB00FBFDFB00F7FDED0001FDFDF700FBFDEB00F7FDFB00FBFDE70001FDFDF900FBFDEB00FBFDFB00FBFDE900FBFDFB00F7FDED00FBFDF900FBFDEB0001FDFDF500FBFDEB00FBFDFB00F9FDEF008200820082008200CD008200820082008200CD00FD00FBFDF900FBFD8200820082008200E500FD00FBFDF900FBFD8200820082008200E500030000FDFDFB0001FDFDFD0001FDFDFB0001FDFD8200820082008200E700030000FDFDFB0001FDFDFD0001FDFDFB0001FDFD8200820082008200E700030000FDFDFD00FDFDFD0001FDFDFD00FDFD8200820082008200E700030000FDFDFD00FDFDFD0001FDFDFD00FDFD8200820082008200E7000B0000FDFD0000FDFD0000FDFDFD0009FDFD0000FDFD0000FDFD8200820082008200E7000B0000FDFD0000FDFD0000FDFDFD0009FDFD0000FDFD0000FDFD8200820082008200E700010000FDFDFD0001FDFDFD00FDFDFD0001FDFD8200820082008200E700010000FDFDFD0001FDFDFD00FDFDFD0001FDFD8200820082008200E700030000FDFDFB0001FDFDFD0001FDFDFB0001FDFD8200820082008200E700030000FDFDFB0001FDFDFD0001FDFDFB0001FDFD8200820082008200E700FD00FBFDF900FBFD8200820082008200E500FD00FBFDF900FBFD8200820082008200E5008200820082008200CD008200820082008200CD008200820082008200CD008200820082008200CD008200820082008200CD008200820082008200CD008200820082008200CD008200820082008200CD008200820082008200CD008200820082008200CD008200820082008200CD008200820082008200CD008200820082008200CD008200820082008200CD008200820082008200CD008200820082008200CD008200820082008200CD008200820082008200CD00FB0001FDFDF700FBFDF900FBFDF900FBFDF900FBFDF900F9FD820082008200A000FB0001FDFDF700FBFDF900FBFDF900FBFDF900FBFDF900F9FD820082008200A0000B0000FDFD0000FDFD0000FDFDFD0001FDFDFB0001FDFDFD0001FDFDFB0001FDFDFD0001FDFDFB0001FDFDFD0001FDFDFB0001FDFDFD0001FDFD82008200820098000B0000FDFD0000FDFD0000FDFDFD0001FDFDFB0001FDFDFD0001FDFDFB0001FDFDFD0001FDFDFB0001FDFDFD0001FDFDFB0001FDFDFD0001FDFD8200820082009800FD00FBFDF30001FDFDFD0001FDFDFD00FDFDFD0001FDFDFD00FDFDFD0001FDFDFD00FDFDFD0001FDFD8200820082009800FD00FBFDF30001FDFDFD0001FDFDFD00FDFDFD0001FDFDFD00FDFDFD0001FDFDFD00FDFDFD0001FDFD8200820082009800FB0001FDFDF500FDFDFB0009FDFD0000FDFD0000FDFDFD0009FDFD0000FDFD0000FDFDFD0009FDFD0000FDFD0000FDFDFD0001FDFD8200820082009800FB0001FDFDF500FDFDFB0009FDFD0000FDFD0000FDFDFD0009FDFD0000FDFD0000FDFDFD0009FDFD0000FDFD0000FDFDFD0001FDFD8200820082009800FD00FBFDF90001FDFDF700FDFDFD0001FDFDFD00FDFDFD0001FDFDFD00FDFDFD0001FDFDFD0001FDFDFD00FDFD820082008200A000FD00FBFDF90001FDFDF700FDFDFD0001FDFDFD00FDFDFD0001FDFDFD00FDFDFD0001FDFDFD0001FDFDFD00FDFD820082008200A0000B0000FDFD0000FDFD0000FDFDFD0001FDFDF50001FDFDFB0001FDFDFD0001FDFDFB0001FDFDFD0001FDFDFB0001FDFDFD0001FDFDFB0001FDFD820082008200A0000B0000FDFD0000FDFD0000FDFDFD0001FDFDF50001FDFDFB0001FDFDFD0001FDFDFB0001FDFDFD0001FDFDFB0001FDFDFD0001FDFDFB0001FDFD820082008200A000FB0001FDFDF900F7FDFB00FBFDF900FBFDF900FBFDF900F9FD820082008200A000FB0001FDFDF900F7FDFB00FBFDF900FBFDF900FBFDF900F9FD820082008200A0008200820082008200CD008200820082008200CD00030000FDFDFB0001FDFDFB00FBFDFB0001FDFDFB0001FDFDFB00FBFDFB00F7FDFD00F9FDE90001FDFDE70001FDFD820082008200D400030000FDFDFB0001FDFDFB00FBFDFB0001FDFDFB0001FDFDFB00FBFDFB00F7FDFD00F9FDE90001FDFDE70001FDFD820082008200D400010000FDFD010000FDFDF90001FDFDF90001FDFDFB0001FDFDF90001FDFDF90001FDFDF50001FDFDFB0001FDFDED00FDFDE900FDFD820082008200D400010000FDFD010000FDFDF90001FDFDF90001FDFDFB0001FDFDF90001FDFDF90001FDFDF50001FDFDFB0001FDFDED00FDFDE900FDFD820082008200D4000B0000FDFD0000FDFD0000FDFDF90001FDFDF900FDFDFD0001FDFDF90001FDFDF90001FDFDF50001FDFDFB0001FDFDEB0001FDFDE70001FDFD820082008200D4000B0000FDFD0000FDFD0000FDFDF90001FDFDF900FDFDFD0001FDFDF90001FDFDF90001FDFDF50001FDFDFB0001FDFDEB0001FDFDE70001FDFD820082008200D4000B0000FDFD0000FDFD0000FDFDF90001FDFDF90009FDFD0000FDFD0000FDFDF90001FDFDF900F9FDFB0001FDFDFB0001FDFDEB0001FDFDE70001FDFD820082008200D4000B0000FDFD0000FDFD0000FDFDF90001FDFDF90009FDFD0000FDFD0000FDFDF90001FDFDF900F9FDFB0001FDFDFB0001FDFDEB0001FDFDE70001FDFD820082008200D400030000FDFDFB0001FDFDF90001FDFDF90001FDFDFD00FDFDF90001FDFDF90001FDFDF50001FDFDFB0001FDFDEB0001FDFDE70001FDFD820082008200D400030000FDFDFB0001FDFDF90001FDFDF90001FDFDFD00FDFDF90001FDFDF90001FDFDF50001FDFDFB0001FDFDEB0001FDFDE70001FDFD820082008200D400030000FDFDFB0001FDFDF90001FDFDF90001FDFDFB0001FDFDF90001FDFDF90001FDFDF50001FDFDFB0001FDFDEB0001FDFDE70001FDFD820082008200D400030000FDFDFB0001FDFDF90001FDFDF90001FDFDFB0001FDFDF90001FDFDF90001FDFDF50001FDFDFB0001FDFDEB0001FDFDE70001FDFD820082008200D400030000FDFDFB0001FDFDFB00FBFDFB0001FDFDFB0001FDFDFB00FBFDFB00F7FDFD00F9FDEB00FBFDF70001FDFDF700FBFD820082008200D600030000FDFDFB0001FDFDFB00FBFDFB0001FDFDFB0001FDFDFB00FBFDFB00F7FDFD00F9FDEB00FBFDF70001FDFDF700FBFD820082008200D6008200820082008200CD008200820082008200CD00FD0001FDFDF500FBFD8200820082008200E500FD0001FDFDF500FBFD8200820082008200E500FB0001FDFDF90001FDFDFB0001FDFD8200820082008200E700FB0001FDFDF90001FDFDFB0001FDFD8200820082008200E700F90001FDFDF50001FDFD8200820082008200E500F90001FDFDF50001FDFD8200820082008200E500F70001FDFDF90001FDFD8200820082008200E300F70001FDFDF90001FDFD8200820082008200E300F90001FDFDF70001FDFD8200820082008200E300F90001FDFDF70001FDFD8200820082008200E300FB0001FDFD8200820082008200D500FB0001FDFD8200820082008200D500FD0001FDFDF30001FDFD8200820082008200E300FD0001FDFDF30001FDFD8200820082008200E3008200820082008200CD008200820082008200CD00FD00FBFDF900FBFDFB0001FDFDFB0001FDFDFD0001FDFDFB0001FDFDF90001FDFDF90001FDFDFB0001FDFDFD00F9FDF900FBFD820082008200BA00FD00FBFDF900FBFDFB0001FDFDFB0001FDFDFD0001FDFDFB0001FDFDF90001FDFDF90001FDFDFB0001FDFDFD00F9FDF900FBFD820082008200BA00030000FDFDFB0001FDFDFD0001FDFDFB0001FDFDFD00FDFD010000FDFDFD00FDFD010000FDFDFB0005FDFD0000FDFDFB0001FDFDFB0001FDFDFD0001FDFDFB0001FDFDFD0001FDFDFB0001FDFD820082008200BC00030000FDFDFB0001FDFDFD0001FDFDFB0001FDFDFD00FDFD010000FDFDFD00FDFD010000FDFDFB0005FDFD0000FDFDFB0001FDFDFB0001FDFDFD0001FDFDFB0001FDFDFD0001FDFDFB0001FDFD820082008200BC00030000FDFDF50001FDFDFB0001FDFDFD0009FDFD0000FDFD0000FDFDFD0009FDFD0000FDFD0000FDFDFD0001FDFDFB0001FDFDFD00FDFDFD0001FDFDFD0001FDFDFB0001FDFDFD0001FDFDF10001FDFD820082008200C600030000FDFDF50001FDFDFB0001FDFDFD0009FDFD0000FDFD0000FDFDFD0009FDFD0000FDFD0000FDFDFD0001FDFDFB0001FDFDFD00FDFDFD0001FDFDFD0001FDFDFB0001FDFDFD0001FDFDF10001FDFD820082008200C600030000FDFDF50001FDFDFB0001FDFDFD0009FDFD0000FDFD0000FDFDFD0009FDFD0000FDFD0000FDFDFD0001FDFDFB0001FDFDFD0009FDFD0000FDFD0000FDFDFD0001FDFDFB0001FDFDFB00FBFD820082008200BA00030000FDFDF50001FDFDFB0001FDFDFD0009FDFD0000FDFD0000FDFDFD0009FDFD0000FDFD0000FDFDFD0001FDFDFB0001FDFDFD0009FDFD0000FDFD0000FDFDFD0001FDFDFB0001FDFDFB00FBFD820082008200BA00030000FDFDF50001FDFDFB0001FDFDFD0001FDFDFB0001FDFDFD0001FDFDFB0001FDFDFD00F7FDFD0001FDFDFD00FDFDFD0001FDFDFB0001FDFDF50001FDFDF90001FDFD820082008200C600030000FDFDF50001FDFDFB0001FDFDFD0001FDFDFB0001FDFDFD0001FDFDFB0001FDFDFD00F7FDFD0001FDFDFD00FDFDFD0001FDFDFB0001FDFDF50001FDFDF90001FDFD820082008200C600030000FDFDFB0001FDFDFD0001FDFDFB0001FDFDFD0001FDFDFB0001FDFDFD0001FDFDFB0001FDFDFD0001FDFDFB0001FDFDFD0001FDFDFB0001FDFDFD0001FDFDFB0001FDFDFD0001FDFDFB0001FDFD820082008200BC00030000FDFDFB0001FDFDFD0001FDFDFB0001FDFDFD0001FDFDFB0001FDFDFD0001FDFDFB0001FDFDFD0001FDFDFB0001FDFDFD0001FDFDFB0001FDFDFD0001FDFDFB0001FDFDFD0001FDFDFB0001FDFD820082008200BC00FD00FBFDF900FBFDFB0001FDFDFB0001FDFDFD0001FDFDFB0001FDFDFD0001FDFDFB0001FDFDFD0001FDFDFB0001FDFDFD00F9FDF900FBFD820082008200BA00FD00FBFDF900FBFDFB0001FDFDFB0001FDFDFD0001FDFDFB0001FDFDFD0001FDFDFB0001FDFDFD0001FDFDFB0001FDFDFD00F9FDF900FBFD820082008200BA008200820082008200CD008200820082008200CD00ED0001FDFD8200F60001FDFDF900F9FDFB00F9FDFB00F7FDFD0001FDFDFB0001FDFDFD00F9FDED0001FDFDF300FBFDFB0001FDFDFB0001FDFDFD00F7FDFB00FBFD82008E00ED0001FDFD8200F60001FDFDF900F9FDFB00F9FDFB00F7FDFD0001FDFDFB0001FDFDFD00F9FDED0001FDFDF300FBFDFB0001FDFDFB0001FDFDFD00F7FDFB00FBFD82008E00EF0005FDFD0000FDFD8200FA0005FDFD0000FDFDFB0001FDFDFB0001FDFDFD0001FDFDFB0001FDFDFD0001FDFDF50001FDFDFB0001FDFDFD0001FDFDFB0001FDFDEF0001FDFDF10001FDFDF90001FDFDFB0001FDFDFD0001FDFDF50001FDFDFB0001FDFD82009000EF0005FDFD0000FDFD8200FA0005FDFD0000FDFDFB0001FDFDFB0001FDFDFD0001FDFDFB0001FDFDFD0001FDFDF50001FDFDFB0001FDFDFD0001FDFDFB0001FDFDEF0001FDFDF10001FDFDF90001FDFDFB0001FDFDFD0001FDFDF50001FDFDFB0001FDFD82009000F10001FDFDFB0001FDFD970001FDFDEB0001FDFDFB0001FDFDFD0001FDFDFB0001FDFDFD0001FDFDFB0001FDFDFD0001FDFDF500FDFDFD0001FDFDFD0001FDFDFB0001FDFDEF0001FDFDF10001FDFDF900FDFDFD0001FDFDFD0001FDFDF50001FDFD82008800F10001FDFDFB0001FDFD970001FDFDEB0001FDFDFB0001FDFDFD0001FDFDFB0001FDFDFD0001FDFDFB0001FDFDFD0001FDFDF500FDFDFD0001FDFDFD0001FDFDFB0001FDFDEF0001FDFDF10001FDFDF900FDFDFD0001FDFDFD0001FDFDF50001FDFD82008800F10001FDFDFB0001FDFD8200FE0001FDFDFB0001FDFDFD00F9FDFB00F9FDFB00F9FDFB0009FDFD0000FDFD0000FDFDFD0001FDFDFB0001FDFDEF0001FDFDF10001FDFDF90009FDFD0000FDFD0000FDFDFD00F9FDF900FBFD82008E00F10001FDFDFB0001FDFD8200FE0001FDFDFB0001FDFDFD00F9FDFB00F9FDFB00F9FDFB0009FDFD0000FDFD0000FDFDFD0001FDFDFB0001FDFDEF0001FDFDF10001FDFDF90009FDFD0000FDFD0000FDFDFD00F9FDF900FBFD82008E00F100F7FD970001FDFDEB00F7FDFD0001FDFDF50001FDFDF50001FDFDF50001FDFDFD00FDFDFD0001FDFDFB0001FDFDEF0001FDFDF10001FDFDF90001FDFDFD00FDFDFD0001FDFDED0001FDFD82009000F100F7FD970001FDFDEB00F7FDFD0001FDFDF50001FDFDF50001FDFDF50001FDFDFD00FDFDFD0001FDFDFB0001FDFDEF0001FDFDF10001FDFDF90001FDFDFD00FDFDFD0001FDFDED0001FDFD82009000F10001FDFDFB0001FDFD8200FE0001FDFDFB0001FDFDFD0001FDFDF50001FDFDF50001FDFDF50001FDFDFB0001FDFDFD0001FDFDFB0001FDFDEF0001FDFDF10001FDFDF90001FDFDFB0001FDFDFD0001FDFDF50001FDFDFB0001FDFD82009000F10001FDFDFB0001FDFD8200FE0001FDFDFB0001FDFDFD0001FDFDF50001FDFDF50001FDFDF50001FDFDFB0001FDFDFD0001FDFDFB0001FDFDEF0001FDFDF10001FDFDF90001FDFDFB0001FDFDFD0001FDFDF50001FDFDFB0001FDFD82009000F10001FDFDFB0001FDFD8200FE0001FDFDFB0001FDFDFD0001FDFDF50001FDFDF500F7FDFD0001FDFDFB0001FDFDFD00F9FDED00F7FDFB00FBFDFB0001FDFDFB0001FDFDFD00F7FDFB00FBFD82008E00F10001FDFDFB0001FDFD8200FE0001FDFDFB0001FDFDFD0001FDFDF50001FDFDF500F7FDFD0001FDFDFB0001FDFDFD00F9FDED00F7FDFB00FBFDFB0001FDFDFB0001FDFDFD00F7FDFB00FBFD82008E008200820082008200CD008200820082008200CD00F100F9FDED00F7FDFD0001FDFDFB0001FDFDFD00F7FDB700F9FDFB00F9FDF900FBFDFB0001FDFDFB0001FDFDFD00F7FDEF0001FDFDF300FBFDFB0001FDFDFB0001FDFDFD00F7FDFB00FBFD82008200010000F100F9FDED00F7FDFD0001FDFDFB0001FDFDFD00F7FDB700F9FDFB00F9FDF900FBFDFB0001FDFDFB0001FDFDFD00F7FDEF0001FDFDF300FBFDFB0001FDFDFB0001FDFDFD00F7FDFB00FBFD82008200010000F10001FDFDFB0001FDFDEF00FDFDF70001FDFDFB0001FDFDF700FDFDB70001FDFDFB0001FDFDFD0001FDFDFB0001FDFDF90001FDFDF90001FDFDFB0001FDFDF90001FDFDEB0001FDFDF10001FDFDF90001FDFDFB0001FDFDFD0001FDFDF50001FDFDFB0001FDFD82008200F10001FDFDFB0001FDFDEF00FDFDF70001FDFDFB0001FDFDF700FDFDB70001FDFDFB0001FDFDFD0001FDFDFB0001FDFDF90001FDFDF90001FDFDFB0001FDFDF90001FDFDEB0001FDFDF10001FDFDF90001FDFDFB0001FDFDFD0001FDFDF50001FDFDFB0001FDFD82008200F10001FDFDFB0001FDFDEF00FDFDF700FDFDFD0001FDFDF700FDFDCF0001FDFDEB0001FDFDFB0001FDFDFD0001FDFDFB0001FDFDF90001FDFDF900FDFDFD0001FDFDF90001FDFDEB0001FDFDF10001FDFDF900FDFDFD0001FDFDFD0001FDFDF50001FDFD82008200F900F10001FDFDFB0001FDFDEF00FDFDF700FDFDFD0001FDFDF700FDFDCF0001FDFDEB0001FDFDFB0001FDFDFD0001FDFDFB0001FDFDF90001FDFDF900FDFDFD0001FDFDF90001FDFDEB0001FDFDF10001FDFDF900FDFDFD0001FDFDFD0001FDFDF50001FDFD82008200F900F100F9FDED00FDFDF70009FDFD0000FDFD0000FDFDF700FDFDB700F9FDFB00F9FDF70001FDFDF90009FDFD0000FDFD0000FDFDF90001FDFDEB0001FDFDF10001FDFDF90009FDFD0000FDFD0000FDFDFD00F9FDF900FBFD82008200010000F100F9FDED00FDFDF70009FDFD0000FDFD0000FDFDF700FDFDB700F9FDFB00F9FDF70001FDFDF90009FDFD0000FDFD0000FDFDF90001FDFDEB0001FDFDF10001FDFDF90009FDFD0000FDFD0000FDFDFD00F9FDF900FBFD82008200010000F10001FDFDE700FDFDF70001FDFDFD00FDFDF700FDFDCF0001FDFDEB0001FDFDF50005FDFD0000FDFDF50001FDFDF90001FDFDFD00FDFDF90001FDFDEB0001FDFDF10001FDFDF90001FDFDFD00FDFDFD0001FDFDED0001FDFD82008200F10001FDFDE700FDFDF70001FDFDFD00FDFDF700FDFDCF0001FDFDEB0001FDFDF50005FDFD0000FDFDF50001FDFDF90001FDFDFD00FDFDF90001FDFDEB0001FDFDF10001FDFDF90001FDFDFD00FDFDFD0001FDFDED0001FDFD82008200F10001FDFDE700FDFDF70001FDFDFB0001FDFDF700FDFDB70001FDFDF50001FDFDFD0001FDFDF70001FDFDF90001FDFDFB0001FDFDF90001FDFDEB0001FDFDF10001FDFDF90001FDFDFB0001FDFDFD0001FDFDF50001FDFDFB0001FDFD82008200F10001FDFDE700FDFDF70001FDFDFB0001FDFDF700FDFDB70001FDFDF50001FDFDFD0001FDFDF70001FDFDF90001FDFDFB0001FDFDF90001FDFDEB0001FDFDF10001FDFDF90001FDFDFB0001FDFDFD0001FDFDF50001FDFDFB0001FDFD82008200F10001FDFDE700F7FDFD0001FDFDFB0001FDFDFD00F7FDB70001FDFDF50001FDFDFB0001FDFDFB00FBFDFB0001FDFDFB0001FDFDF90001FDFDEB00F7FDFB00FBFDFB0001FDFDFB0001FDFDFD00F7FDFB00FBFD82008200010000F10001FDFDE700F7FDFD0001FDFDFB0001FDFDFD00F7FDB70001FDFDF50001FDFDFB0001FDFDFB00FBFDFB0001FDFDFB0001FDFDF90001FDFDEB00F7FDFB00FBFDFB0001FDFDFB0001FDFDFD00F7FDFB00FBFD820082000100008200820082008200CD008200820082008200CD00F100F9FDED0001FDFDFB0001FDFD9B00F9FDFB00F7FDFD0001FDFDF500F7FDFD00F7FDFD00F7FDEF0001FDFDF300FBFDFB0001FDFDFB0001FDFDFD00F7FDEF0001FDFDFB0001FDFD82009E00F100F9FDED0001FDFDFB0001FDFD9B00F9FDFB00F7FDFD0001FDFDF500F7FDFD00F7FDFD00F7FDEF0001FDFDF300FBFDFB0001FDFDFB0001FDFDFD00F7FDEF0001FDFDFB0001FDFD82009E00F10001FDFDFB0001FDFDEF0001FDFDFB0001FDFD9B0001FDFDFB0001FDFDFD0001FDFDF50001FDFDF50001FDFDF10001FDFDF90001FDFDE70001FDFDF10001FDFDF90001FDFDFB0001FDFDFD0001FDFDE70001FDFDFB0001FDFD82009E00F10001FDFDFB0001FDFDEF0001FDFDFB0001FDFD9B0001FDFDFB0001FDFDFD0001FDFDF50001FDFDF50001FDFDF10001FDFDF90001FDFDE70001FDFDF10001FDFDF90001FDFDFB0001FDFDFD0001FDFDE70001FDFDFB0001FDFD82009E00F10001FDFDFB0001FDFDEF00FDFDFD0001FDFDB30001FDFDEB0001FDFDFB0001FDFDFD0001FDFDF50001FDFDF50001FDFDF10001FDFDF90001FDFDE70001FDFDF10001FDFDF900FDFDFD0001FDFDFD0001FDFDE700FDFDFD0001FDFD82009E00F10001FDFDFB0001FDFDEF00FDFDFD0001FDFDB30001FDFDEB0001FDFDFB0001FDFDFD0001FDFDF50001FDFDF50001FDFDF10001FDFDF90001FDFDE70001FDFDF10001FDFDF900FDFDFD0001FDFDFD0001FDFDE700FDFDFD0001FDFD82009E00F10001FDFDFB0001FDFDEF0009FDFD0000FDFD0000FDFD9B0001FDFDFB0001FDFDFD00F9FDFB0001FDFDF500F9FDF70001FDFDF900F9FDED0001FDFDF10001FDFDF90009FDFD0000FDFD0000FDFDFD00F9FDED0009FDFD0000FDFD0000FDFD82009E00F10001FDFDFB0001FDFDEF0009FDFD0000FDFD0000FDFD9B0001FDFDFB0001FDFDFD00F9FDFB0001FDFDF500F9FDF70001FDFDF900F9FDED0001FDFDF10001FDFDF90009FDFD0000FDFD0000FDFDFD00F9FDED0009FDFD0000FDFD0000FDFD82009E00F10001FDFDFB0001FDFDEF0001FDFDFD00FDFDB30001FDFDEB0001FDFDFB0001FDFDFD0001FDFDF50001FDFDF50001FDFDF10001FDFDF90001FDFDE70001FDFDF10001FDFDF90001FDFDFD00FDFDFD0001FDFDE70001FDFDFD00FDFD82009E00F10001FDFDFB0001FDFDEF0001FDFDFD00FDFDB30001FDFDEB0001FDFDFB0001FDFDFD0001FDFDF50001FDFDF50001FDFDF10001FDFDF90001FDFDE70001FDFDF10001FDFDF90001FDFDFD00FDFDFD0001FDFDE70001FDFDFD00FDFD82009E00F10001FDFDFB0001FDFDEF0001FDFDFB0001FDFD9B0001FDFDFB0001FDFDFD0001FDFDF50001FDFDF50001FDFDF10001FDFDF90001FDFDE70001FDFDF10001FDFDF90001FDFDFB0001FDFDFD0001FDFDE70001FDFDFB0001FDFD82009E00F10001FDFDFB0001FDFDEF0001FDFDFB0001FDFD9B0001FDFDFB0001FDFDFD0001FDFDF50001FDFDF50001FDFDF10001FDFDF90001FDFDE70001FDFDF10001FDFDF90001FDFDFB0001FDFDFD0001FDFDE70001FDFDFB0001FDFD82009E00F100F9FDED0001FDFDFB0001FDFD9B00F9FDFB00F7FDFD00F7FDFD00F7FDF90001FDFDF900F7FDEF00F7FDFB00FBFDFB0001FDFDFB0001FDFDFD00F7FDEF0001FDFDFB0001FDFD82009E00F100F9FDED0001FDFDFB0001FDFD9B00F9FDFB00F7FDFD00F7FDFD00F7FDF90001FDFDF900F7FDEF00F7FDFB00FBFDFB0001FDFDFB0001FDFDFD00F7FDEF0001FDFDFB0001FDFD82009E008200820082008200CD008200820082008200CD00EF00FBFDED0001FDFDFB0001FDFD9900FBFDFB0001FDFDFB0001FDFDFB00FBFDFB00F7FDFD00F9FDFB00F7FDEF00F9FDFB00F7FDFD00F7FDFB00FBFDFB00F9FDFB00F7FDEF0001FDFDF300FBFDFB0001FDFDFB0001FDFDFD00F7FDEF0001FDFDFB0001FDFD82000000EF00FBFDED0001FDFDFB0001FDFD9900FBFDFB0001FDFDFB0001FDFDFB00FBFDFB00F7FDFD00F9FDFB00F7FDEF00F9FDFB00F7FDFD00F7FDFB00FBFDFB00F9FDFB00F7FDEF0001FDFDF300FBFDFB0001FDFDFB0001FDFDFD00F7FDEF0001FDFDFB0001FDFD82000000ED0001FDFDEB0001FDFDFB0001FDFD970001FDFDF90001FDFDFB0001FDFDFD0001FDFDFB0001FDFDFD0001FDFDF50001FDFDFB0001FDFDF90001FDFDEB0001FDFDFB0001FDFDFD0001FDFDF50001FDFDF50001FDFDFB0001FDFDFD0001FDFDFB0001FDFDFD0001FDFDE70001FDFDF10001FDFDF90001FDFDFB0001FDFDFD0001FDFDE70001FDFDFB0001FDFD82000000ED0001FDFDEB0001FDFDFB0001FDFD970001FDFDF90001FDFDFB0001FDFDFD0001FDFDFB0001FDFDFD0001FDFDF50001FDFDFB0001FDFDF90001FDFDEB0001FDFDFB0001FDFDFD0001FDFDF50001FDFDF50001FDFDFB0001FDFDFD0001FDFDFB0001FDFDFD0001FDFDE70001FDFDF10001FDFDF90001FDFDFB0001FDFDFD0001FDFDE70001FDFDFB0001FDFD82000000ED0001FDFDEB00FDFDFD0001FDFDB30001FDFDE70001FDFDF900FDFDFD0001FDFDFD0001FDFDF50001FDFDF50001FDFDFB0001FDFDF90001FDFDEB0001FDFDFB0001FDFDFD0001FDFDF50001FDFDF50001FDFDFB0001FDFDFD0001FDFDFB0001FDFDFD0001FDFDE70001FDFDF10001FDFDF900FDFDFD0001FDFDFD0001FDFDE700FDFDFD0001FDFD82000000ED0001FDFDEB00FDFDFD0001FDFDB30001FDFDE70001FDFDF900FDFDFD0001FDFDFD0001FDFDF50001FDFDF50001FDFDFB0001FDFDF90001FDFDEB0001FDFDFB0001FDFDFD0001FDFDF50001FDFDF50001FDFDFB0001FDFDFD0001FDFDFB0001FDFDFD0001FDFDE70001FDFDF10001FDFDF900FDFDFD0001FDFDFD0001FDFDE700FDFDFD0001FDFD82000000ED0001FDFDEB0009FDFD0000FDFD0000FDFD970001FDFDF90009FDFD0000FDFD0000FDFDFB00FBFDFB00F9FDFB00F9FDF70001FDFDEB00F9FDFB00F9FDFB00F9FDFB0001FDFDFB0001FDFDFD00F9FDFB00F9FDED0001FDFDF10001FDFDF90009FDFD0000FDFD0000FDFDFD00F9FDED0009FDFD0000FDFD0000FDFD82000000ED0001FDFDEB0009FDFD0000FDFD0000FDFD970001FDFDF90009FDFD0000FDFD0000FDFDFB00FBFDFB00F9FDFB00F9FDF70001FDFDEB00F9FDFB00F9FDFB00F9FDFB0001FDFDFB0001FDFDFD00F9FDFB00F9FDED0001FDFDF10001FDFDF90009FDFD0000FDFD0000FDFDFD00F9FDED0009FDFD0000FDFD0000FDFD82000000ED0001FDFDEB0001FDFDFD00FDFDB30001FDFDE70001FDFDF90001FDFDFD00FDFDF50001FDFDFD0001FDFDF50005FDFD0000FDFDF50001FDFDEB0001FDFDFB0001FDFDFD0001FDFDF50001FDFDF50001FDFDFB0001FDFDFD0005FDFD0000FDFDF90001FDFDE70001FDFDF10001FDFDF90001FDFDFD00FDFDFD0001FDFDE70001FDFDFD00FDFD82000000ED0001FDFDEB0001FDFDFD00FDFDB30001FDFDE70001FDFDF90001FDFDFD00FDFDF50001FDFDFD0001FDFDF50005FDFD0000FDFDF50001FDFDEB0001FDFDFB0001FDFDFD0001FDFDF50001FDFDF50001FDFDFB0001FDFDFD0005FDFD0000FDFDF90001FDFDE70001FDFDF10001FDFDF90001FDFDFD00FDFDFD0001FDFDE70001FDFDFD00FDFD82000000ED0001FDFDEB0001FDFDFB0001FDFD970001FDFDF90001FDFDFB0001FDFDFD0001FDFDFB0001FDFDFD0001FDFDF50001FDFDFD0001FDFDF70001FDFDEB0001FDFDFB0001FDFDFD0001FDFDF50001FDFDF50001FDFDFB0001FDFDFD0001FDFDFD0001FDFDFB0001FDFDE70001FDFDF10001FDFDF90001FDFDFB0001FDFDFD0001FDFDE70001FDFDFB0001FDFD82000000ED0001FDFDEB0001FDFDFB0001FDFD970001FDFDF90001FDFDFB0001FDFDFD0001FDFDFB0001FDFDFD0001FDFDF50001FDFDFD0001FDFDF70001FDFDEB0001FDFDFB0001FDFDFD0001FDFDF50001FDFDF50001FDFDFB0001FDFDFD0001FDFDFD0001FDFDFB0001FDFDE70001FDFDF10001FDFDF90001FDFDFB0001FDFDFD0001FDFDE70001FDFDFB0001FDFD82000000EF00FBFDED0001FDFDFB0001FDFD9900FBFDFB0001FDFDFB0001FDFDFB00FBFDFB00F7FDFD0001FDFDFB0001FDFDF90001FDFDEB00F9FDFB00F7FDFD0001FDFDF300FBFDFB0001FDFDFB0001FDFDFD00F7FDEF00F7FDFB00FBFDFB0001FDFDFB0001FDFDFD00F7FDEF0001FDFDFB0001FDFD82000000EF00FBFDED0001FDFDFB0001FDFD9900FBFDFB0001FDFDFB0001FDFDFB00FBFDFB00F7FDFD0001FDFDFB0001FDFDF90001FDFDEB00F9FDFB00F7FDFD0001FDFDF300FBFDFB0001FDFDFB0001FDFDFD00F7FDEF00F7FDFB00FBFDFB0001FDFDFB0001FDFDFD00F7FDEF0001FDFDFB0001FDFD820000008200820082008200CD008200820082008200CD00F100F7FDEF0001FDFDFB0001FDFD9B00F7FDFD00F9FDF900FBFDFB00F7FDEF0001FDFDF300FBFDFB0001FDFDFB0001FDFDFD00F7FDEF0001FDFDFB0001FDFD82008200F100F7FDEF0001FDFDFB0001FDFD9B00F7FDFD00F9FDF900FBFDFB00F7FDEF0001FDFDF300FBFDFB0001FDFDFB0001FDFDFD00F7FDEF0001FDFDFB0001FDFD82008200F10001FDFDE70001FDFDFB0001FDFD9B0001FDFDF50001FDFDFB0001FDFDF90001FDFDF50001FDFDEB0001FDFDF10001FDFDF90001FDFDFB0001FDFDFD0001FDFDE70001FDFDFB0001FDFD82008200F10001FDFDE70001FDFDFB0001FDFD9B0001FDFDF50001FDFDFB0001FDFDF90001FDFDF50001FDFDEB0001FDFDF10001FDFDF90001FDFDFB0001FDFDFD0001FDFDE70001FDFDFB0001FDFD82008200F10001FDFDE700FDFDFD0001FDFDB30001FDFDEB0001FDFDF50001FDFDFB0001FDFDF90001FDFDF50001FDFDEB0001FDFDF10001FDFDF900FDFDFD0001FDFDFD0001FDFDE700FDFDFD0001FDFD82008200F10001FDFDE700FDFDFD0001FDFDB30001FDFDEB0001FDFDF50001FDFDFB0001FDFDF90001FDFDF50001FDFDEB0001FDFDF10001FDFDF900FDFDFD0001FDFDFD0001FDFDE700FDFDFD0001FDFD82008200F100F9FDED0009FDFD0000FDFD0000FDFD9B00F9FDFB0001FDFDFB0001FDFDF90001FDFDF50001FDFDEB0001FDFDF10001FDFDF90009FDFD0000FDFD0000FDFDFD00F9FDED0009FDFD0000FDFD0000FDFD82008200F100F9FDED0009FDFD0000FDFD0000FDFD9B00F9FDFB0001FDFDFB0001FDFDF90001FDFDF50001FDFDEB0001FDFDF10001FDFDF90009FDFD0000FDFD0000FDFDFD00F9FDED0009FDFD0000FDFD0000FDFD82008200F10001FDFDE70001FDFDFD00FDFDB30001FDFDEB0001FDFDF50001FDFDFB0001FDFDF90001FDFDF50001FDFDEB0001FDFDF10001FDFDF90001FDFDFD00FDFDFD0001FDFDE70001FDFDFD00FDFD82008200F10001FDFDE70001FDFDFD00FDFDB30001FDFDEB0001FDFDF50001FDFDFB0001FDFDF90001FDFDF50001FDFDEB0001FDFDF10001FDFDF90001FDFDFD00FDFDFD0001FDFDE70001FDFDFD00FDFD82008200F10001FDFDE70001FDFDFB0001FDFD9B0001FDFDF50001FDFDFB0001FDFDF90001FDFDF50001FDFDEB0001FDFDF10001FDFDF90001FDFDFB0001FDFDFD0001FDFDE70001FDFDFB0001FDFD82008200F10001FDFDE70001FDFDFB0001FDFD9B0001FDFDF50001FDFDFB0001FDFDF90001FDFDF50001FDFDEB0001FDFDF10001FDFDF90001FDFDFB0001FDFDFD0001FDFDE70001FDFDFB0001FDFD82008200F100F7FDEF0001FDFDFB0001FDFD9B00F7FDFD00F9FDF900FBFDF70001FDFDEB00F7FDFB00FBFDFB0001FDFDFB0001FDFDFD00F7FDEF0001FDFDFB0001FDFD82008200F100F7FDEF0001FDFDFB0001FDFD9B00F7FDFD00F9FDF900FBFDF70001FDFDEB00F7FDFB00FBFDFB0001FDFDFB0001FDFDFD00F7FDEF0001FDFDFB0001FDFD820082008200820082008200CD008200820082008200CD00F100F7FDED00FBFDFB00F7FDFD00F9FDB500F7FDFB00FBFDFB0001FDFDFB0001FDFDFD00F9FDEB00FBFDFB00F7FDFD00F9FDF900FBFDFB0001FDFDFB0001FDFDFB00F9FD82008200F100F7FDED00FBFDFB00F7FDFD00F9FDB500F7FDFB00FBFDFB0001FDFDFB0001FDFDFD00F9FDEB00FBFDFB00F7FDFD00F9FDF900FBFDFB0001FDFDFB0001FDFDFB00F9FD82008200F10001FDFDE70001FDFDFB0001FDFDF90001FDFDF90001FDFDFB0001FDFDB70001FDFDF10001FDFDF90001FDFDFB0001FDFDFD0001FDFDFB0001FDFDEF0001FDFDFB0001FDFDF90001FDFDF90001FDFDFB0001FDFDF90001FDFDF90001FDFDFB0001FDFDFD0001FDFD82008200F900F10001FDFDE70001FDFDFB0001FDFDF90001FDFDF90001FDFDFB0001FDFDB70001FDFDF10001FDFDF90001FDFDFB0001FDFDFD0001FDFDFB0001FDFDEF0001FDFDFB0001FDFDF90001FDFDF90001FDFDFB0001FDFDF90001FDFDF90001FDFDFB0001FDFDFD0001FDFD82008200F900F10001FDFDE70001FDFDF10001FDFDF90001FDFDFB0001FDFDCF0001FDFDEB0001FDFDF10001FDFDF900FDFDFD0001FDFDFD0001FDFDFB0001FDFDEF0001FDFDF10001FDFDF90001FDFDFB0001FDFDF90001FDFDF900FDFDFD0001FDFDFD0001FDFD82008200F900F10001FDFDE70001FDFDF10001FDFDF90001FDFDFB0001FDFDCF0001FDFDEB0001FDFDF10001FDFDF900FDFDFD0001FDFDFD0001FDFDFB0001FDFDEF0001FDFDF10001FDFDF90001FDFDFB0001FDFDF90001FDFDF900FDFDFD0001FDFDFD0001FDFD82008200F900F100F9FDEB00FBFDF70001FDFDF900F9FDB500F9FDF70001FDFDF90009FDFD0000FDFD0000FDFDFD0001FDFDFB0001FDFDED00FBFDF70001FDFDF900F9FDF70001FDFDF90009FDFD0000FDFD0000FDFDFD0001FDFD82008200F900F100F9FDEB00FBFDF70001FDFDF900F9FDB500F9FDF70001FDFDF90009FDFD0000FDFD0000FDFDFD0001FDFDFB0001FDFDED00FBFDF70001FDFDF900F9FDF70001FDFDF90009FDFD0000FDFD0000FDFDFD0001FDFD82008200F900F10001FDFDDF0001FDFDF90001FDFDF90005FDFD0000FDFDCB0001FDFDEB0001FDFDF10001FDFDF90001FDFDFD00FDFDFD0001FDFDFB0001FDFDE70001FDFDF90001FDFDF90005FDFD0000FDFDF50001FDFDF90001FDFDFD00FDFDFD0001FDFDFD00FDFD82008200F10001FDFDDF0001FDFDF90001FDFDF90005FDFD0000FDFDCB0001FDFDEB0001FDFDF10001FDFDF90001FDFDFD00FDFDFD0001FDFDFB0001FDFDE70001FDFDF90001FDFDF90005FDFD0000FDFDF50001FDFDF90001FDFDFD00FDFDFD0001FDFDFD00FDFD82008200F10001FDFDE70001FDFDFB0001FDFDF90001FDFDF90001FDFDFD0001FDFDB50001FDFDF10001FDFDF90001FDFDFB0001FDFDFD0001FDFDFB0001FDFDEF0001FDFDFB0001FDFDF90001FDFDF90001FDFDFD0001FDFDF70001FDFDF90001FDFDFB0001FDFDFD0001FDFDFB0001FDFD82008200F10001FDFDE70001FDFDFB0001FDFDF90001FDFDF90001FDFDFD0001FDFDB50001FDFDF10001FDFDF90001FDFDFB0001FDFDFD0001FDFDFB0001FDFDEF0001FDFDFB0001FDFDF90001FDFDF90001FDFDFD0001FDFDF70001FDFDF90001FDFDFB0001FDFDFD0001FDFDFB0001FDFD82008200F10001FDFDE500FBFDF70001FDFDF90001FDFDFB0001FDFDB70001FDFDF300FBFDFB0001FDFDFB0001FDFDFD00F9FDEB00FBFDF70001FDFDF90001FDFDFB0001FDFDFB00FBFDFB0001FDFDFB0001FDFDFB00F9FD82008200F10001FDFDE500FBFDF70001FDFDF90001FDFDFB0001FDFDB70001FDFDF300FBFDFB0001FDFDFB0001FDFDFD00F9FDEB00FBFDF70001FDFDF90001FDFDFB0001FDFDFB00FBFDFB0001FDFDFB0001FDFDFB00F9FD820082008200820082008200CD008200820082008200CD00F100F9FD8200FC00F9FDFB0001FDFDFB0001FDFDFD00F7FDFD00F7FDFD00F7FDFD00F9FDEB00FBFDFB00F7FDF90001FDFDF900F7FDFD0001FDFDFB0001FDFDFB00FBFD82009C00F100F9FD8200FC00F9FDFB0001FDFDFB0001FDFDFD00F7FDFD00F7FDFD00F7FDFD00F9FDEB00FBFDFB00F7FDF90001FDFDF900F7FDFD0001FDFDFB0001FDFDFB00FBFD82009C00F10001FDFDFB0001FDFD8200FE0001FDFDFB0001FDFDFD0001FDFDFB0001FDFDFD0001FDFDF50001FDFDF50001FDFDF50001FDFDFB0001FDFDEF0001FDFDFB0001FDFDF90001FDFDF70005FDFD0000FDFDF70001FDFDF90001FDFDFB0001FDFDFD0001FDFDFB0001FDFD82009E00F10001FDFDFB0001FDFD8200FE0001FDFDFB0001FDFDFD0001FDFDFB0001FDFDFD0001FDFDF50001FDFDF50001FDFDF50001FDFDFB0001FDFDEF0001FDFDFB0001FDFDF90001FDFDF70005FDFD0000FDFDF70001FDFDF90001FDFDFB0001FDFDFD0001FDFDFB0001FDFD82009E00F10001FDFDFB0001FDFD970001FDFDEB0001FDFDFB0001FDFDFD0001FDFDFB0001FDFDFD0001FDFDF50001FDFDF50001FDFDF50001FDFDFB0001FDFDEF0001FDFDF10001FDFDF90001FDFDFB0001FDFDF90001FDFDF90001FDFDFB0001FDFDFD0001FDFD82009600F10001FDFDFB0001FDFD970001FDFDEB0001FDFDFB0001FDFDFD0001FDFDFB0001FDFDFD0001FDFDF50001FDFDF50001FDFDF50001FDFDFB0001FDFDEF0001FDFDF10001FDFDF90001FDFDFB0001FDFDF90001FDFDF90001FDFDFB0001FDFDFD0001FDFD82009600F100F9FD8200FC00F9FDFB0001FDFDFB0001FDFDFD00F9FDFB00F9FDFB00F9FDFB00F9FDEB00FBFDF70001FDFDF90001FDFDFB0001FDFDF90001FDFDF90001FDFDFB0001FDFDFB00FBFD82009C00F100F9FD8200FC00F9FDFB0001FDFDFB0001FDFDFD00F9FDFB00F9FDFB00F9FDFB00F9FDEB00FBFDF70001FDFDF90001FDFDFB0001FDFDF90001FDFDF90001FDFDFB0001FDFDFB00FBFD82009C00F10001FDFDFB0001FDFD970001FDFDEB0001FDFDFB0001FDFDFD0001FDFDFB0001FDFDFD0001FDFDF50001FDFDF50001FDFDF50005FDFD0000FDFDE30001FDFDF90001FDFDF900F7FDF90001FDFDF90001FDFDFB0001FDFDF50001FDFD82009E00F10001FDFDFB0001FDFD970001FDFDEB0001FDFDFB0001FDFDFD0001FDFDFB0001FDFDFD0001FDFDF50001FDFDF50001FDFDF50005FDFD0000FDFDE30001FDFDF90001FDFDF900F7FDF90001FDFDF90001FDFDFB0001FDFDF50001FDFD82009E00F10001FDFDFB0001FDFD8200FE0001FDFDFB0001FDFDFD0001FDFDFB0001FDFDFD0001FDFDF50001FDFDF50001FDFDF50001FDFDFD0001FDFDED0001FDFDFB0001FDFDF90001FDFDF90001FDFDFB0001FDFDF90001FDFDF90001FDFDFB0001FDFDFD0001FDFDFB0001FDFD82009E00F10001FDFDFB0001FDFD8200FE0001FDFDFB0001FDFDFD0001FDFDFB0001FDFDFD0001FDFDF50001FDFDF50001FDFDF50001FDFDFD0001FDFDED0001FDFDFB0001FDFDF90001FDFDF90001FDFDFB0001FDFDF90001FDFDF90001FDFDFB0001FDFDFD0001FDFDFB0001FDFD82009E00F100F9FD8200FC00F9FDF900FBFDFB0001FDFDF50001FDFDF500F7FDFD0001FDFDFB0001FDFDED00FBFDF70001FDFDF90001FDFDFB0001FDFDF90001FDFDF700FBFDF900FBFD82009C00F100F9FD8200FC00F9FDF900FBFDFB0001FDFDF50001FDFDF500F7FDFD0001FDFDFB0001FDFDED00FBFDF70001FDFDF90001FDFDFB0001FDFDF90001FDFDF700FBFDF900FBFD82009C008200820082008200CD008200820082008200CD00F10001FDFDFB0001FDFD8200FC00FBFDFB0001FDFDF500F7FDF90001FDFDF900F9FDEB00FBFDF900FBFDFB00F9FDFB00F7FDFD00F7FDFD0001FDFDFB0001FDFD82009000F10001FDFDFB0001FDFD8200FC00FBFDFB0001FDFDF500F7FDF90001FDFDF900F9FDEB00FBFDF900FBFDFB00F9FDFB00F7FDFD00F7FDFD0001FDFDFB0001FDFD82009000F10001FDFDFB0001FDFD8200FE0001FDFDFB0001FDFDFD0001FDFDF50001FDFDF30005FDFD0000FDFDFB0001FDFDFB0001FDFDEF0001FDFDFB0001FDFDFD0001FDFDFB0001FDFDFD0001FDFDFB0001FDFDFD0001FDFDF50001FDFDF50001FDFDFB0001FDFD82009000F10001FDFDFB0001FDFD8200FE0001FDFDFB0001FDFDFD0001FDFDF50001FDFDF30005FDFD0000FDFDFB0001FDFDFB0001FDFDEF0001FDFDFB0001FDFDFD0001FDFDFB0001FDFDFD0001FDFDFB0001FDFDFD0001FDFDF50001FDFDF50001FDFDFB0001FDFD82009000F10001FDFDFB0001FDFD970001FDFDEB0001FDFDF50001FDFDF50001FDFDF50001FDFDFB0001FDFDFD0001FDFDFB0001FDFDEF0001FDFDF50001FDFDF50001FDFDFB0001FDFDFD0001FDFDF50001FDFDF500FDFDFD0001FDFD82009000F10001FDFDFB0001FDFD970001FDFDEB0001FDFDF50001FDFDF50001FDFDF50001FDFDFB0001FDFDFD0001FDFDFB0001FDFDEF0001FDFDF50001FDFDF50001FDFDFB0001FDFDFD0001FDFDF50001FDFDF500FDFDFD0001FDFD82009000F100F7FD8200FE0001FDFDF50001FDFDF500F9FDFB0001FDFDFB0001FDFDFD00F9FDEB00FBFDFB0001FDFDF500F9FDFB00F9FDFB00F9FDFB0009FDFD0000FDFD0000FDFD82009000F100F7FD8200FE0001FDFDF50001FDFDF500F9FDFB0001FDFDFB0001FDFDFD00F9FDEB00FBFDFB0001FDFDF500F9FDFB00F9FDFB00F9FDFB0009FDFD0000FDFD0000FDFD82009000F10001FDFDFB0001FDFD970001FDFDEB0001FDFDF50001FDFDF50001FDFDF500F7FDFD0005FDFD0000FDFDE30001FDFDFD0001FDFDF50005FDFD0000FDFDF90001FDFDF50001FDFDF50001FDFDFD00FDFD82009000F10001FDFDFB0001FDFD970001FDFDEB0001FDFDF50001FDFDF50001FDFDF500F7FDFD0005FDFD0000FDFDE30001FDFDFD0001FDFDF50005FDFD0000FDFDF90001FDFDF50001FDFDF50001FDFDFD00FDFD82009000F10001FDFDFB0001FDFD8200FE0001FDFDFB0001FDFDFD0001FDFDF50001FDFDF50001FDFDFB0001FDFDFD0001FDFDFD0001FDFDED0001FDFDFB0001FDFDFD0001FDFDFB0001FDFDFD0001FDFDFD0001FDFDFB0001FDFDF50001FDFDF50001FDFDFB0001FDFD82009000F10001FDFDFB0001FDFD8200FE0001FDFDFB0001FDFDFD0001FDFDF50001FDFDF50001FDFDFB0001FDFDFD0001FDFDFD0001FDFDED0001FDFDFB0001FDFDFD0001FDFDFB0001FDFDFD0001FDFDFD0001FDFDFB0001FDFDF50001FDFDF50001FDFDFB0001FDFD82009000F10001FDFDFB0001FDFD8200FC00FBFDFB00F7FDFD00F7FDFD0001FDFDFB0001FDFDFD0001FDFDFB0001FDFDED00FBFDF900FBFDFB0001FDFDFB0001FDFDFD00F7FDFD00F7FDFD0001FDFDFB0001FDFD82009000F10001FDFDFB0001FDFD8200FC00FBFDFB00F7FDFD00F7FDFD0001FDFDFB0001FDFDFD0001FDFDFB0001FDFDED00FBFDF900FBFDFB0001FDFDFB0001FDFDFD00F7FDFD00F7FDFD0001FDFDFB0001FDFD820090008200820082008200CD008200820082008200CD00EF00FBFD8200FC0001FDFDFB0001FDFDFD00F7FDFD0001FDFDF500F9FD820082009D00EF00FBFD8200FC0001FDFDFB0001FDFDFD00F7FDFD0001FDFDF500F9FD820082009D00F10001FDFDFB0001FDFD8200FE0001FDFDFB0001FDFDFD0001FDFDF50001FDFDF50001FDFDFB0001FDFD820082009F00F10001FDFDFB0001FDFD8200FE0001FDFDFB0001FDFDFD0001FDFDF50001FDFDF50001FDFDFB0001FDFD820082009F00EB0001FDFD950001FDFDEB0001FDFDFB0001FDFDFD0001FDFDF50001FDFDF50001FDFDFB0001FDFD820082009F00EB0001FDFD950001FDFDEB0001FDFDFB0001FDFDFD0001FDFDF50001FDFDF50001FDFDFB0001FDFD820082009F00ED0001FDFD8200FA00F7FDFD00F9FDFB0001FDFDF500F9FD820082009D00ED0001FDFD8200FA00F7FDFD00F9FDFB0001FDFDF500F9FD820082009D00ED0001FDFD930001FDFDEB0001FDFDFB0001FDFDFD0001FDFDF50001FDFDF50001FDFD820082009700ED0001FDFD930001FDFDEB0001FDFDFB0001FDFDFD0001FDFDF50001FDFDF50001FDFD8200820097008200E40001FDFDFB0001FDFDFD0001FDFDF50001FDFDF50001FDFD8200820097008200E40001FDFDFB0001FDFDFD0001FDFDF50001FDFDF50001FDFD820082009700ED0001FDFD8200FA0001FDFDFB0001FDFDFD00F7FDFD00F7FDFD0001FDFD820082009700ED0001FDFD8200FA0001FDFDFB0001FDFDFD00F7FDFD00F7FDFD0001FDFD8200820097008200820082008200CD008200820082008200CD00EF00FBFD8200FA00FBFDFB0001FDFDFB0001FDFDFB00FBFDFB00F7FD820082009F00EF00FBFD8200FA00FBFDFB0001FDFDFB0001FDFDFB00FBFDFB00F7FD820082009F00F10001FDFDFB0001FDFD8200FE0001FDFDFB0001FDFDFD0001FDFDFB0001FDFDF90001FDFDF50001FDFD820082009B00F10001FDFDFB0001FDFD8200FE0001FDFDFB0001FDFDFD0001FDFDFB0001FDFDF90001FDFDF50001FDFD820082009B00F10001FDFDFB0001FDFD970001FDFDEB0001FDFDFB0001FDFDFD0001FDFDFB0001FDFDF90001FDFDF50001FDFD820082009B00F10001FDFDFB0001FDFD970001FDFDEB0001FDFDFB0001FDFDFD0001FDFDFB0001FDFDF90001FDFDF50001FDFD820082009B00F10001FDFDFB0001FDFD8200FE0001FDFDFB0001FDFDFD0001FDFDFB0001FDFDF90001FDFDF50001FDFD820082009B00F10001FDFDFB0001FDFD8200FE0001FDFDFB0001FDFDFD0001FDFDFB0001FDFDF90001FDFDF50001FDFD820082009B00F10009FDFD0000FDFD0000FDFD970001FDFDEB0009FDFD0000FDFD0000FDFDFD0001FDFDFB0001FDFDF90001FDFDF50001FDFD820082009B00F10009FDFD0000FDFD0000FDFD970001FDFDEB0009FDFD0000FDFD0000FDFDFD0001FDFDFB0001FDFDF90001FDFDF50001FDFD820082009B00F10001FDFDFD0001FDFD8200FC0001FDFDFD0001FDFDFB0001FDFDFB0001FDFDF90001FDFDF50001FDFD820082009B00F10001FDFDFD0001FDFD8200FC0001FDFDFD0001FDFDFB0001FDFDFB0001FDFDF90001FDFDF50001FDFD820082009B00EF00FDFD030000FDFD8200FC00FDFD030000FDFDFB00FBFDF900FBFDF70001FDFD820082009B00EF00FDFD030000FDFD8200FC00FDFD030000FDFDFB00FBFDF900FBFDF70001FDFD820082009B008200820082008200CD008200820082008200CD008200820082008200CD008200820082008200CD008200820082008200CD008200820082008200CD008200820082008200CD008200820082008200CD008200820082008200CD008200820082008200CD008200820082008200CD008200820082008200CD008200820082008200CD008200820082008200CD008200820082008200CD008200820082008200CD008200820082008200CD008200820082008200CD00010000F9FDFB00F7FDFD00F9FDFB0001FDFDFB0001FDFDFB00F9FDED00FBFDF900FBFDFB0001FDFDFB0001FDFDFD0001FDFDFB0001FDFDF90001FDFDF90001FDFDFB0001FDFDFD00F9FDF900FBFDF90001FDFD820082009900010000F9FDFB00F7FDFD00F9FDFB0001FDFDFB0001FDFDFB00F9FDED00FBFDF900FBFDFB0001FDFDFB0001FDFDFD0001FDFDFB0001FDFDF90001FDFDF90001FDFDFB0001FDFDFD00F9FDF900FBFDF90001FDFD820082009900030000FDFDFB0001FDFDFD0001FDFDF50001FDFDFB0001FDFDFD0001FDFDFB0001FDFDFD0001FDFDE70001FDFDFB0001FDFDFD0001FDFDFB0001FDFDFD00FDFD010000FDFDFD00FDFD010000FDFDFB0005FDFD0000FDFDFB0001FDFDFB0001FDFDFD0001FDFDFB0001FDFDFD0001FDFDFB0001FDFDF90001FDFDF90009FDFD0000FDFD0000FDFD82008200AD00030000FDFDFB0001FDFDFD0001FDFDF50001FDFDFB0001FDFDFD0001FDFDFB0001FDFDFD0001FDFDE70001FDFDFB0001FDFDFD0001FDFDFB0001FDFDFD00FDFD010000FDFDFD00FDFD010000FDFDFB0005FDFD0000FDFDFB0001FDFDFB0001FDFDFD0001FDFDFB0001FDFDFD0001FDFDFB0001FDFDF90001FDFDF90009FDFD0000FDFD0000FDFD82008200AD00030000FDFDFB0001FDFDFD0001FDFDF50001FDFDFB0001FDFDFD0001FDFDFB0001FDFDFD0001FDFDE70001FDFDF50001FDFDFB0001FDFDFD0009FDFD0000FDFD0000FDFDFD0009FDFD0000FDFD0000FDFDFD0001FDFDFB0001FDFDFD00FDFDFD0001FDFDFD0001FDFDFB0001FDFDFD0001FDFDEF0001FDFDF90005FDFD0000FDFD82008200AB00030000FDFDFB0001FDFDFD0001FDFDF50001FDFDFB0001FDFDFD0001FDFDFB0001FDFDFD0001FDFDE70001FDFDF50001FDFDFB0001FDFDFD0009FDFD0000FDFD0000FDFDFD0009FDFD0000FDFD0000FDFDFD0001FDFDFB0001FDFDFD00FDFDFD0001FDFDFD0001FDFDFB0001FDFDFD0001FDFDEF0001FDFDF90005FDFD0000FDFD82008200AB00030000FDFDFB0001FDFDFD00F9FDFB00F9FDFB0001FDFDFB0001FDFDFD0001FDFDE70001FDFDF50001FDFDFB0001FDFDFD0009FDFD0000FDFD0000FDFDFD0009FDFD0000FDFD0000FDFDFD0001FDFDFB0001FDFDFD0009FDFD0000FDFD0000FDFDFD0001FDFDFB0001FDFDFB00FBFDF30001FDFDFD0009FDFD0000FDFD0000FDFD82008200AD00030000FDFDFB0001FDFDFD00F9FDFB00F9FDFB0001FDFDFB0001FDFDFD0001FDFDE70001FDFDF50001FDFDFB0001FDFDFD0009FDFD0000FDFD0000FDFDFD0009FDFD0000FDFD0000FDFDFD0001FDFDFB0001FDFDFD0009FDFD0000FDFD0000FDFDFD0001FDFDFB0001FDFDFB00FBFDF30001FDFDFD0009FDFD0000FDFD0000FDFD82008200AD00030000FDFDFB0001FDFDFD0001FDFDF50001FDFDFB0001FDFDFD0001FDFDFB0001FDFDFD0001FDFDFD00FDFDEF0001FDFDF50001FDFDFB0001FDFDFD0001FDFDFB0001FDFDFD0001FDFDFB0001FDFDFD00F7FDFD0001FDFDFD00FDFDFD0001FDFDFB0001FDFDF50001FDFDF70001FDFDF90005FDFD0000FDFD82008200AB00030000FDFDFB0001FDFDFD0001FDFDF50001FDFDFB0001FDFDFD0001FDFDFB0001FDFDFD0001FDFDFD00FDFDEF0001FDFDF50001FDFDFB0001FDFDFD0001FDFDFB0001FDFDFD0001FDFDFB0001FDFDFD00F7FDFD0001FDFDFD00FDFDFD0001FDFDFB0001FDFDF50001FDFDF70001FDFDF90005FDFD0000FDFD82008200AB00030000FDFDFB0001FDFDFD0001FDFDF50001FDFDFB0001FDFDFD0001FDFDFB0001FDFDFD0001FDFDFB0001FDFDEF0001FDFDFB0001FDFDFD0001FDFDFB0001FDFDFD0001FDFDFB0001FDFDFD0001FDFDFB0001FDFDFD0001FDFDFB0001FDFDFD0001FDFDFB0001FDFDFD0001FDFDFB0001FDFDFD0001FDFDFB0001FDFDF90001FDFDF90009FDFD0000FDFD0000FDFD82008200AD00030000FDFDFB0001FDFDFD0001FDFDF50001FDFDFB0001FDFDFD0001FDFDFB0001FDFDFD0001FDFDFB0001FDFDEF0001FDFDFB0001FDFDFD0001FDFDFB0001FDFDFD0001FDFDFB0001FDFDFD0001FDFDFB0001FDFDFD0001FDFDFB0001FDFDFD0001FDFDFB0001FDFDFD0001FDFDFB0001FDFDFD0001FDFDFB0001FDFDF90001FDFDF90009FDFD0000FDFD0000FDFD82008200AD00010000F9FDFB00F7FDFD00F9FDF900FBFDF900F9FDED00FBFDF900FBFDFB0001FDFDFB0001FDFDFD0001FDFDFB0001FDFDFD0001FDFDFB0001FDFDFD0001FDFDFB0001FDFDFD00F9FDF900FBFDF90001FDFD820082009900010000F9FDFB00F7FDFD00F9FDF900FBFDF900F9FDED00FBFDF900FBFDFB0001FDFDFB0001FDFDFD0001FDFDFB0001FDFDFD0001FDFDFB0001FDFDFD0001FDFDFB0001FDFDFD00F9FDF900FBFDF90001FDFD8200820099008200820082008200CD008200820082008200CD00FB00FB99F900FB99EB00FB99FD00F799EF00F799FB00FB99EB00FB99F900FB99E700019999F700FB99820082009100FB00FB99F900FB99EB00FB99FD00F799EF00F799FB00FB99EB00FB99F900FB99E700019999F700FB99820082009100FD00019999F500019999E700019999F700019999DF00019999FD00019999FB00019999EF00019999FB00019999FD00019999FB00019999EB00FD99F900019999820082008B00FD00019999F500019999E700019999F700019999DF00019999FD00019999FB00019999EF00019999FB00019999FD00019999FB00019999EB00FD99F900019999820082008B000300009999F500019999E700019999F500F999E700019999F300019999E700019999FD00019999FD00FD99ED0005999900009999FB000199998200820089000300009999F500019999E700019999F500F999E700019999F300019999E700019999FD00019999FD00FD99ED0005999900009999FB00019999820082008900010000F999FB00F999ED00F999F300019999EB00019999F500FD99E900FD99FB000999990000999900009999EF00019999FD00019999FB00F999820082008F00010000F999FB00F999ED00F999F300019999EB00019999F500FD99E900FD99FB000999990000999900009999EF00019999FD00019999FB00F999820082008F000300009999FB00019999FD00019999FB00019999EF00019999FB00019999F500019999ED00019999F500019999E700019999F700FD99FD00019999EF00F799FD00019999FB000199998200820091000300009999FB00019999FD00019999FB00019999EF00019999FB00019999F500019999ED00019999F500019999E700019999F700FD99FD00019999EF00F799FD00019999FB000199998200820091000300009999FB00019999FD00019999FB00019999EF00019999FB00019999FD00019999FB00019999ED00019999F700019999E700019999F500019999FB00019999E900019999FB00019999FB000199998200820091000300009999FB00019999FD00019999FB00019999EF00019999FB00019999FD00019999FB00019999ED00019999F700019999E700019999F500019999FB00019999E900019999FB00019999FB00019999820082009100FD00FB99F900FB99EB00FB99F900FB99EB00019999F700F799EF00F799FB00FB99E700019999F900FB99820082008F00FD00FB99F900FB99EB00FB99F900FB99EB00019999F700F799EF00F799FB00FB99E700019999F900FB99820082008F008200820082008200CD008200820082008200CD008200820082008200CD008200820082008200CD008200820082008200CD008200820082008200CD008200820082008200CD008200820082008200CD008200820082008200CD008200820082008200CD008200820082008200CD008200820082008200CD008200820082008200CD008200820082008200CD008200820082008200CD008200820082008200CD008200820082008200CD008200820082008200CD00FB00019999F700FB99FB00F999FB00F999F900FB99DF00F799FD00F799EB00FB99FB00FB99E900FB99FB00FB99EB00FB99FB00F999EB00FB99F900FB99E700019999FB00F799EF00F799FB00FB99ED00F799FB00FB99E900FB99FD00F799EF00F799FB00FB99ED00F799F900019999ED00FB00019999F700FB99FB00F999FB00F999F900FB99DF00F799FD00F799EB00FB99FB00FB99E900FB99FB00FB99EB00FB99FB00F999EB00FB99F900FB99E700019999FB00F799EF00F799FB00FB99ED00F799FB00FB99E900FB99FD00F799EF00F799FB00FB99ED00F799F900019999ED000B000099990000999900009999FD00019999FB00019999FD00019999FB00019999FD00019999FB00019999FD00019999FB00019999D900019999FD00019999E500019999F700019999FB00019999ED00019999F700019999FB00019999EF00019999FB00019999FD00019999FB00019999EF00019999FB00019999FD00019999FB00019999EB00FD99FB00019999DF00019999FD00019999FB00019999E700019999FD00019999FB00019999ED00019999F700019999DF00019999FD00019999FB00019999E700019999FB0005999900009999EF000B000099990000999900009999FD00019999FB00019999FD00019999FB00019999FD00019999FB00019999FD00019999FB00019999D900019999FD00019999E500019999F700019999FB00019999ED00019999F700019999FB00019999EF00019999FB00019999FD00019999FB00019999EF00019999FB00019999FD00019999FB00019999EB00FD99FB00019999DF00019999FD00019999FB00019999E700019999FD00019999FB00019999ED00019999F700019999DF00019999FD00019999FB00019999E700019999FB0005999900009999EF00FD00FB99F300019999FD00019999FB00019999FD00019999FB00019999FD00019999FD00FD99F900019999E500019999FB00F999ED00019999F500019999E700019999F500019999E700019999FD00FD99FD00019999FB00019999EF00019999FD00FD99FD00019999FD00FD99ED0005999900009999FB00F999E700019999F300019999E900019999F300019999EF00019999F500019999E100019999F300019999E900019999FB00019999FB00019999F100FD00FB99F300019999FD00019999FB00019999FD00019999FB00019999FD00019999FD00FD99F900019999E500019999FB00F999ED00019999F500019999E700019999F500019999E700019999FD00FD99FD00019999FB00019999EF00019999FD00FD99FD00019999FD00FD99ED0005999900009999FB00F999E700019999F300019999E900019999F300019999EF00019999F500019999E100019999F300019999E900019999FB00019999FB00019999F100FB00019999F500FD99FB00019999FB00019999FD00F999FB000999990000999900009999DD00019999F100019999EF00F999FB00019999E700F999FB00019999E7000999990000999900009999FD00019999FB00019999EF000999990000999900009999FD000999990000999900009999EF00019999FD00019999F300019999EB00019999F500FD99E900019999F500FD99ED00F999FB00F999E900019999F500FD99E900FD99FB00019999FB00019999F100FB00019999F500FD99FB00019999FB00019999FD00F999FB000999990000999900009999DD00019999F100019999EF00F999FB00019999E700F999FB00019999E7000999990000999900009999FD00019999FB00019999EF000999990000999900009999FD000999990000999900009999EF00019999FD00019999F300019999EB00019999F500FD99E900019999F500FD99ED00F999FB00F999E900019999F500FD99E900FD99FB00019999FB00019999F100FD00FB99F900019999F700019999FB00019999FD00019999FB00019999FD00FD99FD00019999F900019999E900019999EF00019999EF00019999FB00019999FD00019999E700019999FB00019999FD00019999E700FD99FD00019999FD00019999FB00019999EF00FD99FD00019999FD00FD99FD00019999EF00F799F500019999ED00019999F500019999E700019999F500019999E900019999FB00019999FD00019999E500019999F500019999E100019999FD00F799F100FD00FB99F900019999F700019999FB00019999FD00019999FB00019999FD00FD99FD00019999F900019999E900019999EF00019999EF00019999FB00019999FD00019999E700019999FB00019999FD00019999E700FD99FD00019999FD00019999FB00019999EF00FD99FD00019999FD00FD99FD00019999EF00F799F500019999ED00019999F500019999E700019999F500019999E900019999FB00019999FD00019999E500019999F500019999E100019999FD00F799F1000B000099990000999900009999FD00019999F500019999FB00019999FD00019999FB00019999FD00019999FB00019999DF00019999F700019999FB00019999EF00019999FB00019999FD00019999FB00019999EF00019999FB00019999FD00019999FB00019999EF00019999FB00019999FD00019999FB00019999EF00019999FB00019999FD00019999FB00019999E900019999FB00019999FB00019999ED00019999F700019999E500019999F700019999E700019999FB00019999FD00019999E500019999F700019999E700019999FB00019999FD00019999FB00019999F1000B000099990000999900009999FD00019999F500019999FB00019999FD00019999FB00019999FD00019999FB00019999DF00019999F700019999FB00019999EF00019999FB00019999FD00019999FB00019999EF00019999FB00019999FD00019999FB00019999EF00019999FB00019999FD00019999FB00019999EF00019999FB00019999FD00019999FB00019999E900019999FB00019999FB00019999ED00019999F700019999E500019999F700019999E700019999FB00019999FD00019999E500019999F700019999E700019999FB00019999FD00019999FB00019999F100FB00019999F900F799FD00F999FB00F999F900FB99DD00019999F500FB99EB00FB99F900FB99EB00FB99F900FB99EB00FB99FB00F999EB00FB99F900FB99E700019999F900FB99EB00019999F700F799ED00019999F700F799ED00FB99FB00019999E500019999F700F799ED00FB99FB00019999FB00019999F100FB00019999F900F799FD00F999FB00F999F900FB99DD00019999F500FB99EB00FB99F900FB99EB00FB99F900FB99EB00FB99FB00F999EB00FB99F900FB99E700019999F900FB99EB00019999F700F799ED00019999F700F799ED00FB99FB00019999E500019999F700F799ED00FB99FB00019999FB00019999F1008200820082008200CD008200820082008200CD00FD00FB99F900FB99ED00F799F700019999E900FB99FD00F799EB00FB99FD00F799ED00FB99F900FB99820082008F00FD00FB99F900FB99ED00F799F700019999E900FB99FD00F799EB00FB99FD00F799ED00FB99F900FB99820082008F000300009999FB00019999FD00019999FB00019999EF00019999F100FD99EB00019999F700019999E500019999F700019999E700019999FB00019999FD00019999FB000199998200820091000300009999FB00019999FD00019999FB00019999EF00019999F100FD99EB00019999F700019999E500019999F700019999E700019999FB00019999FD00019999FB00019999820082009100F700019999FD00019999FD00FD99EF00F999F90005999900009999ED00019999F500019999E700019999F500019999DF00019999FD00019999FD00FD99820082009100F700019999FD00019999FD00FD99EF00F999F90005999900009999ED00019999F500019999E700019999F500019999DF00019999FD00019999FD00FD99820082009100FB00FD99FB000999990000999900009999E700019999FD00019999FD00019999ED00F999FB00F999ED00F999FB00F999E900FD99FB000999990000999900009999820082009100FB00FD99FB000999990000999900009999E700019999FD00019999FD00019999ED00F999FB00F999ED00F999FB00F999E900FD99FB000999990000999900009999820082009100FD00019999F700FD99FD00019999E700019999FD00F799EF00019999FB00019999FD00019999E700019999FB00019999FD00019999E500019999F700FD99FD00019999820082009100FD00019999F700FD99FD00019999E700019999FD00F799EF00019999FB00019999FD00019999E700019999FB00019999FD00019999E500019999F700FD99FD000199998200820091000300009999F500019999FB00019999EF00019999FB00019999F700019999ED00019999FB00019999FD00019999E700019999FB00019999FD00019999E700019999F500019999FB000199998200820091000300009999F500019999FB00019999EF00019999FB00019999F700019999ED00019999FB00019999FD00019999E700019999FB00019999FD00019999E700019999F500019999FB00019999820082009100010000F799FB00FB99EB00FB99F500019999EB00FB99FB00019999E500FB99FB00019999E700F799FB00FB99820082008F00010000F799FB00FB99EB00FB99F500019999EB00FB99FB00019999E500FB99FB00019999E700F799FB00FB99820082008F008200820082008200CD008200820082008200CD008200820082008200CD008200820082008200CD008200820082008200CD008200820082008200CD008200820082008200CD008200820082008200CD008200820082008200CD008200820082008200CD008200820082008200CD008200820082008200CD008200820082008200CD008200820082008200CD008200820082008200CD008200820082008200CD008200820082008200CD008200820082008200CD00FB00019999F700FB99FB00F999F900FB99F900FB99D900019999FB00F999E900FB99F900019999E700FB99FD00F799EF00F799FB00FB99EB00FB99F900FB99E700019999F900FB99E900FB99FB00FB99E900FB99FD00F799EB00FB99FD00F799EF00F799FD00F799ED00FB99FB00F999EF00FB00019999F700FB99FB00F999F900FB99F900FB99D900019999FB00F999E900FB99F900019999E700FB99FD00F799EF00F799FB00FB99EB00FB99F900FB99E700019999F900FB99E900FB99FB00FB99E900FB99FD00F799EB00FB99FD00F799EF00F799FD00F799ED00FB99FB00F999EF000B000099990000999900009999FD00019999FB00019999FD00019999FB00019999FD00019999FB00019999FD00019999FB00019999DD00FD99FB00019999FB00019999ED00019999F500FD99E900019999F700019999DF00019999FD00019999FB00019999EF00019999FB00019999FD00019999FB00019999EB00FD99FB00019999FB00019999ED00019999F700019999FB00019999ED00019999F700019999E500019999F700019999DF00019999F500019999EF00019999FB00019999FD00019999FB00019999F1000B000099990000999900009999FD00019999FB00019999FD00019999FB00019999FD00019999FB00019999FD00019999FB00019999DD00FD99FB00019999FB00019999ED00019999F500FD99E900019999F700019999DF00019999FD00019999FB00019999EF00019999FB00019999FD00019999FB00019999EB00FD99FB00019999FB00019999ED00019999F700019999FB00019999ED00019999F700019999E500019999F700019999DF00019999F500019999EF00019999FB00019999FD00019999FB00019999F100FD00FB99F300019999FD00019999FB00019999FD00019999F500019999FD00FD99F900019999E90005999900009999FB00019999FB00019999EF00019999F100019999EB00019999F500019999E100019999FB00019999FB00019999E700019999FD00019999FD00FD99ED0005999900009999FB00019999E700019999F500019999FB00019999EF00019999F500019999E700019999F500F999E700019999F500019999ED00019999FD00FD99FD00019999FB00019999F100FD00FB99F300019999FD00019999FB00019999FD00019999F500019999FD00FD99F900019999E90005999900009999FB00019999FB00019999EF00019999F100019999EB00019999F500019999E100019999FB00019999FB00019999E700019999FD00019999FD00FD99ED0005999900009999FB00019999E700019999F500019999FB00019999EF00019999F500019999E700019999F500F999E700019999F500019999ED00019999FD00FD99FD00019999FB00019999F100FB00019999F500FD99FB00019999FB00019999FD00019999F5000999990000999900009999E100019999FD00019999FB00019999FB00019999EF00F999F700019999EB00F999FB00F999E900019999F700F999EB00FD99FB000999990000999900009999EF00019999FD00019999FB00019999E700F999F900F999EF00F999FB00F999ED00F999F300019999EB00019999F500FD99ED000999990000999900009999FD00019999FB00019999F100FB00019999F500FD99FB00019999FB00019999FD00019999F5000999990000999900009999E100019999FD00019999FB00019999FB00019999EF00F999F700019999EB00F999FB00F999E900019999F700F999EB00FD99FB000999990000999900009999EF00019999FD00019999FB00019999E700F999F900F999EF00F999FB00F999ED00F999F300019999EB00019999F500FD99ED000999990000999900009999FD00019999FB00019999F100FD00FB99F900019999F700019999FB00019999FD00019999F500FD99FD00019999F900019999EB00F799FD00019999FB00019999EF00019999FB00019999F900019999EB00019999FB00019999FD00019999E500019999EF00019999ED00019999F700FD99FD00019999EF00F799FD00019999E700019999FB00019999F500019999EF00019999FB00019999FD00019999E700019999FB00019999F500019999ED00019999EF00019999EF00FD99FD00019999FD00019999FB00019999F100FD00FB99F900019999F700019999FB00019999FD00019999F500FD99FD00019999F900019999EB00F799FD00019999FB00019999EF00019999FB00019999F900019999EB00019999FB00019999FD00019999E500019999EF00019999ED00019999F700FD99FD00019999EF00F799FD00019999E700019999FB00019999F500019999EF00019999FB00019999FD00019999E700019999FB00019999F500019999ED00019999EF00019999EF00FD99FD00019999FD00019999FB00019999F1000B000099990000999900009999FD00019999F500019999FB00019999FD00019999FB00019999FD00019999FB00019999DB00019999FB00019999FB00019999EF00019999FB00019999F900019999EB00019999FB00019999FD00019999E500019999F100019999ED00019999F500019999FB00019999E900019999FB00019999FB00019999EF00019999FB00019999F700019999ED00019999FB00019999FD00019999E700019999FB00019999FD00019999FB00019999ED00019999F700019999FB00019999EF00019999FB00019999FD00019999FB00019999F1000B000099990000999900009999FD00019999F500019999FB00019999FD00019999FB00019999FD00019999FB00019999DB00019999FB00019999FB00019999EF00019999FB00019999F900019999EB00019999FB00019999FD00019999E500019999F100019999ED00019999F500019999FB00019999E900019999FB00019999FB00019999EF00019999FB00019999F700019999ED00019999FB00019999FD00019999E700019999FB00019999FD00019999FB00019999ED00019999F700019999FB00019999EF00019999FB00019999FD00019999FB00019999F100FB00019999F900F799FD00F999F900FB99F900FB99D900019999FB00F999EB00FB99F900FB99EB00FB99FB00F799ED00019999F700FB99EB00F799FB00FB99E700019999F900FB99EB00FB99FB00FB99E900FB99FB00F799ED00FB99F900FB99EB00019999F500FB99EB00FB99FB00F999EF00FB00019999F900F799FD00F999F900FB99F900FB99D900019999FB00F999EB00FB99F900FB99EB00FB99FB00F799ED00019999F700FB99EB00F799FB00FB99E700019999F900FB99EB00FB99FB00FB99E900FB99FB00F799ED00FB99F900FB99EB00019999F500FB99EB00FB99FB00F999EF008200820082008200CD008200820082008200CD00FD00FB99F900FB998200820082008200E500FD00FB99F900FB998200820082008200E5000300009999FB00019999FD00019999FB000199998200820082008200E7000300009999FB00019999FD00019999FB000199998200820082008200E7000300009999FD00FD99FD00019999FD00FD998200820082008200E7000300009999FD00FD99FD00019999FD00FD998200820082008200E7000B000099990000999900009999FD0009999900009999000099998200820082008200E7000B000099990000999900009999FD0009999900009999000099998200820082008200E700010000FD99FD00019999FD00FD99FD000199998200820082008200E700010000FD99FD00019999FD00FD99FD000199998200820082008200E7000300009999FB00019999FD00019999FB000199998200820082008200E7000300009999FB00019999FD00019999FB000199998200820082008200E700FD00FB99F900FB998200820082008200E500FD00FB99F900FB998200820082008200E5008200820082008200CD008200820082008200CD008200820082008200CD008200820082008200CD008200820082008200CD008200820082008200CD008200820082008200CD008200820082008200CD008200820082008200CD008200820082008200CD008200820082008200CD008200820082008200CD008200820082008200CD008200820082008200CD008200820082008200CD008200820082008200CD008200820082008200CD008200820082008200CD00FB00019999F700FB99F900FB99F900FB99F900FB99F900F999820082008200A000FB00019999F700FB99F900FB99F900FB99F900FB99F900F999820082008200A0000B000099990000999900009999FD00019999FB00019999FD00019999FB00019999FD00019999FB00019999FD00019999FB00019999FD0001999982008200820098000B000099990000999900009999FD00019999FB00019999FD00019999FB00019999FD00019999FB00019999FD00019999FB00019999FD000199998200820082009800FD00FB99F300019999FD00019999FD00FD99FD00019999FD00FD99FD00019999FD00FD99FD000199998200820082009800FD00FB99F300019999FD00019999FD00FD99FD00019999FD00FD99FD00019999FD00FD99FD000199998200820082009800FB00019999F500FD99FB000999990000999900009999FD000999990000999900009999FD000999990000999900009999FD000199998200820082009800FB00019999F500FD99FB000999990000999900009999FD000999990000999900009999FD000999990000999900009999FD000199998200820082009800FD00FB99F900019999F700FD99FD00019999FD00FD99FD00019999FD00FD99FD00019999FD00019999FD00FD99820082008200A000FD00FB99F900019999F700FD99FD00019999FD00FD99FD00019999FD00FD99FD00019999FD00019999FD00FD99820082008200A0000B000099990000999900009999FD00019999F500019999FB00019999FD00019999FB00019999FD00019999FB00019999FD00019999FB00019999820082008200A0000B000099990000999900009999FD00019999F500019999FB00019999FD00019999FB00019999FD00019999FB00019999FD00019999FB00019999820082008200A000FB00019999F900F799FB00FB99F900FB99F900FB99F900F999820082008200A000FB00019999F900F799FB00FB99F900FB99F900FB99F900F999820082008200A0008200820082008200CD008200820082008200CD000300009999FB00019999FB00FB99FB00019999FB00019999FB00FB99FB00F799FD00F999E900019999E700019999820082008200D4000300009999FB00019999FB00FB99FB00019999FB00019999FB00FB99FB00F799FD00F999E900019999E700019999820082008200D400010000FD99010000FD99F900019999F900019999FB00019999F900019999F900019999F500019999FB00019999ED00FD99E900FD99820082008200D400010000FD99010000FD99F900019999F900019999FB00019999F900019999F900019999F500019999FB00019999ED00FD99E900FD99820082008200D4000B000099990000999900009999F900019999F900FD99FD00019999F900019999F900019999F500019999FB00019999EB00019999E700019999820082008200D4000B000099990000999900009999F900019999F900FD99FD00019999F900019999F900019999F500019999FB00019999EB00019999E700019999820082008200D4000B000099990000999900009999F900019999F9000999990000999900009999F900019999F900F999FB00019999FB00019999EB00019999E700019999820082008200D4000B000099990000999900009999F900019999F9000999990000999900009999F900019999F900F999FB00019999FB00019999EB00019999E700019999820082008200D4000300009999FB00019999F900019999F900019999FD00FD99F900019999F900019999F500019999FB00019999EB00019999E700019999820082008200D4000300009999FB00019999F900019999F900019999FD00FD99F900019999F900019999F500019999FB00019999EB00019999E700019999820082008200D4000300009999FB00019999F900019999F900019999FB00019999F900019999F900019999F500019999FB00019999EB00019999E700019999820082008200D4000300009999FB00019999F900019999F900019999FB00019999F900019999F900019999F500019999FB00019999EB00019999E700019999820082008200D4000300009999FB00019999FB00FB99FB00019999FB00019999FB00FB99FB00F799FD00F999EB00FB99F700019999F700FB99820082008200D6000300009999FB00019999FB00FB99FB00019999FB00019999FB00FB99FB00F799FD00F999EB00FB99F700019999F700FB99820082008200D6008200820082008200CD008200820082008200CD00FD00019999F500FB998200820082008200E500FD00019999F500FB998200820082008200E500FB00019999F900019999FB000199998200820082008200E700FB00019999F900019999FB000199998200820082008200E700F900019999F5000199998200820082008200E500F900019999F5000199998200820082008200E500F700019999F9000199998200820082008200E300F700019999F9000199998200820082008200E300F900019999F7000199998200820082008200E300F900019999F7000199998200820082008200E300FB000199998200820082008200D500FB000199998200820082008200D500FD00019999F3000199998200820082008200E300FD00019999F3000199998200820082008200E3008200820082008200CD008200820082008200CD00FD00FB99F900FB99FB00019999FB00019999FD00019999FB00019999F900019999F900019999FB00019999FD00F999F900FB99820082008200BA00FD00FB99F900FB99FB00019999FB00019999FD00019999FB00019999F900019999F900019999FB00019999FD00F999F900FB99820082008200BA000300009999FB00019999FD00019999FB00019999FD00FD99010000FD99FD00FD99010000FD99FB0005999900009999FB00019999FB00019999FD00019999FB00019999FD00019999FB00019999820082008200BC000300009999FB00019999FD00019999FB00019999FD00FD99010000FD99FD00FD99010000FD99FB0005999900009999FB00019999FB00019999FD00019999FB00019999FD00019999FB00019999820082008200BC000300009999F500019999FB00019999FD000999990000999900009999FD000999990000999900009999FD00019999FB00019999FD00FD99FD00019999FD00019999FB00019999FD00019999F100019999820082008200C6000300009999F500019999FB00019999FD000999990000999900009999FD000999990000999900009999FD00019999FB00019999FD00FD99FD00019999FD00019999FB00019999FD00019999F100019999820082008200C6000300009999F500019999FB00019999FD000999990000999900009999FD000999990000999900009999FD00019999FB00019999FD000999990000999900009999FD00019999FB00019999FB00FB99820082008200BA000300009999F500019999FB00019999FD000999990000999900009999FD000999990000999900009999FD00019999FB00019999FD000999990000999900009999FD00019999FB00019999FB00FB99820082008200BA000300009999F500019999FB00019999FD00019999FB00019999FD00019999FB00019999FD00F799FD00019999FD00FD99FD00019999FB00019999F500019999F900019999820082008200C6000300009999F500019999FB00019999FD00019999FB00019999FD00019999FB00019999FD00F799FD00019999FD00FD99FD00019999FB00019999F500019999F900019999820082008200C6000300009999FB00019999FD00019999FB00019999FD00019999FB00019999FD00019999FB00019999FD00019999FB00019999FD00019999FB00019999FD00019999FB00019999FD00019999FB00019999820082008200BC000300009999FB00019999FD00019999FB00019999FD00019999FB00019999FD00019999FB00019999FD00019999FB00019999FD00019999FB00019999FD00019999FB00019999FD00019999FB00019999820082008200BC00FD00FB99F900FB99FB00019999FB00019999FD00019999FB00019999FD00019999FB00019999FD00019999FB00019999FD00F999F900FB99820082008200BA00FD00FB99F900FB99FB00019999FB00019999FD00019999FB00019999FD00019999FB00019999FD00019999FB00019999FD00F999F900FB99820082008200BA008200820082008200CD008200820082008200CD00ED000199998200F600019999F900F999FB00F999FB00F799FD00019999FB00019999FD00F999ED00019999F300FB99FB00019999FB00019999FD00F799FB00FB9982008E00ED000199998200F600019999F900F999FB00F999FB00F799FD00019999FB00019999FD00F999ED00019999F300FB99FB00019999FB00019999FD00F799FB00FB9982008E00EF00059999000099998200FA0005999900009999FB00019999FB00019999FD00019999FB00019999FD00019999F500019999FB00019999FD00019999FB00019999EF00019999F100019999F900019999FB00019999FD00019999F500019999FB0001999982009000EF00059999000099998200FA0005999900009999FB00019999FB00019999FD00019999FB00019999FD00019999F500019999FB00019999FD00019999FB00019999EF00019999F100019999F900019999FB00019999FD00019999F500019999FB0001999982009000F100019999FB000199999700019999EB00019999FB00019999FD00019999FB00019999FD00019999FB00019999FD00019999F500FD99FD00019999FD00019999FB00019999EF00019999F100019999F900FD99FD00019999FD00019999F50001999982008800F100019999FB000199999700019999EB00019999FB00019999FD00019999FB00019999FD00019999FB00019999FD00019999F500FD99FD00019999FD00019999FB00019999EF00019999F100019999F900FD99FD00019999FD00019999F50001999982008800F100019999FB000199998200FE00019999FB00019999FD00F999FB00F999FB00F999FB000999990000999900009999FD00019999FB00019999EF00019999F100019999F9000999990000999900009999FD00F999F900FB9982008E00F100019999FB000199998200FE00019999FB00019999FD00F999FB00F999FB00F999FB000999990000999900009999FD00019999FB00019999EF00019999F100019999F9000999990000999900009999FD00F999F900FB9982008E00F100F7999700019999EB00F799FD00019999F500019999F500019999F500019999FD00FD99FD00019999FB00019999EF00019999F100019999F900019999FD00FD99FD00019999ED0001999982009000F100F7999700019999EB00F799FD00019999F500019999F500019999F500019999FD00FD99FD00019999FB00019999EF00019999F100019999F900019999FD00FD99FD00019999ED0001999982009000F100019999FB000199998200FE00019999FB00019999FD00019999F500019999F500019999F500019999FB00019999FD00019999FB00019999EF00019999F100019999F900019999FB00019999FD00019999F500019999FB0001999982009000F100019999FB000199998200FE00019999FB00019999FD00019999F500019999F500019999F500019999FB00019999FD00019999FB00019999EF00019999F100019999F900019999FB00019999FD00019999F500019999FB0001999982009000F100019999FB000199998200FE00019999FB00019999FD00019999F500019999F500F799FD00019999FB00019999FD00F999ED00F799FB00FB99FB00019999FB00019999FD00F799FB00FB9982008E00F100019999FB000199998200FE00019999FB00019999FD00019999F500019999F500F799FD00019999FB00019999FD00F999ED00F799FB00FB99FB00019999FB00019999FD00F799FB00FB9982008E008200820082008200CD008200820082008200CD00F100F999ED00F799FD00019999FB00019999FD00F799B700F999FB00F999F900FB99FB00019999FB00019999FD00F799EF00019999F300FB99FB00019999FB00019999FD00F799FB00FB9982008200010000F100F999ED00F799FD00019999FB00019999FD00F799B700F999FB00F999F900FB99FB00019999FB00019999FD00F799EF00019999F300FB99FB00019999FB00019999FD00F799FB00FB9982008200010000F100019999FB00019999EF00FD99F700019999FB00019999F700FD99B700019999FB00019999FD00019999FB00019999F900019999F900019999FB00019999F900019999EB00019999F100019999F900019999FB00019999FD00019999F500019999FB0001999982008200F100019999FB00019999EF00FD99F700019999FB00019999F700FD99B700019999FB00019999FD00019999FB00019999F900019999F900019999FB00019999F900019999EB00019999F100019999F900019999FB00019999FD00019999F500019999FB0001999982008200F100019999FB00019999EF00FD99F700FD99FD00019999F700FD99CF00019999EB00019999FB00019999FD00019999FB00019999F900019999F900FD99FD00019999F900019999EB00019999F100019999F900FD99FD00019999FD00019999F50001999982008200F900F100019999FB00019999EF00FD99F700FD99FD00019999F700FD99CF00019999EB00019999FB00019999FD00019999FB00019999F900019999F900FD99FD00019999F900019999EB00019999F100019999F900FD99FD00019999FD00019999F50001999982008200F900F100F999ED00FD99F7000999990000999900009999F700FD99B700F999FB00F999F700019999F9000999990000999900009999F900019999EB00019999F100019999F9000999990000999900009999FD00F999F900FB9982008200010000F100F999ED00FD99F7000999990000999900009999F700FD99B700F999FB00F999F700019999F9000999990000999900009999F900019999EB00019999F100019999F9000999990000999900009999FD00F999F900FB9982008200010000F100019999E700FD99F700019999FD00FD99F700FD99CF00019999EB00019999F50005999900009999F500019999F900019999FD00FD99F900019999EB00019999F100019999F900019999FD00FD99FD00019999ED0001999982008200F100019999E700FD99F700019999FD00FD99F700FD99CF00019999EB00019999F50005999900009999F500019999F900019999FD00FD99F900019999EB00019999F100019999F900019999FD00FD99FD00019999ED0001999982008200F100019999E700FD99F700019999FB00019999F700FD99B700019999F500019999FD00019999F700019999F900019999FB00019999F900019999EB00019999F100019999F900019999FB00019999FD00019999F500019999FB0001999982008200F100019999E700FD99F700019999FB00019999F700FD99B700019999F500019999FD00019999F700019999F900019999FB00019999F900019999EB00019999F100019999F900019999FB00019999FD00019999F500019999FB0001999982008200F100019999E700F799FD00019999FB00019999FD00F799B700019999F500019999FB00019999FB00FB99FB00019999FB00019999F900019999EB00F799FB00FB99FB00019999FB00019999FD00F799FB00FB9982008200010000F100019999E700F799FD00019999FB00019999FD00F799B700019999F500019999FB00019999FB00FB99FB00019999FB00019999F900019999EB00F799FB00FB99FB00019999FB00019999FD00F799FB00FB99820082000100008200820082008200CD008200820082008200CD00F100F999ED00019999FB000199999B00F999FB00F799FD00019999F500F799FD00F799FD00F799EF00019999F300FB99FB00019999FB00019999FD00F799EF00019999FB0001999982009E00F100F999ED00019999FB000199999B00F999FB00F799FD00019999F500F799FD00F799FD00F799EF00019999F300FB99FB00019999FB00019999FD00F799EF00019999FB0001999982009E00F100019999FB00019999EF00019999FB000199999B00019999FB00019999FD00019999F500019999F500019999F100019999F900019999E700019999F100019999F900019999FB00019999FD00019999E700019999FB0001999982009E00F100019999FB00019999EF00019999FB000199999B00019999FB00019999FD00019999F500019999F500019999F100019999F900019999E700019999F100019999F900019999FB00019999FD00019999E700019999FB0001999982009E00F100019999FB00019999EF00FD99FD00019999B300019999EB00019999FB00019999FD00019999F500019999F500019999F100019999F900019999E700019999F100019999F900FD99FD00019999FD00019999E700FD99FD0001999982009E00F100019999FB00019999EF00FD99FD00019999B300019999EB00019999FB00019999FD00019999F500019999F500019999F100019999F900019999E700019999F100019999F900FD99FD00019999FD00019999E700FD99FD0001999982009E00F100019999FB00019999EF0009999900009999000099999B00019999FB00019999FD00F999FB00019999F500F999F700019999F900F999ED00019999F100019999F9000999990000999900009999FD00F999ED00099999000099990000999982009E00F100019999FB00019999EF0009999900009999000099999B00019999FB00019999FD00F999FB00019999F500F999F700019999F900F999ED00019999F100019999F9000999990000999900009999FD00F999ED00099999000099990000999982009E00F100019999FB00019999EF00019999FD00FD99B300019999EB00019999FB00019999FD00019999F500019999F500019999F100019999F900019999E700019999F100019999F900019999FD00FD99FD00019999E700019999FD00FD9982009E00F100019999FB00019999EF00019999FD00FD99B300019999EB00019999FB00019999FD00019999F500019999F500019999F100019999F900019999E700019999F100019999F900019999FD00FD99FD00019999E700019999FD00FD9982009E00F100019999FB00019999EF00019999FB000199999B00019999FB00019999FD00019999F500019999F500019999F100019999F900019999E700019999F100019999F900019999FB00019999FD00019999E700019999FB0001999982009E00F100019999FB00019999EF00019999FB000199999B00019999FB00019999FD00019999F500019999F500019999F100019999F900019999E700019999F100019999F900019999FB00019999FD00019999E700019999FB0001999982009E00F100F999ED00019999FB000199999B00F999FB00F799FD00F799FD00F799F900019999F900F799EF00F799FB00FB99FB00019999FB00019999FD00F799EF00019999FB0001999982009E00F100F999ED00019999FB000199999B00F999FB00F799FD00F799FD00F799F900019999F900F799EF00F799FB00FB99FB00019999FB00019999FD00F799EF00019999FB0001999982009E008200820082008200CD008200820082008200CD00EF00FB99ED00019999FB000199999900FB99FB00019999FB00019999FB00FB99FB00F799FD00F999FB00F799EF00F999FB00F799FD00F799FB00FB99FB00F999FB00F799EF00019999F300FB99FB00019999FB00019999FD00F799EF00019999FB0001999982000000EF00FB99ED00019999FB000199999900FB99FB00019999FB00019999FB00FB99FB00F799FD00F999FB00F799EF00F999FB00F799FD00F799FB00FB99FB00F999FB00F799EF00019999F300FB99FB00019999FB00019999FD00F799EF00019999FB0001999982000000ED00019999EB00019999FB000199999700019999F900019999FB00019999FD00019999FB00019999FD00019999F500019999FB00019999F900019999EB00019999FB00019999FD00019999F500019999F500019999FB00019999FD00019999FB00019999FD00019999E700019999F100019999F900019999FB00019999FD00019999E700019999FB0001999982000000ED00019999EB00019999FB000199999700019999F900019999FB00019999FD00019999FB00019999FD00019999F500019999FB00019999F900019999EB00019999FB00019999FD00019999F500019999F500019999FB00019999FD00019999FB00019999FD00019999E700019999F100019999F900019999FB00019999FD00019999E700019999FB0001999982000000ED00019999EB00FD99FD00019999B300019999E700019999F900FD99FD00019999FD00019999F500019999F500019999FB00019999F900019999EB00019999FB00019999FD00019999F500019999F500019999FB00019999FD00019999FB00019999FD00019999E700019999F100019999F900FD99FD00019999FD00019999E700FD99FD0001999982000000ED00019999EB00FD99FD00019999B300019999E700019999F900FD99FD00019999FD00019999F500019999F500019999FB00019999F900019999EB00019999FB00019999FD00019999F500019999F500019999FB00019999FD00019999FB00019999FD00019999E700019999F100019999F900FD99FD00019999FD00019999E700FD99FD0001999982000000ED00019999EB0009999900009999000099999700019999F9000999990000999900009999FB00FB99FB00F999FB00F999F700019999EB00F999FB00F999FB00F999FB00019999FB00019999FD00F999FB00F999ED00019999F100019999F9000999990000999900009999FD00F999ED00099999000099990000999982000000ED00019999EB0009999900009999000099999700019999F9000999990000999900009999FB00FB99FB00F999FB00F999F700019999EB00F999FB00F999FB00F999FB00019999FB00019999FD00F999FB00F999ED00019999F100019999F9000999990000999900009999FD00F999ED00099999000099990000999982000000ED00019999EB00019999FD00FD99B300019999E700019999F900019999FD00FD99F500019999FD00019999F50005999900009999F500019999EB00019999FB00019999FD00019999F500019999F500019999FB00019999FD0005999900009999F900019999E700019999F100019999F900019999FD00FD99FD00019999E700019999FD00FD9982000000ED00019999EB00019999FD00FD99B300019999E700019999F900019999FD00FD99F500019999FD00019999F50005999900009999F500019999EB00019999FB00019999FD00019999F500019999F500019999FB00019999FD0005999900009999F900019999E700019999F100019999F900019999FD00FD99FD00019999E700019999FD00FD9982000000ED00019999EB00019999FB000199999700019999F900019999FB00019999FD00019999FB00019999FD00019999F500019999FD00019999F700019999EB00019999FB00019999FD00019999F500019999F500019999FB00019999FD00019999FD00019999FB00019999E700019999F100019999F900019999FB00019999FD00019999E700019999FB0001999982000000ED00019999EB00019999FB000199999700019999F900019999FB00019999FD00019999FB00019999FD00019999F500019999FD00019999F700019999EB00019999FB00019999FD00019999F500019999F500019999FB00019999FD00019999FD00019999FB00019999E700019999F100019999F900019999FB00019999FD00019999E700019999FB0001999982000000EF00FB99ED00019999FB000199999900FB99FB00019999FB00019999FB00FB99FB00F799FD00019999FB00019999F900019999EB00F999FB00F799FD00019999F300FB99FB00019999FB00019999FD00F799EF00F799FB00FB99FB00019999FB00019999FD00F799EF00019999FB0001999982000000EF00FB99ED00019999FB000199999900FB99FB00019999FB00019999FB00FB99FB00F799FD00019999FB00019999F900019999EB00F999FB00F799FD00019999F300FB99FB00019999FB00019999FD00F799EF00F799FB00FB99FB00019999FB00019999FD00F799EF00019999FB00019999820000008200820082008200CD008200820082008200CD00F100F799EF00019999FB000199999B00F799FD00F999F900FB99FB00F799EF00019999F300FB99FB00019999FB00019999FD00F799EF00019999FB0001999982008200F100F799EF00019999FB000199999B00F799FD00F999F900FB99FB00F799EF00019999F300FB99FB00019999FB00019999FD00F799EF00019999FB0001999982008200F100019999E700019999FB000199999B00019999F500019999FB00019999F900019999F500019999EB00019999F100019999F900019999FB00019999FD00019999E700019999FB0001999982008200F100019999E700019999FB000199999B00019999F500019999FB00019999F900019999F500019999EB00019999F100019999F900019999FB00019999FD00019999E700019999FB0001999982008200F100019999E700FD99FD00019999B300019999EB00019999F500019999FB00019999F900019999F500019999EB00019999F100019999F900FD99FD00019999FD00019999E700FD99FD0001999982008200F100019999E700FD99FD00019999B300019999EB00019999F500019999FB00019999F900019999F500019999EB00019999F100019999F900FD99FD00019999FD00019999E700FD99FD0001999982008200F100F999ED0009999900009999000099999B00F999FB00019999FB00019999F900019999F500019999EB00019999F100019999F9000999990000999900009999FD00F999ED00099999000099990000999982008200F100F999ED0009999900009999000099999B00F999FB00019999FB00019999F900019999F500019999EB00019999F100019999F9000999990000999900009999FD00F999ED00099999000099990000999982008200F100019999E700019999FD00FD99B300019999EB00019999F500019999FB00019999F900019999F500019999EB00019999F100019999F900019999FD00FD99FD00019999E700019999FD00FD9982008200F100019999E700019999FD00FD99B300019999EB00019999F500019999FB00019999F900019999F500019999EB00019999F100019999F900019999FD00FD99FD00019999E700019999FD00FD9982008200F100019999E700019999FB000199999B00019999F500019999FB00019999F900019999F500019999EB00019999F100019999F900019999FB00019999FD00019999E700019999FB0001999982008200F100019999E700019999FB000199999B00019999F500019999FB00019999F900019999F500019999EB00019999F100019999F900019999FB00019999FD00019999E700019999FB0001999982008200F100F799EF00019999FB000199999B00F799FD00F999F900FB99F700019999EB00F799FB00FB99FB00019999FB00019999FD00F799EF00019999FB0001999982008200F100F799EF00019999FB000199999B00F799FD00F999F900FB99F700019999EB00F799FB00FB99FB00019999FB00019999FD00F799EF00019999FB00019999820082008200820082008200CD008200820082008200CD00F100F799ED00FB99FB00F799FD00F999B500F799FB00FB99FB00019999FB00019999FD00F999EB00FB99FB00F799FD00F999F900FB99FB00019999FB00019999FB00F99982008200F100F799ED00FB99FB00F799FD00F999B500F799FB00FB99FB00019999FB00019999FD00F999EB00FB99FB00F799FD00F999F900FB99FB00019999FB00019999FB00F99982008200F100019999E700019999FB00019999F900019999F900019999FB00019999B700019999F100019999F900019999FB00019999FD00019999FB00019999EF00019999FB00019999F900019999F900019999FB00019999F900019999F900019999FB00019999FD0001999982008200F900F100019999E700019999FB00019999F900019999F900019999FB00019999B700019999F100019999F900019999FB00019999FD00019999FB00019999EF00019999FB00019999F900019999F900019999FB00019999F900019999F900019999FB00019999FD0001999982008200F900F100019999E700019999F100019999F900019999FB00019999CF00019999EB00019999F100019999F900FD99FD00019999FD00019999FB00019999EF00019999F100019999F900019999FB00019999F900019999F900FD99FD00019999FD0001999982008200F900F100019999E700019999F100019999F900019999FB00019999CF00019999EB00019999F100019999F900FD99FD00019999FD00019999FB00019999EF00019999F100019999F900019999FB00019999F900019999F900FD99FD00019999FD0001999982008200F900F100F999EB00FB99F700019999F900F999B500F999F700019999F9000999990000999900009999FD00019999FB00019999ED00FB99F700019999F900F999F700019999F9000999990000999900009999FD0001999982008200F900F100F999EB00FB99F700019999F900F999B500F999F700019999F9000999990000999900009999FD00019999FB00019999ED00FB99F700019999F900F999F700019999F9000999990000999900009999FD0001999982008200F900F100019999DF00019999F900019999F90005999900009999CB00019999EB00019999F100019999F900019999FD00FD99FD00019999FB00019999E700019999F900019999F90005999900009999F500019999F900019999FD00FD99FD00019999FD00FD9982008200F100019999DF00019999F900019999F90005999900009999CB00019999EB00019999F100019999F900019999FD00FD99FD00019999FB00019999E700019999F900019999F90005999900009999F500019999F900019999FD00FD99FD00019999FD00FD9982008200F100019999E700019999FB00019999F900019999F900019999FD00019999B500019999F100019999F900019999FB00019999FD00019999FB00019999EF00019999FB00019999F900019999F900019999FD00019999F700019999F900019999FB00019999FD00019999FB0001999982008200F100019999E700019999FB00019999F900019999F900019999FD00019999B500019999F100019999F900019999FB00019999FD00019999FB00019999EF00019999FB00019999F900019999F900019999FD00019999F700019999F900019999FB00019999FD00019999FB0001999982008200F100019999E500FB99F700019999F900019999FB00019999B700019999F300FB99FB00019999FB00019999FD00F999EB00FB99F700019999F900019999FB00019999FB00FB99FB00019999FB00019999FB00F99982008200F100019999E500FB99F700019999F900019999FB00019999B700019999F300FB99FB00019999FB00019999FD00F999EB00FB99F700019999F900019999FB00019999FB00FB99FB00019999FB00019999FB00F999820082008200820082008200CD008200820082008200CD00F100F9998200FC00F999FB00019999FB00019999FD00F799FD00F799FD00F799FD00F999EB00FB99FB00F799F900019999F900F799FD00019999FB00019999FB00FB9982009C00F100F9998200FC00F999FB00019999FB00019999FD00F799FD00F799FD00F799FD00F999EB00FB99FB00F799F900019999F900F799FD00019999FB00019999FB00FB9982009C00F100019999FB000199998200FE00019999FB00019999FD00019999FB00019999FD00019999F500019999F500019999F500019999FB00019999EF00019999FB00019999F900019999F70005999900009999F700019999F900019999FB00019999FD00019999FB0001999982009E00F100019999FB000199998200FE00019999FB00019999FD00019999FB00019999FD00019999F500019999F500019999F500019999FB00019999EF00019999FB00019999F900019999F70005999900009999F700019999F900019999FB00019999FD00019999FB0001999982009E00F100019999FB000199999700019999EB00019999FB00019999FD00019999FB00019999FD00019999F500019999F500019999F500019999FB00019999EF00019999F100019999F900019999FB00019999F900019999F900019999FB00019999FD0001999982009600F100019999FB000199999700019999EB00019999FB00019999FD00019999FB00019999FD00019999F500019999F500019999F500019999FB00019999EF00019999F100019999F900019999FB00019999F900019999F900019999FB00019999FD0001999982009600F100F9998200FC00F999FB00019999FB00019999FD00F999FB00F999FB00F999FB00F999EB00FB99F700019999F900019999FB00019999F900019999F900019999FB00019999FB00FB9982009C00F100F9998200FC00F999FB00019999FB00019999FD00F999FB00F999FB00F999FB00F999EB00FB99F700019999F900019999FB00019999F900019999F900019999FB00019999FB00FB9982009C00F100019999FB000199999700019999EB00019999FB00019999FD00019999FB00019999FD00019999F500019999F500019999F50005999900009999E300019999F900019999F900F799F900019999F900019999FB00019999F50001999982009E00F100019999FB000199999700019999EB00019999FB00019999FD00019999FB00019999FD00019999F500019999F500019999F50005999900009999E300019999F900019999F900F799F900019999F900019999FB00019999F50001999982009E00F100019999FB000199998200FE00019999FB00019999FD00019999FB00019999FD00019999F500019999F500019999F500019999FD00019999ED00019999FB00019999F900019999F900019999FB00019999F900019999F900019999FB00019999FD00019999FB0001999982009E00F100019999FB000199998200FE00019999FB00019999FD00019999FB00019999FD00019999F500019999F500019999F500019999FD00019999ED00019999FB00019999F900019999F900019999FB00019999F900019999F900019999FB00019999FD00019999FB0001999982009E00F100F9998200FC00F999F900FB99FB00019999F500019999F500F799FD00019999FB00019999ED00FB99F700019999F900019999FB00019999F900019999F700FB99F900FB9982009C00F100F9998200FC00F999F900FB99FB00019999F500019999F500F799FD00019999FB00019999ED00FB99F700019999F900019999FB00019999F900019999F700FB99F900FB9982009C008200820082008200CD008200820082008200CD00F100019999FB000199998200FC00FB99FB00019999F500F799F900019999F900F999EB00FB99F900FB99FB00F999FB00F799FD00F799FD00019999FB0001999982009000F100019999FB000199998200FC00FB99FB00019999F500F799F900019999F900F999EB00FB99F900FB99FB00F999FB00F799FD00F799FD00019999FB0001999982009000F100019999FB000199998200FE00019999FB00019999FD00019999F500019999F30005999900009999FB00019999FB00019999EF00019999FB00019999FD00019999FB00019999FD00019999FB00019999FD00019999F500019999F500019999FB0001999982009000F100019999FB000199998200FE00019999FB00019999FD00019999F500019999F30005999900009999FB00019999FB00019999EF00019999FB00019999FD00019999FB00019999FD00019999FB00019999FD00019999F500019999F500019999FB0001999982009000F100019999FB000199999700019999EB00019999F500019999F500019999F500019999FB00019999FD00019999FB00019999EF00019999F500019999F500019999FB00019999FD00019999F500019999F500FD99FD0001999982009000F100019999FB000199999700019999EB00019999F500019999F500019999F500019999FB00019999FD00019999FB00019999EF00019999F500019999F500019999FB00019999FD00019999F500019999F500FD99FD0001999982009000F100F7998200FE00019999F500019999F500F999FB00019999FB00019999FD00F999EB00FB99FB00019999F500F999FB00F999FB00F999FB00099999000099990000999982009000F100F7998200FE00019999F500019999F500F999FB00019999FB00019999FD00F999EB00FB99FB00019999F500F999FB00F999FB00F999FB00099999000099990000999982009000F100019999FB000199999700019999EB00019999F500019999F500019999F500F799FD0005999900009999E300019999FD00019999F50005999900009999F900019999F500019999F500019999FD00FD9982009000F100019999FB000199999700019999EB00019999F500019999F500019999F500F799FD0005999900009999E300019999FD00019999F50005999900009999F900019999F500019999F500019999FD00FD9982009000F100019999FB000199998200FE00019999FB00019999FD00019999F500019999F500019999FB00019999FD00019999FD00019999ED00019999FB00019999FD00019999FB00019999FD00019999FD00019999FB00019999F500019999F500019999FB0001999982009000F100019999FB000199998200FE00019999FB00019999FD00019999F500019999F500019999FB00019999FD00019999FD00019999ED00019999FB00019999FD00019999FB00019999FD00019999FD00019999FB00019999F500019999F500019999FB0001999982009000F100019999FB000199998200FC00FB99FB00F799FD00F799FD00019999FB00019999FD00019999FB00019999ED00FB99F900FB99FB00019999FB00019999FD00F799FD00F799FD00019999FB0001999982009000F100019999FB000199998200FC00FB99FB00F799FD00F799FD00019999FB00019999FD00019999FB00019999ED00FB99F900FB99FB00019999FB00019999FD00F799FD00F799FD00019999FB00019999820090008200820082008200CD008200820082008200CD00EF00FB998200FC00019999FB00019999FD00F799FD00019999F500F999820082009D00EF00FB998200FC00019999FB00019999FD00F799FD00019999F500F999820082009D00F100019999FB000199998200FE00019999FB00019999FD00019999F500019999F500019999FB00019999820082009F00F100019999FB000199998200FE00019999FB00019999FD00019999F500019999F500019999FB00019999820082009F00EB000199999500019999EB00019999FB00019999FD00019999F500019999F500019999FB00019999820082009F00EB000199999500019999EB00019999FB00019999FD00019999F500019999F500019999FB00019999820082009F00ED000199998200FA00F799FD00F999FB00019999F500F999820082009D00ED000199998200FA00F799FD00F999FB00019999F500F999820082009D00ED000199999300019999EB00019999FB00019999FD00019999F500019999F500019999820082009700ED000199999300019999EB00019999FB00019999FD00019999F500019999F5000199998200820097008200E400019999FB00019999FD00019999F500019999F5000199998200820097008200E400019999FB00019999FD00019999F500019999F500019999820082009700ED000199998200FA00019999FB00019999FD00F799FD00F799FD00019999820082009700ED000199998200FA00019999FB00019999FD00F799FD00F799FD000199998200820097008200820082008200CD008200820082008200CD00EF00FB998200FA00FB99FB00019999FB00019999FB00FB99FB00F799820082009F00EF00FB998200FA00FB99FB00019999FB00019999FB00FB99FB00F799820082009F00F100019999FB000199998200FE00019999FB00019999FD00019999FB00019999F900019999F500019999820082009B00F100019999FB000199998200FE00019999FB00019999FD00019999FB00019999F900019999F500019999820082009B00F100019999FB000199999700019999EB00019999FB00019999FD00019999FB00019999F900019999F500019999820082009B00F100019999FB000199999700019999EB00019999FB00019999FD00019999FB00019999F900019999F500019999820082009B00F100019999FB000199998200FE00019999FB00019999FD00019999FB00019999F900019999F500019999820082009B00F100019999FB000199998200FE00019999FB00019999FD00019999FB00019999F900019999F500019999820082009B00F10009999900009999000099999700019999EB000999990000999900009999FD00019999FB00019999F900019999F500019999820082009B00F10009999900009999000099999700019999EB000999990000999900009999FD00019999FB00019999F900019999F500019999820082009B00F100019999FD000199998200FC00019999FD00019999FB00019999FB00019999F900019999F500019999820082009B00F100019999FD000199998200FC00019999FD00019999FB00019999FB00019999F900019999F500019999820082009B00EF00FD9903000099998200FC00FD990300009999FB00FB99F900FB99F700019999820082009B00EF00FD9903000099998200FC00FD990300009999FB00FB99F900FB99F700019999820082009B008200820082008200CD008200820082008200CD008200820082008200CD008200820082008200CD008200820082008200CD008200820082008200CD008200820082008200CD008200820082008200CD008200820082008200CD008200820082008200CD008200820082008200CD008200820082008200CD008200820082008200CD008200820082008200CD008200820082008200CD008200820082008200CD008200820082008200CD008200820082008200CD00010000F999FB00F799FD00F999FB00019999FB00019999FB00F999ED00FB99F900FB99FB00019999FB00019999FD00019999FB00019999F900019999F900019999FB00019999FD00F999F900FB99F900019999820082009900010000F999FB00F799FD00F999FB00019999FB00019999FB00F999ED00FB99F900FB99FB00019999FB00019999FD00019999FB00019999F900019999F900019999FB00019999FD00F999F900FB99F9000199998200820099000300009999FB00019999FD00019999F500019999FB00019999FD00019999FB00019999FD00019999E700019999FB00019999FD00019999FB00019999FD00FD99010000FD99FD00FD99010000FD99FB0005999900009999FB00019999FB00019999FD00019999FB00019999FD00019999FB00019999F900019999F900099999000099990000999982008200AD000300009999FB00019999FD00019999F500019999FB00019999FD00019999FB00019999FD00019999E700019999FB00019999FD00019999FB00019999FD00FD99010000FD99FD00FD99010000FD99FB0005999900009999FB00019999FB00019999FD00019999FB00019999FD00019999FB00019999F900019999F900099999000099990000999982008200AD000300009999FB00019999FD00019999F500019999FB00019999FD00019999FB00019999FD00019999E700019999F500019999FB00019999FD000999990000999900009999FD000999990000999900009999FD00019999FB00019999FD00FD99FD00019999FD00019999FB00019999FD00019999EF00019999F9000599990000999982008200AB000300009999FB00019999FD00019999F500019999FB00019999FD00019999FB00019999FD00019999E700019999F500019999FB00019999FD000999990000999900009999FD000999990000999900009999FD00019999FB00019999FD00FD99FD00019999FD00019999FB00019999FD00019999EF00019999F9000599990000999982008200AB000300009999FB00019999FD00F999FB00F999FB00019999FB00019999FD00019999E700019999F500019999FB00019999FD000999990000999900009999FD000999990000999900009999FD00019999FB00019999FD000999990000999900009999FD00019999FB00019999FB00FB99F300019999FD00099999000099990000999982008200AD000300009999FB00019999FD00F999FB00F999FB00019999FB00019999FD00019999E700019999F500019999FB00019999FD000999990000999900009999FD000999990000999900009999FD00019999FB00019999FD000999990000999900009999FD00019999FB00019999FB00FB99F300019999FD00099999000099990000999982008200AD000300009999FB00019999FD00019999F500019999FB00019999FD00019999FB00019999FD00019999FD00FD99EF00019999F500019999FB00019999FD00019999FB00019999FD00019999FB00019999FD00F799FD00019999FD00FD99FD00019999FB00019999F500019999F700019999F9000599990000999982008200AB000300009999FB00019999FD00019999F500019999FB00019999FD00019999FB00019999FD00019999FD00FD99EF00019999F500019999FB00019999FD00019999FB00019999FD00019999FB00019999FD00F799FD00019999FD00FD99FD00019999FB00019999F500019999F700019999F9000599990000999982008200AB000300009999FB00019999FD00019999F500019999FB00019999FD00019999FB00019999FD00019999FB00019999EF00019999FB00019999FD00019999FB00019999FD00019999FB00019999FD00019999FB00019999FD00019999FB00019999FD00019999FB00019999FD00019999FB00019999FD00019999FB00019999F900019999F900099999000099990000999982008200AD000300009999FB00019999FD00019999F500019999FB00019999FD00019999FB00019999FD00019999FB00019999EF00019999FB00019999FD00019999FB00019999FD00019999FB00019999FD00019999FB00019999FD00019999FB00019999FD00019999FB00019999FD00019999FB00019999FD00019999FB00019999F900019999F900099999000099990000999982008200AD00010000F999FB00F799FD00F999F900FB99F900F999ED00FB99F900FB99FB00019999FB00019999FD00019999FB00019999FD00019999FB00019999FD00019999FB00019999FD00F999F900FB99F900019999820082009900010000F999FB00F799FD00F999F900FB99F900F999ED00FB99F900FB99FB00019999FB00019999FD00019999FB00019999FD00019999FB00019999FD00019999FB00019999FD00F999F900FB99F9000199998200820099008200820082008200CD008200820082008200CD0082FF82FF82FF82FFCDFF82FF82FF82FF82FFCDFF82FF82FF82FF82FFCDFF82FF82FF82FF82FFCDFF82FF82FF82FF82FFCDFF82FF82FF82FF82FFCDFF82FF82FF82FF82FFCDFF82FF82FF82FF82FFCDFF82FF82FF82FF82FFCDFF82FF82FF82FF82FFCDFF82FF82FF82FF82FFCDFF82FF82FF82FF82FFCDFF82FF82FF82FF82FFCDFF82FF82FF82FF82FFCDFF82FF82FF82FF82FFCDFF82FF82FF82FF82FFCDFF82FF82FF82FF82FFCDFF82FF82FF82FF82FFCDFF82FF82FF82FF82FFCDFF82FF82FF82FF82FFCDFF82FF82FF82FF82FFCDFF82FF82FF82FF82FFCDFF82FF82FF82FF82FFCDFF82FF82FF82FF82FFCDFF82FF82FF82FF82FFCDFF82FF82FF82FF82FFCDFF82FF82FF82FF82FFCDFF82FF82FF82FF82FFCDFF82FF82FF82FF82FFCDFF82FF82FF82FF82FFCDFF82FF82FF82FF82FFCDFF82FF82FF82FF82FFCDFF82FF82FF82FF82FFCDFF82FF82FF82FF82FFCDFF82FF82FF82FF82FFCDFF82FF82FF82FF82FFCDFF82FF82FF82FF82FFCDFF82FF82FF82FF82FFCDFF82FF82FF82FF82FFCDFF82FF82FF82FF82FFCDFF82FF82FF82FF82FFCDFF82FF82FF82FF82FFCDFF82FF82FF82FF82FFCDFF82FF82FF82FF82FFCDFF82FF82FF82FF82FFCDFF82FF82FF82FF82FFCDFF82FF82FF82FF82FFCDFF82FF82FF82FF82FFCDFF82FF82FF82FF82FFCDFF82FF82FF82FF82FFCDFF82FF82FF82FF82FFCDFF82FF82FF82FF82FFCDFF82FF82FF82FF82FFCDFF82FF82FF82FF82FFCDFF82FF82FF82FF82FFCDFF82FF82FF82FF82FFCDFF82FF82FF82FF82FFCDFF82FF82FF82FF82FFCDFF82FF82FF82FF82FFCDFF82FF82FF82FF82FFCDFF82FF82FF82FF82FFCDFF82FF82FF82FF82FFCDFF82FF82FF82FF82FFCDFF82FF82FF82FF82FFCDFF82FF82FF82FF82FFCDFF82FF82FF82FF82FFCDFF82FF82FF82FF82FFCDFF82FF82FF82FF82FFCDFF82FF82FF82FF82FFCDFF82FF82FF82FF82FFCDFF82FF82FF82FF82FFCDFF82FF82FF82FF82FFCDFF82FF82FF82FF82FFCDFF82FF82FF82FF82FFCDFF82FF82FF82FF82FFCDFF82FF82FF82FF82FFCDFF82FF82FF82FF82FFCDFF82FF82FF82FF82FFCDFF82FF82FF82FF82FFCDFF82FF82FF82FF82FFCDFF82FF82FF82FF82FFCDFF82FF82FF82FF82FFCDFF82FF82FF82FF82FFCDFF82FF82FF82FF82FFCDFF82FF82FF82FF82FFCDFF82FF82FF82FF82FFCDFF82FF82FF82FF82FFCDFF82FF82FF82FF82FFCDFF82FF82FF82FF82FFCDFF82FF82FF82FF82FFCDFF82FF82FF82FF82FFCDFF82FF82FF82FF82FFCDFF82FF82FF82FF82FFCDFF82FF82FF82FF82FFCDFF82FF82FF82FF82FFCDFF82FF82FF82FF82FFCDFF82FF82FF82FF82FFCDFF82FF82FF82FF82FFCDFF82FF82FF82FF82FFCDFF82FF82FF82FF82FFCDFF82FF82FF82FF82FFCDFF82FF82FF82FF82FFCDFF82FF82FF82FF82FFCDFF82FF82FF82FF82FFCDFF82FF82FF82FF82FFCDFF82FF82FF82FF82FFCDFF82FF82FF82FF82FFCDFF82FF82FF82FF82FFCDFF82FF82FF82FF82FFCDFF82FF82FF82FF82FFCDFF82FF82FF82FF82FFCDFF82FF82FF82FF82FFCDFF82FF82FF82FF82FFCDFF82FF82FF82FF82FFCDFF82FF82FF82FF82FFCDFF82FF82FF82FF82FFCDFF82FF82FF82FF82FFCDFF82FF82FF82FF82FFCDFF82FF82FF82FF82FFCDFF82FF82FF82FF82FFCDFF82FF82FF82FF82FFCDFF82FF82FF82FF82FFCDFF82FF82FF82FF82FFCDFF82FF82FF82FF82FFCDFF82FF82FF82FF82FFCDFF82FF82FF82FF82FFCDFF82FF82FF82FF82FFCDFF82FF82FF82FF82FFCDFF82FF82FF82FF82FFCDFF82FF82FF82FF82FFCDFF82FF82FF82FF82FFCDFF82FF82FF82FF82FFCDFF82FF82FF82FF82FFCDFF82FF82FF82FF82FFCDFF82FF82FF82FF82FFCDFF82FF82FF82FF82FFCDFF82FF82FF82FF82FFCDFF82FF82FF82FF82FFCDFF82FF82FF82FF82FFCDFF82FF82FF82FF82FFCDFF82FF82FF82FF82FFCDFF82FF82FF82FF82FFCDFF82FF82FF82FF82FFCDFF82FF82FF82FF82FFCDFF82FF82FF82FF82FFCDFF82FF82FF82FF82FFCDFF82FF82FF82FF82FFCDFF82FF82FF82FF82FFCDFF82FF82FF82FF82FFCDFF82FF82FF82FF82FFCDFF82FF82FF82FF82FFCDFF82FF82FF82FF82FFCDFF82FF82FF82FF82FFCDFF82FF82FF82FF82FFCDFF82FF82FF82FF82FFCDFF82FF82FF82FF82FFCDFF82FF82FF82FF82FFCDFF82FF82FF82FF82FFCDFF82FF82FF82FF82FFCDFF82FF82FF82FF82FFCDFF82FF82FF82FF82FFCDFF82FF82FF82FF82FFCDFF82FF82FF82FF82FFCDFF82FF82FF82FF82FFCDFF82FF82FF82FF82FFCDFF82FF82FF82FF82FFCDFF82FF82FF82FF82FFCDFF82FF82FF82FF82FFCDFF82FF82FF82FF82FFCDFF82FF82FF82FF82FFCDFF82FF82FF82FF82FFCDFF82FF82FF82FF82FFCDFF82FF82FF82FF82FFCDFF82FF82FF82FF82FFCDFF82FF82FF82FF82FFCDFF82FF82FF82FF82FFCDFF82FF82FF82FF82FFCDFF82FF82FF82FF82FFCDFF82FF82FF82FF82FFCDFF82FF82FF82FF82FFCDFF82FF82FF82FF82FFCDFF82FF82FF82FF82FFCDFF82FF82FF82FF82FFCDFF82FF82FF82FF82FFCDFF82FF82FF82FF82FFCDFF82FF82FF82FF82FFCDFF82FF82FF82FF82FFCDFF82FF82FF82FF82FFCDFF82FF82FF82FF82FFCDFF82FF82FF82FF82FFCDFF82FF82FF82FF82FFCDFF82FF82FF82FF82FFCDFF82FF82FF82FF82FFCDFF82FF82FF82FF82FFCDFF82FF82FF82FF82FFCDFF82FF82FF82FF82FFCDFF82FF82FF82FF82FFCDFF82FF82FF82FF82FFCDFF82FF82FF82FF82FFCDFF82FF82FF82FF82FFCDFF82FF82FF82FF82FFCDFF82FF82FF82FF82FFCDFF82FF82FF82FF82FFCDFF82FF82FF82FF82FFCDFF82FF82FF82FF82FFCDFF82FF82FF82FF82FFCDFF82FF82FF82FF82FFCDFF82FF82FF82FF82FFCDFF82FF82FF82FF82FFCDFF82FF82FF82FF82FFCDFF82FF82FF82FF82FFCDFF82FF82FF82FF82FFCDFF82FF82FF82FF82FFCDFF82FF82FF82FF82FFCDFF82FF82FF82FF82FFCDFF82FF82FF82FF82FFCDFF82FF82FF82FF82FFCDFF82FF82FF82FF82FFCDFF82FF82FF82FF82FFCDFF82FF82FF82FF82FFCDFF82FF82FF82FF82FFCDFF82FF82FF82FF82FFCDFF82FF82FF82FF82FFCDFF82FF82FF82FF82FFCDFF82FF82FF82FF82FFCDFF82FF82FF82FF82FFCDFF82FF82FF82FF82FFCDFF82FF82FF82FF82FFCDFF82FF82FF82FF82FFCDFF82FF82FF82FF82FFCDFF82FF82FF82FF82FFCDFF82FF82FF82FF82FFCDFF82FF82FF82FF82FFCDFF82FF82FF82FF82FFCDFF82FF82FF82FF82FFCDFF82FF82FF82FF82FFCDFF82FF82FF82FF82FFCDFF82FF82FF82FF82FFCDFF82FF82FF82FF82FFCDFF82FF82FF82FF82FFCDFF82FF82FF82FF82FFCDFF82FF82FF82FF82FFCDFF82FF82FF82FF82FFCDFF82FF82FF82FF82FFCDFF82FF82FF82FF82FFCDFF82FF82FF82FF82FFCDFF82FF82FF82FF82FFCDFF82FF82FF82FF82FFCDFF82FF82FF82FF82FFCDFF82FF82FF82FF82FFCDFF82FF82FF82FF82FFCDFF82FF82FF82FF82FFCDFF82FF82FF82FF82FFCDFF82FF82FF82FF82FFCDFF82FF82FF82FF82FFCDFF82FF82FF82FF82FFCDFF82FF82FF82FF82FFCDFF82FF82FF82FF82FFCDFF82FF82FF82FF82FFCDFF82FF82FF82FF82FFCDFF82FF82FF82FF82FFCDFF82FF82FF82FF82FFCDFF82FF82FF82FF82FFCDFF82FF82FF82FF82FFCDFF82FF82FF82FF82FFCDFF82FF82FF82FF82FFCDFF82FF82FF82FF82FFCDFF82FF82FF82FF82FFCDFF82FF82FF82FF82FFCDFF82FF82FF82FF82FFCDFF82FF82FF82FF82FFCDFF82FF82FF82FF82FFCDFF82FF82FF82FF82FFCDFF82FF82FF82FF82FFCDFF82FF82FF82FF82FFCDFF82FF82FF82FF82FFCDFF82FF82FF82FF82FFCDFF82FF82FF82FF82FFCDFF82FF82FF82FF82FFCDFF82FF82FF82FF82FFCDFF82FF82FF82FF82FFCDFF82FF82FF82FF82FFCDFF82FF82FF82FF82FFCDFF82FF82FF82FF82FFCDFF82FF82FF82FF82FFCDFF82FF82FF82FF82FFCDFF82FF82FF82FF82FFCDFF82FF82FF82FF82FFCDFF82FF82FF82FF82FFCDFF82FF82FF82FF82FFCDFF82FF82FF82FF82FFCDFF82FF82FF82FF82FFCDFF82FF82FF82FF82FFCDFF82FF82FF82FF82FFCDFF82FF82FF82FF82FFCDFF82FF82FF82FF82FFCDFF82FF82FF82FF82FFCDFF82FF82FF82FF82FFCDFF82FF82FF82FF82FFCDFF82FF82FF82FF82FFCDFF82FF82FF82FF82FFCDFF82FF82FF82FF82FFCDFF82FF82FF82FF82FFCDFF82FF82FF82FF82FFCDFF82FF82FF82FF82FFCDFF82FF82FF82FF82FFCDFF82FF82FF82FF82FFCDFF82FF82FF82FF82FFCDFF82FF82FF82FF82FFCDFF82FF82FF82FF82FFCDFF82FF82FF82FF82FFCDFF82FF82FF82FF82FFCDFF82FF82FF82FF82FFCDFF82FF82FF82FF82FFCDFF82FF82FF82FF82FFCDFF82FF82FF82FF82FFCDFF82FF82FF82FF82FFCDFF82FF82FF82FF82FFCDFF82FF82FF82FF82FFCDFF82FF82FF82FF82FFCDFF82FF82FF82FF82FFCDFF82FF82FF82FF82FFCDFF82FF82FF82FF82FFCDFF82FF82FF82FF82FFCDFF82FF82FF82FF82FFCDFF82FF82FF82FF82FFCDFF82FF82FF82FF82FFCDFF82FF82FF82FF82FFCDFF82FF82FF82FF82FFCDFF82FF82FF82FF82FFCDFF82FF82FF82FF82FFCDFF82FF82FF82FF82FFCDFF82FF82FF82FF82FFCDFF82FF82FF82FF82FFCDFF82FF82FF82FF82FFCDFF82FF82FF82FF82FFCDFF82FF82FF82FF82FFCDFF82FF82FF82FF82FFCDFF82FF82FF82FF82FFCDFF82FF82FF82FF82FFCDFF82FF82FF82FF82FFCDFF82FF82FF82FF82FFCDFF82FF82FF82FF82FFCDFF82FF82FF82FF82FFCDFF82FF82FF82FF82FFCDFF82FF82FF82FF82FFCDFF82FF82FF82FF82FFCDFF82FF82FF82FF82FFCDFF82FF82FF82FF82FFCDFF82FF82FF82FF82FFCDFF82FF82FF82FF82FFCDFF82FF82FF82FF82FFCDFF82FF82FF82FF82FFCDFF82FF82FF82FF82FFCDFF82FF82FF82FF82FFCDFF82FF82FF82FF82FFCDFF82FF82FF82FF82FFCDFF82FF82FF82FF82FFCDFF82FF82FF82FF82FFCDFF82FF82FF82FF82FFCDFF82FF82FF82FF82FFCDFF82FF82FF82FF82FFCDFF82FF82FF82FF82FFCDFF82FF82FF82FF82FFCDFF82FF82FF82FF82FFCDFF82FF82FF82FF82FFCDFF82FF82FF82FF82FFCDFF82FF82FF82FF82FFCDFF82FF82FF82FF82FFCDFF82FF82FF82FF82FFCDFF82FF82FF82FF82FFCDFF82FF82FF82FF82FFCDFF82FF82FF82FF82FFCDFF82FF82FF82FF82FFCDFF82FF82FF82FF82FFCDFF82FF82FF82FF82FFCDFF82FF82FF82FF82FFCDFF82FF82FF82FF82FFCDFF82FF82FF82FF82FFCDFF82FF82FF82FF82FFCDFF82FF82FF82FF82FFCDFF82FF82FF82FF82FFCDFF82FF82FF82FF82FFCDFF82FF82FF82FF82FFCDFF», GIF picture:«data GIFf4749463837613002800191000000000022F9A9FFFFFF00000021F90409000003002C00000000300280010002FF841FA9C7A0DBA2442FB05AA77618DEBC85D83486A6916CE5C9B6EE0BC7F24CD7F68DE7FA7EAE8D0FF3753CAD61EA079201290FDC9194E449A7D4AAF58ACD6A694F4D976BF186A7DD2F2738A67C22665753D2DECAE7F4BAFD8E9FC5D7B7FD995A968622D84318C846E846C497D7E8F8081929599488E454F9B1A48469D99716E8A71266163A697A8A9AAABA6952CA523A74F9CAA9C8C8E10A376A48BBDAEBFB0BEC188BA459588C08D6BA18F3C677846B4BDA114C5D6D7DCD339C19A578DCC92AB28C263D58FE7248CC8DBDCEDEEE4EAEF64D891C0E2E2A2B86DE3D1D6FEBFE0F30202A78E6FC15A2778F192F68F5F27DE28548DB1F83022B5ABCB885E0C47EFFF3E469AC25065F428AE77621C48832A5CA1C1A3F1EF46852E1C81AB06226935770A5CE9D3C8D89BBF57356B3740C4F46E4B76F893790478BF67C0A5560B1A5E1866E734A729044A14899042D09C56AD4B164CB9A3D8B36ADDAB56CDBBA7D0B37AEDCB974EBDABD8B37AFDEBD7CFBFAFD0B38B0E0C1840B1B3E8C38B1E2C58C1B3B7E0C39B2E4C9942B5BBE8C39B3E6CD9C3B7BFE0C3AB4E8D1A44B9B3E8D3AB5EAD5AC5BBB7E6DD78FD2AE5AD5D5C64A49A211880EA5891DB78CAA28B15B4BFE068ADB2872DB55692FDF545C787350CE9545676EBDFAC69B61833B2F7E9B37F4AEBBC110C79EDBFB71AEBED1678F235D5953F7B9AEAF9FAE2E7EEF87E0F19FFFBF3F9C76C9FDF1CC4327B564D3760A56A18F2733E5C4542ECAC907D3840D45932070168AA4E080186E78A184801888931E31E156604E081E98A04B0C92C8A1722872E262882A66F8D28725EE03A20D0D4268A241333EB8C38F0BCAD4C980D219C9248C4041A1437B008664639055DAF324474052581B864376A81D1AB3F8C89B53359151A678540AA9E65569B2092747C77958627F5CAE49D3426DE239548D33F5C9DF9EE648F95584448A996347873A982896402AA9A74BD49D37A8A060299A1EA59ECC864F8A5A1E9990A7956E19222E90664726AA0ACDA61F94CD9129A9A5A46E2363A09A8A3AA2A13E690A6B7EB226A94B9C20E1EAA9994E2E3AE6AB79FFAA0ADC7FF4DDD95DAFB58E071F8D2D5E6BE4AC9826AB6BB648EA28AD9C3832BB11A0CDD2F725B297AACBADB851EA89A69B5376572D914DD2FAA9B6EDEEDB68B9BF0A0BAA714EFAE99097C7EE8AAEA56732CA6EBFDE3A2A6236B63E0BEC8DD0FACB628FCBE2A96FC4EEEE58E5BDEB7E9C15C71883DCEDB8FD968CA8ABA956C892B5319ECCB288C4C20B33B8F9C66CEF9E2BA26CB2C82903CCAFD05612BD2DD02D7BCC1DC90C337DB4D31D2F5A9E57CECE4971D3F4FE3A55D6F5FDD42A51BB84EDE6D63387A7B5D8F3422D6FA1FB69AC6BDB33F2BA33BFE101CA2A73648F6CB68958AFDDF77CE6A9E7B5E05FD349EADEDA56BDF47C808B0D77D2722BEC6BE4B0FF5D8E79E69A6F2E95DE855B8D1E9D421831F8A49FA37DF8BF9CBFD6F5E39337FCDEC4AE430EFAECA81BBE7AEE411F6C2C8F515BBE72DD7CD32CBCEE9BFF5C33F0B60B8F38F3AA3FCAFBF3C6B7D6E0ECFDE11AB7D2926BDF3475D37FCF67A0E7D61B70C3CD2F1CAFB8CD835FDAADC13EFDB07F639FBE1CA1A27B372AFBE0BB3F75A2F1077835B76DCD7EAAE35FF9F4071BD910E17CB213609D0E06B1FF0D0F5FFD43206B1428C176312E69197418047F978EE4595035E82B1ED41418C10F368E78699BD6088F873311224D860FA461CF6C683217BE30731BBCDDAADC0629BAF58A6049F1D5F276289A1E3EC76F40E45AE562264426E66D7D48ACA215AF88C52CFF6A718B5CECA217BF08C6308A718C642CA319CF88C634AA718D6C6CA31BDF08C738CA718E74ACA31DEF88C73CEA718F7CECA31FFF08C8400A729056C020E1FE0636FAA55071A073599EF016A6FD04B074956024492CB9C4B23D7281A49362038DA59B4E9ECB7105B45600AB85482A5ECC4E99AAA4F446C7CA011ED289A97CA52B8FD848DA51F2759EE4651121B9B7293A901E37CB58CEA476C070CD30781404210E2344C413466F703A9CE0A7D2C536679AB085DCABE1357DF63EA3210F99AAFC5A35B3D74C883D1353D1AC663B0BE6CD152EF362EB7424F0E4D94D80BD1377A5BAD69DB0F6B258E1D39ED6AC67C854B634EF21699F578AE7F60C5AB3583E74FF9B1E33573E75D94F63FE299101C551EF264ACF8B0E4DA4E14B6747186A3E84E690A40425E5D958EA2FA30DD42BEEC419F678F6CD7BD64F669E24E0CB6449CD8A25F39815941F5005764ACA2DC989E41AD6FBA0C74D938ED35537E5904091FA95201A5191CE63A4013F0AD54D792E6CF6A19F448BAAB1E5156B9A3F241F412568519DFA124C2B74EBB79019D59586B44B149D2B03D30A4E8D6E2CA2949B69B4C8A9548EEE8EB0DED2EAE8745AA3531175B020D56B96D0BAD30EAE32861C54E1F04A884ECB1ED662245D2B61054B5A887616B22A93ACCE7ECACC86CE73B5A5552936534B59DC6276712A7D2B5B9DAA5B69EAB3B7389DAD6F5B4ADBDD8A16A6A0FF1DEA0D6B0BA2DBB21084329D284AE99A536D6EF07A631DE6D3EE46CB44E252986A35A5774949A8977A75ABF74BEADCC47B5EEDAD37A9B0F5AB80BA5BCE9ECD17BE8E9D5F30CDDBDF497E3797D4F26F29DD9B5854C697B10B2670EDA447C8084B78C296695D83298CE122E117C219EEF048C3EAE11017D29F3015B189FDC749939E78C5948DEB65590CE39B1493401C8EB1884D1B8FAADA78C7E452A872790C6317BB18C8445E6C768B8C64E11E39C94CD6243F9B0CE54C6234CA54AEB295AF8CE52C6B79CB5CEEB297BF0CE6308B79CC642EB399CF8CE634AB79CD6C6EB39BDF0CE738CB79CE74AEB39DED6C4805EBF996FCBDF09D9308603EEF39706AABF1FF9F2B8363106357D1533DB4E612BDE848375AB38E5ECD520D8669F579B6D2ACA358F5524C534DAB96D3806E2A8D493BE319937A75358147AA9F7AEAE9AE3A819E0B50A66FF46915CFDA345DB3B5A87F8D5B5CEE9A32906EAE38493CEA6143A6D89C0DEEB1E5AAECCCEC59C04F7670DBA26D6941B357DB84BE36B6BF0DEE70873B56514C6FA14D77BF978ADB2CE4C6DF0311ECEDBC8676DD63790340956C2163275699F44E8BBD157BCE9DE97B3CFCEEF759207D4950E7BBD9CECDA6610DDE13840B5CE1201BB8361F0EF19D483C71E174E5518D2BDB82663CE21D47EEC68F741D68FFB8C4230F48643D1EEA856F56DE956DB94A5EEEC87B0356E50D879DCD51FF82737C579CE1AECDEDCF492E73A1277CE61717F9D153D2EEAB3AF9C1E80E2F0ADFF674A4BFDBDD6C82F7837769594C667DEC642F3BE75AED67B3B33A526957FBDA8FEBF62CDA75E5713F3BC3EB6EC5E6E2FD8A73DFBBDC61EEF7BFFB3CF0FBE329E1AB98DFC3DB5DF1613495A119DFBE37417EF294AF7C862D2CF5482F1D26987FBCE5ADD1F99A26BDA6A1FF3C59262DBE17FFDBD51EFDADE64DAF7164FF1A927C7546EB87CB73D863C3E2F94387AA813D5D4A275EF7C2203A895EEDECD4279F86C3277E1E781F6BDFC3FA67BF879EB09D0F7AE3DB1ED5D32771F5C1747DEC5303FAA8B76F33A3D977F1AF83FCB2C7357994FFFAD1ABBF1DE55F72FD19DDFEFF9ECF3FFBA80DBEEBEF2F69C4B57FEFB061A23759C7567A03787305E85000882009A88011288113F816CDC716D36660048480669526E5F64906466416B81618E852E7F67F91E4739CC279DFC15581A4638271530EA87D4B66372BD5680167622F181831987F70D58381B53D37E850392880505174CB677F6CF75AFAC7100AB684B94748D7A51347E87FB8A72C48386F43976B21B7625238170FB86D3E2554D5B557D9C46C10D88545881760485F85464CDDC75AD973860C1864A234825617057A275FF0775D4D0878AA57582CA64468116014875CA71573F1C78543777E81988650E816428888CFA568356872F987831EE68572218926C47E71188498388437FFA68677D1891DB35DD8C2816595794A24767CB48971718A07948A2CF25FAC787B54078214C88BBD2888282849861853C0D80BB838680D688796386501888B567656A93364C3F88ACFC78268C88CC4D84D2A6830C2E48CA5587B4A1742EC00809B478E771552B3188B1DD68759655B6D577CFD977E8A488554238A206763EB684825137E03F661F2C867E5887113B785835764F8685EFAE88EFC985CFE385A28C754A13890CBC564CF7814A1026B15298ED5183A30A763F3688325F775A9D38DB7C8533AB88FD4485E8637867F18901C973FE0D56D4DC64057F78D18498D34A7832E998806E58739278CCAC86333A992F7719246978539E990BAE69197D888EAFF5490B644935DE57973504251B94C4B6986F5488349269494684E19F94F2A79950F5983E8E88D2726948FB582D38807D0E74395D857D0384BA4A79122F847699987AAC89677E0965206972BE78A4FB48DDBE68B856998404691A3787A759997B1034C799998FDA38D9A465667394791B9958B99923E184A9D898D223499EE579990C846EB489AFF609665287F340790B2668EFA779967998E9DD37F3B178AEA9695B5F99A76094606996C9040853EA89A8CA8909718914145776EE49B71598C6489577B2887B6149DC7C944BFA946A6196B84A8975C178CF4F85FD1F9923B050E489947D8499EB1678B82D99D1FF99DB7999DE2B950170948D8599360495D9BFF468B6A128F2D999489F8573B399FB2097FF4E79CC1659B65299DEEF98DFF599F7729A0A74980BA3989C1C3A014AA95FDE8820FCA7215919A8BD89A4EC9949395421186997F596F8CF998290A7026383E73898C98399B6D54A28A1815C6C8499ED96B72094A8C4997A3B9A18709A441CA45ED699DA8A99ED6374B2A8A5EE0B4991F586D360A56F8D1A39F13A37D41A4CCB912A1097E497AA361185F50EAA4CB08A601A9A55517A5C90918C13995F669804FA898B09984C32983B8B99AAE59576B1A1B050AA70B0877F8C7743CD7A15E398B40499C6E7AA798A15545DA0815DA949E3883807AA1F9098FF849A809479D0487A58691A8999A0A8CEA9FF8D99780FF19A99F28A2AFE99D03039594BA1892759E4F413E3CD886F1E670082386B28A7F2909A2B9F99E337A72CBF690ADAA756F88A4B51A928748AB1988AC534AAC59B87937D39EC08A18455794EFA8903E56520DA1874503AA8FFA9EC9D69315F5937735AD7B21AD09099C099A9E614921D9EA4113DAA7DDCAA9CAF387D18825E3AA176A1A892C59858E8A9069239C07B5849E4A8F12FA59785A17F8DA167DF76C19259146868ADC4A86A6FA91048BA19171A568DA391EF8A476187405A681AA5AA661FA4B2E3A5C306A998371B17B8A1121BBB1A154A723BBA4A079A4D248A5C9E897D7E8A38A2AA43BCBB35067B37F7A701C7B5F5EC7AC37CB86350BA124FAB300FFEB6F426B8D83E8A146BB9DD673B221E6A9BCF90BA12AA94D57A794E6951389AEF16A115ACBAEC3D99A5EEBB03299AA3ADB967A9A89651BB51C77A93FC4B6197A0968AB0A5869A2704B904EF89C1A22B6EAF8992BA9162957A80D6BAC49E7AC1C189E60FBACF2A99933BB9F62FBADC24AB35F02AD6819B6F6DAB638D95A77577313D7A8B0C5B9760B3FE6FA087ACB90713BABF247AFE28ABA4A3B3358EB0B640BBA952ABAA57AA85176B5061B0CB66BB688DB9F865AB05406B55F5B16A9688D3C69B32CAB8BBB0B65C79BB6ECE6B474D8BAF2636E253BB826DAB3DDEBBDB1C9AB5E5A7546DA8C2FCA554D6AABD6F67A336AB54B1B3B315BAC1959BEDA3B5EE2FFDB40311975B11B8561AB9399F8BBFAA9AF118BBCFD9BBB6D9A65BD1BA2752B07958B8CA0F8A1AB6BC05826B013FBA374CABA7E8B85A14BC01BFCA90A3C61139CC0815B5C126B9CA8EAC016FAB280E8C112C6BE376BA92D1809ACF4AA70C85C1BF971BAFA7D2379BE362C97E4CBC3962BC052CA9E3F4CB822FC88B982C3BEEB74173CAFC238C1337C8E7C38A05CB9A6F198B957A0BAE5188D4FCC91A06BADD60AB6B3ABAF06CA7F0A8A58D07BB85619A7154C6108ACAB184BAD083AA968ACC562B9C62BDC4754E40D0AABC458DC81DC299A7EB6C701BC8B48D3C282FB2E4449C804CA1EB90893BD44C15D07C85B5ABADF6BC9973C42872C8B2C989EB0F47E38FF2AC8F65BC26A29C9B4FB459A0C17863B982A6AA6F70BC973F5C2A4FC4D955C46557A813FE8AED74B9F056C3376ECA76CBC46B67C8773CCAF8BB8CB1CBC7D917CC6FB9BB40081B0BF9C52408BBB1C6CC5916ABA785CC6237AC7CBA5B57DBBC86FFCB7FBBB9777E8BC8F9CBE360A76218CCCEB0BC36F84CA15C8C96BC9A52598BE4534B0876BC8EDAC9C55EBB3FE7A82726A538656CDDCF5AE89AB47C2EC727ABAB0D18CAD023DC699F5D0E8D7C75E84D04D4BCC0F0BD0EBD4B16FCAC7F6884715AD9D17BDB50CAD5C1B3D96EF0AD266F4CEF9FAB4B7FBBC998930F7FCC06FA9BE193ACE853BB4930C582E5BC38A5CD052798C982CD443CD3E29AD9D5104BF0BFFB75F411DBFE0D5CA1E2DBBC09CB0339BD45AB8C3B544CF2FEDD4AE4784CD1CD2BA4B513C78C2191CA8D34B8A5E1DB4143B54620D5D07F8CFC6CCCF791CD72BEBB6D0C9B4DCCBCD10EBD20B3AD1C13CD717A1BA703B8EB185D160FDB0781BA02B3DCC705DCEF059603BEDA559DD7B7D7D9DEE6BA57BEDD849B8D4C485CE6E58C4478CCDD510D8985D8B2AEB93EBFAD0134ACB7064D46C4AC2C50C408D69DAE08ADA065D95FA5B47ADBD986A4DAA258DCBCB4CD2467CD07F3DD5BCADD71AFDDB196CDBC45D9ECC3DD5440BD15688DC586DBE9E2CCB70FCD1CE7DCBD05DDA019B60DC56DD90F97E684DD4E56DDE91B7DABB2DCFAF5BCFEA77D316BDDEE1DADECEFFA7DB276ADCD28C7DF55DA3A3CAAD1168CAE3A7D0DB8ADF03F8DFFFEBCFB9ECBFF94DD9AE5ABD48EDD91358E02407CA12FDDE7117E1067E9F082ED59077E1C0F0CC232DBCE7BDD8C45BD822BE86FC1DBCF3D7E15338B55D7ADDBDB8E259DAE24F2DDC266EE337AEC331BE801A2BA696AD7B15DEB43C3E755B4DE0DA0DDFDEBDDC106EE45F8DE4BABCE023A7DFD9BC9B5C0DDB0A18E5A21DE027CDBA9677E5C10ADC76EDDF4B9ED66E9DE412D8ABC9FBAB343CD335BE7767AEDEE3A9E6BC6CD03FAEAAF74AE5938BDD7887D874515D783EDB8AF76FD10A01D9BB8CA19D75817E18883EE435CDE638EEE88F0EE9912EE9934EE9956EE9978EE999AEE99BCEE99DFFEEE99F0EEAA12EEAA34EEAA59EB728EAE293BCACAD84BFC98DCF970BDEE40D7163DAD4EC4C924C0DCD72AED9D66BE8E056D664CDBFFBCA57B4F7628D1B8022DDAC907B74BF2EEC7F7EEC2BC8D705C27A11DCECC99EE7A4C6EC0B6D940DBCAB2079AB266CD8496CE1284EE6C24DAAC8D7EC4266CDC4A9E36B76B4AB3EA884FDECE8BEB0DF47E81B65EC4FF7EEC9CAEDF52574CC169ED417E7C32A7993AD76D9FED60D0AD722BDEF9F16C4BC45554F0E67082FDDC52EEF731ADF0E4FE5D1D5C5E37EDFE58ED728EDEA18DFE47BDBF1CEBE6B14BFCD9845F25FDEF2CA9DBB573C6EA83EBE22D9C36D15EB2B9FEE2D1E93D7DE72B46ECE859ED9F66CF3150FEC9D0BDC67736EEA4BCFF4BA5300003B», «class jp2 »:«data jp2 0000000C6A5020200D0A870A00000014667479706A703220000000006A703220000008136A70326800000016696864720000018000000230000407070100000007D3636F6C72020000000007C86170706C022000006D6E74725247422058595A2007D900020019000B001A000B616373704150504C000000006170706C000000000000000000000000000000000000F6D6000100000000D32D6170706C00000000000000000000000000000000000000000000000000000000000000000000000000000000000000000000000B64657363000001080000006F6473636D000001780000058A637072740000070400000038777470740000073C000000147258595A00000750000000146758595A00000764000000146258595A0000077800000014725452430000078C0000000E636861640000079C0000002C625452430000078C0000000E675452430000078C0000000E64657363000000000000001447656E65726963205247422050726F66696C6500000000000000000000001447656E65726963205247422050726F66696C6500000000000000000000000000000000000000000000000000000000000000000000000000000000000000000000000000006D6C7563000000000000001F0000000C736B534B00000028000001846461444B00000024000001AC6361455300000024000001D07669564E00000024000001F4707442520000002600000218756B55410000002A0000023E6672465500000028000002686875485500000028000002907A68545700000012000002B86B6F4B5200000016000002CA6E624E4F00000026000002E06373435A00000022000003066865494C0000001E00000328726F524F0000002400000346646544450000002C0000036A6974495400000028000003967376534500000026000002E07A68434E00000012000003BE6A614A500000001A000003D0656C475200000022000003EA7074504F000000260000040C6E6C4E4C000000280000043265734553000000260000040C74685448000000240000045A74725452000000220000047E6669464900000028000004A06872485200000028000004C8706C504C0000002C000004F072755255000000220000051C656E5553000000260000053E617245470000002600000564005601610065006F006200650063006E00FD0020005200470042002000700072006F00660069006C00470065006E006500720065006C0020005200470042002D00700072006F00660069006C00500065007200660069006C0020005200470042002000670065006E00E800720069006300431EA500750020006800EC006E006800200052004700420020004300680075006E006700500065007200660069006C0020005200470042002000470065006E00E9007200690063006F0417043004330430043B044C043D043804390020043F0440043E044404300439043B002000520047004200500072006F00660069006C0020006700E9006E00E900720069007100750065002000520056004200C1006C00740061006C00E1006E006F00730020005200470042002000700072006F00660069006C901A752800520047004282725F6963CF8FF0C77CBC1800200052004700420020D504B85CD30CC77C00470065006E0065007200690073006B0020005200470042002D00700072006F00660069006C004F006200650063006E00FD0020005200470042002000700072006F00660069006C05E405E805D505E405D905DC0020005200470042002005DB05DC05DC05D900500072006F00660069006C0020005200470042002000670065006E00650072006900630041006C006C00670065006D00650069006E006500730020005200470042002D00500072006F00660069006C00500072006F00660069006C006F0020005200470042002000670065006E0065007200690063006F666E901A00520047004263CF8FF065874EF64E00822C0020005200470042002030D730ED30D530A130A430EB039303B503BD03B903BA03CC002003C003C103BF03C603AF03BB002000520047004200500065007200660069006C0020005200470042002000670065006E00E9007200690063006F0041006C00670065006D00650065006E0020005200470042002D00700072006F006600690065006C0E420E1B0E230E440E1F0E250E4C002000520047004200200E170E310E480E270E440E1B00470065006E0065006C0020005200470042002000500072006F00660069006C00690059006C00650069006E0065006E0020005200470042002D00700072006F006600690069006C006900470065006E006500720069010D006B00690020005200470042002000700072006F00660069006C0055006E006900770065007200730061006C006E0079002000700072006F00660069006C0020005200470042041E04310449043804390020043F0440043E04440438043B044C002000520047004200470065006E00650072006900630020005200470042002000500072006F00660069006C00650645064406410020062A06390631064A0641002000520047004200200627064406390627064500007465787400000000436F707972696768742032303037204170706C6520496E632E2C20616C6C207269676874732072657365727665642E0058595A20000000000000F35200010000000116CF58595A20000000000000744D00003DEE000003D058595A200000000000005A750000AC730000173458595A20000000000000281A0000159F0000B83663757276000000000000000101CD0000736633320000000000010C42000005DEFFFFF326000007920000FD91FFFFFBA2FFFFFDA3000003DC0000C06C00000022636465660004000000000001000300010000000100000002000200000003000000006A703263FF4FFF510032000000000230000001800000000000000000000002300000018000000000000000000004070101070101070101070101FF52000C00000001010504040000FF5C002322771E76EA76EA76BC6F006F006EE2674C674C676450035003504557D257D25761FF64001100014B616B6164752D76352E322E31FF90000A00000000A7DF0001FF93DFADC835F7E8B56A56910707D718FB16421239FB91FAC8E49F71184410000C22952BB388CC744AEE5B864F9A206A4A941030000B7769B6CBA59DB91204E6482C3631179241ED6A312732379DE3065E87D349BCE03805667A3AB6299F098406A670186E65DE899BA92972130471B332BEC127C434069CE947D08D9F8A2C28C9A12EFA37466E54E827392956D681C98E8C76F94882C3C3CDDCDD7B228769ED03F2468FF0BE6B408563AEA81D0665C6DA04BC5240DC04DB1D57A6578459BCF83ECF7139675D5A49E15D4B1D49697E8C8FBA3D73DE624B7581B0B3B437F11262606937DD6F038C6984C0FA2BA0118B08554037312CBFAE22EDF74315B6FBAD22B15D448D41D2975D914D516FFA62B56CE644E2B2424CEED92DDD48014A47AA10A0D651E5EA4AFA0E586BB7EAE22E8416DB5E177DDFAD39F2C1A7F3F0DCB4253829E8B01F7832A51CDADDC3EEA8001173B03AFB9B1F8A03A400D415D9944496302BC19F32D857E86D8475C19C052FB022C37176BE71CC28AD6357A1C65675443D774300F159D8DE62C0071C5FCABEB425931B7B0510515AD790CC6A0B6B2AECD571302357A2EF87DA3D1F526DAD969A706FD890BDEE52C2FC6D4AC70C7380A82E33FA69ECE756FF22E9900168F6DF21FA2B76CA1BADEE737EF50CED8725C9CCAD989F5274D75F576DF824DFE60096DF78C814005CAFD906842000000000061212FF22338000000309097EC3EFAF21F7D7B07D74981C6DB35D28E1DE9808C6B1BC2E6CE63CCDC92FC94F3DB57D4CA090081E4F174D4C458EADED94A63D4F807B4B07543CD0AB1A50E976A406E944714D4420A46F5847BBA98795634D21929D3373F1F3E45B58EE2DE36582EB64101ED094796FA2BBC08687EE7AD15AD1C14E9410CB5433AB188EF07907D9E245DA7D08A1B2DD09FB299D8C1E743344F9AEBC1BDD9E1E28A0399D1DD7CDD335B65664270F0D23C09D944F0DD762401CC26C0167D1AA61AD68F8859E3DB821BEAA036C1F321034517CA8E1C241CA77AD1EC7CFF439E6AB830947173832D21FA28D8E06AF7EB8CB13170016E2796AE6BE08B4ABC7534C72CF0E0BD72FAAB6F56A0AD28516ED5E60CBBE8E87BAF06B502E22EA66167A0C958E47423EC8290DE5834A5969F846CD31F1DD0857CB98E71B5D5B96B4120863C302850A956914863677CF5452A0A06F2FD7DF2568B5C6835D7A5643FA49E9A115855D098A3EB6FDAD71EC57F67D2B724EFBB40EB3DEEE340F2B3B6A4C27C4A497F16961CA31E91D89BBA4B30D943F74A4A4FA83DB10F1052BADCCFBC2555E16DC1F476F151BA50A85BC9F3528F4F37273789B4C3035C07EEC806DFC9A7861998B24D385D623C0C9A4133FE936468429326A94F84F654B84D0F97FE8098C79A12BEC1EB801D12F9A38B8C41D939F5D050C8E176BF75A8010655BF5252318932D644B1DF120B2B698DC6CEF21E5C859045B7E079CE95BDE38674DEC1F6CECDAC07CB50807C54D807C541026B9639843DF990D11786187728B640C42EB9983C690DB4E57534EB062B6DDB4FA78C4C455E73D28CAC99292ECA92F010AC4CD349FB0B18D23F509FEC0173B58D82C368F1A1CE4BF7AF875B8D5D68F2413313FB8ABC218DEFCE0ECA8722BD30C30E671FADB458B44C297749B965C847CD095F593A04E9531238DD2323A85F2874D0EAD1C2C05690C6CFD39B89A0776BE4E19473E40CFEF3F9DDD1F1F0B2311EFCC5EB654FF14DAC4BC1C33A4C3336B29164F4DE0352D3BEF3FE5B9ECA182661BCB8780E40FA94E7151129D046C093504A295556D9B896F729D4A5D95655DC3EEA320FAE9081F46818E1BD1E43C7F9D7F9C5FEFB1E4D87B52EA218F61C33CD62E85CD0DAB097373E516FF31DC48911AE9A9E069C9B6778AF071E63BDDA833A5EB918E01B49C64C26DDF04C281FEC264E4D6B1DDA97DDF6BBD716893C9FDBCFD4E8F822E933B9CD155BB23F58121C7A71769F28032B5464685B3C2189647835EF5A6F8BF0A96922713E508EE61E60BE421AFEB40C012D0D7E982D37B2B192BAAAF225452B2B798031D6217F1D8158ABA0C1275B6B113B0BBFC868EFB27496544B313702133C391D2886E65434FF172548A442A122C92E3DC5FE2EF704BCF938A30F78E6003302A8DD2187A46602E7CF81BDDD12671A558DEA6021B7B256C2474AF60AFA3AC3A1817902862A8E1253977971C1669C30219F8CE4EAE3887D175EAA832F191AE0AE4375C2E194AB65D5070C00A3E7959CBE7C112973019CE03B53E1F12A9E6A651852D4D3B3D855FF32583784DBE13E1A17C4B474D9D667D759B1A30630CD2292F7DD89A6101BC3571D2304BDC776C4D5A0BFA11B3D1CABA42370AAE57CF7D1E33B6AE9653B5F0B10CC78A04BE526C11D88F0A834F61E0F6DE64A6A806EE49E7A480C7DFD10C7DDBDD0FB3A02024E4CB303681D2AF20ECD552F16041E31D62D66808014EF1E97618F0237A82861C95198E783A5A6C11CEC8B023B66444265295AA9D1BB21213C06016D2E1ED55B0D760FF3FBC470E82E358C1198AC4750590C8230AF95B11C1182903BCDF706B413C91D2030D519A7B19AE9E08F938694B0E4EFAB19A96B9E45E8189C1519BA0C182C7A837D9E79668C2D3194462E9F7E89743B30FBF58AB9F3A69C06BFDEBBC0175292494A59E96C90E6B3F0859F3491ECA024AAF62C2FDB3F595C2FF771D8D70E0B7804F3B3B1C68EFF9D76B0636FAC577EA7556C04E5984A3F11E5EAC09E69D7E0ADBBDB31D3131E285BBAA1FDF35CDD8B3660292CCB2D8DB3691AE2A19839D2F2818B3C1CFE59A212231E27AA0254CD65373B0686ADE223055A4350E8DE7B3AFF3805694E381D1A1C27E1A8988664F6A21780D2F0BA94BE752D95FB611B15FF34579B82AC854C5E22C10A433258E602B0C0290271F91AD3E5CF038D48285928A48266A45424B7C447B4AB2B5AEC62A497CCE13A24520BB36878AE1115251313E698A7D3A51BC91AC83DC1C5605041F86774273F974F0C37130384F532FA87E3FE964DED80687F3E75E5DBE3A66103288A61D05FA480C2E284F6E401A3D7B505B965A3FFAFA85F5A03F2F3AFF7988DBE28A1D6B8403A835390C58CA5F4A6AAC0405E2E0A9006157E22B9449C67AAD86383F451275BCF8FD01E7D8BA040D36D506AAFB8AD4AEC5388C2A3DD4EE1F7283C4AC7592C25930F0C73825746BF11BF7294B6F03B975BD59DD1CBBBF41C1F92AA857D826B1207E0039AB6EF7AF1F4D1172670EABBBF85A712ECC8021E6448B0E516CB7A2A8D4E0534B8AC378F8408E05281AB26A6D545CF035242D6CC0CA0C4A81D2FB0B9936B575DE2295823D5865FCECA43CAB13F748B0C4F9014B17796A6896FF6160FD1FC572098B1036D4DFE0F22EFF69C4E8406C87A14E337CF9BD10DEAD680DC128D5F5E2F9748AE24C09B43AFD35F8866CABBC72D7071B26513A47219A343ACA761977148DF8A201AF00C6A61E458F73E52D3D089D7438EBA610882009D4DC07125FCA5BE428573D4FAF13D31D15EA42813699DA0547BBE856A9EC23747161DE5FBA49B5478DE78D8F1E1E1A2566D1D0AD0D4231C4D32988D81F505D2602D9B3A957635ABD814353798E1B5313A62165865BB51231BB0DBECAAF722FBD7A34F2F33664F4D4CA5737CA734C65D79934BF29621A6EA1422788E46646764DFA57A3F4AB81F1A398CF0C8A666090B748625FA002727C2AB94DA485CC9CD29BE60AE7D027A83EF44324B2A02D09095EE8056569890DAA26D87F550989C1903595C8C0F63C33C7C82544978C09375116F8448BA43E32AC09A0EB20FD4E756B52433F58DA229451A1EAD4212DC1B01BE68CF90DB426B259DFF1432C871D274E79106FA08F52FE5600860E045502ED4090506C1ACE58C6AEB0DC1E5C543B2E520CD7F941FCC2EF9013DE4DF012BBB75301397F5C2F30756335DD118CA98FC2BCDAC307B2E047279D630B65C88A3646A86B1C2C57D3273354D62972366C18FAF8935EB302B11C781C8F4F750746E8812B140A62B2E348404CB69648960D0891AA6D3621E2DB452F887DB3C39D43B9E5388B966F4A2AFC7B1A8625D82F55668F56BC1BE8A08D95F76FC1B000C7639E2B794AF99F4F0137900FD5C51E5B440FB0BE9EE8EA0CD7AFF5C336AE77F29B8ABF3B0BF60E599239F52FBFF0230F1183845DB6FC0160A9DE7DEB13D02E469EA1423D2DD86E5E5D6F12DC74CD627A234ABFD6F104A5311AD752D883AC0344EB1F2AB03DEE2AFDC5F7B7B08A05E7221958A46A33190605A8E3E85B9F89CBAD49375092398A7D52430595C76D1F2894B068F0F88C11B726F21B0E7C06F476F5D4BBB83335F8DD58E5FB021D8F1D76A2211044238BADB5DAEBBC52BB27D70E24940B978AD825E3B168C56CC4A5BC114BD0A7A0A9AB437C9DB557710B40FC366EDE59DA8C02C630B2278FB52B87E8BE93D86A39D794DDBBD0FCB529B9D8317AFF5C6665E6C2A7F35894E410A9AA19DB091B883F5F769DB91427FCCA8A75C5381D258BE55A14AB851A55E7A36B91B9B48BD1C17903C0B91AD20D1B807DA29B0AE0B269200EA80DA2B53596201B5DE8426ED86171561A11A35B6B1CA2F87427A62B0D2E532E68BE57A65282EE38756DF3838336267FC07C5B1203E0EAB80F8775222201442AB79B1B8FF56B33D0F8535212FF5DF32EA61EEC874EA82A0836D7869892C11587E9041641803295D248543A8DC3D03A523857CF9C2FE9B98B2F9F0082866C7C51449409D8ECDAA538C76A773B15CDB769C967CE19E069AC434228039D01CB36FA3503BCCF2C2707BE4C59EF63CC43F066BBE956F4851A416EBCC33AB55B5AD464ACEBF6B84C13BAAEA04AEAA7AB4DE42445C23FE783DB0EA1ABA9AF4FB19386A40CB5C69FE984370B2A875E7A6B2C06C9C958756FD299FA02A6AB5D4A8BEFEA29E34A30C85CACAD8C0B707B54F6FC2BCEDE331FC330CD55AC1177E1DB75953BDD431CCAA63A4C19F805B40C95798B182BBC275EA010985CC9BC4A2F63027896E517AB3ACCD73479091F9C157A10AC2FF4FC04007CD8AA459619069ECAEFA3D748D6203B03885C37BA47F59729FD4F1DEB99D7097DDEB59812CDF8A09027B92DAAB8846C6C6B42D5D6BF07C7ED7AD60BBEF132407342F5DD54311387FF74611960F9E489220B423F16EDD7C78D2C318478C0B3398E0EFBF71FC0D1DE5ADCC12895E36C32F2CFA6F9DDDC25318E075B77435E600ED534BEF89AA48ACF5E964A17B496257A0E16239442090F1D135C79DA586900216A1464BB75D7C41B5C9BEACB9319DB1CE1E9B3B4DC8991F80017CC55C46450DE21A5632CD2F7696437CA5E82C3EBD9187D7B5907D1D7902222BE8CEB0AAAA59EA23FFF757B46DFE61EA73FAD87A4B49212C9BE45EE6B3AAC03174E7809FF3BECFCDBE33A4C0AF34CC0F7933C0CC54A0380CEF32D3268BFE94D86E0A2B2C93038A656B57E37E22554A7570A18288E5C58A0B7CDC71A60C0CA80874CD5E702684EA1EF4FE2E94F1FF7F91146836329B3C0C427E64E97556D1B19D805DF0505128925A1AE11B0A898AB2919A443F0BE6030CA88352DCC63CAF5319EB847801951680AE1E012CC3456614D10E602DD537F9B5F09F7074AF954D0D985E20C7115D271C523C6CAA70ED54C76310524EBDCD459621E42F92586EBD60705E9D54BBA572D6C860204BB659AF68DAC9B2DFB5C0CD06FE195DAB67D5B67289890F0542E4ED162EB571100E9011948BC2D8B881ED41B30B644D8C596C069ED59DEA62E1C1ABFBB67517B1563214185FBF7F9BBCAF17BF2A8169A05483B41E76B27876A021E51C797BEF2D9A3095C74F284EB8614ED8339866D7398F7183A252C347A4D29A5FD1938CC18331F26A244FDF062C39A46D05C75E32F41E226B5003E75CF0493DEFA861EAB0E5650246D29EC81DFAAAB3B7685F162F89639D255E83B6AA34CF282DAF91A53D44F0DAA0F5A629CBC7EE5AF09BF33A64D3967DAC6B6DE17E1B6C5C91B507C7089B5BF7F865A0D7CA48D56EB018F4591C05102155F236E5F44B5F22D29BDBD5FC8DA60FBA42EAFACF8EDF2CC61A67AD3ACB6B225ADE416EF1E7772ECB9D919DECDC8950EB0E0E1F0B297EEF315B491A44C5B8479388F275CEE094BD38035A538F777F4CD576358D06F6198463DC67393A47D4799DBA94E0197BCBEC007EBF2977C074E4E5F79BD02A9A412828B9974C099E66C9F77CADC82FF80C7251DB1675505663DDA3FF16D14BE3479F602A7D3818A15BA4DB0B24EE65C64DD0AFE246C78A576A3B1FF33EFD281B7AC666C75068C870BAE7331AFA11C13204B0E1F09F4935062E76BA5358EC9DE4ECE9F5AF6BA78EC7BD34CE6882B70B0613EE807F8DC0ABDF3ED41E3ADCE0B94A3B2659CBB49BC2FC45B87E1A3D60D684B1492E5C9888845C1E395FB2173DD93C1115A9B63C8514F541A10474F7A2CEECB8105934EE6052368DF838590BA2A3A93CB50F85DB53B51AE20D1706C6D7B30C0C8A978FDE69A28269D8328DC44FBA1C6B90C07135B17061522940E22A17F3868F9DC428995C4C49AFF24F6F84EEC57672206C8D9ED8851BF0BAC2C2ABCC422DFCC6988A795E09946471921A8B07F712B39A6BC0E133C27EBA3D86639A802045350171CF22291D77696B5F026F4E16708CE05A82BF18E8E349F0024C407A7713FF3F6CDA9D5ADBEA322DE208974536CA9D8A5B7259756AAF1A511DF5455C4F143B5B3DAB718BF4B49620B7463361A098564BB7CCFC2714F91B1499393A2852979DD393C5D841D07803124B69BDDD3E7D1F5A826EB46824DB42040DB3276049DD900917971F5E20E345B01646A07E738C1A788F644E62CD7AE6F576380BF240ABA97F3E828C0BD0366971951849E36D31F198A5093A3266BBEE6416FA7B2335068734397754A514D82E387A7814A23C7914BFE9CD9D700DD3E2A5ED57F5061C3A0342BFF2813833132032F091862756A63BF612AC4041E59CF9EE0406D5C595CAAD3C6DC4B9E37E831280B1CEBFF7AC67DAD022F732C849D977D5BE46057B23977AFEBD8FEA738C8F0960A25F937C99F3E80E7EEF56EBEC33C7ECF5EFF6B27C7EBF4E2FD85C08157BCDEB86BB2C25AE8236D8D25036DF499A2D01ABBF83C48DCABD7DAC06E68CFB545F83D5B207DF67F6C4E6F9CFBC547790940A6EFD42E8913956532B5B981874AADF2A13BB22B60F5E95669B7083641772423D77FC77FD9A7F4CD1A53AAA025DA69DB3A49BA4E4BB861AB4C6F95185335990051A1D04719E5B229C60B2EAC688D6C18B0FE52020205850A16383378F8CE0DD44F1FA772DE15B612A118F758B7D91F7232EA5BEC58EB662DDD47DC9549FE9E955D16B4F0A1DBDE37927660ABA6EBF4A4E104528B3F6AE0F6C39EC09229C49AB94DAF2BC237E0F3AAEC50BB1661AD4D640E0F6072387B25C87E07B381F4CA7E118EC0EA4CABDE45822850C04B8689DE5EDB270DEDA4068F49FE4B595BDED36FAE51B9C9890D093EB90E53B1B067A306DA98D765E29ADA12AD054FFF7F6522346756F97689474E86AA823A496E8637E35966689C5A7F5509C7B68E89F319441222B082CC2B27B1CE7B4692A715281858DA16C75265E8D404DA8E3CB8D1D28DB6282F84A31BDE3DC5E4D38E907AA6B5DC46E33C4F5E7E0032B63D5BF8997D365B60AB05660C35780F5610BCB3C4C11539E6E57A8AAA8AE786182C2E36F8F69F7464E23B7538024A16A25755DDCBF92D37BAC99D0FC2141401B4BCD940BA21412B4BDD570874F8CDD7BED29A611BA0983A41D0F6690C80C6869A2E44B3EEB4623528BB8A428B2397582C9BAE6840029C85932AB980B50075963A452C681CA182D28CAE176C1762425D0C58C20A0BF255D1201071E3BFFABDCEDFDAECDCEB4F09208C6832C0EFD66C8FE16E302D6BA3B5CACCBFC59C0CEB0143F0B55438193B47E6658A395AE5C5ACB6A2163C6E1F3D37BE9EB409BDB9FD780EB8CD69799AD814AE1F00D026F79345C313FF1AF540950FD23960B1A0B76C044BE1E5E76EEA0F21C3815E0239AE5C6D4B1E70C16596E09A1BF3E44A272625E3996B10BD114AF9CE4328D4E63438D0351F9812F4ADC5CEBE68F81EB30D3FEE8F01D756BDAF721F642AD02FD5F9C03CE79CA2B8DCAF6A1B3C83A4632681F98E44F3FB0F3D6264BBA8442F35893B502274192C66381C378459A1BBBB83F858F64D66D52FF6B3216D3E416A8E6AEFC10F4B23A53D4FD27ECDD825BAB0499EE09A7D71DE31242B5C3F0336D7598AAC514FF7D9FAD30A4F7A3C34645BEF2FEC154CB55FCE69046FDE658D76D14FA4D07B6C64659E408F72C6889C2C205D6F3D6286D360FF131CE7079CDF88BD6175AC96D5007F034942FAEB6F19B7CD524EBF0B75D3E192C35B7DB82C325AF15791DA1A85644E87941275A28973D429CE3BB04E7D0082FD92C027A0B51F3A7FD896E957353182AE299BA89D60E92C16600D25AF992A058A2D8134A4144A5E76160BC2576FA4CF7094B342F462B7A0E4BC1D184293D47EE3F908AFD9C45A038E5D68E2D419C36C48F70327DFED5536ECDAFDA96E27E2D9E7F24A37E7C73A2A8217B1DDA14CDC1D7F86D8EF5B49F23AC5D29B896A34AAE2DCDA8C2FA2C79ED9B357D00B8BEC58642707710E71B96CEAA84F20D0A87420099BE1D838DEF799181BC3E522FF00340BC1842E4B1847119E1A6FAFDC08C763FC767A3DF47AA3D8298171BED79AA31CDE03DBEC67B2A6170D783C48BD981DC07ECF386A9DACD23BDEE1976569DDFC9717C190CBE0230A32D2AF67FDBB19D514039648E912AA2696E91B8D20EFF81DA57334B99FFE05FBB6C09D5A63962847339CCADACA5E9CF19A28D4919B73B9CACD6D1D0247FF646DC0281CE42E95DFF0E25E5AE2D888D8A8CAAC0FA9F19B0A15414F8D1FF484C088AE2031C4E750D9C29AA07461AAE44FD9796DBE4C9DFE84F8AA304A6BB29B39B2A5C2A2594C65C524F4D518D6C242D7FF46E7F6B96E6A89CD1480BF51808BEE37AF420017C60422E915F9054ED0030F83AB31C7ADB22BB93CBBE06DCEECD4F0581C0D0856BDD423F0EBE6D5F03139E0C55CDB83D03B866BE87C78ABA161EDC62A1AA846A3460985F0E05941C42CD80B29A60483C25653E42DB182C9F472F329E9174D16A863EBDFE4C54C178DEFCA4AD1032987B01F6C3379BAA37A5348AE045293BB47802937C5D3A62F97C2B0427FF696FDEC813D4E262829096F34B52D6C712004697F43C423A04C0A71224F17892283C168CEC57BFD9057F97A02F3F47D7D43558C13B30EDAB625EA7CFF44E05B2C9352A1D9A0111D636615683828C9472DED7DC65ED038A5D8E9D0E0B67FEEB899F750574CDA1F83D38D354B527C30F08922003D5B10B95ACF2E5781ED88B693628A46A8545908F92583E36BD6C696243D8C3931FF2570F05D576184539DD8AE382A06A55352FADD1693D46BE27816349630EE436B381CA30DCE19F3F96792A08A038C5F297B2E6758C72625806C3BC167BE5CE4E06910048443149B95A4135348BE71C6D206A63330C99577368947ECE6EE6BB00B6ED1AE9339DFEAA7EB8AB8D15F92BC1FEF131441F16DF0E308054EE8B525AD8E72B04FBBAD2C6E8616DB8C63BC81F04E8EF1AEB0093696A59D9DBB501BBE6857B2383F94A8999932F3DE874F50A74C7D1217AD97A57F0C7C0EB05079CA35855C0702C616F91DA5BF722F01794BD6594A4FC005EAE77EB980C2714DE7C858581DF31F2D3CE095C98CEA249F1888A93D49D0B62B039C476A214977BDD23B7CCCAC1943D435401019F5A7A565031AFEBAD5646C7C0AF1BC6174C2EF54B010E62477DA871CF6C64D6B36F9E02801F2CD775780ADAF2D097F53415A3FA09DCDA1365F32C30AD5AF1EB0D1EE4977946DB922C2B730997E2C69149D4E9E2FD1BA1C5B889B6287EDF121C94115232CE431AD09A145F4A07C63F985DA7EA3B9AFF1AC1DFB5E75FC63368DB9A9B35BEBA53ADF3DC208B594F44252DFC6ECE3CCB64718D1C9455FE6F2CB7726E5FDD2164F50E8860CF7DC787EDB16D25E09997768C7E76270F2722BADF704C465C1DDFF0127766E5753614D6621FF59C15260C36C94AF099DDFAA994949FE6E335706EBF6C675721B6CA3C0BC0E5B513190B77766950275EF8958D87C588EC3F15AAE025C12EB4FDE2F6ED285078B308EF88DF7C6C7C1A23D03C350B22497789B36EC1B35B6D80CC0738365CDC9BA2CF1954BDF3D549A0A172C855D1BBAA076CBDB97EB7A3F2EF0F4BEB21F0CE952F671F474E9F53B7F5589DF5056E35F52AE28D5EAD334705A4A5AF6710C0DDE8E4CF01BDE6907EDFE63C40895B50853188718A7B0F90380EC6428941C8D9445F1E52EDD1C30EDED4DD43922B659349DCC910692045B03982511257B66328CCC13E233E506347C6147165061A6B6CBD1A2C3734A0D9071082C21C9F65751DA83582F33683213785125150B4C932A35FB8E17274602D4EAAA463BB9F0D4E5368319EDF6EDDF8341A3800BBEF6E3B4C5CC112FF99053EE3D9E1ACA58FC3D601CA1C2C7A87320ED24CDF22691EF87090E2C31EA8C2C7815C63C0779646B673248D35086DA97FF0F619FF20BA6594CC2457C67431D79442BCA7CCAA03C5804CBB335B09BC2C446AE45DE75A2CF12E601ECFBAD675809C22802AA66E78BAE53343AF1DEEC8F5ADF551BB512533EB3419B92AC0A30F43CA1664B33463FBFB0FCCCE68473931AC4225FA1AADE01B1D5BB2E401A347481BB13660C03BA36A53B32429EA10C62BFB38FD4086ABBC0E17BD5888BB8B666AB0CCCB33C0DE8811E5A5912A8C0E7AB6A834D99422080CE93CBA65887A24BA4FDCF1C9060CCE47A434681FF44581703C16545989719B19EEE33EA48D72FA7BDFDE9B7864E0C67F412E9CFCA1B1CDF4C00E1CD4E3851E7B5B7F4E84C0361159D643388CA0A750EB14C093FA9FC9EE0897BAB15930E80AF768ACA82753004632D81F0FF4F1D0CCE680D230E51A4022E36BD306A7B0C49EF45C187BC9D9A1F536CFA79009D863FEFEB41B998C85D2B63DD8298300F250C52C2FB6332F10ABF950FF47E08EBC4554645677C5FF3FF3794FB01C33B12E01749E055F0906A134AF383203FF1C70C147E11ED967F6216E91326F9452B5AB8B9484D92C5BD272AD9263E26583540782733C984CF3ED30A950CA3BA6141B93AC29DC7BDF1EF8038BC3CEF09DA857B5B64FDC9D0378DAFC1FB75868482F9D7C8C5F95752696F449BF94F7A66CC60C5337375DFA0CA691A535D1AD8ADB18B853ABEEBE073E45540E475757048ADC2535DA6ACF7698F730E3B4A98D84F31CCC3355D3B4AC5A6A75BF53B1496A14A445BBECDC351E0ECE431179552D8BC9BB1946A3633F9CE848D130F30B48CCF0034CC1C63BD1D7C4AA96F6B0718A31F53C901C5B95935D14D346059B161277E5BFB7E2E68D6525E63C9946AEB4C877A7288B1354F6A723F1F57AE3BCCCB2C15A715BD0EAB5F323B663DFDA71E16C5EA8DDFDF341C7F236291BC300321241725342B19BFA3E6B562D4A3A158F8E090AAAF4B2BD906A56CABB4C3498C1E6679187AC4BD1320FC1F95BBE7AE33B00A4D30491F855AF239D9A86D0FC131BC3C7953ADAB3BEC641D92C025800047923186DBE5FB0C3B13A4386529409A1B823243689F1D424446DCDF252E509F73DC2D73128D9090AB294ABE8E300C4C194E42861B06CCDBCD4CF4F801A1B4CEC8848679599B2FBA8CF0CD923685D6602D080FBFBEE653CEA2B3031C8DB1D40055A4B84B4B5BB354BFB83FB4E7C3E9F7C78A41A320B5C5953D9CD99D4974A07591B1E9D8F7F70536D3E117C1C2B7228C8E66D69C55174D02938C11953637B0E89662B21252643DBC5BB02E1F5002088CE1018A1ED60FD25FF6AA63883C891259214CB9AE777394138288D39898AE86155625458C0FDF325912311F0102908E1C4304A297D55BE88A606551653CE00DC2F6143CB36B0076B120CBDBDE8F8AFAB80B50270959EDF3A3EF5A7F16302273E67F2E1E9B4FC2EF188EA86A8C829721B6A38F476D4BA1CF9AC02B0FB2EF4E5BE697F5C1B763F8A3C41DDAAB6D1427B0CF3D44BA8C9A23BA97A7FF29F0B99EE7B9C94A1CF4D871E1908CC1E004F6D726DC4990B3FAADDF7C08C13181B73E72F062C9A0C9A44851870AE39E48B97CF0D43BF76F1CF3268295B712F0505C1E3F55DDD67096D810CB651BE66C39D9E2B3285F21737E5D7A9FD1484350351E6E10570408DFA4A97745F20D9EEC1288774A2D88734EF12CDDE3CB18A3377A6C3D4FBE5F508412F7600A4715A91331D6251433C29ABC5497C68D2A4BA3D67383166EEE3B8776154EC096F050C23FD8F37404A261245842EB154EFB39547D83ECDB842D200908904DBEADF0C34B4B296E621EC6B9B111BB88287727C66AE241137DBB256D832A60D849D253E14DC5039A5B0FDA4B19D118C133858618229E7D35DFA71FCF809CBBA3F34017BEDD46852A134017799020D690034ADED871D4A7EB7C05F6F26CFD99A4C92E0755816221A0F103F1D41161F0E1EE440C461A0166EF35DBED678990FF085F64A6265CCD566BADA51A0E57D22FA79EEC6FA166510016B72DDB144F8DA1978A68C941A312365DBD56A3345B3F5E2E08DD6926E81E16A6AABB08181090BDC12ACA4F876D1128215D6467AEABE06830177E87E611884DDF89D091D2775218CE2AD99567F85332D2C4BAD8172A2BD051C01E17183DA7A1F0D9418C6876528A75C19F3BFE4213601D5B68A0ADAD1705B90BA7A78551C723CF0FEC7BD884147155E86547DBC1FEF28B6C63A8E6E5463F937EED9A68836BBF42BC44BBD9F72DCD42AA2FDFD1A7CAD384CA0332F205DED1EC21A8AFB4EA889F481B6F37D03099F5EE4030867C8CD75BB4372BD7BF34605677D02E2A2D49D7729F37FDB945D3FA3EB0E26F3EF93AFBE574AC7F674E29606F3556DB631B0E7A06349938F03323A25B59A0AD1D8EA1B63579BBFA941A6A7459AEC60735442E51482B8AF9FB3F49F80EC8E701B08DEF96D499AA780945DFAB6168C9D2681FA7C8CE5079DE37AB9C132F103EE5FBAB26E5640C2DF05F0569499CA8CF9C9D05D81F8501B2230EEC4AC274DC42AEF5511D2C605B09CDAA95CE5640EA6C2821C0C7FF09367DD979A3ABBC5DEEE0E5154BDE5B4D261B42A4FF260B5DA3EB0814C9E3B9917DB49990E07E1F6F69703F0FAFF71381EEDD70A08181FCB6AE6ECC769FB3544B0A0763CCAA1C75B3E8683A2E3884437FFF5257E9687891BDA6EEEE84CD13E9DD37C4CA5AAECF20AAAFCE2B0D3C2248B9E757B623E3CB4651EE92C0A01FE36E7949FF6FC3F4A4BB757D7C9FC5E803A893179F1F34F94A6AB2D69D72BD087FC0B2DC0C8481BD83538E1D52BFFCCA67B4F9285AC2B82DAF0D5C994B937085883C409F3A3488544BA14F0F21DBF2599D867AD810DE970DDB8704B3EF07F336BEC51D55C725A5E49A44EAE2AC1835EB17CCF5D53E4D7BF9A72236C6440EB3C96F95DD523E118686A30F16F730E15BCF663F57587AD5191CDCDD27D3BBAF93D2401DAE6E9B0971A505CC0DE9518C81552C15F4380DB10FB05A225B54E2FC7946CAA05959F4C81587F06FE7509D3E81BDD6C259EFDD7BAEE54BF6EFE4FC58089F9D5E4E6C85FF30E72A0ABBED2BCB5B202CB38F71613F916CE5C8930E97E0B134D6865AF9113371F4382F6D44A50DF0B430F1B5D50788A92AC01B66D2DEF0C140AAFDFF151E005D86906479ED7C52BE2019881DC65841EA998EB40BB6D3FC469FA8066B5406BC3A129FA32AA5F17C0DACC6D66E91DF4F49C720F143744D30AD550988EF1EC405DD845075C62071958DA6162B09273BA2D63AD65390DAF543ABC332A8F340699051507E17BD8443DE89559FFC53E77EE6E763099CD68D9030F2BA2CA04E223F062F7118569501FEB1473708EB554FA9F0505033E03D9A84A0E7EBB555E9D1C6F952759ECB01FA14D385C278191A6B56D312180465ED64DB00645D817E846B0CA581956529A7521A038F7F07BD20B7FE041DAD8C64961E9DDE9AA2AC52C47EAEEDF70831077AC18FC8AA8F205E168675CB7134CF9A2988A3AA2FF3553725334BBB4B6305F9D3DD866DA2CFBD0925FCB5517EC8057F67F2DA3D41FAC1B5E6D83D895C969E6DE3213B762EEA1037FF498CD4991130BA1972F2F84CF49E183F4B4B7A9AC1A16EE664833009E1FE058DBDD0C62E4BFF39676A9F4B4D614A0698B6DA4A7E206F2091C0A6FE9FF0F534BE8D2CF68985F8CD57DBEE6FC21F863D602DD6638E7AF5AA944D55AD7DFBF71A4FAB0DFE11BFABD1D430496A0CD6ABCB9A6574A4011BA5B122194D030053398B2EDC8A9B7A4A15AA318956C6CB587573284212C8ABE8A58112C2A02332775E4FE81A10CFAC9D1EF3BF108607E01553F0B87F4DF2FEEBDB40EE4EEEFF79BDB25D8EE4628800ED235974FC982ED11F865627C02D005AA75476ECA5486AA7F7F1EC30945B914B855805166C90546D58BFE0369841F0C072D8CAC3A9EB8662DAE9E9CB2D85EF581BFCE3341388B2D808ECBB96D5FBCAEC4EBDF0446B14AED5567DB137B5E3F4FD096F990E1F9BE807F98E61F97D9A7E532081821A274D27F4B52DF7DA6B507ECC2CF9EBBC6B920CBD577914E1790FE9151AD8022CAAC045B8FD53AD1A95D43F98D72F487BB17124ABC7E987968AE1A8EEE8E8B52E7E6148368E15A042785E739FDEEF03CFBACE23F9E5E4F50F2FC58A68C4E8870D984C7EC13A9136663828314A648533B85AD0A7C75BB6B07A64107FFE1753621DB244306121F53D167A9A2BD9913303023894E65FBFA998EA301F8BC8C4F91EAEE90BD1074B1837DA0CB8F12EBB284EA043A07FD63C0E38A9ECC014A7C49590020BBC819A1AFEF7D6C9B0B0B1E9295CC0B22AD0EED81B96654B915B949F036DA0222B1D1C2575830A5CFC8E29D63F407AB5A8B48BCB5426E4D0C7CDC717758A4482E26E55CD8505C0BA4C823EE2D8D1BA363D2097C7A26B7BF5A810EE498D2B42449ABDC3F02EE640D778DC13A3BCB01B1AB75B323937B2A24EABC37FA42AD8DA4755C93B06D1E82146CC9701A214F898DF81EB75125EA8784253B7D7CAE8B02EA98BBFABDCC7038CBD18A6DFD5749FAD47F3D6B937C5470E17B85B84398C5A551F320375B5161BD07F3CEE8EF8FC471BB8E1613689B69225599EDFA0373D749EC1A47B7F0BA6E885FD8D3311EAB141E667F51C9B104A59FB299D9DDD033C416EE423AE562BE1E6B1769B13CF251FE157F1D7AE4A31F157E03C74E29199FC1A847F735BE1E2316FAF71F5FCE370340E447667167592D7120591C18318D3BD63D17C48EE42CE43CB6A4726807A122D7E9C6660FA4C2181EEBC176D4D6E4B33DB0368265FF794C415B670EFBEC64A887560C758E6A67AA622DDAC7B716C311FECFE5CA46979370FA19E6B9CABC9A174B09749954D061289E8CB1FDAA66CE13961631E37DC0E2FC5C517DBB6A378EFC3D3A9DEDC7D6AA961C14B94D4EB015FF491ABD08606979F5167EAF092C6FC43B2775FD09D26392A8D8F910B4C7C75B9EE3B37C682197B0BADA76F9F66571D5F7EDABCD1016549A68903E86ADEB4C3A898828EEC14943B114AFCB7049F3090E4B1EA68289C3CDE01C45C7BFC303CF1FB651589DC0C026E8046C1DC1E4EEDE224CAD927CE7D4059F1D363AC454F22D3F9C6CEC98A47F2E283E36424F53AC785C171F707EEA6A55D9D5E4098F2E56E95AF1FA44F9683E06A4E9ECE03AFF743C4CBA4E111497EA68E126934DC6A9DC11CD83638E05B86541CACC128AAFEBBC53CA1FB3393120A2D63088664F8DCBA74D86F6A5FAE56F43622F1DADC62BAB6DF3BC4D3F3EF9D322DBC6AB6FCF9CF67E3271CC6014446D17A53527DDF745C6621AA6351F2051FBDF19A569EFC908E6793E14C93536118BB2B81A21B46E63C4B57A46B27B47EC0EEB2DDFCD80829B9DFD28BCF1F0803DDF8DF58DD45F50B6288626A7FDD7975A1CF25F2D5065CFADE52287739526586CA15201F6118BC52F104B4F2FCC6561A1EC7C2B9D4665015E5F83ED86D4BEBF7582B6212083AE6D66A2E0E7041F528150E58FBF81FD8700EA5DD268BE5C902B3DC793BA2D63AD6C793CD100C6917677BB1FD901840A6B3A660FD2F1BDC517D73E48770179039E68D1F42D9EA2FFEE55FBBFD9035F322326638B4A3FA1E9D2B73653A756F9510856EA8FBB73AB984907427F87784BBE76061982AFF7F13F7CACB2A77D1ACE99582E513F38AA7E1D5F5B9D4420E587816D34F2A009FA0977977F01D12CB04183C55BA9FAD9CD979236C4D6A858E54EDECE401CE0E64E7AA398FDDECBC1A76D6EDAC7F470D92967F9B1596E2878510A7804768C293D7B81FEACA611E9471949012B059113BB58FBE82CB4D146FA56C52E2ABF191E0F62DA6D862A47052BDAF141196AAFC352D91E97EF672A9DC4117D4F4778634B738E0522DD8D07188A1D713FC44D0FF7A1AE6981E8DF59D79DDCDE61068B6E36418B269B7AB673C3D9312232C2F712FB15A6BFEC42FEAD60C25521EE72147497F814D629D739E659E355AF3F54943FF658877622DB4F19386FD9988F4C1E1C5255283C16B6EC847D733B66A65D88CD53310348557B2CA891A3EF7F92BBD99D965D0358BE97EA25AE3102CB3D3227EBC17BD17007D5D88C27AB2F1D3681DA262972411B477D2E630A6CBC3ED02F459E3B4573793671D4733099C2E0168B023B579C461686251DCD8F861F32841DF911A98A4479A1D4059CA5AD4FB2E4525B3B26D060623FEE6010A578504233D24DC0866EF3365308BB536099CC76EC904EF88EFDB77B935779A9DEE3FB63161CECD16E0B5BF1F8D155829C928BE435C1C7AEF95E454529943755204B6E0DFD9D36A6F80422429869823A4E9F7184FD98D113A5CA064AE2F66BD36E772E1173C5B7FCCADCE2F98569BD705124B1F30C691BFC299E6B59A37219981C7A545CDE8ED672366183278384CCF0130711D9AB1A5C772613A46BD13B3D5A5A11A23550D791DD8A9A6055E4FCCC06E444F254AD67C87CFF02A82D3FD783CA16FE92EA0D1381A59019EEB1620332C04445B6E970A603517A95290D118176869A5F9E3999137E19B13E13D0C5513C62631DBC2DD30DA7A95744D210B85294FBE3C92AC492DC2ECF57451BA9AEACD8CD69BDF5071541CA77CB92F2C75D9DC4B51F54E188042F80ACD93FA86E66215DDD13A7A58EBCE9D30E71DDDE849DDD3183F5418C22D4000B4C2E3183B22988C957C132DD588E39103CD87586C2B6458EA4601B9D6E7AD681168CFCAD1A196F8360F991B9AFE6814B1155A9341DF9D273C19B3ADFB6F84A0E53834064D5F10B561A46AFF2A4ECEF2253EB568A5A166D2F13876B9AB8442C0ED4C6317810631E9A790C67DEB186C4AD5E46C153265B3B96AC8D520E3E94D4E71BC24254152D793C72D234181DAC5C906AB2C4112CFAA07AADF51C97BF5D01AF7AF6330C5F2F5CB8A02A1A5A72A7828953F40D7240B40EA5C1EC6ED7EAE40C8FBC95BF34BE47B96FE5462CAFD04202666B409ED31F71260EA4C2BBA43DB0B73127D457624EEFA207B1B012C7EACC6553962A8BC77AF49E1B7D8FE458BAD745E52AEDFCB27DA6BC3283305E9FAC4E373EB890332AAC295BCA5990831C39752D8BA9B19ACBF0E3A129843D4087DC3AEDB7F83C1E52C8785C073D0F824B1AEBDA4804D2ED0510D04A4007E21B3CE314A82711E8023AE7B23FF090B320CFB5768DA9B5DCF5B9C13F681460E7F6BD71FFA3D288672375930CF7957E1E7DD6B35492C49F6FF4DB3BAB36112CBC421BF31F55EE0F4B23B9B5989AEB138BABADAF727380B8A58DAEF70CDF068BD4DD60E9426FF1C362DCA5D37C67D7C178D87022D5692686941F99CA935B26E90EE1E69DD440357C91CDC8781258E565F7F41A76794F1FF255EE7A68D803668F48C8786CC5D9F7D7670696875D602F5096B2BC7595B6589202116954BC3A122801EAF5F0626868EF29CB8697A97061F6D69C43A44543C18494F28295BEAF99D620F4F17237F7B991444D99C62BF64D73254BDBF3ECF6FAC23975E2036A9A0E33572C198B21BEB2DD6F09B36EAD4FADDC5349233AAC6B8DEB5C10D948788654348B3F58EE74A0F70CAFF28FEB55F9382BCC7E1B67F08D2070984430483C95AD61ECA94B70145BAB099F7BFC64E1F29E9A6693F886E25D5483B741D2275747BC983D695451D2708A68CD9D665BFD94DB9DB053FAE1B4D5ECCBC50856EC295645F59A18E0930C12745EA41738F513A65A72FA237C1E7794B8477D7A011B55ADBC832C9F22D9DC8EBA498CD02B4BF024B9A00C63CBFA99962088D1E248E722ED015ED711BA9736E1CCA2E442BAF9A9414243AA9BBCE3253D0E4C1536F59E4D208EB49F3FD15BF7AD3D61D96E840DF3EFCE8F80A85F4AC69C7151B39B9E0C333726DBFB58F98A086B53CA7B8AA5496AF7CB36802339A8A9C9FBA88ACF8C555EB8A58BCE0DC636A1D4BDFCAAC512525701223DFD75BCB8FD456A968D22E931BB1624D14BCEB45525765D1C346E5EC6D57F2D09713E17F5F77BF10961A39300EB3C1D37E22A4B8AB7605611A0A47428DFC97B479F6E3B3756D5B048A6457A88671C1EF427A38F7B17FF049E2EA073749C5E9918DEDBCC3CEA31564932E46AD82CAEB1C340C55B87F0F3B09F9F8D7750850480FA497D9CCFD246E0B7F6E5FEFDF5ED9BDABD6B412AE7E7756D9D57EA5CC6E0BD1E3A432C56A89102E60813CB1806FB27B5B925CF35E253EA7DB5A0C0D32453D1EB440BF22AE964E397B90EAF1ADBCFE61798AE45D1141567DB137B6046D5E3F3F1DF81F329D83E6CFE576CA7BA86B6980F7F5FB0C7EBEB63FD347FD7D9A7EBBA5DFD7EC5FFAFB0EFF2D5BF5F659FAEF176FA3EAE37D1EA977E8A47EBEB52FA3618009EB1C906BFB167E29A056668E51AADCDABC03428DA6061AA36E019F7172636F4557360BE11B2946220B02CBDE16492E51CFF89A2A8B2CF89FFF2C46C321671ED79FA02B908F33FC7729991B1DE8B4146AD8162244E90ED6421970F07475D81A8593A84C7108E7C264057356EFBD389BDD66C6AA3B9A97CEA59E3B70D276B3D9345CD7834E4A815AC2E1937685B1F540E9F42B6B45DBDC147D17F8BFF0584203F426B9B56422C4A7F2618EABE03D8FD063B195C3B59BC7DE15581EA37B39BA9C798351D9B0DA10566D572E41DBF8342087E7B96E8E3E949D3B2EDA6C1CD09407B8C6BB591C57267ABDE4683FDF01A6E2CA80FCA3AAD1A95600EEE58966F6EB16C2D858DAA5B1E3740CA05E5568E6DB3DADC97F4A2E974A556589FDD9520BEE29885432558CD172EC094870CA78A0C4015C88A4327FB80AA061A70C87D57F0D2E089A61B4B1A0431FC7792A1D4FBBA7606E4A727C3FF694907669192EBF2E242410426DFF503285DCCFBDF02DABCFECCF16FE6AA6D1F9CEEC08169B0169CF987E8EF7A4B2E2980605AD118AC7ED2AF0A0717B4ACC52312ACA83D16FE8A65130C42051EFD8727C0517864BCBF0416B41990DBA2E5CF3D902BF67BEB59BDF09903501463D7267931B86ABAEE6ABAB4A5CAE15772B638DE138FD5159FC32E42263E0FCB978760EE7FB6EF4FAEA891590182CAB04BA4EB24C192DD5D003B7524217FF7D2702E75C2704E25EEC164528FA97657903B55BB7CC65D3BC048BEC7D644C5BD6A573F346DA547AF570DF7F88DDB76560C7063C15B098F0E69D60E789DE32905DC3B4132FFAFD9298157F28A7E40512A45593C15F99BDD00F65C9572C8A26047DB9362D7DF2776D0A152ECBEA69FF43E16D44FDE0932D7C76C226A56F53D957D268E68453B4D730DD568C43F3775565979600200F185F5B8021B15EC6C929365A26B09BA40D2F63947B2C4CB9464AF375F439581D4C279872A57D2982CD02964C216B5D3468F5C7675089315AB3DEC0DA8EB503EF4A930784062A2FADFF4955A95779759D0A139F290854763958FC8BC5EAFA12160E1F8DBDB69977EA10DA43AF4ED086A3FABB4403232ABF9B10D1CC517E7098669EB364621BCE28C3DCC794C71A51D82634CF702ED2028B16ADD4A1CDBE005BB42C0782A0FA0043BA4EED1F2A20F7AAFC32319658F86145DB712FF0C657ECAD03008ADC495FA2DCA0F48708B04BD677AFB5A04742C486203052F775028698013A8DC710EDCCD30E6225E4991EC760CDFF49B1F4CA193874973F644DF2FF56BEA9E354F7B56E90EF6773AAA0406950136E9302455D3D4AC9E45743424C3FB332ED4F16344A06C23966ED22C95320BBBC79D19D8C9619A00B030A1A09B2FC75C7BAAC0CF78DFC8A1534DF1A99353D5AF139ADC2576A0D06EE6B663064981A9D2A8A1737833FD4D8B4DFB5A32C727847ADB59ACEA6F6985E7B7D520F09976DA890EF50594295533E1439DE9AFB91B2077D649331667D2BC2B751E5F46EDC3ED85A305D9432F932BA2A33D2345CE300B158EEB10674D55FA2F80AAC363E357DE1E941A0902ADE1FB353B03B28D4B023B7FB4B71776094C770533F8F3324194939545DE4D5AA973CB9BC33E267DE5B960AF9C0F55A81DD6CD56E36185CE7D5CBD0D69A584EAE754F77E801BC7D4B6B1F2530C78B16F1179880F681D6969487799513199B32AB24740A87AA136D2FF02C09F8927B170A8F6B41B3B23F4CBBABA7DA86152A64A48C97E5B3E56CD4CB1FC6755578166A2EC8B744216143DBE897A672C3B752BA5B596B06878EFE9E6EB6A97785070A2D46F672A671BB8F3A60985DDAEB34052E72F296A1ED07C25A37315AA515ECBE927C0975161E28E6007D405901FF20EF22C8D2D5AC29EECBF3AFAA81AD00E08B5E2CF2F73BB6DBAD3137677973CC755ACEB0F5C0E3A27E2401F4F8EC78592037486C3CF10DBA9B63FE63FA6ACE5BC79107E3E41487CCDF1BE12E261FF3EE48C4C035C9606F6A4920E3C76C58958CC96874CAAAAB5411B22E869659D41CB03FE2FE745848AEB16601D64C3781C129E8B86C548420A9A11B578A00F3EC5DC50A629B7BB6985083EB20263810CA32233EBEC567132D8F5871C1A32E6BADE464F13B3925F3F64BFDD7488946CACB9E11C17948CC511F09EC2C8A396CE1D0C7051BDF60BA054C7E309D20924A3C86FC635468EB54CDD6A53D6562A798E6A44FB9E37EDBBF523645313579BD09BF2049B0CA89981B5CAA2120DA9D0C8C8563794DC02FAECF28B37FE27BAB0610908062ADA39CBF0282C2CF3A3D37BDD24D889BD2F75A22824E46C271FF7E0AB042127AF027D865C3AFECD004C19A7FFF14C01213DFC0F54DF1B384DFBE395D6BA094D2A1836A04A041352B5F40CB30216C2F2CB47C578692C8A86447B9E0578D62C57E47C0E9DA744CC8C1127ECF190CBD533FDDBD3D2F3B5686ECBA88B3B2047A8BE89CFAA157C16E83BA9A3A60C46AD10C07E129C1458CA2E50B88B3126F2D0C98198A4FD339F797C19BFC3890E343AF09EAD515A8EFB2D1758FE4941220DAF1ABF467F8566E6B6B634841076B839032F0185A7E8FAE1E9CC218A71EC68BADE361A1DFBA15CC025C117CEE7A53AB4B378C21100DD92EBD977CE5F956AF7CAEE4EAF2DDFCCE460B5F532408D2C564CA119393D9A64F70D72882C0B65FB0E37E679A35BD3D4AF4EBED626BA471C85ADA01EEC2644F364636CAAE2B8825D41B1A8770FD3308332F2B526895156518E984B589E1D0C2E5E502FF1A128ED27C75D1210D821920D0D14D9EA079596AF5C35AA0B8A25C90D4A728D1FF4F4AFF41E04CF6B0BFCFCE58B14815564FA8E8ED4E54FAFE7BDF8D0D9F175A191611160EC4322E8FF3DAC9613FA315B532A558C8DC244CDA9DD30DD362815457E9E71EDB421C98D0E2C6C9FE398C0752E474801FC258F0C0B983C9374AB96AFAC88E60105C2E935C4534476BD983520CE8C727FB34A84BB62805CE4DF51657E50A9A7D73432ACE1683821AD698E4F56C2D90673E316183EE627FB2EE2AB643A9CE2C498B8BDFCAB48B27A3C73D24859D797C9E166418154FD4EB25DFE8E9E7F3C3D8C4633503231E378FB00045F37A5CA84C0EA8CCAFB95960F4E92C1A2A69E8ABF5BCF16E51847B078DE276AF723D0864207DC3413290A4CFD3EF480F5A1D28D20DE6F3CE03F3B67DD2C1F206AF5D45331B67D9EEA7E9C30A837117D11E1D1B50632A4C6A518972D37F55096AE4EE36CC3DE18F32D55F26660A7DF3D8D13B0C58C88F1502F13FFBBCB988381397C0A7EFCD23CCE81C57A2E90D0D7B4C2367A9301196DF3DD0C2EFB02A5370494E6E5E8F169CEAA0F5EC420D6C5AAD66BCAB2F00B4F621431C7CAF1BAB6D884A1D6BDD3CA892F281CDFAA1676F906F1D105F0014DF7EC9E41234485D738863766F8A0D66143D616B2752F2D8F80F2FFA33319B538C8C283BD07BC8A098676D86812B6D356970A1C5D447774938647A2284AA42247714D74A554033652C90E258894765FD1295C758EFAB92123D90DBF8F1B915CE80040EA2F7E7801EB84792F6C82D3E5CDA97051D83BF56EA3A79C37AAF22EAB12C493E9D2AA8B0BEB990E858D6EFFB7FC7C6EEBD59E423FAA91FF8ED0A83A76351D7C636566C4EEF40BF013EC497B28DA9419A415089225E64B1C8E58A707772E5B7AC68900B2548BFB72FE2E46CF146A2CB96030C550EED1F960AAFF8B7643D395F238334050D27479C62B7C5684C4F765C1C8101690FDFF31CD6A02A2AAA89A0DF5A358C86FEB19258853B43B2EF3D708A898BE224582AAD96C387E1C753467080E92C98CE06160B1BD0AE64A8A23F595DC617C03CCF9C30B5177317296249C0E8DA54AD81FF4E557B2AEAE0D8A35BD1AE07D1988FA20FC1D08D7AA42B020C2CE43CDE7CDF8D389EA892EEF4D4826B85FE187CF809C7CC70F1879AFB810451461F56A9793F4F19A85A7A0E1C3297D6644C5934200AC6F81E4E94B7DB24F998885B895BE5392E069AF533E28F109D48C1E9336AF2B8C31521792CFD415FB5E10EB9C82FBFFE3063064D06D82B54BF598A8BBA5FDD5FB387B5BB6EEB7C6F49D4C7AD375E6DAE9A41069C7EBFAD7A05E86F57DA6FD1058346CC4219EE0D83C471A28DCFC9B843B1CBAC9DD1C30ECF805434307AFD7418B67FA9A340008EA4BCC88949958813E323944CB06DC295B9B9ADFCD71030428A6FBBC25030A7BF6AA6721331117B36AFB7246033A1EF6B0537EF0DBC46B705F8C36F5AAF1BD4EE092E5EE319C81971055A7FAB982F2D655AB1869478924F79BD9649E8E67846C9561B06564CA943BFA26812E2A776F3334DD1D9F42E5B14F187450B47BD73DE31DBA623968F5C9C9B715FDEE12AF0090A413C18223684BD720C90A4AEBD166E06130FABC7089B080F7E6C94AAAC79855360C7F4E121FF8AB0583A2B3C5652367B24505759E5D55DC0FAAE416FF226FF4478773313803603943147D31FD193EE95863F6A1678F710E1AE537CB914EC2BE0D0499C5BB74AFC631726471DF85FA2F8B31706D82E68AF3EF95EC0ED0831CF575064354FFD5A701366E6AE81FA9DE7DC88B8B84CD8420AFC467DE2679919331277A22AA603E4ABFAE3C99E1E5D4FD1A874AF0AFEA1A062C38979A70733F0E1850AE926E90FB55F245DBCDF453D2B73E9A0D78E285CDD9B51173F9E129068CDFC51B68C36EF24D10F9D0BF5567E0C563521FB76F9C0083C2A76F8522C7DEB14C073E9D71FB2070681E057FF5148F4C0DE4459D618FF066AC3BB2279EE5A5AAE6AED230421EF62FE309000F1665FEA5F48C3F25D59C3CE571AC8A682021BC513F6D65F3295F7B846C90BBD2893727F496E7443E6B67BEC7A0BAC89942E82E12BCD874B90D5027B878AC08560078D64932DF199A0561538B59013CE8C79D9679D6BCA9D3506BE0A0A6CCB32B9789E3445E956A18C229D38F5A0C4F08C675058835F426EB0E20EB28A33790C17C13CA87C6EB6E984CD7B6AC42ACCFD194943E9D3DA4B0A9CDE3EBA7DDC6AF19BED152D0D86EB56C0D19E28EF5B0CB839F5690D96C1330BBED5560C674D3A4CB14A60CB7F25135C34E6AC2964387AD4AFB2840EEFB70BAF84E32DD4AED78534A854D3EE111D0BAC8C1F8CD25E579BC4769EDB309D12F2E6C7462B5704029C9D092BE10F6C861841FD451519D9D44B923D78CA7F900607CB0585668E6677EB55D3F893F64583971FD99CC4AD824590919A107FD1A5B7C28CCACBC84C7396F65FC0BAD25F6EAC7DD19EE182DD7D468C93C3EC762D882431F835A0EAFDD8F18A803A643A2A6281CFC54D422E06D09931A1EC57BC5CBE5780A07417FA4C1D0CBFBC5E558BA902F5E7A66D7A1BD81A2D21DBD6AEEA09B34B048DC3D369EBC6B5A647D22E4A356AA6F569FF85E4F1645D6B187497728FD5F33307A804E78EEA77A2D6C4C68EAD6F55C5E47A204C36AAFE573427B0752AB0FB8CD22DBA80B2A5B9874DDF496833000E1BA3944933CF5FB5F9329FFF198B21B83239BE10E996C0B6C738AA268CF3207C9495BEF08B6EC5D338B52FDD8B51581AFBABCC12E909B9B28213ECF4F67586619CE8713742E79B47097B7015646BDB8F21F4C5989FE29DB6178B057E2825D7BF6145C7B710DC0D538A9F88F8CD57890F7BC5F2F37DB6D5127C61CF726094387D31A02461A1E4F04B579140A624069BFC18F3BB2B98E97DBD88B561E4D2D0230A88E057D6E82B13937992829FF58AFC44669FA2AE752464CDC39244E4FA326E31868E89D9592842D859FE491FF3D55157D536721B5E52244F284FE42E89F37F50A7715B265942AD50622ABC1F7ED6BD0755EE7688FD9748279234D601D78E37FD197EAEB09EF40A242971969876E63488B26AB8CE9FCB889B8E65FD45B0DE4C367B592EFA0F2CD08B6DE29E5DBC9B151E2BEA3AE0A29CD621CBD8364EE13BD3F73988C61D6EE201F70712DF3A98591FEA806137F1E1FF00CBEB4D0215B0D22FB77AB24BC10DEA00AC0DF4BF571250C8D51F99AB6E61D827CDF817959DDC2468838C91B22C44F793819E95F17B718E20C7A5280D87448319530E32E392BAD38844A934F740E8D12B1E559F88FE3BA93CA0874628D6899575D467F6E5A558957C8634C8136EE8863F4BDC4624F50FDA44243D35AF45B4E22D20C69593EAA7C81D7B4AC71359A713B820871FFCD3AB988CEC4BDA492A116595BEE72471C12888489F5100D54982B4C9A9B7824650CF0B004A64211348D23718AF148788DA57F5EDB0CFA433EE269B0B2AB74D65C4CC1695A2587B0B29ECEEE4F5743E3AB9D3D80BB70E8260B61AE01EC0C4EB395061CC0BD1388A89B63E3B892DD3F21F4F82BAF671D8262E9F9B244C78DE7C16332C1F00DB6ADABD648ADA7F8DB8A5F49AE33EE59B6772BFAD07FD151B12B3EA7050999D1387500EA5C572DAA6043724AA0D02C5BA3C749F4760D6DE7E11ACD93A485CDA445ED5CF18852082758C31EAB4625784FB101EEE81D604DD803386C8635C6CE58D58ACE9E3EFFCA55F624A40F9488F22BCE607CC16432AC037DB09B4B525C15E4A1BB4D3FF3F3F2D3616F48C52E04B05AA4203EB77E0C49771246ACF3959FA086B5C7034C616BA738DF23D228288DB7E5D1ADD6A1B1E852A42D626C92CBE436510186FB052A5751753B511FCB4163DC785D18CDD86F0D816E632AD9F2B8219B4B4DFBCE96A60DF8CF9457AD165C4E66F388B58F12493FA438A44F63F54A7DD456F1BADDED5A1EF17A13A9BFE512503F2F453DECB33B927ACC8BE93E2747DDEB71DAC4B8958881FB81F4AD1A14055D81A30319D75FF11DC4BF7935A75223D787028BB913BA0FA0960A7EC7BCB32EF2C6F5552CA072BFD45FAAE0EE057A95A2440E9968367D408DCCA2BB3A136A1E3D2966282F62B87AD2C1BFC10F73554E1E263C14F15B7980B9CD99C2E3155B6E1F4085EC1344BFCCFC2F7BBAADFCF70D5ACABAE0698C61A1CA6AB50036EAB56C93A74C2E70D6EB2363EE28884CAB0DC62F850613013B62A3457747018096C03C790082B46AAE78E2660FF1EB6251E478755E40FA068DAAC238C20554B67F4CDD6B28AA47BAA53A47472CEDD5042FBBFFF76A605990D625CDFB00E148131803CEF336582BAF9CAC8D327FEFE300A72B94BBE626D41EEE1E6DB91A81C0FFA51F612AEF1EE5A47C349D824238558FCA0F2910E5A2B4E3052B8C1E998611B4E3C7B1396A985498A6FE8262183B29D0B6E1D05317FD1FD9AD9A17C209D638ED547718860E50837C197CAFAB18F6E72A61A06D971FF49703CF1A500323CF9BC1606553DD21B4B6D4C7F7A6DA2D6C80DD474D70C04A9CD8D6D62F0A7B680BF51F8D1444FDA863101EC9D33E0EC6ECCFB0C8E5B88A240BB474A03A3EEF3AB0775C7B3BF365B8DA0BF838F9087421E2D3387D3FDB936E9ADD5B4DB155457CCCAA72450C7445B72D0259208B014E2B4F5EC9C11AB9EEEC4A8746C9F993DD35F1DAE6D463543A725B03A45D2528C85FBDD91DBE79BA0EA277FB87DB26569BBD09D3CDB545CD8AD6EBAED4638A38C220E86D0A830D4B0827BB4F3FEDA24120DBCD8311262CAA5748AAD6555479AFB04AD761010D450F2BACD2A4A453431B337B3149C910A4A9BA3B5460A03C0C80D94C07AA3FAD91D9CCD8CE782320FC29EDA0C2BDEB8AE9B8115CFAD88180DAF2D044F00B5A64A6442C43CBE151ADF4DD6B047F483EA11221EB84CE83D2F8930F429FE3E6347E99E8ED143B2981EAB1DA6A54BB2A2A1F4151933E254A5E823A4D06E05ED7B493D98847DA6810FCBD22424FDA5FC1DA9FC8D94B839B43BA1E91FB441D85CDEC3B4D3556E26B3CA18FEB151DCAEBC6C643526E13F085B6FEDEB22B8A83CF70029CC310B4A09F0F26AF9BE8DF1EF177E870AD1FD5830199FE915AFAC75124D94717178BCCDA76822E6235386E1705A313719A47151261AE1712DE0815A9C5A41CDCB5A8AA8631835A5166D6E53B9E3C883E40A2DAF4593B460B2BAE3347DF5FD95FC4DC7B6FE4A29A00BF8A9602CE3EB0284D56366D9293A7FF9E72F2F2B186E5495A9A835FEB5632BC64F8E5BD9948E15A80791C3843DBFCD95B4F0B9766BEF55131C7F2D6BABEAB8D2A1B305BDDD443382D7A6257A1FB1D8D1CAE1E2DFABF9E839FA0DB6173583189FD41BB4E63961CA3D86D7173DF5ACAC7E6718DD7B560B86B6FE8F7D36BB789E0E461F78759927984BAEDC792B5682CEFAE1401C1B1936486F8DC74965036FBC83BB5173AFD5B44864E0004412F12B136B67645F8CF5F2A9A924DAB013D3CAD2F985569DEF649C68B6F819C3322AC36F2975F7BB5077D81CECA7482B79615AB575771B36DCA3B9AE46D507BF64564EE351877BEF17ADA29B703F3E6B3481926D7CD3FD8915195026546C8F0F4120ACA121F07EBC4824C5FB2DB7F53BD7BE800F267C128E99A67962B4FDDD16AB359B42944813D982D416725639F0A122AF28AA62D9DDD7BCE84EA4042DFF0B4A73A7F9F926633F29859D88E0751F1C4AB7CB13C1A8BE18BA339836DC6C360960E27760179D2A87B3AD02B5E3E42BFBDF0ADD336C5E6A7209FCA17C89462EA976C03E313217168F8F85BCF7D078E7C49E7D7D3BFDBFA1ACD38BCB0C285EA571846BD77DE5C2D299995A177BBFB0667BEA41254AD294A2FE6E9822F9682A1C6ABB3AEBD673C9BD7C5E4FA07B428D457A64C13EA164BC76E85ACE27EB7E1873E62F8B02C37A3EF073994C4A5A54B44053385C71BDA28986DF40AB7DE7C824A890AE6C5CDCB997114A40CDEABD56653BE754332CF1F688EFFB52D249AD6293332AA4846871D52C2116B86C0D80FF7FB0351365C53EA3F36BDF5190B22E0B29D8BC207DEE5538C887EE7075D9A89548718DE5A32A655486D440C004CEF9F50D34F66ABF2C56B939D3C0DA49B9915468DB045C16E4F3955130EB8436AC628DEFFC32D3089AAEB6F78A7070D44E6D28B7C081947D05A8603BBEE46E8E36FA3DD632AD62CD04A5E6235D2EAFA72275A451406FB7A40A2297109C5093AA11DF478EB1336BE457437FD8B51ED369B17D3954B3FF441185010D80892CB4AC6C35F5C393677CAA110D3F3C2815A7540BEEDECD6FECEC299FA6E28E9342F18B61DFA813C611452745ECCD50AE9E9EC90A7BEEF2F2A625701E9931F78E69EF788165035F3FAA00E77B43EC45CC030C4F356630353698B32FB285D6CD6B45FF14528A69B70FBA3A547179A18ADBC10F3A105F1854505929E76BBFCDA27301A4B340E65E76C2229369F37091792CB4F58CEFD30AFE6AD5BC8B51739EE13E5265CA4B67915239610FE7F358832A012734BE52DA6CE12301D437122A69A16085C073E7342B2A700987D6A07100EE584DD0013C95468A7FA03D680F73F502D5D76F59214575C2A1229EDA25BC50C59D75AFB81EDDB123DD5AA5FC434D4A28A83EDB19F3DA5DBE0C96728D663A3CA460CAE83BA4E80B01127D06C65F0175AA9537494D74CD7C789731385F7FC0D41C47E5EB140F98533C0E8A5D55BB0B84881E2D293146E4E8BDB47809B4815D9CE17A89D5715B272A0AD802A6F068058F264CB0D52DB282370672AB693A84E49C20EC5452A08F0886DFEAB3D8E63AC7293294ECF67BC93FB000AEF228B26A6FCB95A80C93000F949408062CCD56DB5AD8170D7FA77CFD8596BAD72F8145CA23519ECFBFF8F43A73EE8A4A8972091325F0C08FD0867FE12C1E48A4811B2390F69D3646940B6DC73CE5B3BCE956B3CAF3AB2D136F4B0CAE7D20EFAC43644AEB78BBAACED46E6F143FE9194F589E12D27E23E81E0A3462ACF96296117B065C211DB9FDDEA63BBFAF844E8B1E758D78B8DE5F875060AC6DE39B56299CD81E874C69EB3E5D5FAE6B792142E333E713EE9A48BABC29A11922DD9C7E80CCE7F68DDB085FCCBE79118847CA8AE57FAB5BF4E7326ACF321FD2D6C42477E9CDDE242B692F6EE8FC6AADBFCD00421F18CA8F4B26067F3016D0EA01570936920460B0D73EAD25E9F1CE27A8B3546258104540CD039B428F330860B829D560D248B5C1745A11748FB61E5FA7ED209563BFF5F1F26EE5755E94894E4B27872E0B4F67E7F17A1A25159A156BD6B1872194B2789BD2C5C302F5D3B95A02D4CBDBE4F6352AFF2179AD4023737DDDA8249274D848E3713C75C4F575296DC1D2303AB403FB002CA9FEA9B057DFC537ABBF8B83982BAC606E0A9E69234CEB7063BD2227966A7E1FCD6FF5D3C6F54A33415F4A3D1C0B12F4936F116371AB062C9EB5DBA386350B9E097FCAC6194D83C8D854B07B0F34C4A12642CE377A15AC45071CF2C563503168991FF10BAA110C231C2FDAE8B8D59E0E40A9DE191B9C923684B0FEB112DCC2F9638200356E988D22A71E8053D5CC4C1FEE1D2D4CDBDF11BE6CDA7012441C268DDDF4EC0108D7E956292401EB50BA01BB8016E767CC38BB04A8DB31B98127186E85A042CB11E562083B209572DE83EF82D03CA17433D82D8275D845CDFA3210779F2F18AEE5AD12DFE124511C5E5DD37F046B9BA49202FDEA01C824C25E9637D4D6675BEC55B92A879432A02BB3F6EF944183FEB822F388F22F63A4FCA8EA4630FB2864A3E450C1FCE5E6D1BB33055DDD5F19B32FEA67EBB8660B5BF24E03078FCDCEB20CEDC34ACA0EE60CE35D0438D49E12F185081A99BB88B33A18E76DA860F7F716129B6164FD7ADA9044E9632FD241BB6F5EBAC4FF3D62F53B22811DF749DE594245C24A29B548ADC407125EC7330AFF00C2E8B5547C624F55DC4701C33E3275A9C30AC81F6311713281D8A232B1F5C03371107AC5F754C872A4329D8D87D2F1138B9B8AABFDFE3E65A4D5E6088F1BCA692E4CD0225E1ED488F0D126B7C7648669873A4C820D4E52D16E74DB1F33A15943B84C3A51048CCE9EF1C2352B1991C79273EE1E3871078EB6B1903F455E6CF9B7FB6DA9A6DFB2AECE38EF7A5D4DC5C35BDE856732F773EFE32C769D11A5466E8561F0A624C194275790B85CAD22E3DA9C0774EC0BBDAABA7D40EBDAD5AE364D57F5DC4BE555E1B352410410D8F06D838427AD18D5E6A48E1F3D173E21F2664C1C868952F9CDB58A7F26F7333CE1863222DC29D98D928C8549ACAA95308B0D92039B0B04FDBBE928712DE073D81A4CB2DFBA8291F73540B06539FBD1EECC84EEF4ECC6E3B1F884A3A989A0A8928FCA04DD4EE76413A5375D7A47B95C94CD0125CFC54002253A4F55E3CF8C9819B35235350BA8963119CF4E3015A7E02BD7C743ABB8DDA860A9ECAB29293F5B5DB85DEF7DF685C76B3D6AE79893FE6A154DFEC54164D82F20B373997A2426300B9CA1FB92427AC9B9275A488FF4C9E2CA433BCE8FDF0F9BEE1DB91C9077B928A9C0C83898182AFE2FD590329884123F4E6018C3B65FDE2DC6B4AFFF191D92B48D3170294E2CFF4DEE4A60ADCD12A961E5445DC23DD170409808C79EB3536B18EEBCD0F9B24FF7238508E4E9A9468A23D7E4DF9B4A0A488A21E5C3984BC8FF8322482D5DF8A3795403A385548F8BC6D5DF3AC060CCC43A243D07EFCFE3FF067A2C3C52FDDA985688CB743C6DBE872E401C6009EF969970EF56F32889BB04B837AD24666E320B3360E732F4A678517DFBCC85BB22EDD4CF58324982F4DFF78969A1CB2D91770F7E1596AAD4D1CE53AEB83D02A6367965C95D92013C86A9A65BDB78EFCE44C7097656D3367E5BA375340F02892BB1E8798C4DDE4FC9D82D25129BB3152D8624ECC5C3A62056B0B2832009E6F8DF72C3465DA2A6314453DE3D93621E9754512049E94C1EC3E879BB9768CD62FE7AD35D27C026F9B1B79D8D27AC33D7E58877F6414EF59869CB4DB0043CA8AA14E94DF1FE047E6D5148C20FA3F54DB3118681BF0E35EFAD655877B6BFB6AA7E4FCE01D51840C49A57C6660A4BC2B92834FC11DF00EBF87630FC045E8D5D0059DFDB75F7726F4CF059CBB0FCA6F871FD3DFD04FEB190987D22FF4F8A220490EF7427BC4C6AC7515B126DD27FA1D7C2594619E9F8BFBAF9B369A638C986EC3FF9DBF7EF66103875B5751E4B918D13BC4B4FB97F6A2348F055E8BF7A9522DF07CDE67D570C3DD8D22163CAA5F0CC1DAE7149DE297F0B52122C8F82307A8F6A2CAB6BAA3A4C5F5DC770252B04CE392615113D3E0C4588F28965B0C7493EF88D268CD9DB259DD4A4E687CA0E46C28D98BAE945FC241A0DFAC1CBB8145CC4D0713FE272BA50172AA258B0B7AF2AFF24C90D95C10B1AA4E2AB6B7B6A65EF739B771829CC0C7CD9A8B728888436E2BE9B95CEE9A7173E50B100563B46AE635C7DA18B81281A5D27DC45B0265CD6694B9397E7A213DF511675BD359924384F59452FB5C5B17653666D314630FB1547D900D3BA50C31386DA33FE536BB29983E482EA124A1CCBE62621103CFE1CA0445E8561531225FF7DAF1354E7B9BC9939A91979C80532B8E51D2B56B05E163BBC19A9BC1C0F7F99BF066ECF27EC69817E781F987221795CA24AE52E10BE7D441DC13CA0BC71C20EAC2DD49C5B86D0F25BEDEE256F73EF9F97C244B47459644833FE7B8F05E01A5FA1E99E111AF744A871F89E69974F43CDF1EFD722B66373C818ED9A67B9A58A741833E563F7A351D1C294E4F779A02C4D18E62327F6A9BFAF199FE7417D6C00E7BADA708B8C68B2ED7115E0C08221FF34F34D6598AEF92C26CA6CBA180BB9835C47B9DAF625D70C1FC8398BD5BD724913995456F42CE9D6BDC9AC50A82A4BE2AFF29CE6D9C3CC44ECBFA5FD124FD3AED21586E208A8CD7D7A57B9F644A6058F75C121199AA67221800AD114C39AF2B318DECF412400C69AA4A961E7CEABB4B8571DF7B27634EB85A7FD88FED003ACB5E7F682C973D81288D713E81FF908CE98FACB307C966001A968BC234B520A96C1CBC7DE9E326D9BCEDC7D2CD4A4992BE063E1EF52099A66A6E21AAD7F728876A0EBAAFE3521089315D2B5B8DD24183353CC178062F8C95E8EF37E3DE91788EB1BBEB299D6D0DC25C697E220324E11C18A298C4DBBD83422976517634A01A78B9E3A6BC9A68BFE762D61F7A68AEC0DAD1B7C8425EFE1D37B1F75A79CA9C707DE3EAA1697C03CC4958B35974B78F52D6E01370B02EC9FC1D4239F0CA0D46437AA9BC624B89A4798FD335DB84C6E379CB0A58E56625E15293048C15193C932AA6DEBA70C3034D823316E38987C4F05AC350830591DCEA28165B2C5CDBACC147B6CD85DB1CD8F3AA93EC2CB4DBBD0A4F782BE2F5D80CF1B207ACA7B61CE81B8187445BB6D1DA15909114D592AA54CCDF139DD9A30E22DFE2EB918B68E5172A06A941CC7D5AA3D982B304A39B81C77AA96A7E90C4AAC8720C28DCCFB6DC961285CABC8930343526A1D0456702E8C1CF3DBD3059A163DADB43C93B3B80041296EF0E19109495D1AEEF21DCE876B84CF5CEB276497BF4F81252DF823BF9F5563D19F49691E41B7201D32E1169F03D4D518588181A640841D2CD17EDC68FF55688758483E0F3E76D50C4DF5869152ACE09CF55B95213D695BF14E20A46EA133A01A47EC0DC514EB2A7B4C27B416C0C97C91826E7910196BC7B4761CFF7620FCD72C3313DA1D652D14B04115680169735A722C169E2DEEEE69795FA288EF9A5C47010C654D89C610F0B9515FB05848F83018298DFB7E83F0B239D7B5C9B6A0E2215899DEBE9FC0E659118FA195C00936793E66949FAEF64DB9EE21FAA818A045326FC0D11A3C12E762FBD09A84B8BEF53C793B0A4C89465454066C8D0085EBAB82D50EB5F83F32C69AA53DBE4F4A8D57F8B39E92523E77F3CFE57785F687AE3C71CC987AC148A81690C34095064C45B97585FE93F324FD500344E6CA54D35DBD4E8C848367BB95A949AA2B8D35DEAF2BBA5995729943AED875CEA70B02A9AD49CB2C1C0F6019C4E618E04445D23579DEC816752E747FD458150DA934E4EF649267838FEA7A64888B4EBE587FF8535738A40E56427B33A3458792C9DD79C1C52B19B96DAAA88383EC46E5E17F88B5CF446A53D2DEA1D7AE5BAB761191CE9A424197BA870EC4DD4DBBF20AED81554F5625E920D00DAEF3D3CFC5F103738F9C183B76D251373AF930BD2C2A5DB2C5FE78D0990A5874AD774317A2483896CDD9A0F29FB7EBA520A0816DC91F61A9330A105638A6EA2893DD7716B7AFB72EDC9A86526C30E8A8F33AF077D61BD3BD5EF62DBCE1F7A83DD95EEBFEBC07347983A7773B18ADF09331EE291431C89C12C0DE0490BD5E4020308DBF3BD96468085B6C023317BA693DF675E229045CD57E267CB9471F85425F2B8A3A8C53F86049F59A3AA7329E5B480B7D72FE25860863853F5FD6127948CF83F492FF0E6F8272D84E4B6F6CC642BE8ADAB345A69F61CBDD0842E55046A7866E2DA91BE7FA922B55D3559A19FDA48305F3D10CBC5BC9D225A93DF4161CDD1C48E419A52473AA0AFDA05EF04B1072F3FF624D9996CD22BE65AA106AD444BF8F1A7AE204FD85F283F9D7CCA77E43D9B5D074E3002E7F1A78B4CF9BAD34FDE38628BAA8B4DD5B2D121E06DEC72C93CD1F7CDA2EBD463F6B3017C9CEB7C8C05225876F778988CCEC05A26BC1DF174B20A496D9A12F24AEE007736DE94DA232C74728CE293509A2DD3DC8ECAE5DA1CE74A1E38AE7B2D35CD79E32B64D70E60AA2E6E279F263578C5823C27CF614320BDE42066E511C3A3A8D71037ECD1B56328368E9248BD8F5196AC9B89F1D855D82DEA9172D039AA921565705B14D8C55AFCD455F18574E4E18F2FB2EECCEAF97BCCFC7510EB562A73AC5F0E2681A7196998F61908BCA5985E74D4CB70C379653F4E7F456FDA3002CB161EB844F8460BD8CCAB5E0863A391A68B2DBA3B45A1FA0614740AC94B9B679BA41AFEDBD413864CC72ED4F5EE56984E0948AC5730ECD5AA4EC6B1B465AE28195C17E24B393AD773A8B233D83D4FA87D82D50198F4C831EAF194583375EFF6D37B69A1FD3DBA091A16575A30DBD4E534E699147B922AC5240EA47454EE9C7B8633FE0FB21E77E11BA95B7150B9E06107AED0981DEEDF3D4A9D3151F002DEDF6D7302CA4B19144ADB79DA14F29E6EB6CA4C7453C11A43E35D247DF9E3C24F8F278D0F4DF6F257F4E0718150CB2F11B76267664EDE2BB7BACA6F019B4687E2A87E4CE3DF99698946FA50A4DF892A278CC5124151AAA340525DA0FC776CD55A2166B651E443A682A765DCC0C773CF15FACE560179EE95C5FEB2C00CF91E54813AE455A64E305A93152F4483FF42EFA8F40D53CF977533A99CD7F69BD33AC25686FB068E7E7435928C9772A3F58050358CCAAC2570DC7B89C47411091F3F97DF77E5EE4FF4ACFF2FA0EFCBA5DCFE5FA01FE5F405FE56FF97D047E5D28E7F27A93FC9D40DF8287F1748EF875F0073B14906BFB1661C44912EA8D3F489D2ED70A793392E2746E8B9F69686565471EEAB095F96C5442C9B3169A37D35B3845DC575E50B4E7A1E045B70530ECA5AEDDC8EE70B7FA583F9565DD851F9BE7EDEE39E3A92088D9829A0B9FD3877D291B748F52EF251ED1018FAD96CE31DFF8EFD5693748B00150D35580FB19FCCB41531EE58565B76567DA104C23B2CE1C0B2F11FC60C616DB0825DD59F35C6293EC5DDBADE8F6F8C935120EBC83B4C334BEE6C3DA330995FF0B95584AE67F055484495C128127E95B69C79AA4231F08A62FD997FC668CF4105BCBC5F70316727431FE73C8208F1301B2978DA3AA222DEC9D819F7D07618FE586F4A5A8E80D54144006AF22C94194856C06BEBFAD61EED41B1C85EE61FB047D81CF8676928CC34DB38812BD1B067510950C6E961D5A8DD91FD378642F54EFED00903E1298C484A55E20E912319AF74DC9D3E8BFF0566DA3E492D0D5C8C39851D4A6C1DC9A6DC4DD8FB1CFF998668C6DA34422B7820114DD108991F7048E91D469E496D3BF963AF9112A4E34A8278C37A8BEE3603B3A7787A2BEC7118CFF4634E4A1CA07CBB754C5863BA89FB164353D34547F7BBFC75DE69131D043C3FEABBD504433E1F04EA7C88676048ED0308EE952E94D9A01A9E071CDC2F80D8370041972A038A56BB18BA69CC0B4D718DA341CF3EA33731CDF64A6602D3B22E67E5B68D0BA9784237F0B717536F24BEE390B50911B27A79228A5FB16FE9464C99D2A4E8325AD2A450DA93A2686381585150F1E558A78B409E81BAE13012A6DBA364AA9F965B4D9FF39E9A5CE01C24C085CC14B9A619D949FF1F53157C1BBD053E4C51009D6B19A3FBFAF3DE6FC509B6C398FD39C375A57DC9EB8B5E7AD979E9621E6BCF456EA2D21ACE8EE5BBD25B0AA9E7D8E7D65798871B6911C51AE8609507BA1B513423CF147A545F09A641B7D90E98D942D10FACA92B6A54CB11B5338AE52D66179E095127AB5A4805D6E61475675F4517429D11809BCABC760006C0A4F9B772C12EFDF64B50DA61442987B37F7274DDC46F4CA827E3BE774DAB5EC7BB389869D9A53EABDC3F0925CB00D667C50CBB720BF777364AB9CD8FEB56783CC160DE309FA33C972F01570FC7D144815FD8E5436C278CBA3C000FCAA6308C6062DE7B3205D41CD11D482F506F95ECC18B64B36EADD6FCFE9A3B208B2A95A06D45A0054BC75B13EB226029D00CB5B2A76515B3E8AF8FD4D073FE9823F3F0358027A6105944E01735020E2627B64F29A34FD1A529D2303E54D17B4002E50D972A2AB0BEEDD984F1DC8F7D8444BD7BA78FC9B97FB6C35716B66185D83F8B9E4F531F848C3AF514E4647F1276C520CBC9A77DB6D00730BF9457E5D4686175CDF2576EAE8155A2A94BB652BE033120E9EB5DC63C05E6C8C4111B092B5E605CDDA49D4629B13B4FE83F72C63370A8174D8062CA8A43CC019139F04BE41D8BB06F6486A12B663A370C8112E4543BA3D9509EB5AFAA0861C59C16F8B4D8B96AE5910E481D344E321CA4845BB2EDC885B4F7A42E6EDA9270CBE67BC6D7B14A16D49701C7FE5550C6190BEE5B64CB9F8CD12500FFC6E5B0B1D4EAC76CCE6DE2CC6F5A9C3E719032A5028EE89A4E7CB0B935CDC0D07FB14757750CDD0F057E1F600471B9EA4891BE76F2117DC5588C85A26C39ED6404F22720BC91E5CDBD878CDE0FE13B0C6274055D972A7ACA412185E4F4F5B52E10E3E5764D63AFF1B7DDAEA9641B14F0B08EC98F93951A82E7DEC9C1C115EDF64BD647BBD7CEDDB5923795DA35B362BD6E0452CF850869E599765A8B84240E089C5ADED4CB1E071B3C49E3BDB359101131D1F837AD15710953DCD11F28B36E615D8C52983688F1781A907ED7EF5A81EA742537E96FB3C942D6A78544FC293640847133BB4287FC9F5DC07712BDFB79EF9D7B75C995798E06B916710695F94F68B71E6A7B89BC9762DCAB5A0BA5E0FDC23BE387900D9E30200AF222101DAD56B36DC06CCD0BA248A6A9C7E52A494407A819C4C874C33F6BF858ACC2C176551AB4D1ADD7318BC7DC33C554970A7E0E35168068B7E70658988CF8C7E80AF474ECF2F9F65A832B74265830CB08651966AC8160D569FE153DDC4C2D1ECFE745D6AE82E05FBBE4EEBAFB9424F1A608F14681EC51161185409E2D0DE1C28BF79CC23C53EA000E117191B792CC36985B8BF8D6980DB1B25520C43B959256B06A0E6E3B16ABA36CA609402B14C2D8B3F8BE22EC7DE43C742FF3AD967BF7F060AB8D620C189EF8D40674347F8F31EB1A3937B45746242E364D32F105C6680A952E9038084D8CF7FE78714A8CAA942A1775A5232CA709ADED2E3C4498EA2F4239609574EE64C327ACA4F6C00A15299857D90356E21AA75F8DB290F5B2DB5D79D94624816239F26ABB8FE11F639E873F204A247DB1E3C1198B7FDDD7B2B3A68DA65C8D8B2EE539AB84E469ECB9624F7A960FBA30771B9AA9BD86ED06CFB86F8814F50A0B328393941D3C9AD4546DC4C8E0992CCABC54DA088146DBC481D32686FF2324A1D171E382764F911712FB58480927D41882A8FED4258683E9729803A88A185D29DC14263DD163811BC064B0EE5EF656E257127E647159001981999F224E12DAA270FEA82DA3C0E954ABD023587CF0501A3284801C66B8E044423BDDEED5704F4EAD706E060B5EFA95BE6E794F5E1FE1143CBF7BAD2C12EC546CC16886E405DB112A74CD09FA75575516E1D7033CC1484E8865A02321F888DB8D593DF2A9FDCFF6940F19B94E378437D5144B561D08930E5A32695D4FF0475BDB6E0D0CCA5E0E79A912312ED1BAFEF3C1D361D5B535B80476B02B3128919A23B565CBB447A885ECBD9F151A26C251796975CF2652E293955FF7B73268359916115CBB0BBFE618F9821207695FD42CBBAC44B27A63B06954E1656F664FF6F586C7FF880C74B6C2EF45911D935C9133612DFA44E5313E23618D877695D7E4BD3AF05F81A51243A68E8F42B5560CCC868A8C094B1BEBFCB9CD5871DC3D2AA8B6B6652DFB81C59A3472ED882DE62A1BECF6B307AA2080A0C1351E974D7A624FF69FE4FB7ABA468528DCEE4C7A45DA0343CF35E40D8BE3098D61B1911F6D65F3295EFCDF2940668C7587B6AFEBB0E1A968AC698B9A996BDD672AD9B63A892248B382FD2C67767AAF7499DFB9E9C11F79B54F6BB6153ECA51A5183CEEA0737F4C325935D0D160C7A9CFCFCD50F085FCA238EE9D06B33853FB2879CF849964D3B39CBF18E3C3ED113BE9B25EACF74CB7BBC53EF1636C984A297649EB7757BC842C6CA79E413522B381AB9D9DFDD4E42AA9E8556ED53D3F0098161FBBE294E35E272D31741ABF9743163BE268003CAEA0ABAC2E52CB66FF222DB04F8FC9DF5F77A8C9BE7C4AFD8734819643BDF5F1CA63C552AE94199286410873A42480A94ED9B05990ED74956E8CB90EC4BC3F66A1CF4F8A8D1291F23A382A01AE35C320C03A3AD0ED0298A306F0626431CB8D091AC72AF6C1BA4FCA3A50824B19F459D8F453194EE7EAA99A2475CF19C367E4982609061968152B7FAC6D1C407D8952ACF52079CDDB0E28B3A70C4764695B5599391B02BA232DB28777534DB8F1E74EA34A9DAF1CA9964BCCE3C13F18DF37F1F37EF4E58C8A292A01A7D0CCA82D75C03E09E2F5ACC64802B4F5B53435626350313705700E8485D05C11EA3C4AF7DA26146C6649CCF137D1DD2592D19E0917124DDB02366D9C79C584001BC70A074A291D0CF94B22FB8E37F21066B1D9AEAA492E75DE20764D08A1AA83622C1031BAB814557D89B10BC1A3E3E7EA08EA9A8C236EB588341CD5692B89C5E9F8645CC2A4E5735D3A499AEEBED0153129F0362E0F54299158D8B5CE39416879188D0EDFE6F6BD24D4308A06E72FF0FCF6C28D6ABBAFDB68BB3E2C5B7A7A17F79F0EF0A157B1E07178ECE562196C71644BA9FED49C4763752BAE43143A2C7F5829FCB4C7FC80D4274013EF1DAFDAFFB3AB1A5186F527977C6CE152FD1DD9425B14BE2B1023C1C04E6BB5829808D19CF44F17D6EDD74B08361C9535A168C53F3DFE5619B010E70F215D433C3BAD24388152D515556D3138B16BC4CF25A0BC94DE1EED0B5A23D79550D15C9298E1E5A008E05A2F1E1FCD2FEEA8C4CAF1DB70329678D307CDB204CCBF344044232A0E1769C79CE910933669E2D498D1A4FCF2BFD99234F51A31075675CAFFDAA437A53EBB5F361E5123F5F11AC9FA0F1096F67E4EC953B221F45F9CB606BD71A30BEA960494E527890BA1CB08589BA716F2684D628CDA728142D5A993BBA8F09FA85A0CD5512B3A5983208ADDD6509225A650ABA2D41774F7EA43EE9F78C452F694E9E2776680AA44081C73E85A2BCB3E4D547B53EF31AB215AE5E89A595395009D8EE26FCD9DF3D82D4C5453C705053E131BC41021D291F7310D809898AE4DD0C6D073F9D2B13812B66EABA191D37099EBD78C4E985C4A6EDFD26E3BF91ECEB54ADDE4DFA5D86D250C100AEE256BF7C5B37AD0C6F1E1DB23716F6FEEA1EE7C885686A661F000FE5DCF37EF587687D8C818C0F801496026BFE10B2F94100B0F4EA0F200E21814294265C85C8E771F67D4E0A73EB511F0C8E9E010823BCAB04AE5B14AB8D237C69139721CAFC684D7EC0FB995EB5C86CF979EEDD710CEF36D928EACB566875F8276F96EB89B76417077391285E931B18A58D96AE8E92C3FE5EDE48675BCBEE8AE4257BAAEAB275CB9C0E6FBC784358FB6CB84E65E6FD691E6FEEC27BC6F23B2C144949A66B56579294D44B9E1A99FEDD3A87B319C160C499635D8710FF37BAA394255C99221C4A710CAF3A3F9BE109B7C0F7507E37DAB870B862DD5B4B7CEBF9EF76814C7D67AEDC9C1DFE2D2DA7551C43C72ED2087DE7D4746EB17EE379D9DC0E39CE7DB2F0A1F2A9C07C3E69C98DF6CC5D09EE4651401738BD69A27968883D40A9B10CF007F24F78A2D49B3DC0CD702FFF12E7DE20D2AA7F481B6BD03A3BD381E5B0BD9E075CF43589B1817B38E7D3D0A20142E2D2FE25253EBAC951FF2A5A941C760A5AC8B300E6A2DA3AF1C3946EF43738EB95BDB0C1D4A94A73C3DE79293E7DDA350D27FAC1447E91C88AEB2EB7A24E9805BD8CE519AD6FF9C5419C91A59D44C41854DCFD260333C11383CA127280D670ED78CEAEE110F41B0FEE1A0EC6679816DE3738ECEB059E7CBA82B5946E0509E2BBCC40E7F9AEC9861880157F73DF4ED2E06F4D5229C85626EA3C118F7DE5F76EF9EF24B977EC276A1F5027009DD8E6D67C0591C1A635D83AA46D36013A3389CEB85C89868BF12811C46F65F1E52F3A4B356D25EF6AD8F02C2265482B0609C78FF9192F462B1CFBA8FC185C422F2FADEE79708DDCE616E68D887B2A17659E6B826FBEC944CF8747A14B0AAF5E2D0CDF13F40FB97F310F82FDC9D3B5C7F0ED2FB1AB216226E2D7BC28936CAF6F7DADD1B2A7D85B2081DBC50C090DA48761039EACCE61A23BED95D27563B0A43F30ACCCC6F32C6E3B690FCA3E9FCB3B99E86E8C1691BB336E1246C6A572772F91BE2C52283C1257CD9CA38CD3AA65C45383E898C94EFB4219A2994C0E815DC9C0A094B634CAB0F76B1A656158CC155602F1BB45DDDE312EF56E2B3FC9A5A838D4C721E6DF64508885EA6C52E90CA1741812EE5BD8322A763FCE7D4C9CC357901352F57B33FB6F457ABB42F648A1298BEABECF4F4EA1EC345604C08D8EEA8EFA8123129145CA7BFD4862AF156177E89C0E447701E0A8A26A7131D2B9CC2A419E0C6818C20432B8F820364675BBFC528B528AB8D3D04EFEBCC1040BE327DD4AA9D0293E408EF10D01F68EA7D770E379699B2C4FF921457FE0DF934E58CA3D0443DCC124C314FE1144B3F95CA8344B74D4152F2D899CD3A5A9BC29554C55227FD91DB1E315C71336235D58F378BB5F559785FAB381BE0C7E804920756E4C142533E3C8EE33D08D4BD64CCABD6318330156931707B179F2FCAA7D8F327BFF3890FDE93A3B42CE31BBB7B05181267CB57E5C890F8758C53E848E77A5843D7E609FD436D97FA2DB6AF3805F40BEEEA5F079AE3CC2776987DC66B0DDD4C645001FE05534E0CCE9DD5FECFA50C195D7C9F8ED0BACD58C002E454603C28506C65CCB97B4D72F93DFE1F853189E455A4E17B165F982C2FF82E3BFD95AAFEE0AA14E4742FB31801CCB74EEBA4F6A6CF7FAA7F6310099D693B0DCE04730C76ED5874900A781B6FCBA52BE5C2B83BF5A7D4960F68C6456D89449F0CD98DC50B4B43895DC51436C66D58214495FB6D9C2C1118F9FEFB043FD8C1DC6F3A0B417FD0E635BAC34443E419274787B50F49E4D0DF4C409CF7A605405EEF62F0B5FA952250882AAA7FE06F2300A56BE6C7D3980C7D04EE4AD7559C30D7DD0EE068D6CAA10ED3F477C44ED379EEF284B87E084D6E91A713D1C37B51CAE9742A7524E1D427ED2743B22117930749E1374C26AE966C166D64250EFF73A9C05708A01881095D109F47BB0326C9430702EC9DBBC8DA440983A7E027639EB100F4625E08B9DC594CBAC99E310F9B8706BDB79058B28D1E7FB31C269BED6E2666D9087FE2BCF5853BBF18789FB73F5FDD857276BE298D30567F650EF3DC0D86855942C144178A1E67BCD2A37279BA459D71487C96BA093309CA954349DF2D07197FC8C298AEBCE7559EF89E08F899A827EFF7232F1317B50A88BF0FE02C79D84687DE65009A41822BA6C1D81FCDE838052D24FEB8083B85424AC6AAAB10702A7545D05BFB6EB49446F24D4DFA809FF5CE1D18E9520BB75FEACA02A1D871DE46C98C8856BE6AB7C43564EAB3386CE02BDDA923FE63E7C23BD621BBBA644E624D266D474CA8AC28645C52D5C871F265FF42F59CFFD22571355E707AAF33905FEE8150170175BC2E8850CCBA4A4BA1DB5C691B8FDAF350060E6D7163BADC6EA882913C456E555FD3278943A2880293DA591660A3D9695FC15FA0BCF03B5B30C9AA109535F3AC3CAB3A885675C0B0B34901F1F3355F128CC6E832E0EE1300B9C8131D8822A7F6CA779168BF4C49E0C3127E0A6E4C1FE1C617EC067BBB6F29EC7D8A0AC91E93B4A253665F2D36D524584CCE6B47494CF65D7E0A4FDB9A2B41D62D422E9677D3AD42B4EB9FC0FB319F7C2D44304E47B9579AF0DF5060E0C9E0A8DBC58BDBD74E832886A977AA6C781A65FED90742B9F34A7429A937B72910E6D76082137D0C18622761ED8BC25C7F3A2159D6AFD58C2D7A951A658701F54566626754869654D843BD72FC2F42A59F850E9F21CA4D2994016FB11F873904804C990EB74F6A5EEA31E3B0B39880E2C2BB8EBB56365EEBB6B74731930823F351EE33C21637406DE251E3D6581697753973AD490CF39ECB7FE7183906E4467399E783C38FBCAC518A799CD86CCB8CA7D9C257E31C7562EEE6FDC3686FE83EF28444AF1B9580924D4DE4675FD66BF08B272AA9D1E6BF60909C76875393981B1E5DED42699B34D8EEDAA38107B87D42EA6D70ADA1DAF4506E94D9272D82340E75B1824DE3228E2F18665FE463CDF5EF1288EA017908E5377E13A6E6F95E8895EF88836F5ED3D80B51202BC44D9CBF1008C792778BC114FB5FD97AD8519A48F5905B8B82550C873C9A83B465361E02B7E11EBB3C3A23FD1A1C8B04B25322246E873E10F54CE6928AA96BA0A5951FF6DE736152728C541D68B1285C7EAA1522FF41C57B5A54BA6178AFD112F3452A0B8194B870D0932409708AD38CEAED555AA6429A0A4B6A1821B60B806FF31C1756158B67DE81E52E2B98C788E3275777A1CEBFEDDF8F1EE03340603BE6E4ED1E3C24A2B1D45D801789A3B062C946FE43270BB7BBE8F50B2D7050135BB548C55FCE129ABA4E5B8D4870CCC1F00E1D14FB5D6D846063A66ADDD7F7B4C966122DFE9A5B774A3EDACB39026BEF8E00FEC7052AE94502A5079A78517CD7D58FE43AF9460B74384BF5EBED133B2FEFDEED8CA3390FA6F788DD9FB974D6C3E24EE4AA203BFF554C5970EE8B69075A1E1290C8AB3D8F5E94FB89C3E9051502A04158F5DF73523410C3E3D26525BC1DE6131D74F44D53FE1A78003C5E9DC1A443012E3604EFA89840C405FBA2B594EECC95DD87123D060B71F1A9A3745D18C4FA8028A898880966396238A14CCE633769152666E1CCFB8B64C53B92429007A65E94ADC4CE3FCA146A0E199550CB011C4E523FA7C1D1688AC1C40B21117306008B233D8349B786B1DB9C9BFE4A7019D2D51FC01CEA11D85B0903072B26E476245D7C7CF843772AF857F8F07F29CD05A302A17ABE77732CD5E334E28FF79742F40ED1B1AEE022E666506A02E80F9FE3F483F8FAFDFE3DFDF8F707FE3B17E3F4D3F8FB95F8FACD7C176FF0FAC5F8FD657F8FA6679FE3F47FF47D8AFF1F41BF1F403FF0EB7F8FBEFF8FB25F8FAAD7C16AFF1F4E3F1FA4FFF0FA1E708FCE90BE746001C73DBAC82C77EA6C1DA57F32F954374F1615ED5ED2D380BE67AF80E17D0D839F018E31DBD533B8DC947D10F0D8A5C51C7E9E5FDEFFD78A50EB92CC7FC806CC032D13D0BD0BD4D4EC3324DC4DA621161C3ED130D2ACB8DB8A6CA46496E789FD837F362AD9025BDAEDB06B7FC047DE6A3CD9EF42A0EA4F77F77F2E8AE9C2ABDEF31AC5CF28607F575F9EF0FEF17419792EDB4E5B26FCC443C0D4355A3E8984F5FB6897446E816750DBE80ECED28251923EDDD453551CA0FCF091E678690E6B78B8F6BD77E8955E990EADDB48E491AF9E55ADBA7A413E7C18F2C0F19E6F66240AC62DAE6726F2F0BAD74F7C8F9FAC7F08AFBCA6D050366BFDE21A94BD966CE2841AE912D12A93A815CE2A4192ED7727C96C559E6B8EE3FAE520DE773D54F70AFB558603AB7D159211AB143E7B09AFDC4359C959BF59B3DAAA2289040BFED33D817C2EBF71F86A921B853841CA037D46DAD6C57CA53FCB236C4FB11D9084B220B922EB7D3F51A2EA9BDB582FD42A10649CEDD4604F4FF3B381EBE652D180EDF17F4C22F86228EE266D2CF610736961FFCBAE78985552086E84AFB5B9988C540C82E289BDA068256BC47B9806E0430C1A24C5B447E4EA09236385381A85A3203C2302EE05C1FA3FEE80E022B6979CD4765649307D762A2B471C86E616782783DB3778A2BFE9537A510D791D725D8EAA128C68FCE43D8E8DEF47E7F5EB1D39D26D8B51C57D65DD94F1966BC6ADE83309E297B1D2BA434FF0B5FC070758E1F5B17ED6F8A8C5EBA4AF9476540A804CF3CA541C4C1CB6B30A3524F8465E17B84B57E41839F11FBA7BF0C9D660B0D43653E5930C9E537F60CAE414AE9660A74BA23E75F45A3E682A9A5B559185E2B80311079163FFC7E448CA27A4BEC6C8431D82E93A1BFC852D3BCF12D259111B872E4CD7980AA73CB2CD5A20BAC0BEA9E50CD75E3314038F5BD4450481ED9BF05EA255456178E96C49D36C9EE87494BABB1A3AD5848FA742F0174A352080A539D366587B604F4338B1B35D6B23D0BA012D96177949D5181DA938D53738BB5CBC0E31216C649CA66C3B574D4738BE5B47671F203663C0D86110386CCD115DEAC8CDE81F6610CBE1E4A38EA778CFAD883DA768D2AA356E0BEA8EDCDEBEB980C4563F37D67382CC2C197CE183862180EB6A29A11A2621695C205D8747A34D73983D2DD6A4B1B3F268284EF958E128BAFDF5E3222DAF0378356A360E6E8F8AFA40CE084B7597F845413ECE9B331B78D5DC3CA999C46AD4D5D776D633CEFBECBECA6F03BDBE4ABCD48A229BE3F524067050BBB3EE3C6FC5F476FE7A0256E7AE7C8C4E12310156E18A2191BEE6847CC763C2CCF99FF369927E7677B5D747D8E353B2937E2D9AF99C84B9C2C6C1FF4062AF26888FD8166D8391D288C82A78257CA3781A0272D3009D0450077B53B4B4F3BC78A5D6D9110F965E9E0D164B9DEDAE0D633C398C4115CBF73C19BC0EEEBB08EDAE224E2FEE241F2A388A5688747FCB15AC53F91B0FD9596E0CBBC4AFF408C4BD85C1BC1065B8F3F53C56533296B80548278F8459A5B5FD6B35E744487EB1F6AE0862B1EBCC8DDD17D858E0FD3B4B909291BD8DA66348788E8F65EAD82F13B478EE0615837548D102DEBC75354B99A1CD75DF8585E0BDA2D79FE1898A7A969F60FD067577EA962F1BDF457B75697CF3C6944B50E56B343D57D8B7CAB7D7FEE688B15A6867351E49C9FAF31BC1E27E0A3B6814398F9A3BC89154B4AB06B0CD48B3585B6078384F255F871BF3C309A7E95A97CFD3FAD1004FD9D41AE184B066CBFB9A227C137FF5D5FDBD17C27EB48611198E0DA149AE77AFDCCDCC25868204E312A630CE7B0D1F60C9595E6A2A117FF7AF7E6EAF2A3626B412F4540F71C443A72E5FF02E7632BDE6A3C19FE6EA3AC75783B8BA03AEAECBD162A83DF95352EFA4E2676224F834E54EC921CB61BB4A3735042EAF493F67332A58FFF2E7F35614B84CDFC6F8735A149C006CCD5A26F81DAFEAF46EA7D4837E451DC5A25D1B119D571840F6491C8FBCC4FF3FF69CA5E1C7A8410DF675EF216F0D3C959AFDE689F8D5C7F3CA6AC976BEFFB2DEC5FCF7C606A03BA2A56505485F218292C6589AD60DE1A6574827E1C050ACD237BA8E29A9A375B54C952305B044FC194474D27B072B71D48A01308B947B09C4BFF0F8C14086F1000445F214AC97F10AE3F8569587FE4B55A54DA21A80EA33FD3EE025BC33E725A76671DECE6B33EA0AA525713F55F467A62C10AE123C52579164C77B46B254809CEF8051F1B488E0B46E92354DA11400D36A3D91CBD53C25FBFF5631B79142FADC2EF3C0B643CB1EF92DFB346553370FD05AED97F8F9EF1C58DD813B1F17D68862BEE5A3F5B53DD671ACECF8411AE0D1A5288E82A6FB99EE996A2ED47959EDD71AF62253FB32F803010C5C906F7E84286611FC6C023193CE81310360AD944D2D07949AF431B2539FDFDFC3BA5442D942D99AFC06643107A19F5B9D562A642D02CDF164D7F1139BA75FBD7F941A680AA9AD30C960306404F83B942DC9C2A37B2EDF633233BA45D950D5E6B6ADF930CE37D4B9EBE0561F309A65271384157F46C27A0CBC3514505960BFEAF451F3C11506AA835771F566843173D91649D5BDC56B560E7506814495CCD26782C22AA315FB10E8C18E39BB3E42B7ECD8EFF13DF2B4265D1D716DAE91D17BB113313138E8E755F8A5CAEB78D5B1B558726642A5C1120B90CC0DFD5114173BA0EDC78500CBE3EEABA39D257A8B130A99C2E4EF7BE4BD32A283153C813BC447E1501092B6A6E41A455AFAD1BF7009609F7CD5CF15AB8CD62E7ACF69ADD12DE62F68C346F1AFD603C0F7E552B341B56E688746309A5B586AD2744E93D77A9DEBB416583A861B3D130387397E0225AABAF695EC73C2BA7B2FC026C4B1B4010D804FF36DCD0BBC033C3FCFC2FD280BAD764873977A6EED6D8DAF4D7CF8BBB40CF7480AC10A0EF8743BE0B90FBAF50EB20427C513008DEC61A833FC3E1327D38193B2D980418CF4B089FA112965184EE71E5E9991804E5CECD1EF1A287027462C2F637C3C047AC4AA3871882F3973EFF00DF7541E9B40B626594E24FCD4479B217101897A7D40EB52276504171530DEE9DA1363438F435BF023B7774116C9CEA2B33FEB1168CAC5795845CB532C92D15570024A57AEFDA0E1290DBAFF9B479873AD061F95127C880098DC73DEA19A7A5E900706F626C9E6537CD775002F6C6F4DB79DC8DF4125E40A5F7B9554B374AEF9775F3CEF0FA6C8482E4378ACB91EB2C8617317FEB724AC6D8588F51466E506D226E87F00E6C295E1CE31390B18572A848989E040B6DB04849CCD832D56803E4AACBD1D7C1775B845FFA72F7FE05C3FAADF8DABBF316630C6993432E76FF4FD3B690B9F3237FEA0A23E68D99B248B31C2FBCC2545114C47523C61F5B668B7D531A749122B6347C410E39B7A63C17E7054ABBFF7255C03234E3BC9479C6B51DE8F13174EB86A7567484C081758BA41F57E1BD55D042B6E0DD026540322A8EDB329D5A92DFE36AD158A22B0811E984E67A545A50984EA1A6EF4733E202B3505EFD9C758DA79BEFA4590DF5666D1D7DB8A7A82509883261ED3CACCB9A12455981D07DA32F1DE7896C350B8BA01C20C5F19074DED7913BC8CAF626969329852895D20F13FDE19344211959D8A9AC45006860AE19CF96F28FC7B2B57CCDFCEF6B10BB8A9F81A157119B157E0ACA4B3BE5761FDC681E58AAD94C7769BDA4B9A70B296EF74A955E5038F6B9A877D456743788754455EDDEAC6A9065BFE8BD08504F33D8656B4A25EEFD812F9AE3479A8DFB48EC567A897D405DA907A4B649D4C855767E4207AB53525C5475D21B9A273C0EBAED86E7528F2356D1F5BCCA0E2EED808A2457BE34DF2C92C6C826F395E65540B373F1FEBE9F3C2CDE8E07D751372B720ECF17440FE5B9B75FEBB51B39D8A8F45B0317594FB51FE3DD13B68D675BE747F9627F51594133553EF433C74FD96E78A1D149A8067BCD89E6D17FFF7F5230A1A61542A26C2942046F7A08719ABD006E55F2B308E1133E8BA374422DE7DCE9EF2576388569ECF37DD9AAB20E479ED8C7BF68435CEB0FB13893EFF37B8522AADF558C20EDD1B12E9C12F7A533EEB0AD0AED7E4B19060BA4B6B75E25A2643004C54935DF427BD706E4BA175ACABF76E1EF31B7122AE58C2F96B2FEB8CEF806398EC128E14CE94CB2ED7FFAE110575B7DDBAE620EA0C3BCE2866FCA7F66E607B76F0B9D10DD7E05480C372BF2BBD36683C9398BFBE878BA43D72B8620A89A4B7FE2DA5CB6B338EE2340260EB9C88AC43221D8113E463B9FEC4D8B2B265DAF8CCAA6ACF6D20B3286977B13571F6870AD2B6E82104A425D4B406A0B2A07A1F494B71BC616C1F360C395761B6CCD73FA4CFC10B3087DE5A760CDB2AE89D64AED1063F63395DBE02EAB9EEFD3965FB231A595B9A87D692DE217E6CE4197F22852E945EB5FA5623718E9B658DAD6857F8EE4EBFF1E74D1C1ABA4C207D15B3ADE5902C0FE94560F37F3A0325B17BE26A39332693890A216FA16F368AD73CF3E9A96F8F03D4B53A9E808C96D539C97F34821F7619386C20E8483303242A28126B0BECFFF7E7DA6DB07411B6B52E891D01FB34CFF60F5F6493A75F99A6DDE0FB4CD86942FA0C7723DD64BDEBF4511B4A825E9CB4EABDD8C1E4FD763261F55FB1070E0AB9452F12CA091863194384C5F741865C136F639E902BDDB78BEB2F4DB08F85CDADA3C7D9B308F0CC961FF45A3D7E113CC3866D3B4F1A83AF1BD9A95C1E9DCF785B0CCED7DC95BAF61AA36C00FEC69EAFEC452D0632594CE218199684BBA48751EDAA28C9D01E5F613E73DD6012142115C33D61A61A61BB644DE6F8CE5FF4D78953E344CFB84E837D0BD254C6DADDCD4462ACB9768EB72B20CFB1061A18697A0876BB213BE4C3D422FCA294EB6F96839E5930564B7B916E2AC69F58C4ED9B145B22217C024A9B30F78064E76AF9B413B43D6C22CD44FC6A7DC62F3A110BC48B9E47707C7E6AA935D9104C9697484D3A5558E571197D785E1DB8A1237CCC1F3EC5C04348CA81037BCA483BA3325E9A3D87182C83A46B28950108740CFD53C516FC33FB3D8D1D3EC22EE6BD49332D60AC737CEDC5B36A605F899C8454779E52F2A769C5535C8D6242609FC8571945C2E2891DF0CEADD73E24EAF7E17414AC6682F3C5FF886785A4BCF7542A255580F50160D32DA9C317E4F3783F18F41854DB8A112B762706113CA17A849D855166F383E67B759E1E2B1264E14FBE3D9237B96FEF330A30353E8B6F3C5B91800A4F5A360890CB9DE88C6DC1143EF79377C5D9F55583F96629065E2DDDB7AA8A525867C7F039DE4A25FFD4D7E0C5180E1E03C87ACE4FC9408714F462AF69637C56078B68F5765BEFD9B1DFE4F803F7DA0E1A84A376F3E6C9992FF7CE906DC5AC09816CC0DEE20F04CD4DF51F56FB9A2599F0264FB732F7F4FD227B743E58B8E0B63FC4904AAE9380E9B964EF6AF14D6FA88D8A1B0B69E96BB19B32A983975C3BA24BF1623AF13FE3C089B0190AE3416944535EC3598675C5C406C9A19CAF4CA587408ADA4E525B107708F5FE5543DFF6C49184A2EF808442CCD060F711BDE5AD0A34247E294ACC03FF32DEDA925DEF90F32DC1FCECC9C432B590DA07F9F74E6F50EF7682AC0BD343B0738C3999883CBD0008404E2D7663ED4F1083E01E42F3F690DD2B8A4C35AAB348371D933CE862EF2E6E2556ADDA6F9C2086DCB6C69356E7B45B5434F0CF10385404EC81030575BF53D740D5F903E95028FD2CD4E8217FD05D38D8D18B812B619DD6921F633ADE6BFAB98A37BD73E6587211A960EA0924B4DAFEA83246922B4491D89F56C89B23C61EB4C37119C4BDF13E72F5DC433654A4FB1A2757F29828540D7938B2B9270946167F0994E9F6B86354B6F35349437D6B6B1D90ACECFFA666891A125BD45FC548C257F69A4D05C0E49ED22771C8FE9165ABF3C3FB2A54D90A08114585F6FDA4AE2716FB1A6285DB665C487B995DCAEA3F2DD841CD2DFC6E772686A881B4F41853320049F525B873E4F7D100D98A358D05C618E662AA6DFAD3D84799F6F7B9D18DDDA507AFDBCA2926E00538CD90948AA34B196EE4A915E033BAF07FC37C9D2A44820A7D4BD26A63F4DB973B0C3228E08CDA8523AAECB2F1602A7544C9127CE338057561950BD09A3BC63325B6000A7DDCAB3ED03225B4BFB892E5DEC160AA31C9C408C5504A71DBE4F5653B8B022773572A8DE22BAC4A3D23F7EE0449A65F7E21D5C8C785C7AC6C90284A03280FCF9C886C8497CF6781781B1B87C344176D8F98F99014B7DC4B60EC5B56DBF105D92085D33131237C7EF81469EA1043B3EB987B5DAA251D82EEA3167A0A96BA6DAA6EE323469F48B269ED65C2BB2D7E68E3103485699C0D573871362EAF4294C27D9DCF00D11F538538CC6EA57F3E63B968CC094B821DE9FB47C27056C49AB7CC0F9DC050787DBA62BC99D4163EF554CD683198BC6D88C44E4161A8AB4595CE58BC84057470689103DAAB7C3A94869F5412BF975BFCF65A05BCCB304E9E74EA08DB9B0A5E647E75952F35D67BBE34214E348B1B92155F5AFFE466C9F4A8FC601E06304F00FFC0992CC37F7027D4BCDD876DCEDD6946CD2DA57362D68F63163125AEFE188FA81DBCFC6E785575BD6630B734A671D1F678750B9621C1BAF24445B64E5DC6925D1DD35BF726B5505409A646B3CE434FED1AED2D724374EF1F904210B147E3084BAA46DAC6ED8F70FF1C6E9088101FCA0F63FD9B22F1DB33A97D1FDC974C866776FE24FF737E085E6C6931A4F6842B5089427D77F072E02790C24D6BB63F328BEA365A6E4A443996902D1A38DA59499CA0D0690D28F4ED7BEC9A77D1DE8A7D31B4EA969C2CDF87D9A8A73798B0182F8798CC7097999C75EB9BE25A2FB896CAEDDFE59E4AAB072811FB9488D84BE97CD0353F3FE764CAB6A4B04A14AAB7D2EEEB302E8FBA8DCA98509585B6188AEE30EBDF86EDF3C29D6AAE998E36F88CDD5460E0C4DEA19D32C96AF08461222F71F23D19036D50E19174878E3839AAE1B14159BC3A25E3EFC432ED7E6B479D70A6D0FFA07300E4BFC4F0EE607F1B136267704EFC809B180B10F67357C8A613AC48D2723E410E8BF88FCE4C8F5FEE81408B0729BEC136B26CE5DC632D5FDA58D1564FF69FE185187999CD6832AABE9C54EABCA180FF276FF617070EDC808C80D2BAAE7ECADA12FB8832B44145D22D7FD79FD398080CED749DE853A148153E3B2EE6E7B986C35E5386BFD5B502B463DE7EEBE942817DECC8C1DC6F95A37EA28D83B93DED00F50633A512663BADD16720928654D38C03F3777B0D157E5AF893BFC68923D85A9F63115B31C15FF7D153F99734618E3C4832420E0C94F0906AFDCAC5A8E5046F1E22BCA2BF3A8593B7B79DE15D7C716DD961D9291BD406B67D701DBB5D0C14165AF51E69177A3EACBAF8CCA04EFCE1FF06B8451EECFAAABEBFE51757D51D90DB9DCA81D59B1D689B577F5C772C64E205E5C98E1AFEFC0CA20A216523990DB74F4FA4C38C6FE94AA5397DCDB0787BC634A9463FA2A186C877C0012EECEB8FAC7F654AA8F48E7677B5D747D8E353B271D9C5FF500395457AC5D273656F7DDDF5BDD233EF85849C154E6F3BAC54EC46A06701CDD404F5B159795F6372A299E24CB057B0252C133083B8A30F704D07A49C0A58AACE0DC2BA78E68734FD9141A1CE70E833A44E46575E3E6DE0F46C5077AF2DB34C5F73B1A50A66E7FA3FEF8C95DE75E5B41370ECD90DBB34C958076A10F33178E24AC41430ADF223313A3938879F23F96B4CDD804296C8E0CF8933C63C509BCA9673F61F21A547AF92C862491AEE8235439902FD24718B7629E3BE7362E23886598648AD959AFB24EEE897FA340E5AAB02457C873AA142BCD6E8D46038F95D8B21B75DB2C121A97F155AE27372F86C373AF77E7163CC90D2803E49C9FAF31BC1E27E0A3B67F2C68F7EF70A2A559AF1D3EBCB8B6381E3D092D6D1E8FD7520497764F693F49F8FF6F305F07F3DD94DE1FF284EF3E1CA8B721973DF93D9E6336132F4B1474BE3A5200F90E05F8A9AAD667BCC534BFFACE6C8AB78B6157EFB105F93A76C26345C40CD41A4C71A971F816C98A061FB5EB6181BB26442E43CC2FA8A8EBECF622E52447C170F8604563250BCB2DB7050AAB6CCA0EF2C4ADBD2F1E521335A39FB8753AEF916111A9104692404DF71739DB4843BE9ED0820DA2E7E52225EEAD31612F127285F07804584BC5CE9B9C299787B817A87CE656D66A3D0E37B39A7B0DC216C3ECEE881F52F78D461D8BF81A9CCE434B431E9C27CC4FF3FF69C1B320ADF100AD0E1AC78A84568BD2A17AB35E6BDD38477875816F814E2F819D9170E10DD7BDBB0EDCD9A3C8FF7C070CA5AD694F34876A56098FF0733B050C8F7C30F3FDF37F776A889C38E61488450E241949AE5C894BFF0F8C14086F0FDCDEEF69A671DD463E455B0C7A649277AAC318466584577485F9E94C2D2A8DB26B98C46192C4988A1DA45251911C9FB71CC617139A2FC6F6D89DAD418BED6A3FD25E7841EEFC393DF5952ABA42C83E2DF8C724B06B02BE26540B76AB952122E34CF1C3ABC6C4F2CEBC6FE838A2B4145FED4A11FCFF5702404039E95B24E34EE8AE9D577C7AD0A84513F5F2B323F7914E8356B9B990D997D810A4ADD4BD22F10AF1CC935A97B49DD7DDC85FAC5522BABE745270B3B0D1F05FF39FE4118475CCA670E9085C00A77E6F8385B814DA2CE5B367B18BDB4D543680AFDF44BC64E18905704EB8428DE0DECDB8048AE6D3FDFF6AF6B541825939AB3815FA193BC9C11EE767CBEAE6678518285DB69FF0F023DE2E10531B0830D444D6527AE7473CA9FCD58CEF829AFDEB158E07E4C54945900E7018491053163CDADDFC9875B4A0B5CCDB4CA2D184B704AECB675E4DDFE928E05DDFD2340EAD40063E8BB4930F81BD86B43985F6FF67E17A26052A1BC98596DD54FC5F5AAD27D803880AB0686617D06A96199F8A3022C4010647DB6853FDC84469A34A250C01DE1B75ECEDF85F10D03B0D17A85F2EEC3E1AA1BAF82A96504CBF5F3E18EF4869D4C5ED4293BB8E6F263193EA9A8897B3C23BEC285A4FF50F4135DF555F6CAAB395E15C114D8BA7593B3A738141AF65C5725D770661ED585666C6F1A287029BDA050591A2A3ED2BEE4FD335157C6E7B15C3256A35B7957CA133BEB37563BBFD2E289B6834B6CD131CFD4C9628007F70A9DAAE1005A03214BBCC09F0E546F4BF2FC93AF3A936B658DD82D33B6EDDFA63126818F6487CFD922D40CC3B1E9AC83FFA584736DDAA811C78A1E66E0FE909D5A8CC69C864BF1A78DE1FBCB917ABF6CD482A793BEEE4C5CCA321126AB170836AB9379BB9F8AEE07494DCAF73EB5F20ACD29B7CCB053614AE2934FD9D73D008A9C9F343BC6D337D7DB819E4103E0101D7D5CE7B49F795B4B4FF0975B2FF55CDFAC3B8A622B0D7A0A61FDAC70586E763478F8FDF2CD29081BCFE8E10A50B7CE21030D7A65DFB7E4B30D17559C0A7EFD65117FF7C4F59E6B97C191BF73D61D816C2262B258514A0064F34D045222DCD4550261F8527CC23535EF9AD83EA6CDB33D8F0199DB9ED42CC43FE41B21AD63D89AB85EC9D4B01925DBD6843FC6844E0DF34C19417B95A6CD4313DC30C24569CBE50DBD9597F2193E09C968161B22CBCF13FBEDEE23C7E9C38A67EC08400DA1F2E3ABD48CDE37F7077F6E3CBD81DF8F2DE3BEB4899BD7A1945E4703150C0DDB351D39456FA80EB0B1FBEA2418EBC7CA938F141DF556D2BFD6DA5F419C3D863AEB5ED38B485DB1E298974926BAD8D4D6F268E043CE9C359DD69BB2D260EEC6B359737FEC6FCE795F08E7699B3B9609D66E6C0C41EEA9C159D68FD4BCD91496A2A145E525A2E5AC24379F1DEDD7F1E43751347B461E0FD0990346C96DCF12554B5B004FC555376B08A9250755733AE6AD9E2B0BCD509D65A9E719A71A296E9181CD71BF2574AF7BDCF2C0721C6D69A7AFEF4C99B541316FF67992ABCFD9D6C8E3B5D3B1199E73F14EAA3411FFF7223595BED51C7D173B6585D309F3CA0757C60C2B7DD7A8FA3A5DDF1A0B7038E66E347073E0F46C4826A1F29F2A534C976393FD549A736AEE03930DB3F77D0263FA831DA75837FC8237E1A164F3DEFA87E56A5BC411D0D31F57D90AD22C7495139C31AC7113DC83099BAE592B68B8D0CDCC2EAE43C601E0258F6F0CAE4170FB98CB947AB287E9D54101AAEE49640C6803865F9E77A4A1036A03414AB3093BB0FCA2DD5BE5783D12036DD92657D71D72B98931503420EC09BC296C9EF72F2D229D64C21873D397472BBCCE665BD80396C182CD6621027D68B5F3DE909348C879E1775AC3EDAB731E59F8AA495BCB2449575D6411FCCD7B0BBDD01CF508A0940446986566AC85323B0AC14E59F8D33E926D706802B701B97707F8FC89302C43C9385CDCA3CAD7F144BF6799358FB0CB427E257C3E8C0814988E32009B54A1318AA6630D09C99B9464BADD03893F5B3D0D4F4CC73AC763643F729E177774E92623D8F03C862F894F1E72D432536FD99A7CFD77D30890FECA6D7FF7C269D6F3AB74CAE8FCEE66060170BF8461AEF5C13FB9F46FD330E06F92C41E126A4E5C99F7639B498F19E3CFB90FE9795E765234DFD7E451573378A84748E3170EFF02D96BE9F112EA84F3488CDE342ECCB6F83F12D918A0551AF2C0F4FFCB1D69E2CF5579CAD62328F057B1FC1EA32BFF8AFB9C05751767BA0DBE461BB273806498228353C4F0ABB78A6414B317AE45A21FCAF2AB4A3B5FD9DA887F44A220924632E06033E6B7214951FD52B792E016B18B9B34F8178A55DACB8BC7E93B5FD5B4D14C4A43F6C79D5AE5032E8D46CB59B416E2D65129334D71E9C35408CC34209270D6AA48FE021E12C96B8B87311F9AA6D0DB6105CA7156083AB5D69053BE4648A3C77F8F983E06C423B22BB318B418E16660BD63491BFF8CFC5FDE22D6F42F5EC34CBACE780091837A772169A5311C23DAC19C4D5F833ED9465017F05228D8AF3B96829E4BEB5AC18887B6677816094D9B825175090FC2DB3C3B93ACB982AC97F9E62EC73BDBDC919E7C253A8A7C207E2BA04D778FD20899263460DBB2CA8DC62A6507DF5B4031736E4F14C252FCF0B5D20AAACC9E16BF60EDAD064C7B236AB5BCDCEBE70600F5BA9614677369E15581973826FB3BBECEB65CE68AE4DFEA4D549B9BAB5BAE24278B141A95838BD664C8777DEBFE44AC10B18743A6E0E84F3ACDA630AC66C29D2F82D27FF70A4B6FA1DC8C2065E12971F7D8D2F669500EA668D894B224DDD6D9AFD90471C41F3511F9DA38E35D95428E87C0327DB8754AC2BC56E8B016950CF42FC55DE67B490F4CA5B7F3F4B1EC009CDD8F7949B7C8E4B9A268C7B79AF544CE31E76F4322CEE1D2148A592681AF167B2DC23C4ACE053F88DB553485F250E38FCE6BD588E208881EB6DB16A2B45F0608F97BC6A982A3594FC5FD35E612F15A0F41BBB193400CE3DFF0C7D3F9412D1F7C98E27117C158147F9C12F490F70D89C08580CEF8B2704CCEB04C2537C5D09E5118111B963CD4E8217FD05D385BACE79A882C01EBA0C863D1BA24DAC30E0CDE3086166DEEC5008598C472925EA9C92FC166FF2CF74E16032B574CC820EF5FA4E0692B3C65D06A5A53C5E185E81AEE4E1B73250D057B6F8CD3206EB58535E7DB620831F00DBA9069351202223860A009E699E9BE776E43FCD006A7CB5E3D760364A47E62FA071790E429B3DFB3FDFF52C57CEE771590AA35CDF9616A93D319665F9DE0379A65D768B4730E0470EEAC2006E63A73F39F503ACAC57F8316226015F7E7F99F24C3C2E0CBC52F36519D217FF0714944D74F8D8CC79801E914A4368EC3D48EAA9C42BA3E8778B58EFE522C12960233807A81E017B12AF0A4C07BCD1C21234B545DD4D075E1C05B11D3FB371751866B63416A61D4ACE45A168FEC2235CA42A9E63651F8BF798CEFF2798C98C311F2A6865F1FEA3EAF0E51A2F58724DBD5E3C6A93ED2CAF150FE1C0F1322E0606BEF26E3271A7861B488A6D6FC1E9AE350FA6858D780D0624CA919AF2A9F70FDF7AEEF67417C080977FED7F1DC3A1D848E0E40F91B18A7C074D486F7F1F25874AFA8DD3207739FD5492D31D570CB1E8FBF78780F8FDF45BDEBFFDDEFDDBFF6D77BE957BDC7EF597AFBF7AB7DF58BF7A64F1FBE8BFBD79FBBF7BBEFF5ACF7D01F7B57DEB0F5E7EF4FF5F4BBF7A34001D1FDDAC82C77EA678B961FB0484CF78B39DCA7839DF8E1379D950317D6A854DDCCE4B074D07C40F98BB5C59B163D09F20FF035B6769F641919896B56616CC2CE0BAC8B0E2625B787E24677A7C3CDAA1595D2BFCE0E68F40C24368F7F86810C4CB38D4947E03C94B5406C3ECFC86C1567D6CF0AF91E0D0A52CAEAD284D9EC14093B3AFB052B012385E85C7B0A63CE101B107CE7D9C1BEA935D6C4363D052ED6FD59AA4A990F3A23C5FF52D0A839241287651B33974B891EB881C2D4B088B1CE04EFA02693C476AEA539D2AF1D01FB6EAB8284CC0F3C486DDADE93D40CF298C6AD114D925A83128D6A892A80344869FE8E9F626EE58FF3AFC751FE024BE42ADE5A378A537C5A8C0954013537B4C1CD932A8EB050954AC14ABAF5F6BB48810039A3BB6B935D6081F4C3643D778DEACA818E0713CD57965DD21A2723A4EFD7F7DBF5CD70ADA42B3A58C0AA48B4DB08E2EDCAFF77FBB5F8E6EEE43EB23A675494C06D6BE3F140F78087CCC14CD0BFC55C1F2B372CD44168E1FFE2196BFD484BBB3A73576A646A1C9DC1531DF2E1AAC0CF7AC4FEBC6B9A993ECC5E68BAC079F6C6B281F34EAB45BDF262B566679D8AFD8FA8C4786FBDF7FBF297ED7DF86E0BFF4F284605A8ADE5EEB29E0F627659C4CF52590C803AFBCC8E3F43C69EB8DB2ACCC632F8A7C58026E8EC58805A47E98C5243ED4AE273C06E4AE1CADB0779109E4E381000E4669CB89E2F256E4CB3BE3D5B51353F676A2F8BE77B4424D106BF8EE969B0407B86D121D39901FF4F955E2983E2A33C44DF8EC011F5F88CC5E1319DD3F28435BDB0ADC22496BD6E8D15EAD9136F97FE49E3361D4A054F3B3A0B655DEE55AB91AFEA30AEAF853FC30FBF5C1FF5D695655E5E38094D82EDCFB6390C0EF8F7549BA3F05BD4716B1AD82DCDABAF9ED96C748C840957F99F6BD0946F65BE65E2D5EFC376CAC498D7C5C2A16B3EBA6B2220C2519977C35879211D872E199DD1C97C7F20BA282B348A879134AD34E6FF16A316AA2A73631A5651FE548C70D1A9F16F51CE26E290552699162016D89021BAF1F611C07F31AF35B34B19337969634F74666FE755E6428C9E4066BD4F0D5E718EB943557E4904E9D59E86B19B975A4B6BEF16D0428AA262A448B54C8B2A9E4814B2BE6DE8AD56B16393001B99D1AF62F4EFC381580D8C732798EB9A2905893713081E109641CC5048A3FE38012EEA4ECD247BB3165EA4952814A745E9D2F56D26A8D45CA1CB484DDE082651C88ACAD1F375C18F9B6D921C654179A72B98555571AF867F4F72F859A85E91ED2BE0B64C48FA8B41D90622686A2BC657EB064F3D6CCB10EEC2109F3B0B31830FA6F80AB983CA17E0C2390F78FCD765C84BF00759173C728BA19713E607051192733F0D18FFC3D7B267D0AF94C9BB885B221292512B3BC2DB22D0579A8E7484D6EB85B2B091E6FE0CD5033A356B88C72A0E85A3092D6919200A5F72BBBDDF35D92010254F7B76889ED5B62DF0138F08ADCFCDA33498B9C021286B23972CA5F4CDFEAF0D04A9118E43F660A1A2A6DA4C963DE403DD80436F6F32B96E542BB3B7B88660EF6BC753F1BBAE7DAFD632873ECB426CAF6B401F85E74DA6CE07E511E7A73093C1E77B52985CA48535DF5CF07F381B2BBEB0FA1441422492C52BCD6F70FED4209DEABDDC151E14B0CDEAF66F300C0B11AAC2594C6BAA47C512B7A2215DF0A6C2E81E0F6DEA21321637C8BC05C0AAE8B83352E9807F3560B9370ECFEA588D71B6DBC84971F54C165240DC943B527D1F3B08BF51DE2C90297BF158C88F4C0F17D00EDB99E93CA545DB45E5CEDB95F86E1B3F9525CCC20BB83A640E36D8271AA490E8F408D5AC19CCA9F8F8D59C5F90C48F797F61140E6AC3F12DD68E296680C08D84A86D61C0244CE7AF9D6D637B11E4E58B708A894C15DEF8B5B2F336112B2886D14608CA969E3B5D034D3EE7D0FB1E88B4B2C01EA2E96162BF1010C68AF1760AA61B5EF1EAA1A69D19C05532E08E3CED3A7D01676F4A9BFDC3E19EC9463056903DE801701E5BD3FACF95605088DA65DF80768327CEE66461F3F7A94BE3BC63550C2DDB874A4843D5485429EC07613382327B9F41A477F7DE24AB90F138F3954968B3E65F14721102E7F48F80312A733DDF0AFEA4ACE232D1BBD9DE68CFD1D48A955524A5846C1CC0C9D5ECF932F45651FF80473800EA8EB1C0EA91B30759D8EB03BE73EBEC76A5B6D81DD29A2815871CDB040208591532023621B97B189CFC081BED5E7D2D321B70784D24031738CE17A8BF96D2CFDA01DD30F3D2F1080CC2CEC8138117AE27D69639B677EC4D86A0C7885051ABFF1A51B492D9B3856ED2995D6D322A41942D8B4CDFAC9620861D18347A742715DEED9A7B2F701546F06505F2D56724D05668F53BE5A20F60177457F180236A80FB1D03680941075342DCFD4D7ED351DF4B64AEC51B404FECA9622BC9C8EB4789A522F77197939CFB4D7D6DC0D349F7BBCE2B22E59D6C959682C683EFA4E2F563D7E3121414A31406572249DCAB6962F4FFB05E897B94F23219F8421BC9403799E71F49A14F28DAD1495786946050E98BDA9CDCC137448BB8A8815324F34EACA2FBAA03EC671FEAA207D839A7DC1AB8A0D21AF104C8E9A663658FAB6E5C1FF6D315100036F53892D3B8F8EEF896A298159BC3D2FB9784B3C9FD7FE0E81525A7E510F39EFBCBCF8BA9987AF01DBFD15C8ABE65A4241357AD739B85EF01A2D03C956CD93A2AAACDB95674935D514F1F6E295F23798486CCD273917DDC4EE8E28D5E30DCDE8B231AF0B01F8FA1D1D08816FB696A1BFD4AA12F119AA1F7412214D1D52300AEE845629F2FD1F1EE8C7AA959A8C4C67C699FB8D0D6BDF62A701C8E14F14E81D6B8FCA9F27940E9E70A4476D05D5DF9A969C8E0559AAB25ED6D78D4573B95704AB66C9D31338431FE7441F002AAFC169189783EE3816012540840B7C91ED9BA73EC98C9C9E73015E779856A5413FD658F622D6A037E80EF0299240C6D5F071440410E380308CBF38085F95DBADA8E28E8EE87C83D1C9E19E82DEC864017DA42028BBF759CB2BC846C16D5A00BA058CD32D5B598170865243AB702C39F1B10B4A617237E2281772D1DBCE84B060D2B38DFA8E0395C0EE2A9B36E2E9C5486E331310E84346E2BED83BE8EA8B655C64743608A61E2FA60B55CCB3FEE7F8D6A32ADC2088D1AEC4E479F1DCFF065C1DE75334D1E5A2A99AE305F6A6CE83C827BB9791B070759BF479FBD7352E34749371929653A39D4C4BD5F8B61B70E73021EBFBDB5F1E351110EA36C0CC8DA1D8E3CC3DEA55FD847AAF0C6D39898F8EDA143CF9B7AD64D797258C1A9C9BFAE3B2501DACF2A60F864B9D5CE57BE98BEEE69C208A0C26DEB4F07D77F7EF9960C98B4F2571F2B087F6F8AD7A8B5B832408D741841C812C22F3E470BDA69688026D73FA05AB5A77B3660E0C57D1239FE42336912BF704767A80749BF8B90E684B8B272FBF376A91790D01DA7FDB2F56CFF2EC0C2EB7D044F673D67A2AD10DBEDAC03761D5FC7968899E336374728AFA9B211C46D65EBC133D043AB8DC7CAE7036B965359AB6DEAFB501E7D09EF8AE5D0C5A2F5BAC215EC8021F0A4050B3E6E9B59DA8E5EA394ACB4C5B53B53803C9BBABA98495E9BA5607CD8F8852F342E76A484CBF6D05AE72006EA1A4F3E5A67CDE93A2AD9ACE6C8073904A15011F0622B1820CF4FE7BFC4DB0683AE00F066454DF9AC8119AE0FF4644B3D863338119B4902A1ABC5591DBDE6C3AEDE0796970634FDBD643D3DA5CDB90394CF7310A6655CF8532C9BC9532F33FCC10F8C56F9E9D464B4AD500D73E7A656A873FF67B7263BEDA33CF08326549DE174B158B5CD33FD7CD29CF580763D7D977D83393AADDA76F931983C82A9A2470E072CB664427B741103A9D662D2E101CAAFF1DAF313C3AF1E40ABABAD0A26F6DBB2BFB7A07665E00FEBD06CBC59CB5F51C49DECC42D9E6C1FEA70D9BF3E1048FD726833360384B1A9DB98C4C1C632E7D1BC9DE55A4CE35FE5876D8B9AF84E404DAF7DE1554673C8BDA3F1D5592C1632D1B97BD1B508A0C2C1C68880779C7F20BD4296520DC5513536FAB5A1D8BDDD85CFC986A71FE7C44BCC3D674EE4EB60AE0018F71E34DEEEC97604CA25708A705C1688B62887C869F77B0787344262900DC43C82CE263CCD64912640B5842AAA3837AB99402A3F1EE4E3D0C9998208788550D9D65020B96D572CE143F842520BE4F64DA2BFECFC19B7473DA52FAC4106B193AAEFCF4F3B23FD2C7F62FBC3705A4D22DB173E862D6272F1EA71C99C80448EB318E2D6AABE289E9D7CA43AA21942506BF7D8395D53657418494FBE8D9B6B8DD0131201DDEDF50D3D85CCB737FFB82B5A86BDDF72165185FD630A9975BEFDD5AEA12B4FB210004C12A20B852CFB7FAE16CF322B4F59B81BCA80C16F4E0C10D1B5BBF1733031703017915F3AA9B947505F6BDA7BC63B4EB3D36EA6B62CD16509AB0F80E0F5B7FBC219AFCF07D816DE6057C6DC11F97560F8AD50F72D1ADE3E1C59ACC98F1E84711328F0759E8AFE6040240468518A8D7A9F39FB2CE94FD69C11C5440B8DD72BBB6E55F67F49AD28A1F17E91304D5949DA4E5A58C8B635F6061252513F8D2FA4D1D0745C53841D95FC1A67A62045637A0650E2210FBCF62B5B42F5B7CCF65CAF7A7404550F4E6A5F238DE22629211FC16F72EF2691289682AFC728B7F9463E5E4444B7FBB5BCF0FE0A833EC1FCD5DE04C078C2937682EE303F8CB3C72D3D12E276785AA50F82B7B48C80BD0B68275B4C9A2439007C1E47C708BF039127EDDAFB3A9F8B2829FC0BECFC49ADEB397C3A14499E3E20A29558BB9EC932AC626086406D8FF37C12E0463E1F8977A357F49287C42DF3608B98EB538D0B41659B9968481D2ACA9D4BE9491DDEB986843803F3FBFA47F64511E7CF8E6447CDE775B2134987E1D6D9889BBA7E74D9A96F567C9114022C8AC11DE27077F9467AC9B37EDEA0A073B5366004D7E988F04C573D658F5B8A8D996012AEA4ABFDFE04D1E726F504EFD138CA3654CEB0A23F7111AB29006A8866E3DEC1053084BD27BA0534201CF727B79EF577A49774CAB083A6B49D2DA3AAF4EA7763A81972B6FEAA1146FECBDCE1240019CAA47B4A7DF8C5BC20683BC645C0C199DB5D63430D3F01A7F1ABF5D33A9BD9136AA2A215507D67863F2D9D17E98C9880B2A57ADF6013CC7EBCF733CE04E3194AE94E040ACF285FD3FDC63B81175E78DB33DD2773CA14A622C9E60EE47D370A704E1A18292CBF7A93BC5EFBA26731CDFC4038DD80DD168F8F765D692B07605B0A3F1796B710839D360F513B1E4D374B09E4D840FFE6DD827DE8C1A6F10B53E3F7FF5D9B015D7625334112EFB9E95186E0B7D754000B583B6C74E850C35573CF784EACBD6B7AE2A12BA9B064E84C0543428B196E79E571FD87556E03A84080D5BD03A236D8CF95930062906D9B274FA2EF85283FC0DEF5FA48E941F9D814B17ED6EC3A9E6F734D086D502A7121D9092D25EFB35C94DE7696B5A15D58BBFD626BF009E05C6DAA3FBC51CA4DB3723FF157F1D63BA2BDD805E8625245EF9175092053027F6AB319213E622C7C4F2F9C217F943DCF9218CB5D87070DF969E5A5E72BC466A44BD0DF0734EA963F09E35CCF652116CE0116B16F3BCFDB7223C89239E55F04FEA98BFB91CB195ED04312F129BE0E2CF0FDCAAF94E0C67BFF2A355821B57CCB1F47A19A04E19F4926EA6FBD03F6F244268E3A625EC31E9AE77D3CC495D406EFEA50FC79984F2AAA1BB780AF0CCA8BAF2FF2CD1CD0AE557E8AED3C59CA282AF41A93B06490D762AC5F3B5A65861A7E2C2B45F149B0D2C26C635CBA0B20E7DF7A3F015B4B328DB343248A6865D00420C3FCBAC76E715858C9A7494B0A9BACBF1E91330D682E8704D47B104938A970E3BEB3B0B1E04B30F7DBB9CC49D5480FFD9», JPEG picture:«data JPEGFFD8FFE000104A46494600010100004800480000FFE100644578696600004D4D002A00000008000401060003000000010002000001120003000000010001000001280003000000010002000087690004000000010000003E000000000002A00200040000000100000230A0030004000000010000018000000000FFED003850686F746F73686F7020332E30003842494D04040000000000003842494D0425000000000010D41D8CD98F00B204E9800998ECF8427EFFE207D84943435F50524F46494C45000101000007C86170706C022000006D6E74725247422058595A2007D900020019000B001A000B616373704150504C000000006170706C000000000000000000000000000000000000F6D6000100000000D32D6170706C00000000000000000000000000000000000000000000000000000000000000000000000000000000000000000000000B64657363000001080000006F6473636D000001780000058A637072740000070400000038777470740000073C000000147258595A00000750000000146758595A00000764000000146258595A0000077800000014725452430000078C0000000E636861640000079C0000002C625452430000078C0000000E675452430000078C0000000E64657363000000000000001447656E65726963205247422050726F66696C6500000000000000000000001447656E65726963205247422050726F66696C6500000000000000000000000000000000000000000000000000000000000000000000000000000000000000000000000000006D6C7563000000000000001F0000000C736B534B00000028000001846461444B00000024000001AC6361455300000024000001D07669564E00000024000001F4707442520000002600000218756B55410000002A0000023E6672465500000028000002686875485500000028000002907A68545700000012000002B86B6F4B5200000016000002CA6E624E4F00000026000002E06373435A00000022000003066865494C0000001E00000328726F524F0000002400000346646544450000002C0000036A6974495400000028000003967376534500000026000002E07A68434E00000012000003BE6A614A500000001A000003D0656C475200000022000003EA7074504F000000260000040C6E6C4E4C000000280000043265734553000000260000040C74685448000000240000045A74725452000000220000047E6669464900000028000004A06872485200000028000004C8706C504C0000002C000004F072755255000000220000051C656E5553000000260000053E617245470000002600000564005601610065006F006200650063006E00FD0020005200470042002000700072006F00660069006C00470065006E006500720065006C0020005200470042002D00700072006F00660069006C00500065007200660069006C0020005200470042002000670065006E00E800720069006300431EA500750020006800EC006E006800200052004700420020004300680075006E006700500065007200660069006C0020005200470042002000470065006E00E9007200690063006F0417043004330430043B044C043D043804390020043F0440043E044404300439043B002000520047004200500072006F00660069006C0020006700E9006E00E900720069007100750065002000520056004200C1006C00740061006C00E1006E006F00730020005200470042002000700072006F00660069006C901A752800520047004282725F6963CF8FF0C77CBC1800200052004700420020D504B85CD30CC77C00470065006E0065007200690073006B0020005200470042002D00700072006F00660069006C004F006200650063006E00FD0020005200470042002000700072006F00660069006C05E405E805D505E405D905DC0020005200470042002005DB05DC05DC05D900500072006F00660069006C0020005200470042002000670065006E00650072006900630041006C006C00670065006D00650069006E006500730020005200470042002D00500072006F00660069006C00500072006F00660069006C006F0020005200470042002000670065006E0065007200690063006F666E901A00520047004263CF8FF065874EF64E00822C0020005200470042002030D730ED30D530A130A430EB039303B503BD03B903BA03CC002003C003C103BF03C603AF03BB002000520047004200500065007200660069006C0020005200470042002000670065006E00E9007200690063006F0041006C00670065006D00650065006E0020005200470042002D00700072006F006600690065006C0E420E1B0E230E440E1F0E250E4C002000520047004200200E170E310E480E270E440E1B00470065006E0065006C0020005200470042002000500072006F00660069006C00690059006C00650069006E0065006E0020005200470042002D00700072006F006600690069006C006900470065006E006500720069010D006B00690020005200470042002000700072006F00660069006C0055006E006900770065007200730061006C006E0079002000700072006F00660069006C0020005200470042041E04310449043804390020043F0440043E04440438043B044C002000520047004200470065006E00650072006900630020005200470042002000500072006F00660069006C00650645064406410020062A06390631064A0641002000520047004200200627064406390627064500007465787400000000436F707972696768742032303037204170706C6520496E632E2C20616C6C207269676874732072657365727665642E0058595A20000000000000F35200010000000116CF58595A20000000000000744D00003DEE000003D058595A200000000000005A750000AC730000173458595A20000000000000281A0000159F0000B83663757276000000000000000101CD0000736633320000000000010C42000005DEFFFFF326000007920000FD91FFFFFBA2FFFFFDA3000003DC0000C06CFFC00011080180023003012200021101031101FFC4001F0000010501010101010100000000000000000102030405060708090A0BFFC400B5100002010303020403050504040000017D01020300041105122131410613516107227114328191A1082342B1C11552D1F02433627282090A161718191A25262728292A3435363738393A434445464748494A535455565758595A636465666768696A737475767778797A838485868788898A92939495969798999AA2A3A4A5A6A7A8A9AAB2B3B4B5B6B7B8B9BAC2C3C4C5C6C7C8C9CAD2D3D4D5D6D7D8D9DAE1E2E3E4E5E6E7E8E9EAF1F2F3F4F5F6F7F8F9FAFFC4001F0100030101010101010101010000000000000102030405060708090A0BFFC400B51100020102040403040705040400010277000102031104052131061241510761711322328108144291A1B1C109233352F0156272D10A162434E125F11718191A262728292A35363738393A434445464748494A535455565758595A636465666768696A737475767778797A82838485868788898A92939495969798999AA2A3A4A5A6A7A8A9AAB2B3B4B5B6B7B8B9BAC2C3C4C5C6C7C8C9CAD2D3D4D5D6D7D8D9DAE2E3E4E5E6E7E8E9EAF2F3F4F5F6F7F8F9FAFFDB004300020202020202030202030503030305060505050506080606060606080A0808080808080A0A0A0A0A0A0A0A0C0C0C0C0C0C0E0E0E0E0E0F0F0F0F0F0F0F0F0F0FFFDB00430102020204040407040407100B090B1010101010101010101010101010101010101010101010101010101010101010101010101010101010101010101010101010FFDD00040023FFDA000C03010002110311003F00F833E067C0CF8A7A37C2CD13E357C15D13FE122F19F88BED3F60BFFB4DB59FFC239F64B996D26FDCDDCA61BEFB742644F9E31E463232C41AF9E3F68AF1CFC7CD7BC530F82BF680BDF3F59F0AEED9079564BE47DBA38653F3D92847DE8233CB363A70722BADF0EF88BE167C56F859E11F869F12FC5DFF000AEBFE15D7DBFEC977F60B9D5FFB57FB5EE4DC49FBBB709F67FB3EC55F99DFCCDF91B76915C97C69F1CF85AF7C2DE0CF83DE0ABDFEDFD1BE1EFF0068F91AE79725AFF697F6B491DD3FFA1CAA1E0F21F745CBBEFC6F1B4102B829A97B4BC95DEBD365D35DBE4BBFA9F8F64585C57F6DCAAE32846A54E7A9EF3A5252A74FDEF66E35DB74E5171E58FB2A6A32BD494A7EF46AB97DC1FF000A33F6A5F80BFF00149FECD3A27FD857C49F69D3BFE27BFF002D6DBFD02FE597EC7F63F36587F767F7DF7DBF840FCC6F1CF8E7C53F12BC537BE35F1ADEFF0068EB3A8F97E7CFE5470EFF002635893E4895106111470A338C9E726BEB3F1CDD7C03FDA1BC537BF187C6BF13BFE15EEB3AFF0097E7E87FD8B7BAB7D8FEC91ADAA7FA64422497CD48965E106DDFB0E4A927E79F8E7F147FE1747C53D6FE25FF00667F63FF006C7D9BFD13CEFB4797F67B68ADFF00D66C8F76EF2F77DC18CE39C6498452BDE4B5EAED6FC7AFCB4D3D03C3AC2E2A388F698EA1175DC3F7957D94A9CD4EF1BC1D49B92AD16EF6749AA5054D28A519534BC96BEB3FD977E067FC2D6FF849BC59FD89FF00098FFC21DF62FF008A6FED3FD9FF00DABFDA1E745FF1FF00E6A7D9FECFB3CEE8DE66DD9C6735F2657D0DF05BC73E16B2F0B78CFE0F78D6F7FB0346F885FD9DE7EB9E5C975FD9BFD93249749FE8712979FCF7DB170E9B33BCEE008AE8C473723E5FEBBFE1F3EC7DBF1B4718F2DA8B02DA9DE376936D439E3ED1A516A6DFB3E6B283551FD86A7CACF5AFDA2BC73FB67683E1687C15FB405EF91A378AB76C83CAD29BCFFB0C90CA7E7B252E9B1CC67965CF4E46457ACFC24F8FBE16D07E01F813C15A4FC69FF8567ACE89FDA9FDA507FC23926B3E7FDA6F6496DFE7688A26C424FC8C73BF0D82B8AF9E7C45E22F859F0A7E1678BBE1A7C34F177FC2C5FF00858BF60FB5DDFD82E748FECAFEC8B91711FEEEE03FDA3ED1BD97E574F2F664EEDC05725E06D1FE01F8E3C2D65A4F8D7C41FF000ACF59D13CCF3F52FB25EEB3FDB9F6991993F711154B4FB222AA704F9BBF71C1535C8E8C5C2CE3657E8BCBB3BFA7E3B1F9B55E1CC1E27298D3C4E15D3A70ABCC9D1C3A8F37B8E3CF2C354854925793A76709CAF18D556A7AC7ADFDA8BC45F14FC57FF08CEBFE2CF177FC277E0CBAFB6FFC237ACFD82DB4BFB56CF252FF00FD1220B347E5CCA23FDF0F9B66E4F95ABE4CAFA1BE34F8E7C2D7BE16F067C1EF055EFF006FE8DF0F7FB47C8D73CB92D7FB4BFB5A48EE9FFD0E550F0790FBA2E5DF7E378DA0815F3CD75E1E368256B1FA4F04E165472DA749D25049CB9528A87BBCF2E49382515194E369CD72C6D293F762FDD5D6F81BC73E29F86BE29B2F1AF82AF7FB3B59D3BCCF227F2A39B679D1B44FF24AAE8728EC39538CE473835FA19E06FDAB3E3E783FC2D65F187E30F8A3FB4746D47CCFEC3D0FEC5650FF00C241E4C8D6B79FE996B033D97D89D925FDEA0F3B1B138C9AFCC6AFA1BF6ACF1CF85BE257C7CF1478D7C157BFDA3A36A3F62F227F2A4877F9365044FF0024AA8E30E8C39519C647183515E8467249C7E7FA7F5FF04F1B8BB857079AE328E1B13858CA328C9CAA38272518B8DA9A9357839B9B7CC9F328C67C8949A9C393F85DF147FE154FF69EBFA0699FF159FEE7FB1B59F3BFE415F7D2EFFD11D1E1B8FB442E63FDE0FDDFDE5F9ABEB3F8E7FF000B4FFE1566B7FF000D85FF00239FFA37FC20DFF1EDFF003F317F6C7FC82FF73FEA7C9FF8FAFF00B65F36EAF25FD977C45F0B3C29FF000936BFE2CF177FC209E33B5FB17FC237ACFD82E754FB2EFF00392FFF00D1220D0C9E642C23FDF0F977EE4F996B92F1CFC38F807A0F85AF756F057C61FF0084AB5983CBF234DFF847EF6C7CFDD22ABFEFE57289B10B3F239DBB4724567349D4DBE767F83E8BBFCF6DCF1F35A587AD9EAE6A3284A1287EF3D8D59CA5A45A8D3AA93852A5F66A2BB53E6AA9C69DDD49FCF345145771FAD9FA1BF0BBE28FED4BE3DFED3D03F64AD33FE11DF067877C9F2F46F3B4EBBFB07DAF7BB7FA5EA68B34DE74CB349C93B33B7850B5C9781BC0DF00FE257ED9F65E0AF05597F68FC33D47CCF220F36F61DFE4E94D2BFCF2B25C8C5CA31E5867181F260575BF146C7F65AF1EFF0066681A07C6FF00F8477C19E1DF3BFB1B46FF00846B51BBFB07DAF63DDFFA5BED9A6F3A65327EF09D99DAB8515F3C781BC73E16FD9E7E3E5978D7C157BFF0B0B46D03CCF227F2E4D27ED9F6BB2689FE4956578BCA795872A776CC8C060479908DD49C159D9F46BEF6F77FF077DCFC1B2CC13C461F1B532CA33A15E746A2847D955A52726BDD955AD5128D5ACA56719735E0E753DEA89BA87DC1F033C45F14FF00681FEC4D03F696F177DABC19E3BFB4FF006568DF60B64FEDFF00ECBF35EE7FD2EC045359FD8E68A293F7857CEFBABB97767F266BF437FE161FC2CF017C53FF008696FF0085B9FF000B4FC6763FF30AFEC0B9D0FEDFE6DB7F67FF00C7CEC6861F2616F33FD51DFE5EDFBCDBABF3CAB6C246CDB4ACB4E96D75FF0081AF5FC17D2787597CA9623135A952F674671A7682A6E942334EA73A8C25084A5EEBA7CD5651FDE3DB954553A657D0DE06F03785BC1FE16B2F8C3F186CBFB4746D47CCFEC3D0FCD921FF008483C991AD6F3FD32D599ECBEC4EC92FEF5079D8D89C64D7CF35F43781BF6ACF8F9F0D7C2D65E0AF0578A3FB3B46D3BCCF220FB0D94DB3CE91A57F9E581DCE5DD8F2C719C0E302B7ACA4D5A3FE47D8F14E1B30AD878D3CBF96EE5EF5E728370B3BA8CE319B8C9BB2BA8DD479B95C67CB25D6FEDCBFF274BE36FF00B86FFE9BADABEB3FF8519FB52FC05FF8A4FF00669D13FEC2BE24FB4E9DFF0013DFF96B6DFE817F2CBF63FB1F9B2C3FBB3FBEFBEDFC207C99FB627C73FF0085D1F14EE3FB035BFED8F0668FB3FB1BFD1BECFE5FDA2DADFED7F7E28E66DD3467FD66718F970A79EB7C7375F00FF686F14DEFC61F1AFC4EFF00857BACEBFE5F9FA1FF0062DEEADF63FB246B6A9FE99108925F3522597841B77EC392A49E1E59FB38292D2DAE8DF6B69A7F97E07E492C0E61FD8D94D0C5D351A51A56A90746A575CE95354D4E9C39277E5E76D493A709AB3BCD5391F2678E7C73E29F895E29BDF1AF8D6F7FB4759D47CBF3E7F2A3877F931AC49F244A883088A38519C64F3935C957AD7C73F8A3FF000BA3E29EB7F12FFB33FB1FFB63ECDFE89E77DA3CBFB3DB456FFEB3647BB7797BBEE0C671CE327C96BD1A7F0AD2DE47EDB93464B07454A8AA4F963EE2B350D17B89AD1A8ECADA69A6814514559E90514514005145140051451400514514005145140051451400514514005145140051451400514514005145140051451400514514005145140051451400514514005145140051451400514514005145140051451401FFD0FE7FE8A28A0028A28A0028A28A0028A28A0028A28A0028A28A0028A28A0028A28A0028A28A0028A28A0028A28A0028A28A0028A28A0028A28A0028A28A0028A28A0028A28A0028A28A0028A28A0028A28A0028A28A0028A28A0028A28A0028A28A0028A28A0028A28A0028A28A0028A28A0028A28A0028A28A0028A28A0028A28A0028A28A0028A28A0028A28A00FFD1F833F61AFF008559ACFC53F04FFCCBBE33F0EFF697FCFCDDFF00C247F6CB6B9FA4363F61847BF9F9ECC2BE4CF8A3FF000AB34DFECCF09FC34FF89C7F63F9DF6BF127FA4DBFF6CFDA364B1FFA05C67ECBF65CB43F293E6E379C6457D0DFB29FED17E16F849E29F0BE93730FFC22DA34FF006DFF0084AF52DD25F7F6B6D8E76D37F702291EDBECCF26CFDC1FDE6EDD2702BE79F8A3F147FE16B7F666BFAFE99FF159FEFBFB6759F3BFE42BF712D3FD111121B7FB3C2823FDD8FDE7DE6F9AB861097B66DA76F5F5FEB7D2EB4EDF926519663E3C4F88C454A753D838C796F34D27CD5B57A5DC6EE4E30F693E4F694DB825CAB0FF0059FC2EF8A3FB52F8F7FB4F40FD92B4CFF8477C19E1DF27CBD1BCED3AEFEC1F6BDEEDFE97A9A2CD379D32CD2724ECCEDE142D1F033FE1567FC37C689FF0A57FE44CFF0049FB07FC7CFF00D0165F3BFE3EFF007DFEBBCCFBFF0087CB8A3E28D8FECB5E3DFECCD0340F8DFF00F08EF833C3BE77F6368DFF0008D6A377F60FB5EC7BBFF4B7DB34DE74CA64FDE13B33B570A2BC97E06788BE167C17FDA9744D7FFE12EFED8F0668FF0069FF0089CFD82E6DFCCFB469D2A7FC7A6249976CD2797D0E71BB8535872A719B8AB369E967F8BEAFFE0EFB9F2B1C0D3C465F98D4C261E74E73C3D54A9FB1AB1949B8E8EAD49C6D5AB5EDCB66DC5CEA252AB7733D6BE067C73F8A7FB49FC53D13E0AFC6AD6FFE122F06788BED3F6FB0FB35B59F9DF63B696EE1FDF5A450CCBB668637F91C67183952413F62DFF85A7FF0AB3E33FF00C295FF0091CFFE29DFB07FC7B7FCFCDC79DFF1F7FB9FF53E67DFFC3E6C5725E06BAF807FB3CF8A6CBE30F82BE277FC2C2D6740F33C8D0FFB16F749FB67DAE36B57FF004C944A9179492B4BCA1DDB360C1604725FB3F788BE167FC2ACF8A9F0D3E25F8BBFE10EFF0084C7FB0FEC977F60B9D43FE41F732DC49FBBB71FEEAFCCCBF7B2338229D48271972474D3A79EBA7A1B67594D2A984C5FF66E15C30CDE1BDCF61351728D772AB274396129AF67C9CED47DF8C79549F2BE5F5AF8E7FF000B4FFE1566B7FF000D85FF00239FFA37FC20DFF1EDFF003F317F6C7FC82FF73FEA7C9FF8FAFF00B65F36EA3E1E7FC2D3F017C2CF847FF0CD3FE83E33F8A7FDBFFDABFF001ED2FDBBFB0EE5FECDFF001FFBA187C985A5FF0057B37E7E6DCDB6BC97C45E22F859F0A7E1678BBE1A7C34F177FC2C5FF858BF60FB5DDFD82E748FECAFEC8B91711FEEEE03FDA3ED1BD97E574F2F664EEDC0575BE06F8B7E16F1C7C03B2FD9FF00C6BE3BFF008567A3689E679EFF00D9726B3FDB9F69BD6BD4E228D5ED3EC8EAA3890F9BBF9C05228707C9B697ECED6B7F2EFBF4EFAE81572AC4ACB22A1874E8FB7BB8BA5354FD9BA4E37585B4AA28C6B352F64EEE7522EAF34212E781FB5D68FE16BDF0B7C39F8A9A4F883FE134D67C69FDAFFDA5E21FB249A77F697F674905B5BFFA0B109079080C3F222EFDBBDB24E6BE4CD1F47F0B5EF85BC41AB6ADE20FECED674EFB27F66E9BF64926FED2F3A42B71FBF53B20F2130FF383BF3B579AF59F8D3E39F0B5EF85BC19F07BC157BFDBFA37C3DFED1F235CF2E4B5FED2FED6923BA7FF00439543C1E43EE8B977DF8DE36820579368FE39F14E83E16F10782B49BDF2346F157D93FB4A0F2A36F3FEC32196DFE7652E9B1C93F232E7A364715D7421254D2FEAD7FF002E9F2D0FD0B8432FC5D0CA29504E49A9B6B9AD17ECBDB3714D72351FDD597B350872AF717B26AF1E4A8A28AE93EF4F5AF85DF1CFE29FC17FED3FF8569ADFF63FF6C793F6BFF46B6B8F33ECFBFCBFF8F88A4DBB7CC6FBB8CE79CE063EB3F8E7F1CFE29E8DF0B35BF82BF1AB5BFF00848BC67E22FB37DBEC3ECD6D67FF0008E7D92E62BB87F7D691186FBEDD098DFE4907918C1CB122BE78FD94FC73E16F86BF1F3C2FE35F1ADEFF006768DA77DB7CF9FCA926D9E7594F127C912BB9CBBA8E14E3393C64D7CF35CB2A11954BB8ED677FF83E56FEBAFE799870AE0F1B9CAAB570B15ECD53A9ED391734E77928C7DA5AE953E48CA493BCB9A09B50528D4FD39F849F1F7C2DA0FC03F02782B49F8D3FF0ACF59D13FB53FB4A0FF84724D67CFF00B4DEC92DBFCED1144D8849F918E77E1B05715F3CFED45E22F8A7E2BFF84675FF001678BBFE13BF065D7DB7FE11BD67EC16DA5FDAB679297FFE891059A3F2E6511FEF87CDB3727CAD5C9781B47F807E38F0B59693E35F107FC2B3D6744F33CFD4BEC97BACFF006E7DA64664FDC44552D3EC88AA9C13E6EFDC7054D1F1A7C73E16BDF0B7833E0F782AF7FB7F46F87BFDA3E46B9E5C96BFDA5FDAD24774FF00E872A8783C87DD172EFBF1BC6D040AC69D151A978AD6EEF75F93B7EAF4FC3E6F27E1AC36173DF6D85A32751D4A929BA94A09463353973D3AD1A69C9B938C547DACE4A9CDC6504E2F93E79AF5AF819F0BBFE1747C53D13E1A7F69FF0063FF006C7DA7FD2FC9FB4797F67B696E3FD5EF8F76EF2F6FDF18CE79C60F92D7AD7C0CF8A3FF000A5FE29E89F12FFB33FB63FB1FED3FE89E77D9FCCFB45B4B6FFEB3649B76F99BBEE1CE31C6723B2AF372BE5DFA1FA7F117D6FF00B3F11F50FE3724B936F8F95F2FC5EEFC56DF4EFA1F6FF8E758FDB3BE05785AF756F05787FF00E159FC33D13CBF234DFB5E95ACFD8BED322ABFEFE512DCCBE6DCCACFC83B37ED184518F9E7F67EFF008A53E167C54F8D5A07FA2F8CFC09FD87FD8D7FF7FECBFDA9732DA5DFEE5F74327990B14FDE236DEABB5B9AEB7C0D75F00FF679F14D97C61F057C4EFF008585ACE81E6791A1FF0062DEE93F6CFB5C6D6AFF00E99289522F2925697943BB66C182C08F25F82DE39F0B59785BC67F07BC6B7BFD81A37C42FECEF3F5CF2E4BAFECDFEC9924BA4FF43894BCFE7BED8B874D99DE77004570C61EEBB2EDD1ABEBAE8F57A7DF73F24C165B3797E2214B0C9C5CA8B9CE346A529558AA89D58CE151CAAD56A9A93949B97B5F6928252929731E39FDA2FC53F16FC2D7BA4FC6187FE129D660F2FF00B0F52DD1D8FF0064EE915AF3F716B146973F6948D13F7A7F77B772724D7CF35F4378E747F807E07F0B5EE93E0AF107FC2CCD675BF2FC8D4BEC97BA37F61FD9A4567FDC4A592EFED68CC9C91E56CDC325857CF35D94546DEEAB2FBBF03F4FE16A584861E4B034254A97369171705B2BB8D376708DEFA38C2F2E69D9F373C8AFD66FF8519FB52FC05FF8A4FF00669D13FEC2BE24FB4E9DFF0013DFF96B6DFE817F2CBF63FB1F9B2C3FBB3FBEFBEDFC207E4CD7DC1E39BAF807FB4378A6F7E30F8D7E277FC2BDD675FF002FCFD0FF00B16F756FB1FD9235B54FF4C884492F9A912CBC20DBBF61C9524E38A4DB5DBD1BF4D17CFCBF03E53C44C3E26A54C3C5A4F0F69F3A74675E2E7EE7B352A74E4A4D5B9DA72BD35249B5CFECDAE4BE067FC649FED4BA27FC2EAFF8A8BFE122FB4FDBFF00E5CFCEFB1E9D2F93FF001E9E4EDDBE4C7F7319C739C9C9FF000D89F14FC57FF120F8D571FF0009DF832EBFE3FF0046D96DA5FDAB67CF0FFA5DA5BACD1F9732C727C87E6D9B4FCAC68FF86A2FF8CA5FF8696FF8467FEE15F6DFFA877F67FF00C7CF91FF006D3FD57FB3FED51FF087FECB5E02FF008AB3FE160FFC2D3FB0FF00CCB7FD93A8E87F6FF37F75FF001FFB9BC9F27779DD0EFF002F67F1544A2AEB9E3D15BC9EBB76E9AE9F81E6E2B0145E229CF31C04ACE8D254A108B9FB2A89D4E78C2704A3464AF492A9CD4A2F962D4D285E3F26514515DE7EC27E86FC3CFF0085A7E02F859F08FF00E19A7FD07C67F14FFB7FFB57FE3DA5FB77F61DCBFD9BFE3FF7430F930B4BFEAF66FCFCDB9B6D725FB5D68FE16BDF0B7C39F8A9A4F883FE134D67C69FDAFF00DA5E21FB249A77F697F674905B5BFF00A0B109079080C3F222EFDBBDB24E68F037C5BF0B78E3E01D97ECFF00E35F1DFF00C2B3D1B44F33CF7FECB9359FEDCFB4DEB5EA71146AF69F647551C487CDDFCE02915E4BF1A7C73E16BDF0B7833E0F782AF7FB7F46F87BFDA3E46B9E5C96BFDA5FDAD24774FF00E872A8783C87DD172EFBF1BC6D040AF369D397B4BDB5BBFBB5B6BF769FD2FC3325CA318B3D8D69D371A91AB59CE4A0FDFA32555C1CEB38A534AF4630A309CB9146F24DC7968FD67FB567ED59F1F3E1AFC7CF14782BC15E28FECED1B4EFB179107D86CA6D9E759412BFCF2C0EE72EEC79638CE071815F267ED59E06F0B7C35F8F9E28F05782ACBFB3B46D3BEC5E441E6C936CF3ACA095FE7959DCE5DD8F2C719C0E302BE87F8E763FB2D7C68F8A7ADFC4BFF85DFF00D8FF00DB1F66FF0044FF00846B51B8F2FECF6D15BFFACFDDEEDDE5EEFBA319C738CD7C99F1CFE28FFC2E8F8A7ADFC4BFECCFEC7FED8FB37FA279DF68F2FECF6D15BFFACD91EEDDE5EEFB8319C738C978385B96CADA6BA5B5D3EFEA6DE18E590A3F52FAAE1A54B970FCB5AF4E54B9AAFEEB96FCD18FB492B55F797372DDDDAE75CDE4B5F59FECFDFF0014A7C2CF8A9F1AB40FF45F19F813FB0FFB1AFF00EFFD97FB52E65B4BBFDCBEE864F321629FBC46DBD576B735F2657D67FB2EFC73FF008553FF00093784FF00B6FF00E10EFF0084C7EC5FF1527D9BFB43FB2BFB3FCE97FE3C3CA7FB47DA37F93D57CBDDBF9C62BAB129B83B2EDF9EBF81F7BC7B4311532BA91C3439DF341B8EB6941548BA9176526E328292945464E49B8A8C9BE57F437C5BD1FC53E30F807E3BD5BF680F107F6FFC4CF87BFD97B34DFB24769FF08FFF006B5EC6A7F7F6456DAF7EDB6CB1BF21FC9C6DF95C9AE4FE1E7FC2D3F017C2CF847FF0CD3FE83E33F8A7FDBFFDABFF001ED2FDBBFB0EE5FECDFF001FFBA187C985A5FF0057B37E7E6DCDB6BC97C45E22F859F0A7E1678BBE1A7C34F177FC2C5FF858BF60FB5DDFD82E748FECAFEC8B91711FEEEE03FDA3ED1BD97E574F2F664EEDC0575BE06F8B7E16F1C7C03B2FD9FF00C6BE3BFF008567A3689E679EFF00D9726B3FDB9F69BD6BD4E228D5ED3EC8EAA3890F9BBF9C0522B87D9C9436D2FDBA5BB7AF4F9F99F957F62E2A9E5D6852E7C3FD639B925464A1ECDD1E57FECD18F3F24710F9A34B979A4D29CA7ABAC1FB5D68FE16BDF0B7C39F8A9A4F883FE134D67C69FDAFFDA5E21FB249A77F697F674905B5BFFA0B109079080C3F222EFDBBDB24E6BE1FAFA1BE34F8E7C2D7BE16F067C1EF055EFF006FE8DF0F7FB47C8D73CB92D7FB4BFB5A48EE9FFD0E550F0790FBA2E5DF7E378DA0815F3CD7761A2D4127E7F75F4FC0FD5780B055B0F95D3A35B9B494F979924F91D493A778A5151FDDB8FB9CB1E45EEF2C6DCABADF03781BC53F12BC5365E0AF05597F68EB3A8F99E441E6C70EFF00263695FE79591061118F2C338C0E702BEE0B1FF8559A6FECB5F1BFC27F0D3FE271FD8FFF0008D7DAFC49FE936FFDB3F68D44CB1FFA05C67ECBF65CB43F293E6E379C6457C3FE06F1CF8A7E1AF8A6CBC6BE0ABDFECED674EF33C89FCA8E6D9E746D13FC92ABA1CA3B0E54E3391CE0D7DC1E10FDB9BE29FF00C2ACF883FF0009678DBFE2B3FF00894FFC237FF12DB6FF009F96FB7FFAAB6F27FD4E3FD77FC03E6AC7151A8DAE5DB4FCFD3FADFB1F35E2260338AD528CB0908CE9427464A3CF28BE755A2DB928D39F341452EA94139CDC66E30E5E4BF645F8B7E16F86BE16F88DA4EADE3BFF00857BACEBFF00D91FD9BA97F65C9AB6CFB2493B5C7EE16374394709F3918DFB97256BADF8E7F10FE29F8F7E166B7FF089FC5CFF0085A7E0CB1FB37FC249FF00120B6D0FEC1E6DCC5F60FF005A8B34DE74CA7FD4E76797F3FCAD5F267C2EFF008559A97F69F84FE25FFC49FF00B63C9FB27893FD26E3FB1BECFBE593FD02DF1F6AFB56161F988F2B3BC6706BD67C45E22F859F0A7E1678BBE1A7C34F177FC2C5FF00858BF60FB5DDFD82E748FECAFEC8B91711FEEEE03FDA3ED1BD97E574F2F664EEDC05454A2BDA7325ADD74D3EFB69F7EFF8F9B9C70D61A39EFD7695194EBCAA5395A54A12A7CA942329AABECDCA0E108CA518BAD097B48DD424A5153F9328A28AF40FD9CFD0DF85DFB4A7ED4BE3DFED3D7F5FF893FF0008EF833C3BE4FF006CEB3FD8FA75DFD83ED7BD2D3FD112159A6F3A6511FEEC1D99DCD8515F3C78E7E34F85BE24FC7CBDF8C3E35F067F68E8DA8F97E7E87FDA3243BFC9B25B54FF004C8A34718745978419C6C3C64D1F11FC73E16D7BE01FC1EF056937BE7EB3E15FF8483FB4A0F2A45F23EDD7A92DBFCECA11F7A027E466C746C1E2B93F819FF0AB3FE169E89FF0BABFE44CFF0049FB7FFC7CFF00CFB4BE4FFC7A7EFBFD7797F73F1F9735C50A318A94F96DBAB2EDFF0007FE1BCFF2ACAB86B0385862F348E0BD9B51AB050A50E49B8464D36B9796529D5E45283BAE54E0A167CD39FDBFE06F1CFC7CF895E16B2F1AFED3F7BFDA3F00351F33FB5A7F2ACA1DFE4C8D15B7C9A7AA6A031A82443F76A338CB7EEF71AFCC6AFB83C73E19F807F12BC537BE35F1AFED1FFDA3ACEA3E5F9F3FFC21F7B0EFF2635893E488A20C2228E1467193CE4D7C3F55858AD5A56F2B34BF1DFD7D343B3C3DC2D087B79D1A7ECF9B96F4E346A51A71F8B655231E79EB69D44A3CD18D3BC2164995F59FC0CF8E7FB52FFC493E0AFC15D6FF00E7E7EC161F66D3BFE9ADDCDFBEBB8BFEBA3FCEFEC3B0AF932BE86F871E39F0B683F00FE30F82B56BDF2359F157FC23FF00D9B07952379FF61BD796E3E755289B1083F3B2E7A2E4F15A62229C76BFF5BFC8F7F8CB054EBE0B927868D67CD0494E1CF18B949439DC7AA829393B38DE29AE68A775D6FED45F1CFF00E16B7FC233E13FEDBFF84C7FE10EFB6FFC549F66FECFFED5FED0F265FF008F0F293ECFF67D9E4F56F336EFE338AF5AF85DF147F6A5F1EFF69E81FB25699FF08EF833C3BE4F97A379DA75DFD83ED7BDDBFD2F53459A6F3A659A4E49D99DBC285AFCF2AFD0DF8A363FB2D78F7FB3340D03E37FFC23BE0CF0EF9DFD8DA37FC235A8DDFD83ED7B1EEFFD2DF6CD379D32993F784ECCED5C28AE7AB4A318A828DFE4DAFB97FC0EBE87C4711E4581C06130B9653C2F3C173B4E54675A9C5DD4A4DD2A49479E5293E4B28461175391C62BD9CFE4CF8E7FF0AB3FE169EB7FF0A57FE44CFF0046FB07FC7CFF00CFB45E77FC7DFEFBFD7799F7FF000F9715E4B5D6F8E747F0B683E29BDD27C15E20FF0084AB4683CBF2352FB24963E7EE8D59FF0071292E9B1CB27279DBB870457255D94D5A28FD3F26A51860E8C23294928C55E77E77A2D67749F33DE5749DEF7499F59FECBBF033FE16B7FC24DE2CFEC4FF0084C7FE10EFB17FC537F69FECFF00ED5FED0F3A2FF8FF00F353ECFF0067D9E7746F336ECE339AEB7F68AF1CFED9DA0F85A1F057ED017BE468DE2ADDB20F2B4A6F3FEC324329F9EC94BA6C7319E5973D391915E4BF05BC73E16B2F0B78CFE0F78D6F7FB0346F885FD9DE7EB9E5C975FD9BFD93249749FE8712979FCF7DB170E9B33BCEE008AEB7C45E22F859F0A7E1678BBE1A7C34F177FC2C5FF858BF60FB5DDFD82E748FECAFEC8B91711FEEEE03FDA3ED1BD97E574F2F664EEDC0571CD4BDAEAAFB5B4FD765F9BFB8FCC331C2E2A59F39E26846AA5387B252A52972C2D0E69C6B5FD9529467CF36A51F6B3E48C6F674B97EB3F879FF000D4BFF000CB5F08FFE19A7FEA3FF00DABFF20EFF00A08BFD9BFE3FFF00EDAFFABFF817F0D7C3FF00B4578E7E3E6BDE2987C15FB405EF9FACF85776C83CAB25F23EDD1C329F9EC9423EF4119E59B1D3839147C47F1CF85B5EF807F07BC15A4DEF9FACF857FE120FED283CA917C8FB75EA4B6FF3B2847DE809F919B1D1B078AF9E6AB0F42CDC9A5BBE9AEEFA9D9C11C21EC7135B30C451A4A4EAD7717EC6D595EB4ECDD572778B83D2D0578B5AB4B52BADF0378E7C53F0D7C5365E35F055EFF676B3A7799E44FE54736CF3A3689FE4955D0E51D872A719C8E706B92A2BB1A4D599FA7E230F4EB53952AB1528C934D3574D3D1A69E8D35BA3F4E7C0DFB567C7CF07F85ACBE30FC61F147F68E8DA8F99FD87A1FD8ACA1FF8483C991AD6F3FD32D6067B2FB13B24BFBD41E7636271935F107C2EF8A3FF000AA7FB4F5FD034CFF8ACFF0073FD8DACF9DFF20AFBE977FE88E8F0DC7DA21731FEF07EEFEF2FCD5D67ED59E39F0B7C4AF8F9E28F1AF82AF7FB4746D47EC5E44FE5490EFF0026CA089FE49551C61D1872A338C8E306BADFD977C45F0B3C29FF000936BFE2CF177FC209E33B5FB17FC237ACFD82E754FB2EFF00392FFF00D1220D0C9E642C23FDF0F977EE4F996B8634E31A6E5CBBDB45F969F8FF0048FC930391613059355CC1E06D2AF1A6E5461071495D72D394211E6718733F6CDC2529AE7BC1C396947D6BE39FFC2D3FF8559ADFFC3617FC8E7FE8DFF0837FC7B7FCFCC5FDB1FF0020BFDCFF00A9F27FE3EBFED97CDBABF3CABE86F1CFC38F807A0F85AF756F057C61FF0084AB5983CBF234DFF847EF6C7CFDD22ABFEFE57289B10B3F239DBB472457CF35BE1A29474FCADF727FD5CFAAE02C252A3839AA3749C9BE5F653A108E91D29D29EB18BB733D5A751CE57BB6915FA73FB3AFC5BFDB3BF686F14CDA4E93E3BFECED1B4EDBFDA5A97F65E9537D8FCE8E66B7FDC34713CBE6BC453E4276E77371D7F31ABEB3FF00843FF65AF1EFFC559FF0B07FE1567DBBFE65BFEC9D475CFB0795FBAFF8FF00DCBE779DB7CEE836799B3F86A71514D6ABE76BDBE471F88997E17118550AF414A4D351A8E87D63D9B76FF976AF2BB5769DB92F15CEFE18C8FF0093D0FDA97FE84EFF0084C7FEE21F66FECFD3BFEDDF7EFF00B3FF00B3B7777C73D6F81B58F0B7ED31E29B2FD9FEDBC3FF00F08AE8D3F99FF08A3FDAE4BEFF00846F6C6D7BA970442F7FF6F7871FBF93F71BBF77C0C13C0DFB45785B5EFDB3ECBF680F1AC3FF0008B68D3F99E7A6E92FBC8DBA53592731421DF7B853C47C6EE7804D75BF033F6E6F8A7FF0B4F44FF85D5E36FF008A33FD27EDFF00F12DB6FF009F697C9FF8F4B6F3BFD7797F73F1F9735CD523512F763B256D767AEDDFFAEECF89CEF059C53C3F2E0709CAA861A9BA71F692BD2AB6A9754F961355A7151845A93578B71F82B4D3FCF2A28A2BD33F793FFFD2FCB2F819F147E29E9BFD89F0D3F669D33FB1FC67AC7DA7FB56EFCEB6B8FED9FB3F9B716DFBBBF430DAFD96132AFEED879B9CB65828A3F6A2FF009967FE13EFF92CDFE9BFF099FF00E41FECAFF53FE85FF1E5B7FE3DBFEDAFCF9AEB7C0D75F00EF7E01D9782AE7E277FC2BDD675FF0033FE12B83FB16F756FED2FB25EB4BA6FCE3E483C84E7F70C37EFC4992B8AF9E7E28F83FE167853FB33FE15A7C41FF84EFED5E77DAFFE25373A5FD9766CF2FF00E3E19BCCF33737DDFBBB79FBC2B86093A97B5BE4F5F57DBB2F4F43F24CAA961EAE7AEB468CA94A329ABFB1ABCD52CA49BA95DAE4749EF4E9DDAF7693528D9528FE86788BC45F14FE14FC53F177C34F869E2EFF008575F067E1D7D83ED777F60B6D5FFB2BFB5ED85C47FBBB80F7B71F68BD765F959FCBDF93B5140AF87FF6ACF03785BE1AFC7CF14782BC1565FD9DA369DF62F220F3649B679D6504AFF3CACEE72EEC79638CE071815F43FC51F887F0B3F6A5FECCF167C4BF8B9FF0827D97CEFB2786FF00B02E754FECCDFB2293FD3EDD20FB47DA3C859BE61FBBDDB07DD24FC99F1CFE28FF00C2E8F8A7ADFC4BFECCFEC7FED8FB37FA279DF68F2FECF6D15BFF00ACD91EEDDE5EEFB8319C738C9CF074E4A49B5D35F5D3AF57BEBFF0EFC7F0D728C651C653AB5A9B8495271ACB91C54AAA74F96729CA3175EA49AAB27522E708DED17EF3A957C96BEE0FD917E2DF85BE1AF85BE23693AB78EFFE15EEB3AFFF00647F66EA5FD9726ADB3EC924ED71FB858DD0E51C27CE4637EE5C95AF87EBD6BE177FC2ACD4BFB4FC27F12FFE24FF00DB1E4FD93C49FE9371FD8DF67DF2C9FE816F8FB57DAB0B0FCC47959DE33835D78882941A67E93C6D94D1C6E5B530F888C9C1B8B7C8A3297BB38CAFCB252524AD771E59394538C6329349FD67F1CFE21FC53F1EFC2CD6FF00E113F8B9FF000B4FC1963F66FF008493FE2416DA1FD83CDB98BEC1FEB51669BCE994FF00A9CECF2FE7F95ABE78F03781BC2DE0FF000B597C61F8C365FDA3A36A3E67F61E87E6C90FFC241E4C8D6B79FE996ACCF65F6276497F7A83CEC6C4E326BADF11788BE167C29F859E2EF869F0D3C5DFF0B17FE162FD83ED777F60B9D23FB2BFB22E45C47FBBB80FF68FB46F65F95D3CBD993BB7015C9781BF6ACF8F9F0D7C2D65E0AF0578A3FB3B46D3BCCF220FB0D94DB3CE91A57F9E581DCE5DD8F2C719C0E302B9E9D39285A0B4BFA69F25DF4DB6FBCF88C9B27C6D3CB6786CA69C634DD5DE4BEAD39D3E45CCDF2524E13F6978737B284BD946F16A5CB54EB7F6E5FF0093A5F1B7FDC37FF4DD6D5F2657D67FB627C73FF85D1F14EE3FB035BFED8F0668FB3FB1BFD1BECFE5FDA2DADFED7F7E28E66DD3467FD66718F970A79F932BA30A9AA51525AD8FB1F0F68622964581A58A8724E34A09AD6EAD1495EE9352B5B995BDD775776BBF5AF819F0BBFE1747C53D13E1A7F69FF63FF6C7DA7FD2FC9FB4797F67B696E3FD5EF8F76EF2F6FDF18CE79C60FDBFE39D63F6CEF815E16BDD5BC15E1FFF008567F0CF44F2FC8D37ED7A56B3F62FB4C8AAFF00BF944B732F9B732B3F20ECDFB4611463E20F819F147FE14BFC53D13E25FF00667F6C7F63FDA7FD13CEFB3F99F68B696DFF00D66C936EDF3377DC39C638CE47D0DE06BAF807FB3CF8A6CBE30F82BE277FC2C2D6740F33C8D0FF00B16F749FB67DAE36B57FF4C944A9179492B4BCA1DDB360C160473E2549CB5575D15AFAFE9D357FE67C771DE171553305ED2846B51508F2539529558CEA734F997345F252935ECE2AAD68CA3152938D97B54FADFD8B7FE169FF00C2ACF8CFFF000A57FE473FF8A77EC1FF001EDFF3F371E77FC7DFEE7FD4F99F7FF0F9B15C97ED15E39FDB3B41F0B43E0AFDA02F7C8D1BC55BB641E5694DE7FD8648653F3D92974D8E633CB2E7A72322BC97E1C78E7C2DA0FC03F8C3E0AD5AF7C8D67C55FF0008FF00F66C1E548DE7FD86F5E5B8F9D54A26C420FCECB9E8B93C57CF3550A17A92934B7EDAECB667665DC21EDB3DC5E6188A349C5558B8B9D1BD476A34ACE155C95A2A6BA41DA4A5AA6F428A28AED3F553F59BFE1467ED4BF017FE293FD9A744FF00B0AF893ED3A77FC4F7FE5ADB7FA05FCB2FD8FEC7E6CB0FEECFEFBEFB7F081F3CFECA7E39F14FC4AFDB3FC2FE35F1ADEFF68EB3A8FDB7CF9FCA8E1DFE4E953C49F244A883088A38519C64F393478E6EBE01FED0DE29BDF8C3E35F89DFF0AF759D7FCBF3F43FEC5BDD5BEC7F648D6D53FD3221124BE6A44B2F0836EFD8725492781BF68AF0B6BDFB67D97ED01E3587FE116D1A7F33CF4DD25F791B74A6B24E62843BEF70A788F8DDCF009AF26309384AEB5B3BBB6B7EDE7F2D34F43F9D30B96E3AA6578F8E270CA7899E1EA29CD519C2A7B471FE1F3C9CBDBA93BF2BA56A7054E2A31519534BD67C73E39FF8290FC35F0B5EF8D7C6B7BFD9DA369DE5F9F3F95A0CDB3CE91624F922577397751C29C67278C9AFCC6A28AEFA345416CBE4AC7EC3C2BC314F2DA734A9D28CA4F574A97B24D2D935CD36DA6DEB7EBB2D5B2BEB3F819F147E29E9BFD89F0D3F669D33FB1FC67AC7DA7FB56EFCEB6B8FED9FB3F9B716DFBBBF430DAFD96132AFEED879B9CB65828AF932BEE0F035D7C03BDF80765E0AB9F89DFF000AF759D7FCCFF84AE0FEC5BDD5BFB4BEC97AD2E9BF38F920F2139FDC30DFBF1264AE29626DCBAABFE3F7A5FD5FB6E7171ECA97D4E10AD41D5529256E49D482D24F9AA53826E718DAEA36B3A9C9AC1DAA4392FDA8BFE659FF0084FBFE4B37FA6FFC267FF907FB2BFD4FFA17FC796DFF008F6FFB6BF3E6BEB3F11788BE29FC29F8A7E2EF869F0D3C5DFF000AEBE0CFC3AFB07DAEEFEC16DABFF657F6BDB0B88FF77701EF6E3ED17AECBF2B3F97BF276A2815F9E7F147C1FF000B3C29FD99FF000AD3E20FFC277F6AF3BED7FF00129B9D2FECBB36797FF1F0CDE6799B9BEEFDDDBCFDE15F59FC51F887F0B3F6A5FECCF167C4BF8B9FF0827D97CEFB2786FF00B02E754FECCDFB2293FD3EDD20FB47DA3C859BE61FBBDDB07DD24F254A7A455AEB5E8FF2FBD2ECBBF5FCF737CA14B0D8184A12A986E5AAA5CD4272E494A707170C3B84E51E58AA90A3CF170A506AF29AB42A7CF1FB56781BC2DF0D7E3E78A3C15E0AB2FECED1B4EFB1791079B24DB3CEB28257F9E5677397763CB1C67038C0AF9E6BD6BE39FC51FF0085D1F14F5BF897FD99FD8FFDB1F66FF44F3BED1E5FD9EDA2B7FF0059B23DDBBCBDDF706338E7193E4B5DD453508A96F63F5BE15A18AA595E169636FEDA34E0A77777CCA2B9AEEEEEEF7BBBBBEF70A28A2B53DE0A28A2800A28A2800A28A2800A28A2800A28A2800A28A2800A28A2800A28A2800A28A2800A28A2800A28A2800A28A2800A28A2800A28A2800A28A2800A28A2800A28A2800A28A2800A28A2800A28A2800A28A2803FFFD3FE7FE8A28A0028A28A0028A28A0028A28A0028A28A0028A28A0028A28A0028A28A0028A28A0028A28A0028A28A0028A28A0028A28A0028A28A0028A28A0028A28A0028A28A0028A28A0028A28A0028A28A0028A28A0028A28A0028A28A0028A28A0028A28A0028A28A0028A28A0028A28A0028A28A0028A28A0028A28A0028A28A0028A28A0028A28A0028A28A00FFD4F833F61AFF008559ACFC53F04FFCCBBE33F0EFF697FCFCDDFF00C247F6CB6B9FA4363F61847BF9F9ECC2BE4CF8A3FF000AB34DFECCF09FC34FF89C7F63F9DF6BF127FA4DBFF6CFDA364B1FFA05C67ECBF65CB43F293E6E379C6457D0DFB29FED17E16F849E29F0BE93730FFC22DA34FF006DFF0084AF52DD25F7F6B6D8E76D37F702291EDBECCF26CFDC1FDE6EDD2702BE79F8A3F147FE16B7F666BFAFE99FF159FEFBFB6759F3BFE42BF712D3FD111121B7FB3C2823FDD8FDE7DE6F9AB861097B66DA76F5F5FEB7D2EB4EDF926519663E3C4F88C454A753D838C796F34D27CD5B57A5DC6EE4E30F693E4F694DB825CAB0FF0059FC2EF8A3FB52F8F7FB4F40FD92B4CFF8477C19E1DF27CBD1BCED3AEFEC1F6BDEEDFE97A9A2CD379D32CD2724ECCEDE142D1F033FE1567FC37C689FF0A57FE44CFF0049FB07FC7CFF00D0165F3BFE3EFF007DFEBBCCFBFF0087CB8A3E28D8FECB5E3DFECCD0340F8DFF00F08EF833C3BE77F6368DFF0008D6A377F60FB5EC7BBFF4B7DB34DE74CA64FDE13B33B570A2BC97E06788BE167C17FDA9744D7FFE12EFED8F0668FF0069FF0089CFD82E6DFCCFB469D2A7FC7A6249976CD2797D0E71BB8535872A719B8AB369E967F8BEAFFE0EFB9F2B1C0D3C465F98D4C261E74E73C3D54A9FB1AB1949B8E8EAD49C6D5AB5EDCB66DC5CEA252AB7733D6BE067C73F8A7FB49FC53D13E0AFC6AD6FFE122F06788BED3F6FB0FB35B59F9DF63B696EE1FDF5A450CCBB668637F91C6718395241F25FD9FBFE294F859F153E35681FE8BE33F027F61FF635FF00DFFB2FF6A5CCB6977FB97DD0C9E642C53F788DB7AAED6E6BADF035D7C03FD9E7C5365F187C15F13BFE1616B3A0799E4687FD8B7BA4FDB3ED71B5ABFF00A64A2548BCA495A5E50EED9B060B023C97E0B78E7C2D65E16F19FC1EF1ADEFF6068DF10BFB3BCFD73CB92EBFB37FB26492E93FD0E252F3F9EFB62E1D366779DC0115A38692E4568E9D2DD75D3D3EFD8F62A6590953C53CAF0D28615FD5EF054E54D4B96AC9E23F74E3194B9A8F2C65683F6A97B35CCD72A3C73FB45F8A7E2DF85AF749F8C30FFC253ACC1E5FF61EA5BA3B1FEC9DD22B5E7EE2D628D2E7ED291A27EF4FEEF6EE4E49AFA1FE1E7FC2D3F017C2CF847FF0CD3FE83E33F8A7FDBFFDABFF001ED2FDBBFB0EE5FECDFF001FFBA187C985A5FF0057B37E7E6DCDB6BE78F1CE8FF00FC0FE16BDD27C15E20FF8599ACEB7E5F91A97D92F746FEC3FB348ACFF00B894B25DFDAD1993923CAD9B864B0AF5AF037C5BF0B78E3E01D97ECFFE35F1DFFC2B3D1B44F33CF7FECB9359FEDCFB4DEB5EA71146AF69F647551C487CDDFCE02914EAC5722E48E97DADE5DBD7A77D7CCDB3EC052965F47FB3708D61D55BCA13A73E47174E51E6FABA5CEE31AAE32F66A10E6A91753DD4FDB07ED75A3F85AF7C2DF0E7E2A693E20FF84D359F1A7F6BFF00697887EC9269DFDA5FD9D2416D6FFE82C4241E42030FC88BBF6EF6C939AF93347D1FC2D7BE16F106ADAB7883FB3B59D3BEC9FD9BA6FD9249BFB4BCE90ADC7EFD4EC83C84C3FCE0EFCED5E6BD67E34F8E7C2D7BE16F067C1EF055EFF6FE8DF0F7FB47C8D73CB92D7FB4BFB5A48EE9FF00D0E550F0790FBA2E5DF7E378DA0815E4DA3F8E7C53A0F85BC41E0AD26F7C8D1BC55F64FED283CA8DBCFF00B0C865B7F9D94BA6C724FC8CB9E8D91C56F421254D2FEAD7FF002E9F2D0FAAE10CBF174328A5413926A6DAE6B45FB2F6CDC535C8D47F7565ECD421CABDC5EC9ABC792A28A2BA4FBD3D6BE177C2EFF84F7FB4F5FD7F53FF008477C19E1DF27FB6759F27ED7F60FB5EF4B4FF00444759A6F3A6511FEEC1D99DCD8515F437ED31AC785B5EF807F02F56F05787FF00E115D1A7FF00849FC8D37ED725F791B6F6157FDFCA03BEF70CFC8E376D1C015F3CFC2EF8E7F14FE0BFF69FFC2B4D6FFB1FFB63C9FB5FFA35B5C799F67DFE5FFC7C4526DDBE637DDC673CE7031F437C69FDAB3C53F12BE01F833C1573E28FED1D6751FED1FF0084AE0FB0C70EFF0026F63974DF9C408830899FDC30CE31273C571558D4F6917D2FFA3F2FEB45A6A7E559FE03389E7B83C42846546357DDB4E4B962E8D45394E0A9B8F37337CB2736B48422A0E75252EB6FBE39FC53F82FFB2D7C10FF008569ADFF0063FF006C7FC24BF6BFF46B6B8F33ECFA88F2FF00E3E22936EDF31BEEE339E73818F25FDA07FE2ABF859F0AFE356BFF00E95E33F1DFF6E7F6CDFF00DCFB57F65DCC56969FB94DB0C7E5C2A13F768BBBAB6E6E6BADB5BAF807F12BE01FC31F0578D7E277FC217ACF82FF00B6BCF83FB16F751DFF00DA37BE6A7CF16C4184453C3367760E0822BC97E34F8E7C2D7BE16F067C1EF055EFF6FE8DF0F7FB47C8D73CB92D7FB4BFB5A48EE9FF00D0E550F0790FBA2E5DF7E378DA08159D287BCACB5BBBE9D35EBD7A1E3F0DE59086614E5430D2856588C44AACFD9CA1CD4A52AFCB7A8E2A3522E52A4D454A5B295AD06E3F3CD7AD7C0CF85DFF000BA3E29E89F0D3FB4FFB1FFB63ED3FE97E4FDA3CBFB3DB4B71FEAF7C7BB7797B7EF8C673CE307C96BD6BE067C51FF852FF0014F44F897FD99FDB1FD8FF0069FF0044F3BECFE67DA2DA5B7FF59B24DBB7CCDDF70E718E3391DB579B95F2EFD0FD5788BEB7FD9F88FA87F1B925C9B7C7CAF97E2F77E2B6FA77D0FB7FC73AC7ED9DF02BC2D7BAB782BC3FFF000ACFE19E89E5F91A6FDAF4AD67EC5F699155FF007F2896E65F36E6567E41D9BF68C228C7E79F81B58F0B683E29B2D5BC6BE1FF00F84AB4683CCF3F4DFB5C963E7EE8D953F7F102E9B1CABF039DBB4F04D7D67E06BAF807FB3CF8A6CBE30F82BE277FC2C2D6740F33C8D0FF00B16F749FB67DAE36B57FF4C944A9179492B4BCA1DDB360C16047C99E06D1FC2DAF78A6CB49F1AF883FE115D1A7F33CFD4BEC925F791B63664FDC4443BEF70A9C1E376E3C035CD87492969F3B34DFEBF3F33E0B83B0B4E9E1F17CF42D1715CD5214AAD1A951DA5CC9C64E55E738AF7955E66E729B51F7E326FE86FDB97FE4E97C6DFF0070DFFD375B57C995F59FED89E22F859E3DF8A771F12FE1A78BBFE122FF00848B67DAED3EC17367F60FB1DB5BDBC7FBCB80BE779DB59BE551B31839C835F2656D85FE1453EC7D2F87AA51C8B034EA42519469422D4A2E2D38C545A6A493DD3E966B5574D30AFD66FF008519FB52FC05FF008A4FF669D13FEC2BE24FB4E9DFF13DFF0096B6DFE817F2CBF63FB1F9B2C3FBB3FBEFBEDFC207E4CD7DC1E39BAF807FB4378A6F7E30F8D7E277FC2BDD675FF2FCFD0FFB16F756FB1FD9235B54FF004C884492F9A912CBC20DBBF61C9524E58A4DB5DBD1BF4D17CFCBF03C0F1130F89A9530F1693C3DA7CE9D19D78B9FB9ECD4A9D3929356E769CAF4D4926D73FB368FD94FC73E29F895FB67F85FC6BE35BDFED1D6751FB6F9F3F951C3BFC9D2A7893E4895106111470A338C9E726BD67C73E39FF8290FC35F0B5EF8D7C6B7BFD9DA369DE5F9F3F95A0CDB3CE91624F922577397751C29C67278C9AF26F037ED15E16D7BF6CFB2FDA03C6B0FFC22DA34FE679E9BA4BEF236E94D649CC50877DEE14F11F1BB9E0135C97FC2A0FD96BFE8E0BFF2D4D47FF8E573CE0B9D39474B2E97EFA2B6C7C7E6B95D296694AAE3F0318D3F6141723C34F10A3695573A709D35CB0714D2BF2B4FDD6A36567F26514515EA1FBF9F59FC0CF8E7FB52FF00C493E0AFC15D6FFE7E7EC161F66D3BFE9ADDCDFBEBB8BFEBA3FCEFEC3B0A3F6A2F8E7FF0B5BFE119F09FF6DFFC263FF0877DB7FE2A4FB37F67FF006AFF00687932FF00C787949F67FB3ECF27AB799B77F19C5725F0E3C73E16D07E01FC61F056AD7BE46B3E2AFF00847FFB360F2A46F3FEC37AF2DC7CEAA51362107E765CF45C9E2BE79AE58508BA8E5CB6B7E3A6FF008FF5D3F3CCBB857075338AB987D5634E54A4D464A0A329CA704E551CD24E4BDF94146FCBCCA729394B97D9FEB37FC652FF00CD95FF00C919FF00980FFC83BFEDF3FE42DFE9BFF1FBE7FF00ADFF00807C9B6BE1FF00DAB3C0DE16F86BF1F3C51E0AF05597F6768DA77D8BC883CD926D9E759412BFCF2B3B9CBBB1E58E3381C60575BFF087FECB5E02FF008AB3FE160FFC2D3FB0FF00CCB7FD93A8E87F6FF37F75FF001FFB9BC9F27779DD0EFF002F67F157CF3E39F1CF8A7E2578A6F7C6BE35BDFED1D6751F2FCF9FCA8E1DFE4C6B127C912A20C2228E1467193CE4D6586A6D4AEB6F4B37EBDFD6CB7F53C1E04C8EAD2CC1E2287F0142516DD19D1A9526E5071954E77CD5A718A939547082E6A8F96EE5350E4ABD6BE177C51FF8553FDA7AFE81A67FC567FB9FEC6D67CEFF009057DF4BBFF4474786E3ED10B98FF783F77F797E6AF25AFACFF65DF117C2CF0A7FC24DAFF8B3C5DFF08278CED7EC5FF08DEB3F60B9D53ECBBFCE4BFF00F448834327990B08FF007C3E5DFB93E65AE9AED283BABFF5FD5FC8FBDE2FAB0865D565528CAAAD1724549F35E495A4A09C9C3FE7E25195E1CC9C26BDD7EB5F1CFF00E169FF00C2ACD6FF00E1B0BFE473FF0046FF00841BFE3DBFE7E62FED8FF905FEE7FD4F93FF001F5FF6CBE6DD47C3CFF85A7E02F859F08FFE19A7FD07C67F14FF00B7FF00B57FE3DA5FB77F61DCBFD9BFE3FF007430F930B4BFEAF66FCFCDB9B6D7CF1E39F871F00F41F0B5EEADE0AF8C3FF0956B30797E469BFF0008FDED8F9FBA4557FDFCAE51362167E473B768E48AF5AF037C5BF0B78E3E01D97ECFFE35F1DFFC2B3D1B44F33CF7FECB9359FEDCFB4DEB5EA71146AF69F647551C487CDDFCE02915C4E1EE2B2D2FAAB3B6DDB7ECFD7B74FCAB1595B595D2586A7CF4BDB5EA41D0AB0A6A2E9CA2B970CD39CA0A6E153923CCA5579A7CD0D6503F6BAD1FC2D7BE16F873F15349F107FC269ACF8D3FB5FF00B4BC43F64934EFED2FECE920B6B7FF004162120F210187E445DFB77B649CD7C3F5F437C69F1CF85AF7C2DE0CF83DE0ABDFEDFD1BE1EFF68F91AE79725AFF00697F6B491DD3FF00A1CAA1E0F21F745CBBEFC6F1B4102BE79AECC345A824FCFEEBE9F81FA4F0160AB61F2BA746B736929F2F3249F23A9274EF14A2A3FBB71F73963C8BDDE58DB9575BE06F0378A7E2578A6CBC15E0AB2FED1D6751F33C883CD8E1DFE4C6D2BFCF2B220C2231E5867181CE057DC163FF000AB34DFD96BE37F84FE1A7FC4E3FB1FF00E11AFB5F893FD26DFF00B67ED1A89963FF0040B8CFD97ECB9687E527CDC6F38C8AF87FC0DE39F14FC35F14D978D7C157BFD9DACE9DE67913F951CDB3CE8DA27F925574394761CA9C67239C1AFB83C21FB737C53FF8559F107FE12CF1B7FC567FF129FF00846FFE25B6DFF3F2DF6FFF00556DE4FF00A9C7FAEFF807CD58E2A351B5CBB69F9FA7F5BF63E6BC44C06715AA519612119D284E8C9479E517CEAB45B7251A73E6828A5D5282739B8CDC61CBE4BFB3F7FC529F0B3E2A7C6AD03FD17C67E04FEC3FEC6BFF00BFF65FED4B996D2EFF0072FBA193CC858A7EF11B6F55DADCD725E39FDA2FC53F16FC2D7BA4FC6187FE129D660F2FFB0F52DD1D8FF64EE915AF3F716B146973F6948D13F7A7F77B772724D1F05BC73E16B2F0B78CFE0F78D6F7FB0346F885FD9DE7EB9E5C975FD9BFD93249749FE8712979FCF7DB170E9B33BCEE008A3C73A3FC03F03F85AF749F057883FE1666B3ADF97E46A5F64BDD1BFB0FECD22B3FEE252C977F6B4664E48F2B66E192C29F2AF68F996B7D3D2CBAF4EBA7F9EBB7D4A82CE2B4F198694EB3A9074A6A127CB4D429A76AAAD18454D5472A6E71724E4B925ED129FCF345145761FA79FACDFF000A33F6A5F80BFF00149FECD3A27FD857C49F69D3BFE27BFF002D6DBFD02FE597EC7F63F36587F767F7DF7DBF840F87FC0DE39F0B7C4AF8F965E35FDA7EF7FB4746D47CCFED69FCA921DFE4D93456DF269EA8E30E910FDDA8CE32DC6E35EB5E39BAF807FB4378A6F7E30F8D7E277FC2BDD675FF002FCFD0FF00B16F756FB1FD9235B54FF4C884492F9A912CBC20DBBF61C9524F92F8E7C73E16FDA1BE3E5EF8D7C6B7BFF0AF746D7FCBF3E7F2E4D5BEC7F64B25893E48962797CD789470A36EFC9C8524F9B422ECF9D6B6D5D9A7F7F5F969A7A1F86709E0712E9D7FED0A6D5695292AB5A14674EB466ED78C66F9DD66DDDC1D15ECE1ECE2A31E59534BF437C0DE06FDB3BE2578A6CBC15FB4FD97F68FC33D47CCFED683CDD2A1DFE4C6D2DB7CFA7B25C8C5CA447F76C338C37C9B857E3657D67FF0917C2CFD9FBFE27FF057C5DFF09DF8CEEBFE3C359FB05CE97FD81B3E49BFD12EC4B0DE7DB219648FE71FB9DBB87CCC31F2656D85A6D36FA7A5BF03E93C3BCA2B50A988ACA118519A828C614A54173479F9E7ECA52934DDE31E6972CA5C8BDDE450948AFD0DF819F033E29E8DF0B344F8D5F05744FF00848BC67E22FB4FD82FFED36D67FF0008E7D92E65B49BF73772986FBEDD09913E78C7918C8CB106BF3CABEB3F0EF88BE167C56F859E11F869F12FC5DFF0AEBFE15D7DBFEC977F60B9D5FF00B57FB5EE4DC49FBBB709F67FB3EC55F99DFCCDF91B7691578A52E556DBAE97D3D16BFD763D2F10A962A785A51A1F039AF69EE4AAA70E5968E9C1C6738B9F229462F54DF3A74F9D3E4BF68AF1CFC7CD7BC530F82BF680BDF3F59F0AEED9079564BE47DBA38653F3D92847DE8233CB363A70722BF4EBE39FFC37C7FC2D3D6FFE14AFFC899FE8DF60FF00902FFCFB45E77FC7DFEFBFD7799F7FF0F9715F98BF1A7C73E16BDF0B7833E0F782AF7FB7F46F87BFDA3E46B9E5C96BFDA5FDAD24774FFE872A8783C87DD172EFBF1BC6D040AFA1FE39D8FECB5F1A3E29EB7F12FF00E177FF0063FF006C7D9BFD13FE11AD46E3CBFB3DB456FF00EB3F77BB7797BBEE8C671CE335C7521F05E3A6BF65B5BAE8B6BEE7E6F9D652A6B2E7530708538C2BAE5FAACEB41373A5CB2F630B4A94AA4539A527785E5095E5767C3FE39F1CF8A7E2578A6F7C6BE35BDFED1D6751F2FCF9FCA8E1DFE4C6B127C912A20C2228E1467193CE4D7255D6F8E747F0B683E29BDD27C15E20FF0084AB4683CBF2352FB24963E7EE8D59FF0071292E9B1CB27279DBB870457255E9C2D6563F79CB951587A6B0F0E5872AE55CAE3656D172B49C6CB4E56935B591F59FECBBF033FE16B7FC24DE2CFEC4FF0084C7FE10EFB17FC537F69FECFF00ED5FED0F3A2FF8FF00F353ECFF0067D9E7746F336ECE339AEB7F68AF1CFED9DA0F85A1F057ED017BE468DE2ADDB20F2B4A6F3FEC324329F9EC94BA6C7319E5973D391915E4BF05BC73E16B2F0B78CFE0F78D6F7FB0346F885FD9DE7EB9E5C975FD9BFD93249749FE8712979FCF7DB170E9B33BCEE008AEB7C45E22F859F0A7E1678BBE1A7C34F177FC2C5FF858BF60FB5DDFD82E748FECAFEC8B91711FEEEE03FDA3ED1BD97E574F2F664EEDC05714D4BDAEAAFB5B4FD765F9BFB8FCAB31C2E2A59F39E26846AA5387B252A52972C2D0E69C6B5FD9529467CF36A51F6B3E48C6F674B97E86F849F1F7C2DA0FC03F02782B49F8D3FF000ACF59D13FB53FB4A0FF0084724D67CFFB4DEC92DBFCED1144D8849F918E77E1B05715F3CFED45E22F8A7E2BFF0084675FF1678BBFE13BF065D7DB7FE11BD67EC16DA5FDAB679297FF00E891059A3F2E6511FEF87CDB3727CAD5C9781B47F807E38F0B59693E35F107FC2B3D6744F33CFD4BEC97BACFF6E7DA64664FDC44552D3EC88AA9C13E6EFDC7054D1F1A7C73E16BDF0B7833E0F782AF7FB7F46F87BFDA3E46B9E5C96BFDA5FDAD24774FFE872A8783C87DD172EFBF1BC6D040A54E8A8D4BC56B777BAFC9DBF57A7E18E4FC3586C2E7BEDB0B464EA3A9525375294128C66A72E7A75A34D39372718A8FB59C9539B8CA09C5F27CF35D6F81BC73E29F86BE29B2F1AF82AF7FB3B59D3BCCF227F2A39B679D1B44FF0024AAE8728EC39538CE473835C9515DED26ACCFD871187A75A9CA9558A94649A69ABA69E8D34F469ADD1FA73E06FDAB3E3E783FC2D65F187E30F8A3FB4746D47CCFEC3D0FEC5650FF00C241E4C8D6B79FE996B033D97D89D925FDEA0F3B1B138C9AF883E177C73F8A7F05FF00B4FF00E15A6B7FD8FF00DB1E4FDAFF00D1ADAE3CCFB3EFF2FF00E3E22936EDF31BEEE339E73818EB3F6ACF1CF85BE257C7CF1478D7C157BFDA3A36A3F62F227F2A4877F9365044FF0024AA8E30E8C39519C6471835C9FC2EFF008559A97F69F84FE25FFC49FF00B63C9FB27893FD26E3FB1BECFBE593FD02DF1F6AFB56161F988F2B3BC6706B8E9518A83938EF6BAB7E9E5F7FE08FCC321E18CBE86593C6D7C0457B78C253A51A71B462B551F6765CD2A7CCDC9D9D49C93E58FF000E947EDFFDA2BC73F1F3C0FF0000E1F057ED017BFDB7ACFC4CDDB20F2ECADBFB0FFB1AF6194FCF64AC977F6B468CF2C9E5631F312457E6357D67E22F117C2CF853F0B3C5DF0D3E1A78BBFE162FFC2C5FB07DAEEFEC173A47F657F645C8B88FF77701FED1F68DECBF2BA797B32776E02BE4CABC243962F4EBDADF874EDF2B9E9786D95C70B83AB18D25052A9295D537454AEA3AAA2F5A6A36F6693D65C9ED1B6E77657EB3788BC45F14FE14FC53F177C34F869E2EFF008575F067E1D7D83ED777F60B6D5FFB2BFB5ED85C47FBBB80F7B71F68BD765F959FCBDF93B5140AFC99AFD0DF8A3F10FE167ED4BFD99E2CF897F173FE104FB2F9DF64F0DFF605CEA9FD99BF64527FA7DBA41F68FB4790B37CC3F77BB60FBA498C5C6ED5D69AF4BF6E9F7FF5A3F37C45CBE55F1186F6D4B9F0FCB514BF76EB72C9BA6E328D2509DE7CAAA4632947921CCDCAF754EA759E06F03785BE1AFF00C1486CBC15E0AB2FECED1B4EF33C883CD926D9E7682D2BFCF2B3B9CBBB1E58E3381C605727F033E39FC53FDA4FE29E89F057E356B7FF000917833C45F69FB7D87D9ADACFCEFB1DB4B770FEFAD228665DB3431BFC8E338C1CA920F25E06FDA2BC2DAF7ED9F65FB4078D61FF00845B469FCCF3D37497DE46DD29AC9398A10EFBDC29E23E3773C0268F035D7C03FD9E7C5365F187C15F13BFE1616B3A0799E4687FD8B7BA4FDB3ED71B5ABFFA64A2548BCA495A5E50EED9B060B0239A54DDBDE57972AB697D75EBD3D4F89C7E495BD9B863B0D29E31E128C29CF92551C6BAF6D76AB2528D3929B8373738A5A4B9ACAEBE1FA28A2BD63FA2CFFFD5F833E1E7FC2D3F017C2CF847FF000CD3FE83E33F8A7FDBFF00DABFF1ED2FDBBFB0EE5FECDFF1FF00BA187C985A5FF57B37E7E6DCDB6B92FDAEB47F0B5EF85BE1CFC54D27C41FF09A6B3E34FED7FED2F10FD924D3BFB4BFB3A482DADFFD0588483C84061F91177EDDED92734781BE2DF85BC71F00ECBF67FF001AF8EFFE159E8DA2799E7BFF0065C9ACFF006E7DA6F5AF5388A357B4FB23AA8E243E6EFE70148AF25F8D3E39F0B5EF85BC19F07BC157BFDBFA37C3DFED1F235CF2E4B5FED2FED6923BA7FF00439543C1E43EE8B977DF8DE36820579B4E9CBDA5EDADDFDDADB5FBB4FE97E1992E518C59EC6B4E9B8D48D5ACE72507EFD192AAE0E759C529A57A3185184E5C8A37926E3CB47EE0F11788BE29FC29F8A7E2EF869F0D3C5DFF000AEBE0CFC3AFB07DAEEFEC16DABFF657F6BDB0B88FF77701EF6E3ED17AECBF2B3F97BF276A2815F0FF00ED59E06F0B7C35F8F9E28F05782ACBFB3B46D3BEC5E441E6C936CF3ACA095FE7959DCE5DD8F2C719C0E302BE87F8A3F10FE167ED4BFD99E2CF897F173FE104FB2F9DF64F0DFF00605CEA9FD99BF64527FA7DBA41F68FB4790B37CC3F77BB60FBA49F933E39FC51FF0085D1F14F5BF897FD99FD8FFDB1F66FF44F3BED1E5FD9EDA2B7FF0059B23DDBBCBDDF706338E719260E9C94936BA6BEBA75EAF7D7FE1D9E1AE518CA38CA756B537092A4E3597238A9554E9F2CE539462EBD4935564EA45CE11BDA2FDE752AF92D14515E91FB985145140051451400514514005145140051451400514514005145140051451400514514005145140051451400514514005145140051451400514514005145140051451400514514005145140051451400514514005145140051451400514514005145140051451400514514005145140051451400514514005145140051451401FFD6FE7FE8A28A0028A28A0028A28A0028A28A0028A28A0028A28A0028A28A0028A28A0028A28A0028A28A0028A28A0028A28A0028A28A0028A28A0028A28A0028A28A0028A28A0028A28A0028A28A0028A28A0028A28A0028A28A0028A28A0028A28A0028A28A0028A28A0028A28A0028A28A0028A28A0028A28A0028A28A0028A28A0028A28A0028A28A0028A28A00FFD7F833F61AFF008559ACFC53F04FFCCBBE33F0EFF697FCFCDDFF00C247F6CB6B9FA4363F61847BF9F9ECC2BE4CF8A3FF000AB34DFECCF09FC34FF89C7F63F9DF6BF127FA4DBFF6CFDA364B1FFA05C67ECBF65CB43F293E6E379C6457D0DFB29FED17E16F849E29F0BE93730FFC22DA34FF006DFF0084AF52DD25F7F6B6D8E76D37F702291EDBECCF26CFDC1FDE6EDD2702BE79F8A3F147FE16B7F666BFAFE99FF159FEFBFB6759F3BFE42BF712D3FD111121B7FB3C2823FDD8FDE7DE6F9AB861097B66DA76F5F5FEB7D2EB4EDF926519663E3C4F88C454A753D838C796F34D27CD5B57A5DC6EE4E30F693E4F694DB825CAB0FF0059FC2EF8A3FB52F8F7FB4F40FD92B4CFF8477C19E1DF27CBD1BCED3AEFEC1F6BDEEDFE97A9A2CD379D32CD2724ECCEDE142D725E06F037C03F895FB67D9782BC1565FDA3F0CF51F33C883CDBD877F93A534AFF003CAC97231728C79619C607C9815D6FC51B1FD96BC7BFD99A0681F1BFFE11DF067877CEFEC6D1BFE11AD46EFEC1F6BD8F77FE96FB669BCE994C9FBC276676AE1457CF1E06F1CF85BF679F8F965E35F055EFFC2C2D1B40F33C89FCB9349FB67DAEC9A27F925595E2F29E561CA9DDB3230181194237527056767D1AFBDBDDFF00C1DF73C1CB304F1187C6D4CB28CE8579D1A8A11F6556949C9AF76556B544A356B2959C65CD7839D4F7AA26EA1F707C0CF117C53FDA07FB1340FDA5BC5DF6AF0678EFED3FD95A37D82D93FB7FFB2FCD7B9FF4BB0114D67F639A28A4FDE15F3BEEAEE5DD9F933F67EFF8A53E167C54F8D5A07FA2F8CFC09FD87FD8D7FF007FECBFDA9732DA5DFEE5F74327990B14FDE236DEABB5B9AF5AFF008587F0B3C05F14FF00E1A5BFE16E7FC2D3F19D8FFCC2BFB02E743FB7F9B6DFD9FF00F1F3B1A187C985BCCFF5477F97B7EF36EAF25FD977E39FFC2A9FF849BC27FDB7FF000877FC263F62FF008A93ECDFDA1FD95FD9FE74BFF1E1E53FDA3ED1BFC9EABE5EEDFCE3152A12E5938AD34D2D65BEBD2FB796BF81C787CA714B078DA981C3DA94BD83F64A9CA942F1AADD68283A719CE2E8F2C673F67275B58C62ECA8C3E86F8B7A3F8A7C61F00FC77AB7ED01E20FEDFF00899F0F7FB2F669BF648ED3FE11FF00ED6BD8D4FEFEC8ADB5EFDB6D9637E43F938DBF2B935C9FC3CFF85A7E02F859F08FFE19A7FD07C67F14FF00B7FF00B57FE3DA5FB77F61DCBFD9BFE3FF007430F930B4BFEAF66FCFCDB9B6D792F88BC45F0B3E14FC2CF177C34F869E2EFF00858BFF000B17EC1F6BBBFB05CE91FD95FD91722E23FDDDC07FB47DA37B2FCAE9E5ECC9DDB80AEB7C0DF16FC2DE38F80765FB3FF8D7C77FF0ACF46D13CCF3DFFB2E4D67FB73ED37AD7A9C451ABDA7D91D547121F377F380A451ECE4A1B697EDD2DDBD7A7CFCC3FB17154F2EB42973E1FEB1CDC92A3250F66E8F2BFF00668C79F923887CD1A5CBCD2694E53D5D60FDAEB47F0B5EF85BE1CFC54D27C41FF09A6B3E34FED7FED2F10FD924D3BFB4BFB3A482DADFFD0588483C84061F91177EDDED92735D6FC73F8E7F14FF0066CF8A7ADFC15F82BADFFC23BE0CF0EFD9BEC161F66B6BCF27ED96D15DCDFBEBB8A699B74D348FF3B9C67030A001F3C7C69F1CF85AF7C2DE0CF83DE0ABDFEDFD1BE1EFF68F91AE79725AFF00697F6B491DD3FF00A1CAA1E0F21F745CBBEFC6F1B4102BE87FF8587F0B3C7BF14FFE1A5BFE16E7FC2ACF19DF7FCC2BFB02E75CFB07956DFD9FFF001F3B1619BCE857CCFF005436799B7EF2EEAA50B463CEAEB5E9E7A696D34F2D363B29E532A383C2ACC30F2AF4231C472C674DCD5DD58BC3F3538539387EE94926A92549370E58B6A0FE1FF1CF8E7C53F12BC537BE35F1ADEFF68EB3A8F97E7CFE5470EFF2635893E4895106111470A338C9E726B92AFA1BF6ACF1CF85BE257C7CF1478D7C157BFDA3A36A3F62F227F2A4877F9365044FF24AA8E30E8C39519C6471835F3CD77D2778AD2DE47EC3C3B57DA65F879FB1F637845FB3B5B93DD5EE5ACADCBB5ACB6D96C145145687B0145145001451450014514500145145001451450014514500145145001451450014514500145145001451450014514500145145001451450014514500145145001451450014514500145145001451450014514500145145001451450014514500145145001451450014514500145145007FFFD0F8E3C29E06F0B7C5BF807F00FE0F6AD65E46B3E2AFF84A7FB375CF3246FEC9FB0DEB5D5C7FA1AB46973F6948C45F3BAF97F7D72783E4DFB4C6B1E16D7BE01FC0BD5BC15E1FFF008457469FFE127F234DFB5C97DE46DBD855FF007F280EFBDC33F238DDB47005792FC47F1CF85B5EF807F07BC15A4DEF9FACF857FE120FED283CA917C8FB75EA4B6FF3B2847DE809F919B1D1B078A3E23F8E7C2DAF7C03F83DE0AD26F7CFD67C2BFF000907F6941E548BE47DBAF525B7F9D9423EF404FC8CD8E8D83C579D4E8C9494BCDFFEDDAFE5FD33F12CA3867154F1B85C5C9CF97EB3887C8F9AD152FADFBF66EDCB34E928E8927AC5DEACF9BE87FD9FBE39FC53F0A7ECB5F153FB035BFB2FFC209FD87FD8DFE8D6CFF65FED4D465FB5FDF89BCCF3371FF59BB6FF000EDAF25FD86BFE4E97C13FF712FF00D375CD75BF05AEBE01D97C03F19F82BC6BF13BFB0359F885FD9DE7C1FD8B7B77FD9BFD937B24A9F3C5949FCF42A7864D99C1DC4115E4BFB29F8E7C2DF0D7E3E785FC6BE35BDFECED1B4EFB6F9F3F9524DB3CEB29E24F922577397751C29C67278C9A1C3DDABCAB57E5BE9F8EB70C46590960F88E185C34A33A9CF6FDDCA2E77A0A3EEB715CF7A8AA7C37BB9397DB4DFD0FFB35FC2EFF00840BF6A5F86DAFE81A9FFC245E0CF117F6C7F636B3E4FD93EDFF0064D3A64BBFF447769A1F266631FEF00DF8DCB9535F0FF81BC73E29F86BE29B2F1AF82AF7FB3B59D3BCCF227F2A39B679D1B44FF24AAE8728EC39538CE473835F437EC77F1CFF00E14BFC53B7FEDFD6FF00B1FC19AC6FFED9FF0046FB4799F67B6B8FB27DC8A49976CD20FF00578CE7E6CA8E3E79F0368FE16D7BC5365A4F8D7C41FF0008AE8D3F99E7EA5F6492FBC8DB1B327EE2221DF7B854E0F1BB71E01ADA316A52E7D5597CF7FEBFAB1F4980C0E229E618E799C7DA52F634A3CDCADFB48A9576D4A0A3673B4AD28C1352BA928C79D538FD67FB7EF8E7C53AF7C7CD57C15AB5EF9FA37857C8FECD83CA8D7C8FB7595ACB71F3AA877DEE01F9D9B1D17038AFA1BE1E7FC352FF00C32D7C23FF008669FF00A8FF00F6AFFC83BFE822FF0066FF008FFF00FB6BFEAFFE05FC35F267ED89E22F859E3DF8A771F12FE1A78BBFE122FF00848B67DAED3EC17367F60FB1DB5BDBC7FBCB80BE779DB59BE551B31839C835D6DADD7C03F895F00FE18F82BC6BF13BFE10BD67C17FDB5E7C1FD8B7BA8EFF00ED1BDF353E78B620C2229E19B3BB0704115CAE9FEE69AB6DBE8DF47D3D4F83AF93AFF56F26A3F56B284A3CF1961E75145AA35549CE8C5464EF51FC5A2E66A7769EBE4BFB4578E7E3E6BDE2987C15FB405EF9FACF85776C83CAB25F23EDD1C329F9EC9423EF4119E59B1D383915F59FED59FB567C7CF86BF1F3C51E0AF0578A3FB3B46D3BEC5E441F61B29B679D6504AFF3CB03B9CBBB1E58E3381C6057C41F147C1FF0B3C29FD99FF0AD3E20FF00C277F6AF3BED7FF129B9D2FECBB36797FF001F0CDE6799B9BEEFDDDBCFDE15F59FC73B1FD96BE347C53D6FE25FFC2EFF00EC7FED8FB37FA27FC235A8DC797F67B68ADFFD67EEF76EF2F77DD18CE39C66B49461785E3A59FD97BE9D3A1EC6372FCADD5CBE589C173E1E34AB2E5585A9CB19B9D1D7D8F24A54F9AD36B996D7F79DEEFE78FDAB3C0DE16F86BF1F3C51E0AF05597F6768DA77D8BC883CD926D9E759412BFCF2B3B9CBBB1E58E3381C6057CF35EB5F1CFE28FF00C2E8F8A7ADFC4BFECCFEC7FED8FB37FA279DF68F2FECF6D15BFF00ACD91EEDDE5EEFB8319C738C9F25AECA29A8454B7B1FA7F0AD0C552CAF0B4B1B7F6D1A7053BBBBE6515CD7777777BDDDDDF7B9D6F81B58F0B683E29B2D5BC6BE1FFF0084AB4683CCF3F4DFB5C963E7EE8D953F7F102E9B1CABF039DBB4F04D7D0DFB72FF00C9D2F8DBFEE1BFFA6EB6AF9E7C0DA3F85B5EF14D9693E35F107FC22BA34FE679FA97D924BEF236C6CC9FB888877DEE15383C6EDC7806BE86FDB13C45F0B3C7BF14EE3E25FC34F177FC245FF0916CFB5DA7D82E6CFEC1F63B6B7B78FF00797017CEF3B6B37CAA3663073906B397F193F27DEDD3E5FD7A1E063528F12E1AA284DDE8D58B7CB3704DCE9CA2AF674E326A13BEA9BB454BEC23E4CA2BADF0368FE16D7BC5365A4F8D7C41FF0008AE8D3F99E7EA5F6492FBC8DB1B327EE2221DF7B854E0F1BB71E01AE4ABA2FAD8FB78D78BA8E96B7493D9DB5BECED66F47749DD68DA49ABFDC1F0E358F0B5EFEC61F18749D27C3FFD9DACE9DFF08FFF00696A5F6B926FED2F3B5576B7FDC30D90790994F909DF9DCDCD7C3F5F707C16BAF80765F00FC67E0AF1AFC4EFEC0D67E217F6779F07F62DEDDFF66FF64DEC92A7CF16527F3D0A9E19366707710457C3F5CF87F8A7EBE7D91F11C1C9471999C542693ADCC9CE3349A74A9C5B8CA6BDE8F3C64972B6924AD6838DCA28A2BA4FBD0A28A2800A28A2800A28A2800A28A2800A28A2800A28A2800A28A2800A28A2800A28A2800A28A2800A28A2800A28A2800A28A2800A28A2800A28A2800A28A2800A28A2800A28A2800A28A2800A28A2800A28A2800A28A2800A28A2800A28A2800A28A2803FFFD1FC59F85DF147FE102FED3D035FD33FE122F06788BC9FED9D1BCEFB27DBFEC9BDED3FD2D11A687C999849FBB237E36B654D1F147E177FC205FD99AFE81A9FFC245E0CF1179DFD8DACF93F64FB7FD93625DFFA23BB4D0F933318FF007806FC6E5CA9A3E177FC2ACD37FB4FC59F12FF00E271FD8FE4FD93C37FE936FF00DB3F68DF149FE9F6F9FB2FD972B37CC0F9B8D831935C978E7C73E29F895E29BDF1AF8D6F7FB4759D47CBF3E7F2A3877F931AC49F244A883088A38519C64F3935824F9EEBE7E7FD77F96BD3E56961EA7F6ACAA61A2E30B7EF1B5EECE565CBCABACA2ADCD517BBCB6A6D549453A1F707C2EF8E7F14F52FED3FF8569ADFFC2A2F833E13F27ED7FE8D6DAFFF00637DBF7F97FF001F110BDBAFB55E86FBBBBCAF339C228AF87FC73AC785B5EF14DEEADE0AF0FF00FC22BA34FE5F91A6FDAE4BEF236C6AAFFBF94077DEE19F91C6EDA3802BADF08788BFB37E167C41D03FE12EFEC7FED8FEC9FF008937D83ED1FDB3F67B967FF8FBC1FB2FD973E6751E6E76F38AF25A5468A8C9B5FD7AF77E7FF04E2E1BE1AA184C6E26BD2828EAA2ACA4B9972C64E7524D2756A39397EF1CA765A26A6EB73145145741F6E14514500145145001451450014514500145145001451450014514500145145001451450014514500145145001451450014514500145145001451450014514500145145001451450014514500145145001451450014514500145145001451450014514500145145001451450014514500145145001451450014514500145145007FFD2FCDFB5F1CF8A7F679F807F0C7C6BF07AF7FB0359F885FDB5FDB93F951DDFDB3FB26F7CAB3F92E96548BCA495C7EE9537672FB88047CF3F147E28FF00C2D6FECCD7F5FD33FE2B3FDF7F6CEB3E77FC857EE25A7FA2222436FF006785047FBB1FBCFBCDF357ACF877C45F0B3E2B7C2CF08FC34F897E2EFF008575FF000AEBEDFF0064BBFB05CEAFFDABFDAF726E24FDDDB84FB3FD9F62AFCCEFE66FC8DBB48AF26F8A3FF0AB34DFECCF09FC34FF0089C7F63F9DF6BF127FA4DBFF006CFDA364B1FF00A05C67ECBF65CB43F293E6E379C64571D28A52D57BD77AF974D7AE96D3FCB4FCC386F05429E3A4EBE1A5F5AF6955BA9C925FBB739BA7CD5748D48F23A7154D4A6E2F97DC5ECDB87D67F1CFE39FC53FD9B3E29EB7F057E0AEB7FF0008EF833C3BF66FB0587D9ADAF3C9FB65B457737EFAEE29A66DD34D23FCEE719C0C2800759E06F03785BE1AFF00C1486CBC15E0AB2FECED1B4EF33C883CD926D9E7682D2BFCF2B3B9CBBB1E58E3381C60579378E6EBE01FED0DE29BDF8C3E35F89DFF000AF759D7FCBF3F43FEC5BDD5BEC7F648D6D53FD3221124BE6A44B2F0836EFD8725492781BF68AF0B6BDFB67D97ED01E3587FE116D1A7F33CF4DD25F791B74A6B24E62843BEF70A788F8DDCF009AE5F66F91A4B5E577D377A7DFD75FF0033E0E39256FECBAD4A861A4AB7D52B42BFB928BA95DC61CADB697B7936AADA71735EF37CDFBC5CDF437ECD7E1DF859A37C53F86DF12F40F08FD87FE169FF006C7F635A7DBEE65FF8473FB0EDA6B7BBFDE393F6EFB764B7EF123F23385DDD6BE79FD99F58F0B683F00FE3A6ADE35F0FFF00C255A341FF0008C79FA6FDAE4B1F3F75ECCA9FBF88174D8E55F81CEDDA7826BC97F653F1CF85BE1AFC7CF0BF8D7C6B7BFD9DA369DF6DF3E7F2A49B679D653C49F244AEE72EEA38538CE4F19347C38F1CF85B41F807F187C15AB5EF91ACF8ABFE11FF00ECD83CA91BCFFB0DEBCB71F3AA944D8841F9D973D17278AD2741DDAD5FC3DFF99FE4BFCCF6333E12C4C2BE2A8C9D4A919BC1FBD79DF9638A9BB2973369D3A5CBCD24D4B4F6B2B4A4E4FEB3F15F81BC2DF093E01FC7CF83DA4D979FACF857FE116FED2D73CC917FB5BEDD7AB756FF00E86CD225B7D9924317C8EDE67DF6C1E07CF3E1DFF8C7EF859E11F8D5A07FA578CFC77F6FFEC6BFFB9FD81FD97726D2EFF72FE6C379F6C86529FBC8D7C9EABB9B91C97C38F1CF85B41F807F187C15AB5EF91ACF8ABFE11FFECD83CA91BCFF00B0DEBCB71F3AA944D8841F9D973D17278AF5AB5FDAB3C53F0D7E01FC31F057C1EF147F676B3A77F6D7F6E41F618E6D9E75EF9B67F3DD40E8728EE7F74C719C3F38147B39ABC77BBD7CFDDFCAFF00E5B04724CD282A9835075FDA6217B47372846A47EA9172726A33E5A6EAC6DCA9387FCB8F81B89E4BF1A7C0DE16B2F0B7833E30F82ACBFB0346F885FDA3E4687E64975FD9BFD932476AFF00E992B179FCF7DD2F289B33B06E001AFA1FF6E5F85DFDA5F14FC6DF12FC27A9FF006C7F63FF0066FF00C24969E4FD9FFB1BED16D6D6F61FBC95C7DABED582DFB953E5630F8CE6BC97F681F8E7FF000BA3E167C2BFEDFD6FFB63C67A3FF6E7F6CFFA37D9FCBFB45CC5F64FB91470B6E8631FEAF38C7CD863C9F1CFE39FFC652EB7F1ABE0AEB7FF003EDF60BFFB37FD43A2B49BF737717FD744F9D3DC7635508D46E2FAAE6FCD595FD3AFCF53B32BC1E733C460EB4938D4A71C547DEBCA2D2AF4D5384AA38F3352A71BC2A5B9E5CAAA3535CD197D67FF00394AFF003FF42ED7937C0CF8E7F14FF693F8A7A27C15F8D5ADFF00C245E0CF117DA7EDF61F66B6B3F3BEC76D2DDC3FBEB48A19976CD0C6FF00238CE3072A4827FC2F3F859FF0DF1FF0BABFB6FF00E28CFF009FFF00B35CFF00D017EC9FEA7CAF3BFD77C9F73DFEEF35C9781AEBE01FECF3E29B2F8C3E0AF89DFF000B0B59D03CCF2343FEC5BDD27ED9F6B8DAD5FF00D32512A45E524AD2F28776CD830581187B3F76CE3AF2AB69B3D7AF43E39646D60E14EB6124F13F52A10A32F6526E1592ABB54E56A94A32706E529439746DAB5D725FB2EFFCCCDFF080FF00C966FF0042FF008433FF00237F6AFF00AEFF0042FF008F2DDFF1F3FF006CBE7C575BFB456B1F1F2CBC2D0E93FB56787FFB4759D4777FC231A97DAECA1FECDF26485B50FDC69A364FE7A7929FBF23663747CEEAF9E7E177FC2ACD4BFB4FC27F12FF00E24FFDB1E4FD93C49FE9371FD8DF67DF2C9FE816F8FB57DAB0B0FCC47959DE33835EB3E22F117C2CF853F0B3C5DF0D3E1A78BBFE162FFC2C5FB07DAEEFEC173A47F657F645C8B88FF77701FED1F68DECBF2BA797B32776E02BA670FDE5ED7F97E4FA2F2EBAF73EF735CB9ACF5568D1739B941A6E9CB9946D15274F131972D3A714A529519AE6A92F691B38D68DFE79F0368FE16D7BC5365A4F8D7C41FF0008AE8D3F99E7EA5F6492FBC8DB1B327EE2221DF7B854E0F1BB71E01AE4ABADF0378E7C53F0D7C5365E35F055EFF676B3A7799E44FE54736CF3A3689FE4955D0E51D872A719C8E706B92AECD6E7E9F0856FAC4E527EE72C6CAEB7BCB9B4E54D5D38EBCF24EDA46366E651451547605145140051451400514514005145140051451400514514005145140051451400514514005145140051451400514514005145140051451400514514005145140051451400514514005145140051451400514514005145140051451400514514005145140051451401FFD3FE7FE8A28A00FB83C73AC785BF667F14DEFECFF73E1FFF0084AB4683CBFF0084ADFED7258FFC249BA35BDD3780267B0FB03CD8FDC49FBFDBFBCE0E07CF3F1CFE177FC297F8A7ADFC34FED3FED8FEC7FB37FA5F93F67F33ED16D15C7FABDF26DDBE66DFBE738CF19C0FACFE39FEDCDF14FF00E169EB7FF0A57C6DFF001467FA37D83FE25B6DFF003ED179DFF1F76DE77FAEF33EFF00E1F2E2BE78FDAB3C73E16F895F1F3C51E35F055EFF0068E8DA8FD8BC89FCA921DFE4D94113FC92AA38C3A30E5467191C60D7061954BA725BAD7D74DFB7F5D91F8F701433886230F531D479155A2E751F34A4E556F4ACEA46508AA53B4A69462DFBA943E0A304BE79A28A2BBCFD8428A28A0028A28A0028A28A0028A28A0028A28A00EB747D1FC2D7BE16F106ADAB7883FB3B59D3BEC9FD9BA6FD9249BFB4BCE90ADC7EFD4EC83C84C3FCE0EFCED5E6B92AEB747F1CF8A741F0B7883C15A4DEF91A378ABEC9FDA507951B79FF006190CB6FF3B2974D8E49F91973D1B238AE4AA55EEEE71E161594EABA8EE9CBDDD53B2E58AFE58DBDEE6766E6F5BF324D42257D0DF05BC0DE16BDF0B78CFE30F8D6CBFB7F46F87BFD9DE7E87E6496BFDA5FDAD2496A9FE99130783C87DB2F08FBF1B0ED049AF9E6BEB3FD9FBE39FF00C297F859F153FB035BFEC7F19EB1FD87FD8DFE8DF68F33ECF732FDAFEFC5242BB6190FFACC673F2E587196239B97DDDF4FCCF078D258CFECF947029BA929538D936BDD9548467EF45394172395E715CD05792D5261E22FF8C81F859E2EF8D5AFFF00A2F8CFC09F60FED9BFFBFF00DBFF00DA9722D2D3F729E54367F6386209FBB8DBCEEADB5B93F59FC3CFF86A5FF865AF847FF0CD3FF51FFED5FF009077FD045FECDFF1FF00FF006D7FD5FF00C0BF86BE79BAFDAB3C53F12BE01FC4EF057C61F147F68EB3A8FF0062FF0061C1F618E1DFE4DEF9B79F3DAC088308887F7AC338C273915E4BF11FC73E16D7BE01FC1EF056937BE7EB3E15FF008483FB4A0F2A45F23EDD7A92DBFCECA11F7A027E466C746C1E2B8DD294AD16B67EAAD6F975FBB63F30C570EE618B852C057C3C2308627DD8CA32AD4634FEAB27D5527282A92718FC31849A847DD846275BFB517FCCB3FF0009F7FC966FF4DFF84CFF00F20FF657FA9FF42FF8F2DBFF001EDFF6D7E7CD7E86FC73FF0086F8FF0085A7ADFF00C295FF009133FD1BEC1FF205FF009F68BCEFF8FBFDF7FAEF33EFFE1F2E2BF0FEBE86FDAB3C73E16F895F1F3C51E35F055EFF0068E8DA8FD8BC89FCA921DFE4D94113FC92AA38C3A30E5467191C60D5CF0CDB8C74764F7575D3CFEEF23D2CD780AA54C4E0708A34E71A74EBDDD5A3ED29C5CA745A8C61CF150495D525CCF969C797DEB367D0FF00033FE1567FC37C689FF0A57FE44CFF0049FB07FC7CFF00D0165F3BFE3EFF007DFEBBCCFBFF0087CB8AEB3C73E39FF8290FC35F0B5EF8D7C6B7BFD9DA369DE5F9F3F95A0CDB3CE91624F922577397751C29C67278C9AF933F653F1CF85BE1AFC7CF0BF8D7C6B7BFD9DA369DF6DF3E7F2A49B679D653C49F244AEE72EEA38538CE4F1935D6FF00C2A0FD96BFE8E0BFF2D4D47FF8E5455A4954F795D596E9BEE79B9EE43429671058DA5EDA9468D18F354C354C4CA5CB2ABCD69C15A1369A726D3BB69F2E967D6FECCFA3F85B5EF807F1D349F1AF883FE115D1A7FF008463CFD4BEC925F791B6F6664FDC4443BEF70A9C1E376E3C0347867C0DE29F86BF00FF0068FF000578D6CBFB3B59D3BFE10FF3E0F3639B679D7AD2A7CF133A1CA3A9E18E3383CE45792FC38F1CF85B41F807F187C15AB5EF91ACF8ABFE11FF00ECD83CA91BCFFB0DEBCB71F3AA944D8841F9D973D17278AEB7C21F1CFF00E316BE20FC15F166B7FF00409FF846EC3ECDFF005116BBBFFDF4517D1FF7CFEC9E957384EF26B6E65FA6BFD7E9AFA59AE5398BC562EA528B74E78AC337169FC31FAB37520D2BB49C6519A7EEDA3CCA517092A9EB57DF1CFE29FC17FD96BE087FC2B4D6FF00B1FF00B63FE125FB5FFA35B5C799F67D44797FF1F1149B76F98DF7719CF39C0C792FED03FF00155FC2CF857F1AB5FF00F4AF19F8EFFB73FB66FF00EE7DABFB2EE62B4B4FDCA6D863F2E1509FBB45DDD5B73735D6DADD7C03F895F00FE18F82BC6BF13BFE10BD67C17FDB5E7C1FD8B7BA8EFF00ED1BDF353E78B620C2229E19B3BB0704115E4BF1A7C73E16BDF0B7833E0F782AF7FB7F46F87BFDA3E46B9E5C96BFDA5FDAD24774FF00E872A8783C87DD172EFBF1BC6D040A54A1EF2B2D6EEFA74D7AF5E863C37964219853950C34A159623112AB3F6728735294ABF2DEA38A8D48B94A93515296CA56B41B8FCF35F59FEC35FF00274BE09FFB897FE9BAE6BE4CAFA1BF653F1CF85BE1AFC7CF0BF8D7C6B7BFD9DA369DF6DF3E7F2A49B679D653C49F244AEE72EEA38538CE4F1935D5894DD3925D99FA1F1DE1EA56C8F1D4A945CA52A5512495DB6E0D2492D5B6F647CF35D6F81BC73E29F86BE29B2F1AF82AF7FB3B59D3BCCF227F2A39B679D1B44FF24AAE8728EC39538CE473835F437FC2A0FD96BFE8E0BFF2D4D47FF8E57CF3E06D1FC2DAF78A6CB49F1AF883FE115D1A7F33CFD4BEC925F791B63664FDC4443BEF70A9C1E376E3C034D548C93D3F07FD336A59DE0F1D87ACA54E6E0A2F994E8D58F3269DD28CE09CEE934E31527B2B6AAFF59FEDFBE39F14EBDF1F355F056AD7BE7E8DE15F23FB360F2A35F23EDD656B2DC7CEAA1DF7B807E766C745C0E2BADBEF85DFF0B5BF65AF821A0681A9FF00C567FF00152FF6368DE4FF00C857FE2621EEFF00D2DDD21B7FB3C2864FDE1FDE7DD5F9ABC97F6C4F117C2CF1EFC53B8F897F0D3C5DFF000917FC245B3ED769F60B9B3FB07D8EDADEDE3FDE5C05F3BCEDACDF2A8D98C1CE41AE4BE23F8E7C2DAF7C03F83DE0AD26F7CFD67C2BFF000907F6941E548BE47DBAF525B7F9D9423EF404FC8CD8E8D83C57253A6FD9D351D2DE5E4FF53F36C9F26C43C9B23A38384A8CE9C9395E9B5CB2542B2939C2493E59547693F75CB9AF19A94A323ADF8BFF00F26B5FB3EFFDCD7FFA718EBF437E39FF00C37C7FC2D3D6FF00E14AFF00C899FE8DF60FF902FF00CFB45E77FC7DFEFBFD7799F7FF000F9715F9E5FB40FC73FF0085D1F0B3E15FF6FEB7FDB1E33D1FFB73FB67FD1BECFE5FDA2E62FB27DC8A385B74318FF579C63E6C31E7D6BE39D8FECB5F1A3E29EB7F12FF00E177FF0063FF006C7D9BFD13FE11AD46E3CBFB3DB456FF00EB3F77BB7797BBEE8C671CE33594A9BF77997F3746FAFF005A9F378EC9EBCBEA92C7E1A3A4B18DA961EA62609CF111946D18A8CBDE8DDC26D24E37D3DED3E78F0378E7C2DF12BE3E5978D7F69FBDFED1D1B51F33FB5A7F2A4877F9364D15B7C9A7AA38C3A443F76A338CB71B8D7D67E39D63F6CED07C2D7BAB7ED3FE1FFF0084ABE19C1E5FF6B69BF6BD2AC7CFDD22ADB7EFF4F06E5365C989FF007639DBB5BE42D5F107FC5ACF017C53FF00A2A7E0CB1FFAF9D0FEDFE6DB7FC0A687C999BDF7F97FDD6AFA1BC0D75F00FF00679F14D97C61F057C4EFF8585ACE81E6791A1FF62DEE93F6CFB5C6D6AFFE99289522F2925697943BB66C182C08DABC15D34BA69A7E5FCAFCDF9763EAB8B32DA52A942AE1B0CE4BD9C55383A33695AED469CE2E2F0951DE2A552714A36A6D6B4A497C3F451457A07ECE14514500145145001451450014514500145145001451450014514500145145001451450014514500145145001451450014514500145145007FFFD4FE7FE8A28A00FDC0F8E7FF000DF1FF000B4F5BFF00852BFF002267FA37D83FE40BFF003ED179DFF1F7FBEFF5DE67DFFC3E5C57E4CFC73FF8559FF0B4F5BFF852BFF2267FA37D83FE3E7FE7DA2F3BFE3EFF007DFEBBCCFBFF0087CB8AEB3F6ACF1CF85BE257C7CF1478D7C157BFDA3A36A3F62F227F2A4877F9365044FF0024AA8E30E8C39519C6471835F3CD70E0B0EE314DE9A76B7DFDDFFC13F24F0B3832A6030787C4D551849D28A71853F66DB6A2DBAD7949D4A916ACA56872F354D3DED0AFD66FF825DFFCD4CFFB837FEDED7E4CD7E86FEC19F1CFE167C17FF84E7FE165EB7FD8FF00DB1FD99F64FF0046B9B8F33ECFF6AF33FE3DE2936EDF317EF6339E33838798C1CA8C9455DFFC136F1B72EC462F8631787C2D394E6F92D18A726ED520DD92BB7649BF43E78F1CFED59F1F3E25785AF7C15E35F147F68E8DA8F97E7C1F61B2877F9322CA9F3C50238C3A29E1867183C6457D0F7DF0BBFE16B7ECB5F04340D0353FF8ACFF00E2A5FEC6D1BC9FF90AFF00C4C43DDFFA5BBA436FF67850C9FBC3FBCFBABF357CF1E39F871F00F41F0B5EEADE0AF8C3FF000956B30797E469BFF08FDED8F9FBA4557FDFCAE51362167E473B768E48A3E23F8E7C2DAF7C03F83DE0AD26F7CFD67C2BFF000907F6941E548BE47DBAF525B7F9D9423EF404FC8CD8E8D83C52704F97D92B6BDADD198E232CA1563815915174231AEE4FF712A693F6155734A128C1B8C9B8C1CB4BDF96338CACD75BF17FFE4D6BF67DFF00B9AFFF004E31D7D0DFB29FED59F1F3E257C7CF0BF82BC6BE28FED1D1B51FB6F9F07D86CA1DFE4D94F2A7CF1408E30E8A78619C60F1915F3CFED03F1CFF00E1747C2CF857FDBFADFF006C78CF47FEDCFED9FF0046FB3F97F68B98BEC9F7228E16DD0C63FD5E718F9B0C79F5AF81963FB2D7C17F8A7A27C4BFF85DFF00DB1FD8FF0069FF0044FF00846B51B7F33ED16D2DBFFACFDE6DDBE66EFBA738C719CD635209D26A71D7DEB697EAFC8F9BCF32CA53E1CAF4731C139E264F17ECD2A53ABCB2954A8D38C953BC549B8B8CDA8732B496DA792FEDCBFF00274BE36FFB86FF00E9BADABE4CAFA1BF6ACF1CF85BE257C7CF1478D7C157BFDA3A36A3F62F227F2A4877F9365044FF0024AA8E30E8C39519C6471835F3CD76E19354E29F647EABC0987A94723C0D2AB1719469534D35669A824D34F54D3DD0514515B9F541451450075BA3E8FE16BDF0B788356D5BC41FD9DACE9DF64FECDD37EC924DFDA5E74856E3F7EA7641E4261FE7077E76AF35C9575BA3F8E7C53A0F85BC41E0AD26F7C8D1BC55F64FED283CA8DBCFFB0C865B7F9D94BA6C724FC8CB9E8D91C572552AF77738F0B0ACA755D4774E5EEEA9D972C57F2C6DEF733B3737ADF9926A112BF437F62DFF0085A7FF000AB3E33FFC295FF91CFF00E29DFB07FC7B7FCFCDC79DFF001F7FB9FF0053E67DFF00C3E6C57E7957D0DF0E3C73E16D07E01FC61F056AD7BE46B3E2AFF847FF00B360F2A46F3FEC37AF2DC7CEAA51362107E765CF45C9E2B1C541CA165DD7E68F94F10F2CA98CCB1E1A94149CAA51D1C79E36F6D4DB728DD73452BB92BAF753BB4B53E87F8E7FF0B4FF00E1566B7FF0D85FF239FF00A37FC20DFF001EDFF3F317F6C7FC82FF0073FEA7C9FF008FAFFB65F36EAF59F879FF000D4BFF000CB5F08FFE19A7FEA3FF00DABFF20EFF00A08BFD9BFE3FFF00EDAFFABFF817F0D7E4CD7D677DF1CFFE114F859F043FE15A6B7F65F19F813FE125FB5FFA36FF00B2FF006A5C8F2FFE3E226864F32166FBBBB6F7DAD8AE6AB867CB18A49EBDB4D9F4FEB53E27883813110C1E170786852A8DD694F96549FD5E3FB8AA92F66A4F920E4936F99FEF66E766DA807ED45FF32CFF00C27DFF00259BFD37FE133FFC83FD95FEA7FD0BFE3CB6FF00C7B7FDB5F9F35EB5FB3F7C73F8A7E14FD96BE2A7F606B7F65FF8413FB0FF00B1BFD1AD9FECBFDA9A8CBF6BFBF13799E66E3FEB376DFE1DB5F267C51FF8559A97F6678B3E1A7FC49FFB63CEFB5F86FF00D26E3FB1BECFB228FF00D3EE31F6AFB561A6F940F2B3B0E702BE86F82D75F00ECBE01F8CFC15E35F89DFD81ACFC42FECEF3E0FEC5BDBBFECDFEC9BD9254F9E2CA4FE7A153C326CCE0EE208A7560BD924D5F55D3CF5D35D3F4EE6D9F65543FD5EC361F1187954B55A6DC1D2949C6D594AA2508A9F2D38439E10B3947D9DA119CD4A2E5C97EC35FF00274BE09FFB897FE9BAE6BD6BF66BF85DFF000817ED4BF0DB5FD0353FF848BC19E22FED8FEC6D67C9FB27DBFEC9A74C977FE88EED343E4CCC63FDE01BF1B972A6BE78FD94FC73E16F86BF1F3C2FE35F1ADEFF006768DA77DB7CF9FCA926D9E7594F127C912BB9CBBA8E14E3393C64D75BFB1DFC73FF00852FF14EDFFB7F5BFEC7F066B1BFFB67FD1BED1E67D9EDAE3EC9F7229265DB3483FD5E339F9B2A3831309B7371FE5FF3FC7FAF3471EE5398D5A999D4C145B52C2C61CB6769DFEB17516937ED2174D2574F9B9649394670F26F85DF1CFE29FC17FED3FF008569ADFF0063FF006C793F6BFF0046B6B8F33ECFBFCBFF008F88A4DBB7CC6FBB8CE79CE063EB3FDB97E39FC53FF85A7E36F82BFDB7FF001467FC4B7FD03ECD6DFF003ED6D77FEBBCAF3BFD77CFF7FDBEEF15F9E55F437ED59E39F0B7C4AF8F9E28F1AF82AF7FB4746D47EC5E44FE5490EFF26CA089FE49551C61D1872A338C8E306B69D08BAAA5CBD1FE963E9331E15C1D5E21C36365858C9FB3A8DCF913F7D4A87B36E56F89252E46DDD24F974B9F3CD14515D47E867D67FB72FF00C9D2F8DBFEE1BFFA6EB6AF932BF437E39D8FECB5F1A3E29EB7F12FFE177FF63FF6C7D9BFD13FE11AD46E3CBFB3DB456FFEB3F77BB7797BBEE8C671CE335F0FF8E747F0B683E29BDD27C15E20FF0084AB4683CBF2352FB24963E7EE8D59FF0071292E9B1CB27279DBB8704572E127EE463677497467E79E1C6690795E13012A7523529D282929D2A9049C6318B5CD3828B77E89BBEAD5D26CFB83F681F8E7F14FC57FB2D7C2BFEDFD6FED5FF09DFF006E7F6CFF00A35B27DABFB2F518BEC9F7225F2FCBDA3FD5EDDDFC5BAB92FD99F47F0B6BDF00FE3A693E35F107FC22BA34FF00F08C79FA97D924BEF236DECCC9FB888877DEE15383C6EDC78068F8D375F00EF7E01F833C15E0AF89DFDBFACFC3DFED1F220FEC5BDB4FED2FED6BD8E57F9E5C241E42063CB3EFC606D240AF25F871E39F0B683F00FE30F82B56BDF2359F157FC23FFD9B07952379FF0061BD796E3E755289B1083F3B2E7A2E4F15CF0A7FBAB455BDEED6FB5FE47C7E5B93C65C3F3C3E0684A8B78A52D29384947EB719466A3386AA34B95A6E2E318C795AB45A5EB5E19F0378A7E1AFC03FDA3FC15E35B2FECED674EFF843FCF83CD8E6D9E75EB4A9F3C4CE8728EA78638CE0F3915F437C3CFF0086A5FF00865AF847FF000CD3FF0051FF00ED5FF9077FD045FECDFF001FFF00F6D7FD5FFC0BF86BE4CF087C73FF008C5AF883F057C59ADFFD027FE11BB0FB37FD445AEEFF00F7D145F47FDF3FB27A575B6B75F00FE257C03F863E0AF1AFC4EFF842F59F05FF006D79F07F62DEEA3BFF00B46F7CD4F9E2D883088A7866CEEC1C1045455A727F12FB5D9B5F0F6FEAC79B9FE518DA8E6F1D4632FF006B527FB9A95A9B8AC1A829FB28FBCE2E56564DA84F4E6972DDF92FED15E39F8F9AF78A61F057ED017BE7EB3E15DDB20F2AC97C8FB7470CA7E7B2508FBD0467966C74E0E457DC1FF194BFF3657FF2467FE603FF0020EFFB7CFF0090B7FA6FFC7EF9FF00EB7FE01F26DAFCF3F8A3E0FF00859E14FECCFF008569F107FE13BFB579DF6BFF00894DCE97F65D9B3CBFF8F866F33CCDCDF77EEEDE7EF0AF59FF00843FF65AF1EFFC559FF0B07FE1567DBBFE65BFEC9D475CFB0795FBAFF8FF00DCBE779DB7CEE836799B3F86B5A908F2C6CB4FF0BB7DDBFA7CFB9EF67595E12780C1BA7412A71525CAF095274B99B576F0C9C6A424DA9384DA718C5CD36DD48B7F3CF8E758F0B6BDE29BDD5BC15E1FFF008457469FCBF234DFB5C97DE46D8D55FF007F280EFBDC33F238DDB470057255EB5F1CFE28FF00C2E8F8A7ADFC4BFECCFEC7FED8FB37FA279DF68F2FECF6D15BFF00ACD91EEDDE5EEFB8319C738C9F25AEDA77E5573F55C9954583A3ED60E12E58DE2E5CEE2ECAE9CDDDCDA7A395DF36FD428A28AB3D20A28A2800A28A2800A28A2800A28A2800A28A2800A28A2800A28A2800A28A2800A28A2800A28A2800A28A2800A28A2800A28A2800A28A2803FFD5FE7FE8A28A00FD39FDAB3F6ACF8F9F0D7E3E78A3C15E0AF147F6768DA77D8BC883EC36536CF3ACA095FE796077397763CB1C67038C0AF933F6ACF03785BE1AFC7CF14782BC1565FD9DA369DF62F220F3649B679D6504AFF3CACEE72EEC79638CE071815F43FC73B1FD96BE347C53D6FE25FF00C2EFFEC7FED8FB37FA27FC235A8DC797F67B68ADFF00D67EEF76EF2F77DD18CE39C66BE4CF8E7F147FE1747C53D6FE25FF00667F63FF006C7D9BFD13CEFB4797F67B68ADFF00D66C8F76EF2F77DC18CE39C64F9D8385B96CADA6BA5B5D3EFEA7E25E18E590A3F52FAAE1A54B970FCB5AF4E54B9AAFEEB96FCD18FB492B55F797372DDDDAE75CDE4B5F707ECCFA3F85B5EF807F1D349F1AF883FE115D1A7FF8463CFD4BEC925F791B6F6664FDC4443BEF70A9C1E376E3C035F0FD7D0DF0E3C73E16D07E01FC61F056AD7BE46B3E2AFF00847FFB360F2A46F3FEC37AF2DC7CEAA51362107E765CF45C9E2BAB1316E365DD7E68FBDE3AC156C460152A1CCA4EAD0D6293692AF4DB924D35EEA4E5AA692576AD73D6BC33E06F14FC35F807FB47F82BC6B65FD9DACE9DFF00087F9F079B1CDB3CEBD6953E7899D0E51D4F0C719C1E722BE1FAFACFC21F1CFF00E316BE20FC15F166B7FF00409FF846EC3ECDFF005116BBBFFDF4517D1FF7CFEC9E95F2652C3A9272E6EFFA230E0EC3E3215B1F2C6C5294AAA7749A8C92A3463CD1BEB66D3BABCB96578F34B9799945145741F6E14514500145145001451450075BA3E8FE16BDF0B788356D5BC41FD9DACE9DF64FECDD37EC924DFDA5E74856E3F7EA7641E4261FE7077E76AF35C9575BA3F8E7C53A0F85BC41E0AD26F7C8D1BC55F64FED283CA8DBCFFB0C865B7F9D94BA6C724FC8CB9E8D91C572552AF77738F0B0ACA755D4774E5EEEA9D972C57F2C6DEF733B3737ADF9926A112BEE0FD99FC73E29F86BF00FE3A78D7C157BFD9DACE9DFF08C7913F951CDB3CEBD9A27F925574394761CA9C67239C1AF87EBEB3FD9FBC45F0B3FE1567C54F869F12FC5DFF0877FC263FD87F64BBFB05CEA1FF20FB996E24FDDDB8FF757E665FBD919C1158E295E1B5F55F9A3E53C43C2C6B658E13A4EA47DA51728A8B9DE2AB5372F7526E4B9536D24F4BE875B75E39F14FED0DF00FE2778D7E30DEFF6FEB3F0F7FB17FB0E7F2A3B4FB1FF006B5EF9579F25AAC492F9A9120FDEABEDC65369249FA1BE1E7FC352FF00C32D7C23FF008669FF00A8FF00F6AFFC83BFE822FF0066FF008FFF00FB6BFEAFFE05FC35F26788BC45F0B3E14FC2CF177C34F869E2EFF858BFF0B17EC1F6BBBFB05CE91FD95FD91722E23FDDDC07FB47DA37B2FCAE9E5ECC9DDB80AEB6D6EBE01FC4AF807F0C7C15E35F89DFF085EB3E0BFEDAF3E0FEC5BDD477FF0068DEF9A9F3C5B1061114F0CD9DD838208AE2A94F4D1697ECDE96EDEBFE67E639CE4EA78787B1C35B0DF59E68425879D48C61F56716DE1E2A335175B9BA47DF97B4D53BCBC97F68AF1CFC7CD7BC530F82BF680BDF3F59F0AEED9079564BE47DBA38653F3D92847DE8233CB363A70722BADFDB97FE4E97C6DFF70DFF00D375B57937C51F07FC2CF0A7F667FC2B4F883FF09DFDABCEFB5FFC4A6E74BFB2ECD9E5FF00C7C33799E66E6FBBF776F3F7857D67F1CEC7F65AF8D1F14F5BF897FF000BBFFB1FFB63ECDFE89FF08D6A371E5FD9EDA2B7FF0059FBBDDBBCBDDF746338E719ADD35171696967B27E5D3A1F55431387C0E270188A74251A2A9568FEEF0F562949CE8BFE128395352719C9732D77BBDDF92FEC35FF00274BE09FFB897FE9BAE6BE86F1CF8E7FE0A43F0D7C2D7BE35F1ADEFF006768DA7797E7CFE568336CF3A45893E4895DCE5DD470A719C9E326BE79F819E22F859F05FF006A5D135FFF0084BBFB63C19A3FDA7FE273F60B9B7F33ED1A74A9FF001E989265DB349E5F439C6EE14D1FF0A83F65AFFA382FFCB5351FFE3959D68A7539A4B4B2FB2DF7FB8F1F8970987C4678B178AC329D1952A56E7C255ACFE3AAE518B8AFDD4ACE3CCA716F58DE3EEB4FC9BE177C73F8A7F05FFB4FFE15A6B7FD8FFDB1E4FDAFFD1ADAE3CCFB3EFF002FFE3E22936EDF31BEEE339E73818FACFF006E5F8E7F14FF00E169F8DBE0AFF6DFFC519FF12DFF0040FB35B7FCFB5B5DFF00AEF2BCEFF5DF3FDFF6FBBC57E7957D0DFB5678E7C2DF12BE3E78A3C6BE0ABDFED1D1B51FB17913F95243BFC9B28227F925547187461CA8CE3238C1AE89D08BAAA5CBD1FE963EC331E15C1D5E21C36365858C9FB3A8DCF913F7D4A87B36E56F89252E46DDD24F974B9F707C3CFF0086A5FF00865AF847FF000CD3FF0051FF00ED5FF9077FD045FECDFF001FFF00F6D7FD5FFC0BF86BE1FF00DA2BC73F1F35EF14C3E0AFDA02F7CFD67C2BBB641E5592F91F6E8E194FCF64A11F7A08CF2CD8E9C1C8AF5AB5BAF807F12BE01FC31F0578D7E277FC217ACF82FF00B6BCF83FB16F751DFF00DA37BE6A7CF16C4184453C3367760E0822BE79F8A3E0FF00859E14FECCFF008569F107FE13BFB579DF6BFF00894DCE97F65D9B3CBFF8F866F33CCDCDF77EEEDE7EF0AC30F04A6EEB5BBFB2FBBEBB1F2BC1196D0A39A569E230F1555D5AEE32FAAD45357A9369BC4BBC1C5C1E96B5D351BBB59F92D7D67FB0D7FC9D2F827FEE25FF00A6EB9AF932BE86FD94FC73E16F86BF1F3C2FE35F1ADEFF006768DA77DB7CF9FCA926D9E7594F127C912BB9CBBA8E14E3393C64D75625374E497667E87C7787A95B23C752A517294A954492576DB834924B56DBD91F3CD75BE06F1CF8A7E1AF8A6CBC6BE0ABDFECED674EF33C89FCA8E6D9E746D13FC92ABA1CA3B0E54E3391CE0D7D0DFF000A83F65AFF00A382FF00CB5351FF00E395F3CF81B47F0B6BDE29B2D27C6BE20FF8457469FCCF3F52FB2497DE46D8D993F71110EFBDC2A7078DDB8F00D3552324F4FC1FF4CDA967783C761EB29539B828BE653A3563CC9A774A338273BA4D38C549ECADAABFD67FB7EF8E7C53AF7C7CD57C15AB5EF9FA37857C8FECD83CA8D7C8FB7595ACB71F3AA877DEE01F9D9B1D17038AEB6FBE177FC2D6FD96BE08681A06A7FF00159FFC54BFD8DA3793FF00215FF89887BBFF004B77486DFECF0A193F787F79F757E6AF25FDB13C45F0B3C7BF14EE3E25FC34F177FC245FF0916CFB5DA7D82E6CFEC1F63B6B7B78FF00797017CEF3B6B37CAA3663073906B92F88FE39F0B6BDF00FE0F782B49BDF3F59F0AFFC241FDA5079522F91F6EBD496DFE76508FBD013F23363A360F15C94E9BF674D474B79793FD4FCDB27C9B10F26C8E8E0E12A33A724E57A6D72C950ACA4E70924F96551DA4FDD72E6BC66A528C8EB7E2FFF00C9AD7ECFBFF735FF00E9C63AFD0DF8E7FF000DF1FF000B4F5BFF00852BFF002267FA37D83FE40BFF003ED179DFF1F7FBEFF5DE67DFFC3E5C57E797ED03F1CFFE1747C2CF857FDBFADFF6C78CF47FEDCFED9FF46FB3F97F68B98BEC9F7228E16DD0C63FD5E718F9B0C79F5AF8E763FB2D7C68F8A7ADFC4BFF0085DFFD8FFDB1F66FF44FF846B51B8F2FECF6D15BFF00ACFDDEEDDE5EEFBA319C738CD652A6FDDE65FCDD1BEBFD6A7CDE3B27AF2FAA4B1F868E92C636A587A9898273C44651B462A32F7A37709B4938DF4F7B4F87FC73E39F14FC4AF14DEF8D7C6B7BFDA3ACEA3E5F9F3F951C3BFC98D624F922544184451C28CE3279C9AE4ABADF1CE8FE16D07C537BA4F82BC41FF09568D0797E46A5F6492C7CFDD1AB3FEE2525D363964E4F3B770E08AE4ABD485ACAC7F42E5CA8AC3D3587872C39572AE571B2B68B95A4E365A72B49ADAC8FB83F667D1FC2DAF7C03F8E9A4F8D7C41FF0008AE8D3FFC231E7EA5F6492FBC8DB7B3327EE2221DF7B854E0F1BB71E01A3C33E06F14FC35F807FB47F82BC6B65FD9DACE9DFF00087F9F079B1CDB3CEBD6953E7899D0E51D4F0C719C1E722BC97E1C78E7C2DA0FC03F8C3E0AD5AF7C8D67C55FF08FFF0066C1E548DE7FD86F5E5B8F9D54A26C420FCECB9E8B93C575BE10F8E7FF0018B5F107E0AF8B35BFFA04FF00C23761F66FFA88B5DDFF00EFA28BE8FF00BE7F64F4AE19C277935B732FD35FEBF4D7F24CD729CC5E2B1752945BA73C5619B8B4FE18FD59BA90695DA4E328CD3F76D1E6528B84954F9328A28AF40FD9C28A28A0028A28A0028A28A0028A28A0028A28A0028A28A0028A28A0028A28A0028A28A0028A28A0028A28A0028A28A0028A28A00FFFD6FE7FE8A28A00FD0DFD9FBE39FC53F0A7ECB5F153FB035BFB2FFC209FD87FD8DFE8D6CFF65FED4D465FB5FDF89BCCF3371FF59BB6FF000EDAFCF2AFB83E0B5D7C03B2F807E33F0578D7E277F606B3F10BFB3BCF83FB16F6EFFB37FB26F64953E78B293F9E854F0C9B3383B8822BE1FAE5C3C5294ECADAF6F2FF003B9F9E706612853CC3349D2A0E0E5553BBA728732F6704DA938A535ED154774DEADCB69A722BEE0FD99F47F0B6BDF00FE3A693E35F107FC22BA34FFF0008C79FA97D924BEF236DECCC9FB888877DEE15383C6EDC7806BE1FAFA1BE1C78E7C2DA0FC03F8C3E0AD5AF7C8D67C55FF08FFF0066C1E548DE7FD86F5E5B8F9D54A26C420FCECB9E8B93C55E262DC6CBBAFCD1E9F1D60AB62300A950E65275686B149B4957A6DC9269AF75272D53492BB56B9EB5E19F0378A7E1AFC03FDA3FC15E35B2FECED674EFF843FCF83CD8E6D9E75EB4A9F3C4CE8728EA78638CE0F3915F0FD7D67E10F8E7FF0018B5F107E0AF8B35BFFA04FF00C23761F66FFA88B5DDFF00EFA28BE8FF00BE7F64F4AF932961D49397377FD11870761F190AD8F9636294A5553BA4D464951A31E68DF5B369DD5E5CB2BC79A5CBCCCA28A2BA0FB70A28A2800A28A2800A28A2803ADD1F47F0B5EF85BC41AB6ADE20FECED674EFB27F66E9BF64926FED2F3A42B71FBF53B20F2130FF00383BF3B579AE4ABADD1FC73E29D07C2DE20F056937BE468DE2AFB27F6941E546DE7FD86432DBFCECA5D363927E465CF46C8E2B92A957BBB9C78585653AAEA3BA72F7754ECB962BF9636F7B99D9B9BD6FCC9350895D6F81BC73E29F86BE29B2F1AF82AF7FB3B59D3BCCF227F2A39B679D1B44FF0024AAE8728EC39538CE473835C9575BE06D1FC2DAF78A6CB49F1AF883FE115D1A7F33CFD4BEC925F791B63664FDC4443BEF70A9C1E376E3C0344ED6770CC551787A8B110E6872BE65CAE5756D572A4DCAEB4E549B7B599F59FEDFBE39F14EBDF1F355F056AD7BE7E8DE15F23FB360F2A35F23EDD656B2DC7CEAA1DF7B807E766C745C0E2BADBEF85DFF000B5BF65AF821A0681A9FFC567FF152FF006368DE4FFC857FE2621EEFFD2DDD21B7FB3C2864FDE1FDE7DD5F9ABC97F6C4F117C2CF1EFC53B8F897F0D3C5DFF0917FC245B3ED769F60B9B3FB07D8EDADEDE3FDE5C05F3BCEDACDF2A8D98C1CE41AE4BE23F8E7C2DAF7C03F83DE0AD26F7CFD67C2BFF0907F6941E548BE47DBAF525B7F9D9423EF404FC8CD8E8D83C57053A6FD9D351D2DE5E4FF0053F1EC9F26C43C9B23A38384A8CE9C9395E9B5CB2542B2939C2493E59547693F75CB9AF19A94A323ADF8BFFF0026B5FB3EFF00DCD7FF00A718EBEB3FF8CA5FF9B2BFF9233FF301FF009077FDBE7FC85BFD37FE3F7CFF00F5BFF00F936D7C99FB40FC73FF0085D1F0B3E15FF6FEB7FDB1E33D1FFB73FB67FD1BECFE5FDA2E62FB27DC8A385B74318FF579C63E6C31E4FF00843FF65AF1EFFC559FF0B07FE1567DBBFE65BFEC9D475CFB0795FBAFF8FF00DCBE779DB7CEE836799B3F86A5D37CAB99757D2EB7EDBFA3FF00338F119455960294B1F47555712DC6546789A69CEBCA49FB38F24DCADFC2ABCAA2A0E69A4EA46FD6FECA7AC785B5EFDB3FC2FAB782BC3FFF0008AE8D3FDB7C8D37ED725F791B74A9D5FF007F280EFBDC33F238DDB470057ACF8E7C73FF000521F86BE16BDF1AF8D6F7FB3B46D3BCBF3E7F2B419B679D22C49F244AEE72EEA38538CE4F1935E4DE06FDA2BC2DAF7ED9F65FB4078D61FF00845B469FCCF3D37497DE46DD29AC9398A10EFBDC29E23E3773C026B92FF8541FB2D7FD1C17FE5A9A8FFF001CA5387BE9CE3D17472EFD4C735CB213CD2956CCB089C7D8504D4F0F5316D352AAE708D58DD2924D294A4A5CD78CACEDAFAD7EC5BFF0B4FF00E1567C67FF00852BFF00239FFC53BF60FF008F6FF9F9B8F3BFE3EFF73FEA7CCFBFF87CD8A3E39FFC2D3FF8559ADFFC3617FC8E7FE8DFF0837FC7B7FCFCC5FDB1FF0020BFDCFF00A9F27FE3EBFED97CDBABE78F871E39F0B683F00FE30F82B56BDF2359F157FC23FF00D9B07952379FF61BD796E3E755289B1083F3B2E7A2E4F1478E7C73E16F8C7E16BDF1AF8D6F7FB3BE2669DE5F9F3F9524DFF09379D22C49F244B1DB587D82DA351C29F3F393F3E4D5BA2FDAB95B4BEF6D765D7B747FD5BD2A9C358879FD7C74E9455375A1EFAA6DD656A5479796A5FF0083292953A968CAC9C93B46539D2FA1FF0061AF8E7F14FF00E169F827E0AFF6DFFC519FF132FF0040FB35B7FCFB5CDDFF00AEF2BCEFF5DF3FDFF6FBBC57C99F147E39FC53F8D1FD99FF000B2F5BFED8FEC7F3BEC9FE8D6D6FE5FDA36799FF001EF147BB7796BF7B38C718C9CF59FB29F8E7C2DF0D7E3E785FC6BE35BDFECED1B4EFB6F9F3F9524DB3CEB29E24F922577397751C29C67278C9AF9E6B78508AAAE5CBD17EB73EAB2EE15C1D2E21C4E363858C5FB3A6D4F912F7DCABFB46A56F89A71E769DDA6B9B4B057D67FB0D7FC9D2F827FEE25FFA6EB9AF932BE86FD94FC73E16F86BF1F3C2FE35F1ADEFF6768DA77DB7CF9FCA926D9E7594F127C912BB9CBBA8E14E3393C64D5E25374E497667B3C7787A95B23C752A517294A954492576DB834924B56DBD91F707FC652FFCDEA7FC919FF98F7FC83BFEDCFF00E413FE9BFF001FBE47FAAFF81FC9BABC9BF62DFF0085A7FF000AB3E33FFC295FF91CFF00E29DFB07FC7B7FCFCDC79DFF001F7FB9FF0053E67DFF00C3E6C5725E06BAF807FB3CF8A6CBE30F82BE277FC2C2D6740F33C8D0FF00B16F749FB67DAE36B57FF4C944A9179492B4BCA1DDB360C1604725FB3F788BE167FC2ACF8A9F0D3E25F8BBFE10EFF84C7FB0FEC977F60B9D43FE41F732DC49FBBB71FEEAFCCCBF7B233822B81D3F72565A69D1A5BEBA6FEBDFE47E3D88C966F2CC5C28E1D7B372C3E91C354A74DF2D64E6FEACEF526D46CEA4D3B54872C159D3937D6FED15E39FDB3B41F0B43E0AFDA02F7C8D1BC55BB641E5694DE7FD8648653F3D92974D8E633CB2E7A72322BE86F879FF000D4BFF000CB5F08FFE19A7FEA3FF00DABFF20EFF00A08BFD9BFE3FFF00EDAFFABFF817F0D7C3FE39F871F00F41F0B5EEADE0AF8C3FF0956B30797E469BFF0008FDED8F9FBA4557FDFCAE51362167E473B768E48A3E23F8E7C2DAF7C03F83DE0AD26F7CFD67C2BFF0907F6941E548BE47DBAF525B7F9D9423EF404FC8CD8E8D83C568E8A9462A296FFCB65B3E87B188E1BA58CC16070D83C3D349576E77C2CE9D2FE0D5F7A5466E2DAD6115273B73DACEEB943F68AF1CFC7CD7BC530F82BF680BDF3F59F0AEED9079564BE47DBA38653F3D92847DE8233CB363A70722BE87F8E7F1CFE29FECD9F14F5BF82BF0575BFF008477C19E1DFB37D82C3ECD6D79E4FDB2DA2BB9BF7D7714D336E9A691FE7738CE0614003F3CABEE0F1CDD7C03FDA1BC537BF187C6BF13BFE15EEB3AFF0097E7E87FD8B7BAB7D8FEC91ADAA7FA64422497CD48965E106DDFB0E4A9275A94A2B954A3EEEBD34BE9D35F33DECE722C261A583A58BC2C6785842A2708517287B56E9B8C9518A9B8E8AADA567CBCCD395E7EF7ACF81BC0DE16F86BFF000521B2F05782ACBFB3B46D3BCCF220F3649B679DA0B4AFF3CACEE72EEC79638CE071815D6FFC652FFCDEA7FC919FF98F7FC83BFEDCFF00E413FE9BFF001FBE47FAAFF81FC9BABE79F037ED15E16D7BF6CFB2FDA03C6B0FFC22DA34FE679E9BA4BEF236E94D649CC50877DEE14F11F1BB9E0135E4BE06F1CF85BC61E16B2F83DF186F7FB3B46D3BCCFEC3D73CA926FF00847FCE91AEAF3FD0ED555EF7EDAEA917EF5CF939DE9C645734A84DB4E4BA2BF57D6F67DFFAF27F138BE13CC6AD4A357194939430F878D49B83A95A325EDBDA4A84D4BF8B076936B9E5AA9454A4A309FD0FFB16FF00C2D3FF008559F19FFE14AFFC8E7FF14EFD83FE3DBFE7E6E3CEFF008FBFDCFF00A9F33EFF00E1F362B92FDA2BC73FB67683E1687C15FB405EF91A378AB76C83CAD29BCFFB0C90CA7E7B252E9B1CC67965CF4E4645725FB3F788BE167FC2ACF8A9F0D3E25F8BBFE10EFF0084C7FB0FEC977F60B9D43FE41F732DC49FBBB71FEEAFCCCBF7B233822B92F1CFC38F807A0F85AF756F057C61FF0084AB5983CBF234DFF847EF6C7CFDD22ABFEFE57289B10B3F239DBB472456AA0BDB3725D7F95BE8BA9EF52CB682E25C4D7C5E1E2EF560E2DE16A4E5FC2A4A2E35D5E108C669EEBDD6A4DB57BAF9E68A28AF44FDB4FACFF6E5FF0093A5F1B7FDC37FF4DD6D5F2657E86FC73B1FD96BE347C53D6FE25FFC2EFF00EC7FED8FB37FA27FC235A8DC797F67B68ADFFD67EEF76EF2F77DD18CE39C66BE1FF1CE8FE16D07C537BA4F82BC41FF0009568D0797E46A5F6492C7CFDD1AB3FEE2525D363964E4F3B770E08AE5C24FDC8C6CEE92E8CFCF3C38CD20F2BC260254EA46A53A505253A5520938C6316B9A70516EFD1377D5ABA4D9F707ED03F1CFE29F8AFF0065AF857FDBFADFDABFE13BFEDCFED9FF0046B64FB57F65EA317D93EE44BE5F97B47FABDBBBF8B75725FB33E8FE16D7BE01FC74D27C6BE20FF8457469FF00E118F3F52FB2497DE46DBD9993F71110EFBDC2A7078DDB8F00D1F1A6EBE01DEFC03F06782BC15F13BFB7F59F87BFDA3E441FD8B7B69FDA5FDAD7B1CAFF003CB8483C840C7967DF8C0DA4815E4BF0E3C73E16D07E01FC61F056AD7BE46B3E2AFF00847FFB360F2A46F3FEC37AF2DC7CEAA51362107E765CF45C9E2B9E14FF007568AB7BDDADF6BFC8F8FCB7278CB87E787C0D09516F14A5A5270928FD6E328CD4670D546972B4DC5C6318F2B568B4BD6BC33E06F14FC35F807FB47F82BC6B65FD9DACE9DFF087F9F079B1CDB3CEBD6953E7899D0E51D4F0C719C1E722BE86F879FF000D4BFF000CB5F08FFE19A7FEA3FF00DABFF20EFF00A08BFD9BFE3FFF00EDAFFABFF817F0D7C99E10F8E7FF0018B5F107E0AF8B35BFFA04FF00C23761F66FFA88B5DDFF00EFA28BE8FF00BE7F64F4AEB6D6EBE01FC4AF807F0C7C15E35F89DFF085EB3E0BFEDAF3E0FEC5BDD477FF0068DEF9A9F3C5B1061114F0CD9DD838208A8AB4E4FE25F6BB36BE1EDFD58F373FCA31B51CDE3A8C65FED6A4FF007352B53715835053F651F79C5CACAC9B509E9CD2E5BBF25FDA2BC73F1F35EF14C3E0AFDA02F7CFD67C2BBB641E5592F91F6E8E194FCF64A11F7A08CF2CD8E9C1C8AF9E6BD6BE28F83FE167853FB33FE15A7C41FF0084EFED5E77DAFF00E25373A5FD9766CF2FFE3E19BCCF33737DDFBBB79FBC2BC96BD0A2972AB2FC2DF81FB3F0C53A10C0528E1A9A8452D95395257BBE66A9C92941395DA4EFBDEEEF77F59FEC35FF00274BE09FFB897FE9BAE6BD6BF66BF85DFF000817ED4BF0DB5FD0353FF848BC19E22FED8FEC6D67C9FB27DBFEC9A74C977FE88EED343E4CCC63FDE01BF1B972A6BE78FD94FC73E16F86BF1F3C2FE35F1ADEFF006768DA77DB7CF9FCA926D9E7594F127C912BB9CBBA8E14E3393C64D75BFB1DFC73FF00852FF14EDFFB7F5BFEC7F066B1BFFB67FD1BED1E67D9EDAE3EC9F7229265DB3483FD5E339F9B2A38E4C4C26DCDC7F97FCFF1FEBCD7E6DC7B94E6356A667530516D4B0B1872D9DA77FAC5D45A4DFB485D3495D3E6E5924E519C3E4CA28A2BD03F670A28A2800A28A2800A28A2800A28A2800A28A2800A28A2800A28A2803FFFD7FE7FE8A28A00FDC0F8E7FF000DF1FF000B4F5BFF00852BFF002267FA37D83FE40BFF003ED179DFF1F7FBEFF5DE67DFFC3E5C57E3678E7C73E29F895E29BDF1AF8D6F7FB4759D47CBF3E7F2A3877F931AC49F244A883088A38519C64F3935F707C73B1FD96BE347C53D6FE25FFC2EFF00EC7FED8FB37FA27FC235A8DC797F67B68ADFFD67EEF76EF2F77DD18CE39C66BE1FF1CE8FE16D07C537BA4F82BC41FF0009568D0797E46A5F6492C7CFDD1AB3FEE2525D363964E4F3B770E08AF3B010492BAD6DFCAD7E3D4FC4BC1FCB6861B0F4E13C3C615D52826D616A5192B25CCA756778D49395AFCB6BB4E566B6E4ABEE0FD99F47F0B6BDF00FE3A693E35F107FC22BA34FFF0008C79FA97D924BEF236DECCC9FB888877DEE15383C6EDC7806BE1FAFA1BE1C78E7C2DA0FC03F8C3E0AD5AF7C8D67C55FF08FFF0066C1E548DE7FD86F5E5B8F9D54A26C420FCECB9E8B93C5756262DC6CBBAFCD1F7BC7582AD88C02A5439949D5A1AC526D255E9B7249A6BDD49CB54D24AED5AE7AD7867C0DE29F86BF00FF0068FF000578D6CBFB3B59D3BFE10FF3E0F3639B679D7AD2A7CF133A1CA3A9E18E3383CE457C3F5F59F843E39FFC62D7C41F82BE2CD6FF00E813FF0008DD87D9BFEA22D777FF00BE8A2FA3FEF9FD93D2BE4CA587524E5CDDFF004461C1D87C642B63E58D8A529554EE9351925468C79A37D6CDA7757972CAF1E6972F3328A28AE83EDC28A28A0028A28A0028A28A00EB747D1FC2D7BE16F106ADAB7883FB3B59D3BEC9FD9BA6FD9249BFB4BCE90ADC7EFD4EC83C84C3FCE0EFCED5E6B92AEB747F1CF8A741F0B7883C15A4DEF91A378ABEC9FDA507951B79FF006190CB6FF3B2974D8E49F91973D1B238AE4AA55EEEE71E161594EABA8EE9CBDDD53B2E58AFE58DBDEE6766E6F5BF324D42257E86FEC5BFF0B4FF00E1567C67FF00852BFF00239FFC53BF60FF008F6FF9F9B8F3BFE3EFF73FEA7CCFBFF87CD8AFCF2AFACFF67EF117C2CFF8559F153E1A7C4BF177FC21DFF098FF0061FD92EFEC173A87FC83EE65B893F776E3FDD5F9997EF6467045618C8DE9DBD3CFAAE87C7789784957CA274E30E7F7E8B6B91D45655A9B95E9C7DE9C5453728AD5A4D1D6FED15E39FDB3B41F0B43E0AFDA02F7C8D1BC55BB641E5694DE7FD8648653F3D92974D8E633CB2E7A72322BADBEF8E7F14FE0BFECB5F043FE15A6B7FD8FFDB1FF00092FDAFF00D1ADAE3CCFB3EA23CBFF008F88A4DBB7CC6FBB8CE79CE063E78F1CFC38F807A0F85AF756F057C61FF84AB5983CBF234DFF00847EF6C7CFDD22ABFEFE57289B10B3F239DBB472457AD5ADD7C03F895F00FE18F82BC6BF13BFE10BD67C17FDB5E7C1FD8B7BA8EFFED1BDF353E78B620C2229E19B3BB0704115CCE11E58FBBA5F5F75F67D0F89C465B97BC16054F06A54635DBA918612A422FF007355297B171949ABB82E6F797325AAB59725FB40FF00C557F0B3E15FC6AD7FFD2BC67E3BFEDCFED9BFFB9F6AFECBB98AD2D3F729B618FCB85427EED177756DCDCD7AD7ECFDF1CFE29F853F65AF8A9FD81ADFD97FE104FEC3FEC6FF0046B67FB2FF006A6A32FDAFEFC4DE6799B8FF00ACDDB7F876D7CF1F1A7C73E16BDF0B7833E0F782AF7FB7F46F87BFDA3E46B9E5C96BFDA5FDAD24774FFE872A8783C87DD172EFBF1BC6D040AF5AF82D75F00ECBE01F8CFC15E35F89DFD81ACFC42FECEF3E0FEC5BDBBFECDFEC9BD9254F9E2CA4FE7A153C326CCE0EE208A7521FBA4A4BAF6BE97FF2FF00236CE32C83E1FA347178694E3F588CA30F6729B8D2FAC3947DC519384561EF1E56972C7F74D26F94F933C0DE39F14FC35F14D978D7C157BFD9DACE9DE67913F951CDB3CE8DA27F925574394761CA9C67239C1AFD0CF88FFB567C7CD07E01FC1EF1AE93E28F2359F157FC241FDA53FD86C9BCFF00B0DEA456FF00234051362123E455CF56C9E6BF31ABE86F88FE39F0B6BDF00FE0F782B49BDF3F59F0AFFC241FDA5079522F91F6EBD496DFE76508FBD013F23363A360F15BE22846528B71BEBFA33EAB8C7857078EC7602AD7C2C6A5AA3526E0A5EE7B1ACD29369FBBCEE364F4E66BAD8F9E68A28AEA3F433EB3F8BFFF0026B5FB3EFF00DCD7FF00A718EBE4CAFB82D6EBE01FC4AF807F0C7C15E35F89DFF085EB3E0BFEDAF3E0FEC5BDD477FF0068DEF9A9F3C5B1061114F0CD9DD838208AF9E7E28F83FE167853FB33FE15A7C41FF84EFED5E77DAFFE25373A5FD9766CF2FF00E3E19BCCF33737DDFBBB79FBC2B970F3B5E2D3BDDF47DDF5D8FCF383734852E7C055A752353DAD77AD2A8A3675AA4D3F69C9C967169A7CDADD25AE87D67FB3F7C73F8A7E14FD96BE2A7F606B7F65FF008413FB0FFB1BFD1AD9FECBFDA9A8CBF6BFBF13799E66E3FEB376DFE1DB5E4BFB0D7FC9D2F827FEE25FFA6EB9AEB7E0B5D7C03B2F807E33F0578D7E277F606B3F10BFB3BCF83FB16F6EFF00B37FB26F64953E78B293F9E854F0C9B3383B8822BC97F653F1CF85BE1AFC7CF0BF8D7C6B7BFD9DA369DF6DF3E7F2A49B679D653C49F244AEE72EEA38538CE4F19358387BB57956AFCB7D3F1D6E7CAE232C84B07C470C2E1A519D4E7B7EEE5173BD051F75B8AE7BD4553E1BDDC9CBEDA6FE87FD9AFE177FC205FB52FC36D7F40D4FFE122F06788BFB63FB1B59F27EC9F6FF00B269D325DFFA23BB4D0F933318FF007806FC6E5CA9A3F62DFF0085A7FF000AB3E33FFC295FF91CFF00E29DFB07FC7B7FCFCDC79DFF001F7FB9FF0053E67DFF00C3E6C5792FEC77F1CFFE14BFC53B7FEDFD6FFB1FC19AC6FF00ED9FF46FB4799F67B6B8FB27DC8A49976CD20FF578CE7E6CA8E0FD9FBC45F0B3FE1567C54F869F12FC5DFF000877FC263FD87F64BBFB05CEA1FF0020FB996E24FDDDB8FF00757E665FBD919C11535E9CBDEBEBF0F4BF57D3F3FD0E3E2BC9B3097D7618987B55CB844A5ECE53538C3113949CE9C52E69462FF79086925EF25053508F5BFB4578E7F6CED07C2D0F82BF680BDF2346F156ED90795A5379FF006192194FCF64A5D36398CF2CB9E9C8C8AF87EBE86F1CFC38F807A0F85AF756F057C61FF84AB5983CBF234DFF00847EF6C7CFDD22ABFEFE57289B10B3F239DBB472457CF35D986494745F85BF03F49E07A186A782E5C3528C3DE7CDCB427874DE9AAA73F7BE1B2E6BB4DADF4B22BF437F6E5F85DFDA5F14FC6DF12FC27A9FF6C7F63FF66FFC24969E4FD9FF00B1BED16D6D6F61FBC95C7DABED582DFB953E5630F8CE6BF3CABEB3F8E7F1CFFE32975BF8D5F0575BFF009F6FB05FFD9BFEA1D15A4DFB9BB8BFEBA27CE9EE3B1A9AB197B48B8F67FA1C5C4182C74F38C2D7C168E14AB6EBDC9372A1684A566E3CC93716B54E3CD69C632848FDB97FE4E97C6DFF0070DFFD375B57C995F437ED59E39F0B7C4AF8F9E28F1AF82AF7FB4746D47EC5E44FE5490EFF0026CA089FE49551C61D1872A338C8E306BE79AAC326A9C53EC8F4F8130F528E4781A5562E328D2A69A6ACD35049A69EA9A7BA0A28A2B73EA828A28A0028A28A0028A28A0028A28A0028A28A0028A28A0028A28A0028A28A0028A28A0028A28A0028A28A0028A28A0028A28A0028A28A00FFD0FE7FE8A28A00FDC0F8E7FF000DF1FF000B4F5BFF00852BFF002267FA37D83FE40BFF003ED179DFF1F7FBEFF5DE67DFFC3E5C57E3678E7C73E29F895E29BDF1AF8D6F7FB4759D47CBF3E7F2A3877F931AC49F244A883088A38519C64F3935EB3FB5678E7C2DF12BE3E78A3C6BE0ABDFED1D1B51FB17913F95243BFC9B28227F925547187461CA8CE3238C1AF9E6B8B05439629B4AF65D2CFE67E55E15F087F67E5F42BD7A34A355D282F768FB3A8BDD4E4AA49CA4E52BDAFA47DE4DB5D8AFACFF0065DFF999BFE101FF0092CDFE85FF000867FE46FED5FF005DFE85FF001E5BBFE3E7FED97CF8AF932BD6BE177FC2ACD4BFB4FC27F12FFE24FF00DB1E4FD93C49FE9371FD8DF67DF2C9FE816F8FB57DAB0B0FCC47959DE33835BD78DE0D7F5FF07CD7547D8F17E17DB65D569DA4D68DA8AE6BA524DA942E9CE0D2B54A69F34E1CD08DE5248FA1BF68AD63E3E59785A1D27F6ACF0FFF0068EB3A8EEFF846352FB5D943FD9BE4C90B6A1FB8D346C9FCF4F253F7E46CC6E8F9DD5D6FEC35F1CFE29FFC2D3F04FC15FEDBFF008A33FE265FE81F66B6FF009F6B9BBFF5DE579DFEBBE7FBFEDF778AF25F11788BE167C29F859E2EF869F0D3C5DFF0B17FE162FD83ED777F60B9D23FB2BFB22E45C47FBBB80FF68FB46F65F95D3CBD993BB7015C97ECA7E39F0B7C35F8F9E17F1AF8D6F7FB3B46D3BEDBE7CFE54936CF3ACA7893E4895DCE5DD470A719C9E326B925494A8C972F7B69E5D174FE9F53F36C570FC315C2F8EC3BC1C5DA351D24A94A09CBD9E92A7427CD2A32E66E2A2ACE524EA2FE26BC9FC51F8E7F14FE347F667FC2CBD6FF00B63FB1FCEFB27FA35B5BF97F68D9E67FC7BC51EEDDE5AFDECE31C63273FACDF1CFFE1BE3FE169EB7FF000A57FE44CFF46FB07FC817FE7DA2F3BFE3EFF7DFEBBCCFBFF87CB8AFC3FAFB83E2DFED17E16BDF8F9E3BD5B4987FE134F867E34FECBFED2D37749A77F697F675946B6FFBF6885CC1E45C82FF00205DFB76B650D3C461F58A8455927D34E9E9A9B71A7074A789C252CB7074A54E9D3ACF927494A9ABCE8BB463CD08C6A35CEE1792526A49B8A6E71F9E7E39FF00C2ACFF0085A7ADFF00C295FF009133FD1BEC1FF1F3FF003ED179DFF1F7FBEFF5DE67DFFC3E5C5792D75BE39D1FC2DA0F8A6F749F057883FE12AD1A0F2FC8D4BEC9258F9FBA3567FDC4A4BA6C72C9C9E76EE1C115C9576D3568A3F55C9A946183A308CA524A31579DF9DE8B59DD27CCF795D277BDD2614514559E9051451401D6E8FA3F85AF7C2DE20D5B56F107F676B3A77D93FB374DFB24937F6979D215B8FDFA9D90790987F9C1DF9DABCD7255D6E8FE39F14E83E16F10782B49BDF2346F157D93FB4A0F2A36F3FEC32196DFE7652E9B1C93F232E7A364715C954ABDDDCE3C2C2B29D5751DD397BBAA765CB15FCB1B7BDCCECDCDEB7E649A844AFD0DFD8B7FE169FF00C2ACF8CFFF000A57FE473FF8A77EC1FF001EDFF3F371E77FC7DFEE7FD4F99F7FF0F9B15F9E55F437C38F1CF85B41F807F187C15AB5EF91ACF8ABFE11FF00ECD83CA91BCFFB0DEBCB71F3AA944D8841F9D973D17278AC715072859775F9A3E53C43CB2A6332C786A505272A947471E78DBDB536DCA375CD14AEE4AEBDD4EED2D4F5AFDA2BC73FB67683E1687C15FB405EF91A378AB76C83CAD29BCFFB0C90CA7E7B252E9B1CC67965CF4E46451FB0178E7C53A0FC7CD2BC15A4DEF91A378ABCFF00ED283CA8DBCFFB0D95D4B6FF003B2974D8E49F91973D1B238AF87EBEB3FD8EFC45F0B3C05F14EDFE25FC4BF177FC23BFF08EEFFB25A7D82E6F3EDFF6CB6B8B793F796E1BC9F2772B7CCA77E7031826B2AD45468CA36FB975F4D4F078978668E1785F1B828E1E1294A13F768D1694A6D5A0D538B9BE64F93DEBBB35CD78A5A7CF3E39F1CF8A7E2578A6F7C6BE35BDFED1D6751F2FCF9FCA8E1DFE4C6B127C912A20C2228E1467193CE4D7DC1FB72FC2EFED2F8A7E36F897E13D4FFB63FB1FFB37FE124B4F27ECFF00D8DF68B6B6B7B0FDE4AE3ED5F6AC16FDCA9F2B187C6735F0FF008E747F0B683E29BDD27C15E20FF84AB4683CBF2352FB24963E7EE8D59FF71292E9B1CB27279DBB870457D0DF1CFE39FF00C652EB7F1ABE0AEB7FF3EDF60BFF00B37FD43A2B49BF737717FD744F9D3DC7635528BE68B8767FA69E5FD7A1D98FC0E22598606BE571E48428D5B27171859CA872D392E5E6A778A7CB64A5171BF2CA319425F59FFCE52BFCFF00D0BB5E4DF033E39FC53FDA4FE29E89F057E356B7FF000917833C45F69FB7D87D9ADACFCEFB1DB4B770FEFAD228665DB3431BFC8E338C1CA9209FF0BCFE167FC37C7FC2EAFEDBFF008A33FE7FFECD73FF00405FB27FA9F2BCEFF5DF27DCF7FBBCD725E06BAF807FB3CF8A6CBE30F82BE277FC2C2D6740F33C8D0FFB16F749FB67DAE36B57FF004C944A9179492B4BCA1DDB360C160471FB3F76CE3AF2AB69B3D7AF43F30591B583853AD8493C4FD4A8428CBD949B8564AAED5395AA528C9C1B94A50E5D1B6AD75F0FD14515EB9FD307E86FC0CFF85A7FF0AB344FF863DFF91CFF00D27FE139FF008F6FF9F997FB1FFE429FB9FF0053E77FC7AFFDB5F9B6D7CF1FB456B1E29BDF14C3A4FC54F0FF00F677C4CD3B77FC243A97DAE39BFB4BCE8E16B1FDC5B0FB341E45B6C4FDC93BF3B9FE7CD1E06D1FE01F8E3C2D65A4F8D7C41FF0ACF59D13CCF3F52FB25EEB3FDB9F6991993F711154B4FB222AA704F9BBF71C15347C69F1CF85AF7C2DE0CF83DE0ABDFEDFD1BE1EFF0068F91AE79725AFF697F6B491DD3FFA1CAA1E0F21F745CBBEFC6F1B4102B8610B54DBF0FD766BB2F4EC7E499565CE967AE71A2DC9CA6E5274E519A8B5269BAEA4E9D6A77E58D3A2973422E9B9252A2EDF59FC38FDAB3E3E6BDF00FE30F8D756F1479FACF857FE11FF00ECD9FEC364BE47DBAF5E2B8F916008FBD001F3AB63AAE0F35E4DFB29F8E7C53F12BF6CFF000BF8D7C6B7BFDA3ACEA3F6DF3E7F2A3877F93A54F127C912A20C2228E1467193CE4D792FC38F1CF85B41F807F187C15AB5EF91ACF8ABFE11FF00ECD83CA91BCFFB0DEBCB71F3AA944D8841F9D973D17278A3F653F1CF85BE1AFC7CF0BF8D7C6B7BFD9DA369DF6DF3E7F2A49B679D653C49F244AEE72EEA38538CE4F193512C3A51ABCB1F4D3C97EA79B8AE0CC3E1F039EFD4B07184E719C61CB4D26E2F0F4FDD8595DC5D4BE8B473BF5B9F707FC652FF00CDEA7FC919FF0098F7FC83BFEDCFFE413FE9BFF1FBE47FAAFF0081FC9BABF31BC0DE39F14FC35F14D978D7C157BFD9DACE9DE67913F951CDB3CE8DA27F925574394761CA9C67239C1AF59F0378E7C2DE30F0B597C1EF8C37BFD9DA369DE67F61EB9E54937FC23FE748D7579FE876AAAF7BF6D7548BF7AE7C9CEF4E322BC9BC0DA3F85B5EF14D9693E35F107FC22BA34FE679FA97D924BEF236C6CC9FB888877DEE15383C6EDC7806B5A34B9549497DCB4FBBBF7FE9BF7B85B218E069E3696368C545AD614A938D1943DEB4A304E7CD5269B8D45F17BB08F2B8A84EA7D67FB7EF8E7C53AF7C7CD57C15AB5EF9FA37857C8FECD83CA8D7C8FB7595ACB71F3AA877DEE01F9D9B1D17038AEB6FBE177FC2D6FD96BE08681A06A7FF00159FFC54BFD8DA3793FF00215FF89887BBFF004B77486DFECF0A193F787F79F757E6AF25FDB13C45F0B3C7BF14EE3E25FC34F177FC245FF0916CFB5DA7D82E6CFEC1F63B6B7B78FF00797017CEF3B6B37CAA3663073906B92F88FE39F0B6BDF00FE0F782B49BDF3F59F0AFFC241FDA5079522F91F6EBD496DFE76508FBD013F23363A360F15953A6FD9D351D2DE5E4FF0053C1C9F26C43C9B23A38384A8CE9C9395E9B5CB2542B2939C2493E59547693F75CB9AF19A94A323ADF8BFF00F26B5FB3EFFDCD7FFA718EBD6BE39FC73F8A7FB367C53D6FE0AFC15D6FFE11DF067877ECDF60B0FB35B5E793F6CB68AEE6FDF5DC534CDBA69A47F9DCE338185000F25FDA07E39FFC2E8F859F0AFF00B7F5BFED8F19E8FF00DB9FDB3FE8DF67F2FED17317D93EE451C2DBA18C7FABCE31F3618F3EB5FF000B0FE1678F7E29FF00C34B7FC2DCFF008559E33BEFF9857F605CEB9F60F2ADBFB3FF00E3E762C3379D0AF99FEA86CF336FDE5DD53CAEC9CE375EF69BEB7D3A7AEB638D65F56387A55335C1FB482962DBA6E13AB0F6B2AFCD49F2AA72972B8F3F2D5F65A465B2E75197C3FE39F1CF8A7E2578A6F7C6BE35BDFED1D6751F2FCF9FCA8E1DFE4C6B127C912A20C2228E1467193CE4D7255F437ED59E39F0B7C4AF8F9E28F1AF82AF7FB4746D47EC5E44FE5490EFF26CA089FE49551C61D1872A338C8E306BE79AEFA4EF15A5BC8FD87876AFB4CBF0F3F63EC6F08BF676B727BABDCB595B976B596DB2D828A28AD0F6028A28A0028A28A0028A28A0028A28A0028A28A0028A28A0028A28A0028A28A0028A28A0028A28A0028A28A0028A28A0028A28A0028A28A00FFFD1FE7FE8A28A00FDC0F8E7FF000DF1FF000B4F5BFF00852BFF002267FA37D83FE40BFF003ED179DFF1F7FBEFF5DE67DFFC3E5C57E4CFC73FF8559FF0B4F5BFF852BFF2267FA37D83FE3E7FE7DA2F3BFE3EFF007DFEBBCCFBFF0087CB8AFACFE39D8FECB5F1A3E29EB7F12FFE177FF63FF6C7D9BFD13FE11AD46E3CBFB3DB456FFEB3F77BB7797BBEE8C671CE335F267C73F8A3FF000BA3E29EB7F12FFB33FB1FFB63ECDFE89E77DA3CBFB3DB456FFEB3647BB7797BBEE0C671CE327CCC0D36ADA5B4D74B76DFBFAFF99F8378459455C3FB0FDCF25A8A53B519D0F7FDCB2A9CFF00C79E93B548D943DFBAFDEC6DE4B451457A67EF2145145001451450014514500145145001451450075BA3E8FE16BDF0B788356D5BC41FD9DACE9DF64FECDD37EC924DFDA5E74856E3F7EA7641E4261FE7077E76AF35C9575BA3F8E7C53A0F85BC41E0AD26F7C8D1BC55F64FED283CA8DBCFFB0C865B7F9D94BA6C724FC8CB9E8D91C572552AF77738F0B0ACA755D4774E5EEEA9D972C57F2C6DEF733B3737ADF9926A112BF437F62DFF0085A7FF000AB3E33FFC295FF91CFF00E29DFB07FC7B7FCFCDC79DFF001F7FB9FF0053E67DFF00C3E6C57E7957D67FB3F788BE167FC2ACF8A9F0D3E25F8BBFE10EFF0084C7FB0FEC977F60B9D43FE41F732DC49FBBB71FEEAFCCCBF7B233822B0C646F4EDE9E7D5743E3BC4BC24ABE513A71873FBF45B5C8EA2B2AD4DCAF4E3EF4E2A29B9456AD268F5AF8E7FF000B4FFE1566B7FF000D85FF00239FFA37FC20DFF1EDFF003F317F6C7FC82FF73FEA7C9FF8FAFF00B65F36EAF25F8BFF00F26B5FB3EFFDCD7FFA718E8F11788BE167C29F859E2EF869F0D3C5DFF0B17FE162FD83ED777F60B9D23FB2BFB22E45C47FBBB80FF68FB46F65F95D3CBD993BB70147877C45F0B3E2B7C2CF08FC34F897E2EFF8575FF0AEBEDFF64BBFB05CEAFF00DABFDAF726E24FDDDB84FB3FD9F62AFCCEFE66FC8DBB48AE7845A4A56D13EDE56D16EB5FF33E3F29C155C351C3E2BD8C952A78873B4294E0941E1E74EF0C3DA55211F692B38DA4DC9CEB6909687C5FFF00935AFD9F7FEE6BFF00D38C75FA1BF1CFFE1BE3FE169EB7FF000A57FE44CFF46FB07FC817FE7DA2F3BFE3EFF7DFEBBCCFBFF87CB8AFCC5F8D3E39F0B5EF85BC19F07BC157BFDBFA37C3DFED1F235CF2E4B5FED2FED6923BA7FF00439543C1E43EE8B977DF8DE3682051FB5678E7C2DF12BE3E78A3C6BE0ABDFED1D1B51FB17913F95243BFC9B28227F925547187461CA8CE3238C1A9F60E4E3A7F36EAFBBD3B1C6F843118EAD8553A30E5FF006B9FEFA8BA914AA6221385E2E50E49CA0EE949A924A5171BA76F5AFD94FC73E29F895FB67F85FC6BE35BDFED1D6751FB6F9F3F951C3BFC9D2A7893E4895106111470A338C9E726BD67C73E39FF008290FC35F0B5EF8D7C6B7BFD9DA369DE5F9F3F95A0CDB3CE91624F922577397751C29C67278C9AF933F653F1CF85BE1AFC7CF0BF8D7C6B7BFD9DA369DF6DF3E7F2A49B679D653C49F244AEE72EEA38538CE4F1935F3CD6B2C32954D95925BAF5D8F7B1FC0F4F159E36F0F49D0852A314AA51E75653AD78D37CD18C1A8DAFA4AD78696493FD0DFD8B7FE169FF00C2ACF8CFFF000A57FE473FF8A77EC1FF001EDFF3F371E77FC7DFEE7FD4F99F7FF0F9B15C97ED15E39FDB3B41F0B43E0AFDA02F7C8D1BC55BB641E5694DE7FD8648653F3D92974D8E633CB2E7A72322B92FD9FBC45F0B3FE1567C54F869F12FC5DFF0877FC263FD87F64BBFB05CEA1FF20FB996E24FDDDB8FF757E665FBD919C115C978E7E1C7C03D07C2D7BAB782BE30FF00C255ACC1E5F91A6FFC23F7B63E7EE9155FF7F2B944D8859F91CEDDA3922A1417B66E4BAFF2B7D1753CDA596D05C4B89AF8BC3C5DEAC1C5BC2D49CBF854945C6BABC2118CD3DD7BAD49B6AF75F707C3CFF86A5FF865AF847FF0CD3FF51FFED5FF009077FD045FECDFF1FF00FF006D7FD5FF00C0BF86BE4CFDA8BFE659FF0084FBFE4B37FA6FFC267FF907FB2BFD4FFA17FC796DFF008F6FFB6BF3E68BEF8E7FF08A7C2CF821FF000AD35BFB2F8CFC09FF00092FDAFF00D1B7FD97FB52E4797FF1F1134327990B37DDDDB7BED6C57937C51FF8559A97F6678B3E1A7FC49FFB63CEFB5F86FF00D26E3FB1BECFB228FF00D3EE31F6AFB561A6F940F2B3B0E7028A145A9F335D5F4D777BF9755FF0D7384B86B11433478BAF4A308CAAE21A9469B8D493752ADA35A7777A4E0D4E9FBAA2E5185E517182ABE4B5EB5F033FE1567FC2D3D13FE1757FC899FE93F6FF00F8F9FF009F697C9FF8F4FDF7FAEF2FEE7E3F2E6BC96BADF036B1E16D07C5365AB78D7C3FFF0009568D0799E7E9BF6B92C7CFDD1B2A7EFE205D363957E073B769E09AEEA8AF168FD6F39A12AB83AD4A3CD79464BDC694F54FE06DA4A5FCADB493B36EC7E8678E758FDB3B41F0B5EEADFB4FF87FFE12AF8670797FDADA6FDAF4AB1F3F748AB6DFBFD3C1B94D972627FDD8E76ED6F90B57C41F0BBE39FC53F82FFDA7FF000AD35BFEC7FED8F27ED7FE8D6D71E67D9F7F97FF001F1149B76F98DF7719CF39C0C7D0DE06BAF807FB3CF8A6CBE30F82BE277FC2C2D6740F33C8D0FF00B16F749FB67DAE36B57FF4C944A9179492B4BCA1DDB360C16047C3F5CB87A69A69C74F4B2FB9FE7FE47E79C1B92E1AB51C461AB6121EC25CBFF2E27461269B6D7B0A8DFBD1B45BAB6B4EF18EF4B4FD0DFDB97E39FC53FF0085A7E36F82BFDB7FF1467FC4B7FD03ECD6DFF3ED6D77FEBBCAF3BFD77CFF007FDBEEF15E4BE1DFF8C7EF859E11F8D5A07FA578CFC77F6FFEC6BFFB9FD81FD97726D2EFF72FE6C379F6C86529FBC8D7C9EABB9B91C97ED59E39F0B7C4AF8F9E28F1AF82AF7FB4746D47EC5E44FE5490EFF26CA089FE49551C61D1872A338C8E306BD6AD7F6ACF14FC35F807F0C7C15F07BC51FD9DACE9DFDB5FDB907D8639B679D7BE6D9FCF7503A1CA3B9FDD31C670FCE05671A4D5284631DF7E9D3AFF005E478F97E4388C364195E0B07848DEA727B6834E9A97EE24E5ED5C6126AF38C54AF17CEED4E778C9A7E4BF1A7C0DE16B2F0B7833E30F82ACBFB0346F885FDA3E4687E64975FD9BFD932476AFFE992B179FCF7DD2F289B33B06E001AFACFE1C7ED59F1F35EF807F187C6BAB78A3CFD67C2BFF0008FF00F66CFF0061B25F23EDD7AF15C7C8B0047DE800F9D5B1D57079AF9E7F681F8E7FF0BA3E167C2BFEDFD6FF00B63C67A3FF006E7F6CFF00A37D9FCBFB45CC5F64FB91470B6E8631FEAF38C7CD863CF25F0E3C73E16D07E01FC61F056AD7BE46B3E2AFF847FF00B360F2A46F3FEC37AF2DC7CEAA51362107E765CF45C9E29CA939535CEAED3F5D39BFCBEF36C670FD4CC325A11CCF0CAA568578C5292F68E34D62A317694A2A528BA515CD36939C1734EF76CF5AFD94FC73E29F895FB67F85FC6BE35BDFED1D6751FB6F9F3F951C3BFC9D2A7893E4895106111470A338C9E726B92FD86BFE4E97C13FF712FF00D375CD7937C0CF8A3FF0A5FE29E89F12FF00B33FB63FB1FED3FE89E77D9FCCFB45B4B6FF00EB3649B76F99BBEE1CE31C6723E86F035D7C03FD9E7C5365F187C15F13BFE1616B3A0799E4687FD8B7BA4FDB3ED71B5ABFFA64A2548BCA495A5E50EED9B060B021D785B9A296EACBF1FBB736E2ECB654BEBD85C3D095ABE1A34692841B8F347DBAE56E29C69C57B4859CDC6166ECED195B92FD977FE666FF008407FE4B37FA17FC219FF91BFB57FD77FA17FC796EFF008F9FFB65F3E2BADFDA2B58F8F965E168749FDAB3C3FF00DA3ACEA3BBFE118D4BED7650FF0066F93242DA87EE34D1B27F3D3C94FDF91B31BA3E7757CF3F0BBFE1566A5FDA7E13F897FF00127FED8F27EC9E24FF0049B8FEC6FB3EF964FF0040B7C7DABED58587E623CACEF19C1AF59F11788BE167C29F859E2EF869F0D3C5DFF0B17FE162FD83ED777F60B9D23FB2BFB22E45C47FBBB80FF68FB46F65F95D3CBD993BB7014E70FDE5ED7F97E4FA2F2EBAF736CD72E6B3D55A345CE6E5069BA72E651B4549D3C4C65CB4E9C5294A5466B9AA4BDA46CE35A37F9328A28AEE3F5B0A28A2800A28A2800A28A2800A28A2800A28A2800A28A2800A28A2800A28A2800A28A2800A28A2800A28A2800A28A2800A28A2803FFFD2FE7FE8A28A00FD39FDAB3F653F8F9F12BE3E78A3C6BE0AF0BFF68E8DA8FD8BC89FEDD650EFF26CA089FE496747187461CA8CE3238C1AF9E7F6E5FF0093A5F1B7FDC37FF4DD6D5C97ED59E39F0B7C4AF8F9E28F1AF82AF7FB4746D47EC5E44FE5490EFF0026CA089FE49551C61D1872A338C8E3068FDAB3C73E16F895F1F3C51E35F055EFF68E8DA8FD8BC89FCA921DFE4D94113FC92AA38C3A30E5467191C60D79F8684D38737F2F6F4DCFC6380B29CD2854CB1E36DCB1C2CA3654E50707FECFEECDB9C9395A2FA43E1969D17CF3451457A07ECE145145001451450014514500145145001451450075BA3E8FE16BDF0B788356D5BC41FD9DACE9DF64FECDD37EC924DFDA5E74856E3F7EA7641E4261FE7077E76AF35C9575BA3F8E7C53A0F85BC41E0AD26F7C8D1BC55F64FED283CA8DBCFF00B0C865B7F9D94BA6C724FC8CB9E8D91C572552AF77738F0B0ACA755D4774E5EEEA9D972C57F2C6DEF733B3737ADF9926A112BEB3FD9FBFE294F859F153E35681FE8BE33F027F61FF00635FFDFF00B2FF006A5CCB6977FB97DD0C9E642C53F788DB7AAED6E6BE4CAFA1BE0B78E7C2D65E16F19FC1EF1ADEFF006068DF10BFB3BCFD73CB92EBFB37FB26492E93FD0E252F3F9EFB62E1D366779DC01159621371D3CBEEBEBF81E0F1A61EA55CBE50845C9735372495EF4D5483A8B956B24E9A927049B9ABC526DD99E39FDA2FC53F16FC2D7BA4FC6187FE129D660F2FFB0F52DD1D8FF64EE915AF3F716B146973F6948D13F7A7F77B772724D75BF17FFE4D6BF67DFF00B9AFFF004E31D725E39D1FE01F81FC2D7BA4F82BC41FF0B3359D6FCBF2352FB25EE8DFD87F669159FF00712964BBFB5A332724795B370C9615EB56B75F00FE257C03F863E0AF1AFC4EFF00842F59F05FF6D79F07F62DEEA3BFFB46F7CD4F9E2D883088A7866CEEC1C104560F9572B8C5A57ECFB3E87C7621E130F1C0E230585A90A10AEDD952A9A2742AC79A349273845CDA4D7242F26E766A5CF2F87EBF703E39FF00C37C7FC2D3D6FF00E14AFF00C899FE8DF60FF902FF00CFB45E77FC7DFEFBFD7799F7FF000F9715F933F147C1FF000B3C29FD99FF000AD3E20FFC277F6AF3BED7FF00129B9D2FECBB36797FF1F0CDE6799B9BEEFDDDBCFDE15F59FC73B1FD96BE347C53D6FE25FF00C2EFFEC7FED8FB37FA27FC235A8DC797F67B68ADFF00D67EEF76EF2F77DD18CE39C66A313694A32B69AEF16FB743CDE39853C7E2B038AF63CD4B92B2FDE616AD649B952B5E9A519C24F965CB2959349DAF74CF9E3C0DA3F8A7F6B1F8F965A4F8D7C41E46B3E29F33CFD4BEC91B63EC364CC9FE8F11813EE40A9C15FEF1C9CE7D6BC0DAC785BF698F14D97ECFF6DE1FFF008457469FCCFF008451FED725F7FC237B636BDD4B82217BFF00B7BC38FDFC9FB8DDFBBE060F25F033C45F0B3E0BFED4BA26BFFF000977F6C783347FB4FF00C4E7EC1736FE67DA34E953FE3D3124CBB6693CBE8738DDC29AF5AF819FB737C53FF85A7A27FC2EAF1B7FC519FE93F6FF00F896DB7FCFB4BE4FFC7A5B79DFEBBCBFB9F8FCB9A2BA9EAE0B44B4E967AECADF87CBAB0E2CA5994BDA4F29C35E9D1C3C2547E3A6E13FDE7F0E9AA6F9E6A31845D39F2DA2DD36946ACD33F62DFF0085A7FF000AB3E33FFC295FF91CFF00E29DFB07FC7B7FCFCDC79DFF001F7FB9FF0053E67DFF00C3E6C51F1CFF00E169FF00C2ACD6FF00E1B0BFE473FF0046FF00841BFE3DBFE7E62FED8FF905FEE7FD4F93FF001F5FF6CBE6DD5F3C7C38F1CF85B41F807F187C15AB5EF91ACF8ABFE11FFECD83CA91BCFF00B0DEBCB71F3AA944D8841F9D973D17278A3C73E39F0B7C63F0B5EF8D7C6B7BFD9DF1334EF2FCF9FCA926FF00849BCE91624F92258EDAC3EC16D1A8E14F9F9C9F9F268745FB572B697DEDAECBAF6E8FFAB15386B10F3FAF8E9D28AA6EB43DF54DBACAD4A8F2F2D4BFF065252A752D1959392768CA73A5F3CD14515E89FB69FACDFF00194BFF003657FF002467FE603FF20EFF00B7CFF90B7FA6FF00C7EF9FFEB7FE01F26DAF933E067877E167C68FDA9744D03FE111FEC7F066B1F69FF8937DBEE6E3CBFB3E9D2BFF00C7DE6399B74D1F99D4633B795147FC21FF00B2D78F7FE2ACFF008583FF000AB3EDDFF32DFF0064EA3AE7D83CAFDD7FC7FEE5F3BCEDBE7741B3CCD9FC347FC3517FC652FF00C34B7FC233FF0070AFB6FF00D43BFB3FFE3E7C8FFB69FEABFD9FF6ABCC85395A4A2B5B3E9677F37B37E6BF53F06CB327C5430F8DA197D192AAE8D48A9F24A8D4F696B43DA4DCB9311564EEFDBC1F2C24A4D34AAA0FF86C4F8A7E2BFF008907C6AB8FF84EFC1975FF001FFA36CB6D2FED5B3E787FD2ED2DD668FCB996393E43F36CDA7E5635EB5FB16FFC2D3FF8559F19FF00E14AFF00C8E7FF0014EFD83FE3DBFE7E6E3CEFF8FBFDCFFA9F33EFFE1F362BC97FE10FFD96BC05FF001567FC2C1FF85A7F61FF00996FFB2751D0FEDFE6FEEBFE3FF73793E4EEF3BA1DFE5ECFE2AE4BE1C78E7C2DA0FC03F8C3E0AD5AF7C8D67C55FF0008FF00F66C1E548DE7FD86F5E5B8F9D54A26C420FCECB9E8B93C55D4A71941AA71B6ABA69BF6FCFF003EDE966F9360B159655C3E518374E32A942EA54651A6ED5A0E4DD17C8DA8C75A92E58A942D1E77C8D43E87F8E7FF000B4FFE1566B7FF000D85FF00239FFA37FC20DFF1EDFF003F317F6C7FC82FF73FEA7C9FF8FAFF00B65F36EAF59F879FF0D4BFF0CB5F08FF00E19A7FEA3FFDABFF0020EFFA08BFD9BFE3FF00FEDAFF00ABFF00817F0D7C3FE39F1CF85BE31F85AF7C6BE35BDFECEF899A7797E7CFE54937FC24DE748B127C912C76D61F60B68D470A7CFCE4FCF935EB56B75F00FE257C03F863E0AF1AFC4EFF00842F59F05FF6D79F07F62DEEA3BFFB46F7CD4F9E2D883088A7866CEEC1C1045653A4D4126BAEBA5D6CF65DBF5FB8F0733E1EAB4F2EC2D1AF42378E21B9C161E7528C3F73523FBBA306DBA4DB8C9352FE24DCA4A13E6A71F25FDA2BC73F1F35EF14C3E0AFDA02F7CFD67C2BBB641E5592F91F6E8E194FCF64A11F7A08CF2CD8E9C1C8AFD3AF8E7FF0DF1FF0B4F5BFF852BFF2267FA37D83FE40BFF3ED179DFF001F7FBEFF005DE67DFF00C3E5C57E4CFC51F07FC2CF0A7F667FC2B4F883FF0009DFDABCEFB5FF00C4A6E74BFB2ECD9E5FFC7C33799E66E6FBBF776F3F7857D67F1CEC7F65AF8D1F14F5BF897FF0BBFF00B1FF00B63ECDFE89FF0008D6A371E5FD9EDA2B7FF59FBBDDBBCBDDF746338E719A75609F2596967F65F974E86DC439561E6F2E74F0D1F631A75959E0EACE0A4E54B6A0AD2A6E4D4DC5CAFA5F595EE725FB29F8E7C53F12BF6CFF000BF8D7C6B7BFDA3ACEA3F6DF3E7F2A3877F93A54F127C912A20C2228E1467193CE4D75BFB35FC2EFF840BF6A5F86DAFE81A9FF00C245E0CF117F6C7F636B3E4FD93EDFF64D3A64BBFF00447769A1F266631FEF00DF8DCB9535E4BF033C45F0B3E0BFED4BA26BFF00F0977F6C783347FB4FFC4E7EC1736FE67DA34E953FE3D3124CBB6693CBE8738DDC29A3F63BF8E7FF000A5FE29DBFF6FEB7FD8FE0CD637FF6CFFA37DA3CCFB3DB5C7D93EE4524CBB66907FABC673F36547155E9C9A9382D3976FBFF0015FD79767166518CA94F1F3CAE9B54E58484230E471524FEB1EEC572F346A4138DA16EBC928A728CE1F26514515E91FB985145140051451400514514005145140051451400514514005145140051451400514514005145140051451400514514005145140051451401FFD3FE7FE8A28A00FD0DF85DF1CFE29EA5FDA7FF000AD35BFF008545F067C27E4FDAFF00D1ADB5FF00EC6FB7EFF2FF00E3E2217B75F6ABD0DF777795E67384515F0FF8E758F0B6BDE29BDD5BC15E1FFF008457469FCBF234DFB5C97DE46D8D55FF007F280EFBDC33F238DDB4700575BE10F117F66FC2CF883A07FC25DFD8FF00DB1FD93FF126FB07DA3FB67ECF72CFFF001F783F65FB2E7CCEA3CDCEDE715E4B5CF468A8C9B5FD7AF77E7FF04F88E1BE1AA184C6E26BD2828EAA2ACA4B9972C64E7524D2756A39397EF1CA765A26A6EB73145145741F6E145145001451450014514500145145001451450075BA3E8FE16BDF0B788356D5BC41FD9DACE9DF64FECDD37EC924DFDA5E74856E3F7EA7641E4261FE7077E76AF35C9575BA3F8E7C53A0F85BC41E0AD26F7C8D1BC55F64FED283CA8DBCFF00B0C865B7F9D94BA6C724FC8CB9E8D91C572552AF77738F0B0ACA755D4774E5EEEA9D972C57F2C6DEF733B3737ADF9926A112BEE0FD99FC0DE29F895F00FE3A782BC1565FDA3ACEA3FF0008C791079B1C3BFC9BD9A57F9E5644184463CB0CE3039C0AF87EBE86F871E39F0B683F00FE30F82B56BDF2359F157FC23FFD9B07952379FF0061BD796E3E755289B1083F3B2E7A2E4F1596262DC6D1DEEBF347CDF1D617115B00A1855EFF00B5A0D68E495ABD36DB49A6E3149B96AB44F55B9F43D8FC0CF8A7F05FF65AF8DFFF000B2F44FEC7FED8FF00846BEC9FE936D71E67D9F513E67FC7BCB26DDBE62FDEC673C67071EB3F0F3FE1A97FE196BE11FF00C334FF00D47FFB57FE41DFF4117FB37FC7FF00FDB5FF0057FF0002FE1AF87FE1C78E7C2DA0FC03F8C3E0AD5AF7C8D67C55FF0008FF00F66C1E548DE7FD86F5E5B8F9D54A26C420FCECB9E8B93C57AD5ADD7C03F895F00FE18F82BC6BF13BFE10BD67C17FDB5E7C1FD8B7BA8EFF00ED1BDF353E78B620C2229E19B3BB0704115C3569CBED2BFBDD9B5F0F63F2ACFF0025C6C9CFEBD4E353FDAD49BFABD4A94DC7EA6A2A5EC632949C54AD1BA9B4A6AFD394F25FDA2BC73F1F35EF14C3E0AFDA02F7CFD67C2BBB641E5592F91F6E8E194FCF64A11F7A08CF2CD8E9C1C8AEB7F6E5FF0093A5F1B7FDC37FF4DD6D5E4DF147C1FF000B3C29FD99FF000AD3E20FFC277F6AF3BED7FF00129B9D2FECBB36797FF1F0CDE6799B9BEEFDDDBCFDE15F59FC73B1FD96BE347C53D6FE25FF00C2EFFEC7FED8FB37FA27FC235A8DC797F67B68ADFF00D67EEF76EF2F77DD18CE39C66B74D45C5A5A59EC9F974E87D550C4E1F0389C06229D09468AA55A3FBBC3D58A5273A2FF0084A0E54D49C6725CCB5DEEF77E4BFB0D7FC9D2F827FEE25FFA6EB9AFACFF00E3297FE6F53FE48CFF00CC7BFE41DFF6E7FF00209FF4DFF8FDF23FD57FC0FE4DD5F267C0CF117C2CF82FFB52E89AFF00FC25DFDB1E0CD1FED3FF00139FB05CDBF99F68D3A54FF8F4C4932ED9A4F2FA1CE3770A6BE4CA55287B4A97E965D35EBB766639C70A4B37CE2789518C60E8D1B4E749BA916E559BF6526E2E9558A69DDC64E32706E2AD66514515DE7EC21451450014514500145145001451450014514500145145001451450014514500145145001451450014514500145145001451450014514500145145001451450014514500145145001451450014514500145145007FFFD4FE7FE8A28A00FD0DF8E7F1CFE29FECD9F14F5BF82BF0575BFF008477C19E1DFB37D82C3ECD6D79E4FDB2DA2BB9BF7D7714D336E9A691FE7738CE0614003E78FDAB3C0DE16F86BF1F3C51E0AF05597F6768DA77D8BC883CD926D9E759412BFCF2B3B9CBBB1E58E3381C6057D0FE22F8E7F0B3C57FF0977C58D7F5BFB57FC277F60FED9F86FF0066B94FB57F65E2DAD3FE27C912F97E5ED179FBB45DDFEA1B775AF933E39F88BFE12BF8A7ADEBFF00F0977FC277F6AFB37FC4E7EC1FD97F6AD96D127FC7A617CBF2F6F97D3E6D9BBF8ABCFC2C1A6B4B69AF9BD3FE0FE9D6DF8C787B97D6A58AA3CF8774A51A4E3565CB25ED6AFEE6F29CB9529CA32F69EFB9494D4F9A9CE77AAA9F92D14515E81FB385145140051451400514514005145140051451401D6E8FA3F85AF7C2DE20D5B56F107F676B3A77D93FB374DFB24937F6979D215B8FDFA9D90790987F9C1DF9DABCD7255D6E8FE39F14E83E16F10782B49BDF2346F157D93FB4A0F2A36F3FEC32196DFE7652E9B1C93F232E7A364715C954ABDDDCE3C2C2B29D5751DD397BBAA765CB15FCB1B7BDCCECDCDEB7E649A844AFACFF0067EFF8A53E167C54F8D5A07FA2F8CFC09FD87FD8D7FF007FECBFDA9732DA5DFEE5F74327990B14FDE236DEABB5B9AF932BE86F82DE39F0B59785BC67F07BC6B7BFD81A37C42FECEF3F5CF2E4BAFECDFEC9924BA4FF0043894BCFE7BED8B874D99DE77004565884DC74F2FBAFAFE0783C6987A9572F94211725CD4DC9257BD35520EA2E55AC93A6A49C126E6AF149B767EB575E39F14FED0DF00FE2778D7E30DEFF006FEB3F0F7FB17FB0E7F2A3B4FB1FF6B5EF9579F25AAC492F9A9120FDEABEDC65369249E4BE2FFF00C9AD7ECFBFF735FF00E9C63AEB7E2DFC5BF0B789BC2DE3BD2749F1DFF68EB3A8FF0065FF00696A5FD97243FF0009AF93246D6FFB868D534AFECA4529F211F6AC6E6E6B92F0EF88BE167C56F859E11F869F12FC5DFF000AEBFE15D7DBFEC977F60B9D5FFB57FB5EE4DC49FBBB709F67FB3EC55F99DFCCDF91B76915CB04D5A56B24F6EDA5B6F5FF00836D4FCF32CC355A10A38BFABCA9D1A788E7F67184DFB384B0AE1EE414149C65565CD6842EB9DBA9184D558C0F8BFF00F26B5FB3EFFDCD7FFA718EBD6BF67EF8E7F14FC29FB2D7C54FEC0D6FECBFF0827F61FF00637FA35B3FD97FB535197ED7F7E26F33CCDC7FD66EDBFC3B6BE78F8D3E39F0B5EF85BC19F07BC157BFDBFA37C3DFED1F235CF2E4B5FED2FED6923BA7FF00439543C1E43EE8B977DF8DE3682057AD7C16BAF80765F00FC67E0AF1AFC4EFEC0D67E217F6779F07F62DEDDFF66FF64DEC92A7CF16527F3D0A9E19366707710451520BD97BCAFADF6BF5BFE5FE419CE590964308E330D29A9627DA28FB394DA84B14EA36E0A32946F45CB994926937092E67CAFE4CF0378E7C53F0D7C5365E35F055EFF676B3A7799E44FE54736CF3A3689FE4955D0E51D872A719C8E706BF433E23FED59F1F341F807F07BC6BA4F8A3C8D67C55FF000907F694FF0061B26F3FEC37A915BFC8D0144D8848F91573D5B279AFCC6AFA1BE23F8E7C2DAF7C03F83DE0AD26F7CFD67C2BFF000907F6941E548BE47DBAF525B7F9D9423EF404FC8CD8E8D83C56F88A1194A2DC6FAFE8CFAAE31E15C1E3B1D80AB5F0B1A96A8D49B8297B9EC6B34A4DA7EEF3B8D93D399AEB63E79A28A2BA8FD0C28A28A0028A28A0028A28A0028A28A0028A28A0028A28A0028A28A0028A28A0028A28A0028A28A0028A28A0028A28A0028A28A0028A28A0028A28A0028A28A0028A28A0028A28A0028A28A0028A28A0028A28A00FFFD5FE7FE8A28A0028A28A0028A28A0028A28A0028A28A0028A28A0028A28A0028A28A0028A28A0028A28A0028A28A0028A28A0028A28A0028A28A0028A28A0028A28A0028A28A0028A28A0028A28A0028A28A0028A28A0028A28A0028A28A0028A28A0028A28A0028A28A0028A28A0028A28A0028A28A0028A28A0028A28A0028A28A0028A28A0028A28A0028A28A00FFD6F832FBE39FC53F82FF00B2D7C10FF8569ADFF63FF6C7FC24BF6BFF0046B6B8F33ECFA88F2FFE3E22936EDF31BEEE339E73818F25FDA07FE2ABF859F0AFE356BFFE95E33F1DFF006E7F6CDFFDCFB57F65DCC56969FB94DB0C7E5C2A13F768BBBAB6E6E6BADB5BAF807F12BE01FC31F0578D7E277FC217ACF82FFB6BCF83FB16F751DFFDA37BE6A7CF16C4184453C3367760E0822BC97E34F8E7C2D7BE16F067C1EF055EFF006FE8DF0F7FB47C8D73CB92D7FB4BFB5A48EE9FFD0E550F0790FBA2E5DF7E378DA0815E75287BCACB5BBBE9D35EBD7A1F8970DE59086614E5430D2856588C44AACFD9CA1CD4A52AFCB7A8E2A3522E52A4D454A5B295AD06E3FA75F1CFFE1BE3FE169EB7FF000A57FE44CFF46FB07FC817FE7DA2F3BFE3EFF7DFEBBCCFBFF87CB8AF87FF00653F1CF8A7E257ED9FE17F1AF8D6F7FB4759D47EDBE7CFE5470EFF00274A9E24F922544184451C28CE3279C9AEB7E39D8FECB5F1A3E29EB7F12FFE177FF63FF6C7D9BFD13FE11AD46E3CBFB3DB456FFEB3F77BB7797BBEE8C671CE335E4BF033C45F0B3E0BFED4BA26BFFF000977F6C783347FB4FF00C4E7EC1736FE67DA34E953FE3D3124CBB6693CBE8738DDC29AC68D3FDD4972EBCBFCAD74EFD4F94E1AC9210E1BC561E3854B12F0B28FBB85A94A77F676946552575564E5CBF0DB99A7249F4FACFF00E3297FE6F53FE48CFF00CC7BFE41DFF6E7FF00209FF4DFF8FDF23FD57FC0FE4DD5F267C20FF935AFDA0BFEE54FFD38C95D6F81AEBE01FECF3E29B2F8C3E0AF89DFF0B0B59D03CCF2343FEC5BDD27ED9F6B8DAD5FFD32512A45E524AD2F28776CD8305811E4BF05BC73E16B2F0B78CFE0F78D6F7FB0346F885FD9DE7EB9E5C975FD9BFD93249749FE8712979FCF7DB170E9B33BCEE008AD214DF2BB2D34E96D9EBA7F57DBA1EFE5F9455585AF2C3D1B5353C3CED0A33A117ECEB29D471A12BCDCD4126E6AFED572538479A9BBF5BF083FE4D6BF682FFB953FF4E32575B6BE39F14FECF3F00FE18F8D7E0F5EFF00606B3F10BFB6BFB727F2A3BBFB67F64DEF9567F25D2CA9179492B8FDD2A6ECE5F71008E4BC45E22F859F0A7E1678BBE1A7C34F177FC2C5FF00858BF60FB5DDFD82E748FECAFEC8B91711FEEEE03FDA3ED1BD97E574F2F664EEDC051E1DF117C2CF8ADF0B3C23F0D3E25F8BBFE15D7FC2BAFB7FD92EFEC173ABFF006AFF006BDC9B893F776E13ECFF0067D8ABF33BF99BF236ED22AE51BDE4D68DF6E96B6DBEFF00E67A58BC23C43A98CAF4252C2CF10A728BA726E54D619535CD45C79DA55A31B45C2EACAA5B95291E4DF147E39FC53F8D1FD99FF0B2F5BFED8FEC7F3BEC9FE8D6D6FE5FDA36799FF1EF147BB7796BF7B38C718C9CF92D7DC1FB5D7C5BF0B7C4AF0B7C39D2749F1DFF00C2C2D6740FED7FED2D4BFB2E4D277FDAE481ADFF0070D1A20C2214F909CECDCD82D5F0FD74E1DDE0BDDB797F563EF7826B46796D39470AB0EAF25ECD2714AD392BA4E14DA52F8D5E117EF6AAE7D0DFB29F81BC2DF12BE3E785FC15E35B2FED1D1B51FB6F9F079B243BFC9B29E54F9E2647187453C30CE3078C8AEB7FE1B13E29F8AFFE241F1AAE3FE13BF065D7FC7FE8DB2DB4BFB56CF9E1FF004BB4B759A3F2E658E4F90FCDB369F958D7937C0CF8A3FF000A5FE29E89F12FFB33FB63FB1FED3FE89E77D9FCCFB45B4B6FFEB3649B76F99BBEE1CE31C6723D67FE10FF00D96BC05FF1567FC2C1FF0085A7F61FF996FF00B2751D0FEDFE6FEEBFE3FF0073793E4EEF3BA1DFE5ECFE2ACAAC573DE4AFA69EBAFDDD35D3F03E6B893054259A4AA63F0D2AB174E0A972C25271A8A5539F964B4A3269D2FDE4A54D689F3FB8DC4FD9FBFE294F859F153E35681FE8BE33F027F61FF635FF00DFFB2FF6A5CCB6977FB97DD0C9E642C53F788DB7AAED6E6BADBAF1CF8A7F686F807F13BC6BF186F7FB7F59F87BFD8BFD873F951DA7D8FF00B5AF7CABCF92D562497CD48907EF55F6E329B4924F92FC16F1CF85ACBC2DE33F83DE35BDFEC0D1BE217F6779FAE79725D7F66FF64C925D27FA1C4A5E7F3DF6C5C3A6CCEF3B8022BADF11788BE167C29F859E2EF869F0D3C5DFF0B17FE162FD83ED777F60B9D23FB2BFB22E45C47FBBB80FF68FB46F65F95D3CBD993BB70151387BEF4D6EACFCB4BEBD3AE9FE679B9AE5B29667564E849E21D6A32A53E46F968AF63ED22AADB96117CB5AF4DCA2E5CCFDD7ED1737D0DE14F03785BE2DFC03F807F07B56B2F2359F157FC253FD9BAE799237F64FD86F5AEAE3FD0D5A34B9FB4A4622F9DD7CBFBEB93C1F26FDA6358F0B6BDF00FE05EADE0AF0FF00FC22BA34FF00F093F91A6FDAE4BEF236DEC2AFFBF94077DEE19F91C6EDA3802BC97E23F8E7C2DAF7C03F83DE0AD26F7CFD67C2BFF0907F6941E548BE47DBAF525B7F9D9423EF404FC8CD8E8D83C51F11FC73E16D7BE01FC1EF056937BE7EB3E15FF8483FB4A0F2A45F23EDD7A92DBFCECA11F7A027E466C746C1E2A69D19292979BFFDBB5FCBFA671E51C338AA78DC2E2E4E7CBF59C43E47CD68A97D6FDFB376E59A749474493D62EF567CDF707ED29E1DF859ACFC53F893F12F5FF08FDBBFE1567F63FF006CDA7DBEE62FF848FF00B72DA1B7B4FDE211F61FB0E037EED24F3F186DBD6BC9BE39FC2EFF0085D1FB7C6B7F0D3FB4FF00B1FF00B63ECDFE97E4FDA3CBFB3E8B15C7FABDF1EEDDE5EDFBE319CF38C1F9E3F6ACF1CF85BE257C7CF1478D7C157BFDA3A36A3F62F227F2A4877F9365044FF24AA8E30E8C39519C6471835F43FF00C2F3F859FF000DF1FF000BABFB6FFE28CFF9FF00FB35CFFD017EC9FEA7CAF3BFD77C9F73DFEEF35953A53845357BF2BF96DA7DF7FCBA1E0E5190E6997606862687B4756382ABCA9A93F673E4C3B8D3E59732E675154924D26D5A9DB929C52E4BC0DAC785BF698F14D97ECFF6DE1FFF008457469FCCFF008451FED725F7FC237B636BDD4B82217BFF00B7BC38FDFC9FB8DDFBBE0609FB33E8FE16D7BE01FC74D27C6BE20FF8457469FF00E118F3F52FB2497DE46DBD9993F71110EFBDC2A7078DDB8F00D75BF033F6E6F8A7FF000B4F44FF0085D5E36FF8A33FD27EDFFF0012DB6FF9F697C9FF008F4B6F3BFD7797F73F1F9735F3C7C38F1CF85B41F807F187C15AB5EF91ACF8ABFE11FF00ECD83CA91BCFFB0DEBCB71F3AA944D8841F9D973D17278AD1D39D9C6D6F876D7AEBBAFBFEFEA7B189C9F3454EBE05D274E1CD84947D9CA556D2FAC7EF26A5529AF7928C6734E328DEF52779549B7EB5E19F0378A7E1AFC03FDA3FC15E35B2FECED674EFF00843FCF83CD8E6D9E75EB4A9F3C4CE8728EA78638CE0F3915D6DF7C73F8A7F05FF65AF821FF000AD35BFEC7FED8FF008497ED7FE8D6D71E67D9F511E5FF00C7C4526DDBE637DDC673CE7031E4BE10F8E7FF0018B5F107E0AF8B35BFFA04FF00C23761F66FFA88B5DDFF00EFA28BE8FF00BE7F64F4AEB6D6EBE01FC4AF807F0C7C15E35F89DFF085EB3E0BFEDAF3E0FEC5BDD477FF0068DEF9A9F3C5B1061114F0CD9DD838208A5283BFEF15FDEED7FB2639865955D694F38C37B487D6F9A4A34E752328AC1F229A872C9F2B9DB4F79427EEF34B9799F25FB40FFC557F0B3E15FC6AD7FF00D2BC67E3BFEDCFED9BFF00B9F6AFECBB98AD2D3F729B618FCB85427EED177756DCDCD7D67FF194BFF3657FF2467FE603FF0020EFFB7CFF0090B7FA6FFC7EF9FF00EB7FE01F26DAF87FE34F8E7C2D7BE16F067C1EF055EFF6FE8DF0F7FB47C8D73CB92D7FB4BFB5A48EE9FF00D0E550F0790FBA2E5DF7E378DA0815D6FF00C21FFB2D78F7FE2ACFF8583FF0AB3EDDFF0032DFF64EA3AE7D83CAFDD7FC7FEE5F3BCEDBE7741B3CCD9FC34E54FDD575DFA5D6FA69BEDB76D8DB1B93B797E1FEB349B82956E58CE84ABD3509546E927462D4E128D3B2A6EC952873D3928CA5147CF3E39D63C2DAF78A6F756F05787FFE115D1A7F2FC8D37ED725F791B63557FDFCA03BEF70CFC8E376D1C015F437FC9D67FD966FFD4A7FF445969FFD9F6507FDBC7FBFD7C9BE39FC51FF0085D1F14F5BF897FD99FD8FFDB1F66FF44F3BED1E5FD9EDA2B7FF0059B23DDBBCBDDF706338E7193D678E7C73E16F07F85AF7E0F7C1EBDFED1D1B51F2FF00B735CF2A487FE120F2645BAB3FF43BA567B2FB13B3C5FBA71E7637BF1815D324DA8D959FE5DEEFAFEBF8AFB6C561B11530F8254A94A18951566E4E6A9AB47DA46A4DDFDA45E9171BF35592524E0E3EDA91F05BC0DE16F18785BC6773E35B2FECED1B4EFECEF3FC57E6C937FC23FE749204FF00896C4CAF7BF6D755838CF939F30F19AF5AF8B7F093C2DE19F0B78EF56D27C09FD9DACE9DFD97FDA5A6FF006A4937FC215E7491ADBFEFDA464D57FB5518BFC80FD973B5B9AF9E7E177C51FF008553FDA7AFE81A67FC567FB9FEC6D67CEFF9057DF4BBFF004474786E3ED10B98FF00783F77F797E6AEB3C73F1A7C2DE30F0B5EF82ADBC19FD9DA369DE5FF00C22907F68C937FC23FE748B2EA5F398D5EF7EDAEB9FDFB1F27388F8E2A270A9ED2EB6FF86F3FEBFF004AF3732CB737966FEDA9737B0E68B694ACACBD9F37BBED13B5D7F76FCB3F71253863BE79A28A2BB0FD3C28A28A0028A28A0028A28A0028A28A0028A28A0028A28A0028A28A0028A28A0028A28A0028A28A0028A28A0028A28A0028A28A0028A28A0028A28A0028A28A0028A28A0028A28A0028A28A0028A28A00FFD9», «class PNGf»:«data PNGf89504E470D0A1A0A0000000D4948445200000230000001800806000000B3D358870000040E694343506B4347436F6C6F72537061636547656E657269635247420000388D8D555D681C55143E9BB9B32B24CE83D4A6A6920EFE3594B46C52D184DAE8FE65B36DDC2C936CB44190C9ECDD9D692633E3FCA469293E144110C1A8E093E0FF5BC127216AABED8B2DA2B450A2048328F8D0FA47A1D21709EBB933B3BB93B86BBDCBDCF9E69CEF7EE7DE73EEDE0B90B82C5B96DE25022C1AAE2DE5D3E2B3C7E6C4C43A74C17DD00D7DD02D2B8E952A9526011BE3C2BFDAEDEF20C6DED7F6B7F7FF67EBAE50470188DD85D8AC38CA22E26500FE15C5B25D800441FBC809D762F809C43B6C9C20E212C3B50057189E0FF0B2CF999132885F452C28AA8CFEC4DB8807E723F65A040773F0DB8E3C35A8AD2922CB45C936AB9A4E23D3BD83FB7FB645DD6BC4DB834F8FB3307D14DF03B8F6972A7296E187109F55E4DC7488AF2E69B3C510FF65B96909F123005DBBBC85720AF13EC463557BBC1CE874A9AA37D1C02BA7D4996710DF837875C13CCAC6EE44FCB5315F9C0A757E529C0CE60F1E00E0E22A2DB07AF7231EB04D692A88CB8D576836C7F288F8B8E61666027DEE2D67693AD7D039A5668A412CEE8BE3F21156A73EC457A99E9742FD5F2DB714C6253D865E9C0C74C83075FCF5FA76579D9908E29239170B1A8C252F56B5F142C87F57B527A4105FB6747F8FE2DCC84DDB93CA019FBF9F1AE550931F93ED5C3EC415988DC940C18479EC153060134490200F697C5B60A3A70A1AE868A1E8A568A1F8D5E0ECDFC229F9FE00B7546AFEC8EBE8D13042A6FF23F0D0AAC2EF685523BC0C7E7968AB75D009667023D431492F499283F81C2293E4301921A3209227C953648C64D13A4A0E35C796227364F3B9D1D4790123529F378BBC8BE87741C6FE676498E0B4CFC54A9F3710D8CFD8CF6BCA95D76E5E3A7D6E578BBB46569FBBD673E97424671A6A2D74C8DAD49D72CFFFC25FE7D7B05FE7375A0CFE077E037FEBDB56B735EB34CC560A7DBA6F5BC447F33D4E643EA52D556C61B3A3A2593556FA021FCB007DB978BB0867065BFCE4F7C93F926BC9F7921F267FE3DEE43EE1CE739F729F71DF80C85DE02E725F725F711F739F476AD479EF346BEEAFA3B10AE6699751DC9F425AD82D3C2864853DC2C3C2644B4FE815868409612F7A7637AB138D175DBB06C7B06F64AB7DAC8017A973EC6EACB3D6E13F54469606277CA6E3EF33034E6EE38423493F1922856DBB7A84EDF5A6767E4B3DDAAF81C673F16C3C05627C5F7C343E143FC2708319DF8BBE51ECF1D472E9B2CB0EE28C699DB4B59AEA8AC3C9E4E3620AAF322A160CE5C0A028EBBAE8BB1CD1A60EB59768E500B07B3238C26F49FEFD17DB79A565739F0638FC273BF75AB6390FE0AC03D0FB68CB368067E3BDEF00AC3EA678F6527827C462DF0238D583C3C1574F1ACFAB1FEBF55B786E25DE00D87CBD5EFFFBFD7A7DF303D4DF00B8A0FF03FF25780BC563D6CB0000005C655849664D4D002A00000008000401060003000000010002000001120003000000010001000001280003000000010002000087690004000000010000003E000000000002A00200040000000100000230A0030004000000010000018000000000D71673970000020B69545874584D4C3A636F6D2E61646F62652E786D7000000000003C783A786D706D65746120786D6C6E733A783D2261646F62653A6E733A6D6574612F2220783A786D70746B3D22584D5020436F726520362E302E30223E0A2020203C7264663A52444620786D6C6E733A7264663D22687474703A2F2F7777772E77332E6F72672F313939392F30322F32322D7264662D73796E7461782D6E7323223E0A2020202020203C7264663A4465736372697074696F6E207264663A61626F75743D22220A202020202020202020202020786D6C6E733A746966663D22687474703A2F2F6E732E61646F62652E636F6D2F746966662F312E302F223E0A2020202020202020203C746966663A5265736F6C7574696F6E556E69743E323C2F746966663A5265736F6C7574696F6E556E69743E0A2020202020202020203C746966663A4F7269656E746174696F6E3E313C2F746966663A4F7269656E746174696F6E3E0A2020202020202020203C746966663A436F6D7072657373696F6E3E313C2F746966663A436F6D7072657373696F6E3E0A2020202020202020203C746966663A50686F746F6D6574726963496E746572707265746174696F6E3E323C2F746966663A50686F746F6D6574726963496E746572707265746174696F6E3E0A2020202020203C2F7264663A4465736372697074696F6E3E0A2020203C2F7264663A5244463E0A3C2F783A786D706D6574613E0A96A84AD000002DD6494441547801EDDD0B8EDDC8B52DDAD275F5C60DAB36B9616E4E4137550733612DE55290C1CF26B9C7032EE860C4FAC4E0364086F23C7FFBE38F3FBE7FFCBF5FFEBF7FFFFD9F5FEEFDB8F1DF7FFDF5E5FDDC9C8D4BFCDAEBD27ADDBA5A6FB4BFBABE1B6FADD7C5EFD55FED7BB6DE6C5CAD3F3B4EFDA52E595FEB2D8DAF71C604081020F01A81FFF79AB2AA1220408000010204E605FEACA1F9425DFB453A1B57EB2F1DCFD65BBBAFA5FDD475A33AE9BFC6E57E173F9AAFF946E351BE6EBEBB9F7AA3F9AC9BBD26FFD2F8ACEF5C97E6B18E00010204AE21E004E61ACF4117040810204080C00A81CF1398D92FD4D9B8153DFEB4746BBDC4FF94F46370D69779EA77F5BAFBB5DFBDC67BD7CBFEF6EAAFE649FEF49D715D9771E6B33EF75D09102040E0DE024E60EEFDFC744F8000010204DE52E0F30426BBCF176BC6B98EBE6067E3927FED756DBDA5FD8FD6ADED33EBD3EFDAFC894B9EB5F1895B7A9DAD97B8F497F1D2BAA375C997FCA3F5753EF1F5FE6CBE9AC79800010204CE15700273AEB76A040810204080C00E02BF9CC0745FA4F982EDE6BBFBA3B8D93D9C5D6FB6CFD9FDCFC6BD4B9F759F23AFBBFC5EEABE8C09102040E06B0127305FBBB84B8000010204085C58E09713980BF7BAA9B5D117FAA6E43B069FDDE7D67ADDC9C68E24FFA4EAEA6CED7FEF3EE5234080008173049CC09CE3AC0A010204081020B0A3C0B78F5C3FFD6F21E58BB6D6E8BE80B36E362EF16BAFB3F566E3D6F697F5A937F2ABEB33EEAE4BF375F1B99FFE32EEAE5DBD2EBE5BDFE59FBD9FFAA37A5957EB8CE2EA7A6302040810B8868013986B3C075D102040800001022B047E398159116B2901020408102040E025024E605EC2AE28010204081020B045C00BCC163DB1040810204080C04B04BCC0BC845D51020408102040608B8017982D7A6209102040800081970878817909BBA2040810204080C016012F305BF4C4122040800001022F11F002F3127645091020408000812D025E60B6E889254080000102045E22E005E625EC8A122040800001025B04BCC06CD1134B800001020408BC44C00BCC4BD81525408000010204B6087881D9A22796000102040810788980179897B02B4A8000010204086C11F002B3454F2C010204081020F012012F302F615794000102040810D822E005668B9E58020408102040E025025E605EC2AE28010204081020B045E0CF2EF8DF7FFFE79FA9FFFEEBAF6EC94FF7B3FEA79B1F832EBE5B9FF8BDE392B7ABDBD54BDC59D7AEBF5ABFF63B1B57F3CE8EBBFAB5CFE45FBB3E715BAF6BEBAE5D7F95FED247E79FF9D9EBACCB6CDC6C9F352EF53B97CCD7B83AEEE2EBBAD1786BBD2E7EAFFED27F5727F3B97675BBF86E7DF26DBD2EADDBADABF5F7EA776BBD2E7EAFFEB2EFAE4EE6731DD54D9ED1BAE45B7A7502B354CA3A020408102040E032029F2730A337A46EBEBB9F1D8EE6BB37B2BDE346F946F3D9CFD1D7CE2375D367C6F53A8AAFEBB78ED3CFD2BAA3F5A3F9D97ED7E61DAD1FCDAFED73946F34DFF98FE2CEEA73D4C7687E6D9F757DF2D7FBDDB8F3ECD6CFDE1FD5E9FACEFD2E7E34BFB6DFAE4EF2A45EC6B9E67E173F9A4F9EB5D7D9BC5D9F6BEB8FD68FEAA4FF9A27F7BBF8D17CCD371A777512977A19D76BE693A78EEBFAB56327306BC5AC274080000102045E2EF0790253DF90D2D9E88D2971597FB76BF6B7B4EFAC3F7BDF4BEB665DDDCFDEFDA6CEDE79F7CE77973EEBF3CA38FD677CD5EB6C9FB3714B1D923FBFAB8C47F1DDBAE419C56F9D4FFDAE5E777F6BDDB5F157EB73D4CFDAFD9DBD7ED4FF5D9E7BB78FF4DFCDAFF57602B356CC7A020408102040E0E5029F2730E964EB1B52DEAC6ABE8CF7BAD63AC99BFE33EEAE89CFFA8CBBF5B99FF5191F7D4D5FA3BAA3F9A579D6EE27796BDCA89FBAFEE8F15DFA8C43FA8D63C699BFCA357DADED73366EE9BE6BFEA571D947B77E366F97AFDE9FCD9FB8E41BED23EB66AFA9B7B64EE252776D7CE246D75A27EB47F566E3927FF69ABAA3FE6AFEC4E5FEDAF8C42DBDD67A4BE38E5AE704E628597909102040800081C3047E3981A96F58198FDEEC96AEDB6B275D3FA33E46F3A3FEB6C68FF267FEAC3AA9377B9D7D0EB3F566E3EED2E75D9EFB6C9FB371B3CF3DF56A7CEE77BF8BBAFEE8F16C3FB371B3FB99AD371B37DB67F75C477D7471B37D8CE246FD74F1B3715DBEA5F7ABCFA88FCC2FCDBF769D1398B562D6132040800001022F17F83C81C99B52DEB046E3745ED7E5FE55AFD9DF6C7F5BE367EB8EE2EEF61CBAFDDC651F47F579D5DF577D5EB37DCEC6D5FAA3715767F4DC46F3A3BA67CDEBF32CE96BD539FBB96FAD37FAEFE1565D27305B05C513204080000102A70B7C9EC0746F4AE968349F37B5ACAFD72EBE8BEBD627EFDAB8E45B1B977A57BF9EBDBFD97AB371B3FEB3F566E3CEEE33F5CEFA5DCFBACCC6657F675DEFD2673CBAE79EF9EC27E3575DCFEA33FBEDEA65FE550E7BD5EDF697FC7BED3379BA7A994FDDB3AF4E60CE16578F000102040810D82CF0ED23C3F7CD592420408000010204089C28E004E6446CA5081020408000817D043EFF0626E966FFAD6B362E75975EBB3A357EE9BFCD25DFD2F5B5CED271EAD4F5B56EB76E1457E767C75DFDABF4B9B4BFBAFFD9B89AC79800010204AE21E004E61ACF4117040810204080C00A81CF13987CA1D62FEDE4EAE6BBFBA3B8CCCF5EBB3E97E64BDF4BD7CFAE4B9DB5FDAE5D3FDB5FE2AEDEE7A8BF6EBEBBBF75DF89772540800081D7083881798DBBAA040810204080C00681CF1398BDBFF8F3E5BBA1B7DF8676F947FB485CD665FCDB621393C99B3A13294E09B94B9F7B3B66DFA7202B4280000102BB0B3881D99D5442020408102040E06881CF13985AA87EA12EFD024E5CD6675CF3CF8E93B78B4FBDBAAEBBDFE5D9EB7EEAD67CB5BF3A3F1B57F32C1DCFD69B8D5BDA57B7AED61D79264FE2B23EE3CCBB12204080C03D049CC0DCE339E992000102040810F81F815F4E60F2459A2FD4FF59FBDBFF381BF7DBA4074CA6CF9A3AF7D7EEBBE6A9E32EDFA85E1757F3EF35EEEA5DADCF513F9DC76C5C97CF7D0204081078AD801398D7FAAB4E8000010204084C087C9EC06CFD42EDBEE0277AFA6DC86C9F5D7FB3F97EDBA4C9DD05B63EA7EEF9EFDEA88404081020708A80139853981521408000010204F614F83C8149D27CE9665CAFF54B36E32E2EF335CFEC38F9CEAAA7CFBF66090E89EB9E7B8AE5F751C75D5C5D9F385702040810B8B68013986B3F1FDD112040800001025F087CFBB8F7FD8BFB6E11204080000102042E2BE004E6B28F46630408102040804027E005A693719F000102040810B8AC801798CB3E1A8D112040800001029D8017984EC67D020408102040E0B2025E602EFB68344680000102040874025E603A19F709102040800081CB0A7881B9ECA3D118010204081020D0097881E964DC274080000102042E2BE005E6B28F46630408102040804027E005A693719F000102040810B8AC801798CB3E1A8D112040800001029D8017984EC67D020408102040E0B2025E602EFB68344680000102040874025E603A19F709102040800081CB0A7881B9ECA3D118010204081020D0097881E964DC274080000102042E2BE005E6B28F46630408102040804027F06737F1EFBFFFF3CFD47FFFF557B7E4A7FB59FFD3CD8F4117DFAD4F7C1797F92EFEA8B8D47DD535FBEDF697F9AEBF2EAE5BBFF67E577F543771A3756BFBE9D6A75E9DAFF5BB75A3B83ABF74BCB55E175FF7B5B49FD1BAD97AB371A37E96CEA7FEC825EB6ADE515C5DBF76BCB6EEDAF56BFBE9D62FADDBADAB798F72EDEAD77ADDBAA3FA9CAD371B57F7B176DCD5AD8EC9DBADCF7C1797F9A55727304BA5AC234080000102042E23F079029337A6EECDA89BEFEE6787A3F9B3EA8DFA18CD673F675FD3D7D2BA6B3D97E6EDD6A5BFAEEE28AE9BDFFBFE6C9F6BF735DBF7A84EFAAFF973BF8B1FCDD77CA3F1285F37DFDD4FBDD17CD6CD5E937F149F756779A69F51DDACCB75B47E349F3C6BAFB3793BCFB5F597AEBF7A9F238FF45FF73B1B57F32C1DA78FAEEE687E366E697F4E60964A59478000010204085C46E0F304266F4A79A34A8719673EF773EDEE67FEECEBDA7EB2BFA57D66FDDA3A4BF3675DAD9371E65F7D4D3FB30E894B9EA3F693FCA977549DA3F25EADFFBD1DB3BFB3FCB6D63B6AFF7BE7DDDB336E4FEF33FBAC7E67ED3BF5D7D69B8DABFB5C3A4EBDA5EB8F5AE704E628597909102040800081C3043E4F6052216F7E79C3CA38F3A36BE2B26E6D7CE28EBEA6CFF497F1A86ED68FD6CDCEA78FA3EBCCF657E3D26FBD7FB5FE67FB9C8DAB1E6BC7A93B72CC7CD6AFADB3757DAD9B7E46791397F5198FE296CE275FF22F8D7BD5BAF45BEB77FDE77E1757F3EC35EEEAA59FAECE6C5C976F747F6DBDA5FD8FD68DFAEAE6D3EFDAFC89EBF2EE7D3FF5D267C67BD7599ACF09CC5229EB08102040800081CB08FC720253DFA832CE1B57D7F9D2755DFC59F7B7F6B9357EE93E53A7AECFFDD1F3A871478DBB3E9ED267B7BFA33C67DDBA3E936FEF7E93B7ABDBD59B8DEBF28DEEA75E5D97FB6BFBAF79F61A777D8CFA1CC5EDD55FF28CEA75F3DDFDE4DDFBDAD51B79EEDDC728DFD67EEA3EB7E6EBFA3D2A6F576FE97D27304BA5AC234080000102042E23F0790253DFB046E3ECA0AECBFD575D47FDD437D6B57D6E8D1FD5EBF28FF635CA6BFEBD048EFABD6CCDDBFDBEF77E3A5D9DADFD6F8DDF7B9F35DFD5FBABFD5E657C17B757F5D9FDF7E9D5CFCF09CCAB9F80FA040810204080C06A816F1F11DFBF8A5AFAA697755FE5F8DF7BF50D6E1457D7FF6FAE1FFFB98B3F2AAED63F7B9CFD76FBCB7CD75717D7AD5F7ABFAB3BAA371BB7B4AFBA6E6DBD6E7DCD3BDA675D3F1AA7EED2BC595FF32E8DAF71A37157AFC675F5BBF86E7DCDBB759CFAA37A5957EB8DE2EAFAA5E3B5F5D6AE5FDAC768DDDABADDFA5A676FD7AEEEA8CE6C5CDDCFD271EA8DFAAAF91257EFAFCD53E3BBF1DA7ADDFAE4DFAB4F27301175254080000102046E23D09EC0DC66071A25408000010204DE4EC009CCDB3D721B264080000102F717F8FCBF42CA56BA7FBB1AFD9BD56C5CEABA1220408000010204960A3881592A651D010204081020701981CF13989CA074272DDD7C773F3B1CCD679D2B0102040810204060A9801398A552D6112040800001029711F83C81E93ACA094A37DFDD9F8DEBF2B94F800001020408108880139848B812204080000102B711684F60728292BF89C978B4B3AC5B1B37CA6B9E00010204081020100127309170254080000102046E23F0CB094C3D4159BA93D9B8A5F9AD234080000102040844C0094C245C09102040800081DB08FC720293BF5D59BB83D9B8B575AC27408000010204083881F11B204080000102046E27F0CBFF1A75FE96A5EE6474C2321B57EB18132040800001020446024E604642E609102040800081CB09FC720273B90E35448000010204081028024E600A8821010204081020707D012F30D77F463A244080000102048A8017980262488000010204085C5FC00BCCF59F910E0910204080008122E005A6801812204080000102D717F00273FD67A443020408102040A0087881292086040810204080C0F505BCC05CFF19E99000010204081028025E600A8821010204081020707D012F30D77F463A244080000102048A8017980262488000010204085C5FC00BCCF59F910E0910204080008122E005A6801812204080000102D717F00273FD67A443020408102040A0087881292086040810204080C0F505BCC05CFF19E99000010204081028025E600A8821010204081020707D813FBB16FFFDF77FFE99FAEFBFFEEA96FC743FEB7FBAF93118C5DF3D2EFB1DED33EB5C09102040800081ED024E60B61BCA408000010204089C2CF07902939390EE24A19BEFEE671FDD7C77FF6E71E9D795000102040810384FC009CC79D62A112040800001023B097C9EC0E4E4252723C99F71E6733FD7EE7EE6D75E53EFEA716BFBB39E000102040810D84FC009CC7E96321120408000010227097C9EC0A45E4E5472129271E647D7C465DDD2F8C4657DC6C9D35DB3EEACB8AE0FF709102040800081F3049CC09C67AD12010204081020B093C02F273039D148FE8C73C291FBF5BA74DD5DE3BABE737FE49375AE040810204080C076012730DB0D65204080000102044E16F83C81A92728A371FAACEB727FE975F6E4E2ECB8BA9FD4CFFEEBBC31010204081020709C801398E36C65264080000102040E12F8F691F7FB57B973B2909386AFD6FCB89775DD7CEE7779BAF86E7DF25D252EFD8CFACD3A5702040810204060BB801398ED863210204080000102270BB4273027F7A11C0102040810204060B1801398C5541612204080000102571168FFAF906A83F99B93EE6F3D325FE346EBB7CEAFAD57D7D771EDA7DB57E2EAFADCDFEB9AFA47D749BF67D74B5D570204081020B046C009CC1A2D6B091020408000814B087C9EC0A49BFA059E71E6BB6B4E08B23EE36EFDD6FBC9BFB65EE2D6D6EFE2D6D65F5A377997AEDFBAEEEC7A5BFB154F80000102EF2DE004E6BD9FBFDD1320408000815B0AFC72029393867C91D7F1DEBBAC75F6CE7FD77C47BB5797B3EBD5FAC60408102040608D801398355AD6122040800001029710F8E504E6ECAEEA977FC647F591139F9AFFE8BAB59E31010204081020302FE00466DE4E24010204081020F02281F604E6EC1389D4EB4E48F6F2499DBDF2C9438000010204089C2FE004E67C7315091020408000818D02977B81F97142E29464E353154E80000102041E2E70B91798877BDB1E010204081020B08340FB37306B73D7BF5DC9F8A8D394E44F9F198FEA655DE2EAB58BEFE2BAF535EFDA71AD97F1D27AB3EBD3E7DAF8C4B912204080008133049CC09CA1AC06010204081020B0ABC0B78F6CDF77CD281901020408102040E06001273007034B4F800001020408EC2FF0CBDFC0CCFEED43E26A8B4BFF66A3C61913204080000102043A0127309D8CFB040810204080C06505DABF81C989CAE80465B46E347F59198D112040800001029715700273D947A331020408102040A013684F6012307B82321B97BAAE04081020408000814EC0094C27E33E010204081020705981E1094C3A5F7AA2B2745DF2BA1220408000010204D60A3881592B663D010204081020F072815FFEFF03533B72A252458C09102040800081570B388179F513509F000102040810582DD0FE0D8C9397D596020810204080008193049CC09C04AD0C010204081020B09FC02F7F03B3F5E4656BFC7E5B938900010204081078AA801398A73E59FB2240800001020F1668FF06E6C17BB635020408102040E0E6024E606EFE00B54F8000010204DE51A0FD1B988AB1F47F957A69DCE86F65BAF9EE7EEA8EE6F75ED7D5CBFDD4ABD7BD3D6B7E630204081020F0640127304F7EBAF64680000102041E2AF07902931383EE64A09BEFEEC76BED7CD627BEBB665DFACDB85B9FFB5957E332CEBABDAE5DDEDA47EA75F797CE679D2B010204081078B2801398273F5D7B2340800001020F15F83C8119EDAF3B4918C58DE693B79E3C64DCC5AF8D4BBEC4256FC6DD7CD68DE6B3EEE86BFA1DD5B94ABFA33ECD13204080008119012730336A6208102040800081970A2C3E8179699717289E938FA34F366A9DBAF5CCD7FB75BC745D8D33264080000102771070027387A7A447020408102040E02781CB9CC0CC9E18AC8DCB09CA4F0A2B06A9B735CFA864EAD475A9DBCD67FDD27559EF4A8000010204EE24E004E64E4F4BAF040810204080C03F028B4F609EF245DF9D5C647F4B7F17C9B3366E943FF9927FB4BE9BDF1ADFE5759F00010204085C41C009CC159E821E0810204080008155029F2730F962CF0940CD92F9EEFEDAB89AE7A9E3B52E715E1BF7543FFB2240800001025F093881F94AC53D020408102040E0D202DF3EBAFB7EE90E35478000010204081028024E600A8821010204081020707D81CFBF81D9ABD5FCED46FE9663AFBCF23C5360E9EF25EB3A85EEF776545CFAA87553AFDECFFA6E3EF7B3AE5EBB7C75DDD271EACDE64D7CADD7E5CBFAB5F389AB75EA789477E9FABACE980081EB0A3881B9EEB3D119010204081020D008EC7602932FA57C09D57153DFED3715A8BF8F3AEE58F2FBAAF3A3F8BDE36AFDBDC6B37DEE557F699EF439725F9A6FB42EF546EB323FEA6B349F3CAE04085C57C009CC759F8DCE081020408000814660F3094CF725932FA66EBEE9C7ED170B1CFDBCBAFC4FFBBD74FB7CF1E37D79F9ABB8E4F7F672100D1020302DE004669A4E20010204081020F02A81CD2730AF6A5CDD6304AEFE659A2FF8BAFB51DF67C7A59FD4CDB8F6FD6EE338AC75C9FAEA957CDDFDB571358F310102D715700273DD67A333020408102040A011D8ED04A6FBD269EABA7D51813CC7EECB76AFB653676DBED9BECE8ECBBE527776BFC9F3B4EB5A97AC5FEBD0C5E57974F36BEB584F80C0F9024E60CE375791000102040810D828B0DB094CF725932F9D8D7D0A3F49A07B8E7B97EFEA3CF5F792FD3E757FB3BF8FA35CE29CFCB3FD892340E0BA024E60AEFB6C74468000010204083402BB9DC034F9DD26706B817CC9779BD8FB0BBFABB7779DECA7AB97F9AE6E8DCBB85B9F7CB3D7E4EFE26BDD8CBBB8CC77F9DC2740E0FA024E60AEFF8C744880000102040814816F1FE3EFE59E2101020408102040E0D2024E602EFD7834478000010204087C25B0F96F60BA7F634EB1BDFFAD7954AFAB9BB8AE9F6E3EF793B7BB7679BBF5EF7A7FE4D939CEC6C5B98B1FD55B3BDFD5491FB9767933BFF49A7AB3F9125FEB75F9B27EED7CE26A9D3A1EE55DBABEAE332640E079024E609EF74CED8800010204083C5E60F3094C84465F4EDD7CE267AF47E54D3F5DFEA55F94C9E3FAB3C0C8B59BEFEEE77974F3B93F5AF77397EB47A993C8A3EBA5CEEC35FD9ED567EA2DED77D4D7687E691DEB0810B89F801398FB3D331D132040800081B717D8ED04E62E92BED87EFFA4F8FCECC3E3678F8CAEE2B2F64427FDBB1220707F012730F77F8676408000010204DE4E60B713987C9155C1AB7D21A59FF49B71EDFB5DC76779C4BF3A8FEACFC6D53A4BC7E92775335E1AFFD4757158EB92F5D525F9BAFB6BE36A1E6302049E27E004E679CFD48E0810204080C0E305763B81E9BEA0AE2A987EBB2FBBABF67D745FF188CF51F566F327EEAC3EB3FF5A37F7DFFDBAD625EBD7BA757167FF0ED6F66D3D0102C709388139CE5666020408102040E02081DD4E600EEAEFF0B4F9B2CB97DCE1052F5E201E176FF38FF499E796F1D17DA74EEA1E5DEF2EF98F728973F2DFC5439F04081C2FE004E6786315081020408000819D056E7F02932FB4EAB2D7175B97BFD6337E8D409E739E53C6B59BCCE77EC6DDFAACBBCB35FBE9FAEDF659E332EED677F997DE4FFE6E7DAD9B711797F92E9FFB04083C57C009CC739FAD9D112040800081C70A7CFBD8D9F7C7EECEC608102040800081470A388179E463B5290204081020F06C81CD7F03D3FDDB74D8F6FE37EAD4EBF28EE6D397EB6B04F27CBAEAA3E7DAC5E57E8D4FBD7A3FEBBB6BE2BAF9DCAF79CF8E4B1F6BAFE9B3F6BF344FE2EBFA2E5FD6AF9D4F5CAD53C75DDEBA6E344EBD2EDF687E94DF3C0102FB093881D9CF5226020408102040E02481CD2730E9D3174B245C9708CCFE5EBAB8253567D6ACAD57D7AFFD62AFF1333D9F11933ED7EE6FB6B7D49B8D174780C0F3049CC03CEF99DA11010204081078BCC06D5F607E7CF9E5EBEFF14FE9C40D723D11FB0D4BDDE5F775973EDFF02764CB043E056EFB02F3B903FF81000102040810783B81DDFE06E66CB9FC9B784E61323EBB8FA7D5BBBA639E77753FAAEFA7D7AB8E478FF39CE29AF1A86ED6D7754BE36BDC689CBCA99BF128CE3C0102E709388139CF5A25020408102040602781DB9EC064FFF932CA9752EEBBCE09C431AE73598E8B3ABBAFA7D73BEE49FD3E735CF37BFBFDEA3F3EFFD7C747EBF69E5FDBE7DEF5E52340A0177002D3DB98214080000102042E2A70FB1398B8FA528AC4B66B1CB765114D6099407E6F4B4F629665DD7FD55DFADC7FE73212B8AE801398EB3E1B9D112040800001028DC06E2730DD1754BE5C9AFA6EBFA9C0ECEFA58B0B63F77B3B3B2EFDACBDCEF6B9B64ED6CFD6AB711977FEA9377B4DFE2EFEA8BA5D3DF7091078BD801398D73F031D102040800001022B05BE7DACFFBE32C67202040810204080C04B059CC0BC945F710204081020406046E0767F03937F0BEFFECD7B343F8324667F813CA79A79F6B926DF287E6DBDBABE8E6BBDF451D7655CD7E7FE282EEBBAF8CC2FBD8EEA75754671A95FE367E392AF8BAF7546EB333F1B378ACFFCD26BF6D5F533CA93F8BAAECB97F56BE71357EBD47197B7AE1B8D53AFCB379A1FE537FF0C012730CF788E76418000010204DE4A60B71398BC297B337EABDFCFF466CFFABD8C7E8FA3F9F4B976A35D5C57AFAEEFD6ADED63B4BED6CDFA51FD2E2EF1DD756DDCA88FD17C576F36AEDBD7ABEE677FA3FDECD55FEAED954F1E025B049CC06CD1134B800001020408BC4460B71398B3BB3FEB8BE3EC7DBDBADED55DF7EECF17E5AB7F71EABF4260EFFF1E1DB587BBF479D4FEE5FDBD801398DFFB98254080000102042E2870DB13987C397B43DFF75715D77DB3EE972DFD2D7DEE757DED24F3F57EC6A99371AE47C525FF59D7B3F7375B6FD663B6DE6CDC6C9F67C7E5F79B7D663CEA23EBEBBAA5F1356E344EDED4CD781467FE3D049CC0BCC773B64B0204081020F02881DB9EC0E429E48D3C6FE8B9EF3A2710C7B8CE65393E2AFDA5DF51C5ACAFEB12DFCD77F76B9E3A4EDC287F8D3B7B9C3E6BDD51DF5D5CCD53C7B37135CFD271EA8DF653F325AEDE7FDA38FB8CCF687F593F5AB7F77CEA2EED73EFFAF25D53C009CC359F8BAE08102040800081DF08DCFE04267BF3861E896DD7386ECB725E74FAEDBECC723FEBCEEBECFF2AA5EEABFB387BDF57ABE739FCFE89549FDFAF7EDDEC5DFA7C9DD07B557602F35ECFDB6E0910204080C02304763B81C917665432CE1B73EEBB12F82190DF473432DEFBF7927CC99F7AB9663EE37AEDE2B26E145FD725DFD2B8C41F754D3F35FFA8BF2E2E7946F15937BA264F572FF3A33C99CFFAE4CB38F3B9663EE37AEDE2EABAA5E3D97A352EE3BDFBCB3E923FE37A3DAA6EAD634CE087801318BF03020408102040E07602DF3E3AFE7EBBAE354C800001020408BCB5801398B77EFC364F8000010204EE29B0F96F6046FF261A96BDFE6D34F5BA7CA3F9F4E3FA1A813C9F51F5FA7C4771757DCDDFC57771DDFA9AB78BAFEB46E3D49BCD97F85AA7CB97F56BE71357EBD47197B7AE1B8D53AFCB379A1FE5374F80C07D059CC0DCF7D9E99C0001020408BCADC0E61398C8755F48997725F0BF02B3BF972E6EF4259EB8D1BAF498F5192F8DCBFAB3AFE9F7AC3E53EFEC7DAA4780008108388189842B010204081020701B81DBBEC0FCF8D2CCD7E66DB46FD028D71B3CA41D5BBCCBF3BE4B9F3B3E1AA908101808DCF60566B02FD3040810204080C0830576FB1B98EE34E4A87F2B4FDED4CDF8C1CFEA94AD9DE598E756377556FD5AF75DC7F1CEF3C878E491F575DDD2F81A371A276FEA663C8A334F80C073059CC03CF7D9DA19010204081078ACC06E2730AFFA224ADD7C993DF6499DB4B138C6F5A8B247E73FAAEFA7E6CDF3C8F31FED33EB47EBF69E4FDDA57DEE5D5F3E0204AE23E004E63ACF4227040810204080C04281DD4E6016D63B6C992FB37D68E3B84F3659EE2690E77FF5138EBBF479B7E7AF5F027712700273A7A7A557020408102040E01F81DD4E60465F6CF962E24EE087C0ECEFA58B1BFDBE6A5CC6A3B8B39F56FAEAEA76FDD6B88CBBF55DFEA5F793BF5B7F54DDAE9EFB0408BC9F801398F77BE6764C80000102046E2FF0ED6307DF6FBF0B1B20408000010204DE4AC009CC5B3D6E9B254080000102CF10D8FC3730A37F0B0FD3DEFF26DED5EDEA74EBD35FAE357E1457D7278FEBD70223CF4475AE5DFC68FDDAF9AECEA8BFCCCF5EBBBAA3FE47F56A7C572779EAFADCCFB58BEFE2B27EEB7CEAD76B97B7AE332640E039024E609EF32CED840001020408BC8DC0E61398489DF50534FB2557FB1BE5C9BE72ADF1B9BF364FE2DEFDDA798E5C1277967BEAD5BEF6AE3FCAD7CDD7FEBA75B5FF8C6B7CEE8FF2246EB42EF966AF47E79FED4B1C0102AF177002F3FA67A00302040810204060A5C06E27302BEB1EB63C5F8687157878E2A77EF1DE7D5F4FF95DDFFD393CFCBFFEB647E056024E606EF5B8344B800001020408FC10D8ED04265F569575EF2FC7E43BAB5EF67376BDD43DFB1ADFA3EB9EED997DA56EC647EF7369FEF493FE6A5CE6EBFDADE3B3EB651FA99BF1D67D882740E0FD049CC0BCDF33B7630204081020707B81DD4E60CEFE92EAEA1DF565977A47E5BFCA2FE9ACFDC5F3EC7DA76EF67976FD51BDF457D7A5DF6EBEAE5F3A4EBEA3F2777DD4BADDBAEE7EFACD7CF265EC4A80C0F3059CC03CFF19DB210102040810789CC06E273067C9E4CBEB555F5CA9FBEA3E8EF2CEFE8ECA7F95BCD9679EE3ABFB4A1FE9EBEC7E52F7EC3E6ADDA5FB9E8D5B9ADF3A0204AE2FE004E6FACF48870408102040804011B8DD09CCE8CB2BF3659FBB0F53E7EC2FD6DD3772B384F14EDB19E779E4FE5ED7E4AFF9F6AE977C67D5ABFBC9B8F69171E673AD7D66DCAD4FDCDA6BF225FFDA78EB091078AE801398E73E5B3B2340800001028F15F8F6B1B3EF8FDD9D8D112040800001028F147002F3C8C76A530408102040E0D9029BFF0666F46FD3F937EC6733DADD5281D9DF4BE2BADF53379FFBA3FE6ADEABC5D5FE46FB593ADFEDB3ABD7ADAFF5BAF8AC4B9EA5EB12D75D6B9E51FEA5F3B55EAD53E78D0910384FC009CC79D62A112040800001023B096C3E81491FDD97C9E84B27F1AEEF2570F6EFA5AB3752BF4ADCDEFF3D1AE5EBE6AB47B7AE73ADEBEBB8C66DAD57F38DC6A37E46F3A3FCE60910D84FC009CC7E9632112040800001022709EC76027352BFCA1C2CE00BF360E09BA4AF271F5BDBEE7E57A9D3CD6FADBB777CFADD3BAF7C0408AC177002B3DE4C04010204081020F06281DD4E60F20555F7E38BA58A5C7B7CD6F33AFBF7325BEF2E716B7F5579CEB3FB5B5BEF2EEBB9DCE549E993C01F7F3881F12B204080000102046E27B0DB094CBE5CAA40BEF0BAF9BADEF8B502673DAFEEF77054FDAEDE48FB55714739D4FD76FB3BAA7EF2D63EAE363EDBE56AFBD70F813B083881B9C353D223010204081020F093C06E27303F6535B8AD40F7E579DB0DDDB4F13C879C5864BCD7768ECA3BEAAFDB47FA19C51F3D9F3EBA3E8FAE2F3F0102CB059CC02CB7B292000102040810B888C06E2730F972A9FBF22553458C7F08ACFDBDE477B436EE55DA5D9FE927FBC9B8BB665DF265DCAD5F7A3F7992B7C665BEDEBFCB38FDAFDDDF6CDC5D5CF449E049024E609EF434ED850001020408BC89C0B78F7D7E7F93BDDA26010204081020F0100127300F7990B6418000010204DE4960F3DFC0E4DF98F36FC7156F345FD71BBF87407E1775B77BFF8EBA3A4BEB665DF274FDD57519D7EB28BEAE5F3A4E7F75FDA8DEDAB86E7DEA76F546715DFCD6B8513FDD7CFA712540E0BA024E60AEFB6C744680000102040834029B4F609ABC6E13F852205FD4DD97EF68FECBA40B6E76F546A1B59F3AEEE2BB7A4BE3BBBCF5FE285F37DFDD4FFED1FCECFEBAB8D4EDAEB3715D3EF70910B8BF801398FB3F433B2040800001026F27E004E6ED1EF9EF373CFAF2FE7DF4F6D9AB7C69770EE9AF9BDF2EB06F86F4BB36EB6CDCDA3A47AFBFCB733ADA417E024F147002F3C4A76A4F0408102040E0E102BB9DC0E44BE7E15E8FDFDE53BEBCEB83EA7E9F47EDF7AC7AE9FFAC7A719DAD77765CF5C938FB702540E0BE024E60EEFBEC744E8000010204DE5660B71398EECBA6FBE27A5BF18B6F3CCFAB7B9E176FBF6D6F763FF168133713A997F88C9BE59B6F77F98FAA9F7A6BF3276EED8667E35227F1E937F75D0910B8AF801398FB3E3B9D132040800081B715D8ED04E66D051FB6F17CA9BE6A5BF9427E751FD97FD747FACCBAEE9AF8ACCFB85BBFF6FEABF3663F47F5B1D663B4BEF63B5A6F9E0081EB0A3881B9EEB3D119010204081020D00838816960DC3E4660F4059CF9AE7ABEF4BBF92E7E36AEABB3F67EFA4A1F19AFCD53D7274FF276F3DDFDB571354FC6B58F8C339F6B572FF37BC725AF2B0102CF137002F3BC676A470408102040E0F102DF3E76F8FDF1BBB441020408102040E051024E601EF5386D860001020408BC87C06E7F03D3FDDB76F76FDAEFC16B975520BF93EE77D1CDE77ECD57C7356FE2EAFD1A57C789ABF7335E9B2F71AE04081020B08F8013987D1C65214080000102044E14D87C02932FD5EE8B74347FE25E957A8040F73B3B6A6B5D3DBFEBA3C4E5254080C032012730CB9CAC224080000102042E24B0F904C617EA859EE60EAD3859D801510A02040810385CC009CCE1C40A102040800001027B0B6C3E81A90DF982AF22F71A77276A7BEF22BF93B579BBB8A3FA3EBBDE5A0FEB091020F0AE024E60DEF5C9DB370102040810B8B1C0EE273037B6D0FA87404E1C8E3AD10872973FF5B3AE5EBBB8BA6EAFF1D9F5F6EA5B1E0204083C5DC009CCD39FB0FD112040800081070AEC7E02E38BF5DEBF12CFEFDECF4FF70408107817012730EFF2A4ED9300010204083C4860F71398FC0D832FF907FD4A2EB495FCBEBA96BADFDD6C5C57C77D0204081078AD801398D7FAAB4E8000010204084C087CFB88F93E11278400010204081020F0320127302FA357980001020408109815D8ED6F60BABF31E8FE2661B66171CF1058FB7BC9FAEEF7B474BEEA8DF2D5F575DCC5D775C604081020B0AF8013987D3D65234080000102044E10D87C02B3F4CBD797EA094FF306255EF57BC9EF6F543F84599FF1D2B8AC77254080008163059CC01CEB2B3B01020408102070808017980350EF9CF2C749434E1BEEBC0FBD13204080C0B305BCC03CFBF9DA1D010204081078A4C0E6BF8179A4CA1B6FAAFEEDC71B53D83A010204085C58C009CC851F8ED608102040800081AF05767F81F137145F43DFE5EED9CFEFEC7A77790EFA2440800081DF0BECFE02F3FB72660910204080000102DB0576FF1B98FC0D45FE2F5932DEDEAA0C67089CFDBC52CFEFE58CA7AB060102049E23E004E639CFD24E0810204080C0DB08ECF6BF469D2FE8C8F9B28E84EB5702B3BF971A97DCF9BD655CAFB371C993F8519DAC77254080008163059CC01CEB2B3B0102040810207080C06E273007F4262501020408102040E04B0127305FB2B8498000010204085C59C00BCC959F8EDE081020408000812F05BCC07CC9E2260102040810207065012F30577E3A7A23408000010204BE14F002F3258B9B040810204080C09505BCC05CF9E9E88D000102040810F852C00BCC972C6E122040800001025716F00273E5A7A337020408102040E04B012F305FB2B8498000010204085C59C00BCC959F8EDE081020408000812F05BCC07CC9E2260102040810207065012F30577E3A7A23408000010204BE14F002F3258B9B040810204080C09505BCC05CF9E9E88D000102040810F852C00BCC972C6E122040800001025716F00273E5A7A337020408102040E04B012F305FB2B8498000010204085C59E0CF34F7EFBFFF93FFF8E5F5BFFFFAEBCBFBA3B804D5F8515C5D9F3C89DB3A9F7CF5DAE5ADEB968ED36F5D3FAAB3362EEBBBBCDD7C773FFD8EE6F75ED7D5CBFDD4ABD76EDF59D7C52F8D1BAD4B1D57020408103847C009CC39CEAA102040800001023B0A7C9EC02467F7A5992FD86EBEBB9FBCDDB58B1BD5EBF275F7F7CED7D5C9FD51BD6EBEBB3F9B37F912DF5DB32ECF23E36E7DEE675D8DCB38EBF6BA76796B1FA9D7DD5F3A9F7AA33C5DBE1A57C78973254080008175024E60D679594D8000010204085C40E09713980BF4F4162DE4CB7EEFCD266FFDD2CFB8ABB7362EF91297BC1977F359379ACFBAA3AFE9775427EB467D77EB4671A3FAE609102040E0670127303F7B18112040800001023710D8ED04265F9875CFF922ADF7339E8D4BBCEB3D05F2BBC8F3CF78EFDD246FEAD4FC99AFF7BB71D6275FC6595FEF8FC68973254080008175024E60D679594D8000010204085C4060B71398FA25BA746F5D5CFD725D9A6FEDBAD4495CD74FE6EF729DDDC7DAB8EAB7D627F5B6E619D54D9DBA2E75BBF9B5EB93A7E6ADE39AD79800010204D609388159E76535010204081020700181DD4E602EB097A916EA17F3549289A0A77C91C7AF12647FF57E374E9EB5715DBEDC4FBEE4CFFDB5D7A579EABAD1786D1FD613204080C0FF093881F14B204080000102046E27F0CB094CBE18EB4E465FB05D5CF274F15D5CB73EF7F78E4B9F7B5D8FEA3379F7EAF36E79F67EEE23CFD41BAD8B635D371A27CE9500010204D609388159E765350102040810207001816F1F3D7CBF401F5A20408000010204082C167002B398CA42020408102040E02A02FF1FD8D3C161E471BF800000000049454E44AE426082», «class BMP »:«data BMP 424D8A200D00000000008A0000007C0000003002000080FEFFFF010020000300000000200D00000000000000000000000000000000000000FF0000FF0000FF000000000000FF4247527300000000000000000000000000000000000000000000000000000000000000000000000000000000000000000000000000000000000000000000000000000000000000FF000000FF000000FF000000FF000000FF000000FFA9F922FFA9F922FFA9F922FFA9F922FFA9F922FFA9F922FF000000FF000000FF000000FF000000FF000000FF000000FF000000FF000000FFA9F922FFA9F922FFA9F922FFA9F922FFA9F922FFA9F922FF000000FF000000FF000000FF000000FF000000FF000000FF000000FF000000FF000000FF000000FF000000FF000000FF000000FF000000FF000000FF000000FF000000FF000000FF000000FF000000FF000000FF000000FFA9F922FFA9F922FFA9F922FFA9F922FFA9F922FFA9F922FF000000FF000000FF000000FF000000FFA9F922FFA9F922FFA9F922FFA9F922FFA9F922FFA9F922FFA9F922FFA9F922FFA9F922FFA9F922FF000000FF000000FF000000FF000000FF000000FF000000FF000000FF000000FF000000FF000000FF000000FF000000FF000000FF000000FF000000FF000000FF000000FF000000FFA9F922FFA9F922FFA9F922FFA9F922FFA9F922FFA9F922FFA9F922FFA9F922FFA9F922FFA9F922FF000000FF000000FF000000FF000000FF000000FF000000FFA9F922FFA9F922FFA9F922FFA9F922FFA9F922FFA9F922FF000000FF000000FF000000FF000000FF000000FF000000FF000000FF000000FF000000FF000000FF000000FF000000FF000000FF000000FF000000FF000000FF000000FF000000FF000000FF000000FF000000FF000000FFA9F922FFA9F922FFA9F922FFA9F922FFA9F922FFA9F922FF000000FF000000FF000000FF000000FF000000FF000000FF000000FF000000FFA9F922FFA9F922FFA9F922FFA9F922FFA9F922FFA9F922FF000000FF000000FF000000FF000000FF000000FF000000FF000000FF000000FF000000FF000000FF000000FF000000FF000000FF000000FF000000FF000000FF000000FF000000FF000000FF000000FF000000FF000000FF000000FF000000FF000000FF000000FFA9F922FFA9F922FF000000FF000000FF000000FF000000FF000000FF000000FF000000FF000000FF000000FF000000FFA9F922FFA9F922FFA9F922FFA9F922FFA9F922FFA9F922FF000000FF000000FF000000FF000000FF000000FF000000FF000000FF000000FF000000FF000000FF000000FF000000FF000000FF000000FF000000FF000000FF000000FF000000FF000000FF000000FF000000FF000000FF000000FF000000FF000000FF000000FF000000FF000000FF000000FF000000FF000000FF000000FF000000FF000000FF000000FF000000FF000000FF000000FF000000FF000000FF000000FF000000FF000000FF000000FF000000FF000000FF000000FF000000FF000000FF000000FF000000FF000000FF000000FF000000FF000000FF000000FF000000FF000000FF000000FF000000FF000000FF000000FF000000FF000000FF000000FF000000FF000000FF000000FF000000FF000000FF000000FF000000FF000000FF000000FF000000FF000000FF000000FF000000FF000000FF000000FF000000FF000000FF000000FF000000FF000000FF000000FF000000FF000000FF000000FF000000FF000000FF000000FF000000FF000000FF000000FF000000FF000000FF000000FF000000FF000000FF000000FF000000FF000000FF000000FF000000FF000000FF000000FF000000FF000000FF000000FF000000FF000000FF000000FF000000FF000000FF000000FF000000FF000000FF000000FF000000FF000000FF000000FF000000FF000000FF000000FF000000FF000000FF000000FF000000FF000000FF000000FF000000FF000000FF000000FF000000FF000000FF000000FF000000FF000000FF000000FF000000FF000000FF000000FF000000FF000000FF000000FF000000FF000000FF000000FF000000FF000000FF000000FF000000FF000000FF000000FF000000FF000000FF000000FF000000FF000000FF000000FF000000FF000000FF000000FF000000FF000000FF000000FF000000FF000000FF000000FF000000FF000000FF000000FF000000FF000000FF000000FF000000FF000000FF000000FF000000FF000000FF000000FF000000FF000000FF000000FF000000FF000000FF000000FF000000FF000000FF000000FF000000FF000000FF000000FF000000FF000000FF000000FF000000FF000000FF000000FF000000FF000000FF000000FF000000FF000000FF000000FF000000FF000000FF000000FF000000FF000000FF000000FF000000FF000000FF000000FF000000FF000000FF000000FF000000FF000000FF000000FF000000FF000000FF000000FF000000FF000000FF000000FF000000FF000000FF000000FF000000FF000000FF000000FF000000FF000000FF000000FF000000FF000000FF000000FF000000FF000000FF000000FF000000FF000000FF000000FF000000FF000000FF000000FF000000FF000000FF000000FF000000FF000000FF000000FF000000FF000000FF000000FF000000FF000000FF000000FF000000FF000000FF000000FF000000FF000000FF000000FF000000FF000000FF000000FF000000FF000000FF000000FF000000FF000000FF000000FF000000FF000000FF000000FF000000FF000000FF000000FF000000FF000000FF000000FF000000FF000000FF000000FF000000FF000000FF000000FF000000FF000000FF000000FF000000FF000000FF000000FF000000FF000000FF000000FF000000FF000000FF000000FF000000FF000000FF000000FF000000FF000000FF000000FF000000FF000000FF000000FF000000FF000000FF000000FF000000FF000000FF000000FF000000FF000000FF000000FF000000FF000000FF000000FF000000FF000000FF000000FF000000FF000000FF000000FF000000FF000000FF000000FF000000FF000000FF000000FF000000FF000000FF000000FF000000FF000000FF000000FF000000FF000000FF000000FF000000FF000000FF000000FF000000FF000000FF000000FF000000FF000000FF000000FF000000FF000000FF000000FF000000FF000000FF000000FF000000FF000000FF000000FF000000FF000000FF000000FF000000FF000000FF000000FF000000FF000000FF000000FF000000FFA9F922FFA9F922FFA9F922FFA9F922FFA9F922FFA9F922FF000000FF000000FF000000FF000000FF000000FF000000FF000000FF000000FFA9F922FFA9F922FFA9F922FFA9F922FFA9F922FFA9F922FF000000FF000000FF000000FF000000FF000000FF000000FF000000FF000000FF000000FF000000FF000000FF000000FF000000FF000000FF000000FF000000FF000000FF000000FF000000FF000000FF000000FF000000FFA9F922FFA9F922FFA9F922FFA9F922FFA9F922FFA9F922FF000000FF000000FF000000FF000000FFA9F922FFA9F922FFA9F922FFA9F922FFA9F922FFA9F922FFA9F922FFA9F922FFA9F922FFA9F922FF000000FF000000FF000000FF000000FF000000FF000000FF000000FF000000FF000000FF000000FF000000FF000000FF000000FF000000FF000000FF000000FF000000FF000000FFA9F922FFA9F922FFA9F922FFA9F922FFA9F922FFA9F922FFA9F922FFA9F922FFA9F922FFA9F922FF000000FF000000FF000000FF000000FF000000FF000000FFA9F922FFA9F922FFA9F922FFA9F922FFA9F922FFA9F922FF000000FF000000FF000000FF000000FF000000FF000000FF000000FF000000FF000000FF000000FF000000FF000000FF000000FF000000FF000000FF000000FF000000FF000000FF000000FF000000FF000000FF000000FFA9F922FFA9F922FFA9F922FFA9F922FFA9F922FFA9F922FF000000FF000000FF000000FF000000FF000000FF000000FF000000FF000000FFA9F922FFA9F922FFA9F922FFA9F922FFA9F922FFA9F922FF000000FF000000FF000000FF000000FF000000FF000000FF000000FF000000FF000000FF000000FF000000FF000000FF000000FF000000FF000000FF000000FF000000FF000000FF000000FF000000FF000000FF000000FF000000FF000000FF000000FF000000FFA9F922FFA9F922FF000000FF000000FF000000FF000000FF000000FF000000FF000000FF000000FF000000FF000000FFA9F922FFA9F922FFA9F922FFA9F922FFA9F922FFA9F922FF000000FF000000FF000000FF000000FF000000FF000000FF000000FF000000FF000000FF000000FF000000FF000000FF000000FF000000FF000000FF000000FF000000FF000000FF000000FF000000FF000000FF000000FF000000FF000000FF000000FF000000FF000000FF000000FF000000FF000000FF000000FF000000FF000000FF000000FF000000FF000000FF000000FF000000FF000000FF000000FF000000FF000000FF000000FF000000FF000000FF000000FF000000FF000000FF000000FF000000FF000000FF000000FF000000FF000000FF000000FF000000FF000000FF000000FF000000FF000000FF000000FF000000FF000000FF000000FF000000FF000000FF000000FF000000FF000000FF000000FF000000FF000000FF000000FF000000FF000000FF000000FF000000FF000000FF000000FF000000FF000000FF000000FF000000FF000000FF000000FF000000FF000000FF000000FF000000FF000000FF000000FF000000FF000000FF000000FF000000FF000000FF000000FF000000FF000000FF000000FF000000FF000000FF000000FF000000FF000000FF000000FF000000FF000000FF000000FF000000FF000000FF000000FF000000FF000000FF000000FF000000FF000000FF000000FF000000FF000000FF000000FF000000FF000000FF000000FF000000FF000000FF000000FF000000FF000000FF000000FF000000FF000000FF000000FF000000FF000000FF000000FF000000FF000000FF000000FF000000FF000000FF000000FF000000FF000000FF000000FF000000FF000000FF000000FF000000FF000000FF000000FF000000FF000000FF000000FF000000FF000000FF000000FF000000FF000000FF000000FF000000FF000000FF000000FF000000FF000000FF000000FF000000FF000000FF000000FF000000FF000000FF000000FF000000FF000000FF000000FF000000FF000000FF000000FF000000FF000000FF000000FF000000FF000000FF000000FF000000FF000000FF000000FF000000FF000000FF000000FF000000FF000000FF000000FF000000FF000000FF000000FF000000FF000000FF000000FF000000FF000000FF000000FF000000FF000000FF000000FF000000FF000000FF000000FF000000FF000000FF000000FF000000FF000000FF000000FF000000FF000000FF000000FF000000FF000000FF000000FF000000FF000000FF000000FF000000FF000000FF000000FF000000FF000000FF000000FF000000FF000000FF000000FF000000FF000000FF000000FF000000FF000000FF000000FF000000FF000000FF000000FF000000FF000000FF000000FF000000FF000000FF000000FF000000FF000000FF000000FF000000FF000000FF000000FF000000FF000000FF000000FF000000FF000000FF000000FF000000FF000000FF000000FF000000FF000000FF000000FF000000FF000000FF000000FF000000FF000000FF000000FF000000FF000000FF000000FF000000FF000000FF000000FF000000FF000000FF000000FF000000FF000000FF000000FF000000FF000000FF000000FF000000FF000000FF000000FF000000FF000000FF000000FF000000FF000000FF000000FF000000FF000000FF000000FF000000FF000000FF000000FF000000FF000000FF000000FF000000FF000000FF000000FF000000FF000000FF000000FF000000FF000000FF000000FF000000FF000000FF000000FF000000FF000000FF000000FF000000FF000000FF000000FF000000FF000000FF000000FF000000FF000000FF000000FF000000FF000000FF000000FF000000FF000000FF000000FF000000FF000000FF000000FF000000FF000000FF000000FF000000FF000000FF000000FF000000FF000000FF000000FF000000FF000000FF000000FF000000FF000000FF000000FF000000FF000000FF000000FF000000FF000000FF000000FF000000FF000000FF000000FF000000FF000000FF000000FF000000FF000000FF000000FF000000FF000000FF000000FFA9F922FFA9F922FF000000FF000000FF000000FF000000FF000000FF000000FF000000FF000000FF000000FF000000FF000000FF000000FFA9F922FFA9F922FF000000FF000000FF000000FF000000FF000000FF000000FF000000FF000000FF000000FF000000FF000000FF000000FF000000FF000000FF000000FF000000FF000000FF000000FF000000FF000000FF000000FF000000FF000000FF000000FF000000FF000000FFA9F922FFA9F922FF000000FF000000FF000000FF000000FF000000FF000000FF000000FF000000FF000000FF000000FFA9F922FFA9F922FF000000FF000000FF000000FF000000FF000000FF000000FF000000FF000000FF000000FF000000FF000000FF000000FF000000FF000000FF000000FF000000FF000000FF000000FF000000FF000000FF000000FF000000FF000000FF000000FF000000FF000000FF000000FF000000FF000000FF000000FF000000FF000000FF000000FF000000FFA9F922FFA9F922FF000000FF000000FF000000FF000000FFA9F922FFA9F922FF000000FF000000FF000000FF000000FF000000FF000000FFA9F922FFA9F922FF000000FF000000FF000000FF000000FF000000FF000000FF000000FF000000FF000000FF000000FF000000FF000000FF000000FF000000FF000000FF000000FF000000FF000000FFA9F922FFA9F922FF000000FF000000FF000000FF000000FF000000FF000000FFA9F922FFA9F922FF000000FF000000FF000000FF000000FFA9F922FFA9F922FF000000FF000000FF000000FF000000FF000000FF000000FFA9F922FFA9F922FF000000FF000000FF000000FF000000FF000000FF000000FF000000FF000000FF000000FF000000FF000000FF000000FF000000FF000000FF000000FF000000FF000000FF000000FF000000FF000000FF000000FF000000FFA9F922FFA9F922FFA9F922FFA9F922FF000000FF000000FF000000FF000000FF000000FF000000FF000000FF000000FFA9F922FFA9F922FF000000FF000000FF000000FF000000FF000000FF000000FF000000FF000000FF000000FF000000FF000000FF000000FF000000FF000000FF000000FF000000FF000000FF000000FF000000FF000000FF000000FF000000FF000000FF000000FF000000FF000000FF000000FF000000FF000000FF000000FF000000FF000000FF000000FF000000FF000000FF000000FF000000FF000000FF000000FF000000FF000000FF000000FF000000FF000000FF000000FF000000FF000000FF000000FF000000FF000000FF000000FF000000FF000000FF000000FF000000FF000000FF000000FF000000FF000000FF000000FF000000FF000000FF000000FF000000FF000000FF000000FF000000FF000000FF000000FF000000FF000000FF000000FF000000FF000000FF000000FF000000FF000000FF000000FF000000FF000000FF000000FF000000FF000000FF000000FF000000FF000000FF000000FF000000FF000000FF000000FF000000FF000000FF000000FF000000FF000000FF000000FF000000FF000000FF000000FF000000FF000000FF000000FF000000FF000000FF000000FF000000FF000000FF000000FF000000FF000000FF000000FF000000FF000000FF000000FF000000FF000000FF000000FF000000FF000000FF000000FF000000FF000000FF000000FF000000FF000000FF000000FF000000FF000000FF000000FF000000FF000000FF000000FF000000FF000000FF000000FF000000FF000000FF000000FF000000FF000000FF000000FF000000FF000000FF000000FF000000FF000000FF000000FF000000FF000000FF000000FF000000FF000000FF000000FF000000FF000000FF000000FF000000FF000000FF000000FF000000FF000000FF000000FF000000FF000000FF000000FF000000FF000000FF000000FF000000FF000000FF000000FF000000FF000000FF000000FF000000FF000000FF000000FF000000FF000000FF000000FF000000FF000000FF000000FF000000FF000000FF000000FF000000FF000000FF000000FF000000FF000000FF000000FF000000FF000000FF000000FF000000FF000000FF000000FF000000FF000000FF000000FF000000FF000000FF000000FF000000FF000000FF000000FF000000FF000000FF000000FF000000FF000000FF000000FF000000FF000000FF000000FF000000FF000000FF000000FF000000FF000000FF000000FF000000FF000000FF000000FF000000FF000000FF000000FF000000FF000000FF000000FF000000FF000000FF000000FF000000FF000000FF000000FF000000FF000000FF000000FF000000FF000000FF000000FF000000FF000000FF000000FF000000FF000000FF000000FF000000FF000000FF000000FF000000FF000000FF000000FF000000FF000000FF000000FF000000FF000000FF000000FF000000FF000000FF000000FF000000FF000000FF000000FF000000FF000000FF000000FF000000FF000000FF000000FF000000FF000000FF000000FF000000FF000000FF000000FF000000FF000000FF000000FF000000FF000000FF000000FF000000FF000000FF000000FF000000FF000000FF000000FF000000FF000000FF000000FF000000FF000000FF000000FF000000FF000000FF000000FF000000FF000000FF000000FF000000FF000000FF000000FF000000FF000000FF000000FF000000FF000000FF000000FF000000FF000000FF000000FF000000FF000000FF000000FF000000FF000000FF000000FF000000FF000000FF000000FF000000FF000000FF000000FF000000FF000000FF000000FF000000FF000000FF000000FF000000FF000000FF000000FF000000FF000000FF000000FF000000FF000000FF000000FF000000FF000000FF000000FF000000FF000000FF000000FF000000FF000000FF000000FF000000FF000000FF000000FF000000FF000000FF000000FF000000FF000000FF000000FF000000FF000000FF000000FF000000FF000000FF000000FF000000FF000000FF000000FF000000FF000000FF000000FF000000FF000000FF000000FF000000FFA9F922FFA9F922FF000000FF000000FF000000FF000000FF000000FF000000FF000000FF000000FF000000FF000000FF000000FF000000FFA9F922FFA9F922FF000000FF000000FF000000FF000000FF000000FF000000FF000000FF000000FF000000FF000000FF000000FF000000FF000000FF000000FF000000FF000000FF000000FF000000FF000000FF000000FF000000FF000000FF000000FF000000FF000000FF000000FFA9F922FFA9F922FF000000FF000000FF000000FF000000FF000000FF000000FF000000FF000000FF000000FF000000FFA9F922FFA9F922FF000000FF000000FF000000FF000000FF000000FF000000FF000000FF000000FF000000FF000000FF000000FF000000FF000000FF000000FF000000FF000000FF000000FF000000FF000000FF000000FF000000FF000000FF000000FF000000FF000000FF000000FF000000FF000000FF000000FF000000FF000000FF000000FF000000FF000000FFA9F922FFA9F922FF000000FF000000FF000000FF000000FFA9F922FFA9F922FF000000FF000000FF000000FF000000FF000000FF000000FFA9F922FFA9F922FF000000FF000000FF000000FF000000FF000000FF000000FF000000FF000000FF000000FF000000FF000000FF000000FF000000FF000000FF000000FF000000FF000000FF000000FFA9F922FFA9F922FF000000FF000000FF000000FF000000FF000000FF000000FFA9F922FFA9F922FF000000FF000000FF000000FF000000FFA9F922FFA9F922FF000000FF000000FF000000FF000000FF000000FF000000FFA9F922FFA9F922FF000000FF000000FF000000FF000000FF000000FF000000FF000000FF000000FF000000FF000000FF000000FF000000FF000000FF000000FF000000FF000000FF000000FF000000FF000000FF000000FF000000FF000000FFA9F922FFA9F922FFA9F922FFA9F922FF000000FF000000FF000000FF000000FF000000FF000000FF000000FF000000FFA9F922FFA9F922FF000000FF000000FF000000FF000000FF000000FF000000FF000000FF000000FF000000FF000000FF000000FF000000FF000000FF000000FF000000FF000000FF000000FF000000FF000000FF000000FF000000FF000000FF000000FF000000FF000000FF000000FF000000FF000000FF000000FF000000FF000000FF000000FF000000FF000000FF000000FF000000FF000000FF000000FF000000FF000000FF000000FF000000FF000000FF000000FF000000FF000000FF000000FF000000FF000000FF000000FF000000FF000000FF000000FF000000FF000000FF000000FF000000FF000000FF000000FF000000FF000000FF000000FF000000FF000000FF000000FF000000FF000000FF000000FF000000FF000000FF000000FF000000FF000000FF000000FF000000FF000000FF000000FF000000FF000000FF000000FF000000FF000000FF000000FF000000FF000000FF000000FF000000FF000000FF000000FF000000FF000000FF000000FF000000FF000000FF000000FF000000FF000000FF000000FF000000FF000000FF000000FF000000FF000000FF000000FF000000FF000000FF000000FF000000FF000000FF000000FF000000FF000000FF000000FF000000FF000000FF000000FF000000FF000000FF000000FF000000FF000000FF000000FF000000FF000000FF000000FF000000FF000000FF000000FF000000FF000000FF000000FF000000FF000000FF000000FF000000FF000000FF000000FF000000FF000000FF000000FF000000FF000000FF000000FF000000FF000000FF000000FF000000FF000000FF000000FF000000FF000000FF000000FF000000FF000000FF000000FF000000FF000000FF000000FF000000FF000000FF000000FF000000FF000000FF000000FF000000FF000000FF000000FF000000FF000000FF000000FF000000FF000000FF000000FF000000FF000000FF000000FF000000FF000000FF000000FF000000FF000000FF000000FF000000FF000000FF000000FF000000FF000000FF000000FF000000FF000000FF000000FF000000FF000000FF000000FF000000FF000000FF000000FF000000FF000000FF000000FF000000FF000000FF000000FF000000FF000000FF000000FF000000FF000000FF000000FF000000FF000000FF000000FF000000FF000000FF000000FF000000FF000000FF000000FF000000FF000000FF000000FF000000FF000000FF000000FF000000FF000000FF000000FF000000FF000000FF000000FF000000FF000000FF000000FF000000FF000000FF000000FF000000FF000000FF000000FF000000FF000000FF000000FF000000FF000000FF000000FF000000FF000000FF000000FF000000FF000000FF000000FF000000FF000000FF000000FF000000FF000000FF000000FF000000FF000000FF000000FF000000FF000000FF000000FF000000FF000000FF000000FF000000FF000000FF000000FF000000FF000000FF000000FF000000FF000000FF000000FF000000FF000000FF000000FF000000FF000000FF000000FF000000FF000000FF000000FF000000FF000000FF000000FF000000FF000000FF000000FF000000FF000000FF000000FF000000FF000000FF000000FF000000FF000000FF000000FF000000FF000000FF000000FF000000FF000000FF000000FF000000FF000000FF000000FF000000FF000000FF000000FF000000FF000000FF000000FF000000FF000000FF000000FF000000FF000000FF000000FF000000FF000000FF000000FF000000FF000000FF000000FF000000FF000000FF000000FF000000FF000000FF000000FF000000FF000000FF000000FF000000FF000000FF000000FF000000FF000000FF000000FF000000FF000000FF000000FF000000FF000000FF000000FF000000FF000000FF000000FF000000FF000000FF000000FF000000FF000000FF000000FF000000FF000000FF000000FF000000FF000000FF000000FF000000FF000000FF000000FF000000FF000000FF000000FF000000FF000000FF000000FF000000FF000000FF000000FFA9F922FFA9F922FF000000FF000000FF000000FF000000FF000000FF000000FF000000FF000000FF000000FF000000FF000000FF000000FFA9F922FFA9F922FF000000FF000000FF000000FF000000FF000000FF000000FF000000FF000000FF000000FF000000FF000000FF000000FF000000FF000000FF000000FF000000FF000000FF000000FF000000FF000000FF000000FF000000FF000000FF000000FF000000FF000000FFA9F922FFA9F922FF000000FF000000FF000000FF000000FF000000FF000000FF000000FF000000FF000000FF000000FF000000FF000000FFA9F922FFA9F922FFA9F922FFA9F922FFA9F922FFA9F922FFA9F922FFA9F922FF000000FF000000FF000000FF000000FF000000FF000000FF000000FF000000FF000000FF000000FF000000FF000000FF000000FF000000FF000000FF000000FF000000FF000000FF000000FF000000FF000000FF000000FF000000FF000000FF000000FF000000FFA9F922FFA9F922FF000000FF000000FF000000FF000000FF000000FF000000FF000000FF000000FF000000FF000000FF000000FF000000FF000000FF000000FFA9F922FFA9F922FF000000FF000000FF000000FF000000FF000000FF000000FF000000FF000000FF000000FF000000FF000000FF000000FF000000FF000000FF000000FF000000FF000000FF000000FF000000FF000000FF000000FF000000FF000000FF000000FF000000FF000000FFA9F922FFA9F922FF000000FF000000FF000000FF000000FFA9F922FFA9F922FF000000FF000000FF000000FF000000FFA9F922FFA9F922FFA9F922FFA9F922FF000000FF000000FF000000FF000000FF000000FF000000FF000000FF000000FF000000FF000000FF000000FF000000FF000000FF000000FF000000FF000000FF000000FF000000FF000000FF000000FFA9F922FFA9F922FF000000FF000000FFA9F922FFA9F922FF000000FF000000FF000000FF000000FF000000FF000000FFA9F922FFA9F922FF000000FF000000FF000000FF000000FF000000FF000000FF000000FF000000FF000000FF000000FF000000FF000000FF000000FF000000FF000000FF000000FF000000FF000000FF000000FF000000FF000000FF000000FF000000FF000000FF000000FF000000FF000000FF000000FF000000FF000000FF000000FF000000FF000000FF000000FF000000FF000000FF000000FF000000FF000000FF000000FF000000FF000000FF000000FF000000FF000000FF000000FF000000FF000000FF000000FF000000FF000000FF000000FF000000FF000000FF000000FF000000FF000000FF000000FF000000FF000000FF000000FF000000FF000000FF000000FF000000FF000000FF000000FF000000FF000000FF000000FF000000FF000000FF000000FF000000FF000000FF000000FF000000FF000000FF000000FF000000FF000000FF000000FF000000FF000000FF000000FF000000FF000000FF000000FF000000FF000000FF000000FF000000FF000000FF000000FF000000FF000000FF000000FF000000FF000000FF000000FF000000FF000000FF000000FF000000FF000000FF000000FF000000FF000000FF000000FF000000FF000000FF000000FF000000FF000000FF000000FF000000FF000000FF000000FF000000FF000000FF000000FF000000FF000000FF000000FF000000FF000000FF000000FF000000FF000000FF000000FF000000FF000000FF000000FF000000FF000000FF000000FF000000FF000000FF000000FF000000FF000000FF000000FF000000FF000000FF000000FF000000FF000000FF000000FF000000FF000000FF000000FF000000FF000000FF000000FF000000FF000000FF000000FF000000FF000000FF000000FF000000FF000000FF000000FF000000FF000000FF000000FF000000FF000000FF000000FF000000FF000000FF000000FF000000FF000000FF000000FF000000FF000000FF000000FF000000FF000000FF000000FF000000FF000000FF000000FF000000FF000000FF000000FF000000FF000000FF000000FF000000FF000000FF000000FF000000FF000000FF000000FF000000FF000000FF000000FF000000FF000000FF000000FF000000FF000000FF000000FF000000FF000000FF000000FF000000FF000000FF000000FF000000FF000000FF000000FF000000FF000000FF000000FF000000FF000000FF000000FF000000FF000000FF000000FF000000FF000000FF000000FF000000FF000000FF000000FF000000FF000000FF000000FF000000FF000000FF000000FF000000FF000000FF000000FF000000FF000000FF000000FF000000FF000000FF000000FF000000FF000000FF000000FF000000FF000000FF000000FF000000FF000000FF000000FF000000FF000000FF000000FF000000FF000000FF000000FF000000FF000000FF000000FF000000FF000000FF000000FF000000FF000000FF000000FF000000FF000000FF000000FF000000FF000000FF000000FF000000FF000000FF000000FF000000FF000000FF000000FF000000FF000000FF000000FF000000FF000000FF000000FF000000FF000000FF000000FF000000FF000000FF000000FF000000FF000000FF000000FF000000FF000000FF000000FF000000FF000000FF000000FF000000FF000000FF000000FF000000FF000000FF000000FF000000FF000000FF000000FF000000FF000000FF000000FF000000FF000000FF000000FF000000FF000000FF000000FF000000FF000000FF000000FF000000FF000000FF000000FF000000FF000000FF000000FF000000FF000000FF000000FF000000FF000000FF000000FF000000FF000000FF000000FF000000FF000000FF000000FF000000FF000000FF000000FF000000FF000000FF000000FF000000FF000000FF000000FF000000FF000000FF000000FF000000FF000000FF000000FF000000FF000000FF000000FF000000FF000000FF000000FF000000FF000000FF000000FF000000FF000000FF000000FF000000FF000000FF000000FF000000FF000000FF000000FF000000FF000000FF000000FFA9F922FFA9F922FF000000FF000000FF000000FF000000FF000000FF000000FF000000FF000000FF000000FF000000FF000000FF000000FFA9F922FFA9F922FF000000FF000000FF000000FF000000FF000000FF000000FF000000FF000000FF000000FF000000FF000000FF000000FF000000FF000000FF000000FF000000FF000000FF000000FF000000FF000000FF000000FF000000FF000000FF000000FF000000FF000000FFA9F922FFA9F922FF000000FF000000FF000000FF000000FF000000FF000000FF000000FF000000FF000000FF000000FF000000FF000000FFA9F922FFA9F922FFA9F922FFA9F922FFA9F922FFA9F922FFA9F922FFA9F922FF000000FF000000FF000000FF000000FF000000FF000000FF000000FF000000FF000000FF000000FF000000FF000000FF000000FF000000FF000000FF000000FF000000FF000000FF000000FF000000FF000000FF000000FF000000FF000000FF000000FF000000FFA9F922FFA9F922FF000000FF000000FF000000FF000000FF000000FF000000FF000000FF000000FF000000FF000000FF000000FF000000FF000000FF000000FFA9F922FFA9F922FF000000FF000000FF000000FF000000FF000000FF000000FF000000FF000000FF000000FF000000FF000000FF000000FF000000FF000000FF000000FF000000FF000000FF000000FF000000FF000000FF000000FF000000FF000000FF000000FF000000FF000000FFA9F922FFA9F922FF000000FF000000FF000000FF000000FFA9F922FFA9F922FF000000FF000000FF000000FF000000FFA9F922FFA9F922FFA9F922FFA9F922FF000000FF000000FF000000FF000000FF000000FF000000FF000000FF000000FF000000FF000000FF000000FF000000FF000000FF000000FF000000FF000000FF000000FF000000FF000000FF000000FFA9F922FFA9F922FF000000FF000000FFA9F922FFA9F922FF000000FF000000FF000000FF000000FF000000FF000000FFA9F922FFA9F922FF000000FF000000FF000000FF000000FF000000FF000000FF000000FF000000FF000000FF000000FF000000FF000000FF000000FF000000FF000000FF000000FF000000FF000000FF000000FF000000FF000000FF000000FF000000FF000000FF000000FF000000FF000000FF000000FF000000FF000000FF000000FF000000FF000000FF000000FF000000FF000000FF000000FF000000FF000000FF000000FF000000FF000000FF000000FF000000FF000000FF000000FF000000FF000000FF000000FF000000FF000000FF000000FF000000FF000000FF000000FF000000FF000000FF000000FF000000FF000000FF000000FF000000FF000000FF000000FF000000FF000000FF000000FF000000FF000000FF000000FF000000FF000000FF000000FF000000FF000000FF000000FF000000FF000000FF000000FF000000FF000000FF000000FF000000FF000000FF000000FF000000FF000000FF000000FF000000FF000000FF000000FF000000FF000000FF000000FF000000FF000000FF000000FF000000FF000000FF000000FF000000FF000000FF000000FF000000FF000000FF000000FF000000FF000000FF000000FF000000FF000000FF000000FF000000FF000000FF000000FF000000FF000000FF000000FF000000FF000000FF000000FF000000FF000000FF000000FF000000FF000000FF000000FF000000FF000000FF000000FF000000FF000000FF000000FF000000FF000000FF000000FF000000FF000000FF000000FF000000FF000000FF000000FF000000FF000000FF000000FF000000FF000000FF000000FF000000FF000000FF000000FF000000FF000000FF000000FF000000FF000000FF000000FF000000FF000000FF000000FF000000FF000000FF000000FF000000FF000000FF000000FF000000FF000000FF000000FF000000FF000000FF000000FF000000FF000000FF000000FF000000FF000000FF000000FF000000FF000000FF000000FF000000FF000000FF000000FF000000FF000000FF000000FF000000FF000000FF000000FF000000FF000000FF000000FF000000FF000000FF000000FF000000FF000000FF000000FF000000FF000000FF000000FF000000FF000000FF000000FF000000FF000000FF000000FF000000FF000000FF000000FF000000FF000000FF000000FF000000FF000000FF000000FF000000FF000000FF000000FF000000FF000000FF000000FF000000FF000000FF000000FF000000FF000000FF000000FF000000FF000000FF000000FF000000FF000000FF000000FF000000FF000000FF000000FF000000FF000000FF000000FF000000FF000000FF000000FF000000FF000000FF000000FF000000FF000000FF000000FF000000FF000000FF000000FF000000FF000000FF000000FF000000FF000000FF000000FF000000FF000000FF000000FF000000FF000000FF000000FF000000FF000000FF000000FF000000FF000000FF000000FF000000FF000000FF000000FF000000FF000000FF000000FF000000FF000000FF000000FF000000FF000000FF000000FF000000FF000000FF000000FF000000FF000000FF000000FF000000FF000000FF000000FF000000FF000000FF000000FF000000FF000000FF000000FF000000FF000000FF000000FF000000FF000000FF000000FF000000FF000000FF000000FF000000FF000000FF000000FF000000FF000000FF000000FF000000FF000000FF000000FF000000FF000000FF000000FF000000FF000000FF000000FF000000FF000000FF000000FF000000FF000000FF000000FF000000FF000000FF000000FF000000FF000000FF000000FF000000FF000000FF000000FF000000FF000000FF000000FF000000FF000000FF000000FF000000FF000000FF000000FF000000FF000000FF000000FF000000FF000000FF000000FF000000FF000000FF000000FF000000FF000000FF000000FF000000FF000000FF000000FF000000FF000000FF000000FF000000FF000000FF000000FF000000FF000000FF000000FF000000FF000000FF000000FF000000FF000000FF000000FFA9F922FFA9F922FFA9F922FFA9F922FFA9F922FFA9F922FFA9F922FFA9F922FF000000FF000000FF000000FF000000FF000000FF000000FFA9F922FFA9F922FFA9F922FFA9F922FFA9F922FFA9F922FFA9F922FFA9F922FF000000FF000000FF000000FF000000FF000000FF000000FF000000FF000000FF000000FF000000FF000000FF000000FF000000FF000000FF000000FF000000FF000000FF000000FF000000FF000000FFA9F922FFA9F922FFA9F922FFA9F922FFA9F922FFA9F922FFA9F922FFA9F922FF000000FF000000FF000000FF000000FF000000FF000000FF000000FF000000FF000000FF000000FF000000FF000000FF000000FF000000FFA9F922FFA9F922FF000000FF000000FF000000FF000000FF000000FF000000FF000000FF000000FF000000FF000000FF000000FF000000FF000000FF000000FF000000FF000000FF000000FF000000FF000000FF000000FF000000FF000000FFA9F922FFA9F922FF000000FF000000FF000000FF000000FF000000FF000000FF000000FF000000FF000000FF000000FF000000FF000000FFA9F922FFA9F922FFA9F922FFA9F922FF000000FF000000FF000000FF000000FF000000FF000000FF000000FF000000FF000000FF000000FF000000FF000000FF000000FF000000FF000000FF000000FF000000FF000000FF000000FF000000FF000000FF000000FF000000FF000000FFA9F922FFA9F922FFA9F922FFA9F922FF000000FF000000FF000000FF000000FF000000FF000000FFA9F922FFA9F922FF000000FF000000FFA9F922FFA9F922FF000000FF000000FFA9F922FFA9F922FF000000FF000000FF000000FF000000FF000000FF000000FF000000FF000000FF000000FF000000FF000000FF000000FF000000FF000000FF000000FF000000FF000000FF000000FFA9F922FFA9F922FF000000FF000000FF000000FF000000FFA9F922FFA9F922FF000000FF000000FF000000FF000000FF000000FF000000FFA9F922FFA9F922FFA9F922FFA9F922FFA9F922FFA9F922FFA9F922FFA9F922FF000000FF000000FF000000FF000000FF000000FF000000FF000000FF000000FF000000FF000000FF000000FF000000FF000000FF000000FF000000FF000000FF000000FF000000FF000000FF000000FF000000FF000000FF000000FF000000FF000000FF000000FF000000FF000000FF000000FF000000FF000000FF000000FF000000FF000000FF000000FF000000FF000000FF000000FF000000FF000000FF000000FF000000FF000000FF000000FF000000FF000000FF000000FF000000FF000000FF000000FF000000FF000000FF000000FF000000FF000000FF000000FF000000FF000000FF000000FF000000FF000000FF000000FF000000FF000000FF000000FF000000FF000000FF000000FF000000FF000000FF000000FF000000FF000000FF000000FF000000FF000000FF000000FF000000FF000000FF000000FF000000FF000000FF000000FF000000FF000000FF000000FF000000FF000000FF000000FF000000FF000000FF000000FF000000FF000000FF000000FF000000FF000000FF000000FF000000FF000000FF000000FF000000FF000000FF000000FF000000FF000000FF000000FF000000FF000000FF000000FF000000FF000000FF000000FF000000FF000000FF000000FF000000FF000000FF000000FF000000FF000000FF000000FF000000FF000000FF000000FF000000FF000000FF000000FF000000FF000000FF000000FF000000FF000000FF000000FF000000FF000000FF000000FF000000FF000000FF000000FF000000FF000000FF000000FF000000FF000000FF000000FF000000FF000000FF000000FF000000FF000000FF000000FF000000FF000000FF000000FF000000FF000000FF000000FF000000FF000000FF000000FF000000FF000000FF000000FF000000FF000000FF000000FF000000FF000000FF000000FF000000FF000000FF000000FF000000FF000000FF000000FF000000FF000000FF000000FF000000FF000000FF000000FF000000FF000000FF000000FF000000FF000000FF000000FF000000FF000000FF000000FF000000FF000000FF000000FF000000FF000000FF000000FF000000FF000000FF000000FF000000FF000000FF000000FF000000FF000000FF000000FF000000FF000000FF000000FF000000FF000000FF000000FF000000FF000000FF000000FF000000FF000000FF000000FF000000FF000000FF000000FF000000FF000000FF000000FF000000FF000000FF000000FF000000FF000000FF000000FF000000FF000000FF000000FF000000FF000000FF000000FF000000FF000000FF000000FF000000FF000000FF000000FF000000FF000000FF000000FF000000FF000000FF000000FF000000FF000000FF000000FF000000FF000000FF000000FF000000FF000000FF000000FF000000FF000000FF000000FF000000FF000000FF000000FF000000FF000000FF000000FF000000FF000000FF000000FF000000FF000000FF000000FF000000FF000000FF000000FF000000FF000000FF000000FF000000FF000000FF000000FF000000FF000000FF000000FF000000FF000000FF000000FF000000FF000000FF000000FF000000FF000000FF000000FF000000FF000000FF000000FF000000FF000000FF000000FF000000FF000000FF000000FF000000FF000000FF000000FF000000FF000000FF000000FF000000FF000000FF000000FF000000FF000000FF000000FF000000FF000000FF000000FF000000FF000000FF000000FF000000FF000000FF000000FF000000FF000000FF000000FF000000FF000000FF000000FF000000FF000000FF000000FF000000FF000000FF000000FF000000FF000000FF000000FF000000FF000000FF000000FF000000FF000000FF000000FF000000FF000000FF000000FF000000FF000000FF000000FF000000FF000000FF000000FF000000FF000000FF000000FF000000FF000000FF000000FF000000FF000000FF000000FF000000FF000000FF000000FF000000FF000000FF000000FF000000FF000000FFA9F922FFA9F922FFA9F922FFA9F922FFA9F922FFA9F922FFA9F922FFA9F922FF000000FF000000FF000000FF000000FF000000FF000000FFA9F922FFA9F922FFA9F922FFA9F922FFA9F922FFA9F922FFA9F922FFA9F922FF000000FF000000FF000000FF000000FF000000FF000000FF000000FF000000FF000000FF000000FF000000FF000000FF000000FF000000FF000000FF000000FF000000FF000000FF000000FF000000FFA9F922FFA9F922FFA9F922FFA9F922FFA9F922FFA9F922FFA9F922FFA9F922FF000000FF000000FF000000FF000000FF000000FF000000FF000000FF000000FF000000FF000000FF000000FF000000FF000000FF000000FFA9F922FFA9F922FF000000FF000000FF000000FF000000FF000000FF000000FF000000FF000000FF000000FF000000FF000000FF000000FF000000FF000000FF000000FF000000FF000000FF000000FF000000FF000000FF000000FF000000FFA9F922FFA9F922FF000000FF000000FF000000FF000000FF000000FF000000FF000000FF000000FF000000FF000000FF000000FF000000FFA9F922FFA9F922FFA9F922FFA9F922FF000000FF000000FF000000FF000000FF000000FF000000FF000000FF000000FF000000FF000000FF000000FF000000FF000000FF000000FF000000FF000000FF000000FF000000FF000000FF000000FF000000FF000000FF000000FF000000FFA9F922FFA9F922FFA9F922FFA9F922FF000000FF000000FF000000FF000000FF000000FF000000FFA9F922FFA9F922FF000000FF000000FFA9F922FFA9F922FF000000FF000000FFA9F922FFA9F922FF000000FF000000FF000000FF000000FF000000FF000000FF000000FF000000FF000000FF000000FF000000FF000000FF000000FF000000FF000000FF000000FF000000FF000000FFA9F922FFA9F922FF000000FF000000FF000000FF000000FFA9F922FFA9F922FF000000FF000000FF000000FF000000FF000000FF000000FFA9F922FFA9F922FFA9F922FFA9F922FFA9F922FFA9F922FFA9F922FFA9F922FF000000FF000000FF000000FF000000FF000000FF000000FF000000FF000000FF000000FF000000FF000000FF000000FF000000FF000000FF000000FF000000FF000000FF000000FF000000FF000000FF000000FF000000FF000000FF000000FF000000FF000000FF000000FF000000FF000000FF000000FF000000FF000000FF000000FF000000FF000000FF000000FF000000FF000000FF000000FF000000FF000000FF000000FF000000FF000000FF000000FF000000FF000000FF000000FF000000FF000000FF000000FF000000FF000000FF000000FF000000FF000000FF000000FF000000FF000000FF000000FF000000FF000000FF000000FF000000FF000000FF000000FF000000FF000000FF000000FF000000FF000000FF000000FF000000FF000000FF000000FF000000FF000000FF000000FF000000FF000000FF000000FF000000FF000000FF000000FF000000FF000000FF000000FF000000FF000000FF000000FF000000FF000000FF000000FF000000FF000000FF000000FF000000FF000000FF000000FF000000FF000000FF000000FF000000FF000000FF000000FF000000FF000000FF000000FF000000FF000000FF000000FF000000FF000000FF000000FF000000FF000000FF000000FF000000FF000000FF000000FF000000FF000000FF000000FF000000FF000000FF000000FF000000FF000000FF000000FF000000FF000000FF000000FF000000FF000000FF000000FF000000FF000000FF000000FF000000FF000000FF000000FF000000FF000000FF000000FF000000FF000000FF000000FF000000FF000000FF000000FF000000FF000000FF000000FF000000FF000000FF000000FF000000FF000000FF000000FF000000FF000000FF000000FF000000FF000000FF000000FF000000FF000000FF000000FF000000FF000000FF000000FF000000FF000000FF000000FF000000FF000000FF000000FF000000FF000000FF000000FF000000FF000000FF000000FF000000FF000000FF000000FF000000FF000000FF000000FF000000FF000000FF000000FF000000FF000000FF000000FF000000FF000000FF000000FF000000FF000000FF000000FF000000FF000000FF000000FF000000FF000000FF000000FF000000FF000000FF000000FF000000FF000000FF000000FF000000FF000000FF000000FF000000FF000000FF000000FF000000FF000000FF000000FF000000FF000000FF000000FF000000FF000000FF000000FF000000FF000000FF000000FF000000FF000000FF000000FF000000FF000000FF000000FF000000FF000000FF000000FF000000FF000000FF000000FF000000FF000000FF000000FF000000FF000000FF000000FF000000FF000000FF000000FF000000FF000000FF000000FF000000FF000000FF000000FF000000FF000000FF000000FF000000FF000000FF000000FF000000FF000000FF000000FF000000FF000000FF000000FF000000FF000000FF000000FF000000FF000000FF000000FF000000FF000000FF000000FF000000FF000000FF000000FF000000FF000000FF000000FF000000FF000000FF000000FF000000FF000000FF000000FF000000FF000000FF000000FF000000FF000000FF000000FF000000FF000000FF000000FF000000FF000000FF000000FF000000FF000000FF000000FF000000FF000000FF000000FF000000FF000000FF000000FF000000FF000000FF000000FF000000FF000000FF000000FF000000FF000000FF000000FF000000FF000000FF000000FF000000FF000000FF000000FF000000FF000000FF000000FF000000FF000000FF000000FF000000FF000000FF000000FF000000FF000000FF000000FF000000FF000000FF000000FF000000FF000000FF000000FF000000FF000000FF000000FF000000FF000000FF000000FF000000FF000000FF000000FF000000FF000000FF000000FF000000FF000000FF000000FF000000FF000000FF000000FF000000FF000000FF000000FF000000FF000000FF000000FF000000FFA9F922FFA9F922FF000000FF000000FF000000FF000000FF000000FF000000FFA9F922FFA9F922FF000000FF000000FF000000FF000000FFA9F922FFA9F922FF000000FF000000FF000000FF000000FF000000FF000000FFA9F922FFA9F922FF000000FF000000FF000000FF000000FF000000FF000000FF000000FF000000FF000000FF000000FF000000FF000000FF000000FF000000FF000000FF000000FF000000FF000000FFA9F922FFA9F922FF000000FF000000FF000000FF000000FF000000FF000000FFA9F922FFA9F922FF000000FF000000FF000000FF000000FF000000FF000000FF000000FF000000FF000000FF000000FF000000FF000000FFA9F922FFA9F922FF000000FF000000FF000000FF000000FF000000FF000000FF000000FF000000FF000000FF000000FF000000FF000000FF000000FF000000FF000000FF000000FF000000FF000000FF000000FF000000FFA9F922FFA9F922FF000000FF000000FF000000FF000000FF000000FF000000FF000000FF000000FF000000FF000000FF000000FF000000FFA9F922FFA9F922FF000000FF000000FF000000FF000000FF000000FF000000FF000000FF000000FF000000FF000000FF000000FF000000FF000000FF000000FF000000FF000000FF000000FF000000FF000000FF000000FF000000FF000000FF000000FF000000FF000000FF000000FFA9F922FFA9F922FF000000FF000000FF000000FF000000FF000000FF000000FF000000FF000000FF000000FF000000FFA9F922FFA9F922FFA9F922FFA9F922FF000000FF000000FF000000FF000000FFA9F922FFA9F922FF000000FF000000FF000000FF000000FF000000FF000000FF000000FF000000FF000000FF000000FF000000FF000000FF000000FF000000FF000000FF000000FF000000FF000000FFA9F922FFA9F922FFA9F922FFA9F922FFA9F922FFA9F922FFA9F922FFA9F922FFA9F922FFA9F922FF000000FF000000FF000000FF000000FFA9F922FFA9F922FF000000FF000000FF000000FF000000FF000000FF000000FFA9F922FFA9F922FF000000FF000000FF000000FF000000FF000000FF000000FF000000FF000000FF000000FF000000FF000000FF000000FF000000FF000000FF000000FF000000FF000000FF000000FF000000FF000000FF000000FF000000FF000000FF000000FF000000FF000000FF000000FF000000FF000000FF000000FF000000FF000000FF000000FF000000FF000000FF000000FF000000FF000000FF000000FF000000FF000000FF000000FF000000FF000000FF000000FF000000FF000000FF000000FF000000FF000000FF000000FF000000FF000000FF000000FF000000FF000000FF000000FF000000FF000000FF000000FF000000FF000000FF000000FF000000FF000000FF000000FF000000FF000000FF000000FF000000FF000000FF000000FF000000FF000000FF000000FF000000FF000000FF000000FF000000FF000000FF000000FF000000FF000000FF000000FF000000FF000000FF000000FF000000FF000000FF000000FF000000FF000000FF000000FF000000FF000000FF000000FF000000FF000000FF000000FF000000FF000000FF000000FF000000FF000000FF000000FF000000FF000000FF000000FF000000FF000000FF000000FF000000FF000000FF000000FF000000FF000000FF000000FF000000FF000000FF000000FF000000FF000000FF000000FF000000FF000000FF000000FF000000FF000000FF000000FF000000FF000000FF000000FF000000FF000000FF000000FF000000FF000000FF000000FF000000FF000000FF000000FF000000FF000000FF000000FF000000FF000000FF000000FF000000FF000000FF000000FF000000FF000000FF000000FF000000FF000000FF000000FF000000FF000000FF000000FF000000FF000000FF000000FF000000FF000000FF000000FF000000FF000000FF000000FF000000FF000000FF000000FF000000FF000000FF000000FF000000FF000000FF000000FF000000FF000000FF000000FF000000FF000000FF000000FF000000FF000000FF000000FF000000FF000000FF000000FF000000FF000000FF000000FF000000FF000000FF000000FF000000FF000000FF000000FF000000FF000000FF000000FF000000FF000000FF000000FF000000FF000000FF000000FF000000FF000000FF000000FF000000FF000000FF000000FF000000FF000000FF000000FF000000FF000000FF000000FF000000FF000000FF000000FF000000FF000000FF000000FF000000FF000000FF000000FF000000FF000000FF000000FF000000FF000000FF000000FF000000FF000000FF000000FF000000FF000000FF000000FF000000FF000000FF000000FF000000FF000000FF000000FF000000FF000000FF000000FF000000FF000000FF000000FF000000FF000000FF000000FF000000FF000000FF000000FF000000FF000000FF000000FF000000FF000000FF000000FF000000FF000000FF000000FF000000FF000000FF000000FF000000FF000000FF000000FF000000FF000000FF000000FF000000FF000000FF000000FF000000FF000000FF000000FF000000FF000000FF000000FF000000FF000000FF000000FF000000FF000000FF000000FF000000FF000000FF000000FF000000FF000000FF000000FF000000FF000000FF000000FF000000FF000000FF000000FF000000FF000000FF000000FF000000FF000000FF000000FF000000FF000000FF000000FF000000FF000000FF000000FF000000FF000000FF000000FF000000FF000000FF000000FF000000FF000000FF000000FF000000FF000000FF000000FF000000FF000000FF000000FF000000FF000000FF000000FF000000FF000000FF000000FF000000FF000000FF000000FF000000FF000000FF000000FF000000FF000000FF000000FF000000FF000000FF000000FF000000FF000000FF000000FF000000FF000000FF000000FF000000FF000000FF000000FF000000FF000000FF000000FF000000FF000000FF000000FF000000FF000000FF000000FF000000FF000000FFA9F922FFA9F922FF000000FF000000FF000000FF000000FF000000FF000000FFA9F922FFA9F922FF000000FF000000FF000000FF000000FFA9F922FFA9F922FF000000FF000000FF000000FF000000FF000000FF000000FFA9F922FFA9F922FF000000FF000000FF000000FF000000FF000000FF000000FF000000FF000000FF000000FF000000FF000000FF000000FF000000FF000000FF000000FF000000FF000000FF000000FFA9F922FFA9F922FF000000FF000000FF000000FF000000FF000000FF000000FFA9F922FFA9F922FF000000FF000000FF000000FF000000FF000000FF000000FF000000FF000000FF000000FF000000FF000000FF000000FFA9F922FFA9F922FF000000FF000000FF000000FF000000FF000000FF000000FF000000FF000000FF000000FF000000FF000000FF000000FF000000FF000000FF000000FF000000FF000000FF000000FF000000FF000000FFA9F922FFA9F922FF000000FF000000FF000000FF000000FF000000FF000000FF000000FF000000FF000000FF000000FF000000FF000000FFA9F922FFA9F922FF000000FF000000FF000000FF000000FF000000FF000000FF000000FF000000FF000000FF000000FF000000FF000000FF000000FF000000FF000000FF000000FF000000FF000000FF000000FF000000FF000000FF000000FF000000FF000000FF000000FF000000FFA9F922FFA9F922FF000000FF000000FF000000FF000000FF000000FF000000FF000000FF000000FF000000FF000000FFA9F922FFA9F922FFA9F922FFA9F922FF000000FF000000FF000000FF000000FFA9F922FFA9F922FF000000FF000000FF000000FF000000FF000000FF000000FF000000FF000000FF000000FF000000FF000000FF000000FF000000FF000000FF000000FF000000FF000000FF000000FFA9F922FFA9F922FFA9F922FFA9F922FFA9F922FFA9F922FFA9F922FFA9F922FFA9F922FFA9F922FF000000FF000000FF000000FF000000FFA9F922FFA9F922FF000000FF000000FF000000FF000000FF000000FF000000FFA9F922FFA9F922FF000000FF000000FF000000FF000000FF000000FF000000FF000000FF000000FF000000FF000000FF000000FF000000FF000000FF000000FF000000FF000000FF000000FF000000FF000000FF000000FF000000FF000000FF000000FF000000FF000000FF000000FF000000FF000000FF000000FF000000FF000000FF000000FF000000FF000000FF000000FF000000FF000000FF000000FF000000FF000000FF000000FF000000FF000000FF000000FF000000FF000000FF000000FF000000FF000000FF000000FF000000FF000000FF000000FF000000FF000000FF000000FF000000FF000000FF000000FF000000FF000000FF000000FF000000FF000000FF000000FF000000FF000000FF000000FF000000FF000000FF000000FF000000FF000000FF000000FF000000FF000000FF000000FF000000FF000000FF000000FF000000FF000000FF000000FF000000FF000000FF000000FF000000FF000000FF000000FF000000FF000000FF000000FF000000FF000000FF000000FF000000FF000000FF000000FF000000FF000000FF000000FF000000FF000000FF000000FF000000FF000000FF000000FF000000FF000000FF000000FF000000FF000000FF000000FF000000FF000000FF000000FF000000FF000000FF000000FF000000FF000000FF000000FF000000FF000000FF000000FF000000FF000000FF000000FF000000FF000000FF000000FF000000FF000000FF000000FF000000FF000000FF000000FF000000FF000000FF000000FF000000FF000000FF000000FF000000FF000000FF000000FF000000FF000000FF000000FF000000FF000000FF000000FF000000FF000000FF000000FF000000FF000000FF000000FF000000FF000000FF000000FF000000FF000000FF000000FF000000FF000000FF000000FF000000FF000000FF000000FF000000FF000000FF000000FF000000FF000000FF000000FF000000FF000000FF000000FF000000FF000000FF000000FF000000FF000000FF000000FF000000FF000000FF000000FF000000FF000000FF000000FF000000FF000000FF000000FF000000FF000000FF000000FF000000FF000000FF000000FF000000FF000000FF000000FF000000FF000000FF000000FF000000FF000000FF000000FF000000FF000000FF000000FF000000FF000000FF000000FF000000FF000000FF000000FF000000FF000000FF000000FF000000FF000000FF000000FF000000FF000000FF000000FF000000FF000000FF000000FF000000FF000000FF000000FF000000FF000000FF000000FF000000FF000000FF000000FF000000FF000000FF000000FF000000FF000000FF000000FF000000FF000000FF000000FF000000FF000000FF000000FF000000FF000000FF000000FF000000FF000000FF000000FF000000FF000000FF000000FF000000FF000000FF000000FF000000FF000000FF000000FF000000FF000000FF000000FF000000FF000000FF000000FF000000FF000000FF000000FF000000FF000000FF000000FF000000FF000000FF000000FF000000FF000000FF000000FF000000FF000000FF000000FF000000FF000000FF000000FF000000FF000000FF000000FF000000FF000000FF000000FF000000FF000000FF000000FF000000FF000000FF000000FF000000FF000000FF000000FF000000FF000000FF000000FF000000FF000000FF000000FF000000FF000000FF000000FF000000FF000000FF000000FF000000FF000000FF000000FF000000FF000000FF000000FF000000FF000000FF000000FF000000FF000000FF000000FF000000FF000000FF000000FF000000FF000000FF000000FF000000FF000000FF000000FF000000FF000000FF000000FF000000FF000000FF000000FF000000FF000000FF000000FF000000FF000000FF000000FF000000FF000000FF000000FF000000FF000000FF000000FF000000FF000000FF000000FF000000FF000000FF000000FF000000FF000000FF000000FF000000FF000000FF000000FFA9F922FFA9F922FF000000FF000000FF000000FF000000FF000000FF000000FFA9F922FFA9F922FF000000FF000000FF000000FF000000FFA9F922FFA9F922FF000000FF000000FF000000FF000000FF000000FF000000FFA9F922FFA9F922FF000000FF000000FF000000FF000000FF000000FF000000FF000000FF000000FF000000FF000000FF000000FF000000FF000000FF000000FF000000FF000000FF000000FF000000FFA9F922FFA9F922FF000000FF000000FF000000FF000000FF000000FF000000FFA9F922FFA9F922FF000000FF000000FF000000FF000000FFA9F922FFA9F922FF000000FF000000FF000000FF000000FF000000FF000000FFA9F922FFA9F922FF000000FF000000FF000000FF000000FF000000FF000000FF000000FF000000FF000000FF000000FF000000FF000000FF000000FF000000FF000000FF000000FF000000FF000000FF000000FF000000FFA9F922FFA9F922FF000000FF000000FF000000FF000000FF000000FF000000FF000000FF000000FF000000FF000000FFA9F922FFA9F922FF000000FF000000FF000000FF000000FF000000FF000000FF000000FF000000FF000000FF000000FF000000FF000000FF000000FF000000FF000000FF000000FF000000FF000000FF000000FF000000FF000000FF000000FF000000FF000000FF000000FF000000FFA9F922FFA9F922FF000000FF000000FF000000FF000000FF000000FF000000FF000000FF000000FF000000FF000000FF000000FF000000FFA9F922FFA9F922FF000000FF000000FF000000FF000000FF000000FF000000FFA9F922FFA9F922FF000000FF000000FF000000FF000000FF000000FF000000FF000000FF000000FF000000FF000000FF000000FF000000FF000000FF000000FF000000FF000000FF000000FF000000FF000000FF000000FF000000FF000000FF000000FF000000FFA9F922FFA9F922FF000000FF000000FF000000FF000000FF000000FF000000FFA9F922FFA9F922FF000000FF000000FF000000FF000000FF000000FF000000FFA9F922FFA9F922FF000000FF000000FF000000FF000000FF000000FF000000FF000000FF000000FF000000FF000000FF000000FF000000FF000000FF000000FF000000FF000000FF000000FF000000FF000000FF000000FF000000FF000000FF000000FF000000FF000000FF000000FF000000FF000000FF000000FF000000FF000000FF000000FF000000FF000000FF000000FF000000FF000000FF000000FF000000FF000000FF000000FF000000FF000000FF000000FF000000FF000000FF000000FF000000FF000000FF000000FF000000FF000000FF000000FF000000FF000000FF000000FF000000FF000000FF000000FF000000FF000000FF000000FF000000FF000000FF000000FF000000FF000000FF000000FF000000FF000000FF000000FF000000FF000000FF000000FF000000FF000000FF000000FF000000FF000000FF000000FF000000FF000000FF000000FF000000FF000000FF000000FF000000FF000000FF000000FF000000FF000000FF000000FF000000FF000000FF000000FF000000FF000000FF000000FF000000FF000000FF000000FF000000FF000000FF000000FF000000FF000000FF000000FF000000FF000000FF000000FF000000FF000000FF000000FF000000FF000000FF000000FF000000FF000000FF000000FF000000FF000000FF000000FF000000FF000000FF000000FF000000FF000000FF000000FF000000FF000000FF000000FF000000FF000000FF000000FF000000FF000000FF000000FF000000FF000000FF000000FF000000FF000000FF000000FF000000FF000000FF000000FF000000FF000000FF000000FF000000FF000000FF000000FF000000FF000000FF000000FF000000FF000000FF000000FF000000FF000000FF000000FF000000FF000000FF000000FF000000FF000000FF000000FF000000FF000000FF000000FF000000FF000000FF000000FF000000FF000000FF000000FF000000FF000000FF000000FF000000FF000000FF000000FF000000FF000000FF000000FF000000FF000000FF000000FF000000FF000000FF000000FF000000FF000000FF000000FF000000FF000000FF000000FF000000FF000000FF000000FF000000FF000000FF000000FF000000FF000000FF000000FF000000FF000000FF000000FF000000FF000000FF000000FF000000FF000000FF000000FF000000FF000000FF000000FF000000FF000000FF000000FF000000FF000000FF000000FF000000FF000000FF000000FF000000FF000000FF000000FF000000FF000000FF000000FF000000FF000000FF000000FF000000FF000000FF000000FF000000FF000000FF000000FF000000FF000000FF000000FF000000FF000000FF000000FF000000FF000000FF000000FF000000FF000000FF000000FF000000FF000000FF000000FF000000FF000000FF000000FF000000FF000000FF000000FF000000FF000000FF000000FF000000FF000000FF000000FF000000FF000000FF000000FF000000FF000000FF000000FF000000FF000000FF000000FF000000FF000000FF000000FF000000FF000000FF000000FF000000FF000000FF000000FF000000FF000000FF000000FF000000FF000000FF000000FF000000FF000000FF000000FF000000FF000000FF000000FF000000FF000000FF000000FF000000FF000000FF000000FF000000FF000000FF000000FF000000FF000000FF000000FF000000FF000000FF000000FF000000FF000000FF000000FF000000FF000000FF000000FF000000FF000000FF000000FF000000FF000000FF000000FF000000FF000000FF000000FF000000FF000000FF000000FF000000FF000000FF000000FF000000FF000000FF000000FF000000FF000000FF000000FF000000FF000000FF000000FF000000FF000000FF000000FF000000FF000000FF000000FF000000FF000000FF000000FF000000FF000000FF000000FF000000FF000000FF000000FF000000FF000000FF000000FF000000FF000000FF000000FF000000FF000000FF000000FFA9F922FFA9F922FF000000FF000000FF000000FF000000FF000000FF000000FFA9F922FFA9F922FF000000FF000000FF000000FF000000FFA9F922FFA9F922FF000000FF000000FF000000FF000000FF000000FF000000FFA9F922FFA9F922FF000000FF000000FF000000FF000000FF000000FF000000FF000000FF000000FF000000FF000000FF000000FF000000FF000000FF000000FF000000FF000000FF000000FF000000FFA9F922FFA9F922FF000000FF000000FF000000FF000000FF000000FF000000FFA9F922FFA9F922FF000000FF000000FF000000FF000000FFA9F922FFA9F922FF000000FF000000FF000000FF000000FF000000FF000000FFA9F922FFA9F922FF000000FF000000FF000000FF000000FF000000FF000000FF000000FF000000FF000000FF000000FF000000FF000000FF000000FF000000FF000000FF000000FF000000FF000000FF000000FF000000FFA9F922FFA9F922FF000000FF000000FF000000FF000000FF000000FF000000FF000000FF000000FF000000FF000000FFA9F922FFA9F922FF000000FF000000FF000000FF000000FF000000FF000000FF000000FF000000FF000000FF000000FF000000FF000000FF000000FF000000FF000000FF000000FF000000FF000000FF000000FF000000FF000000FF000000FF000000FF000000FF000000FF000000FFA9F922FFA9F922FF000000FF000000FF000000FF000000FF000000FF000000FF000000FF000000FF000000FF000000FF000000FF000000FFA9F922FFA9F922FF000000FF000000FF000000FF000000FF000000FF000000FFA9F922FFA9F922FF000000FF000000FF000000FF000000FF000000FF000000FF000000FF000000FF000000FF000000FF000000FF000000FF000000FF000000FF000000FF000000FF000000FF000000FF000000FF000000FF000000FF000000FF000000FF000000FFA9F922FFA9F922FF000000FF000000FF000000FF000000FF000000FF000000FFA9F922FFA9F922FF000000FF000000FF000000FF000000FF000000FF000000FFA9F922FFA9F922FF000000FF000000FF000000FF000000FF000000FF000000FF000000FF000000FF000000FF000000FF000000FF000000FF000000FF000000FF000000FF000000FF000000FF000000FF000000FF000000FF000000FF000000FF000000FF000000FF000000FF000000FF000000FF000000FF000000FF000000FF000000FF000000FF000000FF000000FF000000FF000000FF000000FF000000FF000000FF000000FF000000FF000000FF000000FF000000FF000000FF000000FF000000FF000000FF000000FF000000FF000000FF000000FF000000FF000000FF000000FF000000FF000000FF000000FF000000FF000000FF000000FF000000FF000000FF000000FF000000FF000000FF000000FF000000FF000000FF000000FF000000FF000000FF000000FF000000FF000000FF000000FF000000FF000000FF000000FF000000FF000000FF000000FF000000FF000000FF000000FF000000FF000000FF000000FF000000FF000000FF000000FF000000FF000000FF000000FF000000FF000000FF000000FF000000FF000000FF000000FF000000FF000000FF000000FF000000FF000000FF000000FF000000FF000000FF000000FF000000FF000000FF000000FF000000FF000000FF000000FF000000FF000000FF000000FF000000FF000000FF000000FF000000FF000000FF000000FF000000FF000000FF000000FF000000FF000000FF000000FF000000FF000000FF000000FF000000FF000000FF000000FF000000FF000000FF000000FF000000FF000000FF000000FF000000FF000000FF000000FF000000FF000000FF000000FF000000FF000000FF000000FF000000FF000000FF000000FF000000FF000000FF000000FF000000FF000000FF000000FF000000FF000000FF000000FF000000FF000000FF000000FF000000FF000000FF000000FF000000FF000000FF000000FF000000FF000000FF000000FF000000FF000000FF000000FF000000FF000000FF000000FF000000FF000000FF000000FF000000FF000000FF000000FF000000FF000000FF000000FF000000FF000000FF000000FF000000FF000000FF000000FF000000FF000000FF000000FF000000FF000000FF000000FF000000FF000000FF000000FF000000FF000000FF000000FF000000FF000000FF000000FF000000FF000000FF000000FF000000FF000000FF000000FF000000FF000000FF000000FF000000FF000000FF000000FF000000FF000000FF000000FF000000FF000000FF000000FF000000FF000000FF000000FF000000FF000000FF000000FF000000FF000000FF000000FF000000FF000000FF000000FF000000FF000000FF000000FF000000FF000000FF000000FF000000FF000000FF000000FF000000FF000000FF000000FF000000FF000000FF000000FF000000FF000000FF000000FF000000FF000000FF000000FF000000FF000000FF000000FF000000FF000000FF000000FF000000FF000000FF000000FF000000FF000000FF000000FF000000FF000000FF000000FF000000FF000000FF000000FF000000FF000000FF000000FF000000FF000000FF000000FF000000FF000000FF000000FF000000FF000000FF000000FF000000FF000000FF000000FF000000FF000000FF000000FF000000FF000000FF000000FF000000FF000000FF000000FF000000FF000000FF000000FF000000FF000000FF000000FF000000FF000000FF000000FF000000FF000000FF000000FF000000FF000000FF000000FF000000FF000000FF000000FF000000FF000000FF000000FF000000FF000000FF000000FF000000FF000000FF000000FF000000FF000000FF000000FF000000FF000000FF000000FF000000FF000000FF000000FF000000FF000000FF000000FF000000FF000000FF000000FF000000FF000000FF000000FF000000FF000000FF000000FF000000FF000000FF000000FF000000FF000000FF000000FF000000FF000000FF000000FF000000FF000000FF000000FF000000FF000000FF000000FF000000FF000000FF000000FFA9F922FFA9F922FFA9F922FFA9F922FFA9F922FFA9F922FF000000FF000000FF000000FF000000FF000000FF000000FF000000FF000000FFA9F922FFA9F922FFA9F922FFA9F922FFA9F922FFA9F922FF000000FF000000FF000000FF000000FF000000FF000000FF000000FF000000FF000000FF000000FF000000FF000000FF000000FF000000FF000000FF000000FF000000FF000000FF000000FF000000FF000000FF000000FFA9F922FFA9F922FFA9F922FFA9F922FFA9F922FFA9F922FF000000FF000000FF000000FF000000FF000000FF000000FF000000FF000000FFA9F922FFA9F922FFA9F922FFA9F922FFA9F922FFA9F922FF000000FF000000FF000000FF000000FF000000FF000000FF000000FF000000FF000000FF000000FF000000FF000000FF000000FF000000FF000000FF000000FF000000FF000000FF000000FF000000FF000000FF000000FFA9F922FFA9F922FF000000FF000000FF000000FF000000FF000000FF000000FF000000FF000000FF000000FF000000FFA9F922FFA9F922FFA9F922FFA9F922FFA9F922FFA9F922FFA9F922FFA9F922FFA9F922FFA9F922FF000000FF000000FF000000FF000000FF000000FF000000FF000000FF000000FF000000FF000000FF000000FF000000FF000000FF000000FF000000FF000000FF000000FF000000FFA9F922FFA9F922FFA9F922FFA9F922FFA9F922FFA9F922FFA9F922FFA9F922FFA9F922FFA9F922FF000000FF000000FF000000FF000000FF000000FF000000FFA9F922FFA9F922FFA9F922FFA9F922FFA9F922FFA9F922FF000000FF000000FF000000FF000000FF000000FF000000FF000000FF000000FF000000FF000000FF000000FF000000FF000000FF000000FF000000FF000000FF000000FF000000FF000000FF000000FF000000FF000000FF000000FF000000FF000000FF000000FFA9F922FFA9F922FF000000FF000000FF000000FF000000FF000000FF000000FF000000FF000000FFA9F922FFA9F922FFA9F922FFA9F922FFA9F922FFA9F922FF000000FF000000FF000000FF000000FF000000FF000000FF000000FF000000FF000000FF000000FF000000FF000000FF000000FF000000FF000000FF000000FF000000FF000000FF000000FF000000FF000000FF000000FF000000FF000000FF000000FF000000FF000000FF000000FF000000FF000000FF000000FF000000FF000000FF000000FF000000FF000000FF000000FF000000FF000000FF000000FF000000FF000000FF000000FF000000FF000000FF000000FF000000FF000000FF000000FF000000FF000000FF000000FF000000FF000000FF000000FF000000FF000000FF000000FF000000FF000000FF000000FF000000FF000000FF000000FF000000FF000000FF000000FF000000FF000000FF000000FF000000FF000000FF000000FF000000FF000000FF000000FF000000FF000000FF000000FF000000FF000000FF000000FF000000FF000000FF000000FF000000FF000000FF000000FF000000FF000000FF000000FF000000FF000000FF000000FF000000FF000000FF000000FF000000FF000000FF000000FF000000FF000000FF000000FF000000FF000000FF000000FF000000FF000000FF000000FF000000FF000000FF000000FF000000FF000000FF000000FF000000FF000000FF000000FF000000FF000000FF000000FF000000FF000000FF000000FF000000FF000000FF000000FF000000FF000000FF000000FF000000FF000000FF000000FF000000FF000000FF000000FF000000FF000000FF000000FF000000FF000000FF000000FF000000FF000000FF000000FF000000FF000000FF000000FF000000FF000000FF000000FF000000FF000000FF000000FF000000FF000000FF000000FF000000FF000000FF000000FF000000FF000000FF000000FF000000FF000000FF000000FF000000FF000000FF000000FF000000FF000000FF000000FF000000FF000000FF000000FF000000FF000000FF000000FF000000FF000000FF000000FF000000FF000000FF000000FF000000FF000000FF000000FF000000FF000000FF000000FF000000FF000000FF000000FF000000FF000000FF000000FF000000FF000000FF000000FF000000FF000000FF000000FF000000FF000000FF000000FF000000FF000000FF000000FF000000FF000000FF000000FF000000FF000000FF000000FF000000FF000000FF000000FF000000FF000000FF000000FF000000FF000000FF000000FF000000FF000000FF000000FF000000FF000000FF000000FF000000FF000000FF000000FF000000FF000000FF000000FF000000FF000000FF000000FF000000FF000000FF000000FF000000FF000000FF000000FF000000FF000000FF000000FF000000FF000000FF000000FF000000FF000000FF000000FF000000FF000000FF000000FF000000FF000000FF000000FF000000FF000000FF000000FF000000FF000000FF000000FF000000FF000000FF000000FF000000FF000000FF000000FF000000FF000000FF000000FF000000FF000000FF000000FF000000FF000000FF000000FF000000FF000000FF000000FF000000FF000000FF000000FF000000FF000000FF000000FF000000FF000000FF000000FF000000FF000000FF000000FF000000FF000000FF000000FF000000FF000000FF000000FF000000FF000000FF000000FF000000FF000000FF000000FF000000FF000000FF000000FF000000FF000000FF000000FF000000FF000000FF000000FF000000FF000000FF000000FF000000FF000000FF000000FF000000FF000000FF000000FF000000FF000000FF000000FF000000FF000000FF000000FF000000FF000000FF000000FF000000FF000000FF000000FF000000FF000000FF000000FF000000FF000000FF000000FF000000FF000000FF000000FF000000FF000000FF000000FF000000FF000000FF000000FF000000FF000000FF000000FF000000FF000000FF000000FF000000FF000000FF000000FF000000FF000000FF000000FF000000FF000000FF000000FF000000FF000000FF000000FF000000FF000000FFA9F922FFA9F922FFA9F922FFA9F922FFA9F922FFA9F922FF000000FF000000FF000000FF000000FF000000FF000000FF000000FF000000FFA9F922FFA9F922FFA9F922FFA9F922FFA9F922FFA9F922FF000000FF000000FF000000FF000000FF000000FF000000FF000000FF000000FF000000FF000000FF000000FF000000FF000000FF000000FF000000FF000000FF000000FF000000FF000000FF000000FF000000FF000000FFA9F922FFA9F922FFA9F922FFA9F922FFA9F922FFA9F922FF000000FF000000FF000000FF000000FF000000FF000000FF000000FF000000FFA9F922FFA9F922FFA9F922FFA9F922FFA9F922FFA9F922FF000000FF000000FF000000FF000000FF000000FF000000FF000000FF000000FF000000FF000000FF000000FF000000FF000000FF000000FF000000FF000000FF000000FF000000FF000000FF000000FF000000FF000000FFA9F922FFA9F922FF000000FF000000FF000000FF000000FF000000FF000000FF000000FF000000FF000000FF000000FFA9F922FFA9F922FFA9F922FFA9F922FFA9F922FFA9F922FFA9F922FFA9F922FFA9F922FFA9F922FF000000FF000000FF000000FF000000FF000000FF000000FF000000FF000000FF000000FF000000FF000000FF000000FF000000FF000000FF000000FF000000FF000000FF000000FFA9F922FFA9F922FFA9F922FFA9F922FFA9F922FFA9F922FFA9F922FFA9F922FFA9F922FFA9F922FF000000FF000000FF000000FF000000FF000000FF000000FFA9F922FFA9F922FFA9F922FFA9F922FFA9F922FFA9F922FF000000FF000000FF000000FF000000FF000000FF000000FF000000FF000000FF000000FF000000FF000000FF000000FF000000FF000000FF000000FF000000FF000000FF000000FF000000FF000000FF000000FF000000FF000000FF000000FF000000FF000000FFA9F922FFA9F922FF000000FF000000FF000000FF000000FF000000FF000000FF000000FF000000FFA9F922FFA9F922FFA9F922FFA9F922FFA9F922FFA9F922FF000000FF000000FF000000FF000000FF000000FF000000FF000000FF000000FF000000FF000000FF000000FF000000FF000000FF000000FF000000FF000000FF000000FF000000FF000000FF000000FF000000FF000000FF000000FF000000FF000000FF000000FF000000FF000000FF000000FF000000FF000000FF000000FF000000FF000000FF000000FF000000FF000000FF000000FF000000FF000000FF000000FF000000FF000000FF000000FF000000FF000000FF000000FF000000FF000000FF000000FF000000FF000000FF000000FF000000FF000000FF000000FF000000FF000000FF000000FF000000FF000000FF000000FF000000FF000000FF000000FF000000FF000000FF000000FF000000FF000000FF000000FF000000FF000000FF000000FF000000FF000000FF000000FF000000FF000000FF000000FF000000FF000000FF000000FF000000FF000000FF000000FF000000FF000000FF000000FF000000FF000000FF000000FF000000FF000000FF000000FF000000FF000000FF000000FF000000FF000000FF000000FF000000FF000000FF000000FF000000FF000000FF000000FF000000FF000000FF000000FF000000FF000000FF000000FF000000FF000000FF000000FF000000FF000000FF000000FF000000FF000000FF000000FF000000FF000000FF000000FF000000FF000000FF000000FF000000FF000000FF000000FF000000FF000000FF000000FF000000FF000000FF000000FF000000FF000000FF000000FF000000FF000000FF000000FF000000FF000000FF000000FF000000FF000000FF000000FF000000FF000000FF000000FF000000FF000000FF000000FF000000FF000000FF000000FF000000FF000000FF000000FF000000FF000000FF000000FF000000FF000000FF000000FF000000FF000000FF000000FF000000FF000000FF000000FF000000FF000000FF000000FF000000FF000000FF000000FF000000FF000000FF000000FF000000FF000000FF000000FF000000FF000000FF000000FF000000FF000000FF000000FF000000FF000000FF000000FF000000FF000000FF000000FF000000FF000000FF000000FF000000FF000000FF000000FF000000FF000000FF000000FF000000FF000000FF000000FF000000FF000000FF000000FF000000FF000000FF000000FF000000FF000000FF000000FF000000FF000000FF000000FF000000FF000000FF000000FF000000FF000000FF000000FF000000FF000000FF000000FF000000FF000000FF000000FF000000FF000000FF000000FF000000FF000000FF000000FF000000FF000000FF000000FF000000FF000000FF000000FF000000FF000000FF000000FF000000FF000000FF000000FF000000FF000000FF000000FF000000FF000000FF000000FF000000FF000000FF000000FF000000FF000000FF000000FF000000FF000000FF000000FF000000FF000000FF000000FF000000FF000000FF000000FF000000FF000000FF000000FF000000FF000000FF000000FF000000FF000000FF000000FF000000FF000000FF000000FF000000FF000000FF000000FF000000FF000000FF000000FF000000FF000000FF000000FF000000FF000000FF000000FF000000FF000000FF000000FF000000FF000000FF000000FF000000FF000000FF000000FF000000FF000000FF000000FF000000FF000000FF000000FF000000FF000000FF000000FF000000FF000000FF000000FF000000FF000000FF000000FF000000FF000000FF000000FF000000FF000000FF000000FF000000FF000000FF000000FF000000FF000000FF000000FF000000FF000000FF000000FF000000FF000000FF000000FF000000FF000000FF000000FF000000FF000000FF000000FF000000FF000000FF000000FF000000FF000000FF000000FF000000FF000000FF000000FF000000FF000000FF000000FF000000FF000000FF000000FF000000FF000000FF000000FF000000FF000000FF000000FF000000FF000000FF000000FF000000FF000000FF000000FF000000FF000000FF000000FF000000FF000000FF000000FF000000FF000000FF000000FF000000FF000000FF000000FF000000FF000000FF000000FF000000FF000000FF000000FF000000FF000000FF000000FF000000FF000000FF000000FF000000FF000000FF000000FF000000FF000000FF000000FF000000FF000000FF000000FF000000FF000000FF000000FF000000FF000000FF000000FF000000FF000000FF000000FF000000FF000000FF000000FF000000FF000000FF000000FF000000FF000000FF000000FF000000FF000000FF000000FF000000FF000000FF000000FF000000FF000000FF000000FF000000FF000000FF000000FF000000FF000000FF000000FF000000FF000000FF000000FF000000FF000000FF000000FF000000FF000000FF000000FF000000FF000000FF000000FF000000FF000000FF000000FF000000FF000000FF000000FF000000FF000000FF000000FF000000FF000000FF000000FF000000FF000000FF000000FF000000FF000000FF000000FF000000FF000000FF000000FF000000FF000000FF000000FF000000FF000000FF000000FF000000FF000000FF000000FF000000FF000000FF000000FF000000FF000000FF000000FF000000FF000000FF000000FF000000FF000000FF000000FF000000FF000000FF000000FF000000FF000000FF000000FF000000FF000000FF000000FF000000FF000000FF000000FF000000FF000000FF000000FF000000FF000000FF000000FF000000FF000000FF000000FF000000FF000000FF000000FF000000FF000000FF000000FF000000FF000000FF000000FF000000FF000000FF000000FF000000FF000000FF000000FF000000FF000000FF000000FF000000FF000000FF000000FF000000FF000000FF000000FF000000FF000000FF000000FF000000FF000000FF000000FF000000FF000000FF000000FF000000FF000000FF000000FF000000FF000000FF000000FF000000FF000000FF000000FF000000FF000000FF000000FF000000FF000000FF000000FF000000FF000000FF000000FF000000FF000000FF000000FF000000FF000000FF000000FF000000FF000000FF000000FF000000FF000000FF000000FF000000FF000000FF000000FF000000FF000000FF000000FF000000FF000000FF000000FF000000FF000000FF000000FF000000FF000000FF000000FF000000FF000000FF000000FF000000FF000000FF000000FF000000FF000000FF000000FF000000FF000000FF000000FF000000FF000000FF000000FF000000FF000000FF000000FF000000FF000000FF000000FF000000FF000000FF000000FF000000FF000000FF000000FF000000FF000000FF000000FF000000FF000000FF000000FF000000FF000000FF000000FF000000FF000000FF000000FF000000FF000000FF000000FF000000FF000000FF000000FF000000FF000000FF000000FF000000FF000000FF000000FF000000FF000000FF000000FF000000FF000000FF000000FF000000FF000000FF000000FF000000FF000000FF000000FF000000FF000000FF000000FF000000FF000000FF000000FF000000FF000000FF000000FF000000FF000000FF000000FF000000FF000000FF000000FF000000FF000000FF000000FF000000FF000000FF000000FF000000FF000000FF000000FF000000FF000000FF000000FF000000FF000000FF000000FF000000FF000000FF000000FF000000FF000000FF000000FF000000FF000000FF000000FF000000FF000000FF000000FF000000FF000000FF000000FF000000FF000000FF000000FF000000FF000000FF000000FF000000FF000000FF000000FF000000FF000000FF000000FF000000FF000000FF000000FF000000FF000000FF000000FF000000FF000000FF000000FF000000FF000000FF000000FF000000FF000000FF000000FF000000FF000000FF000000FF000000FF000000FF000000FF000000FF000000FF000000FF000000FF000000FF000000FF000000FF000000FF000000FF000000FF000000FF000000FF000000FF000000FF000000FF000000FF000000FF000000FF000000FF000000FF000000FF000000FF000000FF000000FF000000FF000000FF000000FF000000FF000000FF000000FF000000FF000000FF000000FF000000FF000000FF000000FF000000FF000000FF000000FF000000FF000000FF000000FF000000FF000000FF000000FF000000FF000000FF000000FF000000FF000000FF000000FF000000FF000000FF000000FF000000FF000000FF000000FF000000FF000000FF000000FF000000FF000000FF000000FF000000FF000000FF000000FF000000FF000000FF000000FF000000FF000000FF000000FF000000FF000000FF000000FF000000FF000000FF000000FF000000FF000000FF000000FF000000FF000000FF000000FF000000FF000000FF000000FF000000FF000000FF000000FF000000FF000000FF000000FF000000FF000000FF000000FF000000FF000000FF000000FF000000FF000000FF000000FF000000FF000000FF000000FF000000FF000000FF000000FF000000FF000000FF000000FF000000FF000000FF000000FF000000FF000000FF000000FF000000FF000000FF000000FF000000FF000000FF000000FF000000FF000000FF000000FF000000FF000000FF000000FF000000FF000000FF000000FF000000FF000000FF000000FF000000FF000000FF000000FF000000FF000000FF000000FF000000FF000000FF000000FF000000FF000000FF000000FF000000FF000000FF000000FF000000FF000000FF000000FF000000FF000000FF000000FF000000FF000000FF000000FF000000FF000000FF000000FF000000FF000000FF000000FF000000FF000000FF000000FF000000FF000000FF000000FF000000FF000000FF000000FF000000FF000000FF000000FF000000FF000000FF000000FF000000FF000000FF000000FF000000FF000000FF000000FF000000FF000000FF000000FF000000FF000000FF000000FF000000FF000000FF000000FF000000FF000000FF000000FF000000FF000000FF000000FF000000FF000000FF000000FF000000FF000000FF000000FF000000FF000000FF000000FF000000FF000000FF000000FF000000FF000000FF000000FF000000FF000000FF000000FF000000FF000000FF000000FF000000FF000000FF000000FF000000FF000000FF000000FF000000FF000000FF000000FF000000FF000000FF000000FF000000FF000000FF000000FF000000FF000000FF000000FF000000FF000000FF000000FF000000FF000000FF000000FF000000FF000000FF000000FF000000FF000000FF000000FF000000FF000000FF000000FF000000FF000000FF000000FF000000FF000000FF000000FF000000FF000000FF000000FF000000FF000000FF000000FF000000FF000000FF000000FF000000FF000000FF000000FF000000FF000000FF000000FF000000FF000000FF000000FF000000FF000000FF000000FF000000FF000000FF000000FF000000FF000000FF000000FF000000FF000000FF000000FF000000FF000000FF000000FF000000FF000000FF000000FF000000FF000000FF000000FF000000FF000000FF000000FF000000FF000000FF000000FF000000FF000000FF000000FF000000FF000000FF000000FF000000FF000000FF000000FF000000FF000000FF000000FF000000FF000000FF000000FF000000FF000000FF000000FF000000FF000000FF000000FF000000FF000000FF000000FF000000FF000000FF000000FF000000FF000000FF000000FF000000FF000000FF000000FF000000FF000000FF000000FF000000FF000000FF000000FF000000FF000000FF000000FF000000FF000000FF000000FF000000FF000000FF000000FF000000FF000000FF000000FF000000FF000000FF000000FF000000FF000000FF000000FF000000FF000000FF000000FF000000FF000000FF000000FF000000FF000000FF000000FF000000FF000000FF000000FF000000FF000000FF000000FF000000FF000000FF000000FF000000FF000000FF000000FF000000FF000000FF000000FF000000FF000000FF000000FF000000FF000000FF000000FF000000FF000000FF000000FF000000FF000000FF000000FF000000FF000000FF000000FF000000FF000000FF000000FF000000FF000000FF000000FF000000FF000000FF000000FF000000FF000000FF000000FF000000FF000000FF000000FF000000FF000000FF000000FF000000FF000000FF000000FF000000FF000000FF000000FF000000FF000000FF000000FF000000FF000000FF000000FF000000FF000000FF000000FF000000FF000000FF000000FF000000FF000000FF000000FF000000FF000000FF000000FF000000FF000000FF000000FF000000FF000000FF000000FF000000FF000000FF000000FF000000FF000000FF000000FF000000FF000000FF000000FF000000FF000000FF000000FF000000FF000000FF000000FF000000FF000000FF000000FF000000FF000000FF000000FF000000FF000000FF000000FF000000FF000000FF000000FF000000FF000000FF000000FF000000FF000000FF000000FF000000FF000000FF000000FF000000FF000000FF000000FF000000FF000000FF000000FF000000FF000000FF000000FF000000FF000000FF000000FF000000FF000000FF000000FF000000FF000000FF000000FF000000FF000000FF000000FF000000FF000000FF000000FF000000FF000000FF000000FF000000FF000000FF000000FF000000FF000000FF000000FF000000FF000000FF000000FF000000FF000000FF000000FF000000FF000000FF000000FF000000FF000000FF000000FF000000FF000000FF000000FF000000FF000000FF000000FF000000FF000000FF000000FF000000FF000000FF000000FF000000FF000000FF000000FF000000FF000000FF000000FF000000FF000000FF000000FF000000FF000000FF000000FF000000FF000000FF000000FF000000FF000000FF000000FF000000FF000000FF000000FF000000FF000000FF000000FF000000FF000000FF000000FF000000FF000000FF000000FF000000FF000000FF000000FF000000FF000000FF000000FF000000FF000000FF000000FF000000FF000000FF000000FF000000FF000000FF000000FF000000FF000000FF000000FF000000FF000000FF000000FF000000FF000000FF000000FF000000FF000000FF000000FF000000FF000000FF000000FF000000FF000000FF000000FF000000FF000000FF000000FF000000FF000000FF000000FF000000FF000000FF000000FF000000FF000000FF000000FF000000FF000000FF000000FF000000FF000000FF000000FF000000FF000000FF000000FF000000FF000000FF000000FF000000FF000000FF000000FF000000FF000000FF000000FF000000FF000000FF000000FF000000FF000000FF000000FF000000FF000000FF000000FF000000FF000000FF000000FF000000FF000000FF000000FF000000FF000000FF000000FF000000FF000000FF000000FF000000FF000000FF000000FF000000FF000000FF000000FF000000FF000000FF000000FF000000FF000000FF000000FF000000FF000000FF000000FF000000FF000000FF000000FF000000FF000000FF000000FF000000FF000000FF000000FF000000FF000000FF000000FF000000FF000000FF000000FF000000FF000000FF000000FF000000FF000000FF000000FF000000FF000000FF000000FF000000FF000000FF000000FF000000FF000000FF000000FF000000FF000000FF000000FF000000FF000000FF000000FF000000FF000000FF000000FF000000FF000000FF000000FF000000FF000000FF000000FF000000FF000000FF000000FF000000FF000000FF000000FF000000FF000000FF000000FF000000FF000000FF000000FF000000FF000000FF000000FF000000FF000000FF000000FF000000FF000000FF000000FF000000FF000000FF000000FF000000FF000000FF000000FF000000FF000000FF000000FF000000FF000000FF000000FF000000FF000000FF000000FF000000FF000000FF000000FF000000FF000000FF000000FF000000FF000000FF000000FF000000FF000000FF000000FF000000FF000000FF000000FF000000FF000000FF000000FF000000FF000000FF000000FF000000FF000000FF000000FF000000FF000000FF000000FF000000FF000000FF000000FF000000FF000000FF000000FF000000FF000000FF000000FF000000FF000000FF000000FF000000FF000000FF000000FF000000FF000000FF000000FF000000FF000000FF000000FF000000FF000000FF000000FF000000FF000000FF000000FF000000FF000000FF000000FF000000FF000000FF000000FF000000FF000000FF000000FF000000FF000000FF000000FF000000FF000000FF000000FF000000FF000000FF000000FF000000FF000000FF000000FF000000FF000000FF000000FF000000FF000000FF000000FF000000FF000000FF000000FF000000FF000000FF000000FF000000FF000000FF000000FF000000FF000000FF000000FF000000FF000000FF000000FF000000FF000000FF000000FF000000FF000000FF000000FF000000FF000000FF000000FF000000FF000000FF000000FF000000FF000000FF000000FF000000FF000000FF000000FF000000FF000000FF000000FF000000FF000000FF000000FF000000FF000000FF000000FF000000FF000000FF000000FF000000FF000000FF000000FF000000FF000000FF000000FF000000FF000000FF000000FF000000FF000000FF000000FF000000FF000000FF000000FF000000FF000000FF000000FF000000FF000000FF000000FF000000FF000000FF000000FF000000FF000000FF000000FF000000FF000000FF000000FF000000FF000000FF000000FF000000FF000000FF000000FF000000FF000000FF000000FF000000FF000000FF000000FF000000FF000000FF000000FF000000FF000000FF000000FF000000FF000000FF000000FF000000FF000000FF000000FF000000FF000000FF000000FF000000FF000000FF000000FF000000FF000000FF000000FF000000FF000000FF000000FF000000FF000000FF000000FF000000FF000000FF000000FF000000FF000000FF000000FF000000FF000000FF000000FF000000FF000000FF000000FF000000FF000000FF000000FF000000FF000000FF000000FF000000FF000000FF000000FF000000FF000000FF000000FF000000FF000000FF000000FF000000FF000000FF000000FF000000FF000000FF000000FF000000FF000000FF000000FF000000FF000000FF000000FF000000FF000000FF000000FF000000FF000000FF000000FF000000FF000000FF000000FF000000FF000000FF000000FF000000FF000000FF000000FF000000FF000000FF000000FF000000FF000000FF000000FF000000FF000000FF000000FF000000FF000000FF000000FF000000FF000000FF000000FF000000FF000000FF000000FF000000FF000000FF000000FF000000FF000000FF000000FF000000FF000000FF000000FF000000FF000000FF000000FF000000FF000000FF000000FF000000FF000000FF000000FF000000FF000000FF000000FF000000FF000000FF000000FF000000FF000000FF000000FF000000FF000000FF000000FF000000FF000000FF000000FF000000FF000000FF000000FF000000FF000000FF000000FF000000FF000000FF000000FF000000FF000000FF000000FF000000FF000000FF000000FF000000FF000000FF000000FF000000FF000000FF000000FF000000FF000000FF000000FF000000FF000000FF000000FF000000FF000000FF000000FF000000FF000000FF000000FF000000FF000000FF000000FF000000FF000000FF000000FF000000FF000000FF000000FF000000FF000000FF000000FF000000FF000000FF000000FF000000FF000000FF000000FF000000FF000000FF000000FF000000FF000000FF000000FF000000FF000000FF000000FF000000FF000000FF000000FF000000FF000000FF000000FF000000FF000000FF000000FF000000FF000000FF000000FF000000FF000000FF000000FF000000FF000000FF000000FF000000FF000000FF000000FF000000FF000000FF000000FF000000FF000000FF000000FF000000FF000000FF000000FF000000FF000000FF000000FF000000FF000000FF000000FF000000FF000000FF000000FF000000FF000000FF000000FF000000FF000000FF000000FF000000FF000000FF000000FF000000FF000000FF000000FF000000FF000000FF000000FF000000FF000000FF000000FF000000FF000000FF000000FF000000FF000000FF000000FF000000FF000000FF000000FF000000FF000000FF000000FF000000FF000000FF000000FF000000FF000000FF000000FF000000FF000000FF000000FF000000FF000000FF000000FF000000FF000000FF000000FF000000FF000000FF000000FF000000FF000000FF000000FF000000FF000000FF000000FF000000FF000000FF000000FF000000FF000000FF000000FF000000FF000000FF000000FF000000FF000000FF000000FF000000FF000000FF000000FF000000FF000000FF000000FF000000FF000000FF000000FF000000FF000000FF000000FF000000FF000000FF000000FF000000FF000000FF000000FF000000FF000000FF000000FF000000FF000000FF000000FF000000FF000000FF000000FF000000FF000000FF000000FF000000FF000000FF000000FF000000FF000000FF000000FF000000FF000000FF000000FF000000FF000000FF000000FF000000FF000000FF000000FF000000FF000000FF000000FF000000FF000000FF000000FF000000FF000000FF000000FF000000FF000000FF000000FF000000FF000000FF000000FF000000FF000000FF000000FF000000FF000000FF000000FF000000FF000000FF000000FF000000FF000000FF000000FF000000FF000000FF000000FF000000FF000000FF000000FF000000FF000000FF000000FF000000FF000000FF000000FF000000FF000000FF000000FF000000FF000000FF000000FF000000FF000000FF000000FF000000FF000000FF000000FF000000FF000000FF000000FF000000FF000000FF000000FF000000FF000000FF000000FF000000FF000000FF000000FF000000FF000000FF000000FF000000FF000000FF000000FF000000FF000000FF000000FF000000FF000000FF000000FF000000FF000000FF000000FF000000FF000000FF000000FF000000FF000000FF000000FF000000FF000000FF000000FF000000FF000000FF000000FF000000FF000000FF000000FF000000FF000000FF000000FF000000FF000000FF000000FF000000FF000000FF000000FF000000FF000000FF000000FF000000FF000000FF000000FF000000FF000000FF000000FF000000FF000000FF000000FF000000FF000000FF000000FF000000FF000000FF000000FF000000FF000000FF000000FF000000FF000000FF000000FF000000FF000000FF000000FF000000FF000000FF000000FF000000FF000000FF000000FF000000FF000000FF000000FF000000FF000000FF000000FF000000FF000000FF000000FF000000FF000000FF000000FF000000FF000000FF000000FF000000FF000000FF000000FF000000FF000000FF000000FF000000FF000000FF000000FF000000FF000000FF000000FF000000FF000000FF000000FF000000FF000000FF000000FF000000FF000000FF000000FF000000FF000000FF000000FF000000FF000000FF000000FF000000FF000000FF000000FF000000FF000000FF000000FF000000FF000000FF000000FF000000FF000000FF000000FF000000FF000000FF000000FF000000FF000000FF000000FF000000FF000000FF000000FF000000FF000000FF000000FF000000FF000000FF000000FF000000FF000000FF000000FF000000FF000000FF000000FF000000FF000000FF000000FF000000FF000000FF000000FF000000FF000000FF000000FF000000FF000000FF000000FF000000FF000000FF000000FF000000FF000000FF000000FF000000FF000000FF000000FF000000FF000000FF000000FF000000FF000000FF000000FF000000FF000000FF000000FF000000FF000000FF000000FF000000FF000000FF000000FF000000FF000000FF000000FF000000FF000000FF000000FF000000FF000000FF000000FF000000FF000000FF000000FF000000FF000000FF000000FF000000FF000000FF000000FF000000FF000000FF000000FF000000FF000000FF000000FF000000FF000000FF000000FF000000FF000000FF000000FF000000FF000000FF000000FF000000FF000000FF000000FF000000FF000000FF000000FF000000FF000000FF000000FF000000FF000000FF000000FF000000FF000000FF000000FF000000FF000000FF000000FF000000FF000000FF000000FF000000FF000000FF000000FF000000FF000000FF000000FF000000FF000000FF000000FF000000FF000000FF000000FF000000FF000000FF000000FF000000FF000000FF000000FF000000FF000000FF000000FF000000FF000000FF000000FF000000FF000000FF000000FF000000FF000000FF000000FF000000FF000000FF000000FF000000FF000000FF000000FF000000FF000000FF000000FF000000FF000000FF000000FF000000FF000000FF000000FF000000FF000000FF000000FF000000FF000000FF000000FF000000FF000000FF000000FF000000FF000000FF000000FF000000FF000000FF000000FF000000FF000000FF000000FF000000FF000000FF000000FF000000FF000000FF000000FF000000FF000000FF000000FF000000FF000000FF000000FF000000FF000000FF000000FF000000FF000000FF000000FF000000FF000000FF000000FF000000FF000000FF000000FF000000FF000000FF000000FF000000FF000000FF000000FF000000FF000000FF000000FF000000FF000000FF000000FF000000FF000000FF000000FF000000FF000000FF000000FF000000FF000000FF000000FF000000FF000000FF000000FF000000FF000000FF000000FF000000FF000000FF000000FF000000FF000000FF000000FF000000FF000000FF000000FF000000FF000000FF000000FF000000FF000000FF000000FF000000FF000000FF000000FF000000FF000000FF000000FF000000FF000000FF000000FF000000FF000000FF000000FF000000FF000000FF000000FF000000FF000000FF000000FF000000FF000000FF000000FF000000FF000000FF000000FF000000FF000000FF000000FF000000FF000000FF000000FF000000FF000000FF000000FF000000FF000000FF000000FF000000FF000000FF000000FF000000FF000000FF000000FF000000FF000000FF000000FF000000FF000000FF000000FF000000FF000000FF000000FF000000FF000000FF000000FF000000FF000000FF000000FF000000FF000000FF000000FF000000FF000000FF000000FF000000FF000000FF000000FF000000FF000000FF000000FF000000FF000000FF000000FF000000FF000000FF000000FF000000FF000000FF000000FF000000FF000000FF000000FF000000FF000000FF000000FF000000FF000000FF000000FF000000FF000000FF000000FF000000FF000000FF000000FF000000FF000000FF000000FF000000FF000000FF000000FF000000FF000000FF000000FF000000FF000000FF000000FF000000FF000000FF000000FF000000FF000000FF000000FF000000FF000000FF000000FF000000FF000000FF000000FF000000FF000000FF000000FF000000FF000000FF000000FF000000FF000000FF000000FF000000FF000000FF000000FF000000FF000000FF000000FF000000FF000000FF000000FF000000FF000000FF000000FF000000FF000000FF000000FF000000FF000000FF000000FF000000FF000000FF000000FF000000FF000000FF000000FF000000FF000000FF000000FF000000FF000000FF000000FF000000FF000000FF000000FF000000FF000000FF000000FF000000FF000000FF000000FF000000FF000000FF000000FF000000FF000000FF000000FF000000FF000000FF000000FF000000FF000000FF000000FF000000FF000000FF000000FF000000FF000000FF000000FF000000FF000000FF000000FF000000FF000000FF000000FF000000FF000000FF000000FF000000FF000000FF000000FF000000FF000000FF000000FF000000FF000000FF000000FF000000FF000000FF000000FF000000FF000000FF000000FF000000FF000000FF000000FF000000FF000000FF000000FF000000FF000000FF000000FF000000FF000000FF000000FF000000FF000000FF000000FF000000FF000000FF000000FF000000FF000000FF000000FF000000FF000000FF000000FF000000FF000000FF000000FF000000FF000000FF000000FF000000FF000000FF000000FF000000FF000000FF000000FF000000FF000000FF000000FF000000FF000000FF000000FF000000FF000000FF000000FF000000FF000000FF000000FF000000FF000000FF000000FF000000FF000000FF000000FF000000FF000000FF000000FF000000FF000000FF000000FF000000FF000000FF000000FF000000FF000000FF000000FF000000FF000000FF000000FF000000FF000000FF000000FF000000FF000000FF000000FF000000FF000000FF000000FF000000FF000000FF000000FF000000FF000000FF000000FF000000FF000000FF000000FF000000FF000000FF000000FF000000FF000000FF000000FF000000FF000000FF000000FF000000FF000000FF000000FF000000FF000000FF000000FF000000FF000000FF000000FF000000FF000000FF000000FF000000FF000000FF000000FF000000FF000000FF000000FF000000FF000000FF000000FF000000FF000000FF000000FF000000FF000000FF000000FF000000FF000000FF000000FF000000FF000000FF000000FF000000FF000000FF000000FF000000FF000000FF000000FF000000FF000000FF000000FF000000FF000000FF000000FF000000FF000000FF000000FF000000FF000000FF000000FF000000FF000000FF000000FF000000FF000000FF000000FF000000FF000000FF000000FF000000FF000000FF000000FF000000FF000000FF000000FF000000FF000000FF000000FF000000FF000000FF000000FF000000FF000000FF000000FF000000FF000000FF000000FF000000FF000000FF000000FF000000FF000000FF000000FF000000FF000000FF000000FF000000FF000000FF000000FF000000FF000000FF000000FF000000FF000000FF000000FF000000FF000000FF000000FF000000FF000000FF000000FF000000FF000000FF000000FF000000FF000000FF000000FF000000FF000000FF000000FF000000FF000000FF000000FF000000FF000000FF000000FF000000FF000000FF000000FF000000FF000000FF000000FF000000FF000000FF000000FF000000FF000000FF000000FF000000FF000000FF000000FF000000FF000000FF000000FF000000FF000000FF000000FF000000FF000000FF000000FF000000FF000000FF000000FF000000FF000000FF000000FF000000FF000000FF000000FF000000FF000000FF000000FF000000FF000000FF000000FF000000FF000000FF000000FF000000FF000000FF000000FF000000FF000000FF000000FF000000FF000000FF000000FF000000FF000000FF000000FF000000FF000000FF000000FF000000FF000000FF000000FF000000FF000000FF000000FF000000FF000000FF000000FF000000FF000000FF000000FF000000FF000000FF000000FF000000FF000000FF000000FF000000FF000000FF000000FF000000FF000000FF000000FF000000FF000000FF000000FF000000FF000000FF000000FF000000FF000000FF000000FF000000FF000000FF000000FF000000FF000000FF000000FF000000FF000000FF000000FF000000FF000000FF000000FF000000FF000000FF000000FF000000FF000000FF000000FF000000FF000000FF000000FF000000FF000000FF000000FF000000FF000000FF000000FF000000FF000000FF000000FF000000FF000000FF000000FF000000FF000000FF000000FF000000FF000000FF000000FF000000FF000000FF000000FF000000FF000000FF000000FF000000FF000000FF000000FF000000FF000000FF000000FF000000FF000000FF000000FF000000FF000000FF000000FF000000FF000000FF000000FF000000FF000000FF000000FF000000FF000000FF000000FF000000FF000000FF000000FF000000FF000000FF000000FF000000FF000000FF000000FF000000FF000000FF000000FF000000FF000000FF000000FF000000FF000000FF000000FF000000FF000000FF000000FF000000FF000000FF000000FF000000FF000000FF000000FF000000FF000000FF000000FF000000FF000000FF000000FF000000FF000000FF000000FF000000FF000000FF000000FF000000FF000000FF000000FF000000FF000000FF000000FF000000FF000000FF000000FF000000FF000000FF000000FF000000FF000000FF000000FF000000FF000000FF000000FF000000FF000000FF000000FF000000FF000000FF000000FF000000FF000000FF000000FF000000FF000000FF000000FF000000FF000000FF000000FF000000FF000000FF000000FF000000FF000000FF000000FF000000FF000000FF000000FF000000FF000000FF000000FF000000FF000000FF000000FF000000FF000000FF000000FF000000FF000000FF000000FF000000FF000000FF000000FF000000FF000000FF000000FF000000FF000000FF000000FF000000FF000000FF000000FF000000FF000000FF000000FF000000FF000000FF000000FF000000FF000000FF000000FF000000FF000000FF000000FF000000FF000000FF000000FF000000FF000000FF000000FF000000FF000000FF000000FF000000FF000000FF000000FF000000FF000000FF000000FF000000FF000000FF000000FF000000FF000000FF000000FF000000FF000000FF000000FF000000FF000000FF000000FF000000FF000000FF000000FF000000FF000000FF000000FF000000FF000000FF000000FF000000FF000000FF000000FF000000FF000000FF000000FF000000FF000000FF000000FF000000FF000000FF000000FF000000FF000000FF000000FF000000FF000000FF000000FF000000FF000000FF000000FF000000FF000000FF000000FF000000FF000000FF000000FF000000FF000000FF000000FF000000FF000000FF000000FF000000FF000000FF000000FF000000FF000000FF000000FF000000FF000000FF000000FF000000FF000000FF000000FF000000FF000000FF000000FF000000FF000000FF000000FF000000FF000000FF000000FF000000FF000000FF000000FF000000FF000000FF000000FF000000FF000000FF000000FF000000FF000000FF000000FF000000FF000000FF000000FF000000FF000000FF000000FF000000FF000000FF000000FF000000FF000000FF000000FF000000FF000000FF000000FF000000FF000000FF000000FF000000FF000000FF000000FF000000FF000000FF000000FF000000FF000000FF000000FF000000FF000000FF000000FF000000FF000000FF000000FF000000FF000000FF000000FF000000FF000000FF000000FF000000FF000000FF000000FF000000FF000000FF000000FF000000FF000000FF000000FF000000FF000000FF000000FF000000FF000000FF000000FF000000FF000000FF000000FF000000FF000000FF000000FF000000FF000000FF000000FF000000FF000000FF000000FF000000FF000000FF000000FF000000FF000000FF000000FF000000FF000000FF000000FF000000FF000000FF000000FF000000FF000000FF000000FF000000FF000000FF000000FF000000FF000000FF000000FF000000FF000000FF000000FF000000FF000000FF000000FF000000FF000000FF000000FF000000FF000000FF000000FF000000FF000000FF000000FF000000FF000000FF000000FF000000FF000000FF000000FF000000FF000000FF000000FF000000FF000000FF000000FF000000FF000000FF000000FF000000FF000000FF000000FF000000FF000000FF000000FF000000FF000000FF000000FF000000FF000000FF000000FF000000FF000000FF000000FF000000FF000000FF000000FF000000FF000000FF000000FF000000FF000000FF000000FF000000FF000000FF000000FF000000FF000000FF000000FF000000FF000000FF000000FF000000FF000000FF000000FF000000FF000000FF000000FF000000FF000000FF000000FF000000FF000000FF000000FF000000FF000000FF000000FF000000FF000000FF000000FF000000FF000000FF000000FF000000FF000000FF000000FF000000FF000000FF000000FF000000FF000000FF000000FF000000FF000000FF000000FF000000FF000000FF000000FF000000FF000000FF000000FF000000FF000000FF000000FF000000FF000000FF000000FF000000FF000000FF000000FF000000FF000000FF000000FF000000FF000000FF000000FF000000FF000000FF000000FF000000FF000000FF000000FF000000FF000000FF000000FF000000FF000000FF000000FF000000FF000000FF000000FF000000FF000000FF000000FF000000FF000000FF000000FF000000FF000000FF000000FF000000FF000000FF000000FF000000FF000000FF000000FF000000FF000000FF000000FF000000FF000000FF000000FF000000FF000000FF000000FF000000FF000000FF000000FF000000FF000000FF000000FF000000FF000000FF000000FF000000FF000000FF000000FF000000FF000000FF000000FF000000FF000000FF000000FF000000FF000000FF000000FF000000FF000000FF000000FF000000FF000000FF000000FF000000FF000000FF000000FF000000FF000000FF000000FF000000FF000000FF000000FF000000FF000000FF000000FF000000FF000000FF000000FF000000FF000000FF000000FF000000FF000000FF000000FF000000FF000000FF000000FF000000FF000000FF000000FF000000FF000000FF000000FF000000FF000000FF000000FF000000FF000000FF000000FF000000FF000000FF000000FF000000FF000000FF000000FF000000FF000000FF000000FF000000FF000000FF000000FF000000FF000000FF000000FF000000FF000000FF000000FF000000FF000000FF000000FF000000FF000000FF000000FF000000FF000000FF000000FF000000FF000000FF000000FF000000FF000000FF000000FF000000FF000000FF000000FF000000FF000000FF000000FF000000FF000000FF000000FF000000FF000000FF000000FF000000FF000000FF000000FF000000FF000000FF000000FF000000FF000000FF000000FF000000FF000000FF000000FF000000FF000000FF000000FF000000FF000000FF000000FF000000FF000000FF000000FF000000FF000000FF000000FF000000FF000000FF000000FF000000FF000000FF000000FF000000FF000000FF000000FF000000FF000000FF000000FF000000FF000000FF000000FF000000FF000000FF000000FF000000FF000000FF000000FF000000FF000000FF000000FF000000FF000000FF000000FF000000FF000000FF000000FF000000FF000000FF000000FF000000FF000000FF000000FF000000FF000000FF000000FF000000FF000000FF000000FF000000FF000000FF000000FF000000FF000000FF000000FF000000FF000000FF000000FF000000FF000000FF000000FF000000FF000000FF000000FF000000FF000000FF000000FF000000FF000000FF000000FF000000FF000000FF000000FF000000FF000000FF000000FF000000FF000000FF000000FF000000FF000000FF000000FF000000FF000000FF000000FF000000FF000000FF000000FF000000FF000000FF000000FF000000FF000000FF000000FF000000FF000000FF000000FF000000FF000000FF000000FF000000FF000000FF000000FF000000FF000000FF000000FF000000FF000000FF000000FF000000FF000000FF000000FF000000FF000000FF000000FF000000FF000000FF000000FF000000FF000000FF000000FF000000FF000000FF000000FF000000FF000000FF000000FF000000FF000000FF000000FF000000FF000000FF000000FF000000FF000000FF000000FF000000FF000000FF000000FF000000FF000000FF000000FF000000FF000000FF000000FF000000FF000000FF000000FF000000FF000000FF000000FF000000FF000000FF000000FF000000FF000000FF000000FF000000FF000000FF000000FF000000FF000000FF000000FF000000FF000000FF000000FF000000FF000000FF000000FF000000FF000000FF000000FF000000FF000000FF000000FF000000FF000000FF000000FF000000FF000000FF000000FF000000FF000000FF000000FF000000FF000000FF000000FF000000FF000000FF000000FF000000FF000000FF000000FF000000FF000000FF000000FF000000FF000000FF000000FF000000FF000000FF000000FF000000FF000000FF000000FF000000FF000000FF000000FF000000FF000000FF000000FF000000FF000000FF000000FF000000FF000000FF000000FF000000FF000000FF000000FF000000FF000000FF000000FF000000FF000000FF000000FF000000FF000000FF000000FF000000FF000000FF000000FF000000FF000000FF000000FF000000FF000000FF000000FF000000FF000000FF000000FF000000FF000000FF000000FF000000FF000000FF000000FF000000FF000000FF000000FF000000FF000000FF000000FF000000FF000000FF000000FF000000FF000000FF000000FF000000FF000000FF000000FF000000FF000000FF000000FF000000FF000000FF000000FF000000FF000000FF000000FF000000FF000000FF000000FF000000FF000000FF000000FF000000FF000000FF000000FF000000FF000000FF000000FF000000FF000000FF000000FF000000FF000000FF000000FF000000FF000000FF000000FF000000FF000000FF000000FF000000FF000000FF000000FF000000FF000000FF000000FF000000FF000000FF000000FF000000FF000000FF000000FF000000FF000000FF000000FF000000FF000000FF000000FF000000FF000000FF000000FF000000FF000000FF000000FF000000FF000000FF000000FF000000FF000000FF000000FF000000FF000000FF000000FF000000FF000000FF000000FF000000FF000000FF000000FF000000FF000000FF000000FF000000FF000000FF000000FF000000FF000000FF000000FF000000FF000000FF000000FF000000FF000000FF000000FF000000FF000000FF000000FF000000FF000000FF000000FF000000FF000000FF000000FF000000FF000000FF000000FF000000FF000000FF000000FF000000FF000000FF000000FF000000FF000000FF000000FF000000FF000000FF000000FF000000FF000000FF000000FF000000FF000000FF000000FF000000FF000000FF000000FF000000FF000000FF000000FF000000FF000000FF000000FF000000FF000000FF000000FF000000FF000000FF000000FF000000FF000000FF000000FF000000FF000000FF000000FF000000FF000000FF000000FF000000FF000000FF000000FF000000FF000000FF000000FF000000FF000000FF000000FF000000FF000000FF000000FF000000FF000000FF000000FF000000FF000000FF000000FF000000FF000000FF000000FF000000FF000000FF000000FF000000FF000000FF000000FF000000FF000000FF000000FF000000FF000000FF000000FF000000FF000000FF000000FF000000FF000000FF000000FF000000FF000000FF000000FF000000FF000000FF000000FF000000FF000000FF000000FF000000FF000000FF000000FF000000FF000000FF000000FF000000FF000000FF000000FF000000FF000000FF000000FF000000FF000000FF000000FF000000FF000000FF000000FF000000FF000000FF000000FF000000FF000000FF000000FF000000FF000000FF000000FF000000FF000000FF000000FF000000FF000000FF000000FF000000FF000000FF000000FF000000FF000000FF000000FF000000FF000000FF000000FF000000FF000000FF000000FF000000FF000000FF000000FF000000FF000000FF000000FF000000FF000000FF000000FF000000FF000000FF000000FF000000FF000000FF000000FF000000FF000000FF000000FF000000FF000000FF000000FF000000FF000000FF000000FF000000FF000000FF000000FF000000FF000000FF000000FF000000FF000000FF000000FF000000FF000000FF000000FF000000FF000000FF000000FF000000FF000000FF000000FF000000FF000000FF000000FF000000FF000000FF000000FF000000FF000000FF000000FF000000FF000000FF000000FF000000FF000000FF000000FF000000FF000000FF000000FF000000FF000000FF000000FF000000FF000000FF000000FF000000FF000000FF000000FF000000FF000000FF000000FF000000FF000000FF000000FF000000FF000000FF000000FF000000FF000000FF000000FF000000FF000000FF000000FF000000FF000000FF000000FF000000FF000000FF000000FF000000FF000000FF000000FF000000FF000000FF000000FF000000FF000000FF000000FF000000FF000000FF000000FF000000FF000000FF000000FF000000FF000000FF000000FF000000FF000000FF000000FF000000FF000000FF000000FF000000FF000000FF000000FF000000FF000000FF000000FF000000FF000000FF000000FF000000FF000000FF000000FF000000FF000000FF000000FF000000FF000000FF000000FF000000FF000000FF000000FF000000FF000000FF000000FF000000FF000000FF000000FF000000FF000000FF000000FF000000FF000000FF000000FF000000FF000000FF000000FF000000FF000000FF000000FF000000FF000000FF000000FF000000FF000000FF000000FF000000FF000000FF000000FF000000FF000000FF000000FF000000FF000000FF000000FF000000FF000000FF000000FF000000FF000000FF000000FF000000FF000000FF000000FF000000FF000000FF000000FF000000FF000000FF000000FF000000FF000000FF000000FF000000FF000000FF000000FF000000FF000000FF000000FF000000FF000000FF000000FF000000FF000000FF000000FF000000FF000000FF000000FF000000FF000000FF000000FF000000FF000000FF000000FF000000FF000000FF000000FF000000FF000000FF000000FF000000FF000000FF000000FF000000FF000000FF000000FF000000FF000000FF000000FF000000FF000000FF000000FF000000FF000000FF000000FF000000FF000000FF000000FF000000FF000000FF000000FF000000FF000000FF000000FF000000FF000000FF000000FF000000FF000000FF000000FF000000FF000000FF000000FF000000FF000000FF000000FF000000FF000000FF000000FF000000FF000000FF000000FF000000FF000000FF000000FF000000FF000000FF000000FF000000FF000000FF000000FF000000FF000000FF000000FF000000FF000000FF000000FF000000FF000000FF000000FF000000FF000000FF000000FF000000FF000000FF000000FF000000FF000000FF000000FF000000FF000000FF000000FF000000FF000000FF000000FF000000FF000000FF000000FF000000FF000000FF000000FF000000FF000000FF000000FF000000FF000000FF000000FF000000FF000000FF000000FF000000FF000000FF000000FF000000FF000000FF000000FF000000FF000000FF000000FF000000FF000000FF000000FF000000FF000000FF000000FF000000FF000000FF000000FF000000FF000000FF000000FF000000FF000000FF000000FF000000FF000000FF000000FF000000FF000000FF000000FF000000FF000000FF000000FF000000FF000000FF000000FF000000FF000000FF000000FF000000FF000000FF000000FF000000FF000000FF000000FF000000FF000000FF000000FF000000FF000000FF000000FF000000FF000000FF000000FF000000FF000000FF000000FF000000FF000000FF000000FF000000FF000000FF000000FF000000FF000000FF000000FF000000FF000000FF000000FF000000FF000000FF000000FF000000FF000000FF000000FF000000FF000000FF000000FF000000FF000000FF000000FF000000FF000000FF000000FF000000FF000000FF000000FF000000FF000000FF000000FF000000FF000000FF000000FF000000FF000000FF000000FF000000FF000000FF000000FF000000FF000000FF000000FF000000FF000000FF000000FF000000FF000000FF000000FF000000FF000000FF000000FF000000FF000000FF000000FF000000FF000000FF000000FF000000FF000000FF000000FF000000FF000000FF000000FF000000FF000000FF000000FF000000FF000000FF000000FF000000FF000000FF000000FF000000FF000000FF000000FF000000FF000000FF000000FF000000FF000000FF000000FF000000FF000000FF000000FF000000FF000000FF000000FF000000FF000000FF000000FF000000FF000000FF000000FF000000FF000000FF000000FF000000FF000000FF000000FF000000FF000000FF000000FF000000FF000000FF000000FF000000FF000000FF000000FF000000FF000000FF000000FF000000FF000000FF000000FF000000FF000000FF000000FF000000FF000000FF000000FF000000FF000000FF000000FF000000FF000000FF000000FF000000FF000000FF000000FF000000FF000000FF000000FF000000FF000000FF000000FF000000FF000000FF000000FF000000FF000000FF000000FF000000FF000000FF000000FF000000FF000000FF000000FF000000FF000000FF000000FF000000FF000000FF000000FF000000FF000000FF000000FF000000FF000000FF000000FF000000FF000000FF000000FF000000FF000000FF000000FF000000FF000000FF000000FF000000FF000000FF000000FF000000FF000000FF000000FF000000FF000000FF000000FF000000FF000000FF000000FF000000FF000000FF000000FF000000FF000000FF000000FF000000FF000000FF000000FF000000FF000000FF000000FF000000FF000000FF000000FF000000FF000000FF000000FF000000FF000000FF000000FF000000FF000000FF000000FF000000FF000000FF000000FF000000FF000000FF000000FF000000FF000000FF000000FF000000FF000000FF000000FF000000FF000000FF000000FF000000FF000000FF000000FF000000FF000000FF000000FF000000FF000000FF000000FF000000FF000000FF000000FF000000FF000000FF000000FF000000FF000000FF000000FF000000FF000000FF000000FF000000FF000000FF000000FF000000FF000000FF000000FF000000FF000000FF000000FF000000FF000000FF000000FF000000FF000000FF000000FF000000FF000000FF000000FF000000FF000000FF000000FF000000FF000000FF000000FF000000FF000000FF000000FF000000FF000000FF000000FF000000FF000000FF000000FF000000FF000000FF000000FF000000FF000000FF000000FF000000FF000000FF000000FF000000FF000000FF000000FF000000FF000000FF000000FF000000FF000000FF000000FF000000FF000000FF000000FF000000FF000000FF000000FF000000FF000000FF000000FF000000FF000000FF000000FF000000FF000000FF000000FF000000FF000000FF000000FF000000FF000000FF000000FF000000FF000000FF000000FF000000FF000000FF000000FF000000FF000000FF000000FF000000FF000000FF000000FF000000FF000000FF000000FF000000FF000000FF000000FF000000FF000000FF000000FF000000FF000000FF000000FF000000FF000000FF000000FF000000FF000000FF000000FF000000FF000000FF000000FF000000FF000000FF000000FF000000FF000000FF000000FF000000FF000000FF000000FF000000FF000000FF000000FF000000FF000000FF000000FF000000FF000000FF000000FF000000FF000000FF000000FF000000FF000000FF000000FF000000FF000000FF000000FF000000FF000000FF000000FF000000FF000000FF000000FF000000FF000000FF000000FF000000FF000000FF000000FF000000FF000000FF000000FF000000FF000000FF000000FF000000FF000000FF000000FF000000FF000000FF000000FF000000FF000000FF000000FF000000FF000000FF000000FF000000FF000000FF000000FF000000FF000000FF000000FF000000FF000000FF000000FF000000FF000000FF000000FF000000FF000000FF000000FF000000FF000000FF000000FF000000FF000000FF000000FF000000FF000000FF000000FF000000FF000000FF000000FF000000FF000000FF000000FF000000FF000000FF000000FF000000FF000000FF000000FF000000FF000000FF000000FF000000FF000000FF000000FF000000FF000000FF000000FF000000FF000000FF000000FF000000FF000000FF000000FF000000FF000000FF000000FF000000FF000000FF000000FF000000FF000000FF000000FF000000FF000000FF000000FF000000FF000000FF000000FF000000FF000000FF000000FF000000FF000000FF000000FF000000FF000000FF000000FF000000FF000000FF000000FF000000FF000000FF000000FF000000FF000000FF000000FF000000FF000000FF000000FF000000FF000000FF000000FF000000FF000000FF000000FF000000FF000000FF000000FF000000FF000000FF000000FF000000FF000000FF000000FF000000FF000000FF000000FF000000FF000000FF000000FF000000FF000000FF000000FF000000FF000000FF000000FF000000FF000000FF000000FF000000FF000000FF000000FF000000FF000000FF000000FF000000FF000000FF000000FF000000FF000000FF000000FF000000FF000000FF000000FF000000FF000000FF000000FF000000FF000000FF000000FF000000FF000000FF000000FF000000FF000000FF000000FF000000FF000000FF000000FF000000FF000000FF000000FF000000FF000000FF000000FF000000FF000000FF000000FF000000FF000000FF000000FF000000FF000000FF000000FF000000FF000000FF000000FF000000FF000000FF000000FF000000FF000000FF000000FF000000FF000000FF000000FF000000FF000000FF000000FF000000FF000000FF000000FF000000FF000000FF000000FF000000FF000000FF000000FF000000FF000000FF000000FF000000FF000000FF000000FF000000FF000000FF000000FF000000FF000000FF000000FF000000FF000000FF000000FF000000FF000000FF000000FF000000FF000000FF000000FF000000FF000000FF000000FF000000FF000000FF000000FF000000FF000000FF000000FF000000FF000000FF000000FF000000FF000000FF000000FF000000FF000000FF000000FF000000FF000000FF000000FF000000FF000000FF000000FF000000FF000000FF000000FF000000FF000000FF000000FF000000FF000000FF000000FF000000FF000000FF000000FF000000FF000000FF000000FF000000FF000000FF000000FF000000FF000000FF000000FF000000FF000000FF000000FF000000FF000000FF000000FF000000FF000000FF000000FF000000FF000000FF000000FF000000FF000000FF000000FF000000FF000000FF000000FF000000FF000000FF000000FF000000FF000000FF000000FF000000FF000000FF000000FF000000FF000000FF000000FF000000FF000000FF000000FF000000FF000000FF000000FF000000FF000000FF000000FF000000FF000000FF000000FF000000FF000000FF000000FF000000FF000000FF000000FF000000FF000000FF000000FF000000FF000000FF000000FF000000FF000000FF000000FF000000FF000000FF000000FF000000FF000000FF000000FF000000FF000000FF000000FF000000FF000000FF000000FF000000FF000000FF000000FF000000FF000000FF000000FF000000FF000000FF000000FF000000FF000000FF000000FF000000FF000000FF000000FF000000FF000000FF000000FF000000FF000000FF000000FF000000FF000000FF000000FF000000FF000000FF000000FF000000FF000000FF000000FF000000FF000000FF000000FF000000FF000000FF000000FF000000FF000000FF000000FF000000FF000000FF000000FF000000FF000000FF000000FF000000FF000000FF000000FF000000FF000000FF000000FF000000FF000000FF000000FF000000FF000000FF000000FF000000FF000000FF000000FF000000FF000000FF000000FF000000FF000000FF000000FF000000FF000000FF000000FF000000FF000000FF000000FF000000FF000000FF000000FF000000FF000000FF000000FF000000FF000000FF000000FF000000FF000000FF000000FF000000FF000000FF000000FF000000FF000000FF000000FF000000FF000000FF000000FF000000FF000000FF000000FF000000FF000000FF000000FF000000FF000000FF000000FF000000FF000000FF000000FF000000FF000000FF000000FF000000FF000000FF000000FF000000FF000000FF000000FF000000FF000000FF000000FF000000FF000000FF000000FF000000FF000000FF000000FF000000FF000000FF000000FF000000FF000000FF000000FF000000FF000000FF000000FF000000FF000000FF000000FF000000FF000000FF000000FF000000FF000000FF000000FF000000FF000000FF000000FF000000FF000000FF000000FF000000FF000000FF000000FF000000FF000000FF000000FF000000FF000000FF000000FF000000FF000000FF000000FF000000FF000000FF000000FF000000FF000000FF000000FF000000FF000000FF000000FF000000FF000000FF000000FF000000FF000000FF000000FF000000FF000000FF000000FF000000FF000000FF000000FF000000FF000000FF000000FF000000FF000000FF000000FF000000FF000000FF000000FF000000FF000000FF000000FF000000FF000000FF000000FF000000FF000000FF000000FF000000FF000000FF000000FF000000FF000000FF000000FF000000FF000000FF000000FF000000FF000000FF000000FF000000FF000000FF000000FF000000FF000000FF000000FF000000FF000000FF000000FF000000FF000000FF000000FF000000FF000000FF000000FF000000FF000000FF000000FF000000FF000000FF000000FF000000FF000000FF000000FF000000FF000000FF000000FF000000FF000000FF000000FF000000FF000000FF000000FF000000FF000000FF000000FF000000FF000000FF000000FF000000FF000000FF000000FF000000FF000000FF000000FF000000FF000000FF000000FF000000FF000000FF000000FF000000FF000000FF000000FF000000FF000000FF000000FF000000FF000000FF000000FF000000FF000000FF000000FF000000FF000000FF000000FF000000FF000000FF000000FF000000FF000000FF000000FF000000FF000000FF000000FF000000FF000000FF000000FF000000FF000000FF000000FF000000FF000000FF000000FF000000FF000000FF000000FF000000FF000000FF000000FF000000FF000000FF000000FF000000FF000000FF000000FF000000FF000000FF000000FF000000FF000000FF000000FF000000FF000000FF000000FF000000FF000000FF000000FF000000FF000000FF000000FF000000FF000000FF000000FF000000FF000000FF000000FF000000FF000000FF000000FF000000FF000000FF000000FF000000FF000000FF000000FF000000FF000000FF000000FF000000FF000000FF000000FF000000FF000000FF000000FF000000FF000000FF000000FF000000FF000000FF000000FF000000FF000000FF000000FF000000FF000000FF000000FF000000FF000000FF000000FF000000FF000000FF000000FF000000FF000000FF000000FF000000FF000000FF000000FF000000FF000000FF000000FF000000FF000000FF000000FF000000FF000000FF000000FF000000FF000000FF000000FF000000FF000000FF000000FF000000FF000000FF000000FF000000FF000000FF000000FF000000FF000000FF000000FF000000FF000000FF000000FF000000FF000000FF000000FF000000FF000000FF000000FF000000FF000000FF000000FF000000FF000000FF000000FF000000FF000000FF000000FF000000FF000000FF000000FF000000FF000000FF000000FF000000FF000000FF000000FF000000FF000000FF000000FF000000FF000000FF000000FF000000FF000000FF000000FF000000FF000000FF000000FF000000FF000000FF000000FF000000FF000000FF000000FF000000FF000000FF000000FF000000FF000000FF000000FF000000FF000000FF000000FF000000FF000000FF000000FF000000FF000000FF000000FF000000FF000000FF000000FF000000FF000000FF000000FF000000FF000000FF000000FF000000FF000000FF000000FF000000FF000000FF000000FF000000FF000000FF000000FF000000FF000000FF000000FF000000FF000000FF000000FF000000FF000000FF000000FF000000FF000000FF000000FF000000FF000000FF000000FF000000FF000000FF000000FF000000FF000000FF000000FF000000FF000000FF000000FF000000FF000000FF000000FF000000FF000000FF000000FF000000FF000000FF000000FF000000FF000000FF000000FF000000FF000000FF000000FF000000FF000000FF000000FF000000FF000000FF000000FF000000FF000000FF000000FF000000FF000000FF000000FF000000FF000000FF000000FF000000FF000000FF000000FF000000FF000000FF000000FF000000FF000000FF000000FF000000FF000000FF000000FF000000FF000000FF000000FF000000FF000000FF000000FF000000FF000000FF000000FF000000FF000000FF000000FF000000FF000000FF000000FF000000FF000000FF000000FF000000FF000000FF000000FF000000FF000000FF000000FF000000FF000000FF000000FF000000FF000000FF000000FF000000FF000000FF000000FF000000FF000000FF000000FF000000FF000000FF000000FF000000FF000000FF000000FF000000FF000000FF000000FF000000FF000000FF000000FF000000FF000000FF000000FF000000FF000000FF000000FF000000FF000000FF000000FF000000FF000000FF000000FF000000FF000000FF000000FF000000FF000000FF000000FF000000FF000000FF000000FF000000FF000000FF000000FF000000FF000000FF000000FF000000FF000000FF000000FF000000FF000000FF000000FF000000FF000000FF000000FF000000FF000000FF000000FF000000FF000000FF000000FF000000FF000000FF000000FF000000FF000000FF000000FF000000FF000000FF000000FF000000FF000000FF000000FF000000FF000000FF000000FF000000FF000000FF000000FF000000FF000000FF000000FF000000FF000000FF000000FF000000FF000000FF000000FF000000FF000000FF000000FF000000FF000000FF000000FF000000FF000000FF000000FF000000FF000000FF000000FF000000FF000000FF000000FF000000FF000000FF000000FF000000FF000000FF000000FF000000FF000000FF000000FF000000FF000000FF000000FF000000FF000000FF000000FF000000FF000000FF000000FF000000FF000000FF000000FF000000FF000000FF000000FF000000FF000000FF000000FF000000FF000000FF000000FF000000FF000000FF000000FF000000FF000000FF000000FF000000FF000000FF000000FF000000FF000000FF000000FF000000FF000000FF000000FF000000FF000000FF000000FF000000FF000000FF000000FF000000FF000000FF000000FF000000FF000000FF000000FF000000FF000000FF000000FF000000FF000000FF000000FF000000FF000000FF000000FF000000FF000000FF000000FF000000FF000000FF000000FF000000FF000000FF000000FF000000FF000000FF000000FF000000FF000000FF000000FF000000FF000000FF000000FF000000FF000000FF000000FF000000FF000000FF000000FF000000FF000000FF000000FF000000FF000000FF000000FF000000FF000000FF000000FF000000FF000000FF000000FF000000FF000000FF000000FF000000FF000000FF000000FF000000FF000000FF000000FF000000FF000000FF000000FF000000FF000000FF000000FF000000FF000000FF000000FF000000FF000000FF000000FF000000FF000000FF000000FF000000FF000000FF000000FF000000FF000000FF000000FF000000FF000000FF000000FF000000FF000000FF000000FF000000FF000000FF000000FF000000FF000000FF000000FF000000FF000000FF000000FF000000FF000000FF000000FF000000FF000000FF000000FF000000FF000000FF000000FF000000FF000000FF000000FF000000FF000000FF000000FF000000FF000000FF000000FF000000FF000000FF000000FF000000FF000000FF000000FF000000FF000000FF000000FF000000FF000000FF000000FF000000FF000000FF000000FF000000FF000000FF000000FF000000FF000000FF000000FF000000FF000000FF000000FF000000FF000000FF000000FF000000FF000000FF000000FF000000FF000000FF000000FF000000FF000000FF000000FF000000FF000000FF000000FF000000FF000000FF000000FF000000FF000000FF000000FF000000FF000000FF000000FF000000FF000000FF000000FF000000FF000000FF000000FF000000FF000000FF000000FF000000FF000000FF000000FF000000FF000000FF000000FF000000FF000000FF000000FF000000FF000000FF000000FF000000FF000000FF000000FF000000FF000000FF000000FF000000FF000000FF000000FF000000FF000000FF000000FF000000FF000000FF000000FF000000FF000000FF000000FF000000FF000000FF000000FF000000FF000000FF000000FF000000FF000000FF000000FF000000FF000000FF000000FF000000FF000000FF000000FF000000FF000000FF000000FF000000FF000000FF000000FF000000FF000000FF000000FF000000FF000000FF000000FF000000FF000000FF000000FF000000FF000000FF000000FF000000FF000000FF000000FF000000FF000000FF000000FF000000FF000000FF000000FF000000FF000000FF000000FF000000FF000000FF000000FF000000FF000000FF000000FF000000FF000000FF000000FF000000FF000000FF000000FF000000FF000000FF000000FF000000FF000000FF000000FF000000FF000000FF000000FF000000FF000000FF000000FF000000FF000000FF000000FF000000FF000000FF000000FF000000FF000000FF000000FF000000FF000000FF000000FF000000FF000000FF000000FF000000FF000000FF000000FF000000FF000000FF000000FF000000FF000000FF000000FF000000FF000000FF000000FF000000FF000000FF000000FF000000FF000000FF000000FF000000FF000000FF000000FF000000FF000000FF000000FF000000FF000000FF000000FF000000FF000000FF000000FF000000FF000000FF000000FF000000FF000000FF000000FF000000FF000000FF000000FF000000FF000000FF000000FF000000FF000000FF000000FF000000FF000000FF000000FF000000FF000000FF000000FF000000FF000000FF000000FF000000FF000000FF000000FF000000FF000000FF000000FF000000FF000000FF000000FF000000FF000000FF000000FF000000FF000000FF000000FF000000FF000000FF000000FF000000FF000000FF000000FF000000FF000000FF000000FF000000FF000000FF000000FF000000FF000000FF000000FF000000FF000000FF000000FF000000FF000000FF000000FF000000FF000000FF000000FF000000FF000000FF000000FF000000FF000000FF000000FF000000FF000000FF000000FF000000FF000000FF000000FF000000FF000000FF000000FF000000FF000000FF000000FF000000FF000000FF000000FF000000FF000000FF000000FF000000FF000000FF000000FF000000FF000000FF000000FF000000FF000000FF000000FF000000FF000000FF000000FF000000FF000000FF000000FF000000FF000000FF000000FF000000FF000000FF000000FF000000FF000000FF000000FF000000FF000000FF000000FF000000FF000000FF000000FF000000FF000000FF000000FF000000FF000000FF000000FF000000FF000000FF000000FF000000FF000000FF000000FF000000FF000000FF000000FF000000FF000000FF000000FF000000FF000000FF000000FF000000FF000000FF000000FF000000FF000000FF000000FF000000FF000000FF000000FF000000FF000000FF000000FF000000FF000000FF000000FF000000FF000000FF000000FF000000FF000000FF000000FF000000FF000000FF000000FF000000FF000000FF000000FF000000FF000000FF000000FF000000FF000000FF000000FF000000FF000000FF000000FF000000FF000000FF000000FF000000FF000000FF000000FF000000FF000000FF000000FF000000FF000000FF000000FF000000FF000000FF000000FF000000FF000000FF000000FF000000FF000000FF000000FF000000FF000000FF000000FF000000FF000000FF000000FF000000FF000000FF000000FF000000FF000000FF000000FF000000FF000000FF000000FF000000FF000000FF000000FF000000FF000000FF000000FF000000FF000000FF000000FF000000FF000000FF000000FF000000FF000000FF000000FF000000FF000000FF000000FF000000FF000000FF000000FF000000FF000000FF000000FF000000FF000000FF000000FF000000FF000000FF000000FF000000FF000000FF000000FF000000FF000000FF000000FF000000FF000000FF000000FF000000FF000000FF000000FF000000FF000000FF000000FF000000FF000000FF000000FF000000FF000000FF000000FF000000FF000000FF000000FF000000FF000000FF000000FF000000FF000000FF000000FF000000FF000000FF000000FF000000FF000000FF000000FF000000FF000000FF000000FF000000FF000000FF000000FF000000FF000000FF000000FF000000FF000000FF000000FF000000FF000000FF000000FF000000FF000000FF000000FF000000FF000000FF000000FF000000FF000000FF000000FF000000FF000000FF000000FF000000FF000000FF000000FF000000FF000000FF000000FF000000FF000000FF000000FF000000FF000000FF000000FF000000FF000000FF000000FF000000FF000000FF000000FF000000FF000000FF000000FF000000FF000000FF000000FF000000FF000000FF000000FF000000FF000000FF000000FF000000FF000000FF000000FF000000FF000000FF000000FF000000FF000000FF000000FF000000FF000000FF000000FF000000FF000000FF000000FF000000FF000000FF000000FF000000FF000000FF000000FF000000FF000000FF000000FF000000FF000000FF000000FF000000FF000000FF000000FF000000FF000000FF000000FF000000FF000000FF000000FF000000FF000000FF000000FF000000FF000000FF000000FF000000FF000000FF000000FF000000FF000000FF000000FF000000FF000000FF000000FF000000FF000000FF000000FF000000FF000000FF000000FF000000FF000000FF000000FF000000FF000000FF000000FF000000FF000000FF000000FF000000FF000000FF000000FF000000FF000000FF000000FF000000FF000000FF000000FF000000FF000000FF000000FF000000FF000000FF000000FF000000FF000000FF000000FF000000FF000000FF000000FF000000FF000000FF000000FF000000FF000000FF000000FF000000FF000000FF000000FF000000FF000000FF000000FF000000FF000000FF000000FF000000FF000000FF000000FF000000FF000000FF000000FF000000FF000000FF000000FF000000FF000000FF000000FF000000FF000000FF000000FF000000FF000000FF000000FF000000FF000000FF000000FF000000FF000000FF000000FF000000FF000000FF000000FF000000FF000000FF000000FF000000FF000000FF000000FF000000FF000000FF000000FF000000FF000000FF000000FF000000FF000000FF000000FF000000FF000000FF000000FF000000FF000000FF000000FF000000FF000000FF000000FF000000FF000000FF000000FF000000FF000000FF000000FF000000FF000000FF000000FF000000FF000000FF000000FF000000FF000000FF000000FF000000FF000000FF000000FF000000FF000000FF000000FF000000FF000000FF000000FF000000FF000000FF000000FF000000FF000000FF000000FF000000FF000000FF000000FF000000FF000000FF000000FF000000FF000000FF000000FF000000FF000000FF000000FF000000FF000000FF000000FF000000FF000000FF000000FF000000FF000000FF000000FF000000FF000000FF000000FF000000FF000000FF000000FF000000FF000000FF000000FF000000FF000000FF000000FF000000FF000000FF000000FF000000FF000000FF000000FF000000FF000000FF000000FF000000FF000000FF000000FF000000FF000000FF000000FF000000FF000000FF000000FF000000FF000000FF000000FF000000FF000000FF000000FF000000FF000000FF000000FF000000FF000000FF000000FF000000FF000000FF000000FF000000FF000000FF000000FF000000FF000000FF000000FF000000FF000000FF000000FF000000FF000000FF000000FF000000FF000000FF000000FF000000FF000000FF000000FF000000FF000000FF000000FF000000FF000000FF000000FF000000FF000000FF000000FF000000FF000000FF000000FF000000FF000000FF000000FF000000FF000000FF000000FF000000FF000000FF000000FF000000FF000000FF000000FF000000FF000000FF000000FF000000FF000000FF000000FF000000FF000000FF000000FF000000FF000000FF000000FF000000FF000000FF000000FF000000FF000000FF000000FF000000FF000000FF000000FF000000FF000000FF000000FF000000FF000000FF000000FF000000FF000000FF000000FF000000FF000000FF000000FF000000FF000000FF000000FF000000FF000000FF000000FF000000FF000000FF000000FF000000FF000000FF000000FF000000FF000000FF000000FF000000FF000000FF000000FF000000FF000000FF000000FF000000FF000000FF000000FF000000FF000000FF000000FF000000FF000000FF000000FF000000FF000000FF000000FF000000FF000000FF000000FF000000FF000000FF000000FF000000FF000000FF000000FF000000FF000000FF000000FF000000FF000000FF000000FF000000FF000000FF000000FF000000FF000000FF000000FF000000FF000000FF000000FF000000FF000000FF000000FF000000FF000000FF000000FF000000FF000000FF000000FF000000FF000000FF000000FF000000FF000000FF000000FF000000FF000000FF000000FF000000FF000000FF000000FF000000FF000000FF000000FF000000FF000000FF000000FF000000FF000000FF000000FF000000FF000000FF000000FF000000FF000000FF000000FF000000FF000000FF000000FF000000FF000000FF000000FF000000FF000000FF000000FF000000FF000000FF000000FF000000FF000000FF000000FF000000FF000000FF000000FF000000FF000000FF000000FF000000FF000000FF000000FF000000FF000000FF000000FF000000FF000000FF000000FF000000FF000000FF000000FF000000FF000000FF000000FF000000FF000000FF000000FF000000FF000000FF000000FF000000FF000000FF000000FF000000FF000000FF000000FF000000FF000000FF000000FF000000FF000000FF000000FF000000FF000000FF000000FF000000FF000000FF000000FF000000FF000000FF000000FF000000FF000000FF000000FF000000FF000000FF000000FF000000FF000000FF000000FF000000FF000000FF000000FF000000FF000000FF000000FF000000FF000000FF000000FF000000FF000000FF000000FF000000FF000000FF000000FF000000FF000000FF000000FF000000FF000000FF000000FF000000FF000000FF000000FF000000FF000000FF000000FF000000FF000000FF000000FF000000FF000000FF000000FF000000FF000000FF000000FF000000FF000000FF000000FF000000FF000000FF000000FF000000FF000000FF000000FF000000FF000000FF000000FF000000FF000000FF000000FF000000FF000000FF000000FF000000FF000000FF000000FF000000FF000000FF000000FF000000FF000000FF000000FF000000FF000000FF000000FF000000FF000000FF000000FF000000FF000000FF000000FF000000FF000000FF000000FF000000FF000000FF000000FF000000FF000000FF000000FF000000FF000000FF000000FF000000FF000000FF000000FF000000FF000000FF000000FF000000FF000000FF000000FF000000FF000000FF000000FF000000FF000000FF000000FF000000FF000000FF000000FF000000FF000000FF000000FF000000FF000000FF000000FF000000FF000000FF000000FF000000FF000000FF000000FF000000FF000000FF000000FF000000FF000000FF000000FF000000FF000000FF000000FF000000FF000000FF000000FF000000FF000000FF000000FF000000FF000000FF000000FF000000FF000000FF000000FF000000FF000000FF000000FF000000FF000000FF000000FF000000FF000000FF000000FF000000FF000000FF000000FF000000FF000000FF000000FF000000FF000000FF000000FF000000FF000000FF000000FF000000FF000000FF000000FF000000FF000000FF000000FF000000FF000000FF000000FF000000FF000000FF000000FF000000FF000000FF000000FF000000FF000000FF000000FF000000FF000000FF000000FF000000FF000000FF000000FF000000FF000000FF000000FF000000FF000000FF000000FF000000FF000000FF000000FF000000FF000000FF000000FF000000FF000000FF000000FF000000FF000000FF000000FF000000FF000000FF000000FF000000FF000000FF000000FF000000FF000000FF000000FF000000FF000000FF000000FF000000FF000000FF000000FF000000FF000000FF000000FF000000FF000000FF000000FF000000FF000000FF000000FF000000FF000000FF000000FF000000FF000000FF000000FF000000FF000000FF000000FF000000FF000000FF000000FF000000FF000000FF000000FF000000FF000000FF000000FF000000FF000000FF000000FF000000FF000000FF000000FF000000FF000000FF000000FF000000FF000000FF000000FF000000FF000000FF000000FF000000FF000000FF000000FF000000FF000000FF000000FF000000FF000000FF000000FF000000FF000000FF000000FF000000FF000000FF000000FF000000FF000000FF000000FF000000FF000000FF000000FF000000FF000000FF000000FF000000FF000000FF000000FF000000FF000000FF000000FF000000FF000000FF000000FF000000FF000000FF000000FF000000FF000000FF000000FF000000FF000000FF000000FF000000FF000000FF000000FF000000FF000000FF000000FF000000FF000000FF000000FF000000FF000000FF000000FF000000FF000000FF000000FF000000FF000000FF000000FF000000FF000000FF000000FF000000FF000000FF000000FF000000FF000000FF000000FF000000FF000000FF000000FF000000FF000000FF000000FF000000FF000000FF000000FF000000FF000000FF000000FF000000FF000000FF000000FF000000FF000000FF000000FF000000FF000000FF000000FF000000FF000000FF000000FF000000FF000000FF000000FF000000FF000000FF000000FF000000FF000000FF000000FF000000FF000000FF000000FF000000FF000000FF000000FF000000FF000000FF000000FF000000FF000000FF000000FF000000FF000000FF000000FF000000FF000000FF000000FF000000FF000000FF000000FF000000FF000000FF000000FF000000FF000000FF000000FF000000FF000000FF000000FF000000FF000000FF000000FF000000FF000000FF000000FF000000FF000000FF000000FF000000FF000000FF000000FF000000FF000000FF000000FF000000FF000000FF000000FF000000FF000000FF000000FF000000FF000000FF000000FF000000FF000000FF000000FF000000FF000000FF000000FF000000FF000000FF000000FF000000FF000000FF000000FF000000FF000000FF000000FF000000FF000000FF000000FF000000FF000000FF000000FF000000FF000000FF000000FF000000FF000000FF000000FF000000FF000000FF000000FF000000FF000000FF000000FF000000FF000000FF000000FF000000FF000000FF000000FF000000FF000000FF000000FF000000FF000000FF000000FF000000FF000000FF000000FF000000FF000000FF000000FF000000FF000000FF000000FF000000FF000000FF000000FF000000FF000000FF000000FF000000FF000000FF000000FF000000FF000000FF000000FF000000FF000000FF000000FF000000FF000000FF000000FF000000FF000000FF000000FF000000FF000000FF000000FF000000FF000000FF000000FF000000FF000000FF000000FF000000FF000000FF000000FF000000FF000000FF000000FF000000FF000000FF000000FF000000FF000000FF000000FF000000FF000000FF000000FF000000FF000000FF000000FF000000FF000000FF000000FF000000FF000000FF000000FF000000FF000000FF000000FF000000FF000000FF000000FF000000FF000000FF000000FF000000FF000000FF000000FF000000FF000000FF000000FF000000FF000000FF000000FF000000FF000000FF000000FF000000FF000000FF000000FF000000FF000000FF000000FF000000FF000000FF000000FF000000FF000000FF000000FF000000FF000000FF000000FF000000FF000000FF000000FF000000FF000000FF000000FF000000FF000000FF000000FF000000FF000000FF000000FF000000FF000000FF000000FF000000FF000000FF000000FF000000FF000000FF000000FF000000FF000000FF000000FF000000FF000000FF000000FF000000FF000000FF000000FF000000FF000000FF000000FF000000FF000000FF000000FF000000FF000000FF000000FF000000FF000000FF000000FF000000FF000000FF000000FF000000FF000000FF000000FF000000FF000000FF000000FF000000FF000000FF000000FF000000FF000000FF000000FF000000FF000000FF000000FF000000FF000000FF000000FF000000FF000000FF000000FF000000FF000000FF000000FF000000FF000000FF000000FF000000FF000000FF000000FF000000FF000000FF000000FF000000FF000000FF000000FF000000FF000000FF000000FF000000FF000000FF000000FF000000FF000000FF000000FF000000FF000000FF000000FF000000FF000000FF000000FF000000FF000000FF000000FF000000FF000000FF000000FF000000FF000000FF000000FF000000FF000000FF000000FF000000FF000000FF000000FF000000FF000000FF000000FF000000FF000000FF000000FF000000FF000000FF000000FF000000FF000000FF000000FF000000FF000000FF000000FF000000FF000000FF000000FF000000FF000000FF000000FF000000FF000000FF000000FF000000FF000000FF000000FF000000FF000000FF000000FF000000FF000000FF000000FF000000FF000000FF000000FF000000FF000000FF000000FF000000FF000000FF000000FF000000FF000000FF000000FF000000FF000000FF000000FF000000FF000000FF000000FF000000FF000000FF000000FF000000FF000000FF000000FF000000FF000000FF000000FF000000FF000000FF000000FF000000FF000000FF000000FF000000FF000000FF000000FF000000FF000000FF000000FF000000FF000000FF000000FF000000FF000000FF000000FF000000FF000000FF000000FF000000FF000000FF000000FF000000FF000000FF000000FF000000FF000000FF000000FF000000FF000000FF000000FF000000FF000000FF000000FF000000FF000000FF000000FF000000FF000000FF000000FF000000FF000000FF000000FF000000FF000000FF000000FF000000FF000000FF000000FF000000FF000000FF000000FF000000FF000000FF000000FF000000FF000000FF000000FF000000FF000000FF000000FF000000FF000000FF000000FF000000FF000000FF000000FF000000FF000000FF000000FF000000FF000000FF000000FF000000FF000000FF000000FF000000FF000000FF000000FF000000FF000000FF000000FF000000FF000000FF000000FF000000FF000000FF000000FF000000FF000000FF000000FF000000FF000000FF000000FF000000FF000000FF000000FF000000FF000000FF000000FF000000FF000000FF000000FF000000FF000000FF000000FF000000FF000000FF000000FF000000FF000000FF000000FF000000FF000000FF000000FF000000FF000000FF000000FF000000FF000000FF000000FF000000FF000000FF000000FF000000FF000000FF000000FF000000FF000000FF000000FF000000FF000000FF000000FF000000FF000000FF000000FF000000FF000000FF000000FF000000FF000000FF000000FF000000FF000000FF000000FF000000FF000000FF000000FF000000FF000000FF000000FF000000FF000000FF000000FF000000FF000000FF000000FF000000FF000000FF000000FF000000FF000000FF000000FF000000FF000000FF000000FF000000FF000000FF000000FF000000FF000000FF000000FF000000FF000000FF000000FF000000FF000000FF000000FF000000FF000000FF000000FF000000FF000000FF000000FF000000FF000000FF000000FF000000FF000000FF000000FF000000FF000000FF000000FF000000FF000000FF000000FF000000FF000000FF000000FF000000FF000000FF000000FF000000FF000000FF000000FF000000FF000000FF000000FF000000FF000000FF000000FF000000FF000000FF000000FF000000FF000000FF000000FF000000FF000000FF000000FF000000FF000000FF000000FF000000FF000000FF000000FF000000FF000000FF000000FF000000FF000000FF000000FF000000FF000000FF000000FF000000FF000000FF000000FF000000FF000000FF000000FF000000FF000000FF000000FF000000FF000000FF000000FF000000FF000000FF000000FF000000FF000000FF000000FF000000FF000000FF000000FF000000FF000000FF000000FF000000FF000000FF000000FF000000FF000000FF000000FF000000FF000000FF000000FF000000FF000000FF000000FF000000FF000000FF000000FF000000FF000000FF000000FF000000FF000000FF000000FF000000FF000000FF000000FF000000FF000000FF000000FF000000FF000000FF000000FF000000FF000000FF000000FF000000FF000000FF000000FF000000FF000000FF000000FF000000FF000000FF000000FF000000FF000000FF000000FF000000FF000000FF000000FF000000FF000000FF000000FF000000FF000000FF000000FF000000FF000000FF000000FF000000FF000000FF000000FF000000FF000000FF000000FF000000FF000000FF000000FF000000FF000000FF000000FF000000FF000000FF000000FF000000FF000000FF000000FF000000FF000000FF000000FF000000FF000000FF000000FF000000FF000000FF000000FF000000FF000000FF000000FF000000FF000000FF000000FF000000FF000000FF000000FF000000FF000000FF000000FF000000FF000000FF000000FF000000FF000000FF000000FF000000FF000000FF000000FF000000FF000000FF000000FF000000FF000000FF000000FF000000FF000000FF000000FF000000FF000000FF000000FF000000FF000000FF000000FF000000FF000000FF000000FF000000FF000000FF000000FF000000FF000000FF000000FF000000FF000000FF000000FF000000FF000000FF000000FF000000FF000000FF000000FF000000FF000000FF000000FF000000FF000000FF000000FF000000FF000000FF000000FF000000FF000000FF000000FF000000FF000000FF000000FF000000FF000000FF000000FF000000FF000000FF000000FF000000FF000000FF000000FF000000FF000000FF000000FF000000FF000000FF000000FF000000FF000000FF000000FF000000FF000000FF000000FF000000FF000000FF000000FF000000FF000000FF000000FF000000FF000000FF000000FF000000FF000000FF000000FF000000FF000000FF000000FF000000FF000000FF000000FF000000FF000000FF000000FF000000FF000000FF000000FF000000FF000000FF000000FF000000FF000000FF000000FF000000FF000000FF000000FF000000FF000000FF000000FF000000FF000000FF000000FF000000FF000000FF000000FF000000FF000000FF000000FF000000FF000000FF000000FF000000FF000000FF000000FF000000FF000000FF000000FF000000FF000000FF000000FF000000FF000000FF000000FF000000FF000000FF000000FF000000FF000000FF000000FF000000FF000000FF000000FF000000FF000000FF000000FF000000FF000000FF000000FF000000FF000000FF000000FF000000FF000000FF000000FF000000FF000000FF000000FF000000FF000000FF000000FF000000FF000000FF000000FF000000FF000000FF000000FF000000FF000000FF000000FF000000FF000000FF000000FF000000FF000000FF000000FF000000FF000000FF000000FF000000FF000000FF000000FF000000FF000000FF000000FF000000FF000000FF000000FF000000FF000000FF000000FF000000FF000000FF000000FF000000FF000000FF000000FF000000FF000000FF000000FF000000FF000000FF000000FF000000FF000000FF000000FF000000FF000000FF000000FF000000FF000000FF000000FF000000FF000000FF000000FF000000FF000000FF000000FF000000FF000000FF000000FF000000FF000000FF000000FF000000FF000000FF000000FF000000FF000000FF000000FF000000FF000000FF000000FF000000FF000000FF000000FF000000FF000000FF000000FF000000FF000000FF000000FF000000FF000000FF000000FF000000FF000000FF000000FF000000FF000000FF000000FF000000FF000000FF000000FF000000FF000000FF000000FF000000FF000000FF000000FF000000FF000000FF000000FF000000FF000000FF000000FF000000FF000000FF000000FF000000FF000000FF000000FF000000FF000000FF000000FF000000FF000000FF000000FF000000FF000000FF000000FF000000FF000000FF000000FF000000FF000000FF000000FF000000FF000000FF000000FF000000FF000000FF000000FF000000FF000000FF000000FF000000FF000000FF000000FF000000FF000000FF000000FF000000FF000000FF000000FF000000FF000000FF000000FF000000FF000000FF000000FF000000FF000000FF000000FF000000FF000000FF000000FF000000FF000000FF000000FF000000FF000000FF000000FF000000FF000000FF000000FF000000FF000000FF000000FF000000FF000000FF000000FF000000FF000000FF000000FF000000FF000000FF000000FF000000FF000000FF000000FF000000FF000000FF000000FF000000FF000000FF000000FF000000FF000000FF000000FF000000FF000000FF000000FF000000FF000000FF000000FF000000FF000000FF000000FF000000FF000000FF000000FF000000FF000000FF000000FF000000FF000000FF000000FF000000FF000000FF000000FF000000FF000000FF000000FF000000FF000000FF000000FF000000FF000000FF000000FF000000FF000000FF000000FF000000FF000000FF000000FF000000FF000000FF000000FF000000FF000000FF000000FF000000FF000000FF000000FF000000FF000000FF000000FF000000FF000000FF000000FF000000FF000000FF000000FF000000FF000000FF000000FF000000FF000000FF000000FF000000FF000000FF000000FF000000FF000000FF000000FF000000FF000000FF000000FF000000FF000000FF000000FF000000FF000000FF000000FF000000FF000000FF000000FF000000FF000000FF000000FF000000FF000000FF000000FF000000FF000000FF000000FF000000FF000000FF000000FF000000FF000000FF000000FF000000FF000000FF000000FF000000FF000000FF000000FF000000FF000000FF000000FF000000FF000000FF000000FF000000FF000000FF000000FF000000FF000000FF000000FF000000FF000000FF000000FF000000FF000000FF000000FF000000FF000000FF000000FF000000FF000000FF000000FF000000FF000000FF000000FF000000FF000000FF000000FF000000FF000000FF000000FF000000FF000000FF000000FF000000FF000000FF000000FF000000FF000000FF000000FF000000FF000000FF000000FF000000FF000000FF000000FF000000FF000000FF000000FF000000FF000000FF000000FF000000FF000000FF000000FF000000FF000000FF000000FF000000FF000000FF000000FF000000FF000000FF000000FF000000FF000000FF000000FF000000FF000000FF000000FF000000FF000000FF000000FF000000FF000000FF000000FF000000FF000000FF000000FF000000FF000000FF000000FF000000FF000000FF000000FF000000FF000000FF000000FF000000FF000000FF000000FF000000FF000000FF000000FF000000FF000000FF000000FF000000FF000000FF000000FF000000FF000000FF000000FF000000FF000000FF000000FF000000FF000000FF000000FF000000FF000000FF000000FF000000FF000000FF000000FF000000FF000000FF000000FF000000FF000000FF000000FF000000FF000000FF000000FF000000FF000000FF000000FF000000FF000000FF000000FF000000FF000000FF000000FF000000FF000000FF000000FF000000FF000000FF000000FF000000FF000000FF000000FF000000FF000000FF000000FF000000FF000000FF000000FF000000FF000000FF000000FF000000FF000000FF000000FF000000FF000000FF000000FF000000FF000000FF000000FF000000FF000000FF000000FF000000FF000000FF000000FF000000FF000000FF000000FF000000FF000000FF000000FF000000FF000000FF000000FF000000FF000000FF000000FF000000FF000000FF000000FF000000FF000000FF000000FF000000FF000000FF000000FF000000FF000000FF000000FF000000FF000000FF000000FF000000FF000000FF000000FF000000FF000000FF000000FF000000FF000000FF000000FF000000FF000000FF000000FF000000FF000000FF000000FF000000FF000000FF000000FF000000FF000000FF000000FF000000FF000000FF000000FF000000FF000000FF000000FF000000FF000000FF000000FF000000FF000000FF000000FF000000FF000000FF000000FF000000FF000000FF000000FF000000FF000000FF000000FF000000FF000000FF000000FF000000FF000000FF000000FF000000FF000000FF000000FF000000FF000000FF000000FF000000FF000000FF000000FF000000FF000000FF000000FF000000FF000000FF000000FF000000FF000000FF000000FF000000FF000000FF000000FF000000FF000000FF000000FF000000FF000000FF000000FF000000FF000000FF000000FF000000FF000000FF000000FF000000FF000000FF000000FF000000FF000000FF000000FF000000FF000000FF000000FF000000FF000000FF000000FF000000FF000000FF000000FF000000FF000000FF000000FF000000FF000000FF000000FF000000FF000000FF000000FF000000FF000000FF000000FF000000FF000000FF000000FF000000FF000000FF000000FF000000FF000000FF000000FF000000FF000000FF000000FF000000FF000000FF000000FF000000FF000000FF000000FF000000FF000000FF000000FF000000FF000000FF000000FF000000FF000000FF000000FF000000FF000000FF000000FF000000FF000000FF000000FF000000FF000000FF000000FF000000FF000000FF000000FF000000FF000000FF000000FF000000FF000000FF000000FF000000FF000000FF000000FF000000FF000000FF000000FF000000FF000000FF000000FF000000FF000000FF000000FF000000FF000000FF000000FF000000FF000000FF000000FF000000FF000000FF000000FF000000FF000000FF000000FF000000FF000000FF000000FF000000FF000000FF000000FF000000FF000000FF000000FF000000FF000000FF000000FF000000FF000000FF000000FF000000FF000000FF000000FF000000FF000000FF000000FF000000FF000000FF000000FF000000FF000000FF000000FF000000FF000000FF000000FF000000FF000000FF000000FF000000FF000000FF000000FF000000FF000000FF000000FF000000FF000000FF000000FF000000FF000000FF000000FF000000FF000000FF000000FF000000FF000000FF000000FF000000FF000000FF000000FF000000FF000000FF000000FF000000FF000000FF000000FF000000FF000000FF000000FF000000FF000000FF000000FF000000FF000000FF000000FF000000FF000000FF000000FF000000FF000000FF000000FF000000FF000000FF000000FF000000FF000000FF000000FF000000FF000000FF000000FF000000FF000000FF000000FF000000FF000000FF000000FF000000FF000000FF000000FF000000FF000000FF000000FF000000FF000000FF000000FF000000FF000000FF000000FF000000FF000000FF000000FF000000FF000000FF000000FF000000FF000000FF000000FF000000FF000000FF000000FF000000FF000000FF000000FF000000FF000000FF000000FF000000FF000000FF000000FF000000FF000000FF000000FF000000FF000000FF000000FF000000FF000000FF000000FF000000FF000000FF000000FF000000FF000000FF000000FF000000FF000000FF000000FF000000FF000000FF000000FF000000FF000000FF000000FF000000FF000000FF000000FF000000FF000000FF000000FF000000FF000000FF000000FF000000FF000000FF000000FF000000FF000000FF000000FF000000FF000000FF000000FF000000FF000000FF000000FF000000FF000000FF000000FF000000FF000000FF000000FF000000FF000000FF000000FF000000FF000000FF000000FF000000FF000000FF000000FF000000FF000000FF000000FF000000FF000000FF000000FF000000FF000000FF000000FF000000FF000000FF000000FF000000FF000000FF000000FF000000FF000000FF000000FF000000FF000000FF000000FF000000FF000000FF000000FF000000FF000000FF000000FF000000FF000000FF000000FF000000FF000000FF000000FF000000FF000000FF000000FF000000FF000000FF000000FF000000FF000000FF000000FF000000FF000000FF000000FF000000FF000000FF000000FF000000FF000000FF000000FF000000FF000000FF000000FF000000FF000000FF000000FF000000FF000000FF000000FF000000FF000000FF000000FF000000FF000000FF000000FF000000FF000000FF000000FF000000FF000000FF000000FF000000FF000000FF000000FF000000FF000000FF000000FF000000FF000000FF000000FF000000FF000000FF000000FF000000FF000000FF000000FF000000FF000000FF000000FF000000FF000000FF000000FF000000FF000000FF000000FF000000FF000000FF000000FF000000FF000000FF000000FF000000FF000000FF000000FF000000FF000000FF000000FF000000FF000000FF000000FF000000FF000000FF000000FF000000FF000000FF000000FF000000FF000000FF000000FF000000FF000000FF000000FF000000FF000000FF000000FF000000FF000000FF000000FF000000FF000000FF000000FF000000FF000000FF000000FF000000FF000000FF000000FF000000FF000000FF000000FF000000FF000000FF000000FF000000FF000000FF000000FF000000FF000000FF000000FF000000FF000000FF000000FF000000FF000000FF000000FF000000FF000000FF000000FF000000FF000000FF000000FF000000FF000000FF000000FF000000FF000000FF000000FF000000FF000000FF000000FF000000FF000000FF000000FF000000FF000000FF000000FF000000FF000000FF000000FF000000FF000000FF000000FF000000FF000000FF000000FF000000FF000000FF000000FF000000FF000000FF000000FF000000FF000000FF000000FF000000FF000000FF000000FF000000FF000000FF000000FF000000FF000000FF000000FF000000FF000000FF000000FF000000FF000000FF000000FF000000FF000000FF000000FF000000FF000000FF000000FF000000FF000000FF000000FF000000FF000000FF000000FF000000FF000000FF000000FF000000FF000000FF000000FF000000FF000000FF000000FF000000FF000000FF000000FF000000FF000000FF000000FF000000FF000000FF000000FF000000FF000000FF000000FF000000FF000000FF000000FF000000FF000000FF000000FF000000FF000000FF000000FF000000FF000000FF000000FF000000FF000000FF000000FF000000FF000000FF000000FF000000FF000000FF000000FF000000FF000000FF000000FF000000FF000000FF000000FF000000FF000000FF000000FF000000FF000000FF000000FF000000FF000000FF000000FF000000FF000000FF000000FF000000FF000000FF000000FF000000FF000000FF000000FF000000FF000000FF000000FF000000FF000000FF000000FF000000FF000000FF000000FF000000FF000000FF000000FF000000FF000000FF000000FF000000FF000000FF000000FF000000FF000000FF000000FF000000FF000000FF000000FF000000FF000000FF000000FF000000FF000000FF000000FF000000FF000000FF000000FF000000FF000000FF000000FF000000FF000000FF000000FF000000FF000000FF000000FF000000FF000000FF000000FF000000FF000000FF000000FF000000FF000000FF000000FF000000FF000000FF000000FF000000FF000000FF000000FF000000FF000000FF000000FF000000FF000000FF000000FF000000FF000000FF000000FF000000FF000000FF000000FF000000FF000000FF000000FF000000FF000000FF000000FF000000FF000000FF000000FF000000FF000000FF000000FF000000FF000000FF000000FF000000FF000000FF000000FF000000FF000000FF000000FF000000FF000000FF000000FF000000FF000000FF000000FF000000FF000000FF000000FF000000FF000000FF000000FF000000FF000000FF000000FF000000FF000000FF000000FF000000FF000000FF000000FF000000FF000000FF000000FF000000FF000000FF000000FF000000FF000000FF000000FF000000FF000000FF000000FF000000FF000000FF000000FF000000FF000000FF000000FF000000FF000000FF000000FF000000FF000000FF000000FF000000FF000000FF000000FF000000FF000000FF000000FF000000FF000000FF000000FF000000FF000000FF000000FF000000FF000000FF000000FF000000FF000000FF000000FF000000FF000000FF000000FF000000FF000000FF000000FF000000FF000000FF000000FF000000FF000000FF000000FF000000FF000000FF000000FF000000FF000000FF000000FF000000FF000000FF000000FF000000FF000000FF000000FF000000FF000000FF000000FF000000FF000000FF000000FF000000FF000000FF000000FF000000FF000000FF000000FF000000FF000000FF000000FF000000FF000000FF000000FF000000FF000000FF000000FF000000FF000000FF000000FF000000FF000000FF000000FF000000FF000000FF000000FF000000FF000000FF000000FF000000FF000000FF000000FF000000FF000000FF000000FF000000FF000000FF000000FF000000FF000000FF000000FF000000FF000000FF000000FF000000FF000000FF000000FF000000FF000000FF000000FF000000FF000000FF000000FF000000FF000000FF000000FF000000FF000000FF000000FF000000FF000000FF000000FF000000FF000000FF000000FF000000FF000000FF000000FF000000FF000000FF000000FF000000FF000000FF000000FF000000FF000000FF000000FF000000FF000000FF000000FF000000FF000000FF000000FF000000FF000000FF000000FF000000FF000000FF000000FF000000FF000000FF000000FF000000FF000000FF000000FF000000FF000000FF000000FF000000FF000000FF000000FF000000FF000000FF000000FF000000FF000000FF000000FF000000FF000000FF000000FF000000FF000000FF000000FF000000FF000000FF000000FF000000FF000000FF000000FF000000FF000000FF000000FF000000FF000000FF000000FF000000FF000000FF000000FF000000FF000000FF000000FF000000FF000000FF000000FF000000FF000000FF000000FF000000FF000000FF000000FF000000FF000000FF000000FF000000FF000000FF000000FF000000FF000000FF000000FF000000FF000000FF000000FF000000FF000000FF000000FF000000FF000000FF000000FF000000FF000000FF000000FF000000FF000000FF000000FF000000FF000000FF000000FF000000FF000000FF000000FF000000FF000000FF000000FF000000FF000000FF000000FF000000FF000000FF000000FF000000FF000000FF000000FF000000FF000000FF000000FF000000FF000000FF000000FF000000FF000000FF000000FF000000FF000000FF000000FF000000FF000000FF000000FF000000FF000000FF000000FF000000FF000000FF000000FF000000FF000000FF000000FF000000FF000000FF000000FF000000FF000000FF000000FF000000FF000000FF000000FF000000FF000000FF000000FF000000FF000000FF000000FF000000FF000000FF000000FF000000FF000000FF000000FF000000FF000000FF000000FF000000FF000000FF000000FF000000FF000000FF000000FF000000FF000000FF000000FF000000FF000000FF000000FF000000FF000000FF000000FF000000FF000000FF000000FF000000FF000000FF000000FF000000FF000000FF000000FF000000FF000000FF000000FF000000FF000000FF000000FF000000FF000000FF000000FF000000FF000000FF000000FF000000FF000000FF000000FF000000FF000000FF000000FF000000FF000000FF000000FF000000FF000000FF000000FF000000FF000000FF000000FF000000FF000000FF000000FF000000FF000000FF000000FF000000FF000000FF000000FF000000FF000000FF000000FF000000FF000000FF000000FF000000FF000000FF000000FF000000FF000000FF000000FF000000FF000000FF000000FF000000FF000000FF000000FF000000FF000000FF000000FF000000FF000000FF000000FF000000FF000000FF000000FF000000FF000000FF000000FF000000FF000000FF000000FF000000FF000000FF000000FF000000FF000000FF000000FF000000FF000000FF000000FF000000FF000000FF000000FF000000FF000000FF000000FF000000FF000000FF000000FF000000FF000000FF000000FF000000FF000000FF000000FF000000FF000000FF000000FF000000FF000000FF000000FF000000FF000000FF000000FF000000FF000000FF000000FF000000FF000000FF000000FF000000FF000000FF000000FF000000FF000000FF000000FF000000FF000000FF000000FF000000FF000000FF000000FF000000FF000000FF000000FF000000FF000000FF000000FF000000FF000000FF000000FF000000FF000000FF000000FF000000FF000000FF000000FF000000FF000000FF000000FF000000FF000000FF000000FF000000FF000000FF000000FF000000FF000000FF000000FF000000FF000000FF000000FF000000FF000000FF000000FF000000FF000000FF000000FF000000FF000000FF000000FF000000FF000000FF000000FF000000FF000000FF000000FF000000FF000000FF000000FF000000FF000000FF000000FF000000FF000000FF000000FF000000FF000000FF000000FF000000FF000000FF000000FF000000FF000000FF000000FF000000FF000000FF000000FF000000FF000000FF000000FF000000FF000000FF000000FF000000FF000000FF000000FF000000FF000000FF000000FF000000FF000000FF000000FF000000FF000000FF000000FF000000FF000000FF000000FF000000FF000000FF000000FF000000FF000000FF000000FF000000FF000000FF000000FF000000FF000000FF000000FF000000FF000000FF000000FF000000FF000000FF000000FF000000FF000000FF000000FF000000FF000000FF000000FF000000FF000000FF000000FF000000FF000000FF000000FF000000FF000000FF000000FF000000FF000000FF000000FF000000FF000000FF000000FF000000FF000000FF000000FF000000FF000000FF000000FF000000FF000000FF000000FF000000FF000000FF000000FF000000FF000000FF000000FF000000FF000000FF000000FF000000FF000000FF000000FF000000FF000000FF000000FF000000FF000000FF000000FF000000FF000000FF000000FF000000FF000000FF000000FF000000FF000000FF000000FF000000FF000000FF000000FF000000FF000000FF000000FF000000FF000000FF000000FF000000FF000000FF000000FF000000FF000000FF000000FF000000FF000000FF000000FF000000FF000000FF000000FF000000FF000000FF000000FF000000FF000000FF000000FF000000FF000000FF000000FF000000FF000000FF000000FF000000FF000000FF000000FF000000FF000000FF000000FF000000FF000000FF000000FF000000FF000000FF000000FF000000FF000000FF000000FF000000FF000000FF000000FF000000FF000000FF000000FF000000FF000000FF000000FF000000FF000000FF000000FF000000FF000000FF000000FF000000FF000000FF000000FF000000FF000000FF000000FF000000FF000000FF000000FF000000FF000000FF000000FF000000FF000000FF000000FF000000FF000000FF000000FF000000FF000000FF000000FF000000FF000000FF000000FF000000FF000000FF000000FF000000FF000000FF000000FF000000FF000000FF000000FF000000FF000000FF000000FF000000FF000000FF000000FF000000FF000000FF000000FF000000FF000000FF000000FF000000FF000000FF000000FF000000FF000000FF000000FF000000FF000000FF000000FF000000FF000000FF000000FF000000FF000000FF000000FF000000FF000000FF000000FF000000FF000000FF000000FF000000FF000000FF000000FF000000FF000000FF000000FF000000FF000000FF000000FF000000FF000000FF000000FF000000FF000000FF000000FF000000FF000000FF000000FF000000FF000000FF000000FF000000FF000000FF000000FF000000FF000000FF000000FF000000FF000000FF000000FF000000FF000000FF000000FF000000FF000000FF000000FF000000FF000000FF000000FF000000FF000000FF000000FF000000FF000000FF000000FF000000FF000000FF000000FF000000FF000000FF000000FF000000FF000000FF000000FF000000FF000000FF000000FF000000FF000000FF000000FF000000FF000000FF000000FF000000FF000000FF000000FF000000FF000000FF000000FF000000FF000000FF000000FF000000FF000000FF000000FF000000FF000000FF000000FF000000FF000000FF000000FF000000FF000000FF000000FF000000FF000000FF000000FF000000FF000000FF000000FF000000FF000000FF000000FF000000FF000000FF000000FF000000FF000000FF000000FF000000FF000000FF000000FF000000FF000000FF000000FF000000FF000000FF000000FF000000FF000000FF000000FF000000FF000000FF000000FF000000FF000000FF000000FF000000FF000000FF000000FF000000FF000000FF000000FF000000FF000000FF000000FF000000FF000000FF000000FF000000FF000000FF000000FF000000FF000000FF000000FF000000FF000000FF000000FF000000FF000000FF000000FF000000FF000000FF000000FF000000FF000000FF000000FF000000FF000000FF000000FF000000FF000000FF000000FF000000FF000000FF000000FF000000FF000000FF000000FF000000FF000000FF000000FF000000FF000000FF000000FF000000FF000000FF000000FF000000FF000000FF000000FF000000FF000000FF000000FF000000FF000000FF000000FF000000FF000000FF000000FF000000FF000000FF000000FF000000FF000000FF000000FF000000FF000000FF000000FF000000FF000000FF000000FF000000FF000000FF000000FF000000FF000000FF000000FF000000FF000000FF000000FF000000FF000000FF000000FFA9F922FFA9F922FF000000FF000000FF000000FF000000FF000000FF000000FF000000FF000000FF000000FF000000FFA9F922FFA9F922FFA9F922FFA9F922FFA9F922FFA9F922FF000000FF000000FF000000FF000000FF000000FF000000FFA9F922FFA9F922FFA9F922FFA9F922FFA9F922FFA9F922FFA9F922FFA9F922FF000000FF000000FF000000FF000000FF000000FF000000FFA9F922FFA9F922FFA9F922FFA9F922FFA9F922FFA9F922FFA9F922FFA9F922FF000000FF000000FF000000FF000000FF000000FF000000FF000000FF000000FFA9F922FFA9F922FFA9F922FFA9F922FFA9F922FFA9F922FF000000FF000000FF000000FF000000FF000000FF000000FF000000FF000000FF000000FF000000FF000000FF000000FF000000FF000000FF000000FF000000FF000000FF000000FF000000FF000000FF000000FF000000FF000000FF000000FF000000FF000000FF000000FF000000FF000000FF000000FF000000FF000000FF000000FF000000FFA9F922FFA9F922FFA9F922FFA9F922FFA9F922FFA9F922FFA9F922FFA9F922FFA9F922FFA9F922FF000000FF000000FF000000FF000000FFA9F922FFA9F922FFA9F922FFA9F922FFA9F922FFA9F922FFA9F922FFA9F922FFA9F922FFA9F922FF000000FF000000FF000000FF000000FF000000FF000000FF000000FF000000FF000000FF000000FF000000FF000000FF000000FF000000FF000000FF000000FF000000FF000000FF000000FF000000FF000000FF000000FFA9F922FFA9F922FFA9F922FFA9F922FFA9F922FFA9F922FF000000FF000000FF000000FF000000FF000000FF000000FFA9F922FFA9F922FFA9F922FFA9F922FFA9F922FFA9F922FF000000FF000000FF000000FF000000FF000000FF000000FF000000FF000000FF000000FF000000FF000000FF000000FF000000FF000000FF000000FF000000FF000000FF000000FF000000FF000000FF000000FF000000FF000000FF000000FFA9F922FFA9F922FFA9F922FFA9F922FFA9F922FFA9F922FF000000FF000000FF000000FF000000FF000000FF000000FFA9F922FFA9F922FFA9F922FFA9F922FFA9F922FFA9F922FF000000FF000000FF000000FF000000FF000000FF000000FF000000FF000000FF000000FF000000FF000000FF000000FF000000FF000000FF000000FF000000FF000000FF000000FF000000FF000000FF000000FF000000FFA9F922FFA9F922FFA9F922FFA9F922FFA9F922FFA9F922FF000000FF000000FF000000FF000000FF000000FF000000FFA9F922FFA9F922FFA9F922FFA9F922FFA9F922FFA9F922FFA9F922FFA9F922FF000000FF000000FF000000FF000000FF000000FF000000FF000000FF000000FF000000FF000000FF000000FF000000FF000000FF000000FF000000FF000000FF000000FF000000FF000000FF000000FF000000FF000000FFA9F922FFA9F922FFA9F922FFA9F922FFA9F922FFA9F922FF000000FF000000FF000000FF000000FF000000FF000000FF000000FF000000FFA9F922FFA9F922FFA9F922FFA9F922FFA9F922FFA9F922FF000000FF000000FF000000FF000000FF000000FF000000FF000000FF000000FF000000FF000000FF000000FF000000FF000000FF000000FF000000FF000000FF000000FF000000FF000000FF000000FF000000FF000000FF000000FF000000FF000000FF000000FFA9F922FFA9F922FF000000FF000000FF000000FF000000FF000000FF000000FFA9F922FFA9F922FFA9F922FFA9F922FFA9F922FFA9F922FFA9F922FFA9F922FFA9F922FFA9F922FF000000FF000000FF000000FF000000FF000000FF000000FF000000FF000000FF000000FF000000FF000000FF000000FF000000FF000000FF000000FF000000FF000000FF000000FFA9F922FFA9F922FFA9F922FFA9F922FFA9F922FFA9F922FFA9F922FFA9F922FFA9F922FFA9F922FF000000FF000000FF000000FF000000FF000000FF000000FFA9F922FFA9F922FFA9F922FFA9F922FFA9F922FFA9F922FF000000FF000000FF000000FF000000FF000000FF000000FF000000FF000000FF000000FF000000FF000000FF000000FF000000FF000000FF000000FF000000FF000000FF000000FF000000FF000000FFA9F922FFA9F922FFA9F922FFA9F922FFA9F922FFA9F922FFA9F922FFA9F922FFA9F922FFA9F922FF000000FF000000FF000000FF000000FF000000FF000000FFA9F922FFA9F922FFA9F922FFA9F922FFA9F922FFA9F922FF000000FF000000FF000000FF000000FF000000FF000000FF000000FF000000FF000000FF000000FF000000FF000000FF000000FF000000FF000000FF000000FF000000FF000000FF000000FF000000FF000000FF000000FF000000FF000000FFA9F922FFA9F922FFA9F922FFA9F922FFA9F922FFA9F922FF000000FF000000FF000000FF000000FFA9F922FFA9F922FFA9F922FFA9F922FFA9F922FFA9F922FFA9F922FFA9F922FFA9F922FFA9F922FF000000FF000000FF000000FF000000FF000000FF000000FF000000FF000000FF000000FF000000FF000000FF000000FF000000FF000000FF000000FF000000FF000000FF000000FFA9F922FFA9F922FFA9F922FFA9F922FFA9F922FFA9F922FFA9F922FFA9F922FFA9F922FFA9F922FF000000FF000000FF000000FF000000FF000000FF000000FFA9F922FFA9F922FFA9F922FFA9F922FFA9F922FFA9F922FF000000FF000000FF000000FF000000FF000000FF000000FF000000FF000000FF000000FF000000FF000000FF000000FF000000FF000000FF000000FF000000FF000000FF000000FF000000FF000000FFA9F922FFA9F922FFA9F922FFA9F922FFA9F922FFA9F922FFA9F922FFA9F922FFA9F922FFA9F922FF000000FF000000FF000000FF000000FF000000FF000000FF000000FF000000FFA9F922FFA9F922FF000000FF000000FF000000FF000000FF000000FF000000FF000000FF000000FF000000FF000000FF000000FF000000FF000000FF000000FF000000FF000000FF000000FF000000FF000000FF000000FF000000FF000000FF000000FF000000FF000000FF000000FFA9F922FFA9F922FF000000FF000000FF000000FF000000FF000000FF000000FF000000FF000000FF000000FF000000FFA9F922FFA9F922FFA9F922FFA9F922FFA9F922FFA9F922FF000000FF000000FF000000FF000000FF000000FF000000FFA9F922FFA9F922FFA9F922FFA9F922FFA9F922FFA9F922FFA9F922FFA9F922FF000000FF000000FF000000FF000000FF000000FF000000FFA9F922FFA9F922FFA9F922FFA9F922FFA9F922FFA9F922FFA9F922FFA9F922FF000000FF000000FF000000FF000000FF000000FF000000FF000000FF000000FFA9F922FFA9F922FFA9F922FFA9F922FFA9F922FFA9F922FF000000FF000000FF000000FF000000FF000000FF000000FF000000FF000000FF000000FF000000FF000000FF000000FF000000FF000000FF000000FF000000FF000000FF000000FF000000FF000000FF000000FF000000FF000000FF000000FF000000FF000000FF000000FF000000FF000000FF000000FF000000FF000000FF000000FF000000FFA9F922FFA9F922FFA9F922FFA9F922FFA9F922FFA9F922FFA9F922FFA9F922FFA9F922FFA9F922FF000000FF000000FF000000FF000000FFA9F922FFA9F922FFA9F922FFA9F922FFA9F922FFA9F922FFA9F922FFA9F922FFA9F922FFA9F922FF000000FF000000FF000000FF000000FF000000FF000000FF000000FF000000FF000000FF000000FF000000FF000000FF000000FF000000FF000000FF000000FF000000FF000000FF000000FF000000FF000000FF000000FFA9F922FFA9F922FFA9F922FFA9F922FFA9F922FFA9F922FF000000FF000000FF000000FF000000FF000000FF000000FFA9F922FFA9F922FFA9F922FFA9F922FFA9F922FFA9F922FF000000FF000000FF000000FF000000FF000000FF000000FF000000FF000000FF000000FF000000FF000000FF000000FF000000FF000000FF000000FF000000FF000000FF000000FF000000FF000000FF000000FF000000FF000000FF000000FFA9F922FFA9F922FFA9F922FFA9F922FFA9F922FFA9F922FF000000FF000000FF000000FF000000FF000000FF000000FFA9F922FFA9F922FFA9F922FFA9F922FFA9F922FFA9F922FF000000FF000000FF000000FF000000FF000000FF000000FF000000FF000000FF000000FF000000FF000000FF000000FF000000FF000000FF000000FF000000FF000000FF000000FF000000FF000000FF000000FF000000FFA9F922FFA9F922FFA9F922FFA9F922FFA9F922FFA9F922FF000000FF000000FF000000FF000000FF000000FF000000FFA9F922FFA9F922FFA9F922FFA9F922FFA9F922FFA9F922FFA9F922FFA9F922FF000000FF000000FF000000FF000000FF000000FF000000FF000000FF000000FF000000FF000000FF000000FF000000FF000000FF000000FF000000FF000000FF000000FF000000FF000000FF000000FF000000FF000000FFA9F922FFA9F922FFA9F922FFA9F922FFA9F922FFA9F922FF000000FF000000FF000000FF000000FF000000FF000000FF000000FF000000FFA9F922FFA9F922FFA9F922FFA9F922FFA9F922FFA9F922FF000000FF000000FF000000FF000000FF000000FF000000FF000000FF000000FF000000FF000000FF000000FF000000FF000000FF000000FF000000FF000000FF000000FF000000FF000000FF000000FF000000FF000000FF000000FF000000FF000000FF000000FFA9F922FFA9F922FF000000FF000000FF000000FF000000FF000000FF000000FFA9F922FFA9F922FFA9F922FFA9F922FFA9F922FFA9F922FFA9F922FFA9F922FFA9F922FFA9F922FF000000FF000000FF000000FF000000FF000000FF000000FF000000FF000000FF000000FF000000FF000000FF000000FF000000FF000000FF000000FF000000FF000000FF000000FFA9F922FFA9F922FFA9F922FFA9F922FFA9F922FFA9F922FFA9F922FFA9F922FFA9F922FFA9F922FF000000FF000000FF000000FF000000FF000000FF000000FFA9F922FFA9F922FFA9F922FFA9F922FFA9F922FFA9F922FF000000FF000000FF000000FF000000FF000000FF000000FF000000FF000000FF000000FF000000FF000000FF000000FF000000FF000000FF000000FF000000FF000000FF000000FF000000FF000000FFA9F922FFA9F922FFA9F922FFA9F922FFA9F922FFA9F922FFA9F922FFA9F922FFA9F922FFA9F922FF000000FF000000FF000000FF000000FF000000FF000000FFA9F922FFA9F922FFA9F922FFA9F922FFA9F922FFA9F922FF000000FF000000FF000000FF000000FF000000FF000000FF000000FF000000FF000000FF000000FF000000FF000000FF000000FF000000FF000000FF000000FF000000FF000000FF000000FF000000FF000000FF000000FF000000FF000000FFA9F922FFA9F922FFA9F922FFA9F922FFA9F922FFA9F922FF000000FF000000FF000000FF000000FFA9F922FFA9F922FFA9F922FFA9F922FFA9F922FFA9F922FFA9F922FFA9F922FFA9F922FFA9F922FF000000FF000000FF000000FF000000FF000000FF000000FF000000FF000000FF000000FF000000FF000000FF000000FF000000FF000000FF000000FF000000FF000000FF000000FFA9F922FFA9F922FFA9F922FFA9F922FFA9F922FFA9F922FFA9F922FFA9F922FFA9F922FFA9F922FF000000FF000000FF000000FF000000FF000000FF000000FFA9F922FFA9F922FFA9F922FFA9F922FFA9F922FFA9F922FF000000FF000000FF000000FF000000FF000000FF000000FF000000FF000000FF000000FF000000FF000000FF000000FF000000FF000000FF000000FF000000FF000000FF000000FF000000FF000000FFA9F922FFA9F922FFA9F922FFA9F922FFA9F922FFA9F922FFA9F922FFA9F922FFA9F922FFA9F922FF000000FF000000FF000000FF000000FF000000FF000000FF000000FF000000FFA9F922FFA9F922FF000000FF000000FF000000FF000000FF000000FF000000FF000000FF000000FF000000FF000000FF000000FF000000FF000000FF000000FF000000FF000000FF000000FF000000FF000000FF000000FF000000FF000000FFA9F922FFA9F922FF000000FF000000FFA9F922FFA9F922FF000000FF000000FFA9F922FFA9F922FF000000FF000000FF000000FF000000FFA9F922FFA9F922FF000000FF000000FF000000FF000000FF000000FF000000FFA9F922FFA9F922FF000000FF000000FF000000FF000000FFA9F922FFA9F922FF000000FF000000FF000000FF000000FF000000FF000000FFA9F922FFA9F922FF000000FF000000FF000000FF000000FFA9F922FFA9F922FF000000FF000000FF000000FF000000FF000000FF000000FFA9F922FFA9F922FF000000FF000000FF000000FF000000FFA9F922FFA9F922FF000000FF000000FF000000FF000000FF000000FF000000FFA9F922FFA9F922FF000000FF000000FF000000FF000000FF000000FF000000FF000000FF000000FF000000FF000000FF000000FF000000FF000000FF000000FF000000FF000000FF000000FF000000FF000000FF000000FF000000FF000000FF000000FF000000FF000000FF000000FF000000FF000000FF000000FF000000FF000000FF000000FF000000FF000000FF000000FF000000FF000000FF000000FF000000FF000000FFA9F922FFA9F922FF000000FF000000FF000000FF000000FFA9F922FFA9F922FF000000FF000000FF000000FF000000FF000000FF000000FF000000FF000000FF000000FF000000FF000000FF000000FF000000FF000000FF000000FF000000FF000000FF000000FF000000FF000000FF000000FF000000FF000000FF000000FF000000FF000000FF000000FF000000FFA9F922FFA9F922FF000000FF000000FF000000FF000000FF000000FF000000FF000000FF000000FF000000FF000000FFA9F922FFA9F922FF000000FF000000FF000000FF000000FF000000FF000000FFA9F922FFA9F922FF000000FF000000FF000000FF000000FF000000FF000000FF000000FF000000FF000000FF000000FF000000FF000000FF000000FF000000FF000000FF000000FF000000FF000000FF000000FF000000FFA9F922FFA9F922FF000000FF000000FF000000FF000000FF000000FF000000FF000000FF000000FF000000FF000000FFA9F922FFA9F922FF000000FF000000FF000000FF000000FF000000FF000000FFA9F922FFA9F922FF000000FF000000FF000000FF000000FF000000FF000000FF000000FF000000FF000000FF000000FF000000FF000000FF000000FF000000FF000000FF000000FF000000FF000000FFA9F922FFA9F922FF000000FF000000FF000000FF000000FF000000FF000000FFA9F922FFA9F922FF000000FF000000FF000000FF000000FFA9F922FFA9F922FF000000FF000000FF000000FF000000FF000000FF000000FFA9F922FFA9F922FF000000FF000000FF000000FF000000FF000000FF000000FF000000FF000000FF000000FF000000FF000000FF000000FF000000FF000000FF000000FF000000FF000000FF000000FFA9F922FFA9F922FF000000FF000000FF000000FF000000FF000000FF000000FFA9F922FFA9F922FF000000FF000000FF000000FF000000FFA9F922FFA9F922FF000000FF000000FF000000FF000000FF000000FF000000FFA9F922FFA9F922FF000000FF000000FF000000FF000000FF000000FF000000FF000000FF000000FF000000FF000000FF000000FF000000FF000000FF000000FF000000FF000000FF000000FF000000FF000000FF000000FF000000FF000000FFA9F922FFA9F922FFA9F922FFA9F922FF000000FF000000FF000000FF000000FF000000FF000000FFA9F922FFA9F922FF000000FF000000FF000000FF000000FF000000FF000000FF000000FF000000FF000000FF000000FF000000FF000000FF000000FF000000FF000000FF000000FF000000FF000000FF000000FF000000FF000000FF000000FF000000FF000000FF000000FF000000FF000000FF000000FF000000FF000000FF000000FF000000FF000000FF000000FFA9F922FFA9F922FF000000FF000000FF000000FF000000FFA9F922FFA9F922FF000000FF000000FF000000FF000000FF000000FF000000FFA9F922FFA9F922FF000000FF000000FF000000FF000000FF000000FF000000FF000000FF000000FF000000FF000000FF000000FF000000FF000000FF000000FF000000FF000000FF000000FF000000FF000000FF000000FF000000FF000000FF000000FF000000FF000000FF000000FFA9F922FFA9F922FF000000FF000000FF000000FF000000FFA9F922FFA9F922FF000000FF000000FF000000FF000000FF000000FF000000FFA9F922FFA9F922FF000000FF000000FF000000FF000000FF000000FF000000FF000000FF000000FF000000FF000000FF000000FF000000FF000000FF000000FF000000FF000000FF000000FF000000FF000000FF000000FFA9F922FFA9F922FF000000FF000000FF000000FF000000FF000000FF000000FF000000FF000000FF000000FF000000FFA9F922FFA9F922FF000000FF000000FF000000FF000000FF000000FF000000FF000000FF000000FF000000FF000000FF000000FF000000FF000000FF000000FF000000FF000000FF000000FF000000FF000000FF000000FF000000FF000000FF000000FF000000FF000000FF000000FF000000FF000000FF000000FF000000FF000000FF000000FF000000FF000000FFA9F922FFA9F922FF000000FF000000FF000000FF000000FFA9F922FFA9F922FF000000FF000000FF000000FF000000FF000000FF000000FFA9F922FFA9F922FF000000FF000000FF000000FF000000FF000000FF000000FF000000FF000000FF000000FF000000FF000000FF000000FF000000FF000000FF000000FF000000FF000000FF000000FF000000FF000000FF000000FF000000FF000000FF000000FF000000FF000000FFA9F922FFA9F922FF000000FF000000FF000000FF000000FF000000FF000000FFA9F922FFA9F922FF000000FF000000FFA9F922FFA9F922FF000000FF000000FF000000FF000000FF000000FF000000FF000000FF000000FF000000FF000000FF000000FF000000FF000000FF000000FF000000FF000000FF000000FF000000FF000000FF000000FFA9F922FFA9F922FF000000FF000000FFA9F922FFA9F922FF000000FF000000FFA9F922FFA9F922FF000000FF000000FF000000FF000000FFA9F922FFA9F922FF000000FF000000FF000000FF000000FF000000FF000000FFA9F922FFA9F922FF000000FF000000FF000000FF000000FFA9F922FFA9F922FF000000FF000000FF000000FF000000FF000000FF000000FFA9F922FFA9F922FF000000FF000000FF000000FF000000FFA9F922FFA9F922FF000000FF000000FF000000FF000000FF000000FF000000FFA9F922FFA9F922FF000000FF000000FF000000FF000000FFA9F922FFA9F922FF000000FF000000FF000000FF000000FF000000FF000000FFA9F922FFA9F922FF000000FF000000FF000000FF000000FF000000FF000000FF000000FF000000FF000000FF000000FF000000FF000000FF000000FF000000FF000000FF000000FF000000FF000000FF000000FF000000FF000000FF000000FF000000FF000000FF000000FF000000FF000000FF000000FF000000FF000000FF000000FF000000FF000000FF000000FF000000FF000000FF000000FF000000FF000000FF000000FFA9F922FFA9F922FF000000FF000000FF000000FF000000FFA9F922FFA9F922FF000000FF000000FF000000FF000000FF000000FF000000FF000000FF000000FF000000FF000000FF000000FF000000FF000000FF000000FF000000FF000000FF000000FF000000FF000000FF000000FF000000FF000000FF000000FF000000FF000000FF000000FF000000FF000000FFA9F922FFA9F922FF000000FF000000FF000000FF000000FF000000FF000000FF000000FF000000FF000000FF000000FFA9F922FFA9F922FF000000FF000000FF000000FF000000FF000000FF000000FFA9F922FFA9F922FF000000FF000000FF000000FF000000FF000000FF000000FF000000FF000000FF000000FF000000FF000000FF000000FF000000FF000000FF000000FF000000FF000000FF000000FF000000FF000000FFA9F922FFA9F922FF000000FF000000FF000000FF000000FF000000FF000000FF000000FF000000FF000000FF000000FFA9F922FFA9F922FF000000FF000000FF000000FF000000FF000000FF000000FFA9F922FFA9F922FF000000FF000000FF000000FF000000FF000000FF000000FF000000FF000000FF000000FF000000FF000000FF000000FF000000FF000000FF000000FF000000FF000000FF000000FFA9F922FFA9F922FF000000FF000000FF000000FF000000FF000000FF000000FFA9F922FFA9F922FF000000FF000000FF000000FF000000FFA9F922FFA9F922FF000000FF000000FF000000FF000000FF000000FF000000FFA9F922FFA9F922FF000000FF000000FF000000FF000000FF000000FF000000FF000000FF000000FF000000FF000000FF000000FF000000FF000000FF000000FF000000FF000000FF000000FF000000FFA9F922FFA9F922FF000000FF000000FF000000FF000000FF000000FF000000FFA9F922FFA9F922FF000000FF000000FF000000FF000000FFA9F922FFA9F922FF000000FF000000FF000000FF000000FF000000FF000000FFA9F922FFA9F922FF000000FF000000FF000000FF000000FF000000FF000000FF000000FF000000FF000000FF000000FF000000FF000000FF000000FF000000FF000000FF000000FF000000FF000000FF000000FF000000FF000000FF000000FFA9F922FFA9F922FFA9F922FFA9F922FF000000FF000000FF000000FF000000FF000000FF000000FFA9F922FFA9F922FF000000FF000000FF000000FF000000FF000000FF000000FF000000FF000000FF000000FF000000FF000000FF000000FF000000FF000000FF000000FF000000FF000000FF000000FF000000FF000000FF000000FF000000FF000000FF000000FF000000FF000000FF000000FF000000FF000000FF000000FF000000FF000000FF000000FF000000FFA9F922FFA9F922FF000000FF000000FF000000FF000000FFA9F922FFA9F922FF000000FF000000FF000000FF000000FF000000FF000000FFA9F922FFA9F922FF000000FF000000FF000000FF000000FF000000FF000000FF000000FF000000FF000000FF000000FF000000FF000000FF000000FF000000FF000000FF000000FF000000FF000000FF000000FF000000FF000000FF000000FF000000FF000000FF000000FF000000FFA9F922FFA9F922FF000000FF000000FF000000FF000000FFA9F922FFA9F922FF000000FF000000FF000000FF000000FF000000FF000000FFA9F922FFA9F922FF000000FF000000FF000000FF000000FF000000FF000000FF000000FF000000FF000000FF000000FF000000FF000000FF000000FF000000FF000000FF000000FF000000FF000000FF000000FF000000FFA9F922FFA9F922FF000000FF000000FF000000FF000000FF000000FF000000FF000000FF000000FF000000FF000000FFA9F922FFA9F922FF000000FF000000FF000000FF000000FF000000FF000000FF000000FF000000FF000000FF000000FF000000FF000000FF000000FF000000FF000000FF000000FF000000FF000000FF000000FF000000FF000000FF000000FF000000FF000000FF000000FF000000FF000000FF000000FF000000FF000000FF000000FF000000FF000000FF000000FFA9F922FFA9F922FF000000FF000000FF000000FF000000FFA9F922FFA9F922FF000000FF000000FF000000FF000000FF000000FF000000FFA9F922FFA9F922FF000000FF000000FF000000FF000000FF000000FF000000FF000000FF000000FF000000FF000000FF000000FF000000FF000000FF000000FF000000FF000000FF000000FF000000FF000000FF000000FF000000FF000000FF000000FF000000FF000000FF000000FFA9F922FFA9F922FF000000FF000000FF000000FF000000FF000000FF000000FFA9F922FFA9F922FF000000FF000000FFA9F922FFA9F922FF000000FF000000FF000000FF000000FF000000FF000000FF000000FF000000FF000000FF000000FF000000FF000000FF000000FF000000FF000000FF000000FF000000FF000000FF000000FF000000FF000000FF000000FFA9F922FFA9F922FFA9F922FFA9F922FFA9F922FFA9F922FF000000FF000000FF000000FF000000FF000000FF000000FF000000FF000000FF000000FF000000FF000000FF000000FF000000FF000000FFA9F922FFA9F922FF000000FF000000FF000000FF000000FFA9F922FFA9F922FF000000FF000000FF000000FF000000FF000000FF000000FFA9F922FFA9F922FF000000FF000000FF000000FF000000FFA9F922FFA9F922FF000000FF000000FF000000FF000000FF000000FF000000FFA9F922FFA9F922FF000000FF000000FF000000FF000000FFA9F922FFA9F922FF000000FF000000FF000000FF000000FFA9F922FFA9F922FFA9F922FFA9F922FF000000FF000000FF000000FF000000FF000000FF000000FF000000FF000000FFA9F922FFA9F922FF000000FF000000FF000000FF000000FF000000FF000000FF000000FF000000FF000000FF000000FF000000FF000000FF000000FF000000FF000000FF000000FF000000FF000000FF000000FF000000FF000000FF000000FF000000FF000000FF000000FF000000FF000000FF000000FFA9F922FFA9F922FF000000FF000000FF000000FF000000FF000000FF000000FFA9F922FFA9F922FFA9F922FFA9F922FFA9F922FFA9F922FFA9F922FFA9F922FF000000FF000000FF000000FF000000FF000000FF000000FF000000FF000000FF000000FF000000FF000000FF000000FF000000FF000000FF000000FF000000FF000000FF000000FF000000FF000000FFA9F922FFA9F922FF000000FF000000FF000000FF000000FF000000FF000000FF000000FF000000FF000000FF000000FF000000FF000000FFA9F922FFA9F922FF000000FF000000FF000000FF000000FF000000FF000000FF000000FF000000FF000000FF000000FF000000FF000000FF000000FF000000FF000000FF000000FF000000FF000000FF000000FF000000FF000000FF000000FF000000FF000000FF000000FF000000FFA9F922FFA9F922FF000000FF000000FF000000FF000000FF000000FF000000FF000000FF000000FF000000FF000000FF000000FF000000FFA9F922FFA9F922FF000000FF000000FF000000FF000000FF000000FF000000FF000000FF000000FF000000FF000000FF000000FF000000FF000000FF000000FF000000FF000000FF000000FF000000FF000000FF000000FF000000FF000000FF000000FF000000FF000000FF000000FFA9F922FFA9F922FF000000FF000000FF000000FF000000FFA9F922FFA9F922FFA9F922FFA9F922FF000000FF000000FF000000FF000000FFA9F922FFA9F922FF000000FF000000FF000000FF000000FF000000FF000000FFA9F922FFA9F922FF000000FF000000FF000000FF000000FF000000FF000000FF000000FF000000FF000000FF000000FF000000FF000000FF000000FF000000FF000000FF000000FF000000FF000000FFA9F922FFA9F922FF000000FF000000FF000000FF000000FFA9F922FFA9F922FFA9F922FFA9F922FF000000FF000000FF000000FF000000FFA9F922FFA9F922FF000000FF000000FF000000FF000000FFA9F922FFA9F922FFA9F922FFA9F922FF000000FF000000FF000000FF000000FF000000FF000000FF000000FF000000FF000000FF000000FF000000FF000000FF000000FF000000FF000000FF000000FF000000FF000000FF000000FF000000FFA9F922FFA9F922FF000000FF000000FFA9F922FFA9F922FF000000FF000000FF000000FF000000FF000000FF000000FFA9F922FFA9F922FFA9F922FFA9F922FFA9F922FFA9F922FFA9F922FFA9F922FF000000FF000000FF000000FF000000FF000000FF000000FF000000FF000000FF000000FF000000FF000000FF000000FF000000FF000000FF000000FF000000FF000000FF000000FF000000FF000000FF000000FF000000FF000000FF000000FF000000FF000000FFA9F922FFA9F922FF000000FF000000FF000000FF000000FF000000FF000000FF000000FF000000FF000000FF000000FF000000FF000000FF000000FF000000FFA9F922FFA9F922FF000000FF000000FF000000FF000000FF000000FF000000FF000000FF000000FF000000FF000000FF000000FF000000FF000000FF000000FF000000FF000000FF000000FF000000FF000000FF000000FF000000FF000000FF000000FF000000FFA9F922FFA9F922FF000000FF000000FF000000FF000000FF000000FF000000FF000000FF000000FF000000FF000000FF000000FF000000FF000000FF000000FFA9F922FFA9F922FF000000FF000000FF000000FF000000FF000000FF000000FF000000FF000000FF000000FF000000FF000000FF000000FF000000FF000000FF000000FF000000FF000000FF000000FFA9F922FFA9F922FF000000FF000000FF000000FF000000FF000000FF000000FF000000FF000000FF000000FF000000FF000000FF000000FFA9F922FFA9F922FF000000FF000000FF000000FF000000FF000000FF000000FF000000FF000000FF000000FF000000FF000000FF000000FF000000FF000000FF000000FF000000FF000000FF000000FF000000FF000000FF000000FF000000FF000000FF000000FF000000FF000000FF000000FF000000FF000000FF000000FF000000FF000000FFA9F922FFA9F922FF000000FF000000FF000000FF000000FF000000FF000000FF000000FF000000FF000000FF000000FF000000FF000000FF000000FF000000FFA9F922FFA9F922FF000000FF000000FF000000FF000000FF000000FF000000FF000000FF000000FF000000FF000000FF000000FF000000FF000000FF000000FF000000FF000000FF000000FF000000FF000000FF000000FF000000FF000000FF000000FF000000FFA9F922FFA9F922FF000000FF000000FF000000FF000000FF000000FF000000FFA9F922FFA9F922FF000000FF000000FF000000FF000000FF000000FF000000FFA9F922FFA9F922FF000000FF000000FF000000FF000000FF000000FF000000FF000000FF000000FF000000FF000000FF000000FF000000FF000000FF000000FF000000FF000000FF000000FF000000FF000000FF000000FFA9F922FFA9F922FFA9F922FFA9F922FFA9F922FFA9F922FF000000FF000000FF000000FF000000FF000000FF000000FF000000FF000000FF000000FF000000FF000000FF000000FF000000FF000000FFA9F922FFA9F922FF000000FF000000FF000000FF000000FFA9F922FFA9F922FF000000FF000000FF000000FF000000FF000000FF000000FFA9F922FFA9F922FF000000FF000000FF000000FF000000FFA9F922FFA9F922FF000000FF000000FF000000FF000000FF000000FF000000FFA9F922FFA9F922FF000000FF000000FF000000FF000000FFA9F922FFA9F922FF000000FF000000FF000000FF000000FFA9F922FFA9F922FFA9F922FFA9F922FF000000FF000000FF000000FF000000FF000000FF000000FF000000FF000000FFA9F922FFA9F922FF000000FF000000FF000000FF000000FF000000FF000000FF000000FF000000FF000000FF000000FF000000FF000000FF000000FF000000FF000000FF000000FF000000FF000000FF000000FF000000FF000000FF000000FF000000FF000000FF000000FF000000FF000000FF000000FFA9F922FFA9F922FF000000FF000000FF000000FF000000FF000000FF000000FFA9F922FFA9F922FFA9F922FFA9F922FFA9F922FFA9F922FFA9F922FFA9F922FF000000FF000000FF000000FF000000FF000000FF000000FF000000FF000000FF000000FF000000FF000000FF000000FF000000FF000000FF000000FF000000FF000000FF000000FF000000FF000000FFA9F922FFA9F922FF000000FF000000FF000000FF000000FF000000FF000000FF000000FF000000FF000000FF000000FF000000FF000000FFA9F922FFA9F922FF000000FF000000FF000000FF000000FF000000FF000000FF000000FF000000FF000000FF000000FF000000FF000000FF000000FF000000FF000000FF000000FF000000FF000000FF000000FF000000FF000000FF000000FF000000FF000000FF000000FF000000FFA9F922FFA9F922FF000000FF000000FF000000FF000000FF000000FF000000FF000000FF000000FF000000FF000000FF000000FF000000FFA9F922FFA9F922FF000000FF000000FF000000FF000000FF000000FF000000FF000000FF000000FF000000FF000000FF000000FF000000FF000000FF000000FF000000FF000000FF000000FF000000FF000000FF000000FF000000FF000000FF000000FF000000FF000000FF000000FFA9F922FFA9F922FF000000FF000000FF000000FF000000FFA9F922FFA9F922FFA9F922FFA9F922FF000000FF000000FF000000FF000000FFA9F922FFA9F922FF000000FF000000FF000000FF000000FF000000FF000000FFA9F922FFA9F922FF000000FF000000FF000000FF000000FF000000FF000000FF000000FF000000FF000000FF000000FF000000FF000000FF000000FF000000FF000000FF000000FF000000FF000000FFA9F922FFA9F922FF000000FF000000FF000000FF000000FFA9F922FFA9F922FFA9F922FFA9F922FF000000FF000000FF000000FF000000FFA9F922FFA9F922FF000000FF000000FF000000FF000000FFA9F922FFA9F922FFA9F922FFA9F922FF000000FF000000FF000000FF000000FF000000FF000000FF000000FF000000FF000000FF000000FF000000FF000000FF000000FF000000FF000000FF000000FF000000FF000000FF000000FF000000FFA9F922FFA9F922FF000000FF000000FFA9F922FFA9F922FF000000FF000000FF000000FF000000FF000000FF000000FFA9F922FFA9F922FFA9F922FFA9F922FFA9F922FFA9F922FFA9F922FFA9F922FF000000FF000000FF000000FF000000FF000000FF000000FF000000FF000000FF000000FF000000FF000000FF000000FF000000FF000000FF000000FF000000FF000000FF000000FF000000FF000000FF000000FF000000FF000000FF000000FF000000FF000000FFA9F922FFA9F922FF000000FF000000FF000000FF000000FF000000FF000000FF000000FF000000FF000000FF000000FF000000FF000000FF000000FF000000FFA9F922FFA9F922FF000000FF000000FF000000FF000000FF000000FF000000FF000000FF000000FF000000FF000000FF000000FF000000FF000000FF000000FF000000FF000000FF000000FF000000FF000000FF000000FF000000FF000000FF000000FF000000FFA9F922FFA9F922FF000000FF000000FF000000FF000000FF000000FF000000FF000000FF000000FF000000FF000000FF000000FF000000FF000000FF000000FFA9F922FFA9F922FF000000FF000000FF000000FF000000FF000000FF000000FF000000FF000000FF000000FF000000FF000000FF000000FF000000FF000000FF000000FF000000FF000000FF000000FFA9F922FFA9F922FF000000FF000000FF000000FF000000FF000000FF000000FF000000FF000000FF000000FF000000FF000000FF000000FFA9F922FFA9F922FF000000FF000000FF000000FF000000FF000000FF000000FF000000FF000000FF000000FF000000FF000000FF000000FF000000FF000000FF000000FF000000FF000000FF000000FF000000FF000000FF000000FF000000FF000000FF000000FF000000FF000000FF000000FF000000FF000000FF000000FF000000FF000000FFA9F922FFA9F922FF000000FF000000FF000000FF000000FF000000FF000000FF000000FF000000FF000000FF000000FF000000FF000000FF000000FF000000FFA9F922FFA9F922FF000000FF000000FF000000FF000000FF000000FF000000FF000000FF000000FF000000FF000000FF000000FF000000FF000000FF000000FF000000FF000000FF000000FF000000FF000000FF000000FF000000FF000000FF000000FF000000FFA9F922FFA9F922FF000000FF000000FF000000FF000000FF000000FF000000FFA9F922FFA9F922FF000000FF000000FF000000FF000000FF000000FF000000FFA9F922FFA9F922FF000000FF000000FF000000FF000000FF000000FF000000FF000000FF000000FF000000FF000000FF000000FF000000FF000000FF000000FF000000FF000000FF000000FF000000FF000000FF000000FF000000FF000000FFA9F922FFA9F922FF000000FF000000FF000000FF000000FF000000FF000000FF000000FF000000FF000000FF000000FF000000FF000000FFA9F922FFA9F922FFA9F922FFA9F922FF000000FF000000FF000000FF000000FF000000FF000000FFA9F922FFA9F922FF000000FF000000FF000000FF000000FF000000FF000000FFA9F922FFA9F922FF000000FF000000FF000000FF000000FFA9F922FFA9F922FFA9F922FFA9F922FFA9F922FFA9F922FFA9F922FFA9F922FF000000FF000000FF000000FF000000FF000000FF000000FFA9F922FFA9F922FF000000FF000000FFA9F922FFA9F922FF000000FF000000FFA9F922FFA9F922FF000000FF000000FF000000FF000000FF000000FF000000FF000000FF000000FF000000FF000000FF000000FF000000FF000000FF000000FF000000FF000000FF000000FF000000FF000000FF000000FF000000FF000000FF000000FF000000FF000000FF000000FF000000FF000000FF000000FF000000FF000000FF000000FF000000FF000000FF000000FF000000FFA9F922FFA9F922FF000000FF000000FF000000FF000000FF000000FF000000FF000000FF000000FF000000FF000000FF000000FF000000FF000000FF000000FF000000FF000000FFA9F922FFA9F922FF000000FF000000FF000000FF000000FF000000FF000000FF000000FF000000FF000000FF000000FF000000FF000000FF000000FF000000FF000000FF000000FF000000FF000000FFA9F922FFA9F922FFA9F922FFA9F922FFA9F922FFA9F922FFA9F922FFA9F922FF000000FF000000FF000000FF000000FF000000FF000000FFA9F922FFA9F922FF000000FF000000FF000000FF000000FF000000FF000000FF000000FF000000FF000000FF000000FF000000FF000000FF000000FF000000FF000000FF000000FF000000FF000000FF000000FF000000FF000000FF000000FF000000FF000000FF000000FF000000FFA9F922FFA9F922FFA9F922FFA9F922FFA9F922FFA9F922FFA9F922FFA9F922FF000000FF000000FF000000FF000000FF000000FF000000FFA9F922FFA9F922FF000000FF000000FF000000FF000000FF000000FF000000FF000000FF000000FF000000FF000000FF000000FF000000FF000000FF000000FF000000FF000000FF000000FF000000FF000000FF000000FF000000FF000000FF000000FF000000FF000000FF000000FFA9F922FFA9F922FF000000FF000000FFA9F922FFA9F922FF000000FF000000FFA9F922FFA9F922FF000000FF000000FF000000FF000000FFA9F922FFA9F922FF000000FF000000FF000000FF000000FF000000FF000000FFA9F922FFA9F922FF000000FF000000FF000000FF000000FF000000FF000000FF000000FF000000FF000000FF000000FF000000FF000000FF000000FF000000FF000000FF000000FF000000FF000000FFA9F922FFA9F922FF000000FF000000FFA9F922FFA9F922FF000000FF000000FFA9F922FFA9F922FF000000FF000000FF000000FF000000FFA9F922FFA9F922FF000000FF000000FFA9F922FFA9F922FF000000FF000000FFA9F922FFA9F922FF000000FF000000FF000000FF000000FF000000FF000000FF000000FF000000FF000000FF000000FF000000FF000000FF000000FF000000FF000000FF000000FF000000FF000000FFA9F922FFA9F922FF000000FF000000FF000000FF000000FFA9F922FFA9F922FF000000FF000000FF000000FF000000FF000000FF000000FF000000FF000000FF000000FF000000FF000000FF000000FF000000FF000000FFA9F922FFA9F922FF000000FF000000FF000000FF000000FF000000FF000000FF000000FF000000FF000000FF000000FF000000FF000000FF000000FF000000FF000000FF000000FF000000FF000000FF000000FF000000FF000000FF000000FFA9F922FFA9F922FF000000FF000000FF000000FF000000FF000000FF000000FF000000FF000000FF000000FF000000FF000000FF000000FFA9F922FFA9F922FFA9F922FFA9F922FF000000FF000000FF000000FF000000FF000000FF000000FF000000FF000000FF000000FF000000FF000000FF000000FF000000FF000000FF000000FF000000FF000000FF000000FF000000FF000000FF000000FF000000FF000000FF000000FFA9F922FFA9F922FF000000FF000000FF000000FF000000FF000000FF000000FF000000FF000000FF000000FF000000FF000000FF000000FFA9F922FFA9F922FFA9F922FFA9F922FF000000FF000000FF000000FF000000FF000000FF000000FF000000FF000000FF000000FF000000FF000000FF000000FF000000FF000000FF000000FF000000FF000000FF000000FF000000FF000000FFA9F922FFA9F922FFA9F922FFA9F922FFA9F922FFA9F922FFA9F922FFA9F922FF000000FF000000FF000000FF000000FF000000FF000000FFA9F922FFA9F922FFA9F922FFA9F922FFA9F922FFA9F922FFA9F922FFA9F922FF000000FF000000FF000000FF000000FF000000FF000000FF000000FF000000FF000000FF000000FF000000FF000000FF000000FF000000FF000000FF000000FF000000FF000000FF000000FF000000FF000000FF000000FF000000FF000000FFA9F922FFA9F922FF000000FF000000FF000000FF000000FF000000FF000000FF000000FF000000FF000000FF000000FF000000FF000000FFA9F922FFA9F922FFA9F922FFA9F922FF000000FF000000FF000000FF000000FF000000FF000000FF000000FF000000FF000000FF000000FF000000FF000000FF000000FF000000FF000000FF000000FF000000FF000000FF000000FF000000FF000000FF000000FF000000FF000000FFA9F922FFA9F922FFA9F922FFA9F922FF000000FF000000FF000000FF000000FF000000FF000000FFA9F922FFA9F922FF000000FF000000FF000000FF000000FF000000FF000000FFA9F922FFA9F922FF000000FF000000FF000000FF000000FF000000FF000000FF000000FF000000FF000000FF000000FF000000FF000000FF000000FF000000FF000000FF000000FF000000FF000000FF000000FF000000FF000000FF000000FFA9F922FFA9F922FF000000FF000000FF000000FF000000FF000000FF000000FF000000FF000000FF000000FF000000FF000000FF000000FFA9F922FFA9F922FFA9F922FFA9F922FF000000FF000000FF000000FF000000FF000000FF000000FFA9F922FFA9F922FF000000FF000000FF000000FF000000FF000000FF000000FFA9F922FFA9F922FF000000FF000000FF000000FF000000FFA9F922FFA9F922FFA9F922FFA9F922FFA9F922FFA9F922FFA9F922FFA9F922FF000000FF000000FF000000FF000000FF000000FF000000FFA9F922FFA9F922FF000000FF000000FFA9F922FFA9F922FF000000FF000000FFA9F922FFA9F922FF000000FF000000FF000000FF000000FF000000FF000000FF000000FF000000FF000000FF000000FF000000FF000000FF000000FF000000FF000000FF000000FF000000FF000000FF000000FF000000FF000000FF000000FF000000FF000000FF000000FF000000FF000000FF000000FF000000FF000000FF000000FF000000FF000000FF000000FF000000FF000000FFA9F922FFA9F922FF000000FF000000FF000000FF000000FF000000FF000000FF000000FF000000FF000000FF000000FF000000FF000000FF000000FF000000FF000000FF000000FFA9F922FFA9F922FF000000FF000000FF000000FF000000FF000000FF000000FF000000FF000000FF000000FF000000FF000000FF000000FF000000FF000000FF000000FF000000FF000000FF000000FFA9F922FFA9F922FFA9F922FFA9F922FFA9F922FFA9F922FFA9F922FFA9F922FF000000FF000000FF000000FF000000FF000000FF000000FFA9F922FFA9F922FF000000FF000000FF000000FF000000FF000000FF000000FF000000FF000000FF000000FF000000FF000000FF000000FF000000FF000000FF000000FF000000FF000000FF000000FF000000FF000000FF000000FF000000FF000000FF000000FF000000FF000000FFA9F922FFA9F922FFA9F922FFA9F922FFA9F922FFA9F922FFA9F922FFA9F922FF000000FF000000FF000000FF000000FF000000FF000000FFA9F922FFA9F922FF000000FF000000FF000000FF000000FF000000FF000000FF000000FF000000FF000000FF000000FF000000FF000000FF000000FF000000FF000000FF000000FF000000FF000000FF000000FF000000FF000000FF000000FF000000FF000000FF000000FF000000FFA9F922FFA9F922FF000000FF000000FFA9F922FFA9F922FF000000FF000000FFA9F922FFA9F922FF000000FF000000FF000000FF000000FFA9F922FFA9F922FF000000FF000000FF000000FF000000FF000000FF000000FFA9F922FFA9F922FF000000FF000000FF000000FF000000FF000000FF000000FF000000FF000000FF000000FF000000FF000000FF000000FF000000FF000000FF000000FF000000FF000000FF000000FFA9F922FFA9F922FF000000FF000000FFA9F922FFA9F922FF000000FF000000FFA9F922FFA9F922FF000000FF000000FF000000FF000000FFA9F922FFA9F922FF000000FF000000FFA9F922FFA9F922FF000000FF000000FFA9F922FFA9F922FF000000FF000000FF000000FF000000FF000000FF000000FF000000FF000000FF000000FF000000FF000000FF000000FF000000FF000000FF000000FF000000FF000000FF000000FFA9F922FFA9F922FF000000FF000000FF000000FF000000FFA9F922FFA9F922FF000000FF000000FF000000FF000000FF000000FF000000FF000000FF000000FF000000FF000000FF000000FF000000FF000000FF000000FFA9F922FFA9F922FF000000FF000000FF000000FF000000FF000000FF000000FF000000FF000000FF000000FF000000FF000000FF000000FF000000FF000000FF000000FF000000FF000000FF000000FF000000FF000000FF000000FF000000FFA9F922FFA9F922FF000000FF000000FF000000FF000000FF000000FF000000FF000000FF000000FF000000FF000000FF000000FF000000FFA9F922FFA9F922FFA9F922FFA9F922FF000000FF000000FF000000FF000000FF000000FF000000FF000000FF000000FF000000FF000000FF000000FF000000FF000000FF000000FF000000FF000000FF000000FF000000FF000000FF000000FF000000FF000000FF000000FF000000FFA9F922FFA9F922FF000000FF000000FF000000FF000000FF000000FF000000FF000000FF000000FF000000FF000000FF000000FF000000FFA9F922FFA9F922FFA9F922FFA9F922FF000000FF000000FF000000FF000000FF000000FF000000FF000000FF000000FF000000FF000000FF000000FF000000FF000000FF000000FF000000FF000000FF000000FF000000FF000000FF000000FFA9F922FFA9F922FFA9F922FFA9F922FFA9F922FFA9F922FFA9F922FFA9F922FF000000FF000000FF000000FF000000FF000000FF000000FFA9F922FFA9F922FFA9F922FFA9F922FFA9F922FFA9F922FFA9F922FFA9F922FF000000FF000000FF000000FF000000FF000000FF000000FF000000FF000000FF000000FF000000FF000000FF000000FF000000FF000000FF000000FF000000FF000000FF000000FF000000FF000000FF000000FF000000FF000000FF000000FFA9F922FFA9F922FF000000FF000000FF000000FF000000FF000000FF000000FF000000FF000000FF000000FF000000FF000000FF000000FFA9F922FFA9F922FFA9F922FFA9F922FF000000FF000000FF000000FF000000FF000000FF000000FF000000FF000000FF000000FF000000FF000000FF000000FF000000FF000000FF000000FF000000FF000000FF000000FF000000FF000000FF000000FF000000FF000000FF000000FFA9F922FFA9F922FFA9F922FFA9F922FF000000FF000000FF000000FF000000FF000000FF000000FFA9F922FFA9F922FF000000FF000000FF000000FF000000FF000000FF000000FFA9F922FFA9F922FF000000FF000000FF000000FF000000FF000000FF000000FF000000FF000000FF000000FF000000FF000000FF000000FF000000FF000000FF000000FF000000FF000000FF000000FF000000FF000000FFA9F922FFA9F922FFA9F922FFA9F922FFA9F922FFA9F922FF000000FF000000FF000000FF000000FF000000FF000000FF000000FF000000FFA9F922FFA9F922FF000000FF000000FF000000FF000000FF000000FF000000FF000000FF000000FF000000FF000000FFA9F922FFA9F922FF000000FF000000FF000000FF000000FF000000FF000000FFA9F922FFA9F922FF000000FF000000FF000000FF000000FFA9F922FFA9F922FF000000FF000000FF000000FF000000FF000000FF000000FFA9F922FFA9F922FF000000FF000000FF000000FF000000FFA9F922FFA9F922FFA9F922FFA9F922FF000000FF000000FF000000FF000000FFA9F922FFA9F922FF000000FF000000FF000000FF000000FF000000FF000000FF000000FF000000FFA9F922FFA9F922FF000000FF000000FF000000FF000000FF000000FF000000FF000000FF000000FF000000FF000000FF000000FF000000FF000000FF000000FF000000FF000000FF000000FF000000FF000000FF000000FF000000FF000000FF000000FF000000FFA9F922FFA9F922FF000000FF000000FF000000FF000000FF000000FF000000FF000000FF000000FF000000FF000000FF000000FF000000FF000000FF000000FF000000FF000000FF000000FF000000FFA9F922FFA9F922FF000000FF000000FF000000FF000000FF000000FF000000FF000000FF000000FF000000FF000000FF000000FF000000FF000000FF000000FF000000FF000000FF000000FF000000FFA9F922FFA9F922FF000000FF000000FF000000FF000000FF000000FF000000FFA9F922FFA9F922FF000000FF000000FF000000FF000000FFA9F922FFA9F922FF000000FF000000FF000000FF000000FF000000FF000000FF000000FF000000FF000000FF000000FF000000FF000000FF000000FF000000FF000000FF000000FF000000FF000000FF000000FF000000FF000000FF000000FF000000FF000000FF000000FF000000FFA9F922FFA9F922FF000000FF000000FF000000FF000000FF000000FF000000FFA9F922FFA9F922FF000000FF000000FF000000FF000000FFA9F922FFA9F922FF000000FF000000FF000000FF000000FF000000FF000000FF000000FF000000FF000000FF000000FF000000FF000000FF000000FF000000FF000000FF000000FF000000FF000000FF000000FF000000FF000000FF000000FF000000FF000000FF000000FF000000FFA9F922FFA9F922FFA9F922FFA9F922FF000000FF000000FF000000FF000000FFA9F922FFA9F922FF000000FF000000FF000000FF000000FFA9F922FFA9F922FF000000FF000000FF000000FF000000FF000000FF000000FFA9F922FFA9F922FF000000FF000000FF000000FF000000FF000000FF000000FF000000FF000000FF000000FF000000FF000000FF000000FF000000FF000000FF000000FF000000FF000000FF000000FFA9F922FFA9F922FFA9F922FFA9F922FF000000FF000000FF000000FF000000FFA9F922FFA9F922FF000000FF000000FF000000FF000000FFA9F922FFA9F922FFA9F922FFA9F922FF000000FF000000FF000000FF000000FFA9F922FFA9F922FF000000FF000000FF000000FF000000FF000000FF000000FF000000FF000000FF000000FF000000FF000000FF000000FF000000FF000000FF000000FF000000FF000000FF000000FFA9F922FFA9F922FFA9F922FFA9F922FFA9F922FFA9F922FFA9F922FFA9F922FFA9F922FFA9F922FF000000FF000000FF000000FF000000FF000000FF000000FF000000FF000000FF000000FF000000FF000000FF000000FFA9F922FFA9F922FF000000FF000000FF000000FF000000FF000000FF000000FF000000FF000000FF000000FF000000FF000000FF000000FF000000FF000000FF000000FF000000FF000000FF000000FF000000FF000000FFA9F922FFA9F922FF000000FF000000FF000000FF000000FF000000FF000000FF000000FF000000FF000000FF000000FF000000FF000000FFA9F922FFA9F922FF000000FF000000FF000000FF000000FF000000FF000000FF000000FF000000FF000000FF000000FF000000FF000000FF000000FF000000FF000000FF000000FF000000FF000000FF000000FF000000FF000000FF000000FF000000FF000000FF000000FF000000FFA9F922FFA9F922FF000000FF000000FF000000FF000000FF000000FF000000FF000000FF000000FF000000FF000000FF000000FF000000FFA9F922FFA9F922FF000000FF000000FF000000FF000000FF000000FF000000FF000000FF000000FF000000FF000000FF000000FF000000FF000000FF000000FF000000FF000000FF000000FF000000FF000000FF000000FF000000FF000000FF000000FF000000FFA9F922FFA9F922FF000000FF000000FF000000FF000000FF000000FF000000FFA9F922FFA9F922FF000000FF000000FF000000FF000000FFA9F922FFA9F922FF000000FF000000FF000000FF000000FF000000FF000000FF000000FF000000FF000000FF000000FF000000FF000000FF000000FF000000FF000000FF000000FF000000FF000000FF000000FF000000FF000000FF000000FF000000FF000000FF000000FF000000FF000000FF000000FFA9F922FFA9F922FF000000FF000000FF000000FF000000FF000000FF000000FF000000FF000000FF000000FF000000FF000000FF000000FFA9F922FFA9F922FF000000FF000000FF000000FF000000FF000000FF000000FF000000FF000000FF000000FF000000FF000000FF000000FF000000FF000000FF000000FF000000FF000000FF000000FF000000FF000000FF000000FF000000FF000000FF000000FF000000FF000000FF000000FF000000FF000000FF000000FF000000FF000000FFA9F922FFA9F922FF000000FF000000FF000000FF000000FFA9F922FFA9F922FFA9F922FFA9F922FFA9F922FFA9F922FFA9F922FFA9F922FFA9F922FFA9F922FF000000FF000000FF000000FF000000FF000000FF000000FF000000FF000000FF000000FF000000FF000000FF000000FF000000FF000000FF000000FF000000FF000000FF000000FF000000FF000000FFA9F922FFA9F922FFA9F922FFA9F922FFA9F922FFA9F922FF000000FF000000FF000000FF000000FF000000FF000000FF000000FF000000FFA9F922FFA9F922FF000000FF000000FF000000FF000000FF000000FF000000FF000000FF000000FF000000FF000000FFA9F922FFA9F922FF000000FF000000FF000000FF000000FF000000FF000000FFA9F922FFA9F922FF000000FF000000FF000000FF000000FFA9F922FFA9F922FF000000FF000000FF000000FF000000FF000000FF000000FFA9F922FFA9F922FF000000FF000000FF000000FF000000FFA9F922FFA9F922FFA9F922FFA9F922FF000000FF000000FF000000FF000000FFA9F922FFA9F922FF000000FF000000FF000000FF000000FF000000FF000000FF000000FF000000FFA9F922FFA9F922FF000000FF000000FF000000FF000000FF000000FF000000FF000000FF000000FF000000FF000000FF000000FF000000FF000000FF000000FF000000FF000000FF000000FF000000FF000000FF000000FF000000FF000000FF000000FF000000FFA9F922FFA9F922FF000000FF000000FF000000FF000000FF000000FF000000FF000000FF000000FF000000FF000000FF000000FF000000FF000000FF000000FF000000FF000000FF000000FF000000FFA9F922FFA9F922FF000000FF000000FF000000FF000000FF000000FF000000FF000000FF000000FF000000FF000000FF000000FF000000FF000000FF000000FF000000FF000000FF000000FF000000FFA9F922FFA9F922FF000000FF000000FF000000FF000000FF000000FF000000FFA9F922FFA9F922FF000000FF000000FF000000FF000000FFA9F922FFA9F922FF000000FF000000FF000000FF000000FF000000FF000000FF000000FF000000FF000000FF000000FF000000FF000000FF000000FF000000FF000000FF000000FF000000FF000000FF000000FF000000FF000000FF000000FF000000FF000000FF000000FF000000FFA9F922FFA9F922FF000000FF000000FF000000FF000000FF000000FF000000FFA9F922FFA9F922FF000000FF000000FF000000FF000000FFA9F922FFA9F922FF000000FF000000FF000000FF000000FF000000FF000000FF000000FF000000FF000000FF000000FF000000FF000000FF000000FF000000FF000000FF000000FF000000FF000000FF000000FF000000FF000000FF000000FF000000FF000000FF000000FF000000FFA9F922FFA9F922FFA9F922FFA9F922FF000000FF000000FF000000FF000000FFA9F922FFA9F922FF000000FF000000FF000000FF000000FFA9F922FFA9F922FF000000FF000000FF000000FF000000FF000000FF000000FFA9F922FFA9F922FF000000FF000000FF000000FF000000FF000000FF000000FF000000FF000000FF000000FF000000FF000000FF000000FF000000FF000000FF000000FF000000FF000000FF000000FFA9F922FFA9F922FFA9F922FFA9F922FF000000FF000000FF000000FF000000FFA9F922FFA9F922FF000000FF000000FF000000FF000000FFA9F922FFA9F922FFA9F922FFA9F922FF000000FF000000FF000000FF000000FFA9F922FFA9F922FF000000FF000000FF000000FF000000FF000000FF000000FF000000FF000000FF000000FF000000FF000000FF000000FF000000FF000000FF000000FF000000FF000000FF000000FFA9F922FFA9F922FFA9F922FFA9F922FFA9F922FFA9F922FFA9F922FFA9F922FFA9F922FFA9F922FF000000FF000000FF000000FF000000FF000000FF000000FF000000FF000000FF000000FF000000FF000000FF000000FFA9F922FFA9F922FF000000FF000000FF000000FF000000FF000000FF000000FF000000FF000000FF000000FF000000FF000000FF000000FF000000FF000000FF000000FF000000FF000000FF000000FF000000FF000000FFA9F922FFA9F922FF000000FF000000FF000000FF000000FF000000FF000000FF000000FF000000FF000000FF000000FF000000FF000000FFA9F922FFA9F922FF000000FF000000FF000000FF000000FF000000FF000000FF000000FF000000FF000000FF000000FF000000FF000000FF000000FF000000FF000000FF000000FF000000FF000000FF000000FF000000FF000000FF000000FF000000FF000000FF000000FF000000FFA9F922FFA9F922FF000000FF000000FF000000FF000000FF000000FF000000FF000000FF000000FF000000FF000000FF000000FF000000FFA9F922FFA9F922FF000000FF000000FF000000FF000000FF000000FF000000FF000000FF000000FF000000FF000000FF000000FF000000FF000000FF000000FF000000FF000000FF000000FF000000FF000000FF000000FF000000FF000000FF000000FF000000FFA9F922FFA9F922FF000000FF000000FF000000FF000000FF000000FF000000FFA9F922FFA9F922FF000000FF000000FF000000FF000000FFA9F922FFA9F922FF000000FF000000FF000000FF000000FF000000FF000000FF000000FF000000FF000000FF000000FF000000FF000000FF000000FF000000FF000000FF000000FF000000FF000000FF000000FF000000FF000000FF000000FF000000FF000000FF000000FF000000FF000000FF000000FFA9F922FFA9F922FF000000FF000000FF000000FF000000FF000000FF000000FF000000FF000000FF000000FF000000FF000000FF000000FFA9F922FFA9F922FF000000FF000000FF000000FF000000FF000000FF000000FF000000FF000000FF000000FF000000FF000000FF000000FF000000FF000000FF000000FF000000FF000000FF000000FF000000FF000000FF000000FF000000FF000000FF000000FF000000FF000000FF000000FF000000FF000000FF000000FF000000FF000000FFA9F922FFA9F922FF000000FF000000FF000000FF000000FFA9F922FFA9F922FFA9F922FFA9F922FFA9F922FFA9F922FFA9F922FFA9F922FFA9F922FFA9F922FF000000FF000000FF000000FF000000FF000000FF000000FF000000FF000000FF000000FF000000FF000000FF000000FF000000FF000000FF000000FF000000FF000000FF000000FFA9F922FFA9F922FF000000FF000000FFA9F922FFA9F922FF000000FF000000FFA9F922FFA9F922FF000000FF000000FF000000FF000000FFA9F922FFA9F922FF000000FF000000FF000000FF000000FF000000FF000000FF000000FF000000FF000000FF000000FF000000FF000000FFA9F922FFA9F922FF000000FF000000FF000000FF000000FF000000FF000000FFA9F922FFA9F922FF000000FF000000FF000000FF000000FFA9F922FFA9F922FF000000FF000000FF000000FF000000FF000000FF000000FFA9F922FFA9F922FF000000FF000000FF000000FF000000FFA9F922FFA9F922FF000000FF000000FF000000FF000000FF000000FF000000FFA9F922FFA9F922FF000000FF000000FF000000FF000000FF000000FF000000FF000000FF000000FF000000FF000000FF000000FF000000FF000000FF000000FF000000FF000000FF000000FF000000FF000000FF000000FF000000FF000000FF000000FF000000FF000000FF000000FF000000FF000000FF000000FF000000FF000000FF000000FF000000FF000000FFA9F922FFA9F922FF000000FF000000FF000000FF000000FF000000FF000000FF000000FF000000FF000000FF000000FFA9F922FFA9F922FF000000FF000000FF000000FF000000FF000000FF000000FFA9F922FFA9F922FF000000FF000000FF000000FF000000FF000000FF000000FF000000FF000000FF000000FF000000FF000000FF000000FF000000FF000000FF000000FF000000FF000000FF000000FFA9F922FFA9F922FF000000FF000000FF000000FF000000FF000000FF000000FFA9F922FFA9F922FF000000FF000000FF000000FF000000FFA9F922FFA9F922FF000000FF000000FF000000FF000000FF000000FF000000FFA9F922FFA9F922FF000000FF000000FF000000FF000000FF000000FF000000FF000000FF000000FF000000FF000000FF000000FF000000FF000000FF000000FF000000FF000000FF000000FF000000FFA9F922FFA9F922FF000000FF000000FF000000FF000000FF000000FF000000FFA9F922FFA9F922FF000000FF000000FF000000FF000000FFA9F922FFA9F922FF000000FF000000FF000000FF000000FF000000FF000000FFA9F922FFA9F922FF000000FF000000FF000000FF000000FF000000FF000000FF000000FF000000FF000000FF000000FF000000FF000000FF000000FF000000FF000000FF000000FF000000FF000000FFA9F922FFA9F922FF000000FF000000FF000000FF000000FF000000FF000000FFA9F922FFA9F922FF000000FF000000FF000000FF000000FFA9F922FFA9F922FF000000FF000000FF000000FF000000FF000000FF000000FFA9F922FFA9F922FF000000FF000000FF000000FF000000FF000000FF000000FF000000FF000000FF000000FF000000FF000000FF000000FF000000FF000000FF000000FF000000FF000000FF000000FFA9F922FFA9F922FF000000FF000000FF000000FF000000FF000000FF000000FFA9F922FFA9F922FF000000FF000000FF000000FF000000FFA9F922FFA9F922FF000000FF000000FF000000FF000000FF000000FF000000FFA9F922FFA9F922FF000000FF000000FF000000FF000000FF000000FF000000FF000000FF000000FF000000FF000000FF000000FF000000FF000000FF000000FF000000FF000000FF000000FF000000FF000000FF000000FF000000FF000000FF000000FF000000FFA9F922FFA9F922FF000000FF000000FF000000FF000000FF000000FF000000FFA9F922FFA9F922FF000000FF000000FF000000FF000000FF000000FF000000FFA9F922FFA9F922FF000000FF000000FF000000FF000000FF000000FF000000FF000000FF000000FF000000FF000000FF000000FF000000FF000000FF000000FF000000FF000000FF000000FF000000FF000000FF000000FFA9F922FFA9F922FF000000FF000000FF000000FF000000FF000000FF000000FF000000FF000000FF000000FF000000FFA9F922FFA9F922FF000000FF000000FF000000FF000000FF000000FF000000FF000000FF000000FF000000FF000000FF000000FF000000FF000000FF000000FF000000FF000000FF000000FF000000FF000000FF000000FF000000FF000000FF000000FF000000FF000000FF000000FF000000FF000000FFA9F922FFA9F922FF000000FF000000FF000000FF000000FF000000FF000000FF000000FF000000FF000000FF000000FFA9F922FFA9F922FF000000FF000000FF000000FF000000FF000000FF000000FF000000FF000000FF000000FF000000FF000000FF000000FF000000FF000000FF000000FF000000FF000000FF000000FF000000FF000000FF000000FF000000FF000000FF000000FF000000FF000000FFA9F922FFA9F922FF000000FF000000FF000000FF000000FF000000FF000000FFA9F922FFA9F922FF000000FF000000FF000000FF000000FFA9F922FFA9F922FF000000FF000000FF000000FF000000FF000000FF000000FF000000FF000000FF000000FF000000FF000000FF000000FF000000FF000000FF000000FF000000FF000000FF000000FF000000FF000000FF000000FF000000FF000000FF000000FF000000FF000000FF000000FF000000FFA9F922FFA9F922FF000000FF000000FF000000FF000000FF000000FF000000FF000000FF000000FF000000FF000000FFA9F922FFA9F922FF000000FF000000FF000000FF000000FF000000FF000000FF000000FF000000FF000000FF000000FF000000FF000000FF000000FF000000FF000000FF000000FF000000FF000000FF000000FF000000FF000000FF000000FF000000FF000000FF000000FF000000FFA9F922FFA9F922FF000000FF000000FF000000FF000000FF000000FF000000FFA9F922FFA9F922FF000000FF000000FF000000FF000000FFA9F922FFA9F922FF000000FF000000FF000000FF000000FF000000FF000000FFA9F922FFA9F922FF000000FF000000FF000000FF000000FF000000FF000000FF000000FF000000FF000000FF000000FF000000FF000000FF000000FF000000FF000000FF000000FF000000FF000000FFA9F922FFA9F922FF000000FF000000FFA9F922FFA9F922FF000000FF000000FFA9F922FFA9F922FF000000FF000000FF000000FF000000FFA9F922FFA9F922FF000000FF000000FF000000FF000000FF000000FF000000FF000000FF000000FF000000FF000000FF000000FF000000FFA9F922FFA9F922FF000000FF000000FF000000FF000000FF000000FF000000FFA9F922FFA9F922FF000000FF000000FF000000FF000000FFA9F922FFA9F922FF000000FF000000FF000000FF000000FF000000FF000000FFA9F922FFA9F922FF000000FF000000FF000000FF000000FFA9F922FFA9F922FF000000FF000000FF000000FF000000FF000000FF000000FFA9F922FFA9F922FF000000FF000000FF000000FF000000FF000000FF000000FF000000FF000000FF000000FF000000FF000000FF000000FF000000FF000000FF000000FF000000FF000000FF000000FF000000FF000000FF000000FF000000FF000000FF000000FF000000FF000000FF000000FF000000FF000000FF000000FF000000FF000000FF000000FF000000FFA9F922FFA9F922FF000000FF000000FF000000FF000000FF000000FF000000FF000000FF000000FF000000FF000000FFA9F922FFA9F922FF000000FF000000FF000000FF000000FF000000FF000000FFA9F922FFA9F922FF000000FF000000FF000000FF000000FF000000FF000000FF000000FF000000FF000000FF000000FF000000FF000000FF000000FF000000FF000000FF000000FF000000FF000000FFA9F922FFA9F922FF000000FF000000FF000000FF000000FF000000FF000000FFA9F922FFA9F922FF000000FF000000FF000000FF000000FFA9F922FFA9F922FF000000FF000000FF000000FF000000FF000000FF000000FFA9F922FFA9F922FF000000FF000000FF000000FF000000FF000000FF000000FF000000FF000000FF000000FF000000FF000000FF000000FF000000FF000000FF000000FF000000FF000000FF000000FFA9F922FFA9F922FF000000FF000000FF000000FF000000FF000000FF000000FFA9F922FFA9F922FF000000FF000000FF000000FF000000FFA9F922FFA9F922FF000000FF000000FF000000FF000000FF000000FF000000FFA9F922FFA9F922FF000000FF000000FF000000FF000000FF000000FF000000FF000000FF000000FF000000FF000000FF000000FF000000FF000000FF000000FF000000FF000000FF000000FF000000FFA9F922FFA9F922FF000000FF000000FF000000FF000000FF000000FF000000FFA9F922FFA9F922FF000000FF000000FF000000FF000000FFA9F922FFA9F922FF000000FF000000FF000000FF000000FF000000FF000000FFA9F922FFA9F922FF000000FF000000FF000000FF000000FF000000FF000000FF000000FF000000FF000000FF000000FF000000FF000000FF000000FF000000FF000000FF000000FF000000FF000000FFA9F922FFA9F922FF000000FF000000FF000000FF000000FF000000FF000000FFA9F922FFA9F922FF000000FF000000FF000000FF000000FFA9F922FFA9F922FF000000FF000000FF000000FF000000FF000000FF000000FFA9F922FFA9F922FF000000FF000000FF000000FF000000FF000000FF000000FF000000FF000000FF000000FF000000FF000000FF000000FF000000FF000000FF000000FF000000FF000000FF000000FF000000FF000000FF000000FF000000FF000000FF000000FFA9F922FFA9F922FF000000FF000000FF000000FF000000FF000000FF000000FFA9F922FFA9F922FF000000FF000000FF000000FF000000FF000000FF000000FFA9F922FFA9F922FF000000FF000000FF000000FF000000FF000000FF000000FF000000FF000000FF000000FF000000FF000000FF000000FF000000FF000000FF000000FF000000FF000000FF000000FF000000FF000000FFA9F922FFA9F922FF000000FF000000FF000000FF000000FF000000FF000000FF000000FF000000FF000000FF000000FFA9F922FFA9F922FF000000FF000000FF000000FF000000FF000000FF000000FF000000FF000000FF000000FF000000FF000000FF000000FF000000FF000000FF000000FF000000FF000000FF000000FF000000FF000000FF000000FF000000FF000000FF000000FF000000FF000000FF000000FF000000FFA9F922FFA9F922FF000000FF000000FF000000FF000000FF000000FF000000FF000000FF000000FF000000FF000000FFA9F922FFA9F922FF000000FF000000FF000000FF000000FF000000FF000000FF000000FF000000FF000000FF000000FF000000FF000000FF000000FF000000FF000000FF000000FF000000FF000000FF000000FF000000FF000000FF000000FF000000FF000000FF000000FF000000FFA9F922FFA9F922FF000000FF000000FF000000FF000000FF000000FF000000FFA9F922FFA9F922FF000000FF000000FF000000FF000000FFA9F922FFA9F922FF000000FF000000FF000000FF000000FF000000FF000000FF000000FF000000FF000000FF000000FF000000FF000000FF000000FF000000FF000000FF000000FF000000FF000000FF000000FF000000FF000000FF000000FF000000FF000000FF000000FF000000FF000000FF000000FFA9F922FFA9F922FF000000FF000000FF000000FF000000FF000000FF000000FF000000FF000000FF000000FF000000FFA9F922FFA9F922FF000000FF000000FF000000FF000000FF000000FF000000FF000000FF000000FF000000FF000000FF000000FF000000FF000000FF000000FF000000FF000000FF000000FF000000FF000000FF000000FF000000FF000000FF000000FF000000FF000000FF000000FFA9F922FFA9F922FF000000FF000000FF000000FF000000FF000000FF000000FFA9F922FFA9F922FF000000FF000000FF000000FF000000FFA9F922FFA9F922FF000000FF000000FF000000FF000000FF000000FF000000FFA9F922FFA9F922FF000000FF000000FF000000FF000000FF000000FF000000FF000000FF000000FF000000FF000000FF000000FF000000FF000000FF000000FF000000FF000000FF000000FF000000FF000000FF000000FF000000FF000000FFA9F922FFA9F922FF000000FF000000FF000000FF000000FF000000FF000000FF000000FF000000FFA9F922FFA9F922FFA9F922FFA9F922FFA9F922FFA9F922FFA9F922FFA9F922FFA9F922FFA9F922FF000000FF000000FF000000FF000000FFA9F922FFA9F922FFA9F922FFA9F922FFA9F922FFA9F922FFA9F922FFA9F922FF000000FF000000FF000000FF000000FF000000FF000000FFA9F922FFA9F922FFA9F922FFA9F922FFA9F922FFA9F922FFA9F922FFA9F922FF000000FF000000FF000000FF000000FF000000FF000000FF000000FF000000FFA9F922FFA9F922FFA9F922FFA9F922FFA9F922FFA9F922FF000000FF000000FF000000FF000000FF000000FF000000FF000000FF000000FF000000FF000000FF000000FF000000FF000000FF000000FF000000FF000000FF000000FF000000FF000000FF000000FF000000FF000000FF000000FF000000FF000000FF000000FF000000FF000000FF000000FF000000FF000000FF000000FF000000FF000000FF000000FF000000FFA9F922FFA9F922FF000000FF000000FF000000FF000000FF000000FF000000FF000000FF000000FF000000FF000000FF000000FF000000FFA9F922FFA9F922FFA9F922FFA9F922FFA9F922FFA9F922FF000000FF000000FF000000FF000000FF000000FF000000FF000000FF000000FF000000FF000000FF000000FF000000FF000000FF000000FF000000FF000000FF000000FF000000FF000000FF000000FF000000FF000000FFA9F922FFA9F922FFA9F922FFA9F922FFA9F922FFA9F922FF000000FF000000FF000000FF000000FF000000FF000000FF000000FF000000FFA9F922FFA9F922FFA9F922FFA9F922FFA9F922FFA9F922FF000000FF000000FF000000FF000000FF000000FF000000FF000000FF000000FF000000FF000000FF000000FF000000FF000000FF000000FF000000FF000000FF000000FF000000FF000000FF000000FF000000FF000000FFA9F922FFA9F922FFA9F922FFA9F922FFA9F922FFA9F922FF000000FF000000FF000000FF000000FF000000FF000000FF000000FF000000FFA9F922FFA9F922FFA9F922FFA9F922FFA9F922FFA9F922FF000000FF000000FF000000FF000000FF000000FF000000FF000000FF000000FF000000FF000000FF000000FF000000FF000000FF000000FF000000FF000000FF000000FF000000FF000000FF000000FF000000FF000000FFA9F922FFA9F922FFA9F922FFA9F922FFA9F922FFA9F922FF000000FF000000FF000000FF000000FF000000FF000000FFA9F922FFA9F922FFA9F922FFA9F922FFA9F922FFA9F922FFA9F922FFA9F922FF000000FF000000FF000000FF000000FF000000FF000000FF000000FF000000FF000000FF000000FF000000FF000000FF000000FF000000FF000000FF000000FF000000FF000000FF000000FF000000FF000000FF000000FFA9F922FFA9F922FFA9F922FFA9F922FFA9F922FFA9F922FF000000FF000000FF000000FF000000FF000000FF000000FF000000FF000000FFA9F922FFA9F922FFA9F922FFA9F922FFA9F922FFA9F922FF000000FF000000FF000000FF000000FF000000FF000000FF000000FF000000FF000000FF000000FF000000FF000000FF000000FF000000FF000000FF000000FF000000FF000000FF000000FF000000FF000000FF000000FF000000FF000000FF000000FF000000FFA9F922FFA9F922FF000000FF000000FF000000FF000000FF000000FF000000FF000000FF000000FFA9F922FFA9F922FFA9F922FFA9F922FFA9F922FFA9F922FF000000FF000000FF000000FF000000FF000000FF000000FF000000FF000000FF000000FF000000FF000000FF000000FF000000FF000000FF000000FF000000FF000000FF000000FF000000FF000000FF000000FF000000FFA9F922FFA9F922FF000000FF000000FF000000FF000000FF000000FF000000FF000000FF000000FF000000FF000000FFA9F922FFA9F922FFA9F922FFA9F922FFA9F922FFA9F922FFA9F922FFA9F922FFA9F922FFA9F922FF000000FF000000FF000000FF000000FF000000FF000000FF000000FF000000FF000000FF000000FF000000FF000000FF000000FF000000FF000000FF000000FF000000FF000000FF000000FF000000FFA9F922FFA9F922FF000000FF000000FF000000FF000000FF000000FF000000FF000000FF000000FF000000FF000000FFA9F922FFA9F922FFA9F922FFA9F922FFA9F922FFA9F922FFA9F922FFA9F922FFA9F922FFA9F922FF000000FF000000FF000000FF000000FF000000FF000000FF000000FF000000FF000000FF000000FF000000FF000000FF000000FF000000FF000000FF000000FF000000FF000000FF000000FF000000FFA9F922FFA9F922FFA9F922FFA9F922FFA9F922FFA9F922FF000000FF000000FF000000FF000000FF000000FF000000FFA9F922FFA9F922FF000000FF000000FF000000FF000000FF000000FF000000FF000000FF000000FF000000FF000000FF000000FF000000FF000000FF000000FF000000FF000000FF000000FF000000FF000000FF000000FF000000FF000000FF000000FF000000FF000000FF000000FF000000FF000000FFA9F922FFA9F922FF000000FF000000FF000000FF000000FF000000FF000000FF000000FF000000FF000000FF000000FFA9F922FFA9F922FFA9F922FFA9F922FFA9F922FFA9F922FFA9F922FFA9F922FFA9F922FFA9F922FF000000FF000000FF000000FF000000FF000000FF000000FF000000FF000000FF000000FF000000FF000000FF000000FF000000FF000000FF000000FF000000FF000000FF000000FF000000FF000000FFA9F922FFA9F922FFA9F922FFA9F922FFA9F922FFA9F922FF000000FF000000FF000000FF000000FF000000FF000000FFA9F922FFA9F922FF000000FF000000FF000000FF000000FF000000FF000000FFA9F922FFA9F922FF000000FF000000FF000000FF000000FF000000FF000000FF000000FF000000FF000000FF000000FF000000FF000000FF000000FF000000FF000000FF000000FF000000FF000000FF000000FF000000FF000000FF000000FFA9F922FFA9F922FF000000FF000000FF000000FF000000FF000000FF000000FF000000FF000000FFA9F922FFA9F922FFA9F922FFA9F922FFA9F922FFA9F922FFA9F922FFA9F922FFA9F922FFA9F922FF000000FF000000FF000000FF000000FFA9F922FFA9F922FFA9F922FFA9F922FFA9F922FFA9F922FFA9F922FFA9F922FF000000FF000000FF000000FF000000FF000000FF000000FFA9F922FFA9F922FFA9F922FFA9F922FFA9F922FFA9F922FFA9F922FFA9F922FF000000FF000000FF000000FF000000FF000000FF000000FF000000FF000000FFA9F922FFA9F922FFA9F922FFA9F922FFA9F922FFA9F922FF000000FF000000FF000000FF000000FF000000FF000000FF000000FF000000FF000000FF000000FF000000FF000000FF000000FF000000FF000000FF000000FF000000FF000000FF000000FF000000FF000000FF000000FF000000FF000000FF000000FF000000FF000000FF000000FF000000FF000000FF000000FF000000FF000000FF000000FF000000FF000000FFA9F922FFA9F922FF000000FF000000FF000000FF000000FF000000FF000000FF000000FF000000FF000000FF000000FF000000FF000000FFA9F922FFA9F922FFA9F922FFA9F922FFA9F922FFA9F922FF000000FF000000FF000000FF000000FF000000FF000000FF000000FF000000FF000000FF000000FF000000FF000000FF000000FF000000FF000000FF000000FF000000FF000000FF000000FF000000FF000000FF000000FFA9F922FFA9F922FFA9F922FFA9F922FFA9F922FFA9F922FF000000FF000000FF000000FF000000FF000000FF000000FF000000FF000000FFA9F922FFA9F922FFA9F922FFA9F922FFA9F922FFA9F922FF000000FF000000FF000000FF000000FF000000FF000000FF000000FF000000FF000000FF000000FF000000FF000000FF000000FF000000FF000000FF000000FF000000FF000000FF000000FF000000FF000000FF000000FFA9F922FFA9F922FFA9F922FFA9F922FFA9F922FFA9F922FF000000FF000000FF000000FF000000FF000000FF000000FF000000FF000000FFA9F922FFA9F922FFA9F922FFA9F922FFA9F922FFA9F922FF000000FF000000FF000000FF000000FF000000FF000000FF000000FF000000FF000000FF000000FF000000FF000000FF000000FF000000FF000000FF000000FF000000FF000000FF000000FF000000FF000000FF000000FFA9F922FFA9F922FFA9F922FFA9F922FFA9F922FFA9F922FF000000FF000000FF000000FF000000FF000000FF000000FFA9F922FFA9F922FFA9F922FFA9F922FFA9F922FFA9F922FFA9F922FFA9F922FF000000FF000000FF000000FF000000FF000000FF000000FF000000FF000000FF000000FF000000FF000000FF000000FF000000FF000000FF000000FF000000FF000000FF000000FF000000FF000000FF000000FF000000FFA9F922FFA9F922FFA9F922FFA9F922FFA9F922FFA9F922FF000000FF000000FF000000FF000000FF000000FF000000FF000000FF000000FFA9F922FFA9F922FFA9F922FFA9F922FFA9F922FFA9F922FF000000FF000000FF000000FF000000FF000000FF000000FF000000FF000000FF000000FF000000FF000000FF000000FF000000FF000000FF000000FF000000FF000000FF000000FF000000FF000000FF000000FF000000FF000000FF000000FF000000FF000000FFA9F922FFA9F922FF000000FF000000FF000000FF000000FF000000FF000000FF000000FF000000FFA9F922FFA9F922FFA9F922FFA9F922FFA9F922FFA9F922FF000000FF000000FF000000FF000000FF000000FF000000FF000000FF000000FF000000FF000000FF000000FF000000FF000000FF000000FF000000FF000000FF000000FF000000FF000000FF000000FF000000FF000000FFA9F922FFA9F922FF000000FF000000FF000000FF000000FF000000FF000000FF000000FF000000FF000000FF000000FFA9F922FFA9F922FFA9F922FFA9F922FFA9F922FFA9F922FFA9F922FFA9F922FFA9F922FFA9F922FF000000FF000000FF000000FF000000FF000000FF000000FF000000FF000000FF000000FF000000FF000000FF000000FF000000FF000000FF000000FF000000FF000000FF000000FF000000FF000000FFA9F922FFA9F922FF000000FF000000FF000000FF000000FF000000FF000000FF000000FF000000FF000000FF000000FFA9F922FFA9F922FFA9F922FFA9F922FFA9F922FFA9F922FFA9F922FFA9F922FFA9F922FFA9F922FF000000FF000000FF000000FF000000FF000000FF000000FF000000FF000000FF000000FF000000FF000000FF000000FF000000FF000000FF000000FF000000FF000000FF000000FF000000FF000000FFA9F922FFA9F922FFA9F922FFA9F922FFA9F922FFA9F922FF000000FF000000FF000000FF000000FF000000FF000000FFA9F922FFA9F922FF000000FF000000FF000000FF000000FF000000FF000000FF000000FF000000FF000000FF000000FF000000FF000000FF000000FF000000FF000000FF000000FF000000FF000000FF000000FF000000FF000000FF000000FF000000FF000000FF000000FF000000FF000000FF000000FFA9F922FFA9F922FF000000FF000000FF000000FF000000FF000000FF000000FF000000FF000000FF000000FF000000FFA9F922FFA9F922FFA9F922FFA9F922FFA9F922FFA9F922FFA9F922FFA9F922FFA9F922FFA9F922FF000000FF000000FF000000FF000000FF000000FF000000FF000000FF000000FF000000FF000000FF000000FF000000FF000000FF000000FF000000FF000000FF000000FF000000FF000000FF000000FFA9F922FFA9F922FFA9F922FFA9F922FFA9F922FFA9F922FF000000FF000000FF000000FF000000FF000000FF000000FFA9F922FFA9F922FF000000FF000000FF000000FF000000FF000000FF000000FFA9F922FFA9F922FF000000FF000000FF000000FF000000FF000000FF000000FF000000FF000000FF000000FF000000FF000000FF000000FF000000FF000000FF000000FF000000FF000000FF000000FF000000FF000000FF000000FF000000FF000000FF000000FF000000FF000000FF000000FF000000FF000000FF000000FF000000FF000000FF000000FF000000FF000000FF000000FF000000FF000000FF000000FF000000FF000000FF000000FF000000FF000000FF000000FF000000FF000000FF000000FF000000FF000000FF000000FF000000FF000000FF000000FF000000FF000000FF000000FF000000FF000000FF000000FF000000FF000000FF000000FF000000FF000000FF000000FF000000FF000000FF000000FF000000FF000000FF000000FF000000FF000000FF000000FF000000FF000000FF000000FF000000FF000000FF000000FF000000FF000000FF000000FF000000FF000000FF000000FF000000FF000000FF000000FF000000FF000000FF000000FF000000FF000000FF000000FF000000FF000000FF000000FF000000FF000000FF000000FF000000FF000000FF000000FF000000FF000000FF000000FF000000FF000000FF000000FF000000FF000000FF000000FF000000FF000000FF000000FF000000FF000000FF000000FF000000FF000000FF000000FF000000FF000000FF000000FF000000FF000000FF000000FF000000FF000000FF000000FF000000FF000000FF000000FF000000FF000000FF000000FF000000FF000000FF000000FF000000FF000000FF000000FF000000FF000000FF000000FF000000FF000000FF000000FF000000FF000000FF000000FF000000FF000000FF000000FF000000FF000000FF000000FF000000FF000000FF000000FF000000FF000000FF000000FF000000FF000000FF000000FF000000FF000000FF000000FF000000FF000000FF000000FF000000FF000000FF000000FF000000FF000000FF000000FF000000FF000000FF000000FF000000FF000000FF000000FF000000FF000000FF000000FF000000FF000000FF000000FF000000FF000000FF000000FF000000FF000000FF000000FF000000FF000000FF000000FF000000FF000000FF000000FF000000FF000000FF000000FF000000FF000000FF000000FF000000FF000000FF000000FF000000FF000000FF000000FF000000FF000000FF000000FF000000FF000000FF000000FF000000FF000000FF000000FF000000FF000000FF000000FF000000FF000000FF000000FF000000FF000000FF000000FF000000FF000000FF000000FF000000FF000000FF000000FF000000FF000000FF000000FF000000FF000000FF000000FF000000FF000000FF000000FF000000FF000000FF000000FF000000FF000000FF000000FF000000FF000000FF000000FF000000FF000000FF000000FF000000FF000000FF000000FF000000FF000000FF000000FF000000FF000000FF000000FF000000FF000000FF000000FF000000FF000000FF000000FF000000FF000000FF000000FF000000FF000000FF000000FF000000FF000000FF000000FF000000FF000000FF000000FF000000FF000000FF000000FF000000FF000000FF000000FF000000FF000000FF000000FF000000FF000000FF000000FF000000FF000000FF000000FF000000FF000000FF000000FF000000FF000000FF000000FF000000FF000000FF000000FF000000FF000000FF000000FF000000FF000000FF000000FF000000FF000000FF000000FF000000FF000000FF000000FF000000FF000000FF000000FF000000FF000000FF000000FF000000FF000000FF000000FF000000FF000000FF000000FF000000FF000000FF000000FF000000FF000000FF000000FF000000FF000000FF000000FF000000FF000000FF000000FF000000FF000000FF000000FF000000FF000000FF000000FF000000FF000000FF000000FF000000FF000000FF000000FF000000FF000000FF000000FF000000FF000000FF000000FF000000FF000000FF000000FF000000FF000000FF000000FF000000FF000000FF000000FF000000FF000000FF000000FF000000FF000000FF000000FF000000FF000000FF000000FF000000FF000000FF000000FF000000FF000000FF000000FF000000FF000000FF000000FF000000FF000000FF000000FF000000FF000000FF000000FF000000FF000000FF000000FF000000FF000000FF000000FF000000FF000000FF000000FF000000FF000000FF000000FF000000FF000000FF000000FF000000FF000000FF000000FF000000FF000000FF000000FF000000FF000000FF000000FF000000FF000000FF000000FF000000FF000000FF000000FF000000FF000000FF000000FF000000FF000000FF000000FF000000FF000000FF000000FF000000FF000000FF000000FF000000FF000000FF000000FF000000FF000000FF000000FF000000FF000000FF000000FF000000FF000000FF000000FF000000FF000000FF000000FF000000FF000000FF000000FF000000FF000000FF000000FF000000FF000000FF000000FF000000FF000000FF000000FF000000FF000000FF000000FF000000FF000000FF000000FF000000FF000000FF000000FF000000FF000000FF000000FF000000FF000000FF000000FF000000FF000000FF000000FF000000FF000000FF000000FF000000FF000000FF000000FF000000FF000000FF000000FF000000FF000000FF000000FF000000FF000000FF000000FF000000FF000000FF000000FF000000FF000000FF000000FF000000FF000000FF000000FF000000FF000000FF000000FF000000FF000000FF000000FF000000FF000000FF000000FF000000FF000000FF000000FF000000FF000000FF000000FF000000FF000000FF000000FF000000FF000000FF000000FF000000FF000000FF000000FF000000FF000000FF000000FF000000FF000000FF000000FF000000FF000000FF000000FF000000FF000000FF000000FF000000FF000000FF000000FF000000FF000000FF000000FF000000FF000000FF000000FF000000FF000000FF000000FF000000FF000000FF000000FF000000FF000000FF000000FF000000FF000000FF000000FF000000FF000000FF000000FF000000FF000000FF000000FF000000FF000000FF000000FF000000FF000000FF000000FF000000FF000000FF000000FF000000FF000000FF000000FF000000FF000000FF000000FF000000FF000000FF000000FF000000FF000000FF000000FF000000FF000000FF000000FF000000FF000000FF000000FF000000FF000000FF000000FF000000FF000000FF000000FF000000FF000000FF000000FF000000FF000000FF000000FF000000FF000000FF000000FF000000FF000000FF000000FF000000FF000000FF000000FF000000FF000000FF000000FF000000FF000000FF000000FF000000FF000000FF000000FF000000FF000000FF000000FF000000FF000000FF000000FF000000FF000000FF000000FF000000FF000000FF000000FF000000FF000000FF000000FF000000FF000000FF000000FF000000FF000000FF000000FF000000FF000000FF000000FF000000FF000000FF000000FF000000FF000000FF000000FF000000FF000000FF000000FF000000FF000000FF000000FF000000FF000000FF000000FF000000FF000000FF000000FF000000FF000000FF000000FF000000FF000000FF000000FF000000FF000000FF000000FF000000FF000000FF000000FF000000FF000000FF000000FF000000FF000000FF000000FF000000FF000000FF000000FF000000FF000000FF000000FF000000FF000000FF000000FF000000FF000000FF000000FF000000FF000000FF000000FF000000FF000000FF000000FF000000FF000000FF000000FF000000FF000000FF000000FF000000FF000000FF000000FF000000FF000000FF000000FF000000FF000000FF000000FF000000FF000000FF000000FF000000FF000000FF000000FF000000FF000000FF000000FF000000FF000000FF000000FF000000FF000000FF000000FF000000FF000000FF000000FF000000FF000000FF000000FF000000FF000000FF000000FF000000FF000000FF000000FF000000FF000000FF000000FF000000FF000000FF000000FF000000FF000000FF000000FF000000FF000000FF000000FF000000FF000000FF000000FF000000FF000000FF000000FF000000FF000000FF000000FF000000FF000000FF000000FF000000FF000000FF000000FF000000FF000000FF000000FF000000FF000000FF000000FF000000FF000000FF000000FF000000FF000000FF000000FF000000FF000000FF000000FF000000FF000000FF000000FF000000FF000000FF000000FF000000FF000000FF000000FF000000FF000000FF000000FF000000FF000000FF000000FF000000FF000000FF000000FF000000FF000000FF000000FF000000FF000000FF000000FF000000FF000000FF000000FF000000FF000000FF000000FF000000FF000000FF000000FF000000FF000000FF000000FF000000FF000000FF000000FF000000FF000000FF000000FF000000FF000000FF000000FF000000FF000000FF000000FF000000FF000000FF000000FF000000FF000000FF000000FF000000FF000000FF000000FF000000FF000000FF000000FF000000FF000000FF000000FF000000FF000000FF000000FF000000FF000000FF000000FF000000FF000000FF000000FF000000FF000000FF000000FF000000FF000000FF000000FF000000FF000000FF000000FF000000FF000000FF000000FF000000FF000000FF000000FF000000FF000000FF000000FF000000FF000000FF000000FF000000FF000000FF000000FF000000FF000000FF000000FF000000FF000000FF000000FF000000FF000000FF000000FF000000FF000000FF000000FF000000FF000000FF000000FF000000FF000000FF000000FF000000FF000000FF000000FF000000FF000000FF000000FF000000FF000000FF000000FF000000FF000000FF000000FF000000FF000000FF000000FF000000FF000000FF000000FF000000FF000000FF000000FF000000FF000000FF000000FF000000FF000000FF000000FF000000FF000000FF000000FF000000FF000000FF000000FF000000FF000000FF000000FF000000FF000000FF000000FF000000FF000000FF000000FF000000FF000000FF000000FF000000FF000000FF000000FF000000FF000000FF000000FF000000FF000000FF000000FF000000FF000000FF000000FF000000FF000000FF000000FF000000FF000000FF000000FF000000FF000000FF000000FF000000FF000000FF000000FF000000FF000000FF000000FF000000FF000000FF000000FF000000FF000000FF000000FF000000FF000000FF000000FF000000FF000000FF000000FF000000FF000000FF000000FF000000FF000000FF000000FF000000FF000000FF000000FF000000FF000000FF000000FF000000FF000000FF000000FF000000FF000000FF000000FF000000FF000000FF000000FF000000FF000000FF000000FF000000FF000000FF000000FF000000FF000000FF000000FF000000FF000000FF000000FF000000FF000000FF000000FF000000FF000000FF000000FF000000FF000000FF000000FF000000FF000000FF000000FF000000FF000000FF000000FF000000FF000000FF000000FF000000FF000000FF000000FF000000FF000000FF000000FF000000FF000000FF000000FF000000FF000000FF000000FF000000FF000000FF000000FF000000FF000000FF000000FF000000FF000000FF000000FF000000FF000000FF000000FF000000FF000000FF000000FF000000FF000000FF000000FF000000FF000000FF000000FF000000FF000000FF000000FF000000FF000000FF000000FF000000FF000000FF000000FF000000FF000000FF000000FF000000FF000000FF000000FF000000FF000000FF000000FF000000FF000000FF000000FF000000FF000000FF000000FF000000FF000000FF000000FF000000FF000000FF000000FF000000FF000000FF000000FF000000FF000000FF000000FF000000FF000000FF000000FF000000FF000000FF000000FF000000FF000000FF000000FF000000FF000000FF000000FF000000FF000000FF000000FF000000FF000000FF000000FF000000FF000000FF000000FF000000FF000000FF000000FF000000FF000000FF000000FF000000FF000000FF000000FFA9F922FFA9F922FFA9F922FFA9F922FFA9F922FFA9F922FF000000FF000000FF000000FF000000FF000000FF000000FF000000FF000000FFA9F922FFA9F922FFA9F922FFA9F922FFA9F922FFA9F922FF000000FF000000FF000000FF000000FF000000FF000000FF000000FF000000FF000000FF000000FF000000FF000000FF000000FF000000FF000000FF000000FF000000FF000000FF000000FF000000FFA9F922FFA9F922FFA9F922FFA9F922FFA9F922FFA9F922FFA9F922FFA9F922FFA9F922FFA9F922FF000000FF000000FF000000FF000000FF000000FF000000FF000000FF000000FF000000FF000000FFA9F922FFA9F922FF000000FF000000FF000000FF000000FF000000FF000000FF000000FF000000FF000000FF000000FF000000FF000000FF000000FF000000FF000000FF000000FF000000FF000000FF000000FF000000FF000000FF000000FF000000FF000000FFA9F922FFA9F922FFA9F922FFA9F922FFA9F922FFA9F922FF000000FF000000FF000000FF000000FFA9F922FFA9F922FFA9F922FFA9F922FFA9F922FFA9F922FFA9F922FFA9F922FFA9F922FFA9F922FF000000FF000000FF000000FF000000FF000000FF000000FF000000FF000000FF000000FF000000FF000000FF000000FF000000FF000000FF000000FF000000FF000000FF000000FF000000FF000000FF000000FF000000FFA9F922FFA9F922FFA9F922FFA9F922FFA9F922FFA9F922FF000000FF000000FF000000FF000000FFA9F922FFA9F922FFA9F922FFA9F922FFA9F922FFA9F922FFA9F922FFA9F922FFA9F922FFA9F922FF000000FF000000FF000000FF000000FF000000FF000000FF000000FF000000FF000000FF000000FF000000FF000000FF000000FF000000FF000000FF000000FF000000FF000000FF000000FF000000FFA9F922FFA9F922FFA9F922FFA9F922FFA9F922FFA9F922FF000000FF000000FF000000FF000000FF000000FF000000FF000000FF000000FFA9F922FFA9F922FFA9F922FFA9F922FFA9F922FFA9F922FF000000FF000000FF000000FF000000FF000000FF000000FF000000FF000000FF000000FF000000FF000000FF000000FF000000FF000000FF000000FF000000FF000000FF000000FF000000FF000000FF000000FF000000FF000000FF000000FF000000FF000000FF000000FF000000FF000000FF000000FF000000FF000000FF000000FF000000FF000000FF000000FF000000FF000000FF000000FF000000FF000000FF000000FF000000FF000000FF000000FF000000FF000000FF000000FF000000FF000000FF000000FF000000FF000000FF000000FF000000FF000000FF000000FF000000FF000000FF000000FF000000FF000000FF000000FF000000FF000000FF000000FF000000FF000000FF000000FF000000FF000000FF000000FF000000FF000000FF000000FF000000FF000000FF000000FF000000FF000000FF000000FF000000FF000000FF000000FF000000FF000000FF000000FF000000FF000000FF000000FF000000FF000000FF000000FF000000FF000000FF000000FF000000FF000000FF000000FF000000FF000000FF000000FF000000FF000000FF000000FF000000FF000000FF000000FF000000FF000000FF000000FF000000FF000000FF000000FF000000FF000000FF000000FF000000FF000000FF000000FF000000FF000000FF000000FF000000FF000000FF000000FF000000FF000000FF000000FF000000FF000000FF000000FF000000FF000000FF000000FF000000FF000000FF000000FF000000FF000000FF000000FF000000FF000000FF000000FF000000FF000000FF000000FF000000FF000000FF000000FF000000FF000000FF000000FF000000FF000000FF000000FF000000FF000000FF000000FF000000FF000000FF000000FF000000FF000000FF000000FF000000FF000000FF000000FF000000FF000000FF000000FF000000FF000000FF000000FF000000FF000000FF000000FF000000FF000000FF000000FF000000FF000000FF000000FF000000FF000000FF000000FF000000FF000000FF000000FF000000FF000000FF000000FF000000FF000000FF000000FF000000FF000000FF000000FF000000FF000000FF000000FF000000FF000000FF000000FF000000FF000000FF000000FF000000FF000000FF000000FF000000FF000000FF000000FF000000FF000000FF000000FF000000FF000000FF000000FF000000FF000000FF000000FF000000FF000000FF000000FF000000FF000000FF000000FF000000FF000000FF000000FF000000FF000000FF000000FF000000FF000000FF000000FF000000FF000000FF000000FF000000FF000000FF000000FF000000FF000000FF000000FF000000FF000000FF000000FF000000FF000000FF000000FF000000FF000000FF000000FF000000FF000000FF000000FF000000FF000000FF000000FF000000FF000000FF000000FF000000FF000000FF000000FF000000FF000000FF000000FF000000FF000000FF000000FF000000FF000000FF000000FF000000FF000000FF000000FF000000FF000000FF000000FF000000FF000000FF000000FF000000FF000000FF000000FF000000FF000000FF000000FF000000FF000000FF000000FF000000FF000000FF000000FF000000FF000000FF000000FF000000FF000000FF000000FF000000FF000000FF000000FF000000FF000000FF000000FF000000FF000000FF000000FF000000FF000000FF000000FF000000FF000000FF000000FF000000FF000000FF000000FF000000FF000000FF000000FF000000FF000000FF000000FF000000FF000000FF000000FF000000FF000000FF000000FF000000FF000000FF000000FF000000FF000000FF000000FF000000FF000000FF000000FF000000FF000000FF000000FF000000FF000000FF000000FF000000FF000000FF000000FF000000FF000000FF000000FF000000FF000000FF000000FF000000FF000000FF000000FF000000FF000000FF000000FF000000FF000000FF000000FF000000FF000000FF000000FF000000FF000000FF000000FFA9F922FFA9F922FFA9F922FFA9F922FFA9F922FFA9F922FF000000FF000000FF000000FF000000FF000000FF000000FF000000FF000000FFA9F922FFA9F922FFA9F922FFA9F922FFA9F922FFA9F922FF000000FF000000FF000000FF000000FF000000FF000000FF000000FF000000FF000000FF000000FF000000FF000000FF000000FF000000FF000000FF000000FF000000FF000000FF000000FF000000FFA9F922FFA9F922FFA9F922FFA9F922FFA9F922FFA9F922FFA9F922FFA9F922FFA9F922FFA9F922FF000000FF000000FF000000FF000000FF000000FF000000FF000000FF000000FF000000FF000000FFA9F922FFA9F922FF000000FF000000FF000000FF000000FF000000FF000000FF000000FF000000FF000000FF000000FF000000FF000000FF000000FF000000FF000000FF000000FF000000FF000000FF000000FF000000FF000000FF000000FF000000FF000000FFA9F922FFA9F922FFA9F922FFA9F922FFA9F922FFA9F922FF000000FF000000FF000000FF000000FFA9F922FFA9F922FFA9F922FFA9F922FFA9F922FFA9F922FFA9F922FFA9F922FFA9F922FFA9F922FF000000FF000000FF000000FF000000FF000000FF000000FF000000FF000000FF000000FF000000FF000000FF000000FF000000FF000000FF000000FF000000FF000000FF000000FF000000FF000000FF000000FF000000FFA9F922FFA9F922FFA9F922FFA9F922FFA9F922FFA9F922FF000000FF000000FF000000FF000000FFA9F922FFA9F922FFA9F922FFA9F922FFA9F922FFA9F922FFA9F922FFA9F922FFA9F922FFA9F922FF000000FF000000FF000000FF000000FF000000FF000000FF000000FF000000FF000000FF000000FF000000FF000000FF000000FF000000FF000000FF000000FF000000FF000000FF000000FF000000FFA9F922FFA9F922FFA9F922FFA9F922FFA9F922FFA9F922FF000000FF000000FF000000FF000000FF000000FF000000FF000000FF000000FFA9F922FFA9F922FFA9F922FFA9F922FFA9F922FFA9F922FF000000FF000000FF000000FF000000FF000000FF000000FF000000FF000000FF000000FF000000FF000000FF000000FF000000FF000000FF000000FF000000FF000000FF000000FF000000FF000000FF000000FF000000FF000000FF000000FF000000FF000000FF000000FF000000FF000000FF000000FF000000FF000000FF000000FF000000FF000000FF000000FF000000FF000000FF000000FF000000FF000000FF000000FF000000FF000000FF000000FF000000FF000000FF000000FF000000FF000000FF000000FF000000FF000000FF000000FF000000FF000000FF000000FF000000FF000000FF000000FF000000FF000000FF000000FF000000FF000000FF000000FF000000FF000000FF000000FF000000FF000000FF000000FF000000FF000000FF000000FF000000FF000000FF000000FF000000FF000000FF000000FF000000FF000000FF000000FF000000FF000000FF000000FF000000FF000000FF000000FF000000FF000000FF000000FF000000FF000000FF000000FF000000FF000000FF000000FF000000FF000000FF000000FF000000FF000000FF000000FF000000FF000000FF000000FF000000FF000000FF000000FF000000FF000000FF000000FF000000FF000000FF000000FF000000FF000000FF000000FF000000FF000000FF000000FF000000FF000000FF000000FF000000FF000000FF000000FF000000FF000000FF000000FF000000FF000000FF000000FF000000FF000000FF000000FF000000FF000000FF000000FF000000FF000000FF000000FF000000FF000000FF000000FF000000FF000000FF000000FF000000FF000000FF000000FF000000FF000000FF000000FF000000FF000000FF000000FF000000FF000000FF000000FF000000FF000000FF000000FF000000FF000000FF000000FF000000FF000000FF000000FF000000FF000000FF000000FF000000FF000000FF000000FF000000FF000000FF000000FF000000FF000000FF000000FF000000FF000000FF000000FF000000FF000000FF000000FF000000FF000000FF000000FF000000FF000000FF000000FF000000FF000000FF000000FF000000FF000000FF000000FF000000FF000000FF000000FF000000FF000000FF000000FF000000FF000000FF000000FF000000FF000000FF000000FF000000FF000000FF000000FF000000FF000000FF000000FF000000FF000000FF000000FF000000FF000000FF000000FF000000FF000000FF000000FF000000FF000000FF000000FF000000FF000000FF000000FF000000FF000000FF000000FF000000FF000000FF000000FF000000FF000000FF000000FF000000FF000000FF000000FF000000FF000000FF000000FF000000FF000000FF000000FF000000FF000000FF000000FF000000FF000000FF000000FF000000FF000000FF000000FF000000FF000000FF000000FF000000FF000000FF000000FF000000FF000000FF000000FF000000FF000000FF000000FF000000FF000000FF000000FF000000FF000000FF000000FF000000FF000000FF000000FF000000FF000000FF000000FF000000FF000000FF000000FF000000FF000000FF000000FF000000FF000000FF000000FF000000FF000000FF000000FF000000FF000000FF000000FF000000FF000000FF000000FF000000FF000000FF000000FF000000FF000000FF000000FF000000FF000000FF000000FF000000FF000000FF000000FF000000FF000000FF000000FF000000FF000000FF000000FF000000FF000000FF000000FF000000FF000000FF000000FF000000FF000000FF000000FF000000FF000000FF000000FF000000FF000000FF000000FF000000FF000000FF000000FF000000FF000000FF000000FF000000FF000000FF000000FF000000FF000000FF000000FF000000FF000000FF000000FF000000FF000000FF000000FF000000FF000000FF000000FF000000FF000000FF000000FF000000FF000000FF000000FF000000FF000000FF000000FF000000FF000000FF000000FF000000FFA9F922FFA9F922FF000000FF000000FF000000FF000000FF000000FF000000FFA9F922FFA9F922FF000000FF000000FF000000FF000000FFA9F922FFA9F922FF000000FF000000FF000000FF000000FF000000FF000000FFA9F922FFA9F922FF000000FF000000FF000000FF000000FF000000FF000000FF000000FF000000FF000000FF000000FF000000FF000000FF000000FF000000FF000000FF000000FF000000FF000000FFA9F922FFA9F922FF000000FF000000FF000000FF000000FF000000FF000000FF000000FF000000FF000000FF000000FF000000FF000000FF000000FF000000FF000000FF000000FFA9F922FFA9F922FFA9F922FFA9F922FF000000FF000000FF000000FF000000FF000000FF000000FF000000FF000000FF000000FF000000FF000000FF000000FF000000FF000000FF000000FF000000FF000000FF000000FF000000FF000000FF000000FF000000FFA9F922FFA9F922FF000000FF000000FF000000FF000000FF000000FF000000FF000000FF000000FF000000FF000000FFA9F922FFA9F922FF000000FF000000FF000000FF000000FF000000FF000000FF000000FF000000FF000000FF000000FF000000FF000000FF000000FF000000FF000000FF000000FF000000FF000000FF000000FF000000FF000000FF000000FF000000FF000000FF000000FF000000FF000000FF000000FFA9F922FFA9F922FF000000FF000000FF000000FF000000FF000000FF000000FF000000FF000000FF000000FF000000FFA9F922FFA9F922FF000000FF000000FF000000FF000000FF000000FF000000FF000000FF000000FF000000FF000000FF000000FF000000FF000000FF000000FF000000FF000000FF000000FF000000FF000000FF000000FF000000FF000000FF000000FF000000FF000000FF000000FFA9F922FFA9F922FF000000FF000000FF000000FF000000FF000000FF000000FFA9F922FFA9F922FF000000FF000000FF000000FF000000FFA9F922FFA9F922FF000000FF000000FF000000FF000000FF000000FF000000FFA9F922FFA9F922FF000000FF000000FF000000FF000000FF000000FF000000FF000000FF000000FF000000FF000000FF000000FF000000FF000000FF000000FF000000FF000000FF000000FF000000FF000000FF000000FF000000FF000000FF000000FF000000FF000000FF000000FF000000FF000000FF000000FF000000FF000000FF000000FF000000FF000000FF000000FF000000FF000000FF000000FF000000FF000000FF000000FF000000FF000000FF000000FF000000FF000000FF000000FF000000FF000000FF000000FF000000FF000000FF000000FF000000FF000000FF000000FF000000FF000000FF000000FF000000FF000000FF000000FF000000FF000000FF000000FF000000FF000000FF000000FF000000FF000000FF000000FF000000FF000000FF000000FF000000FF000000FF000000FF000000FF000000FF000000FF000000FF000000FF000000FF000000FF000000FF000000FF000000FF000000FF000000FF000000FF000000FF000000FF000000FF000000FF000000FF000000FF000000FF000000FF000000FF000000FF000000FF000000FF000000FF000000FF000000FF000000FF000000FF000000FF000000FF000000FF000000FF000000FF000000FF000000FF000000FF000000FF000000FF000000FF000000FF000000FF000000FF000000FF000000FF000000FF000000FF000000FF000000FF000000FF000000FF000000FF000000FF000000FF000000FF000000FF000000FF000000FF000000FF000000FF000000FF000000FF000000FF000000FF000000FF000000FF000000FF000000FF000000FF000000FF000000FF000000FF000000FF000000FF000000FF000000FF000000FF000000FF000000FF000000FF000000FF000000FF000000FF000000FF000000FF000000FF000000FF000000FF000000FF000000FF000000FF000000FF000000FF000000FF000000FF000000FF000000FF000000FF000000FF000000FF000000FF000000FF000000FF000000FF000000FF000000FF000000FF000000FF000000FF000000FF000000FF000000FF000000FF000000FF000000FF000000FF000000FF000000FF000000FF000000FF000000FF000000FF000000FF000000FF000000FF000000FF000000FF000000FF000000FF000000FF000000FF000000FF000000FF000000FF000000FF000000FF000000FF000000FF000000FF000000FF000000FF000000FF000000FF000000FF000000FF000000FF000000FF000000FF000000FF000000FF000000FF000000FF000000FF000000FF000000FF000000FF000000FF000000FF000000FF000000FF000000FF000000FF000000FF000000FF000000FF000000FF000000FF000000FF000000FF000000FF000000FF000000FF000000FF000000FF000000FF000000FF000000FF000000FF000000FF000000FF000000FF000000FF000000FF000000FF000000FF000000FF000000FF000000FF000000FF000000FF000000FF000000FF000000FF000000FF000000FF000000FF000000FF000000FF000000FF000000FF000000FF000000FF000000FF000000FF000000FF000000FF000000FF000000FF000000FF000000FF000000FF000000FF000000FF000000FF000000FF000000FF000000FF000000FF000000FF000000FF000000FF000000FF000000FF000000FF000000FF000000FF000000FF000000FF000000FF000000FF000000FF000000FF000000FF000000FF000000FF000000FF000000FF000000FF000000FF000000FF000000FF000000FF000000FF000000FF000000FF000000FF000000FF000000FF000000FF000000FF000000FF000000FF000000FF000000FF000000FF000000FF000000FF000000FF000000FF000000FF000000FF000000FF000000FF000000FF000000FF000000FF000000FF000000FF000000FF000000FF000000FF000000FF000000FF000000FF000000FF000000FF000000FF000000FF000000FF000000FF000000FF000000FF000000FF000000FF000000FF000000FF000000FF000000FF000000FF000000FFA9F922FFA9F922FF000000FF000000FF000000FF000000FF000000FF000000FFA9F922FFA9F922FF000000FF000000FF000000FF000000FFA9F922FFA9F922FF000000FF000000FF000000FF000000FF000000FF000000FFA9F922FFA9F922FF000000FF000000FF000000FF000000FF000000FF000000FF000000FF000000FF000000FF000000FF000000FF000000FF000000FF000000FF000000FF000000FF000000FF000000FFA9F922FFA9F922FF000000FF000000FF000000FF000000FF000000FF000000FF000000FF000000FF000000FF000000FF000000FF000000FF000000FF000000FF000000FF000000FFA9F922FFA9F922FFA9F922FFA9F922FF000000FF000000FF000000FF000000FF000000FF000000FF000000FF000000FF000000FF000000FF000000FF000000FF000000FF000000FF000000FF000000FF000000FF000000FF000000FF000000FF000000FF000000FFA9F922FFA9F922FF000000FF000000FF000000FF000000FF000000FF000000FF000000FF000000FF000000FF000000FFA9F922FFA9F922FF000000FF000000FF000000FF000000FF000000FF000000FF000000FF000000FF000000FF000000FF000000FF000000FF000000FF000000FF000000FF000000FF000000FF000000FF000000FF000000FF000000FF000000FF000000FF000000FF000000FF000000FF000000FF000000FFA9F922FFA9F922FF000000FF000000FF000000FF000000FF000000FF000000FF000000FF000000FF000000FF000000FFA9F922FFA9F922FF000000FF000000FF000000FF000000FF000000FF000000FF000000FF000000FF000000FF000000FF000000FF000000FF000000FF000000FF000000FF000000FF000000FF000000FF000000FF000000FF000000FF000000FF000000FF000000FF000000FF000000FFA9F922FFA9F922FF000000FF000000FF000000FF000000FF000000FF000000FFA9F922FFA9F922FF000000FF000000FF000000FF000000FFA9F922FFA9F922FF000000FF000000FF000000FF000000FF000000FF000000FFA9F922FFA9F922FF000000FF000000FF000000FF000000FF000000FF000000FF000000FF000000FF000000FF000000FF000000FF000000FF000000FF000000FF000000FF000000FF000000FF000000FF000000FF000000FF000000FF000000FF000000FF000000FF000000FF000000FF000000FF000000FF000000FF000000FF000000FF000000FF000000FF000000FF000000FF000000FF000000FF000000FF000000FF000000FF000000FF000000FF000000FF000000FF000000FF000000FF000000FF000000FF000000FF000000FF000000FF000000FF000000FF000000FF000000FF000000FF000000FF000000FF000000FF000000FF000000FF000000FF000000FF000000FF000000FF000000FF000000FF000000FF000000FF000000FF000000FF000000FF000000FF000000FF000000FF000000FF000000FF000000FF000000FF000000FF000000FF000000FF000000FF000000FF000000FF000000FF000000FF000000FF000000FF000000FF000000FF000000FF000000FF000000FF000000FF000000FF000000FF000000FF000000FF000000FF000000FF000000FF000000FF000000FF000000FF000000FF000000FF000000FF000000FF000000FF000000FF000000FF000000FF000000FF000000FF000000FF000000FF000000FF000000FF000000FF000000FF000000FF000000FF000000FF000000FF000000FF000000FF000000FF000000FF000000FF000000FF000000FF000000FF000000FF000000FF000000FF000000FF000000FF000000FF000000FF000000FF000000FF000000FF000000FF000000FF000000FF000000FF000000FF000000FF000000FF000000FF000000FF000000FF000000FF000000FF000000FF000000FF000000FF000000FF000000FF000000FF000000FF000000FF000000FF000000FF000000FF000000FF000000FF000000FF000000FF000000FF000000FF000000FF000000FF000000FF000000FF000000FF000000FF000000FF000000FF000000FF000000FF000000FF000000FF000000FF000000FF000000FF000000FF000000FF000000FF000000FF000000FF000000FF000000FF000000FF000000FF000000FF000000FF000000FF000000FF000000FF000000FF000000FF000000FF000000FF000000FF000000FF000000FF000000FF000000FF000000FF000000FF000000FF000000FF000000FF000000FF000000FF000000FF000000FF000000FF000000FF000000FF000000FF000000FF000000FF000000FF000000FF000000FF000000FF000000FF000000FF000000FF000000FF000000FF000000FF000000FF000000FF000000FF000000FF000000FF000000FF000000FF000000FF000000FF000000FF000000FF000000FF000000FF000000FF000000FF000000FF000000FF000000FF000000FF000000FF000000FF000000FF000000FF000000FF000000FF000000FF000000FF000000FF000000FF000000FF000000FF000000FF000000FF000000FF000000FF000000FF000000FF000000FF000000FF000000FF000000FF000000FF000000FF000000FF000000FF000000FF000000FF000000FF000000FF000000FF000000FF000000FF000000FF000000FF000000FF000000FF000000FF000000FF000000FF000000FF000000FF000000FF000000FF000000FF000000FF000000FF000000FF000000FF000000FF000000FF000000FF000000FF000000FF000000FF000000FF000000FF000000FF000000FF000000FF000000FF000000FF000000FF000000FF000000FF000000FF000000FF000000FF000000FF000000FF000000FF000000FF000000FF000000FF000000FF000000FF000000FF000000FF000000FF000000FF000000FF000000FF000000FF000000FF000000FF000000FF000000FF000000FF000000FF000000FF000000FF000000FF000000FF000000FF000000FF000000FF000000FF000000FF000000FF000000FF000000FF000000FF000000FF000000FF000000FF000000FF000000FF000000FF000000FF000000FF000000FF000000FF000000FF000000FF000000FF000000FF000000FF000000FF000000FF000000FF000000FF000000FFA9F922FFA9F922FF000000FF000000FF000000FF000000FFA9F922FFA9F922FF000000FF000000FF000000FF000000FFA9F922FFA9F922FFA9F922FFA9F922FF000000FF000000FF000000FF000000FF000000FF000000FF000000FF000000FF000000FF000000FF000000FF000000FF000000FF000000FF000000FF000000FF000000FF000000FFA9F922FFA9F922FFA9F922FFA9F922FFA9F922FFA9F922FFA9F922FFA9F922FF000000FF000000FF000000FF000000FF000000FF000000FF000000FF000000FFA9F922FFA9F922FF000000FF000000FFA9F922FFA9F922FF000000FF000000FF000000FF000000FF000000FF000000FF000000FF000000FF000000FF000000FF000000FF000000FF000000FF000000FF000000FF000000FF000000FF000000FF000000FF000000FFA9F922FFA9F922FF000000FF000000FF000000FF000000FF000000FF000000FF000000FF000000FF000000FF000000FF000000FF000000FFA9F922FFA9F922FF000000FF000000FF000000FF000000FF000000FF000000FF000000FF000000FF000000FF000000FF000000FF000000FF000000FF000000FF000000FF000000FF000000FF000000FF000000FF000000FF000000FF000000FF000000FF000000FF000000FF000000FFA9F922FFA9F922FF000000FF000000FF000000FF000000FF000000FF000000FF000000FF000000FF000000FF000000FF000000FF000000FFA9F922FFA9F922FF000000FF000000FF000000FF000000FF000000FF000000FF000000FF000000FF000000FF000000FF000000FF000000FF000000FF000000FF000000FF000000FF000000FF000000FF000000FF000000FF000000FF000000FF000000FF000000FF000000FF000000FF000000FF000000FF000000FF000000FF000000FF000000FF000000FF000000FFA9F922FFA9F922FF000000FF000000FF000000FF000000FFA9F922FFA9F922FF000000FF000000FF000000FF000000FFA9F922FFA9F922FFA9F922FFA9F922FF000000FF000000FF000000FF000000FF000000FF000000FF000000FF000000FF000000FF000000FF000000FF000000FF000000FF000000FF000000FF000000FF000000FF000000FF000000FF000000FF000000FF000000FF000000FF000000FF000000FF000000FF000000FF000000FF000000FF000000FF000000FF000000FF000000FF000000FF000000FF000000FF000000FF000000FF000000FF000000FF000000FF000000FF000000FF000000FF000000FF000000FF000000FF000000FF000000FF000000FF000000FF000000FF000000FF000000FF000000FF000000FF000000FF000000FF000000FF000000FF000000FF000000FF000000FF000000FF000000FF000000FF000000FF000000FF000000FF000000FF000000FF000000FF000000FF000000FF000000FF000000FF000000FF000000FF000000FF000000FF000000FF000000FF000000FF000000FF000000FF000000FF000000FF000000FF000000FF000000FF000000FF000000FF000000FF000000FF000000FF000000FF000000FF000000FF000000FF000000FF000000FF000000FF000000FF000000FF000000FF000000FF000000FF000000FF000000FF000000FF000000FF000000FF000000FF000000FF000000FF000000FF000000FF000000FF000000FF000000FF000000FF000000FF000000FF000000FF000000FF000000FF000000FF000000FF000000FF000000FF000000FF000000FF000000FF000000FF000000FF000000FF000000FF000000FF000000FF000000FF000000FF000000FF000000FF000000FF000000FF000000FF000000FF000000FF000000FF000000FF000000FF000000FF000000FF000000FF000000FF000000FF000000FF000000FF000000FF000000FF000000FF000000FF000000FF000000FF000000FF000000FF000000FF000000FF000000FF000000FF000000FF000000FF000000FF000000FF000000FF000000FF000000FF000000FF000000FF000000FF000000FF000000FF000000FF000000FF000000FF000000FF000000FF000000FF000000FF000000FF000000FF000000FF000000FF000000FF000000FF000000FF000000FF000000FF000000FF000000FF000000FF000000FF000000FF000000FF000000FF000000FF000000FF000000FF000000FF000000FF000000FF000000FF000000FF000000FF000000FF000000FF000000FF000000FF000000FF000000FF000000FF000000FF000000FF000000FF000000FF000000FF000000FF000000FF000000FF000000FF000000FF000000FF000000FF000000FF000000FF000000FF000000FF000000FF000000FF000000FF000000FF000000FF000000FF000000FF000000FF000000FF000000FF000000FF000000FF000000FF000000FF000000FF000000FF000000FF000000FF000000FF000000FF000000FF000000FF000000FF000000FF000000FF000000FF000000FF000000FF000000FF000000FF000000FF000000FF000000FF000000FF000000FF000000FF000000FF000000FF000000FF000000FF000000FF000000FF000000FF000000FF000000FF000000FF000000FF000000FF000000FF000000FF000000FF000000FF000000FF000000FF000000FF000000FF000000FF000000FF000000FF000000FF000000FF000000FF000000FF000000FF000000FF000000FF000000FF000000FF000000FF000000FF000000FF000000FF000000FF000000FF000000FF000000FF000000FF000000FF000000FF000000FF000000FF000000FF000000FF000000FF000000FF000000FF000000FF000000FF000000FF000000FF000000FF000000FF000000FF000000FF000000FF000000FF000000FF000000FF000000FF000000FF000000FF000000FF000000FF000000FF000000FF000000FF000000FF000000FF000000FF000000FF000000FF000000FF000000FF000000FF000000FF000000FF000000FF000000FF000000FF000000FF000000FF000000FF000000FF000000FF000000FF000000FF000000FF000000FF000000FF000000FF000000FF000000FF000000FF000000FF000000FF000000FF000000FF000000FF000000FFA9F922FFA9F922FF000000FF000000FF000000FF000000FFA9F922FFA9F922FF000000FF000000FF000000FF000000FFA9F922FFA9F922FFA9F922FFA9F922FF000000FF000000FF000000FF000000FF000000FF000000FF000000FF000000FF000000FF000000FF000000FF000000FF000000FF000000FF000000FF000000FF000000FF000000FFA9F922FFA9F922FFA9F922FFA9F922FFA9F922FFA9F922FFA9F922FFA9F922FF000000FF000000FF000000FF000000FF000000FF000000FF000000FF000000FFA9F922FFA9F922FF000000FF000000FFA9F922FFA9F922FF000000FF000000FF000000FF000000FF000000FF000000FF000000FF000000FF000000FF000000FF000000FF000000FF000000FF000000FF000000FF000000FF000000FF000000FF000000FF000000FFA9F922FFA9F922FF000000FF000000FF000000FF000000FF000000FF000000FF000000FF000000FF000000FF000000FF000000FF000000FFA9F922FFA9F922FF000000FF000000FF000000FF000000FF000000FF000000FF000000FF000000FF000000FF000000FF000000FF000000FF000000FF000000FF000000FF000000FF000000FF000000FF000000FF000000FF000000FF000000FF000000FF000000FF000000FF000000FFA9F922FFA9F922FF000000FF000000FF000000FF000000FF000000FF000000FF000000FF000000FF000000FF000000FF000000FF000000FFA9F922FFA9F922FF000000FF000000FF000000FF000000FF000000FF000000FF000000FF000000FF000000FF000000FF000000FF000000FF000000FF000000FF000000FF000000FF000000FF000000FF000000FF000000FF000000FF000000FF000000FF000000FF000000FF000000FF000000FF000000FF000000FF000000FF000000FF000000FF000000FF000000FFA9F922FFA9F922FF000000FF000000FF000000FF000000FFA9F922FFA9F922FF000000FF000000FF000000FF000000FFA9F922FFA9F922FFA9F922FFA9F922FF000000FF000000FF000000FF000000FF000000FF000000FF000000FF000000FF000000FF000000FF000000FF000000FF000000FF000000FF000000FF000000FF000000FF000000FF000000FF000000FF000000FF000000FF000000FF000000FF000000FF000000FF000000FF000000FF000000FF000000FF000000FF000000FF000000FF000000FF000000FF000000FF000000FF000000FF000000FF000000FF000000FF000000FF000000FF000000FF000000FF000000FF000000FF000000FF000000FF000000FF000000FF000000FF000000FF000000FF000000FF000000FF000000FF000000FF000000FF000000FF000000FF000000FF000000FF000000FF000000FF000000FF000000FF000000FF000000FF000000FF000000FF000000FF000000FF000000FF000000FF000000FF000000FF000000FF000000FF000000FF000000FF000000FF000000FF000000FF000000FF000000FF000000FF000000FF000000FF000000FF000000FF000000FF000000FF000000FF000000FF000000FF000000FF000000FF000000FF000000FF000000FF000000FF000000FF000000FF000000FF000000FF000000FF000000FF000000FF000000FF000000FF000000FF000000FF000000FF000000FF000000FF000000FF000000FF000000FF000000FF000000FF000000FF000000FF000000FF000000FF000000FF000000FF000000FF000000FF000000FF000000FF000000FF000000FF000000FF000000FF000000FF000000FF000000FF000000FF000000FF000000FF000000FF000000FF000000FF000000FF000000FF000000FF000000FF000000FF000000FF000000FF000000FF000000FF000000FF000000FF000000FF000000FF000000FF000000FF000000FF000000FF000000FF000000FF000000FF000000FF000000FF000000FF000000FF000000FF000000FF000000FF000000FF000000FF000000FF000000FF000000FF000000FF000000FF000000FF000000FF000000FF000000FF000000FF000000FF000000FF000000FF000000FF000000FF000000FF000000FF000000FF000000FF000000FF000000FF000000FF000000FF000000FF000000FF000000FF000000FF000000FF000000FF000000FF000000FF000000FF000000FF000000FF000000FF000000FF000000FF000000FF000000FF000000FF000000FF000000FF000000FF000000FF000000FF000000FF000000FF000000FF000000FF000000FF000000FF000000FF000000FF000000FF000000FF000000FF000000FF000000FF000000FF000000FF000000FF000000FF000000FF000000FF000000FF000000FF000000FF000000FF000000FF000000FF000000FF000000FF000000FF000000FF000000FF000000FF000000FF000000FF000000FF000000FF000000FF000000FF000000FF000000FF000000FF000000FF000000FF000000FF000000FF000000FF000000FF000000FF000000FF000000FF000000FF000000FF000000FF000000FF000000FF000000FF000000FF000000FF000000FF000000FF000000FF000000FF000000FF000000FF000000FF000000FF000000FF000000FF000000FF000000FF000000FF000000FF000000FF000000FF000000FF000000FF000000FF000000FF000000FF000000FF000000FF000000FF000000FF000000FF000000FF000000FF000000FF000000FF000000FF000000FF000000FF000000FF000000FF000000FF000000FF000000FF000000FF000000FF000000FF000000FF000000FF000000FF000000FF000000FF000000FF000000FF000000FF000000FF000000FF000000FF000000FF000000FF000000FF000000FF000000FF000000FF000000FF000000FF000000FF000000FF000000FF000000FF000000FF000000FF000000FF000000FF000000FF000000FF000000FF000000FF000000FF000000FF000000FF000000FF000000FF000000FF000000FF000000FF000000FF000000FF000000FF000000FF000000FF000000FF000000FF000000FF000000FF000000FF000000FF000000FF000000FF000000FF000000FF000000FF000000FFA9F922FFA9F922FFA9F922FFA9F922FF000000FF000000FF000000FF000000FF000000FF000000FFA9F922FFA9F922FF000000FF000000FFA9F922FFA9F922FF000000FF000000FFA9F922FFA9F922FF000000FF000000FF000000FF000000FF000000FF000000FF000000FF000000FF000000FF000000FF000000FF000000FF000000FF000000FF000000FF000000FF000000FF000000FF000000FF000000FF000000FF000000FF000000FF000000FF000000FF000000FFA9F922FFA9F922FF000000FF000000FF000000FF000000FFA9F922FFA9F922FF000000FF000000FF000000FF000000FFA9F922FFA9F922FF000000FF000000FF000000FF000000FF000000FF000000FF000000FF000000FF000000FF000000FF000000FF000000FF000000FF000000FF000000FF000000FF000000FF000000FF000000FF000000FFA9F922FFA9F922FFA9F922FFA9F922FFA9F922FFA9F922FFA9F922FFA9F922FF000000FF000000FF000000FF000000FF000000FF000000FFA9F922FFA9F922FFA9F922FFA9F922FFA9F922FFA9F922FFA9F922FFA9F922FF000000FF000000FF000000FF000000FF000000FF000000FF000000FF000000FF000000FF000000FF000000FF000000FF000000FF000000FF000000FF000000FF000000FF000000FF000000FF000000FFA9F922FFA9F922FFA9F922FFA9F922FFA9F922FFA9F922FFA9F922FFA9F922FF000000FF000000FF000000FF000000FF000000FF000000FFA9F922FFA9F922FFA9F922FFA9F922FFA9F922FFA9F922FFA9F922FFA9F922FF000000FF000000FF000000FF000000FF000000FF000000FF000000FF000000FF000000FF000000FF000000FF000000FF000000FF000000FF000000FF000000FF000000FF000000FF000000FF000000FF000000FF000000FF000000FF000000FFA9F922FFA9F922FFA9F922FFA9F922FF000000FF000000FF000000FF000000FF000000FF000000FFA9F922FFA9F922FF000000FF000000FFA9F922FFA9F922FF000000FF000000FFA9F922FFA9F922FF000000FF000000FF000000FF000000FF000000FF000000FF000000FF000000FF000000FF000000FF000000FF000000FF000000FF000000FF000000FF000000FF000000FF000000FF000000FF000000FF000000FF000000FF000000FF000000FF000000FF000000FF000000FF000000FF000000FF000000FF000000FF000000FF000000FF000000FF000000FF000000FF000000FF000000FF000000FF000000FF000000FF000000FF000000FF000000FF000000FF000000FF000000FF000000FF000000FF000000FF000000FF000000FF000000FF000000FF000000FF000000FF000000FF000000FF000000FF000000FF000000FF000000FF000000FF000000FF000000FF000000FF000000FF000000FF000000FF000000FF000000FF000000FF000000FF000000FF000000FF000000FF000000FF000000FF000000FF000000FF000000FF000000FF000000FF000000FF000000FF000000FF000000FF000000FF000000FF000000FF000000FF000000FF000000FF000000FF000000FF000000FF000000FF000000FF000000FF000000FF000000FF000000FF000000FF000000FF000000FF000000FF000000FF000000FF000000FF000000FF000000FF000000FF000000FF000000FF000000FF000000FF000000FF000000FF000000FF000000FF000000FF000000FF000000FF000000FF000000FF000000FF000000FF000000FF000000FF000000FF000000FF000000FF000000FF000000FF000000FF000000FF000000FF000000FF000000FF000000FF000000FF000000FF000000FF000000FF000000FF000000FF000000FF000000FF000000FF000000FF000000FF000000FF000000FF000000FF000000FF000000FF000000FF000000FF000000FF000000FF000000FF000000FF000000FF000000FF000000FF000000FF000000FF000000FF000000FF000000FF000000FF000000FF000000FF000000FF000000FF000000FF000000FF000000FF000000FF000000FF000000FF000000FF000000FF000000FF000000FF000000FF000000FF000000FF000000FF000000FF000000FF000000FF000000FF000000FF000000FF000000FF000000FF000000FF000000FF000000FF000000FF000000FF000000FF000000FF000000FF000000FF000000FF000000FF000000FF000000FF000000FF000000FF000000FF000000FF000000FF000000FF000000FF000000FF000000FF000000FF000000FF000000FF000000FF000000FF000000FF000000FF000000FF000000FF000000FF000000FF000000FF000000FF000000FF000000FF000000FF000000FF000000FF000000FF000000FF000000FF000000FF000000FF000000FF000000FF000000FF000000FF000000FF000000FF000000FF000000FF000000FF000000FF000000FF000000FF000000FF000000FF000000FF000000FF000000FF000000FF000000FF000000FF000000FF000000FF000000FF000000FF000000FF000000FF000000FF000000FF000000FF000000FF000000FF000000FF000000FF000000FF000000FF000000FF000000FF000000FF000000FF000000FF000000FF000000FF000000FF000000FF000000FF000000FF000000FF000000FF000000FF000000FF000000FF000000FF000000FF000000FF000000FF000000FF000000FF000000FF000000FF000000FF000000FF000000FF000000FF000000FF000000FF000000FF000000FF000000FF000000FF000000FF000000FF000000FF000000FF000000FF000000FF000000FF000000FF000000FF000000FF000000FF000000FF000000FF000000FF000000FF000000FF000000FF000000FF000000FF000000FF000000FF000000FF000000FF000000FF000000FF000000FF000000FF000000FF000000FF000000FF000000FF000000FF000000FF000000FF000000FF000000FF000000FF000000FF000000FF000000FF000000FF000000FF000000FF000000FF000000FF000000FF000000FF000000FF000000FF000000FF000000FF000000FF000000FF000000FF000000FF000000FF000000FF000000FF000000FF000000FF000000FFA9F922FFA9F922FFA9F922FFA9F922FF000000FF000000FF000000FF000000FF000000FF000000FFA9F922FFA9F922FF000000FF000000FFA9F922FFA9F922FF000000FF000000FFA9F922FFA9F922FF000000FF000000FF000000FF000000FF000000FF000000FF000000FF000000FF000000FF000000FF000000FF000000FF000000FF000000FF000000FF000000FF000000FF000000FF000000FF000000FF000000FF000000FF000000FF000000FF000000FF000000FFA9F922FFA9F922FF000000FF000000FF000000FF000000FFA9F922FFA9F922FF000000FF000000FF000000FF000000FFA9F922FFA9F922FF000000FF000000FF000000FF000000FF000000FF000000FF000000FF000000FF000000FF000000FF000000FF000000FF000000FF000000FF000000FF000000FF000000FF000000FF000000FF000000FFA9F922FFA9F922FFA9F922FFA9F922FFA9F922FFA9F922FFA9F922FFA9F922FF000000FF000000FF000000FF000000FF000000FF000000FFA9F922FFA9F922FFA9F922FFA9F922FFA9F922FFA9F922FFA9F922FFA9F922FF000000FF000000FF000000FF000000FF000000FF000000FF000000FF000000FF000000FF000000FF000000FF000000FF000000FF000000FF000000FF000000FF000000FF000000FF000000FF000000FFA9F922FFA9F922FFA9F922FFA9F922FFA9F922FFA9F922FFA9F922FFA9F922FF000000FF000000FF000000FF000000FF000000FF000000FFA9F922FFA9F922FFA9F922FFA9F922FFA9F922FFA9F922FFA9F922FFA9F922FF000000FF000000FF000000FF000000FF000000FF000000FF000000FF000000FF000000FF000000FF000000FF000000FF000000FF000000FF000000FF000000FF000000FF000000FF000000FF000000FF000000FF000000FF000000FF000000FFA9F922FFA9F922FFA9F922FFA9F922FF000000FF000000FF000000FF000000FF000000FF000000FFA9F922FFA9F922FF000000FF000000FFA9F922FFA9F922FF000000FF000000FFA9F922FFA9F922FF000000FF000000FF000000FF000000FF000000FF000000FF000000FF000000FF000000FF000000FF000000FF000000FF000000FF000000FF000000FF000000FF000000FF000000FF000000FF000000FF000000FF000000FF000000FF000000FF000000FF000000FF000000FF000000FF000000FF000000FF000000FF000000FF000000FF000000FF000000FF000000FF000000FF000000FF000000FF000000FF000000FF000000FF000000FF000000FF000000FF000000FF000000FF000000FF000000FF000000FF000000FF000000FF000000FF000000FF000000FF000000FF000000FF000000FF000000FF000000FF000000FF000000FF000000FF000000FF000000FF000000FF000000FF000000FF000000FF000000FF000000FF000000FF000000FF000000FF000000FF000000FF000000FF000000FF000000FF000000FF000000FF000000FF000000FF000000FF000000FF000000FF000000FF000000FF000000FF000000FF000000FF000000FF000000FF000000FF000000FF000000FF000000FF000000FF000000FF000000FF000000FF000000FF000000FF000000FF000000FF000000FF000000FF000000FF000000FF000000FF000000FF000000FF000000FF000000FF000000FF000000FF000000FF000000FF000000FF000000FF000000FF000000FF000000FF000000FF000000FF000000FF000000FF000000FF000000FF000000FF000000FF000000FF000000FF000000FF000000FF000000FF000000FF000000FF000000FF000000FF000000FF000000FF000000FF000000FF000000FF000000FF000000FF000000FF000000FF000000FF000000FF000000FF000000FF000000FF000000FF000000FF000000FF000000FF000000FF000000FF000000FF000000FF000000FF000000FF000000FF000000FF000000FF000000FF000000FF000000FF000000FF000000FF000000FF000000FF000000FF000000FF000000FF000000FF000000FF000000FF000000FF000000FF000000FF000000FF000000FF000000FF000000FF000000FF000000FF000000FF000000FF000000FF000000FF000000FF000000FF000000FF000000FF000000FF000000FF000000FF000000FF000000FF000000FF000000FF000000FF000000FF000000FF000000FF000000FF000000FF000000FF000000FF000000FF000000FF000000FF000000FF000000FF000000FF000000FF000000FF000000FF000000FF000000FF000000FF000000FF000000FF000000FF000000FF000000FF000000FF000000FF000000FF000000FF000000FF000000FF000000FF000000FF000000FF000000FF000000FF000000FF000000FF000000FF000000FF000000FF000000FF000000FF000000FF000000FF000000FF000000FF000000FF000000FF000000FF000000FF000000FF000000FF000000FF000000FF000000FF000000FF000000FF000000FF000000FF000000FF000000FF000000FF000000FF000000FF000000FF000000FF000000FF000000FF000000FF000000FF000000FF000000FF000000FF000000FF000000FF000000FF000000FF000000FF000000FF000000FF000000FF000000FF000000FF000000FF000000FF000000FF000000FF000000FF000000FF000000FF000000FF000000FF000000FF000000FF000000FF000000FF000000FF000000FF000000FF000000FF000000FF000000FF000000FF000000FF000000FF000000FF000000FF000000FF000000FF000000FF000000FF000000FF000000FF000000FF000000FF000000FF000000FF000000FF000000FF000000FF000000FF000000FF000000FF000000FF000000FF000000FF000000FF000000FF000000FF000000FF000000FF000000FF000000FF000000FF000000FF000000FF000000FF000000FF000000FF000000FF000000FF000000FF000000FF000000FF000000FF000000FF000000FF000000FF000000FF000000FF000000FF000000FF000000FF000000FF000000FF000000FF000000FF000000FF000000FF000000FF000000FF000000FF000000FF000000FF000000FFA9F922FFA9F922FF000000FF000000FF000000FF000000FF000000FF000000FF000000FF000000FF000000FF000000FFA9F922FFA9F922FFA9F922FFA9F922FF000000FF000000FF000000FF000000FFA9F922FFA9F922FF000000FF000000FF000000FF000000FF000000FF000000FF000000FF000000FF000000FF000000FF000000FF000000FF000000FF000000FF000000FF000000FF000000FF000000FF000000FF000000FF000000FF000000FF000000FF000000FF000000FF000000FFA9F922FFA9F922FF000000FF000000FF000000FF000000FFA9F922FFA9F922FFA9F922FFA9F922FFA9F922FFA9F922FFA9F922FFA9F922FFA9F922FFA9F922FF000000FF000000FF000000FF000000FF000000FF000000FF000000FF000000FF000000FF000000FF000000FF000000FF000000FF000000FF000000FF000000FF000000FF000000FFA9F922FFA9F922FF000000FF000000FF000000FF000000FF000000FF000000FFA9F922FFA9F922FF000000FF000000FF000000FF000000FFA9F922FFA9F922FF000000FF000000FF000000FF000000FF000000FF000000FF000000FF000000FF000000FF000000FF000000FF000000FF000000FF000000FF000000FF000000FF000000FF000000FF000000FF000000FF000000FF000000FF000000FF000000FF000000FF000000FFA9F922FFA9F922FF000000FF000000FF000000FF000000FF000000FF000000FFA9F922FFA9F922FF000000FF000000FF000000FF000000FFA9F922FFA9F922FF000000FF000000FF000000FF000000FF000000FF000000FF000000FF000000FF000000FF000000FF000000FF000000FF000000FF000000FF000000FF000000FF000000FF000000FF000000FF000000FF000000FF000000FF000000FF000000FF000000FF000000FF000000FF000000FFA9F922FFA9F922FF000000FF000000FF000000FF000000FF000000FF000000FF000000FF000000FF000000FF000000FFA9F922FFA9F922FFA9F922FFA9F922FF000000FF000000FF000000FF000000FFA9F922FFA9F922FF000000FF000000FF000000FF000000FF000000FF000000FF000000FF000000FF000000FF000000FF000000FF000000FF000000FF000000FF000000FF000000FF000000FF000000FF000000FF000000FF000000FF000000FF000000FF000000FF000000FF000000FF000000FF000000FF000000FF000000FF000000FF000000FF000000FF000000FF000000FF000000FF000000FF000000FF000000FF000000FF000000FF000000FF000000FF000000FF000000FF000000FF000000FF000000FF000000FF000000FF000000FF000000FF000000FF000000FF000000FF000000FF000000FF000000FF000000FF000000FF000000FF000000FF000000FF000000FF000000FF000000FF000000FF000000FF000000FF000000FF000000FF000000FF000000FF000000FF000000FF000000FF000000FF000000FF000000FF000000FF000000FF000000FF000000FF000000FF000000FF000000FF000000FF000000FF000000FF000000FF000000FF000000FF000000FF000000FF000000FF000000FF000000FF000000FF000000FF000000FF000000FF000000FF000000FF000000FF000000FF000000FF000000FF000000FF000000FF000000FF000000FF000000FF000000FF000000FF000000FF000000FF000000FF000000FF000000FF000000FF000000FF000000FF000000FF000000FF000000FF000000FF000000FF000000FF000000FF000000FF000000FF000000FF000000FF000000FF000000FF000000FF000000FF000000FF000000FF000000FF000000FF000000FF000000FF000000FF000000FF000000FF000000FF000000FF000000FF000000FF000000FF000000FF000000FF000000FF000000FF000000FF000000FF000000FF000000FF000000FF000000FF000000FF000000FF000000FF000000FF000000FF000000FF000000FF000000FF000000FF000000FF000000FF000000FF000000FF000000FF000000FF000000FF000000FF000000FF000000FF000000FF000000FF000000FF000000FF000000FF000000FF000000FF000000FF000000FF000000FF000000FF000000FF000000FF000000FF000000FF000000FF000000FF000000FF000000FF000000FF000000FF000000FF000000FF000000FF000000FF000000FF000000FF000000FF000000FF000000FF000000FF000000FF000000FF000000FF000000FF000000FF000000FF000000FF000000FF000000FF000000FF000000FF000000FF000000FF000000FF000000FF000000FF000000FF000000FF000000FF000000FF000000FF000000FF000000FF000000FF000000FF000000FF000000FF000000FF000000FF000000FF000000FF000000FF000000FF000000FF000000FF000000FF000000FF000000FF000000FF000000FF000000FF000000FF000000FF000000FF000000FF000000FF000000FF000000FF000000FF000000FF000000FF000000FF000000FF000000FF000000FF000000FF000000FF000000FF000000FF000000FF000000FF000000FF000000FF000000FF000000FF000000FF000000FF000000FF000000FF000000FF000000FF000000FF000000FF000000FF000000FF000000FF000000FF000000FF000000FF000000FF000000FF000000FF000000FF000000FF000000FF000000FF000000FF000000FF000000FF000000FF000000FF000000FF000000FF000000FF000000FF000000FF000000FF000000FF000000FF000000FF000000FF000000FF000000FF000000FF000000FF000000FF000000FF000000FF000000FF000000FF000000FF000000FF000000FF000000FF000000FF000000FF000000FF000000FF000000FF000000FF000000FF000000FF000000FF000000FF000000FF000000FF000000FF000000FF000000FF000000FF000000FF000000FF000000FF000000FF000000FF000000FF000000FF000000FF000000FF000000FF000000FF000000FF000000FF000000FF000000FF000000FF000000FF000000FF000000FF000000FF000000FF000000FF000000FF000000FF000000FF000000FF000000FF000000FF000000FFA9F922FFA9F922FF000000FF000000FF000000FF000000FF000000FF000000FF000000FF000000FF000000FF000000FFA9F922FFA9F922FFA9F922FFA9F922FF000000FF000000FF000000FF000000FFA9F922FFA9F922FF000000FF000000FF000000FF000000FF000000FF000000FF000000FF000000FF000000FF000000FF000000FF000000FF000000FF000000FF000000FF000000FF000000FF000000FF000000FF000000FF000000FF000000FF000000FF000000FF000000FF000000FFA9F922FFA9F922FF000000FF000000FF000000FF000000FFA9F922FFA9F922FFA9F922FFA9F922FFA9F922FFA9F922FFA9F922FFA9F922FFA9F922FFA9F922FF000000FF000000FF000000FF000000FF000000FF000000FF000000FF000000FF000000FF000000FF000000FF000000FF000000FF000000FF000000FF000000FF000000FF000000FFA9F922FFA9F922FF000000FF000000FF000000FF000000FF000000FF000000FFA9F922FFA9F922FF000000FF000000FF000000FF000000FFA9F922FFA9F922FF000000FF000000FF000000FF000000FF000000FF000000FF000000FF000000FF000000FF000000FF000000FF000000FF000000FF000000FF000000FF000000FF000000FF000000FF000000FF000000FF000000FF000000FF000000FF000000FF000000FF000000FFA9F922FFA9F922FF000000FF000000FF000000FF000000FF000000FF000000FFA9F922FFA9F922FF000000FF000000FF000000FF000000FFA9F922FFA9F922FF000000FF000000FF000000FF000000FF000000FF000000FF000000FF000000FF000000FF000000FF000000FF000000FF000000FF000000FF000000FF000000FF000000FF000000FF000000FF000000FF000000FF000000FF000000FF000000FF000000FF000000FF000000FF000000FFA9F922FFA9F922FF000000FF000000FF000000FF000000FF000000FF000000FF000000FF000000FF000000FF000000FFA9F922FFA9F922FFA9F922FFA9F922FF000000FF000000FF000000FF000000FFA9F922FFA9F922FF000000FF000000FF000000FF000000FF000000FF000000FF000000FF000000FF000000FF000000FF000000FF000000FF000000FF000000FF000000FF000000FF000000FF000000FF000000FF000000FF000000FF000000FF000000FF000000FF000000FF000000FF000000FF000000FF000000FF000000FF000000FF000000FF000000FF000000FF000000FF000000FF000000FF000000FF000000FF000000FF000000FF000000FF000000FF000000FF000000FF000000FF000000FF000000FF000000FF000000FF000000FF000000FF000000FF000000FF000000FF000000FF000000FF000000FF000000FF000000FF000000FF000000FF000000FF000000FF000000FF000000FF000000FF000000FF000000FF000000FF000000FF000000FF000000FF000000FF000000FF000000FF000000FF000000FF000000FF000000FF000000FF000000FF000000FF000000FF000000FF000000FF000000FF000000FF000000FF000000FF000000FF000000FF000000FF000000FF000000FF000000FF000000FF000000FF000000FF000000FF000000FF000000FF000000FF000000FF000000FF000000FF000000FF000000FF000000FF000000FF000000FF000000FF000000FF000000FF000000FF000000FF000000FF000000FF000000FF000000FF000000FF000000FF000000FF000000FF000000FF000000FF000000FF000000FF000000FF000000FF000000FF000000FF000000FF000000FF000000FF000000FF000000FF000000FF000000FF000000FF000000FF000000FF000000FF000000FF000000FF000000FF000000FF000000FF000000FF000000FF000000FF000000FF000000FF000000FF000000FF000000FF000000FF000000FF000000FF000000FF000000FF000000FF000000FF000000FF000000FF000000FF000000FF000000FF000000FF000000FF000000FF000000FF000000FF000000FF000000FF000000FF000000FF000000FF000000FF000000FF000000FF000000FF000000FF000000FF000000FF000000FF000000FF000000FF000000FF000000FF000000FF000000FF000000FF000000FF000000FF000000FF000000FF000000FF000000FF000000FF000000FF000000FF000000FF000000FF000000FF000000FF000000FF000000FF000000FF000000FF000000FF000000FF000000FF000000FF000000FF000000FF000000FF000000FF000000FF000000FF000000FF000000FF000000FF000000FF000000FF000000FF000000FF000000FF000000FF000000FF000000FF000000FF000000FF000000FF000000FF000000FF000000FF000000FF000000FF000000FF000000FF000000FF000000FF000000FF000000FF000000FF000000FF000000FF000000FF000000FF000000FF000000FF000000FF000000FF000000FF000000FF000000FF000000FF000000FF000000FF000000FF000000FF000000FF000000FF000000FF000000FF000000FF000000FF000000FF000000FF000000FF000000FF000000FF000000FF000000FF000000FF000000FF000000FF000000FF000000FF000000FF000000FF000000FF000000FF000000FF000000FF000000FF000000FF000000FF000000FF000000FF000000FF000000FF000000FF000000FF000000FF000000FF000000FF000000FF000000FF000000FF000000FF000000FF000000FF000000FF000000FF000000FF000000FF000000FF000000FF000000FF000000FF000000FF000000FF000000FF000000FF000000FF000000FF000000FF000000FF000000FF000000FF000000FF000000FF000000FF000000FF000000FF000000FF000000FF000000FF000000FF000000FF000000FF000000FF000000FF000000FF000000FF000000FF000000FF000000FF000000FF000000FF000000FF000000FF000000FF000000FF000000FF000000FF000000FF000000FF000000FF000000FF000000FF000000FF000000FF000000FF000000FF000000FF000000FF000000FF000000FF000000FF000000FF000000FF000000FF000000FF000000FF000000FFA9F922FFA9F922FF000000FF000000FF000000FF000000FF000000FF000000FF000000FF000000FF000000FF000000FF000000FF000000FFA9F922FFA9F922FF000000FF000000FF000000FF000000FF000000FF000000FFA9F922FFA9F922FF000000FF000000FF000000FF000000FF000000FF000000FF000000FF000000FF000000FF000000FF000000FF000000FF000000FF000000FF000000FF000000FF000000FF000000FFA9F922FFA9F922FF000000FF000000FF000000FF000000FF000000FF000000FFA9F922FFA9F922FF000000FF000000FF000000FF000000FF000000FF000000FF000000FF000000FF000000FF000000FFA9F922FFA9F922FF000000FF000000FF000000FF000000FF000000FF000000FF000000FF000000FF000000FF000000FF000000FF000000FF000000FF000000FF000000FF000000FF000000FF000000FF000000FF000000FFA9F922FFA9F922FF000000FF000000FF000000FF000000FF000000FF000000FFA9F922FFA9F922FF000000FF000000FF000000FF000000FFA9F922FFA9F922FF000000FF000000FF000000FF000000FF000000FF000000FF000000FF000000FF000000FF000000FF000000FF000000FF000000FF000000FF000000FF000000FF000000FF000000FF000000FF000000FF000000FF000000FF000000FF000000FF000000FF000000FFA9F922FFA9F922FF000000FF000000FF000000FF000000FF000000FF000000FFA9F922FFA9F922FF000000FF000000FF000000FF000000FFA9F922FFA9F922FF000000FF000000FF000000FF000000FF000000FF000000FF000000FF000000FF000000FF000000FF000000FF000000FF000000FF000000FF000000FF000000FF000000FF000000FF000000FF000000FF000000FF000000FF000000FF000000FF000000FF000000FFA9F922FFA9F922FF000000FF000000FF000000FF000000FF000000FF000000FF000000FF000000FF000000FF000000FF000000FF000000FFA9F922FFA9F922FF000000FF000000FF000000FF000000FF000000FF000000FFA9F922FFA9F922FF000000FF000000FF000000FF000000FF000000FF000000FF000000FF000000FF000000FF000000FF000000FF000000FF000000FF000000FF000000FF000000FF000000FF000000FF000000FF000000FF000000FF000000FF000000FF000000FF000000FF000000FF000000FF000000FF000000FF000000FF000000FF000000FF000000FF000000FF000000FF000000FF000000FF000000FF000000FF000000FF000000FF000000FF000000FF000000FF000000FF000000FF000000FF000000FF000000FF000000FF000000FF000000FF000000FF000000FF000000FF000000FF000000FF000000FF000000FF000000FF000000FF000000FF000000FF000000FF000000FF000000FF000000FF000000FF000000FF000000FF000000FF000000FF000000FF000000FF000000FF000000FF000000FF000000FF000000FF000000FF000000FF000000FF000000FF000000FF000000FF000000FF000000FF000000FF000000FF000000FF000000FF000000FF000000FF000000FF000000FF000000FF000000FF000000FF000000FF000000FF000000FF000000FF000000FF000000FF000000FF000000FF000000FF000000FF000000FF000000FF000000FF000000FF000000FF000000FF000000FF000000FF000000FF000000FF000000FF000000FF000000FF000000FF000000FF000000FF000000FF000000FF000000FF000000FF000000FF000000FF000000FF000000FF000000FF000000FF000000FF000000FF000000FF000000FF000000FF000000FF000000FF000000FF000000FF000000FF000000FF000000FF000000FF000000FF000000FF000000FF000000FF000000FF000000FF000000FF000000FF000000FF000000FF000000FF000000FF000000FF000000FF000000FF000000FF000000FF000000FF000000FF000000FF000000FF000000FF000000FF000000FF000000FF000000FF000000FF000000FF000000FF000000FF000000FF000000FF000000FF000000FF000000FF000000FF000000FF000000FF000000FF000000FF000000FF000000FF000000FF000000FF000000FF000000FF000000FF000000FF000000FF000000FF000000FF000000FF000000FF000000FF000000FF000000FF000000FF000000FF000000FF000000FF000000FF000000FF000000FF000000FF000000FF000000FF000000FF000000FF000000FF000000FF000000FF000000FF000000FF000000FF000000FF000000FF000000FF000000FF000000FF000000FF000000FF000000FF000000FF000000FF000000FF000000FF000000FF000000FF000000FF000000FF000000FF000000FF000000FF000000FF000000FF000000FF000000FF000000FF000000FF000000FF000000FF000000FF000000FF000000FF000000FF000000FF000000FF000000FF000000FF000000FF000000FF000000FF000000FF000000FF000000FF000000FF000000FF000000FF000000FF000000FF000000FF000000FF000000FF000000FF000000FF000000FF000000FF000000FF000000FF000000FF000000FF000000FF000000FF000000FF000000FF000000FF000000FF000000FF000000FF000000FF000000FF000000FF000000FF000000FF000000FF000000FF000000FF000000FF000000FF000000FF000000FF000000FF000000FF000000FF000000FF000000FF000000FF000000FF000000FF000000FF000000FF000000FF000000FF000000FF000000FF000000FF000000FF000000FF000000FF000000FF000000FF000000FF000000FF000000FF000000FF000000FF000000FF000000FF000000FF000000FF000000FF000000FF000000FF000000FF000000FF000000FF000000FF000000FF000000FF000000FF000000FF000000FF000000FF000000FF000000FF000000FF000000FF000000FF000000FF000000FF000000FF000000FF000000FF000000FF000000FF000000FF000000FF000000FF000000FF000000FF000000FF000000FF000000FF000000FF000000FF000000FF000000FF000000FF000000FF000000FF000000FFA9F922FFA9F922FF000000FF000000FF000000FF000000FF000000FF000000FF000000FF000000FF000000FF000000FF000000FF000000FFA9F922FFA9F922FF000000FF000000FF000000FF000000FF000000FF000000FFA9F922FFA9F922FF000000FF000000FF000000FF000000FF000000FF000000FF000000FF000000FF000000FF000000FF000000FF000000FF000000FF000000FF000000FF000000FF000000FF000000FFA9F922FFA9F922FF000000FF000000FF000000FF000000FF000000FF000000FFA9F922FFA9F922FF000000FF000000FF000000FF000000FF000000FF000000FF000000FF000000FF000000FF000000FFA9F922FFA9F922FF000000FF000000FF000000FF000000FF000000FF000000FF000000FF000000FF000000FF000000FF000000FF000000FF000000FF000000FF000000FF000000FF000000FF000000FF000000FF000000FFA9F922FFA9F922FF000000FF000000FF000000FF000000FF000000FF000000FFA9F922FFA9F922FF000000FF000000FF000000FF000000FFA9F922FFA9F922FF000000FF000000FF000000FF000000FF000000FF000000FF000000FF000000FF000000FF000000FF000000FF000000FF000000FF000000FF000000FF000000FF000000FF000000FF000000FF000000FF000000FF000000FF000000FF000000FF000000FF000000FFA9F922FFA9F922FF000000FF000000FF000000FF000000FF000000FF000000FFA9F922FFA9F922FF000000FF000000FF000000FF000000FFA9F922FFA9F922FF000000FF000000FF000000FF000000FF000000FF000000FF000000FF000000FF000000FF000000FF000000FF000000FF000000FF000000FF000000FF000000FF000000FF000000FF000000FF000000FF000000FF000000FF000000FF000000FF000000FF000000FFA9F922FFA9F922FF000000FF000000FF000000FF000000FF000000FF000000FF000000FF000000FF000000FF000000FF000000FF000000FFA9F922FFA9F922FF000000FF000000FF000000FF000000FF000000FF000000FFA9F922FFA9F922FF000000FF000000FF000000FF000000FF000000FF000000FF000000FF000000FF000000FF000000FF000000FF000000FF000000FF000000FF000000FF000000FF000000FF000000FF000000FF000000FF000000FF000000FF000000FF000000FF000000FF000000FF000000FF000000FF000000FF000000FF000000FF000000FF000000FF000000FF000000FF000000FF000000FF000000FF000000FF000000FF000000FF000000FF000000FF000000FF000000FF000000FF000000FF000000FF000000FF000000FF000000FF000000FF000000FF000000FF000000FF000000FF000000FF000000FF000000FF000000FF000000FF000000FF000000FF000000FF000000FF000000FF000000FF000000FF000000FF000000FF000000FF000000FF000000FF000000FF000000FF000000FF000000FF000000FF000000FF000000FF000000FF000000FF000000FF000000FF000000FF000000FF000000FF000000FF000000FF000000FF000000FF000000FF000000FF000000FF000000FF000000FF000000FF000000FF000000FF000000FF000000FF000000FF000000FF000000FF000000FF000000FF000000FF000000FF000000FF000000FF000000FF000000FF000000FF000000FF000000FF000000FF000000FF000000FF000000FF000000FF000000FF000000FF000000FF000000FF000000FF000000FF000000FF000000FF000000FF000000FF000000FF000000FF000000FF000000FF000000FF000000FF000000FF000000FF000000FF000000FF000000FF000000FF000000FF000000FF000000FF000000FF000000FF000000FF000000FF000000FF000000FF000000FF000000FF000000FF000000FF000000FF000000FF000000FF000000FF000000FF000000FF000000FF000000FF000000FF000000FF000000FF000000FF000000FF000000FF000000FF000000FF000000FF000000FF000000FF000000FF000000FF000000FF000000FF000000FF000000FF000000FF000000FF000000FF000000FF000000FF000000FF000000FF000000FF000000FF000000FF000000FF000000FF000000FF000000FF000000FF000000FF000000FF000000FF000000FF000000FF000000FF000000FF000000FF000000FF000000FF000000FF000000FF000000FF000000FF000000FF000000FF000000FF000000FF000000FF000000FF000000FF000000FF000000FF000000FF000000FF000000FF000000FF000000FF000000FF000000FF000000FF000000FF000000FF000000FF000000FF000000FF000000FF000000FF000000FF000000FF000000FF000000FF000000FF000000FF000000FF000000FF000000FF000000FF000000FF000000FF000000FF000000FF000000FF000000FF000000FF000000FF000000FF000000FF000000FF000000FF000000FF000000FF000000FF000000FF000000FF000000FF000000FF000000FF000000FF000000FF000000FF000000FF000000FF000000FF000000FF000000FF000000FF000000FF000000FF000000FF000000FF000000FF000000FF000000FF000000FF000000FF000000FF000000FF000000FF000000FF000000FF000000FF000000FF000000FF000000FF000000FF000000FF000000FF000000FF000000FF000000FF000000FF000000FF000000FF000000FF000000FF000000FF000000FF000000FF000000FF000000FF000000FF000000FF000000FF000000FF000000FF000000FF000000FF000000FF000000FF000000FF000000FF000000FF000000FF000000FF000000FF000000FF000000FF000000FF000000FF000000FF000000FF000000FF000000FF000000FF000000FF000000FF000000FF000000FF000000FF000000FF000000FF000000FF000000FF000000FF000000FF000000FF000000FF000000FF000000FF000000FF000000FF000000FF000000FF000000FF000000FF000000FF000000FF000000FF000000FF000000FF000000FF000000FF000000FF000000FF000000FF000000FF000000FF000000FF000000FF000000FF000000FF000000FFA9F922FFA9F922FFA9F922FFA9F922FFA9F922FFA9F922FFA9F922FFA9F922FFA9F922FFA9F922FF000000FF000000FF000000FF000000FF000000FF000000FFA9F922FFA9F922FFA9F922FFA9F922FFA9F922FFA9F922FF000000FF000000FF000000FF000000FF000000FF000000FF000000FF000000FF000000FF000000FF000000FF000000FF000000FF000000FF000000FF000000FF000000FF000000FF000000FF000000FF000000FF000000FFA9F922FFA9F922FFA9F922FFA9F922FFA9F922FFA9F922FF000000FF000000FF000000FF000000FF000000FF000000FF000000FF000000FF000000FF000000FF000000FF000000FFA9F922FFA9F922FF000000FF000000FF000000FF000000FF000000FF000000FF000000FF000000FF000000FF000000FF000000FF000000FF000000FF000000FF000000FF000000FF000000FF000000FF000000FF000000FF000000FF000000FFA9F922FFA9F922FFA9F922FFA9F922FFA9F922FFA9F922FF000000FF000000FF000000FF000000FF000000FF000000FFA9F922FFA9F922FF000000FF000000FF000000FF000000FF000000FF000000FF000000FF000000FF000000FF000000FF000000FF000000FF000000FF000000FF000000FF000000FF000000FF000000FF000000FF000000FF000000FF000000FF000000FF000000FF000000FF000000FF000000FF000000FFA9F922FFA9F922FFA9F922FFA9F922FFA9F922FFA9F922FF000000FF000000FF000000FF000000FF000000FF000000FFA9F922FFA9F922FF000000FF000000FF000000FF000000FF000000FF000000FF000000FF000000FF000000FF000000FF000000FF000000FF000000FF000000FF000000FF000000FF000000FF000000FF000000FF000000FF000000FF000000FF000000FF000000FF000000FF000000FFA9F922FFA9F922FFA9F922FFA9F922FFA9F922FFA9F922FFA9F922FFA9F922FFA9F922FFA9F922FF000000FF000000FF000000FF000000FF000000FF000000FFA9F922FFA9F922FFA9F922FFA9F922FFA9F922FFA9F922FF000000FF000000FF000000FF000000FF000000FF000000FF000000FF000000FF000000FF000000FF000000FF000000FF000000FF000000FF000000FF000000FF000000FF000000FF000000FF000000FF000000FF000000FF000000FF000000FF000000FF000000FF000000FF000000FF000000FF000000FF000000FF000000FF000000FF000000FF000000FF000000FF000000FF000000FF000000FF000000FF000000FF000000FF000000FF000000FF000000FF000000FF000000FF000000FF000000FF000000FF000000FF000000FF000000FF000000FF000000FF000000FF000000FF000000FF000000FF000000FF000000FF000000FF000000FF000000FF000000FF000000FF000000FF000000FF000000FF000000FF000000FF000000FF000000FF000000FF000000FF000000FF000000FF000000FF000000FF000000FF000000FF000000FF000000FF000000FF000000FF000000FF000000FF000000FF000000FF000000FF000000FF000000FF000000FF000000FF000000FF000000FF000000FF000000FF000000FF000000FF000000FF000000FF000000FF000000FF000000FF000000FF000000FF000000FF000000FF000000FF000000FF000000FF000000FF000000FF000000FF000000FF000000FF000000FF000000FF000000FF000000FF000000FF000000FF000000FF000000FF000000FF000000FF000000FF000000FF000000FF000000FF000000FF000000FF000000FF000000FF000000FF000000FF000000FF000000FF000000FF000000FF000000FF000000FF000000FF000000FF000000FF000000FF000000FF000000FF000000FF000000FF000000FF000000FF000000FF000000FF000000FF000000FF000000FF000000FF000000FF000000FF000000FF000000FF000000FF000000FF000000FF000000FF000000FF000000FF000000FF000000FF000000FF000000FF000000FF000000FF000000FF000000FF000000FF000000FF000000FF000000FF000000FF000000FF000000FF000000FF000000FF000000FF000000FF000000FF000000FF000000FF000000FF000000FF000000FF000000FF000000FF000000FF000000FF000000FF000000FF000000FF000000FF000000FF000000FF000000FF000000FF000000FF000000FF000000FF000000FF000000FF000000FF000000FF000000FF000000FF000000FF000000FF000000FF000000FF000000FF000000FF000000FF000000FF000000FF000000FF000000FF000000FF000000FF000000FF000000FF000000FF000000FF000000FF000000FF000000FF000000FF000000FF000000FF000000FF000000FF000000FF000000FF000000FF000000FF000000FF000000FF000000FF000000FF000000FF000000FF000000FF000000FF000000FF000000FF000000FF000000FF000000FF000000FF000000FF000000FF000000FF000000FF000000FF000000FF000000FF000000FF000000FF000000FF000000FF000000FF000000FF000000FF000000FF000000FF000000FF000000FF000000FF000000FF000000FF000000FF000000FF000000FF000000FF000000FF000000FF000000FF000000FF000000FF000000FF000000FF000000FF000000FF000000FF000000FF000000FF000000FF000000FF000000FF000000FF000000FF000000FF000000FF000000FF000000FF000000FF000000FF000000FF000000FF000000FF000000FF000000FF000000FF000000FF000000FF000000FF000000FF000000FF000000FF000000FF000000FF000000FF000000FF000000FF000000FF000000FF000000FF000000FF000000FF000000FF000000FF000000FF000000FF000000FF000000FF000000FF000000FF000000FF000000FF000000FF000000FF000000FF000000FF000000FF000000FF000000FF000000FF000000FF000000FF000000FF000000FF000000FF000000FF000000FF000000FF000000FF000000FF000000FF000000FF000000FF000000FF000000FF000000FF000000FF000000FF000000FF000000FF000000FF000000FF000000FF000000FFA9F922FFA9F922FFA9F922FFA9F922FFA9F922FFA9F922FFA9F922FFA9F922FFA9F922FFA9F922FF000000FF000000FF000000FF000000FF000000FF000000FFA9F922FFA9F922FFA9F922FFA9F922FFA9F922FFA9F922FF000000FF000000FF000000FF000000FF000000FF000000FF000000FF000000FF000000FF000000FF000000FF000000FF000000FF000000FF000000FF000000FF000000FF000000FF000000FF000000FF000000FF000000FFA9F922FFA9F922FFA9F922FFA9F922FFA9F922FFA9F922FF000000FF000000FF000000FF000000FF000000FF000000FF000000FF000000FF000000FF000000FF000000FF000000FFA9F922FFA9F922FF000000FF000000FF000000FF000000FF000000FF000000FF000000FF000000FF000000FF000000FF000000FF000000FF000000FF000000FF000000FF000000FF000000FF000000FF000000FF000000FF000000FF000000FFA9F922FFA9F922FFA9F922FFA9F922FFA9F922FFA9F922FF000000FF000000FF000000FF000000FF000000FF000000FFA9F922FFA9F922FF000000FF000000FF000000FF000000FF000000FF000000FF000000FF000000FF000000FF000000FF000000FF000000FF000000FF000000FF000000FF000000FF000000FF000000FF000000FF000000FF000000FF000000FF000000FF000000FF000000FF000000FF000000FF000000FFA9F922FFA9F922FFA9F922FFA9F922FFA9F922FFA9F922FF000000FF000000FF000000FF000000FF000000FF000000FFA9F922FFA9F922FF000000FF000000FF000000FF000000FF000000FF000000FF000000FF000000FF000000FF000000FF000000FF000000FF000000FF000000FF000000FF000000FF000000FF000000FF000000FF000000FF000000FF000000FF000000FF000000FF000000FF000000FFA9F922FFA9F922FFA9F922FFA9F922FFA9F922FFA9F922FFA9F922FFA9F922FFA9F922FFA9F922FF000000FF000000FF000000FF000000FF000000FF000000FFA9F922FFA9F922FFA9F922FFA9F922FFA9F922FFA9F922FF000000FF000000FF000000FF000000FF000000FF000000FF000000FF000000FF000000FF000000FF000000FF000000FF000000FF000000FF000000FF000000FF000000FF000000FF000000FF000000FF000000FF000000FF000000FF000000FF000000FF000000FF000000FF000000FF000000FF000000FF000000FF000000FF000000FF000000FF000000FF000000FF000000FF000000FF000000FF000000FF000000FF000000FF000000FF000000FF000000FF000000FF000000FF000000FF000000FF000000FF000000FF000000FF000000FF000000FF000000FF000000FF000000FF000000FF000000FF000000FF000000FF000000FF000000FF000000FF000000FF000000FF000000FF000000FF000000FF000000FF000000FF000000FF000000FF000000FF000000FF000000FF000000FF000000FF000000FF000000FF000000FF000000FF000000FF000000FF000000FF000000FF000000FF000000FF000000FF000000FF000000FF000000FF000000FF000000FF000000FF000000FF000000FF000000FF000000FF000000FF000000FF000000FF000000FF000000FF000000FF000000FF000000FF000000FF000000FF000000FF000000FF000000FF000000FF000000FF000000FF000000FF000000FF000000FF000000FF000000FF000000FF000000FF000000FF000000FF000000FF000000FF000000FF000000FF000000FF000000FF000000FF000000FF000000FF000000FF000000FF000000FF000000FF000000FF000000FF000000FF000000FF000000FF000000FF000000FF000000FF000000FF000000FF000000FF000000FF000000FF000000FF000000FF000000FF000000FF000000FF000000FF000000FF000000FF000000FF000000FF000000FF000000FF000000FF000000FF000000FF000000FF000000FF000000FF000000FF000000FF000000FF000000FF000000FF000000FF000000FF000000FF000000FF000000FF000000FF000000FF000000FF000000FF000000FF000000FF000000FF000000FF000000FF000000FF000000FF000000FF000000FF000000FF000000FF000000FF000000FF000000FF000000FF000000FF000000FF000000FF000000FF000000FF000000FF000000FF000000FF000000FF000000FF000000FF000000FF000000FF000000FF000000FF000000FF000000FF000000FF000000FF000000FF000000FF000000FF000000FF000000FF000000FF000000FF000000FF000000FF000000FF000000FF000000FF000000FF000000FF000000FF000000FF000000FF000000FF000000FF000000FF000000FF000000FF000000FF000000FF000000FF000000FF000000FF000000FF000000FF000000FF000000FF000000FF000000FF000000FF000000FF000000FF000000FF000000FF000000FF000000FF000000FF000000FF000000FF000000FF000000FF000000FF000000FF000000FF000000FF000000FF000000FF000000FF000000FF000000FF000000FF000000FF000000FF000000FF000000FF000000FF000000FF000000FF000000FF000000FF000000FF000000FF000000FF000000FF000000FF000000FF000000FF000000FF000000FF000000FF000000FF000000FF000000FF000000FF000000FF000000FF000000FF000000FF000000FF000000FF000000FF000000FF000000FF000000FF000000FF000000FF000000FF000000FF000000FF000000FF000000FF000000FF000000FF000000FF000000FF000000FF000000FF000000FF000000FF000000FF000000FF000000FF000000FF000000FF000000FF000000FF000000FF000000FF000000FF000000FF000000FF000000FF000000FF000000FF000000FF000000FF000000FF000000FF000000FF000000FF000000FF000000FF000000FF000000FF000000FF000000FF000000FF000000FF000000FF000000FF000000FF000000FF000000FF000000FF000000FF000000FF000000FF000000FF000000FF000000FF000000FF000000FF000000FF000000FF000000FF000000FF000000FF000000FF000000FF000000FF000000FF000000FF000000FF000000FF000000FF000000FF000000FF000000FF000000FF000000FF000000FF000000FF000000FF000000FF000000FF000000FF000000FF000000FF000000FF000000FF000000FF000000FF000000FF000000FF000000FF000000FF000000FF000000FF000000FF000000FF000000FF000000FF000000FF000000FF000000FF000000FF000000FF000000FF000000FF000000FF000000FF000000FF000000FF000000FF000000FF000000FF000000FF000000FF000000FF000000FF000000FF000000FF000000FF000000FF000000FF000000FF000000FF000000FF000000FF000000FF000000FF000000FF000000FF000000FF000000FF000000FF000000FF000000FF000000FF000000FF000000FF000000FF000000FF000000FF000000FF000000FF000000FF000000FF000000FF000000FF000000FF000000FF000000FF000000FF000000FF000000FF000000FF000000FF000000FF000000FF000000FF000000FF000000FF000000FF000000FF000000FF000000FF000000FF000000FF000000FF000000FF000000FF000000FF000000FF000000FF000000FF000000FF000000FF000000FF000000FF000000FF000000FF000000FF000000FF000000FF000000FF000000FF000000FF000000FF000000FF000000FF000000FF000000FF000000FF000000FF000000FF000000FF000000FF000000FF000000FF000000FF000000FF000000FF000000FF000000FF000000FF000000FF000000FF000000FF000000FF000000FF000000FF000000FF000000FF000000FF000000FF000000FF000000FF000000FF000000FF000000FF000000FF000000FF000000FF000000FF000000FF000000FF000000FF000000FF000000FF000000FF000000FF000000FF000000FF000000FF000000FF000000FF000000FF000000FF000000FF000000FF000000FF000000FF000000FF000000FF000000FF000000FF000000FF000000FF000000FF000000FF000000FF000000FF000000FF000000FF000000FF000000FF000000FF000000FF000000FF000000FF000000FF000000FF000000FF000000FF000000FF000000FF000000FF000000FF000000FF000000FF000000FF000000FF000000FF000000FF000000FF000000FF000000FF000000FF000000FF000000FF000000FF000000FF000000FF000000FF000000FF000000FF000000FF000000FF000000FF000000FF000000FF000000FF000000FF000000FF000000FF000000FF000000FF000000FF000000FF000000FF000000FF000000FF000000FF000000FF000000FF000000FF000000FF000000FF000000FF000000FF000000FF000000FF000000FF000000FF000000FF000000FF000000FF000000FF000000FF000000FF000000FF000000FF000000FF000000FF000000FF000000FF000000FF000000FF000000FF000000FF000000FF000000FF000000FF000000FF000000FF000000FF000000FF000000FF000000FF000000FF000000FF000000FF000000FF000000FF000000FF000000FF000000FF000000FF000000FF000000FF000000FF000000FF000000FF000000FF000000FF000000FF000000FF000000FF000000FF000000FF000000FF000000FF000000FF000000FF000000FF000000FF000000FF000000FF000000FF000000FF000000FF000000FF000000FF000000FF000000FF000000FF000000FF000000FF000000FF000000FF000000FF000000FF000000FF000000FF000000FF000000FF000000FF000000FF000000FF000000FF000000FF000000FF000000FF000000FF000000FF000000FF000000FF000000FF000000FF000000FF000000FF000000FF000000FF000000FF000000FF000000FF000000FF000000FF000000FF000000FF000000FF000000FF000000FF000000FF000000FF000000FF000000FF000000FF000000FF000000FF000000FF000000FF000000FF000000FF000000FF000000FF000000FF000000FF000000FF000000FF000000FF000000FF000000FF000000FF000000FF000000FF000000FF000000FF000000FF000000FF000000FF000000FF000000FF000000FF000000FF000000FF000000FF000000FF000000FF000000FF000000FF000000FF000000FF000000FF000000FF000000FF000000FF000000FF000000FF000000FF000000FF000000FF000000FF000000FF000000FF000000FF000000FF000000FF000000FF000000FF000000FF000000FF000000FF000000FF000000FF000000FF000000FF000000FF000000FF000000FF000000FF000000FF000000FF000000FF000000FF000000FF000000FF000000FF000000FF000000FF000000FF000000FF000000FF000000FF000000FF000000FF000000FF000000FF000000FF000000FF000000FF000000FF000000FF000000FF000000FF000000FF000000FF000000FF000000FF000000FF000000FF000000FF000000FF000000FF000000FF000000FF000000FF000000FF000000FF000000FF000000FF000000FF000000FF000000FF000000FF000000FF000000FF000000FF000000FF000000FF000000FF000000FF000000FF000000FF000000FF000000FF000000FF000000FF000000FF000000FF000000FF000000FF000000FF000000FF000000FF000000FF000000FF000000FF000000FF000000FF000000FF000000FF000000FF000000FF000000FF000000FF000000FF000000FF000000FF000000FF000000FF000000FF000000FF000000FF000000FF000000FF000000FF000000FF000000FF000000FF000000FF000000FF000000FF000000FF000000FF000000FF000000FF000000FF000000FF000000FF000000FF000000FF000000FF000000FF000000FF000000FF000000FF000000FF000000FF000000FF000000FF000000FF000000FF000000FF000000FF000000FF000000FF000000FF000000FF000000FF000000FF000000FF000000FF000000FF000000FF000000FF000000FF000000FF000000FF000000FF000000FF000000FF000000FF000000FF000000FF000000FF000000FF000000FF000000FF000000FF000000FF000000FF000000FF000000FF000000FF000000FF000000FF000000FF000000FF000000FF000000FF000000FF000000FF000000FF000000FF000000FF000000FF000000FF000000FF000000FF000000FF000000FF000000FF000000FF000000FF000000FF000000FF000000FF000000FF000000FF000000FF000000FF000000FF000000FF000000FF000000FF000000FF000000FF000000FF000000FF000000FF000000FF000000FF000000FF000000FF000000FF000000FF000000FF000000FF000000FF000000FF000000FF000000FF000000FF000000FF000000FF000000FF000000FF000000FF000000FF000000FF000000FF000000FF000000FF000000FF000000FF000000FF000000FF000000FF000000FF000000FF000000FF000000FF000000FF000000FF000000FF000000FF000000FF000000FF000000FF000000FF000000FF000000FF000000FF000000FF000000FF000000FF000000FF000000FF000000FF000000FF000000FF000000FF000000FF000000FF000000FF000000FF000000FF000000FF000000FF000000FF000000FF000000FF000000FF000000FF000000FF000000FF000000FF000000FF000000FF000000FF000000FF000000FF000000FF000000FF000000FF000000FF000000FF000000FF000000FF000000FF000000FF000000FF000000FF000000FF000000FF000000FF000000FF000000FF000000FF000000FF000000FF000000FF000000FF000000FF000000FF000000FF000000FF000000FF000000FF000000FF000000FF000000FF000000FF000000FF000000FF000000FF000000FF000000FF000000FF000000FF000000FF000000FF000000FF000000FF000000FF000000FF000000FF000000FF000000FF000000FF000000FF000000FF000000FF000000FF000000FF000000FF000000FF000000FF000000FF000000FF000000FF000000FF000000FF000000FF000000FF000000FF000000FF000000FF000000FF000000FF000000FF000000FF000000FF000000FF000000FF000000FF000000FF000000FF000000FF000000FF000000FF000000FF000000FF000000FF000000FF000000FF000000FF000000FF000000FF000000FF000000FF000000FF000000FF000000FF000000FF000000FF000000FF000000FF000000FF000000FF000000FF000000FF000000FF000000FF000000FF000000FF000000FF000000FF000000FF000000FF000000FF000000FF000000FF000000FF000000FF000000FF000000FF000000FF000000FF000000FF000000FF000000FF000000FF000000FF000000FF000000FF000000FF000000FF000000FF000000FF000000FF000000FF000000FF000000FF000000FF000000FF000000FF000000FF000000FF000000FF000000FF000000FF000000FF000000FF000000FF000000FF000000FF000000FF000000FF000000FF000000FF000000FF000000FF000000FF000000FF000000FF000000FF000000FF000000FF000000FF000000FF000000FF000000FF000000FF000000FF000000FF000000FF000000FF000000FF000000FF000000FF000000FF000000FF000000FF000000FF000000FF000000FF000000FF000000FF000000FF000000FF000000FF000000FF000000FF000000FF000000FF000000FF000000FF000000FF000000FF000000FF000000FF000000FF000000FF000000FF000000FF000000FF000000FF000000FF000000FF000000FF000000FF000000FF000000FF000000FF000000FF000000FF000000FF000000FF000000FF000000FF000000FF000000FF000000FF000000FF000000FF000000FF000000FF000000FF000000FF000000FF000000FF000000FF000000FF000000FF000000FF000000FF000000FF000000FF000000FF000000FF000000FF000000FF000000FF000000FF000000FF000000FF000000FF000000FF000000FF000000FF000000FF000000FF000000FF000000FF000000FF000000FF000000FF000000FF000000FF000000FF000000FF000000FF000000FF000000FF000000FF000000FF000000FF000000FF000000FF000000FF000000FF000000FF000000FF000000FF000000FF000000FF000000FF000000FF000000FF000000FF000000FF000000FF000000FF000000FF000000FF000000FF000000FF000000FF000000FF000000FF000000FF000000FF000000FF000000FF000000FF000000FF000000FF000000FF000000FF000000FF000000FF000000FF000000FF000000FF000000FF000000FF000000FF000000FF000000FF000000FF000000FF000000FF000000FF000000FF000000FF000000FF000000FF000000FF000000FF000000FF000000FF000000FF000000FF000000FF000000FF000000FF000000FF000000FF000000FF000000FF000000FF000000FF000000FF000000FF000000FF000000FF000000FF000000FF000000FF000000FF000000FF000000FF000000FF000000FF000000FF000000FF000000FF000000FF000000FF000000FF000000FF000000FF000000FF000000FF000000FF000000FF000000FF000000FF000000FF000000FF000000FF000000FF000000FF000000FF000000FF000000FF000000FF000000FF000000FF000000FF000000FF000000FF000000FF000000FF000000FF000000FF000000FF000000FF000000FF000000FF000000FF000000FF000000FF000000FF000000FF000000FF000000FF000000FF000000FF000000FF000000FF000000FF000000FF000000FF000000FF000000FF000000FF000000FF000000FF000000FF000000FF000000FF000000FF000000FF000000FF000000FF000000FF000000FF000000FF000000FF000000FF000000FF000000FF000000FF000000FF000000FF000000FF000000FF000000FF000000FF000000FF000000FF000000FF000000FF000000FF000000FF000000FF000000FF000000FF000000FF000000FF000000FF000000FF000000FF000000FF000000FF000000FF000000FF000000FF000000FF000000FF000000FF000000FF000000FF000000FF000000FF000000FF000000FF000000FF000000FF000000FF000000FF000000FF000000FF000000FF000000FF000000FF000000FF000000FF000000FF000000FF000000FF000000FF000000FF000000FF000000FF000000FF000000FF000000FF000000FF000000FF000000FF000000FF000000FF000000FF000000FF000000FF000000FF000000FF000000FF000000FF000000FF000000FF000000FF000000FF000000FF000000FF000000FF000000FF000000FF000000FF000000FF000000FF000000FF000000FF000000FF000000FF000000FF000000FF000000FF000000FF000000FF000000FF000000FF000000FF000000FF000000FF000000FF000000FF000000FF000000FF000000FF000000FF000000FF000000FF000000FF000000FF000000FF000000FF000000FF000000FF000000FF000000FF000000FF000000FF000000FF000000FF000000FF000000FF000000FF000000FF000000FF000000FF000000FF000000FF000000FF000000FF000000FF000000FF000000FF000000FF000000FF000000FF000000FF000000FF000000FF000000FF000000FF000000FF000000FF000000FF000000FF000000FF000000FF000000FF000000FF000000FF000000FF000000FF000000FF000000FF000000FF000000FF000000FF000000FF000000FF000000FF000000FF000000FF000000FF000000FF000000FF000000FF000000FF000000FF000000FF000000FF000000FF000000FF000000FF000000FF000000FF000000FF000000FF000000FF000000FF000000FF000000FF000000FF000000FF000000FF000000FF000000FF000000FF000000FF000000FF000000FF000000FF000000FF000000FF000000FF000000FF000000FF000000FF000000FF000000FF000000FF000000FF000000FF000000FF000000FF000000FF000000FF000000FF000000FF000000FF000000FF000000FF000000FF000000FF000000FF000000FF000000FF000000FF000000FF000000FF000000FF000000FF000000FF000000FF000000FF000000FF000000FF000000FF000000FF000000FF000000FF000000FF000000FF000000FF000000FF000000FF000000FF000000FF000000FF000000FF000000FF000000FF000000FF000000FF000000FF000000FF000000FF000000FF000000FF000000FF000000FF000000FF000000FF000000FF000000FF000000FF000000FF000000FF000000FF000000FF000000FF000000FF000000FF000000FF000000FF000000FF000000FF000000FF000000FF000000FF000000FF000000FF000000FF000000FF000000FF000000FF000000FF000000FF000000FF000000FF000000FF000000FF000000FF000000FF000000FF000000FF000000FF000000FF000000FF000000FF000000FF000000FF000000FF000000FF000000FF000000FF000000FF000000FF000000FF000000FF000000FF000000FF000000FF000000FF000000FF000000FF000000FF000000FF000000FF000000FF000000FF000000FF000000FF000000FF000000FF000000FF000000FF000000FF000000FF000000FF000000FF000000FF000000FF000000FF000000FF000000FF000000FF000000FF000000FF000000FF000000FF000000FF000000FF000000FF000000FF000000FF000000FF000000FF000000FF000000FF000000FF000000FF000000FF000000FF000000FF000000FF000000FF000000FF000000FF000000FF000000FF000000FF000000FF000000FF000000FF000000FF000000FF000000FF000000FF000000FF000000FF000000FF000000FF000000FF000000FF000000FF000000FF000000FF000000FF000000FF000000FF000000FF000000FF000000FF000000FF000000FF000000FF000000FF000000FF000000FF000000FF000000FF000000FF000000FF000000FF000000FF000000FF000000FF000000FF000000FF000000FF000000FF000000FF000000FF000000FF000000FF000000FF000000FF000000FF000000FF000000FF000000FF000000FF000000FF000000FF000000FF000000FF000000FF000000FF000000FF000000FF000000FF000000FF000000FF000000FF000000FF000000FF000000FF000000FF000000FF000000FF000000FF000000FF000000FF000000FF000000FF000000FF000000FF000000FF000000FF000000FF000000FF000000FF000000FF000000FF000000FF000000FF000000FF000000FF000000FF000000FF000000FF000000FF000000FF000000FF000000FF000000FF000000FF000000FF000000FF000000FF000000FF000000FF000000FF000000FF000000FF000000FF000000FF000000FF000000FF000000FF000000FF000000FF000000FF000000FF000000FF000000FF000000FF000000FF000000FF000000FF000000FF000000FF000000FF000000FF000000FF000000FF000000FF000000FF000000FF000000FF000000FF000000FF000000FF000000FF000000FF000000FF000000FF000000FF000000FF000000FF000000FF000000FF000000FF000000FF000000FF000000FF000000FF000000FF000000FF000000FF000000FF000000FF000000FF000000FF000000FF000000FF000000FF000000FF000000FF000000FF000000FF000000FF000000FF000000FF000000FF000000FF000000FF000000FF000000FF000000FF000000FF000000FF000000FF000000FF000000FF000000FF000000FF000000FF000000FF000000FF000000FF000000FF000000FF000000FF000000FF000000FF000000FF000000FF000000FF000000FF000000FF000000FF000000FF000000FF000000FF000000FF000000FF000000FF000000FF000000FF000000FF000000FF000000FF000000FF000000FF000000FF000000FF000000FF000000FF000000FF000000FF000000FF000000FF000000FF000000FF000000FF000000FF000000FF000000FF000000FF000000FF000000FF000000FF000000FF000000FF000000FF000000FF000000FF000000FF000000FF000000FF000000FF000000FF000000FF000000FF000000FF000000FF000000FF000000FF000000FF000000FF000000FF000000FF000000FF000000FF000000FF000000FF000000FF000000FF000000FF000000FF000000FF000000FF000000FF000000FF000000FF000000FF000000FF000000FF000000FF000000FF000000FF000000FF000000FF000000FF000000FF000000FF000000FF000000FF000000FF000000FF000000FF000000FF000000FF000000FF000000FF000000FF000000FF000000FF000000FF000000FF000000FF000000FF000000FF000000FF000000FF000000FF000000FF000000FF000000FF000000FF000000FF000000FF000000FF000000FF000000FF000000FF000000FF000000FF000000FF000000FF000000FF000000FF000000FF000000FF000000FF000000FF000000FF000000FF000000FF000000FF000000FF000000FF000000FF000000FF000000FF000000FF000000FF000000FF000000FF000000FF000000FF000000FF000000FF000000FF000000FF000000FF000000FF000000FF000000FF000000FF000000FF000000FF000000FF000000FF000000FF000000FF000000FF000000FF000000FF000000FF000000FF000000FF000000FF000000FF000000FF000000FF000000FF000000FF000000FF000000FF000000FF000000FF000000FF000000FF000000FF000000FF000000FF000000FF000000FF000000FF000000FF000000FF000000FF000000FF000000FF000000FF000000FF000000FF000000FF000000FF000000FF000000FF000000FF000000FF000000FF000000FF000000FF000000FF000000FF000000FF000000FF000000FF000000FF000000FF000000FF000000FF000000FF000000FF000000FF000000FF000000FF000000FF000000FF000000FF000000FF000000FF000000FF000000FF000000FF000000FF000000FF000000FF000000FF000000FF000000FF000000FF000000FF000000FF000000FF000000FF000000FF000000FF000000FF000000FF000000FF000000FF000000FF000000FF000000FF000000FF000000FF000000FF000000FF000000FF000000FF000000FF000000FF000000FF000000FF000000FF000000FF000000FF000000FF000000FF000000FF000000FF000000FF000000FF000000FF000000FF000000FF000000FF000000FF000000FF000000FF000000FF000000FF000000FF000000FF000000FF000000FF000000FF000000FF000000FF000000FF000000FF000000FF000000FF000000FF000000FF000000FF000000FF000000FF000000FF000000FF000000FF000000FF000000FF000000FF000000FF000000FF000000FF000000FF000000FF000000FF000000FF000000FF000000FF000000FF000000FF000000FF000000FF000000FF000000FF000000FF000000FF000000FF000000FF000000FF000000FF000000FF000000FF000000FF000000FF000000FF000000FF000000FF000000FF000000FF000000FF000000FF000000FF000000FF000000FF000000FF000000FF000000FF000000FF000000FF000000FF000000FF000000FF000000FF000000FF000000FF000000FF000000FF000000FF000000FF000000FF000000FF000000FF000000FF000000FF000000FF000000FF000000FF000000FF000000FF000000FF000000FF000000FF000000FF000000FF000000FF000000FF000000FF000000FF000000FF000000FF000000FF000000FF000000FF000000FF000000FF000000FF000000FF000000FF000000FF000000FF000000FF000000FF000000FF000000FF000000FF000000FF000000FF000000FF000000FF000000FF000000FF000000FF000000FF000000FF000000FF000000FF000000FF000000FF000000FF000000FF000000FF000000FF000000FF000000FF000000FF000000FF000000FF000000FF000000FF000000FF000000FF000000FF000000FF000000FF000000FF000000FF000000FF000000FF000000FF000000FF000000FF000000FF000000FF000000FF000000FF000000FF000000FF000000FF000000FF000000FF000000FF000000FF000000FF000000FF000000FF000000FF000000FF000000FF000000FF000000FF000000FF000000FF000000FF000000FF000000FF000000FF000000FF000000FF000000FF000000FF000000FF000000FF000000FF000000FF000000FF000000FF000000FF000000FF000000FF000000FF000000FF000000FF000000FF000000FF000000FF000000FF000000FF000000FF000000FF000000FF000000FF000000FF000000FF000000FF000000FF000000FF000000FF000000FF000000FF000000FF000000FF000000FF000000FF000000FF000000FF000000FF000000FF000000FF000000FF000000FF000000FF000000FF000000FF000000FF000000FF000000FF000000FF000000FF000000FF000000FF000000FF000000FF000000FF000000FF000000FF000000FF000000FF000000FF000000FF000000FF000000FF000000FF000000FF000000FF000000FF000000FF000000FF000000FF000000FF000000FF000000FF000000FF000000FF000000FF000000FF000000FF000000FF000000FF000000FF000000FF000000FF000000FF000000FF000000FF000000FF000000FF000000FF000000FF000000FF000000FF000000FF000000FF000000FF000000FF000000FF000000FF000000FF000000FF000000FF000000FF000000FF000000FF000000FF000000FF000000FF000000FF000000FF000000FF000000FF000000FF000000FF000000FF000000FF000000FF000000FF000000FF000000FF000000FF000000FF000000FF000000FF000000FF000000FF000000FF000000FF000000FF000000FF000000FF000000FF000000FF000000FF000000FF000000FF000000FF000000FF000000FF000000FF000000FF000000FF000000FF000000FF000000FF000000FF000000FF000000FF000000FF000000FF000000FF000000FF000000FF000000FF000000FF000000FF000000FF000000FF000000FF000000FF000000FF000000FF000000FF000000FF000000FF000000FF000000FF000000FF000000FF000000FF000000FF000000FF000000FF000000FF000000FF000000FF000000FF000000FF000000FF000000FF000000FF000000FF000000FF000000FF000000FF000000FF000000FF000000FF000000FF000000FF000000FF000000FF000000FF000000FF000000FF000000FF000000FF000000FF000000FF000000FF000000FF000000FF000000FF000000FF000000FF000000FF000000FF000000FF000000FF000000FF000000FF000000FF000000FF000000FF000000FF000000FF000000FF000000FF000000FF000000FF000000FF000000FF000000FF000000FF000000FF000000FF000000FF000000FF000000FF000000FF000000FF000000FF000000FF000000FF000000FF000000FF000000FF000000FF000000FF000000FF000000FF000000FF000000FF000000FF000000FF000000FF000000FF000000FF000000FF000000FF000000FF000000FF000000FF000000FF000000FF000000FF000000FF000000FF000000FF000000FF000000FF000000FF000000FF000000FF000000FF000000FF000000FF000000FF000000FF000000FF000000FF000000FF000000FF000000FF000000FF000000FF000000FF000000FF000000FF000000FF000000FF000000FF000000FF000000FF000000FF000000FF000000FF000000FF000000FF000000FF000000FF000000FF000000FF000000FF000000FF000000FF000000FF000000FF000000FF000000FF000000FF000000FF000000FF000000FF000000FF000000FF000000FF000000FF000000FF000000FF000000FF000000FF000000FF000000FF000000FF000000FF000000FF000000FF000000FF000000FF000000FF000000FF000000FF000000FF000000FF000000FF000000FF000000FF000000FF000000FF000000FF000000FF000000FF000000FF000000FF000000FF000000FF000000FF000000FF000000FF000000FF000000FF000000FF000000FF000000FF000000FF000000FF000000FF000000FF000000FF000000FF000000FF000000FF000000FF000000FF000000FF000000FF000000FF000000FF000000FF000000FF000000FF000000FF000000FF000000FF000000FF000000FF000000FF000000FF000000FF000000FF000000FF000000FF000000FF000000FF000000FF000000FF000000FF000000FF000000FF000000FF000000FF000000FF000000FF000000FF000000FF000000FF000000FF000000FF000000FF000000FF000000FF000000FF000000FF000000FF000000FF000000FF000000FF000000FF000000FF000000FF000000FF000000FF000000FF000000FF000000FF000000FF000000FF000000FF000000FF000000FF000000FF000000FF000000FF000000FF000000FF000000FF000000FF000000FF000000FF000000FF000000FF000000FF000000FF000000FF000000FF000000FF000000FF000000FF000000FF000000FF000000FF000000FF000000FF000000FF000000FF000000FF000000FF000000FF000000FF000000FF000000FF000000FF000000FF000000FF000000FF000000FF000000FF000000FF000000FF000000FF000000FF000000FF000000FF000000FF000000FF000000FF000000FF000000FF000000FF000000FF000000FF000000FF000000FF000000FF000000FF000000FF000000FF000000FF000000FF000000FF000000FF000000FF000000FF000000FF000000FF000000FF000000FF000000FF000000FF000000FF000000FF000000FF000000FF000000FF000000FF000000FF000000FF000000FF000000FF000000FF000000FF000000FF000000FF000000FF000000FF000000FF000000FF000000FF000000FF000000FF000000FF000000FF000000FF000000FF000000FF000000FF000000FF000000FF000000FF000000FF000000FF000000FF000000FF000000FF000000FF000000FF000000FF000000FF000000FF000000FF000000FF000000FF000000FF000000FF000000FF000000FF000000FF000000FF000000FF000000FF000000FF000000FF000000FF000000FF000000FF000000FF000000FF000000FF000000FF000000FF000000FF000000FF000000FF000000FF000000FF000000FF000000FF000000FF000000FF000000FF000000FF000000FF000000FF000000FF000000FF000000FF000000FF000000FF000000FF000000FF000000FF000000FF000000FF000000FF000000FF000000FF000000FF000000FF000000FF000000FF000000FF000000FF000000FF000000FF000000FF000000FF000000FF000000FF000000FF000000FF000000FF000000FF000000FF000000FF000000FF000000FF000000FF000000FF000000FF000000FF000000FF000000FF000000FF000000FF000000FF000000FF000000FF000000FF000000FF000000FF000000FF000000FF000000FF000000FF000000FF000000FF000000FF000000FF000000FF000000FF000000FF000000FF000000FF000000FF000000FF000000FF000000FF000000FF000000FF000000FF000000FF000000FF000000FF000000FF000000FF000000FF000000FF000000FF000000FF000000FF000000FF000000FF000000FF000000FF000000FF000000FF000000FF000000FF000000FF000000FF000000FF000000FF000000FF000000FF000000FF000000FF000000FF000000FF000000FF000000FF000000FF000000FF000000FF000000FF000000FF000000FF000000FF000000FF000000FF000000FF000000FF000000FF000000FF000000FF000000FF000000FF000000FF000000FF000000FF000000FF000000FF000000FF000000FF000000FF000000FF000000FF000000FF000000FF000000FF000000FF000000FF000000FF000000FF000000FF000000FF000000FF000000FF000000FF000000FF000000FF000000FF000000FF000000FF000000FF000000FF000000FF000000FF000000FF000000FF000000FF000000FF000000FF000000FF000000FF000000FF000000FF000000FF000000FF000000FF000000FF000000FF000000FF000000FF000000FF000000FF000000FF000000FF000000FF000000FF000000FF000000FF000000FF000000FF000000FF000000FF000000FF000000FF000000FF000000FF000000FF000000FF000000FF000000FF000000FF000000FF000000FF000000FF000000FF000000FF000000FF000000FF000000FF000000FF000000FF000000FF000000FF000000FF000000FF000000FF000000FF000000FF000000FF000000FF000000FF000000FF000000FF000000FF000000FF000000FF000000FF000000FF000000FF000000FF000000FF000000FF000000FF000000FF000000FF000000FF000000FF000000FF000000FF000000FF000000FF000000FF000000FF000000FF000000FF000000FF000000FF000000FF000000FF000000FF000000FF000000FF000000FF000000FF000000FF000000FF000000FF000000FF000000FF000000FF000000FF000000FF000000FF000000FF000000FF000000FF000000FF000000FF000000FF000000FF000000FF000000FF000000FF000000FF000000FF000000FF000000FF000000FF000000FF000000FF000000FF000000FF000000FF000000FF000000FF000000FF000000FF000000FF000000FF000000FF000000FF000000FF000000FF000000FF000000FF000000FF000000FF000000FF000000FF000000FF000000FF000000FF000000FF000000FF000000FF000000FF000000FF000000FF000000FF000000FF000000FF000000FF000000FF000000FF000000FF000000FF000000FF000000FF000000FF000000FF000000FF000000FF000000FF000000FF000000FF000000FF000000FF000000FF000000FF000000FF000000FF000000FF000000FF000000FF000000FF000000FF000000FF000000FF000000FF000000FF000000FF000000FF000000FF000000FF000000FF000000FF000000FF000000FF000000FF000000FF000000FF000000FF000000FF000000FF000000FF000000FF000000FF000000FF000000FF000000FF000000FF000000FF000000FF000000FF000000FF000000FF000000FF000000FF000000FF000000FF000000FF000000FF000000FF000000FF000000FF000000FF000000FF000000FF000000FF000000FF000000FF000000FF000000FF000000FF000000FF000000FF000000FF000000FF000000FF000000FF000000FF000000FF000000FF000000FF000000FF000000FF000000FF000000FF000000FF000000FF000000FF000000FF000000FF000000FF000000FF000000FF000000FF000000FF000000FF000000FF000000FF000000FF000000FF000000FF000000FF000000FF000000FF000000FF000000FF000000FF000000FF000000FF000000FF000000FF000000FF000000FF000000FF000000FF000000FF000000FF000000FF000000FF000000FF000000FF000000FF000000FF000000FF000000FF000000FF000000FF000000FF000000FF000000FF000000FF000000FF000000FF000000FF000000FF000000FF000000FF000000FF000000FF000000FF000000FF000000FF000000FF000000FF000000FF000000FF000000FF000000FF000000FF000000FF000000FF000000FF000000FF000000FF000000FF000000FF000000FF000000FF000000FF000000FF000000FF000000FF000000FF000000FF000000FF000000FF000000FF000000FF000000FF000000FF000000FF000000FF000000FF000000FF000000FF000000FF000000FF000000FF000000FF000000FF000000FF000000FF000000FF000000FF000000FF000000FF000000FF000000FF000000FF000000FF000000FF000000FF000000FF000000FF000000FF000000FF000000FF000000FF000000FF000000FF000000FF000000FF000000FF000000FF000000FF000000FF000000FF000000FF000000FF000000FF000000FF000000FF000000FF000000FF000000FF000000FF000000FF000000FF000000FF000000FF000000FF000000FF000000FF000000FF000000FF000000FF000000FF000000FF000000FF000000FF000000FF000000FF000000FF000000FF000000FF000000FF000000FF000000FF000000FF000000FF000000FF000000FF000000FF000000FF000000FF000000FF000000FF000000FF000000FF000000FF000000FF000000FF000000FF000000FF000000FF000000FF000000FF000000FF000000FF000000FF000000FF000000FF000000FF000000FF000000FF000000FF000000FF000000FF000000FF000000FF000000FF000000FF000000FF000000FF000000FF000000FF000000FF000000FF000000FF000000FF000000FF000000FF000000FF000000FF000000FF000000FF000000FF000000FF000000FF000000FF000000FF000000FF000000FF000000FF000000FF000000FF000000FF000000FF000000FF000000FF000000FF000000FF000000FF000000FF000000FF000000FF000000FF000000FF000000FF000000FF000000FF000000FF000000FF000000FF000000FF000000FF000000FF000000FF000000FF000000FF000000FF000000FF000000FF000000FF000000FF000000FF000000FF000000FF000000FF000000FF000000FF000000FF000000FF000000FF000000FF000000FF000000FF000000FF000000FF000000FF000000FF000000FF000000FF000000FF000000FF000000FF000000FF000000FF000000FF000000FF000000FF000000FF000000FF000000FF000000FF000000FF000000FF000000FF000000FF000000FF000000FF000000FF000000FF000000FF000000FF000000FF000000FF000000FF000000FF000000FF000000FF000000FF000000FF000000FF000000FF000000FF000000FF000000FF000000FF000000FF000000FF000000FF000000FF000000FF000000FF000000FF000000FF000000FF000000FF000000FF000000FF000000FF000000FF000000FF000000FF000000FF000000FF000000FF000000FF000000FF000000FF000000FF000000FF000000FF000000FF000000FF000000FF000000FF000000FF000000FF000000FF000000FF000000FF000000FF000000FF000000FF000000FF000000FF000000FF000000FF000000FF000000FF000000FF000000FF000000FF000000FF000000FF000000FF000000FF000000FF000000FF000000FF000000FF000000FF000000FF000000FF000000FF000000FF000000FF000000FF000000FF000000FF000000FF000000FF000000FF000000FF000000FF000000FF000000FF000000FF000000FF000000FF000000FF000000FF000000FF000000FF000000FF000000FF000000FF000000FF000000FF000000FF000000FF000000FF000000FF000000FF000000FF000000FF000000FF000000FF000000FF000000FF000000FF000000FF000000FF000000FF000000FF000000FF000000FF000000FF000000FF000000FF000000FF000000FF000000FF000000FF000000FF000000FF000000FF000000FF000000FF000000FF000000FF000000FF000000FF000000FF000000FF000000FF000000FF000000FF000000FF000000FF000000FF000000FF000000FF000000FF000000FF000000FF000000FF000000FF000000FF000000FF000000FF000000FF000000FF000000FF000000FF000000FF000000FF000000FF000000FF000000FF000000FF000000FF000000FF000000FF000000FF000000FF000000FF000000FF000000FF000000FF000000FF000000FF000000FF000000FF000000FF000000FF000000FF000000FF000000FF000000FF000000FF000000FF000000FF000000FF000000FF000000FF000000FF000000FF000000FF000000FF000000FF000000FF000000FF000000FF000000FF000000FF000000FF000000FF000000FF000000FF000000FF000000FF000000FF000000FF000000FF000000FF000000FF000000FF000000FF000000FF000000FF000000FF000000FF000000FF000000FF000000FF000000FF000000FF000000FF000000FF000000FF000000FF000000FF000000FF000000FF000000FF000000FF000000FF000000FF000000FF000000FF000000FF000000FF000000FF000000FF000000FF000000FF000000FF000000FF000000FF000000FF000000FF000000FF000000FF000000FF000000FF000000FF000000FF000000FF000000FF000000FF000000FF000000FF000000FF000000FF000000FF000000FF000000FF000000FF000000FF000000FF000000FF000000FF000000FF000000FF000000FF000000FF000000FF000000FF000000FF000000FF000000FF000000FF000000FF000000FF000000FF000000FF000000FF000000FF000000FF000000FF000000FF000000FF000000FF000000FF000000FF000000FF000000FF000000FF000000FF000000FF000000FF000000FF000000FF000000FF000000FF000000FF000000FF000000FF000000FF000000FF000000FF000000FF000000FF000000FF000000FF000000FF000000FF000000FF000000FF000000FF000000FF000000FF000000FF000000FF000000FF000000FF000000FF000000FF000000FF000000FF000000FF000000FF000000FF000000FF000000FF000000FF000000FF000000FF000000FF000000FF000000FF000000FF000000FF000000FF000000FF000000FF000000FF000000FF000000FF000000FF000000FF000000FF000000FF000000FF000000FF000000FF000000FF000000FF000000FF000000FF000000FF000000FF000000FF000000FF000000FF000000FF000000FF000000FF000000FF000000FF000000FF000000FF000000FF000000FF000000FF000000FF000000FF000000FF000000FF000000FF000000FF000000FF000000FF000000FF000000FF000000FF000000FF000000FF000000FF000000FF000000FF000000FF000000FF000000FF000000FF000000FF000000FF000000FF000000FF000000FF000000FF000000FF000000FF000000FF000000FF000000FF000000FF000000FF000000FF000000FF000000FF000000FF000000FF000000FF000000FF000000FF000000FF000000FF000000FF000000FF000000FF000000FF000000FF000000FF000000FF000000FF000000FF000000FF000000FF000000FF000000FF000000FF000000FF000000FF000000FF000000FF000000FF000000FF000000FF000000FF000000FF000000FF000000FF000000FF000000FF000000FF000000FF000000FF000000FF000000FF000000FF000000FF000000FF000000FF000000FF000000FF000000FF000000FF000000FF000000FF000000FF000000FF000000FF000000FF000000FF000000FF000000FF000000FF000000FF000000FF000000FF000000FF000000FF000000FF000000FF000000FF000000FF000000FF000000FF000000FF000000FF000000FF000000FF000000FF000000FF000000FF000000FF000000FF000000FF000000FF000000FF000000FF000000FF000000FF000000FF000000FF000000FF000000FF000000FF000000FF000000FF000000FF000000FF000000FF000000FF000000FF000000FF000000FF000000FF000000FF000000FF000000FF000000FF000000FF000000FF000000FF000000FF000000FF000000FF000000FF000000FF000000FF000000FF000000FF000000FF000000FF000000FF000000FF000000FF000000FF000000FF000000FF000000FF000000FF000000FF000000FF000000FF000000FF000000FF000000FF000000FF000000FF000000FF000000FF000000FF000000FF000000FF000000FF000000FF000000FF000000FF000000FF000000FF000000FF000000FF000000FF000000FF000000FF000000FF000000FF000000FF000000FF000000FF000000FF000000FF000000FF000000FF000000FF000000FF000000FF000000FF000000FF000000FF000000FF000000FF000000FF000000FF000000FF000000FF000000FF000000FF000000FF000000FF000000FF000000FF000000FF000000FF000000FF000000FF000000FF000000FF000000FF000000FF000000FF000000FF000000FF000000FF000000FF000000FF000000FF000000FF000000FF000000FF000000FF000000FF000000FF000000FF000000FF000000FF000000FF000000FF000000FF000000FF000000FF000000FF000000FF000000FF000000FF000000FF000000FF000000FF000000FF000000FF000000FF000000FF000000FF000000FF000000FF000000FF000000FF000000FF000000FF000000FF000000FF000000FF000000FF000000FF000000FF000000FF000000FF000000FF000000FF000000FF000000FF000000FF000000FF000000FF000000FF000000FF000000FF000000FF000000FF000000FF000000FF000000FF000000FF000000FF000000FF000000FF000000FF000000FF000000FF000000FF000000FF000000FF000000FF000000FF000000FF000000FF000000FF000000FF000000FF000000FF000000FF000000FF000000FF000000FF000000FF000000FF000000FF000000FF000000FF000000FF000000FF000000FF000000FF000000FF000000FF000000FF000000FF000000FF000000FF000000FF000000FF000000FF000000FF000000FF000000FF000000FF000000FF000000FF000000FF000000FF000000FF000000FF000000FF000000FF000000FF000000FF000000FF000000FF000000FF000000FF000000FF000000FF000000FF000000FF000000FF000000FF000000FF000000FF000000FF000000FF000000FF000000FF000000FF000000FF000000FF000000FF000000FF000000FF000000FF000000FF000000FF000000FF000000FF000000FF000000FF000000FF000000FF000000FF000000FF000000FF000000FF000000FF000000FF000000FF000000FF000000FF000000FF000000FF000000FF000000FF000000FF000000FF000000FF000000FF000000FF000000FF000000FF000000FF000000FF000000FF000000FF000000FF000000FF000000FF000000FF000000FF000000FF000000FF000000FF000000FF000000FF000000FF000000FF000000FF000000FF000000FF000000FF000000FF000000FF000000FF000000FF000000FF000000FF000000FF000000FF000000FF000000FF000000FF000000FF000000FF000000FF000000FF000000FF000000FF000000FF000000FF000000FF000000FF000000FF000000FF000000FF000000FF000000FF000000FF000000FF000000FF000000FF000000FF000000FF000000FF000000FF000000FF000000FF000000FF000000FF000000FF000000FF000000FF000000FF000000FF000000FF000000FF000000FF000000FF000000FF000000FF000000FF000000FF000000FF000000FF000000FF000000FF000000FF000000FF000000FF000000FF000000FF000000FF000000FF000000FF000000FF000000FF000000FF000000FF000000FF000000FF000000FF000000FF000000FF000000FF000000FF000000FF000000FF000000FF000000FF000000FF000000FF000000FF000000FF000000FF000000FF000000FF000000FF000000FF000000FF000000FF000000FF000000FF000000FF000000FF000000FF000000FF000000FF000000FF000000FF000000FF000000FF000000FF000000FF000000FF000000FF000000FF000000FF000000FF000000FF000000FF000000FF000000FF000000FF000000FF000000FF000000FF000000FF000000FF000000FF000000FF000000FF000000FF000000FF000000FF000000FF000000FF000000FF000000FF000000FF000000FF000000FF000000FF000000FF000000FF000000FF000000FF000000FF000000FF000000FF000000FF000000FF000000FF000000FF000000FF000000FF000000FF000000FF000000FF000000FF000000FF000000FF000000FF000000FF000000FF000000FF000000FF000000FF000000FF000000FF000000FF000000FF000000FF000000FF000000FF000000FF000000FF000000FF000000FF000000FF000000FF000000FF000000FF000000FF000000FF000000FF000000FF000000FF000000FF000000FF000000FF000000FF000000FF000000FF000000FF000000FF000000FF000000FF000000FF000000FF000000FF000000FF000000FF000000FF000000FF000000FF000000FF000000FF000000FF000000FF000000FF000000FF000000FF000000FF000000FF000000FF000000FF000000FF000000FF000000FF000000FF000000FF000000FF000000FF000000FF000000FF000000FF000000FF000000FF000000FF000000FF000000FF000000FF000000FF000000FF000000FF000000FF000000FF000000FF000000FF000000FF000000FF000000FF000000FF000000FF000000FF000000FF000000FF000000FF000000FF000000FF000000FF000000FF000000FF000000FF000000FF000000FF000000FF000000FF000000FF000000FF000000FF000000FF000000FF000000FF000000FF000000FF000000FF000000FF000000FF000000FF000000FF000000FF000000FF000000FF000000FF000000FF000000FF000000FF000000FF000000FF000000FF000000FF000000FF000000FF000000FF000000FF000000FF000000FF000000FF000000FF000000FF000000FF000000FF000000FF000000FF000000FF000000FF000000FF000000FF000000FF000000FF000000FF000000FF000000FF000000FF000000FF000000FF000000FF000000FF000000FF000000FF000000FF000000FF000000FF000000FF000000FF000000FF000000FF000000FF000000FF000000FF000000FF000000FF000000FF000000FF000000FF000000FF000000FF000000FF000000FF000000FF000000FF000000FF000000FF000000FF000000FF000000FF000000FF000000FF000000FF000000FF000000FF000000FF000000FF000000FF000000FF000000FF000000FF000000FF000000FF000000FF000000FF000000FF000000FF000000FF000000FF000000FF000000FF000000FF000000FF000000FF000000FF000000FF000000FF000000FF000000FF000000FF000000FF000000FF000000FF000000FF000000FF000000FF000000FF000000FF000000FF000000FF000000FF000000FF000000FF000000FF000000FF000000FF000000FF000000FF000000FF000000FF000000FF000000FF000000FF000000FF000000FF000000FF000000FF000000FF000000FF000000FF000000FF000000FF000000FF000000FF000000FF000000FF000000FF000000FF000000FF000000FF000000FF000000FF000000FF000000FF000000FF000000FF000000FF000000FF000000FF000000FF000000FF000000FF000000FF000000FF000000FF000000FF000000FF000000FF000000FF000000FF000000FF000000FF000000FF000000FF000000FF000000FF000000FF000000FF000000FF000000FF000000FF000000FF000000FF000000FF000000FF000000FF000000FF000000FF000000FF000000FF000000FF000000FF000000FF000000FF000000FF000000FF000000FF000000FF000000FF000000FF000000FF000000FF000000FF000000FF000000FF000000FF000000FF000000FF000000FF000000FF000000FF000000FF000000FF000000FF000000FF000000FF000000FF000000FF000000FF000000FF000000FF000000FF000000FF000000FF000000FF000000FF000000FF000000FF000000FF000000FF000000FF000000FF000000FF000000FF000000FF000000FF000000FF000000FF000000FF000000FF000000FF000000FF000000FF000000FF000000FF000000FF000000FF000000FF000000FF000000FF000000FF000000FF000000FF000000FF000000FF000000FF000000FF000000FF000000FF000000FF000000FF000000FF000000FF000000FF000000FF000000FF000000FF000000FF000000FF000000FF000000FF000000FF000000FF000000FF000000FF000000FF000000FF000000FF000000FF000000FF000000FF000000FF000000FF000000FF000000FF000000FF000000FF000000FF000000FF000000FF000000FF000000FF000000FF000000FF000000FF000000FF000000FF000000FF000000FF000000FF000000FF000000FF000000FF000000FF000000FF000000FF000000FF000000FF000000FF000000FF000000FF000000FF000000FF000000FF000000FF000000FF000000FF000000FF000000FF000000FF000000FF000000FF000000FF000000FF000000FF000000FF000000FF000000FF000000FF000000FF000000FF000000FF000000FF000000FF000000FF000000FF000000FF000000FF000000FF000000FF000000FF000000FF000000FF000000FF000000FF000000FF000000FF000000FF000000FF000000FF000000FF000000FF000000FF000000FF000000FF000000FF000000FF000000FF000000FF000000FF000000FF000000FF000000FF000000FF000000FF000000FF000000FF000000FF000000FF000000FF000000FF000000FF000000FF000000FF000000FF000000FF000000FF000000FF000000FF000000FF000000FF000000FF000000FF000000FF000000FF000000FF000000FF000000FF000000FF000000FF000000FF000000FF000000FF000000FF000000FF000000FF000000FF000000FF000000FF000000FF000000FF000000FF000000FF000000FF000000FF000000FF000000FF000000FF000000FF000000FF000000FF000000FF000000FF000000FF000000FF000000FF000000FF000000FF000000FF000000FF000000FF000000FF000000FF000000FF000000FF000000FF000000FF000000FF000000FF000000FF000000FF000000FF000000FF000000FF000000FF000000FF000000FF000000FF000000FF000000FF000000FF000000FF000000FF000000FF000000FF000000FF000000FF000000FF000000FF000000FF000000FF000000FF000000FF000000FF000000FF000000FF000000FF000000FF000000FF000000FF000000FF000000FF000000FF000000FF000000FF000000FF000000FF000000FF000000FF000000FF000000FF000000FF000000FF000000FF000000FF000000FF000000FF000000FF000000FF000000FF000000FF000000FF000000FF000000FF000000FF000000FF000000FF000000FF000000FF000000FF000000FF000000FF000000FF000000FF000000FF000000FF000000FF000000FF000000FF000000FF000000FF000000FF000000FF000000FF000000FF000000FF000000FF000000FF000000FF000000FF000000FF000000FF000000FF000000FF000000FF000000FF000000FF000000FF000000FF000000FF000000FF000000FF000000FF000000FF000000FF000000FF000000FF000000FF000000FF000000FF000000FF000000FF000000FF000000FF000000FF000000FF000000FF000000FF000000FF000000FF000000FF000000FF000000FF000000FF000000FF000000FF000000FF000000FF000000FF000000FF000000FF000000FF000000FF000000FF000000FF000000FF000000FF000000FF000000FF000000FF000000FF000000FF000000FF000000FF000000FF000000FF000000FF000000FF000000FF000000FF000000FF000000FF000000FF000000FF000000FF000000FF000000FF000000FF000000FF000000FF000000FF000000FF000000FF000000FF000000FF000000FF000000FF000000FF000000FF000000FF000000FF000000FF000000FF000000FF000000FF000000FF000000FF000000FF000000FF000000FF000000FF000000FF000000FF000000FF000000FF000000FF000000FF000000FF000000FF000000FF000000FF000000FF000000FF000000FF000000FF000000FF000000FF000000FF000000FF000000FF000000FF000000FF000000FF000000FF000000FF000000FF000000FF000000FF000000FF000000FF000000FF000000FF000000FF000000FF000000FF000000FF000000FF000000FF000000FF000000FF000000FF000000FF000000FF000000FF000000FF000000FF000000FF000000FF000000FF000000FF000000FF000000FF000000FF000000FF000000FF000000FF000000FF000000FF000000FF000000FF000000FF000000FF000000FF000000FF000000FF000000FF000000FF000000FF000000FF000000FF000000FF000000FF000000FF000000FF000000FF000000FF000000FF000000FF000000FF000000FF000000FF000000FF000000FF000000FF000000FF000000FF000000FF000000FF000000FF000000FF000000FF000000FF000000FF000000FF000000FF000000FF000000FF000000FF000000FF000000FF000000FF000000FF000000FF000000FF000000FF000000FF000000FF000000FF000000FF000000FF000000FF000000FF000000FF000000FF000000FF000000FF000000FF000000FF000000FF000000FF000000FF000000FF000000FF000000FF000000FF000000FF000000FF000000FF000000FF000000FF000000FF000000FF000000FF000000FF000000FF000000FF000000FF000000FF000000FF000000FF000000FF000000FF000000FF000000FF000000FF000000FF000000FF000000FF000000FF000000FF000000FF000000FF000000FF000000FF000000FF000000FF000000FF000000FF000000FF000000FF000000FF000000FF000000FF000000FF000000FF000000FF000000FF000000FF000000FF000000FF000000FF000000FF000000FF000000FF000000FF000000FF000000FF000000FF000000FF000000FF000000FF000000FF000000FF000000FF000000FF000000FF000000FF000000FF000000FF000000FF000000FF000000FF000000FF000000FF000000FF000000FF000000FF000000FF000000FF000000FF000000FF000000FF000000FF000000FF000000FF000000FF000000FF000000FF000000FF000000FF000000FF000000FF000000FF000000FF000000FF000000FF000000FF000000FF000000FF000000FF000000FF000000FF000000FF000000FF000000FF000000FF000000FF000000FF000000FF000000FF000000FF000000FF000000FF000000FF000000FF000000FF000000FF000000FF000000FF000000FF000000FF000000FF000000FF000000FF000000FF000000FF000000FF000000FF000000FF000000FF000000FF000000FF000000FF000000FF000000FF000000FF000000FF000000FF000000FF000000FF000000FF000000FF000000FF000000FF000000FF000000FF000000FF000000FF000000FF000000FF000000FF000000FF000000FF000000FF000000FF000000FF000000FF000000FF000000FF000000FF000000FF000000FF000000FF000000FF000000FF000000FF000000FF000000FF000000FF000000FF000000FF000000FF000000FF000000FF000000FF000000FF000000FF000000FF000000FF000000FF000000FF000000FF000000FF000000FF000000FF000000FF000000FF000000FF000000FF000000FF000000FF000000FF000000FF000000FF000000FF000000FF000000FF000000FF000000FF000000FF000000FF000000FF000000FF000000FF000000FF000000FF000000FF000000FF000000FF000000FF000000FF000000FF000000FF000000FF000000FF000000FF000000FF000000FF000000FF000000FF000000FF000000FF000000FF000000FF000000FF000000FF000000FF000000FF000000FF000000FF000000FF000000FF000000FF000000FF000000FF000000FF000000FF000000FF000000FF000000FF000000FF000000FF000000FF000000FF000000FF000000FF000000FF000000FF000000FF000000FF000000FF000000FF000000FF000000FF000000FF000000FF000000FF000000FF000000FF000000FF000000FF000000FF000000FF000000FF000000FF000000FF000000FF000000FF000000FF000000FF000000FF000000FF000000FF000000FF000000FF000000FF000000FF000000FF000000FF000000FF000000FF000000FF000000FF000000FF000000FF000000FF000000FF000000FF000000FF000000FF000000FF000000FF000000FF000000FF000000FF000000FF000000FF000000FF000000FF000000FF000000FF000000FF000000FF000000FF000000FF000000FF000000FF000000FF000000FF000000FF000000FF000000FF000000FF000000FF000000FF000000FF000000FF000000FF000000FF000000FF000000FF000000FF000000FF000000FF000000FF000000FF000000FF000000FF000000FF000000FF000000FF000000FF000000FF000000FF000000FF000000FF000000FF000000FF000000FF000000FF000000FF000000FF000000FF000000FF000000FF000000FF000000FF000000FF000000FF000000FF000000FF000000FF000000FF000000FF000000FF000000FF000000FF000000FF000000FF000000FF000000FF000000FF000000FF000000FF000000FF000000FF000000FF000000FF000000FF000000FF000000FF000000FF000000FF000000FF000000FF000000FF000000FF000000FF000000FF000000FF000000FF000000FF000000FF000000FF000000FF000000FF000000FF000000FF000000FF000000FF000000FF000000FF000000FF000000FF000000FF000000FF000000FF000000FF000000FF000000FF000000FF000000FF000000FF000000FF000000FF000000FF000000FF000000FF000000FF000000FF000000FF000000FF000000FF000000FF000000FF000000FF000000FF000000FF000000FF000000FF000000FF000000FF000000FF000000FF000000FF000000FF000000FF000000FF000000FF000000FF000000FF000000FF000000FF000000FF000000FF000000FF000000FF000000FF000000FF000000FF000000FF000000FF000000FF000000FF000000FF000000FF000000FF000000FF000000FF000000FF000000FF000000FF000000FF000000FF000000FF000000FF000000FF000000FF000000FF000000FF000000FF000000FF000000FF000000FF000000FF000000FF000000FF000000FF000000FF000000FF000000FF000000FF000000FF000000FF000000FF000000FF000000FF000000FF000000FF000000FF000000FF000000FF000000FF000000FF000000FF000000FF000000FF000000FF000000FF000000FF000000FF000000FF000000FF000000FF000000FF000000FF000000FF000000FF000000FF000000FF000000FF000000FF000000FF000000FF000000FF000000FF000000FF000000FF000000FF000000FF000000FF000000FF000000FF000000FF000000FF000000FF000000FF000000FF000000FF000000FF000000FF000000FF000000FF000000FF000000FF000000FF000000FF000000FF000000FF000000FF000000FF000000FF000000FF000000FF000000FF000000FF000000FF000000FF000000FF000000FF000000FF000000FF000000FF000000FF000000FF000000FF000000FF000000FF000000FF000000FF000000FF000000FF000000FF000000FF000000FF000000FF000000FF000000FF000000FF000000FF000000FF000000FF000000FF000000FF000000FF000000FF000000FF000000FF000000FF000000FF000000FF000000FF000000FF000000FF000000FF000000FF000000FF000000FF000000FF000000FF000000FF000000FF000000FF000000FF000000FF000000FF000000FF000000FF000000FF000000FF000000FF000000FF000000FF000000FF000000FF000000FF000000FF000000FF000000FF000000FF000000FF000000FF000000FF000000FF000000FF000000FF000000FF000000FF000000FF000000FF000000FF000000FF000000FF000000FF000000FF000000FF000000FF000000FF000000FF000000FF000000FF000000FF000000FF000000FF000000FF000000FF000000FF000000FF000000FF000000FF000000FF000000FF000000FF000000FF000000FF000000FF000000FF000000FF000000FF000000FF000000FF000000FF000000FF000000FF000000FF000000FF000000FF000000FF000000FF000000FF000000FF000000FF000000FF000000FF000000FF000000FF000000FF000000FF000000FF000000FF000000FF000000FF000000FF000000FF000000FF000000FF000000FF000000FF000000FF000000FF000000FF000000FF000000FF000000FF000000FF000000FF000000FF000000FF000000FF000000FF000000FF000000FF000000FF000000FF000000FF000000FF000000FF000000FF000000FF000000FF000000FF000000FF000000FF000000FF000000FF000000FF000000FF000000FF000000FF000000FF000000FF000000FF000000FF000000FF000000FF000000FF000000FF000000FF000000FF000000FF000000FF000000FF000000FF000000FF000000FF000000FF000000FF000000FF000000FF000000FF000000FF000000FF000000FF000000FF000000FF000000FF000000FF000000FF000000FF000000FF000000FF000000FF000000FF000000FF000000FF000000FF000000FF000000FF000000FF000000FF000000FF000000FF000000FF000000FF000000FF000000FF000000FF000000FF000000FF000000FF000000FF000000FF000000FF000000FF000000FF000000FF000000FF000000FF000000FF000000FF000000FF000000FF000000FF000000FF000000FF000000FF000000FF000000FF000000FF000000FF000000FF000000FF000000FF000000FF000000FF000000FF000000FF000000FF000000FF000000FF000000FF000000FF000000FF000000FF000000FF000000FF000000FF000000FF000000FF000000FF000000FF000000FF000000FF000000FF000000FF000000FF000000FF000000FF000000FF000000FF000000FF000000FF000000FF000000FF000000FF000000FF000000FF000000FF000000FF000000FF000000FF000000FF000000FF000000FF000000FF000000FF000000FF000000FF000000FF000000FF000000FF000000FF000000FF000000FF000000FF000000FF000000FF000000FF000000FF000000FF000000FF000000FF000000FF000000FF000000FF000000FF000000FF000000FF000000FF000000FF000000FF000000FF000000FF000000FF000000FF000000FF000000FF000000FF000000FF000000FF000000FF000000FF000000FF000000FF000000FF000000FF000000FF000000FF000000FF000000FF000000FF000000FF000000FF000000FF000000FF000000FF000000FF000000FF000000FF000000FF000000FF000000FF000000FF000000FF000000FF000000FF000000FF000000FF000000FF000000FF000000FF000000FF000000FF000000FF000000FF000000FF000000FF000000FF000000FF000000FF000000FF000000FF000000FF000000FF000000FF000000FF000000FF000000FF000000FF000000FF000000FF000000FF000000FF000000FF000000FF000000FF000000FF000000FF000000FF000000FF000000FF000000FF000000FF000000FF000000FF000000FF000000FF000000FF000000FF000000FF000000FF000000FF000000FF000000FF000000FF000000FF000000FF000000FF000000FF000000FF000000FF000000FF000000FF000000FF000000FF000000FF000000FF000000FF000000FF000000FF000000FF000000FF000000FF000000FF000000FF000000FF000000FF000000FF000000FF000000FF000000FF000000FF000000FF000000FF000000FF000000FF000000FF000000FF000000FF000000FF000000FF000000FF000000FF000000FF000000FF000000FF000000FF000000FF000000FF000000FF000000FF000000FF000000FF000000FF000000FF000000FF000000FF000000FF000000FF000000FF000000FF000000FF000000FF000000FF000000FF000000FF000000FF000000FF000000FF000000FF000000FF000000FF000000FF000000FF000000FF000000FF000000FF000000FF000000FF000000FF000000FF000000FF000000FF000000FF000000FF000000FF000000FF000000FF000000FF000000FF000000FF000000FF000000FF000000FF000000FF000000FF000000FF000000FF000000FF000000FF000000FF000000FF000000FF000000FF000000FF000000FF000000FF000000FF000000FF000000FF000000FF000000FF000000FF000000FF000000FF000000FF000000FF000000FF000000FF000000FF000000FF000000FF000000FF000000FF000000FF000000FF000000FF000000FF000000FF000000FF000000FF000000FF000000FF000000FF000000FF000000FF000000FF000000FF000000FF000000FF000000FF000000FF000000FF000000FF000000FF000000FF000000FF000000FF000000FF000000FF000000FF000000FF000000FF000000FF000000FF000000FF000000FF000000FF000000FF000000FF000000FF000000FF000000FF000000FF000000FF000000FF000000FF000000FF000000FF000000FF000000FF000000FF000000FF000000FF000000FF000000FF000000FF000000FF000000FF000000FF000000FF000000FF000000FF000000FF000000FF000000FF000000FF000000FF000000FF000000FF000000FF000000FF000000FF000000FF000000FF000000FF000000FF000000FF000000FF000000FF000000FF000000FF000000FF000000FF000000FF000000FF000000FF000000FF000000FF000000FF000000FF000000FF000000FF000000FF000000FF000000FF000000FF000000FF000000FF000000FF000000FF000000FF000000FF000000FF000000FF000000FF000000FF000000FF000000FF000000FF000000FF000000FF000000FF000000FF000000FF000000FF000000FF000000FF000000FF000000FF000000FF000000FF000000FF000000FF000000FF000000FF000000FF000000FF000000FF000000FF000000FF000000FF000000FF000000FF000000FF000000FF000000FF000000FF000000FF000000FF000000FF000000FF000000FF000000FF000000FF000000FF000000FF000000FF000000FF000000FF000000FF000000FF000000FF000000FF000000FF000000FF000000FF000000FF000000FF000000FF000000FF000000FF000000FF000000FF000000FF000000FF000000FF000000FF000000FF000000FF000000FF000000FF000000FF000000FF000000FF000000FF000000FF000000FF000000FF000000FF000000FF000000FF000000FF000000FF000000FF000000FF000000FF000000FF000000FF000000FF000000FF000000FF000000FF000000FF000000FF000000FF000000FF000000FF000000FF000000FF000000FF000000FF000000FF000000FF000000FF000000FF000000FF000000FF000000FF000000FF000000FF000000FF000000FF000000FF000000FF000000FF000000FF000000FF000000FF000000FF000000FF000000FF000000FF000000FF000000FF000000FF000000FF000000FF000000FF000000FF000000FF000000FF000000FF000000FF000000FF000000FF000000FF000000FF000000FF000000FF000000FF000000FF000000FF000000FF000000FF000000FF000000FF000000FF000000FF000000FF000000FF000000FF000000FF000000FF000000FF000000FF000000FF000000FF000000FF000000FF000000FF000000FF000000FF000000FF000000FF000000FF000000FF000000FF000000FF000000FF000000FF000000FF000000FF000000FF000000FF000000FF000000FF000000FF000000FF000000FF000000FF000000FF000000FF000000FF000000FF000000FF000000FF000000FF000000FF000000FF000000FF000000FF000000FF000000FF000000FF000000FF000000FF000000FF000000FF000000FF000000FF000000FF000000FF000000FF000000FF000000FF000000FF000000FF000000FF000000FF000000FF000000FF000000FF000000FF000000FF000000FF000000FF000000FF000000FF000000FF000000FF000000FF000000FF000000FF000000FF000000FF000000FF000000FF000000FF000000FF000000FF000000FF000000FF000000FF000000FF000000FF000000FF000000FF000000FF000000FF000000FF000000FF000000FF000000FF000000FF000000FF000000FF000000FF000000FF000000FF000000FF000000FF000000FF000000FF000000FF000000FF000000FF000000FF000000FF000000FF000000FF000000FF000000FF000000FF000000FF000000FF000000FF000000FF000000FF000000FF000000FF000000FF000000FF000000FF000000FF000000FF000000FF000000FF000000FF000000FF000000FF000000FF000000FF000000FF000000FF000000FF000000FF000000FF000000FF000000FF000000FF000000FF000000FF000000FF000000FF000000FF000000FF000000FF000000FF000000FF000000FF000000FF000000FF000000FF000000FF000000FF000000FF000000FF000000FF000000FF000000FF000000FF000000FF000000FF000000FF000000FF000000FF000000FF000000FF000000FF000000FF000000FF000000FF000000FF000000FF000000FF000000FF000000FF000000FF000000FF000000FF000000FF000000FF000000FF000000FF000000FF000000FF000000FF000000FF000000FF000000FF000000FF000000FF000000FF000000FF000000FF000000FF000000FF000000FF000000FF000000FF000000FF000000FF000000FF000000FF000000FF000000FF000000FF000000FF000000FF000000FF000000FF000000FF000000FF000000FF000000FF000000FF000000FF000000FF000000FF000000FF000000FF000000FF000000FF000000FF000000FF000000FF000000FF000000FF000000FF000000FF000000FF000000FF000000FF000000FF000000FF000000FF000000FF000000FF000000FF000000FF000000FF000000FF000000FF000000FF000000FF000000FF000000FF000000FF000000FF000000FF000000FF000000FF000000FF000000FF000000FF000000FF000000FF000000FF000000FF000000FF000000FF000000FF000000FF000000FF000000FF000000FF000000FF000000FF000000FF000000FF000000FF000000FF000000FF000000FF000000FF000000FF000000FF000000FF000000FF000000FF000000FF000000FF000000FF000000FF000000FF000000FF000000FF000000FF000000FF000000FF000000FF000000FF000000FF000000FF000000FF000000FF000000FF000000FF000000FF000000FF000000FF000000FF000000FF000000FF000000FF000000FF000000FF000000FF000000FF000000FF000000FF000000FF000000FF000000FF000000FF000000FF000000FF000000FF000000FF000000FF000000FF000000FF000000FF000000FF000000FF000000FF000000FF000000FF000000FF000000FF000000FF000000FF000000FF000000FF000000FF000000FF000000FF000000FF000000FF000000FF000000FF000000FF000000FF000000FF000000FF000000FF000000FF000000FF000000FF000000FF000000FF000000FF000000FF000000FF000000FF000000FF000000FF000000FF000000FF000000FF000000FF000000FF000000FF000000FF000000FF000000FF000000FF000000FF000000FF000000FF000000FF000000FF000000FF000000FF000000FF000000FF000000FF000000FF000000FF000000FF000000FF000000FF000000FF000000FF000000FF000000FF000000FF000000FF000000FF000000FF000000FF000000FF000000FF000000FF000000FF000000FF000000FF000000FF000000FF000000FF000000FF000000FF000000FF000000FF000000FF000000FF000000FF000000FF000000FF000000FF000000FF000000FF000000FF000000FF000000FF000000FF000000FF000000FF000000FF000000FF000000FF000000FF000000FF000000FF000000FF000000FF000000FF000000FF000000FF000000FF000000FF000000FF000000FF000000FF000000FF000000FF000000FF000000FF000000FF000000FF000000FF000000FF000000FF000000FF000000FF000000FF000000FF000000FF000000FF000000FF000000FF000000FF000000FF000000FF000000FF000000FF000000FF000000FF000000FF000000FF000000FF000000FF000000FF000000FF000000FF000000FF000000FF000000FF000000FF000000FF000000FF000000FF000000FF000000FF000000FF000000FF000000FF000000FF000000FF000000FF000000FF000000FF000000FF000000FF000000FF000000FF000000FF000000FF000000FF000000FF000000FF000000FF000000FF000000FF000000FF000000FF000000FF000000FF000000FF000000FF000000FF000000FF000000FF000000FF000000FF000000FF000000FF000000FF000000FF000000FF000000FF000000FF000000FF000000FF000000FF000000FF000000FF000000FF000000FF000000FF000000FF000000FF000000FF000000FF000000FF000000FF000000FF000000FF000000FF000000FF000000FF000000FF000000FF000000FF000000FF000000FF000000FF000000FF000000FF000000FF000000FF000000FF000000FF000000FF000000FF000000FF000000FF000000FF000000FF000000FF000000FF000000FF000000FF000000FF000000FF000000FF000000FF000000FF000000FF000000FF000000FF000000FF000000FF000000FF000000FF000000FF000000FF000000FF000000FF000000FF000000FF000000FF000000FF000000FF000000FF000000FF000000FF000000FF000000FF000000FF000000FF000000FF000000FF000000FF000000FF000000FF000000FF000000FF000000FF000000FF000000FF000000FF000000FF000000FF000000FF000000FF000000FF000000FF000000FF000000FF000000FF000000FF000000FF000000FF000000FF000000FF000000FF000000FF000000FF000000FF000000FF000000FF000000FF000000FF000000FF000000FF000000FF000000FF000000FF000000FF000000FF000000FF000000FF000000FF000000FF000000FF000000FF000000FF000000FF000000FF000000FF000000FF000000FF000000FF000000FF000000FF000000FF000000FF000000FF000000FF000000FF000000FF000000FF000000FF000000FF000000FF000000FF000000FF000000FF000000FF000000FF000000FF000000FF000000FF000000FF000000FF000000FF000000FF000000FF000000FF000000FF000000FF000000FF000000FF000000FF000000FF000000FF000000FF000000FF000000FF000000FF000000FF000000FF000000FF000000FF000000FF000000FF000000FF000000FF000000FF000000FF000000FF000000FF000000FF000000FF000000FF000000FF000000FF000000FF000000FF000000FF000000FF000000FF000000FF000000FF000000FF000000FF000000FF000000FF000000FF000000FF000000FF000000FF000000FF000000FF000000FF000000FF000000FF000000FF000000FF000000FF000000FF000000FF000000FF000000FF000000FF000000FF000000FF000000FF000000FF000000FF000000FF000000FF000000FF000000FF000000FF000000FF000000FF000000FF000000FF000000FF000000FF000000FF000000FF000000FF000000FF000000FF000000FF000000FF000000FF000000FF000000FF000000FF000000FF000000FF000000FF000000FF000000FF000000FF000000FF000000FF000000FF000000FF000000FF000000FF000000FF000000FF000000FF000000FF000000FF000000FF000000FF000000FF000000FF000000FF000000FF000000FF000000FF000000FF000000FF000000FF000000FF000000FF000000FF000000FF000000FF000000FF000000FF000000FF000000FF000000FF000000FF000000FF000000FF000000FF000000FF000000FF000000FF000000FF000000FF000000FF000000FF000000FF000000FF000000FF000000FF000000FF000000FF000000FF000000FF000000FF000000FF000000FF000000FF000000FF000000FF000000FF000000FF000000FF000000FF000000FF000000FF000000FF000000FF000000FF000000FF000000FF000000FF000000FF000000FF000000FF000000FF000000FF000000FF000000FF000000FF000000FF000000FF000000FF000000FF000000FF000000FF000000FF000000FF000000FF000000FF000000FF000000FF000000FF000000FF000000FF000000FF000000FF000000FF000000FF000000FF000000FF000000FF000000FF000000FF000000FF000000FF000000FF000000FF000000FF000000FF000000FF000000FF000000FF000000FF000000FF000000FF000000FF000000FF000000FF000000FF000000FF000000FF000000FF000000FF000000FF000000FF000000FF000000FF000000FF000000FF000000FF000000FF000000FF000000FF000000FF000000FF000000FF000000FF000000FF000000FF000000FF000000FF000000FF000000FF000000FF000000FF000000FF000000FF000000FF000000FF000000FF000000FF000000FF000000FF000000FF000000FF000000FF000000FF000000FF000000FF000000FF000000FF000000FF000000FF000000FF000000FF000000FF000000FF000000FF000000FF000000FF000000FF000000FF000000FF000000FF000000FF000000FF000000FF000000FF000000FF000000FF000000FF000000FF000000FF000000FF000000FF000000FF000000FF000000FF000000FF000000FF000000FF000000FF000000FF000000FF000000FF000000FF000000FF000000FF000000FF000000FF000000FF000000FF000000FF000000FF000000FF000000FF000000FF000000FF000000FF000000FF000000FF000000FF000000FF000000FF000000FF000000FF000000FF000000FF000000FF000000FF000000FF000000FF000000FF000000FF000000FF000000FF000000FF000000FF000000FF000000FF000000FF000000FF000000FF000000FF000000FF000000FF000000FF000000FF000000FF000000FF000000FF000000FF000000FF000000FF000000FF000000FF000000FF000000FF000000FF000000FF000000FF000000FF000000FF000000FF000000FF000000FF000000FF000000FF000000FF000000FF000000FF000000FF000000FF000000FF000000FF000000FF000000FF000000FF000000FF000000FF000000FF000000FF000000FF000000FF000000FF000000FF000000FF000000FF000000FF000000FF000000FF000000FF000000FF000000FF000000FF000000FF000000FF000000FF000000FF000000FF000000FF000000FF000000FF000000FF000000FF000000FF000000FF000000FF000000FF000000FF000000FF000000FF000000FF000000FF000000FF000000FF000000FF000000FF000000FF000000FF000000FF000000FF000000FF000000FF000000FF000000FF000000FF000000FF000000FF000000FF000000FF000000FF000000FF000000FF000000FF000000FF000000FF000000FF000000FF000000FF000000FF000000FF000000FF000000FF000000FF000000FF000000FF000000FF000000FF000000FF000000FF000000FF000000FF000000FF000000FF000000FF000000FF000000FF000000FF000000FF000000FF000000FF000000FF000000FF000000FF000000FF000000FF000000FF000000FF000000FF000000FF000000FF000000FF000000FF000000FF000000FF000000FF000000FF000000FF000000FF000000FF000000FF000000FF000000FF000000FF000000FF000000FF000000FF000000FF000000FF000000FF000000FF000000FF000000FF000000FF000000FF000000FF000000FF000000FF000000FF000000FF000000FF000000FF000000FF000000FF000000FF000000FF000000FF000000FF000000FF000000FF000000FF000000FF000000FF000000FF000000FF000000FF000000FF000000FF000000FF000000FF000000FF000000FF000000FF000000FF000000FF000000FF000000FF000000FF000000FF000000FF000000FF000000FF000000FF000000FF000000FF000000FF000000FF000000FF000000FF000000FF000000FF000000FF000000FF000000FF000000FF000000FF000000FF000000FF000000FF000000FF000000FF000000FF000000FF000000FF000000FF000000FF000000FF000000FF000000FF000000FF000000FF000000FF000000FF000000FF000000FF000000FF000000FF000000FF000000FF000000FF000000FF000000FF000000FF000000FF000000FF000000FF000000FF000000FF000000FF000000FF000000FF000000FF000000FF000000FF000000FF000000FF000000FF000000FF000000FF000000FF000000FF000000FF000000FF000000FF000000FF000000FF000000FF000000FF000000FF000000FF000000FF000000FF000000FF000000FF000000FF000000FF000000FF000000FF000000FF000000FF000000FF000000FF000000FF000000FF000000FF000000FF000000FF000000FF000000FF000000FF000000FF000000FF000000FF000000FF000000FF000000FF000000FF000000FF000000FF000000FF000000FF000000FF000000FF000000FF000000FF000000FF000000FF000000FF000000FF000000FF000000FF000000FF000000FF000000FF000000FF000000FF000000FF000000FF000000FF000000FF000000FF000000FF000000FF000000FF000000FF000000FF000000FF000000FF000000FF000000FF000000FF000000FF000000FF000000FF000000FF000000FF000000FF000000FF000000FF000000FF000000FF000000FF000000FF000000FF000000FF000000FF000000FF000000FF000000FF000000FF000000FF000000FF000000FF000000FF000000FF000000FF000000FF000000FF000000FF000000FF000000FF000000FF000000FF000000FF000000FF000000FF000000FF000000FF000000FF000000FF000000FF000000FF000000FF000000FF000000FF000000FF000000FF000000FF000000FF000000FF000000FF000000FF000000FF000000FF000000FF000000FF000000FF000000FF000000FF000000FF000000FF000000FF000000FF000000FF000000FF000000FF000000FF000000FF000000FF000000FF000000FF000000FF000000FF000000FF000000FF000000FF000000FF000000FF000000FF000000FF000000FF000000FF000000FF000000FF000000FF000000FF000000FF000000FF000000FF000000FF000000FF000000FF000000FF000000FF000000FF000000FF000000FF000000FF000000FF000000FF000000FF000000FF000000FF000000FF000000FF000000FF000000FF000000FF000000FF000000FF000000FF000000FF000000FF000000FF000000FF000000FF000000FF000000FF000000FF000000FF000000FF000000FF000000FF000000FF000000FF000000FF000000FF000000FF000000FF000000FF000000FF000000FF000000FF000000FF000000FF000000FF000000FF000000FF000000FF000000FF000000FF000000FF000000FF000000FF000000FF000000FF000000FF000000FF000000FF000000FF000000FF000000FF000000FF000000FF000000FF000000FF000000FF000000FF000000FF000000FF000000FF000000FF000000FF000000FF000000FF000000FF000000FF000000FF000000FF000000FF000000FF000000FF000000FF000000FF000000FF000000FF000000FF000000FF000000FF000000FF000000FF000000FF000000FF000000FF000000FF000000FF000000FF000000FF000000FF000000FF000000FF000000FF000000FF000000FF000000FF000000FF000000FF000000FF000000FF000000FF000000FF000000FF000000FF000000FF000000FF000000FF000000FF000000FF000000FF000000FF000000FF000000FF000000FF000000FF000000FF000000FF000000FF000000FF000000FF000000FF000000FF000000FF000000FF000000FF000000FF000000FF000000FF000000FF000000FF000000FF000000FF000000FF000000FF000000FF000000FF000000FF000000FF000000FF000000FF000000FF000000FF000000FF000000FF000000FF000000FF000000FF000000FF000000FF000000FF000000FF000000FF000000FF000000FF000000FF000000FF000000FF000000FF000000FF000000FF000000FF000000FF000000FF000000FF000000FF000000FF000000FF000000FF000000FF000000FF000000FF000000FF000000FF000000FF000000FF000000FF000000FF000000FF000000FF000000FF000000FF000000FF000000FF000000FF000000FF000000FF000000FF000000FF000000FF000000FF000000FF000000FF000000FF000000FF000000FF000000FF000000FF000000FF000000FF000000FF000000FF000000FF000000FF000000FF000000FF000000FF000000FF000000FF000000FF000000FF000000FF000000FF000000FF000000FF000000FF000000FF000000FF000000FF000000FF000000FF000000FF000000FF000000FF000000FF000000FF000000FF000000FF000000FF000000FF000000FF000000FF000000FF000000FF000000FF000000FF000000FF000000FF000000FF000000FF000000FF000000FF000000FF000000FF000000FF000000FF000000FF000000FF000000FF000000FF000000FF000000FF000000FF000000FF000000FF000000FF000000FF000000FF000000FF000000FF000000FF000000FF000000FF000000FF000000FF000000FF000000FF000000FF000000FF000000FF000000FF000000FF000000FF000000FF000000FF000000FF000000FF000000FF000000FF000000FF000000FF000000FF000000FF000000FF000000FF000000FF000000FF000000FF000000FF000000FF000000FF000000FF000000FF000000FF000000FF000000FF000000FF000000FF000000FF000000FF000000FF000000FF000000FF000000FF000000FF000000FF000000FF000000FF000000FF000000FF000000FF000000FF000000FF000000FF000000FF000000FF000000FF000000FF000000FF000000FF000000FF000000FF000000FF000000FF000000FF000000FF000000FF000000FF000000FF000000FF000000FF000000FF000000FF000000FF000000FF000000FF000000FF000000FF000000FF000000FF000000FF000000FF000000FF000000FF000000FF000000FF000000FF000000FF000000FF000000FF000000FF000000FF000000FF000000FF000000FF000000FF000000FF000000FF000000FF000000FF000000FF000000FF000000FF000000FF000000FF000000FF000000FF000000FF000000FF000000FF000000FF000000FF000000FF000000FF000000FF000000FF000000FF000000FF000000FF000000FF000000FF000000FF000000FF000000FF000000FF000000FF000000FF000000FF000000FF000000FF000000FF000000FF000000FF000000FF000000FF000000FF000000FF000000FF000000FF000000FF000000FF000000FF000000FF000000FF000000FF000000FF000000FF000000FF000000FF000000FF000000FF000000FF000000FF000000FF000000FF000000FF000000FF000000FF000000FF000000FF000000FF000000FF000000FF000000FF000000FF000000FF000000FF000000FF000000FF000000FF000000FF000000FF000000FF000000FF000000FF000000FF000000FF000000FF000000FF000000FF000000FF000000FF000000FF000000FF000000FF000000FF000000FF000000FF000000FF000000FF000000FF000000FF000000FF000000FF000000FF000000FF000000FF000000FF000000FF000000FF000000FF000000FF000000FF000000FF000000FF000000FF000000FF000000FF000000FF000000FF000000FF000000FF000000FF000000FF000000FF000000FF000000FF000000FF000000FF000000FF000000FF000000FF000000FF000000FF000000FF000000FF000000FF000000FF000000FF000000FF000000FF000000FF000000FF000000FF000000FF000000FF000000FF000000FF000000FF000000FF000000FF000000FF000000FF000000FF000000FF000000FF000000FF000000FF000000FF000000FF000000FF000000FF000000FF000000FF000000FF000000FF000000FF000000FF000000FF000000FF000000FF000000FF000000FF000000FF000000FF000000FF000000FF000000FF000000FF000000FF000000FF000000FF000000FF000000FF000000FF000000FF000000FF000000FF000000FF000000FF000000FF000000FF000000FF000000FF000000FF000000FF000000FF000000FF000000FF000000FF000000FF000000FF000000FF000000FF000000FF000000FF000000FF000000FF000000FF000000FF000000FF000000FF000000FF000000FF000000FF000000FF000000FF000000FF000000FF000000FF000000FF000000FF000000FF000000FF000000FF000000FF000000FF000000FF000000FF000000FF000000FF000000FF000000FF000000FF000000FF000000FF000000FF000000FF000000FF000000FF000000FF000000FF000000FF000000FF000000FF000000FF000000FF000000FF000000FF000000FF000000FF000000FF000000FF000000FF000000FF000000FF000000FF000000FF000000FF000000FF000000FF000000FF000000FF000000FF000000FF000000FF000000FF000000FF000000FF000000FF000000FF000000FF000000FF000000FF000000FF000000FF000000FF000000FF000000FF000000FF000000FF000000FF000000FF000000FF000000FF000000FF000000FF000000FF000000FF000000FF000000FF000000FF000000FF000000FF000000FF000000FF000000FF000000FF000000FF000000FF000000FF000000FF000000FF000000FF000000FF000000FF000000FF000000FF000000FF000000FF000000FF000000FF000000FF000000FF000000FF000000FF000000FF000000FF000000FF000000FF000000FF000000FF000000FF000000FF000000FF000000FF000000FF000000FF000000FF000000FF000000FF000000FF000000FF000000FF000000FF000000FF000000FF000000FF000000FF000000FF000000FF000000FF000000FF000000FF000000FF000000FF000000FF000000FF000000FF000000FF000000FF000000FF000000FF000000FF000000FF000000FF000000FF000000FF000000FF000000FF000000FF000000FF000000FF000000FF000000FF000000FF000000FF000000FF000000FF000000FF000000FF000000FF000000FF000000FF000000FF000000FF000000FF000000FF000000FF000000FF000000FF000000FF000000FF000000FF000000FF000000FF000000FF000000FF000000FF000000FF000000FF000000FF000000FF000000FF000000FF000000FF000000FF000000FF000000FF000000FF000000FF000000FF000000FF000000FF000000FF000000FF000000FF000000FF000000FF000000FF000000FF000000FF000000FF000000FF000000FF000000FF000000FF000000FF000000FF000000FF000000FF000000FF000000FF000000FF000000FF000000FF000000FF000000FF000000FF000000FF000000FF000000FF000000FF000000FF000000FF000000FF000000FF000000FF000000FF000000FF000000FF000000FF000000FF000000FF000000FF000000FF000000FF000000FF000000FF000000FF000000FF000000FF000000FF000000FF000000FF000000FF000000FF000000FF000000FF000000FF000000FF000000FF000000FF000000FF000000FF000000FF000000FF000000FF000000FF000000FF000000FF000000FF000000FF000000FF000000FF000000FF000000FF000000FF000000FF000000FF000000FF000000FF000000FF000000FF000000FF000000FF000000FF000000FF000000FF000000FF000000FF000000FF000000FF000000FF000000FF000000FF000000FF000000FF000000FF000000FF000000FF000000FF000000FF000000FF000000FF000000FF000000FF000000FF000000FF000000FF000000FF000000FF000000FF000000FF000000FF000000FF000000FF000000FF000000FF000000FF000000FF000000FF000000FF000000FF000000FF000000FF000000FF000000FF000000FF000000FF000000FF000000FF000000FF000000FF000000FF000000FF000000FF000000FF000000FF000000FF000000FF000000FF000000FF000000FF000000FF000000FF000000FF000000FF000000FF000000FF000000FF000000FF000000FF000000FF000000FF000000FF000000FF000000FF000000FF000000FF000000FF000000FF000000FF000000FF000000FF000000FF000000FF000000FF000000FF000000FF000000FF000000FF000000FF000000FF000000FF000000FF000000FF000000FF000000FF000000FF000000FF000000FF000000FF000000FF000000FF000000FF000000FF000000FF000000FF000000FF000000FF000000FF000000FF000000FF000000FF000000FF000000FF000000FF000000FF000000FF000000FF000000FF000000FF000000FF000000FF000000FF000000FF000000FF000000FF000000FF000000FF000000FF000000FF000000FF000000FF000000FF000000FF000000FF000000FF000000FF000000FF000000FF000000FF000000FF000000FF000000FF000000FF000000FF000000FF000000FF000000FF000000FF000000FF000000FF000000FF000000FF000000FF000000FF000000FF000000FF000000FF000000FF000000FF000000FF000000FF000000FF000000FF000000FF000000FF000000FF000000FF000000FF000000FF000000FF000000FF000000FF000000FF000000FF000000FF000000FF000000FF000000FF000000FF000000FF000000FF000000FF000000FF000000FF000000FF000000FF000000FF000000FF000000FF000000FF000000FF000000FF000000FF000000FF000000FF000000FF000000FF000000FF000000FF000000FF000000FF000000FF000000FF000000FF000000FF000000FF000000FF000000FF000000FF000000FF000000FF000000FF000000FF000000FF000000FF000000FF000000FF000000FF000000FF000000FF000000FF000000FF000000FF000000FF000000FF000000FF000000FF000000FF000000FF000000FF000000FF000000FF000000FF000000FF000000FF000000FF000000FF000000FF000000FF000000FF000000FF000000FF000000FF000000FF000000FF000000FF000000FF000000FF000000FF000000FF000000FF000000FF000000FF000000FF000000FF000000FF000000FF000000FF000000FF000000FF000000FF000000FF000000FF000000FF000000FF000000FF000000FF000000FF000000FF000000FF000000FF000000FF000000FF000000FF000000FF000000FF000000FF000000FF000000FF000000FF000000FF000000FF000000FF000000FF000000FF000000FF000000FF000000FF000000FF000000FF000000FF000000FF000000FF000000FF000000FF000000FF000000FF000000FF000000FF000000FF000000FF000000FF000000FF000000FF000000FF000000FF000000FF000000FF000000FF000000FF000000FF000000FF000000FF000000FF000000FF000000FF000000FF000000FF000000FF000000FF000000FF000000FF000000FF000000FF000000FF000000FF000000FF000000FF000000FF000000FF000000FF000000FF000000FF000000FF000000FF000000FF000000FF000000FF000000FF000000FF000000FF000000FF000000FF000000FF000000FF000000FF000000FF000000FF000000FF000000FF000000FF000000FF000000FF000000FF000000FF000000FF000000FF000000FF000000FF000000FF000000FF000000FF000000FF000000FF000000FF000000FF000000FF000000FF000000FF000000FF000000FF000000FF000000FF000000FF000000FF000000FF000000FF000000FF000000FF000000FF000000FF000000FF000000FF000000FF000000FF000000FF000000FF000000FF000000FF000000FF000000FF000000FF000000FF000000FF000000FF000000FF000000FF000000FF000000FF000000FF000000FF000000FF000000FF000000FF000000FF000000FF000000FF000000FF000000FF000000FF000000FF000000FF000000FF000000FF000000FF000000FF000000FF000000FF000000FF000000FF000000FF000000FF000000FF000000FF000000FF000000FF000000FF000000FF000000FF000000FF000000FF000000FF000000FF000000FF000000FF000000FF000000FF000000FF000000FF000000FF000000FF000000FF000000FF000000FF000000FF000000FF000000FF000000FF000000FF000000FF000000FF000000FF000000FF000000FF000000FF000000FF000000FF000000FF000000FF000000FF000000FF000000FF000000FF000000FF000000FF000000FF000000FF000000FF000000FF000000FF000000FF000000FF000000FF000000FF000000FF000000FF000000FF000000FF000000FF000000FF000000FF000000FF000000FF000000FF000000FF000000FF000000FF000000FF000000FF000000FF000000FF000000FF000000FF000000FF000000FF000000FF000000FF000000FF000000FF000000FF000000FF000000FF000000FF000000FF000000FF000000FF000000FF000000FF000000FF000000FF000000FF000000FF000000FF000000FF000000FF000000FF000000FF000000FF000000FF000000FF000000FF000000FF000000FF000000FF000000FF000000FF000000FF000000FF000000FF000000FF000000FF000000FF000000FF000000FF000000FF000000FF000000FF000000FF000000FF000000FF000000FF000000FF000000FF000000FF000000FF000000FF000000FF000000FF000000FF000000FF000000FF000000FF000000FF000000FF000000FF000000FF000000FF000000FF000000FF000000FF000000FF000000FF000000FF000000FF000000FF000000FF000000FF000000FF000000FF000000FF000000FF000000FF000000FF000000FF000000FF000000FF000000FF000000FF000000FF000000FF000000FF000000FF000000FF000000FF000000FF000000FF000000FF000000FF000000FF000000FF000000FF000000FF000000FF000000FF000000FF000000FF000000FF000000FF000000FF000000FF000000FF000000FF000000FF000000FF000000FF000000FF000000FF000000FF000000FF000000FF000000FF000000FF000000FF000000FF000000FF000000FF000000FF000000FF000000FF000000FF000000FF000000FF000000FF000000FF000000FF000000FF000000FF000000FF000000FF000000FF000000FF000000FF000000FF000000FF000000FF000000FF000000FF000000FF000000FF000000FF000000FF000000FF000000FF000000FF000000FF000000FF000000FF000000FF000000FF000000FF000000FF000000FF000000FF000000FF000000FF000000FF000000FF000000FF000000FF000000FF000000FF000000FF000000FF000000FF000000FF000000FF000000FF000000FF000000FF000000FF000000FF000000FF000000FF000000FF000000FF000000FF000000FF000000FF000000FF000000FF000000FF000000FF000000FF000000FF000000FF000000FF000000FF000000FF000000FF000000FF000000FF000000FF000000FF000000FF000000FF000000FF000000FF000000FF000000FF000000FF000000FF000000FF000000FF000000FF000000FF000000FF000000FF000000FF000000FF000000FF000000FF000000FF000000FF000000FF000000FF000000FF000000FF000000FF000000FF000000FF000000FF000000FF000000FF000000FF000000FF000000FF000000FF000000FF000000FF000000FF000000FF000000FF000000FF000000FF000000FF000000FF000000FF000000FF000000FF000000FF000000FF000000FF000000FF000000FF000000FF000000FF000000FF000000FF000000FF000000FF000000FF000000FF000000FF000000FF000000FF000000FF000000FF000000FF000000FF000000FF000000FF000000FF000000FF000000FF000000FF000000FF000000FF000000FF000000FF000000FF000000FF000000FF000000FF000000FF000000FF000000FF000000FF000000FF000000FF000000FF000000FF000000FF000000FF000000FF000000FF000000FF000000FF000000FF000000FF000000FF000000FF000000FF000000FF000000FF000000FF000000FF000000FF000000FF000000FF000000FF000000FF000000FF000000FF000000FF000000FF000000FF000000FF000000FF000000FF000000FF000000FF000000FF000000FF000000FF000000FF000000FF000000FF000000FF000000FF000000FF000000FF000000FF000000FF000000FF000000FF000000FF000000FF000000FF000000FF000000FF000000FF000000FF000000FF000000FF000000FF000000FF000000FF000000FF000000FF000000FF000000FF000000FF000000FF000000FF000000FF000000FF000000FF000000FF000000FF000000FF000000FF000000FF000000FF000000FF000000FF000000FF000000FF000000FF000000FF000000FF000000FF000000FF000000FF000000FF000000FF000000FF000000FF000000FF000000FF000000FF000000FF000000FF000000FF000000FF000000FF000000FF000000FF000000FF000000FF000000FF000000FF000000FF000000FF000000FF000000FF000000FF000000FF000000FF000000FF000000FF000000FF000000FF000000FF000000FF000000FF000000FF000000FF000000FF000000FF000000FF000000FF000000FF000000FF000000FF000000FF000000FF000000FF000000FF000000FF000000FF000000FF000000FF000000FF000000FF000000FF000000FF000000FF000000FF000000FF000000FF000000FF000000FF000000FF000000FF000000FF000000FF000000FF000000FF000000FF000000FF000000FF000000FF000000FF000000FF000000FF000000FF000000FF000000FF000000FF000000FF000000FF000000FF000000FF000000FF000000FF000000FF000000FF000000FF000000FF000000FF000000FF000000FF000000FF000000FF000000FF000000FF000000FF000000FF000000FF000000FF000000FF000000FF000000FF000000FF000000FF000000FF000000FF000000FF000000FF000000FF000000FF000000FF000000FF000000FF000000FF000000FF000000FF000000FF000000FF000000FF000000FF000000FF000000FF000000FF000000FF000000FF000000FF000000FF000000FF000000FF000000FF000000FF000000FF000000FF000000FF000000FF000000FF000000FF000000FF000000FF000000FF000000FF000000FF000000FF000000FF000000FF000000FF000000FF000000FF000000FF000000FF000000FF000000FF000000FF000000FF000000FF000000FF000000FF000000FF000000FF000000FF000000FF000000FF000000FF000000FF000000FF000000FF000000FF000000FF000000FF000000FF000000FF000000FF000000FF000000FF000000FF000000FF000000FF000000FF000000FF000000FF000000FF000000FF000000FF000000FF000000FF000000FF000000FF000000FF000000FF000000FF000000FF000000FF000000FF000000FF000000FF000000FF000000FF000000FF000000FF000000FF000000FF000000FF000000FF000000FF000000FF000000FF000000FF000000FF000000FF000000FF000000FF000000FF000000FF000000FF000000FF000000FF000000FF000000FF000000FF000000FF000000FF000000FF000000FF000000FF000000FF000000FF000000FF000000FF000000FF000000FF000000FF000000FF000000FF000000FF000000FF000000FF000000FF000000FF000000FF000000FF000000FF000000FF000000FF000000FF000000FF000000FF000000FF000000FF000000FF000000FF000000FF000000FF000000FF000000FF000000FF000000FF000000FF000000FF000000FF000000FF000000FF000000FF000000FF000000FF000000FF000000FF000000FF000000FF000000FF000000FF000000FF000000FF000000FF000000FF000000FF000000FF000000FF000000FF000000FF000000FF000000FF000000FF000000FF000000FF000000FF000000FF000000FF000000FF000000FF000000FF000000FF000000FF000000FF000000FF000000FF000000FF000000FF000000FF000000FF000000FF000000FF000000FF000000FF000000FF000000FF000000FF000000FF000000FF000000FF000000FF000000FF000000FF000000FF000000FF000000FF000000FF000000FF000000FF000000FF000000FF000000FF000000FF000000FF000000FF000000FF000000FF000000FF000000FF000000FF000000FF000000FF000000FF000000FF000000FF000000FF000000FF000000FF000000FF000000FF000000FF000000FF000000FF000000FF000000FF000000FF000000FF000000FF000000FF000000FF000000FF000000FF000000FF000000FF000000FF000000FF000000FF000000FF000000FF000000FF000000FF000000FF000000FF000000FF000000FF000000FF000000FF000000FF000000FF000000FF000000FF000000FF000000FF000000FF000000FF000000FF000000FF000000FF000000FF000000FF000000FF000000FF000000FF000000FF000000FF000000FF000000FF000000FF000000FF000000FF000000FF000000FF000000FF000000FF000000FF000000FF000000FF000000FF000000FF000000FF000000FF000000FF000000FF000000FF000000FF000000FF000000FF000000FF000000FF000000FF000000FF000000FF000000FF000000FF000000FF000000FF000000FF000000FF000000FF000000FF000000FF000000FF000000FF000000FF000000FF000000FF000000FF000000FF000000FF000000FF000000FF000000FF000000FF000000FF000000FF000000FF000000FF000000FF000000FF000000FF000000FF000000FF000000FF000000FF000000FF000000FF000000FF000000FF000000FF000000FF000000FF000000FF000000FF000000FF000000FF000000FF000000FF000000FF000000FF000000FF000000FF000000FF000000FF000000FF000000FF000000FF000000FF000000FF000000FF000000FF000000FF000000FF000000FF000000FF000000FF000000FF000000FF000000FF000000FF000000FF000000FF000000FF000000FF000000FF000000FF000000FF000000FF000000FF000000FF000000FF000000FF000000FF000000FF000000FF000000FF000000FF000000FF000000FF000000FF000000FF000000FF000000FF000000FF000000FF000000FF000000FF000000FF000000FF000000FF000000FF000000FF000000FF000000FF000000FF000000FF000000FF000000FF000000FF000000FF000000FF000000FF000000FF000000FF000000FF000000FF000000FF000000FF000000FF000000FF000000FF000000FF000000FF000000FF000000FF000000FF000000FF000000FF000000FF000000FF000000FF000000FF000000FF000000FF000000FF000000FF000000FF000000FF000000FF000000FF000000FF000000FF000000FF000000FF000000FF000000FF000000FF000000FF000000FF000000FF000000FF000000FF000000FF000000FF000000FF000000FF000000FF000000FF000000FF000000FF000000FF000000FF000000FF000000FF000000FF000000FF000000FF000000FF000000FF000000FF000000FF000000FF000000FF000000FF000000FF000000FF000000FF000000FF000000FF000000FF000000FF000000FF000000FF000000FF000000FF000000FF000000FF000000FF000000FF000000FF000000FF000000FF000000FF000000FF000000FF000000FF000000FF000000FF000000FF000000FF000000FF000000FF000000FF000000FF000000FF000000FF000000FF000000FF000000FF000000FF000000FF000000FF000000FF000000FF000000FF000000FF000000FF000000FF000000FF000000FF000000FF000000FF000000FF000000FF000000FF000000FF000000FF000000FF000000FF000000FF000000FF000000FF000000FF000000FF000000FF000000FF000000FF000000FF000000FF000000FF000000FF000000FF000000FF000000FF000000FF000000FF000000FF000000FF000000FF000000FF000000FF000000FF000000FF000000FF000000FF000000FF000000FF000000FF000000FF000000FF000000FF000000FF000000FF000000FF000000FF000000FF000000FF000000FF000000FF000000FF000000FF000000FF000000FF000000FF000000FF000000FF000000FF000000FF000000FF000000FF000000FF000000FF000000FF000000FF000000FF000000FF000000FF000000FF000000FF000000FF000000FF000000FF000000FF000000FF000000FF000000FF000000FF000000FF000000FF000000FF000000FF000000FF000000FF000000FF000000FF000000FF000000FF000000FF000000FF000000FF000000FF000000FF000000FF000000FF000000FF000000FF000000FF000000FF000000FF000000FFA9F922FFA9F922FF000000FF000000FF000000FF000000FF000000FF000000FF000000FF000000FF000000FF000000FFA9F922FFA9F922FFA9F922FFA9F922FFA9F922FFA9F922FF000000FF000000FF000000FF000000FF000000FF000000FFA9F922FFA9F922FFA9F922FFA9F922FFA9F922FFA9F922FFA9F922FFA9F922FF000000FF000000FF000000FF000000FF000000FF000000FF000000FF000000FFA9F922FFA9F922FFA9F922FFA9F922FFA9F922FFA9F922FF000000FF000000FF000000FF000000FF000000FF000000FF000000FF000000FFA9F922FFA9F922FFA9F922FFA9F922FFA9F922FFA9F922FF000000FF000000FF000000FF000000FF000000FF000000FF000000FF000000FF000000FF000000FF000000FF000000FF000000FF000000FF000000FF000000FF000000FF000000FF000000FF000000FF000000FF000000FF000000FF000000FF000000FF000000FF000000FF000000FF000000FF000000FF000000FF000000FF000000FF000000FF000000FF000000FF000000FF000000FF000000FF000000FFA9F922FFA9F922FF000000FF000000FF000000FF000000FF000000FF000000FFA9F922FFA9F922FFA9F922FFA9F922FFA9F922FFA9F922FFA9F922FFA9F922FF000000FF000000FF000000FF000000FF000000FF000000FF000000FF000000FF000000FF000000FF000000FF000000FF000000FF000000FF000000FF000000FF000000FF000000FF000000FF000000FF000000FF000000FF000000FF000000FFA9F922FFA9F922FFA9F922FFA9F922FFA9F922FFA9F922FF000000FF000000FF000000FF000000FF000000FF000000FF000000FF000000FFA9F922FFA9F922FF000000FF000000FF000000FF000000FF000000FF000000FF000000FF000000FF000000FF000000FF000000FF000000FF000000FF000000FF000000FF000000FF000000FF000000FF000000FF000000FF000000FF000000FF000000FF000000FF000000FF000000FFA9F922FFA9F922FFA9F922FFA9F922FFA9F922FFA9F922FF000000FF000000FF000000FF000000FFA9F922FFA9F922FFA9F922FFA9F922FFA9F922FFA9F922FFA9F922FFA9F922FFA9F922FFA9F922FF000000FF000000FF000000FF000000FF000000FF000000FF000000FF000000FF000000FF000000FF000000FF000000FF000000FF000000FF000000FF000000FF000000FF000000FFA9F922FFA9F922FFA9F922FFA9F922FFA9F922FFA9F922FFA9F922FFA9F922FFA9F922FFA9F922FF000000FF000000FF000000FF000000FF000000FF000000FFA9F922FFA9F922FFA9F922FFA9F922FFA9F922FFA9F922FF000000FF000000FF000000FF000000FF000000FF000000FF000000FF000000FF000000FF000000FF000000FF000000FF000000FF000000FF000000FF000000FF000000FF000000FF000000FF000000FF000000FF000000FFA9F922FFA9F922FFA9F922FFA9F922FFA9F922FFA9F922FF000000FF000000FF000000FF000000FF000000FF000000FF000000FF000000FFA9F922FFA9F922FFA9F922FFA9F922FFA9F922FFA9F922FF000000FF000000FF000000FF000000FF000000FF000000FF000000FF000000FF000000FF000000FF000000FF000000FF000000FF000000FF000000FF000000FF000000FF000000FF000000FF000000FF000000FF000000FF000000FF000000FF000000FF000000FFA9F922FFA9F922FF000000FF000000FF000000FF000000FF000000FF000000FF000000FF000000FFA9F922FFA9F922FFA9F922FFA9F922FFA9F922FFA9F922FF000000FF000000FF000000FF000000FF000000FF000000FF000000FF000000FF000000FF000000FF000000FF000000FF000000FF000000FF000000FF000000FF000000FF000000FF000000FF000000FF000000FF000000FF000000FF000000FFA9F922FFA9F922FFA9F922FFA9F922FFA9F922FFA9F922FF000000FF000000FF000000FF000000FF000000FF000000FFA9F922FFA9F922FFA9F922FFA9F922FFA9F922FFA9F922FF000000FF000000FF000000FF000000FF000000FF000000FF000000FF000000FF000000FF000000FF000000FF000000FF000000FF000000FF000000FF000000FF000000FF000000FF000000FF000000FF000000FF000000FF000000FF000000FFA9F922FFA9F922FFA9F922FFA9F922FFA9F922FFA9F922FF000000FF000000FF000000FF000000FFA9F922FFA9F922FFA9F922FFA9F922FFA9F922FFA9F922FFA9F922FFA9F922FFA9F922FFA9F922FF000000FF000000FF000000FF000000FF000000FF000000FF000000FF000000FF000000FF000000FF000000FF000000FF000000FF000000FF000000FF000000FF000000FF000000FF000000FF000000FF000000FF000000FFA9F922FFA9F922FFA9F922FFA9F922FFA9F922FFA9F922FF000000FF000000FF000000FF000000FFA9F922FFA9F922FFA9F922FFA9F922FFA9F922FFA9F922FFA9F922FFA9F922FFA9F922FFA9F922FF000000FF000000FF000000FF000000FF000000FF000000FF000000FF000000FF000000FF000000FF000000FF000000FF000000FF000000FF000000FF000000FF000000FF000000FFA9F922FFA9F922FFA9F922FFA9F922FFA9F922FFA9F922FFA9F922FFA9F922FFA9F922FFA9F922FF000000FF000000FF000000FF000000FFA9F922FFA9F922FFA9F922FFA9F922FFA9F922FFA9F922FFA9F922FFA9F922FFA9F922FFA9F922FF000000FF000000FF000000FF000000FF000000FF000000FF000000FF000000FF000000FF000000FF000000FF000000FF000000FF000000FF000000FF000000FF000000FF000000FF000000FF000000FFA9F922FFA9F922FFA9F922FFA9F922FFA9F922FFA9F922FF000000FF000000FF000000FF000000FF000000FF000000FFA9F922FFA9F922FFA9F922FFA9F922FFA9F922FFA9F922FFA9F922FFA9F922FF000000FF000000FF000000FF000000FF000000FF000000FF000000FF000000FF000000FF000000FF000000FF000000FF000000FF000000FF000000FF000000FF000000FF000000FF000000FF000000FF000000FF000000FF000000FF000000FFA9F922FFA9F922FF000000FF000000FF000000FF000000FF000000FF000000FF000000FF000000FF000000FF000000FFA9F922FFA9F922FFA9F922FFA9F922FFA9F922FFA9F922FF000000FF000000FF000000FF000000FF000000FF000000FFA9F922FFA9F922FFA9F922FFA9F922FFA9F922FFA9F922FFA9F922FFA9F922FF000000FF000000FF000000FF000000FF000000FF000000FF000000FF000000FFA9F922FFA9F922FFA9F922FFA9F922FFA9F922FFA9F922FF000000FF000000FF000000FF000000FF000000FF000000FF000000FF000000FFA9F922FFA9F922FFA9F922FFA9F922FFA9F922FFA9F922FF000000FF000000FF000000FF000000FF000000FF000000FF000000FF000000FF000000FF000000FF000000FF000000FF000000FF000000FF000000FF000000FF000000FF000000FF000000FF000000FF000000FF000000FF000000FF000000FF000000FF000000FF000000FF000000FF000000FF000000FF000000FF000000FF000000FF000000FF000000FF000000FF000000FF000000FF000000FF000000FFA9F922FFA9F922FF000000FF000000FF000000FF000000FF000000FF000000FFA9F922FFA9F922FFA9F922FFA9F922FFA9F922FFA9F922FFA9F922FFA9F922FF000000FF000000FF000000FF000000FF000000FF000000FF000000FF000000FF000000FF000000FF000000FF000000FF000000FF000000FF000000FF000000FF000000FF000000FF000000FF000000FF000000FF000000FF000000FF000000FFA9F922FFA9F922FFA9F922FFA9F922FFA9F922FFA9F922FF000000FF000000FF000000FF000000FF000000FF000000FF000000FF000000FFA9F922FFA9F922FF000000FF000000FF000000FF000000FF000000FF000000FF000000FF000000FF000000FF000000FF000000FF000000FF000000FF000000FF000000FF000000FF000000FF000000FF000000FF000000FF000000FF000000FF000000FF000000FF000000FF000000FFA9F922FFA9F922FFA9F922FFA9F922FFA9F922FFA9F922FF000000FF000000FF000000FF000000FFA9F922FFA9F922FFA9F922FFA9F922FFA9F922FFA9F922FFA9F922FFA9F922FFA9F922FFA9F922FF000000FF000000FF000000FF000000FF000000FF000000FF000000FF000000FF000000FF000000FF000000FF000000FF000000FF000000FF000000FF000000FF000000FF000000FFA9F922FFA9F922FFA9F922FFA9F922FFA9F922FFA9F922FFA9F922FFA9F922FFA9F922FFA9F922FF000000FF000000FF000000FF000000FF000000FF000000FFA9F922FFA9F922FFA9F922FFA9F922FFA9F922FFA9F922FF000000FF000000FF000000FF000000FF000000FF000000FF000000FF000000FF000000FF000000FF000000FF000000FF000000FF000000FF000000FF000000FF000000FF000000FF000000FF000000FF000000FF000000FFA9F922FFA9F922FFA9F922FFA9F922FFA9F922FFA9F922FF000000FF000000FF000000FF000000FF000000FF000000FF000000FF000000FFA9F922FFA9F922FFA9F922FFA9F922FFA9F922FFA9F922FF000000FF000000FF000000FF000000FF000000FF000000FF000000FF000000FF000000FF000000FF000000FF000000FF000000FF000000FF000000FF000000FF000000FF000000FF000000FF000000FF000000FF000000FF000000FF000000FF000000FF000000FFA9F922FFA9F922FF000000FF000000FF000000FF000000FF000000FF000000FF000000FF000000FFA9F922FFA9F922FFA9F922FFA9F922FFA9F922FFA9F922FF000000FF000000FF000000FF000000FF000000FF000000FF000000FF000000FF000000FF000000FF000000FF000000FF000000FF000000FF000000FF000000FF000000FF000000FF000000FF000000FF000000FF000000FF000000FF000000FFA9F922FFA9F922FFA9F922FFA9F922FFA9F922FFA9F922FF000000FF000000FF000000FF000000FF000000FF000000FFA9F922FFA9F922FFA9F922FFA9F922FFA9F922FFA9F922FF000000FF000000FF000000FF000000FF000000FF000000FF000000FF000000FF000000FF000000FF000000FF000000FF000000FF000000FF000000FF000000FF000000FF000000FF000000FF000000FF000000FF000000FF000000FF000000FFA9F922FFA9F922FFA9F922FFA9F922FFA9F922FFA9F922FF000000FF000000FF000000FF000000FFA9F922FFA9F922FFA9F922FFA9F922FFA9F922FFA9F922FFA9F922FFA9F922FFA9F922FFA9F922FF000000FF000000FF000000FF000000FF000000FF000000FF000000FF000000FF000000FF000000FF000000FF000000FF000000FF000000FF000000FF000000FF000000FF000000FF000000FF000000FF000000FF000000FFA9F922FFA9F922FFA9F922FFA9F922FFA9F922FFA9F922FF000000FF000000FF000000FF000000FFA9F922FFA9F922FFA9F922FFA9F922FFA9F922FFA9F922FFA9F922FFA9F922FFA9F922FFA9F922FF000000FF000000FF000000FF000000FF000000FF000000FF000000FF000000FF000000FF000000FF000000FF000000FF000000FF000000FF000000FF000000FF000000FF000000FFA9F922FFA9F922FFA9F922FFA9F922FFA9F922FFA9F922FFA9F922FFA9F922FFA9F922FFA9F922FF000000FF000000FF000000FF000000FFA9F922FFA9F922FFA9F922FFA9F922FFA9F922FFA9F922FFA9F922FFA9F922FFA9F922FFA9F922FF000000FF000000FF000000FF000000FF000000FF000000FF000000FF000000FF000000FF000000FF000000FF000000FF000000FF000000FF000000FF000000FF000000FF000000FF000000FF000000FFA9F922FFA9F922FFA9F922FFA9F922FFA9F922FFA9F922FF000000FF000000FF000000FF000000FF000000FF000000FFA9F922FFA9F922FFA9F922FFA9F922FFA9F922FFA9F922FFA9F922FFA9F922FF000000FF000000FF000000FF000000FF000000FF000000FF000000FF000000FF000000FF000000FF000000FF000000FF000000FF000000FF000000FF000000FF000000FF000000FF000000FF000000FFA9F922FFA9F922FF000000FF000000FFA9F922FFA9F922FF000000FF000000FFA9F922FFA9F922FF000000FF000000FF000000FF000000FFA9F922FFA9F922FF000000FF000000FF000000FF000000FF000000FF000000FFA9F922FFA9F922FF000000FF000000FF000000FF000000FFA9F922FFA9F922FF000000FF000000FF000000FF000000FF000000FF000000FFA9F922FFA9F922FF000000FF000000FF000000FF000000FFA9F922FFA9F922FF000000FF000000FF000000FF000000FF000000FF000000FFA9F922FFA9F922FF000000FF000000FF000000FF000000FFA9F922FFA9F922FF000000FF000000FF000000FF000000FF000000FF000000FFA9F922FFA9F922FF000000FF000000FF000000FF000000FF000000FF000000FF000000FF000000FF000000FF000000FF000000FF000000FF000000FF000000FF000000FF000000FF000000FF000000FF000000FF000000FF000000FF000000FF000000FF000000FF000000FF000000FF000000FF000000FF000000FF000000FF000000FF000000FF000000FF000000FF000000FF000000FFA9F922FFA9F922FFA9F922FFA9F922FF000000FF000000FF000000FF000000FF000000FF000000FFA9F922FFA9F922FF000000FF000000FF000000FF000000FF000000FF000000FFA9F922FFA9F922FF000000FF000000FF000000FF000000FF000000FF000000FF000000FF000000FF000000FF000000FF000000FF000000FF000000FF000000FF000000FF000000FF000000FF000000FF000000FF000000FFA9F922FFA9F922FF000000FF000000FF000000FF000000FF000000FF000000FF000000FF000000FF000000FF000000FF000000FF000000FFA9F922FFA9F922FFA9F922FFA9F922FF000000FF000000FF000000FF000000FF000000FF000000FF000000FF000000FF000000FF000000FF000000FF000000FF000000FF000000FF000000FF000000FF000000FF000000FF000000FF000000FF000000FF000000FF000000FF000000FFA9F922FFA9F922FF000000FF000000FF000000FF000000FF000000FF000000FF000000FF000000FF000000FF000000FFA9F922FFA9F922FF000000FF000000FF000000FF000000FF000000FF000000FF000000FF000000FF000000FF000000FF000000FF000000FF000000FF000000FF000000FF000000FF000000FF000000FF000000FF000000FF000000FF000000FF000000FF000000FF000000FF000000FF000000FF000000FF000000FF000000FF000000FF000000FF000000FF000000FFA9F922FFA9F922FF000000FF000000FF000000FF000000FFA9F922FFA9F922FF000000FF000000FF000000FF000000FF000000FF000000FFA9F922FFA9F922FF000000FF000000FF000000FF000000FF000000FF000000FF000000FF000000FF000000FF000000FF000000FF000000FF000000FF000000FF000000FF000000FF000000FF000000FFA9F922FFA9F922FF000000FF000000FF000000FF000000FF000000FF000000FFA9F922FFA9F922FF000000FF000000FF000000FF000000FFA9F922FFA9F922FF000000FF000000FF000000FF000000FF000000FF000000FFA9F922FFA9F922FF000000FF000000FF000000FF000000FF000000FF000000FF000000FF000000FF000000FF000000FF000000FF000000FF000000FF000000FF000000FF000000FF000000FF000000FF000000FF000000FF000000FF000000FFA9F922FFA9F922FFA9F922FFA9F922FF000000FF000000FF000000FF000000FF000000FF000000FFA9F922FFA9F922FF000000FF000000FF000000FF000000FF000000FF000000FFA9F922FFA9F922FF000000FF000000FF000000FF000000FF000000FF000000FF000000FF000000FF000000FF000000FF000000FF000000FF000000FF000000FF000000FF000000FF000000FF000000FF000000FF000000FFA9F922FFA9F922FF000000FF000000FF000000FF000000FF000000FF000000FF000000FF000000FF000000FF000000FFA9F922FFA9F922FF000000FF000000FF000000FF000000FF000000FF000000FFA9F922FFA9F922FF000000FF000000FF000000FF000000FF000000FF000000FF000000FF000000FF000000FF000000FF000000FF000000FF000000FF000000FF000000FF000000FF000000FF000000FF000000FF000000FFA9F922FFA9F922FF000000FF000000FF000000FF000000FF000000FF000000FF000000FF000000FF000000FF000000FFA9F922FFA9F922FF000000FF000000FF000000FF000000FF000000FF000000FF000000FF000000FF000000FF000000FF000000FF000000FF000000FF000000FF000000FF000000FF000000FF000000FF000000FF000000FF000000FF000000FF000000FF000000FF000000FF000000FF000000FF000000FFA9F922FFA9F922FF000000FF000000FF000000FF000000FF000000FF000000FF000000FF000000FF000000FF000000FFA9F922FFA9F922FF000000FF000000FF000000FF000000FF000000FF000000FF000000FF000000FF000000FF000000FF000000FF000000FF000000FF000000FF000000FF000000FF000000FF000000FF000000FF000000FF000000FF000000FF000000FF000000FF000000FF000000FF000000FF000000FF000000FF000000FF000000FF000000FF000000FF000000FFA9F922FFA9F922FF000000FF000000FF000000FF000000FF000000FF000000FF000000FF000000FF000000FF000000FF000000FF000000FFA9F922FFA9F922FF000000FF000000FF000000FF000000FF000000FF000000FF000000FF000000FF000000FF000000FF000000FF000000FF000000FF000000FF000000FF000000FF000000FF000000FFA9F922FFA9F922FF000000FF000000FF000000FF000000FF000000FF000000FFA9F922FFA9F922FF000000FF000000FF000000FF000000FFA9F922FFA9F922FF000000FF000000FF000000FF000000FF000000FF000000FFA9F922FFA9F922FF000000FF000000FF000000FF000000FF000000FF000000FF000000FF000000FF000000FF000000FF000000FF000000FF000000FF000000FF000000FF000000FF000000FF000000FFA9F922FFA9F922FF000000FF000000FFA9F922FFA9F922FF000000FF000000FFA9F922FFA9F922FF000000FF000000FF000000FF000000FFA9F922FFA9F922FF000000FF000000FF000000FF000000FF000000FF000000FFA9F922FFA9F922FF000000FF000000FF000000FF000000FFA9F922FFA9F922FF000000FF000000FF000000FF000000FF000000FF000000FFA9F922FFA9F922FF000000FF000000FF000000FF000000FFA9F922FFA9F922FF000000FF000000FF000000FF000000FF000000FF000000FFA9F922FFA9F922FF000000FF000000FF000000FF000000FFA9F922FFA9F922FF000000FF000000FF000000FF000000FF000000FF000000FFA9F922FFA9F922FF000000FF000000FF000000FF000000FF000000FF000000FF000000FF000000FF000000FF000000FF000000FF000000FF000000FF000000FF000000FF000000FF000000FF000000FF000000FF000000FF000000FF000000FF000000FF000000FF000000FF000000FF000000FF000000FF000000FF000000FF000000FF000000FF000000FF000000FF000000FF000000FFA9F922FFA9F922FFA9F922FFA9F922FF000000FF000000FF000000FF000000FF000000FF000000FFA9F922FFA9F922FF000000FF000000FF000000FF000000FF000000FF000000FFA9F922FFA9F922FF000000FF000000FF000000FF000000FF000000FF000000FF000000FF000000FF000000FF000000FF000000FF000000FF000000FF000000FF000000FF000000FF000000FF000000FF000000FF000000FFA9F922FFA9F922FF000000FF000000FF000000FF000000FF000000FF000000FF000000FF000000FF000000FF000000FF000000FF000000FFA9F922FFA9F922FFA9F922FFA9F922FF000000FF000000FF000000FF000000FF000000FF000000FF000000FF000000FF000000FF000000FF000000FF000000FF000000FF000000FF000000FF000000FF000000FF000000FF000000FF000000FF000000FF000000FF000000FF000000FFA9F922FFA9F922FF000000FF000000FF000000FF000000FF000000FF000000FF000000FF000000FF000000FF000000FFA9F922FFA9F922FF000000FF000000FF000000FF000000FF000000FF000000FF000000FF000000FF000000FF000000FF000000FF000000FF000000FF000000FF000000FF000000FF000000FF000000FF000000FF000000FF000000FF000000FF000000FF000000FF000000FF000000FF000000FF000000FF000000FF000000FF000000FF000000FF000000FF000000FFA9F922FFA9F922FF000000FF000000FF000000FF000000FFA9F922FFA9F922FF000000FF000000FF000000FF000000FF000000FF000000FFA9F922FFA9F922FF000000FF000000FF000000FF000000FF000000FF000000FF000000FF000000FF000000FF000000FF000000FF000000FF000000FF000000FF000000FF000000FF000000FF000000FFA9F922FFA9F922FF000000FF000000FF000000FF000000FF000000FF000000FFA9F922FFA9F922FF000000FF000000FF000000FF000000FFA9F922FFA9F922FF000000FF000000FF000000FF000000FF000000FF000000FFA9F922FFA9F922FF000000FF000000FF000000FF000000FF000000FF000000FF000000FF000000FF000000FF000000FF000000FF000000FF000000FF000000FF000000FF000000FF000000FF000000FF000000FF000000FF000000FF000000FFA9F922FFA9F922FFA9F922FFA9F922FF000000FF000000FF000000FF000000FF000000FF000000FFA9F922FFA9F922FF000000FF000000FF000000FF000000FF000000FF000000FFA9F922FFA9F922FF000000FF000000FF000000FF000000FF000000FF000000FF000000FF000000FF000000FF000000FF000000FF000000FF000000FF000000FF000000FF000000FF000000FF000000FF000000FF000000FFA9F922FFA9F922FF000000FF000000FF000000FF000000FF000000FF000000FF000000FF000000FF000000FF000000FFA9F922FFA9F922FF000000FF000000FF000000FF000000FF000000FF000000FFA9F922FFA9F922FF000000FF000000FF000000FF000000FF000000FF000000FF000000FF000000FF000000FF000000FF000000FF000000FF000000FF000000FF000000FF000000FF000000FF000000FF000000FF000000FFA9F922FFA9F922FF000000FF000000FF000000FF000000FF000000FF000000FF000000FF000000FF000000FF000000FFA9F922FFA9F922FF000000FF000000FF000000FF000000FF000000FF000000FF000000FF000000FF000000FF000000FF000000FF000000FF000000FF000000FF000000FF000000FF000000FF000000FF000000FF000000FF000000FF000000FF000000FF000000FF000000FF000000FF000000FF000000FFA9F922FFA9F922FF000000FF000000FF000000FF000000FF000000FF000000FF000000FF000000FF000000FF000000FFA9F922FFA9F922FF000000FF000000FF000000FF000000FF000000FF000000FF000000FF000000FF000000FF000000FF000000FF000000FF000000FF000000FF000000FF000000FF000000FF000000FF000000FF000000FF000000FF000000FF000000FF000000FF000000FF000000FF000000FF000000FF000000FF000000FF000000FF000000FF000000FF000000FFA9F922FFA9F922FF000000FF000000FF000000FF000000FF000000FF000000FF000000FF000000FF000000FF000000FF000000FF000000FFA9F922FFA9F922FF000000FF000000FF000000FF000000FF000000FF000000FF000000FF000000FF000000FF000000FF000000FF000000FF000000FF000000FF000000FF000000FF000000FF000000FFA9F922FFA9F922FF000000FF000000FF000000FF000000FF000000FF000000FFA9F922FFA9F922FF000000FF000000FF000000FF000000FFA9F922FFA9F922FF000000FF000000FF000000FF000000FF000000FF000000FFA9F922FFA9F922FF000000FF000000FF000000FF000000FF000000FF000000FF000000FF000000FF000000FF000000FF000000FF000000FF000000FF000000FF000000FF000000FF000000FF000000FF000000FF000000FFA9F922FFA9F922FFA9F922FFA9F922FFA9F922FFA9F922FF000000FF000000FF000000FF000000FF000000FF000000FF000000FF000000FF000000FF000000FF000000FF000000FF000000FF000000FFA9F922FFA9F922FF000000FF000000FF000000FF000000FFA9F922FFA9F922FF000000FF000000FF000000FF000000FF000000FF000000FFA9F922FFA9F922FF000000FF000000FF000000FF000000FFA9F922FFA9F922FF000000FF000000FF000000FF000000FF000000FF000000FF000000FF000000FF000000FF000000FF000000FF000000FFA9F922FFA9F922FF000000FF000000FF000000FF000000FFA9F922FFA9F922FFA9F922FFA9F922FF000000FF000000FF000000FF000000FF000000FF000000FF000000FF000000FFA9F922FFA9F922FF000000FF000000FF000000FF000000FF000000FF000000FF000000FF000000FF000000FF000000FF000000FF000000FF000000FF000000FF000000FF000000FF000000FF000000FF000000FF000000FF000000FF000000FF000000FF000000FFA9F922FFA9F922FF000000FF000000FFA9F922FFA9F922FF000000FF000000FF000000FF000000FF000000FF000000FFA9F922FFA9F922FF000000FF000000FF000000FF000000FF000000FF000000FFA9F922FFA9F922FF000000FF000000FF000000FF000000FF000000FF000000FF000000FF000000FF000000FF000000FF000000FF000000FF000000FF000000FF000000FF000000FF000000FF000000FFA9F922FFA9F922FF000000FF000000FF000000FF000000FF000000FF000000FF000000FF000000FF000000FF000000FF000000FF000000FF000000FF000000FF000000FF000000FFA9F922FFA9F922FF000000FF000000FF000000FF000000FF000000FF000000FF000000FF000000FF000000FF000000FF000000FF000000FF000000FF000000FF000000FF000000FF000000FF000000FF000000FF000000FF000000FF000000FFA9F922FFA9F922FF000000FF000000FF000000FF000000FF000000FF000000FF000000FF000000FF000000FF000000FF000000FF000000FFA9F922FFA9F922FF000000FF000000FF000000FF000000FF000000FF000000FF000000FF000000FF000000FF000000FF000000FF000000FF000000FF000000FF000000FF000000FF000000FF000000FF000000FF000000FF000000FF000000FF000000FF000000FF000000FF000000FF000000FF000000FF000000FF000000FF000000FF000000FFA9F922FFA9F922FF000000FF000000FF000000FF000000FF000000FF000000FFA9F922FFA9F922FF000000FF000000FF000000FF000000FF000000FF000000FFA9F922FFA9F922FF000000FF000000FF000000FF000000FF000000FF000000FF000000FF000000FF000000FF000000FF000000FF000000FF000000FF000000FF000000FF000000FF000000FF000000FF000000FF000000FF000000FF000000FF000000FF000000FF000000FF000000FFA9F922FFA9F922FF000000FF000000FF000000FF000000FFA9F922FFA9F922FF000000FF000000FF000000FF000000FFA9F922FFA9F922FFA9F922FFA9F922FF000000FF000000FF000000FF000000FF000000FF000000FF000000FF000000FF000000FF000000FF000000FF000000FF000000FF000000FF000000FF000000FF000000FF000000FF000000FF000000FFA9F922FFA9F922FF000000FF000000FFA9F922FFA9F922FF000000FF000000FF000000FF000000FF000000FF000000FFA9F922FFA9F922FF000000FF000000FF000000FF000000FF000000FF000000FF000000FF000000FF000000FF000000FF000000FF000000FF000000FF000000FF000000FF000000FF000000FF000000FF000000FF000000FF000000FF000000FF000000FF000000FF000000FF000000FFA9F922FFA9F922FF000000FF000000FF000000FF000000FF000000FF000000FF000000FF000000FF000000FF000000FF000000FF000000FFA9F922FFA9F922FF000000FF000000FF000000FF000000FF000000FF000000FFA9F922FFA9F922FF000000FF000000FF000000FF000000FF000000FF000000FF000000FF000000FF000000FF000000FF000000FF000000FF000000FF000000FF000000FF000000FF000000FF000000FFA9F922FFA9F922FF000000FF000000FF000000FF000000FF000000FF000000FF000000FF000000FF000000FF000000FF000000FF000000FFA9F922FFA9F922FF000000FF000000FF000000FF000000FF000000FF000000FF000000FF000000FF000000FF000000FF000000FF000000FF000000FF000000FF000000FF000000FF000000FF000000FF000000FF000000FF000000FF000000FF000000FF000000FF000000FF000000FFA9F922FFA9F922FF000000FF000000FF000000FF000000FF000000FF000000FF000000FF000000FF000000FF000000FF000000FF000000FFA9F922FFA9F922FFA9F922FFA9F922FFA9F922FFA9F922FFA9F922FFA9F922FF000000FF000000FF000000FF000000FF000000FF000000FF000000FF000000FF000000FF000000FF000000FF000000FF000000FF000000FF000000FF000000FF000000FF000000FF000000FF000000FF000000FF000000FF000000FF000000FF000000FF000000FFA9F922FFA9F922FF000000FF000000FF000000FF000000FF000000FF000000FF000000FF000000FF000000FF000000FF000000FF000000FFA9F922FFA9F922FF000000FF000000FF000000FF000000FF000000FF000000FF000000FF000000FF000000FF000000FF000000FF000000FF000000FF000000FF000000FF000000FF000000FF000000FF000000FF000000FFA9F922FFA9F922FF000000FF000000FF000000FF000000FFA9F922FFA9F922FFA9F922FFA9F922FF000000FF000000FF000000FF000000FFA9F922FFA9F922FF000000FF000000FF000000FF000000FF000000FF000000FFA9F922FFA9F922FF000000FF000000FF000000FF000000FF000000FF000000FF000000FF000000FF000000FF000000FF000000FF000000FF000000FF000000FF000000FF000000FF000000FF000000FF000000FF000000FFA9F922FFA9F922FFA9F922FFA9F922FFA9F922FFA9F922FF000000FF000000FF000000FF000000FF000000FF000000FF000000FF000000FF000000FF000000FF000000FF000000FF000000FF000000FFA9F922FFA9F922FF000000FF000000FF000000FF000000FFA9F922FFA9F922FF000000FF000000FF000000FF000000FF000000FF000000FFA9F922FFA9F922FF000000FF000000FF000000FF000000FFA9F922FFA9F922FF000000FF000000FF000000FF000000FF000000FF000000FF000000FF000000FF000000FF000000FF000000FF000000FFA9F922FFA9F922FF000000FF000000FF000000FF000000FFA9F922FFA9F922FFA9F922FFA9F922FF000000FF000000FF000000FF000000FF000000FF000000FF000000FF000000FFA9F922FFA9F922FF000000FF000000FF000000FF000000FF000000FF000000FF000000FF000000FF000000FF000000FF000000FF000000FF000000FF000000FF000000FF000000FF000000FF000000FF000000FF000000FF000000FF000000FF000000FF000000FFA9F922FFA9F922FF000000FF000000FFA9F922FFA9F922FF000000FF000000FF000000FF000000FF000000FF000000FFA9F922FFA9F922FF000000FF000000FF000000FF000000FF000000FF000000FFA9F922FFA9F922FF000000FF000000FF000000FF000000FF000000FF000000FF000000FF000000FF000000FF000000FF000000FF000000FF000000FF000000FF000000FF000000FF000000FF000000FFA9F922FFA9F922FF000000FF000000FF000000FF000000FF000000FF000000FF000000FF000000FF000000FF000000FF000000FF000000FF000000FF000000FF000000FF000000FFA9F922FFA9F922FF000000FF000000FF000000FF000000FF000000FF000000FF000000FF000000FF000000FF000000FF000000FF000000FF000000FF000000FF000000FF000000FF000000FF000000FF000000FF000000FF000000FF000000FFA9F922FFA9F922FF000000FF000000FF000000FF000000FF000000FF000000FF000000FF000000FF000000FF000000FF000000FF000000FFA9F922FFA9F922FF000000FF000000FF000000FF000000FF000000FF000000FF000000FF000000FF000000FF000000FF000000FF000000FF000000FF000000FF000000FF000000FF000000FF000000FF000000FF000000FF000000FF000000FF000000FF000000FF000000FF000000FF000000FF000000FF000000FF000000FF000000FF000000FFA9F922FFA9F922FF000000FF000000FF000000FF000000FF000000FF000000FFA9F922FFA9F922FF000000FF000000FF000000FF000000FF000000FF000000FFA9F922FFA9F922FF000000FF000000FF000000FF000000FF000000FF000000FF000000FF000000FF000000FF000000FF000000FF000000FF000000FF000000FF000000FF000000FF000000FF000000FF000000FF000000FF000000FF000000FF000000FF000000FF000000FF000000FFA9F922FFA9F922FF000000FF000000FF000000FF000000FFA9F922FFA9F922FF000000FF000000FF000000FF000000FFA9F922FFA9F922FFA9F922FFA9F922FF000000FF000000FF000000FF000000FF000000FF000000FF000000FF000000FF000000FF000000FF000000FF000000FF000000FF000000FF000000FF000000FF000000FF000000FF000000FF000000FFA9F922FFA9F922FF000000FF000000FFA9F922FFA9F922FF000000FF000000FF000000FF000000FF000000FF000000FFA9F922FFA9F922FF000000FF000000FF000000FF000000FF000000FF000000FF000000FF000000FF000000FF000000FF000000FF000000FF000000FF000000FF000000FF000000FF000000FF000000FF000000FF000000FF000000FF000000FF000000FF000000FF000000FF000000FFA9F922FFA9F922FF000000FF000000FF000000FF000000FF000000FF000000FF000000FF000000FF000000FF000000FF000000FF000000FFA9F922FFA9F922FF000000FF000000FF000000FF000000FF000000FF000000FFA9F922FFA9F922FF000000FF000000FF000000FF000000FF000000FF000000FF000000FF000000FF000000FF000000FF000000FF000000FF000000FF000000FF000000FF000000FF000000FF000000FFA9F922FFA9F922FF000000FF000000FF000000FF000000FF000000FF000000FF000000FF000000FF000000FF000000FF000000FF000000FFA9F922FFA9F922FF000000FF000000FF000000FF000000FF000000FF000000FF000000FF000000FF000000FF000000FF000000FF000000FF000000FF000000FF000000FF000000FF000000FF000000FF000000FF000000FF000000FF000000FF000000FF000000FF000000FF000000FFA9F922FFA9F922FF000000FF000000FF000000FF000000FF000000FF000000FF000000FF000000FF000000FF000000FF000000FF000000FFA9F922FFA9F922FFA9F922FFA9F922FFA9F922FFA9F922FFA9F922FFA9F922FF000000FF000000FF000000FF000000FF000000FF000000FF000000FF000000FF000000FF000000FF000000FF000000FF000000FF000000FF000000FF000000FF000000FF000000FF000000FF000000FF000000FF000000FF000000FF000000FF000000FF000000FFA9F922FFA9F922FF000000FF000000FF000000FF000000FF000000FF000000FF000000FF000000FF000000FF000000FF000000FF000000FFA9F922FFA9F922FF000000FF000000FF000000FF000000FF000000FF000000FF000000FF000000FF000000FF000000FF000000FF000000FF000000FF000000FF000000FF000000FF000000FF000000FF000000FF000000FFA9F922FFA9F922FF000000FF000000FF000000FF000000FFA9F922FFA9F922FFA9F922FFA9F922FF000000FF000000FF000000FF000000FFA9F922FFA9F922FF000000FF000000FF000000FF000000FF000000FF000000FFA9F922FFA9F922FF000000FF000000FF000000FF000000FF000000FF000000FF000000FF000000FF000000FF000000FF000000FF000000FF000000FF000000FF000000FF000000FF000000FF000000FF000000FF000000FF000000FF000000FFA9F922FFA9F922FF000000FF000000FF000000FF000000FF000000FF000000FF000000FF000000FF000000FF000000FF000000FF000000FFA9F922FFA9F922FFA9F922FFA9F922FF000000FF000000FF000000FF000000FF000000FF000000FFA9F922FFA9F922FF000000FF000000FF000000FF000000FF000000FF000000FFA9F922FFA9F922FF000000FF000000FF000000FF000000FFA9F922FFA9F922FF000000FF000000FF000000FF000000FF000000FF000000FF000000FF000000FF000000FF000000FF000000FF000000FFA9F922FFA9F922FF000000FF000000FFA9F922FFA9F922FF000000FF000000FFA9F922FFA9F922FF000000FF000000FF000000FF000000FF000000FF000000FF000000FF000000FF000000FF000000FF000000FF000000FF000000FF000000FF000000FF000000FF000000FF000000FF000000FF000000FF000000FF000000FF000000FF000000FF000000FF000000FF000000FF000000FF000000FF000000FF000000FF000000FFA9F922FFA9F922FF000000FF000000FF000000FF000000FFA9F922FFA9F922FF000000FF000000FF000000FF000000FF000000FF000000FFA9F922FFA9F922FF000000FF000000FF000000FF000000FF000000FF000000FFA9F922FFA9F922FF000000FF000000FF000000FF000000FF000000FF000000FF000000FF000000FF000000FF000000FF000000FF000000FF000000FF000000FF000000FF000000FF000000FF000000FFA9F922FFA9F922FFA9F922FFA9F922FFA9F922FFA9F922FFA9F922FFA9F922FF000000FF000000FF000000FF000000FF000000FF000000FF000000FF000000FF000000FF000000FFA9F922FFA9F922FF000000FF000000FF000000FF000000FF000000FF000000FF000000FF000000FF000000FF000000FF000000FF000000FF000000FF000000FF000000FF000000FF000000FF000000FF000000FF000000FF000000FF000000FFA9F922FFA9F922FFA9F922FFA9F922FFA9F922FFA9F922FFA9F922FFA9F922FF000000FF000000FF000000FF000000FF000000FF000000FFA9F922FFA9F922FFA9F922FFA9F922FFA9F922FFA9F922FFA9F922FFA9F922FF000000FF000000FF000000FF000000FF000000FF000000FF000000FF000000FF000000FF000000FF000000FF000000FF000000FF000000FF000000FF000000FF000000FF000000FF000000FF000000FF000000FF000000FF000000FF000000FFA9F922FFA9F922FF000000FF000000FF000000FF000000FF000000FF000000FF000000FF000000FF000000FF000000FFA9F922FFA9F922FFA9F922FFA9F922FFA9F922FFA9F922FFA9F922FFA9F922FF000000FF000000FF000000FF000000FF000000FF000000FF000000FF000000FF000000FF000000FF000000FF000000FF000000FF000000FF000000FF000000FF000000FF000000FF000000FF000000FF000000FF000000FFA9F922FFA9F922FFA9F922FFA9F922FF000000FF000000FF000000FF000000FF000000FF000000FFA9F922FFA9F922FF000000FF000000FFA9F922FFA9F922FF000000FF000000FFA9F922FFA9F922FF000000FF000000FF000000FF000000FF000000FF000000FF000000FF000000FF000000FF000000FF000000FF000000FF000000FF000000FF000000FF000000FF000000FF000000FFA9F922FFA9F922FF000000FF000000FF000000FF000000FFA9F922FFA9F922FF000000FF000000FF000000FF000000FF000000FF000000FFA9F922FFA9F922FF000000FF000000FF000000FF000000FF000000FF000000FF000000FF000000FF000000FF000000FF000000FF000000FF000000FF000000FF000000FF000000FF000000FF000000FF000000FF000000FF000000FF000000FF000000FF000000FF000000FF000000FFA9F922FFA9F922FFA9F922FFA9F922FFA9F922FFA9F922FFA9F922FFA9F922FF000000FF000000FF000000FF000000FF000000FF000000FF000000FF000000FFA9F922FFA9F922FFA9F922FFA9F922FFA9F922FFA9F922FFA9F922FFA9F922FF000000FF000000FF000000FF000000FF000000FF000000FF000000FF000000FF000000FF000000FF000000FF000000FF000000FF000000FF000000FF000000FF000000FF000000FFA9F922FFA9F922FFA9F922FFA9F922FFA9F922FFA9F922FFA9F922FFA9F922FF000000FF000000FF000000FF000000FF000000FF000000FFA9F922FFA9F922FFA9F922FFA9F922FFA9F922FFA9F922FFA9F922FFA9F922FF000000FF000000FF000000FF000000FF000000FF000000FF000000FF000000FF000000FF000000FF000000FF000000FF000000FF000000FF000000FF000000FF000000FF000000FF000000FF000000FFA9F922FFA9F922FFA9F922FFA9F922FFA9F922FFA9F922FFA9F922FFA9F922FF000000FF000000FF000000FF000000FF000000FF000000FF000000FF000000FF000000FF000000FF000000FF000000FF000000FF000000FFA9F922FFA9F922FF000000FF000000FF000000FF000000FF000000FF000000FF000000FF000000FF000000FF000000FF000000FF000000FF000000FF000000FF000000FF000000FF000000FF000000FF000000FF000000FF000000FF000000FFA9F922FFA9F922FF000000FF000000FF000000FF000000FF000000FF000000FF000000FF000000FF000000FF000000FF000000FF000000FFA9F922FFA9F922FFA9F922FFA9F922FF000000FF000000FF000000FF000000FF000000FF000000FF000000FF000000FF000000FF000000FF000000FF000000FF000000FF000000FF000000FF000000FF000000FF000000FF000000FF000000FFA9F922FFA9F922FF000000FF000000FFA9F922FFA9F922FF000000FF000000FFA9F922FFA9F922FF000000FF000000FF000000FF000000FFA9F922FFA9F922FF000000FF000000FF000000FF000000FF000000FF000000FFA9F922FFA9F922FF000000FF000000FF000000FF000000FF000000FF000000FF000000FF000000FF000000FF000000FF000000FF000000FF000000FF000000FF000000FF000000FF000000FF000000FF000000FF000000FF000000FF000000FFA9F922FFA9F922FF000000FF000000FF000000FF000000FF000000FF000000FF000000FF000000FF000000FF000000FF000000FF000000FFA9F922FFA9F922FFA9F922FFA9F922FF000000FF000000FF000000FF000000FF000000FF000000FFA9F922FFA9F922FF000000FF000000FF000000FF000000FF000000FF000000FFA9F922FFA9F922FF000000FF000000FF000000FF000000FFA9F922FFA9F922FF000000FF000000FF000000FF000000FF000000FF000000FF000000FF000000FF000000FF000000FF000000FF000000FFA9F922FFA9F922FF000000FF000000FFA9F922FFA9F922FF000000FF000000FFA9F922FFA9F922FF000000FF000000FF000000FF000000FF000000FF000000FF000000FF000000FF000000FF000000FF000000FF000000FF000000FF000000FF000000FF000000FF000000FF000000FF000000FF000000FF000000FF000000FF000000FF000000FF000000FF000000FF000000FF000000FF000000FF000000FF000000FF000000FFA9F922FFA9F922FF000000FF000000FF000000FF000000FFA9F922FFA9F922FF000000FF000000FF000000FF000000FF000000FF000000FFA9F922FFA9F922FF000000FF000000FF000000FF000000FF000000FF000000FFA9F922FFA9F922FF000000FF000000FF000000FF000000FF000000FF000000FF000000FF000000FF000000FF000000FF000000FF000000FF000000FF000000FF000000FF000000FF000000FF000000FFA9F922FFA9F922FFA9F922FFA9F922FFA9F922FFA9F922FFA9F922FFA9F922FF000000FF000000FF000000FF000000FF000000FF000000FF000000FF000000FF000000FF000000FFA9F922FFA9F922FF000000FF000000FF000000FF000000FF000000FF000000FF000000FF000000FF000000FF000000FF000000FF000000FF000000FF000000FF000000FF000000FF000000FF000000FF000000FF000000FF000000FF000000FFA9F922FFA9F922FFA9F922FFA9F922FFA9F922FFA9F922FFA9F922FFA9F922FF000000FF000000FF000000FF000000FF000000FF000000FFA9F922FFA9F922FFA9F922FFA9F922FFA9F922FFA9F922FFA9F922FFA9F922FF000000FF000000FF000000FF000000FF000000FF000000FF000000FF000000FF000000FF000000FF000000FF000000FF000000FF000000FF000000FF000000FF000000FF000000FF000000FF000000FF000000FF000000FF000000FF000000FFA9F922FFA9F922FF000000FF000000FF000000FF000000FF000000FF000000FF000000FF000000FF000000FF000000FFA9F922FFA9F922FFA9F922FFA9F922FFA9F922FFA9F922FFA9F922FFA9F922FF000000FF000000FF000000FF000000FF000000FF000000FF000000FF000000FF000000FF000000FF000000FF000000FF000000FF000000FF000000FF000000FF000000FF000000FF000000FF000000FF000000FF000000FFA9F922FFA9F922FFA9F922FFA9F922FF000000FF000000FF000000FF000000FF000000FF000000FFA9F922FFA9F922FF000000FF000000FFA9F922FFA9F922FF000000FF000000FFA9F922FFA9F922FF000000FF000000FF000000FF000000FF000000FF000000FF000000FF000000FF000000FF000000FF000000FF000000FF000000FF000000FF000000FF000000FF000000FF000000FFA9F922FFA9F922FF000000FF000000FF000000FF000000FFA9F922FFA9F922FF000000FF000000FF000000FF000000FF000000FF000000FFA9F922FFA9F922FF000000FF000000FF000000FF000000FF000000FF000000FF000000FF000000FF000000FF000000FF000000FF000000FF000000FF000000FF000000FF000000FF000000FF000000FF000000FF000000FF000000FF000000FF000000FF000000FF000000FF000000FFA9F922FFA9F922FFA9F922FFA9F922FFA9F922FFA9F922FFA9F922FFA9F922FF000000FF000000FF000000FF000000FF000000FF000000FF000000FF000000FFA9F922FFA9F922FFA9F922FFA9F922FFA9F922FFA9F922FFA9F922FFA9F922FF000000FF000000FF000000FF000000FF000000FF000000FF000000FF000000FF000000FF000000FF000000FF000000FF000000FF000000FF000000FF000000FF000000FF000000FFA9F922FFA9F922FFA9F922FFA9F922FFA9F922FFA9F922FFA9F922FFA9F922FF000000FF000000FF000000FF000000FF000000FF000000FFA9F922FFA9F922FFA9F922FFA9F922FFA9F922FFA9F922FFA9F922FFA9F922FF000000FF000000FF000000FF000000FF000000FF000000FF000000FF000000FF000000FF000000FF000000FF000000FF000000FF000000FF000000FF000000FF000000FF000000FF000000FF000000FFA9F922FFA9F922FFA9F922FFA9F922FFA9F922FFA9F922FFA9F922FFA9F922FF000000FF000000FF000000FF000000FF000000FF000000FF000000FF000000FF000000FF000000FF000000FF000000FF000000FF000000FFA9F922FFA9F922FF000000FF000000FF000000FF000000FF000000FF000000FF000000FF000000FF000000FF000000FF000000FF000000FF000000FF000000FF000000FF000000FF000000FF000000FF000000FF000000FF000000FF000000FFA9F922FFA9F922FF000000FF000000FF000000FF000000FF000000FF000000FF000000FF000000FF000000FF000000FF000000FF000000FFA9F922FFA9F922FFA9F922FFA9F922FF000000FF000000FF000000FF000000FF000000FF000000FF000000FF000000FF000000FF000000FF000000FF000000FF000000FF000000FF000000FF000000FF000000FF000000FF000000FF000000FFA9F922FFA9F922FF000000FF000000FFA9F922FFA9F922FF000000FF000000FFA9F922FFA9F922FF000000FF000000FF000000FF000000FFA9F922FFA9F922FF000000FF000000FF000000FF000000FF000000FF000000FFA9F922FFA9F922FF000000FF000000FF000000FF000000FF000000FF000000FF000000FF000000FF000000FF000000FF000000FF000000FF000000FF000000FF000000FF000000FF000000FF000000FF000000FF000000FFA9F922FFA9F922FFA9F922FFA9F922FFA9F922FFA9F922FF000000FF000000FF000000FF000000FF000000FF000000FF000000FF000000FFA9F922FFA9F922FF000000FF000000FF000000FF000000FF000000FF000000FF000000FF000000FF000000FF000000FFA9F922FFA9F922FF000000FF000000FF000000FF000000FF000000FF000000FFA9F922FFA9F922FF000000FF000000FF000000FF000000FFA9F922FFA9F922FF000000FF000000FF000000FF000000FF000000FF000000FF000000FF000000FF000000FF000000FF000000FF000000FFA9F922FFA9F922FFA9F922FFA9F922FF000000FF000000FF000000FF000000FFA9F922FFA9F922FF000000FF000000FF000000FF000000FF000000FF000000FF000000FF000000FFA9F922FFA9F922FF000000FF000000FF000000FF000000FF000000FF000000FF000000FF000000FF000000FF000000FF000000FF000000FF000000FF000000FF000000FF000000FF000000FF000000FF000000FF000000FF000000FF000000FFA9F922FFA9F922FFA9F922FFA9F922FFA9F922FFA9F922FFA9F922FFA9F922FFA9F922FFA9F922FF000000FF000000FF000000FF000000FFA9F922FFA9F922FF000000FF000000FF000000FF000000FF000000FF000000FFA9F922FFA9F922FF000000FF000000FF000000FF000000FF000000FF000000FF000000FF000000FF000000FF000000FF000000FF000000FF000000FF000000FF000000FF000000FF000000FF000000FFA9F922FFA9F922FF000000FF000000FF000000FF000000FF000000FF000000FFA9F922FFA9F922FF000000FF000000FF000000FF000000FF000000FF000000FF000000FF000000FFA9F922FFA9F922FF000000FF000000FF000000FF000000FF000000FF000000FF000000FF000000FF000000FF000000FF000000FF000000FF000000FF000000FF000000FF000000FF000000FF000000FF000000FF000000FF000000FF000000FFA9F922FFA9F922FF000000FF000000FF000000FF000000FF000000FF000000FFA9F922FFA9F922FF000000FF000000FF000000FF000000FFA9F922FFA9F922FF000000FF000000FF000000FF000000FF000000FF000000FF000000FF000000FF000000FF000000FF000000FF000000FF000000FF000000FF000000FF000000FF000000FF000000FF000000FF000000FF000000FF000000FF000000FF000000FF000000FF000000FF000000FF000000FFA9F922FFA9F922FF000000FF000000FF000000FF000000FF000000FF000000FF000000FF000000FF000000FF000000FF000000FF000000FF000000FF000000FF000000FF000000FF000000FF000000FFA9F922FFA9F922FF000000FF000000FF000000FF000000FF000000FF000000FF000000FF000000FF000000FF000000FF000000FF000000FF000000FF000000FF000000FF000000FF000000FF000000FF000000FF000000FFA9F922FFA9F922FF000000FF000000FF000000FF000000FF000000FF000000FF000000FF000000FF000000FF000000FFA9F922FFA9F922FFA9F922FFA9F922FF000000FF000000FF000000FF000000FFA9F922FFA9F922FF000000FF000000FF000000FF000000FF000000FF000000FF000000FF000000FF000000FF000000FF000000FF000000FF000000FF000000FF000000FF000000FF000000FF000000FFA9F922FFA9F922FFA9F922FFA9F922FFA9F922FFA9F922FFA9F922FFA9F922FFA9F922FFA9F922FF000000FF000000FF000000FF000000FFA9F922FFA9F922FF000000FF000000FF000000FF000000FF000000FF000000FF000000FF000000FF000000FF000000FF000000FF000000FF000000FF000000FF000000FF000000FF000000FF000000FF000000FF000000FF000000FF000000FF000000FF000000FF000000FF000000FFA9F922FFA9F922FF000000FF000000FF000000FF000000FF000000FF000000FFA9F922FFA9F922FF000000FF000000FF000000FF000000FF000000FF000000FF000000FF000000FF000000FF000000FF000000FF000000FFA9F922FFA9F922FF000000FF000000FF000000FF000000FF000000FF000000FF000000FF000000FF000000FF000000FF000000FF000000FF000000FF000000FF000000FF000000FF000000FF000000FFA9F922FFA9F922FF000000FF000000FF000000FF000000FF000000FF000000FFA9F922FFA9F922FF000000FF000000FF000000FF000000FFA9F922FFA9F922FF000000FF000000FF000000FF000000FF000000FF000000FF000000FF000000FF000000FF000000FF000000FF000000FF000000FF000000FF000000FF000000FF000000FF000000FF000000FF000000FF000000FF000000FF000000FF000000FF000000FF000000FFA9F922FFA9F922FF000000FF000000FF000000FF000000FF000000FF000000FFA9F922FFA9F922FF000000FF000000FF000000FF000000FF000000FF000000FF000000FF000000FF000000FF000000FF000000FF000000FFA9F922FFA9F922FF000000FF000000FF000000FF000000FF000000FF000000FF000000FF000000FF000000FF000000FF000000FF000000FF000000FF000000FF000000FF000000FF000000FF000000FF000000FF000000FFA9F922FFA9F922FF000000FF000000FF000000FF000000FF000000FF000000FF000000FF000000FF000000FF000000FF000000FF000000FF000000FF000000FF000000FF000000FF000000FF000000FFA9F922FFA9F922FF000000FF000000FF000000FF000000FF000000FF000000FF000000FF000000FF000000FF000000FF000000FF000000FF000000FF000000FF000000FF000000FF000000FF000000FFA9F922FFA9F922FFA9F922FFA9F922FF000000FF000000FF000000FF000000FFA9F922FFA9F922FF000000FF000000FF000000FF000000FFA9F922FFA9F922FF000000FF000000FF000000FF000000FF000000FF000000FFA9F922FFA9F922FF000000FF000000FF000000FF000000FF000000FF000000FF000000FF000000FF000000FF000000FF000000FF000000FF000000FF000000FF000000FF000000FF000000FF000000FF000000FF000000FFA9F922FFA9F922FFA9F922FFA9F922FFA9F922FFA9F922FF000000FF000000FF000000FF000000FF000000FF000000FF000000FF000000FFA9F922FFA9F922FF000000FF000000FF000000FF000000FF000000FF000000FF000000FF000000FF000000FF000000FFA9F922FFA9F922FF000000FF000000FF000000FF000000FF000000FF000000FFA9F922FFA9F922FF000000FF000000FF000000FF000000FFA9F922FFA9F922FF000000FF000000FF000000FF000000FF000000FF000000FF000000FF000000FF000000FF000000FF000000FF000000FFA9F922FFA9F922FFA9F922FFA9F922FF000000FF000000FF000000FF000000FFA9F922FFA9F922FF000000FF000000FF000000FF000000FF000000FF000000FF000000FF000000FFA9F922FFA9F922FF000000FF000000FF000000FF000000FF000000FF000000FF000000FF000000FF000000FF000000FF000000FF000000FF000000FF000000FF000000FF000000FF000000FF000000FF000000FF000000FF000000FF000000FFA9F922FFA9F922FFA9F922FFA9F922FFA9F922FFA9F922FFA9F922FFA9F922FFA9F922FFA9F922FF000000FF000000FF000000FF000000FFA9F922FFA9F922FF000000FF000000FF000000FF000000FF000000FF000000FFA9F922FFA9F922FF000000FF000000FF000000FF000000FF000000FF000000FF000000FF000000FF000000FF000000FF000000FF000000FF000000FF000000FF000000FF000000FF000000FF000000FFA9F922FFA9F922FF000000FF000000FF000000FF000000FF000000FF000000FFA9F922FFA9F922FF000000FF000000FF000000FF000000FF000000FF000000FF000000FF000000FFA9F922FFA9F922FF000000FF000000FF000000FF000000FF000000FF000000FF000000FF000000FF000000FF000000FF000000FF000000FF000000FF000000FF000000FF000000FF000000FF000000FF000000FF000000FF000000FF000000FFA9F922FFA9F922FF000000FF000000FF000000FF000000FF000000FF000000FFA9F922FFA9F922FF000000FF000000FF000000FF000000FFA9F922FFA9F922FF000000FF000000FF000000FF000000FF000000FF000000FF000000FF000000FF000000FF000000FF000000FF000000FF000000FF000000FF000000FF000000FF000000FF000000FF000000FF000000FF000000FF000000FF000000FF000000FF000000FF000000FF000000FF000000FFA9F922FFA9F922FF000000FF000000FF000000FF000000FF000000FF000000FF000000FF000000FF000000FF000000FF000000FF000000FF000000FF000000FF000000FF000000FF000000FF000000FFA9F922FFA9F922FF000000FF000000FF000000FF000000FF000000FF000000FF000000FF000000FF000000FF000000FF000000FF000000FF000000FF000000FF000000FF000000FF000000FF000000FF000000FF000000FFA9F922FFA9F922FF000000FF000000FF000000FF000000FF000000FF000000FF000000FF000000FF000000FF000000FFA9F922FFA9F922FFA9F922FFA9F922FF000000FF000000FF000000FF000000FFA9F922FFA9F922FF000000FF000000FF000000FF000000FF000000FF000000FF000000FF000000FF000000FF000000FF000000FF000000FF000000FF000000FF000000FF000000FF000000FF000000FFA9F922FFA9F922FFA9F922FFA9F922FFA9F922FFA9F922FFA9F922FFA9F922FFA9F922FFA9F922FF000000FF000000FF000000FF000000FFA9F922FFA9F922FF000000FF000000FF000000FF000000FF000000FF000000FF000000FF000000FF000000FF000000FF000000FF000000FF000000FF000000FF000000FF000000FF000000FF000000FF000000FF000000FF000000FF000000FF000000FF000000FF000000FF000000FFA9F922FFA9F922FF000000FF000000FF000000FF000000FF000000FF000000FFA9F922FFA9F922FF000000FF000000FF000000FF000000FF000000FF000000FF000000FF000000FF000000FF000000FF000000FF000000FFA9F922FFA9F922FF000000FF000000FF000000FF000000FF000000FF000000FF000000FF000000FF000000FF000000FF000000FF000000FF000000FF000000FF000000FF000000FF000000FF000000FFA9F922FFA9F922FF000000FF000000FF000000FF000000FF000000FF000000FFA9F922FFA9F922FF000000FF000000FF000000FF000000FFA9F922FFA9F922FF000000FF000000FF000000FF000000FF000000FF000000FF000000FF000000FF000000FF000000FF000000FF000000FF000000FF000000FF000000FF000000FF000000FF000000FF000000FF000000FF000000FF000000FF000000FF000000FF000000FF000000FFA9F922FFA9F922FF000000FF000000FF000000FF000000FF000000FF000000FFA9F922FFA9F922FF000000FF000000FF000000FF000000FF000000FF000000FF000000FF000000FF000000FF000000FF000000FF000000FFA9F922FFA9F922FF000000FF000000FF000000FF000000FF000000FF000000FF000000FF000000FF000000FF000000FF000000FF000000FF000000FF000000FF000000FF000000FF000000FF000000FF000000FF000000FFA9F922FFA9F922FF000000FF000000FF000000FF000000FF000000FF000000FF000000FF000000FF000000FF000000FF000000FF000000FF000000FF000000FF000000FF000000FF000000FF000000FFA9F922FFA9F922FF000000FF000000FF000000FF000000FF000000FF000000FF000000FF000000FF000000FF000000FF000000FF000000FF000000FF000000FF000000FF000000FF000000FF000000FFA9F922FFA9F922FFA9F922FFA9F922FF000000FF000000FF000000FF000000FFA9F922FFA9F922FF000000FF000000FF000000FF000000FFA9F922FFA9F922FF000000FF000000FF000000FF000000FF000000FF000000FFA9F922FFA9F922FF000000FF000000FF000000FF000000FF000000FF000000FF000000FF000000FF000000FF000000FF000000FF000000FF000000FF000000FF000000FF000000FF000000FF000000FFA9F922FFA9F922FF000000FF000000FFA9F922FFA9F922FF000000FF000000FFA9F922FFA9F922FF000000FF000000FF000000FF000000FFA9F922FFA9F922FF000000FF000000FF000000FF000000FF000000FF000000FF000000FF000000FF000000FF000000FF000000FF000000FFA9F922FFA9F922FF000000FF000000FF000000FF000000FF000000FF000000FFA9F922FFA9F922FF000000FF000000FF000000FF000000FFA9F922FFA9F922FF000000FF000000FF000000FF000000FF000000FF000000FFA9F922FFA9F922FF000000FF000000FF000000FF000000FFA9F922FFA9F922FF000000FF000000FF000000FF000000FF000000FF000000FFA9F922FFA9F922FF000000FF000000FF000000FF000000FF000000FF000000FF000000FF000000FF000000FF000000FF000000FF000000FF000000FF000000FF000000FF000000FF000000FF000000FF000000FF000000FF000000FF000000FF000000FF000000FF000000FF000000FF000000FF000000FF000000FF000000FF000000FF000000FF000000FF000000FF000000FF000000FF000000FF000000FFA9F922FFA9F922FF000000FF000000FF000000FF000000FF000000FF000000FFA9F922FFA9F922FF000000FF000000FF000000FF000000FF000000FF000000FFA9F922FFA9F922FF000000FF000000FF000000FF000000FF000000FF000000FF000000FF000000FF000000FF000000FF000000FF000000FF000000FF000000FF000000FF000000FF000000FF000000FFA9F922FFA9F922FF000000FF000000FF000000FF000000FF000000FF000000FFA9F922FFA9F922FF000000FF000000FF000000FF000000FF000000FF000000FF000000FF000000FFA9F922FFA9F922FF000000FF000000FF000000FF000000FF000000FF000000FF000000FF000000FF000000FF000000FF000000FF000000FF000000FF000000FF000000FF000000FF000000FF000000FF000000FF000000FF000000FF000000FFA9F922FFA9F922FF000000FF000000FF000000FF000000FF000000FF000000FFA9F922FFA9F922FF000000FF000000FF000000FF000000FFA9F922FFA9F922FF000000FF000000FF000000FF000000FF000000FF000000FF000000FF000000FF000000FF000000FF000000FF000000FF000000FF000000FF000000FF000000FF000000FF000000FF000000FF000000FF000000FF000000FF000000FF000000FF000000FF000000FF000000FF000000FFA9F922FFA9F922FF000000FF000000FF000000FF000000FF000000FF000000FF000000FF000000FF000000FF000000FF000000FF000000FF000000FF000000FF000000FF000000FFA9F922FFA9F922FF000000FF000000FF000000FF000000FF000000FF000000FF000000FF000000FF000000FF000000FF000000FF000000FF000000FF000000FF000000FF000000FF000000FF000000FF000000FF000000FFA9F922FFA9F922FF000000FF000000FF000000FF000000FF000000FF000000FF000000FF000000FF000000FF000000FF000000FF000000FFA9F922FFA9F922FF000000FF000000FF000000FF000000FF000000FF000000FFA9F922FFA9F922FF000000FF000000FF000000FF000000FF000000FF000000FF000000FF000000FF000000FF000000FF000000FF000000FF000000FF000000FF000000FF000000FF000000FF000000FF000000FF000000FF000000FF000000FF000000FF000000FFA9F922FFA9F922FF000000FF000000FF000000FF000000FF000000FF000000FFA9F922FFA9F922FF000000FF000000FF000000FF000000FF000000FF000000FFA9F922FFA9F922FF000000FF000000FF000000FF000000FF000000FF000000FF000000FF000000FF000000FF000000FF000000FF000000FF000000FF000000FF000000FF000000FF000000FF000000FFA9F922FFA9F922FF000000FF000000FF000000FF000000FF000000FF000000FFA9F922FFA9F922FF000000FF000000FF000000FF000000FF000000FF000000FF000000FF000000FF000000FF000000FFA9F922FFA9F922FF000000FF000000FF000000FF000000FF000000FF000000FF000000FF000000FF000000FF000000FF000000FF000000FF000000FF000000FF000000FF000000FF000000FF000000FF000000FF000000FFA9F922FFA9F922FF000000FF000000FF000000FF000000FF000000FF000000FFA9F922FFA9F922FF000000FF000000FF000000FF000000FFA9F922FFA9F922FF000000FF000000FF000000FF000000FF000000FF000000FF000000FF000000FF000000FF000000FF000000FF000000FF000000FF000000FF000000FF000000FF000000FF000000FF000000FF000000FF000000FF000000FF000000FF000000FF000000FF000000FFA9F922FFA9F922FF000000FF000000FF000000FF000000FF000000FF000000FFA9F922FFA9F922FF000000FF000000FF000000FF000000FFA9F922FFA9F922FF000000FF000000FF000000FF000000FF000000FF000000FFA9F922FFA9F922FF000000FF000000FF000000FF000000FF000000FF000000FF000000FF000000FF000000FF000000FF000000FF000000FF000000FF000000FF000000FF000000FF000000FF000000FF000000FF000000FFA9F922FFA9F922FF000000FF000000FF000000FF000000FF000000FF000000FF000000FF000000FF000000FF000000FFA9F922FFA9F922FF000000FF000000FF000000FF000000FF000000FF000000FFA9F922FFA9F922FF000000FF000000FF000000FF000000FF000000FF000000FF000000FF000000FF000000FF000000FF000000FF000000FF000000FF000000FF000000FF000000FF000000FF000000FFA9F922FFA9F922FF000000FF000000FF000000FF000000FF000000FF000000FFA9F922FFA9F922FF000000FF000000FF000000FF000000FFA9F922FFA9F922FF000000FF000000FF000000FF000000FF000000FF000000FFA9F922FFA9F922FF000000FF000000FF000000FF000000FF000000FF000000FF000000FF000000FF000000FF000000FF000000FF000000FF000000FF000000FF000000FF000000FF000000FF000000FFA9F922FFA9F922FF000000FF000000FFA9F922FFA9F922FF000000FF000000FFA9F922FFA9F922FF000000FF000000FF000000FF000000FFA9F922FFA9F922FF000000FF000000FF000000FF000000FF000000FF000000FF000000FF000000FF000000FF000000FF000000FF000000FFA9F922FFA9F922FF000000FF000000FF000000FF000000FF000000FF000000FFA9F922FFA9F922FF000000FF000000FF000000FF000000FFA9F922FFA9F922FF000000FF000000FF000000FF000000FF000000FF000000FFA9F922FFA9F922FF000000FF000000FF000000FF000000FFA9F922FFA9F922FF000000FF000000FF000000FF000000FF000000FF000000FFA9F922FFA9F922FF000000FF000000FF000000FF000000FF000000FF000000FF000000FF000000FF000000FF000000FF000000FF000000FF000000FF000000FF000000FF000000FF000000FF000000FF000000FF000000FF000000FF000000FF000000FF000000FF000000FF000000FF000000FF000000FF000000FF000000FF000000FF000000FF000000FF000000FF000000FF000000FF000000FF000000FFA9F922FFA9F922FF000000FF000000FF000000FF000000FF000000FF000000FFA9F922FFA9F922FF000000FF000000FF000000FF000000FF000000FF000000FFA9F922FFA9F922FF000000FF000000FF000000FF000000FF000000FF000000FF000000FF000000FF000000FF000000FF000000FF000000FF000000FF000000FF000000FF000000FF000000FF000000FFA9F922FFA9F922FF000000FF000000FF000000FF000000FF000000FF000000FFA9F922FFA9F922FF000000FF000000FF000000FF000000FF000000FF000000FF000000FF000000FFA9F922FFA9F922FF000000FF000000FF000000FF000000FF000000FF000000FF000000FF000000FF000000FF000000FF000000FF000000FF000000FF000000FF000000FF000000FF000000FF000000FF000000FF000000FF000000FF000000FFA9F922FFA9F922FF000000FF000000FF000000FF000000FF000000FF000000FFA9F922FFA9F922FF000000FF000000FF000000FF000000FFA9F922FFA9F922FF000000FF000000FF000000FF000000FF000000FF000000FF000000FF000000FF000000FF000000FF000000FF000000FF000000FF000000FF000000FF000000FF000000FF000000FF000000FF000000FF000000FF000000FF000000FF000000FF000000FF000000FF000000FF000000FFA9F922FFA9F922FF000000FF000000FF000000FF000000FF000000FF000000FF000000FF000000FF000000FF000000FF000000FF000000FF000000FF000000FF000000FF000000FFA9F922FFA9F922FF000000FF000000FF000000FF000000FF000000FF000000FF000000FF000000FF000000FF000000FF000000FF000000FF000000FF000000FF000000FF000000FF000000FF000000FF000000FF000000FFA9F922FFA9F922FF000000FF000000FF000000FF000000FF000000FF000000FF000000FF000000FF000000FF000000FF000000FF000000FFA9F922FFA9F922FF000000FF000000FF000000FF000000FF000000FF000000FFA9F922FFA9F922FF000000FF000000FF000000FF000000FF000000FF000000FF000000FF000000FF000000FF000000FF000000FF000000FF000000FF000000FF000000FF000000FF000000FF000000FF000000FF000000FF000000FF000000FF000000FF000000FFA9F922FFA9F922FF000000FF000000FF000000FF000000FF000000FF000000FFA9F922FFA9F922FF000000FF000000FF000000FF000000FF000000FF000000FFA9F922FFA9F922FF000000FF000000FF000000FF000000FF000000FF000000FF000000FF000000FF000000FF000000FF000000FF000000FF000000FF000000FF000000FF000000FF000000FF000000FFA9F922FFA9F922FF000000FF000000FF000000FF000000FF000000FF000000FFA9F922FFA9F922FF000000FF000000FF000000FF000000FF000000FF000000FF000000FF000000FF000000FF000000FFA9F922FFA9F922FF000000FF000000FF000000FF000000FF000000FF000000FF000000FF000000FF000000FF000000FF000000FF000000FF000000FF000000FF000000FF000000FF000000FF000000FF000000FF000000FFA9F922FFA9F922FF000000FF000000FF000000FF000000FF000000FF000000FFA9F922FFA9F922FF000000FF000000FF000000FF000000FFA9F922FFA9F922FF000000FF000000FF000000FF000000FF000000FF000000FF000000FF000000FF000000FF000000FF000000FF000000FF000000FF000000FF000000FF000000FF000000FF000000FF000000FF000000FF000000FF000000FF000000FF000000FF000000FF000000FFA9F922FFA9F922FF000000FF000000FF000000FF000000FF000000FF000000FFA9F922FFA9F922FF000000FF000000FF000000FF000000FFA9F922FFA9F922FF000000FF000000FF000000FF000000FF000000FF000000FFA9F922FFA9F922FF000000FF000000FF000000FF000000FF000000FF000000FF000000FF000000FF000000FF000000FF000000FF000000FF000000FF000000FF000000FF000000FF000000FF000000FF000000FF000000FFA9F922FFA9F922FF000000FF000000FF000000FF000000FF000000FF000000FF000000FF000000FF000000FF000000FFA9F922FFA9F922FF000000FF000000FF000000FF000000FF000000FF000000FFA9F922FFA9F922FF000000FF000000FF000000FF000000FF000000FF000000FF000000FF000000FF000000FF000000FF000000FF000000FF000000FF000000FF000000FF000000FF000000FF000000FFA9F922FFA9F922FF000000FF000000FF000000FF000000FF000000FF000000FFA9F922FFA9F922FF000000FF000000FF000000FF000000FFA9F922FFA9F922FF000000FF000000FF000000FF000000FF000000FF000000FFA9F922FFA9F922FF000000FF000000FF000000FF000000FF000000FF000000FF000000FF000000FF000000FF000000FF000000FF000000FF000000FF000000FF000000FF000000FF000000FF000000FF000000FF000000FF000000FF000000FFA9F922FFA9F922FF000000FF000000FF000000FF000000FF000000FF000000FF000000FF000000FFA9F922FFA9F922FFA9F922FFA9F922FFA9F922FFA9F922FFA9F922FFA9F922FFA9F922FFA9F922FF000000FF000000FF000000FF000000FFA9F922FFA9F922FFA9F922FFA9F922FFA9F922FFA9F922FFA9F922FFA9F922FF000000FF000000FF000000FF000000FF000000FF000000FF000000FF000000FFA9F922FFA9F922FFA9F922FFA9F922FFA9F922FFA9F922FF000000FF000000FF000000FF000000FF000000FF000000FF000000FF000000FFA9F922FFA9F922FFA9F922FFA9F922FFA9F922FFA9F922FF000000FF000000FF000000FF000000FF000000FF000000FF000000FF000000FF000000FF000000FF000000FF000000FF000000FF000000FF000000FF000000FF000000FF000000FF000000FF000000FF000000FF000000FF000000FF000000FF000000FF000000FF000000FF000000FF000000FF000000FF000000FF000000FF000000FF000000FF000000FF000000FF000000FF000000FF000000FF000000FFA9F922FFA9F922FF000000FF000000FF000000FF000000FF000000FF000000FFA9F922FFA9F922FFA9F922FFA9F922FFA9F922FFA9F922FFA9F922FFA9F922FF000000FF000000FF000000FF000000FF000000FF000000FF000000FF000000FF000000FF000000FF000000FF000000FF000000FF000000FF000000FF000000FF000000FF000000FF000000FF000000FF000000FF000000FFA9F922FFA9F922FFA9F922FFA9F922FFA9F922FFA9F922FF000000FF000000FF000000FF000000FF000000FF000000FF000000FF000000FFA9F922FFA9F922FFA9F922FFA9F922FFA9F922FFA9F922FF000000FF000000FF000000FF000000FF000000FF000000FF000000FF000000FF000000FF000000FF000000FF000000FF000000FF000000FF000000FF000000FF000000FF000000FF000000FF000000FF000000FF000000FFA9F922FFA9F922FFA9F922FFA9F922FFA9F922FFA9F922FF000000FF000000FF000000FF000000FF000000FF000000FFA9F922FFA9F922FFA9F922FFA9F922FFA9F922FFA9F922FFA9F922FFA9F922FFA9F922FFA9F922FF000000FF000000FF000000FF000000FF000000FF000000FF000000FF000000FF000000FF000000FF000000FF000000FF000000FF000000FF000000FF000000FF000000FF000000FF000000FF000000FFA9F922FFA9F922FF000000FF000000FF000000FF000000FF000000FF000000FF000000FF000000FF000000FF000000FFA9F922FFA9F922FFA9F922FFA9F922FFA9F922FFA9F922FF000000FF000000FF000000FF000000FF000000FF000000FF000000FF000000FF000000FF000000FF000000FF000000FF000000FF000000FF000000FF000000FF000000FF000000FF000000FF000000FF000000FF000000FFA9F922FFA9F922FFA9F922FFA9F922FFA9F922FFA9F922FFA9F922FFA9F922FFA9F922FFA9F922FF000000FF000000FF000000FF000000FF000000FF000000FFA9F922FFA9F922FFA9F922FFA9F922FFA9F922FFA9F922FF000000FF000000FF000000FF000000FF000000FF000000FF000000FF000000FF000000FF000000FF000000FF000000FF000000FF000000FF000000FF000000FF000000FF000000FF000000FF000000FF000000FF000000FF000000FF000000FF000000FF000000FFA9F922FFA9F922FF000000FF000000FF000000FF000000FF000000FF000000FF000000FF000000FFA9F922FFA9F922FFA9F922FFA9F922FFA9F922FFA9F922FF000000FF000000FF000000FF000000FF000000FF000000FF000000FF000000FF000000FF000000FF000000FF000000FF000000FF000000FF000000FF000000FF000000FF000000FF000000FF000000FF000000FF000000FFA9F922FFA9F922FFA9F922FFA9F922FFA9F922FFA9F922FF000000FF000000FF000000FF000000FF000000FF000000FFA9F922FFA9F922FFA9F922FFA9F922FFA9F922FFA9F922FF000000FF000000FF000000FF000000FF000000FF000000FF000000FF000000FF000000FF000000FF000000FF000000FF000000FF000000FF000000FF000000FF000000FF000000FF000000FF000000FF000000FF000000FF000000FF000000FFA9F922FFA9F922FFA9F922FFA9F922FFA9F922FFA9F922FF000000FF000000FF000000FF000000FF000000FF000000FFA9F922FFA9F922FFA9F922FFA9F922FFA9F922FFA9F922FFA9F922FFA9F922FFA9F922FFA9F922FF000000FF000000FF000000FF000000FF000000FF000000FF000000FF000000FF000000FF000000FF000000FF000000FF000000FF000000FF000000FF000000FF000000FF000000FF000000FF000000FFA9F922FFA9F922FFA9F922FFA9F922FFA9F922FFA9F922FF000000FF000000FF000000FF000000FF000000FF000000FF000000FF000000FFA9F922FFA9F922FFA9F922FFA9F922FFA9F922FFA9F922FF000000FF000000FF000000FF000000FF000000FF000000FF000000FF000000FF000000FF000000FF000000FF000000FF000000FF000000FF000000FF000000FF000000FF000000FF000000FF000000FF000000FF000000FFA9F922FFA9F922FF000000FF000000FF000000FF000000FF000000FF000000FF000000FF000000FF000000FF000000FF000000FF000000FFA9F922FFA9F922FFA9F922FFA9F922FFA9F922FFA9F922FF000000FF000000FF000000FF000000FF000000FF000000FF000000FF000000FF000000FF000000FF000000FF000000FF000000FF000000FF000000FF000000FF000000FF000000FF000000FF000000FF000000FF000000FFA9F922FFA9F922FFA9F922FFA9F922FFA9F922FFA9F922FF000000FF000000FF000000FF000000FF000000FF000000FFA9F922FFA9F922FFA9F922FFA9F922FFA9F922FFA9F922FFA9F922FFA9F922FF000000FF000000FF000000FF000000FF000000FF000000FF000000FF000000FF000000FF000000FF000000FF000000FF000000FF000000FF000000FF000000FF000000FF000000FF000000FF000000FF000000FF000000FF000000FF000000FFA9F922FFA9F922FF000000FF000000FF000000FF000000FF000000FF000000FF000000FF000000FFA9F922FFA9F922FFA9F922FFA9F922FFA9F922FFA9F922FFA9F922FFA9F922FFA9F922FFA9F922FF000000FF000000FF000000FF000000FFA9F922FFA9F922FFA9F922FFA9F922FFA9F922FFA9F922FFA9F922FFA9F922FF000000FF000000FF000000FF000000FF000000FF000000FF000000FF000000FFA9F922FFA9F922FFA9F922FFA9F922FFA9F922FFA9F922FF000000FF000000FF000000FF000000FF000000FF000000FF000000FF000000FFA9F922FFA9F922FFA9F922FFA9F922FFA9F922FFA9F922FF000000FF000000FF000000FF000000FF000000FF000000FF000000FF000000FF000000FF000000FF000000FF000000FF000000FF000000FF000000FF000000FF000000FF000000FF000000FF000000FF000000FF000000FF000000FF000000FF000000FF000000FF000000FF000000FF000000FF000000FF000000FF000000FF000000FF000000FF000000FF000000FF000000FF000000FF000000FF000000FFA9F922FFA9F922FF000000FF000000FF000000FF000000FF000000FF000000FFA9F922FFA9F922FFA9F922FFA9F922FFA9F922FFA9F922FFA9F922FFA9F922FF000000FF000000FF000000FF000000FF000000FF000000FF000000FF000000FF000000FF000000FF000000FF000000FF000000FF000000FF000000FF000000FF000000FF000000FF000000FF000000FF000000FF000000FFA9F922FFA9F922FFA9F922FFA9F922FFA9F922FFA9F922FF000000FF000000FF000000FF000000FF000000FF000000FF000000FF000000FFA9F922FFA9F922FFA9F922FFA9F922FFA9F922FFA9F922FF000000FF000000FF000000FF000000FF000000FF000000FF000000FF000000FF000000FF000000FF000000FF000000FF000000FF000000FF000000FF000000FF000000FF000000FF000000FF000000FF000000FF000000FFA9F922FFA9F922FFA9F922FFA9F922FFA9F922FFA9F922FF000000FF000000FF000000FF000000FF000000FF000000FFA9F922FFA9F922FFA9F922FFA9F922FFA9F922FFA9F922FFA9F922FFA9F922FFA9F922FFA9F922FF000000FF000000FF000000FF000000FF000000FF000000FF000000FF000000FF000000FF000000FF000000FF000000FF000000FF000000FF000000FF000000FF000000FF000000FF000000FF000000FFA9F922FFA9F922FF000000FF000000FF000000FF000000FF000000FF000000FF000000FF000000FF000000FF000000FFA9F922FFA9F922FFA9F922FFA9F922FFA9F922FFA9F922FF000000FF000000FF000000FF000000FF000000FF000000FF000000FF000000FF000000FF000000FF000000FF000000FF000000FF000000FF000000FF000000FF000000FF000000FF000000FF000000FF000000FF000000FFA9F922FFA9F922FFA9F922FFA9F922FFA9F922FFA9F922FFA9F922FFA9F922FFA9F922FFA9F922FF000000FF000000FF000000FF000000FF000000FF000000FFA9F922FFA9F922FFA9F922FFA9F922FFA9F922FFA9F922FF000000FF000000FF000000FF000000FF000000FF000000FF000000FF000000FF000000FF000000FF000000FF000000FF000000FF000000FF000000FF000000FF000000FF000000FF000000FF000000FF000000FF000000FF000000FF000000FF000000FF000000FFA9F922FFA9F922FF000000FF000000FF000000FF000000FF000000FF000000FF000000FF000000FFA9F922FFA9F922FFA9F922FFA9F922FFA9F922FFA9F922FF000000FF000000FF000000FF000000FF000000FF000000FF000000FF000000FF000000FF000000FF000000FF000000FF000000FF000000FF000000FF000000FF000000FF000000FF000000FF000000FF000000FF000000FFA9F922FFA9F922FFA9F922FFA9F922FFA9F922FFA9F922FF000000FF000000FF000000FF000000FF000000FF000000FFA9F922FFA9F922FFA9F922FFA9F922FFA9F922FFA9F922FF000000FF000000FF000000FF000000FF000000FF000000FF000000FF000000FF000000FF000000FF000000FF000000FF000000FF000000FF000000FF000000FF000000FF000000FF000000FF000000FF000000FF000000FF000000FF000000FFA9F922FFA9F922FFA9F922FFA9F922FFA9F922FFA9F922FF000000FF000000FF000000FF000000FF000000FF000000FFA9F922FFA9F922FFA9F922FFA9F922FFA9F922FFA9F922FFA9F922FFA9F922FFA9F922FFA9F922FF000000FF000000FF000000FF000000FF000000FF000000FF000000FF000000FF000000FF000000FF000000FF000000FF000000FF000000FF000000FF000000FF000000FF000000FF000000FF000000FFA9F922FFA9F922FFA9F922FFA9F922FFA9F922FFA9F922FF000000FF000000FF000000FF000000FF000000FF000000FF000000FF000000FFA9F922FFA9F922FFA9F922FFA9F922FFA9F922FFA9F922FF000000FF000000FF000000FF000000FF000000FF000000FF000000FF000000FF000000FF000000FF000000FF000000FF000000FF000000FF000000FF000000FF000000FF000000FF000000FF000000FF000000FF000000FFA9F922FFA9F922FF000000FF000000FF000000FF000000FF000000FF000000FF000000FF000000FF000000FF000000FF000000FF000000FFA9F922FFA9F922FFA9F922FFA9F922FFA9F922FFA9F922FF000000FF000000FF000000FF000000FF000000FF000000FF000000FF000000FF000000FF000000FF000000FF000000FF000000FF000000FF000000FF000000FF000000FF000000FF000000FF000000FF000000FF000000FFA9F922FFA9F922FFA9F922FFA9F922FFA9F922FFA9F922FF000000FF000000FF000000FF000000FF000000FF000000FFA9F922FFA9F922FFA9F922FFA9F922FFA9F922FFA9F922FFA9F922FFA9F922FF000000FF000000FF000000FF000000FF000000FF000000FF000000FF000000FF000000FF000000FF000000FF000000FF000000FF000000FF000000FF000000FF000000FF000000FF000000FF000000FF000000FF000000FF000000FF000000FF000000FF000000FF000000FF000000FF000000FF000000FF000000FF000000FF000000FF000000FF000000FF000000FF000000FF000000FF000000FF000000FF000000FF000000FF000000FF000000FF000000FF000000FF000000FF000000FF000000FF000000FF000000FF000000FF000000FF000000FF000000FF000000FF000000FF000000FF000000FF000000FF000000FF000000FF000000FF000000FF000000FF000000FF000000FF000000FF000000FF000000FF000000FF000000FF000000FF000000FF000000FF000000FF000000FF000000FF000000FF000000FF000000FF000000FF000000FF000000FF000000FF000000FF000000FF000000FF000000FF000000FF000000FF000000FF000000FF000000FF000000FF000000FF000000FF000000FF000000FF000000FF000000FF000000FF000000FF000000FF000000FF000000FF000000FF000000FF000000FF000000FF000000FF000000FF000000FF000000FF000000FF000000FF000000FF000000FF000000FF000000FF000000FF000000FF000000FF000000FF000000FF000000FF000000FF000000FF000000FF000000FF000000FF000000FF000000FF000000FF000000FF000000FF000000FF000000FF000000FF000000FF000000FF000000FF000000FF000000FF000000FF000000FF000000FF000000FF000000FF000000FF000000FF000000FF000000FF000000FF000000FF000000FF000000FF000000FF000000FF000000FF000000FF000000FF000000FF000000FF000000FF000000FF000000FF000000FF000000FF000000FF000000FF000000FF000000FF000000FF000000FF000000FF000000FF000000FF000000FF000000FF000000FF000000FF000000FF000000FF000000FF000000FF000000FF000000FF000000FF000000FF000000FF000000FF000000FF000000FF000000FF000000FF000000FF000000FF000000FF000000FF000000FF000000FF000000FF000000FF000000FF000000FF000000FF000000FF000000FF000000FF000000FF000000FF000000FF000000FF000000FF000000FF000000FF000000FF000000FF000000FF000000FF000000FF000000FF000000FF000000FF000000FF000000FF000000FF000000FF000000FF000000FF000000FF000000FF000000FF000000FF000000FF000000FF000000FF000000FF000000FF000000FF000000FF000000FF000000FF000000FF000000FF000000FF000000FF000000FF000000FF000000FF000000FF000000FF000000FF000000FF000000FF000000FF000000FF000000FF000000FF000000FF000000FF000000FF000000FF000000FF000000FF000000FF000000FF000000FF000000FF000000FF000000FF000000FF000000FF000000FF000000FF000000FF000000FF000000FF000000FF000000FF000000FF000000FF000000FF000000FF000000FF000000FF000000FF000000FF000000FF000000FF000000FF000000FF000000FF000000FF000000FF000000FF000000FF000000FF000000FF000000FF000000FF000000FF000000FF000000FF000000FF000000FF000000FF000000FF000000FF000000FF000000FF000000FF000000FF000000FF000000FF000000FF000000FF000000FF000000FF000000FF000000FF000000FF000000FF000000FF000000FF000000FF000000FF000000FF000000FF000000FF000000FF000000FF000000FF000000FF000000FF000000FF000000FF000000FF000000FF000000FF000000FF000000FF000000FF000000FF000000FF000000FF000000FF000000FF000000FF000000FF000000FF000000FF000000FF000000FF000000FF000000FF000000FF000000FF000000FF000000FF000000FF000000FF000000FF000000FF000000FF000000FF000000FF000000FF000000FF000000FF000000FF000000FF000000FF000000FF000000FF000000FF000000FF000000FF000000FF000000FF000000FF000000FF000000FF000000FF000000FF000000FF000000FF000000FF000000FF000000FF000000FF000000FF000000FF000000FF000000FF000000FF000000FF000000FF000000FF000000FF000000FF000000FF000000FF000000FF000000FF000000FF000000FF000000FF000000FF000000FF000000FF000000FF000000FF000000FF000000FF000000FF000000FF000000FF000000FF000000FF000000FF000000FF000000FF000000FF000000FF000000FF000000FF000000FF000000FF000000FF000000FF000000FF000000FF000000FF000000FF000000FF000000FF000000FF000000FF000000FF000000FF000000FF000000FF000000FF000000FF000000FF000000FF000000FF000000FF000000FF000000FF000000FF000000FF000000FF000000FF000000FF000000FF000000FF000000FF000000FF000000FF000000FF000000FF000000FF000000FF000000FF000000FF000000FF000000FF000000FF000000FF000000FF000000FF000000FF000000FF000000FF000000FF000000FF000000FF000000FF000000FF000000FF000000FF000000FF000000FF000000FF000000FF000000FF000000FF000000FF000000FF000000FF000000FF000000FF000000FF000000FF000000FF000000FF000000FF000000FF000000FF000000FF000000FF000000FF000000FF000000FF000000FF000000FF000000FF000000FF000000FF000000FF000000FF000000FF000000FF000000FF000000FF000000FF000000FF000000FF000000FF000000FF000000FF000000FF000000FF000000FF000000FF000000FF000000FF000000FF000000FF000000FF000000FF000000FF000000FF000000FF000000FF000000FF000000FF000000FF000000FF000000FF000000FF000000FF000000FF000000FF000000FF000000FF000000FF000000FF000000FF000000FF000000FF000000FF000000FF000000FF000000FF000000FF000000FF000000FF000000FF000000FF000000FF000000FF000000FF000000FF000000FF000000FF000000FF000000FF000000FF000000FF000000FF000000FF000000FF000000FF000000FF000000FF000000FF000000FF000000FF000000FF000000FF000000FF000000FF000000FF000000FF000000FF000000FF000000FF000000FF000000FF000000FF000000FF000000FF000000FF000000FF000000FF000000FF000000FF000000FF000000FF000000FF000000FF000000FF000000FF000000FF000000FF000000FF000000FF000000FF000000FF000000FF000000FF000000FF000000FF000000FF000000FF000000FF000000FF000000FF000000FF000000FF000000FF000000FF000000FF000000FF000000FF000000FF000000FF000000FF000000FF000000FF000000FF000000FF000000FF000000FF000000FF000000FF000000FF000000FF000000FF000000FF000000FF000000FF000000FF000000FF000000FF000000FF000000FF000000FF000000FF000000FF000000FF000000FF000000FF000000FF000000FF000000FF000000FF000000FF000000FF000000FF000000FF000000FF000000FF000000FF000000FF000000FF000000FF000000FF000000FF000000FF000000FF000000FF000000FF000000FF000000FF000000FF000000FF000000FF000000FF000000FF000000FF000000FF000000FF000000FF000000FF000000FF000000FF000000FF000000FF000000FF000000FF000000FF000000FF000000FF000000FF000000FF000000FF000000FF000000FF000000FF000000FF000000FF000000FF000000FF000000FF000000FF000000FF000000FF000000FF000000FF000000FF000000FF000000FF000000FF000000FF000000FF000000FF000000FF000000FF000000FF000000FF000000FF000000FF000000FF000000FF000000FF000000FF000000FF000000FF000000FF000000FF000000FF000000FF000000FF000000FF000000FF000000FF000000FF000000FF000000FF000000FF000000FF000000FF000000FF000000FF000000FF000000FF000000FF000000FF000000FF000000FF000000FF000000FF000000FF000000FF000000FF000000FF000000FF000000FF000000FF000000FF000000FF000000FF000000FF000000FF000000FF000000FF000000FF000000FF000000FF000000FF000000FF000000FF000000FF000000FF000000FF000000FF000000FF000000FF000000FF000000FF000000FF000000FF000000FF000000FF000000FF000000FF000000FF000000FF000000FF000000FF000000FF000000FF000000FF000000FF000000FF000000FF000000FF000000FF000000FF000000FF000000FF000000FF000000FF000000FF000000FF000000FF000000FF000000FF000000FF000000FF000000FF000000FF000000FF000000FF000000FF000000FF000000FF000000FF000000FF000000FF000000FF000000FF000000FF000000FF000000FF000000FF000000FF000000FF000000FF000000FF000000FF000000FF000000FF000000FF000000FF000000FF000000FF000000FF000000FF000000FF000000FF000000FF000000FF000000FF000000FF000000FF000000FF000000FF000000FF000000FF000000FF000000FF000000FF000000FF000000FF000000FF000000FF000000FF000000FF000000FF000000FF000000FF000000FF000000FF000000FF000000FF000000FF000000FF000000FF000000FF000000FF000000FF000000FF000000FF000000FF000000FF000000FF000000FF000000FF000000FF000000FF000000FF000000FF000000FF000000FF000000FF000000FF000000FF000000FF000000FF000000FF000000FF000000FF000000FF000000FF000000FF000000FF000000FF000000FF000000FF000000FF000000FF000000FF000000FF000000FF000000FF000000FF000000FF000000FF000000FF000000FF000000FF000000FF000000FF000000FF000000FF000000FF000000FF000000FF000000FF000000FF000000FF000000FF000000FF000000FF000000FF000000FF000000FF000000FF000000FF000000FF000000FF000000FF000000FF000000FF000000FF000000FF000000FF000000FF000000FF000000FF000000FF000000FF000000FF000000FF000000FF000000FF000000FF000000FF000000FF000000FF000000FF000000FF000000FF000000FF000000FF000000FF000000FF000000FF000000FF000000FF000000FF000000FF000000FF000000FF000000FF000000FF000000FF000000FF000000FF000000FF000000FF000000FF000000FF000000FF000000FF000000FF000000FF000000FF000000FF000000FF000000FF000000FF000000FF000000FF000000FF000000FF000000FF000000FF000000FF000000FF000000FF000000FF000000FF000000FF000000FF000000FF000000FF000000FF000000FF000000FF000000FF000000FF000000FF000000FF000000FF000000FF000000FF000000FF000000FF000000FF000000FF000000FF000000FF000000FF000000FF000000FF000000FF000000FF000000FF000000FF000000FF000000FF000000FF000000FF000000FF000000FF000000FF000000FF000000FF000000FF000000FF000000FF000000FF000000FF000000FF000000FF000000FF000000FF000000FF000000FF000000FF000000FF000000FF000000FF000000FF000000FF000000FF000000FF000000FF000000FF000000FF000000FF000000FF000000FF000000FF000000FF000000FF000000FF000000FF000000FF000000FF000000FF000000FF000000FF000000FF000000FF000000FF000000FF000000FF000000FF000000FF000000FF000000FF000000FF000000FF000000FF000000FF000000FF000000FF000000FF000000FF000000FF000000FF000000FF000000FF000000FF000000FF000000FF000000FF000000FF000000FF000000FF000000FF000000FF000000FF000000FF000000FF000000FF000000FF000000FF000000FF000000FF000000FF000000FF000000FF000000FF000000FF000000FF000000FF000000FF000000FF000000FF000000FF000000FF000000FF000000FF000000FF000000FF000000FF000000FF000000FF000000FF000000FF000000FF000000FF000000FF000000FF000000FF000000FF000000FF000000FF000000FF000000FF000000FF000000FF000000FFA9F922FFA9F922FFA9F922FFA9F922FFA9F922FFA9F922FF000000FF000000FF000000FF000000FF000000FF000000FF000000FF000000FFA9F922FFA9F922FFA9F922FFA9F922FFA9F922FFA9F922FF000000FF000000FF000000FF000000FF000000FF000000FF000000FF000000FF000000FF000000FF000000FF000000FF000000FF000000FF000000FF000000FF000000FF000000FF000000FF000000FF000000FF000000FF000000FF000000FF000000FF000000FF000000FF000000FF000000FF000000FF000000FF000000FF000000FF000000FF000000FF000000FF000000FF000000FF000000FF000000FF000000FF000000FF000000FF000000FF000000FF000000FF000000FF000000FF000000FF000000FF000000FF000000FF000000FF000000FF000000FF000000FF000000FF000000FF000000FF000000FF000000FF000000FF000000FF000000FF000000FF000000FF000000FF000000FF000000FF000000FF000000FF000000FF000000FF000000FF000000FF000000FF000000FF000000FF000000FF000000FF000000FF000000FF000000FF000000FF000000FF000000FF000000FF000000FF000000FF000000FF000000FF000000FF000000FF000000FF000000FF000000FF000000FF000000FF000000FF000000FF000000FF000000FF000000FF000000FF000000FF000000FF000000FF000000FF000000FF000000FF000000FF000000FF000000FF000000FF000000FF000000FF000000FF000000FF000000FF000000FF000000FF000000FF000000FF000000FF000000FF000000FF000000FF000000FF000000FF000000FF000000FF000000FF000000FF000000FF000000FF000000FF000000FF000000FF000000FF000000FF000000FF000000FF000000FF000000FF000000FF000000FF000000FF000000FF000000FF000000FF000000FF000000FF000000FF000000FF000000FF000000FF000000FF000000FF000000FF000000FF000000FF000000FF000000FF000000FF000000FF000000FF000000FF000000FF000000FF000000FF000000FF000000FF000000FF000000FF000000FF000000FF000000FF000000FF000000FF000000FF000000FF000000FF000000FF000000FF000000FF000000FF000000FF000000FF000000FF000000FF000000FF000000FF000000FF000000FF000000FF000000FF000000FF000000FF000000FF000000FF000000FF000000FF000000FF000000FF000000FF000000FF000000FF000000FF000000FF000000FF000000FF000000FF000000FF000000FF000000FF000000FF000000FF000000FF000000FF000000FF000000FF000000FF000000FF000000FF000000FF000000FF000000FF000000FF000000FF000000FF000000FF000000FF000000FF000000FF000000FF000000FF000000FF000000FF000000FF000000FF000000FF000000FF000000FF000000FF000000FF000000FF000000FF000000FF000000FF000000FF000000FF000000FF000000FF000000FF000000FF000000FF000000FF000000FF000000FF000000FF000000FF000000FF000000FF000000FF000000FF000000FF000000FF000000FF000000FF000000FF000000FF000000FF000000FF000000FF000000FF000000FF000000FF000000FF000000FF000000FF000000FF000000FF000000FF000000FF000000FF000000FF000000FF000000FF000000FF000000FF000000FF000000FF000000FF000000FF000000FF000000FF000000FF000000FF000000FF000000FF000000FF000000FF000000FF000000FF000000FF000000FF000000FF000000FF000000FF000000FF000000FF000000FF000000FF000000FF000000FF000000FF000000FF000000FF000000FF000000FF000000FF000000FF000000FF000000FF000000FF000000FF000000FF000000FF000000FF000000FF000000FF000000FF000000FF000000FF000000FF000000FF000000FF000000FF000000FF000000FF000000FF000000FF000000FF000000FF000000FF000000FF000000FF000000FF000000FF000000FF000000FF000000FF000000FF000000FF000000FF000000FF000000FF000000FF000000FF000000FF000000FF000000FF000000FF000000FF000000FF000000FF000000FF000000FF000000FF000000FF000000FF000000FF000000FF000000FF000000FF000000FF000000FF000000FF000000FF000000FF000000FF000000FF000000FF000000FF000000FF000000FF000000FF000000FF000000FF000000FF000000FF000000FF000000FF000000FF000000FF000000FF000000FF000000FF000000FF000000FF000000FF000000FF000000FF000000FF000000FF000000FF000000FF000000FF000000FF000000FF000000FF000000FF000000FF000000FF000000FF000000FF000000FF000000FF000000FF000000FF000000FF000000FF000000FF000000FF000000FF000000FF000000FF000000FF000000FF000000FF000000FF000000FF000000FF000000FF000000FF000000FF000000FF000000FF000000FF000000FF000000FF000000FF000000FF000000FF000000FF000000FF000000FF000000FF000000FF000000FF000000FF000000FF000000FF000000FF000000FF000000FF000000FF000000FF000000FF000000FF000000FF000000FF000000FF000000FF000000FF000000FF000000FF000000FF000000FF000000FF000000FF000000FF000000FF000000FF000000FF000000FF000000FF000000FF000000FF000000FF000000FF000000FF000000FF000000FF000000FF000000FF000000FF000000FF000000FF000000FF000000FF000000FF000000FF000000FF000000FF000000FF000000FF000000FF000000FF000000FF000000FF000000FF000000FF000000FF000000FF000000FF000000FF000000FF000000FF000000FF000000FF000000FF000000FF000000FF000000FF000000FF000000FF000000FF000000FF000000FF000000FF000000FF000000FF000000FF000000FF000000FF000000FF000000FF000000FF000000FF000000FF000000FF000000FF000000FF000000FF000000FF000000FF000000FF000000FF000000FFA9F922FFA9F922FFA9F922FFA9F922FFA9F922FFA9F922FF000000FF000000FF000000FF000000FF000000FF000000FF000000FF000000FFA9F922FFA9F922FFA9F922FFA9F922FFA9F922FFA9F922FF000000FF000000FF000000FF000000FF000000FF000000FF000000FF000000FF000000FF000000FF000000FF000000FF000000FF000000FF000000FF000000FF000000FF000000FF000000FF000000FF000000FF000000FF000000FF000000FF000000FF000000FF000000FF000000FF000000FF000000FF000000FF000000FF000000FF000000FF000000FF000000FF000000FF000000FF000000FF000000FF000000FF000000FF000000FF000000FF000000FF000000FF000000FF000000FF000000FF000000FF000000FF000000FF000000FF000000FF000000FF000000FF000000FF000000FF000000FF000000FF000000FF000000FF000000FF000000FF000000FF000000FF000000FF000000FF000000FF000000FF000000FF000000FF000000FF000000FF000000FF000000FF000000FF000000FF000000FF000000FF000000FF000000FF000000FF000000FF000000FF000000FF000000FF000000FF000000FF000000FF000000FF000000FF000000FF000000FF000000FF000000FF000000FF000000FF000000FF000000FF000000FF000000FF000000FF000000FF000000FF000000FF000000FF000000FF000000FF000000FF000000FF000000FF000000FF000000FF000000FF000000FF000000FF000000FF000000FF000000FF000000FF000000FF000000FF000000FF000000FF000000FF000000FF000000FF000000FF000000FF000000FF000000FF000000FF000000FF000000FF000000FF000000FF000000FF000000FF000000FF000000FF000000FF000000FF000000FF000000FF000000FF000000FF000000FF000000FF000000FF000000FF000000FF000000FF000000FF000000FF000000FF000000FF000000FF000000FF000000FF000000FF000000FF000000FF000000FF000000FF000000FF000000FF000000FF000000FF000000FF000000FF000000FF000000FF000000FF000000FF000000FF000000FF000000FF000000FF000000FF000000FF000000FF000000FF000000FF000000FF000000FF000000FF000000FF000000FF000000FF000000FF000000FF000000FF000000FF000000FF000000FF000000FF000000FF000000FF000000FF000000FF000000FF000000FF000000FF000000FF000000FF000000FF000000FF000000FF000000FF000000FF000000FF000000FF000000FF000000FF000000FF000000FF000000FF000000FF000000FF000000FF000000FF000000FF000000FF000000FF000000FF000000FF000000FF000000FF000000FF000000FF000000FF000000FF000000FF000000FF000000FF000000FF000000FF000000FF000000FF000000FF000000FF000000FF000000FF000000FF000000FF000000FF000000FF000000FF000000FF000000FF000000FF000000FF000000FF000000FF000000FF000000FF000000FF000000FF000000FF000000FF000000FF000000FF000000FF000000FF000000FF000000FF000000FF000000FF000000FF000000FF000000FF000000FF000000FF000000FF000000FF000000FF000000FF000000FF000000FF000000FF000000FF000000FF000000FF000000FF000000FF000000FF000000FF000000FF000000FF000000FF000000FF000000FF000000FF000000FF000000FF000000FF000000FF000000FF000000FF000000FF000000FF000000FF000000FF000000FF000000FF000000FF000000FF000000FF000000FF000000FF000000FF000000FF000000FF000000FF000000FF000000FF000000FF000000FF000000FF000000FF000000FF000000FF000000FF000000FF000000FF000000FF000000FF000000FF000000FF000000FF000000FF000000FF000000FF000000FF000000FF000000FF000000FF000000FF000000FF000000FF000000FF000000FF000000FF000000FF000000FF000000FF000000FF000000FF000000FF000000FF000000FF000000FF000000FF000000FF000000FF000000FF000000FF000000FF000000FF000000FF000000FF000000FF000000FF000000FF000000FF000000FF000000FF000000FF000000FF000000FF000000FF000000FF000000FF000000FF000000FF000000FF000000FF000000FF000000FF000000FF000000FF000000FF000000FF000000FF000000FF000000FF000000FF000000FF000000FF000000FF000000FF000000FF000000FF000000FF000000FF000000FF000000FF000000FF000000FF000000FF000000FF000000FF000000FF000000FF000000FF000000FF000000FF000000FF000000FF000000FF000000FF000000FF000000FF000000FF000000FF000000FF000000FF000000FF000000FF000000FF000000FF000000FF000000FF000000FF000000FF000000FF000000FF000000FF000000FF000000FF000000FF000000FF000000FF000000FF000000FF000000FF000000FF000000FF000000FF000000FF000000FF000000FF000000FF000000FF000000FF000000FF000000FF000000FF000000FF000000FF000000FF000000FF000000FF000000FF000000FF000000FF000000FF000000FF000000FF000000FF000000FF000000FF000000FF000000FF000000FF000000FF000000FF000000FF000000FF000000FF000000FF000000FF000000FF000000FF000000FF000000FF000000FF000000FF000000FF000000FF000000FF000000FF000000FF000000FF000000FF000000FF000000FF000000FF000000FF000000FF000000FF000000FF000000FF000000FF000000FF000000FF000000FF000000FF000000FF000000FF000000FF000000FF000000FF000000FF000000FF000000FF000000FF000000FF000000FF000000FF000000FF000000FF000000FF000000FF000000FF000000FF000000FF000000FF000000FF000000FF000000FF000000FF000000FF000000FF000000FF000000FF000000FF000000FF000000FF000000FF000000FF000000FF000000FF000000FF000000FF000000FF000000FFA9F922FFA9F922FF000000FF000000FF000000FF000000FF000000FF000000FFA9F922FFA9F922FF000000FF000000FF000000FF000000FFA9F922FFA9F922FF000000FF000000FF000000FF000000FF000000FF000000FFA9F922FFA9F922FF000000FF000000FF000000FF000000FF000000FF000000FF000000FF000000FF000000FF000000FF000000FF000000FF000000FF000000FF000000FF000000FF000000FF000000FF000000FF000000FF000000FF000000FF000000FF000000FF000000FF000000FF000000FF000000FF000000FF000000FF000000FF000000FF000000FF000000FF000000FF000000FF000000FF000000FF000000FF000000FF000000FF000000FF000000FF000000FF000000FF000000FF000000FF000000FF000000FF000000FF000000FF000000FF000000FF000000FF000000FF000000FF000000FF000000FF000000FF000000FF000000FF000000FF000000FF000000FF000000FF000000FF000000FF000000FF000000FF000000FF000000FF000000FF000000FF000000FF000000FF000000FF000000FF000000FF000000FF000000FF000000FF000000FF000000FF000000FF000000FF000000FF000000FF000000FF000000FF000000FF000000FF000000FF000000FF000000FF000000FF000000FF000000FF000000FF000000FF000000FF000000FF000000FF000000FF000000FF000000FF000000FF000000FF000000FF000000FF000000FF000000FF000000FF000000FF000000FF000000FF000000FF000000FF000000FF000000FF000000FF000000FF000000FF000000FF000000FF000000FF000000FF000000FF000000FF000000FF000000FF000000FF000000FF000000FF000000FF000000FF000000FF000000FF000000FF000000FF000000FF000000FF000000FF000000FF000000FF000000FF000000FF000000FF000000FF000000FF000000FF000000FF000000FF000000FF000000FF000000FF000000FF000000FF000000FF000000FF000000FF000000FF000000FF000000FF000000FF000000FF000000FF000000FF000000FF000000FF000000FF000000FF000000FF000000FF000000FF000000FF000000FF000000FF000000FF000000FF000000FF000000FF000000FF000000FF000000FF000000FF000000FF000000FF000000FF000000FF000000FF000000FF000000FF000000FF000000FF000000FF000000FF000000FF000000FF000000FF000000FF000000FF000000FF000000FF000000FF000000FF000000FF000000FF000000FF000000FF000000FF000000FF000000FF000000FF000000FF000000FF000000FF000000FF000000FF000000FF000000FF000000FF000000FF000000FF000000FF000000FF000000FF000000FF000000FF000000FF000000FF000000FF000000FF000000FF000000FF000000FF000000FF000000FF000000FF000000FF000000FF000000FF000000FF000000FF000000FF000000FF000000FF000000FF000000FF000000FF000000FF000000FF000000FF000000FF000000FF000000FF000000FF000000FF000000FF000000FF000000FF000000FF000000FF000000FF000000FF000000FF000000FF000000FF000000FF000000FF000000FF000000FF000000FF000000FF000000FF000000FF000000FF000000FF000000FF000000FF000000FF000000FF000000FF000000FF000000FF000000FF000000FF000000FF000000FF000000FF000000FF000000FF000000FF000000FF000000FF000000FF000000FF000000FF000000FF000000FF000000FF000000FF000000FF000000FF000000FF000000FF000000FF000000FF000000FF000000FF000000FF000000FF000000FF000000FF000000FF000000FF000000FF000000FF000000FF000000FF000000FF000000FF000000FF000000FF000000FF000000FF000000FF000000FF000000FF000000FF000000FF000000FF000000FF000000FF000000FF000000FF000000FF000000FF000000FF000000FF000000FF000000FF000000FF000000FF000000FF000000FF000000FF000000FF000000FF000000FF000000FF000000FF000000FF000000FF000000FF000000FF000000FF000000FF000000FF000000FF000000FF000000FF000000FF000000FF000000FF000000FF000000FF000000FF000000FF000000FF000000FF000000FF000000FF000000FF000000FF000000FF000000FF000000FF000000FF000000FF000000FF000000FF000000FF000000FF000000FF000000FF000000FF000000FF000000FF000000FF000000FF000000FF000000FF000000FF000000FF000000FF000000FF000000FF000000FF000000FF000000FF000000FF000000FF000000FF000000FF000000FF000000FF000000FF000000FF000000FF000000FF000000FF000000FF000000FF000000FF000000FF000000FF000000FF000000FF000000FF000000FF000000FF000000FF000000FF000000FF000000FF000000FF000000FF000000FF000000FF000000FF000000FF000000FF000000FF000000FF000000FF000000FF000000FF000000FF000000FF000000FF000000FF000000FF000000FF000000FF000000FF000000FF000000FF000000FF000000FF000000FF000000FF000000FF000000FF000000FF000000FF000000FF000000FF000000FF000000FF000000FF000000FF000000FF000000FF000000FF000000FF000000FF000000FF000000FF000000FF000000FF000000FF000000FF000000FF000000FF000000FF000000FF000000FF000000FF000000FF000000FF000000FF000000FF000000FF000000FF000000FF000000FF000000FF000000FF000000FF000000FF000000FF000000FF000000FF000000FF000000FF000000FF000000FF000000FF000000FF000000FF000000FF000000FF000000FF000000FF000000FF000000FF000000FF000000FF000000FF000000FF000000FF000000FF000000FF000000FF000000FF000000FF000000FF000000FF000000FF000000FF000000FF000000FF000000FF000000FF000000FF000000FF000000FF000000FF000000FF000000FF000000FF000000FF000000FF000000FF000000FF000000FFA9F922FFA9F922FF000000FF000000FF000000FF000000FF000000FF000000FFA9F922FFA9F922FF000000FF000000FF000000FF000000FFA9F922FFA9F922FF000000FF000000FF000000FF000000FF000000FF000000FFA9F922FFA9F922FF000000FF000000FF000000FF000000FF000000FF000000FF000000FF000000FF000000FF000000FF000000FF000000FF000000FF000000FF000000FF000000FF000000FF000000FF000000FF000000FF000000FF000000FF000000FF000000FF000000FF000000FF000000FF000000FF000000FF000000FF000000FF000000FF000000FF000000FF000000FF000000FF000000FF000000FF000000FF000000FF000000FF000000FF000000FF000000FF000000FF000000FF000000FF000000FF000000FF000000FF000000FF000000FF000000FF000000FF000000FF000000FF000000FF000000FF000000FF000000FF000000FF000000FF000000FF000000FF000000FF000000FF000000FF000000FF000000FF000000FF000000FF000000FF000000FF000000FF000000FF000000FF000000FF000000FF000000FF000000FF000000FF000000FF000000FF000000FF000000FF000000FF000000FF000000FF000000FF000000FF000000FF000000FF000000FF000000FF000000FF000000FF000000FF000000FF000000FF000000FF000000FF000000FF000000FF000000FF000000FF000000FF000000FF000000FF000000FF000000FF000000FF000000FF000000FF000000FF000000FF000000FF000000FF000000FF000000FF000000FF000000FF000000FF000000FF000000FF000000FF000000FF000000FF000000FF000000FF000000FF000000FF000000FF000000FF000000FF000000FF000000FF000000FF000000FF000000FF000000FF000000FF000000FF000000FF000000FF000000FF000000FF000000FF000000FF000000FF000000FF000000FF000000FF000000FF000000FF000000FF000000FF000000FF000000FF000000FF000000FF000000FF000000FF000000FF000000FF000000FF000000FF000000FF000000FF000000FF000000FF000000FF000000FF000000FF000000FF000000FF000000FF000000FF000000FF000000FF000000FF000000FF000000FF000000FF000000FF000000FF000000FF000000FF000000FF000000FF000000FF000000FF000000FF000000FF000000FF000000FF000000FF000000FF000000FF000000FF000000FF000000FF000000FF000000FF000000FF000000FF000000FF000000FF000000FF000000FF000000FF000000FF000000FF000000FF000000FF000000FF000000FF000000FF000000FF000000FF000000FF000000FF000000FF000000FF000000FF000000FF000000FF000000FF000000FF000000FF000000FF000000FF000000FF000000FF000000FF000000FF000000FF000000FF000000FF000000FF000000FF000000FF000000FF000000FF000000FF000000FF000000FF000000FF000000FF000000FF000000FF000000FF000000FF000000FF000000FF000000FF000000FF000000FF000000FF000000FF000000FF000000FF000000FF000000FF000000FF000000FF000000FF000000FF000000FF000000FF000000FF000000FF000000FF000000FF000000FF000000FF000000FF000000FF000000FF000000FF000000FF000000FF000000FF000000FF000000FF000000FF000000FF000000FF000000FF000000FF000000FF000000FF000000FF000000FF000000FF000000FF000000FF000000FF000000FF000000FF000000FF000000FF000000FF000000FF000000FF000000FF000000FF000000FF000000FF000000FF000000FF000000FF000000FF000000FF000000FF000000FF000000FF000000FF000000FF000000FF000000FF000000FF000000FF000000FF000000FF000000FF000000FF000000FF000000FF000000FF000000FF000000FF000000FF000000FF000000FF000000FF000000FF000000FF000000FF000000FF000000FF000000FF000000FF000000FF000000FF000000FF000000FF000000FF000000FF000000FF000000FF000000FF000000FF000000FF000000FF000000FF000000FF000000FF000000FF000000FF000000FF000000FF000000FF000000FF000000FF000000FF000000FF000000FF000000FF000000FF000000FF000000FF000000FF000000FF000000FF000000FF000000FF000000FF000000FF000000FF000000FF000000FF000000FF000000FF000000FF000000FF000000FF000000FF000000FF000000FF000000FF000000FF000000FF000000FF000000FF000000FF000000FF000000FF000000FF000000FF000000FF000000FF000000FF000000FF000000FF000000FF000000FF000000FF000000FF000000FF000000FF000000FF000000FF000000FF000000FF000000FF000000FF000000FF000000FF000000FF000000FF000000FF000000FF000000FF000000FF000000FF000000FF000000FF000000FF000000FF000000FF000000FF000000FF000000FF000000FF000000FF000000FF000000FF000000FF000000FF000000FF000000FF000000FF000000FF000000FF000000FF000000FF000000FF000000FF000000FF000000FF000000FF000000FF000000FF000000FF000000FF000000FF000000FF000000FF000000FF000000FF000000FF000000FF000000FF000000FF000000FF000000FF000000FF000000FF000000FF000000FF000000FF000000FF000000FF000000FF000000FF000000FF000000FF000000FF000000FF000000FF000000FF000000FF000000FF000000FF000000FF000000FF000000FF000000FF000000FF000000FF000000FF000000FF000000FF000000FF000000FF000000FF000000FF000000FF000000FF000000FF000000FF000000FF000000FF000000FF000000FF000000FF000000FF000000FF000000FF000000FF000000FF000000FF000000FF000000FF000000FF000000FF000000FF000000FF000000FF000000FF000000FF000000FF000000FF000000FF000000FF000000FF000000FF000000FF000000FF000000FF000000FF000000FF000000FF000000FF000000FF000000FFA9F922FFA9F922FF000000FF000000FF000000FF000000FFA9F922FFA9F922FFA9F922FFA9F922FF000000FF000000FF000000FF000000FFA9F922FFA9F922FF000000FF000000FF000000FF000000FFA9F922FFA9F922FFA9F922FFA9F922FF000000FF000000FF000000FF000000FF000000FF000000FF000000FF000000FF000000FF000000FF000000FF000000FF000000FF000000FF000000FF000000FF000000FF000000FF000000FF000000FF000000FF000000FF000000FF000000FF000000FF000000FF000000FF000000FF000000FF000000FF000000FF000000FF000000FF000000FF000000FF000000FF000000FF000000FF000000FF000000FF000000FF000000FF000000FF000000FF000000FF000000FF000000FF000000FF000000FF000000FF000000FF000000FF000000FF000000FF000000FF000000FF000000FF000000FF000000FF000000FF000000FF000000FF000000FF000000FF000000FF000000FF000000FF000000FF000000FF000000FF000000FF000000FF000000FF000000FF000000FF000000FF000000FF000000FF000000FF000000FF000000FF000000FF000000FF000000FF000000FF000000FF000000FF000000FF000000FF000000FF000000FF000000FF000000FF000000FF000000FF000000FF000000FF000000FF000000FF000000FF000000FF000000FF000000FF000000FF000000FF000000FF000000FF000000FF000000FF000000FF000000FF000000FF000000FF000000FF000000FF000000FF000000FF000000FF000000FF000000FF000000FF000000FF000000FF000000FF000000FF000000FF000000FF000000FF000000FF000000FF000000FF000000FF000000FF000000FF000000FF000000FF000000FF000000FF000000FF000000FF000000FF000000FF000000FF000000FF000000FF000000FF000000FF000000FF000000FF000000FF000000FF000000FF000000FF000000FF000000FF000000FF000000FF000000FF000000FF000000FF000000FF000000FF000000FF000000FF000000FF000000FF000000FF000000FF000000FF000000FF000000FF000000FF000000FF000000FF000000FF000000FF000000FF000000FF000000FF000000FF000000FF000000FF000000FF000000FF000000FF000000FF000000FF000000FF000000FF000000FF000000FF000000FF000000FF000000FF000000FF000000FF000000FF000000FF000000FF000000FF000000FF000000FF000000FF000000FF000000FF000000FF000000FF000000FF000000FF000000FF000000FF000000FF000000FF000000FF000000FF000000FF000000FF000000FF000000FF000000FF000000FF000000FF000000FF000000FF000000FF000000FF000000FF000000FF000000FF000000FF000000FF000000FF000000FF000000FF000000FF000000FF000000FF000000FF000000FF000000FF000000FF000000FF000000FF000000FF000000FF000000FF000000FF000000FF000000FF000000FF000000FF000000FF000000FF000000FF000000FF000000FF000000FF000000FF000000FF000000FF000000FF000000FF000000FF000000FF000000FF000000FF000000FF000000FF000000FF000000FF000000FF000000FF000000FF000000FF000000FF000000FF000000FF000000FF000000FF000000FF000000FF000000FF000000FF000000FF000000FF000000FF000000FF000000FF000000FF000000FF000000FF000000FF000000FF000000FF000000FF000000FF000000FF000000FF000000FF000000FF000000FF000000FF000000FF000000FF000000FF000000FF000000FF000000FF000000FF000000FF000000FF000000FF000000FF000000FF000000FF000000FF000000FF000000FF000000FF000000FF000000FF000000FF000000FF000000FF000000FF000000FF000000FF000000FF000000FF000000FF000000FF000000FF000000FF000000FF000000FF000000FF000000FF000000FF000000FF000000FF000000FF000000FF000000FF000000FF000000FF000000FF000000FF000000FF000000FF000000FF000000FF000000FF000000FF000000FF000000FF000000FF000000FF000000FF000000FF000000FF000000FF000000FF000000FF000000FF000000FF000000FF000000FF000000FF000000FF000000FF000000FF000000FF000000FF000000FF000000FF000000FF000000FF000000FF000000FF000000FF000000FF000000FF000000FF000000FF000000FF000000FF000000FF000000FF000000FF000000FF000000FF000000FF000000FF000000FF000000FF000000FF000000FF000000FF000000FF000000FF000000FF000000FF000000FF000000FF000000FF000000FF000000FF000000FF000000FF000000FF000000FF000000FF000000FF000000FF000000FF000000FF000000FF000000FF000000FF000000FF000000FF000000FF000000FF000000FF000000FF000000FF000000FF000000FF000000FF000000FF000000FF000000FF000000FF000000FF000000FF000000FF000000FF000000FF000000FF000000FF000000FF000000FF000000FF000000FF000000FF000000FF000000FF000000FF000000FF000000FF000000FF000000FF000000FF000000FF000000FF000000FF000000FF000000FF000000FF000000FF000000FF000000FF000000FF000000FF000000FF000000FF000000FF000000FF000000FF000000FF000000FF000000FF000000FF000000FF000000FF000000FF000000FF000000FF000000FF000000FF000000FF000000FF000000FF000000FF000000FF000000FF000000FF000000FF000000FF000000FF000000FF000000FF000000FF000000FF000000FF000000FF000000FF000000FF000000FF000000FF000000FF000000FF000000FF000000FF000000FF000000FF000000FF000000FF000000FF000000FF000000FF000000FF000000FF000000FF000000FF000000FF000000FF000000FF000000FF000000FF000000FF000000FF000000FF000000FF000000FF000000FF000000FF000000FF000000FF000000FF000000FF000000FF000000FF000000FF000000FF000000FFA9F922FFA9F922FF000000FF000000FF000000FF000000FFA9F922FFA9F922FFA9F922FFA9F922FF000000FF000000FF000000FF000000FFA9F922FFA9F922FF000000FF000000FF000000FF000000FFA9F922FFA9F922FFA9F922FFA9F922FF000000FF000000FF000000FF000000FF000000FF000000FF000000FF000000FF000000FF000000FF000000FF000000FF000000FF000000FF000000FF000000FF000000FF000000FF000000FF000000FF000000FF000000FF000000FF000000FF000000FF000000FF000000FF000000FF000000FF000000FF000000FF000000FF000000FF000000FF000000FF000000FF000000FF000000FF000000FF000000FF000000FF000000FF000000FF000000FF000000FF000000FF000000FF000000FF000000FF000000FF000000FF000000FF000000FF000000FF000000FF000000FF000000FF000000FF000000FF000000FF000000FF000000FF000000FF000000FF000000FF000000FF000000FF000000FF000000FF000000FF000000FF000000FF000000FF000000FF000000FF000000FF000000FF000000FF000000FF000000FF000000FF000000FF000000FF000000FF000000FF000000FF000000FF000000FF000000FF000000FF000000FF000000FF000000FF000000FF000000FF000000FF000000FF000000FF000000FF000000FF000000FF000000FF000000FF000000FF000000FF000000FF000000FF000000FF000000FF000000FF000000FF000000FF000000FF000000FF000000FF000000FF000000FF000000FF000000FF000000FF000000FF000000FF000000FF000000FF000000FF000000FF000000FF000000FF000000FF000000FF000000FF000000FF000000FF000000FF000000FF000000FF000000FF000000FF000000FF000000FF000000FF000000FF000000FF000000FF000000FF000000FF000000FF000000FF000000FF000000FF000000FF000000FF000000FF000000FF000000FF000000FF000000FF000000FF000000FF000000FF000000FF000000FF000000FF000000FF000000FF000000FF000000FF000000FF000000FF000000FF000000FF000000FF000000FF000000FF000000FF000000FF000000FF000000FF000000FF000000FF000000FF000000FF000000FF000000FF000000FF000000FF000000FF000000FF000000FF000000FF000000FF000000FF000000FF000000FF000000FF000000FF000000FF000000FF000000FF000000FF000000FF000000FF000000FF000000FF000000FF000000FF000000FF000000FF000000FF000000FF000000FF000000FF000000FF000000FF000000FF000000FF000000FF000000FF000000FF000000FF000000FF000000FF000000FF000000FF000000FF000000FF000000FF000000FF000000FF000000FF000000FF000000FF000000FF000000FF000000FF000000FF000000FF000000FF000000FF000000FF000000FF000000FF000000FF000000FF000000FF000000FF000000FF000000FF000000FF000000FF000000FF000000FF000000FF000000FF000000FF000000FF000000FF000000FF000000FF000000FF000000FF000000FF000000FF000000FF000000FF000000FF000000FF000000FF000000FF000000FF000000FF000000FF000000FF000000FF000000FF000000FF000000FF000000FF000000FF000000FF000000FF000000FF000000FF000000FF000000FF000000FF000000FF000000FF000000FF000000FF000000FF000000FF000000FF000000FF000000FF000000FF000000FF000000FF000000FF000000FF000000FF000000FF000000FF000000FF000000FF000000FF000000FF000000FF000000FF000000FF000000FF000000FF000000FF000000FF000000FF000000FF000000FF000000FF000000FF000000FF000000FF000000FF000000FF000000FF000000FF000000FF000000FF000000FF000000FF000000FF000000FF000000FF000000FF000000FF000000FF000000FF000000FF000000FF000000FF000000FF000000FF000000FF000000FF000000FF000000FF000000FF000000FF000000FF000000FF000000FF000000FF000000FF000000FF000000FF000000FF000000FF000000FF000000FF000000FF000000FF000000FF000000FF000000FF000000FF000000FF000000FF000000FF000000FF000000FF000000FF000000FF000000FF000000FF000000FF000000FF000000FF000000FF000000FF000000FF000000FF000000FF000000FF000000FF000000FF000000FF000000FF000000FF000000FF000000FF000000FF000000FF000000FF000000FF000000FF000000FF000000FF000000FF000000FF000000FF000000FF000000FF000000FF000000FF000000FF000000FF000000FF000000FF000000FF000000FF000000FF000000FF000000FF000000FF000000FF000000FF000000FF000000FF000000FF000000FF000000FF000000FF000000FF000000FF000000FF000000FF000000FF000000FF000000FF000000FF000000FF000000FF000000FF000000FF000000FF000000FF000000FF000000FF000000FF000000FF000000FF000000FF000000FF000000FF000000FF000000FF000000FF000000FF000000FF000000FF000000FF000000FF000000FF000000FF000000FF000000FF000000FF000000FF000000FF000000FF000000FF000000FF000000FF000000FF000000FF000000FF000000FF000000FF000000FF000000FF000000FF000000FF000000FF000000FF000000FF000000FF000000FF000000FF000000FF000000FF000000FF000000FF000000FF000000FF000000FF000000FF000000FF000000FF000000FF000000FF000000FF000000FF000000FF000000FF000000FF000000FF000000FF000000FF000000FF000000FF000000FF000000FF000000FF000000FF000000FF000000FF000000FF000000FF000000FF000000FF000000FF000000FF000000FF000000FF000000FF000000FF000000FF000000FF000000FF000000FF000000FF000000FF000000FF000000FF000000FF000000FF000000FF000000FF000000FF000000FF000000FF000000FF000000FF000000FF000000FF000000FF000000FFA9F922FFA9F922FF000000FF000000FFA9F922FFA9F922FF000000FF000000FFA9F922FFA9F922FF000000FF000000FF000000FF000000FFA9F922FFA9F922FF000000FF000000FFA9F922FFA9F922FF000000FF000000FFA9F922FFA9F922FF000000FF000000FF000000FF000000FF000000FF000000FF000000FF000000FF000000FF000000FF000000FF000000FF000000FF000000FF000000FF000000FF000000FF000000FF000000FF000000FF000000FF000000FF000000FF000000FF000000FF000000FF000000FF000000FF000000FF000000FF000000FF000000FF000000FF000000FF000000FF000000FF000000FF000000FF000000FF000000FF000000FF000000FF000000FF000000FF000000FF000000FF000000FF000000FF000000FF000000FF000000FF000000FF000000FF000000FF000000FF000000FF000000FF000000FF000000FF000000FF000000FF000000FF000000FF000000FF000000FF000000FF000000FF000000FF000000FF000000FF000000FF000000FF000000FF000000FF000000FF000000FF000000FF000000FF000000FF000000FF000000FF000000FF000000FF000000FF000000FF000000FF000000FF000000FF000000FF000000FF000000FF000000FF000000FF000000FF000000FF000000FF000000FF000000FF000000FF000000FF000000FF000000FF000000FF000000FF000000FF000000FF000000FF000000FF000000FF000000FF000000FF000000FF000000FF000000FF000000FF000000FF000000FF000000FF000000FF000000FF000000FF000000FF000000FF000000FF000000FF000000FF000000FF000000FF000000FF000000FF000000FF000000FF000000FF000000FF000000FF000000FF000000FF000000FF000000FF000000FF000000FF000000FF000000FF000000FF000000FF000000FF000000FF000000FF000000FF000000FF000000FF000000FF000000FF000000FF000000FF000000FF000000FF000000FF000000FF000000FF000000FF000000FF000000FF000000FF000000FF000000FF000000FF000000FF000000FF000000FF000000FF000000FF000000FF000000FF000000FF000000FF000000FF000000FF000000FF000000FF000000FF000000FF000000FF000000FF000000FF000000FF000000FF000000FF000000FF000000FF000000FF000000FF000000FF000000FF000000FF000000FF000000FF000000FF000000FF000000FF000000FF000000FF000000FF000000FF000000FF000000FF000000FF000000FF000000FF000000FF000000FF000000FF000000FF000000FF000000FF000000FF000000FF000000FF000000FF000000FF000000FF000000FF000000FF000000FF000000FF000000FF000000FF000000FF000000FF000000FF000000FF000000FF000000FF000000FF000000FF000000FF000000FF000000FF000000FF000000FF000000FF000000FF000000FF000000FF000000FF000000FF000000FF000000FF000000FF000000FF000000FF000000FF000000FF000000FF000000FF000000FF000000FF000000FF000000FF000000FF000000FF000000FF000000FF000000FF000000FF000000FF000000FF000000FF000000FF000000FF000000FF000000FF000000FF000000FF000000FF000000FF000000FF000000FF000000FF000000FF000000FF000000FF000000FF000000FF000000FF000000FF000000FF000000FF000000FF000000FF000000FF000000FF000000FF000000FF000000FF000000FF000000FF000000FF000000FF000000FF000000FF000000FF000000FF000000FF000000FF000000FF000000FF000000FF000000FF000000FF000000FF000000FF000000FF000000FF000000FF000000FF000000FF000000FF000000FF000000FF000000FF000000FF000000FF000000FF000000FF000000FF000000FF000000FF000000FF000000FF000000FF000000FF000000FF000000FF000000FF000000FF000000FF000000FF000000FF000000FF000000FF000000FF000000FF000000FF000000FF000000FF000000FF000000FF000000FF000000FF000000FF000000FF000000FF000000FF000000FF000000FF000000FF000000FF000000FF000000FF000000FF000000FF000000FF000000FF000000FF000000FF000000FF000000FF000000FF000000FF000000FF000000FF000000FF000000FF000000FF000000FF000000FF000000FF000000FF000000FF000000FF000000FF000000FF000000FF000000FF000000FF000000FF000000FF000000FF000000FF000000FF000000FF000000FF000000FF000000FF000000FF000000FF000000FF000000FF000000FF000000FF000000FF000000FF000000FF000000FF000000FF000000FF000000FF000000FF000000FF000000FF000000FF000000FF000000FF000000FF000000FF000000FF000000FF000000FF000000FF000000FF000000FF000000FF000000FF000000FF000000FF000000FF000000FF000000FF000000FF000000FF000000FF000000FF000000FF000000FF000000FF000000FF000000FF000000FF000000FF000000FF000000FF000000FF000000FF000000FF000000FF000000FF000000FF000000FF000000FF000000FF000000FF000000FF000000FF000000FF000000FF000000FF000000FF000000FF000000FF000000FF000000FF000000FF000000FF000000FF000000FF000000FF000000FF000000FF000000FF000000FF000000FF000000FF000000FF000000FF000000FF000000FF000000FF000000FF000000FF000000FF000000FF000000FF000000FF000000FF000000FF000000FF000000FF000000FF000000FF000000FF000000FF000000FF000000FF000000FF000000FF000000FF000000FF000000FF000000FF000000FF000000FF000000FF000000FF000000FF000000FF000000FF000000FF000000FF000000FF000000FF000000FF000000FF000000FF000000FF000000FF000000FF000000FF000000FF000000FF000000FF000000FF000000FF000000FF000000FF000000FF000000FF000000FF000000FF000000FF000000FF000000FF000000FF000000FF000000FF000000FFA9F922FFA9F922FF000000FF000000FFA9F922FFA9F922FF000000FF000000FFA9F922FFA9F922FF000000FF000000FF000000FF000000FFA9F922FFA9F922FF000000FF000000FFA9F922FFA9F922FF000000FF000000FFA9F922FFA9F922FF000000FF000000FF000000FF000000FF000000FF000000FF000000FF000000FF000000FF000000FF000000FF000000FF000000FF000000FF000000FF000000FF000000FF000000FF000000FF000000FF000000FF000000FF000000FF000000FF000000FF000000FF000000FF000000FF000000FF000000FF000000FF000000FF000000FF000000FF000000FF000000FF000000FF000000FF000000FF000000FF000000FF000000FF000000FF000000FF000000FF000000FF000000FF000000FF000000FF000000FF000000FF000000FF000000FF000000FF000000FF000000FF000000FF000000FF000000FF000000FF000000FF000000FF000000FF000000FF000000FF000000FF000000FF000000FF000000FF000000FF000000FF000000FF000000FF000000FF000000FF000000FF000000FF000000FF000000FF000000FF000000FF000000FF000000FF000000FF000000FF000000FF000000FF000000FF000000FF000000FF000000FF000000FF000000FF000000FF000000FF000000FF000000FF000000FF000000FF000000FF000000FF000000FF000000FF000000FF000000FF000000FF000000FF000000FF000000FF000000FF000000FF000000FF000000FF000000FF000000FF000000FF000000FF000000FF000000FF000000FF000000FF000000FF000000FF000000FF000000FF000000FF000000FF000000FF000000FF000000FF000000FF000000FF000000FF000000FF000000FF000000FF000000FF000000FF000000FF000000FF000000FF000000FF000000FF000000FF000000FF000000FF000000FF000000FF000000FF000000FF000000FF000000FF000000FF000000FF000000FF000000FF000000FF000000FF000000FF000000FF000000FF000000FF000000FF000000FF000000FF000000FF000000FF000000FF000000FF000000FF000000FF000000FF000000FF000000FF000000FF000000FF000000FF000000FF000000FF000000FF000000FF000000FF000000FF000000FF000000FF000000FF000000FF000000FF000000FF000000FF000000FF000000FF000000FF000000FF000000FF000000FF000000FF000000FF000000FF000000FF000000FF000000FF000000FF000000FF000000FF000000FF000000FF000000FF000000FF000000FF000000FF000000FF000000FF000000FF000000FF000000FF000000FF000000FF000000FF000000FF000000FF000000FF000000FF000000FF000000FF000000FF000000FF000000FF000000FF000000FF000000FF000000FF000000FF000000FF000000FF000000FF000000FF000000FF000000FF000000FF000000FF000000FF000000FF000000FF000000FF000000FF000000FF000000FF000000FF000000FF000000FF000000FF000000FF000000FF000000FF000000FF000000FF000000FF000000FF000000FF000000FF000000FF000000FF000000FF000000FF000000FF000000FF000000FF000000FF000000FF000000FF000000FF000000FF000000FF000000FF000000FF000000FF000000FF000000FF000000FF000000FF000000FF000000FF000000FF000000FF000000FF000000FF000000FF000000FF000000FF000000FF000000FF000000FF000000FF000000FF000000FF000000FF000000FF000000FF000000FF000000FF000000FF000000FF000000FF000000FF000000FF000000FF000000FF000000FF000000FF000000FF000000FF000000FF000000FF000000FF000000FF000000FF000000FF000000FF000000FF000000FF000000FF000000FF000000FF000000FF000000FF000000FF000000FF000000FF000000FF000000FF000000FF000000FF000000FF000000FF000000FF000000FF000000FF000000FF000000FF000000FF000000FF000000FF000000FF000000FF000000FF000000FF000000FF000000FF000000FF000000FF000000FF000000FF000000FF000000FF000000FF000000FF000000FF000000FF000000FF000000FF000000FF000000FF000000FF000000FF000000FF000000FF000000FF000000FF000000FF000000FF000000FF000000FF000000FF000000FF000000FF000000FF000000FF000000FF000000FF000000FF000000FF000000FF000000FF000000FF000000FF000000FF000000FF000000FF000000FF000000FF000000FF000000FF000000FF000000FF000000FF000000FF000000FF000000FF000000FF000000FF000000FF000000FF000000FF000000FF000000FF000000FF000000FF000000FF000000FF000000FF000000FF000000FF000000FF000000FF000000FF000000FF000000FF000000FF000000FF000000FF000000FF000000FF000000FF000000FF000000FF000000FF000000FF000000FF000000FF000000FF000000FF000000FF000000FF000000FF000000FF000000FF000000FF000000FF000000FF000000FF000000FF000000FF000000FF000000FF000000FF000000FF000000FF000000FF000000FF000000FF000000FF000000FF000000FF000000FF000000FF000000FF000000FF000000FF000000FF000000FF000000FF000000FF000000FF000000FF000000FF000000FF000000FF000000FF000000FF000000FF000000FF000000FF000000FF000000FF000000FF000000FF000000FF000000FF000000FF000000FF000000FF000000FF000000FF000000FF000000FF000000FF000000FF000000FF000000FF000000FF000000FF000000FF000000FF000000FF000000FF000000FF000000FF000000FF000000FF000000FF000000FF000000FF000000FF000000FF000000FF000000FF000000FF000000FF000000FF000000FF000000FF000000FF000000FF000000FF000000FF000000FF000000FF000000FF000000FF000000FF000000FF000000FF000000FF000000FF000000FF000000FF000000FF000000FF000000FF000000FF000000FF000000FF000000FF000000FF000000FFA9F922FFA9F922FFA9F922FFA9F922FF000000FF000000FF000000FF000000FFA9F922FFA9F922FF000000FF000000FF000000FF000000FFA9F922FFA9F922FFA9F922FFA9F922FF000000FF000000FF000000FF000000FFA9F922FFA9F922FF000000FF000000FF000000FF000000FF000000FF000000FF000000FF000000FF000000FF000000FF000000FF000000FF000000FF000000FF000000FF000000FF000000FF000000FF000000FF000000FF000000FF000000FF000000FF000000FF000000FF000000FF000000FF000000FF000000FF000000FF000000FF000000FF000000FF000000FF000000FF000000FF000000FF000000FF000000FF000000FF000000FF000000FF000000FF000000FF000000FF000000FF000000FF000000FF000000FF000000FF000000FF000000FF000000FF000000FF000000FF000000FF000000FF000000FF000000FF000000FF000000FF000000FF000000FF000000FF000000FF000000FF000000FF000000FF000000FF000000FF000000FF000000FF000000FF000000FF000000FF000000FF000000FF000000FF000000FF000000FF000000FF000000FF000000FF000000FF000000FF000000FF000000FF000000FF000000FF000000FF000000FF000000FF000000FF000000FF000000FF000000FF000000FF000000FF000000FF000000FF000000FF000000FF000000FF000000FF000000FF000000FF000000FF000000FF000000FF000000FF000000FF000000FF000000FF000000FF000000FF000000FF000000FF000000FF000000FF000000FF000000FF000000FF000000FF000000FF000000FF000000FF000000FF000000FF000000FF000000FF000000FF000000FF000000FF000000FF000000FF000000FF000000FF000000FF000000FF000000FF000000FF000000FF000000FF000000FF000000FF000000FF000000FF000000FF000000FF000000FF000000FF000000FF000000FF000000FF000000FF000000FF000000FF000000FF000000FF000000FF000000FF000000FF000000FF000000FF000000FF000000FF000000FF000000FF000000FF000000FF000000FF000000FF000000FF000000FF000000FF000000FF000000FF000000FF000000FF000000FF000000FF000000FF000000FF000000FF000000FF000000FF000000FF000000FF000000FF000000FF000000FF000000FF000000FF000000FF000000FF000000FF000000FF000000FF000000FF000000FF000000FF000000FF000000FF000000FF000000FF000000FF000000FF000000FF000000FF000000FF000000FF000000FF000000FF000000FF000000FF000000FF000000FF000000FF000000FF000000FF000000FF000000FF000000FF000000FF000000FF000000FF000000FF000000FF000000FF000000FF000000FF000000FF000000FF000000FF000000FF000000FF000000FF000000FF000000FF000000FF000000FF000000FF000000FF000000FF000000FF000000FF000000FF000000FF000000FF000000FF000000FF000000FF000000FF000000FF000000FF000000FF000000FF000000FF000000FF000000FF000000FF000000FF000000FF000000FF000000FF000000FF000000FF000000FF000000FF000000FF000000FF000000FF000000FF000000FF000000FF000000FF000000FF000000FF000000FF000000FF000000FF000000FF000000FF000000FF000000FF000000FF000000FF000000FF000000FF000000FF000000FF000000FF000000FF000000FF000000FF000000FF000000FF000000FF000000FF000000FF000000FF000000FF000000FF000000FF000000FF000000FF000000FF000000FF000000FF000000FF000000FF000000FF000000FF000000FF000000FF000000FF000000FF000000FF000000FF000000FF000000FF000000FF000000FF000000FF000000FF000000FF000000FF000000FF000000FF000000FF000000FF000000FF000000FF000000FF000000FF000000FF000000FF000000FF000000FF000000FF000000FF000000FF000000FF000000FF000000FF000000FF000000FF000000FF000000FF000000FF000000FF000000FF000000FF000000FF000000FF000000FF000000FF000000FF000000FF000000FF000000FF000000FF000000FF000000FF000000FF000000FF000000FF000000FF000000FF000000FF000000FF000000FF000000FF000000FF000000FF000000FF000000FF000000FF000000FF000000FF000000FF000000FF000000FF000000FF000000FF000000FF000000FF000000FF000000FF000000FF000000FF000000FF000000FF000000FF000000FF000000FF000000FF000000FF000000FF000000FF000000FF000000FF000000FF000000FF000000FF000000FF000000FF000000FF000000FF000000FF000000FF000000FF000000FF000000FF000000FF000000FF000000FF000000FF000000FF000000FF000000FF000000FF000000FF000000FF000000FF000000FF000000FF000000FF000000FF000000FF000000FF000000FF000000FF000000FF000000FF000000FF000000FF000000FF000000FF000000FF000000FF000000FF000000FF000000FF000000FF000000FF000000FF000000FF000000FF000000FF000000FF000000FF000000FF000000FF000000FF000000FF000000FF000000FF000000FF000000FF000000FF000000FF000000FF000000FF000000FF000000FF000000FF000000FF000000FF000000FF000000FF000000FF000000FF000000FF000000FF000000FF000000FF000000FF000000FF000000FF000000FF000000FF000000FF000000FF000000FF000000FF000000FF000000FF000000FF000000FF000000FF000000FF000000FF000000FF000000FF000000FF000000FF000000FF000000FF000000FF000000FF000000FF000000FF000000FF000000FF000000FF000000FF000000FF000000FF000000FF000000FF000000FF000000FF000000FF000000FF000000FF000000FF000000FF000000FF000000FF000000FF000000FF000000FF000000FF000000FF000000FF000000FF000000FF000000FF000000FF000000FF000000FF000000FF000000FF000000FF000000FFA9F922FFA9F922FFA9F922FFA9F922FF000000FF000000FF000000FF000000FFA9F922FFA9F922FF000000FF000000FF000000FF000000FFA9F922FFA9F922FFA9F922FFA9F922FF000000FF000000FF000000FF000000FFA9F922FFA9F922FF000000FF000000FF000000FF000000FF000000FF000000FF000000FF000000FF000000FF000000FF000000FF000000FF000000FF000000FF000000FF000000FF000000FF000000FF000000FF000000FF000000FF000000FF000000FF000000FF000000FF000000FF000000FF000000FF000000FF000000FF000000FF000000FF000000FF000000FF000000FF000000FF000000FF000000FF000000FF000000FF000000FF000000FF000000FF000000FF000000FF000000FF000000FF000000FF000000FF000000FF000000FF000000FF000000FF000000FF000000FF000000FF000000FF000000FF000000FF000000FF000000FF000000FF000000FF000000FF000000FF000000FF000000FF000000FF000000FF000000FF000000FF000000FF000000FF000000FF000000FF000000FF000000FF000000FF000000FF000000FF000000FF000000FF000000FF000000FF000000FF000000FF000000FF000000FF000000FF000000FF000000FF000000FF000000FF000000FF000000FF000000FF000000FF000000FF000000FF000000FF000000FF000000FF000000FF000000FF000000FF000000FF000000FF000000FF000000FF000000FF000000FF000000FF000000FF000000FF000000FF000000FF000000FF000000FF000000FF000000FF000000FF000000FF000000FF000000FF000000FF000000FF000000FF000000FF000000FF000000FF000000FF000000FF000000FF000000FF000000FF000000FF000000FF000000FF000000FF000000FF000000FF000000FF000000FF000000FF000000FF000000FF000000FF000000FF000000FF000000FF000000FF000000FF000000FF000000FF000000FF000000FF000000FF000000FF000000FF000000FF000000FF000000FF000000FF000000FF000000FF000000FF000000FF000000FF000000FF000000FF000000FF000000FF000000FF000000FF000000FF000000FF000000FF000000FF000000FF000000FF000000FF000000FF000000FF000000FF000000FF000000FF000000FF000000FF000000FF000000FF000000FF000000FF000000FF000000FF000000FF000000FF000000FF000000FF000000FF000000FF000000FF000000FF000000FF000000FF000000FF000000FF000000FF000000FF000000FF000000FF000000FF000000FF000000FF000000FF000000FF000000FF000000FF000000FF000000FF000000FF000000FF000000FF000000FF000000FF000000FF000000FF000000FF000000FF000000FF000000FF000000FF000000FF000000FF000000FF000000FF000000FF000000FF000000FF000000FF000000FF000000FF000000FF000000FF000000FF000000FF000000FF000000FF000000FF000000FF000000FF000000FF000000FF000000FF000000FF000000FF000000FF000000FF000000FF000000FF000000FF000000FF000000FF000000FF000000FF000000FF000000FF000000FF000000FF000000FF000000FF000000FF000000FF000000FF000000FF000000FF000000FF000000FF000000FF000000FF000000FF000000FF000000FF000000FF000000FF000000FF000000FF000000FF000000FF000000FF000000FF000000FF000000FF000000FF000000FF000000FF000000FF000000FF000000FF000000FF000000FF000000FF000000FF000000FF000000FF000000FF000000FF000000FF000000FF000000FF000000FF000000FF000000FF000000FF000000FF000000FF000000FF000000FF000000FF000000FF000000FF000000FF000000FF000000FF000000FF000000FF000000FF000000FF000000FF000000FF000000FF000000FF000000FF000000FF000000FF000000FF000000FF000000FF000000FF000000FF000000FF000000FF000000FF000000FF000000FF000000FF000000FF000000FF000000FF000000FF000000FF000000FF000000FF000000FF000000FF000000FF000000FF000000FF000000FF000000FF000000FF000000FF000000FF000000FF000000FF000000FF000000FF000000FF000000FF000000FF000000FF000000FF000000FF000000FF000000FF000000FF000000FF000000FF000000FF000000FF000000FF000000FF000000FF000000FF000000FF000000FF000000FF000000FF000000FF000000FF000000FF000000FF000000FF000000FF000000FF000000FF000000FF000000FF000000FF000000FF000000FF000000FF000000FF000000FF000000FF000000FF000000FF000000FF000000FF000000FF000000FF000000FF000000FF000000FF000000FF000000FF000000FF000000FF000000FF000000FF000000FF000000FF000000FF000000FF000000FF000000FF000000FF000000FF000000FF000000FF000000FF000000FF000000FF000000FF000000FF000000FF000000FF000000FF000000FF000000FF000000FF000000FF000000FF000000FF000000FF000000FF000000FF000000FF000000FF000000FF000000FF000000FF000000FF000000FF000000FF000000FF000000FF000000FF000000FF000000FF000000FF000000FF000000FF000000FF000000FF000000FF000000FF000000FF000000FF000000FF000000FF000000FF000000FF000000FF000000FF000000FF000000FF000000FF000000FF000000FF000000FF000000FF000000FF000000FF000000FF000000FF000000FF000000FF000000FF000000FF000000FF000000FF000000FF000000FF000000FF000000FF000000FF000000FF000000FF000000FF000000FF000000FF000000FF000000FF000000FF000000FF000000FF000000FF000000FF000000FF000000FF000000FF000000FF000000FF000000FF000000FF000000FF000000FF000000FF000000FF000000FF000000FF000000FF000000FF000000FF000000FF000000FF000000FF000000FF000000FF000000FF000000FF000000FF000000FF000000FF000000FF000000FFA9F922FFA9F922FF000000FF000000FF000000FF000000FF000000FF000000FFA9F922FFA9F922FF000000FF000000FF000000FF000000FFA9F922FFA9F922FF000000FF000000FF000000FF000000FF000000FF000000FFA9F922FFA9F922FF000000FF000000FF000000FF000000FF000000FF000000FF000000FF000000FF000000FF000000FF000000FF000000FF000000FF000000FF000000FF000000FF000000FF000000FF000000FF000000FF000000FF000000FF000000FF000000FF000000FF000000FF000000FF000000FF000000FF000000FF000000FF000000FF000000FF000000FF000000FF000000FF000000FF000000FF000000FF000000FF000000FF000000FF000000FF000000FF000000FF000000FF000000FF000000FF000000FF000000FF000000FF000000FF000000FF000000FF000000FF000000FF000000FF000000FF000000FF000000FF000000FF000000FF000000FF000000FF000000FF000000FF000000FF000000FF000000FF000000FF000000FF000000FF000000FF000000FF000000FF000000FF000000FF000000FF000000FF000000FF000000FF000000FF000000FF000000FF000000FF000000FF000000FF000000FF000000FF000000FF000000FF000000FF000000FF000000FF000000FF000000FF000000FF000000FF000000FF000000FF000000FF000000FF000000FF000000FF000000FF000000FF000000FF000000FF000000FF000000FF000000FF000000FF000000FF000000FF000000FF000000FF000000FF000000FF000000FF000000FF000000FF000000FF000000FF000000FF000000FF000000FF000000FF000000FF000000FF000000FF000000FF000000FF000000FF000000FF000000FF000000FF000000FF000000FF000000FF000000FF000000FF000000FF000000FF000000FF000000FF000000FF000000FF000000FF000000FF000000FF000000FF000000FF000000FF000000FF000000FF000000FF000000FF000000FF000000FF000000FF000000FF000000FF000000FF000000FF000000FF000000FF000000FF000000FF000000FF000000FF000000FF000000FF000000FF000000FF000000FF000000FF000000FF000000FF000000FF000000FF000000FF000000FF000000FF000000FF000000FF000000FF000000FF000000FF000000FF000000FF000000FF000000FF000000FF000000FF000000FF000000FF000000FF000000FF000000FF000000FF000000FF000000FF000000FF000000FF000000FF000000FF000000FF000000FF000000FF000000FF000000FF000000FF000000FF000000FF000000FF000000FF000000FF000000FF000000FF000000FF000000FF000000FF000000FF000000FF000000FF000000FF000000FF000000FF000000FF000000FF000000FF000000FF000000FF000000FF000000FF000000FF000000FF000000FF000000FF000000FF000000FF000000FF000000FF000000FF000000FF000000FF000000FF000000FF000000FF000000FF000000FF000000FF000000FF000000FF000000FF000000FF000000FF000000FF000000FF000000FF000000FF000000FF000000FF000000FF000000FF000000FF000000FF000000FF000000FF000000FF000000FF000000FF000000FF000000FF000000FF000000FF000000FF000000FF000000FF000000FF000000FF000000FF000000FF000000FF000000FF000000FF000000FF000000FF000000FF000000FF000000FF000000FF000000FF000000FF000000FF000000FF000000FF000000FF000000FF000000FF000000FF000000FF000000FF000000FF000000FF000000FF000000FF000000FF000000FF000000FF000000FF000000FF000000FF000000FF000000FF000000FF000000FF000000FF000000FF000000FF000000FF000000FF000000FF000000FF000000FF000000FF000000FF000000FF000000FF000000FF000000FF000000FF000000FF000000FF000000FF000000FF000000FF000000FF000000FF000000FF000000FF000000FF000000FF000000FF000000FF000000FF000000FF000000FF000000FF000000FF000000FF000000FF000000FF000000FF000000FF000000FF000000FF000000FF000000FF000000FF000000FF000000FF000000FF000000FF000000FF000000FF000000FF000000FF000000FF000000FF000000FF000000FF000000FF000000FF000000FF000000FF000000FF000000FF000000FF000000FF000000FF000000FF000000FF000000FF000000FF000000FF000000FF000000FF000000FF000000FF000000FF000000FF000000FF000000FF000000FF000000FF000000FF000000FF000000FF000000FF000000FF000000FF000000FF000000FF000000FF000000FF000000FF000000FF000000FF000000FF000000FF000000FF000000FF000000FF000000FF000000FF000000FF000000FF000000FF000000FF000000FF000000FF000000FF000000FF000000FF000000FF000000FF000000FF000000FF000000FF000000FF000000FF000000FF000000FF000000FF000000FF000000FF000000FF000000FF000000FF000000FF000000FF000000FF000000FF000000FF000000FF000000FF000000FF000000FF000000FF000000FF000000FF000000FF000000FF000000FF000000FF000000FF000000FF000000FF000000FF000000FF000000FF000000FF000000FF000000FF000000FF000000FF000000FF000000FF000000FF000000FF000000FF000000FF000000FF000000FF000000FF000000FF000000FF000000FF000000FF000000FF000000FF000000FF000000FF000000FF000000FF000000FF000000FF000000FF000000FF000000FF000000FF000000FF000000FF000000FF000000FF000000FF000000FF000000FF000000FF000000FF000000FF000000FF000000FF000000FF000000FF000000FF000000FF000000FF000000FF000000FF000000FF000000FF000000FF000000FF000000FF000000FF000000FF000000FF000000FF000000FF000000FF000000FF000000FF000000FF000000FF000000FF000000FF000000FF000000FF000000FF000000FF000000FF000000FF000000FF000000FFA9F922FFA9F922FF000000FF000000FF000000FF000000FF000000FF000000FFA9F922FFA9F922FF000000FF000000FF000000FF000000FFA9F922FFA9F922FF000000FF000000FF000000FF000000FF000000FF000000FFA9F922FFA9F922FF000000FF000000FF000000FF000000FF000000FF000000FF000000FF000000FF000000FF000000FF000000FF000000FF000000FF000000FF000000FF000000FF000000FF000000FF000000FF000000FF000000FF000000FF000000FF000000FF000000FF000000FF000000FF000000FF000000FF000000FF000000FF000000FF000000FF000000FF000000FF000000FF000000FF000000FF000000FF000000FF000000FF000000FF000000FF000000FF000000FF000000FF000000FF000000FF000000FF000000FF000000FF000000FF000000FF000000FF000000FF000000FF000000FF000000FF000000FF000000FF000000FF000000FF000000FF000000FF000000FF000000FF000000FF000000FF000000FF000000FF000000FF000000FF000000FF000000FF000000FF000000FF000000FF000000FF000000FF000000FF000000FF000000FF000000FF000000FF000000FF000000FF000000FF000000FF000000FF000000FF000000FF000000FF000000FF000000FF000000FF000000FF000000FF000000FF000000FF000000FF000000FF000000FF000000FF000000FF000000FF000000FF000000FF000000FF000000FF000000FF000000FF000000FF000000FF000000FF000000FF000000FF000000FF000000FF000000FF000000FF000000FF000000FF000000FF000000FF000000FF000000FF000000FF000000FF000000FF000000FF000000FF000000FF000000FF000000FF000000FF000000FF000000FF000000FF000000FF000000FF000000FF000000FF000000FF000000FF000000FF000000FF000000FF000000FF000000FF000000FF000000FF000000FF000000FF000000FF000000FF000000FF000000FF000000FF000000FF000000FF000000FF000000FF000000FF000000FF000000FF000000FF000000FF000000FF000000FF000000FF000000FF000000FF000000FF000000FF000000FF000000FF000000FF000000FF000000FF000000FF000000FF000000FF000000FF000000FF000000FF000000FF000000FF000000FF000000FF000000FF000000FF000000FF000000FF000000FF000000FF000000FF000000FF000000FF000000FF000000FF000000FF000000FF000000FF000000FF000000FF000000FF000000FF000000FF000000FF000000FF000000FF000000FF000000FF000000FF000000FF000000FF000000FF000000FF000000FF000000FF000000FF000000FF000000FF000000FF000000FF000000FF000000FF000000FF000000FF000000FF000000FF000000FF000000FF000000FF000000FF000000FF000000FF000000FF000000FF000000FF000000FF000000FF000000FF000000FF000000FF000000FF000000FF000000FF000000FF000000FF000000FF000000FF000000FF000000FF000000FF000000FF000000FF000000FF000000FF000000FF000000FF000000FF000000FF000000FF000000FF000000FF000000FF000000FF000000FF000000FF000000FF000000FF000000FF000000FF000000FF000000FF000000FF000000FF000000FF000000FF000000FF000000FF000000FF000000FF000000FF000000FF000000FF000000FF000000FF000000FF000000FF000000FF000000FF000000FF000000FF000000FF000000FF000000FF000000FF000000FF000000FF000000FF000000FF000000FF000000FF000000FF000000FF000000FF000000FF000000FF000000FF000000FF000000FF000000FF000000FF000000FF000000FF000000FF000000FF000000FF000000FF000000FF000000FF000000FF000000FF000000FF000000FF000000FF000000FF000000FF000000FF000000FF000000FF000000FF000000FF000000FF000000FF000000FF000000FF000000FF000000FF000000FF000000FF000000FF000000FF000000FF000000FF000000FF000000FF000000FF000000FF000000FF000000FF000000FF000000FF000000FF000000FF000000FF000000FF000000FF000000FF000000FF000000FF000000FF000000FF000000FF000000FF000000FF000000FF000000FF000000FF000000FF000000FF000000FF000000FF000000FF000000FF000000FF000000FF000000FF000000FF000000FF000000FF000000FF000000FF000000FF000000FF000000FF000000FF000000FF000000FF000000FF000000FF000000FF000000FF000000FF000000FF000000FF000000FF000000FF000000FF000000FF000000FF000000FF000000FF000000FF000000FF000000FF000000FF000000FF000000FF000000FF000000FF000000FF000000FF000000FF000000FF000000FF000000FF000000FF000000FF000000FF000000FF000000FF000000FF000000FF000000FF000000FF000000FF000000FF000000FF000000FF000000FF000000FF000000FF000000FF000000FF000000FF000000FF000000FF000000FF000000FF000000FF000000FF000000FF000000FF000000FF000000FF000000FF000000FF000000FF000000FF000000FF000000FF000000FF000000FF000000FF000000FF000000FF000000FF000000FF000000FF000000FF000000FF000000FF000000FF000000FF000000FF000000FF000000FF000000FF000000FF000000FF000000FF000000FF000000FF000000FF000000FF000000FF000000FF000000FF000000FF000000FF000000FF000000FF000000FF000000FF000000FF000000FF000000FF000000FF000000FF000000FF000000FF000000FF000000FF000000FF000000FF000000FF000000FF000000FF000000FF000000FF000000FF000000FF000000FF000000FF000000FF000000FF000000FF000000FF000000FF000000FF000000FF000000FF000000FF000000FF000000FF000000FF000000FF000000FF000000FF000000FF000000FF000000FF000000FF000000FF000000FF000000FF000000FF000000FF000000FF000000FF000000FF000000FF000000FF000000FF000000FFA9F922FFA9F922FFA9F922FFA9F922FFA9F922FFA9F922FF000000FF000000FF000000FF000000FF000000FF000000FF000000FF000000FFA9F922FFA9F922FFA9F922FFA9F922FFA9F922FFA9F922FF000000FF000000FF000000FF000000FF000000FF000000FF000000FF000000FF000000FF000000FF000000FF000000FF000000FF000000FF000000FF000000FF000000FF000000FF000000FF000000FF000000FF000000FF000000FF000000FF000000FF000000FF000000FF000000FF000000FF000000FF000000FF000000FF000000FF000000FF000000FF000000FF000000FF000000FF000000FF000000FF000000FF000000FF000000FF000000FF000000FF000000FF000000FF000000FF000000FF000000FF000000FF000000FF000000FF000000FF000000FF000000FF000000FF000000FF000000FF000000FF000000FF000000FF000000FF000000FF000000FF000000FF000000FF000000FF000000FF000000FF000000FF000000FF000000FF000000FF000000FF000000FF000000FF000000FF000000FF000000FF000000FF000000FF000000FF000000FF000000FF000000FF000000FF000000FF000000FF000000FF000000FF000000FF000000FF000000FF000000FF000000FF000000FF000000FF000000FF000000FF000000FF000000FF000000FF000000FF000000FF000000FF000000FF000000FF000000FF000000FF000000FF000000FF000000FF000000FF000000FF000000FF000000FF000000FF000000FF000000FF000000FF000000FF000000FF000000FF000000FF000000FF000000FF000000FF000000FF000000FF000000FF000000FF000000FF000000FF000000FF000000FF000000FF000000FF000000FF000000FF000000FF000000FF000000FF000000FF000000FF000000FF000000FF000000FF000000FF000000FF000000FF000000FF000000FF000000FF000000FF000000FF000000FF000000FF000000FF000000FF000000FF000000FF000000FF000000FF000000FF000000FF000000FF000000FF000000FF000000FF000000FF000000FF000000FF000000FF000000FF000000FF000000FF000000FF000000FF000000FF000000FF000000FF000000FF000000FF000000FF000000FF000000FF000000FF000000FF000000FF000000FF000000FF000000FF000000FF000000FF000000FF000000FF000000FF000000FF000000FF000000FF000000FF000000FF000000FF000000FF000000FF000000FF000000FF000000FF000000FF000000FF000000FF000000FF000000FF000000FF000000FF000000FF000000FF000000FF000000FF000000FF000000FF000000FF000000FF000000FF000000FF000000FF000000FF000000FF000000FF000000FF000000FF000000FF000000FF000000FF000000FF000000FF000000FF000000FF000000FF000000FF000000FF000000FF000000FF000000FF000000FF000000FF000000FF000000FF000000FF000000FF000000FF000000FF000000FF000000FF000000FF000000FF000000FF000000FF000000FF000000FF000000FF000000FF000000FF000000FF000000FF000000FF000000FF000000FF000000FF000000FF000000FF000000FF000000FF000000FF000000FF000000FF000000FF000000FF000000FF000000FF000000FF000000FF000000FF000000FF000000FF000000FF000000FF000000FF000000FF000000FF000000FF000000FF000000FF000000FF000000FF000000FF000000FF000000FF000000FF000000FF000000FF000000FF000000FF000000FF000000FF000000FF000000FF000000FF000000FF000000FF000000FF000000FF000000FF000000FF000000FF000000FF000000FF000000FF000000FF000000FF000000FF000000FF000000FF000000FF000000FF000000FF000000FF000000FF000000FF000000FF000000FF000000FF000000FF000000FF000000FF000000FF000000FF000000FF000000FF000000FF000000FF000000FF000000FF000000FF000000FF000000FF000000FF000000FF000000FF000000FF000000FF000000FF000000FF000000FF000000FF000000FF000000FF000000FF000000FF000000FF000000FF000000FF000000FF000000FF000000FF000000FF000000FF000000FF000000FF000000FF000000FF000000FF000000FF000000FF000000FF000000FF000000FF000000FF000000FF000000FF000000FF000000FF000000FF000000FF000000FF000000FF000000FF000000FF000000FF000000FF000000FF000000FF000000FF000000FF000000FF000000FF000000FF000000FF000000FF000000FF000000FF000000FF000000FF000000FF000000FF000000FF000000FF000000FF000000FF000000FF000000FF000000FF000000FF000000FF000000FF000000FF000000FF000000FF000000FF000000FF000000FF000000FF000000FF000000FF000000FF000000FF000000FF000000FF000000FF000000FF000000FF000000FF000000FF000000FF000000FF000000FF000000FF000000FF000000FF000000FF000000FF000000FF000000FF000000FF000000FF000000FF000000FF000000FF000000FF000000FF000000FF000000FF000000FF000000FF000000FF000000FF000000FF000000FF000000FF000000FF000000FF000000FF000000FF000000FF000000FF000000FF000000FF000000FF000000FF000000FF000000FF000000FF000000FF000000FF000000FF000000FF000000FF000000FF000000FF000000FF000000FF000000FF000000FF000000FF000000FF000000FF000000FF000000FF000000FF000000FF000000FF000000FF000000FF000000FF000000FF000000FF000000FF000000FF000000FF000000FF000000FF000000FF000000FF000000FF000000FF000000FF000000FF000000FF000000FF000000FF000000FF000000FF000000FF000000FF000000FF000000FF000000FF000000FF000000FF000000FF000000FF000000FF000000FF000000FF000000FF000000FF000000FF000000FF000000FF000000FF000000FF000000FF000000FF000000FF000000FF000000FF000000FF000000FF000000FFA9F922FFA9F922FFA9F922FFA9F922FFA9F922FFA9F922FF000000FF000000FF000000FF000000FF000000FF000000FF000000FF000000FFA9F922FFA9F922FFA9F922FFA9F922FFA9F922FFA9F922FF000000FF000000FF000000FF000000FF000000FF000000FF000000FF000000FF000000FF000000FF000000FF000000FF000000FF000000FF000000FF000000FF000000FF000000FF000000FF000000FF000000FF000000FF000000FF000000FF000000FF000000FF000000FF000000FF000000FF000000FF000000FF000000FF000000FF000000FF000000FF000000FF000000FF000000FF000000FF000000FF000000FF000000FF000000FF000000FF000000FF000000FF000000FF000000FF000000FF000000FF000000FF000000FF000000FF000000FF000000FF000000FF000000FF000000FF000000FF000000FF000000FF000000FF000000FF000000FF000000FF000000FF000000FF000000FF000000FF000000FF000000FF000000FF000000FF000000FF000000FF000000FF000000FF000000FF000000FF000000FF000000FF000000FF000000FF000000FF000000FF000000FF000000FF000000FF000000FF000000FF000000FF000000FF000000FF000000FF000000FF000000FF000000FF000000FF000000FF000000FF000000FF000000FF000000FF000000FF000000FF000000FF000000FF000000FF000000FF000000FF000000FF000000FF000000FF000000FF000000FF000000FF000000FF000000FF000000FF000000FF000000FF000000FF000000FF000000FF000000FF000000FF000000FF000000FF000000FF000000FF000000FF000000FF000000FF000000FF000000FF000000FF000000FF000000FF000000FF000000FF000000FF000000FF000000FF000000FF000000FF000000FF000000FF000000FF000000FF000000FF000000FF000000FF000000FF000000FF000000FF000000FF000000FF000000FF000000FF000000FF000000FF000000FF000000FF000000FF000000FF000000FF000000FF000000FF000000FF000000FF000000FF000000FF000000FF000000FF000000FF000000FF000000FF000000FF000000FF000000FF000000FF000000FF000000FF000000FF000000FF000000FF000000FF000000FF000000FF000000FF000000FF000000FF000000FF000000FF000000FF000000FF000000FF000000FF000000FF000000FF000000FF000000FF000000FF000000FF000000FF000000FF000000FF000000FF000000FF000000FF000000FF000000FF000000FF000000FF000000FF000000FF000000FF000000FF000000FF000000FF000000FF000000FF000000FF000000FF000000FF000000FF000000FF000000FF000000FF000000FF000000FF000000FF000000FF000000FF000000FF000000FF000000FF000000FF000000FF000000FF000000FF000000FF000000FF000000FF000000FF000000FF000000FF000000FF000000FF000000FF000000FF000000FF000000FF000000FF000000FF000000FF000000FF000000FF000000FF000000FF000000FF000000FF000000FF000000FF000000FF000000FF000000FF000000FF000000FF000000FF000000FF000000FF000000FF000000FF000000FF000000FF000000FF000000FF000000FF000000FF000000FF000000FF000000FF000000FF000000FF000000FF000000FF000000FF000000FF000000FF000000FF000000FF000000FF000000FF000000FF000000FF000000FF000000FF000000FF000000FF000000FF000000FF000000FF000000FF000000FF000000FF000000FF000000FF000000FF000000FF000000FF000000FF000000FF000000FF000000FF000000FF000000FF000000FF000000FF000000FF000000FF000000FF000000FF000000FF000000FF000000FF000000FF000000FF000000FF000000FF000000FF000000FF000000FF000000FF000000FF000000FF000000FF000000FF000000FF000000FF000000FF000000FF000000FF000000FF000000FF000000FF000000FF000000FF000000FF000000FF000000FF000000FF000000FF000000FF000000FF000000FF000000FF000000FF000000FF000000FF000000FF000000FF000000FF000000FF000000FF000000FF000000FF000000FF000000FF000000FF000000FF000000FF000000FF000000FF000000FF000000FF000000FF000000FF000000FF000000FF000000FF000000FF000000FF000000FF000000FF000000FF000000FF000000FF000000FF000000FF000000FF000000FF000000FF000000FF000000FF000000FF000000FF000000FF000000FF000000FF000000FF000000FF000000FF000000FF000000FF000000FF000000FF000000FF000000FF000000FF000000FF000000FF000000FF000000FF000000FF000000FF000000FF000000FF000000FF000000FF000000FF000000FF000000FF000000FF000000FF000000FF000000FF000000FF000000FF000000FF000000FF000000FF000000FF000000FF000000FF000000FF000000FF000000FF000000FF000000FF000000FF000000FF000000FF000000FF000000FF000000FF000000FF000000FF000000FF000000FF000000FF000000FF000000FF000000FF000000FF000000FF000000FF000000FF000000FF000000FF000000FF000000FF000000FF000000FF000000FF000000FF000000FF000000FF000000FF000000FF000000FF000000FF000000FF000000FF000000FF000000FF000000FF000000FF000000FF000000FF000000FF000000FF000000FF000000FF000000FF000000FF000000FF000000FF000000FF000000FF000000FF000000FF000000FF000000FF000000FF000000FF000000FF000000FF000000FF000000FF000000FF000000FF000000FF000000FF000000FF000000FF000000FF000000FF000000FF000000FF000000FF000000FF000000FF000000FF000000FF000000FF000000FF000000FF000000FF000000FF000000FF000000FF000000FF000000FF000000FF000000FF000000FF000000FF000000FF000000FF000000FF000000FF000000FF000000FF000000FF000000FF000000FF000000FF000000FF000000FF000000FF000000FF000000FF000000FF000000FF000000FF000000FF000000FF000000FF000000FF000000FF000000FF000000FF000000FF000000FF000000FF000000FF000000FF000000FF000000FF000000FF000000FF000000FF000000FF000000FF000000FF000000FF000000FF000000FF000000FF000000FF000000FF000000FF000000FF000000FF000000FF000000FF000000FF000000FF000000FF000000FF000000FF000000FF000000FF000000FF000000FF000000FF000000FF000000FF000000FF000000FF000000FF000000FF000000FF000000FF000000FF000000FF000000FF000000FF000000FF000000FF000000FF000000FF000000FF000000FF000000FF000000FF000000FF000000FF000000FF000000FF000000FF000000FF000000FF000000FF000000FF000000FF000000FF000000FF000000FF000000FF000000FF000000FF000000FF000000FF000000FF000000FF000000FF000000FF000000FF000000FF000000FF000000FF000000FF000000FF000000FF000000FF000000FF000000FF000000FF000000FF000000FF000000FF000000FF000000FF000000FF000000FF000000FF000000FF000000FF000000FF000000FF000000FF000000FF000000FF000000FF000000FF000000FF000000FF000000FF000000FF000000FF000000FF000000FF000000FF000000FF000000FF000000FF000000FF000000FF000000FF000000FF000000FF000000FF000000FF000000FF000000FF000000FF000000FF000000FF000000FF000000FF000000FF000000FF000000FF000000FF000000FF000000FF000000FF000000FF000000FF000000FF000000FF000000FF000000FF000000FF000000FF000000FF000000FF000000FF000000FF000000FF000000FF000000FF000000FF000000FF000000FF000000FF000000FF000000FF000000FF000000FF000000FF000000FF000000FF000000FF000000FF000000FF000000FF000000FF000000FF000000FF000000FF000000FF000000FF000000FF000000FF000000FF000000FF000000FF000000FF000000FF000000FF000000FF000000FF000000FF000000FF000000FF000000FF000000FF000000FF000000FF000000FF000000FF000000FF000000FF000000FF000000FF000000FF000000FF000000FF000000FF000000FF000000FF000000FF000000FF000000FF000000FF000000FF000000FF000000FF000000FF000000FF000000FF000000FF000000FF000000FF000000FF000000FF000000FF000000FF000000FF000000FF000000FF000000FF000000FF000000FF000000FF000000FF000000FF000000FF000000FF000000FF000000FF000000FF000000FF000000FF000000FF000000FF000000FF000000FF000000FF000000FF000000FF000000FF000000FF000000FF000000FF000000FF000000FF000000FF000000FF000000FF000000FF000000FF000000FF000000FF000000FF000000FF000000FF000000FF000000FF000000FF000000FF000000FF000000FF000000FF000000FF000000FF000000FF000000FF000000FF000000FF000000FF000000FF000000FF000000FF000000FF000000FF000000FF000000FF000000FF000000FF000000FF000000FF000000FF000000FF000000FF000000FF000000FF000000FF000000FF000000FF000000FF000000FF000000FF000000FF000000FF000000FF000000FF000000FF000000FF000000FF000000FF000000FF000000FF000000FF000000FF000000FF000000FF000000FF000000FF000000FF000000FF000000FF000000FF000000FF000000FF000000FF000000FF000000FF000000FF000000FF000000FF000000FF000000FF000000FF000000FF000000FF000000FF000000FF000000FF000000FF000000FF000000FF000000FF000000FF000000FF000000FF000000FF000000FF000000FF000000FF000000FF000000FF000000FF000000FF000000FF000000FF000000FF000000FF000000FF000000FF000000FF000000FF000000FF000000FF000000FF000000FF000000FF000000FF000000FF000000FF000000FF000000FF000000FF000000FF000000FF000000FF000000FF000000FF000000FF000000FF000000FF000000FF000000FF000000FF000000FF000000FF000000FF000000FF000000FF000000FF000000FF000000FF000000FF000000FF000000FF000000FF000000FF000000FF000000FF000000FF000000FF000000FF000000FF000000FF000000FF000000FF000000FF000000FF000000FF000000FF000000FF000000FF000000FF000000FF000000FF000000FF000000FF000000FF000000FF000000FF000000FF000000FF000000FF000000FF000000FF000000FF000000FF000000FF000000FF000000FF000000FF000000FF000000FF000000FF000000FF000000FF000000FF000000FF000000FF000000FF000000FF000000FF000000FF000000FF000000FF000000FF000000FF000000FF000000FF000000FF000000FF000000FF000000FF000000FF000000FF000000FF000000FF000000FF000000FF000000FF000000FF000000FF000000FF000000FF000000FF000000FF000000FF000000FF000000FF000000FF000000FF000000FF000000FF000000FF000000FF000000FF000000FF000000FF000000FF000000FF000000FF000000FF000000FF000000FF000000FF000000FF000000FF000000FF000000FF000000FF000000FF000000FF000000FF000000FF000000FF000000FF000000FF000000FF000000FF000000FF000000FF000000FF000000FF000000FF000000FF000000FF000000FF000000FF000000FF000000FF000000FF000000FF000000FF000000FF000000FF000000FF000000FF000000FF000000FF000000FF000000FF000000FF000000FF000000FF000000FF000000FF000000FF000000FF000000FF000000FF000000FF000000FF000000FF000000FF000000FF000000FF000000FF000000FF000000FF000000FF000000FF000000FF000000FF000000FF000000FF000000FF000000FF000000FF000000FF000000FF000000FF000000FF000000FF000000FF000000FF000000FF000000FF000000FF000000FF000000FF000000FF000000FF000000FF000000FF000000FF000000FF000000FF000000FF000000FF000000FF000000FF000000FF000000FF000000FF000000FF000000FF000000FF000000FF000000FF000000FF000000FF000000FF000000FF000000FF000000FF000000FF000000FF000000FF000000FF000000FF000000FF000000FF000000FF000000FF000000FF000000FF000000FF000000FF000000FF000000FF000000FF000000FF000000FF000000FF000000FF000000FF000000FF000000FF000000FF000000FF000000FF000000FF000000FF000000FF000000FF000000FF000000FF000000FF000000FF000000FF000000FF000000FF000000FF000000FF000000FF000000FF000000FF000000FF000000FF000000FF000000FF000000FF000000FF000000FF000000FF000000FF000000FF000000FF000000FF000000FF000000FF000000FF000000FF000000FF000000FF000000FF000000FF000000FF000000FF000000FF000000FF000000FF000000FF000000FF000000FF000000FF000000FF000000FF000000FF000000FF000000FF000000FF000000FF000000FF000000FF000000FF000000FF000000FF000000FF000000FF000000FF000000FF000000FF000000FF000000FF000000FF000000FF000000FF000000FF000000FF000000FF000000FF000000FF000000FF000000FF000000FF000000FF000000FF000000FF000000FF000000FF000000FF000000FF000000FF000000FF000000FF000000FF000000FF000000FF000000FF000000FF000000FF000000FF000000FF000000FF000000FF000000FF000000FF000000FF000000FF000000FF000000FF000000FF000000FF000000FF000000FF000000FF000000FF000000FF000000FF000000FF000000FF000000FF000000FF000000FF000000FF000000FF000000FF000000FF000000FF000000FF000000FF000000FF000000FF000000FF000000FF000000FF000000FF000000FF000000FF000000FF000000FF000000FF000000FF000000FF000000FF000000FF000000FF000000FF000000FF000000FF000000FF000000FF000000FF000000FF000000FF000000FF000000FF000000FF000000FF000000FF000000FF000000FF000000FF000000FF000000FF000000FF000000FF000000FF000000FF000000FF000000FF000000FF000000FF000000FF000000FF000000FF000000FF000000FF000000FF000000FF000000FF000000FF000000FF000000FF000000FF000000FF000000FF000000FF000000FF000000FF000000FF000000FF000000FF000000FF000000FF000000FF000000FF000000FF000000FF000000FF000000FF000000FF000000FF000000FF000000FF000000FF000000FF000000FF000000FF000000FF000000FF000000FF000000FF000000FF000000FF000000FF000000FF000000FF000000FF000000FF000000FF000000FF000000FF000000FF000000FF000000FF000000FF000000FF000000FF000000FF000000FF000000FF000000FF000000FF000000FF000000FF000000FF000000FF000000FF000000FF000000FF000000FF000000FF000000FF000000FF000000FF000000FF000000FF000000FF000000FF000000FF000000FF000000FF000000FF000000FF000000FF000000FF000000FF000000FF000000FF000000FF000000FF000000FF000000FF000000FF000000FF000000FF000000FF000000FF000000FF000000FF000000FF000000FF000000FF000000FF000000FF000000FF000000FF000000FF000000FF000000FF000000FF000000FF000000FF000000FF000000FF000000FF000000FF000000FF000000FF000000FF000000FF000000FF000000FF000000FF000000FF000000FF000000FF000000FF000000FF000000FF000000FF000000FF000000FF000000FF000000FF000000FF000000FF000000FF000000FF000000FF000000FF000000FF000000FF000000FF000000FF000000FF000000FF000000FF000000FF000000FF000000FF000000FF000000FF000000FF000000FF000000FF000000FF000000FF000000FF000000FF000000FF000000FF000000FF000000FF000000FF000000FF000000FF000000FF000000FF000000FF000000FF000000FF000000FF000000FF000000FF000000FF000000FF000000FF000000FF000000FF000000FF000000FF000000FF000000FF000000FF000000FF000000FF000000FF000000FF000000FF000000FF000000FF000000FF000000FF000000FF000000FF000000FF000000FF000000FF000000FF000000FF000000FF000000FF000000FF000000FF000000FF000000FF000000FF000000FF000000FF000000FF000000FF000000FF000000FF000000FF000000FF000000FF000000FF000000FF000000FF000000FF000000FF000000FF000000FF000000FF000000FF000000FF000000FF000000FF000000FF000000FF000000FF000000FF000000FF000000FF000000FF000000FF000000FF000000FF000000FF000000FF000000FF000000FF000000FF000000FF000000FF000000FF000000FF000000FF000000FF000000FF000000FF000000FF000000FF000000FF000000FF000000FF000000FF000000FF000000FF000000FF000000FF000000FF000000FF000000FF000000FF000000FF000000FF000000FF000000FF000000FF000000FF000000FF000000FF000000FF000000FF000000FF000000FF000000FF000000FF000000FF000000FF000000FF000000FF000000FF000000FF000000FF000000FF000000FF000000FF000000FF000000FF000000FF000000FF000000FF000000FF000000FF000000FF000000FF000000FF000000FF000000FF000000FF000000FF000000FF000000FF000000FF000000FF000000FF000000FF000000FF000000FF000000FF000000FF000000FF000000FF000000FF000000FF000000FF000000FF000000FF000000FF000000FF000000FF000000FF000000FF000000FF000000FF000000FF000000FF000000FF000000FF000000FF000000FF000000FF000000FF000000FF000000FF000000FF000000FF000000FF000000FF000000FF000000FF000000FF000000FF000000FF000000FF000000FF000000FF000000FF000000FF000000FF000000FF000000FF000000FF000000FF000000FF000000FF000000FF000000FF000000FF000000FF000000FF000000FF000000FF000000FF000000FF000000FF000000FF000000FF000000FF000000FF000000FF000000FF000000FF000000FF000000FF000000FF000000FF000000FF000000FF000000FF000000FF000000FF000000FF000000FF000000FF000000FF000000FF000000FF000000FF000000FF000000FF000000FF000000FF000000FF000000FF000000FF000000FF000000FF000000FF000000FF000000FF000000FF000000FF000000FF000000FF000000FF000000FF000000FF000000FF000000FF000000FF000000FF000000FF000000FF000000FF000000FF000000FF000000FF000000FF000000FF000000FF000000FF000000FF000000FF000000FF000000FF000000FF000000FF000000FF000000FF000000FF000000FF000000FF000000FF000000FF000000FF000000FF000000FF000000FF000000FF000000FF000000FF000000FF000000FF000000FF000000FF000000FF000000FF000000FF000000FF000000FF000000FF000000FF000000FF000000FF000000FF000000FF000000FF000000FF000000FF000000FF000000FF000000FF000000FF000000FF000000FF000000FF000000FF000000FF000000FF000000FF000000FF000000FF000000FF000000FF000000FF000000FF000000FF000000FF000000FF000000FF000000FF000000FF000000FF000000FF000000FF000000FF000000FF000000FF000000FF000000FF000000FF000000FF000000FF000000FF000000FF000000FF000000FF000000FF000000FF000000FF000000FF000000FF000000FF000000FF000000FF000000FF000000FF000000FF000000FF000000FF000000FF000000FF000000FF000000FF000000FF000000FF000000FF000000FF000000FF000000FF000000FF000000FF000000FF000000FF000000FF000000FF000000FF000000FF000000FF000000FF000000FF000000FF000000FF000000FF000000FF000000FF000000FF000000FF000000FF000000FF000000FF000000FF000000FF000000FF000000FF000000FF000000FF000000FF000000FF000000FF000000FF000000FF000000FF000000FF000000FF000000FF000000FF000000FF000000FF000000FF000000FF000000FF000000FF000000FF000000FF000000FF000000FF000000FF000000FF000000FF000000FF000000FF000000FF000000FF000000FF000000FF000000FF000000FF000000FF000000FF000000FF000000FF000000FF000000FF000000FF000000FF000000FF000000FF000000FF000000FF000000FF000000FF000000FF000000FF000000FF000000FF000000FF000000FF000000FF000000FF000000FF000000FF000000FF000000FF000000FF000000FF000000FF000000FF000000FF000000FF000000FF000000FF000000FF000000FF000000FF000000FF000000FF000000FF000000FF000000FF000000FF000000FF000000FF000000FF000000FF000000FF000000FF000000FF000000FF000000FF000000FF000000FF000000FF000000FF000000FF000000FF000000FF000000FF000000FF000000FF000000FF000000FF000000FF000000FF000000FF000000FF000000FF000000FF000000FF000000FF000000FF000000FF000000FF000000FF000000FF000000FF000000FF000000FF000000FF000000FF000000FF000000FF000000FF000000FF000000FF000000FF000000FF000000FF000000FF000000FF000000FF000000FF000000FF000000FF000000FF000000FF000000FF000000FF000000FF000000FF000000FF000000FF000000FF000000FF000000FF000000FF000000FF000000FF000000FF000000FF000000FF000000FF000000FF000000FF000000FF000000FF000000FF000000FF000000FF000000FF000000FF000000FF000000FF000000FF000000FF000000FF000000FF000000FF000000FF000000FF000000FF000000FF000000FF000000FF000000FF000000FF000000FF000000FF000000FF000000FF000000FF000000FF000000FF000000FF000000FF000000FF000000FF000000FF000000FF000000FF000000FF000000FF000000FF000000FF000000FF000000FF000000FF000000FF000000FF000000FF000000FF000000FF000000FF000000FF000000FF000000FF000000FF000000FF000000FF000000FF000000FF000000FF000000FF000000FF000000FF000000FF000000FF000000FF000000FF000000FF000000FF000000FF000000FF000000FF000000FF000000FF000000FF000000FF000000FF000000FF000000FF000000FF000000FF000000FF000000FF000000FF000000FF000000FF000000FF000000FF000000FF000000FF000000FF000000FF000000FF000000FF000000FF000000FF000000FF000000FF000000FF000000FF000000FF000000FF000000FF000000FF000000FF000000FF000000FF000000FF000000FF000000FF000000FF000000FF000000FF000000FF000000FF000000FF000000FF000000FF000000FF000000FF000000FF000000FF000000FF000000FF000000FF000000FF000000FF000000FF000000FF000000FF000000FF000000FF000000FF000000FF000000FF000000FF000000FF000000FF000000FF000000FF000000FF000000FF000000FF000000FF000000FF000000FF000000FF000000FF000000FF000000FF000000FF000000FF000000FF000000FF000000FF000000FF000000FF000000FF000000FF000000FF000000FF000000FF000000FF000000FF000000FF000000FF000000FF000000FF000000FF000000FF000000FF000000FF000000FF000000FF000000FF000000FF000000FF000000FF000000FF000000FF000000FF000000FF000000FF000000FF000000FF000000FF000000FF000000FF000000FF000000FF000000FF000000FF000000FF000000FF000000FF000000FF000000FF000000FF000000FF000000FF000000FF000000FF000000FF000000FF000000FF000000FF000000FF000000FF000000FF000000FF000000FF000000FF000000FF000000FF000000FF000000FF000000FF000000FF000000FF000000FF000000FF000000FF000000FF000000FF000000FF000000FF000000FF000000FF000000FF000000FF000000FF000000FF000000FF000000FF000000FF000000FF000000FF000000FF000000FF000000FF000000FF000000FF000000FF000000FF000000FF000000FF000000FF000000FF000000FF000000FF000000FF000000FF000000FF000000FF000000FF000000FF000000FF000000FF000000FF000000FF000000FF000000FF000000FF000000FF000000FF000000FF000000FF000000FF000000FF000000FF000000FF000000FF000000FF000000FF000000FF000000FF000000FF000000FF000000FF000000FF000000FF000000FF000000FF000000FF000000FF000000FF000000FF000000FF000000FF000000FF000000FF000000FF000000FF000000FF000000FF000000FF000000FF000000FF000000FF000000FF000000FF000000FF000000FF000000FF000000FF000000FF000000FF000000FF000000FF000000FF000000FF000000FF000000FF000000FF000000FF000000FF000000FF000000FF000000FF000000FF000000FF000000FF000000FF000000FF000000FF000000FF000000FF000000FF000000FF000000FF000000FF000000FF000000FF000000FF000000FF000000FF000000FF000000FF000000FF000000FF000000FF000000FF000000FF000000FF000000FF000000FF000000FF000000FF000000FF000000FF000000FF000000FF000000FF000000FF000000FF000000FF000000FF000000FF000000FF000000FF000000FF000000FF000000FF000000FF000000FF000000FF000000FF000000FF000000FF000000FF000000FF000000FF000000FF000000FF000000FF000000FF000000FF000000FF000000FF000000FF000000FF000000FF000000FF000000FF000000FF000000FF000000FF000000FF000000FF000000FF000000FF000000FF000000FF000000FF000000FF000000FF000000FF000000FF000000FF000000FF000000FF000000FF000000FF000000FF000000FF000000FF000000FF000000FF000000FF000000FF000000FF000000FF000000FF000000FF000000FF000000FF000000FF000000FF000000FF000000FF000000FF000000FF000000FF000000FF000000FF000000FF000000FF000000FF000000FF000000FF000000FF000000FF000000FF000000FF000000FF000000FF000000FF000000FF000000FF000000FF000000FF000000FF000000FF000000FF000000FF000000FF000000FF000000FF000000FF000000FF000000FF000000FF000000FF000000FF000000FF000000FF000000FF000000FF000000FF000000FF000000FF000000FF000000FF000000FF000000FF000000FF000000FF000000FF000000FF000000FF000000FF000000FF000000FF000000FF000000FF000000FF000000FF000000FF000000FF000000FF000000FF000000FF000000FF000000FF000000FF000000FF000000FF000000FF000000FF000000FF000000FF000000FF000000FF000000FF000000FF000000FF000000FF000000FF000000FF000000FF000000FF000000FF000000FF000000FF000000FF000000FF000000FF000000FF000000FF000000FF000000FF000000FF000000FF000000FF000000FF000000FF000000FF000000FF000000FF000000FF000000FF000000FF000000FF000000FF000000FF000000FF000000FF000000FF000000FF000000FF000000FF000000FF000000FF000000FF000000FF000000FF000000FF000000FF000000FF000000FF000000FF000000FF000000FF000000FF000000FF000000FF000000FF000000FF000000FF000000FF000000FF000000FF000000FF000000FF000000FF000000FF000000FF000000FF000000FF000000FF000000FF000000FF000000FF000000FF000000FF000000FF000000FF000000FF000000FF000000FF000000FF000000FF000000FF000000FF000000FF000000FF000000FF000000FF000000FF000000FF000000FF000000FF000000FF000000FF000000FF000000FF000000FF000000FF000000FF000000FF000000FF000000FF000000FF000000FF000000FF000000FF000000FF000000FF000000FF000000FF000000FF000000FF000000FF000000FF000000FF000000FF000000FF000000FF000000FF000000FF000000FF000000FF000000FF000000FF000000FF000000FF000000FF000000FF000000FF000000FF000000FF000000FF000000FF000000FF000000FF000000FF000000FF000000FF000000FF000000FF000000FF000000FF000000FF000000FF000000FF000000FF000000FF000000FF000000FF000000FF000000FF000000FF000000FF000000FF000000FF000000FF000000FF000000FF000000FF000000FF000000FF000000FF000000FF000000FF000000FF000000FF000000FF000000FF000000FF000000FF000000FF000000FF000000FF000000FF000000FF000000FF000000FF000000FF000000FF000000FF000000FF000000FF000000FF000000FF000000FF000000FF000000FF000000FF000000FF000000FF000000FF000000FF000000FF000000FF000000FF000000FF000000FF000000FF000000FF000000FF000000FF000000FF000000FF000000FF000000FF000000FF000000FF000000FF000000FF000000FF000000FF000000FF000000FF000000FF000000FF000000FF000000FF000000FF000000FF000000FF000000FF000000FF000000FF000000FF000000FF000000FF000000FF000000FF000000FF000000FF000000FF000000FF000000FF000000FF000000FF000000FF000000FF000000FF000000FF000000FF000000FF000000FF000000FF000000FF000000FF000000FF000000FF000000FF000000FF000000FF000000FF000000FF000000FF000000FF000000FF000000FF000000FF000000FF000000FF000000FF000000FF000000FF000000FF000000FF000000FF000000FF000000FF000000FF000000FF000000FF000000FF000000FF000000FF000000FF000000FF000000FF000000FF000000FF000000FF000000FF000000FF000000FF000000FF000000FF000000FF000000FF000000FF000000FF000000FF000000FF000000FF000000FF000000FF000000FF000000FF000000FF000000FF000000FF000000FF000000FF000000FF000000FF000000FF000000FF000000FF000000FF000000FF000000FF000000FF000000FF000000FF000000FF000000FF000000FF000000FF000000FF000000FF000000FF000000FF000000FF000000FF000000FF000000FF000000FF000000FF000000FF000000FF000000FF000000FF000000FF000000FF000000FF000000FF000000FF000000FF000000FF000000FF000000FF000000FF000000FF000000FF000000FF000000FF000000FF000000FF000000FF000000FF000000FF000000FF000000FF000000FF000000FF000000FF000000FF000000FF000000FF000000FF000000FF000000FF000000FF000000FF000000FF000000FF000000FF000000FF000000FF000000FF000000FF000000FF000000FF000000FF000000FF000000FF000000FF000000FF000000FF000000FF000000FF000000FF000000FF000000FF000000FF000000FF000000FF000000FF000000FF000000FF000000FF000000FF000000FF000000FF000000FF000000FF000000FF000000FF000000FF000000FF000000FF000000FF000000FF000000FF000000FF000000FF000000FF000000FF000000FF000000FF000000FF000000FF000000FF000000FF000000FF000000FF000000FF000000FF000000FF000000FF000000FF000000FF000000FF000000FF000000FF000000FF000000FF000000FF000000FF000000FF000000FF000000FF000000FF000000FF000000FF000000FF000000FF000000FF000000FF000000FF000000FF000000FF000000FF000000FF000000FF000000FF000000FF000000FF000000FF000000FF000000FF000000FF000000FF000000FF000000FF000000FF000000FF000000FF000000FF000000FF000000FF000000FF000000FF000000FF000000FF000000FF000000FF000000FF000000FF000000FF000000FF000000FF000000FF000000FF000000FF000000FF000000FF000000FF000000FF000000FF000000FF000000FF000000FF000000FF000000FF000000FF000000FF000000FF000000FF000000FF000000FF000000FF000000FF000000FF000000FF000000FF000000FF000000FF000000FF000000FF000000FF000000FF000000FF000000FF000000FF000000FF000000FF000000FF000000FF000000FF000000FF000000FF000000FF000000FF000000FF000000FF000000FF000000FF000000FF000000FF000000FF000000FF000000FF000000FF000000FF000000FF000000FF000000FF000000FF000000FF000000FF000000FF000000FF000000FF000000FF000000FF000000FF000000FF000000FF000000FF000000FF000000FF000000FF000000FF000000FF000000FF000000FF000000FF000000FF000000FF000000FF000000FF000000FF000000FF000000FF000000FF000000FF000000FF000000FF000000FF000000FF000000FF000000FF000000FF000000FF000000FF000000FF000000FF000000FF000000FF000000FF000000FF000000FF000000FF000000FF000000FF000000FF000000FF000000FF000000FF000000FF000000FF000000FF000000FF000000FF000000FF000000FF000000FF000000FF000000FF000000FF000000FF000000FF000000FF000000FF000000FF000000FF000000FF000000FF000000FF000000FF000000FF000000FF000000FF000000FF000000FF000000FF000000FF000000FF000000FF000000FF000000FF000000FF000000FF000000FF000000FF000000FF000000FF000000FF000000FF000000FF000000FF000000FF000000FF000000FF000000FF000000FF000000FF000000FF000000FF000000FF000000FF000000FF000000FF000000FF000000FF000000FF000000FF000000FF000000FF000000FF000000FF000000FF000000FF000000FF000000FF000000FF000000FF000000FF000000FF000000FF000000FF000000FF000000FF000000FF000000FF000000FF000000FF000000FF000000FF000000FF000000FF000000FF000000FF000000FF000000FF000000FF000000FF000000FF000000FF000000FF000000FF000000FF000000FF000000FF000000FF000000FF000000FF000000FF000000FF000000FF000000FF000000FF000000FF000000FF000000FF000000FF000000FF000000FF000000FF000000FF000000FF000000FF000000FF000000FF000000FF000000FF000000FF000000FF000000FF000000FF000000FF000000FF000000FF000000FF000000FF000000FF000000FF000000FF000000FF000000FF000000FF000000FF000000FF000000FF000000FF000000FF000000FF000000FF000000FF000000FF000000FF000000FF000000FF000000FF000000FF000000FF000000FF000000FF000000FF000000FF000000FF000000FF000000FF000000FF000000FF000000FF000000FF000000FF000000FF000000FF000000FF000000FF000000FF000000FF000000FF000000FF000000FF000000FF000000FF000000FF000000FF000000FF000000FF000000FF000000FF000000FF000000FF000000FF000000FF000000FF000000FF000000FF000000FF000000FF000000FF000000FF000000FF000000FF000000FF000000FF000000FF000000FF000000FF000000FF000000FF000000FF000000FF000000FF000000FF000000FF000000FF000000FF000000FF000000FF000000FF000000FF000000FF000000FF000000FF000000FF000000FF000000FF000000FF000000FF000000FF000000FF000000FF000000FF000000FF000000FF000000FF000000FF000000FF000000FF000000FF000000FF000000FF000000FF000000FF000000FF000000FF000000FF000000FF000000FF000000FF000000FF000000FF000000FF000000FF000000FF000000FF000000FF000000FF000000FF000000FF000000FF000000FF000000FF000000FF000000FF000000FF000000FF000000FF000000FF000000FF000000FF000000FF000000FF000000FF000000FF000000FF000000FF000000FF000000FF000000FF000000FF000000FF000000FF000000FF000000FF000000FF000000FF000000FF000000FF000000FF000000FF000000FF000000FF000000FF000000FF000000FF000000FF000000FF000000FF000000FF000000FF000000FF000000FF000000FF000000FF000000FF000000FF000000FF000000FF000000FF000000FF000000FF000000FF000000FF000000FF000000FF000000FF000000FF000000FF000000FF000000FF000000FF000000FF000000FF000000FF000000FF000000FF000000FF000000FF000000FF000000FF000000FF000000FF000000FF000000FF000000FF000000FF000000FF000000FF000000FF000000FF000000FF000000FF000000FF000000FF000000FF000000FF000000FF000000FF000000FF000000FF000000FF000000FF000000FF000000FF000000FF000000FF000000FF000000FF000000FF000000FF000000FF000000FF000000FF000000FF000000FF000000FF000000FF000000FF000000FF000000FF000000FF000000FF000000FF000000FF000000FF000000FF000000FF000000FF000000FF000000FF000000FF000000FF000000FF000000FF000000FF000000FF000000FF000000FF000000FF000000FF000000FF000000FF000000FF000000FF000000FF000000FF000000FF000000FF000000FF000000FF000000FF000000FF000000FF000000FF000000FF000000FF000000FF000000FF000000FF000000FF000000FF000000FF000000FF000000FF000000FF000000FF000000FF000000FF000000FF000000FF000000FF000000FF000000FF000000FF000000FF000000FF000000FF000000FF000000FF000000FF000000FF000000FF000000FF000000FF000000FF000000FF000000FF000000FF000000FF000000FF000000FF000000FF000000FF000000FF000000FF000000FF000000FF000000FF000000FF000000FF000000FF000000FF000000FF000000FF000000FF000000FF000000FF000000FF000000FF000000FF000000FF000000FF000000FF000000FF000000FF000000FF000000FF000000FF000000FF000000FF000000FF000000FF000000FF000000FF000000FF000000FF000000FF000000FF000000FF000000FF000000FF000000FF000000FF000000FF000000FF000000FF000000FF000000FF000000FF000000FF000000FF000000FF000000FF000000FF000000FF000000FF000000FF000000FF000000FF000000FF000000FF000000FF000000FF000000FF000000FF000000FF000000FF000000FF000000FF000000FF000000FF000000FF000000FF000000FF000000FF000000FF000000FF000000FF000000FF000000FF000000FF000000FF000000FF000000FF000000FF000000FF000000FF000000FF000000FF000000FF000000FF000000FF000000FF000000FF000000FF000000FF000000FF000000FF000000FF000000FF000000FF000000FF000000FF000000FF000000FF000000FF000000FF000000FF000000FF000000FF000000FF000000FF000000FF000000FF000000FF000000FF000000FF000000FF000000FF000000FF000000FF000000FF000000FF000000FF000000FF000000FF000000FF000000FF000000FF000000FF000000FF000000FF000000FF000000FF000000FF000000FF000000FF000000FF000000FF000000FF000000FF000000FF000000FF000000FF000000FF000000FF000000FF000000FF000000FF000000FF000000FF000000FF000000FF000000FF000000FF000000FF000000FF000000FF000000FF000000FF000000FF000000FF000000FF000000FF000000FF000000FF000000FF000000FF000000FF000000FF000000FF000000FF000000FF000000FF000000FF000000FF000000FF000000FF000000FF000000FF000000FF000000FF000000FF000000FF000000FF000000FF000000FF000000FF000000FF000000FF000000FF000000FF000000FF000000FF000000FF000000FF000000FF000000FF000000FF000000FF000000FF000000FF000000FF000000FF000000FF000000FF000000FF000000FF000000FF000000FF000000FF000000FF000000FF000000FF000000FF000000FF000000FF000000FF000000FF000000FF000000FF000000FF000000FF000000FF000000FF000000FF000000FF000000FF000000FF000000FF000000FF000000FF000000FF000000FF000000FF000000FF000000FF000000FF000000FF000000FF000000FF000000FF000000FF000000FF000000FF000000FF000000FF000000FF000000FF000000FF000000FF000000FF000000FF000000FF000000FF000000FF000000FF000000FF000000FF000000FF000000FF000000FF000000FF000000FF000000FF000000FF000000FF000000FF000000FF000000FF000000FF000000FF000000FF000000FF000000FF000000FF000000FF000000FF000000FF000000FF000000FF000000FF000000FF000000FF000000FF000000FF000000FF000000FF000000FF000000FF000000FF000000FF000000FF000000FF000000FF000000FF000000FF000000FF000000FF000000FF000000FF000000FF000000FF000000FF000000FF000000FF000000FF000000FF000000FF000000FF000000FF000000FF000000FF000000FF000000FF000000FF000000FF000000FF000000FF000000FF000000FF000000FF000000FF000000FF000000FF000000FF000000FF000000FF000000FF000000FF000000FF000000FF000000FF000000FF000000FF000000FF000000FF000000FF000000FF000000FF000000FF000000FF000000FF000000FF000000FF000000FF000000FF000000FF000000FF000000FF000000FF000000FF000000FF000000FF000000FF000000FF000000FF000000FF000000FF000000FF000000FF000000FF000000FF000000FF000000FF000000FF000000FF000000FF000000FF000000FF000000FF000000FF000000FF000000FF000000FF000000FF000000FF000000FF000000FF000000FF000000FF000000FF000000FF000000FF000000FF000000FF000000FF000000FF000000FF000000FF000000FF000000FF000000FF000000FF000000FF000000FF000000FF000000FF000000FF000000FF000000FF000000FF000000FF000000FF000000FF000000FF000000FF000000FF000000FF000000FF000000FF000000FF000000FF000000FF000000FF000000FF000000FF000000FF000000FF000000FF000000FF000000FF000000FF000000FF000000FF000000FF000000FF000000FF000000FF000000FF000000FF000000FF000000FF000000FF000000FF000000FF000000FF000000FF000000FF000000FF000000FF000000FF000000FF000000FF000000FF000000FF000000FF000000FF000000FF000000FF000000FF000000FF000000FF000000FF000000FF000000FF000000FF000000FF000000FF000000FF000000FF000000FF000000FF000000FF000000FF000000FF000000FF000000FF000000FF000000FF000000FF000000FF000000FF000000FF000000FF000000FF000000FF000000FF000000FF000000FF000000FF000000FF000000FF000000FF000000FF000000FF000000FF000000FF000000FF000000FF000000FF000000FF000000FF000000FF000000FF000000FF000000FF000000FF000000FF000000FF000000FF000000FF000000FF000000FF000000FF000000FF000000FF000000FF000000FF000000FF000000FF000000FF000000FF000000FF000000FF000000FF000000FF000000FF000000FF000000FF000000FF000000FF000000FF000000FF000000FF000000FF000000FF000000FF000000FF000000FF000000FF000000FF000000FF000000FF000000FF000000FF000000FF000000FF000000FF000000FF000000FF000000FF000000FF000000FF000000FF000000FF000000FF000000FF000000FF000000FF000000FF000000FF000000FF000000FF000000FF000000FF000000FF000000FF000000FF000000FF000000FF000000FF000000FF000000FF000000FF000000FF000000FF000000FF000000FF000000FF000000FF000000FF000000FF000000FF000000FF000000FF000000FF000000FF000000FF000000FF000000FF000000FF000000FF000000FF000000FF000000FF000000FF000000FF000000FF000000FF000000FF000000FF000000FF000000FF000000FF000000FF000000FF000000FF000000FF000000FF000000FF000000FF000000FF000000FF000000FF000000FF000000FF000000FF000000FF000000FF000000FF000000FF000000FF000000FF000000FF000000FF000000FF000000FF000000FF000000FF000000FF000000FF000000FF000000FF000000FF000000FF000000FF000000FF000000FF000000FF000000FF000000FF000000FF000000FF000000FF000000FF000000FF000000FF000000FF000000FF000000FF000000FF000000FF000000FF000000FF000000FF000000FF000000FF000000FF000000FF000000FF000000FF000000FF000000FF000000FF000000FF000000FF000000FF000000FF000000FF000000FF000000FF000000FF000000FF000000FF000000FF000000FF000000FF000000FF000000FF000000FF000000FF000000FF000000FF000000FF000000FF000000FF000000FF000000FF000000FF000000FF000000FF000000FF000000FF000000FF000000FF000000FF000000FF000000FF000000FF000000FF000000FF000000FF000000FF000000FF000000FF000000FF000000FF000000FF000000FF000000FF000000FF000000FF000000FF000000FF000000FF000000FF000000FF000000FF000000FF000000FF000000FF000000FF000000FF000000FF000000FF000000FF000000FF000000FF000000FF000000FF000000FF000000FF000000FF000000FF000000FF000000FF000000FF000000FF000000FF000000FF000000FF000000FF000000FF000000FF000000FF000000FF000000FF000000FF000000FF000000FF000000FF000000FF000000FF000000FF000000FF000000FF000000FF000000FF000000FF000000FF000000FF000000FF000000FF000000FF000000FF000000FF000000FF000000FF000000FF000000FF000000FF000000FF000000FF000000FF000000FF000000FF000000FF000000FF000000FF000000FF000000FF000000FF000000FF000000FF000000FF000000FF000000FF000000FF000000FF000000FF000000FF000000FF000000FF000000FF000000FF000000FF000000FF000000FF000000FF000000FF000000FF000000FF000000FF000000FF000000FF000000FF000000FF000000FF000000FF000000FF000000FF000000FF000000FF000000FF000000FF000000FF000000FF000000FF000000FF000000FF000000FF000000FF000000FF000000FF000000FF000000FF000000FF000000FF000000FF000000FF000000FF000000FF000000FF000000FF000000FF000000FF000000FF000000FF000000FF000000FF000000FF000000FF000000FF000000FF000000FF000000FF000000FF000000FF000000FF000000FF000000FF000000FF000000FF000000FF000000FF000000FF000000FF000000FF000000FF000000FF000000FF000000FF000000FF000000FF000000FF000000FF000000FF000000FF000000FF000000FF000000FF000000FF000000FF000000FF000000FF000000FF000000FF000000FF000000FF000000FF000000FF000000FF000000FF000000FF000000FF000000FF000000FF000000FF000000FF000000FF000000FF000000FF000000FF000000FF000000FF000000FF000000FF000000FF000000FF000000FF000000FF000000FF000000FF000000FF000000FF000000FF000000FF000000FF000000FF000000FF000000FF000000FF000000FF000000FF000000FF000000FF000000FF000000FF000000FF000000FF000000FF000000FF000000FF000000FF000000FF000000FF000000FF000000FF000000FF000000FF000000FF000000FF000000FF000000FF000000FF000000FF000000FF000000FF000000FF000000FF000000FF000000FF000000FF000000FF000000FF000000FF000000FF000000FF000000FF000000FF000000FF000000FF000000FF000000FF000000FF000000FF000000FF000000FF000000FF000000FF000000FF000000FF000000FF000000FF000000FF000000FF000000FF000000FF000000FF000000FF000000FF000000FF000000FF000000FF000000FF000000FF000000FF000000FF000000FF000000FF000000FF000000FF000000FF000000FF000000FF000000FF000000FF000000FF000000FF000000FF000000FF000000FF000000FF000000FF000000FF000000FF000000FF000000FF000000FF000000FF000000FF000000FF000000FF000000FF000000FF000000FF000000FF000000FF000000FF000000FF000000FF000000FF000000FF000000FF000000FF000000FF000000FF000000FF000000FF000000FF000000FF000000FF000000FF000000FF000000FF000000FF000000FF000000FF000000FF000000FF000000FF000000FF000000FF000000FF000000FF000000FF000000FF000000FF000000FF000000FF000000FF000000FF000000FF000000FF000000FF000000FF000000FF000000FF000000FF000000FF000000FF000000FF000000FF000000FF000000FF000000FF000000FF000000FF000000FF000000FF000000FF000000FF000000FF000000FF000000FF000000FF000000FF000000FF000000FF000000FF000000FF000000FF000000FF000000FF000000FF000000FF000000FF000000FF000000FF000000FF000000FF000000FF000000FF000000FF000000FF000000FF000000FF000000FF000000FF000000FF000000FF000000FF000000FF000000FF000000FF000000FF000000FF000000FF000000FF000000FF000000FF000000FF000000FF000000FF000000FF000000FF000000FF000000FF000000FF000000FF000000FF000000FF000000FF000000FF000000FF000000FF000000FF000000FF000000FF000000FF000000FF000000FF000000FF000000FF000000FF000000FF000000FF000000FF000000FF000000FF000000FF000000FF000000FF000000FF000000FF000000FF000000FF000000FF000000FF000000FF000000FF000000FF000000FF000000FF000000FF000000FF000000FF000000FF000000FF000000FF000000FF000000FF000000FF000000FF000000FF000000FF000000FF000000FF000000FF000000FF000000FF000000FF000000FF000000FF000000FF000000FF000000FF000000FF000000FF000000FF000000FF000000FF000000FF000000FF000000FF000000FF000000FF000000FF000000FF000000FF000000FF000000FF000000FF000000FF000000FF000000FF000000FF000000FF000000FF000000FF000000FF000000FF000000FF000000FF000000FF000000FF000000FF000000FF000000FF000000FF000000FF000000FF000000FF000000FF000000FF000000FF000000FF000000FF000000FF000000FF000000FF000000FF000000FF000000FF000000FF000000FF000000FF000000FF000000FF000000FF000000FF000000FF000000FF000000FF000000FF000000FF000000FF000000FF000000FF000000FF000000FF000000FF000000FF000000FF000000FF000000FF000000FF000000FF000000FF000000FF000000FF000000FF000000FF000000FF000000FF000000FF000000FF000000FF000000FF000000FF000000FF000000FF000000FF000000FF000000FF000000FF000000FF000000FF000000FF000000FF000000FF000000FF000000FF000000FF000000FF000000FF000000FF000000FF000000FF000000FF000000FF000000FF000000FF000000FF000000FF000000FF000000FF000000FF000000FF000000FF000000FF000000FF000000FF000000FF000000FF000000FF000000FF000000FF000000FF000000FF000000FF000000FF000000FF000000FF000000FF000000FF000000FF000000FF000000FF000000FF000000FF000000FF000000FF000000FF000000FF000000FF000000FF000000FF000000FF000000FF000000FF000000FF000000FF000000FF000000FF000000FF000000FF000000FF000000FF000000FF000000FF000000FF000000FF000000FF000000FF000000FF000000FF000000FF000000FF000000FF000000FF000000FF000000FF000000FF000000FF000000FF000000FF000000FF000000FF000000FF000000FF000000FF000000FF000000FF000000FF000000FF000000FF000000FF000000FF000000FF000000FF000000FF000000FF000000FF000000FF000000FF000000FF000000FF000000FF000000FF000000FF000000FF000000FF000000FF000000FF000000FF000000FF000000FF000000FF000000FF000000FF000000FF000000FF000000FF000000FF000000FF000000FF000000FF000000FF000000FF000000FF000000FF000000FF000000FF000000FF000000FF000000FF000000FF000000FF000000FF000000FF000000FF000000FF000000FF000000FF000000FF000000FF000000FF000000FF000000FF000000FF000000FF000000FF000000FF000000FF000000FF000000FF000000FF000000FF000000FF000000FF000000FF000000FF000000FF000000FF000000FF000000FF000000FF000000FF000000FF000000FF000000FF000000FF000000FF000000FF000000FF000000FF000000FF000000FF000000FF000000FF000000FF000000FF000000FF000000FF000000FF000000FF000000FF000000FF000000FF000000FF000000FF000000FF000000FF000000FF000000FF000000FF000000FF000000FF000000FF000000FF000000FF000000FF000000FF000000FF000000FF000000FF000000FF000000FF000000FF000000FF000000FF000000FF000000FF000000FF000000FF000000FF000000FF000000FF000000FF000000FF000000FF000000FF000000FF000000FF000000FF000000FF000000FF000000FF000000FF000000FF000000FF000000FF000000FF000000FF000000FF000000FF000000FF000000FF000000FF000000FF000000FF000000FF000000FF000000FF000000FF000000FF000000FF000000FF000000FF000000FF000000FF000000FF000000FF000000FF000000FF000000FF000000FF000000FF000000FF000000FF000000FF000000FF000000FF000000FF000000FF000000FF000000FF000000FF000000FF000000FF000000FF000000FF000000FF000000FF000000FF000000FF000000FF000000FF000000FF000000FF000000FF000000FF000000FF000000FF000000FF000000FF000000FF000000FF000000FF000000FF000000FF000000FF000000FF000000FF000000FF000000FF000000FF000000FF000000FF000000FF000000FF000000FF000000FF000000FF000000FF000000FF000000FF000000FF000000FF000000FF000000FF000000FF000000FF000000FF000000FF000000FF000000FF000000FF000000FF000000FF000000FF000000FF000000FF000000FF000000FF000000FF000000FF000000FF000000FF000000FF000000FF000000FF000000FF000000FF000000FF000000FF000000FF000000FF000000FF000000FF000000FF000000FF000000FF000000FF000000FF000000FF000000FF000000FF000000FF000000FF000000FF000000FF000000FF000000FF000000FF000000FF000000FF000000FF000000FF000000FF000000FF000000FF000000FF000000FF000000FF000000FF000000FF000000FF000000FF000000FF000000FF000000FF000000FF000000FF000000FF000000FF000000FF000000FF000000FF000000FF000000FF000000FF000000FF000000FF000000FF000000FF000000FF000000FF000000FF000000FF000000FF000000FF000000FF000000FF000000FF000000FF000000FF000000FF000000FF000000FF000000FF000000FF000000FF000000FF000000FF000000FF000000FF000000FF000000FF000000FF000000FF000000FF000000FF000000FF000000FF000000FF000000FF000000FF000000FF000000FF000000FF000000FF000000FF000000FF000000FF000000FF000000FF000000FF000000FF000000FF000000FF000000FF000000FF000000FF000000FF000000FF000000FF000000FF000000FF000000FF000000FF000000FF000000FF000000FF000000FF000000FF000000FF000000FF000000FF000000FF000000FF000000FF000000FF000000FF000000FF000000FF000000FF000000FF000000FF000000FF000000FF000000FF000000FF000000FF000000FF000000FF000000FF000000FF000000FF000000FF000000FF000000FF000000FF000000FF000000FF000000FF000000FF000000FF000000FF000000FF000000FF000000FF000000FF000000FF000000FF000000FF000000FF000000FF000000FF000000FF000000FF000000FF000000FF000000FF000000FF000000FF000000FF000000FF000000FF000000FF000000FF000000FF000000FF000000FF000000FF000000FF000000FF000000FF000000FF000000FF000000FF000000FF000000FF000000FF000000FF000000FF000000FF000000FF000000FF000000FF000000FF000000FF000000FF000000FF000000FF000000FF000000FF000000FF000000FF000000FF000000FF000000FF000000FF000000FF000000FF000000FF000000FF000000FF000000FF000000FF000000FF000000FF000000FF000000FF000000FF000000FF000000FF000000FF000000FF000000FF000000FF000000FF000000FF000000FF000000FF000000FF000000FF000000FF000000FF000000FF000000FF000000FF000000FF000000FF000000FF000000FF000000FF000000FF000000FF000000FF000000FF000000FF000000FF000000FF000000FF000000FF000000FF000000FF000000FF000000FF000000FF000000FF000000FF000000FF000000FF000000FF000000FF000000FF000000FF000000FF000000FF000000FF000000FF000000FF000000FF000000FF000000FF000000FF000000FF000000FF000000FF000000FF000000FF000000FF000000FF000000FF000000FF000000FF000000FF000000FF000000FF000000FF000000FF000000FF000000FF000000FF000000FF000000FF000000FF000000FF000000FF000000FF000000FF000000FF000000FF000000FF000000FF000000FF000000FF000000FF000000FF000000FF000000FF000000FF000000FF000000FF000000FF000000FF000000FF000000FF000000FF000000FF000000FF000000FF000000FF000000FF000000FF000000FF000000FF000000FF000000FF000000FF000000FF000000FF000000FF000000FF000000FF000000FF000000FF000000FF000000FF000000FF000000FF000000FF000000FF000000FF000000FF000000FF000000FF000000FF000000FF000000FF000000FF000000FF000000FF000000FF000000FF000000FF000000FF000000FF000000FF000000FF000000FF000000FF000000FF000000FF000000FF000000FF000000FF000000FF000000FF000000FF000000FF000000FF000000FF000000FF000000FF000000FF000000FF000000FF000000FF000000FF000000FF000000FF000000FF000000FF000000FF000000FF000000FF000000FF000000FF000000FF000000FF000000FF000000FF000000FF000000FF000000FF000000FF000000FF000000FF000000FF000000FF000000FF000000FF000000FF000000FF000000FF000000FF000000FF000000FF000000FF000000FF000000FF000000FF000000FF000000FF000000FF000000FF000000FF000000FF000000FF000000FF000000FF000000FF000000FF000000FF000000FF000000FF000000FF000000FF000000FF000000FF000000FF000000FF000000FF000000FF000000FF000000FF000000FF000000FF000000FF000000FF000000FF000000FF000000FF000000FF000000FF000000FF000000FF000000FF000000FF000000FF000000FF000000FF000000FF000000FF000000FF000000FF000000FF000000FF000000FF000000FF000000FF000000FF000000FF000000FF000000FF000000FF000000FF000000FF000000FF000000FF000000FF000000FF000000FF000000FF000000FF000000FF000000FF000000FF000000FF000000FF000000FF000000FF000000FF000000FF000000FF000000FF000000FF000000FF000000FF000000FF000000FF000000FF000000FF000000FF000000FF000000FF000000FF000000FF000000FF000000FF000000FF000000FF000000FF000000FF000000FF000000FF000000FF000000FF000000FF000000FF000000FF000000FF000000FF000000FF000000FF000000FF000000FF000000FF000000FF000000FF000000FF000000FF000000FF000000FF000000FF000000FF000000FF000000FF000000FF000000FF000000FF000000FF000000FF000000FF000000FF000000FF000000FF000000FF000000FF000000FF000000FF000000FF000000FF000000FF000000FF000000FF000000FF000000FF000000FF000000FF000000FF000000FF000000FF000000FF000000FF000000FF000000FF000000FF000000FF000000FF000000FF000000FF000000FF000000FF000000FF000000FF000000FF000000FF000000FF000000FF000000FF000000FF000000FF000000FF000000FF000000FF000000FF000000FF000000FF000000FF000000FF000000FF000000FF000000FF000000FF000000FF000000FF000000FF000000FF000000FF000000FF000000FF000000FF000000FF000000FF000000FF000000FF000000FF000000FF000000FF000000FF000000FF000000FF000000FF000000FF000000FF000000FF000000FF000000FF000000FF000000FF000000FF000000FF000000FF000000FF000000FF000000FF000000FF000000FF000000FF000000FF000000FF000000FF000000FF000000FF000000FF000000FF000000FF000000FF000000FF000000FF000000FF000000FF000000FF000000FF000000FF000000FF000000FF000000FF000000FF000000FF000000FF000000FF000000FF000000FF000000FF000000FF000000FF000000FF000000FF000000FF000000FF000000FF000000FF000000FF000000FF000000FF000000FF000000FF000000FF000000FF000000FF000000FF000000FF000000FF000000FF000000FF000000FF000000FF000000FF000000FF000000FF000000FF000000FF000000FF000000FF000000FF000000FF000000FF000000FF000000FF000000FF000000FF000000FF000000FF000000FF000000FF000000FF000000FF000000FF000000FF000000FF000000FF000000FF000000FF000000FF000000FF000000FF000000FF000000FF000000FF000000FF000000FF000000FF000000FF000000FF000000FF000000FF000000FF000000FF000000FF000000FF000000FF000000FF000000FF000000FF000000FF000000FF000000FF000000FF000000FF000000FF000000FF000000FF000000FF000000FF000000FF000000FF000000FF000000FF000000FF000000FF000000FF000000FF000000FF000000FF000000FF000000FF000000FF000000FF000000FF000000FF000000FF000000FF000000FF000000FF000000FF000000FF000000FF000000FF000000FF000000FF000000FF000000FF000000FF000000FF000000FF000000FF000000FF000000FF000000FF000000FF000000FF000000FF000000FF000000FF000000FF000000FF000000FF000000FF000000FF000000FF000000FF000000FF000000FF000000FF000000FF000000FF000000FF000000FF000000FF000000FF000000FF000000FF000000FF000000FF000000FF000000FF000000FF000000FF000000FF000000FF000000FF000000FF000000FF000000FF000000FF000000FF000000FF000000FF000000FF000000FF000000FF000000FF000000FF000000FF000000FF000000FF000000FF000000FF000000FF000000FF000000FF000000FF000000FF000000FF000000FF000000FF000000FF000000FF000000FF000000FF000000FF000000FF000000FF000000FF000000FF000000FF000000FF000000FF000000FF000000FF000000FF000000FF000000FF000000FF000000FF000000FF000000FF000000FF000000FF000000FF000000FF000000FF000000FF000000FF000000FF000000FF000000FF000000FF000000FF000000FF000000FF000000FF000000FF000000FF000000FF000000FF000000FF000000FF000000FF000000FF000000FF000000FF000000FF000000FF000000FF000000FF000000FF000000FF000000FF000000FF000000FF000000FF000000FF000000FF000000FF000000FF000000FF000000FF000000FF000000FF000000FF000000FF000000FF000000FF000000FF000000FF000000FF000000FF000000FF000000FF000000FF000000FF000000FF000000FF000000FF000000FF000000FF000000FF000000FF000000FF000000FF000000FF000000FF000000FF000000FF000000FF000000FF000000FF000000FF000000FF000000FF000000FF000000FF000000FF000000FF000000FF000000FF000000FF000000FF000000FF000000FF000000FF000000FF000000FF000000FF000000FF000000FF000000FF000000FF000000FF000000FF000000FF000000FF000000FF000000FF000000FF000000FF000000FF000000FF000000FF000000FF000000FF000000FF000000FF000000FF000000FF000000FF000000FF000000FF000000FF000000FF000000FF000000FF000000FF000000FF000000FF000000FF000000FF000000FF000000FF000000FF000000FF000000FF000000FF000000FF000000FF000000FF000000FF000000FF000000FF000000FF000000FF000000FF000000FF000000FF000000FF000000FF000000FF000000FF000000FF000000FF000000FF000000FF000000FF000000FF000000FF000000FF000000FF000000FF000000FF000000FF000000FF000000FF000000FF000000FF000000FF000000FF000000FF000000FF000000FF000000FF000000FF000000FF000000FF000000FF000000FF000000FF000000FF000000FF000000FF000000FF000000FF000000FF000000FF000000FF000000FF000000FF000000FF000000FF000000FF000000FF000000FF000000FF000000FF000000FF000000FF000000FF000000FF000000FF000000FF000000FF000000FF000000FF000000FF000000FF000000FF000000FF000000FF000000FF000000FF000000FF000000FF000000FF000000FF000000FF000000FF000000FF000000FF000000FF000000FF000000FF000000FF000000FF000000FF000000FF000000FF000000FF000000FF000000FF000000FF000000FF000000FF000000FF000000FF000000FF000000FF000000FF000000FF000000FF000000FF000000FF000000FF000000FF000000FF000000FF000000FF000000FF000000FF000000FF000000FF000000FF000000FF000000FF000000FF000000FF000000FF000000FF000000FF000000FF000000FF000000FF000000FF000000FF000000FF000000FF000000FF000000FF000000FF000000FF000000FF000000FF000000FF000000FF000000FF000000FF000000FF000000FF000000FF000000FF000000FF000000FF000000FF000000FF000000FF000000FF000000FF000000FF000000FF000000FF000000FF000000FF000000FF000000FF000000FF000000FF000000FF000000FF000000FF000000FF000000FF000000FF000000FF000000FF000000FF000000FF000000FF000000FF000000FF000000FF000000FF000000FF000000FF000000FF000000FF000000FF000000FF000000FF000000FF000000FF000000FF000000FF000000FF000000FF000000FF000000FF000000FF000000FF000000FF000000FF000000FF000000FF000000FF000000FF000000FF000000FF000000FF000000FF000000FF000000FF000000FF000000FF000000FF000000FF000000FF000000FF000000FF000000FF000000FF000000FF000000FF000000FF000000FF000000FF000000FF000000FF000000FF000000FF000000FF000000FF000000FF000000FF000000FF000000FF000000FF000000FF000000FF000000FF000000FF000000FF000000FF000000FF000000FF000000FF000000FF000000FF000000FF000000FF000000FF000000FF000000FF000000FF000000FF000000FF000000FF000000FF000000FF000000FF000000FF000000FF000000FF000000FF000000FF000000FF000000FF000000FF000000FF000000FF000000FF000000FF000000FF000000FF000000FF000000FF000000FF000000FF000000FF000000FF000000FF000000FF000000FF000000FF000000FF000000FF000000FF000000FF000000FF000000FF000000FF000000FF000000FF000000FF000000FF000000FF000000FF000000FF000000FF000000FF000000FF000000FF000000FF000000FF000000FF000000FF000000FF000000FF000000FF000000FF000000FF000000FF000000FF000000FF000000FF000000FF000000FF000000FF000000FF000000FF000000FF000000FF000000FF000000FF000000FF000000FF000000FF000000FF000000FF000000FF000000FF000000FF000000FF000000FF000000FF000000FF000000FF000000FF000000FF000000FF000000FF000000FF000000FF000000FF000000FF000000FF000000FF000000FF000000FF000000FF000000FF000000FF000000FF000000FF000000FF000000FF000000FF000000FF000000FF000000FF000000FF000000FF000000FF000000FF000000FF000000FF000000FF000000FF000000FF000000FF000000FF000000FF000000FF000000FF000000FF000000FF000000FF000000FF000000FF000000FF000000FF000000FF000000FF000000FF000000FF000000FF000000FF000000FF000000FF000000FF000000FF000000FF000000FF000000FF000000FF000000FF000000FF000000FF000000FF000000FF000000FF000000FF000000FF000000FF000000FF000000FF000000FF000000FF000000FF000000FF000000FF000000FF000000FF000000FF000000FF000000FF000000FF000000FF000000FF000000FF000000FF000000FF000000FF000000FF000000FF000000FF000000FF000000FF000000FF000000FF000000FF000000FF000000FF000000FF000000FF000000FF000000FF000000FF000000FF000000FF000000FF000000FF000000FF000000FF000000FF000000FF000000FF000000FF000000FF000000FF000000FF000000FF000000FF000000FF000000FF000000FF000000FF000000FF000000FF000000FF000000FF000000FF000000FF000000FF000000FF000000FF000000FF000000FF000000FF000000FF000000FF000000FF000000FF000000FF000000FF000000FF000000FF000000FF000000FF000000FF000000FF000000FF000000FF000000FF000000FF000000FF000000FF000000FF000000FF000000FF000000FF000000FF000000FF000000FF000000FF000000FF000000FF000000FF000000FF000000FF000000FF000000FF000000FF000000FF000000FF000000FF000000FF000000FF000000FF000000FF000000FF000000FF000000FF000000FF000000FF000000FF000000FF000000FF000000FF000000FF000000FF000000FF000000FF000000FF000000FF000000FF000000FF000000FF000000FF000000FF000000FF000000FF000000FF000000FF000000FF000000FF000000FF000000FF000000FF000000FF000000FF000000FF000000FF000000FF000000FF000000FF000000FF000000FF000000FF000000FF000000FF000000FF000000FF000000FF000000FF000000FF000000FF000000FF000000FF000000FF000000FF000000FF000000FF000000FF000000FF000000FF000000FF000000FF000000FF000000FF000000FF000000FF000000FF000000FF000000FF000000FF000000FF000000FF000000FF000000FF000000FF000000FF000000FF000000FF000000FF000000FF000000FF000000FF000000FF000000FF000000FF000000FF000000FF000000FF000000FF000000FF000000FF000000FF000000FF000000FF000000FF000000FF000000FF000000FF000000FF000000FF000000FF000000FF000000FF000000FF000000FF000000FF000000FF000000FF000000FF000000FF000000FF000000FF000000FF000000FF000000FF000000FF000000FF000000FF000000FF000000FF000000FF000000FF000000FF000000FF000000FF000000FF000000FF000000FF000000FF000000FF000000FF000000FF000000FF000000FF000000FF000000FF000000FF000000FF000000FF000000FF000000FF000000FF000000FF000000FF000000FF000000FF000000FF000000FF000000FF000000FF000000FF000000FF000000FF000000FF000000FF000000FF000000FF000000FF000000FF000000FF000000FF000000FF000000FF000000FF000000FF000000FF000000FF000000FF000000FF000000FF000000FF000000FF000000FF000000FF000000FF000000FF000000FF000000FF000000FF000000FF000000FF000000FF000000FF000000FF000000FF000000FF000000FF000000FF000000FF000000FF000000FF000000FF000000FF000000FF000000FF000000FF000000FF000000FF000000FF000000FF000000FF000000FF000000FF000000FF000000FF000000FF000000FF000000FF000000FF000000FF000000FF000000FF000000FF000000FF000000FF000000FF000000FF000000FF000000FF000000FF000000FF000000FF000000FF000000FF000000FF000000FF000000FF000000FF000000FF000000FF000000FF000000FF000000FF000000FF000000FF000000FF000000FF000000FF000000FF000000FF000000FF000000FF000000FF000000FF000000FF000000FF000000FF000000FF000000FF000000FF000000FF000000FF000000FF000000FF000000FF000000FF000000FF000000FF000000FF000000FF000000FF000000FF000000FF000000FF000000FF000000FF000000FF000000FF000000FF000000FF000000FF000000FF000000FF000000FF000000FF000000FF000000FF000000FF000000FF000000FF000000FF000000FF000000FF000000FF000000FF000000FF000000FF000000FF000000FF000000FF000000FF000000FF000000FF000000FF000000FF000000FF000000FF000000FF000000FF000000FF000000FF000000FF000000FF000000FF000000FF000000FF000000FF000000FF000000FF000000FF000000FF000000FF000000FF000000FF000000FF000000FF000000FF000000FF000000FF000000FF000000FF000000FF000000FF000000FF000000FF000000FF000000FF000000FF000000FF000000FF000000FF000000FF000000FF000000FF000000FF000000FF000000FF000000FF000000FF000000FF000000FF000000FF000000FF000000FF000000FF000000FF000000FF000000FF000000FF000000FF000000FF000000FF000000FF000000FF000000FF000000FF000000FF000000FF000000FF000000FF000000FF000000FF000000FF000000FF000000FF000000FF000000FF000000FF000000FF000000FF000000FF000000FF000000FF000000FF000000FF000000FF000000FF000000FF000000FF000000FF000000FF000000FF000000FF000000FF000000FF000000FF000000FF000000FF000000FF000000FF000000FF000000FF000000FF000000FF000000FF000000FF000000FF000000FF000000FF000000FF000000FF000000FF000000FF000000FF000000FF000000FF000000FF000000FF000000FF000000FF000000FF000000FF000000FF000000FF000000FF000000FF000000FF000000FF000000FF000000FF000000FF000000FF000000FF000000FF000000FF000000FF000000FF000000FF000000FF000000FF000000FF000000FF000000FF000000FF000000FF000000FF000000FF000000FF000000FF000000FF000000FF000000FF000000FF000000FF000000FF000000FF000000FF000000FF000000FF000000FF000000FF000000FF000000FF000000FF000000FF000000FF000000FF000000FF000000FF000000FF000000FF000000FF000000FF000000FF000000FF000000FF000000FF000000FF000000FF000000FF000000FF000000FF000000FF000000FF000000FF000000FF000000FF000000FF000000FF000000FF000000FF000000FF000000FF000000FF000000FF000000FF000000FF000000FF000000FF000000FF000000FF000000FF000000FF000000FF000000FF000000FF000000FF000000FF000000FF000000FF000000FF000000FF000000FF000000FF000000FF000000FF000000FF000000FF000000FF000000FF000000FF000000FF000000FF000000FF000000FF000000FF000000FF000000FF000000FF000000FF000000FF000000FF000000FF000000FF000000FF000000FF000000FF000000FF000000FF000000FF000000FF000000FF000000FF000000FF000000FF000000FF000000FF000000FF000000FF000000FF000000FF000000FF000000FF000000FF000000FF000000FF000000FF000000FF000000FF000000FF000000FF000000FF000000FF000000FF000000FF000000FF000000FF000000FF000000FF000000FF000000FF000000FF000000FF000000FF000000FF000000FF000000FF000000FF000000FF000000FF000000FF000000FF000000FF000000FF000000FF000000FF000000FF000000FF000000FF000000FF000000FF000000FF000000FF000000FF000000FF000000FF000000FF000000FF000000FF000000FF000000FF000000FF000000FF000000FF000000FF000000FF000000FF000000FF000000FF000000FF000000FF000000FF000000FF000000FF000000FF000000FF000000FF000000FF000000FF000000FF000000FF000000FF000000FF000000FF000000FF000000FF000000FF000000FF000000FF000000FF000000FF000000FF000000FF000000FF000000FF000000FF000000FF000000FF000000FF000000FF000000FF000000FF000000FF000000FF000000FF000000FF000000FF000000FF000000FF000000FF000000FF000000FF000000FF000000FF000000FF000000FF000000FF000000FF000000FF000000FF000000FF000000FF000000FF000000FF000000FF000000FF000000FF000000FF000000FF000000FF000000FF000000FF000000FF000000FF000000FF000000FF000000FF000000FF000000FF000000FF000000FF000000FF000000FF000000FF000000FF000000FF000000FF000000FF000000FF000000FF000000FF000000FF000000FF000000FF000000FF000000FF000000FF000000FF000000FF000000FF000000FF000000FF000000FF000000FF000000FF000000FF000000FF000000FF000000FF000000FF000000FF000000FF000000FF000000FF000000FF000000FF000000FF000000FF000000FF000000FF000000FF000000FF000000FF000000FF000000FF000000FF000000FF000000FF000000FF000000FF000000FF000000FF000000FF000000FF000000FF000000FF000000FF000000FF000000FF000000FF000000FF000000FF000000FF000000FF000000FF000000FF000000FF000000FF000000FF000000FF000000FF000000FF000000FF000000FF000000FF000000FF000000FF000000FF000000FF000000FF000000FF000000FF000000FF000000FF000000FF000000FF000000FF000000FF000000FF000000FF000000FF000000FF000000FF000000FF000000FF000000FF000000FF000000FF000000FF000000FF000000FF000000FF000000FF000000FF000000FF000000FF000000FF000000FF000000FF000000FF000000FF000000FF000000FF000000FF000000FF000000FF000000FF000000FF000000FF000000FF000000FF000000FF000000FF000000FF000000FF000000FF000000FF000000FF000000FF000000FF000000FF000000FF000000FF000000FF000000FF000000FF000000FF000000FF000000FF000000FF000000FF000000FF000000FF000000FF000000FF000000FF000000FF000000FF000000FF000000FF000000FF000000FF000000FF000000FF000000FF000000FF000000FF000000FF000000FF000000FF000000FF000000FF000000FF000000FF000000FF000000FF000000FF000000FF000000FF000000FF000000FF000000FF000000FF000000FF000000FF000000FF000000FF000000FF000000FF000000FF000000FF000000FF000000FF000000FF000000FF000000FF000000FF000000FF000000FF000000FF000000FF000000FF000000FF000000FF000000FF000000FF000000FF000000FF000000FF000000FF000000FF000000FF000000FF000000FF000000FF000000FF000000FF000000FF000000FF000000FF000000FF000000FF000000FF000000FF000000FF000000FF000000FF000000FF000000FF000000FF000000FF000000FF000000FF000000FF000000FF000000FF000000FF000000FF000000FF000000FF000000FF000000FF000000FF000000FF000000FF000000FF000000FF000000FF000000FF000000FF000000FF000000FF000000FF000000FF000000FF000000FF000000FF000000FF000000FF000000FF000000FF000000FF000000FF000000FF000000FF000000FF000000FF000000FF000000FF000000FF000000FF000000FF000000FF000000FF000000FF000000FF000000FF000000FF000000FF000000FF000000FF000000FF000000FF000000FF000000FF000000FF000000FF000000FF000000FF000000FF000000FF000000FF000000FF000000FF000000FF000000FF000000FF000000FF000000FF000000FF000000FF000000FF000000FF000000FF000000FF000000FF000000FF000000FF000000FF000000FF000000FF000000FF000000FF000000FF000000FF000000FF000000FF000000FF000000FF000000FF000000FF000000FF000000FF000000FF000000FF000000FF000000FF000000FF000000FF000000FF000000FF000000FF000000FF000000FF000000FF000000FF000000FF000000FF000000FF000000FF000000FF000000FF000000FF000000FF000000FF000000FF000000FF000000FF000000FF000000FF000000FF000000FF000000FF000000FF000000FF000000FF000000FF000000FF000000FF000000FF000000FF000000FF000000FF000000FF000000FF000000FF000000FF000000FF000000FF000000FF000000FF000000FF000000FF000000FF000000FF000000FF000000FF000000FF000000FF000000FF000000FF000000FF000000FF000000FF000000FF000000FF000000FF000000FF000000FF000000FF000000FF000000FF000000FF000000FF000000FF000000FF000000FF000000FF000000FF000000FF000000FF000000FF000000FF000000FF000000FF000000FF000000FF000000FF000000FF000000FF000000FF000000FF000000FF000000FF000000FF000000FF000000FF000000FF000000FF000000FF000000FF000000FF000000FF000000FF000000FF000000FF000000FF000000FF000000FF000000FF000000FF000000FF000000FF000000FF000000FF000000FF000000FF000000FF000000FF000000FF000000FF000000FF000000FF000000FF000000FF000000FF000000FF000000FF000000FF000000FF000000FF000000FF000000FF000000FF000000FF000000FF000000FF000000FF000000FF000000FF000000FF000000FF000000FF000000FF000000FF000000FF000000FF000000FF000000FF000000FF000000FF000000FF000000FF000000FF000000FF000000FF000000FF000000FF000000FF000000FF000000FF000000FF000000FF000000FF000000FF000000FF000000FF000000FF000000FF000000FF000000FF000000FF000000FF000000FF000000FF000000FF000000FF000000FF000000FF000000FF000000FF000000FF000000FF000000FF000000FF000000FF000000FF000000FF000000FF000000FF000000FF000000FF000000FF000000FF000000FF000000FF000000FF000000FF000000FF000000FF000000FF000000FF000000FF000000FF000000FF000000FF000000FF000000FF000000FF000000FF000000FF000000FF000000FF000000FF000000FF000000FF000000FF000000FF000000FF000000FF000000FF000000FF000000FF000000FF000000FF000000FF000000FF000000FF000000FF000000FF000000FF000000FF000000FF000000FF000000FF000000FF000000FF000000FF000000FF000000FF000000FF000000FF000000FF000000FF000000FF000000FF000000FF000000FF000000FF000000FF000000FF000000FF000000FF000000FF000000FF000000FF000000FF000000FF000000FF000000FF000000FF000000FF000000FF000000FF000000FF000000FF000000FF000000FF000000FF000000FF000000FF000000FF000000FF000000FF000000FF000000FF000000FF000000FF000000FF000000FF000000FF000000FF000000FF000000FF000000FF000000FF000000FF000000FF000000FF000000FF000000FF000000FF000000FF000000FF000000FF000000FF000000FF000000FF000000FF000000FF000000FF000000FF000000FF000000FF000000FF000000FF000000FF000000FF000000FF000000FF000000FF000000FF000000FF000000FF000000FF000000FF000000FF000000FF000000FF000000FF000000FF000000FF000000FF000000FF000000FF000000FF000000FF000000FF000000FF000000FF000000FF000000FF000000FF000000FF000000FF000000FF000000FF000000FF000000FF000000FF000000FF000000FF000000FF000000FF000000FF000000FF000000FF000000FF000000FF000000FF000000FF000000FF000000FF000000FF000000FF000000FF000000FF000000FF000000FF000000FF000000FF000000FF000000FF000000FF000000FF000000FF000000FF000000FF000000FF000000FF000000FF000000FF000000FF000000FF000000FF000000FF000000FF000000FF000000FF000000FF000000FF000000FF000000FF000000FF000000FF000000FF000000FF000000FF000000FF000000FF000000FF000000FF000000FF000000FF000000FF000000FF000000FF000000FF000000FF000000FF000000FF000000FF000000FF000000FF000000FF000000FF000000FF000000FF000000FF000000FF000000FF000000FF000000FF000000FF000000FF000000FF000000FF000000FF000000FF000000FF000000FF000000FF000000FF000000FF000000FF000000FF000000FF000000FF000000FF000000FF000000FF000000FF000000FF000000FF000000FF000000FF000000FF000000FF000000FF000000FF000000FF000000FF000000FF000000FF000000FF000000FF000000FF000000FF000000FF000000FF000000FF000000FF000000FF000000FF000000FF000000FF000000FF000000FF000000FF000000FF000000FF000000FF000000FF000000FF000000FF000000FF000000FF000000FF000000FF000000FF000000FF000000FF000000FF000000FF000000FF000000FF000000FF000000FF000000FF000000FF000000FF000000FF000000FF000000FF000000FF000000FF000000FF000000FF000000FF000000FF000000FF000000FF000000FF000000FF000000FF000000FF000000FF000000FF000000FF000000FF000000FF000000FF000000FF000000FF000000FF000000FF000000FF000000FF000000FF000000FF000000FF000000FF000000FF000000FF000000FF000000FF000000FF000000FF000000FF000000FF000000FF000000FF000000FF000000FF000000FF000000FF000000FF000000FF000000FF000000FF000000FF000000FF000000FF000000FF000000FF000000FF000000FF000000FF000000FF000000FF000000FF000000FF000000FF000000FF000000FF000000FF000000FF000000FF000000FF000000FF000000FF000000FF000000FF000000FF000000FF000000FF000000FF000000FF000000FF000000FF000000FF000000FF000000FF000000FF000000FF000000FF000000FF000000FF000000FF000000FF000000FF000000FF000000FF000000FF000000FF000000FF000000FF000000FF000000FF000000FF000000FF000000FF000000FF000000FF000000FF000000FF000000FF000000FF000000FF000000FF000000FF000000FF000000FF000000FF000000FF000000FF000000FF000000FF000000FF000000FF000000FF000000FF000000FF000000FF000000FF000000FF000000FF000000FF000000FF000000FF000000FF000000FF000000FF000000FF000000FF000000FF000000FF000000FF000000FF000000FF000000FF000000FF000000FF000000FF000000FF000000FF000000FF000000FF000000FF000000FF000000FF000000FF000000FF000000FF000000FF000000FF000000FF000000FF000000FF000000FF000000FF000000FF000000FF000000FF000000FF000000FF000000FF000000FF000000FF000000FF000000FF000000FF000000FF000000FF000000FF000000FF000000FF000000FF000000FF000000FF000000FF000000FF000000FF000000FF000000FF000000FF000000FF000000FF000000FF000000FF000000FF000000FF000000FF000000FF000000FF000000FF000000FF000000FF000000FF000000FF000000FF000000FF000000FF000000FF000000FF000000FF000000FF000000FF000000FF000000FF000000FF000000FF000000FF000000FF000000FF000000FF000000FF000000FF000000FF000000FF000000FF000000FF000000FF000000FF000000FF000000FF000000FF000000FF000000FF000000FF000000FF000000FF000000FF000000FF000000FF000000FF000000FF000000FF000000FF000000FF000000FF000000FF000000FF000000FF000000FF000000FF000000FF000000FF000000FF000000FF000000FF000000FF000000FF000000FF000000FF000000FF000000FF000000FF000000FF000000FF000000FF000000FF000000FF000000FF000000FF000000FF000000FF000000FF000000FF000000FF000000FF000000FF000000FF000000FF000000FF000000FF000000FF000000FF000000FF000000FF000000FF000000FF000000FF000000FF000000FF000000FF000000FF000000FF000000FF000000FF000000FF000000FF000000FF000000FF000000FF000000FF000000FF000000FF000000FF000000FF000000FF000000FF000000FF000000FF000000FF000000FF000000FF000000FF000000FF000000FF000000FF000000FF000000FF000000FF000000FF000000FF000000FF000000FF000000FF000000FF000000FF000000FF000000FF000000FF000000FF000000FF000000FF000000FF000000FF000000FF000000FF000000FF000000FF000000FF000000FF000000FF000000FF000000FF000000FF000000FF000000FF000000FF000000FF000000FF000000FF000000FF000000FF000000FF000000FF000000FF000000FF000000FF000000FF000000FF000000FF000000FF000000FF000000FF000000FF000000FF000000FF000000FF000000FF000000FF000000FF000000FF000000FF000000FF000000FF000000FF000000FF000000FF000000FF000000FF000000FF000000FF000000FF000000FF000000FF000000FF000000FF000000FF000000FF000000FF000000FF000000FF000000FF000000FF000000FF000000FF000000FF000000FF000000FF000000FF000000FF000000FF000000FF000000FF000000FF000000FF000000FF000000FF000000FF000000FF000000FF000000FF000000FF000000FF000000FF000000FF000000FF000000FF000000FF000000FF000000FF000000FF000000FF000000FF000000FF000000FF000000FF000000FF000000FF000000FF000000FF000000FF000000FF000000FF000000FF000000FF000000FF000000FF000000FF000000FF000000FF000000FF000000FF000000FF000000FF000000FF000000FF000000FF000000FF000000FF000000FF000000FF000000FF000000FF000000FF000000FF000000FF000000FF000000FF000000FF000000FF000000FF000000FF000000FF000000FF000000FF000000FF000000FF000000FF000000FF000000FF000000FF000000FF000000FF000000FF000000FF000000FF000000FF000000FF000000FF000000FF000000FF000000FF000000FF000000FF000000FF000000FF000000FF000000FF000000FF000000FF000000FF000000FF000000FF000000FF000000FF000000FF000000FF000000FF000000FF000000FF000000FF000000FF000000FF000000FF000000FF000000FF000000FF000000FF000000FF000000FF000000FF000000FF000000FF000000FF000000FF000000FF000000FF000000FF000000FF000000FF000000FF000000FF000000FF000000FF000000FF000000FF000000FF000000FF000000FF000000FF000000FF000000FF000000FF000000FF000000FF000000FF000000FF000000FF000000FF000000FF000000FF000000FF000000FF000000FF000000FF000000FF000000FF000000FF000000FF000000FF000000FF000000FF000000FF000000FF000000FF000000FF000000FF000000FF000000FF000000FF000000FF000000FF000000FF000000FF000000FF000000FF000000FF000000FF000000FF000000FF000000FF000000FF000000FF000000FF000000FF000000FF000000FF000000FF000000FF000000FF000000FF000000FF000000FF000000FF000000FF000000FF000000FF000000FF000000FF000000FF000000FF000000FF000000FF000000FF000000FF000000FF000000FF000000FF000000FF000000FF000000FF000000FF000000FF000000FF000000FF000000FF000000FF000000FF000000FF000000FF000000FF000000FF000000FF000000FF000000FF000000FF000000FF000000FF000000FF000000FF000000FF000000FF000000FF000000FF000000FF000000FF000000FF000000FF000000FF000000FF000000FF000000FF000000FF000000FF000000FF000000FF000000FF000000FF000000FF000000FF000000FF000000FF000000FF000000FF000000FF000000FF000000FF000000FF000000FF000000FF000000FF000000FF000000FF000000FF000000FF000000FF000000FF000000FF000000FF000000FF000000FF000000FF000000FF000000FF000000FF000000FF000000FF000000FF000000FF000000FF000000FF000000FF000000FF000000FF000000FF000000FF000000FF000000FF000000FF000000FF000000FF000000FF000000FF000000FF000000FF000000FF000000FF000000FF000000FF000000FF000000FF000000FF000000FF000000FF000000FF000000FF000000FF000000FF000000FF000000FF000000FF000000FF000000FF000000FF000000FF000000FF000000FF000000FF000000FF000000FF000000FF000000FF000000FF000000FF000000FF000000FF000000FF000000FF000000FF000000FF000000FF000000FF000000FF000000FF000000FF000000FF000000FF000000FF000000FF000000FF000000FF000000FF000000FF000000FF000000FF000000FF000000FF000000FF000000FF000000FF000000FF000000FF000000FF000000FF000000FF000000FF000000FF000000FF000000FF000000FF000000FF000000FF000000FF000000FF000000FF000000FF000000FF000000FF000000FF000000FF000000FF000000FF000000FF000000FF000000FF000000FF000000FF000000FF000000FF000000FF000000FF000000FF000000FF000000FF000000FF000000FF000000FF000000FF000000FF000000FF000000FF000000FF000000FF000000FF000000FF000000FF000000FF000000FF000000FF000000FF000000FF000000FF000000FF000000FF000000FF000000FF000000FF000000FF000000FF000000FF000000FF000000FF000000FF000000FF000000FF000000FF000000FF000000FF000000FF000000FF000000FF000000FF000000FF000000FF000000FF000000FF000000FF000000FF000000FF000000FF000000FF000000FF000000FF000000FF000000FF000000FF000000FF000000FF000000FF000000FF000000FF000000FF000000FF000000FF000000FF000000FF000000FF000000FF000000FF000000FF000000FF000000FF000000FF000000FF000000FF000000FF000000FF000000FF000000FF000000FF000000FF000000FF000000FF000000FF000000FF000000FF000000FF000000FF000000FF000000FF000000FF000000FF000000FF000000FF000000FF000000FF000000FF000000FF000000FF000000FF000000FF000000FF000000FF000000FF000000FF000000FF000000FF000000FF000000FF000000FF000000FF000000FF000000FF000000FF000000FF000000FF000000FF000000FF000000FF000000FF000000FF000000FF000000FF000000FF000000FF000000FF000000FF000000FF000000FF000000FF000000FF000000FF000000FF000000FF000000FF000000FF000000FF000000FF000000FF000000FF000000FF000000FF000000FF000000FF000000FF000000FF000000FF000000FF000000FF000000FF000000FF000000FF000000FF000000FF000000FF000000FF000000FF000000FF000000FF000000FF000000FF000000FF000000FF000000FF000000FF000000FF000000FF000000FF000000FF000000FF000000FF000000FF000000FF000000FF000000FF000000FF000000FF000000FF000000FF000000FF000000FF000000FF000000FF000000FF000000FF000000FF000000FF000000FF000000FF000000FF000000FF000000FF000000FF000000FF000000FF000000FF000000FF000000FF000000FF000000FF000000FF000000FF000000FF000000FF000000FF000000FF000000FF000000FF000000FF000000FF000000FF000000FF000000FF000000FF000000FF000000FF000000FF000000FF000000FF000000FF000000FF000000FF000000FF000000FF000000FF000000FF000000FF000000FF000000FF000000FF000000FF000000FF000000FF000000FF000000FF000000FF000000FF000000FF000000FF000000FF000000FF000000FF000000FF000000FF000000FF000000FF000000FF000000FF000000FF000000FF000000FF000000FF000000FF000000FF000000FF000000FF000000FF000000FF000000FF000000FF000000FF000000FF000000FF000000FF000000FF000000FF000000FF000000FF000000FF000000FF000000FF000000FF000000FF000000FF000000FF000000FF000000FF000000FF000000FF000000FF000000FF000000FF000000FF000000FF000000FF000000FF000000FF000000FF000000FF000000FF000000FF000000FF000000FF000000FF000000FF000000FF000000FF000000FF000000FF000000FF000000FF000000FF000000FF000000FF000000FF000000FF000000FF000000FF000000FF000000FF000000FF000000FF000000FF000000FF000000FF000000FF000000FF000000FF000000FF000000FF000000FF000000FF000000FF000000FF000000FF000000FF000000FF000000FF000000FF000000FF000000FF000000FF000000FF000000FF000000FF000000FF000000FF000000FF000000FF000000FF000000FF000000FF000000FF000000FF000000FF000000FF000000FF000000FF000000FF000000FF000000FF000000FF000000FF000000FF000000FF000000FF000000FF000000FF000000FF000000FF000000FF000000FF000000FF000000FF000000FF000000FF000000FF000000FF000000FF000000FF000000FF000000FF000000FF000000FF000000FF000000FF000000FF000000FF000000FF000000FF000000FF000000FF000000FF000000FF000000FF000000FF000000FF000000FF000000FF000000FF000000FF000000FF000000FF000000FF000000FF000000FF000000FF000000FF000000FF000000FF000000FF000000FF000000FF000000FF000000FF000000FF000000FF000000FF000000FF000000FF000000FF000000FF000000FF000000FF000000FF000000FF000000FF000000FF000000FF000000FF000000FF000000FF000000FF000000FF000000FF000000FF000000FF000000FF000000FF000000FF000000FF000000FF000000FF000000FF000000FF000000FF000000FF000000FF000000FF000000FF000000FF000000FF000000FF000000FF000000FF000000FF000000FF000000FF000000FF000000FF000000FF000000FF000000FF000000FF000000FF000000FF000000FF000000FF000000FF000000FF000000FF000000FF000000FF000000FF000000FF000000FF000000FF000000FF000000FF000000FF000000FF000000FF000000FF000000FF000000FF000000FF000000FF000000FF000000FF000000FF000000FF000000FF000000FF000000FF000000FF000000FF000000FF000000FF000000FF000000FF000000FF000000FF000000FF000000FF000000FF000000FF000000FF000000FF000000FF000000FF000000FF000000FF000000FF000000FF000000FF000000FF000000FF000000FF000000FF000000FF000000FF000000FF000000FF000000FF000000FF000000FF000000FF000000FF000000FF000000FF000000FF000000FF000000FF000000FF000000FF000000FF000000FF000000FF000000FF000000FF000000FF000000FF000000FF000000FF000000FF000000FF000000FF000000FF000000FF000000FF000000FF000000FF000000FF000000FF000000FF000000FF000000FF000000FF000000FF000000FF000000FF000000FF000000FF000000FF000000FF000000FF000000FF000000FF000000FF000000FF000000FF000000FF000000FF000000FF000000FF000000FF000000FF000000FF000000FF000000FF000000FF000000FF000000FF000000FF000000FF000000FF000000FF000000FF000000FF000000FF000000FF000000FF000000FF000000FF000000FF000000FF000000FF000000FF000000FF000000FF000000FF000000FF000000FF000000FF000000FF000000FF000000FF000000FF000000FF000000FF000000FF000000FF000000FF000000FF000000FF000000FF000000FF000000FF000000FF000000FF000000FF000000FF000000FF000000FF000000FF000000FF000000FF000000FF000000FF000000FF000000FF000000FF000000FF000000FF000000FF000000FF000000FF000000FF000000FF000000FF000000FF000000FF000000FF000000FF000000FF000000FF000000FF000000FF000000FF000000FF000000FF000000FF000000FF000000FF000000FF000000FF000000FF000000FF000000FF000000FF000000FF000000FF000000FF000000FF000000FF000000FF000000FF000000FF000000FF000000FF000000FF000000FF000000FF000000FF000000FF000000FF000000FF000000FF000000FF000000FF000000FF000000FF000000FF000000FF000000FF000000FF000000FF000000FF000000FF000000FF000000FF000000FF000000FF000000FF000000FF000000FF000000FF000000FF000000FF000000FF000000FF000000FF000000FF000000FF000000FF000000FF000000FF000000FF000000FF000000FF000000FF000000FF000000FF000000FF000000FF000000FF000000FF000000FF000000FF000000FF000000FF000000FF000000FF000000FF000000FF000000FF000000FF000000FF000000FF000000FF000000FF000000FF000000FF000000FF000000FF000000FF000000FF000000FF000000FF000000FF000000FF000000FF000000FF000000FF000000FF000000FF000000FF000000FF000000FF000000FF000000FF000000FF000000FF000000FF000000FF000000FF000000FF000000FF000000FF000000FF000000FF000000FF000000FF000000FF000000FF000000FF000000FF000000FF000000FF000000FF000000FF000000FF000000FF000000FF000000FF000000FF000000FF000000FF000000FF000000FF000000FF000000FF000000FF000000FF000000FF000000FF000000FF000000FF000000FF000000FF000000FF000000FF000000FF000000FF000000FF000000FF000000FF000000FF000000FF000000FF000000FF000000FF000000FF000000FF000000FF000000FF000000FF000000FF000000FF000000FF000000FF000000FF000000FF000000FF000000FF000000FF000000FF000000FF000000FF000000FF000000FF000000FF000000FF000000FF000000FF000000FF000000FF000000FF000000FF000000FF000000FF000000FF000000FF000000FF000000FF000000FF000000FF000000FF000000FF000000FF000000FF000000FF000000FF000000FF000000FF000000FF000000FF000000FF000000FF000000FF000000FF000000FF000000FF000000FF000000FF000000FF000000FF000000FF000000FF000000FF000000FF000000FF000000FF000000FF000000FF000000FF000000FF000000FF000000FF000000FF000000FF000000FF000000FF000000FF000000FF000000FF000000FF000000FF000000FF000000FF000000FF000000FF000000FF000000FF000000FF000000FF000000FF000000FF000000FF000000FF000000FF000000FF000000FF000000FF000000FF000000FF000000FF000000FF000000FF000000FF000000FF000000FF000000FF000000FF000000FF000000FF000000FF000000FF000000FF000000FF000000FF000000FF000000FF000000FF000000FF000000FF000000FF000000FF000000FF000000FF000000FF000000FF000000FF000000FF000000FF000000FF000000FF000000FF000000FF000000FF000000FF000000FF000000FF000000FF000000FF000000FF000000FF000000FF000000FF000000FF000000FF000000FF000000FF000000FF000000FF000000FF000000FF000000FF000000FF000000FF000000FF000000FF000000FF000000FF000000FF000000FF000000FF000000FF000000FF000000FF000000FF000000FF000000FF000000FF000000FF000000FF000000FF000000FF000000FF000000FF000000FF000000FF000000FF000000FF000000FF000000FF000000FF000000FF000000FF000000FF000000FF000000FF000000FF000000FF000000FF000000FF000000FF000000FF000000FF000000FF000000FF000000FF000000FF000000FF000000FF000000FF000000FF000000FF000000FF000000FF000000FF000000FF000000FF000000FF000000FF000000FF000000FF000000FF000000FF000000FF000000FF000000FF000000FF000000FF000000FF000000FF000000FF000000FF000000FF000000FF000000FF000000FF000000FF000000FF000000FF000000FF000000FF000000FF000000FF000000FF000000FF000000FF000000FF000000FF000000FF000000FF000000FF000000FF000000FF000000FF000000FF000000FF000000FF000000FF000000FF000000FF000000FF000000FF000000FF000000FF000000FF000000FF000000FF000000FF000000FF000000FF000000FF000000FF000000FF000000FF000000FF000000FF000000FF000000FF000000FF000000FF000000FF000000FF000000FF000000FF000000FF000000FF000000FF000000FF000000FF000000FF000000FF000000FF000000FF000000FF000000FF000000FF000000FF000000FF000000FF000000FF000000FF000000FF000000FF000000FF000000FF000000FF000000FF000000FF000000FF000000FF000000FF000000FF000000FF000000FF000000FF000000FF000000FF000000FF000000FF000000FF000000FF000000FF000000FF000000FF000000FF000000FF000000FF000000FF000000FF000000FF000000FF000000FF000000FF000000FF000000FF000000FF000000FF000000FF000000FF000000FF000000FF000000FF000000FF000000FF000000FF000000FF000000FF000000FF000000FF000000FF000000FF000000FF000000FF000000FF000000FF000000FF000000FF000000FF000000FF000000FF000000FF000000FF000000FF000000FF000000FF000000FF000000FF000000FF000000FF000000FF000000FF000000FF000000FF000000FF000000FF000000FF000000FF000000FF000000FF000000FF000000FF000000FF000000FF000000FF000000FF000000FF000000FF000000FF000000FF000000FF000000FF000000FF000000FF000000FF000000FF000000FF000000FF000000FF000000FF000000FF000000FF000000FF000000FF000000FF000000FF000000FF000000FF000000FF000000FF000000FF000000FF000000FF000000FF000000FF000000FF000000FF000000FF000000FF000000FF000000FF000000FF000000FF000000FF000000FF000000FF000000FF000000FF000000FF000000FF000000FF000000FF000000FF000000FF000000FF000000FF000000FF000000FF000000FF000000FF000000FF000000FF000000FF000000FF000000FF000000FF000000FF000000FF000000FF000000FF000000FF000000FF000000FF000000FF000000FF000000FF000000FF000000FF000000FF000000FF000000FF000000FF000000FF000000FF000000FF000000FF000000FF000000FF000000FF000000FF000000FF000000FF000000FF000000FF000000FF000000FF000000FF000000FF000000FF000000FF000000FF000000FF000000FF000000FF000000FF000000FF000000FF000000FF000000FF000000FF000000FF000000FF000000FF000000FF000000FF000000FF000000FF000000FF000000FF000000FF000000FF000000FF000000FF000000FF000000FF000000FF000000FF000000FF000000FF000000FF000000FF000000FF000000FF000000FF000000FF000000FF000000FF000000FF000000FF000000FF000000FF000000FF000000FF000000FF000000FF000000FF000000FF000000FF000000FF000000FF000000FF000000FF000000FF000000FF000000FF000000FF000000FF000000FF000000FF000000FF000000FF000000FF000000FF000000FF000000FF000000FF000000FF000000FF000000FF000000FF000000FF000000FF000000FF000000FF000000FF000000FF000000FF000000FF000000FF000000FF000000FF000000FF000000FF000000FF000000FF000000FF000000FF000000FF000000FF000000FF000000FF000000FF000000FF000000FF000000FF000000FF000000FF000000FF000000FF000000FF000000FF000000FF000000FF000000FF000000FF000000FF000000FF000000FF000000FF000000FF000000FF000000FF000000FF000000FF000000FF000000FF000000FF000000FF000000FF000000FF000000FF000000FF000000FF000000FF000000FF000000FF000000FF000000FF000000FF000000FF000000FF000000FF000000FF000000FF000000FF000000FF000000FF000000FF000000FF000000FF000000FF000000FF000000FF000000FF000000FF000000FF000000FF000000FF000000FF000000FF000000FF000000FF000000FF000000FF000000FF000000FF000000FF000000FF000000FF000000FF000000FF000000FF000000FF000000FF000000FF000000FF000000FF000000FF000000FF000000FF000000FF000000FF000000FF000000FF000000FF000000FF000000FF000000FF000000FF000000FF000000FF000000FF000000FF000000FF000000FF000000FF000000FF000000FF000000FF000000FF000000FF000000FF000000FF000000FF000000FF000000FF000000FF000000FF000000FF000000FF000000FF000000FF000000FF000000FF000000FF000000FF000000FF000000FF000000FF000000FF000000FF000000FF000000FF000000FF000000FF000000FF000000FF000000FF000000FF000000FF000000FF000000FF000000FF000000FF000000FF000000FF000000FF000000FF000000FF000000FF000000FF000000FF000000FF000000FF000000FF000000FF000000FF000000FF000000FF000000FF000000FF000000FF000000FF000000FF000000FF000000FF000000FF000000FF000000FF000000FF000000FF000000FF000000FF000000FF000000FF000000FF000000FF000000FF000000FF000000FF000000FF000000FF000000FF000000FF000000FF000000FF000000FF000000FF000000FF000000FF000000FF000000FF000000FF000000FF000000FF000000FF000000FF000000FF000000FF000000FF000000FF000000FF000000FF000000FF000000FF000000FF000000FF000000FF000000FF000000FF000000FF000000FF000000FF000000FF000000FF000000FF000000FF000000FF000000FF000000FF000000FF000000FF000000FF000000FF000000FF000000FF000000FF000000FF000000FF000000FF000000FF000000FF000000FF000000FF000000FF000000FF000000FF000000FF000000FF000000FF000000FF000000FF000000FF000000FF000000FF000000FF000000FF000000FF000000FF000000FF000000FF000000FF000000FF000000FF000000FF000000FF000000FF000000FF000000FF000000FF000000FF000000FF000000FF000000FF000000FF000000FF000000FF000000FF000000FF000000FF000000FF000000FF000000FF000000FF000000FF000000FF000000FF000000FF000000FF000000FF000000FF000000FF000000FF000000FF000000FF000000FF000000FF000000FF000000FF000000FF000000FF000000FF000000FF000000FF000000FF000000FF000000FF000000FF000000FF000000FF000000FF000000FF000000FF000000FF000000FF000000FF000000FF000000FF000000FF000000FF000000FF000000FF000000FF000000FF000000FF000000FF000000FF000000FF000000FF000000FF000000FF000000FF000000FF000000FF000000FF000000FF000000FF000000FF000000FF000000FF000000FF000000FF000000FF000000FF000000FF000000FF000000FF000000FF000000FF000000FF000000FF000000FF000000FF000000FF000000FF000000FF000000FF000000FF000000FF000000FF000000FF000000FF000000FF000000FF000000FF000000FF000000FF000000FF000000FF000000FF000000FF000000FF000000FF000000FF000000FF000000FF000000FF000000FF000000FF000000FF000000FF000000FF000000FF000000FF000000FF000000FF000000FF000000FF000000FF000000FF000000FF000000FF000000FF000000FF000000FF000000FF000000FF000000FF000000FF000000FF000000FF000000FF000000FF000000FF000000FF000000FF000000FF000000FF000000FF000000FF000000FF000000FF000000FF000000FF000000FF000000FF000000FF000000FF000000FF000000FF000000FF000000FF000000FF000000FF000000FF000000FF000000FF000000FF000000FF000000FF000000FF000000FF000000FF000000FF000000FF000000FF000000FF000000FF000000FF000000FF000000FF000000FF000000FF000000FF000000FF000000FF000000FF000000FF000000FF000000FF000000FF000000FF000000FF000000FF000000FF000000FF000000FF000000FF000000FF000000FF000000FF000000FF000000FF000000FF000000FF000000FF000000FF000000FF000000FF000000FF000000FF000000FF000000FF000000FF000000FF000000FF000000FF000000FF000000FF000000FF000000FF000000FF000000FF000000FF000000FF000000FF000000FF000000FF000000FF000000FF000000FF000000FF000000FF000000FF000000FF000000FF000000FF000000FF000000FF000000FF000000FF000000FF000000FF000000FF000000FF000000FF000000FF000000FF000000FF000000FF000000FF000000FF000000FF000000FF000000FF000000FF000000FF000000FF000000FF000000FF000000FF000000FF000000FF000000FF000000FF000000FF000000FF000000FF000000FF000000FF000000FF000000FF000000FF000000FF000000FF000000FF000000FFA9F922FFA9F922FF000000FF000000FF000000FF000000FF000000FF000000FF000000FF000000FF000000FF000000FFA9F922FFA9F922FFA9F922FFA9F922FFA9F922FFA9F922FF000000FF000000FF000000FF000000FF000000FF000000FF000000FF000000FFA9F922FFA9F922FFA9F922FFA9F922FFA9F922FFA9F922FF000000FF000000FF000000FF000000FF000000FF000000FF000000FF000000FFA9F922FFA9F922FFA9F922FFA9F922FFA9F922FFA9F922FF000000FF000000FF000000FF000000FF000000FF000000FF000000FF000000FFA9F922FFA9F922FFA9F922FFA9F922FFA9F922FFA9F922FF000000FF000000FF000000FF000000FF000000FF000000FF000000FF000000FFA9F922FFA9F922FFA9F922FFA9F922FFA9F922FFA9F922FFA9F922FFA9F922FF000000FF000000FF000000FF000000FF000000FF000000FF000000FF000000FF000000FF000000FF000000FF000000FF000000FF000000FF000000FF000000FF000000FF000000FF000000FF000000FF000000FF000000FF000000FF000000FF000000FF000000FF000000FF000000FF000000FF000000FF000000FF000000FF000000FF000000FF000000FF000000FF000000FF000000FF000000FF000000FF000000FF000000FF000000FF000000FF000000FF000000FF000000FF000000FF000000FF000000FF000000FF000000FF000000FF000000FF000000FF000000FF000000FF000000FF000000FF000000FF000000FF000000FF000000FF000000FF000000FF000000FF000000FF000000FF000000FF000000FF000000FF000000FF000000FF000000FF000000FF000000FF000000FF000000FF000000FF000000FF000000FF000000FF000000FF000000FF000000FF000000FF000000FF000000FF000000FF000000FF000000FF000000FF000000FF000000FF000000FF000000FF000000FF000000FF000000FF000000FF000000FF000000FF000000FF000000FF000000FF000000FF000000FF000000FF000000FF000000FF000000FF000000FF000000FF000000FF000000FF000000FF000000FF000000FF000000FF000000FF000000FF000000FF000000FF000000FF000000FF000000FF000000FF000000FF000000FF000000FF000000FF000000FF000000FF000000FF000000FF000000FF000000FF000000FF000000FF000000FF000000FF000000FF000000FF000000FF000000FF000000FF000000FF000000FF000000FF000000FF000000FF000000FF000000FF000000FF000000FF000000FF000000FF000000FF000000FF000000FF000000FF000000FF000000FF000000FF000000FF000000FF000000FF000000FF000000FF000000FF000000FF000000FF000000FF000000FF000000FF000000FF000000FF000000FF000000FF000000FF000000FF000000FF000000FF000000FF000000FF000000FF000000FF000000FF000000FF000000FF000000FF000000FF000000FF000000FF000000FF000000FF000000FF000000FF000000FF000000FF000000FF000000FF000000FF000000FF000000FF000000FF000000FF000000FF000000FF000000FF000000FF000000FF000000FF000000FF000000FF000000FF000000FF000000FF000000FF000000FF000000FF000000FF000000FF000000FF000000FF000000FF000000FF000000FF000000FF000000FF000000FF000000FF000000FF000000FF000000FF000000FF000000FF000000FF000000FF000000FF000000FF000000FF000000FF000000FF000000FF000000FF000000FF000000FF000000FF000000FF000000FF000000FF000000FF000000FF000000FF000000FF000000FF000000FF000000FF000000FF000000FF000000FF000000FF000000FF000000FF000000FF000000FF000000FF000000FF000000FF000000FF000000FF000000FF000000FF000000FF000000FF000000FF000000FF000000FF000000FF000000FF000000FF000000FF000000FF000000FF000000FF000000FF000000FF000000FF000000FF000000FF000000FF000000FF000000FF000000FF000000FF000000FF000000FF000000FF000000FF000000FF000000FF000000FF000000FF000000FF000000FF000000FF000000FF000000FF000000FF000000FF000000FF000000FF000000FF000000FF000000FF000000FF000000FF000000FF000000FF000000FF000000FF000000FF000000FF000000FF000000FF000000FF000000FF000000FF000000FF000000FF000000FF000000FF000000FF000000FF000000FF000000FF000000FF000000FF000000FF000000FF000000FF000000FF000000FF000000FF000000FF000000FF000000FF000000FF000000FF000000FF000000FF000000FF000000FF000000FF000000FF000000FF000000FF000000FF000000FF000000FF000000FF000000FF000000FF000000FF000000FF000000FF000000FF000000FF000000FF000000FF000000FF000000FF000000FF000000FF000000FF000000FF000000FF000000FF000000FF000000FF000000FF000000FF000000FF000000FF000000FF000000FF000000FF000000FF000000FF000000FF000000FF000000FF000000FF000000FF000000FF000000FF000000FF000000FF000000FF000000FF000000FF000000FF000000FF000000FF000000FF000000FF000000FF000000FF000000FF000000FF000000FF000000FF000000FF000000FF000000FF000000FF000000FF000000FF000000FF000000FF000000FF000000FF000000FF000000FF000000FF000000FF000000FF000000FF000000FF000000FF000000FF000000FF000000FF000000FF000000FF000000FF000000FF000000FF000000FF000000FF000000FF000000FF000000FF000000FF000000FF000000FF000000FF000000FF000000FF000000FF000000FF000000FF000000FF000000FF000000FF000000FF000000FF000000FF000000FF000000FF000000FF000000FF000000FF000000FF000000FF000000FF000000FF000000FF000000FF000000FF000000FF000000FF000000FF000000FF000000FF000000FF000000FF000000FF000000FF000000FF000000FF000000FF000000FFA9F922FFA9F922FF000000FF000000FF000000FF000000FF000000FF000000FF000000FF000000FF000000FF000000FFA9F922FFA9F922FFA9F922FFA9F922FFA9F922FFA9F922FF000000FF000000FF000000FF000000FF000000FF000000FF000000FF000000FFA9F922FFA9F922FFA9F922FFA9F922FFA9F922FFA9F922FF000000FF000000FF000000FF000000FF000000FF000000FF000000FF000000FFA9F922FFA9F922FFA9F922FFA9F922FFA9F922FFA9F922FF000000FF000000FF000000FF000000FF000000FF000000FF000000FF000000FFA9F922FFA9F922FFA9F922FFA9F922FFA9F922FFA9F922FF000000FF000000FF000000FF000000FF000000FF000000FF000000FF000000FFA9F922FFA9F922FFA9F922FFA9F922FFA9F922FFA9F922FFA9F922FFA9F922FF000000FF000000FF000000FF000000FF000000FF000000FF000000FF000000FF000000FF000000FF000000FF000000FF000000FF000000FF000000FF000000FF000000FF000000FF000000FF000000FF000000FF000000FF000000FF000000FF000000FF000000FF000000FF000000FF000000FF000000FF000000FF000000FF000000FF000000FF000000FF000000FF000000FF000000FF000000FF000000FF000000FF000000FF000000FF000000FF000000FF000000FF000000FF000000FF000000FF000000FF000000FF000000FF000000FF000000FF000000FF000000FF000000FF000000FF000000FF000000FF000000FF000000FF000000FF000000FF000000FF000000FF000000FF000000FF000000FF000000FF000000FF000000FF000000FF000000FF000000FF000000FF000000FF000000FF000000FF000000FF000000FF000000FF000000FF000000FF000000FF000000FF000000FF000000FF000000FF000000FF000000FF000000FF000000FF000000FF000000FF000000FF000000FF000000FF000000FF000000FF000000FF000000FF000000FF000000FF000000FF000000FF000000FF000000FF000000FF000000FF000000FF000000FF000000FF000000FF000000FF000000FF000000FF000000FF000000FF000000FF000000FF000000FF000000FF000000FF000000FF000000FF000000FF000000FF000000FF000000FF000000FF000000FF000000FF000000FF000000FF000000FF000000FF000000FF000000FF000000FF000000FF000000FF000000FF000000FF000000FF000000FF000000FF000000FF000000FF000000FF000000FF000000FF000000FF000000FF000000FF000000FF000000FF000000FF000000FF000000FF000000FF000000FF000000FF000000FF000000FF000000FF000000FF000000FF000000FF000000FF000000FF000000FF000000FF000000FF000000FF000000FF000000FF000000FF000000FF000000FF000000FF000000FF000000FF000000FF000000FF000000FF000000FF000000FF000000FF000000FF000000FF000000FF000000FF000000FF000000FF000000FF000000FF000000FF000000FF000000FF000000FF000000FF000000FF000000FF000000FF000000FF000000FF000000FF000000FF000000FF000000FF000000FF000000FF000000FF000000FF000000FF000000FF000000FF000000FF000000FF000000FF000000FF000000FF000000FF000000FF000000FF000000FF000000FF000000FF000000FF000000FF000000FF000000FF000000FF000000FF000000FF000000FF000000FF000000FF000000FF000000FF000000FF000000FF000000FF000000FF000000FF000000FF000000FF000000FF000000FF000000FF000000FF000000FF000000FF000000FF000000FF000000FF000000FF000000FF000000FF000000FF000000FF000000FF000000FF000000FF000000FF000000FF000000FF000000FF000000FF000000FF000000FF000000FF000000FF000000FF000000FF000000FF000000FF000000FF000000FF000000FF000000FF000000FF000000FF000000FF000000FF000000FF000000FF000000FF000000FF000000FF000000FF000000FF000000FF000000FF000000FF000000FF000000FF000000FF000000FF000000FF000000FF000000FF000000FF000000FF000000FF000000FF000000FF000000FF000000FF000000FF000000FF000000FF000000FF000000FF000000FF000000FF000000FF000000FF000000FF000000FF000000FF000000FF000000FF000000FF000000FF000000FF000000FF000000FF000000FF000000FF000000FF000000FF000000FF000000FF000000FF000000FF000000FF000000FF000000FF000000FF000000FF000000FF000000FF000000FF000000FF000000FF000000FF000000FF000000FF000000FF000000FF000000FF000000FF000000FF000000FF000000FF000000FF000000FF000000FF000000FF000000FF000000FF000000FF000000FF000000FF000000FF000000FF000000FF000000FF000000FF000000FF000000FF000000FF000000FF000000FF000000FF000000FF000000FF000000FF000000FF000000FF000000FF000000FF000000FF000000FF000000FF000000FF000000FF000000FF000000FF000000FF000000FF000000FF000000FF000000FF000000FF000000FF000000FF000000FF000000FF000000FF000000FF000000FF000000FF000000FF000000FF000000FF000000FF000000FF000000FF000000FF000000FF000000FF000000FF000000FF000000FF000000FF000000FF000000FF000000FF000000FF000000FF000000FF000000FF000000FF000000FF000000FF000000FF000000FF000000FF000000FF000000FF000000FF000000FF000000FF000000FF000000FF000000FF000000FF000000FF000000FF000000FF000000FF000000FF000000FF000000FF000000FF000000FF000000FF000000FF000000FF000000FF000000FF000000FF000000FF000000FF000000FF000000FF000000FF000000FF000000FF000000FF000000FF000000FF000000FF000000FF000000FF000000FF000000FF000000FF000000FF000000FF000000FF000000FF000000FF000000FF000000FF000000FF000000FFA9F922FFA9F922FF000000FF000000FFA9F922FFA9F922FF000000FF000000FFA9F922FFA9F922FF000000FF000000FF000000FF000000FFA9F922FFA9F922FF000000FF000000FF000000FF000000FF000000FF000000FFA9F922FFA9F922FF000000FF000000FF000000FF000000FFA9F922FFA9F922FF000000FF000000FF000000FF000000FF000000FF000000FFA9F922FFA9F922FF000000FF000000FF000000FF000000FFA9F922FFA9F922FF000000FF000000FF000000FF000000FF000000FF000000FFA9F922FFA9F922FF000000FF000000FF000000FF000000FFA9F922FFA9F922FF000000FF000000FF000000FF000000FF000000FF000000FFA9F922FFA9F922FF000000FF000000FF000000FF000000FFA9F922FFA9F922FF000000FF000000FF000000FF000000FF000000FF000000FF000000FF000000FF000000FF000000FF000000FF000000FF000000FF000000FF000000FF000000FF000000FF000000FF000000FF000000FF000000FF000000FF000000FF000000FF000000FF000000FF000000FF000000FF000000FF000000FF000000FF000000FF000000FF000000FF000000FF000000FF000000FF000000FF000000FF000000FF000000FF000000FF000000FF000000FF000000FF000000FF000000FF000000FF000000FF000000FF000000FF000000FF000000FF000000FF000000FF000000FF000000FF000000FF000000FF000000FF000000FF000000FF000000FF000000FF000000FF000000FF000000FF000000FF000000FF000000FF000000FF000000FF000000FF000000FF000000FF000000FF000000FF000000FF000000FF000000FF000000FF000000FF000000FF000000FF000000FF000000FF000000FF000000FF000000FF000000FF000000FF000000FF000000FF000000FF000000FF000000FF000000FF000000FF000000FF000000FF000000FF000000FF000000FF000000FF000000FF000000FF000000FF000000FF000000FF000000FF000000FF000000FF000000FF000000FF000000FF000000FF000000FF000000FF000000FF000000FF000000FF000000FF000000FF000000FF000000FF000000FF000000FF000000FF000000FF000000FF000000FF000000FF000000FF000000FF000000FF000000FF000000FF000000FF000000FF000000FF000000FF000000FF000000FF000000FF000000FF000000FF000000FF000000FF000000FF000000FF000000FF000000FF000000FF000000FF000000FF000000FF000000FF000000FF000000FF000000FF000000FF000000FF000000FF000000FF000000FF000000FF000000FF000000FF000000FF000000FF000000FF000000FF000000FF000000FF000000FF000000FF000000FF000000FF000000FF000000FF000000FF000000FF000000FF000000FF000000FF000000FF000000FF000000FF000000FF000000FF000000FF000000FF000000FF000000FF000000FF000000FF000000FF000000FF000000FF000000FF000000FF000000FF000000FF000000FF000000FF000000FF000000FF000000FF000000FF000000FF000000FF000000FF000000FF000000FF000000FF000000FF000000FF000000FF000000FF000000FF000000FF000000FF000000FF000000FF000000FF000000FF000000FF000000FF000000FF000000FF000000FF000000FF000000FF000000FF000000FF000000FF000000FF000000FF000000FF000000FF000000FF000000FF000000FF000000FF000000FF000000FF000000FF000000FF000000FF000000FF000000FF000000FF000000FF000000FF000000FF000000FF000000FF000000FF000000FF000000FF000000FF000000FF000000FF000000FF000000FF000000FF000000FF000000FF000000FF000000FF000000FF000000FF000000FF000000FF000000FF000000FF000000FF000000FF000000FF000000FF000000FF000000FF000000FF000000FF000000FF000000FF000000FF000000FF000000FF000000FF000000FF000000FF000000FF000000FF000000FF000000FF000000FF000000FF000000FF000000FF000000FF000000FF000000FF000000FF000000FF000000FF000000FF000000FF000000FF000000FF000000FF000000FF000000FF000000FF000000FF000000FF000000FF000000FF000000FF000000FF000000FF000000FF000000FF000000FF000000FF000000FF000000FF000000FF000000FF000000FF000000FF000000FF000000FF000000FF000000FF000000FF000000FF000000FF000000FF000000FF000000FF000000FF000000FF000000FF000000FF000000FF000000FF000000FF000000FF000000FF000000FF000000FF000000FF000000FF000000FF000000FF000000FF000000FF000000FF000000FF000000FF000000FF000000FF000000FF000000FF000000FF000000FF000000FF000000FF000000FF000000FF000000FF000000FF000000FF000000FF000000FF000000FF000000FF000000FF000000FF000000FF000000FF000000FF000000FF000000FF000000FF000000FF000000FF000000FF000000FF000000FF000000FF000000FF000000FF000000FF000000FF000000FF000000FF000000FF000000FF000000FF000000FF000000FF000000FF000000FF000000FF000000FF000000FF000000FF000000FF000000FF000000FF000000FF000000FF000000FF000000FF000000FF000000FF000000FF000000FF000000FF000000FF000000FF000000FF000000FF000000FF000000FF000000FF000000FF000000FF000000FF000000FF000000FF000000FF000000FF000000FF000000FF000000FF000000FF000000FF000000FF000000FF000000FF000000FF000000FF000000FF000000FF000000FF000000FF000000FF000000FF000000FF000000FF000000FF000000FF000000FF000000FF000000FF000000FF000000FF000000FF000000FF000000FF000000FF000000FF000000FF000000FF000000FF000000FF000000FF000000FF000000FF000000FF000000FF000000FF000000FF000000FF000000FF000000FF000000FF000000FF000000FF000000FF000000FF000000FF000000FF000000FF000000FFA9F922FFA9F922FF000000FF000000FFA9F922FFA9F922FF000000FF000000FFA9F922FFA9F922FF000000FF000000FF000000FF000000FFA9F922FFA9F922FF000000FF000000FF000000FF000000FF000000FF000000FFA9F922FFA9F922FF000000FF000000FF000000FF000000FFA9F922FFA9F922FF000000FF000000FF000000FF000000FF000000FF000000FFA9F922FFA9F922FF000000FF000000FF000000FF000000FFA9F922FFA9F922FF000000FF000000FF000000FF000000FF000000FF000000FFA9F922FFA9F922FF000000FF000000FF000000FF000000FFA9F922FFA9F922FF000000FF000000FF000000FF000000FF000000FF000000FFA9F922FFA9F922FF000000FF000000FF000000FF000000FFA9F922FFA9F922FF000000FF000000FF000000FF000000FF000000FF000000FF000000FF000000FF000000FF000000FF000000FF000000FF000000FF000000FF000000FF000000FF000000FF000000FF000000FF000000FF000000FF000000FF000000FF000000FF000000FF000000FF000000FF000000FF000000FF000000FF000000FF000000FF000000FF000000FF000000FF000000FF000000FF000000FF000000FF000000FF000000FF000000FF000000FF000000FF000000FF000000FF000000FF000000FF000000FF000000FF000000FF000000FF000000FF000000FF000000FF000000FF000000FF000000FF000000FF000000FF000000FF000000FF000000FF000000FF000000FF000000FF000000FF000000FF000000FF000000FF000000FF000000FF000000FF000000FF000000FF000000FF000000FF000000FF000000FF000000FF000000FF000000FF000000FF000000FF000000FF000000FF000000FF000000FF000000FF000000FF000000FF000000FF000000FF000000FF000000FF000000FF000000FF000000FF000000FF000000FF000000FF000000FF000000FF000000FF000000FF000000FF000000FF000000FF000000FF000000FF000000FF000000FF000000FF000000FF000000FF000000FF000000FF000000FF000000FF000000FF000000FF000000FF000000FF000000FF000000FF000000FF000000FF000000FF000000FF000000FF000000FF000000FF000000FF000000FF000000FF000000FF000000FF000000FF000000FF000000FF000000FF000000FF000000FF000000FF000000FF000000FF000000FF000000FF000000FF000000FF000000FF000000FF000000FF000000FF000000FF000000FF000000FF000000FF000000FF000000FF000000FF000000FF000000FF000000FF000000FF000000FF000000FF000000FF000000FF000000FF000000FF000000FF000000FF000000FF000000FF000000FF000000FF000000FF000000FF000000FF000000FF000000FF000000FF000000FF000000FF000000FF000000FF000000FF000000FF000000FF000000FF000000FF000000FF000000FF000000FF000000FF000000FF000000FF000000FF000000FF000000FF000000FF000000FF000000FF000000FF000000FF000000FF000000FF000000FF000000FF000000FF000000FF000000FF000000FF000000FF000000FF000000FF000000FF000000FF000000FF000000FF000000FF000000FF000000FF000000FF000000FF000000FF000000FF000000FF000000FF000000FF000000FF000000FF000000FF000000FF000000FF000000FF000000FF000000FF000000FF000000FF000000FF000000FF000000FF000000FF000000FF000000FF000000FF000000FF000000FF000000FF000000FF000000FF000000FF000000FF000000FF000000FF000000FF000000FF000000FF000000FF000000FF000000FF000000FF000000FF000000FF000000FF000000FF000000FF000000FF000000FF000000FF000000FF000000FF000000FF000000FF000000FF000000FF000000FF000000FF000000FF000000FF000000FF000000FF000000FF000000FF000000FF000000FF000000FF000000FF000000FF000000FF000000FF000000FF000000FF000000FF000000FF000000FF000000FF000000FF000000FF000000FF000000FF000000FF000000FF000000FF000000FF000000FF000000FF000000FF000000FF000000FF000000FF000000FF000000FF000000FF000000FF000000FF000000FF000000FF000000FF000000FF000000FF000000FF000000FF000000FF000000FF000000FF000000FF000000FF000000FF000000FF000000FF000000FF000000FF000000FF000000FF000000FF000000FF000000FF000000FF000000FF000000FF000000FF000000FF000000FF000000FF000000FF000000FF000000FF000000FF000000FF000000FF000000FF000000FF000000FF000000FF000000FF000000FF000000FF000000FF000000FF000000FF000000FF000000FF000000FF000000FF000000FF000000FF000000FF000000FF000000FF000000FF000000FF000000FF000000FF000000FF000000FF000000FF000000FF000000FF000000FF000000FF000000FF000000FF000000FF000000FF000000FF000000FF000000FF000000FF000000FF000000FF000000FF000000FF000000FF000000FF000000FF000000FF000000FF000000FF000000FF000000FF000000FF000000FF000000FF000000FF000000FF000000FF000000FF000000FF000000FF000000FF000000FF000000FF000000FF000000FF000000FF000000FF000000FF000000FF000000FF000000FF000000FF000000FF000000FF000000FF000000FF000000FF000000FF000000FF000000FF000000FF000000FF000000FF000000FF000000FF000000FF000000FF000000FF000000FF000000FF000000FF000000FF000000FF000000FF000000FF000000FF000000FF000000FF000000FF000000FF000000FF000000FF000000FF000000FF000000FF000000FF000000FF000000FF000000FF000000FF000000FF000000FF000000FF000000FF000000FF000000FF000000FF000000FF000000FF000000FF000000FF000000FF000000FF000000FF000000FF000000FF000000FF000000FF000000FF000000FF000000FF000000FF000000FF000000FF000000FF000000FF000000FF000000FFA9F922FFA9F922FFA9F922FFA9F922FFA9F922FFA9F922FF000000FF000000FF000000FF000000FF000000FF000000FF000000FF000000FF000000FF000000FF000000FF000000FF000000FF000000FFA9F922FFA9F922FF000000FF000000FF000000FF000000FFA9F922FFA9F922FF000000FF000000FF000000FF000000FFA9F922FFA9F922FFA9F922FFA9F922FF000000FF000000FF000000FF000000FFA9F922FFA9F922FF000000FF000000FF000000FF000000FFA9F922FFA9F922FFA9F922FFA9F922FF000000FF000000FF000000FF000000FFA9F922FFA9F922FF000000FF000000FF000000FF000000FFA9F922FFA9F922FFA9F922FFA9F922FF000000FF000000FF000000FF000000FFA9F922FFA9F922FF000000FF000000FF000000FF000000FF000000FF000000FF000000FF000000FF000000FF000000FF000000FF000000FF000000FF000000FF000000FF000000FF000000FF000000FF000000FF000000FF000000FF000000FF000000FF000000FF000000FF000000FF000000FF000000FF000000FF000000FF000000FF000000FF000000FF000000FF000000FF000000FF000000FF000000FF000000FF000000FF000000FF000000FF000000FF000000FF000000FF000000FF000000FF000000FF000000FF000000FF000000FF000000FF000000FF000000FF000000FF000000FF000000FF000000FF000000FF000000FF000000FF000000FF000000FF000000FF000000FF000000FF000000FF000000FF000000FF000000FF000000FF000000FF000000FF000000FF000000FF000000FF000000FF000000FF000000FF000000FF000000FF000000FF000000FF000000FF000000FF000000FF000000FF000000FF000000FF000000FF000000FF000000FF000000FF000000FF000000FF000000FF000000FF000000FF000000FF000000FF000000FF000000FF000000FF000000FF000000FF000000FF000000FF000000FF000000FF000000FF000000FF000000FF000000FF000000FF000000FF000000FF000000FF000000FF000000FF000000FF000000FF000000FF000000FF000000FF000000FF000000FF000000FF000000FF000000FF000000FF000000FF000000FF000000FF000000FF000000FF000000FF000000FF000000FF000000FF000000FF000000FF000000FF000000FF000000FF000000FF000000FF000000FF000000FF000000FF000000FF000000FF000000FF000000FF000000FF000000FF000000FF000000FF000000FF000000FF000000FF000000FF000000FF000000FF000000FF000000FF000000FF000000FF000000FF000000FF000000FF000000FF000000FF000000FF000000FF000000FF000000FF000000FF000000FF000000FF000000FF000000FF000000FF000000FF000000FF000000FF000000FF000000FF000000FF000000FF000000FF000000FF000000FF000000FF000000FF000000FF000000FF000000FF000000FF000000FF000000FF000000FF000000FF000000FF000000FF000000FF000000FF000000FF000000FF000000FF000000FF000000FF000000FF000000FF000000FF000000FF000000FF000000FF000000FF000000FF000000FF000000FF000000FF000000FF000000FF000000FF000000FF000000FF000000FF000000FF000000FF000000FF000000FF000000FF000000FF000000FF000000FF000000FF000000FF000000FF000000FF000000FF000000FF000000FF000000FF000000FF000000FF000000FF000000FF000000FF000000FF000000FF000000FF000000FF000000FF000000FF000000FF000000FF000000FF000000FF000000FF000000FF000000FF000000FF000000FF000000FF000000FF000000FF000000FF000000FF000000FF000000FF000000FF000000FF000000FF000000FF000000FF000000FF000000FF000000FF000000FF000000FF000000FF000000FF000000FF000000FF000000FF000000FF000000FF000000FF000000FF000000FF000000FF000000FF000000FF000000FF000000FF000000FF000000FF000000FF000000FF000000FF000000FF000000FF000000FF000000FF000000FF000000FF000000FF000000FF000000FF000000FF000000FF000000FF000000FF000000FF000000FF000000FF000000FF000000FF000000FF000000FF000000FF000000FF000000FF000000FF000000FF000000FF000000FF000000FF000000FF000000FF000000FF000000FF000000FF000000FF000000FF000000FF000000FF000000FF000000FF000000FF000000FF000000FF000000FF000000FF000000FF000000FF000000FF000000FF000000FF000000FF000000FF000000FF000000FF000000FF000000FF000000FF000000FF000000FF000000FF000000FF000000FF000000FF000000FF000000FF000000FF000000FF000000FF000000FF000000FF000000FF000000FF000000FF000000FF000000FF000000FF000000FF000000FF000000FF000000FF000000FF000000FF000000FF000000FF000000FF000000FF000000FF000000FF000000FF000000FF000000FF000000FF000000FF000000FF000000FF000000FF000000FF000000FF000000FF000000FF000000FF000000FF000000FF000000FF000000FF000000FF000000FF000000FF000000FF000000FF000000FF000000FF000000FF000000FF000000FF000000FF000000FF000000FF000000FF000000FF000000FF000000FF000000FF000000FF000000FF000000FF000000FF000000FF000000FF000000FF000000FF000000FF000000FF000000FF000000FF000000FF000000FF000000FF000000FF000000FF000000FF000000FF000000FF000000FF000000FF000000FF000000FF000000FF000000FF000000FF000000FF000000FF000000FF000000FF000000FF000000FF000000FF000000FF000000FF000000FF000000FF000000FF000000FF000000FF000000FF000000FF000000FF000000FF000000FF000000FF000000FF000000FF000000FF000000FF000000FF000000FF000000FF000000FF000000FF000000FF000000FF000000FF000000FF000000FF000000FF000000FF000000FF000000FF000000FF000000FFA9F922FFA9F922FFA9F922FFA9F922FFA9F922FFA9F922FF000000FF000000FF000000FF000000FF000000FF000000FF000000FF000000FF000000FF000000FF000000FF000000FF000000FF000000FFA9F922FFA9F922FF000000FF000000FF000000FF000000FFA9F922FFA9F922FF000000FF000000FF000000FF000000FFA9F922FFA9F922FFA9F922FFA9F922FF000000FF000000FF000000FF000000FFA9F922FFA9F922FF000000FF000000FF000000FF000000FFA9F922FFA9F922FFA9F922FFA9F922FF000000FF000000FF000000FF000000FFA9F922FFA9F922FF000000FF000000FF000000FF000000FFA9F922FFA9F922FFA9F922FFA9F922FF000000FF000000FF000000FF000000FFA9F922FFA9F922FF000000FF000000FF000000FF000000FF000000FF000000FF000000FF000000FF000000FF000000FF000000FF000000FF000000FF000000FF000000FF000000FF000000FF000000FF000000FF000000FF000000FF000000FF000000FF000000FF000000FF000000FF000000FF000000FF000000FF000000FF000000FF000000FF000000FF000000FF000000FF000000FF000000FF000000FF000000FF000000FF000000FF000000FF000000FF000000FF000000FF000000FF000000FF000000FF000000FF000000FF000000FF000000FF000000FF000000FF000000FF000000FF000000FF000000FF000000FF000000FF000000FF000000FF000000FF000000FF000000FF000000FF000000FF000000FF000000FF000000FF000000FF000000FF000000FF000000FF000000FF000000FF000000FF000000FF000000FF000000FF000000FF000000FF000000FF000000FF000000FF000000FF000000FF000000FF000000FF000000FF000000FF000000FF000000FF000000FF000000FF000000FF000000FF000000FF000000FF000000FF000000FF000000FF000000FF000000FF000000FF000000FF000000FF000000FF000000FF000000FF000000FF000000FF000000FF000000FF000000FF000000FF000000FF000000FF000000FF000000FF000000FF000000FF000000FF000000FF000000FF000000FF000000FF000000FF000000FF000000FF000000FF000000FF000000FF000000FF000000FF000000FF000000FF000000FF000000FF000000FF000000FF000000FF000000FF000000FF000000FF000000FF000000FF000000FF000000FF000000FF000000FF000000FF000000FF000000FF000000FF000000FF000000FF000000FF000000FF000000FF000000FF000000FF000000FF000000FF000000FF000000FF000000FF000000FF000000FF000000FF000000FF000000FF000000FF000000FF000000FF000000FF000000FF000000FF000000FF000000FF000000FF000000FF000000FF000000FF000000FF000000FF000000FF000000FF000000FF000000FF000000FF000000FF000000FF000000FF000000FF000000FF000000FF000000FF000000FF000000FF000000FF000000FF000000FF000000FF000000FF000000FF000000FF000000FF000000FF000000FF000000FF000000FF000000FF000000FF000000FF000000FF000000FF000000FF000000FF000000FF000000FF000000FF000000FF000000FF000000FF000000FF000000FF000000FF000000FF000000FF000000FF000000FF000000FF000000FF000000FF000000FF000000FF000000FF000000FF000000FF000000FF000000FF000000FF000000FF000000FF000000FF000000FF000000FF000000FF000000FF000000FF000000FF000000FF000000FF000000FF000000FF000000FF000000FF000000FF000000FF000000FF000000FF000000FF000000FF000000FF000000FF000000FF000000FF000000FF000000FF000000FF000000FF000000FF000000FF000000FF000000FF000000FF000000FF000000FF000000FF000000FF000000FF000000FF000000FF000000FF000000FF000000FF000000FF000000FF000000FF000000FF000000FF000000FF000000FF000000FF000000FF000000FF000000FF000000FF000000FF000000FF000000FF000000FF000000FF000000FF000000FF000000FF000000FF000000FF000000FF000000FF000000FF000000FF000000FF000000FF000000FF000000FF000000FF000000FF000000FF000000FF000000FF000000FF000000FF000000FF000000FF000000FF000000FF000000FF000000FF000000FF000000FF000000FF000000FF000000FF000000FF000000FF000000FF000000FF000000FF000000FF000000FF000000FF000000FF000000FF000000FF000000FF000000FF000000FF000000FF000000FF000000FF000000FF000000FF000000FF000000FF000000FF000000FF000000FF000000FF000000FF000000FF000000FF000000FF000000FF000000FF000000FF000000FF000000FF000000FF000000FF000000FF000000FF000000FF000000FF000000FF000000FF000000FF000000FF000000FF000000FF000000FF000000FF000000FF000000FF000000FF000000FF000000FF000000FF000000FF000000FF000000FF000000FF000000FF000000FF000000FF000000FF000000FF000000FF000000FF000000FF000000FF000000FF000000FF000000FF000000FF000000FF000000FF000000FF000000FF000000FF000000FF000000FF000000FF000000FF000000FF000000FF000000FF000000FF000000FF000000FF000000FF000000FF000000FF000000FF000000FF000000FF000000FF000000FF000000FF000000FF000000FF000000FF000000FF000000FF000000FF000000FF000000FF000000FF000000FF000000FF000000FF000000FF000000FF000000FF000000FF000000FF000000FF000000FF000000FF000000FF000000FF000000FF000000FF000000FF000000FF000000FF000000FF000000FF000000FF000000FF000000FF000000FF000000FF000000FF000000FF000000FF000000FF000000FF000000FF000000FF000000FF000000FF000000FF000000FF000000FF000000FF000000FF000000FF000000FF000000FF000000FF000000FF000000FF000000FF000000FF000000FF000000FF000000FF000000FF000000FF000000FFA9F922FFA9F922FF000000FF000000FF000000FF000000FF000000FF000000FF000000FF000000FF000000FF000000FF000000FF000000FFA9F922FFA9F922FFA9F922FFA9F922FF000000FF000000FF000000FF000000FF000000FF000000FFA9F922FFA9F922FF000000FF000000FFA9F922FFA9F922FF000000FF000000FFA9F922FFA9F922FF000000FF000000FF000000FF000000FFA9F922FFA9F922FF000000FF000000FFA9F922FFA9F922FF000000FF000000FFA9F922FFA9F922FF000000FF000000FF000000FF000000FFA9F922FFA9F922FF000000FF000000FFA9F922FFA9F922FF000000FF000000FFA9F922FFA9F922FF000000FF000000FF000000FF000000FFA9F922FFA9F922FF000000FF000000FF000000FF000000FF000000FF000000FF000000FF000000FF000000FF000000FF000000FF000000FF000000FF000000FF000000FF000000FF000000FF000000FF000000FF000000FF000000FF000000FF000000FF000000FF000000FF000000FF000000FF000000FF000000FF000000FF000000FF000000FF000000FF000000FF000000FF000000FF000000FF000000FF000000FF000000FF000000FF000000FF000000FF000000FF000000FF000000FF000000FF000000FF000000FF000000FF000000FF000000FF000000FF000000FF000000FF000000FF000000FF000000FF000000FF000000FF000000FF000000FF000000FF000000FF000000FF000000FF000000FF000000FF000000FF000000FF000000FF000000FF000000FF000000FF000000FF000000FF000000FF000000FF000000FF000000FF000000FF000000FF000000FF000000FF000000FF000000FF000000FF000000FF000000FF000000FF000000FF000000FF000000FF000000FF000000FF000000FF000000FF000000FF000000FF000000FF000000FF000000FF000000FF000000FF000000FF000000FF000000FF000000FF000000FF000000FF000000FF000000FF000000FF000000FF000000FF000000FF000000FF000000FF000000FF000000FF000000FF000000FF000000FF000000FF000000FF000000FF000000FF000000FF000000FF000000FF000000FF000000FF000000FF000000FF000000FF000000FF000000FF000000FF000000FF000000FF000000FF000000FF000000FF000000FF000000FF000000FF000000FF000000FF000000FF000000FF000000FF000000FF000000FF000000FF000000FF000000FF000000FF000000FF000000FF000000FF000000FF000000FF000000FF000000FF000000FF000000FF000000FF000000FF000000FF000000FF000000FF000000FF000000FF000000FF000000FF000000FF000000FF000000FF000000FF000000FF000000FF000000FF000000FF000000FF000000FF000000FF000000FF000000FF000000FF000000FF000000FF000000FF000000FF000000FF000000FF000000FF000000FF000000FF000000FF000000FF000000FF000000FF000000FF000000FF000000FF000000FF000000FF000000FF000000FF000000FF000000FF000000FF000000FF000000FF000000FF000000FF000000FF000000FF000000FF000000FF000000FF000000FF000000FF000000FF000000FF000000FF000000FF000000FF000000FF000000FF000000FF000000FF000000FF000000FF000000FF000000FF000000FF000000FF000000FF000000FF000000FF000000FF000000FF000000FF000000FF000000FF000000FF000000FF000000FF000000FF000000FF000000FF000000FF000000FF000000FF000000FF000000FF000000FF000000FF000000FF000000FF000000FF000000FF000000FF000000FF000000FF000000FF000000FF000000FF000000FF000000FF000000FF000000FF000000FF000000FF000000FF000000FF000000FF000000FF000000FF000000FF000000FF000000FF000000FF000000FF000000FF000000FF000000FF000000FF000000FF000000FF000000FF000000FF000000FF000000FF000000FF000000FF000000FF000000FF000000FF000000FF000000FF000000FF000000FF000000FF000000FF000000FF000000FF000000FF000000FF000000FF000000FF000000FF000000FF000000FF000000FF000000FF000000FF000000FF000000FF000000FF000000FF000000FF000000FF000000FF000000FF000000FF000000FF000000FF000000FF000000FF000000FF000000FF000000FF000000FF000000FF000000FF000000FF000000FF000000FF000000FF000000FF000000FF000000FF000000FF000000FF000000FF000000FF000000FF000000FF000000FF000000FF000000FF000000FF000000FF000000FF000000FF000000FF000000FF000000FF000000FF000000FF000000FF000000FF000000FF000000FF000000FF000000FF000000FF000000FF000000FF000000FF000000FF000000FF000000FF000000FF000000FF000000FF000000FF000000FF000000FF000000FF000000FF000000FF000000FF000000FF000000FF000000FF000000FF000000FF000000FF000000FF000000FF000000FF000000FF000000FF000000FF000000FF000000FF000000FF000000FF000000FF000000FF000000FF000000FF000000FF000000FF000000FF000000FF000000FF000000FF000000FF000000FF000000FF000000FF000000FF000000FF000000FF000000FF000000FF000000FF000000FF000000FF000000FF000000FF000000FF000000FF000000FF000000FF000000FF000000FF000000FF000000FF000000FF000000FF000000FF000000FF000000FF000000FF000000FF000000FF000000FF000000FF000000FF000000FF000000FF000000FF000000FF000000FF000000FF000000FF000000FF000000FF000000FF000000FF000000FF000000FF000000FF000000FF000000FF000000FF000000FF000000FF000000FF000000FF000000FF000000FF000000FF000000FF000000FF000000FF000000FF000000FF000000FF000000FF000000FF000000FF000000FF000000FF000000FF000000FF000000FF000000FF000000FF000000FF000000FF000000FF000000FF000000FF000000FF000000FF000000FFA9F922FFA9F922FF000000FF000000FF000000FF000000FF000000FF000000FF000000FF000000FF000000FF000000FF000000FF000000FFA9F922FFA9F922FFA9F922FFA9F922FF000000FF000000FF000000FF000000FF000000FF000000FFA9F922FFA9F922FF000000FF000000FFA9F922FFA9F922FF000000FF000000FFA9F922FFA9F922FF000000FF000000FF000000FF000000FFA9F922FFA9F922FF000000FF000000FFA9F922FFA9F922FF000000FF000000FFA9F922FFA9F922FF000000FF000000FF000000FF000000FFA9F922FFA9F922FF000000FF000000FFA9F922FFA9F922FF000000FF000000FFA9F922FFA9F922FF000000FF000000FF000000FF000000FFA9F922FFA9F922FF000000FF000000FF000000FF000000FF000000FF000000FF000000FF000000FF000000FF000000FF000000FF000000FF000000FF000000FF000000FF000000FF000000FF000000FF000000FF000000FF000000FF000000FF000000FF000000FF000000FF000000FF000000FF000000FF000000FF000000FF000000FF000000FF000000FF000000FF000000FF000000FF000000FF000000FF000000FF000000FF000000FF000000FF000000FF000000FF000000FF000000FF000000FF000000FF000000FF000000FF000000FF000000FF000000FF000000FF000000FF000000FF000000FF000000FF000000FF000000FF000000FF000000FF000000FF000000FF000000FF000000FF000000FF000000FF000000FF000000FF000000FF000000FF000000FF000000FF000000FF000000FF000000FF000000FF000000FF000000FF000000FF000000FF000000FF000000FF000000FF000000FF000000FF000000FF000000FF000000FF000000FF000000FF000000FF000000FF000000FF000000FF000000FF000000FF000000FF000000FF000000FF000000FF000000FF000000FF000000FF000000FF000000FF000000FF000000FF000000FF000000FF000000FF000000FF000000FF000000FF000000FF000000FF000000FF000000FF000000FF000000FF000000FF000000FF000000FF000000FF000000FF000000FF000000FF000000FF000000FF000000FF000000FF000000FF000000FF000000FF000000FF000000FF000000FF000000FF000000FF000000FF000000FF000000FF000000FF000000FF000000FF000000FF000000FF000000FF000000FF000000FF000000FF000000FF000000FF000000FF000000FF000000FF000000FF000000FF000000FF000000FF000000FF000000FF000000FF000000FF000000FF000000FF000000FF000000FF000000FF000000FF000000FF000000FF000000FF000000FF000000FF000000FF000000FF000000FF000000FF000000FF000000FF000000FF000000FF000000FF000000FF000000FF000000FF000000FF000000FF000000FF000000FF000000FF000000FF000000FF000000FF000000FF000000FF000000FF000000FF000000FF000000FF000000FF000000FF000000FF000000FF000000FF000000FF000000FF000000FF000000FF000000FF000000FF000000FF000000FF000000FF000000FF000000FF000000FF000000FF000000FF000000FF000000FF000000FF000000FF000000FF000000FF000000FF000000FF000000FF000000FF000000FF000000FF000000FF000000FF000000FF000000FF000000FF000000FF000000FF000000FF000000FF000000FF000000FF000000FF000000FF000000FF000000FF000000FF000000FF000000FF000000FF000000FF000000FF000000FF000000FF000000FF000000FF000000FF000000FF000000FF000000FF000000FF000000FF000000FF000000FF000000FF000000FF000000FF000000FF000000FF000000FF000000FF000000FF000000FF000000FF000000FF000000FF000000FF000000FF000000FF000000FF000000FF000000FF000000FF000000FF000000FF000000FF000000FF000000FF000000FF000000FF000000FF000000FF000000FF000000FF000000FF000000FF000000FF000000FF000000FF000000FF000000FF000000FF000000FF000000FF000000FF000000FF000000FF000000FF000000FF000000FF000000FF000000FF000000FF000000FF000000FF000000FF000000FF000000FF000000FF000000FF000000FF000000FF000000FF000000FF000000FF000000FF000000FF000000FF000000FF000000FF000000FF000000FF000000FF000000FF000000FF000000FF000000FF000000FF000000FF000000FF000000FF000000FF000000FF000000FF000000FF000000FF000000FF000000FF000000FF000000FF000000FF000000FF000000FF000000FF000000FF000000FF000000FF000000FF000000FF000000FF000000FF000000FF000000FF000000FF000000FF000000FF000000FF000000FF000000FF000000FF000000FF000000FF000000FF000000FF000000FF000000FF000000FF000000FF000000FF000000FF000000FF000000FF000000FF000000FF000000FF000000FF000000FF000000FF000000FF000000FF000000FF000000FF000000FF000000FF000000FF000000FF000000FF000000FF000000FF000000FF000000FF000000FF000000FF000000FF000000FF000000FF000000FF000000FF000000FF000000FF000000FF000000FF000000FF000000FF000000FF000000FF000000FF000000FF000000FF000000FF000000FF000000FF000000FF000000FF000000FF000000FF000000FF000000FF000000FF000000FF000000FF000000FF000000FF000000FF000000FF000000FF000000FF000000FF000000FF000000FF000000FF000000FF000000FF000000FF000000FF000000FF000000FF000000FF000000FF000000FF000000FF000000FF000000FF000000FF000000FF000000FF000000FF000000FF000000FF000000FF000000FF000000FF000000FF000000FF000000FF000000FF000000FF000000FF000000FF000000FF000000FF000000FF000000FF000000FF000000FF000000FF000000FF000000FF000000FF000000FF000000FF000000FF000000FF000000FF000000FF000000FF000000FF000000FFA9F922FFA9F922FFA9F922FFA9F922FFA9F922FFA9F922FF000000FF000000FF000000FF000000FF000000FF000000FF000000FF000000FFA9F922FFA9F922FF000000FF000000FF000000FF000000FF000000FF000000FF000000FF000000FF000000FF000000FFA9F922FFA9F922FFA9F922FFA9F922FF000000FF000000FF000000FF000000FFA9F922FFA9F922FF000000FF000000FF000000FF000000FFA9F922FFA9F922FFA9F922FFA9F922FF000000FF000000FF000000FF000000FFA9F922FFA9F922FF000000FF000000FF000000FF000000FFA9F922FFA9F922FFA9F922FFA9F922FF000000FF000000FF000000FF000000FFA9F922FFA9F922FF000000FF000000FF000000FF000000FFA9F922FFA9F922FF000000FF000000FF000000FF000000FFA9F922FFA9F922FFA9F922FFA9F922FF000000FF000000FF000000FF000000FF000000FF000000FF000000FF000000FF000000FF000000FF000000FF000000FF000000FF000000FF000000FF000000FF000000FF000000FF000000FF000000FF000000FF000000FF000000FF000000FF000000FF000000FF000000FF000000FF000000FF000000FF000000FF000000FF000000FF000000FF000000FF000000FF000000FF000000FF000000FF000000FF000000FF000000FF000000FF000000FF000000FF000000FF000000FF000000FF000000FF000000FF000000FF000000FF000000FF000000FF000000FF000000FF000000FF000000FF000000FF000000FF000000FF000000FF000000FF000000FF000000FF000000FF000000FF000000FF000000FF000000FF000000FF000000FF000000FF000000FF000000FF000000FF000000FF000000FF000000FF000000FF000000FF000000FF000000FF000000FF000000FF000000FF000000FF000000FF000000FF000000FF000000FF000000FF000000FF000000FF000000FF000000FF000000FF000000FF000000FF000000FF000000FF000000FF000000FF000000FF000000FF000000FF000000FF000000FF000000FF000000FF000000FF000000FF000000FF000000FF000000FF000000FF000000FF000000FF000000FF000000FF000000FF000000FF000000FF000000FF000000FF000000FF000000FF000000FF000000FF000000FF000000FF000000FF000000FF000000FF000000FF000000FF000000FF000000FF000000FF000000FF000000FF000000FF000000FF000000FF000000FF000000FF000000FF000000FF000000FF000000FF000000FF000000FF000000FF000000FF000000FF000000FF000000FF000000FF000000FF000000FF000000FF000000FF000000FF000000FF000000FF000000FF000000FF000000FF000000FF000000FF000000FF000000FF000000FF000000FF000000FF000000FF000000FF000000FF000000FF000000FF000000FF000000FF000000FF000000FF000000FF000000FF000000FF000000FF000000FF000000FF000000FF000000FF000000FF000000FF000000FF000000FF000000FF000000FF000000FF000000FF000000FF000000FF000000FF000000FF000000FF000000FF000000FF000000FF000000FF000000FF000000FF000000FF000000FF000000FF000000FF000000FF000000FF000000FF000000FF000000FF000000FF000000FF000000FF000000FF000000FF000000FF000000FF000000FF000000FF000000FF000000FF000000FF000000FF000000FF000000FF000000FF000000FF000000FF000000FF000000FF000000FF000000FF000000FF000000FF000000FF000000FF000000FF000000FF000000FF000000FF000000FF000000FF000000FF000000FF000000FF000000FF000000FF000000FF000000FF000000FF000000FF000000FF000000FF000000FF000000FF000000FF000000FF000000FF000000FF000000FF000000FF000000FF000000FF000000FF000000FF000000FF000000FF000000FF000000FF000000FF000000FF000000FF000000FF000000FF000000FF000000FF000000FF000000FF000000FF000000FF000000FF000000FF000000FF000000FF000000FF000000FF000000FF000000FF000000FF000000FF000000FF000000FF000000FF000000FF000000FF000000FF000000FF000000FF000000FF000000FF000000FF000000FF000000FF000000FF000000FF000000FF000000FF000000FF000000FF000000FF000000FF000000FF000000FF000000FF000000FF000000FF000000FF000000FF000000FF000000FF000000FF000000FF000000FF000000FF000000FF000000FF000000FF000000FF000000FF000000FF000000FF000000FF000000FF000000FF000000FF000000FF000000FF000000FF000000FF000000FF000000FF000000FF000000FF000000FF000000FF000000FF000000FF000000FF000000FF000000FF000000FF000000FF000000FF000000FF000000FF000000FF000000FF000000FF000000FF000000FF000000FF000000FF000000FF000000FF000000FF000000FF000000FF000000FF000000FF000000FF000000FF000000FF000000FF000000FF000000FF000000FF000000FF000000FF000000FF000000FF000000FF000000FF000000FF000000FF000000FF000000FF000000FF000000FF000000FF000000FF000000FF000000FF000000FF000000FF000000FF000000FF000000FF000000FF000000FF000000FF000000FF000000FF000000FF000000FF000000FF000000FF000000FF000000FF000000FF000000FF000000FF000000FF000000FF000000FF000000FF000000FF000000FF000000FF000000FF000000FF000000FF000000FF000000FF000000FF000000FF000000FF000000FF000000FF000000FF000000FF000000FF000000FF000000FF000000FF000000FF000000FF000000FF000000FF000000FF000000FF000000FF000000FF000000FF000000FF000000FF000000FF000000FF000000FF000000FF000000FF000000FF000000FF000000FF000000FF000000FF000000FF000000FF000000FF000000FF000000FF000000FF000000FF000000FF000000FF000000FF000000FF000000FF000000FF000000FF000000FF000000FF000000FFA9F922FFA9F922FFA9F922FFA9F922FFA9F922FFA9F922FF000000FF000000FF000000FF000000FF000000FF000000FF000000FF000000FFA9F922FFA9F922FF000000FF000000FF000000FF000000FF000000FF000000FF000000FF000000FF000000FF000000FFA9F922FFA9F922FFA9F922FFA9F922FF000000FF000000FF000000FF000000FFA9F922FFA9F922FF000000FF000000FF000000FF000000FFA9F922FFA9F922FFA9F922FFA9F922FF000000FF000000FF000000FF000000FFA9F922FFA9F922FF000000FF000000FF000000FF000000FFA9F922FFA9F922FFA9F922FFA9F922FF000000FF000000FF000000FF000000FFA9F922FFA9F922FF000000FF000000FF000000FF000000FFA9F922FFA9F922FF000000FF000000FF000000FF000000FFA9F922FFA9F922FFA9F922FFA9F922FF000000FF000000FF000000FF000000FF000000FF000000FF000000FF000000FF000000FF000000FF000000FF000000FF000000FF000000FF000000FF000000FF000000FF000000FF000000FF000000FF000000FF000000FF000000FF000000FF000000FF000000FF000000FF000000FF000000FF000000FF000000FF000000FF000000FF000000FF000000FF000000FF000000FF000000FF000000FF000000FF000000FF000000FF000000FF000000FF000000FF000000FF000000FF000000FF000000FF000000FF000000FF000000FF000000FF000000FF000000FF000000FF000000FF000000FF000000FF000000FF000000FF000000FF000000FF000000FF000000FF000000FF000000FF000000FF000000FF000000FF000000FF000000FF000000FF000000FF000000FF000000FF000000FF000000FF000000FF000000FF000000FF000000FF000000FF000000FF000000FF000000FF000000FF000000FF000000FF000000FF000000FF000000FF000000FF000000FF000000FF000000FF000000FF000000FF000000FF000000FF000000FF000000FF000000FF000000FF000000FF000000FF000000FF000000FF000000FF000000FF000000FF000000FF000000FF000000FF000000FF000000FF000000FF000000FF000000FF000000FF000000FF000000FF000000FF000000FF000000FF000000FF000000FF000000FF000000FF000000FF000000FF000000FF000000FF000000FF000000FF000000FF000000FF000000FF000000FF000000FF000000FF000000FF000000FF000000FF000000FF000000FF000000FF000000FF000000FF000000FF000000FF000000FF000000FF000000FF000000FF000000FF000000FF000000FF000000FF000000FF000000FF000000FF000000FF000000FF000000FF000000FF000000FF000000FF000000FF000000FF000000FF000000FF000000FF000000FF000000FF000000FF000000FF000000FF000000FF000000FF000000FF000000FF000000FF000000FF000000FF000000FF000000FF000000FF000000FF000000FF000000FF000000FF000000FF000000FF000000FF000000FF000000FF000000FF000000FF000000FF000000FF000000FF000000FF000000FF000000FF000000FF000000FF000000FF000000FF000000FF000000FF000000FF000000FF000000FF000000FF000000FF000000FF000000FF000000FF000000FF000000FF000000FF000000FF000000FF000000FF000000FF000000FF000000FF000000FF000000FF000000FF000000FF000000FF000000FF000000FF000000FF000000FF000000FF000000FF000000FF000000FF000000FF000000FF000000FF000000FF000000FF000000FF000000FF000000FF000000FF000000FF000000FF000000FF000000FF000000FF000000FF000000FF000000FF000000FF000000FF000000FF000000FF000000FF000000FF000000FF000000FF000000FF000000FF000000FF000000FF000000FF000000FF000000FF000000FF000000FF000000FF000000FF000000FF000000FF000000FF000000FF000000FF000000FF000000FF000000FF000000FF000000FF000000FF000000FF000000FF000000FF000000FF000000FF000000FF000000FF000000FF000000FF000000FF000000FF000000FF000000FF000000FF000000FF000000FF000000FF000000FF000000FF000000FF000000FF000000FF000000FF000000FF000000FF000000FF000000FF000000FF000000FF000000FF000000FF000000FF000000FF000000FF000000FF000000FF000000FF000000FF000000FF000000FF000000FF000000FF000000FF000000FF000000FF000000FF000000FF000000FF000000FF000000FF000000FF000000FF000000FF000000FF000000FF000000FF000000FF000000FF000000FF000000FF000000FF000000FF000000FF000000FF000000FF000000FF000000FF000000FF000000FF000000FF000000FF000000FF000000FF000000FF000000FF000000FF000000FF000000FF000000FF000000FF000000FF000000FF000000FF000000FF000000FF000000FF000000FF000000FF000000FF000000FF000000FF000000FF000000FF000000FF000000FF000000FF000000FF000000FF000000FF000000FF000000FF000000FF000000FF000000FF000000FF000000FF000000FF000000FF000000FF000000FF000000FF000000FF000000FF000000FF000000FF000000FF000000FF000000FF000000FF000000FF000000FF000000FF000000FF000000FF000000FF000000FF000000FF000000FF000000FF000000FF000000FF000000FF000000FF000000FF000000FF000000FF000000FF000000FF000000FF000000FF000000FF000000FF000000FF000000FF000000FF000000FF000000FF000000FF000000FF000000FF000000FF000000FF000000FF000000FF000000FF000000FF000000FF000000FF000000FF000000FF000000FF000000FF000000FF000000FF000000FF000000FF000000FF000000FF000000FF000000FF000000FF000000FF000000FF000000FF000000FF000000FF000000FF000000FF000000FF000000FF000000FF000000FF000000FF000000FF000000FF000000FF000000FF000000FF000000FF000000FF000000FF000000FFA9F922FFA9F922FF000000FF000000FFA9F922FFA9F922FF000000FF000000FFA9F922FFA9F922FF000000FF000000FF000000FF000000FFA9F922FFA9F922FF000000FF000000FF000000FF000000FF000000FF000000FF000000FF000000FF000000FF000000FF000000FF000000FFA9F922FFA9F922FF000000FF000000FF000000FF000000FF000000FF000000FFA9F922FFA9F922FF000000FF000000FF000000FF000000FFA9F922FFA9F922FF000000FF000000FF000000FF000000FF000000FF000000FFA9F922FFA9F922FF000000FF000000FF000000FF000000FFA9F922FFA9F922FF000000FF000000FF000000FF000000FF000000FF000000FFA9F922FFA9F922FF000000FF000000FF000000FF000000FFA9F922FFA9F922FF000000FF000000FF000000FF000000FF000000FF000000FFA9F922FFA9F922FF000000FF000000FF000000FF000000FF000000FF000000FF000000FF000000FF000000FF000000FF000000FF000000FF000000FF000000FF000000FF000000FF000000FF000000FF000000FF000000FF000000FF000000FF000000FF000000FF000000FF000000FF000000FF000000FF000000FF000000FF000000FF000000FF000000FF000000FF000000FF000000FF000000FF000000FF000000FF000000FF000000FF000000FF000000FF000000FF000000FF000000FF000000FF000000FF000000FF000000FF000000FF000000FF000000FF000000FF000000FF000000FF000000FF000000FF000000FF000000FF000000FF000000FF000000FF000000FF000000FF000000FF000000FF000000FF000000FF000000FF000000FF000000FF000000FF000000FF000000FF000000FF000000FF000000FF000000FF000000FF000000FF000000FF000000FF000000FF000000FF000000FF000000FF000000FF000000FF000000FF000000FF000000FF000000FF000000FF000000FF000000FF000000FF000000FF000000FF000000FF000000FF000000FF000000FF000000FF000000FF000000FF000000FF000000FF000000FF000000FF000000FF000000FF000000FF000000FF000000FF000000FF000000FF000000FF000000FF000000FF000000FF000000FF000000FF000000FF000000FF000000FF000000FF000000FF000000FF000000FF000000FF000000FF000000FF000000FF000000FF000000FF000000FF000000FF000000FF000000FF000000FF000000FF000000FF000000FF000000FF000000FF000000FF000000FF000000FF000000FF000000FF000000FF000000FF000000FF000000FF000000FF000000FF000000FF000000FF000000FF000000FF000000FF000000FF000000FF000000FF000000FF000000FF000000FF000000FF000000FF000000FF000000FF000000FF000000FF000000FF000000FF000000FF000000FF000000FF000000FF000000FF000000FF000000FF000000FF000000FF000000FF000000FF000000FF000000FF000000FF000000FF000000FF000000FF000000FF000000FF000000FF000000FF000000FF000000FF000000FF000000FF000000FF000000FF000000FF000000FF000000FF000000FF000000FF000000FF000000FF000000FF000000FF000000FF000000FF000000FF000000FF000000FF000000FF000000FF000000FF000000FF000000FF000000FF000000FF000000FF000000FF000000FF000000FF000000FF000000FF000000FF000000FF000000FF000000FF000000FF000000FF000000FF000000FF000000FF000000FF000000FF000000FF000000FF000000FF000000FF000000FF000000FF000000FF000000FF000000FF000000FF000000FF000000FF000000FF000000FF000000FF000000FF000000FF000000FF000000FF000000FF000000FF000000FF000000FF000000FF000000FF000000FF000000FF000000FF000000FF000000FF000000FF000000FF000000FF000000FF000000FF000000FF000000FF000000FF000000FF000000FF000000FF000000FF000000FF000000FF000000FF000000FF000000FF000000FF000000FF000000FF000000FF000000FF000000FF000000FF000000FF000000FF000000FF000000FF000000FF000000FF000000FF000000FF000000FF000000FF000000FF000000FF000000FF000000FF000000FF000000FF000000FF000000FF000000FF000000FF000000FF000000FF000000FF000000FF000000FF000000FF000000FF000000FF000000FF000000FF000000FF000000FF000000FF000000FF000000FF000000FF000000FF000000FF000000FF000000FF000000FF000000FF000000FF000000FF000000FF000000FF000000FF000000FF000000FF000000FF000000FF000000FF000000FF000000FF000000FF000000FF000000FF000000FF000000FF000000FF000000FF000000FF000000FF000000FF000000FF000000FF000000FF000000FF000000FF000000FF000000FF000000FF000000FF000000FF000000FF000000FF000000FF000000FF000000FF000000FF000000FF000000FF000000FF000000FF000000FF000000FF000000FF000000FF000000FF000000FF000000FF000000FF000000FF000000FF000000FF000000FF000000FF000000FF000000FF000000FF000000FF000000FF000000FF000000FF000000FF000000FF000000FF000000FF000000FF000000FF000000FF000000FF000000FF000000FF000000FF000000FF000000FF000000FF000000FF000000FF000000FF000000FF000000FF000000FF000000FF000000FF000000FF000000FF000000FF000000FF000000FF000000FF000000FF000000FF000000FF000000FF000000FF000000FF000000FF000000FF000000FF000000FF000000FF000000FF000000FF000000FF000000FF000000FF000000FF000000FF000000FF000000FF000000FF000000FF000000FF000000FF000000FF000000FF000000FF000000FF000000FF000000FF000000FF000000FF000000FF000000FF000000FF000000FF000000FF000000FF000000FF000000FF000000FF000000FF000000FF000000FF000000FF000000FF000000FF000000FF000000FF000000FF000000FF000000FF000000FFA9F922FFA9F922FF000000FF000000FFA9F922FFA9F922FF000000FF000000FFA9F922FFA9F922FF000000FF000000FF000000FF000000FFA9F922FFA9F922FF000000FF000000FF000000FF000000FF000000FF000000FF000000FF000000FF000000FF000000FF000000FF000000FFA9F922FFA9F922FF000000FF000000FF000000FF000000FF000000FF000000FFA9F922FFA9F922FF000000FF000000FF000000FF000000FFA9F922FFA9F922FF000000FF000000FF000000FF000000FF000000FF000000FFA9F922FFA9F922FF000000FF000000FF000000FF000000FFA9F922FFA9F922FF000000FF000000FF000000FF000000FF000000FF000000FFA9F922FFA9F922FF000000FF000000FF000000FF000000FFA9F922FFA9F922FF000000FF000000FF000000FF000000FF000000FF000000FFA9F922FFA9F922FF000000FF000000FF000000FF000000FF000000FF000000FF000000FF000000FF000000FF000000FF000000FF000000FF000000FF000000FF000000FF000000FF000000FF000000FF000000FF000000FF000000FF000000FF000000FF000000FF000000FF000000FF000000FF000000FF000000FF000000FF000000FF000000FF000000FF000000FF000000FF000000FF000000FF000000FF000000FF000000FF000000FF000000FF000000FF000000FF000000FF000000FF000000FF000000FF000000FF000000FF000000FF000000FF000000FF000000FF000000FF000000FF000000FF000000FF000000FF000000FF000000FF000000FF000000FF000000FF000000FF000000FF000000FF000000FF000000FF000000FF000000FF000000FF000000FF000000FF000000FF000000FF000000FF000000FF000000FF000000FF000000FF000000FF000000FF000000FF000000FF000000FF000000FF000000FF000000FF000000FF000000FF000000FF000000FF000000FF000000FF000000FF000000FF000000FF000000FF000000FF000000FF000000FF000000FF000000FF000000FF000000FF000000FF000000FF000000FF000000FF000000FF000000FF000000FF000000FF000000FF000000FF000000FF000000FF000000FF000000FF000000FF000000FF000000FF000000FF000000FF000000FF000000FF000000FF000000FF000000FF000000FF000000FF000000FF000000FF000000FF000000FF000000FF000000FF000000FF000000FF000000FF000000FF000000FF000000FF000000FF000000FF000000FF000000FF000000FF000000FF000000FF000000FF000000FF000000FF000000FF000000FF000000FF000000FF000000FF000000FF000000FF000000FF000000FF000000FF000000FF000000FF000000FF000000FF000000FF000000FF000000FF000000FF000000FF000000FF000000FF000000FF000000FF000000FF000000FF000000FF000000FF000000FF000000FF000000FF000000FF000000FF000000FF000000FF000000FF000000FF000000FF000000FF000000FF000000FF000000FF000000FF000000FF000000FF000000FF000000FF000000FF000000FF000000FF000000FF000000FF000000FF000000FF000000FF000000FF000000FF000000FF000000FF000000FF000000FF000000FF000000FF000000FF000000FF000000FF000000FF000000FF000000FF000000FF000000FF000000FF000000FF000000FF000000FF000000FF000000FF000000FF000000FF000000FF000000FF000000FF000000FF000000FF000000FF000000FF000000FF000000FF000000FF000000FF000000FF000000FF000000FF000000FF000000FF000000FF000000FF000000FF000000FF000000FF000000FF000000FF000000FF000000FF000000FF000000FF000000FF000000FF000000FF000000FF000000FF000000FF000000FF000000FF000000FF000000FF000000FF000000FF000000FF000000FF000000FF000000FF000000FF000000FF000000FF000000FF000000FF000000FF000000FF000000FF000000FF000000FF000000FF000000FF000000FF000000FF000000FF000000FF000000FF000000FF000000FF000000FF000000FF000000FF000000FF000000FF000000FF000000FF000000FF000000FF000000FF000000FF000000FF000000FF000000FF000000FF000000FF000000FF000000FF000000FF000000FF000000FF000000FF000000FF000000FF000000FF000000FF000000FF000000FF000000FF000000FF000000FF000000FF000000FF000000FF000000FF000000FF000000FF000000FF000000FF000000FF000000FF000000FF000000FF000000FF000000FF000000FF000000FF000000FF000000FF000000FF000000FF000000FF000000FF000000FF000000FF000000FF000000FF000000FF000000FF000000FF000000FF000000FF000000FF000000FF000000FF000000FF000000FF000000FF000000FF000000FF000000FF000000FF000000FF000000FF000000FF000000FF000000FF000000FF000000FF000000FF000000FF000000FF000000FF000000FF000000FF000000FF000000FF000000FF000000FF000000FF000000FF000000FF000000FF000000FF000000FF000000FF000000FF000000FF000000FF000000FF000000FF000000FF000000FF000000FF000000FF000000FF000000FF000000FF000000FF000000FF000000FF000000FF000000FF000000FF000000FF000000FF000000FF000000FF000000FF000000FF000000FF000000FF000000FF000000FF000000FF000000FF000000FF000000FF000000FF000000FF000000FF000000FF000000FF000000FF000000FF000000FF000000FF000000FF000000FF000000FF000000FF000000FF000000FF000000FF000000FF000000FF000000FF000000FF000000FF000000FF000000FF000000FF000000FF000000FF000000FF000000FF000000FF000000FF000000FF000000FF000000FF000000FF000000FF000000FF000000FF000000FF000000FF000000FF000000FF000000FF000000FF000000FF000000FF000000FF000000FF000000FF000000FF000000FF000000FF000000FF000000FF000000FF000000FF000000FF000000FF000000FF000000FF000000FF000000FF000000FFA9F922FFA9F922FF000000FF000000FF000000FF000000FF000000FF000000FF000000FF000000FFA9F922FFA9F922FFA9F922FFA9F922FFA9F922FFA9F922FFA9F922FFA9F922FFA9F922FFA9F922FF000000FF000000FF000000FF000000FF000000FF000000FFA9F922FFA9F922FFA9F922FFA9F922FFA9F922FFA9F922FF000000FF000000FF000000FF000000FF000000FF000000FF000000FF000000FFA9F922FFA9F922FFA9F922FFA9F922FFA9F922FFA9F922FF000000FF000000FF000000FF000000FF000000FF000000FF000000FF000000FFA9F922FFA9F922FFA9F922FFA9F922FFA9F922FFA9F922FF000000FF000000FF000000FF000000FF000000FF000000FF000000FF000000FFA9F922FFA9F922FFA9F922FFA9F922FFA9F922FFA9F922FFA9F922FFA9F922FF000000FF000000FF000000FF000000FF000000FF000000FF000000FF000000FF000000FF000000FF000000FF000000FF000000FF000000FF000000FF000000FF000000FF000000FF000000FF000000FF000000FF000000FF000000FF000000FF000000FF000000FF000000FF000000FF000000FF000000FF000000FF000000FF000000FF000000FF000000FF000000FF000000FF000000FF000000FF000000FF000000FF000000FF000000FF000000FF000000FF000000FF000000FF000000FF000000FF000000FF000000FF000000FF000000FF000000FF000000FF000000FF000000FF000000FF000000FF000000FF000000FF000000FF000000FF000000FF000000FF000000FF000000FF000000FF000000FF000000FF000000FF000000FF000000FF000000FF000000FF000000FF000000FF000000FF000000FF000000FF000000FF000000FF000000FF000000FF000000FF000000FF000000FF000000FF000000FF000000FF000000FF000000FF000000FF000000FF000000FF000000FF000000FF000000FF000000FF000000FF000000FF000000FF000000FF000000FF000000FF000000FF000000FF000000FF000000FF000000FF000000FF000000FF000000FF000000FF000000FF000000FF000000FF000000FF000000FF000000FF000000FF000000FF000000FF000000FF000000FF000000FF000000FF000000FF000000FF000000FF000000FF000000FF000000FF000000FF000000FF000000FF000000FF000000FF000000FF000000FF000000FF000000FF000000FF000000FF000000FF000000FF000000FF000000FF000000FF000000FF000000FF000000FF000000FF000000FF000000FF000000FF000000FF000000FF000000FF000000FF000000FF000000FF000000FF000000FF000000FF000000FF000000FF000000FF000000FF000000FF000000FF000000FF000000FF000000FF000000FF000000FF000000FF000000FF000000FF000000FF000000FF000000FF000000FF000000FF000000FF000000FF000000FF000000FF000000FF000000FF000000FF000000FF000000FF000000FF000000FF000000FF000000FF000000FF000000FF000000FF000000FF000000FF000000FF000000FF000000FF000000FF000000FF000000FF000000FF000000FF000000FF000000FF000000FF000000FF000000FF000000FF000000FF000000FF000000FF000000FF000000FF000000FF000000FF000000FF000000FF000000FF000000FF000000FF000000FF000000FF000000FF000000FF000000FF000000FF000000FF000000FF000000FF000000FF000000FF000000FF000000FF000000FF000000FF000000FF000000FF000000FF000000FF000000FF000000FF000000FF000000FF000000FF000000FF000000FF000000FF000000FF000000FF000000FF000000FF000000FF000000FF000000FF000000FF000000FF000000FF000000FF000000FF000000FF000000FF000000FF000000FF000000FF000000FF000000FF000000FF000000FF000000FF000000FF000000FF000000FF000000FF000000FF000000FF000000FF000000FF000000FF000000FF000000FF000000FF000000FF000000FF000000FF000000FF000000FF000000FF000000FF000000FF000000FF000000FF000000FF000000FF000000FF000000FF000000FF000000FF000000FF000000FF000000FF000000FF000000FF000000FF000000FF000000FF000000FF000000FF000000FF000000FF000000FF000000FF000000FF000000FF000000FF000000FF000000FF000000FF000000FF000000FF000000FF000000FF000000FF000000FF000000FF000000FF000000FF000000FF000000FF000000FF000000FF000000FF000000FF000000FF000000FF000000FF000000FF000000FF000000FF000000FF000000FF000000FF000000FF000000FF000000FF000000FF000000FF000000FF000000FF000000FF000000FF000000FF000000FF000000FF000000FF000000FF000000FF000000FF000000FF000000FF000000FF000000FF000000FF000000FF000000FF000000FF000000FF000000FF000000FF000000FF000000FF000000FF000000FF000000FF000000FF000000FF000000FF000000FF000000FF000000FF000000FF000000FF000000FF000000FF000000FF000000FF000000FF000000FF000000FF000000FF000000FF000000FF000000FF000000FF000000FF000000FF000000FF000000FF000000FF000000FF000000FF000000FF000000FF000000FF000000FF000000FF000000FF000000FF000000FF000000FF000000FF000000FF000000FF000000FF000000FF000000FF000000FF000000FF000000FF000000FF000000FF000000FF000000FF000000FF000000FF000000FF000000FF000000FF000000FF000000FF000000FF000000FF000000FF000000FF000000FF000000FF000000FF000000FF000000FF000000FF000000FF000000FF000000FF000000FF000000FF000000FF000000FF000000FF000000FF000000FF000000FF000000FF000000FF000000FF000000FF000000FF000000FF000000FF000000FF000000FF000000FF000000FF000000FF000000FF000000FF000000FF000000FF000000FF000000FF000000FF000000FF000000FF000000FF000000FF000000FF000000FF000000FFA9F922FFA9F922FF000000FF000000FF000000FF000000FF000000FF000000FF000000FF000000FFA9F922FFA9F922FFA9F922FFA9F922FFA9F922FFA9F922FFA9F922FFA9F922FFA9F922FFA9F922FF000000FF000000FF000000FF000000FF000000FF000000FFA9F922FFA9F922FFA9F922FFA9F922FFA9F922FFA9F922FF000000FF000000FF000000FF000000FF000000FF000000FF000000FF000000FFA9F922FFA9F922FFA9F922FFA9F922FFA9F922FFA9F922FF000000FF000000FF000000FF000000FF000000FF000000FF000000FF000000FFA9F922FFA9F922FFA9F922FFA9F922FFA9F922FFA9F922FF000000FF000000FF000000FF000000FF000000FF000000FF000000FF000000FFA9F922FFA9F922FFA9F922FFA9F922FFA9F922FFA9F922FFA9F922FFA9F922FF000000FF000000FF000000FF000000FF000000FF000000FF000000FF000000FF000000FF000000FF000000FF000000FF000000FF000000FF000000FF000000FF000000FF000000FF000000FF000000FF000000FF000000FF000000FF000000FF000000FF000000FF000000FF000000FF000000FF000000FF000000FF000000FF000000FF000000FF000000FF000000FF000000FF000000FF000000FF000000FF000000FF000000FF000000FF000000FF000000FF000000FF000000FF000000FF000000FF000000FF000000FF000000FF000000FF000000FF000000FF000000FF000000FF000000FF000000FF000000FF000000FF000000FF000000FF000000FF000000FF000000FF000000FF000000FF000000FF000000FF000000FF000000FF000000FF000000FF000000FF000000FF000000FF000000FF000000FF000000FF000000FF000000FF000000FF000000FF000000FF000000FF000000FF000000FF000000FF000000FF000000FF000000FF000000FF000000FF000000FF000000FF000000FF000000FF000000FF000000FF000000FF000000FF000000FF000000FF000000FF000000FF000000FF000000FF000000FF000000FF000000FF000000FF000000FF000000FF000000FF000000FF000000FF000000FF000000FF000000FF000000FF000000FF000000FF000000FF000000FF000000FF000000FF000000FF000000FF000000FF000000FF000000FF000000FF000000FF000000FF000000FF000000FF000000FF000000FF000000FF000000FF000000FF000000FF000000FF000000FF000000FF000000FF000000FF000000FF000000FF000000FF000000FF000000FF000000FF000000FF000000FF000000FF000000FF000000FF000000FF000000FF000000FF000000FF000000FF000000FF000000FF000000FF000000FF000000FF000000FF000000FF000000FF000000FF000000FF000000FF000000FF000000FF000000FF000000FF000000FF000000FF000000FF000000FF000000FF000000FF000000FF000000FF000000FF000000FF000000FF000000FF000000FF000000FF000000FF000000FF000000FF000000FF000000FF000000FF000000FF000000FF000000FF000000FF000000FF000000FF000000FF000000FF000000FF000000FF000000FF000000FF000000FF000000FF000000FF000000FF000000FF000000FF000000FF000000FF000000FF000000FF000000FF000000FF000000FF000000FF000000FF000000FF000000FF000000FF000000FF000000FF000000FF000000FF000000FF000000FF000000FF000000FF000000FF000000FF000000FF000000FF000000FF000000FF000000FF000000FF000000FF000000FF000000FF000000FF000000FF000000FF000000FF000000FF000000FF000000FF000000FF000000FF000000FF000000FF000000FF000000FF000000FF000000FF000000FF000000FF000000FF000000FF000000FF000000FF000000FF000000FF000000FF000000FF000000FF000000FF000000FF000000FF000000FF000000FF000000FF000000FF000000FF000000FF000000FF000000FF000000FF000000FF000000FF000000FF000000FF000000FF000000FF000000FF000000FF000000FF000000FF000000FF000000FF000000FF000000FF000000FF000000FF000000FF000000FF000000FF000000FF000000FF000000FF000000FF000000FF000000FF000000FF000000FF000000FF000000FF000000FF000000FF000000FF000000FF000000FF000000FF000000FF000000FF000000FF000000FF000000FF000000FF000000FF000000FF000000FF000000FF000000FF000000FF000000FF000000FF000000FF000000FF000000FF000000FF000000FF000000FF000000FF000000FF000000FF000000FF000000FF000000FF000000FF000000FF000000FF000000FF000000FF000000FF000000FF000000FF000000FF000000FF000000FF000000FF000000FF000000FF000000FF000000FF000000FF000000FF000000FF000000FF000000FF000000FF000000FF000000FF000000FF000000FF000000FF000000FF000000FF000000FF000000FF000000FF000000FF000000FF000000FF000000FF000000FF000000FF000000FF000000FF000000FF000000FF000000FF000000FF000000FF000000FF000000FF000000FF000000FF000000FF000000FF000000FF000000FF000000FF000000FF000000FF000000FF000000FF000000FF000000FF000000FF000000FF000000FF000000FF000000FF000000FF000000FF000000FF000000FF000000FF000000FF000000FF000000FF000000FF000000FF000000FF000000FF000000FF000000FF000000FF000000FF000000FF000000FF000000FF000000FF000000FF000000FF000000FF000000FF000000FF000000FF000000FF000000FF000000FF000000FF000000FF000000FF000000FF000000FF000000FF000000FF000000FF000000FF000000FF000000FF000000FF000000FF000000FF000000FF000000FF000000FF000000FF000000FF000000FF000000FF000000FF000000FF000000FF000000FF000000FF000000FF000000FF000000FF000000FF000000FF000000FF000000FF000000FF000000FF000000FF000000FF000000FF000000FF000000FF000000FF000000FF000000FF000000FF000000FF000000FF000000FF000000FF000000FF000000FF000000FF000000FF000000FF000000FF000000FF000000FF000000FF000000FF000000FF000000FF000000FF000000FF000000FF000000FF000000FF000000FF000000FF000000FF000000FF000000FF000000FF000000FF000000FF000000FF000000FF000000FF000000FF000000FF000000FF000000FF000000FF000000FF000000FF000000FF000000FF000000FF000000FF000000FF000000FF000000FF000000FF000000FF000000FF000000FF000000FF000000FF000000FF000000FF000000FF000000FF000000FF000000FF000000FF000000FF000000FF000000FF000000FF000000FF000000FF000000FF000000FF000000FF000000FF000000FF000000FF000000FF000000FF000000FF000000FF000000FF000000FF000000FF000000FF000000FF000000FF000000FF000000FF000000FF000000FF000000FF000000FF000000FF000000FF000000FF000000FF000000FF000000FF000000FF000000FF000000FF000000FF000000FF000000FF000000FF000000FF000000FF000000FF000000FF000000FF000000FF000000FF000000FF000000FF000000FF000000FF000000FF000000FF000000FF000000FF000000FF000000FF000000FF000000FF000000FF000000FF000000FF000000FF000000FF000000FF000000FF000000FF000000FF000000FF000000FF000000FF000000FF000000FF000000FF000000FF000000FF000000FF000000FF000000FF000000FF000000FF000000FF000000FF000000FF000000FF000000FF000000FF000000FF000000FF000000FF000000FF000000FF000000FF000000FF000000FF000000FF000000FF000000FF000000FF000000FF000000FF000000FF000000FF000000FF000000FF000000FF000000FF000000FF000000FF000000FF000000FF000000FF000000FF000000FF000000FF000000FF000000FF000000FF000000FF000000FF000000FF000000FF000000FF000000FF000000FF000000FF000000FF000000FF000000FF000000FF000000FF000000FF000000FF000000FF000000FF000000FF000000FF000000FF000000FF000000FF000000FF000000FF000000FF000000FF000000FF000000FF000000FF000000FF000000FF000000FF000000FF000000FF000000FF000000FF000000FF000000FF000000FF000000FF000000FF000000FF000000FF000000FF000000FF000000FF000000FF000000FF000000FF000000FF000000FF000000FF000000FF000000FF000000FF000000FF000000FF000000FF000000FF000000FF000000FF000000FF000000FF000000FF000000FF000000FF000000FF000000FF000000FF000000FF000000FF000000FF000000FF000000FF000000FF000000FF000000FF000000FF000000FF000000FF000000FF000000FF000000FF000000FF000000FF000000FF000000FF000000FF000000FF000000FF000000FF000000FF000000FF000000FF000000FF000000FF000000FF000000FF000000FF000000FF000000FF000000FF000000FF000000FF000000FF000000FF000000FF000000FF000000FF000000FF000000FF000000FF000000FF000000FF000000FF000000FF000000FF000000FF000000FF000000FF000000FF000000FF000000FF000000FF000000FF000000FF000000FF000000FF000000FF000000FF000000FF000000FF000000FF000000FF000000FF000000FF000000FF000000FF000000FF000000FF000000FF000000FF000000FF000000FF000000FF000000FF000000FF000000FF000000FF000000FF000000FF000000FF000000FF000000FF000000FF000000FF000000FF000000FF000000FF000000FF000000FF000000FF000000FF000000FF000000FF000000FF000000FF000000FF000000FF000000FF000000FF000000FF000000FF000000FF000000FF000000FF000000FF000000FF000000FF000000FF000000FF000000FF000000FF000000FF000000FF000000FF000000FF000000FF000000FF000000FF000000FF000000FF000000FF000000FF000000FF000000FF000000FF000000FF000000FF000000FF000000FF000000FF000000FF000000FF000000FF000000FF000000FF000000FF000000FF000000FF000000FF000000FF000000FF000000FF000000FF000000FF000000FF000000FF000000FF000000FF000000FF000000FF000000FF000000FF000000FF000000FF000000FF000000FF000000FF000000FF000000FF000000FF000000FF000000FF000000FF000000FF000000FF000000FF000000FF000000FF000000FF000000FF000000FF000000FF000000FF000000FF000000FF000000FF000000FF000000FF000000FF000000FF000000FF000000FF000000FF000000FF000000FF000000FF000000FF000000FF000000FF000000FF000000FF000000FF000000FF000000FF000000FF000000FF000000FF000000FF000000FF000000FF000000FF000000FF000000FF000000FF000000FF000000FF000000FF000000FF000000FF000000FF000000FF000000FF000000FF000000FF000000FF000000FF000000FF000000FF000000FF000000FF000000FF000000FF000000FF000000FF000000FF000000FF000000FF000000FF000000FF000000FF000000FF000000FF000000FF000000FF000000FF000000FF000000FF000000FF000000FF000000FF000000FF000000FF000000FF000000FF000000FF000000FF000000FF000000FF000000FF000000FF000000FF000000FF000000FF000000FF000000FF000000FF000000FF000000FF000000FF000000FF000000FF000000FF000000FF000000FF000000FF000000FF000000FF000000FF000000FF000000FF000000FF000000FF000000FF000000FF000000FF000000FF000000FF000000FF000000FF000000FF000000FF000000FF000000FF000000FF000000FF000000FF000000FF000000FF000000FF000000FF000000FF000000FF000000FF000000FF000000FF000000FF000000FF000000FF000000FF000000FF000000FF000000FF000000FF000000FF000000FF000000FF000000FF000000FF000000FF000000FF000000FF000000FF000000FF000000FF000000FF000000FF000000FF000000FF000000FF000000FF000000FF000000FF000000FF000000FF000000FF000000FF000000FF000000FF000000FF000000FF000000FF000000FF000000FF000000FF000000FF000000FF000000FF000000FF000000FF000000FF000000FF000000FF000000FF000000FF000000FF000000FF000000FF000000FF000000FF000000FF000000FF000000FF000000FF000000FF000000FF000000FF000000FF000000FF000000FF000000FF000000FF000000FF000000FF000000FF000000FF000000FF000000FF000000FF000000FF000000FF000000FF000000FF000000FF000000FF000000FF000000FF000000FF000000FF000000FF000000FF000000FF000000FF000000FF000000FF000000FF000000FF000000FF000000FF000000FF000000FF000000FF000000FF000000FF000000FF000000FF000000FF000000FF000000FF000000FF000000FF000000FF000000FF000000FF000000FF000000FF000000FF000000FF000000FF000000FF000000FF000000FF000000FF000000FF000000FF000000FF000000FF000000FF000000FF000000FF000000FF000000FF000000FF000000FF000000FF000000FF000000FF000000FF000000FF000000FF000000FF000000FF000000FF000000FF000000FF000000FF000000FF000000FF000000FF000000FF000000FF000000FF000000FF000000FF000000FF000000FF000000FF000000FF000000FF000000FF000000FF000000FF000000FF000000FF000000FF000000FF000000FF000000FF000000FF000000FF000000FF000000FF000000FF000000FF000000FF000000FF000000FF000000FF000000FF000000FF000000FF000000FF000000FF000000FF000000FF000000FF000000FF000000FF000000FF000000FF000000FF000000FF000000FF000000FF000000FF000000FF000000FF000000FF000000FF000000FF000000FF000000FF000000FF000000FF000000FF000000FF000000FF000000FF000000FF000000FF000000FF000000FF000000FF000000FF000000FF000000FF000000FF000000FF000000FF000000FF000000FF000000FF000000FF000000FF000000FF000000FF000000FF000000FF000000FF000000FF000000FF000000FF000000FF000000FF000000FF000000FF000000FF000000FF000000FF000000FF000000FF000000FF000000FF000000FF000000FF000000FF000000FF000000FF000000FF000000FF000000FF000000FF000000FF000000FF000000FF000000FF000000FF000000FF000000FF000000FF000000FF000000FF000000FF000000FF000000FF000000FF000000FF000000FF000000FF000000FF000000FF000000FF000000FF000000FF000000FF000000FF000000FF000000FF000000FF000000FF000000FF000000FF000000FF000000FF000000FF000000FF000000FF000000FF000000FF000000FF000000FF000000FF000000FF000000FF000000FF000000FF000000FF000000FF000000FF000000FF000000FF000000FF000000FF000000FF000000FF000000FF000000FF000000FF000000FF000000FF000000FF000000FF000000FF000000FF000000FF000000FF000000FF000000FF000000FF000000FF000000FF000000FF000000FF000000FF000000FF000000FF000000FF000000FF000000FF000000FF000000FF000000FF000000FF000000FF000000FF000000FF000000FF000000FF000000FF000000FF000000FF000000FF000000FF000000FF000000FF000000FF000000FF000000FF000000FF000000FF000000FF000000FF000000FF000000FF000000FF000000FF000000FF000000FF000000FF000000FF000000FF000000FF000000FF000000FF000000FF000000FF000000FF000000FF000000FF000000FF000000FF000000FF000000FF000000FF000000FF000000FF000000FF000000FF000000FF000000FF000000FF000000FF000000FF000000FF000000FF000000FF000000FF000000FF000000FF000000FF000000FF000000FF000000FF000000FF000000FF000000FF000000FF000000FF000000FF000000FF000000FF000000FF000000FF000000FF000000FF000000FF000000FF000000FF000000FF000000FF000000FF000000FF000000FF000000FF000000FF000000FF000000FF000000FF000000FF000000FF000000FF000000FF000000FF000000FF000000FF000000FF000000FF000000FF000000FF000000FF000000FF000000FF000000FF000000FF000000FF000000FF000000FF000000FF000000FF000000FF000000FF000000FF000000FF000000FF000000FF000000FF000000FF000000FF000000FF000000FF000000FF000000FF000000FF000000FF000000FF000000FF000000FF000000FF000000FF000000FF000000FF000000FF000000FF000000FF000000FF000000FF000000FF000000FF000000FF000000FF000000FF000000FF000000FF000000FF000000FF000000FF000000FF000000FF000000FF000000FF000000FF000000FF000000FF000000FF000000FF000000FF000000FF000000FF000000FF000000FF000000FF000000FF000000FF000000FF000000FF000000FF000000FF000000FF000000FF000000FF000000FF000000FF000000FF000000FF000000FF000000FF000000FF000000FF000000FF000000FF000000FF000000FF000000FF000000FF000000FF000000FF000000FF000000FF000000FF000000FF000000FF000000FF000000FF000000FF000000FF000000FF000000FF000000FF000000FF000000FF000000FF000000FF000000FF000000FF000000FF000000FF000000FF000000FF000000FF000000FF000000FF000000FF000000FF000000FF000000FF000000FF000000FF000000FF000000FF000000FF000000FF000000FF000000FF000000FF000000FF000000FF000000FF000000FF000000FF000000FF000000FF000000FF000000FF000000FF000000FF000000FF000000FF000000FF000000FF000000FF000000FF000000FF000000FF000000FF000000FF000000FFA9F922FFA9F922FF000000FF000000FF000000FF000000FF000000FF000000FFA9F922FFA9F922FF000000FF000000FF000000FF000000FF000000FF000000FFA9F922FFA9F922FFA9F922FFA9F922FFA9F922FFA9F922FF000000FF000000FF000000FF000000FF000000FF000000FFA9F922FFA9F922FF000000FF000000FF000000FF000000FF000000FF000000FFA9F922FFA9F922FF000000FF000000FF000000FF000000FF000000FF000000FFA9F922FFA9F922FFA9F922FFA9F922FFA9F922FFA9F922FF000000FF000000FF000000FF000000FF000000FF000000FFA9F922FFA9F922FFA9F922FFA9F922FFA9F922FFA9F922FFA9F922FFA9F922FFA9F922FFA9F922FF000000FF000000FF000000FF000000FFA9F922FFA9F922FFA9F922FFA9F922FFA9F922FFA9F922FFA9F922FFA9F922FF000000FF000000FF000000FF000000FF000000FF000000FF000000FF000000FF000000FF000000FF000000FF000000FF000000FF000000FF000000FF000000FF000000FF000000FF000000FF000000FF000000FF000000FF000000FF000000FFA9F922FFA9F922FF000000FF000000FF000000FF000000FF000000FF000000FF000000FF000000FF000000FF000000FF000000FF000000FF000000FF000000FF000000FF000000FF000000FF000000FF000000FF000000FF000000FF000000FF000000FF000000FF000000FF000000FFA9F922FFA9F922FF000000FF000000FF000000FF000000FF000000FF000000FF000000FF000000FF000000FF000000FF000000FF000000FF000000FF000000FF000000FF000000FF000000FF000000FF000000FF000000FF000000FF000000FF000000FF000000FF000000FF000000FF000000FF000000FF000000FF000000FF000000FF000000FF000000FF000000FF000000FF000000FF000000FF000000FF000000FF000000FF000000FF000000FF000000FF000000FF000000FF000000FF000000FF000000FF000000FF000000FF000000FF000000FF000000FF000000FF000000FF000000FF000000FF000000FF000000FF000000FF000000FF000000FF000000FF000000FF000000FF000000FF000000FF000000FF000000FF000000FF000000FF000000FF000000FF000000FF000000FF000000FF000000FF000000FF000000FF000000FF000000FF000000FF000000FF000000FF000000FF000000FF000000FF000000FF000000FF000000FF000000FF000000FF000000FF000000FF000000FF000000FF000000FF000000FF000000FF000000FF000000FF000000FF000000FF000000FF000000FF000000FF000000FF000000FF000000FF000000FF000000FF000000FF000000FF000000FF000000FF000000FF000000FF000000FF000000FF000000FF000000FF000000FF000000FF000000FF000000FF000000FF000000FF000000FF000000FF000000FF000000FF000000FF000000FF000000FF000000FF000000FF000000FF000000FF000000FF000000FF000000FF000000FF000000FF000000FF000000FF000000FF000000FF000000FF000000FF000000FF000000FF000000FF000000FF000000FF000000FF000000FF000000FF000000FF000000FF000000FF000000FF000000FF000000FF000000FF000000FF000000FF000000FF000000FF000000FF000000FF000000FF000000FF000000FF000000FF000000FF000000FF000000FF000000FF000000FF000000FF000000FF000000FF000000FF000000FF000000FF000000FF000000FF000000FF000000FF000000FF000000FF000000FF000000FF000000FF000000FF000000FF000000FF000000FF000000FF000000FF000000FF000000FF000000FF000000FF000000FF000000FF000000FF000000FF000000FF000000FF000000FF000000FF000000FF000000FF000000FF000000FF000000FF000000FF000000FF000000FF000000FF000000FF000000FF000000FF000000FF000000FF000000FF000000FF000000FF000000FF000000FF000000FF000000FF000000FF000000FF000000FF000000FF000000FF000000FF000000FF000000FF000000FF000000FF000000FF000000FF000000FF000000FF000000FF000000FF000000FF000000FF000000FF000000FF000000FF000000FF000000FF000000FF000000FF000000FF000000FF000000FF000000FF000000FF000000FF000000FF000000FF000000FF000000FF000000FF000000FF000000FF000000FF000000FF000000FF000000FF000000FF000000FF000000FF000000FF000000FF000000FF000000FF000000FF000000FF000000FF000000FF000000FF000000FF000000FF000000FF000000FF000000FF000000FF000000FF000000FF000000FF000000FF000000FF000000FF000000FF000000FF000000FF000000FF000000FF000000FF000000FF000000FF000000FF000000FF000000FF000000FF000000FF000000FF000000FF000000FF000000FF000000FF000000FF000000FF000000FF000000FF000000FF000000FF000000FF000000FF000000FF000000FF000000FF000000FF000000FF000000FF000000FF000000FF000000FF000000FF000000FF000000FF000000FF000000FF000000FF000000FF000000FF000000FF000000FF000000FF000000FF000000FF000000FF000000FF000000FF000000FF000000FF000000FF000000FF000000FF000000FF000000FF000000FF000000FF000000FF000000FF000000FF000000FF000000FF000000FF000000FF000000FF000000FF000000FF000000FF000000FF000000FF000000FF000000FF000000FF000000FF000000FF000000FF000000FF000000FF000000FF000000FF000000FF000000FF000000FF000000FF000000FF000000FF000000FF000000FF000000FF000000FF000000FF000000FF000000FF000000FF000000FF000000FF000000FF000000FF000000FF000000FF000000FF000000FF000000FF000000FF000000FF000000FF000000FF000000FF000000FF000000FF000000FF000000FF000000FF000000FF000000FF000000FF000000FF000000FF000000FF000000FF000000FF000000FF000000FF000000FF000000FF000000FFA9F922FFA9F922FF000000FF000000FF000000FF000000FF000000FF000000FFA9F922FFA9F922FF000000FF000000FF000000FF000000FF000000FF000000FFA9F922FFA9F922FFA9F922FFA9F922FFA9F922FFA9F922FF000000FF000000FF000000FF000000FF000000FF000000FFA9F922FFA9F922FF000000FF000000FF000000FF000000FF000000FF000000FFA9F922FFA9F922FF000000FF000000FF000000FF000000FF000000FF000000FFA9F922FFA9F922FFA9F922FFA9F922FFA9F922FFA9F922FF000000FF000000FF000000FF000000FF000000FF000000FFA9F922FFA9F922FFA9F922FFA9F922FFA9F922FFA9F922FFA9F922FFA9F922FFA9F922FFA9F922FF000000FF000000FF000000FF000000FFA9F922FFA9F922FFA9F922FFA9F922FFA9F922FFA9F922FFA9F922FFA9F922FF000000FF000000FF000000FF000000FF000000FF000000FF000000FF000000FF000000FF000000FF000000FF000000FF000000FF000000FF000000FF000000FF000000FF000000FF000000FF000000FF000000FF000000FF000000FF000000FFA9F922FFA9F922FF000000FF000000FF000000FF000000FF000000FF000000FF000000FF000000FF000000FF000000FF000000FF000000FF000000FF000000FF000000FF000000FF000000FF000000FF000000FF000000FF000000FF000000FF000000FF000000FF000000FF000000FFA9F922FFA9F922FF000000FF000000FF000000FF000000FF000000FF000000FF000000FF000000FF000000FF000000FF000000FF000000FF000000FF000000FF000000FF000000FF000000FF000000FF000000FF000000FF000000FF000000FF000000FF000000FF000000FF000000FF000000FF000000FF000000FF000000FF000000FF000000FF000000FF000000FF000000FF000000FF000000FF000000FF000000FF000000FF000000FF000000FF000000FF000000FF000000FF000000FF000000FF000000FF000000FF000000FF000000FF000000FF000000FF000000FF000000FF000000FF000000FF000000FF000000FF000000FF000000FF000000FF000000FF000000FF000000FF000000FF000000FF000000FF000000FF000000FF000000FF000000FF000000FF000000FF000000FF000000FF000000FF000000FF000000FF000000FF000000FF000000FF000000FF000000FF000000FF000000FF000000FF000000FF000000FF000000FF000000FF000000FF000000FF000000FF000000FF000000FF000000FF000000FF000000FF000000FF000000FF000000FF000000FF000000FF000000FF000000FF000000FF000000FF000000FF000000FF000000FF000000FF000000FF000000FF000000FF000000FF000000FF000000FF000000FF000000FF000000FF000000FF000000FF000000FF000000FF000000FF000000FF000000FF000000FF000000FF000000FF000000FF000000FF000000FF000000FF000000FF000000FF000000FF000000FF000000FF000000FF000000FF000000FF000000FF000000FF000000FF000000FF000000FF000000FF000000FF000000FF000000FF000000FF000000FF000000FF000000FF000000FF000000FF000000FF000000FF000000FF000000FF000000FF000000FF000000FF000000FF000000FF000000FF000000FF000000FF000000FF000000FF000000FF000000FF000000FF000000FF000000FF000000FF000000FF000000FF000000FF000000FF000000FF000000FF000000FF000000FF000000FF000000FF000000FF000000FF000000FF000000FF000000FF000000FF000000FF000000FF000000FF000000FF000000FF000000FF000000FF000000FF000000FF000000FF000000FF000000FF000000FF000000FF000000FF000000FF000000FF000000FF000000FF000000FF000000FF000000FF000000FF000000FF000000FF000000FF000000FF000000FF000000FF000000FF000000FF000000FF000000FF000000FF000000FF000000FF000000FF000000FF000000FF000000FF000000FF000000FF000000FF000000FF000000FF000000FF000000FF000000FF000000FF000000FF000000FF000000FF000000FF000000FF000000FF000000FF000000FF000000FF000000FF000000FF000000FF000000FF000000FF000000FF000000FF000000FF000000FF000000FF000000FF000000FF000000FF000000FF000000FF000000FF000000FF000000FF000000FF000000FF000000FF000000FF000000FF000000FF000000FF000000FF000000FF000000FF000000FF000000FF000000FF000000FF000000FF000000FF000000FF000000FF000000FF000000FF000000FF000000FF000000FF000000FF000000FF000000FF000000FF000000FF000000FF000000FF000000FF000000FF000000FF000000FF000000FF000000FF000000FF000000FF000000FF000000FF000000FF000000FF000000FF000000FF000000FF000000FF000000FF000000FF000000FF000000FF000000FF000000FF000000FF000000FF000000FF000000FF000000FF000000FF000000FF000000FF000000FF000000FF000000FF000000FF000000FF000000FF000000FF000000FF000000FF000000FF000000FF000000FF000000FF000000FF000000FF000000FF000000FF000000FF000000FF000000FF000000FF000000FF000000FF000000FF000000FF000000FF000000FF000000FF000000FF000000FF000000FF000000FF000000FF000000FF000000FF000000FF000000FF000000FF000000FF000000FF000000FF000000FF000000FF000000FF000000FF000000FF000000FF000000FF000000FF000000FF000000FF000000FF000000FF000000FF000000FF000000FF000000FF000000FF000000FF000000FF000000FF000000FF000000FF000000FF000000FF000000FF000000FF000000FF000000FF000000FF000000FF000000FF000000FF000000FF000000FF000000FF000000FF000000FF000000FF000000FF000000FF000000FF000000FF000000FF000000FF000000FF000000FF000000FF000000FF000000FF000000FF000000FF000000FF000000FF000000FF000000FF000000FF000000FFA9F922FFA9F922FFA9F922FFA9F922FF000000FF000000FFA9F922FFA9F922FFA9F922FFA9F922FF000000FF000000FF000000FF000000FF000000FF000000FF000000FF000000FFA9F922FFA9F922FF000000FF000000FF000000FF000000FF000000FF000000FF000000FF000000FFA9F922FFA9F922FF000000FF000000FF000000FF000000FF000000FF000000FFA9F922FFA9F922FF000000FF000000FF000000FF000000FF000000FF000000FF000000FF000000FFA9F922FFA9F922FF000000FF000000FF000000FF000000FF000000FF000000FF000000FF000000FFA9F922FFA9F922FF000000FF000000FF000000FF000000FF000000FF000000FF000000FF000000FF000000FF000000FF000000FF000000FFA9F922FFA9F922FF000000FF000000FF000000FF000000FF000000FF000000FFA9F922FFA9F922FF000000FF000000FF000000FF000000FF000000FF000000FF000000FF000000FF000000FF000000FF000000FF000000FF000000FF000000FF000000FF000000FF000000FF000000FF000000FF000000FFA9F922FFA9F922FFA9F922FFA9F922FF000000FF000000FF000000FF000000FF000000FF000000FF000000FF000000FF000000FF000000FF000000FF000000FF000000FF000000FF000000FF000000FF000000FF000000FF000000FF000000FF000000FF000000FF000000FF000000FFA9F922FFA9F922FFA9F922FFA9F922FF000000FF000000FF000000FF000000FF000000FF000000FF000000FF000000FF000000FF000000FF000000FF000000FF000000FF000000FF000000FF000000FF000000FF000000FF000000FF000000FF000000FF000000FF000000FF000000FF000000FF000000FF000000FF000000FF000000FF000000FF000000FF000000FF000000FF000000FF000000FF000000FF000000FF000000FF000000FF000000FF000000FF000000FF000000FF000000FF000000FF000000FF000000FF000000FF000000FF000000FF000000FF000000FF000000FF000000FF000000FF000000FF000000FF000000FF000000FF000000FF000000FF000000FF000000FF000000FF000000FF000000FF000000FF000000FF000000FF000000FF000000FF000000FF000000FF000000FF000000FF000000FF000000FF000000FF000000FF000000FF000000FF000000FF000000FF000000FF000000FF000000FF000000FF000000FF000000FF000000FF000000FF000000FF000000FF000000FF000000FF000000FF000000FF000000FF000000FF000000FF000000FF000000FF000000FF000000FF000000FF000000FF000000FF000000FF000000FF000000FF000000FF000000FF000000FF000000FF000000FF000000FF000000FF000000FF000000FF000000FF000000FF000000FF000000FF000000FF000000FF000000FF000000FF000000FF000000FF000000FF000000FF000000FF000000FF000000FF000000FF000000FF000000FF000000FF000000FF000000FF000000FF000000FF000000FF000000FF000000FF000000FF000000FF000000FF000000FF000000FF000000FF000000FF000000FF000000FF000000FF000000FF000000FF000000FF000000FF000000FF000000FF000000FF000000FF000000FF000000FF000000FF000000FF000000FF000000FF000000FF000000FF000000FF000000FF000000FF000000FF000000FF000000FF000000FF000000FF000000FF000000FF000000FF000000FF000000FF000000FF000000FF000000FF000000FF000000FF000000FF000000FF000000FF000000FF000000FF000000FF000000FF000000FF000000FF000000FF000000FF000000FF000000FF000000FF000000FF000000FF000000FF000000FF000000FF000000FF000000FF000000FF000000FF000000FF000000FF000000FF000000FF000000FF000000FF000000FF000000FF000000FF000000FF000000FF000000FF000000FF000000FF000000FF000000FF000000FF000000FF000000FF000000FF000000FF000000FF000000FF000000FF000000FF000000FF000000FF000000FF000000FF000000FF000000FF000000FF000000FF000000FF000000FF000000FF000000FF000000FF000000FF000000FF000000FF000000FF000000FF000000FF000000FF000000FF000000FF000000FF000000FF000000FF000000FF000000FF000000FF000000FF000000FF000000FF000000FF000000FF000000FF000000FF000000FF000000FF000000FF000000FF000000FF000000FF000000FF000000FF000000FF000000FF000000FF000000FF000000FF000000FF000000FF000000FF000000FF000000FF000000FF000000FF000000FF000000FF000000FF000000FF000000FF000000FF000000FF000000FF000000FF000000FF000000FF000000FF000000FF000000FF000000FF000000FF000000FF000000FF000000FF000000FF000000FF000000FF000000FF000000FF000000FF000000FF000000FF000000FF000000FF000000FF000000FF000000FF000000FF000000FF000000FF000000FF000000FF000000FF000000FF000000FF000000FF000000FF000000FF000000FF000000FF000000FF000000FF000000FF000000FF000000FF000000FF000000FF000000FF000000FF000000FF000000FF000000FF000000FF000000FF000000FF000000FF000000FF000000FF000000FF000000FF000000FF000000FF000000FF000000FF000000FF000000FF000000FF000000FF000000FF000000FF000000FF000000FF000000FF000000FF000000FF000000FF000000FF000000FF000000FF000000FF000000FF000000FF000000FF000000FF000000FF000000FF000000FF000000FF000000FF000000FF000000FF000000FF000000FF000000FF000000FF000000FF000000FF000000FF000000FF000000FF000000FF000000FF000000FF000000FF000000FF000000FF000000FF000000FF000000FF000000FF000000FF000000FF000000FF000000FF000000FF000000FF000000FF000000FF000000FF000000FF000000FF000000FF000000FF000000FF000000FF000000FF000000FF000000FF000000FF000000FF000000FFA9F922FFA9F922FFA9F922FFA9F922FF000000FF000000FFA9F922FFA9F922FFA9F922FFA9F922FF000000FF000000FF000000FF000000FF000000FF000000FF000000FF000000FFA9F922FFA9F922FF000000FF000000FF000000FF000000FF000000FF000000FF000000FF000000FFA9F922FFA9F922FF000000FF000000FF000000FF000000FF000000FF000000FFA9F922FFA9F922FF000000FF000000FF000000FF000000FF000000FF000000FF000000FF000000FFA9F922FFA9F922FF000000FF000000FF000000FF000000FF000000FF000000FF000000FF000000FFA9F922FFA9F922FF000000FF000000FF000000FF000000FF000000FF000000FF000000FF000000FF000000FF000000FF000000FF000000FFA9F922FFA9F922FF000000FF000000FF000000FF000000FF000000FF000000FFA9F922FFA9F922FF000000FF000000FF000000FF000000FF000000FF000000FF000000FF000000FF000000FF000000FF000000FF000000FF000000FF000000FF000000FF000000FF000000FF000000FF000000FF000000FFA9F922FFA9F922FFA9F922FFA9F922FF000000FF000000FF000000FF000000FF000000FF000000FF000000FF000000FF000000FF000000FF000000FF000000FF000000FF000000FF000000FF000000FF000000FF000000FF000000FF000000FF000000FF000000FF000000FF000000FFA9F922FFA9F922FFA9F922FFA9F922FF000000FF000000FF000000FF000000FF000000FF000000FF000000FF000000FF000000FF000000FF000000FF000000FF000000FF000000FF000000FF000000FF000000FF000000FF000000FF000000FF000000FF000000FF000000FF000000FF000000FF000000FF000000FF000000FF000000FF000000FF000000FF000000FF000000FF000000FF000000FF000000FF000000FF000000FF000000FF000000FF000000FF000000FF000000FF000000FF000000FF000000FF000000FF000000FF000000FF000000FF000000FF000000FF000000FF000000FF000000FF000000FF000000FF000000FF000000FF000000FF000000FF000000FF000000FF000000FF000000FF000000FF000000FF000000FF000000FF000000FF000000FF000000FF000000FF000000FF000000FF000000FF000000FF000000FF000000FF000000FF000000FF000000FF000000FF000000FF000000FF000000FF000000FF000000FF000000FF000000FF000000FF000000FF000000FF000000FF000000FF000000FF000000FF000000FF000000FF000000FF000000FF000000FF000000FF000000FF000000FF000000FF000000FF000000FF000000FF000000FF000000FF000000FF000000FF000000FF000000FF000000FF000000FF000000FF000000FF000000FF000000FF000000FF000000FF000000FF000000FF000000FF000000FF000000FF000000FF000000FF000000FF000000FF000000FF000000FF000000FF000000FF000000FF000000FF000000FF000000FF000000FF000000FF000000FF000000FF000000FF000000FF000000FF000000FF000000FF000000FF000000FF000000FF000000FF000000FF000000FF000000FF000000FF000000FF000000FF000000FF000000FF000000FF000000FF000000FF000000FF000000FF000000FF000000FF000000FF000000FF000000FF000000FF000000FF000000FF000000FF000000FF000000FF000000FF000000FF000000FF000000FF000000FF000000FF000000FF000000FF000000FF000000FF000000FF000000FF000000FF000000FF000000FF000000FF000000FF000000FF000000FF000000FF000000FF000000FF000000FF000000FF000000FF000000FF000000FF000000FF000000FF000000FF000000FF000000FF000000FF000000FF000000FF000000FF000000FF000000FF000000FF000000FF000000FF000000FF000000FF000000FF000000FF000000FF000000FF000000FF000000FF000000FF000000FF000000FF000000FF000000FF000000FF000000FF000000FF000000FF000000FF000000FF000000FF000000FF000000FF000000FF000000FF000000FF000000FF000000FF000000FF000000FF000000FF000000FF000000FF000000FF000000FF000000FF000000FF000000FF000000FF000000FF000000FF000000FF000000FF000000FF000000FF000000FF000000FF000000FF000000FF000000FF000000FF000000FF000000FF000000FF000000FF000000FF000000FF000000FF000000FF000000FF000000FF000000FF000000FF000000FF000000FF000000FF000000FF000000FF000000FF000000FF000000FF000000FF000000FF000000FF000000FF000000FF000000FF000000FF000000FF000000FF000000FF000000FF000000FF000000FF000000FF000000FF000000FF000000FF000000FF000000FF000000FF000000FF000000FF000000FF000000FF000000FF000000FF000000FF000000FF000000FF000000FF000000FF000000FF000000FF000000FF000000FF000000FF000000FF000000FF000000FF000000FF000000FF000000FF000000FF000000FF000000FF000000FF000000FF000000FF000000FF000000FF000000FF000000FF000000FF000000FF000000FF000000FF000000FF000000FF000000FF000000FF000000FF000000FF000000FF000000FF000000FF000000FF000000FF000000FF000000FF000000FF000000FF000000FF000000FF000000FF000000FF000000FF000000FF000000FF000000FF000000FF000000FF000000FF000000FF000000FF000000FF000000FF000000FF000000FF000000FF000000FF000000FF000000FF000000FF000000FF000000FF000000FF000000FF000000FF000000FF000000FF000000FF000000FF000000FF000000FF000000FF000000FF000000FF000000FF000000FF000000FF000000FF000000FF000000FF000000FF000000FF000000FF000000FF000000FF000000FF000000FF000000FF000000FF000000FF000000FF000000FF000000FF000000FF000000FF000000FF000000FF000000FF000000FF000000FF000000FF000000FF000000FF000000FF000000FF000000FF000000FFA9F922FFA9F922FF000000FF000000FFA9F922FFA9F922FF000000FF000000FFA9F922FFA9F922FF000000FF000000FF000000FF000000FF000000FF000000FF000000FF000000FFA9F922FFA9F922FF000000FF000000FF000000FF000000FF000000FF000000FF000000FF000000FFA9F922FFA9F922FFA9F922FFA9F922FF000000FF000000FF000000FF000000FFA9F922FFA9F922FF000000FF000000FF000000FF000000FF000000FF000000FF000000FF000000FFA9F922FFA9F922FF000000FF000000FF000000FF000000FF000000FF000000FF000000FF000000FFA9F922FFA9F922FF000000FF000000FF000000FF000000FF000000FF000000FF000000FF000000FF000000FF000000FF000000FF000000FFA9F922FFA9F922FF000000FF000000FF000000FF000000FF000000FF000000FFA9F922FFA9F922FF000000FF000000FF000000FF000000FF000000FF000000FF000000FF000000FF000000FF000000FF000000FF000000FF000000FF000000FF000000FF000000FF000000FF000000FF000000FF000000FF000000FF000000FFA9F922FFA9F922FF000000FF000000FF000000FF000000FF000000FF000000FF000000FF000000FF000000FF000000FF000000FF000000FF000000FF000000FF000000FF000000FF000000FF000000FF000000FF000000FF000000FF000000FF000000FF000000FF000000FF000000FFA9F922FFA9F922FF000000FF000000FF000000FF000000FF000000FF000000FF000000FF000000FF000000FF000000FF000000FF000000FF000000FF000000FF000000FF000000FF000000FF000000FF000000FF000000FF000000FF000000FF000000FF000000FF000000FF000000FF000000FF000000FF000000FF000000FF000000FF000000FF000000FF000000FF000000FF000000FF000000FF000000FF000000FF000000FF000000FF000000FF000000FF000000FF000000FF000000FF000000FF000000FF000000FF000000FF000000FF000000FF000000FF000000FF000000FF000000FF000000FF000000FF000000FF000000FF000000FF000000FF000000FF000000FF000000FF000000FF000000FF000000FF000000FF000000FF000000FF000000FF000000FF000000FF000000FF000000FF000000FF000000FF000000FF000000FF000000FF000000FF000000FF000000FF000000FF000000FF000000FF000000FF000000FF000000FF000000FF000000FF000000FF000000FF000000FF000000FF000000FF000000FF000000FF000000FF000000FF000000FF000000FF000000FF000000FF000000FF000000FF000000FF000000FF000000FF000000FF000000FF000000FF000000FF000000FF000000FF000000FF000000FF000000FF000000FF000000FF000000FF000000FF000000FF000000FF000000FF000000FF000000FF000000FF000000FF000000FF000000FF000000FF000000FF000000FF000000FF000000FF000000FF000000FF000000FF000000FF000000FF000000FF000000FF000000FF000000FF000000FF000000FF000000FF000000FF000000FF000000FF000000FF000000FF000000FF000000FF000000FF000000FF000000FF000000FF000000FF000000FF000000FF000000FF000000FF000000FF000000FF000000FF000000FF000000FF000000FF000000FF000000FF000000FF000000FF000000FF000000FF000000FF000000FF000000FF000000FF000000FF000000FF000000FF000000FF000000FF000000FF000000FF000000FF000000FF000000FF000000FF000000FF000000FF000000FF000000FF000000FF000000FF000000FF000000FF000000FF000000FF000000FF000000FF000000FF000000FF000000FF000000FF000000FF000000FF000000FF000000FF000000FF000000FF000000FF000000FF000000FF000000FF000000FF000000FF000000FF000000FF000000FF000000FF000000FF000000FF000000FF000000FF000000FF000000FF000000FF000000FF000000FF000000FF000000FF000000FF000000FF000000FF000000FF000000FF000000FF000000FF000000FF000000FF000000FF000000FF000000FF000000FF000000FF000000FF000000FF000000FF000000FF000000FF000000FF000000FF000000FF000000FF000000FF000000FF000000FF000000FF000000FF000000FF000000FF000000FF000000FF000000FF000000FF000000FF000000FF000000FF000000FF000000FF000000FF000000FF000000FF000000FF000000FF000000FF000000FF000000FF000000FF000000FF000000FF000000FF000000FF000000FF000000FF000000FF000000FF000000FF000000FF000000FF000000FF000000FF000000FF000000FF000000FF000000FF000000FF000000FF000000FF000000FF000000FF000000FF000000FF000000FF000000FF000000FF000000FF000000FF000000FF000000FF000000FF000000FF000000FF000000FF000000FF000000FF000000FF000000FF000000FF000000FF000000FF000000FF000000FF000000FF000000FF000000FF000000FF000000FF000000FF000000FF000000FF000000FF000000FF000000FF000000FF000000FF000000FF000000FF000000FF000000FF000000FF000000FF000000FF000000FF000000FF000000FF000000FF000000FF000000FF000000FF000000FF000000FF000000FF000000FF000000FF000000FF000000FF000000FF000000FF000000FF000000FF000000FF000000FF000000FF000000FF000000FF000000FF000000FF000000FF000000FF000000FF000000FF000000FF000000FF000000FF000000FF000000FF000000FF000000FF000000FF000000FF000000FF000000FF000000FF000000FF000000FF000000FF000000FF000000FF000000FF000000FF000000FF000000FF000000FF000000FF000000FF000000FF000000FF000000FF000000FF000000FF000000FF000000FF000000FF000000FF000000FF000000FF000000FF000000FF000000FF000000FF000000FF000000FF000000FF000000FF000000FF000000FF000000FF000000FF000000FF000000FF000000FF000000FF000000FFA9F922FFA9F922FF000000FF000000FFA9F922FFA9F922FF000000FF000000FFA9F922FFA9F922FF000000FF000000FF000000FF000000FF000000FF000000FF000000FF000000FFA9F922FFA9F922FF000000FF000000FF000000FF000000FF000000FF000000FF000000FF000000FFA9F922FFA9F922FFA9F922FFA9F922FF000000FF000000FF000000FF000000FFA9F922FFA9F922FF000000FF000000FF000000FF000000FF000000FF000000FF000000FF000000FFA9F922FFA9F922FF000000FF000000FF000000FF000000FF000000FF000000FF000000FF000000FFA9F922FFA9F922FF000000FF000000FF000000FF000000FF000000FF000000FF000000FF000000FF000000FF000000FF000000FF000000FFA9F922FFA9F922FF000000FF000000FF000000FF000000FF000000FF000000FFA9F922FFA9F922FF000000FF000000FF000000FF000000FF000000FF000000FF000000FF000000FF000000FF000000FF000000FF000000FF000000FF000000FF000000FF000000FF000000FF000000FF000000FF000000FF000000FF000000FFA9F922FFA9F922FF000000FF000000FF000000FF000000FF000000FF000000FF000000FF000000FF000000FF000000FF000000FF000000FF000000FF000000FF000000FF000000FF000000FF000000FF000000FF000000FF000000FF000000FF000000FF000000FF000000FF000000FFA9F922FFA9F922FF000000FF000000FF000000FF000000FF000000FF000000FF000000FF000000FF000000FF000000FF000000FF000000FF000000FF000000FF000000FF000000FF000000FF000000FF000000FF000000FF000000FF000000FF000000FF000000FF000000FF000000FF000000FF000000FF000000FF000000FF000000FF000000FF000000FF000000FF000000FF000000FF000000FF000000FF000000FF000000FF000000FF000000FF000000FF000000FF000000FF000000FF000000FF000000FF000000FF000000FF000000FF000000FF000000FF000000FF000000FF000000FF000000FF000000FF000000FF000000FF000000FF000000FF000000FF000000FF000000FF000000FF000000FF000000FF000000FF000000FF000000FF000000FF000000FF000000FF000000FF000000FF000000FF000000FF000000FF000000FF000000FF000000FF000000FF000000FF000000FF000000FF000000FF000000FF000000FF000000FF000000FF000000FF000000FF000000FF000000FF000000FF000000FF000000FF000000FF000000FF000000FF000000FF000000FF000000FF000000FF000000FF000000FF000000FF000000FF000000FF000000FF000000FF000000FF000000FF000000FF000000FF000000FF000000FF000000FF000000FF000000FF000000FF000000FF000000FF000000FF000000FF000000FF000000FF000000FF000000FF000000FF000000FF000000FF000000FF000000FF000000FF000000FF000000FF000000FF000000FF000000FF000000FF000000FF000000FF000000FF000000FF000000FF000000FF000000FF000000FF000000FF000000FF000000FF000000FF000000FF000000FF000000FF000000FF000000FF000000FF000000FF000000FF000000FF000000FF000000FF000000FF000000FF000000FF000000FF000000FF000000FF000000FF000000FF000000FF000000FF000000FF000000FF000000FF000000FF000000FF000000FF000000FF000000FF000000FF000000FF000000FF000000FF000000FF000000FF000000FF000000FF000000FF000000FF000000FF000000FF000000FF000000FF000000FF000000FF000000FF000000FF000000FF000000FF000000FF000000FF000000FF000000FF000000FF000000FF000000FF000000FF000000FF000000FF000000FF000000FF000000FF000000FF000000FF000000FF000000FF000000FF000000FF000000FF000000FF000000FF000000FF000000FF000000FF000000FF000000FF000000FF000000FF000000FF000000FF000000FF000000FF000000FF000000FF000000FF000000FF000000FF000000FF000000FF000000FF000000FF000000FF000000FF000000FF000000FF000000FF000000FF000000FF000000FF000000FF000000FF000000FF000000FF000000FF000000FF000000FF000000FF000000FF000000FF000000FF000000FF000000FF000000FF000000FF000000FF000000FF000000FF000000FF000000FF000000FF000000FF000000FF000000FF000000FF000000FF000000FF000000FF000000FF000000FF000000FF000000FF000000FF000000FF000000FF000000FF000000FF000000FF000000FF000000FF000000FF000000FF000000FF000000FF000000FF000000FF000000FF000000FF000000FF000000FF000000FF000000FF000000FF000000FF000000FF000000FF000000FF000000FF000000FF000000FF000000FF000000FF000000FF000000FF000000FF000000FF000000FF000000FF000000FF000000FF000000FF000000FF000000FF000000FF000000FF000000FF000000FF000000FF000000FF000000FF000000FF000000FF000000FF000000FF000000FF000000FF000000FF000000FF000000FF000000FF000000FF000000FF000000FF000000FF000000FF000000FF000000FF000000FF000000FF000000FF000000FF000000FF000000FF000000FF000000FF000000FF000000FF000000FF000000FF000000FF000000FF000000FF000000FF000000FF000000FF000000FF000000FF000000FF000000FF000000FF000000FF000000FF000000FF000000FF000000FF000000FF000000FF000000FF000000FF000000FF000000FF000000FF000000FF000000FF000000FF000000FF000000FF000000FF000000FF000000FF000000FF000000FF000000FF000000FF000000FF000000FF000000FF000000FF000000FF000000FF000000FF000000FF000000FF000000FF000000FF000000FF000000FF000000FF000000FF000000FF000000FF000000FF000000FF000000FF000000FF000000FF000000FF000000FF000000FF000000FF000000FF000000FF000000FF000000FF000000FFA9F922FFA9F922FF000000FF000000FFA9F922FFA9F922FF000000FF000000FFA9F922FFA9F922FF000000FF000000FF000000FF000000FF000000FF000000FF000000FF000000FFA9F922FFA9F922FF000000FF000000FF000000FF000000FF000000FF000000FF000000FF000000FFA9F922FFA9F922FF000000FF000000FFA9F922FFA9F922FF000000FF000000FFA9F922FFA9F922FF000000FF000000FF000000FF000000FF000000FF000000FF000000FF000000FFA9F922FFA9F922FF000000FF000000FF000000FF000000FF000000FF000000FF000000FF000000FFA9F922FFA9F922FFA9F922FFA9F922FFA9F922FFA9F922FFA9F922FFA9F922FF000000FF000000FF000000FF000000FF000000FF000000FFA9F922FFA9F922FF000000FF000000FF000000FF000000FF000000FF000000FFA9F922FFA9F922FF000000FF000000FF000000FF000000FF000000FF000000FF000000FF000000FF000000FF000000FF000000FF000000FF000000FF000000FF000000FF000000FF000000FF000000FF000000FF000000FF000000FF000000FFA9F922FFA9F922FF000000FF000000FF000000FF000000FF000000FF000000FF000000FF000000FF000000FF000000FF000000FF000000FF000000FF000000FF000000FF000000FF000000FF000000FF000000FF000000FF000000FF000000FF000000FF000000FF000000FF000000FFA9F922FFA9F922FF000000FF000000FF000000FF000000FF000000FF000000FF000000FF000000FF000000FF000000FF000000FF000000FF000000FF000000FF000000FF000000FF000000FF000000FF000000FF000000FF000000FF000000FF000000FF000000FF000000FF000000FF000000FF000000FF000000FF000000FF000000FF000000FF000000FF000000FF000000FF000000FF000000FF000000FF000000FF000000FF000000FF000000FF000000FF000000FF000000FF000000FF000000FF000000FF000000FF000000FF000000FF000000FF000000FF000000FF000000FF000000FF000000FF000000FF000000FF000000FF000000FF000000FF000000FF000000FF000000FF000000FF000000FF000000FF000000FF000000FF000000FF000000FF000000FF000000FF000000FF000000FF000000FF000000FF000000FF000000FF000000FF000000FF000000FF000000FF000000FF000000FF000000FF000000FF000000FF000000FF000000FF000000FF000000FF000000FF000000FF000000FF000000FF000000FF000000FF000000FF000000FF000000FF000000FF000000FF000000FF000000FF000000FF000000FF000000FF000000FF000000FF000000FF000000FF000000FF000000FF000000FF000000FF000000FF000000FF000000FF000000FF000000FF000000FF000000FF000000FF000000FF000000FF000000FF000000FF000000FF000000FF000000FF000000FF000000FF000000FF000000FF000000FF000000FF000000FF000000FF000000FF000000FF000000FF000000FF000000FF000000FF000000FF000000FF000000FF000000FF000000FF000000FF000000FF000000FF000000FF000000FF000000FF000000FF000000FF000000FF000000FF000000FF000000FF000000FF000000FF000000FF000000FF000000FF000000FF000000FF000000FF000000FF000000FF000000FF000000FF000000FF000000FF000000FF000000FF000000FF000000FF000000FF000000FF000000FF000000FF000000FF000000FF000000FF000000FF000000FF000000FF000000FF000000FF000000FF000000FF000000FF000000FF000000FF000000FF000000FF000000FF000000FF000000FF000000FF000000FF000000FF000000FF000000FF000000FF000000FF000000FF000000FF000000FF000000FF000000FF000000FF000000FF000000FF000000FF000000FF000000FF000000FF000000FF000000FF000000FF000000FF000000FF000000FF000000FF000000FF000000FF000000FF000000FF000000FF000000FF000000FF000000FF000000FF000000FF000000FF000000FF000000FF000000FF000000FF000000FF000000FF000000FF000000FF000000FF000000FF000000FF000000FF000000FF000000FF000000FF000000FF000000FF000000FF000000FF000000FF000000FF000000FF000000FF000000FF000000FF000000FF000000FF000000FF000000FF000000FF000000FF000000FF000000FF000000FF000000FF000000FF000000FF000000FF000000FF000000FF000000FF000000FF000000FF000000FF000000FF000000FF000000FF000000FF000000FF000000FF000000FF000000FF000000FF000000FF000000FF000000FF000000FF000000FF000000FF000000FF000000FF000000FF000000FF000000FF000000FF000000FF000000FF000000FF000000FF000000FF000000FF000000FF000000FF000000FF000000FF000000FF000000FF000000FF000000FF000000FF000000FF000000FF000000FF000000FF000000FF000000FF000000FF000000FF000000FF000000FF000000FF000000FF000000FF000000FF000000FF000000FF000000FF000000FF000000FF000000FF000000FF000000FF000000FF000000FF000000FF000000FF000000FF000000FF000000FF000000FF000000FF000000FF000000FF000000FF000000FF000000FF000000FF000000FF000000FF000000FF000000FF000000FF000000FF000000FF000000FF000000FF000000FF000000FF000000FF000000FF000000FF000000FF000000FF000000FF000000FF000000FF000000FF000000FF000000FF000000FF000000FF000000FF000000FF000000FF000000FF000000FF000000FF000000FF000000FF000000FF000000FF000000FF000000FF000000FF000000FF000000FF000000FF000000FF000000FF000000FF000000FF000000FF000000FF000000FF000000FF000000FF000000FF000000FF000000FF000000FF000000FF000000FF000000FF000000FF000000FF000000FF000000FF000000FF000000FF000000FF000000FF000000FF000000FF000000FF000000FF000000FF000000FF000000FFA9F922FFA9F922FF000000FF000000FFA9F922FFA9F922FF000000FF000000FFA9F922FFA9F922FF000000FF000000FF000000FF000000FF000000FF000000FF000000FF000000FFA9F922FFA9F922FF000000FF000000FF000000FF000000FF000000FF000000FF000000FF000000FFA9F922FFA9F922FF000000FF000000FFA9F922FFA9F922FF000000FF000000FFA9F922FFA9F922FF000000FF000000FF000000FF000000FF000000FF000000FF000000FF000000FFA9F922FFA9F922FF000000FF000000FF000000FF000000FF000000FF000000FF000000FF000000FFA9F922FFA9F922FFA9F922FFA9F922FFA9F922FFA9F922FFA9F922FFA9F922FF000000FF000000FF000000FF000000FF000000FF000000FFA9F922FFA9F922FF000000FF000000FF000000FF000000FF000000FF000000FFA9F922FFA9F922FF000000FF000000FF000000FF000000FF000000FF000000FF000000FF000000FF000000FF000000FF000000FF000000FF000000FF000000FF000000FF000000FF000000FF000000FF000000FF000000FF000000FF000000FFA9F922FFA9F922FF000000FF000000FF000000FF000000FF000000FF000000FF000000FF000000FF000000FF000000FF000000FF000000FF000000FF000000FF000000FF000000FF000000FF000000FF000000FF000000FF000000FF000000FF000000FF000000FF000000FF000000FFA9F922FFA9F922FF000000FF000000FF000000FF000000FF000000FF000000FF000000FF000000FF000000FF000000FF000000FF000000FF000000FF000000FF000000FF000000FF000000FF000000FF000000FF000000FF000000FF000000FF000000FF000000FF000000FF000000FF000000FF000000FF000000FF000000FF000000FF000000FF000000FF000000FF000000FF000000FF000000FF000000FF000000FF000000FF000000FF000000FF000000FF000000FF000000FF000000FF000000FF000000FF000000FF000000FF000000FF000000FF000000FF000000FF000000FF000000FF000000FF000000FF000000FF000000FF000000FF000000FF000000FF000000FF000000FF000000FF000000FF000000FF000000FF000000FF000000FF000000FF000000FF000000FF000000FF000000FF000000FF000000FF000000FF000000FF000000FF000000FF000000FF000000FF000000FF000000FF000000FF000000FF000000FF000000FF000000FF000000FF000000FF000000FF000000FF000000FF000000FF000000FF000000FF000000FF000000FF000000FF000000FF000000FF000000FF000000FF000000FF000000FF000000FF000000FF000000FF000000FF000000FF000000FF000000FF000000FF000000FF000000FF000000FF000000FF000000FF000000FF000000FF000000FF000000FF000000FF000000FF000000FF000000FF000000FF000000FF000000FF000000FF000000FF000000FF000000FF000000FF000000FF000000FF000000FF000000FF000000FF000000FF000000FF000000FF000000FF000000FF000000FF000000FF000000FF000000FF000000FF000000FF000000FF000000FF000000FF000000FF000000FF000000FF000000FF000000FF000000FF000000FF000000FF000000FF000000FF000000FF000000FF000000FF000000FF000000FF000000FF000000FF000000FF000000FF000000FF000000FF000000FF000000FF000000FF000000FF000000FF000000FF000000FF000000FF000000FF000000FF000000FF000000FF000000FF000000FF000000FF000000FF000000FF000000FF000000FF000000FF000000FF000000FF000000FF000000FF000000FF000000FF000000FF000000FF000000FF000000FF000000FF000000FF000000FF000000FF000000FF000000FF000000FF000000FF000000FF000000FF000000FF000000FF000000FF000000FF000000FF000000FF000000FF000000FF000000FF000000FF000000FF000000FF000000FF000000FF000000FF000000FF000000FF000000FF000000FF000000FF000000FF000000FF000000FF000000FF000000FF000000FF000000FF000000FF000000FF000000FF000000FF000000FF000000FF000000FF000000FF000000FF000000FF000000FF000000FF000000FF000000FF000000FF000000FF000000FF000000FF000000FF000000FF000000FF000000FF000000FF000000FF000000FF000000FF000000FF000000FF000000FF000000FF000000FF000000FF000000FF000000FF000000FF000000FF000000FF000000FF000000FF000000FF000000FF000000FF000000FF000000FF000000FF000000FF000000FF000000FF000000FF000000FF000000FF000000FF000000FF000000FF000000FF000000FF000000FF000000FF000000FF000000FF000000FF000000FF000000FF000000FF000000FF000000FF000000FF000000FF000000FF000000FF000000FF000000FF000000FF000000FF000000FF000000FF000000FF000000FF000000FF000000FF000000FF000000FF000000FF000000FF000000FF000000FF000000FF000000FF000000FF000000FF000000FF000000FF000000FF000000FF000000FF000000FF000000FF000000FF000000FF000000FF000000FF000000FF000000FF000000FF000000FF000000FF000000FF000000FF000000FF000000FF000000FF000000FF000000FF000000FF000000FF000000FF000000FF000000FF000000FF000000FF000000FF000000FF000000FF000000FF000000FF000000FF000000FF000000FF000000FF000000FF000000FF000000FF000000FF000000FF000000FF000000FF000000FF000000FF000000FF000000FF000000FF000000FF000000FF000000FF000000FF000000FF000000FF000000FF000000FF000000FF000000FF000000FF000000FF000000FF000000FF000000FF000000FF000000FF000000FF000000FF000000FF000000FF000000FF000000FF000000FF000000FF000000FF000000FF000000FF000000FF000000FF000000FF000000FF000000FF000000FF000000FF000000FF000000FF000000FF000000FF000000FF000000FF000000FF000000FFA9F922FFA9F922FF000000FF000000FF000000FF000000FF000000FF000000FFA9F922FFA9F922FF000000FF000000FF000000FF000000FF000000FF000000FF000000FF000000FFA9F922FFA9F922FF000000FF000000FF000000FF000000FF000000FF000000FF000000FF000000FFA9F922FFA9F922FF000000FF000000FF000000FF000000FFA9F922FFA9F922FFA9F922FFA9F922FF000000FF000000FF000000FF000000FF000000FF000000FF000000FF000000FFA9F922FFA9F922FF000000FF000000FF000000FF000000FF000000FF000000FF000000FF000000FFA9F922FFA9F922FF000000FF000000FF000000FF000000FF000000FF000000FF000000FF000000FF000000FF000000FF000000FF000000FFA9F922FFA9F922FF000000FF000000FF000000FF000000FF000000FF000000FFA9F922FFA9F922FF000000FF000000FF000000FF000000FF000000FF000000FF000000FF000000FF000000FF000000FF000000FF000000FF000000FF000000FF000000FF000000FF000000FF000000FF000000FF000000FF000000FF000000FFA9F922FFA9F922FF000000FF000000FF000000FF000000FF000000FF000000FF000000FF000000FF000000FF000000FF000000FF000000FF000000FF000000FF000000FF000000FF000000FF000000FF000000FF000000FF000000FF000000FF000000FF000000FF000000FF000000FFA9F922FFA9F922FF000000FF000000FF000000FF000000FF000000FF000000FF000000FF000000FF000000FF000000FF000000FF000000FF000000FF000000FF000000FF000000FF000000FF000000FF000000FF000000FF000000FF000000FF000000FF000000FF000000FF000000FF000000FF000000FF000000FF000000FF000000FF000000FF000000FF000000FF000000FF000000FF000000FF000000FF000000FF000000FF000000FF000000FF000000FF000000FF000000FF000000FF000000FF000000FF000000FF000000FF000000FF000000FF000000FF000000FF000000FF000000FF000000FF000000FF000000FF000000FF000000FF000000FF000000FF000000FF000000FF000000FF000000FF000000FF000000FF000000FF000000FF000000FF000000FF000000FF000000FF000000FF000000FF000000FF000000FF000000FF000000FF000000FF000000FF000000FF000000FF000000FF000000FF000000FF000000FF000000FF000000FF000000FF000000FF000000FF000000FF000000FF000000FF000000FF000000FF000000FF000000FF000000FF000000FF000000FF000000FF000000FF000000FF000000FF000000FF000000FF000000FF000000FF000000FF000000FF000000FF000000FF000000FF000000FF000000FF000000FF000000FF000000FF000000FF000000FF000000FF000000FF000000FF000000FF000000FF000000FF000000FF000000FF000000FF000000FF000000FF000000FF000000FF000000FF000000FF000000FF000000FF000000FF000000FF000000FF000000FF000000FF000000FF000000FF000000FF000000FF000000FF000000FF000000FF000000FF000000FF000000FF000000FF000000FF000000FF000000FF000000FF000000FF000000FF000000FF000000FF000000FF000000FF000000FF000000FF000000FF000000FF000000FF000000FF000000FF000000FF000000FF000000FF000000FF000000FF000000FF000000FF000000FF000000FF000000FF000000FF000000FF000000FF000000FF000000FF000000FF000000FF000000FF000000FF000000FF000000FF000000FF000000FF000000FF000000FF000000FF000000FF000000FF000000FF000000FF000000FF000000FF000000FF000000FF000000FF000000FF000000FF000000FF000000FF000000FF000000FF000000FF000000FF000000FF000000FF000000FF000000FF000000FF000000FF000000FF000000FF000000FF000000FF000000FF000000FF000000FF000000FF000000FF000000FF000000FF000000FF000000FF000000FF000000FF000000FF000000FF000000FF000000FF000000FF000000FF000000FF000000FF000000FF000000FF000000FF000000FF000000FF000000FF000000FF000000FF000000FF000000FF000000FF000000FF000000FF000000FF000000FF000000FF000000FF000000FF000000FF000000FF000000FF000000FF000000FF000000FF000000FF000000FF000000FF000000FF000000FF000000FF000000FF000000FF000000FF000000FF000000FF000000FF000000FF000000FF000000FF000000FF000000FF000000FF000000FF000000FF000000FF000000FF000000FF000000FF000000FF000000FF000000FF000000FF000000FF000000FF000000FF000000FF000000FF000000FF000000FF000000FF000000FF000000FF000000FF000000FF000000FF000000FF000000FF000000FF000000FF000000FF000000FF000000FF000000FF000000FF000000FF000000FF000000FF000000FF000000FF000000FF000000FF000000FF000000FF000000FF000000FF000000FF000000FF000000FF000000FF000000FF000000FF000000FF000000FF000000FF000000FF000000FF000000FF000000FF000000FF000000FF000000FF000000FF000000FF000000FF000000FF000000FF000000FF000000FF000000FF000000FF000000FF000000FF000000FF000000FF000000FF000000FF000000FF000000FF000000FF000000FF000000FF000000FF000000FF000000FF000000FF000000FF000000FF000000FF000000FF000000FF000000FF000000FF000000FF000000FF000000FF000000FF000000FF000000FF000000FF000000FF000000FF000000FF000000FF000000FF000000FF000000FF000000FF000000FF000000FF000000FF000000FF000000FF000000FF000000FF000000FF000000FF000000FF000000FF000000FF000000FF000000FF000000FF000000FF000000FF000000FF000000FF000000FF000000FF000000FF000000FF000000FF000000FF000000FF000000FF000000FF000000FF000000FF000000FF000000FF000000FF000000FF000000FFA9F922FFA9F922FF000000FF000000FF000000FF000000FF000000FF000000FFA9F922FFA9F922FF000000FF000000FF000000FF000000FF000000FF000000FF000000FF000000FFA9F922FFA9F922FF000000FF000000FF000000FF000000FF000000FF000000FF000000FF000000FFA9F922FFA9F922FF000000FF000000FF000000FF000000FFA9F922FFA9F922FFA9F922FFA9F922FF000000FF000000FF000000FF000000FF000000FF000000FF000000FF000000FFA9F922FFA9F922FF000000FF000000FF000000FF000000FF000000FF000000FF000000FF000000FFA9F922FFA9F922FF000000FF000000FF000000FF000000FF000000FF000000FF000000FF000000FF000000FF000000FF000000FF000000FFA9F922FFA9F922FF000000FF000000FF000000FF000000FF000000FF000000FFA9F922FFA9F922FF000000FF000000FF000000FF000000FF000000FF000000FF000000FF000000FF000000FF000000FF000000FF000000FF000000FF000000FF000000FF000000FF000000FF000000FF000000FF000000FF000000FF000000FFA9F922FFA9F922FF000000FF000000FF000000FF000000FF000000FF000000FF000000FF000000FF000000FF000000FF000000FF000000FF000000FF000000FF000000FF000000FF000000FF000000FF000000FF000000FF000000FF000000FF000000FF000000FF000000FF000000FFA9F922FFA9F922FF000000FF000000FF000000FF000000FF000000FF000000FF000000FF000000FF000000FF000000FF000000FF000000FF000000FF000000FF000000FF000000FF000000FF000000FF000000FF000000FF000000FF000000FF000000FF000000FF000000FF000000FF000000FF000000FF000000FF000000FF000000FF000000FF000000FF000000FF000000FF000000FF000000FF000000FF000000FF000000FF000000FF000000FF000000FF000000FF000000FF000000FF000000FF000000FF000000FF000000FF000000FF000000FF000000FF000000FF000000FF000000FF000000FF000000FF000000FF000000FF000000FF000000FF000000FF000000FF000000FF000000FF000000FF000000FF000000FF000000FF000000FF000000FF000000FF000000FF000000FF000000FF000000FF000000FF000000FF000000FF000000FF000000FF000000FF000000FF000000FF000000FF000000FF000000FF000000FF000000FF000000FF000000FF000000FF000000FF000000FF000000FF000000FF000000FF000000FF000000FF000000FF000000FF000000FF000000FF000000FF000000FF000000FF000000FF000000FF000000FF000000FF000000FF000000FF000000FF000000FF000000FF000000FF000000FF000000FF000000FF000000FF000000FF000000FF000000FF000000FF000000FF000000FF000000FF000000FF000000FF000000FF000000FF000000FF000000FF000000FF000000FF000000FF000000FF000000FF000000FF000000FF000000FF000000FF000000FF000000FF000000FF000000FF000000FF000000FF000000FF000000FF000000FF000000FF000000FF000000FF000000FF000000FF000000FF000000FF000000FF000000FF000000FF000000FF000000FF000000FF000000FF000000FF000000FF000000FF000000FF000000FF000000FF000000FF000000FF000000FF000000FF000000FF000000FF000000FF000000FF000000FF000000FF000000FF000000FF000000FF000000FF000000FF000000FF000000FF000000FF000000FF000000FF000000FF000000FF000000FF000000FF000000FF000000FF000000FF000000FF000000FF000000FF000000FF000000FF000000FF000000FF000000FF000000FF000000FF000000FF000000FF000000FF000000FF000000FF000000FF000000FF000000FF000000FF000000FF000000FF000000FF000000FF000000FF000000FF000000FF000000FF000000FF000000FF000000FF000000FF000000FF000000FF000000FF000000FF000000FF000000FF000000FF000000FF000000FF000000FF000000FF000000FF000000FF000000FF000000FF000000FF000000FF000000FF000000FF000000FF000000FF000000FF000000FF000000FF000000FF000000FF000000FF000000FF000000FF000000FF000000FF000000FF000000FF000000FF000000FF000000FF000000FF000000FF000000FF000000FF000000FF000000FF000000FF000000FF000000FF000000FF000000FF000000FF000000FF000000FF000000FF000000FF000000FF000000FF000000FF000000FF000000FF000000FF000000FF000000FF000000FF000000FF000000FF000000FF000000FF000000FF000000FF000000FF000000FF000000FF000000FF000000FF000000FF000000FF000000FF000000FF000000FF000000FF000000FF000000FF000000FF000000FF000000FF000000FF000000FF000000FF000000FF000000FF000000FF000000FF000000FF000000FF000000FF000000FF000000FF000000FF000000FF000000FF000000FF000000FF000000FF000000FF000000FF000000FF000000FF000000FF000000FF000000FF000000FF000000FF000000FF000000FF000000FF000000FF000000FF000000FF000000FF000000FF000000FF000000FF000000FF000000FF000000FF000000FF000000FF000000FF000000FF000000FF000000FF000000FF000000FF000000FF000000FF000000FF000000FF000000FF000000FF000000FF000000FF000000FF000000FF000000FF000000FF000000FF000000FF000000FF000000FF000000FF000000FF000000FF000000FF000000FF000000FF000000FF000000FF000000FF000000FF000000FF000000FF000000FF000000FF000000FF000000FF000000FF000000FF000000FF000000FF000000FF000000FF000000FF000000FF000000FF000000FF000000FF000000FF000000FF000000FF000000FF000000FF000000FF000000FF000000FF000000FF000000FF000000FF000000FF000000FF000000FF000000FF000000FF000000FF000000FF000000FF000000FF000000FF000000FF000000FF000000FFA9F922FFA9F922FF000000FF000000FF000000FF000000FF000000FF000000FFA9F922FFA9F922FF000000FF000000FF000000FF000000FF000000FF000000FF000000FF000000FFA9F922FFA9F922FF000000FF000000FF000000FF000000FF000000FF000000FF000000FF000000FFA9F922FFA9F922FF000000FF000000FF000000FF000000FF000000FF000000FFA9F922FFA9F922FF000000FF000000FF000000FF000000FF000000FF000000FF000000FF000000FFA9F922FFA9F922FF000000FF000000FF000000FF000000FF000000FF000000FF000000FF000000FFA9F922FFA9F922FF000000FF000000FF000000FF000000FF000000FF000000FF000000FF000000FF000000FF000000FF000000FF000000FFA9F922FFA9F922FF000000FF000000FF000000FF000000FF000000FF000000FFA9F922FFA9F922FF000000FF000000FF000000FF000000FF000000FF000000FF000000FF000000FF000000FF000000FF000000FF000000FF000000FF000000FF000000FF000000FF000000FF000000FF000000FF000000FF000000FF000000FFA9F922FFA9F922FF000000FF000000FF000000FF000000FF000000FF000000FF000000FF000000FF000000FF000000FF000000FF000000FF000000FF000000FF000000FF000000FF000000FF000000FF000000FF000000FF000000FF000000FF000000FF000000FF000000FF000000FFA9F922FFA9F922FF000000FF000000FF000000FF000000FF000000FF000000FF000000FF000000FF000000FF000000FF000000FF000000FF000000FF000000FF000000FF000000FF000000FF000000FF000000FF000000FF000000FF000000FF000000FF000000FF000000FF000000FF000000FF000000FF000000FF000000FF000000FF000000FF000000FF000000FF000000FF000000FF000000FF000000FF000000FF000000FF000000FF000000FF000000FF000000FF000000FF000000FF000000FF000000FF000000FF000000FF000000FF000000FF000000FF000000FF000000FF000000FF000000FF000000FF000000FF000000FF000000FF000000FF000000FF000000FF000000FF000000FF000000FF000000FF000000FF000000FF000000FF000000FF000000FF000000FF000000FF000000FF000000FF000000FF000000FF000000FF000000FF000000FF000000FF000000FF000000FF000000FF000000FF000000FF000000FF000000FF000000FF000000FF000000FF000000FF000000FF000000FF000000FF000000FF000000FF000000FF000000FF000000FF000000FF000000FF000000FF000000FF000000FF000000FF000000FF000000FF000000FF000000FF000000FF000000FF000000FF000000FF000000FF000000FF000000FF000000FF000000FF000000FF000000FF000000FF000000FF000000FF000000FF000000FF000000FF000000FF000000FF000000FF000000FF000000FF000000FF000000FF000000FF000000FF000000FF000000FF000000FF000000FF000000FF000000FF000000FF000000FF000000FF000000FF000000FF000000FF000000FF000000FF000000FF000000FF000000FF000000FF000000FF000000FF000000FF000000FF000000FF000000FF000000FF000000FF000000FF000000FF000000FF000000FF000000FF000000FF000000FF000000FF000000FF000000FF000000FF000000FF000000FF000000FF000000FF000000FF000000FF000000FF000000FF000000FF000000FF000000FF000000FF000000FF000000FF000000FF000000FF000000FF000000FF000000FF000000FF000000FF000000FF000000FF000000FF000000FF000000FF000000FF000000FF000000FF000000FF000000FF000000FF000000FF000000FF000000FF000000FF000000FF000000FF000000FF000000FF000000FF000000FF000000FF000000FF000000FF000000FF000000FF000000FF000000FF000000FF000000FF000000FF000000FF000000FF000000FF000000FF000000FF000000FF000000FF000000FF000000FF000000FF000000FF000000FF000000FF000000FF000000FF000000FF000000FF000000FF000000FF000000FF000000FF000000FF000000FF000000FF000000FF000000FF000000FF000000FF000000FF000000FF000000FF000000FF000000FF000000FF000000FF000000FF000000FF000000FF000000FF000000FF000000FF000000FF000000FF000000FF000000FF000000FF000000FF000000FF000000FF000000FF000000FF000000FF000000FF000000FF000000FF000000FF000000FF000000FF000000FF000000FF000000FF000000FF000000FF000000FF000000FF000000FF000000FF000000FF000000FF000000FF000000FF000000FF000000FF000000FF000000FF000000FF000000FF000000FF000000FF000000FF000000FF000000FF000000FF000000FF000000FF000000FF000000FF000000FF000000FF000000FF000000FF000000FF000000FF000000FF000000FF000000FF000000FF000000FF000000FF000000FF000000FF000000FF000000FF000000FF000000FF000000FF000000FF000000FF000000FF000000FF000000FF000000FF000000FF000000FF000000FF000000FF000000FF000000FF000000FF000000FF000000FF000000FF000000FF000000FF000000FF000000FF000000FF000000FF000000FF000000FF000000FF000000FF000000FF000000FF000000FF000000FF000000FF000000FF000000FF000000FF000000FF000000FF000000FF000000FF000000FF000000FF000000FF000000FF000000FF000000FF000000FF000000FF000000FF000000FF000000FF000000FF000000FF000000FF000000FF000000FF000000FF000000FF000000FF000000FF000000FF000000FF000000FF000000FF000000FF000000FF000000FF000000FF000000FF000000FF000000FF000000FF000000FF000000FF000000FF000000FF000000FF000000FF000000FF000000FF000000FF000000FF000000FF000000FF000000FF000000FF000000FF000000FF000000FF000000FF000000FF000000FF000000FF000000FF000000FF000000FF000000FFA9F922FFA9F922FF000000FF000000FF000000FF000000FF000000FF000000FFA9F922FFA9F922FF000000FF000000FF000000FF000000FF000000FF000000FF000000FF000000FFA9F922FFA9F922FF000000FF000000FF000000FF000000FF000000FF000000FF000000FF000000FFA9F922FFA9F922FF000000FF000000FF000000FF000000FF000000FF000000FFA9F922FFA9F922FF000000FF000000FF000000FF000000FF000000FF000000FF000000FF000000FFA9F922FFA9F922FF000000FF000000FF000000FF000000FF000000FF000000FF000000FF000000FFA9F922FFA9F922FF000000FF000000FF000000FF000000FF000000FF000000FF000000FF000000FF000000FF000000FF000000FF000000FFA9F922FFA9F922FF000000FF000000FF000000FF000000FF000000FF000000FFA9F922FFA9F922FF000000FF000000FF000000FF000000FF000000FF000000FF000000FF000000FF000000FF000000FF000000FF000000FF000000FF000000FF000000FF000000FF000000FF000000FF000000FF000000FF000000FF000000FFA9F922FFA9F922FF000000FF000000FF000000FF000000FF000000FF000000FF000000FF000000FF000000FF000000FF000000FF000000FF000000FF000000FF000000FF000000FF000000FF000000FF000000FF000000FF000000FF000000FF000000FF000000FF000000FF000000FFA9F922FFA9F922FF000000FF000000FF000000FF000000FF000000FF000000FF000000FF000000FF000000FF000000FF000000FF000000FF000000FF000000FF000000FF000000FF000000FF000000FF000000FF000000FF000000FF000000FF000000FF000000FF000000FF000000FF000000FF000000FF000000FF000000FF000000FF000000FF000000FF000000FF000000FF000000FF000000FF000000FF000000FF000000FF000000FF000000FF000000FF000000FF000000FF000000FF000000FF000000FF000000FF000000FF000000FF000000FF000000FF000000FF000000FF000000FF000000FF000000FF000000FF000000FF000000FF000000FF000000FF000000FF000000FF000000FF000000FF000000FF000000FF000000FF000000FF000000FF000000FF000000FF000000FF000000FF000000FF000000FF000000FF000000FF000000FF000000FF000000FF000000FF000000FF000000FF000000FF000000FF000000FF000000FF000000FF000000FF000000FF000000FF000000FF000000FF000000FF000000FF000000FF000000FF000000FF000000FF000000FF000000FF000000FF000000FF000000FF000000FF000000FF000000FF000000FF000000FF000000FF000000FF000000FF000000FF000000FF000000FF000000FF000000FF000000FF000000FF000000FF000000FF000000FF000000FF000000FF000000FF000000FF000000FF000000FF000000FF000000FF000000FF000000FF000000FF000000FF000000FF000000FF000000FF000000FF000000FF000000FF000000FF000000FF000000FF000000FF000000FF000000FF000000FF000000FF000000FF000000FF000000FF000000FF000000FF000000FF000000FF000000FF000000FF000000FF000000FF000000FF000000FF000000FF000000FF000000FF000000FF000000FF000000FF000000FF000000FF000000FF000000FF000000FF000000FF000000FF000000FF000000FF000000FF000000FF000000FF000000FF000000FF000000FF000000FF000000FF000000FF000000FF000000FF000000FF000000FF000000FF000000FF000000FF000000FF000000FF000000FF000000FF000000FF000000FF000000FF000000FF000000FF000000FF000000FF000000FF000000FF000000FF000000FF000000FF000000FF000000FF000000FF000000FF000000FF000000FF000000FF000000FF000000FF000000FF000000FF000000FF000000FF000000FF000000FF000000FF000000FF000000FF000000FF000000FF000000FF000000FF000000FF000000FF000000FF000000FF000000FF000000FF000000FF000000FF000000FF000000FF000000FF000000FF000000FF000000FF000000FF000000FF000000FF000000FF000000FF000000FF000000FF000000FF000000FF000000FF000000FF000000FF000000FF000000FF000000FF000000FF000000FF000000FF000000FF000000FF000000FF000000FF000000FF000000FF000000FF000000FF000000FF000000FF000000FF000000FF000000FF000000FF000000FF000000FF000000FF000000FF000000FF000000FF000000FF000000FF000000FF000000FF000000FF000000FF000000FF000000FF000000FF000000FF000000FF000000FF000000FF000000FF000000FF000000FF000000FF000000FF000000FF000000FF000000FF000000FF000000FF000000FF000000FF000000FF000000FF000000FF000000FF000000FF000000FF000000FF000000FF000000FF000000FF000000FF000000FF000000FF000000FF000000FF000000FF000000FF000000FF000000FF000000FF000000FF000000FF000000FF000000FF000000FF000000FF000000FF000000FF000000FF000000FF000000FF000000FF000000FF000000FF000000FF000000FF000000FF000000FF000000FF000000FF000000FF000000FF000000FF000000FF000000FF000000FF000000FF000000FF000000FF000000FF000000FF000000FF000000FF000000FF000000FF000000FF000000FF000000FF000000FF000000FF000000FF000000FF000000FF000000FF000000FF000000FF000000FF000000FF000000FF000000FF000000FF000000FF000000FF000000FF000000FF000000FF000000FF000000FF000000FF000000FF000000FF000000FF000000FF000000FF000000FF000000FF000000FF000000FF000000FF000000FF000000FF000000FF000000FF000000FF000000FF000000FF000000FF000000FF000000FF000000FF000000FF000000FF000000FF000000FF000000FF000000FF000000FF000000FF000000FF000000FF000000FF000000FF000000FF000000FF000000FF000000FF000000FF000000FFA9F922FFA9F922FF000000FF000000FF000000FF000000FF000000FF000000FFA9F922FFA9F922FF000000FF000000FF000000FF000000FF000000FF000000FFA9F922FFA9F922FFA9F922FFA9F922FFA9F922FFA9F922FF000000FF000000FF000000FF000000FF000000FF000000FFA9F922FFA9F922FF000000FF000000FF000000FF000000FF000000FF000000FFA9F922FFA9F922FF000000FF000000FF000000FF000000FF000000FF000000FFA9F922FFA9F922FFA9F922FFA9F922FFA9F922FFA9F922FF000000FF000000FF000000FF000000FF000000FF000000FFA9F922FFA9F922FFA9F922FFA9F922FFA9F922FFA9F922FFA9F922FFA9F922FFA9F922FFA9F922FF000000FF000000FF000000FF000000FFA9F922FFA9F922FFA9F922FFA9F922FFA9F922FFA9F922FFA9F922FFA9F922FF000000FF000000FF000000FF000000FF000000FF000000FF000000FF000000FF000000FF000000FF000000FF000000FF000000FF000000FF000000FF000000FF000000FF000000FF000000FF000000FF000000FF000000FFA9F922FFA9F922FFA9F922FFA9F922FFA9F922FFA9F922FF000000FF000000FF000000FF000000FF000000FF000000FF000000FF000000FF000000FF000000FFA9F922FFA9F922FF000000FF000000FF000000FF000000FF000000FF000000FF000000FF000000FF000000FF000000FFA9F922FFA9F922FFA9F922FFA9F922FFA9F922FFA9F922FF000000FF000000FF000000FF000000FF000000FF000000FF000000FF000000FF000000FF000000FF000000FF000000FF000000FF000000FF000000FF000000FF000000FF000000FF000000FF000000FF000000FF000000FF000000FF000000FF000000FF000000FF000000FF000000FF000000FF000000FF000000FF000000FF000000FF000000FF000000FF000000FF000000FF000000FF000000FF000000FF000000FF000000FF000000FF000000FF000000FF000000FF000000FF000000FF000000FF000000FF000000FF000000FF000000FF000000FF000000FF000000FF000000FF000000FF000000FF000000FF000000FF000000FF000000FF000000FF000000FF000000FF000000FF000000FF000000FF000000FF000000FF000000FF000000FF000000FF000000FF000000FF000000FF000000FF000000FF000000FF000000FF000000FF000000FF000000FF000000FF000000FF000000FF000000FF000000FF000000FF000000FF000000FF000000FF000000FF000000FF000000FF000000FF000000FF000000FF000000FF000000FF000000FF000000FF000000FF000000FF000000FF000000FF000000FF000000FF000000FF000000FF000000FF000000FF000000FF000000FF000000FF000000FF000000FF000000FF000000FF000000FF000000FF000000FF000000FF000000FF000000FF000000FF000000FF000000FF000000FF000000FF000000FF000000FF000000FF000000FF000000FF000000FF000000FF000000FF000000FF000000FF000000FF000000FF000000FF000000FF000000FF000000FF000000FF000000FF000000FF000000FF000000FF000000FF000000FF000000FF000000FF000000FF000000FF000000FF000000FF000000FF000000FF000000FF000000FF000000FF000000FF000000FF000000FF000000FF000000FF000000FF000000FF000000FF000000FF000000FF000000FF000000FF000000FF000000FF000000FF000000FF000000FF000000FF000000FF000000FF000000FF000000FF000000FF000000FF000000FF000000FF000000FF000000FF000000FF000000FF000000FF000000FF000000FF000000FF000000FF000000FF000000FF000000FF000000FF000000FF000000FF000000FF000000FF000000FF000000FF000000FF000000FF000000FF000000FF000000FF000000FF000000FF000000FF000000FF000000FF000000FF000000FF000000FF000000FF000000FF000000FF000000FF000000FF000000FF000000FF000000FF000000FF000000FF000000FF000000FF000000FF000000FF000000FF000000FF000000FF000000FF000000FF000000FF000000FF000000FF000000FF000000FF000000FF000000FF000000FF000000FF000000FF000000FF000000FF000000FF000000FF000000FF000000FF000000FF000000FF000000FF000000FF000000FF000000FF000000FF000000FF000000FF000000FF000000FF000000FF000000FF000000FF000000FF000000FF000000FF000000FF000000FF000000FF000000FF000000FF000000FF000000FF000000FF000000FF000000FF000000FF000000FF000000FF000000FF000000FF000000FF000000FF000000FF000000FF000000FF000000FF000000FF000000FF000000FF000000FF000000FF000000FF000000FF000000FF000000FF000000FF000000FF000000FF000000FF000000FF000000FF000000FF000000FF000000FF000000FF000000FF000000FF000000FF000000FF000000FF000000FF000000FF000000FF000000FF000000FF000000FF000000FF000000FF000000FF000000FF000000FF000000FF000000FF000000FF000000FF000000FF000000FF000000FF000000FF000000FF000000FF000000FF000000FF000000FF000000FF000000FF000000FF000000FF000000FF000000FF000000FF000000FF000000FF000000FF000000FF000000FF000000FF000000FF000000FF000000FF000000FF000000FF000000FF000000FF000000FF000000FF000000FF000000FF000000FF000000FF000000FF000000FF000000FF000000FF000000FF000000FF000000FF000000FF000000FF000000FF000000FF000000FF000000FF000000FF000000FF000000FF000000FF000000FF000000FF000000FF000000FF000000FF000000FF000000FF000000FF000000FF000000FF000000FF000000FF000000FF000000FF000000FF000000FF000000FF000000FF000000FF000000FF000000FF000000FF000000FF000000FF000000FF000000FF000000FF000000FF000000FF000000FF000000FF000000FF000000FF000000FF000000FF000000FF000000FF000000FF000000FFA9F922FFA9F922FF000000FF000000FF000000FF000000FF000000FF000000FFA9F922FFA9F922FF000000FF000000FF000000FF000000FF000000FF000000FFA9F922FFA9F922FFA9F922FFA9F922FFA9F922FFA9F922FF000000FF000000FF000000FF000000FF000000FF000000FFA9F922FFA9F922FF000000FF000000FF000000FF000000FF000000FF000000FFA9F922FFA9F922FF000000FF000000FF000000FF000000FF000000FF000000FFA9F922FFA9F922FFA9F922FFA9F922FFA9F922FFA9F922FF000000FF000000FF000000FF000000FF000000FF000000FFA9F922FFA9F922FFA9F922FFA9F922FFA9F922FFA9F922FFA9F922FFA9F922FFA9F922FFA9F922FF000000FF000000FF000000FF000000FFA9F922FFA9F922FFA9F922FFA9F922FFA9F922FFA9F922FFA9F922FFA9F922FF000000FF000000FF000000FF000000FF000000FF000000FF000000FF000000FF000000FF000000FF000000FF000000FF000000FF000000FF000000FF000000FF000000FF000000FF000000FF000000FF000000FF000000FFA9F922FFA9F922FFA9F922FFA9F922FFA9F922FFA9F922FF000000FF000000FF000000FF000000FF000000FF000000FF000000FF000000FF000000FF000000FFA9F922FFA9F922FF000000FF000000FF000000FF000000FF000000FF000000FF000000FF000000FF000000FF000000FFA9F922FFA9F922FFA9F922FFA9F922FFA9F922FFA9F922FF000000FF000000FF000000FF000000FF000000FF000000FF000000FF000000FF000000FF000000FF000000FF000000FF000000FF000000FF000000FF000000FF000000FF000000FF000000FF000000FF000000FF000000FF000000FF000000FF000000FF000000FF000000FF000000FF000000FF000000FF000000FF000000FF000000FF000000FF000000FF000000FF000000FF000000FF000000FF000000FF000000FF000000FF000000FF000000FF000000FF000000FF000000FF000000FF000000FF000000FF000000FF000000FF000000FF000000FF000000FF000000FF000000FF000000FF000000FF000000FF000000FF000000FF000000FF000000FF000000FF000000FF000000FF000000FF000000FF000000FF000000FF000000FF000000FF000000FF000000FF000000FF000000FF000000FF000000FF000000FF000000FF000000FF000000FF000000FF000000FF000000FF000000FF000000FF000000FF000000FF000000FF000000FF000000FF000000FF000000FF000000FF000000FF000000FF000000FF000000FF000000FF000000FF000000FF000000FF000000FF000000FF000000FF000000FF000000FF000000FF000000FF000000FF000000FF000000FF000000FF000000FF000000FF000000FF000000FF000000FF000000FF000000FF000000FF000000FF000000FF000000FF000000FF000000FF000000FF000000FF000000FF000000FF000000FF000000FF000000FF000000FF000000FF000000FF000000FF000000FF000000FF000000FF000000FF000000FF000000FF000000FF000000FF000000FF000000FF000000FF000000FF000000FF000000FF000000FF000000FF000000FF000000FF000000FF000000FF000000FF000000FF000000FF000000FF000000FF000000FF000000FF000000FF000000FF000000FF000000FF000000FF000000FF000000FF000000FF000000FF000000FF000000FF000000FF000000FF000000FF000000FF000000FF000000FF000000FF000000FF000000FF000000FF000000FF000000FF000000FF000000FF000000FF000000FF000000FF000000FF000000FF000000FF000000FF000000FF000000FF000000FF000000FF000000FF000000FF000000FF000000FF000000FF000000FF000000FF000000FF000000FF000000FF000000FF000000FF000000FF000000FF000000FF000000FF000000FF000000FF000000FF000000FF000000FF000000FF000000FF000000FF000000FF000000FF000000FF000000FF000000FF000000FF000000FF000000FF000000FF000000FF000000FF000000FF000000FF000000FF000000FF000000FF000000FF000000FF000000FF000000FF000000FF000000FF000000FF000000FF000000FF000000FF000000FF000000FF000000FF000000FF000000FF000000FF000000FF000000FF000000FF000000FF000000FF000000FF000000FF000000FF000000FF000000FF000000FF000000FF000000FF000000FF000000FF000000FF000000FF000000FF000000FF000000FF000000FF000000FF000000FF000000FF000000FF000000FF000000FF000000FF000000FF000000FF000000FF000000FF000000FF000000FF000000FF000000FF000000FF000000FF000000FF000000FF000000FF000000FF000000FF000000FF000000FF000000FF000000FF000000FF000000FF000000FF000000FF000000FF000000FF000000FF000000FF000000FF000000FF000000FF000000FF000000FF000000FF000000FF000000FF000000FF000000FF000000FF000000FF000000FF000000FF000000FF000000FF000000FF000000FF000000FF000000FF000000FF000000FF000000FF000000FF000000FF000000FF000000FF000000FF000000FF000000FF000000FF000000FF000000FF000000FF000000FF000000FF000000FF000000FF000000FF000000FF000000FF000000FF000000FF000000FF000000FF000000FF000000FF000000FF000000FF000000FF000000FF000000FF000000FF000000FF000000FF000000FF000000FF000000FF000000FF000000FF000000FF000000FF000000FF000000FF000000FF000000FF000000FF000000FF000000FF000000FF000000FF000000FF000000FF000000FF000000FF000000FF000000FF000000FF000000FF000000FF000000FF000000FF000000FF000000FF000000FF000000FF000000FF000000FF000000FF000000FF000000FF000000FF000000FF000000FF000000FF000000FF000000FF000000FF000000FF000000FF000000FF000000FF000000FF000000FF000000FF000000FF000000FF000000FF000000FF000000FF000000FF000000FF000000FF000000FF000000FF000000FF000000FF000000FF000000FF000000FF000000FF000000FF000000FF000000FF000000FF000000FF000000FF000000FF000000FF000000FF000000FF000000FF000000FF000000FF000000FF000000FF000000FF000000FF000000FF000000FF000000FF000000FF000000FF000000FF000000FF000000FF000000FF000000FF000000FF000000FF000000FF000000FF000000FF000000FF000000FF000000FF000000FF000000FF000000FF000000FF000000FF000000FF000000FF000000FF000000FF000000FF000000FF000000FF000000FF000000FF000000FF000000FF000000FF000000FF000000FF000000FF000000FF000000FF000000FF000000FF000000FF000000FF000000FF000000FF000000FF000000FF000000FF000000FF000000FF000000FF000000FF000000FF000000FF000000FF000000FF000000FF000000FF000000FF000000FF000000FF000000FF000000FF000000FF000000FF000000FF000000FF000000FF000000FF000000FF000000FF000000FF000000FF000000FF000000FF000000FF000000FF000000FF000000FF000000FF000000FF000000FF000000FF000000FF000000FF000000FF000000FF000000FF000000FF000000FF000000FF000000FF000000FF000000FF000000FF000000FF000000FF000000FF000000FF000000FF000000FF000000FF000000FF000000FF000000FF000000FF000000FF000000FF000000FF000000FF000000FF000000FF000000FF000000FF000000FF000000FF000000FF000000FF000000FF000000FF000000FF000000FF000000FF000000FF000000FF000000FF000000FF000000FF000000FF000000FF000000FF000000FF000000FF000000FF000000FF000000FF000000FF000000FF000000FF000000FF000000FF000000FF000000FF000000FF000000FF000000FF000000FF000000FF000000FF000000FF000000FF000000FF000000FF000000FF000000FF000000FF000000FF000000FF000000FF000000FF000000FF000000FF000000FF000000FF000000FF000000FF000000FF000000FF000000FF000000FF000000FF000000FF000000FF000000FF000000FF000000FF000000FF000000FF000000FF000000FF000000FF000000FF000000FF000000FF000000FF000000FF000000FF000000FF000000FF000000FF000000FF000000FF000000FF000000FF000000FF000000FF000000FF000000FF000000FF000000FF000000FF000000FF000000FF000000FF000000FF000000FF000000FF000000FF000000FF000000FF000000FF000000FF000000FF000000FF000000FF000000FF000000FF000000FF000000FF000000FF000000FF000000FF000000FF000000FF000000FF000000FF000000FF000000FF000000FF000000FF000000FF000000FF000000FF000000FF000000FF000000FF000000FF000000FF000000FF000000FF000000FF000000FF000000FF000000FF000000FF000000FF000000FF000000FF000000FF000000FF000000FF000000FF000000FF000000FF000000FF000000FF000000FF000000FF000000FF000000FF000000FF000000FF000000FF000000FF000000FF000000FF000000FF000000FF000000FF000000FF000000FF000000FF000000FF000000FF000000FF000000FF000000FF000000FF000000FF000000FF000000FF000000FF000000FF000000FF000000FF000000FF000000FF000000FF000000FF000000FF000000FF000000FF000000FF000000FF000000FF000000FF000000FF000000FF000000FF000000FF000000FF000000FF000000FF000000FF000000FF000000FF000000FF000000FF000000FF000000FF000000FF000000FF000000FF000000FF000000FF000000FF000000FF000000FF000000FF000000FF000000FF000000FF000000FF000000FF000000FF000000FF000000FF000000FF000000FF000000FF000000FF000000FF000000FF000000FF000000FF000000FF000000FF000000FF000000FF000000FF000000FF000000FF000000FF000000FF000000FF000000FF000000FF000000FF000000FF000000FF000000FF000000FF000000FF000000FF000000FF000000FF000000FF000000FF000000FF000000FF000000FF000000FF000000FF000000FF000000FF000000FF000000FF000000FF000000FF000000FF000000FF000000FF000000FF000000FF000000FF000000FF000000FF000000FF000000FF000000FF000000FF000000FF000000FF000000FF000000FF000000FF000000FF000000FF000000FF000000FF000000FF000000FF000000FF000000FF000000FF000000FF000000FF000000FF000000FF000000FF000000FF000000FF000000FF000000FF000000FF000000FF000000FF000000FF000000FF000000FF000000FF000000FF000000FF000000FF000000FF000000FF000000FF000000FF000000FF000000FF000000FF000000FF000000FF000000FF000000FF000000FF000000FF000000FF000000FF000000FF000000FF000000FF000000FF000000FF000000FF000000FF000000FF000000FF000000FF000000FF000000FF000000FF000000FF000000FF000000FF000000FF000000FF000000FF000000FF000000FF000000FF000000FF000000FF000000FF000000FF000000FF000000FF000000FF000000FF000000FF000000FF000000FF000000FF000000FF000000FF000000FF000000FF000000FF000000FF000000FF000000FF000000FF000000FF000000FF000000FF000000FF000000FF000000FF000000FF000000FF000000FF000000FF000000FF000000FF000000FF000000FF000000FF000000FF000000FF000000FF000000FF000000FF000000FF000000FF000000FF000000FF000000FF000000FF000000FF000000FF000000FF000000FF000000FF000000FF000000FF000000FF000000FF000000FF000000FF000000FF000000FF000000FF000000FF000000FF000000FF000000FF000000FF000000FF000000FF000000FF000000FF000000FF000000FF000000FF000000FF000000FF000000FF000000FF000000FF000000FF000000FF000000FF000000FF000000FF000000FF000000FF000000FF000000FF000000FF000000FF000000FF000000FF000000FF000000FF000000FF000000FF000000FF000000FF000000FF000000FF000000FF000000FF000000FF000000FF000000FF000000FF000000FF000000FF000000FF000000FF000000FF000000FF000000FF000000FF000000FF000000FF000000FF000000FF000000FF000000FF000000FF000000FF000000FF000000FF000000FF000000FF000000FF000000FF000000FF000000FF000000FF000000FF000000FF000000FF000000FF000000FF000000FF000000FF000000FF000000FF000000FF000000FF000000FF000000FF000000FF000000FF000000FF000000FF000000FF000000FF000000FF000000FF000000FF000000FF000000FF000000FF000000FF000000FF000000FF000000FF000000FF000000FF000000FF000000FF000000FF000000FF000000FF000000FF000000FF000000FF000000FF000000FF000000FF000000FF000000FF000000FF000000FF000000FF000000FF000000FF000000FF000000FF000000FF000000FF000000FF000000FF000000FF000000FF000000FF000000FF000000FF000000FF000000FF000000FF000000FF000000FF000000FF000000FF000000FF000000FF000000FF000000FF000000FF000000FF000000FF000000FF000000FF000000FF000000FF000000FF000000FF000000FF000000FF000000FF000000FF000000FF000000FF000000FF000000FF000000FF000000FF000000FF000000FF000000FF000000FF000000FF000000FF000000FF000000FF000000FF000000FF000000FF000000FF000000FF000000FF000000FF000000FF000000FF000000FF000000FF000000FF000000FF000000FF000000FF000000FF000000FF000000FF000000FF000000FF000000FF000000FF000000FF000000FF000000FF000000FF000000FF000000FF000000FF000000FF000000FF000000FF000000FF000000FF000000FF000000FF000000FF000000FF000000FF000000FF000000FF000000FF000000FF000000FF000000FF000000FF000000FF000000FF000000FF000000FF000000FF000000FF000000FF000000FF000000FF000000FF000000FF000000FF000000FF000000FF000000FF000000FF000000FF000000FF000000FF000000FF000000FF000000FF000000FF000000FF000000FF000000FF000000FF000000FF000000FF000000FF000000FF000000FF000000FF000000FF000000FF000000FF000000FF000000FF000000FF000000FF000000FF000000FF000000FF000000FF000000FF000000FF000000FF000000FF000000FF000000FF000000FF000000FF000000FF000000FF000000FF000000FF000000FF000000FF000000FF000000FF000000FF000000FF000000FF000000FF000000FF000000FF000000FF000000FF000000FF000000FF000000FF000000FF000000FF000000FF000000FF000000FF000000FF000000FF000000FF000000FF000000FF000000FF000000FF000000FF000000FF000000FF000000FF000000FF000000FF000000FF000000FF000000FF000000FF000000FF000000FF000000FF000000FF000000FF000000FF000000FF000000FF000000FF000000FF000000FF000000FF000000FF000000FF000000FF000000FF000000FF000000FF000000FF000000FF000000FF000000FF000000FF000000FF000000FF000000FF000000FF000000FF000000FF000000FF000000FF000000FF000000FF000000FF000000FF000000FF000000FF000000FF000000FF000000FF000000FF000000FF000000FF000000FF000000FF000000FF000000FF000000FF000000FF000000FF000000FF000000FF000000FF000000FF000000FF000000FF000000FF000000FF000000FF000000FF000000FF000000FF000000FF000000FF000000FF000000FF000000FF000000FF000000FF000000FF000000FF000000FF000000FF000000FF000000FF000000FF000000FF000000FF000000FF000000FF000000FF000000FF000000FF000000FF000000FF000000FF000000FF000000FF000000FF000000FF000000FF000000FF000000FF000000FF000000FF000000FF000000FF000000FF000000FF000000FF000000FF000000FF000000FF000000FF000000FF000000FF000000FF000000FF000000FF000000FF000000FF000000FF000000FF000000FF000000FF000000FF000000FF000000FF000000FF000000FF000000FF000000FF000000FF000000FF000000FF000000FF000000FF000000FF000000FF000000FF000000FF000000FF000000FF000000FF000000FF000000FF000000FF000000FF000000FF000000FF000000FF000000FF000000FF000000FF000000FF000000FF000000FF000000FF000000FF000000FF000000FF000000FF000000FF000000FF000000FF000000FF000000FF000000FF000000FF000000FF000000FF000000FF000000FF000000FF000000FF000000FF000000FF000000FF000000FF000000FF000000FF000000FF000000FF000000FF000000FF000000FF000000FF000000FF000000FF000000FF000000FF000000FF000000FF000000FF000000FF000000FF000000FF000000FF000000FF000000FF000000FF000000FF000000FF000000FF000000FF000000FF000000FF000000FF000000FF000000FF000000FF000000FF000000FF000000FF000000FF000000FF000000FF000000FF000000FF000000FF000000FF000000FF000000FF000000FF000000FF000000FF000000FF000000FF000000FF000000FF000000FF000000FF000000FF000000FF000000FF000000FF000000FF000000FF000000FF000000FF000000FF000000FF000000FF000000FF000000FF000000FF000000FF000000FF000000FF000000FF000000FF000000FF000000FF000000FF000000FF000000FF000000FF000000FF000000FF000000FF000000FF000000FF000000FF000000FF000000FF000000FF000000FF000000FF000000FF000000FF000000FF000000FF000000FF000000FF000000FF000000FF000000FF000000FF000000FF000000FF000000FF000000FF000000FF000000FF000000FF000000FF000000FF000000FFA9F922FFA9F922FF000000FF000000FF000000FF000000FF000000FF000000FF000000FF000000FF000000FF000000FF000000FF000000FFA9F922FFA9F922FFA9F922FFA9F922FFA9F922FFA9F922FF000000FF000000FF000000FF000000FF000000FF000000FF000000FF000000FF000000FF000000FF000000FF000000FF000000FF000000FF000000FF000000FF000000FF000000FF000000FF000000FF000000FF000000FF000000FF000000FF000000FF000000FF000000FF000000FF000000FF000000FF000000FF000000FF000000FF000000FF000000FF000000FF000000FF000000FF000000FF000000FF000000FF000000FF000000FF000000FF000000FF000000FF000000FF000000FF000000FF000000FF000000FF000000FF000000FF000000FF000000FF000000FF000000FF000000FF000000FF000000FF000000FF000000FF000000FF000000FF000000FF000000FF000000FF000000FF000000FF000000FF000000FF000000FF000000FF000000FF000000FF000000FF000000FF000000FF000000FF000000FF000000FF000000FF000000FF000000FF000000FF000000FF000000FF000000FF000000FF000000FF000000FF000000FF000000FF000000FF000000FF000000FF000000FF000000FF000000FF000000FF000000FF000000FF000000FF000000FF000000FF000000FF000000FF000000FF000000FF000000FF000000FF000000FF000000FF000000FF000000FF000000FF000000FF000000FF000000FF000000FF000000FF000000FF000000FF000000FF000000FF000000FF000000FF000000FF000000FF000000FF000000FF000000FF000000FF000000FF000000FF000000FF000000FF000000FF000000FF000000FF000000FF000000FF000000FF000000FF000000FF000000FF000000FF000000FF000000FF000000FF000000FF000000FF000000FF000000FF000000FF000000FF000000FF000000FF000000FF000000FF000000FF000000FF000000FF000000FF000000FF000000FF000000FF000000FF000000FF000000FF000000FF000000FF000000FF000000FF000000FF000000FF000000FF000000FF000000FF000000FF000000FF000000FF000000FF000000FF000000FF000000FF000000FF000000FF000000FF000000FF000000FF000000FF000000FF000000FF000000FF000000FF000000FF000000FF000000FF000000FF000000FF000000FF000000FF000000FF000000FF000000FF000000FF000000FF000000FF000000FF000000FF000000FF000000FF000000FF000000FF000000FF000000FF000000FF000000FF000000FF000000FF000000FF000000FF000000FF000000FF000000FF000000FF000000FF000000FF000000FF000000FF000000FF000000FF000000FF000000FF000000FF000000FF000000FF000000FF000000FF000000FF000000FF000000FF000000FF000000FF000000FF000000FF000000FF000000FF000000FF000000FF000000FF000000FF000000FF000000FF000000FF000000FF000000FF000000FF000000FF000000FF000000FF000000FF000000FF000000FF000000FF000000FF000000FF000000FF000000FF000000FF000000FF000000FF000000FF000000FF000000FF000000FF000000FF000000FF000000FF000000FF000000FF000000FF000000FF000000FF000000FF000000FF000000FF000000FF000000FF000000FF000000FF000000FF000000FF000000FF000000FF000000FF000000FF000000FF000000FF000000FF000000FF000000FF000000FF000000FF000000FF000000FF000000FF000000FF000000FF000000FF000000FF000000FF000000FF000000FF000000FF000000FF000000FF000000FF000000FF000000FF000000FF000000FF000000FF000000FF000000FF000000FF000000FF000000FF000000FF000000FF000000FF000000FF000000FF000000FF000000FF000000FF000000FF000000FF000000FF000000FF000000FF000000FF000000FF000000FF000000FF000000FF000000FF000000FF000000FF000000FF000000FF000000FF000000FF000000FF000000FF000000FF000000FF000000FF000000FF000000FF000000FF000000FF000000FF000000FF000000FF000000FF000000FF000000FF000000FF000000FF000000FF000000FF000000FF000000FF000000FF000000FF000000FF000000FF000000FF000000FF000000FF000000FF000000FF000000FF000000FF000000FF000000FF000000FF000000FF000000FF000000FF000000FF000000FF000000FF000000FF000000FF000000FF000000FF000000FF000000FF000000FF000000FF000000FF000000FF000000FF000000FF000000FF000000FF000000FF000000FF000000FF000000FF000000FF000000FF000000FF000000FF000000FF000000FF000000FF000000FF000000FF000000FF000000FF000000FF000000FF000000FF000000FF000000FF000000FF000000FF000000FF000000FF000000FF000000FF000000FF000000FF000000FF000000FF000000FF000000FF000000FF000000FF000000FF000000FF000000FF000000FF000000FF000000FF000000FF000000FF000000FF000000FF000000FF000000FF000000FF000000FF000000FF000000FF000000FF000000FF000000FF000000FF000000FF000000FF000000FF000000FF000000FF000000FF000000FF000000FF000000FF000000FF000000FF000000FF000000FF000000FF000000FF000000FF000000FF000000FF000000FF000000FF000000FF000000FF000000FF000000FF000000FF000000FF000000FF000000FF000000FF000000FF000000FF000000FF000000FF000000FF000000FF000000FF000000FF000000FF000000FF000000FF000000FF000000FF000000FF000000FF000000FF000000FF000000FF000000FF000000FF000000FF000000FF000000FF000000FF000000FF000000FF000000FF000000FF000000FF000000FF000000FF000000FF000000FF000000FF000000FF000000FF000000FF000000FF000000FF000000FF000000FF000000FF000000FF000000FF000000FF000000FF000000FF000000FFA9F922FFA9F922FF000000FF000000FF000000FF000000FF000000FF000000FF000000FF000000FF000000FF000000FF000000FF000000FFA9F922FFA9F922FFA9F922FFA9F922FFA9F922FFA9F922FF000000FF000000FF000000FF000000FF000000FF000000FF000000FF000000FF000000FF000000FF000000FF000000FF000000FF000000FF000000FF000000FF000000FF000000FF000000FF000000FF000000FF000000FF000000FF000000FF000000FF000000FF000000FF000000FF000000FF000000FF000000FF000000FF000000FF000000FF000000FF000000FF000000FF000000FF000000FF000000FF000000FF000000FF000000FF000000FF000000FF000000FF000000FF000000FF000000FF000000FF000000FF000000FF000000FF000000FF000000FF000000FF000000FF000000FF000000FF000000FF000000FF000000FF000000FF000000FF000000FF000000FF000000FF000000FF000000FF000000FF000000FF000000FF000000FF000000FF000000FF000000FF000000FF000000FF000000FF000000FF000000FF000000FF000000FF000000FF000000FF000000FF000000FF000000FF000000FF000000FF000000FF000000FF000000FF000000FF000000FF000000FF000000FF000000FF000000FF000000FF000000FF000000FF000000FF000000FF000000FF000000FF000000FF000000FF000000FF000000FF000000FF000000FF000000FF000000FF000000FF000000FF000000FF000000FF000000FF000000FF000000FF000000FF000000FF000000FF000000FF000000FF000000FF000000FF000000FF000000FF000000FF000000FF000000FF000000FF000000FF000000FF000000FF000000FF000000FF000000FF000000FF000000FF000000FF000000FF000000FF000000FF000000FF000000FF000000FF000000FF000000FF000000FF000000FF000000FF000000FF000000FF000000FF000000FF000000FF000000FF000000FF000000FF000000FF000000FF000000FF000000FF000000FF000000FF000000FF000000FF000000FF000000FF000000FF000000FF000000FF000000FF000000FF000000FF000000FF000000FF000000FF000000FF000000FF000000FF000000FF000000FF000000FF000000FF000000FF000000FF000000FF000000FF000000FF000000FF000000FF000000FF000000FF000000FF000000FF000000FF000000FF000000FF000000FF000000FF000000FF000000FF000000FF000000FF000000FF000000FF000000FF000000FF000000FF000000FF000000FF000000FF000000FF000000FF000000FF000000FF000000FF000000FF000000FF000000FF000000FF000000FF000000FF000000FF000000FF000000FF000000FF000000FF000000FF000000FF000000FF000000FF000000FF000000FF000000FF000000FF000000FF000000FF000000FF000000FF000000FF000000FF000000FF000000FF000000FF000000FF000000FF000000FF000000FF000000FF000000FF000000FF000000FF000000FF000000FF000000FF000000FF000000FF000000FF000000FF000000FF000000FF000000FF000000FF000000FF000000FF000000FF000000FF000000FF000000FF000000FF000000FF000000FF000000FF000000FF000000FF000000FF000000FF000000FF000000FF000000FF000000FF000000FF000000FF000000FF000000FF000000FF000000FF000000FF000000FF000000FF000000FF000000FF000000FF000000FF000000FF000000FF000000FF000000FF000000FF000000FF000000FF000000FF000000FF000000FF000000FF000000FF000000FF000000FF000000FF000000FF000000FF000000FF000000FF000000FF000000FF000000FF000000FF000000FF000000FF000000FF000000FF000000FF000000FF000000FF000000FF000000FF000000FF000000FF000000FF000000FF000000FF000000FF000000FF000000FF000000FF000000FF000000FF000000FF000000FF000000FF000000FF000000FF000000FF000000FF000000FF000000FF000000FF000000FF000000FF000000FF000000FF000000FF000000FF000000FF000000FF000000FF000000FF000000FF000000FF000000FF000000FF000000FF000000FF000000FF000000FF000000FF000000FF000000FF000000FF000000FF000000FF000000FF000000FF000000FF000000FF000000FF000000FF000000FF000000FF000000FF000000FF000000FF000000FF000000FF000000FF000000FF000000FF000000FF000000FF000000FF000000FF000000FF000000FF000000FF000000FF000000FF000000FF000000FF000000FF000000FF000000FF000000FF000000FF000000FF000000FF000000FF000000FF000000FF000000FF000000FF000000FF000000FF000000FF000000FF000000FF000000FF000000FF000000FF000000FF000000FF000000FF000000FF000000FF000000FF000000FF000000FF000000FF000000FF000000FF000000FF000000FF000000FF000000FF000000FF000000FF000000FF000000FF000000FF000000FF000000FF000000FF000000FF000000FF000000FF000000FF000000FF000000FF000000FF000000FF000000FF000000FF000000FF000000FF000000FF000000FF000000FF000000FF000000FF000000FF000000FF000000FF000000FF000000FF000000FF000000FF000000FF000000FF000000FF000000FF000000FF000000FF000000FF000000FF000000FF000000FF000000FF000000FF000000FF000000FF000000FF000000FF000000FF000000FF000000FF000000FF000000FF000000FF000000FF000000FF000000FF000000FF000000FF000000FF000000FF000000FF000000FF000000FF000000FF000000FF000000FF000000FF000000FF000000FF000000FF000000FF000000FF000000FF000000FF000000FF000000FF000000FF000000FF000000FF000000FF000000FF000000FF000000FF000000FF000000FF000000FF000000FF000000FF000000FF000000FF000000FF000000FF000000FF000000FF000000FF000000FF000000FF000000FF000000FF000000FF000000FF000000FF000000FFA9F922FFA9F922FF000000FF000000FF000000FF000000FF000000FF000000FF000000FF000000FFA9F922FFA9F922FF000000FF000000FF000000FF000000FF000000FF000000FFA9F922FFA9F922FF000000FF000000FF000000FF000000FF000000FF000000FF000000FF000000FF000000FF000000FF000000FF000000FF000000FF000000FF000000FF000000FF000000FF000000FF000000FF000000FF000000FF000000FF000000FF000000FF000000FF000000FF000000FF000000FF000000FF000000FF000000FF000000FF000000FF000000FF000000FF000000FF000000FF000000FF000000FF000000FF000000FF000000FF000000FF000000FF000000FF000000FF000000FF000000FF000000FF000000FF000000FF000000FF000000FF000000FF000000FF000000FF000000FF000000FF000000FF000000FF000000FF000000FF000000FF000000FF000000FF000000FF000000FF000000FF000000FF000000FF000000FF000000FF000000FF000000FF000000FF000000FF000000FF000000FF000000FF000000FF000000FF000000FF000000FF000000FF000000FF000000FF000000FF000000FF000000FF000000FF000000FF000000FF000000FF000000FF000000FF000000FF000000FF000000FF000000FF000000FF000000FF000000FF000000FF000000FF000000FF000000FF000000FF000000FF000000FF000000FF000000FF000000FF000000FF000000FF000000FF000000FF000000FF000000FF000000FF000000FF000000FF000000FF000000FF000000FF000000FF000000FF000000FF000000FF000000FF000000FF000000FF000000FF000000FF000000FF000000FF000000FF000000FF000000FF000000FF000000FF000000FF000000FF000000FF000000FF000000FF000000FF000000FF000000FF000000FF000000FF000000FF000000FF000000FF000000FF000000FF000000FF000000FF000000FF000000FF000000FF000000FF000000FF000000FF000000FF000000FF000000FF000000FF000000FF000000FF000000FF000000FF000000FF000000FF000000FF000000FF000000FF000000FF000000FF000000FF000000FF000000FF000000FF000000FF000000FF000000FF000000FF000000FF000000FF000000FF000000FF000000FF000000FF000000FF000000FF000000FF000000FF000000FF000000FF000000FF000000FF000000FF000000FF000000FF000000FF000000FF000000FF000000FF000000FF000000FF000000FF000000FF000000FF000000FF000000FF000000FF000000FF000000FF000000FF000000FF000000FF000000FF000000FF000000FF000000FF000000FF000000FF000000FF000000FF000000FF000000FF000000FF000000FF000000FF000000FF000000FF000000FF000000FF000000FF000000FF000000FF000000FF000000FF000000FF000000FF000000FF000000FF000000FF000000FF000000FF000000FF000000FF000000FF000000FF000000FF000000FF000000FF000000FF000000FF000000FF000000FF000000FF000000FF000000FF000000FF000000FF000000FF000000FF000000FF000000FF000000FF000000FF000000FF000000FF000000FF000000FF000000FF000000FF000000FF000000FF000000FF000000FF000000FF000000FF000000FF000000FF000000FF000000FF000000FF000000FF000000FF000000FF000000FF000000FF000000FF000000FF000000FF000000FF000000FF000000FF000000FF000000FF000000FF000000FF000000FF000000FF000000FF000000FF000000FF000000FF000000FF000000FF000000FF000000FF000000FF000000FF000000FF000000FF000000FF000000FF000000FF000000FF000000FF000000FF000000FF000000FF000000FF000000FF000000FF000000FF000000FF000000FF000000FF000000FF000000FF000000FF000000FF000000FF000000FF000000FF000000FF000000FF000000FF000000FF000000FF000000FF000000FF000000FF000000FF000000FF000000FF000000FF000000FF000000FF000000FF000000FF000000FF000000FF000000FF000000FF000000FF000000FF000000FF000000FF000000FF000000FF000000FF000000FF000000FF000000FF000000FF000000FF000000FF000000FF000000FF000000FF000000FF000000FF000000FF000000FF000000FF000000FF000000FF000000FF000000FF000000FF000000FF000000FF000000FF000000FF000000FF000000FF000000FF000000FF000000FF000000FF000000FF000000FF000000FF000000FF000000FF000000FF000000FF000000FF000000FF000000FF000000FF000000FF000000FF000000FF000000FF000000FF000000FF000000FF000000FF000000FF000000FF000000FF000000FF000000FF000000FF000000FF000000FF000000FF000000FF000000FF000000FF000000FF000000FF000000FF000000FF000000FF000000FF000000FF000000FF000000FF000000FF000000FF000000FF000000FF000000FF000000FF000000FF000000FF000000FF000000FF000000FF000000FF000000FF000000FF000000FF000000FF000000FF000000FF000000FF000000FF000000FF000000FF000000FF000000FF000000FF000000FF000000FF000000FF000000FF000000FF000000FF000000FF000000FF000000FF000000FF000000FF000000FF000000FF000000FF000000FF000000FF000000FF000000FF000000FF000000FF000000FF000000FF000000FF000000FF000000FF000000FF000000FF000000FF000000FF000000FF000000FF000000FF000000FF000000FF000000FF000000FF000000FF000000FF000000FF000000FF000000FF000000FF000000FF000000FF000000FF000000FF000000FF000000FF000000FF000000FF000000FF000000FF000000FF000000FF000000FF000000FF000000FF000000FF000000FF000000FF000000FF000000FF000000FF000000FF000000FF000000FF000000FF000000FF000000FF000000FF000000FF000000FF000000FF000000FF000000FF000000FF000000FF000000FF000000FF000000FFA9F922FFA9F922FF000000FF000000FF000000FF000000FF000000FF000000FF000000FF000000FFA9F922FFA9F922FF000000FF000000FF000000FF000000FF000000FF000000FFA9F922FFA9F922FF000000FF000000FF000000FF000000FF000000FF000000FF000000FF000000FF000000FF000000FF000000FF000000FF000000FF000000FF000000FF000000FF000000FF000000FF000000FF000000FF000000FF000000FF000000FF000000FF000000FF000000FF000000FF000000FF000000FF000000FF000000FF000000FF000000FF000000FF000000FF000000FF000000FF000000FF000000FF000000FF000000FF000000FF000000FF000000FF000000FF000000FF000000FF000000FF000000FF000000FF000000FF000000FF000000FF000000FF000000FF000000FF000000FF000000FF000000FF000000FF000000FF000000FF000000FF000000FF000000FF000000FF000000FF000000FF000000FF000000FF000000FF000000FF000000FF000000FF000000FF000000FF000000FF000000FF000000FF000000FF000000FF000000FF000000FF000000FF000000FF000000FF000000FF000000FF000000FF000000FF000000FF000000FF000000FF000000FF000000FF000000FF000000FF000000FF000000FF000000FF000000FF000000FF000000FF000000FF000000FF000000FF000000FF000000FF000000FF000000FF000000FF000000FF000000FF000000FF000000FF000000FF000000FF000000FF000000FF000000FF000000FF000000FF000000FF000000FF000000FF000000FF000000FF000000FF000000FF000000FF000000FF000000FF000000FF000000FF000000FF000000FF000000FF000000FF000000FF000000FF000000FF000000FF000000FF000000FF000000FF000000FF000000FF000000FF000000FF000000FF000000FF000000FF000000FF000000FF000000FF000000FF000000FF000000FF000000FF000000FF000000FF000000FF000000FF000000FF000000FF000000FF000000FF000000FF000000FF000000FF000000FF000000FF000000FF000000FF000000FF000000FF000000FF000000FF000000FF000000FF000000FF000000FF000000FF000000FF000000FF000000FF000000FF000000FF000000FF000000FF000000FF000000FF000000FF000000FF000000FF000000FF000000FF000000FF000000FF000000FF000000FF000000FF000000FF000000FF000000FF000000FF000000FF000000FF000000FF000000FF000000FF000000FF000000FF000000FF000000FF000000FF000000FF000000FF000000FF000000FF000000FF000000FF000000FF000000FF000000FF000000FF000000FF000000FF000000FF000000FF000000FF000000FF000000FF000000FF000000FF000000FF000000FF000000FF000000FF000000FF000000FF000000FF000000FF000000FF000000FF000000FF000000FF000000FF000000FF000000FF000000FF000000FF000000FF000000FF000000FF000000FF000000FF000000FF000000FF000000FF000000FF000000FF000000FF000000FF000000FF000000FF000000FF000000FF000000FF000000FF000000FF000000FF000000FF000000FF000000FF000000FF000000FF000000FF000000FF000000FF000000FF000000FF000000FF000000FF000000FF000000FF000000FF000000FF000000FF000000FF000000FF000000FF000000FF000000FF000000FF000000FF000000FF000000FF000000FF000000FF000000FF000000FF000000FF000000FF000000FF000000FF000000FF000000FF000000FF000000FF000000FF000000FF000000FF000000FF000000FF000000FF000000FF000000FF000000FF000000FF000000FF000000FF000000FF000000FF000000FF000000FF000000FF000000FF000000FF000000FF000000FF000000FF000000FF000000FF000000FF000000FF000000FF000000FF000000FF000000FF000000FF000000FF000000FF000000FF000000FF000000FF000000FF000000FF000000FF000000FF000000FF000000FF000000FF000000FF000000FF000000FF000000FF000000FF000000FF000000FF000000FF000000FF000000FF000000FF000000FF000000FF000000FF000000FF000000FF000000FF000000FF000000FF000000FF000000FF000000FF000000FF000000FF000000FF000000FF000000FF000000FF000000FF000000FF000000FF000000FF000000FF000000FF000000FF000000FF000000FF000000FF000000FF000000FF000000FF000000FF000000FF000000FF000000FF000000FF000000FF000000FF000000FF000000FF000000FF000000FF000000FF000000FF000000FF000000FF000000FF000000FF000000FF000000FF000000FF000000FF000000FF000000FF000000FF000000FF000000FF000000FF000000FF000000FF000000FF000000FF000000FF000000FF000000FF000000FF000000FF000000FF000000FF000000FF000000FF000000FF000000FF000000FF000000FF000000FF000000FF000000FF000000FF000000FF000000FF000000FF000000FF000000FF000000FF000000FF000000FF000000FF000000FF000000FF000000FF000000FF000000FF000000FF000000FF000000FF000000FF000000FF000000FF000000FF000000FF000000FF000000FF000000FF000000FF000000FF000000FF000000FF000000FF000000FF000000FF000000FF000000FF000000FF000000FF000000FF000000FF000000FF000000FF000000FF000000FF000000FF000000FF000000FF000000FF000000FF000000FF000000FF000000FF000000FF000000FF000000FF000000FF000000FF000000FF000000FF000000FF000000FF000000FF000000FF000000FF000000FF000000FF000000FF000000FF000000FF000000FF000000FF000000FF000000FF000000FF000000FF000000FF000000FF000000FF000000FF000000FF000000FF000000FF000000FF000000FF000000FF000000FF000000FF000000FF000000FF000000FF000000FF000000FF000000FF000000FF000000FF000000FF000000FF000000FF000000FF000000FF000000FF000000FFA9F922FFA9F922FF000000FF000000FF000000FF000000FF000000FF000000FF000000FF000000FF000000FF000000FF000000FF000000FFA9F922FFA9F922FF000000FF000000FF000000FF000000FF000000FF000000FF000000FF000000FF000000FF000000FF000000FF000000FF000000FF000000FF000000FF000000FF000000FF000000FF000000FF000000FF000000FF000000FF000000FF000000FF000000FF000000FF000000FF000000FF000000FF000000FF000000FF000000FF000000FF000000FF000000FF000000FF000000FF000000FF000000FF000000FF000000FF000000FF000000FF000000FF000000FF000000FF000000FF000000FF000000FF000000FF000000FF000000FF000000FF000000FF000000FF000000FF000000FF000000FF000000FF000000FF000000FF000000FF000000FF000000FF000000FF000000FF000000FF000000FF000000FF000000FF000000FF000000FF000000FF000000FF000000FF000000FF000000FF000000FF000000FF000000FF000000FF000000FF000000FF000000FF000000FF000000FF000000FF000000FF000000FF000000FF000000FF000000FF000000FF000000FF000000FF000000FF000000FF000000FF000000FF000000FF000000FF000000FF000000FF000000FF000000FF000000FF000000FF000000FF000000FF000000FF000000FF000000FF000000FF000000FF000000FF000000FF000000FF000000FF000000FF000000FF000000FF000000FF000000FF000000FF000000FF000000FF000000FF000000FF000000FF000000FF000000FF000000FF000000FF000000FF000000FF000000FF000000FF000000FF000000FF000000FF000000FF000000FF000000FF000000FF000000FF000000FF000000FF000000FF000000FF000000FF000000FF000000FF000000FF000000FF000000FF000000FF000000FF000000FF000000FF000000FF000000FF000000FF000000FF000000FF000000FF000000FF000000FF000000FF000000FF000000FF000000FF000000FF000000FF000000FF000000FF000000FF000000FF000000FF000000FF000000FF000000FF000000FF000000FF000000FF000000FF000000FF000000FF000000FF000000FF000000FF000000FF000000FF000000FF000000FF000000FF000000FF000000FF000000FF000000FF000000FF000000FF000000FF000000FF000000FF000000FF000000FF000000FF000000FF000000FF000000FF000000FF000000FF000000FF000000FF000000FF000000FF000000FF000000FF000000FF000000FF000000FF000000FF000000FF000000FF000000FF000000FF000000FF000000FF000000FF000000FF000000FF000000FF000000FF000000FF000000FF000000FF000000FF000000FF000000FF000000FF000000FF000000FF000000FF000000FF000000FF000000FF000000FF000000FF000000FF000000FF000000FF000000FF000000FF000000FF000000FF000000FF000000FF000000FF000000FF000000FF000000FF000000FF000000FF000000FF000000FF000000FF000000FF000000FF000000FF000000FF000000FF000000FF000000FF000000FF000000FF000000FF000000FF000000FF000000FF000000FF000000FF000000FF000000FF000000FF000000FF000000FF000000FF000000FF000000FF000000FF000000FF000000FF000000FF000000FF000000FF000000FF000000FF000000FF000000FF000000FF000000FF000000FF000000FF000000FF000000FF000000FF000000FF000000FF000000FF000000FF000000FF000000FF000000FF000000FF000000FF000000FF000000FF000000FF000000FF000000FF000000FF000000FF000000FF000000FF000000FF000000FF000000FF000000FF000000FF000000FF000000FF000000FF000000FF000000FF000000FF000000FF000000FF000000FF000000FF000000FF000000FF000000FF000000FF000000FF000000FF000000FF000000FF000000FF000000FF000000FF000000FF000000FF000000FF000000FF000000FF000000FF000000FF000000FF000000FF000000FF000000FF000000FF000000FF000000FF000000FF000000FF000000FF000000FF000000FF000000FF000000FF000000FF000000FF000000FF000000FF000000FF000000FF000000FF000000FF000000FF000000FF000000FF000000FF000000FF000000FF000000FF000000FF000000FF000000FF000000FF000000FF000000FF000000FF000000FF000000FF000000FF000000FF000000FF000000FF000000FF000000FF000000FF000000FF000000FF000000FF000000FF000000FF000000FF000000FF000000FF000000FF000000FF000000FF000000FF000000FF000000FF000000FF000000FF000000FF000000FF000000FF000000FF000000FF000000FF000000FF000000FF000000FF000000FF000000FF000000FF000000FF000000FF000000FF000000FF000000FF000000FF000000FF000000FF000000FF000000FF000000FF000000FF000000FF000000FF000000FF000000FF000000FF000000FF000000FF000000FF000000FF000000FF000000FF000000FF000000FF000000FF000000FF000000FF000000FF000000FF000000FF000000FF000000FF000000FF000000FF000000FF000000FF000000FF000000FF000000FF000000FF000000FF000000FF000000FF000000FF000000FF000000FF000000FF000000FF000000FF000000FF000000FF000000FF000000FF000000FF000000FF000000FF000000FF000000FF000000FF000000FF000000FF000000FF000000FF000000FF000000FF000000FF000000FF000000FF000000FF000000FF000000FF000000FF000000FF000000FF000000FF000000FF000000FF000000FF000000FF000000FF000000FF000000FF000000FF000000FF000000FF000000FF000000FF000000FF000000FF000000FF000000FF000000FF000000FF000000FF000000FF000000FF000000FF000000FF000000FF000000FF000000FF000000FF000000FF000000FF000000FF000000FF000000FF000000FF000000FF000000FF000000FF000000FF000000FFA9F922FFA9F922FF000000FF000000FF000000FF000000FF000000FF000000FF000000FF000000FF000000FF000000FF000000FF000000FFA9F922FFA9F922FF000000FF000000FF000000FF000000FF000000FF000000FF000000FF000000FF000000FF000000FF000000FF000000FF000000FF000000FF000000FF000000FF000000FF000000FF000000FF000000FF000000FF000000FF000000FF000000FF000000FF000000FF000000FF000000FF000000FF000000FF000000FF000000FF000000FF000000FF000000FF000000FF000000FF000000FF000000FF000000FF000000FF000000FF000000FF000000FF000000FF000000FF000000FF000000FF000000FF000000FF000000FF000000FF000000FF000000FF000000FF000000FF000000FF000000FF000000FF000000FF000000FF000000FF000000FF000000FF000000FF000000FF000000FF000000FF000000FF000000FF000000FF000000FF000000FF000000FF000000FF000000FF000000FF000000FF000000FF000000FF000000FF000000FF000000FF000000FF000000FF000000FF000000FF000000FF000000FF000000FF000000FF000000FF000000FF000000FF000000FF000000FF000000FF000000FF000000FF000000FF000000FF000000FF000000FF000000FF000000FF000000FF000000FF000000FF000000FF000000FF000000FF000000FF000000FF000000FF000000FF000000FF000000FF000000FF000000FF000000FF000000FF000000FF000000FF000000FF000000FF000000FF000000FF000000FF000000FF000000FF000000FF000000FF000000FF000000FF000000FF000000FF000000FF000000FF000000FF000000FF000000FF000000FF000000FF000000FF000000FF000000FF000000FF000000FF000000FF000000FF000000FF000000FF000000FF000000FF000000FF000000FF000000FF000000FF000000FF000000FF000000FF000000FF000000FF000000FF000000FF000000FF000000FF000000FF000000FF000000FF000000FF000000FF000000FF000000FF000000FF000000FF000000FF000000FF000000FF000000FF000000FF000000FF000000FF000000FF000000FF000000FF000000FF000000FF000000FF000000FF000000FF000000FF000000FF000000FF000000FF000000FF000000FF000000FF000000FF000000FF000000FF000000FF000000FF000000FF000000FF000000FF000000FF000000FF000000FF000000FF000000FF000000FF000000FF000000FF000000FF000000FF000000FF000000FF000000FF000000FF000000FF000000FF000000FF000000FF000000FF000000FF000000FF000000FF000000FF000000FF000000FF000000FF000000FF000000FF000000FF000000FF000000FF000000FF000000FF000000FF000000FF000000FF000000FF000000FF000000FF000000FF000000FF000000FF000000FF000000FF000000FF000000FF000000FF000000FF000000FF000000FF000000FF000000FF000000FF000000FF000000FF000000FF000000FF000000FF000000FF000000FF000000FF000000FF000000FF000000FF000000FF000000FF000000FF000000FF000000FF000000FF000000FF000000FF000000FF000000FF000000FF000000FF000000FF000000FF000000FF000000FF000000FF000000FF000000FF000000FF000000FF000000FF000000FF000000FF000000FF000000FF000000FF000000FF000000FF000000FF000000FF000000FF000000FF000000FF000000FF000000FF000000FF000000FF000000FF000000FF000000FF000000FF000000FF000000FF000000FF000000FF000000FF000000FF000000FF000000FF000000FF000000FF000000FF000000FF000000FF000000FF000000FF000000FF000000FF000000FF000000FF000000FF000000FF000000FF000000FF000000FF000000FF000000FF000000FF000000FF000000FF000000FF000000FF000000FF000000FF000000FF000000FF000000FF000000FF000000FF000000FF000000FF000000FF000000FF000000FF000000FF000000FF000000FF000000FF000000FF000000FF000000FF000000FF000000FF000000FF000000FF000000FF000000FF000000FF000000FF000000FF000000FF000000FF000000FF000000FF000000FF000000FF000000FF000000FF000000FF000000FF000000FF000000FF000000FF000000FF000000FF000000FF000000FF000000FF000000FF000000FF000000FF000000FF000000FF000000FF000000FF000000FF000000FF000000FF000000FF000000FF000000FF000000FF000000FF000000FF000000FF000000FF000000FF000000FF000000FF000000FF000000FF000000FF000000FF000000FF000000FF000000FF000000FF000000FF000000FF000000FF000000FF000000FF000000FF000000FF000000FF000000FF000000FF000000FF000000FF000000FF000000FF000000FF000000FF000000FF000000FF000000FF000000FF000000FF000000FF000000FF000000FF000000FF000000FF000000FF000000FF000000FF000000FF000000FF000000FF000000FF000000FF000000FF000000FF000000FF000000FF000000FF000000FF000000FF000000FF000000FF000000FF000000FF000000FF000000FF000000FF000000FF000000FF000000FF000000FF000000FF000000FF000000FF000000FF000000FF000000FF000000FF000000FF000000FF000000FF000000FF000000FF000000FF000000FF000000FF000000FF000000FF000000FF000000FF000000FF000000FF000000FF000000FF000000FF000000FF000000FF000000FF000000FF000000FF000000FF000000FF000000FF000000FF000000FF000000FF000000FF000000FF000000FF000000FF000000FF000000FF000000FF000000FF000000FF000000FF000000FF000000FF000000FF000000FF000000FF000000FF000000FF000000FF000000FF000000FF000000FF000000FF000000FF000000FF000000FF000000FF000000FF000000FF000000FF000000FF000000FF000000FF000000FF000000FF000000FF000000FF000000FF000000FF000000FF000000FF000000FFA9F922FFA9F922FF000000FF000000FF000000FF000000FF000000FF000000FF000000FF000000FFA9F922FFA9F922FF000000FF000000FF000000FF000000FF000000FF000000FF000000FF000000FF000000FF000000FF000000FF000000FF000000FF000000FF000000FF000000FF000000FF000000FF000000FF000000FF000000FF000000FF000000FF000000FF000000FF000000FF000000FF000000FF000000FF000000FF000000FF000000FF000000FF000000FF000000FF000000FF000000FF000000FF000000FF000000FF000000FF000000FF000000FF000000FF000000FF000000FF000000FF000000FF000000FF000000FF000000FF000000FF000000FF000000FF000000FF000000FF000000FF000000FF000000FF000000FF000000FF000000FF000000FF000000FF000000FF000000FF000000FF000000FF000000FF000000FF000000FF000000FF000000FF000000FF000000FF000000FF000000FF000000FF000000FF000000FF000000FF000000FF000000FF000000FF000000FF000000FF000000FF000000FF000000FF000000FF000000FF000000FF000000FF000000FF000000FF000000FF000000FF000000FF000000FF000000FF000000FF000000FF000000FF000000FF000000FF000000FF000000FF000000FF000000FF000000FF000000FF000000FF000000FF000000FF000000FF000000FF000000FF000000FF000000FF000000FF000000FF000000FF000000FF000000FF000000FF000000FF000000FF000000FF000000FF000000FF000000FF000000FF000000FF000000FF000000FF000000FF000000FF000000FF000000FF000000FF000000FF000000FF000000FF000000FF000000FF000000FF000000FF000000FF000000FF000000FF000000FF000000FF000000FF000000FF000000FF000000FF000000FF000000FF000000FF000000FF000000FF000000FF000000FF000000FF000000FF000000FF000000FF000000FF000000FF000000FF000000FF000000FF000000FF000000FF000000FF000000FF000000FF000000FF000000FF000000FF000000FF000000FF000000FF000000FF000000FF000000FF000000FF000000FF000000FF000000FF000000FF000000FF000000FF000000FF000000FF000000FF000000FF000000FF000000FF000000FF000000FF000000FF000000FF000000FF000000FF000000FF000000FF000000FF000000FF000000FF000000FF000000FF000000FF000000FF000000FF000000FF000000FF000000FF000000FF000000FF000000FF000000FF000000FF000000FF000000FF000000FF000000FF000000FF000000FF000000FF000000FF000000FF000000FF000000FF000000FF000000FF000000FF000000FF000000FF000000FF000000FF000000FF000000FF000000FF000000FF000000FF000000FF000000FF000000FF000000FF000000FF000000FF000000FF000000FF000000FF000000FF000000FF000000FF000000FF000000FF000000FF000000FF000000FF000000FF000000FF000000FF000000FF000000FF000000FF000000FF000000FF000000FF000000FF000000FF000000FF000000FF000000FF000000FF000000FF000000FF000000FF000000FF000000FF000000FF000000FF000000FF000000FF000000FF000000FF000000FF000000FF000000FF000000FF000000FF000000FF000000FF000000FF000000FF000000FF000000FF000000FF000000FF000000FF000000FF000000FF000000FF000000FF000000FF000000FF000000FF000000FF000000FF000000FF000000FF000000FF000000FF000000FF000000FF000000FF000000FF000000FF000000FF000000FF000000FF000000FF000000FF000000FF000000FF000000FF000000FF000000FF000000FF000000FF000000FF000000FF000000FF000000FF000000FF000000FF000000FF000000FF000000FF000000FF000000FF000000FF000000FF000000FF000000FF000000FF000000FF000000FF000000FF000000FF000000FF000000FF000000FF000000FF000000FF000000FF000000FF000000FF000000FF000000FF000000FF000000FF000000FF000000FF000000FF000000FF000000FF000000FF000000FF000000FF000000FF000000FF000000FF000000FF000000FF000000FF000000FF000000FF000000FF000000FF000000FF000000FF000000FF000000FF000000FF000000FF000000FF000000FF000000FF000000FF000000FF000000FF000000FF000000FF000000FF000000FF000000FF000000FF000000FF000000FF000000FF000000FF000000FF000000FF000000FF000000FF000000FF000000FF000000FF000000FF000000FF000000FF000000FF000000FF000000FF000000FF000000FF000000FF000000FF000000FF000000FF000000FF000000FF000000FF000000FF000000FF000000FF000000FF000000FF000000FF000000FF000000FF000000FF000000FF000000FF000000FF000000FF000000FF000000FF000000FF000000FF000000FF000000FF000000FF000000FF000000FF000000FF000000FF000000FF000000FF000000FF000000FF000000FF000000FF000000FF000000FF000000FF000000FF000000FF000000FF000000FF000000FF000000FF000000FF000000FF000000FF000000FF000000FF000000FF000000FF000000FF000000FF000000FF000000FF000000FF000000FF000000FF000000FF000000FF000000FF000000FF000000FF000000FF000000FF000000FF000000FF000000FF000000FF000000FF000000FF000000FF000000FF000000FF000000FF000000FF000000FF000000FF000000FF000000FF000000FF000000FF000000FF000000FF000000FF000000FF000000FF000000FF000000FF000000FF000000FF000000FF000000FF000000FF000000FF000000FF000000FF000000FF000000FF000000FF000000FF000000FF000000FF000000FF000000FF000000FF000000FF000000FF000000FF000000FF000000FF000000FF000000FF000000FF000000FF000000FF000000FF000000FF000000FF000000FF000000FF000000FF000000FF000000FF000000FF000000FFA9F922FFA9F922FF000000FF000000FF000000FF000000FF000000FF000000FF000000FF000000FFA9F922FFA9F922FF000000FF000000FF000000FF000000FF000000FF000000FF000000FF000000FF000000FF000000FF000000FF000000FF000000FF000000FF000000FF000000FF000000FF000000FF000000FF000000FF000000FF000000FF000000FF000000FF000000FF000000FF000000FF000000FF000000FF000000FF000000FF000000FF000000FF000000FF000000FF000000FF000000FF000000FF000000FF000000FF000000FF000000FF000000FF000000FF000000FF000000FF000000FF000000FF000000FF000000FF000000FF000000FF000000FF000000FF000000FF000000FF000000FF000000FF000000FF000000FF000000FF000000FF000000FF000000FF000000FF000000FF000000FF000000FF000000FF000000FF000000FF000000FF000000FF000000FF000000FF000000FF000000FF000000FF000000FF000000FF000000FF000000FF000000FF000000FF000000FF000000FF000000FF000000FF000000FF000000FF000000FF000000FF000000FF000000FF000000FF000000FF000000FF000000FF000000FF000000FF000000FF000000FF000000FF000000FF000000FF000000FF000000FF000000FF000000FF000000FF000000FF000000FF000000FF000000FF000000FF000000FF000000FF000000FF000000FF000000FF000000FF000000FF000000FF000000FF000000FF000000FF000000FF000000FF000000FF000000FF000000FF000000FF000000FF000000FF000000FF000000FF000000FF000000FF000000FF000000FF000000FF000000FF000000FF000000FF000000FF000000FF000000FF000000FF000000FF000000FF000000FF000000FF000000FF000000FF000000FF000000FF000000FF000000FF000000FF000000FF000000FF000000FF000000FF000000FF000000FF000000FF000000FF000000FF000000FF000000FF000000FF000000FF000000FF000000FF000000FF000000FF000000FF000000FF000000FF000000FF000000FF000000FF000000FF000000FF000000FF000000FF000000FF000000FF000000FF000000FF000000FF000000FF000000FF000000FF000000FF000000FF000000FF000000FF000000FF000000FF000000FF000000FF000000FF000000FF000000FF000000FF000000FF000000FF000000FF000000FF000000FF000000FF000000FF000000FF000000FF000000FF000000FF000000FF000000FF000000FF000000FF000000FF000000FF000000FF000000FF000000FF000000FF000000FF000000FF000000FF000000FF000000FF000000FF000000FF000000FF000000FF000000FF000000FF000000FF000000FF000000FF000000FF000000FF000000FF000000FF000000FF000000FF000000FF000000FF000000FF000000FF000000FF000000FF000000FF000000FF000000FF000000FF000000FF000000FF000000FF000000FF000000FF000000FF000000FF000000FF000000FF000000FF000000FF000000FF000000FF000000FF000000FF000000FF000000FF000000FF000000FF000000FF000000FF000000FF000000FF000000FF000000FF000000FF000000FF000000FF000000FF000000FF000000FF000000FF000000FF000000FF000000FF000000FF000000FF000000FF000000FF000000FF000000FF000000FF000000FF000000FF000000FF000000FF000000FF000000FF000000FF000000FF000000FF000000FF000000FF000000FF000000FF000000FF000000FF000000FF000000FF000000FF000000FF000000FF000000FF000000FF000000FF000000FF000000FF000000FF000000FF000000FF000000FF000000FF000000FF000000FF000000FF000000FF000000FF000000FF000000FF000000FF000000FF000000FF000000FF000000FF000000FF000000FF000000FF000000FF000000FF000000FF000000FF000000FF000000FF000000FF000000FF000000FF000000FF000000FF000000FF000000FF000000FF000000FF000000FF000000FF000000FF000000FF000000FF000000FF000000FF000000FF000000FF000000FF000000FF000000FF000000FF000000FF000000FF000000FF000000FF000000FF000000FF000000FF000000FF000000FF000000FF000000FF000000FF000000FF000000FF000000FF000000FF000000FF000000FF000000FF000000FF000000FF000000FF000000FF000000FF000000FF000000FF000000FF000000FF000000FF000000FF000000FF000000FF000000FF000000FF000000FF000000FF000000FF000000FF000000FF000000FF000000FF000000FF000000FF000000FF000000FF000000FF000000FF000000FF000000FF000000FF000000FF000000FF000000FF000000FF000000FF000000FF000000FF000000FF000000FF000000FF000000FF000000FF000000FF000000FF000000FF000000FF000000FF000000FF000000FF000000FF000000FF000000FF000000FF000000FF000000FF000000FF000000FF000000FF000000FF000000FF000000FF000000FF000000FF000000FF000000FF000000FF000000FF000000FF000000FF000000FF000000FF000000FF000000FF000000FF000000FF000000FF000000FF000000FF000000FF000000FF000000FF000000FF000000FF000000FF000000FF000000FF000000FF000000FF000000FF000000FF000000FF000000FF000000FF000000FF000000FF000000FF000000FF000000FF000000FF000000FF000000FF000000FF000000FF000000FF000000FF000000FF000000FF000000FF000000FF000000FF000000FF000000FF000000FF000000FF000000FF000000FF000000FF000000FF000000FF000000FF000000FF000000FF000000FF000000FF000000FF000000FF000000FF000000FF000000FF000000FF000000FF000000FF000000FF000000FF000000FF000000FF000000FF000000FF000000FF000000FF000000FF000000FF000000FF000000FF000000FF000000FF000000FF000000FF000000FF000000FF000000FF000000FF000000FF000000FFA9F922FFA9F922FF000000FF000000FF000000FF000000FF000000FF000000FF000000FF000000FF000000FF000000FFA9F922FFA9F922FF000000FF000000FF000000FF000000FF000000FF000000FF000000FF000000FF000000FF000000FF000000FF000000FF000000FF000000FF000000FF000000FF000000FF000000FF000000FF000000FF000000FF000000FF000000FF000000FF000000FF000000FF000000FF000000FF000000FF000000FF000000FF000000FF000000FF000000FF000000FF000000FF000000FF000000FF000000FF000000FF000000FF000000FF000000FF000000FF000000FF000000FF000000FF000000FF000000FF000000FF000000FF000000FF000000FF000000FF000000FF000000FF000000FF000000FF000000FF000000FF000000FF000000FF000000FF000000FF000000FF000000FF000000FF000000FF000000FF000000FF000000FF000000FF000000FF000000FF000000FF000000FF000000FF000000FF000000FF000000FF000000FF000000FF000000FF000000FF000000FF000000FF000000FF000000FF000000FF000000FF000000FF000000FF000000FF000000FF000000FF000000FF000000FF000000FF000000FF000000FF000000FF000000FF000000FF000000FF000000FF000000FF000000FF000000FF000000FF000000FF000000FF000000FF000000FF000000FF000000FF000000FF000000FF000000FF000000FF000000FF000000FF000000FF000000FF000000FF000000FF000000FF000000FF000000FF000000FF000000FF000000FF000000FF000000FF000000FF000000FF000000FF000000FF000000FF000000FF000000FF000000FF000000FF000000FF000000FF000000FF000000FF000000FF000000FF000000FF000000FF000000FF000000FF000000FF000000FF000000FF000000FF000000FF000000FF000000FF000000FF000000FF000000FF000000FF000000FF000000FF000000FF000000FF000000FF000000FF000000FF000000FF000000FF000000FF000000FF000000FF000000FF000000FF000000FF000000FF000000FF000000FF000000FF000000FF000000FF000000FF000000FF000000FF000000FF000000FF000000FF000000FF000000FF000000FF000000FF000000FF000000FF000000FF000000FF000000FF000000FF000000FF000000FF000000FF000000FF000000FF000000FF000000FF000000FF000000FF000000FF000000FF000000FF000000FF000000FF000000FF000000FF000000FF000000FF000000FF000000FF000000FF000000FF000000FF000000FF000000FF000000FF000000FF000000FF000000FF000000FF000000FF000000FF000000FF000000FF000000FF000000FF000000FF000000FF000000FF000000FF000000FF000000FF000000FF000000FF000000FF000000FF000000FF000000FF000000FF000000FF000000FF000000FF000000FF000000FF000000FF000000FF000000FF000000FF000000FF000000FF000000FF000000FF000000FF000000FF000000FF000000FF000000FF000000FF000000FF000000FF000000FF000000FF000000FF000000FF000000FF000000FF000000FF000000FF000000FF000000FF000000FF000000FF000000FF000000FF000000FF000000FF000000FF000000FF000000FF000000FF000000FF000000FF000000FF000000FF000000FF000000FF000000FF000000FF000000FF000000FF000000FF000000FF000000FF000000FF000000FF000000FF000000FF000000FF000000FF000000FF000000FF000000FF000000FF000000FF000000FF000000FF000000FF000000FF000000FF000000FF000000FF000000FF000000FF000000FF000000FF000000FF000000FF000000FF000000FF000000FF000000FF000000FF000000FF000000FF000000FF000000FF000000FF000000FF000000FF000000FF000000FF000000FF000000FF000000FF000000FF000000FF000000FF000000FF000000FF000000FF000000FF000000FF000000FF000000FF000000FF000000FF000000FF000000FF000000FF000000FF000000FF000000FF000000FF000000FF000000FF000000FF000000FF000000FF000000FF000000FF000000FF000000FF000000FF000000FF000000FF000000FF000000FF000000FF000000FF000000FF000000FF000000FF000000FF000000FF000000FF000000FF000000FF000000FF000000FF000000FF000000FF000000FF000000FF000000FF000000FF000000FF000000FF000000FF000000FF000000FF000000FF000000FF000000FF000000FF000000FF000000FF000000FF000000FF000000FF000000FF000000FF000000FF000000FF000000FF000000FF000000FF000000FF000000FF000000FF000000FF000000FF000000FF000000FF000000FF000000FF000000FF000000FF000000FF000000FF000000FF000000FF000000FF000000FF000000FF000000FF000000FF000000FF000000FF000000FF000000FF000000FF000000FF000000FF000000FF000000FF000000FF000000FF000000FF000000FF000000FF000000FF000000FF000000FF000000FF000000FF000000FF000000FF000000FF000000FF000000FF000000FF000000FF000000FF000000FF000000FF000000FF000000FF000000FF000000FF000000FF000000FF000000FF000000FF000000FF000000FF000000FF000000FF000000FF000000FF000000FF000000FF000000FF000000FF000000FF000000FF000000FF000000FF000000FF000000FF000000FF000000FF000000FF000000FF000000FF000000FF000000FF000000FF000000FF000000FF000000FF000000FF000000FF000000FF000000FF000000FF000000FF000000FF000000FF000000FF000000FF000000FF000000FF000000FF000000FF000000FF000000FF000000FF000000FF000000FF000000FF000000FF000000FF000000FF000000FF000000FF000000FF000000FF000000FF000000FF000000FF000000FF000000FF000000FF000000FF000000FF000000FF000000FF000000FF000000FF000000FF000000FF000000FF000000FF000000FF000000FF000000FFA9F922FFA9F922FF000000FF000000FF000000FF000000FF000000FF000000FF000000FF000000FF000000FF000000FFA9F922FFA9F922FF000000FF000000FF000000FF000000FF000000FF000000FF000000FF000000FF000000FF000000FF000000FF000000FF000000FF000000FF000000FF000000FF000000FF000000FF000000FF000000FF000000FF000000FF000000FF000000FF000000FF000000FF000000FF000000FF000000FF000000FF000000FF000000FF000000FF000000FF000000FF000000FF000000FF000000FF000000FF000000FF000000FF000000FF000000FF000000FF000000FF000000FF000000FF000000FF000000FF000000FF000000FF000000FF000000FF000000FF000000FF000000FF000000FF000000FF000000FF000000FF000000FF000000FF000000FF000000FF000000FF000000FF000000FF000000FF000000FF000000FF000000FF000000FF000000FF000000FF000000FF000000FF000000FF000000FF000000FF000000FF000000FF000000FF000000FF000000FF000000FF000000FF000000FF000000FF000000FF000000FF000000FF000000FF000000FF000000FF000000FF000000FF000000FF000000FF000000FF000000FF000000FF000000FF000000FF000000FF000000FF000000FF000000FF000000FF000000FF000000FF000000FF000000FF000000FF000000FF000000FF000000FF000000FF000000FF000000FF000000FF000000FF000000FF000000FF000000FF000000FF000000FF000000FF000000FF000000FF000000FF000000FF000000FF000000FF000000FF000000FF000000FF000000FF000000FF000000FF000000FF000000FF000000FF000000FF000000FF000000FF000000FF000000FF000000FF000000FF000000FF000000FF000000FF000000FF000000FF000000FF000000FF000000FF000000FF000000FF000000FF000000FF000000FF000000FF000000FF000000FF000000FF000000FF000000FF000000FF000000FF000000FF000000FF000000FF000000FF000000FF000000FF000000FF000000FF000000FF000000FF000000FF000000FF000000FF000000FF000000FF000000FF000000FF000000FF000000FF000000FF000000FF000000FF000000FF000000FF000000FF000000FF000000FF000000FF000000FF000000FF000000FF000000FF000000FF000000FF000000FF000000FF000000FF000000FF000000FF000000FF000000FF000000FF000000FF000000FF000000FF000000FF000000FF000000FF000000FF000000FF000000FF000000FF000000FF000000FF000000FF000000FF000000FF000000FF000000FF000000FF000000FF000000FF000000FF000000FF000000FF000000FF000000FF000000FF000000FF000000FF000000FF000000FF000000FF000000FF000000FF000000FF000000FF000000FF000000FF000000FF000000FF000000FF000000FF000000FF000000FF000000FF000000FF000000FF000000FF000000FF000000FF000000FF000000FF000000FF000000FF000000FF000000FF000000FF000000FF000000FF000000FF000000FF000000FF000000FF000000FF000000FF000000FF000000FF000000FF000000FF000000FF000000FF000000FF000000FF000000FF000000FF000000FF000000FF000000FF000000FF000000FF000000FF000000FF000000FF000000FF000000FF000000FF000000FF000000FF000000FF000000FF000000FF000000FF000000FF000000FF000000FF000000FF000000FF000000FF000000FF000000FF000000FF000000FF000000FF000000FF000000FF000000FF000000FF000000FF000000FF000000FF000000FF000000FF000000FF000000FF000000FF000000FF000000FF000000FF000000FF000000FF000000FF000000FF000000FF000000FF000000FF000000FF000000FF000000FF000000FF000000FF000000FF000000FF000000FF000000FF000000FF000000FF000000FF000000FF000000FF000000FF000000FF000000FF000000FF000000FF000000FF000000FF000000FF000000FF000000FF000000FF000000FF000000FF000000FF000000FF000000FF000000FF000000FF000000FF000000FF000000FF000000FF000000FF000000FF000000FF000000FF000000FF000000FF000000FF000000FF000000FF000000FF000000FF000000FF000000FF000000FF000000FF000000FF000000FF000000FF000000FF000000FF000000FF000000FF000000FF000000FF000000FF000000FF000000FF000000FF000000FF000000FF000000FF000000FF000000FF000000FF000000FF000000FF000000FF000000FF000000FF000000FF000000FF000000FF000000FF000000FF000000FF000000FF000000FF000000FF000000FF000000FF000000FF000000FF000000FF000000FF000000FF000000FF000000FF000000FF000000FF000000FF000000FF000000FF000000FF000000FF000000FF000000FF000000FF000000FF000000FF000000FF000000FF000000FF000000FF000000FF000000FF000000FF000000FF000000FF000000FF000000FF000000FF000000FF000000FF000000FF000000FF000000FF000000FF000000FF000000FF000000FF000000FF000000FF000000FF000000FF000000FF000000FF000000FF000000FF000000FF000000FF000000FF000000FF000000FF000000FF000000FF000000FF000000FF000000FF000000FF000000FF000000FF000000FF000000FF000000FF000000FF000000FF000000FF000000FF000000FF000000FF000000FF000000FF000000FF000000FF000000FF000000FF000000FF000000FF000000FF000000FF000000FF000000FF000000FF000000FF000000FF000000FF000000FF000000FF000000FF000000FF000000FF000000FF000000FF000000FF000000FF000000FF000000FF000000FF000000FF000000FF000000FF000000FF000000FF000000FF000000FF000000FF000000FF000000FF000000FF000000FF000000FF000000FF000000FF000000FF000000FF000000FF000000FF000000FF000000FF000000FF000000FF000000FFA9F922FFA9F922FF000000FF000000FF000000FF000000FF000000FF000000FF000000FF000000FF000000FF000000FF000000FF000000FF000000FF000000FF000000FF000000FF000000FF000000FF000000FF000000FF000000FF000000FF000000FF000000FF000000FF000000FF000000FF000000FF000000FF000000FF000000FF000000FF000000FF000000FF000000FF000000FF000000FF000000FF000000FF000000FF000000FF000000FF000000FF000000FF000000FF000000FF000000FF000000FF000000FF000000FF000000FF000000FF000000FF000000FF000000FF000000FF000000FF000000FF000000FF000000FF000000FF000000FF000000FF000000FF000000FF000000FF000000FF000000FF000000FF000000FF000000FF000000FF000000FF000000FF000000FF000000FF000000FF000000FF000000FF000000FF000000FF000000FF000000FF000000FF000000FF000000FF000000FF000000FF000000FF000000FF000000FF000000FF000000FF000000FF000000FF000000FF000000FF000000FF000000FF000000FF000000FF000000FF000000FF000000FF000000FF000000FF000000FF000000FF000000FF000000FF000000FF000000FF000000FF000000FF000000FF000000FF000000FF000000FF000000FF000000FF000000FF000000FF000000FF000000FF000000FF000000FF000000FF000000FF000000FF000000FF000000FF000000FF000000FF000000FF000000FF000000FF000000FF000000FF000000FF000000FF000000FF000000FF000000FF000000FF000000FF000000FF000000FF000000FF000000FF000000FF000000FF000000FF000000FF000000FF000000FF000000FF000000FF000000FF000000FF000000FF000000FF000000FF000000FF000000FF000000FF000000FF000000FF000000FF000000FF000000FF000000FF000000FF000000FF000000FF000000FF000000FF000000FF000000FF000000FF000000FF000000FF000000FF000000FF000000FF000000FF000000FF000000FF000000FF000000FF000000FF000000FF000000FF000000FF000000FF000000FF000000FF000000FF000000FF000000FF000000FF000000FF000000FF000000FF000000FF000000FF000000FF000000FF000000FF000000FF000000FF000000FF000000FF000000FF000000FF000000FF000000FF000000FF000000FF000000FF000000FF000000FF000000FF000000FF000000FF000000FF000000FF000000FF000000FF000000FF000000FF000000FF000000FF000000FF000000FF000000FF000000FF000000FF000000FF000000FF000000FF000000FF000000FF000000FF000000FF000000FF000000FF000000FF000000FF000000FF000000FF000000FF000000FF000000FF000000FF000000FF000000FF000000FF000000FF000000FF000000FF000000FF000000FF000000FF000000FF000000FF000000FF000000FF000000FF000000FF000000FF000000FF000000FF000000FF000000FF000000FF000000FF000000FF000000FF000000FF000000FF000000FF000000FF000000FF000000FF000000FF000000FF000000FF000000FF000000FF000000FF000000FF000000FF000000FF000000FF000000FF000000FF000000FF000000FF000000FF000000FF000000FF000000FF000000FF000000FF000000FF000000FF000000FF000000FF000000FF000000FF000000FF000000FF000000FF000000FF000000FF000000FF000000FF000000FF000000FF000000FF000000FF000000FF000000FF000000FF000000FF000000FF000000FF000000FF000000FF000000FF000000FF000000FF000000FF000000FF000000FF000000FF000000FF000000FF000000FF000000FF000000FF000000FF000000FF000000FF000000FF000000FF000000FF000000FF000000FF000000FF000000FF000000FF000000FF000000FF000000FF000000FF000000FF000000FF000000FF000000FF000000FF000000FF000000FF000000FF000000FF000000FF000000FF000000FF000000FF000000FF000000FF000000FF000000FF000000FF000000FF000000FF000000FF000000FF000000FF000000FF000000FF000000FF000000FF000000FF000000FF000000FF000000FF000000FF000000FF000000FF000000FF000000FF000000FF000000FF000000FF000000FF000000FF000000FF000000FF000000FF000000FF000000FF000000FF000000FF000000FF000000FF000000FF000000FF000000FF000000FF000000FF000000FF000000FF000000FF000000FF000000FF000000FF000000FF000000FF000000FF000000FF000000FF000000FF000000FF000000FF000000FF000000FF000000FF000000FF000000FF000000FF000000FF000000FF000000FF000000FF000000FF000000FF000000FF000000FF000000FF000000FF000000FF000000FF000000FF000000FF000000FF000000FF000000FF000000FF000000FF000000FF000000FF000000FF000000FF000000FF000000FF000000FF000000FF000000FF000000FF000000FF000000FF000000FF000000FF000000FF000000FF000000FF000000FF000000FF000000FF000000FF000000FF000000FF000000FF000000FF000000FF000000FF000000FF000000FF000000FF000000FF000000FF000000FF000000FF000000FF000000FF000000FF000000FF000000FF000000FF000000FF000000FF000000FF000000FF000000FF000000FF000000FF000000FF000000FF000000FF000000FF000000FF000000FF000000FF000000FF000000FF000000FF000000FF000000FF000000FF000000FF000000FF000000FF000000FF000000FF000000FF000000FF000000FF000000FF000000FF000000FF000000FF000000FF000000FF000000FF000000FF000000FF000000FF000000FF000000FF000000FF000000FF000000FF000000FF000000FF000000FF000000FF000000FF000000FF000000FF000000FF000000FF000000FF000000FF000000FF000000FF000000FF000000FF000000FF000000FF000000FF000000FF000000FF000000FF000000FF000000FF000000FF000000FFA9F922FFA9F922FF000000FF000000FF000000FF000000FF000000FF000000FF000000FF000000FF000000FF000000FF000000FF000000FF000000FF000000FF000000FF000000FF000000FF000000FF000000FF000000FF000000FF000000FF000000FF000000FF000000FF000000FF000000FF000000FF000000FF000000FF000000FF000000FF000000FF000000FF000000FF000000FF000000FF000000FF000000FF000000FF000000FF000000FF000000FF000000FF000000FF000000FF000000FF000000FF000000FF000000FF000000FF000000FF000000FF000000FF000000FF000000FF000000FF000000FF000000FF000000FF000000FF000000FF000000FF000000FF000000FF000000FF000000FF000000FF000000FF000000FF000000FF000000FF000000FF000000FF000000FF000000FF000000FF000000FF000000FF000000FF000000FF000000FF000000FF000000FF000000FF000000FF000000FF000000FF000000FF000000FF000000FF000000FF000000FF000000FF000000FF000000FF000000FF000000FF000000FF000000FF000000FF000000FF000000FF000000FF000000FF000000FF000000FF000000FF000000FF000000FF000000FF000000FF000000FF000000FF000000FF000000FF000000FF000000FF000000FF000000FF000000FF000000FF000000FF000000FF000000FF000000FF000000FF000000FF000000FF000000FF000000FF000000FF000000FF000000FF000000FF000000FF000000FF000000FF000000FF000000FF000000FF000000FF000000FF000000FF000000FF000000FF000000FF000000FF000000FF000000FF000000FF000000FF000000FF000000FF000000FF000000FF000000FF000000FF000000FF000000FF000000FF000000FF000000FF000000FF000000FF000000FF000000FF000000FF000000FF000000FF000000FF000000FF000000FF000000FF000000FF000000FF000000FF000000FF000000FF000000FF000000FF000000FF000000FF000000FF000000FF000000FF000000FF000000FF000000FF000000FF000000FF000000FF000000FF000000FF000000FF000000FF000000FF000000FF000000FF000000FF000000FF000000FF000000FF000000FF000000FF000000FF000000FF000000FF000000FF000000FF000000FF000000FF000000FF000000FF000000FF000000FF000000FF000000FF000000FF000000FF000000FF000000FF000000FF000000FF000000FF000000FF000000FF000000FF000000FF000000FF000000FF000000FF000000FF000000FF000000FF000000FF000000FF000000FF000000FF000000FF000000FF000000FF000000FF000000FF000000FF000000FF000000FF000000FF000000FF000000FF000000FF000000FF000000FF000000FF000000FF000000FF000000FF000000FF000000FF000000FF000000FF000000FF000000FF000000FF000000FF000000FF000000FF000000FF000000FF000000FF000000FF000000FF000000FF000000FF000000FF000000FF000000FF000000FF000000FF000000FF000000FF000000FF000000FF000000FF000000FF000000FF000000FF000000FF000000FF000000FF000000FF000000FF000000FF000000FF000000FF000000FF000000FF000000FF000000FF000000FF000000FF000000FF000000FF000000FF000000FF000000FF000000FF000000FF000000FF000000FF000000FF000000FF000000FF000000FF000000FF000000FF000000FF000000FF000000FF000000FF000000FF000000FF000000FF000000FF000000FF000000FF000000FF000000FF000000FF000000FF000000FF000000FF000000FF000000FF000000FF000000FF000000FF000000FF000000FF000000FF000000FF000000FF000000FF000000FF000000FF000000FF000000FF000000FF000000FF000000FF000000FF000000FF000000FF000000FF000000FF000000FF000000FF000000FF000000FF000000FF000000FF000000FF000000FF000000FF000000FF000000FF000000FF000000FF000000FF000000FF000000FF000000FF000000FF000000FF000000FF000000FF000000FF000000FF000000FF000000FF000000FF000000FF000000FF000000FF000000FF000000FF000000FF000000FF000000FF000000FF000000FF000000FF000000FF000000FF000000FF000000FF000000FF000000FF000000FF000000FF000000FF000000FF000000FF000000FF000000FF000000FF000000FF000000FF000000FF000000FF000000FF000000FF000000FF000000FF000000FF000000FF000000FF000000FF000000FF000000FF000000FF000000FF000000FF000000FF000000FF000000FF000000FF000000FF000000FF000000FF000000FF000000FF000000FF000000FF000000FF000000FF000000FF000000FF000000FF000000FF000000FF000000FF000000FF000000FF000000FF000000FF000000FF000000FF000000FF000000FF000000FF000000FF000000FF000000FF000000FF000000FF000000FF000000FF000000FF000000FF000000FF000000FF000000FF000000FF000000FF000000FF000000FF000000FF000000FF000000FF000000FF000000FF000000FF000000FF000000FF000000FF000000FF000000FF000000FF000000FF000000FF000000FF000000FF000000FF000000FF000000FF000000FF000000FF000000FF000000FF000000FF000000FF000000FF000000FF000000FF000000FF000000FF000000FF000000FF000000FF000000FF000000FF000000FF000000FF000000FF000000FF000000FF000000FF000000FF000000FF000000FF000000FF000000FF000000FF000000FF000000FF000000FF000000FF000000FF000000FF000000FF000000FF000000FF000000FF000000FF000000FF000000FF000000FF000000FF000000FF000000FF000000FF000000FF000000FF000000FF000000FF000000FF000000FF000000FF000000FF000000FF000000FF000000FF000000FF000000FF000000FF000000FF000000FF000000FF000000FF000000FF000000FF000000FF000000FF000000FF000000FFA9F922FFA9F922FF000000FF000000FF000000FF000000FF000000FF000000FF000000FF000000FF000000FF000000FF000000FF000000FF000000FF000000FFA9F922FFA9F922FF000000FF000000FF000000FF000000FF000000FF000000FF000000FF000000FF000000FF000000FF000000FF000000FF000000FF000000FF000000FF000000FF000000FF000000FF000000FF000000FF000000FF000000FF000000FF000000FF000000FF000000FF000000FF000000FF000000FF000000FF000000FF000000FF000000FF000000FF000000FF000000FF000000FF000000FF000000FF000000FF000000FF000000FF000000FF000000FF000000FF000000FF000000FF000000FF000000FF000000FF000000FF000000FF000000FF000000FF000000FF000000FF000000FF000000FF000000FF000000FF000000FF000000FF000000FF000000FF000000FF000000FF000000FF000000FF000000FF000000FF000000FF000000FF000000FF000000FF000000FF000000FF000000FF000000FF000000FF000000FF000000FF000000FF000000FF000000FF000000FF000000FF000000FF000000FF000000FF000000FF000000FF000000FF000000FF000000FF000000FF000000FF000000FF000000FF000000FF000000FF000000FF000000FF000000FF000000FF000000FF000000FF000000FF000000FF000000FF000000FF000000FF000000FF000000FF000000FF000000FF000000FF000000FF000000FF000000FF000000FF000000FF000000FF000000FF000000FF000000FF000000FF000000FF000000FF000000FF000000FF000000FF000000FF000000FF000000FF000000FF000000FF000000FF000000FF000000FF000000FF000000FF000000FF000000FF000000FF000000FF000000FF000000FF000000FF000000FF000000FF000000FF000000FF000000FF000000FF000000FF000000FF000000FF000000FF000000FF000000FF000000FF000000FF000000FF000000FF000000FF000000FF000000FF000000FF000000FF000000FF000000FF000000FF000000FF000000FF000000FF000000FF000000FF000000FF000000FF000000FF000000FF000000FF000000FF000000FF000000FF000000FF000000FF000000FF000000FF000000FF000000FF000000FF000000FF000000FF000000FF000000FF000000FF000000FF000000FF000000FF000000FF000000FF000000FF000000FF000000FF000000FF000000FF000000FF000000FF000000FF000000FF000000FF000000FF000000FF000000FF000000FF000000FF000000FF000000FF000000FF000000FF000000FF000000FF000000FF000000FF000000FF000000FF000000FF000000FF000000FF000000FF000000FF000000FF000000FF000000FF000000FF000000FF000000FF000000FF000000FF000000FF000000FF000000FF000000FF000000FF000000FF000000FF000000FF000000FF000000FF000000FF000000FF000000FF000000FF000000FF000000FF000000FF000000FF000000FF000000FF000000FF000000FF000000FF000000FF000000FF000000FF000000FF000000FF000000FF000000FF000000FF000000FF000000FF000000FF000000FF000000FF000000FF000000FF000000FF000000FF000000FF000000FF000000FF000000FF000000FF000000FF000000FF000000FF000000FF000000FF000000FF000000FF000000FF000000FF000000FF000000FF000000FF000000FF000000FF000000FF000000FF000000FF000000FF000000FF000000FF000000FF000000FF000000FF000000FF000000FF000000FF000000FF000000FF000000FF000000FF000000FF000000FF000000FF000000FF000000FF000000FF000000FF000000FF000000FF000000FF000000FF000000FF000000FF000000FF000000FF000000FF000000FF000000FF000000FF000000FF000000FF000000FF000000FF000000FF000000FF000000FF000000FF000000FF000000FF000000FF000000FF000000FF000000FF000000FF000000FF000000FF000000FF000000FF000000FF000000FF000000FF000000FF000000FF000000FF000000FF000000FF000000FF000000FF000000FF000000FF000000FF000000FF000000FF000000FF000000FF000000FF000000FF000000FF000000FF000000FF000000FF000000FF000000FF000000FF000000FF000000FF000000FF000000FF000000FF000000FF000000FF000000FF000000FF000000FF000000FF000000FF000000FF000000FF000000FF000000FF000000FF000000FF000000FF000000FF000000FF000000FF000000FF000000FF000000FF000000FF000000FF000000FF000000FF000000FF000000FF000000FF000000FF000000FF000000FF000000FF000000FF000000FF000000FF000000FF000000FF000000FF000000FF000000FF000000FF000000FF000000FF000000FF000000FF000000FF000000FF000000FF000000FF000000FF000000FF000000FF000000FF000000FF000000FF000000FF000000FF000000FF000000FF000000FF000000FF000000FF000000FF000000FF000000FF000000FF000000FF000000FF000000FF000000FF000000FF000000FF000000FF000000FF000000FF000000FF000000FF000000FF000000FF000000FF000000FF000000FF000000FF000000FF000000FF000000FF000000FF000000FF000000FF000000FF000000FF000000FF000000FF000000FF000000FF000000FF000000FF000000FF000000FF000000FF000000FF000000FF000000FF000000FF000000FF000000FF000000FF000000FF000000FF000000FF000000FF000000FF000000FF000000FF000000FF000000FF000000FF000000FF000000FF000000FF000000FF000000FF000000FF000000FF000000FF000000FF000000FF000000FF000000FF000000FF000000FF000000FF000000FF000000FF000000FF000000FF000000FF000000FF000000FF000000FF000000FF000000FF000000FF000000FF000000FF000000FF000000FF000000FF000000FF000000FF000000FF000000FF000000FF000000FF000000FF000000FF000000FF000000FF000000FFA9F922FFA9F922FF000000FF000000FF000000FF000000FF000000FF000000FF000000FF000000FF000000FF000000FF000000FF000000FF000000FF000000FFA9F922FFA9F922FF000000FF000000FF000000FF000000FF000000FF000000FF000000FF000000FF000000FF000000FF000000FF000000FF000000FF000000FF000000FF000000FF000000FF000000FF000000FF000000FF000000FF000000FF000000FF000000FF000000FF000000FF000000FF000000FF000000FF000000FF000000FF000000FF000000FF000000FF000000FF000000FF000000FF000000FF000000FF000000FF000000FF000000FF000000FF000000FF000000FF000000FF000000FF000000FF000000FF000000FF000000FF000000FF000000FF000000FF000000FF000000FF000000FF000000FF000000FF000000FF000000FF000000FF000000FF000000FF000000FF000000FF000000FF000000FF000000FF000000FF000000FF000000FF000000FF000000FF000000FF000000FF000000FF000000FF000000FF000000FF000000FF000000FF000000FF000000FF000000FF000000FF000000FF000000FF000000FF000000FF000000FF000000FF000000FF000000FF000000FF000000FF000000FF000000FF000000FF000000FF000000FF000000FF000000FF000000FF000000FF000000FF000000FF000000FF000000FF000000FF000000FF000000FF000000FF000000FF000000FF000000FF000000FF000000FF000000FF000000FF000000FF000000FF000000FF000000FF000000FF000000FF000000FF000000FF000000FF000000FF000000FF000000FF000000FF000000FF000000FF000000FF000000FF000000FF000000FF000000FF000000FF000000FF000000FF000000FF000000FF000000FF000000FF000000FF000000FF000000FF000000FF000000FF000000FF000000FF000000FF000000FF000000FF000000FF000000FF000000FF000000FF000000FF000000FF000000FF000000FF000000FF000000FF000000FF000000FF000000FF000000FF000000FF000000FF000000FF000000FF000000FF000000FF000000FF000000FF000000FF000000FF000000FF000000FF000000FF000000FF000000FF000000FF000000FF000000FF000000FF000000FF000000FF000000FF000000FF000000FF000000FF000000FF000000FF000000FF000000FF000000FF000000FF000000FF000000FF000000FF000000FF000000FF000000FF000000FF000000FF000000FF000000FF000000FF000000FF000000FF000000FF000000FF000000FF000000FF000000FF000000FF000000FF000000FF000000FF000000FF000000FF000000FF000000FF000000FF000000FF000000FF000000FF000000FF000000FF000000FF000000FF000000FF000000FF000000FF000000FF000000FF000000FF000000FF000000FF000000FF000000FF000000FF000000FF000000FF000000FF000000FF000000FF000000FF000000FF000000FF000000FF000000FF000000FF000000FF000000FF000000FF000000FF000000FF000000FF000000FF000000FF000000FF000000FF000000FF000000FF000000FF000000FF000000FF000000FF000000FF000000FF000000FF000000FF000000FF000000FF000000FF000000FF000000FF000000FF000000FF000000FF000000FF000000FF000000FF000000FF000000FF000000FF000000FF000000FF000000FF000000FF000000FF000000FF000000FF000000FF000000FF000000FF000000FF000000FF000000FF000000FF000000FF000000FF000000FF000000FF000000FF000000FF000000FF000000FF000000FF000000FF000000FF000000FF000000FF000000FF000000FF000000FF000000FF000000FF000000FF000000FF000000FF000000FF000000FF000000FF000000FF000000FF000000FF000000FF000000FF000000FF000000FF000000FF000000FF000000FF000000FF000000FF000000FF000000FF000000FF000000FF000000FF000000FF000000FF000000FF000000FF000000FF000000FF000000FF000000FF000000FF000000FF000000FF000000FF000000FF000000FF000000FF000000FF000000FF000000FF000000FF000000FF000000FF000000FF000000FF000000FF000000FF000000FF000000FF000000FF000000FF000000FF000000FF000000FF000000FF000000FF000000FF000000FF000000FF000000FF000000FF000000FF000000FF000000FF000000FF000000FF000000FF000000FF000000FF000000FF000000FF000000FF000000FF000000FF000000FF000000FF000000FF000000FF000000FF000000FF000000FF000000FF000000FF000000FF000000FF000000FF000000FF000000FF000000FF000000FF000000FF000000FF000000FF000000FF000000FF000000FF000000FF000000FF000000FF000000FF000000FF000000FF000000FF000000FF000000FF000000FF000000FF000000FF000000FF000000FF000000FF000000FF000000FF000000FF000000FF000000FF000000FF000000FF000000FF000000FF000000FF000000FF000000FF000000FF000000FF000000FF000000FF000000FF000000FF000000FF000000FF000000FF000000FF000000FF000000FF000000FF000000FF000000FF000000FF000000FF000000FF000000FF000000FF000000FF000000FF000000FF000000FF000000FF000000FF000000FF000000FF000000FF000000FF000000FF000000FF000000FF000000FF000000FF000000FF000000FF000000FF000000FF000000FF000000FF000000FF000000FF000000FF000000FF000000FF000000FF000000FF000000FF000000FF000000FF000000FF000000FF000000FF000000FF000000FF000000FF000000FF000000FF000000FF000000FF000000FF000000FF000000FF000000FF000000FF000000FF000000FF000000FF000000FF000000FF000000FF000000FF000000FF000000FF000000FF000000FF000000FF000000FF000000FF000000FF000000FF000000FF000000FF000000FF000000FF000000FF000000FF000000FF000000FF000000FF000000FF000000FF000000FF000000FF000000FF000000FF000000FF000000FF000000FF000000FF000000FF000000FF000000FF000000FF000000FF000000FF000000FF000000FF000000FF000000FF000000FF000000FF000000FF000000FF000000FF000000FF000000FF000000FF000000FF000000FF000000FF000000FF000000FF000000FF000000FF000000FF000000FF000000FF000000FF000000FF000000FF000000FF000000FF000000FF000000FF000000FF000000FF000000FF000000FF000000FF000000FF000000FF000000FF000000FF000000FF000000FF000000FF000000FF000000FF000000FF000000FF000000FF000000FF000000FF000000FF000000FF000000FF000000FF000000FF000000FF000000FF000000FF000000FF000000FF000000FF000000FF000000FF000000FF000000FF000000FF000000FF000000FF000000FF000000FF000000FF000000FF000000FF000000FF000000FF000000FF000000FF000000FF000000FF000000FF000000FF000000FF000000FF000000FF000000FF000000FF000000FF000000FF000000FF000000FF000000FF000000FF000000FF000000FF000000FF000000FF000000FF000000FF000000FF000000FF000000FF000000FF000000FF000000FF000000FF000000FF000000FF000000FF000000FF000000FF000000FF000000FF000000FF000000FF000000FF000000FF000000FF000000FF000000FF000000FF000000FF000000FF000000FF000000FF000000FF000000FF000000FF000000FF000000FF000000FF000000FF000000FF000000FF000000FF000000FF000000FF000000FF000000FF000000FF000000FF000000FF000000FF000000FF000000FF000000FF000000FF000000FF000000FF000000FF000000FF000000FF000000FF000000FF000000FF000000FF000000FF000000FF000000FF000000FF000000FF000000FF000000FF000000FF000000FF000000FF000000FF000000FF000000FF000000FF000000FF000000FF000000FF000000FF000000FF000000FF000000FF000000FF000000FF000000FF000000FF000000FF000000FF000000FF000000FF000000FF000000FF000000FF000000FF000000FF000000FF000000FF000000FF000000FF000000FF000000FF000000FF000000FF000000FF000000FF000000FF000000FF000000FF000000FF000000FF000000FF000000FF000000FF000000FF000000FF000000FF000000FF000000FF000000FF000000FF000000FF000000FF000000FF000000FF000000FF000000FF000000FF000000FF000000FF000000FF000000FF000000FF000000FF000000FF000000FF000000FF000000FF000000FF000000FF000000FF000000FF000000FF000000FF000000FF000000FF000000FF000000FF000000FF000000FF000000FF000000FF000000FF000000FF000000FF000000FF000000FF000000FF000000FF000000FF000000FF000000FF000000FF000000FF000000FF000000FF000000FF000000FF000000FF000000FF000000FF000000FF000000FF000000FF000000FF000000FF000000FF000000FF000000FF000000FF000000FF000000FF000000FF000000FF000000FF000000FF000000FF000000FF000000FF000000FF000000FF000000FF000000FF000000FF000000FF000000FF000000FF000000FF000000FF000000FF000000FF000000FF000000FF000000FF000000FF000000FF000000FF000000FF000000FF000000FF000000FF000000FF000000FF000000FF000000FF000000FF000000FF000000FF000000FF000000FF000000FF000000FF000000FF000000FF000000FF000000FF000000FF000000FF000000FF000000FF000000FF000000FF000000FF000000FF000000FF000000FF000000FF000000FF000000FF000000FF000000FF000000FF000000FF000000FF000000FF000000FF000000FF000000FF000000FF000000FF000000FF000000FF000000FF000000FF000000FF000000FF000000FF000000FF000000FF000000FF000000FF000000FF000000FF000000FF000000FF000000FF000000FF000000FF000000FF000000FF000000FF000000FF000000FF000000FF000000FF000000FF000000FF000000FF000000FF000000FF000000FF000000FF000000FF000000FF000000FF000000FF000000FF000000FF000000FF000000FF000000FF000000FF000000FF000000FF000000FF000000FF000000FF000000FF000000FF000000FF000000FF000000FF000000FF000000FF000000FF000000FF000000FF000000FF000000FF000000FF000000FF000000FF000000FF000000FF000000FF000000FF000000FF000000FF000000FF000000FF000000FF000000FF000000FF000000FF000000FF000000FF000000FF000000FF000000FF000000FF000000FF000000FF000000FF000000FF000000FF000000FF000000FF000000FF000000FF000000FF000000FF000000FF000000FF000000FF000000FF000000FF000000FF000000FF000000FF000000FF000000FF000000FF000000FF000000FF000000FF000000FF000000FF000000FF000000FF000000FF000000FF000000FF000000FF000000FF000000FF000000FF000000FF000000FF000000FF000000FF000000FF000000FF000000FF000000FF000000FF000000FF000000FF000000FF000000FF000000FF000000FF000000FF000000FF000000FF000000FF000000FF000000FF000000FF000000FF000000FF000000FF000000FF000000FF000000FF000000FF000000FF000000FF000000FF000000FF000000FF000000FF000000FF000000FF000000FF000000FF000000FF000000FF000000FF000000FF000000FF000000FF000000FF000000FF000000FF000000FF000000FF000000FF000000FF000000FF000000FF000000FF000000FF000000FF000000FF000000FF000000FF000000FF000000FF000000FF000000FF000000FF000000FF000000FF000000FF000000FF000000FF000000FF000000FF000000FF000000FF000000FF000000FF000000FF000000FF000000FF000000FF000000FF000000FF000000FF000000FF000000FF000000FF000000FF000000FF000000FF000000FF000000FF000000FF000000FF000000FF000000FF000000FF000000FF000000FF000000FF000000FF000000FF000000FF000000FF000000FF000000FF000000FF000000FF000000FF000000FF000000FF000000FF000000FF000000FF000000FF000000FF000000FF000000FF000000FF000000FF000000FF000000FF000000FF000000FF000000FF000000FF000000FF000000FF000000FF000000FF000000FF000000FF000000FF000000FF000000FF000000FF000000FF000000FF000000FF000000FF000000FF000000FF000000FF000000FF000000FF000000FF000000FF000000FF000000FF000000FF000000FF000000FF000000FF000000FF000000FF000000FF000000FF000000FF000000FF000000FF000000FF000000FF000000FF000000FF000000FF000000FF000000FF000000FF000000FF000000FF000000FF000000FF000000FF000000FF000000FF000000FF000000FF000000FF000000FF000000FF000000FF000000FF000000FF000000FF000000FF000000FF000000FF000000FF000000FF000000FF000000FF000000FF000000FF000000FF000000FF000000FF000000FF000000FF000000FF000000FF000000FF000000FF000000FF000000FF000000FF000000FF000000FF000000FF000000FF000000FF000000FF000000FF000000FF000000FF000000FF000000FF000000FF000000FF000000FF000000FF000000FF000000FF000000FF000000FF000000FF000000FF000000FF000000FF000000FF000000FF000000FF000000FF000000FF000000FF000000FF000000FF000000FF000000FF000000FF000000FF000000FF000000FF000000FF000000FF000000FF000000FF000000FF000000FF000000FF000000FF000000FF000000FF000000FF000000FF000000FF000000FF000000FF000000FF000000FF000000FF000000FF000000FF000000FF000000FF000000FF000000FF000000FF000000FF000000FF000000FF000000FF000000FF000000FF000000FF000000FF000000FF000000FF000000FF000000FF000000FF000000FF000000FF000000FF000000FF000000FF000000FF000000FF000000FF000000FF000000FF000000FF000000FF000000FF000000FF000000FF000000FF000000FF000000FF000000FF000000FF000000FF000000FF000000FF000000FF000000FF000000FF000000FF000000FF000000FF000000FF000000FF000000FF000000FF000000FF000000FF000000FF000000FF000000FF000000FF000000FF000000FF000000FF000000FF000000FF000000FF000000FF000000FF000000FF000000FF000000FF000000FF000000FF000000FF000000FF000000FF000000FF000000FF000000FF000000FF000000FF000000FF000000FF000000FF000000FF000000FF000000FF000000FF000000FF000000FF000000FF000000FF000000FF000000FF000000FF000000FF000000FF000000FF000000FF000000FF000000FF000000FF000000FF000000FF000000FF000000FF000000FF000000FF000000FF000000FF000000FF000000FF000000FF000000FF000000FF000000FF000000FF000000FF000000FF000000FF000000FF000000FF000000FF000000FF000000FF000000FF000000FF000000FF000000FF000000FF000000FF000000FF000000FF000000FF000000FF000000FF000000FF000000FF000000FF000000FF000000FF000000FF000000FF000000FF000000FF000000FF000000FF000000FF000000FF000000FF000000FF000000FF000000FF000000FF000000FF000000FF000000FF000000FF000000FF000000FF000000FF000000FF000000FF000000FF000000FF000000FF000000FF000000FF000000FF000000FF000000FF000000FF000000FF000000FF000000FF000000FF000000FF000000FF000000FF000000FF000000FF000000FF000000FF000000FF000000FF000000FF000000FF000000FF000000FF000000FF000000FF000000FF000000FF000000FF000000FF000000FF000000FF000000FF000000FF000000FF000000FF000000FF000000FF000000FF000000FF000000FF000000FF000000FF000000FF000000FF000000FF000000FF000000FF000000FF000000FF000000FF000000FF000000FF000000FF000000FF000000FF000000FF000000FF000000FF000000FF000000FF000000FF000000FF000000FF000000FF000000FF000000FF000000FF000000FF000000FF000000FF000000FF000000FF000000FF000000FF000000FF000000FF000000FF000000FF000000FF000000FF000000FF000000FF000000FF000000FF000000FF000000FF000000FF000000FF000000FF000000FF000000FF000000FF000000FF000000FF000000FF000000FF000000FF000000FF000000FF000000FF000000FF000000FF000000FF000000FF000000FF000000FF000000FF000000FF000000FF000000FF000000FF000000FF000000FF000000FF000000FF000000FF000000FF000000FF000000FF000000FF000000FF000000FF000000FF000000FF000000FF000000FF000000FF000000FF000000FF000000FF000000FF000000FF000000FF000000FF000000FF000000FF000000FF000000FF000000FF000000FF000000FF000000FF000000FF000000FF000000FF000000FF000000FF000000FF000000FF000000FF000000FF000000FF000000FF000000FF000000FF000000FF000000FF000000FF000000FF000000FF000000FF000000FF000000FF000000FF000000FF000000FF000000FF000000FF000000FF000000FF000000FF000000FF000000FF000000FF000000FF000000FF000000FF000000FF000000FF000000FF000000FF000000FF000000FF000000FF000000FF000000FF000000FF000000FF000000FF000000FF000000FF000000FF000000FF000000FF000000FF000000FF000000FF000000FF000000FF000000FF000000FF000000FF000000FF000000FF000000FF000000FF000000FF000000FF000000FF000000FF000000FF000000FF000000FF000000FF000000FF000000FF000000FF000000FF000000FF000000FF000000FF000000FF000000FF000000FF000000FF000000FFA9F922FFA9F922FFA9F922FFA9F922FFA9F922FFA9F922FF000000FF000000FF000000FF000000FF000000FF000000FF000000FF000000FFA9F922FFA9F922FFA9F922FFA9F922FFA9F922FFA9F922FF000000FF000000FF000000FF000000FF000000FF000000FFA9F922FFA9F922FF000000FF000000FF000000FF000000FF000000FF000000FFA9F922FFA9F922FF000000FF000000FF000000FF000000FFA9F922FFA9F922FF000000FF000000FF000000FF000000FF000000FF000000FFA9F922FFA9F922FF000000FF000000FF000000FF000000FF000000FF000000FF000000FF000000FFA9F922FFA9F922FF000000FF000000FF000000FF000000FF000000FF000000FF000000FF000000FFA9F922FFA9F922FF000000FF000000FF000000FF000000FF000000FF000000FFA9F922FFA9F922FF000000FF000000FF000000FF000000FFA9F922FFA9F922FFA9F922FFA9F922FFA9F922FFA9F922FFA9F922FFA9F922FF000000FF000000FF000000FF000000FF000000FF000000FF000000FF000000FFA9F922FFA9F922FFA9F922FFA9F922FFA9F922FFA9F922FF000000FF000000FF000000FF000000FF000000FF000000FF000000FF000000FF000000FF000000FF000000FF000000FF000000FF000000FF000000FF000000FF000000FF000000FF000000FF000000FF000000FF000000FF000000FF000000FF000000FF000000FF000000FF000000FF000000FF000000FF000000FF000000FF000000FF000000FF000000FF000000FF000000FF000000FF000000FF000000FF000000FF000000FF000000FF000000FF000000FF000000FF000000FF000000FF000000FF000000FF000000FF000000FF000000FF000000FF000000FF000000FF000000FF000000FF000000FF000000FF000000FF000000FF000000FF000000FF000000FF000000FF000000FF000000FF000000FF000000FF000000FF000000FF000000FF000000FF000000FF000000FF000000FF000000FF000000FF000000FF000000FF000000FF000000FF000000FF000000FF000000FF000000FF000000FF000000FF000000FF000000FF000000FF000000FF000000FF000000FF000000FF000000FF000000FF000000FF000000FF000000FF000000FF000000FF000000FF000000FF000000FF000000FF000000FF000000FF000000FF000000FF000000FF000000FF000000FF000000FF000000FF000000FF000000FF000000FF000000FF000000FF000000FF000000FF000000FF000000FF000000FF000000FF000000FF000000FF000000FF000000FF000000FF000000FF000000FF000000FF000000FF000000FF000000FF000000FF000000FF000000FF000000FF000000FF000000FF000000FF000000FF000000FF000000FF000000FF000000FF000000FF000000FF000000FF000000FF000000FF000000FF000000FF000000FF000000FF000000FF000000FF000000FF000000FF000000FF000000FF000000FF000000FF000000FF000000FF000000FF000000FF000000FF000000FF000000FF000000FF000000FF000000FF000000FF000000FF000000FF000000FF000000FF000000FF000000FF000000FF000000FF000000FF000000FF000000FF000000FF000000FF000000FF000000FF000000FF000000FF000000FF000000FF000000FF000000FF000000FF000000FF000000FF000000FF000000FF000000FF000000FF000000FF000000FF000000FF000000FF000000FF000000FF000000FF000000FF000000FF000000FF000000FF000000FF000000FF000000FF000000FF000000FF000000FF000000FF000000FF000000FF000000FF000000FF000000FF000000FF000000FF000000FF000000FF000000FF000000FF000000FF000000FF000000FF000000FF000000FF000000FF000000FF000000FF000000FF000000FF000000FF000000FF000000FF000000FF000000FF000000FF000000FF000000FF000000FF000000FF000000FF000000FF000000FF000000FF000000FF000000FF000000FF000000FF000000FF000000FF000000FF000000FF000000FF000000FF000000FF000000FF000000FF000000FF000000FF000000FF000000FF000000FF000000FF000000FF000000FF000000FF000000FF000000FF000000FF000000FF000000FF000000FF000000FF000000FF000000FF000000FF000000FF000000FF000000FF000000FF000000FF000000FF000000FF000000FF000000FF000000FF000000FF000000FF000000FF000000FF000000FF000000FF000000FF000000FF000000FF000000FF000000FF000000FF000000FF000000FF000000FF000000FF000000FF000000FF000000FF000000FF000000FF000000FF000000FF000000FF000000FF000000FF000000FF000000FF000000FF000000FF000000FF000000FF000000FF000000FF000000FF000000FF000000FF000000FF000000FF000000FF000000FF000000FF000000FF000000FF000000FF000000FF000000FF000000FF000000FF000000FF000000FF000000FF000000FF000000FF000000FF000000FF000000FF000000FF000000FF000000FF000000FF000000FF000000FF000000FF000000FF000000FF000000FF000000FF000000FF000000FF000000FF000000FF000000FF000000FF000000FF000000FF000000FF000000FF000000FF000000FF000000FF000000FF000000FF000000FF000000FF000000FF000000FF000000FF000000FF000000FF000000FF000000FF000000FF000000FF000000FF000000FF000000FF000000FF000000FF000000FF000000FF000000FF000000FF000000FF000000FF000000FF000000FF000000FF000000FF000000FF000000FF000000FF000000FF000000FF000000FF000000FF000000FF000000FF000000FF000000FF000000FF000000FF000000FF000000FF000000FF000000FF000000FF000000FF000000FF000000FF000000FF000000FF000000FF000000FF000000FF000000FF000000FF000000FF000000FF000000FF000000FF000000FF000000FF000000FF000000FF000000FF000000FF000000FF000000FF000000FF000000FF000000FF000000FF000000FF000000FFA9F922FFA9F922FFA9F922FFA9F922FFA9F922FFA9F922FF000000FF000000FF000000FF000000FF000000FF000000FF000000FF000000FFA9F922FFA9F922FFA9F922FFA9F922FFA9F922FFA9F922FF000000FF000000FF000000FF000000FF000000FF000000FFA9F922FFA9F922FF000000FF000000FF000000FF000000FF000000FF000000FFA9F922FFA9F922FF000000FF000000FF000000FF000000FFA9F922FFA9F922FF000000FF000000FF000000FF000000FF000000FF000000FFA9F922FFA9F922FF000000FF000000FF000000FF000000FF000000FF000000FF000000FF000000FFA9F922FFA9F922FF000000FF000000FF000000FF000000FF000000FF000000FF000000FF000000FFA9F922FFA9F922FF000000FF000000FF000000FF000000FF000000FF000000FFA9F922FFA9F922FF000000FF000000FF000000FF000000FFA9F922FFA9F922FFA9F922FFA9F922FFA9F922FFA9F922FFA9F922FFA9F922FF000000FF000000FF000000FF000000FF000000FF000000FF000000FF000000FFA9F922FFA9F922FFA9F922FFA9F922FFA9F922FFA9F922FF000000FF000000FF000000FF000000FF000000FF000000FF000000FF000000FF000000FF000000FF000000FF000000FF000000FF000000FF000000FF000000FF000000FF000000FF000000FF000000FF000000FF000000FF000000FF000000FF000000FF000000FF000000FF000000FF000000FF000000FF000000FF000000FF000000FF000000FF000000FF000000FF000000FF000000FF000000FF000000FF000000FF000000FF000000FF000000FF000000FF000000FF000000FF000000FF000000FF000000FF000000FF000000FF000000FF000000FF000000FF000000FF000000FF000000FF000000FF000000FF000000FF000000FF000000FF000000FF000000FF000000FF000000FF000000FF000000FF000000FF000000FF000000FF000000FF000000FF000000FF000000FF000000FF000000FF000000FF000000FF000000FF000000FF000000FF000000FF000000FF000000FF000000FF000000FF000000FF000000FF000000FF000000FF000000FF000000FF000000FF000000FF000000FF000000FF000000FF000000FF000000FF000000FF000000FF000000FF000000FF000000FF000000FF000000FF000000FF000000FF000000FF000000FF000000FF000000FF000000FF000000FF000000FF000000FF000000FF000000FF000000FF000000FF000000FF000000FF000000FF000000FF000000FF000000FF000000FF000000FF000000FF000000FF000000FF000000FF000000FF000000FF000000FF000000FF000000FF000000FF000000FF000000FF000000FF000000FF000000FF000000FF000000FF000000FF000000FF000000FF000000FF000000FF000000FF000000FF000000FF000000FF000000FF000000FF000000FF000000FF000000FF000000FF000000FF000000FF000000FF000000FF000000FF000000FF000000FF000000FF000000FF000000FF000000FF000000FF000000FF000000FF000000FF000000FF000000FF000000FF000000FF000000FF000000FF000000FF000000FF000000FF000000FF000000FF000000FF000000FF000000FF000000FF000000FF000000FF000000FF000000FF000000FF000000FF000000FF000000FF000000FF000000FF000000FF000000FF000000FF000000FF000000FF000000FF000000FF000000FF000000FF000000FF000000FF000000FF000000FF000000FF000000FF000000FF000000FF000000FF000000FF000000FF000000FF000000FF000000FF000000FF000000FF000000FF000000FF000000FF000000FF000000FF000000FF000000FF000000FF000000FF000000FF000000FF000000FF000000FF000000FF000000FF000000FF000000FF000000FF000000FF000000FF000000FF000000FF000000FF000000FF000000FF000000FF000000FF000000FF000000FF000000FF000000FF000000FF000000FF000000FF000000FF000000FF000000FF000000FF000000FF000000FF000000FF000000FF000000FF000000FF000000FF000000FF000000FF000000FF000000FF000000FF000000FF000000FF000000FF000000FF000000FF000000FF000000FF000000FF000000FF000000FF000000FF000000FF000000FF000000FF000000FF000000FF000000FF000000FF000000FF000000FF000000FF000000FF000000FF000000FF000000FF000000FF000000FF000000FF000000FF000000FF000000FF000000FF000000FF000000FF000000FF000000FF000000FF000000FF000000FF000000FF000000FF000000FF000000FF000000FF000000FF000000FF000000FF000000FF000000FF000000FF000000FF000000FF000000FF000000FF000000FF000000FF000000FF000000FF000000FF000000FF000000FF000000FF000000FF000000FF000000FF000000FF000000FF000000FF000000FF000000FF000000FF000000FF000000FF000000FF000000FF000000FF000000FF000000FF000000FF000000FF000000FF000000FF000000FF000000FF000000FF000000FF000000FF000000FF000000FF000000FF000000FF000000FF000000FF000000FF000000FF000000FF000000FF000000FF000000FF000000FF000000FF000000FF000000FF000000FF000000FF000000FF000000FF000000FF000000FF000000FF000000FF000000FF000000FF000000FF000000FF000000FF000000FF000000FF000000FF000000FF000000FF000000FF000000FF000000FF000000FF000000FF000000FF000000FF000000FF000000FF000000FF000000FF000000FF000000FF000000FF000000FF000000FF000000FF000000FF000000FF000000FF000000FF000000FF000000FF000000FF000000FF000000FF000000FF000000FF000000FF000000FF000000FF000000FF000000FF000000FF000000FF000000FF000000FF000000FF000000FF000000FF000000FF000000FF000000FF000000FF000000FF000000FF000000FF000000FF000000FF000000FF000000FF000000FF000000FF000000FF000000FF000000FFA9F922FFA9F922FF000000FF000000FF000000FF000000FF000000FF000000FFA9F922FFA9F922FF000000FF000000FF000000FF000000FFA9F922FFA9F922FF000000FF000000FF000000FF000000FF000000FF000000FFA9F922FFA9F922FF000000FF000000FF000000FF000000FFA9F922FFA9F922FFA9F922FFA9F922FF000000FF000000FFA9F922FFA9F922FFA9F922FFA9F922FF000000FF000000FF000000FF000000FFA9F922FFA9F922FFA9F922FFA9F922FF000000FF000000FFA9F922FFA9F922FFA9F922FFA9F922FF000000FF000000FF000000FF000000FF000000FF000000FFA9F922FFA9F922FF000000FF000000FFA9F922FFA9F922FF000000FF000000FF000000FF000000FF000000FF000000FFA9F922FFA9F922FF000000FF000000FF000000FF000000FF000000FF000000FFA9F922FFA9F922FF000000FF000000FF000000FF000000FFA9F922FFA9F922FF000000FF000000FF000000FF000000FF000000FF000000FFA9F922FFA9F922FF000000FF000000FF000000FF000000FFA9F922FFA9F922FF000000FF000000FF000000FF000000FF000000FF000000FFA9F922FFA9F922FF000000FF000000FF000000FF000000FF000000FF000000FF000000FF000000FF000000FF000000FF000000FF000000FF000000FF000000FF000000FF000000FF000000FF000000FF000000FF000000FF000000FF000000FF000000FF000000FF000000FF000000FF000000FF000000FF000000FF000000FF000000FF000000FF000000FF000000FF000000FF000000FF000000FF000000FF000000FF000000FF000000FF000000FF000000FF000000FF000000FF000000FF000000FF000000FF000000FF000000FF000000FF000000FF000000FF000000FF000000FF000000FF000000FF000000FF000000FF000000FF000000FF000000FF000000FF000000FF000000FF000000FF000000FF000000FF000000FF000000FF000000FF000000FF000000FF000000FF000000FF000000FF000000FF000000FF000000FF000000FF000000FF000000FF000000FF000000FF000000FF000000FF000000FF000000FF000000FF000000FF000000FF000000FF000000FF000000FF000000FF000000FF000000FF000000FF000000FF000000FF000000FF000000FF000000FF000000FF000000FF000000FF000000FF000000FF000000FF000000FF000000FF000000FF000000FF000000FF000000FF000000FF000000FF000000FF000000FF000000FF000000FF000000FF000000FF000000FF000000FF000000FF000000FF000000FF000000FF000000FF000000FF000000FF000000FF000000FF000000FF000000FF000000FF000000FF000000FF000000FF000000FF000000FF000000FF000000FF000000FF000000FF000000FF000000FF000000FF000000FF000000FF000000FF000000FF000000FF000000FF000000FF000000FF000000FF000000FF000000FF000000FF000000FF000000FF000000FF000000FF000000FF000000FF000000FF000000FF000000FF000000FF000000FF000000FF000000FF000000FF000000FF000000FF000000FF000000FF000000FF000000FF000000FF000000FF000000FF000000FF000000FF000000FF000000FF000000FF000000FF000000FF000000FF000000FF000000FF000000FF000000FF000000FF000000FF000000FF000000FF000000FF000000FF000000FF000000FF000000FF000000FF000000FF000000FF000000FF000000FF000000FF000000FF000000FF000000FF000000FF000000FF000000FF000000FF000000FF000000FF000000FF000000FF000000FF000000FF000000FF000000FF000000FF000000FF000000FF000000FF000000FF000000FF000000FF000000FF000000FF000000FF000000FF000000FF000000FF000000FF000000FF000000FF000000FF000000FF000000FF000000FF000000FF000000FF000000FF000000FF000000FF000000FF000000FF000000FF000000FF000000FF000000FF000000FF000000FF000000FF000000FF000000FF000000FF000000FF000000FF000000FF000000FF000000FF000000FF000000FF000000FF000000FF000000FF000000FF000000FF000000FF000000FF000000FF000000FF000000FF000000FF000000FF000000FF000000FF000000FF000000FF000000FF000000FF000000FF000000FF000000FF000000FF000000FF000000FF000000FF000000FF000000FF000000FF000000FF000000FF000000FF000000FF000000FF000000FF000000FF000000FF000000FF000000FF000000FF000000FF000000FF000000FF000000FF000000FF000000FF000000FF000000FF000000FF000000FF000000FF000000FF000000FF000000FF000000FF000000FF000000FF000000FF000000FF000000FF000000FF000000FF000000FF000000FF000000FF000000FF000000FF000000FF000000FF000000FF000000FF000000FF000000FF000000FF000000FF000000FF000000FF000000FF000000FF000000FF000000FF000000FF000000FF000000FF000000FF000000FF000000FF000000FF000000FF000000FF000000FF000000FF000000FF000000FF000000FF000000FF000000FF000000FF000000FF000000FF000000FF000000FF000000FF000000FF000000FF000000FF000000FF000000FF000000FF000000FF000000FF000000FF000000FF000000FF000000FF000000FF000000FF000000FF000000FF000000FF000000FF000000FF000000FF000000FF000000FF000000FF000000FF000000FF000000FF000000FF000000FF000000FF000000FF000000FF000000FF000000FF000000FF000000FF000000FF000000FF000000FF000000FF000000FF000000FF000000FF000000FF000000FF000000FF000000FF000000FF000000FF000000FF000000FF000000FF000000FF000000FF000000FF000000FF000000FF000000FF000000FF000000FF000000FF000000FF000000FF000000FF000000FF000000FF000000FF000000FF000000FF000000FF000000FF000000FF000000FF000000FF000000FF000000FF000000FF000000FF000000FF000000FF000000FFA9F922FFA9F922FF000000FF000000FF000000FF000000FF000000FF000000FFA9F922FFA9F922FF000000FF000000FF000000FF000000FFA9F922FFA9F922FF000000FF000000FF000000FF000000FF000000FF000000FFA9F922FFA9F922FF000000FF000000FF000000FF000000FFA9F922FFA9F922FFA9F922FFA9F922FF000000FF000000FFA9F922FFA9F922FFA9F922FFA9F922FF000000FF000000FF000000FF000000FFA9F922FFA9F922FFA9F922FFA9F922FF000000FF000000FFA9F922FFA9F922FFA9F922FFA9F922FF000000FF000000FF000000FF000000FF000000FF000000FFA9F922FFA9F922FF000000FF000000FFA9F922FFA9F922FF000000FF000000FF000000FF000000FF000000FF000000FFA9F922FFA9F922FF000000FF000000FF000000FF000000FF000000FF000000FFA9F922FFA9F922FF000000FF000000FF000000FF000000FFA9F922FFA9F922FF000000FF000000FF000000FF000000FF000000FF000000FFA9F922FFA9F922FF000000FF000000FF000000FF000000FFA9F922FFA9F922FF000000FF000000FF000000FF000000FF000000FF000000FFA9F922FFA9F922FF000000FF000000FF000000FF000000FF000000FF000000FF000000FF000000FF000000FF000000FF000000FF000000FF000000FF000000FF000000FF000000FF000000FF000000FF000000FF000000FF000000FF000000FF000000FF000000FF000000FF000000FF000000FF000000FF000000FF000000FF000000FF000000FF000000FF000000FF000000FF000000FF000000FF000000FF000000FF000000FF000000FF000000FF000000FF000000FF000000FF000000FF000000FF000000FF000000FF000000FF000000FF000000FF000000FF000000FF000000FF000000FF000000FF000000FF000000FF000000FF000000FF000000FF000000FF000000FF000000FF000000FF000000FF000000FF000000FF000000FF000000FF000000FF000000FF000000FF000000FF000000FF000000FF000000FF000000FF000000FF000000FF000000FF000000FF000000FF000000FF000000FF000000FF000000FF000000FF000000FF000000FF000000FF000000FF000000FF000000FF000000FF000000FF000000FF000000FF000000FF000000FF000000FF000000FF000000FF000000FF000000FF000000FF000000FF000000FF000000FF000000FF000000FF000000FF000000FF000000FF000000FF000000FF000000FF000000FF000000FF000000FF000000FF000000FF000000FF000000FF000000FF000000FF000000FF000000FF000000FF000000FF000000FF000000FF000000FF000000FF000000FF000000FF000000FF000000FF000000FF000000FF000000FF000000FF000000FF000000FF000000FF000000FF000000FF000000FF000000FF000000FF000000FF000000FF000000FF000000FF000000FF000000FF000000FF000000FF000000FF000000FF000000FF000000FF000000FF000000FF000000FF000000FF000000FF000000FF000000FF000000FF000000FF000000FF000000FF000000FF000000FF000000FF000000FF000000FF000000FF000000FF000000FF000000FF000000FF000000FF000000FF000000FF000000FF000000FF000000FF000000FF000000FF000000FF000000FF000000FF000000FF000000FF000000FF000000FF000000FF000000FF000000FF000000FF000000FF000000FF000000FF000000FF000000FF000000FF000000FF000000FF000000FF000000FF000000FF000000FF000000FF000000FF000000FF000000FF000000FF000000FF000000FF000000FF000000FF000000FF000000FF000000FF000000FF000000FF000000FF000000FF000000FF000000FF000000FF000000FF000000FF000000FF000000FF000000FF000000FF000000FF000000FF000000FF000000FF000000FF000000FF000000FF000000FF000000FF000000FF000000FF000000FF000000FF000000FF000000FF000000FF000000FF000000FF000000FF000000FF000000FF000000FF000000FF000000FF000000FF000000FF000000FF000000FF000000FF000000FF000000FF000000FF000000FF000000FF000000FF000000FF000000FF000000FF000000FF000000FF000000FF000000FF000000FF000000FF000000FF000000FF000000FF000000FF000000FF000000FF000000FF000000FF000000FF000000FF000000FF000000FF000000FF000000FF000000FF000000FF000000FF000000FF000000FF000000FF000000FF000000FF000000FF000000FF000000FF000000FF000000FF000000FF000000FF000000FF000000FF000000FF000000FF000000FF000000FF000000FF000000FF000000FF000000FF000000FF000000FF000000FF000000FF000000FF000000FF000000FF000000FF000000FF000000FF000000FF000000FF000000FF000000FF000000FF000000FF000000FF000000FF000000FF000000FF000000FF000000FF000000FF000000FF000000FF000000FF000000FF000000FF000000FF000000FF000000FF000000FF000000FF000000FF000000FF000000FF000000FF000000FF000000FF000000FF000000FF000000FF000000FF000000FF000000FF000000FF000000FF000000FF000000FF000000FF000000FF000000FF000000FF000000FF000000FF000000FF000000FF000000FF000000FF000000FF000000FF000000FF000000FF000000FF000000FF000000FF000000FF000000FF000000FF000000FF000000FF000000FF000000FF000000FF000000FF000000FF000000FF000000FF000000FF000000FF000000FF000000FF000000FF000000FF000000FF000000FF000000FF000000FF000000FF000000FF000000FF000000FF000000FF000000FF000000FF000000FF000000FF000000FF000000FF000000FF000000FF000000FF000000FF000000FF000000FF000000FF000000FF000000FF000000FF000000FF000000FF000000FF000000FF000000FF000000FF000000FF000000FF000000FF000000FF000000FF000000FF000000FF000000FF000000FF000000FF000000FF000000FF000000FF000000FFA9F922FFA9F922FF000000FF000000FF000000FF000000FF000000FF000000FF000000FF000000FF000000FF000000FF000000FF000000FFA9F922FFA9F922FF000000FF000000FF000000FF000000FF000000FF000000FFA9F922FFA9F922FF000000FF000000FF000000FF000000FFA9F922FFA9F922FF000000FF000000FFA9F922FFA9F922FF000000FF000000FFA9F922FFA9F922FF000000FF000000FF000000FF000000FFA9F922FFA9F922FF000000FF000000FFA9F922FFA9F922FF000000FF000000FFA9F922FFA9F922FF000000FF000000FF000000FF000000FFA9F922FFA9F922FF000000FF000000FF000000FF000000FF000000FF000000FFA9F922FFA9F922FF000000FF000000FF000000FF000000FFA9F922FFA9F922FFA9F922FFA9F922FF000000FF000000FF000000FF000000FFA9F922FFA9F922FF000000FF000000FF000000FF000000FFA9F922FFA9F922FF000000FF000000FF000000FF000000FF000000FF000000FFA9F922FFA9F922FF000000FF000000FF000000FF000000FFA9F922FFA9F922FF000000FF000000FF000000FF000000FF000000FF000000FF000000FF000000FF000000FF000000FF000000FF000000FF000000FF000000FF000000FF000000FFA9F922FFA9F922FF000000FF000000FF000000FF000000FF000000FF000000FF000000FF000000FF000000FF000000FF000000FF000000FF000000FF000000FF000000FF000000FF000000FF000000FF000000FF000000FF000000FF000000FF000000FF000000FF000000FF000000FF000000FF000000FF000000FF000000FF000000FF000000FF000000FF000000FF000000FF000000FF000000FF000000FF000000FF000000FF000000FF000000FF000000FF000000FF000000FF000000FF000000FF000000FF000000FF000000FF000000FF000000FF000000FF000000FF000000FF000000FF000000FF000000FF000000FF000000FF000000FF000000FF000000FF000000FF000000FF000000FF000000FF000000FF000000FF000000FF000000FF000000FF000000FF000000FF000000FF000000FF000000FF000000FF000000FF000000FF000000FF000000FF000000FF000000FF000000FF000000FF000000FF000000FF000000FF000000FF000000FF000000FF000000FF000000FF000000FF000000FF000000FF000000FF000000FF000000FF000000FF000000FF000000FF000000FF000000FF000000FF000000FF000000FF000000FF000000FF000000FF000000FF000000FF000000FF000000FF000000FF000000FF000000FF000000FF000000FF000000FF000000FF000000FF000000FF000000FF000000FF000000FF000000FF000000FF000000FF000000FF000000FF000000FF000000FF000000FF000000FF000000FF000000FF000000FF000000FF000000FF000000FF000000FF000000FF000000FF000000FF000000FF000000FF000000FF000000FF000000FF000000FF000000FF000000FF000000FF000000FF000000FF000000FF000000FF000000FF000000FF000000FF000000FF000000FF000000FF000000FF000000FF000000FF000000FF000000FF000000FF000000FF000000FF000000FF000000FF000000FF000000FF000000FF000000FF000000FF000000FF000000FF000000FF000000FF000000FF000000FF000000FF000000FF000000FF000000FF000000FF000000FF000000FF000000FF000000FF000000FF000000FF000000FF000000FF000000FF000000FF000000FF000000FF000000FF000000FF000000FF000000FF000000FF000000FF000000FF000000FF000000FF000000FF000000FF000000FF000000FF000000FF000000FF000000FF000000FF000000FF000000FF000000FF000000FF000000FF000000FF000000FF000000FF000000FF000000FF000000FF000000FF000000FF000000FF000000FF000000FF000000FF000000FF000000FF000000FF000000FF000000FF000000FF000000FF000000FF000000FF000000FF000000FF000000FF000000FF000000FF000000FF000000FF000000FF000000FF000000FF000000FF000000FF000000FF000000FF000000FF000000FF000000FF000000FF000000FF000000FF000000FF000000FF000000FF000000FF000000FF000000FF000000FF000000FF000000FF000000FF000000FF000000FF000000FF000000FF000000FF000000FF000000FF000000FF000000FF000000FF000000FF000000FF000000FF000000FF000000FF000000FF000000FF000000FF000000FF000000FF000000FF000000FF000000FF000000FF000000FF000000FF000000FF000000FF000000FF000000FF000000FF000000FF000000FF000000FF000000FF000000FF000000FF000000FF000000FF000000FF000000FF000000FF000000FF000000FF000000FF000000FF000000FF000000FF000000FF000000FF000000FF000000FF000000FF000000FF000000FF000000FF000000FF000000FF000000FF000000FF000000FF000000FF000000FF000000FF000000FF000000FF000000FF000000FF000000FF000000FF000000FF000000FF000000FF000000FF000000FF000000FF000000FF000000FF000000FF000000FF000000FF000000FF000000FF000000FF000000FF000000FF000000FF000000FF000000FF000000FF000000FF000000FF000000FF000000FF000000FF000000FF000000FF000000FF000000FF000000FF000000FF000000FF000000FF000000FF000000FF000000FF000000FF000000FF000000FF000000FF000000FF000000FF000000FF000000FF000000FF000000FF000000FF000000FF000000FF000000FF000000FF000000FF000000FF000000FF000000FF000000FF000000FF000000FF000000FF000000FF000000FF000000FF000000FF000000FF000000FF000000FF000000FF000000FF000000FF000000FF000000FF000000FF000000FF000000FF000000FF000000FF000000FF000000FF000000FF000000FF000000FF000000FF000000FF000000FF000000FF000000FF000000FF000000FF000000FF000000FF000000FF000000FF000000FF000000FF000000FF000000FFA9F922FFA9F922FF000000FF000000FF000000FF000000FF000000FF000000FF000000FF000000FF000000FF000000FF000000FF000000FFA9F922FFA9F922FF000000FF000000FF000000FF000000FF000000FF000000FFA9F922FFA9F922FF000000FF000000FF000000FF000000FFA9F922FFA9F922FF000000FF000000FFA9F922FFA9F922FF000000FF000000FFA9F922FFA9F922FF000000FF000000FF000000FF000000FFA9F922FFA9F922FF000000FF000000FFA9F922FFA9F922FF000000FF000000FFA9F922FFA9F922FF000000FF000000FF000000FF000000FFA9F922FFA9F922FF000000FF000000FF000000FF000000FF000000FF000000FFA9F922FFA9F922FF000000FF000000FF000000FF000000FFA9F922FFA9F922FFA9F922FFA9F922FF000000FF000000FF000000FF000000FFA9F922FFA9F922FF000000FF000000FF000000FF000000FFA9F922FFA9F922FF000000FF000000FF000000FF000000FF000000FF000000FFA9F922FFA9F922FF000000FF000000FF000000FF000000FFA9F922FFA9F922FF000000FF000000FF000000FF000000FF000000FF000000FF000000FF000000FF000000FF000000FF000000FF000000FF000000FF000000FF000000FF000000FFA9F922FFA9F922FF000000FF000000FF000000FF000000FF000000FF000000FF000000FF000000FF000000FF000000FF000000FF000000FF000000FF000000FF000000FF000000FF000000FF000000FF000000FF000000FF000000FF000000FF000000FF000000FF000000FF000000FF000000FF000000FF000000FF000000FF000000FF000000FF000000FF000000FF000000FF000000FF000000FF000000FF000000FF000000FF000000FF000000FF000000FF000000FF000000FF000000FF000000FF000000FF000000FF000000FF000000FF000000FF000000FF000000FF000000FF000000FF000000FF000000FF000000FF000000FF000000FF000000FF000000FF000000FF000000FF000000FF000000FF000000FF000000FF000000FF000000FF000000FF000000FF000000FF000000FF000000FF000000FF000000FF000000FF000000FF000000FF000000FF000000FF000000FF000000FF000000FF000000FF000000FF000000FF000000FF000000FF000000FF000000FF000000FF000000FF000000FF000000FF000000FF000000FF000000FF000000FF000000FF000000FF000000FF000000FF000000FF000000FF000000FF000000FF000000FF000000FF000000FF000000FF000000FF000000FF000000FF000000FF000000FF000000FF000000FF000000FF000000FF000000FF000000FF000000FF000000FF000000FF000000FF000000FF000000FF000000FF000000FF000000FF000000FF000000FF000000FF000000FF000000FF000000FF000000FF000000FF000000FF000000FF000000FF000000FF000000FF000000FF000000FF000000FF000000FF000000FF000000FF000000FF000000FF000000FF000000FF000000FF000000FF000000FF000000FF000000FF000000FF000000FF000000FF000000FF000000FF000000FF000000FF000000FF000000FF000000FF000000FF000000FF000000FF000000FF000000FF000000FF000000FF000000FF000000FF000000FF000000FF000000FF000000FF000000FF000000FF000000FF000000FF000000FF000000FF000000FF000000FF000000FF000000FF000000FF000000FF000000FF000000FF000000FF000000FF000000FF000000FF000000FF000000FF000000FF000000FF000000FF000000FF000000FF000000FF000000FF000000FF000000FF000000FF000000FF000000FF000000FF000000FF000000FF000000FF000000FF000000FF000000FF000000FF000000FF000000FF000000FF000000FF000000FF000000FF000000FF000000FF000000FF000000FF000000FF000000FF000000FF000000FF000000FF000000FF000000FF000000FF000000FF000000FF000000FF000000FF000000FF000000FF000000FF000000FF000000FF000000FF000000FF000000FF000000FF000000FF000000FF000000FF000000FF000000FF000000FF000000FF000000FF000000FF000000FF000000FF000000FF000000FF000000FF000000FF000000FF000000FF000000FF000000FF000000FF000000FF000000FF000000FF000000FF000000FF000000FF000000FF000000FF000000FF000000FF000000FF000000FF000000FF000000FF000000FF000000FF000000FF000000FF000000FF000000FF000000FF000000FF000000FF000000FF000000FF000000FF000000FF000000FF000000FF000000FF000000FF000000FF000000FF000000FF000000FF000000FF000000FF000000FF000000FF000000FF000000FF000000FF000000FF000000FF000000FF000000FF000000FF000000FF000000FF000000FF000000FF000000FF000000FF000000FF000000FF000000FF000000FF000000FF000000FF000000FF000000FF000000FF000000FF000000FF000000FF000000FF000000FF000000FF000000FF000000FF000000FF000000FF000000FF000000FF000000FF000000FF000000FF000000FF000000FF000000FF000000FF000000FF000000FF000000FF000000FF000000FF000000FF000000FF000000FF000000FF000000FF000000FF000000FF000000FF000000FF000000FF000000FF000000FF000000FF000000FF000000FF000000FF000000FF000000FF000000FF000000FF000000FF000000FF000000FF000000FF000000FF000000FF000000FF000000FF000000FF000000FF000000FF000000FF000000FF000000FF000000FF000000FF000000FF000000FF000000FF000000FF000000FF000000FF000000FF000000FF000000FF000000FF000000FF000000FF000000FF000000FF000000FF000000FF000000FF000000FF000000FF000000FF000000FF000000FF000000FF000000FF000000FF000000FF000000FF000000FF000000FF000000FF000000FF000000FF000000FF000000FF000000FF000000FF000000FF000000FF000000FF000000FF000000FF000000FF000000FF000000FF000000FFA9F922FFA9F922FF000000FF000000FF000000FF000000FF000000FF000000FF000000FF000000FF000000FF000000FF000000FF000000FFA9F922FFA9F922FF000000FF000000FF000000FF000000FF000000FF000000FFA9F922FFA9F922FF000000FF000000FF000000FF000000FFA9F922FFA9F922FF000000FF000000FFA9F922FFA9F922FF000000FF000000FFA9F922FFA9F922FF000000FF000000FF000000FF000000FFA9F922FFA9F922FF000000FF000000FFA9F922FFA9F922FF000000FF000000FFA9F922FFA9F922FF000000FF000000FF000000FF000000FFA9F922FFA9F922FF000000FF000000FF000000FF000000FF000000FF000000FFA9F922FFA9F922FF000000FF000000FF000000FF000000FFA9F922FFA9F922FF000000FF000000FFA9F922FFA9F922FF000000FF000000FFA9F922FFA9F922FF000000FF000000FF000000FF000000FFA9F922FFA9F922FF000000FF000000FF000000FF000000FF000000FF000000FFA9F922FFA9F922FF000000FF000000FF000000FF000000FF000000FF000000FFA9F922FFA9F922FFA9F922FFA9F922FFA9F922FFA9F922FF000000FF000000FF000000FF000000FF000000FF000000FF000000FF000000FF000000FF000000FF000000FF000000FF000000FF000000FF000000FF000000FF000000FF000000FF000000FF000000FF000000FF000000FF000000FF000000FF000000FF000000FF000000FF000000FF000000FF000000FF000000FF000000FF000000FF000000FF000000FF000000FF000000FF000000FF000000FF000000FF000000FF000000FF000000FF000000FF000000FF000000FF000000FF000000FF000000FF000000FF000000FF000000FF000000FF000000FF000000FF000000FF000000FF000000FF000000FF000000FF000000FF000000FF000000FF000000FF000000FF000000FF000000FF000000FF000000FF000000FF000000FF000000FF000000FF000000FF000000FF000000FF000000FF000000FF000000FF000000FF000000FF000000FF000000FF000000FF000000FF000000FF000000FF000000FF000000FF000000FF000000FF000000FF000000FF000000FF000000FF000000FF000000FF000000FF000000FF000000FF000000FF000000FF000000FF000000FF000000FF000000FF000000FF000000FF000000FF000000FF000000FF000000FF000000FF000000FF000000FF000000FF000000FF000000FF000000FF000000FF000000FF000000FF000000FF000000FF000000FF000000FF000000FF000000FF000000FF000000FF000000FF000000FF000000FF000000FF000000FF000000FF000000FF000000FF000000FF000000FF000000FF000000FF000000FF000000FF000000FF000000FF000000FF000000FF000000FF000000FF000000FF000000FF000000FF000000FF000000FF000000FF000000FF000000FF000000FF000000FF000000FF000000FF000000FF000000FF000000FF000000FF000000FF000000FF000000FF000000FF000000FF000000FF000000FF000000FF000000FF000000FF000000FF000000FF000000FF000000FF000000FF000000FF000000FF000000FF000000FF000000FF000000FF000000FF000000FF000000FF000000FF000000FF000000FF000000FF000000FF000000FF000000FF000000FF000000FF000000FF000000FF000000FF000000FF000000FF000000FF000000FF000000FF000000FF000000FF000000FF000000FF000000FF000000FF000000FF000000FF000000FF000000FF000000FF000000FF000000FF000000FF000000FF000000FF000000FF000000FF000000FF000000FF000000FF000000FF000000FF000000FF000000FF000000FF000000FF000000FF000000FF000000FF000000FF000000FF000000FF000000FF000000FF000000FF000000FF000000FF000000FF000000FF000000FF000000FF000000FF000000FF000000FF000000FF000000FF000000FF000000FF000000FF000000FF000000FF000000FF000000FF000000FF000000FF000000FF000000FF000000FF000000FF000000FF000000FF000000FF000000FF000000FF000000FF000000FF000000FF000000FF000000FF000000FF000000FF000000FF000000FF000000FF000000FF000000FF000000FF000000FF000000FF000000FF000000FF000000FF000000FF000000FF000000FF000000FF000000FF000000FF000000FF000000FF000000FF000000FF000000FF000000FF000000FF000000FF000000FF000000FF000000FF000000FF000000FF000000FF000000FF000000FF000000FF000000FF000000FF000000FF000000FF000000FF000000FF000000FF000000FF000000FF000000FF000000FF000000FF000000FF000000FF000000FF000000FF000000FF000000FF000000FF000000FF000000FF000000FF000000FF000000FF000000FF000000FF000000FF000000FF000000FF000000FF000000FF000000FF000000FF000000FF000000FF000000FF000000FF000000FF000000FF000000FF000000FF000000FF000000FF000000FF000000FF000000FF000000FF000000FF000000FF000000FF000000FF000000FF000000FF000000FF000000FF000000FF000000FF000000FF000000FF000000FF000000FF000000FF000000FF000000FF000000FF000000FF000000FF000000FF000000FF000000FF000000FF000000FF000000FF000000FF000000FF000000FF000000FF000000FF000000FF000000FF000000FF000000FF000000FF000000FF000000FF000000FF000000FF000000FF000000FF000000FF000000FF000000FF000000FF000000FF000000FF000000FF000000FF000000FF000000FF000000FF000000FF000000FF000000FF000000FF000000FF000000FF000000FF000000FF000000FF000000FF000000FF000000FF000000FF000000FF000000FF000000FF000000FF000000FF000000FF000000FF000000FF000000FF000000FF000000FF000000FF000000FF000000FF000000FF000000FF000000FF000000FF000000FF000000FF000000FF000000FF000000FF000000FF000000FF000000FF000000FF000000FFA9F922FFA9F922FF000000FF000000FF000000FF000000FF000000FF000000FF000000FF000000FF000000FF000000FF000000FF000000FFA9F922FFA9F922FF000000FF000000FF000000FF000000FF000000FF000000FFA9F922FFA9F922FF000000FF000000FF000000FF000000FFA9F922FFA9F922FF000000FF000000FFA9F922FFA9F922FF000000FF000000FFA9F922FFA9F922FF000000FF000000FF000000FF000000FFA9F922FFA9F922FF000000FF000000FFA9F922FFA9F922FF000000FF000000FFA9F922FFA9F922FF000000FF000000FF000000FF000000FFA9F922FFA9F922FF000000FF000000FF000000FF000000FF000000FF000000FFA9F922FFA9F922FF000000FF000000FF000000FF000000FFA9F922FFA9F922FF000000FF000000FFA9F922FFA9F922FF000000FF000000FFA9F922FFA9F922FF000000FF000000FF000000FF000000FFA9F922FFA9F922FF000000FF000000FF000000FF000000FF000000FF000000FFA9F922FFA9F922FF000000FF000000FF000000FF000000FF000000FF000000FFA9F922FFA9F922FFA9F922FFA9F922FFA9F922FFA9F922FF000000FF000000FF000000FF000000FF000000FF000000FF000000FF000000FF000000FF000000FF000000FF000000FF000000FF000000FF000000FF000000FF000000FF000000FF000000FF000000FF000000FF000000FF000000FF000000FF000000FF000000FF000000FF000000FF000000FF000000FF000000FF000000FF000000FF000000FF000000FF000000FF000000FF000000FF000000FF000000FF000000FF000000FF000000FF000000FF000000FF000000FF000000FF000000FF000000FF000000FF000000FF000000FF000000FF000000FF000000FF000000FF000000FF000000FF000000FF000000FF000000FF000000FF000000FF000000FF000000FF000000FF000000FF000000FF000000FF000000FF000000FF000000FF000000FF000000FF000000FF000000FF000000FF000000FF000000FF000000FF000000FF000000FF000000FF000000FF000000FF000000FF000000FF000000FF000000FF000000FF000000FF000000FF000000FF000000FF000000FF000000FF000000FF000000FF000000FF000000FF000000FF000000FF000000FF000000FF000000FF000000FF000000FF000000FF000000FF000000FF000000FF000000FF000000FF000000FF000000FF000000FF000000FF000000FF000000FF000000FF000000FF000000FF000000FF000000FF000000FF000000FF000000FF000000FF000000FF000000FF000000FF000000FF000000FF000000FF000000FF000000FF000000FF000000FF000000FF000000FF000000FF000000FF000000FF000000FF000000FF000000FF000000FF000000FF000000FF000000FF000000FF000000FF000000FF000000FF000000FF000000FF000000FF000000FF000000FF000000FF000000FF000000FF000000FF000000FF000000FF000000FF000000FF000000FF000000FF000000FF000000FF000000FF000000FF000000FF000000FF000000FF000000FF000000FF000000FF000000FF000000FF000000FF000000FF000000FF000000FF000000FF000000FF000000FF000000FF000000FF000000FF000000FF000000FF000000FF000000FF000000FF000000FF000000FF000000FF000000FF000000FF000000FF000000FF000000FF000000FF000000FF000000FF000000FF000000FF000000FF000000FF000000FF000000FF000000FF000000FF000000FF000000FF000000FF000000FF000000FF000000FF000000FF000000FF000000FF000000FF000000FF000000FF000000FF000000FF000000FF000000FF000000FF000000FF000000FF000000FF000000FF000000FF000000FF000000FF000000FF000000FF000000FF000000FF000000FF000000FF000000FF000000FF000000FF000000FF000000FF000000FF000000FF000000FF000000FF000000FF000000FF000000FF000000FF000000FF000000FF000000FF000000FF000000FF000000FF000000FF000000FF000000FF000000FF000000FF000000FF000000FF000000FF000000FF000000FF000000FF000000FF000000FF000000FF000000FF000000FF000000FF000000FF000000FF000000FF000000FF000000FF000000FF000000FF000000FF000000FF000000FF000000FF000000FF000000FF000000FF000000FF000000FF000000FF000000FF000000FF000000FF000000FF000000FF000000FF000000FF000000FF000000FF000000FF000000FF000000FF000000FF000000FF000000FF000000FF000000FF000000FF000000FF000000FF000000FF000000FF000000FF000000FF000000FF000000FF000000FF000000FF000000FF000000FF000000FF000000FF000000FF000000FF000000FF000000FF000000FF000000FF000000FF000000FF000000FF000000FF000000FF000000FF000000FF000000FF000000FF000000FF000000FF000000FF000000FF000000FF000000FF000000FF000000FF000000FF000000FF000000FF000000FF000000FF000000FF000000FF000000FF000000FF000000FF000000FF000000FF000000FF000000FF000000FF000000FF000000FF000000FF000000FF000000FF000000FF000000FF000000FF000000FF000000FF000000FF000000FF000000FF000000FF000000FF000000FF000000FF000000FF000000FF000000FF000000FF000000FF000000FF000000FF000000FF000000FF000000FF000000FF000000FF000000FF000000FF000000FF000000FF000000FF000000FF000000FF000000FF000000FF000000FF000000FF000000FF000000FF000000FF000000FF000000FF000000FF000000FF000000FF000000FF000000FF000000FF000000FF000000FF000000FF000000FF000000FF000000FF000000FF000000FF000000FF000000FF000000FF000000FF000000FF000000FF000000FF000000FF000000FF000000FF000000FF000000FF000000FF000000FF000000FF000000FF000000FF000000FF000000FF000000FF000000FF000000FF000000FF000000FF000000FF000000FF000000FFA9F922FFA9F922FF000000FF000000FF000000FF000000FF000000FF000000FF000000FF000000FF000000FF000000FF000000FF000000FFA9F922FFA9F922FF000000FF000000FF000000FF000000FF000000FF000000FFA9F922FFA9F922FF000000FF000000FF000000FF000000FFA9F922FFA9F922FF000000FF000000FF000000FF000000FF000000FF000000FFA9F922FFA9F922FF000000FF000000FF000000FF000000FFA9F922FFA9F922FF000000FF000000FF000000FF000000FF000000FF000000FFA9F922FFA9F922FF000000FF000000FF000000FF000000FFA9F922FFA9F922FFA9F922FFA9F922FFA9F922FFA9F922FFA9F922FFA9F922FFA9F922FFA9F922FF000000FF000000FF000000FF000000FFA9F922FFA9F922FF000000FF000000FF000000FF000000FFA9F922FFA9F922FFA9F922FFA9F922FF000000FF000000FF000000FF000000FFA9F922FFA9F922FF000000FF000000FF000000FF000000FF000000FF000000FFA9F922FFA9F922FF000000FF000000FF000000FF000000FF000000FF000000FF000000FF000000FF000000FF000000FF000000FF000000FFA9F922FFA9F922FF000000FF000000FF000000FF000000FF000000FF000000FF000000FF000000FFA9F922FFA9F922FF000000FF000000FF000000FF000000FF000000FF000000FF000000FF000000FF000000FF000000FF000000FF000000FF000000FF000000FF000000FF000000FF000000FF000000FF000000FF000000FF000000FF000000FF000000FF000000FF000000FF000000FF000000FF000000FF000000FF000000FF000000FF000000FF000000FF000000FF000000FF000000FF000000FF000000FF000000FF000000FF000000FF000000FF000000FF000000FF000000FF000000FF000000FF000000FF000000FF000000FF000000FF000000FF000000FF000000FF000000FF000000FF000000FF000000FF000000FF000000FF000000FF000000FF000000FF000000FF000000FF000000FF000000FF000000FF000000FF000000FF000000FF000000FF000000FF000000FF000000FF000000FF000000FF000000FF000000FF000000FF000000FF000000FF000000FF000000FF000000FF000000FF000000FF000000FF000000FF000000FF000000FF000000FF000000FF000000FF000000FF000000FF000000FF000000FF000000FF000000FF000000FF000000FF000000FF000000FF000000FF000000FF000000FF000000FF000000FF000000FF000000FF000000FF000000FF000000FF000000FF000000FF000000FF000000FF000000FF000000FF000000FF000000FF000000FF000000FF000000FF000000FF000000FF000000FF000000FF000000FF000000FF000000FF000000FF000000FF000000FF000000FF000000FF000000FF000000FF000000FF000000FF000000FF000000FF000000FF000000FF000000FF000000FF000000FF000000FF000000FF000000FF000000FF000000FF000000FF000000FF000000FF000000FF000000FF000000FF000000FF000000FF000000FF000000FF000000FF000000FF000000FF000000FF000000FF000000FF000000FF000000FF000000FF000000FF000000FF000000FF000000FF000000FF000000FF000000FF000000FF000000FF000000FF000000FF000000FF000000FF000000FF000000FF000000FF000000FF000000FF000000FF000000FF000000FF000000FF000000FF000000FF000000FF000000FF000000FF000000FF000000FF000000FF000000FF000000FF000000FF000000FF000000FF000000FF000000FF000000FF000000FF000000FF000000FF000000FF000000FF000000FF000000FF000000FF000000FF000000FF000000FF000000FF000000FF000000FF000000FF000000FF000000FF000000FF000000FF000000FF000000FF000000FF000000FF000000FF000000FF000000FF000000FF000000FF000000FF000000FF000000FF000000FF000000FF000000FF000000FF000000FF000000FF000000FF000000FF000000FF000000FF000000FF000000FF000000FF000000FF000000FF000000FF000000FF000000FF000000FF000000FF000000FF000000FF000000FF000000FF000000FF000000FF000000FF000000FF000000FF000000FF000000FF000000FF000000FF000000FF000000FF000000FF000000FF000000FF000000FF000000FF000000FF000000FF000000FF000000FF000000FF000000FF000000FF000000FF000000FF000000FF000000FF000000FF000000FF000000FF000000FF000000FF000000FF000000FF000000FF000000FF000000FF000000FF000000FF000000FF000000FF000000FF000000FF000000FF000000FF000000FF000000FF000000FF000000FF000000FF000000FF000000FF000000FF000000FF000000FF000000FF000000FF000000FF000000FF000000FF000000FF000000FF000000FF000000FF000000FF000000FF000000FF000000FF000000FF000000FF000000FF000000FF000000FF000000FF000000FF000000FF000000FF000000FF000000FF000000FF000000FF000000FF000000FF000000FF000000FF000000FF000000FF000000FF000000FF000000FF000000FF000000FF000000FF000000FF000000FF000000FF000000FF000000FF000000FF000000FF000000FF000000FF000000FF000000FF000000FF000000FF000000FF000000FF000000FF000000FF000000FF000000FF000000FF000000FF000000FF000000FF000000FF000000FF000000FF000000FF000000FF000000FF000000FF000000FF000000FF000000FF000000FF000000FF000000FF000000FF000000FF000000FF000000FF000000FF000000FF000000FF000000FF000000FF000000FF000000FF000000FF000000FF000000FF000000FF000000FF000000FF000000FF000000FF000000FF000000FF000000FF000000FF000000FF000000FF000000FF000000FF000000FF000000FF000000FF000000FF000000FF000000FF000000FF000000FF000000FF000000FF000000FF000000FF000000FF000000FF000000FF000000FF000000FF000000FF000000FF000000FF000000FFA9F922FFA9F922FF000000FF000000FF000000FF000000FF000000FF000000FF000000FF000000FF000000FF000000FF000000FF000000FFA9F922FFA9F922FF000000FF000000FF000000FF000000FF000000FF000000FFA9F922FFA9F922FF000000FF000000FF000000FF000000FFA9F922FFA9F922FF000000FF000000FF000000FF000000FF000000FF000000FFA9F922FFA9F922FF000000FF000000FF000000FF000000FFA9F922FFA9F922FF000000FF000000FF000000FF000000FF000000FF000000FFA9F922FFA9F922FF000000FF000000FF000000FF000000FFA9F922FFA9F922FFA9F922FFA9F922FFA9F922FFA9F922FFA9F922FFA9F922FFA9F922FFA9F922FF000000FF000000FF000000FF000000FFA9F922FFA9F922FF000000FF000000FF000000FF000000FFA9F922FFA9F922FFA9F922FFA9F922FF000000FF000000FF000000FF000000FFA9F922FFA9F922FF000000FF000000FF000000FF000000FF000000FF000000FFA9F922FFA9F922FF000000FF000000FF000000FF000000FF000000FF000000FF000000FF000000FF000000FF000000FF000000FF000000FFA9F922FFA9F922FF000000FF000000FF000000FF000000FF000000FF000000FF000000FF000000FFA9F922FFA9F922FF000000FF000000FF000000FF000000FF000000FF000000FF000000FF000000FF000000FF000000FF000000FF000000FF000000FF000000FF000000FF000000FF000000FF000000FF000000FF000000FF000000FF000000FF000000FF000000FF000000FF000000FF000000FF000000FF000000FF000000FF000000FF000000FF000000FF000000FF000000FF000000FF000000FF000000FF000000FF000000FF000000FF000000FF000000FF000000FF000000FF000000FF000000FF000000FF000000FF000000FF000000FF000000FF000000FF000000FF000000FF000000FF000000FF000000FF000000FF000000FF000000FF000000FF000000FF000000FF000000FF000000FF000000FF000000FF000000FF000000FF000000FF000000FF000000FF000000FF000000FF000000FF000000FF000000FF000000FF000000FF000000FF000000FF000000FF000000FF000000FF000000FF000000FF000000FF000000FF000000FF000000FF000000FF000000FF000000FF000000FF000000FF000000FF000000FF000000FF000000FF000000FF000000FF000000FF000000FF000000FF000000FF000000FF000000FF000000FF000000FF000000FF000000FF000000FF000000FF000000FF000000FF000000FF000000FF000000FF000000FF000000FF000000FF000000FF000000FF000000FF000000FF000000FF000000FF000000FF000000FF000000FF000000FF000000FF000000FF000000FF000000FF000000FF000000FF000000FF000000FF000000FF000000FF000000FF000000FF000000FF000000FF000000FF000000FF000000FF000000FF000000FF000000FF000000FF000000FF000000FF000000FF000000FF000000FF000000FF000000FF000000FF000000FF000000FF000000FF000000FF000000FF000000FF000000FF000000FF000000FF000000FF000000FF000000FF000000FF000000FF000000FF000000FF000000FF000000FF000000FF000000FF000000FF000000FF000000FF000000FF000000FF000000FF000000FF000000FF000000FF000000FF000000FF000000FF000000FF000000FF000000FF000000FF000000FF000000FF000000FF000000FF000000FF000000FF000000FF000000FF000000FF000000FF000000FF000000FF000000FF000000FF000000FF000000FF000000FF000000FF000000FF000000FF000000FF000000FF000000FF000000FF000000FF000000FF000000FF000000FF000000FF000000FF000000FF000000FF000000FF000000FF000000FF000000FF000000FF000000FF000000FF000000FF000000FF000000FF000000FF000000FF000000FF000000FF000000FF000000FF000000FF000000FF000000FF000000FF000000FF000000FF000000FF000000FF000000FF000000FF000000FF000000FF000000FF000000FF000000FF000000FF000000FF000000FF000000FF000000FF000000FF000000FF000000FF000000FF000000FF000000FF000000FF000000FF000000FF000000FF000000FF000000FF000000FF000000FF000000FF000000FF000000FF000000FF000000FF000000FF000000FF000000FF000000FF000000FF000000FF000000FF000000FF000000FF000000FF000000FF000000FF000000FF000000FF000000FF000000FF000000FF000000FF000000FF000000FF000000FF000000FF000000FF000000FF000000FF000000FF000000FF000000FF000000FF000000FF000000FF000000FF000000FF000000FF000000FF000000FF000000FF000000FF000000FF000000FF000000FF000000FF000000FF000000FF000000FF000000FF000000FF000000FF000000FF000000FF000000FF000000FF000000FF000000FF000000FF000000FF000000FF000000FF000000FF000000FF000000FF000000FF000000FF000000FF000000FF000000FF000000FF000000FF000000FF000000FF000000FF000000FF000000FF000000FF000000FF000000FF000000FF000000FF000000FF000000FF000000FF000000FF000000FF000000FF000000FF000000FF000000FF000000FF000000FF000000FF000000FF000000FF000000FF000000FF000000FF000000FF000000FF000000FF000000FF000000FF000000FF000000FF000000FF000000FF000000FF000000FF000000FF000000FF000000FF000000FF000000FF000000FF000000FF000000FF000000FF000000FF000000FF000000FF000000FF000000FF000000FF000000FF000000FF000000FF000000FF000000FF000000FF000000FF000000FF000000FF000000FF000000FF000000FF000000FF000000FF000000FF000000FF000000FF000000FF000000FF000000FF000000FF000000FF000000FF000000FF000000FF000000FF000000FF000000FF000000FF000000FF000000FF000000FF000000FF000000FF000000FF000000FF000000FFA9F922FFA9F922FF000000FF000000FF000000FF000000FF000000FF000000FFA9F922FFA9F922FF000000FF000000FF000000FF000000FFA9F922FFA9F922FF000000FF000000FF000000FF000000FF000000FF000000FFA9F922FFA9F922FF000000FF000000FF000000FF000000FFA9F922FFA9F922FF000000FF000000FF000000FF000000FF000000FF000000FFA9F922FFA9F922FF000000FF000000FF000000FF000000FFA9F922FFA9F922FF000000FF000000FF000000FF000000FF000000FF000000FFA9F922FFA9F922FF000000FF000000FF000000FF000000FFA9F922FFA9F922FF000000FF000000FF000000FF000000FF000000FF000000FFA9F922FFA9F922FF000000FF000000FF000000FF000000FFA9F922FFA9F922FF000000FF000000FF000000FF000000FF000000FF000000FFA9F922FFA9F922FF000000FF000000FF000000FF000000FFA9F922FFA9F922FF000000FF000000FF000000FF000000FF000000FF000000FFA9F922FFA9F922FF000000FF000000FF000000FF000000FFA9F922FFA9F922FF000000FF000000FF000000FF000000FF000000FF000000FFA9F922FFA9F922FF000000FF000000FF000000FF000000FF000000FF000000FF000000FF000000FF000000FF000000FF000000FF000000FF000000FF000000FF000000FF000000FF000000FF000000FF000000FF000000FF000000FF000000FF000000FF000000FF000000FF000000FF000000FF000000FF000000FF000000FF000000FF000000FF000000FF000000FF000000FF000000FF000000FF000000FF000000FF000000FF000000FF000000FF000000FF000000FF000000FF000000FF000000FF000000FF000000FF000000FF000000FF000000FF000000FF000000FF000000FF000000FF000000FF000000FF000000FF000000FF000000FF000000FF000000FF000000FF000000FF000000FF000000FF000000FF000000FF000000FF000000FF000000FF000000FF000000FF000000FF000000FF000000FF000000FF000000FF000000FF000000FF000000FF000000FF000000FF000000FF000000FF000000FF000000FF000000FF000000FF000000FF000000FF000000FF000000FF000000FF000000FF000000FF000000FF000000FF000000FF000000FF000000FF000000FF000000FF000000FF000000FF000000FF000000FF000000FF000000FF000000FF000000FF000000FF000000FF000000FF000000FF000000FF000000FF000000FF000000FF000000FF000000FF000000FF000000FF000000FF000000FF000000FF000000FF000000FF000000FF000000FF000000FF000000FF000000FF000000FF000000FF000000FF000000FF000000FF000000FF000000FF000000FF000000FF000000FF000000FF000000FF000000FF000000FF000000FF000000FF000000FF000000FF000000FF000000FF000000FF000000FF000000FF000000FF000000FF000000FF000000FF000000FF000000FF000000FF000000FF000000FF000000FF000000FF000000FF000000FF000000FF000000FF000000FF000000FF000000FF000000FF000000FF000000FF000000FF000000FF000000FF000000FF000000FF000000FF000000FF000000FF000000FF000000FF000000FF000000FF000000FF000000FF000000FF000000FF000000FF000000FF000000FF000000FF000000FF000000FF000000FF000000FF000000FF000000FF000000FF000000FF000000FF000000FF000000FF000000FF000000FF000000FF000000FF000000FF000000FF000000FF000000FF000000FF000000FF000000FF000000FF000000FF000000FF000000FF000000FF000000FF000000FF000000FF000000FF000000FF000000FF000000FF000000FF000000FF000000FF000000FF000000FF000000FF000000FF000000FF000000FF000000FF000000FF000000FF000000FF000000FF000000FF000000FF000000FF000000FF000000FF000000FF000000FF000000FF000000FF000000FF000000FF000000FF000000FF000000FF000000FF000000FF000000FF000000FF000000FF000000FF000000FF000000FF000000FF000000FF000000FF000000FF000000FF000000FF000000FF000000FF000000FF000000FF000000FF000000FF000000FF000000FF000000FF000000FF000000FF000000FF000000FF000000FF000000FF000000FF000000FF000000FF000000FF000000FF000000FF000000FF000000FF000000FF000000FF000000FF000000FF000000FF000000FF000000FF000000FF000000FF000000FF000000FF000000FF000000FF000000FF000000FF000000FF000000FF000000FF000000FF000000FF000000FF000000FF000000FF000000FF000000FF000000FF000000FF000000FF000000FF000000FF000000FF000000FF000000FF000000FF000000FF000000FF000000FF000000FF000000FF000000FF000000FF000000FF000000FF000000FF000000FF000000FF000000FF000000FF000000FF000000FF000000FF000000FF000000FF000000FF000000FF000000FF000000FF000000FF000000FF000000FF000000FF000000FF000000FF000000FF000000FF000000FF000000FF000000FF000000FF000000FF000000FF000000FF000000FF000000FF000000FF000000FF000000FF000000FF000000FF000000FF000000FF000000FF000000FF000000FF000000FF000000FF000000FF000000FF000000FF000000FF000000FF000000FF000000FF000000FF000000FF000000FF000000FF000000FF000000FF000000FF000000FF000000FF000000FF000000FF000000FF000000FF000000FF000000FF000000FF000000FF000000FF000000FF000000FF000000FF000000FF000000FF000000FF000000FF000000FF000000FF000000FF000000FF000000FF000000FF000000FF000000FF000000FF000000FF000000FF000000FF000000FF000000FF000000FF000000FF000000FF000000FF000000FF000000FF000000FF000000FF000000FF000000FF000000FF000000FF000000FF000000FF000000FF000000FF000000FF000000FF000000FF000000FF000000FF000000FF000000FFA9F922FFA9F922FF000000FF000000FF000000FF000000FF000000FF000000FFA9F922FFA9F922FF000000FF000000FF000000FF000000FFA9F922FFA9F922FF000000FF000000FF000000FF000000FF000000FF000000FFA9F922FFA9F922FF000000FF000000FF000000FF000000FFA9F922FFA9F922FF000000FF000000FF000000FF000000FF000000FF000000FFA9F922FFA9F922FF000000FF000000FF000000FF000000FFA9F922FFA9F922FF000000FF000000FF000000FF000000FF000000FF000000FFA9F922FFA9F922FF000000FF000000FF000000FF000000FFA9F922FFA9F922FF000000FF000000FF000000FF000000FF000000FF000000FFA9F922FFA9F922FF000000FF000000FF000000FF000000FFA9F922FFA9F922FF000000FF000000FF000000FF000000FF000000FF000000FFA9F922FFA9F922FF000000FF000000FF000000FF000000FFA9F922FFA9F922FF000000FF000000FF000000FF000000FF000000FF000000FFA9F922FFA9F922FF000000FF000000FF000000FF000000FFA9F922FFA9F922FF000000FF000000FF000000FF000000FF000000FF000000FFA9F922FFA9F922FF000000FF000000FF000000FF000000FF000000FF000000FF000000FF000000FF000000FF000000FF000000FF000000FF000000FF000000FF000000FF000000FF000000FF000000FF000000FF000000FF000000FF000000FF000000FF000000FF000000FF000000FF000000FF000000FF000000FF000000FF000000FF000000FF000000FF000000FF000000FF000000FF000000FF000000FF000000FF000000FF000000FF000000FF000000FF000000FF000000FF000000FF000000FF000000FF000000FF000000FF000000FF000000FF000000FF000000FF000000FF000000FF000000FF000000FF000000FF000000FF000000FF000000FF000000FF000000FF000000FF000000FF000000FF000000FF000000FF000000FF000000FF000000FF000000FF000000FF000000FF000000FF000000FF000000FF000000FF000000FF000000FF000000FF000000FF000000FF000000FF000000FF000000FF000000FF000000FF000000FF000000FF000000FF000000FF000000FF000000FF000000FF000000FF000000FF000000FF000000FF000000FF000000FF000000FF000000FF000000FF000000FF000000FF000000FF000000FF000000FF000000FF000000FF000000FF000000FF000000FF000000FF000000FF000000FF000000FF000000FF000000FF000000FF000000FF000000FF000000FF000000FF000000FF000000FF000000FF000000FF000000FF000000FF000000FF000000FF000000FF000000FF000000FF000000FF000000FF000000FF000000FF000000FF000000FF000000FF000000FF000000FF000000FF000000FF000000FF000000FF000000FF000000FF000000FF000000FF000000FF000000FF000000FF000000FF000000FF000000FF000000FF000000FF000000FF000000FF000000FF000000FF000000FF000000FF000000FF000000FF000000FF000000FF000000FF000000FF000000FF000000FF000000FF000000FF000000FF000000FF000000FF000000FF000000FF000000FF000000FF000000FF000000FF000000FF000000FF000000FF000000FF000000FF000000FF000000FF000000FF000000FF000000FF000000FF000000FF000000FF000000FF000000FF000000FF000000FF000000FF000000FF000000FF000000FF000000FF000000FF000000FF000000FF000000FF000000FF000000FF000000FF000000FF000000FF000000FF000000FF000000FF000000FF000000FF000000FF000000FF000000FF000000FF000000FF000000FF000000FF000000FF000000FF000000FF000000FF000000FF000000FF000000FF000000FF000000FF000000FF000000FF000000FF000000FF000000FF000000FF000000FF000000FF000000FF000000FF000000FF000000FF000000FF000000FF000000FF000000FF000000FF000000FF000000FF000000FF000000FF000000FF000000FF000000FF000000FF000000FF000000FF000000FF000000FF000000FF000000FF000000FF000000FF000000FF000000FF000000FF000000FF000000FF000000FF000000FF000000FF000000FF000000FF000000FF000000FF000000FF000000FF000000FF000000FF000000FF000000FF000000FF000000FF000000FF000000FF000000FF000000FF000000FF000000FF000000FF000000FF000000FF000000FF000000FF000000FF000000FF000000FF000000FF000000FF000000FF000000FF000000FF000000FF000000FF000000FF000000FF000000FF000000FF000000FF000000FF000000FF000000FF000000FF000000FF000000FF000000FF000000FF000000FF000000FF000000FF000000FF000000FF000000FF000000FF000000FF000000FF000000FF000000FF000000FF000000FF000000FF000000FF000000FF000000FF000000FF000000FF000000FF000000FF000000FF000000FF000000FF000000FF000000FF000000FF000000FF000000FF000000FF000000FF000000FF000000FF000000FF000000FF000000FF000000FF000000FF000000FF000000FF000000FF000000FF000000FF000000FF000000FF000000FF000000FF000000FF000000FF000000FF000000FF000000FF000000FF000000FF000000FF000000FF000000FF000000FF000000FF000000FF000000FF000000FF000000FF000000FF000000FF000000FF000000FF000000FF000000FF000000FF000000FF000000FF000000FF000000FF000000FF000000FF000000FF000000FF000000FF000000FF000000FF000000FF000000FF000000FF000000FF000000FF000000FF000000FF000000FF000000FF000000FF000000FF000000FF000000FF000000FF000000FF000000FF000000FF000000FF000000FF000000FF000000FF000000FF000000FF000000FF000000FF000000FF000000FF000000FF000000FF000000FF000000FF000000FF000000FF000000FF000000FF000000FF000000FF000000FF000000FF000000FF000000FF000000FF000000FF000000FF000000FF000000FF000000FFA9F922FFA9F922FFA9F922FFA9F922FFA9F922FFA9F922FF000000FF000000FF000000FF000000FF000000FF000000FF000000FF000000FFA9F922FFA9F922FFA9F922FFA9F922FFA9F922FFA9F922FF000000FF000000FF000000FF000000FF000000FF000000FFA9F922FFA9F922FF000000FF000000FF000000FF000000FF000000FF000000FFA9F922FFA9F922FF000000FF000000FF000000FF000000FFA9F922FFA9F922FF000000FF000000FF000000FF000000FF000000FF000000FFA9F922FFA9F922FF000000FF000000FF000000FF000000FFA9F922FFA9F922FF000000FF000000FF000000FF000000FF000000FF000000FFA9F922FFA9F922FF000000FF000000FF000000FF000000FFA9F922FFA9F922FF000000FF000000FF000000FF000000FF000000FF000000FFA9F922FFA9F922FF000000FF000000FF000000FF000000FFA9F922FFA9F922FFA9F922FFA9F922FFA9F922FFA9F922FFA9F922FFA9F922FF000000FF000000FF000000FF000000FF000000FF000000FF000000FF000000FFA9F922FFA9F922FFA9F922FFA9F922FFA9F922FFA9F922FF000000FF000000FF000000FF000000FF000000FF000000FF000000FF000000FF000000FF000000FF000000FF000000FF000000FF000000FF000000FF000000FF000000FF000000FF000000FF000000FF000000FF000000FF000000FF000000FF000000FF000000FF000000FF000000FF000000FF000000FF000000FF000000FF000000FF000000FF000000FF000000FF000000FF000000FF000000FF000000FF000000FF000000FF000000FF000000FF000000FF000000FF000000FF000000FF000000FF000000FF000000FF000000FF000000FF000000FF000000FF000000FF000000FF000000FF000000FF000000FF000000FF000000FF000000FF000000FF000000FF000000FF000000FF000000FF000000FF000000FF000000FF000000FF000000FF000000FF000000FF000000FF000000FF000000FF000000FF000000FF000000FF000000FF000000FF000000FF000000FF000000FF000000FF000000FF000000FF000000FF000000FF000000FF000000FF000000FF000000FF000000FF000000FF000000FF000000FF000000FF000000FF000000FF000000FF000000FF000000FF000000FF000000FF000000FF000000FF000000FF000000FF000000FF000000FF000000FF000000FF000000FF000000FF000000FF000000FF000000FF000000FF000000FF000000FF000000FF000000FF000000FF000000FF000000FF000000FF000000FF000000FF000000FF000000FF000000FF000000FF000000FF000000FF000000FF000000FF000000FF000000FF000000FF000000FF000000FF000000FF000000FF000000FF000000FF000000FF000000FF000000FF000000FF000000FF000000FF000000FF000000FF000000FF000000FF000000FF000000FF000000FF000000FF000000FF000000FF000000FF000000FF000000FF000000FF000000FF000000FF000000FF000000FF000000FF000000FF000000FF000000FF000000FF000000FF000000FF000000FF000000FF000000FF000000FF000000FF000000FF000000FF000000FF000000FF000000FF000000FF000000FF000000FF000000FF000000FF000000FF000000FF000000FF000000FF000000FF000000FF000000FF000000FF000000FF000000FF000000FF000000FF000000FF000000FF000000FF000000FF000000FF000000FF000000FF000000FF000000FF000000FF000000FF000000FF000000FF000000FF000000FF000000FF000000FF000000FF000000FF000000FF000000FF000000FF000000FF000000FF000000FF000000FF000000FF000000FF000000FF000000FF000000FF000000FF000000FF000000FF000000FF000000FF000000FF000000FF000000FF000000FF000000FF000000FF000000FF000000FF000000FF000000FF000000FF000000FF000000FF000000FF000000FF000000FF000000FF000000FF000000FF000000FF000000FF000000FF000000FF000000FF000000FF000000FF000000FF000000FF000000FF000000FF000000FF000000FF000000FF000000FF000000FF000000FF000000FF000000FF000000FF000000FF000000FF000000FF000000FF000000FF000000FF000000FF000000FF000000FF000000FF000000FF000000FF000000FF000000FF000000FF000000FF000000FF000000FF000000FF000000FF000000FF000000FF000000FF000000FF000000FF000000FF000000FF000000FF000000FF000000FF000000FF000000FF000000FF000000FF000000FF000000FF000000FF000000FF000000FF000000FF000000FF000000FF000000FF000000FF000000FF000000FF000000FF000000FF000000FF000000FF000000FF000000FF000000FF000000FF000000FF000000FF000000FF000000FF000000FF000000FF000000FF000000FF000000FF000000FF000000FF000000FF000000FF000000FF000000FF000000FF000000FF000000FF000000FF000000FF000000FF000000FF000000FF000000FF000000FF000000FF000000FF000000FF000000FF000000FF000000FF000000FF000000FF000000FF000000FF000000FF000000FF000000FF000000FF000000FF000000FF000000FF000000FF000000FF000000FF000000FF000000FF000000FF000000FF000000FF000000FF000000FF000000FF000000FF000000FF000000FF000000FF000000FF000000FF000000FF000000FF000000FF000000FF000000FF000000FF000000FF000000FF000000FF000000FF000000FF000000FF000000FF000000FF000000FF000000FF000000FF000000FF000000FF000000FF000000FF000000FF000000FF000000FF000000FF000000FF000000FF000000FF000000FF000000FF000000FF000000FF000000FF000000FF000000FF000000FF000000FF000000FF000000FF000000FF000000FF000000FF000000FF000000FF000000FF000000FF000000FF000000FF000000FF000000FF000000FF000000FF000000FF000000FF000000FF000000FF000000FF000000FF000000FF000000FF000000FF000000FFA9F922FFA9F922FFA9F922FFA9F922FFA9F922FFA9F922FF000000FF000000FF000000FF000000FF000000FF000000FF000000FF000000FFA9F922FFA9F922FFA9F922FFA9F922FFA9F922FFA9F922FF000000FF000000FF000000FF000000FF000000FF000000FFA9F922FFA9F922FF000000FF000000FF000000FF000000FF000000FF000000FFA9F922FFA9F922FF000000FF000000FF000000FF000000FFA9F922FFA9F922FF000000FF000000FF000000FF000000FF000000FF000000FFA9F922FFA9F922FF000000FF000000FF000000FF000000FFA9F922FFA9F922FF000000FF000000FF000000FF000000FF000000FF000000FFA9F922FFA9F922FF000000FF000000FF000000FF000000FFA9F922FFA9F922FF000000FF000000FF000000FF000000FF000000FF000000FFA9F922FFA9F922FF000000FF000000FF000000FF000000FFA9F922FFA9F922FFA9F922FFA9F922FFA9F922FFA9F922FFA9F922FFA9F922FF000000FF000000FF000000FF000000FF000000FF000000FF000000FF000000FFA9F922FFA9F922FFA9F922FFA9F922FFA9F922FFA9F922FF000000FF000000FF000000FF000000FF000000FF000000FF000000FF000000FF000000FF000000FF000000FF000000FF000000FF000000FF000000FF000000FF000000FF000000FF000000FF000000FF000000FF000000FF000000FF000000FF000000FF000000FF000000FF000000FF000000FF000000FF000000FF000000FF000000FF000000FF000000FF000000FF000000FF000000FF000000FF000000FF000000FF000000FF000000FF000000FF000000FF000000FF000000FF000000FF000000FF000000FF000000FF000000FF000000FF000000FF000000FF000000FF000000FF000000FF000000FF000000FF000000FF000000FF000000FF000000FF000000FF000000FF000000FF000000FF000000FF000000FF000000FF000000FF000000FF000000FF000000FF000000FF000000FF000000FF000000FF000000FF000000FF000000FF000000FF000000FF000000FF000000FF000000FF000000FF000000FF000000FF000000FF000000FF000000FF000000FF000000FF000000FF000000FF000000FF000000FF000000FF000000FF000000FF000000FF000000FF000000FF000000FF000000FF000000FF000000FF000000FF000000FF000000FF000000FF000000FF000000FF000000FF000000FF000000FF000000FF000000FF000000FF000000FF000000FF000000FF000000FF000000FF000000FF000000FF000000FF000000FF000000FF000000FF000000FF000000FF000000FF000000FF000000FF000000FF000000FF000000FF000000FF000000FF000000FF000000FF000000FF000000FF000000FF000000FF000000FF000000FF000000FF000000FF000000FF000000FF000000FF000000FF000000FF000000FF000000FF000000FF000000FF000000FF000000FF000000FF000000FF000000FF000000FF000000FF000000FF000000FF000000FF000000FF000000FF000000FF000000FF000000FF000000FF000000FF000000FF000000FF000000FF000000FF000000FF000000FF000000FF000000FF000000FF000000FF000000FF000000FF000000FF000000FF000000FF000000FF000000FF000000FF000000FF000000FF000000FF000000FF000000FF000000FF000000FF000000FF000000FF000000FF000000FF000000FF000000FF000000FF000000FF000000FF000000FF000000FF000000FF000000FF000000FF000000FF000000FF000000FF000000FF000000FF000000FF000000FF000000FF000000FF000000FF000000FF000000FF000000FF000000FF000000FF000000FF000000FF000000FF000000FF000000FF000000FF000000FF000000FF000000FF000000FF000000FF000000FF000000FF000000FF000000FF000000FF000000FF000000FF000000FF000000FF000000FF000000FF000000FF000000FF000000FF000000FF000000FF000000FF000000FF000000FF000000FF000000FF000000FF000000FF000000FF000000FF000000FF000000FF000000FF000000FF000000FF000000FF000000FF000000FF000000FF000000FF000000FF000000FF000000FF000000FF000000FF000000FF000000FF000000FF000000FF000000FF000000FF000000FF000000FF000000FF000000FF000000FF000000FF000000FF000000FF000000FF000000FF000000FF000000FF000000FF000000FF000000FF000000FF000000FF000000FF000000FF000000FF000000FF000000FF000000FF000000FF000000FF000000FF000000FF000000FF000000FF000000FF000000FF000000FF000000FF000000FF000000FF000000FF000000FF000000FF000000FF000000FF000000FF000000FF000000FF000000FF000000FF000000FF000000FF000000FF000000FF000000FF000000FF000000FF000000FF000000FF000000FF000000FF000000FF000000FF000000FF000000FF000000FF000000FF000000FF000000FF000000FF000000FF000000FF000000FF000000FF000000FF000000FF000000FF000000FF000000FF000000FF000000FF000000FF000000FF000000FF000000FF000000FF000000FF000000FF000000FF000000FF000000FF000000FF000000FF000000FF000000FF000000FF000000FF000000FF000000FF000000FF000000FF000000FF000000FF000000FF000000FF000000FF000000FF000000FF000000FF000000FF000000FF000000FF000000FF000000FF000000FF000000FF000000FF000000FF000000FF000000FF000000FF000000FF000000FF000000FF000000FF000000FF000000FF000000FF000000FF000000FF000000FF000000FF000000FF000000FF000000FF000000FF000000FF000000FF000000FF000000FF000000FF000000FF000000FF000000FF000000FF000000FF000000FF000000FF000000FF000000FF000000FF000000FF000000FF000000FF000000FF000000FF000000FF000000FF000000FF000000FF000000FF000000FF000000FF000000FF000000FF000000FF000000FF000000FF000000FF000000FF000000FF000000FF000000FF000000FF000000FF000000FF000000FF000000FF000000FF000000FF000000FF000000FF000000FF000000FF000000FF000000FF000000FF000000FF000000FF000000FF000000FF000000FF000000FF000000FF000000FF000000FF000000FF000000FF000000FF000000FF000000FF000000FF000000FF000000FF000000FF000000FF000000FF000000FF000000FF000000FF000000FF000000FF000000FF000000FF000000FF000000FF000000FF000000FF000000FF000000FF000000FF000000FF000000FF000000FF000000FF000000FF000000FF000000FF000000FF000000FF000000FF000000FF000000FF000000FF000000FF000000FF000000FF000000FF000000FF000000FF000000FF000000FF000000FF000000FF000000FF000000FF000000FF000000FF000000FF000000FF000000FF000000FF000000FF000000FF000000FF000000FF000000FF000000FF000000FF000000FF000000FF000000FF000000FF000000FF000000FF000000FF000000FF000000FF000000FF000000FF000000FF000000FF000000FF000000FF000000FF000000FF000000FF000000FF000000FF000000FF000000FF000000FF000000FF000000FF000000FF000000FF000000FF000000FF000000FF000000FF000000FF000000FF000000FF000000FF000000FF000000FF000000FF000000FF000000FF000000FF000000FF000000FF000000FF000000FF000000FF000000FF000000FF000000FF000000FF000000FF000000FF000000FF000000FF000000FF000000FF000000FF000000FF000000FF000000FF000000FF000000FF000000FF000000FF000000FF000000FF000000FF000000FF000000FF000000FF000000FF000000FF000000FF000000FF000000FF000000FF000000FF000000FF000000FF000000FF000000FF000000FF000000FF000000FF000000FF000000FF000000FF000000FF000000FF000000FF000000FF000000FF000000FF000000FF000000FF000000FF000000FF000000FF000000FF000000FF000000FF000000FF000000FF000000FF000000FF000000FF000000FF000000FF000000FF000000FF000000FF000000FF000000FF000000FF000000FF000000FF000000FF000000FF000000FF000000FF000000FF000000FF000000FF000000FF000000FF000000FF000000FF000000FF000000FF000000FF000000FF000000FF000000FF000000FF000000FF000000FF000000FF000000FF000000FF000000FF000000FF000000FF000000FF000000FF000000FF000000FF000000FF000000FF000000FF000000FF000000FF000000FF000000FF000000FF000000FF000000FF000000FF000000FF000000FF000000FF000000FF000000FF000000FF000000FF000000FF000000FF000000FF000000FF000000FF000000FF000000FF000000FF000000FF000000FF000000FF000000FF000000FF000000FF000000FF000000FF000000FF000000FF000000FF000000FF000000FF000000FF000000FF000000FF000000FF000000FF000000FF000000FF000000FF000000FF000000FF000000FF000000FF000000FF000000FF000000FF000000FF000000FF000000FF000000FF000000FF000000FF000000FF000000FF000000FF000000FF000000FF000000FF000000FF000000FF000000FF000000FF000000FF000000FF000000FF000000FF000000FF000000FF000000FF000000FF000000FF000000FF000000FF000000FF000000FF000000FF000000FF000000FF000000FF000000FF000000FF000000FF000000FF000000FF000000FF000000FF000000FF000000FF000000FF000000FF000000FF000000FF000000FF000000FF000000FF000000FF000000FF000000FF000000FF000000FF000000FF000000FF000000FF000000FF000000FF000000FF000000FF000000FF000000FF000000FF000000FF000000FF000000FF000000FF000000FF000000FF000000FF000000FF000000FF000000FF000000FF000000FF000000FF000000FF000000FF000000FF000000FF000000FF000000FF000000FF000000FF000000FF000000FF000000FF000000FF000000FF000000FF000000FF000000FF000000FF000000FF000000FF000000FF000000FF000000FF000000FF000000FF000000FF000000FF000000FF000000FF000000FF000000FF000000FF000000FF000000FF000000FF000000FF000000FF000000FF000000FF000000FF000000FF000000FF000000FF000000FF000000FF000000FF000000FF000000FF000000FF000000FF000000FF000000FF000000FF000000FF000000FF000000FF000000FF000000FF000000FF000000FF000000FF000000FF000000FF000000FF000000FF000000FF000000FF000000FF000000FF000000FF000000FF000000FF000000FF000000FF000000FF000000FF000000FF000000FF000000FF000000FF000000FF000000FF000000FF000000FF000000FF000000FF000000FF000000FF000000FF000000FF000000FF000000FF000000FF000000FF000000FF000000FF000000FF000000FF000000FF000000FF000000FF000000FF000000FF000000FF000000FF000000FF000000FF000000FF000000FF000000FF000000FF000000FF000000FF000000FF000000FF000000FF000000FF000000FF000000FF000000FF000000FF000000FF000000FF000000FF000000FF000000FF000000FF000000FF000000FF000000FF000000FF000000FF000000FF000000FF000000FF000000FF000000FF000000FF000000FF000000FF000000FF000000FF000000FF000000FF000000FF000000FF000000FF000000FF000000FF000000FF000000FF000000FF000000FF000000FF000000FF000000FF000000FF000000FF000000FF000000FF000000FF000000FF000000FF000000FF000000FF000000FF000000FF000000FF000000FF000000FF000000FF000000FF000000FF000000FF000000FF000000FF000000FF000000FF000000FF000000FF000000FF000000FF000000FF000000FF000000FF000000FF000000FF000000FF000000FF000000FF000000FF000000FF000000FF000000FF000000FF000000FF000000FF000000FF000000FF000000FF000000FF000000FF000000FF000000FF000000FF000000FF000000FF000000FF000000FF000000FF000000FF000000FF000000FF000000FF000000FF000000FF000000FF000000FF000000FF000000FF000000FF000000FF000000FF000000FF000000FF000000FF000000FF000000FF000000FF000000FF000000FF000000FF000000FF000000FF000000FF000000FF000000FF000000FF000000FF000000FF000000FF000000FF000000FF000000FF000000FF000000FF000000FF000000FF000000FF000000FF000000FF000000FF000000FF000000FF000000FF000000FF000000FF000000FF000000FF000000FF000000FF000000FF000000FF000000FF000000FF000000FF000000FF000000FF000000FF000000FF000000FF000000FF000000FF000000FF000000FF000000FF000000FF000000FF000000FF000000FF000000FF000000FF000000FF000000FF000000FF000000FF000000FF000000FF000000FF000000FF000000FF000000FF000000FF000000FF000000FF000000FF000000FF000000FF000000FF000000FF000000FF000000FF000000FF000000FF000000FF000000FF000000FF000000FF000000FF000000FF000000FF000000FF000000FF000000FF000000FF000000FF000000FF000000FF000000FF000000FF000000FF000000FF000000FF000000FF000000FF000000FF000000FF000000FF000000FF000000FF000000FF000000FF000000FF000000FF000000FF000000FF000000FF000000FF000000FF000000FF000000FF000000FF000000FF000000FF000000FF000000FF000000FF000000FF000000FF000000FF000000FF000000FF000000FF000000FF000000FF000000FF000000FF000000FF000000FF000000FF000000FF000000FF000000FF000000FF000000FF000000FF000000FF000000FF000000FF000000FF000000FF000000FF000000FF000000FF000000FF000000FF000000FF000000FF000000FF000000FF000000FF000000FF000000FF000000FF000000FF000000FF000000FF000000FF000000FF000000FF000000FF000000FF000000FF000000FF000000FF000000FF000000FF000000FF000000FF000000FF000000FF000000FF000000FF000000FF000000FF000000FF000000FF000000FF000000FF000000FF000000FF000000FF000000FF000000FF000000FF000000FF000000FF000000FF000000FF000000FF000000FF000000FF000000FF000000FF000000FF000000FF000000FF000000FF000000FF000000FF000000FF000000FF000000FF000000FF000000FF000000FF000000FF000000FF000000FF000000FF000000FF000000FF000000FF000000FF000000FF000000FF000000FF000000FF000000FF000000FF000000FF000000FF000000FF000000FF000000FF000000FF000000FF000000FF000000FF000000FF000000FF000000FF000000FF000000FF000000FF000000FF000000FF000000FF000000FF000000FF000000FF000000FF000000FF000000FF000000FF000000FF000000FF000000FF000000FF000000FF000000FF000000FF000000FF000000FF000000FF000000FF000000FF000000FF000000FF000000FF000000FF000000FF000000FF000000FF000000FF000000FF000000FF000000FF000000FF000000FF000000FF000000FF000000FF000000FF000000FF000000FF000000FF000000FF000000FF000000FF000000FF000000FF000000FF000000FF000000FF000000FF000000FF000000FF000000FF000000FF000000FF000000FF000000FF000000FF000000FF000000FF000000FF000000FF000000FF000000FF000000FF000000FF000000FF000000FF000000FF000000FF000000FF000000FF000000FF000000FF000000FF000000FF000000FF000000FF000000FF000000FF000000FF000000FF000000FF000000FF000000FF000000FF000000FF000000FF000000FF000000FF000000FF000000FF000000FF000000FF000000FF000000FF000000FF000000FF000000FF000000FF000000FF000000FF000000FF000000FF000000FF000000FF000000FF000000FF000000FF000000FF000000FF000000FF000000FF000000FF000000FF000000FF000000FF000000FF000000FF000000FF000000FF000000FF000000FF000000FF000000FF000000FF000000FF000000FF000000FF000000FF000000FF000000FF000000FF000000FF000000FF000000FF000000FF000000FF000000FF000000FF000000FF000000FF000000FF000000FF000000FF000000FF000000FF000000FF000000FF000000FF000000FF000000FF000000FF000000FF000000FF000000FF000000FF000000FF000000FF000000FF000000FF000000FF000000FF000000FF000000FF000000FF000000FF000000FF000000FF000000FF000000FF000000FF000000FF000000FF000000FF000000FF000000FF000000FF000000FF000000FF000000FF000000FF000000FF000000FF000000FF000000FF000000FF000000FF000000FF000000FF000000FF000000FF000000FF000000FF000000FF000000FF000000FF000000FF000000FF000000FF000000FF000000FF000000FF000000FF000000FF000000FF000000FF000000FF000000FF000000FF000000FF000000FF000000FF000000FF000000FF000000FF000000FF000000FF000000FF000000FF000000FF000000FF000000FF000000FF000000FF000000FF000000FF000000FF000000FF000000FF000000FF000000FF000000FF000000FF000000FF000000FF000000FF000000FF000000FF000000FF000000FF000000FF000000FF000000FF000000FF000000FF000000FF000000FF000000FF000000FF000000FF000000FF000000FF000000FF000000FF000000FF000000FF000000FF000000FF000000FF000000FF000000FF000000FF000000FF000000FF000000FF000000FF000000FF000000FF000000FF000000FF000000FF000000FF000000FF000000FF000000FF000000FF000000FF000000FF000000FF000000FF000000FF000000FF000000FF000000FF000000FF000000FF000000FF000000FF000000FF000000FF000000FF000000FF000000FF000000FF000000FF000000FF000000FF000000FF000000FF000000FF000000FF000000FF000000FF000000FF000000FF000000FFA9F922FFA9F922FF000000FF000000FF000000FF000000FF000000FF000000FF000000FF000000FF000000FF000000FF000000FF000000FF000000FF000000FF000000FF000000FF000000FF000000FF000000FF000000FF000000FF000000FF000000FF000000FF000000FF000000FF000000FF000000FF000000FF000000FF000000FF000000FF000000FF000000FF000000FF000000FF000000FF000000FF000000FF000000FF000000FF000000FF000000FF000000FF000000FF000000FF000000FF000000FF000000FF000000FF000000FF000000FF000000FF000000FF000000FF000000FF000000FF000000FF000000FF000000FF000000FF000000FF000000FF000000FF000000FF000000FF000000FF000000FF000000FF000000FF000000FF000000FF000000FF000000FF000000FF000000FF000000FF000000FF000000FF000000FF000000FF000000FF000000FF000000FF000000FF000000FF000000FF000000FF000000FF000000FF000000FF000000FF000000FF000000FF000000FF000000FF000000FF000000FF000000FF000000FF000000FF000000FF000000FF000000FF000000FF000000FF000000FF000000FF000000FF000000FF000000FF000000FF000000FF000000FF000000FF000000FF000000FF000000FF000000FF000000FF000000FF000000FF000000FF000000FF000000FF000000FF000000FF000000FF000000FF000000FF000000FF000000FF000000FF000000FF000000FF000000FF000000FF000000FFA9F922FFA9F922FF000000FF000000FF000000FF000000FF000000FF000000FF000000FF000000FFA9F922FFA9F922FFA9F922FFA9F922FFA9F922FFA9F922FFA9F922FFA9F922FF000000FF000000FF000000FF000000FF000000FF000000FFA9F922FFA9F922FFA9F922FFA9F922FFA9F922FFA9F922FFA9F922FFA9F922FF000000FF000000FF000000FF000000FF000000FF000000FFA9F922FFA9F922FFA9F922FFA9F922FFA9F922FFA9F922FFA9F922FFA9F922FFA9F922FFA9F922FF000000FF000000FF000000FF000000FFA9F922FFA9F922FF000000FF000000FF000000FF000000FF000000FF000000FFA9F922FFA9F922FF000000FF000000FF000000FF000000FFA9F922FFA9F922FFA9F922FFA9F922FFA9F922FFA9F922FFA9F922FFA9F922FF000000FF000000FF000000FF000000FF000000FF000000FF000000FF000000FF000000FF000000FF000000FF000000FF000000FF000000FF000000FF000000FF000000FF000000FF000000FF000000FFA9F922FFA9F922FF000000FF000000FF000000FF000000FF000000FF000000FF000000FF000000FF000000FF000000FF000000FF000000FF000000FF000000FFA9F922FFA9F922FFA9F922FFA9F922FFA9F922FFA9F922FF000000FF000000FF000000FF000000FF000000FF000000FFA9F922FFA9F922FF000000FF000000FF000000FF000000FF000000FF000000FFA9F922FFA9F922FF000000FF000000FF000000FF000000FFA9F922FFA9F922FFA9F922FFA9F922FFA9F922FFA9F922FFA9F922FFA9F922FFA9F922FFA9F922FF000000FF000000FF000000FF000000FF000000FF000000FFA9F922FFA9F922FFA9F922FFA9F922FFA9F922FFA9F922FF000000FF000000FF000000FF000000FF000000FF000000FF000000FF000000FF000000FF000000FF000000FF000000FF000000FF000000FF000000FF000000FF000000FF000000FF000000FF000000FF000000FF000000FF000000FF000000FF000000FF000000FF000000FF000000FF000000FF000000FF000000FF000000FF000000FF000000FF000000FF000000FF000000FF000000FF000000FF000000FF000000FF000000FF000000FF000000FF000000FF000000FF000000FF000000FF000000FF000000FF000000FF000000FF000000FF000000FF000000FF000000FF000000FF000000FF000000FF000000FF000000FF000000FF000000FF000000FF000000FF000000FF000000FF000000FF000000FF000000FF000000FF000000FF000000FF000000FF000000FF000000FF000000FF000000FF000000FF000000FF000000FF000000FF000000FF000000FF000000FF000000FF000000FF000000FF000000FF000000FF000000FF000000FF000000FF000000FF000000FF000000FF000000FF000000FF000000FF000000FF000000FF000000FF000000FF000000FF000000FF000000FF000000FF000000FF000000FF000000FF000000FF000000FF000000FF000000FF000000FF000000FF000000FF000000FF000000FF000000FF000000FF000000FF000000FF000000FF000000FF000000FF000000FF000000FF000000FF000000FF000000FF000000FF000000FF000000FF000000FF000000FF000000FF000000FF000000FF000000FF000000FF000000FF000000FF000000FF000000FF000000FF000000FF000000FF000000FF000000FF000000FF000000FF000000FF000000FF000000FF000000FF000000FF000000FF000000FF000000FF000000FF000000FF000000FF000000FF000000FF000000FF000000FF000000FF000000FF000000FF000000FF000000FF000000FF000000FF000000FF000000FF000000FF000000FF000000FF000000FF000000FF000000FF000000FF000000FF000000FF000000FF000000FF000000FF000000FF000000FF000000FF000000FF000000FF000000FF000000FF000000FF000000FF000000FF000000FF000000FF000000FF000000FF000000FF000000FF000000FF000000FF000000FF000000FF000000FF000000FF000000FF000000FF000000FF000000FF000000FF000000FF000000FF000000FF000000FF000000FF000000FF000000FF000000FF000000FF000000FF000000FF000000FF000000FF000000FF000000FF000000FF000000FF000000FF000000FF000000FF000000FF000000FF000000FF000000FF000000FF000000FF000000FF000000FF000000FF000000FF000000FF000000FF000000FF000000FF000000FF000000FF000000FF000000FF000000FF000000FF000000FF000000FF000000FF000000FF000000FF000000FF000000FFA9F922FFA9F922FF000000FF000000FF000000FF000000FF000000FF000000FF000000FF000000FF000000FF000000FF000000FF000000FF000000FF000000FF000000FF000000FF000000FF000000FF000000FF000000FF000000FF000000FF000000FF000000FF000000FF000000FF000000FF000000FF000000FF000000FF000000FF000000FF000000FF000000FF000000FF000000FF000000FF000000FF000000FF000000FF000000FF000000FF000000FF000000FF000000FF000000FF000000FF000000FF000000FF000000FF000000FF000000FF000000FF000000FF000000FF000000FF000000FF000000FF000000FF000000FF000000FF000000FF000000FF000000FF000000FF000000FF000000FF000000FF000000FF000000FF000000FF000000FF000000FF000000FF000000FF000000FF000000FF000000FF000000FF000000FF000000FF000000FF000000FF000000FF000000FF000000FF000000FF000000FF000000FF000000FF000000FF000000FF000000FF000000FF000000FF000000FF000000FF000000FF000000FF000000FF000000FF000000FF000000FF000000FF000000FF000000FF000000FF000000FF000000FF000000FF000000FF000000FF000000FF000000FF000000FF000000FF000000FF000000FF000000FF000000FF000000FF000000FF000000FF000000FF000000FF000000FF000000FF000000FF000000FF000000FF000000FF000000FF000000FF000000FF000000FF000000FF000000FF000000FFA9F922FFA9F922FF000000FF000000FF000000FF000000FF000000FF000000FF000000FF000000FFA9F922FFA9F922FFA9F922FFA9F922FFA9F922FFA9F922FFA9F922FFA9F922FF000000FF000000FF000000FF000000FF000000FF000000FFA9F922FFA9F922FFA9F922FFA9F922FFA9F922FFA9F922FFA9F922FFA9F922FF000000FF000000FF000000FF000000FF000000FF000000FFA9F922FFA9F922FFA9F922FFA9F922FFA9F922FFA9F922FFA9F922FFA9F922FFA9F922FFA9F922FF000000FF000000FF000000FF000000FFA9F922FFA9F922FF000000FF000000FF000000FF000000FF000000FF000000FFA9F922FFA9F922FF000000FF000000FF000000FF000000FFA9F922FFA9F922FFA9F922FFA9F922FFA9F922FFA9F922FFA9F922FFA9F922FF000000FF000000FF000000FF000000FF000000FF000000FF000000FF000000FF000000FF000000FF000000FF000000FF000000FF000000FF000000FF000000FF000000FF000000FF000000FF000000FFA9F922FFA9F922FF000000FF000000FF000000FF000000FF000000FF000000FF000000FF000000FF000000FF000000FF000000FF000000FF000000FF000000FFA9F922FFA9F922FFA9F922FFA9F922FFA9F922FFA9F922FF000000FF000000FF000000FF000000FF000000FF000000FFA9F922FFA9F922FF000000FF000000FF000000FF000000FF000000FF000000FFA9F922FFA9F922FF000000FF000000FF000000FF000000FFA9F922FFA9F922FFA9F922FFA9F922FFA9F922FFA9F922FFA9F922FFA9F922FFA9F922FFA9F922FF000000FF000000FF000000FF000000FF000000FF000000FFA9F922FFA9F922FFA9F922FFA9F922FFA9F922FFA9F922FF000000FF000000FF000000FF000000FF000000FF000000FF000000FF000000FF000000FF000000FF000000FF000000FF000000FF000000FF000000FF000000FF000000FF000000FF000000FF000000FF000000FF000000FF000000FF000000FF000000FF000000FF000000FF000000FF000000FF000000FF000000FF000000FF000000FF000000FF000000FF000000FF000000FF000000FF000000FF000000FF000000FF000000FF000000FF000000FF000000FF000000FF000000FF000000FF000000FF000000FF000000FF000000FF000000FF000000FF000000FF000000FF000000FF000000FF000000FF000000FF000000FF000000FF000000FF000000FF000000FF000000FF000000FF000000FF000000FF000000FF000000FF000000FF000000FF000000FF000000FF000000FF000000FF000000FF000000FF000000FF000000FF000000FF000000FF000000FF000000FF000000FF000000FF000000FF000000FF000000FF000000FF000000FF000000FF000000FF000000FF000000FF000000FF000000FF000000FF000000FF000000FF000000FF000000FF000000FF000000FF000000FF000000FF000000FF000000FF000000FF000000FF000000FF000000FF000000FF000000FF000000FF000000FF000000FF000000FF000000FF000000FF000000FF000000FF000000FF000000FF000000FF000000FF000000FF000000FF000000FF000000FF000000FF000000FF000000FF000000FF000000FF000000FF000000FF000000FF000000FF000000FF000000FF000000FF000000FF000000FF000000FF000000FF000000FF000000FF000000FF000000FF000000FF000000FF000000FF000000FF000000FF000000FF000000FF000000FF000000FF000000FF000000FF000000FF000000FF000000FF000000FF000000FF000000FF000000FF000000FF000000FF000000FF000000FF000000FF000000FF000000FF000000FF000000FF000000FF000000FF000000FF000000FF000000FF000000FF000000FF000000FF000000FF000000FF000000FF000000FF000000FF000000FF000000FF000000FF000000FF000000FF000000FF000000FF000000FF000000FF000000FF000000FF000000FF000000FF000000FF000000FF000000FF000000FF000000FF000000FF000000FF000000FF000000FF000000FF000000FF000000FF000000FF000000FF000000FF000000FF000000FF000000FF000000FF000000FF000000FF000000FF000000FF000000FF000000FF000000FF000000FF000000FF000000FF000000FF000000FF000000FF000000FF000000FF000000FF000000FF000000FF000000FF000000FF000000FF000000FF000000FF000000FF000000FF000000FF000000FF000000FF000000FF000000FF000000FF000000FF000000FF000000FF000000FF000000FF000000FFA9F922FFA9F922FF000000FF000000FFA9F922FFA9F922FF000000FF000000FF000000FF000000FF000000FF000000FF000000FF000000FF000000FF000000FF000000FF000000FF000000FF000000FF000000FF000000FF000000FF000000FF000000FF000000FF000000FF000000FF000000FF000000FF000000FF000000FF000000FF000000FF000000FF000000FF000000FF000000FF000000FF000000FF000000FF000000FF000000FF000000FF000000FF000000FF000000FF000000FF000000FF000000FF000000FF000000FF000000FF000000FF000000FF000000FF000000FF000000FF000000FF000000FF000000FF000000FF000000FF000000FF000000FF000000FF000000FF000000FF000000FF000000FF000000FF000000FF000000FF000000FF000000FF000000FF000000FF000000FF000000FF000000FF000000FF000000FF000000FF000000FF000000FF000000FF000000FF000000FF000000FF000000FF000000FF000000FF000000FF000000FF000000FF000000FF000000FF000000FF000000FF000000FF000000FF000000FF000000FF000000FF000000FF000000FF000000FF000000FF000000FF000000FF000000FF000000FF000000FF000000FF000000FF000000FF000000FF000000FF000000FF000000FF000000FF000000FF000000FF000000FF000000FF000000FF000000FF000000FF000000FF000000FF000000FF000000FF000000FF000000FF000000FF000000FF000000FF000000FF000000FF000000FFA9F922FFA9F922FF000000FF000000FFA9F922FFA9F922FF000000FF000000FF000000FF000000FF000000FF000000FFA9F922FFA9F922FF000000FF000000FF000000FF000000FF000000FF000000FFA9F922FFA9F922FF000000FF000000FF000000FF000000FFA9F922FFA9F922FF000000FF000000FF000000FF000000FF000000FF000000FFA9F922FFA9F922FF000000FF000000FF000000FF000000FFA9F922FFA9F922FF000000FF000000FF000000FF000000FF000000FF000000FF000000FF000000FF000000FF000000FF000000FF000000FFA9F922FFA9F922FF000000FF000000FF000000FF000000FF000000FF000000FFA9F922FFA9F922FF000000FF000000FF000000FF000000FFA9F922FFA9F922FF000000FF000000FF000000FF000000FF000000FF000000FFA9F922FFA9F922FF000000FF000000FF000000FF000000FF000000FF000000FF000000FF000000FF000000FF000000FF000000FF000000FF000000FF000000FF000000FF000000FF000000FF000000FFA9F922FFA9F922FF000000FF000000FF000000FF000000FF000000FF000000FF000000FF000000FF000000FF000000FF000000FF000000FF000000FF000000FF000000FF000000FFA9F922FFA9F922FF000000FF000000FF000000FF000000FF000000FF000000FF000000FF000000FFA9F922FFA9F922FF000000FF000000FF000000FF000000FF000000FF000000FFA9F922FFA9F922FF000000FF000000FF000000FF000000FFA9F922FFA9F922FF000000FF000000FF000000FF000000FF000000FF000000FF000000FF000000FF000000FF000000FF000000FF000000FFA9F922FFA9F922FF000000FF000000FF000000FF000000FF000000FF000000FFA9F922FFA9F922FF000000FF000000FF000000FF000000FF000000FF000000FF000000FF000000FF000000FF000000FF000000FF000000FF000000FF000000FF000000FF000000FF000000FF000000FF000000FF000000FF000000FF000000FF000000FF000000FF000000FF000000FF000000FF000000FF000000FF000000FF000000FF000000FF000000FF000000FF000000FF000000FF000000FF000000FF000000FF000000FF000000FF000000FF000000FF000000FF000000FF000000FF000000FF000000FF000000FF000000FF000000FF000000FF000000FF000000FF000000FF000000FF000000FF000000FF000000FF000000FF000000FF000000FF000000FF000000FF000000FF000000FF000000FF000000FF000000FF000000FF000000FF000000FF000000FF000000FF000000FF000000FF000000FF000000FF000000FF000000FF000000FF000000FF000000FF000000FF000000FF000000FF000000FF000000FF000000FF000000FF000000FF000000FF000000FF000000FF000000FF000000FF000000FF000000FF000000FF000000FF000000FF000000FF000000FF000000FF000000FF000000FF000000FF000000FF000000FF000000FF000000FF000000FF000000FF000000FF000000FF000000FF000000FF000000FF000000FF000000FF000000FF000000FF000000FF000000FF000000FF000000FF000000FF000000FF000000FF000000FF000000FF000000FF000000FF000000FF000000FF000000FF000000FF000000FF000000FF000000FF000000FF000000FF000000FF000000FF000000FF000000FF000000FF000000FF000000FF000000FF000000FF000000FF000000FF000000FF000000FF000000FF000000FF000000FF000000FF000000FF000000FF000000FF000000FF000000FF000000FF000000FF000000FF000000FF000000FF000000FF000000FF000000FF000000FF000000FF000000FF000000FF000000FF000000FF000000FF000000FF000000FF000000FF000000FF000000FF000000FF000000FF000000FF000000FF000000FF000000FF000000FF000000FF000000FF000000FF000000FF000000FF000000FF000000FF000000FF000000FF000000FF000000FF000000FF000000FF000000FF000000FF000000FF000000FF000000FF000000FF000000FF000000FF000000FF000000FF000000FF000000FF000000FF000000FF000000FF000000FF000000FF000000FF000000FF000000FF000000FF000000FF000000FF000000FF000000FF000000FF000000FF000000FF000000FF000000FF000000FF000000FF000000FF000000FF000000FF000000FF000000FF000000FF000000FF000000FF000000FF000000FF000000FF000000FF000000FF000000FF000000FF000000FF000000FF000000FF000000FF000000FF000000FF000000FFA9F922FFA9F922FF000000FF000000FFA9F922FFA9F922FF000000FF000000FF000000FF000000FF000000FF000000FF000000FF000000FF000000FF000000FF000000FF000000FF000000FF000000FF000000FF000000FF000000FF000000FF000000FF000000FF000000FF000000FF000000FF000000FF000000FF000000FF000000FF000000FF000000FF000000FF000000FF000000FF000000FF000000FF000000FF000000FF000000FF000000FF000000FF000000FF000000FF000000FF000000FF000000FF000000FF000000FF000000FF000000FF000000FF000000FF000000FF000000FF000000FF000000FF000000FF000000FF000000FF000000FF000000FF000000FF000000FF000000FF000000FF000000FF000000FF000000FF000000FF000000FF000000FF000000FF000000FF000000FF000000FF000000FF000000FF000000FF000000FF000000FF000000FF000000FF000000FF000000FF000000FF000000FF000000FF000000FF000000FF000000FF000000FF000000FF000000FF000000FF000000FF000000FF000000FF000000FF000000FF000000FF000000FF000000FF000000FF000000FF000000FF000000FF000000FF000000FF000000FF000000FF000000FF000000FF000000FF000000FF000000FF000000FF000000FF000000FF000000FF000000FF000000FF000000FF000000FF000000FF000000FF000000FF000000FF000000FF000000FF000000FF000000FF000000FF000000FF000000FF000000FF000000FFA9F922FFA9F922FF000000FF000000FFA9F922FFA9F922FF000000FF000000FF000000FF000000FF000000FF000000FFA9F922FFA9F922FF000000FF000000FF000000FF000000FF000000FF000000FFA9F922FFA9F922FF000000FF000000FF000000FF000000FFA9F922FFA9F922FF000000FF000000FF000000FF000000FF000000FF000000FFA9F922FFA9F922FF000000FF000000FF000000FF000000FFA9F922FFA9F922FF000000FF000000FF000000FF000000FF000000FF000000FF000000FF000000FF000000FF000000FF000000FF000000FFA9F922FFA9F922FF000000FF000000FF000000FF000000FF000000FF000000FFA9F922FFA9F922FF000000FF000000FF000000FF000000FFA9F922FFA9F922FF000000FF000000FF000000FF000000FF000000FF000000FFA9F922FFA9F922FF000000FF000000FF000000FF000000FF000000FF000000FF000000FF000000FF000000FF000000FF000000FF000000FF000000FF000000FF000000FF000000FF000000FF000000FFA9F922FFA9F922FF000000FF000000FF000000FF000000FF000000FF000000FF000000FF000000FF000000FF000000FF000000FF000000FF000000FF000000FF000000FF000000FFA9F922FFA9F922FF000000FF000000FF000000FF000000FF000000FF000000FF000000FF000000FFA9F922FFA9F922FF000000FF000000FF000000FF000000FF000000FF000000FFA9F922FFA9F922FF000000FF000000FF000000FF000000FFA9F922FFA9F922FF000000FF000000FF000000FF000000FF000000FF000000FF000000FF000000FF000000FF000000FF000000FF000000FFA9F922FFA9F922FF000000FF000000FF000000FF000000FF000000FF000000FFA9F922FFA9F922FF000000FF000000FF000000FF000000FF000000FF000000FF000000FF000000FF000000FF000000FF000000FF000000FF000000FF000000FF000000FF000000FF000000FF000000FF000000FF000000FF000000FF000000FF000000FF000000FF000000FF000000FF000000FF000000FF000000FF000000FF000000FF000000FF000000FF000000FF000000FF000000FF000000FF000000FF000000FF000000FF000000FF000000FF000000FF000000FF000000FF000000FF000000FF000000FF000000FF000000FF000000FF000000FF000000FF000000FF000000FF000000FF000000FF000000FF000000FF000000FF000000FF000000FF000000FF000000FF000000FF000000FF000000FF000000FF000000FF000000FF000000FF000000FF000000FF000000FF000000FF000000FF000000FF000000FF000000FF000000FF000000FF000000FF000000FF000000FF000000FF000000FF000000FF000000FF000000FF000000FF000000FF000000FF000000FF000000FF000000FF000000FF000000FF000000FF000000FF000000FF000000FF000000FF000000FF000000FF000000FF000000FF000000FF000000FF000000FF000000FF000000FF000000FF000000FF000000FF000000FF000000FF000000FF000000FF000000FF000000FF000000FF000000FF000000FF000000FF000000FF000000FF000000FF000000FF000000FF000000FF000000FF000000FF000000FF000000FF000000FF000000FF000000FF000000FF000000FF000000FF000000FF000000FF000000FF000000FF000000FF000000FF000000FF000000FF000000FF000000FF000000FF000000FF000000FF000000FF000000FF000000FF000000FF000000FF000000FF000000FF000000FF000000FF000000FF000000FF000000FF000000FF000000FF000000FF000000FF000000FF000000FF000000FF000000FF000000FF000000FF000000FF000000FF000000FF000000FF000000FF000000FF000000FF000000FF000000FF000000FF000000FF000000FF000000FF000000FF000000FF000000FF000000FF000000FF000000FF000000FF000000FF000000FF000000FF000000FF000000FF000000FF000000FF000000FF000000FF000000FF000000FF000000FF000000FF000000FF000000FF000000FF000000FF000000FF000000FF000000FF000000FF000000FF000000FF000000FF000000FF000000FF000000FF000000FF000000FF000000FF000000FF000000FF000000FF000000FF000000FF000000FF000000FF000000FF000000FF000000FF000000FF000000FF000000FF000000FF000000FF000000FF000000FF000000FF000000FF000000FF000000FF000000FF000000FF000000FF000000FF000000FF000000FF000000FF000000FF000000FF000000FFA9F922FFA9F922FF000000FF000000FF000000FF000000FF000000FF000000FFA9F922FFA9F922FF000000FF000000FF000000FF000000FF000000FF000000FF000000FF000000FF000000FF000000FF000000FF000000FF000000FF000000FF000000FF000000FF000000FF000000FF000000FF000000FF000000FF000000FF000000FF000000FF000000FF000000FF000000FF000000FF000000FF000000FF000000FF000000FF000000FF000000FF000000FF000000FF000000FF000000FF000000FF000000FF000000FF000000FF000000FF000000FF000000FF000000FF000000FF000000FF000000FF000000FF000000FF000000FF000000FF000000FF000000FF000000FF000000FF000000FF000000FF000000FF000000FF000000FF000000FF000000FF000000FF000000FF000000FF000000FF000000FF000000FF000000FF000000FF000000FF000000FF000000FF000000FF000000FF000000FF000000FF000000FF000000FF000000FF000000FF000000FF000000FF000000FF000000FF000000FF000000FF000000FF000000FF000000FF000000FF000000FF000000FF000000FF000000FF000000FF000000FF000000FF000000FF000000FF000000FF000000FF000000FF000000FFA9F922FFA9F922FF000000FF000000FF000000FF000000FF000000FF000000FF000000FF000000FF000000FF000000FF000000FF000000FF000000FF000000FF000000FF000000FF000000FF000000FF000000FF000000FF000000FF000000FFA9F922FFA9F922FF000000FF000000FF000000FF000000FF000000FF000000FFA9F922FFA9F922FF000000FF000000FF000000FF000000FFA9F922FFA9F922FF000000FF000000FF000000FF000000FF000000FF000000FFA9F922FFA9F922FF000000FF000000FF000000FF000000FFA9F922FFA9F922FF000000FF000000FF000000FF000000FF000000FF000000FFA9F922FFA9F922FF000000FF000000FF000000FF000000FFA9F922FFA9F922FF000000FF000000FF000000FF000000FF000000FF000000FF000000FF000000FF000000FF000000FF000000FF000000FFA9F922FFA9F922FFA9F922FFA9F922FF000000FF000000FF000000FF000000FFA9F922FFA9F922FF000000FF000000FF000000FF000000FFA9F922FFA9F922FF000000FF000000FF000000FF000000FF000000FF000000FFA9F922FFA9F922FF000000FF000000FF000000FF000000FF000000FF000000FF000000FF000000FF000000FF000000FF000000FF000000FF000000FF000000FF000000FF000000FF000000FF000000FFA9F922FFA9F922FF000000FF000000FF000000FF000000FF000000FF000000FF000000FF000000FF000000FF000000FF000000FF000000FF000000FF000000FF000000FF000000FFA9F922FFA9F922FF000000FF000000FF000000FF000000FF000000FF000000FF000000FF000000FFA9F922FFA9F922FFA9F922FFA9F922FF000000FF000000FF000000FF000000FFA9F922FFA9F922FF000000FF000000FF000000FF000000FFA9F922FFA9F922FF000000FF000000FF000000FF000000FF000000FF000000FF000000FF000000FF000000FF000000FF000000FF000000FFA9F922FFA9F922FF000000FF000000FF000000FF000000FF000000FF000000FF000000FF000000FF000000FF000000FF000000FF000000FF000000FF000000FF000000FF000000FF000000FF000000FF000000FF000000FF000000FF000000FF000000FF000000FF000000FF000000FF000000FF000000FF000000FF000000FF000000FF000000FF000000FF000000FF000000FF000000FF000000FF000000FF000000FF000000FF000000FF000000FF000000FF000000FF000000FF000000FF000000FF000000FF000000FF000000FF000000FF000000FF000000FF000000FF000000FF000000FF000000FF000000FF000000FF000000FF000000FF000000FF000000FF000000FF000000FF000000FF000000FF000000FF000000FF000000FF000000FF000000FF000000FF000000FF000000FF000000FF000000FF000000FF000000FF000000FF000000FF000000FF000000FF000000FF000000FF000000FF000000FF000000FF000000FF000000FF000000FF000000FF000000FF000000FF000000FF000000FF000000FF000000FF000000FF000000FF000000FF000000FF000000FF000000FF000000FF000000FF000000FF000000FF000000FF000000FF000000FF000000FF000000FF000000FF000000FF000000FF000000FF000000FF000000FF000000FF000000FF000000FF000000FF000000FF000000FF000000FF000000FF000000FF000000FF000000FF000000FF000000FF000000FF000000FF000000FF000000FF000000FF000000FF000000FF000000FF000000FF000000FF000000FF000000FF000000FF000000FF000000FF000000FF000000FF000000FF000000FF000000FF000000FF000000FF000000FF000000FF000000FF000000FF000000FF000000FF000000FF000000FF000000FF000000FF000000FF000000FF000000FF000000FF000000FF000000FF000000FF000000FF000000FF000000FF000000FF000000FF000000FF000000FF000000FF000000FF000000FF000000FF000000FF000000FF000000FF000000FF000000FF000000FF000000FF000000FF000000FF000000FF000000FF000000FF000000FF000000FF000000FF000000FF000000FF000000FF000000FF000000FF000000FF000000FF000000FF000000FF000000FF000000FF000000FF000000FF000000FF000000FF000000FF000000FF000000FF000000FF000000FF000000FF000000FF000000FF000000FF000000FF000000FF000000FF000000FF000000FF000000FF000000FF000000FF000000FF000000FF000000FF000000FF000000FF000000FF000000FF000000FF000000FF000000FF000000FF000000FF000000FF000000FF000000FF000000FF000000FF000000FF000000FF000000FF000000FF000000FF000000FF000000FF000000FF000000FF000000FF000000FF000000FF000000FF000000FF000000FF000000FF000000FF000000FFA9F922FFA9F922FF000000FF000000FF000000FF000000FF000000FF000000FFA9F922FFA9F922FF000000FF000000FF000000FF000000FF000000FF000000FF000000FF000000FF000000FF000000FF000000FF000000FF000000FF000000FF000000FF000000FF000000FF000000FF000000FF000000FF000000FF000000FF000000FF000000FF000000FF000000FF000000FF000000FF000000FF000000FF000000FF000000FF000000FF000000FF000000FF000000FF000000FF000000FF000000FF000000FF000000FF000000FF000000FF000000FF000000FF000000FF000000FF000000FF000000FF000000FF000000FF000000FF000000FF000000FF000000FF000000FF000000FF000000FF000000FF000000FF000000FF000000FF000000FF000000FF000000FF000000FF000000FF000000FF000000FF000000FF000000FF000000FF000000FF000000FF000000FF000000FF000000FF000000FF000000FF000000FF000000FF000000FF000000FF000000FF000000FF000000FF000000FF000000FF000000FF000000FF000000FF000000FF000000FF000000FF000000FF000000FF000000FF000000FF000000FF000000FF000000FF000000FF000000FF000000FF000000FF000000FFA9F922FFA9F922FF000000FF000000FF000000FF000000FF000000FF000000FF000000FF000000FF000000FF000000FF000000FF000000FF000000FF000000FF000000FF000000FF000000FF000000FF000000FF000000FF000000FF000000FFA9F922FFA9F922FF000000FF000000FF000000FF000000FF000000FF000000FFA9F922FFA9F922FF000000FF000000FF000000FF000000FFA9F922FFA9F922FF000000FF000000FF000000FF000000FF000000FF000000FFA9F922FFA9F922FF000000FF000000FF000000FF000000FFA9F922FFA9F922FF000000FF000000FF000000FF000000FF000000FF000000FFA9F922FFA9F922FF000000FF000000FF000000FF000000FFA9F922FFA9F922FF000000FF000000FF000000FF000000FF000000FF000000FF000000FF000000FF000000FF000000FF000000FF000000FFA9F922FFA9F922FFA9F922FFA9F922FF000000FF000000FF000000FF000000FFA9F922FFA9F922FF000000FF000000FF000000FF000000FFA9F922FFA9F922FF000000FF000000FF000000FF000000FF000000FF000000FFA9F922FFA9F922FF000000FF000000FF000000FF000000FF000000FF000000FF000000FF000000FF000000FF000000FF000000FF000000FF000000FF000000FF000000FF000000FF000000FF000000FFA9F922FFA9F922FF000000FF000000FF000000FF000000FF000000FF000000FF000000FF000000FF000000FF000000FF000000FF000000FF000000FF000000FF000000FF000000FFA9F922FFA9F922FF000000FF000000FF000000FF000000FF000000FF000000FF000000FF000000FFA9F922FFA9F922FFA9F922FFA9F922FF000000FF000000FF000000FF000000FFA9F922FFA9F922FF000000FF000000FF000000FF000000FFA9F922FFA9F922FF000000FF000000FF000000FF000000FF000000FF000000FF000000FF000000FF000000FF000000FF000000FF000000FFA9F922FFA9F922FF000000FF000000FF000000FF000000FF000000FF000000FF000000FF000000FF000000FF000000FF000000FF000000FF000000FF000000FF000000FF000000FF000000FF000000FF000000FF000000FF000000FF000000FF000000FF000000FF000000FF000000FF000000FF000000FF000000FF000000FF000000FF000000FF000000FF000000FF000000FF000000FF000000FF000000FF000000FF000000FF000000FF000000FF000000FF000000FF000000FF000000FF000000FF000000FF000000FF000000FF000000FF000000FF000000FF000000FF000000FF000000FF000000FF000000FF000000FF000000FF000000FF000000FF000000FF000000FF000000FF000000FF000000FF000000FF000000FF000000FF000000FF000000FF000000FF000000FF000000FF000000FF000000FF000000FF000000FF000000FF000000FF000000FF000000FF000000FF000000FF000000FF000000FF000000FF000000FF000000FF000000FF000000FF000000FF000000FF000000FF000000FF000000FF000000FF000000FF000000FF000000FF000000FF000000FF000000FF000000FF000000FF000000FF000000FF000000FF000000FF000000FF000000FF000000FF000000FF000000FF000000FF000000FF000000FF000000FF000000FF000000FF000000FF000000FF000000FF000000FF000000FF000000FF000000FF000000FF000000FF000000FF000000FF000000FF000000FF000000FF000000FF000000FF000000FF000000FF000000FF000000FF000000FF000000FF000000FF000000FF000000FF000000FF000000FF000000FF000000FF000000FF000000FF000000FF000000FF000000FF000000FF000000FF000000FF000000FF000000FF000000FF000000FF000000FF000000FF000000FF000000FF000000FF000000FF000000FF000000FF000000FF000000FF000000FF000000FF000000FF000000FF000000FF000000FF000000FF000000FF000000FF000000FF000000FF000000FF000000FF000000FF000000FF000000FF000000FF000000FF000000FF000000FF000000FF000000FF000000FF000000FF000000FF000000FF000000FF000000FF000000FF000000FF000000FF000000FF000000FF000000FF000000FF000000FF000000FF000000FF000000FF000000FF000000FF000000FF000000FF000000FF000000FF000000FF000000FF000000FF000000FF000000FF000000FF000000FF000000FF000000FF000000FF000000FF000000FF000000FF000000FF000000FF000000FF000000FF000000FF000000FF000000FF000000FF000000FF000000FF000000FF000000FF000000FF000000FF000000FF000000FF000000FF000000FF000000FF000000FF000000FF000000FF000000FF000000FF000000FF000000FF000000FF000000FF000000FF000000FF000000FF000000FF000000FF000000FFA9F922FFA9F922FF000000FF000000FF000000FF000000FF000000FF000000FFA9F922FFA9F922FF000000FF000000FF000000FF000000FF000000FF000000FF000000FF000000FF000000FF000000FF000000FF000000FF000000FF000000FF000000FF000000FF000000FF000000FF000000FF000000FF000000FF000000FF000000FF000000FF000000FF000000FF000000FF000000FF000000FF000000FF000000FF000000FF000000FF000000FF000000FF000000FF000000FF000000FF000000FF000000FF000000FF000000FF000000FF000000FF000000FF000000FF000000FF000000FF000000FF000000FF000000FF000000FF000000FF000000FF000000FF000000FF000000FF000000FF000000FF000000FF000000FF000000FF000000FF000000FF000000FF000000FF000000FF000000FF000000FF000000FF000000FF000000FF000000FF000000FF000000FF000000FF000000FF000000FF000000FF000000FF000000FF000000FF000000FF000000FF000000FF000000FF000000FF000000FF000000FF000000FF000000FF000000FF000000FF000000FF000000FF000000FF000000FF000000FF000000FF000000FF000000FF000000FF000000FF000000FF000000FF000000FF000000FF000000FF000000FF000000FF000000FF000000FF000000FF000000FF000000FF000000FF000000FF000000FF000000FF000000FF000000FF000000FF000000FF000000FF000000FF000000FF000000FF000000FF000000FF000000FFA9F922FFA9F922FF000000FF000000FF000000FF000000FF000000FF000000FFA9F922FFA9F922FF000000FF000000FF000000FF000000FFA9F922FFA9F922FFA9F922FFA9F922FFA9F922FFA9F922FFA9F922FFA9F922FF000000FF000000FF000000FF000000FF000000FF000000FFA9F922FFA9F922FFA9F922FFA9F922FFA9F922FFA9F922FFA9F922FFA9F922FF000000FF000000FF000000FF000000FF000000FF000000FFA9F922FFA9F922FFA9F922FFA9F922FFA9F922FFA9F922FFA9F922FFA9F922FF000000FF000000FF000000FF000000FF000000FF000000FFA9F922FFA9F922FF000000FF000000FFA9F922FFA9F922FF000000FF000000FFA9F922FFA9F922FF000000FF000000FF000000FF000000FFA9F922FFA9F922FF000000FF000000FF000000FF000000FF000000FF000000FFA9F922FFA9F922FF000000FF000000FF000000FF000000FF000000FF000000FF000000FF000000FF000000FF000000FF000000FF000000FF000000FF000000FF000000FF000000FF000000FF000000FFA9F922FFA9F922FF000000FF000000FF000000FF000000FF000000FF000000FF000000FF000000FF000000FF000000FF000000FF000000FF000000FF000000FF000000FF000000FFA9F922FFA9F922FF000000FF000000FF000000FF000000FF000000FF000000FF000000FF000000FFA9F922FFA9F922FF000000FF000000FFA9F922FFA9F922FF000000FF000000FFA9F922FFA9F922FF000000FF000000FF000000FF000000FFA9F922FFA9F922FFA9F922FFA9F922FFA9F922FFA9F922FFA9F922FFA9F922FF000000FF000000FF000000FF000000FF000000FF000000FF000000FF000000FFA9F922FFA9F922FFA9F922FFA9F922FFA9F922FFA9F922FF000000FF000000FF000000FF000000FF000000FF000000FF000000FF000000FF000000FF000000FF000000FF000000FF000000FF000000FF000000FF000000FF000000FF000000FF000000FF000000FF000000FF000000FF000000FF000000FF000000FF000000FF000000FF000000FF000000FF000000FF000000FF000000FF000000FF000000FF000000FF000000FF000000FF000000FF000000FF000000FF000000FF000000FF000000FF000000FF000000FF000000FF000000FF000000FF000000FF000000FF000000FF000000FF000000FF000000FF000000FF000000FF000000FF000000FF000000FF000000FF000000FF000000FF000000FF000000FF000000FF000000FF000000FF000000FF000000FF000000FF000000FF000000FF000000FF000000FF000000FF000000FF000000FF000000FF000000FF000000FF000000FF000000FF000000FF000000FF000000FF000000FF000000FF000000FF000000FF000000FF000000FF000000FF000000FF000000FF000000FF000000FF000000FF000000FF000000FF000000FF000000FF000000FF000000FF000000FF000000FF000000FF000000FF000000FF000000FF000000FF000000FF000000FF000000FF000000FF000000FF000000FF000000FF000000FF000000FF000000FF000000FF000000FF000000FF000000FF000000FF000000FF000000FF000000FF000000FF000000FF000000FF000000FF000000FF000000FF000000FF000000FF000000FF000000FF000000FF000000FF000000FF000000FF000000FF000000FF000000FF000000FF000000FF000000FF000000FF000000FF000000FF000000FF000000FF000000FF000000FF000000FF000000FF000000FF000000FF000000FF000000FF000000FF000000FF000000FF000000FF000000FF000000FF000000FF000000FF000000FF000000FF000000FF000000FF000000FF000000FF000000FF000000FF000000FF000000FF000000FF000000FF000000FF000000FF000000FF000000FF000000FF000000FF000000FF000000FF000000FF000000FF000000FF000000FF000000FF000000FF000000FF000000FF000000FF000000FF000000FF000000FF000000FF000000FF000000FF000000FF000000FF000000FF000000FF000000FF000000FF000000FF000000FF000000FF000000FF000000FF000000FF000000FF000000FF000000FF000000FF000000FF000000FF000000FF000000FF000000FF000000FF000000FF000000FF000000FF000000FF000000FF000000FF000000FF000000FF000000FF000000FF000000FF000000FF000000FF000000FF000000FF000000FF000000FF000000FF000000FF000000FF000000FF000000FF000000FF000000FF000000FF000000FF000000FF000000FF000000FF000000FF000000FF000000FFA9F922FFA9F922FF000000FF000000FF000000FF000000FF000000FF000000FFA9F922FFA9F922FF000000FF000000FF000000FF000000FF000000FF000000FF000000FF000000FF000000FF000000FF000000FF000000FF000000FF000000FF000000FF000000FF000000FF000000FF000000FF000000FF000000FF000000FF000000FF000000FF000000FF000000FF000000FF000000FF000000FF000000FF000000FF000000FF000000FF000000FF000000FF000000FF000000FF000000FF000000FF000000FF000000FF000000FF000000FF000000FF000000FF000000FF000000FF000000FF000000FF000000FF000000FF000000FF000000FF000000FF000000FF000000FF000000FF000000FF000000FF000000FF000000FF000000FF000000FF000000FF000000FF000000FF000000FF000000FF000000FF000000FF000000FF000000FF000000FF000000FF000000FF000000FF000000FF000000FF000000FF000000FF000000FF000000FF000000FF000000FF000000FF000000FF000000FF000000FF000000FF000000FF000000FF000000FF000000FF000000FF000000FF000000FF000000FF000000FF000000FF000000FF000000FF000000FF000000FF000000FF000000FF000000FF000000FF000000FF000000FF000000FF000000FF000000FF000000FF000000FF000000FF000000FF000000FF000000FF000000FF000000FF000000FF000000FF000000FF000000FF000000FF000000FF000000FF000000FF000000FF000000FFA9F922FFA9F922FF000000FF000000FF000000FF000000FF000000FF000000FFA9F922FFA9F922FF000000FF000000FF000000FF000000FFA9F922FFA9F922FFA9F922FFA9F922FFA9F922FFA9F922FFA9F922FFA9F922FF000000FF000000FF000000FF000000FF000000FF000000FFA9F922FFA9F922FFA9F922FFA9F922FFA9F922FFA9F922FFA9F922FFA9F922FF000000FF000000FF000000FF000000FF000000FF000000FFA9F922FFA9F922FFA9F922FFA9F922FFA9F922FFA9F922FFA9F922FFA9F922FF000000FF000000FF000000FF000000FF000000FF000000FFA9F922FFA9F922FF000000FF000000FFA9F922FFA9F922FF000000FF000000FFA9F922FFA9F922FF000000FF000000FF000000FF000000FFA9F922FFA9F922FF000000FF000000FF000000FF000000FF000000FF000000FFA9F922FFA9F922FF000000FF000000FF000000FF000000FF000000FF000000FF000000FF000000FF000000FF000000FF000000FF000000FF000000FF000000FF000000FF000000FF000000FF000000FFA9F922FFA9F922FF000000FF000000FF000000FF000000FF000000FF000000FF000000FF000000FF000000FF000000FF000000FF000000FF000000FF000000FF000000FF000000FFA9F922FFA9F922FF000000FF000000FF000000FF000000FF000000FF000000FF000000FF000000FFA9F922FFA9F922FF000000FF000000FFA9F922FFA9F922FF000000FF000000FFA9F922FFA9F922FF000000FF000000FF000000FF000000FFA9F922FFA9F922FFA9F922FFA9F922FFA9F922FFA9F922FFA9F922FFA9F922FF000000FF000000FF000000FF000000FF000000FF000000FF000000FF000000FFA9F922FFA9F922FFA9F922FFA9F922FFA9F922FFA9F922FF000000FF000000FF000000FF000000FF000000FF000000FF000000FF000000FF000000FF000000FF000000FF000000FF000000FF000000FF000000FF000000FF000000FF000000FF000000FF000000FF000000FF000000FF000000FF000000FF000000FF000000FF000000FF000000FF000000FF000000FF000000FF000000FF000000FF000000FF000000FF000000FF000000FF000000FF000000FF000000FF000000FF000000FF000000FF000000FF000000FF000000FF000000FF000000FF000000FF000000FF000000FF000000FF000000FF000000FF000000FF000000FF000000FF000000FF000000FF000000FF000000FF000000FF000000FF000000FF000000FF000000FF000000FF000000FF000000FF000000FF000000FF000000FF000000FF000000FF000000FF000000FF000000FF000000FF000000FF000000FF000000FF000000FF000000FF000000FF000000FF000000FF000000FF000000FF000000FF000000FF000000FF000000FF000000FF000000FF000000FF000000FF000000FF000000FF000000FF000000FF000000FF000000FF000000FF000000FF000000FF000000FF000000FF000000FF000000FF000000FF000000FF000000FF000000FF000000FF000000FF000000FF000000FF000000FF000000FF000000FF000000FF000000FF000000FF000000FF000000FF000000FF000000FF000000FF000000FF000000FF000000FF000000FF000000FF000000FF000000FF000000FF000000FF000000FF000000FF000000FF000000FF000000FF000000FF000000FF000000FF000000FF000000FF000000FF000000FF000000FF000000FF000000FF000000FF000000FF000000FF000000FF000000FF000000FF000000FF000000FF000000FF000000FF000000FF000000FF000000FF000000FF000000FF000000FF000000FF000000FF000000FF000000FF000000FF000000FF000000FF000000FF000000FF000000FF000000FF000000FF000000FF000000FF000000FF000000FF000000FF000000FF000000FF000000FF000000FF000000FF000000FF000000FF000000FF000000FF000000FF000000FF000000FF000000FF000000FF000000FF000000FF000000FF000000FF000000FF000000FF000000FF000000FF000000FF000000FF000000FF000000FF000000FF000000FF000000FF000000FF000000FF000000FF000000FF000000FF000000FF000000FF000000FF000000FF000000FF000000FF000000FF000000FF000000FF000000FF000000FF000000FF000000FF000000FF000000FF000000FF000000FF000000FF000000FF000000FF000000FF000000FF000000FF000000FF000000FF000000FF000000FF000000FF000000FF000000FF000000FF000000FF000000FF000000FF000000FF000000FF000000FF000000FF000000FFA9F922FFA9F922FFA9F922FFA9F922FFA9F922FFA9F922FFA9F922FFA9F922FFA9F922FFA9F922FF000000FF000000FF000000FF000000FF000000FF000000FF000000FF000000FF000000FF000000FF000000FF000000FF000000FF000000FF000000FF000000FF000000FF000000FF000000FF000000FF000000FF000000FF000000FF000000FF000000FF000000FF000000FF000000FF000000FF000000FF000000FF000000FF000000FF000000FF000000FF000000FF000000FF000000FF000000FF000000FF000000FF000000FF000000FF000000FF000000FF000000FF000000FF000000FF000000FF000000FF000000FF000000FF000000FF000000FF000000FF000000FF000000FF000000FF000000FF000000FF000000FF000000FF000000FF000000FF000000FF000000FF000000FF000000FF000000FF000000FF000000FF000000FF000000FF000000FF000000FF000000FF000000FF000000FF000000FF000000FF000000FF000000FF000000FF000000FF000000FF000000FF000000FF000000FF000000FF000000FF000000FF000000FF000000FF000000FF000000FF000000FF000000FF000000FF000000FF000000FF000000FF000000FF000000FF000000FF000000FF000000FFA9F922FFA9F922FF000000FF000000FF000000FF000000FF000000FF000000FF000000FF000000FF000000FF000000FF000000FF000000FF000000FF000000FF000000FF000000FF000000FF000000FF000000FF000000FF000000FF000000FFA9F922FFA9F922FFA9F922FFA9F922FFA9F922FFA9F922FFA9F922FFA9F922FFA9F922FFA9F922FF000000FF000000FF000000FF000000FFA9F922FFA9F922FF000000FF000000FF000000FF000000FF000000FF000000FF000000FF000000FF000000FF000000FF000000FF000000FFA9F922FFA9F922FF000000FF000000FF000000FF000000FF000000FF000000FF000000FF000000FF000000FF000000FF000000FF000000FFA9F922FFA9F922FF000000FF000000FF000000FF000000FF000000FF000000FF000000FF000000FF000000FF000000FF000000FF000000FFA9F922FFA9F922FF000000FF000000FF000000FF000000FFA9F922FFA9F922FFA9F922FFA9F922FF000000FF000000FF000000FF000000FFA9F922FFA9F922FF000000FF000000FF000000FF000000FF000000FF000000FFA9F922FFA9F922FF000000FF000000FF000000FF000000FF000000FF000000FF000000FF000000FF000000FF000000FF000000FF000000FF000000FF000000FF000000FF000000FF000000FF000000FFA9F922FFA9F922FF000000FF000000FF000000FF000000FF000000FF000000FF000000FF000000FF000000FF000000FF000000FF000000FF000000FF000000FF000000FF000000FFA9F922FFA9F922FF000000FF000000FF000000FF000000FF000000FF000000FF000000FF000000FFA9F922FFA9F922FF000000FF000000FF000000FF000000FFA9F922FFA9F922FFA9F922FFA9F922FF000000FF000000FF000000FF000000FFA9F922FFA9F922FF000000FF000000FF000000FF000000FF000000FF000000FF000000FF000000FF000000FF000000FF000000FF000000FF000000FF000000FF000000FF000000FF000000FF000000FF000000FF000000FFA9F922FFA9F922FF000000FF000000FF000000FF000000FF000000FF000000FF000000FF000000FF000000FF000000FF000000FF000000FF000000FF000000FF000000FF000000FF000000FF000000FF000000FF000000FF000000FF000000FF000000FF000000FF000000FF000000FF000000FF000000FF000000FF000000FF000000FF000000FF000000FF000000FF000000FF000000FF000000FF000000FF000000FF000000FF000000FF000000FF000000FF000000FF000000FF000000FF000000FF000000FF000000FF000000FF000000FF000000FF000000FF000000FF000000FF000000FF000000FF000000FF000000FF000000FF000000FF000000FF000000FF000000FF000000FF000000FF000000FF000000FF000000FF000000FF000000FF000000FF000000FF000000FF000000FF000000FF000000FF000000FF000000FF000000FF000000FF000000FF000000FF000000FF000000FF000000FF000000FF000000FF000000FF000000FF000000FF000000FF000000FF000000FF000000FF000000FF000000FF000000FF000000FF000000FF000000FF000000FF000000FF000000FF000000FF000000FF000000FF000000FF000000FF000000FF000000FF000000FF000000FF000000FF000000FF000000FF000000FF000000FF000000FF000000FF000000FF000000FF000000FF000000FF000000FF000000FF000000FF000000FF000000FF000000FF000000FF000000FF000000FF000000FF000000FF000000FF000000FF000000FF000000FF000000FF000000FF000000FF000000FF000000FF000000FF000000FF000000FF000000FF000000FF000000FF000000FF000000FF000000FF000000FF000000FF000000FF000000FF000000FF000000FF000000FF000000FF000000FF000000FF000000FF000000FF000000FF000000FF000000FF000000FF000000FF000000FF000000FF000000FF000000FF000000FF000000FF000000FF000000FF000000FF000000FF000000FF000000FF000000FF000000FF000000FF000000FF000000FF000000FF000000FF000000FF000000FF000000FF000000FF000000FF000000FF000000FF000000FF000000FF000000FF000000FF000000FF000000FF000000FF000000FF000000FF000000FF000000FF000000FF000000FF000000FF000000FF000000FF000000FF000000FF000000FF000000FF000000FF000000FF000000FF000000FF000000FF000000FF000000FF000000FF000000FF000000FF000000FF000000FF000000FF000000FF000000FF000000FF000000FF000000FF000000FF000000FF000000FF000000FF000000FF000000FF000000FF000000FF000000FF000000FF000000FF000000FF000000FF000000FF000000FF000000FF000000FF000000FF000000FF000000FF000000FF000000FFA9F922FFA9F922FFA9F922FFA9F922FFA9F922FFA9F922FFA9F922FFA9F922FFA9F922FFA9F922FF000000FF000000FF000000FF000000FF000000FF000000FF000000FF000000FF000000FF000000FF000000FF000000FF000000FF000000FF000000FF000000FF000000FF000000FF000000FF000000FF000000FF000000FF000000FF000000FF000000FF000000FF000000FF000000FF000000FF000000FF000000FF000000FF000000FF000000FF000000FF000000FF000000FF000000FF000000FF000000FF000000FF000000FF000000FF000000FF000000FF000000FF000000FF000000FF000000FF000000FF000000FF000000FF000000FF000000FF000000FF000000FF000000FF000000FF000000FF000000FF000000FF000000FF000000FF000000FF000000FF000000FF000000FF000000FF000000FF000000FF000000FF000000FF000000FF000000FF000000FF000000FF000000FF000000FF000000FF000000FF000000FF000000FF000000FF000000FF000000FF000000FF000000FF000000FF000000FF000000FF000000FF000000FF000000FF000000FF000000FF000000FF000000FF000000FF000000FF000000FF000000FF000000FF000000FF000000FF000000FF000000FFA9F922FFA9F922FF000000FF000000FF000000FF000000FF000000FF000000FF000000FF000000FF000000FF000000FF000000FF000000FF000000FF000000FF000000FF000000FF000000FF000000FF000000FF000000FF000000FF000000FFA9F922FFA9F922FFA9F922FFA9F922FFA9F922FFA9F922FFA9F922FFA9F922FFA9F922FFA9F922FF000000FF000000FF000000FF000000FFA9F922FFA9F922FF000000FF000000FF000000FF000000FF000000FF000000FF000000FF000000FF000000FF000000FF000000FF000000FFA9F922FFA9F922FF000000FF000000FF000000FF000000FF000000FF000000FF000000FF000000FF000000FF000000FF000000FF000000FFA9F922FFA9F922FF000000FF000000FF000000FF000000FF000000FF000000FF000000FF000000FF000000FF000000FF000000FF000000FFA9F922FFA9F922FF000000FF000000FF000000FF000000FFA9F922FFA9F922FFA9F922FFA9F922FF000000FF000000FF000000FF000000FFA9F922FFA9F922FF000000FF000000FF000000FF000000FF000000FF000000FFA9F922FFA9F922FF000000FF000000FF000000FF000000FF000000FF000000FF000000FF000000FF000000FF000000FF000000FF000000FF000000FF000000FF000000FF000000FF000000FF000000FFA9F922FFA9F922FF000000FF000000FF000000FF000000FF000000FF000000FF000000FF000000FF000000FF000000FF000000FF000000FF000000FF000000FF000000FF000000FFA9F922FFA9F922FF000000FF000000FF000000FF000000FF000000FF000000FF000000FF000000FFA9F922FFA9F922FF000000FF000000FF000000FF000000FFA9F922FFA9F922FFA9F922FFA9F922FF000000FF000000FF000000FF000000FFA9F922FFA9F922FF000000FF000000FF000000FF000000FF000000FF000000FF000000FF000000FF000000FF000000FF000000FF000000FF000000FF000000FF000000FF000000FF000000FF000000FF000000FF000000FFA9F922FFA9F922FF000000FF000000FF000000FF000000FF000000FF000000FF000000FF000000FF000000FF000000FF000000FF000000FF000000FF000000FF000000FF000000FF000000FF000000FF000000FF000000FF000000FF000000FF000000FF000000FF000000FF000000FF000000FF000000FF000000FF000000FF000000FF000000FF000000FF000000FF000000FF000000FF000000FF000000FF000000FF000000FF000000FF000000FF000000FF000000FF000000FF000000FF000000FF000000FF000000FF000000FF000000FF000000FF000000FF000000FF000000FF000000FF000000FF000000FF000000FF000000FF000000FF000000FF000000FF000000FF000000FF000000FF000000FF000000FF000000FF000000FF000000FF000000FF000000FF000000FF000000FF000000FF000000FF000000FF000000FF000000FF000000FF000000FF000000FF000000FF000000FF000000FF000000FF000000FF000000FF000000FF000000FF000000FF000000FF000000FF000000FF000000FF000000FF000000FF000000FF000000FF000000FF000000FF000000FF000000FF000000FF000000FF000000FF000000FF000000FF000000FF000000FF000000FF000000FF000000FF000000FF000000FF000000FF000000FF000000FF000000FF000000FF000000FF000000FF000000FF000000FF000000FF000000FF000000FF000000FF000000FF000000FF000000FF000000FF000000FF000000FF000000FF000000FF000000FF000000FF000000FF000000FF000000FF000000FF000000FF000000FF000000FF000000FF000000FF000000FF000000FF000000FF000000FF000000FF000000FF000000FF000000FF000000FF000000FF000000FF000000FF000000FF000000FF000000FF000000FF000000FF000000FF000000FF000000FF000000FF000000FF000000FF000000FF000000FF000000FF000000FF000000FF000000FF000000FF000000FF000000FF000000FF000000FF000000FF000000FF000000FF000000FF000000FF000000FF000000FF000000FF000000FF000000FF000000FF000000FF000000FF000000FF000000FF000000FF000000FF000000FF000000FF000000FF000000FF000000FF000000FF000000FF000000FF000000FF000000FF000000FF000000FF000000FF000000FF000000FF000000FF000000FF000000FF000000FF000000FF000000FF000000FF000000FF000000FF000000FF000000FF000000FF000000FF000000FF000000FF000000FF000000FF000000FF000000FF000000FF000000FF000000FF000000FF000000FF000000FF000000FF000000FF000000FF000000FF000000FF000000FF000000FF000000FF000000FF000000FF000000FF000000FF000000FF000000FF000000FF000000FF000000FFA9F922FFA9F922FF000000FF000000FF000000FF000000FF000000FF000000FFA9F922FFA9F922FF000000FF000000FF000000FF000000FF000000FF000000FF000000FF000000FF000000FF000000FF000000FF000000FF000000FF000000FF000000FF000000FF000000FF000000FF000000FF000000FF000000FF000000FF000000FF000000FF000000FF000000FF000000FF000000FF000000FF000000FF000000FF000000FF000000FF000000FF000000FF000000FF000000FF000000FF000000FF000000FF000000FF000000FF000000FF000000FF000000FF000000FF000000FF000000FF000000FF000000FF000000FF000000FF000000FF000000FF000000FF000000FF000000FF000000FF000000FF000000FF000000FF000000FF000000FF000000FF000000FF000000FF000000FF000000FF000000FF000000FF000000FF000000FF000000FF000000FF000000FF000000FF000000FF000000FF000000FF000000FF000000FF000000FF000000FF000000FF000000FF000000FF000000FF000000FF000000FF000000FF000000FF000000FF000000FF000000FF000000FF000000FF000000FF000000FF000000FF000000FF000000FF000000FF000000FF000000FF000000FF000000FF000000FF000000FF000000FF000000FF000000FF000000FF000000FF000000FF000000FF000000FF000000FF000000FF000000FF000000FF000000FF000000FF000000FF000000FF000000FF000000FF000000FF000000FF000000FF000000FFA9F922FFA9F922FF000000FF000000FF000000FF000000FF000000FF000000FFA9F922FFA9F922FF000000FF000000FF000000FF000000FFA9F922FFA9F922FF000000FF000000FF000000FF000000FF000000FF000000FF000000FF000000FF000000FF000000FF000000FF000000FFA9F922FFA9F922FF000000FF000000FF000000FF000000FF000000FF000000FF000000FF000000FF000000FF000000FF000000FF000000FFA9F922FFA9F922FF000000FF000000FF000000FF000000FF000000FF000000FF000000FF000000FF000000FF000000FF000000FF000000FFA9F922FFA9F922FF000000FF000000FF000000FF000000FF000000FF000000FFA9F922FFA9F922FF000000FF000000FF000000FF000000FFA9F922FFA9F922FF000000FF000000FF000000FF000000FF000000FF000000FFA9F922FFA9F922FF000000FF000000FF000000FF000000FF000000FF000000FF000000FF000000FF000000FF000000FF000000FF000000FF000000FF000000FF000000FF000000FF000000FF000000FFA9F922FFA9F922FF000000FF000000FF000000FF000000FF000000FF000000FF000000FF000000FF000000FF000000FF000000FF000000FF000000FF000000FF000000FF000000FFA9F922FFA9F922FF000000FF000000FF000000FF000000FF000000FF000000FF000000FF000000FFA9F922FFA9F922FF000000FF000000FF000000FF000000FF000000FF000000FFA9F922FFA9F922FF000000FF000000FF000000FF000000FFA9F922FFA9F922FF000000FF000000FF000000FF000000FF000000FF000000FF000000FF000000FF000000FF000000FF000000FF000000FFA9F922FFA9F922FF000000FF000000FF000000FF000000FF000000FF000000FFA9F922FFA9F922FF000000FF000000FF000000FF000000FF000000FF000000FF000000FF000000FF000000FF000000FF000000FF000000FF000000FF000000FF000000FF000000FF000000FF000000FF000000FF000000FF000000FF000000FF000000FF000000FF000000FF000000FF000000FF000000FF000000FF000000FF000000FF000000FF000000FF000000FF000000FF000000FF000000FF000000FF000000FF000000FF000000FF000000FF000000FF000000FF000000FF000000FF000000FF000000FF000000FF000000FF000000FF000000FF000000FF000000FF000000FF000000FF000000FF000000FF000000FF000000FF000000FF000000FF000000FF000000FF000000FF000000FF000000FF000000FF000000FF000000FF000000FF000000FF000000FF000000FF000000FF000000FF000000FF000000FF000000FF000000FF000000FF000000FF000000FF000000FF000000FF000000FF000000FF000000FF000000FF000000FF000000FF000000FF000000FF000000FF000000FF000000FF000000FF000000FF000000FF000000FF000000FF000000FF000000FF000000FF000000FF000000FF000000FF000000FF000000FF000000FF000000FF000000FF000000FF000000FF000000FF000000FF000000FF000000FF000000FF000000FF000000FF000000FF000000FF000000FF000000FF000000FF000000FF000000FF000000FF000000FF000000FF000000FF000000FF000000FF000000FF000000FF000000FF000000FF000000FF000000FF000000FF000000FF000000FF000000FF000000FF000000FF000000FF000000FF000000FF000000FF000000FF000000FF000000FF000000FF000000FF000000FF000000FF000000FF000000FF000000FF000000FF000000FF000000FF000000FF000000FF000000FF000000FF000000FF000000FF000000FF000000FF000000FF000000FF000000FF000000FF000000FF000000FF000000FF000000FF000000FF000000FF000000FF000000FF000000FF000000FF000000FF000000FF000000FF000000FF000000FF000000FF000000FF000000FF000000FF000000FF000000FF000000FF000000FF000000FF000000FF000000FF000000FF000000FF000000FF000000FF000000FF000000FF000000FF000000FF000000FF000000FF000000FF000000FF000000FF000000FF000000FF000000FF000000FF000000FF000000FF000000FF000000FF000000FF000000FF000000FF000000FF000000FF000000FF000000FF000000FF000000FF000000FF000000FF000000FF000000FF000000FF000000FF000000FF000000FF000000FF000000FF000000FF000000FF000000FF000000FF000000FF000000FF000000FF000000FF000000FF000000FF000000FF000000FF000000FF000000FF000000FFA9F922FFA9F922FF000000FF000000FF000000FF000000FF000000FF000000FFA9F922FFA9F922FF000000FF000000FF000000FF000000FF000000FF000000FF000000FF000000FF000000FF000000FF000000FF000000FF000000FF000000FF000000FF000000FF000000FF000000FF000000FF000000FF000000FF000000FF000000FF000000FF000000FF000000FF000000FF000000FF000000FF000000FF000000FF000000FF000000FF000000FF000000FF000000FF000000FF000000FF000000FF000000FF000000FF000000FF000000FF000000FF000000FF000000FF000000FF000000FF000000FF000000FF000000FF000000FF000000FF000000FF000000FF000000FF000000FF000000FF000000FF000000FF000000FF000000FF000000FF000000FF000000FF000000FF000000FF000000FF000000FF000000FF000000FF000000FF000000FF000000FF000000FF000000FF000000FF000000FF000000FF000000FF000000FF000000FF000000FF000000FF000000FF000000FF000000FF000000FF000000FF000000FF000000FF000000FF000000FF000000FF000000FF000000FF000000FF000000FF000000FF000000FF000000FF000000FF000000FF000000FF000000FF000000FF000000FF000000FF000000FF000000FF000000FF000000FF000000FF000000FF000000FF000000FF000000FF000000FF000000FF000000FF000000FF000000FF000000FF000000FF000000FF000000FF000000FF000000FF000000FF000000FFA9F922FFA9F922FF000000FF000000FF000000FF000000FF000000FF000000FFA9F922FFA9F922FF000000FF000000FF000000FF000000FFA9F922FFA9F922FF000000FF000000FF000000FF000000FF000000FF000000FF000000FF000000FF000000FF000000FF000000FF000000FFA9F922FFA9F922FF000000FF000000FF000000FF000000FF000000FF000000FF000000FF000000FF000000FF000000FF000000FF000000FFA9F922FFA9F922FF000000FF000000FF000000FF000000FF000000FF000000FF000000FF000000FF000000FF000000FF000000FF000000FFA9F922FFA9F922FF000000FF000000FF000000FF000000FF000000FF000000FFA9F922FFA9F922FF000000FF000000FF000000FF000000FFA9F922FFA9F922FF000000FF000000FF000000FF000000FF000000FF000000FFA9F922FFA9F922FF000000FF000000FF000000FF000000FF000000FF000000FF000000FF000000FF000000FF000000FF000000FF000000FF000000FF000000FF000000FF000000FF000000FF000000FFA9F922FFA9F922FF000000FF000000FF000000FF000000FF000000FF000000FF000000FF000000FF000000FF000000FF000000FF000000FF000000FF000000FF000000FF000000FFA9F922FFA9F922FF000000FF000000FF000000FF000000FF000000FF000000FF000000FF000000FFA9F922FFA9F922FF000000FF000000FF000000FF000000FF000000FF000000FFA9F922FFA9F922FF000000FF000000FF000000FF000000FFA9F922FFA9F922FF000000FF000000FF000000FF000000FF000000FF000000FF000000FF000000FF000000FF000000FF000000FF000000FFA9F922FFA9F922FF000000FF000000FF000000FF000000FF000000FF000000FFA9F922FFA9F922FF000000FF000000FF000000FF000000FF000000FF000000FF000000FF000000FF000000FF000000FF000000FF000000FF000000FF000000FF000000FF000000FF000000FF000000FF000000FF000000FF000000FF000000FF000000FF000000FF000000FF000000FF000000FF000000FF000000FF000000FF000000FF000000FF000000FF000000FF000000FF000000FF000000FF000000FF000000FF000000FF000000FF000000FF000000FF000000FF000000FF000000FF000000FF000000FF000000FF000000FF000000FF000000FF000000FF000000FF000000FF000000FF000000FF000000FF000000FF000000FF000000FF000000FF000000FF000000FF000000FF000000FF000000FF000000FF000000FF000000FF000000FF000000FF000000FF000000FF000000FF000000FF000000FF000000FF000000FF000000FF000000FF000000FF000000FF000000FF000000FF000000FF000000FF000000FF000000FF000000FF000000FF000000FF000000FF000000FF000000FF000000FF000000FF000000FF000000FF000000FF000000FF000000FF000000FF000000FF000000FF000000FF000000FF000000FF000000FF000000FF000000FF000000FF000000FF000000FF000000FF000000FF000000FF000000FF000000FF000000FF000000FF000000FF000000FF000000FF000000FF000000FF000000FF000000FF000000FF000000FF000000FF000000FF000000FF000000FF000000FF000000FF000000FF000000FF000000FF000000FF000000FF000000FF000000FF000000FF000000FF000000FF000000FF000000FF000000FF000000FF000000FF000000FF000000FF000000FF000000FF000000FF000000FF000000FF000000FF000000FF000000FF000000FF000000FF000000FF000000FF000000FF000000FF000000FF000000FF000000FF000000FF000000FF000000FF000000FF000000FF000000FF000000FF000000FF000000FF000000FF000000FF000000FF000000FF000000FF000000FF000000FF000000FF000000FF000000FF000000FF000000FF000000FF000000FF000000FF000000FF000000FF000000FF000000FF000000FF000000FF000000FF000000FF000000FF000000FF000000FF000000FF000000FF000000FF000000FF000000FF000000FF000000FF000000FF000000FF000000FF000000FF000000FF000000FF000000FF000000FF000000FF000000FF000000FF000000FF000000FF000000FF000000FF000000FF000000FF000000FF000000FF000000FF000000FF000000FF000000FF000000FF000000FF000000FF000000FF000000FF000000FF000000FF000000FF000000FF000000FF000000FF000000FF000000FF000000FF000000FF000000FF000000FF000000FF000000FF000000FF000000FFA9F922FFA9F922FF000000FF000000FF000000FF000000FF000000FF000000FFA9F922FFA9F922FF000000FF000000FF000000FF000000FF000000FF000000FF000000FF000000FF000000FF000000FF000000FF000000FF000000FF000000FF000000FF000000FF000000FF000000FF000000FF000000FF000000FF000000FF000000FF000000FF000000FF000000FF000000FF000000FF000000FF000000FF000000FF000000FF000000FF000000FF000000FF000000FF000000FF000000FF000000FF000000FF000000FF000000FF000000FF000000FF000000FF000000FF000000FF000000FF000000FF000000FF000000FF000000FF000000FF000000FF000000FF000000FF000000FF000000FF000000FF000000FF000000FF000000FF000000FF000000FF000000FF000000FF000000FF000000FF000000FF000000FF000000FF000000FF000000FF000000FF000000FF000000FF000000FF000000FF000000FF000000FF000000FF000000FF000000FF000000FF000000FF000000FF000000FF000000FF000000FF000000FF000000FF000000FF000000FF000000FF000000FF000000FF000000FF000000FF000000FF000000FF000000FF000000FF000000FF000000FF000000FF000000FF000000FF000000FF000000FF000000FF000000FF000000FF000000FF000000FF000000FF000000FF000000FF000000FF000000FF000000FF000000FF000000FF000000FF000000FF000000FF000000FF000000FF000000FF000000FF000000FFA9F922FFA9F922FF000000FF000000FF000000FF000000FF000000FF000000FFA9F922FFA9F922FF000000FF000000FF000000FF000000FFA9F922FFA9F922FF000000FF000000FF000000FF000000FF000000FF000000FF000000FF000000FF000000FF000000FF000000FF000000FFA9F922FFA9F922FF000000FF000000FF000000FF000000FF000000FF000000FF000000FF000000FF000000FF000000FF000000FF000000FFA9F922FFA9F922FFA9F922FFA9F922FFA9F922FFA9F922FFA9F922FFA9F922FFA9F922FFA9F922FF000000FF000000FF000000FF000000FFA9F922FFA9F922FF000000FF000000FF000000FF000000FF000000FF000000FFA9F922FFA9F922FF000000FF000000FF000000FF000000FFA9F922FFA9F922FFA9F922FFA9F922FFA9F922FFA9F922FFA9F922FFA9F922FF000000FF000000FF000000FF000000FF000000FF000000FF000000FF000000FF000000FF000000FF000000FF000000FF000000FF000000FF000000FF000000FF000000FF000000FF000000FF000000FFA9F922FFA9F922FFA9F922FFA9F922FFA9F922FFA9F922FFA9F922FFA9F922FFA9F922FFA9F922FF000000FF000000FF000000FF000000FF000000FF000000FFA9F922FFA9F922FFA9F922FFA9F922FFA9F922FFA9F922FF000000FF000000FF000000FF000000FF000000FF000000FFA9F922FFA9F922FF000000FF000000FF000000FF000000FF000000FF000000FFA9F922FFA9F922FF000000FF000000FF000000FF000000FFA9F922FFA9F922FFA9F922FFA9F922FFA9F922FFA9F922FFA9F922FFA9F922FFA9F922FFA9F922FF000000FF000000FF000000FF000000FF000000FF000000FFA9F922FFA9F922FFA9F922FFA9F922FFA9F922FFA9F922FF000000FF000000FF000000FF000000FF000000FF000000FF000000FF000000FF000000FF000000FF000000FF000000FF000000FF000000FF000000FF000000FF000000FF000000FF000000FF000000FF000000FF000000FF000000FF000000FF000000FF000000FF000000FF000000FF000000FF000000FF000000FF000000FF000000FF000000FF000000FF000000FF000000FF000000FF000000FF000000FF000000FF000000FF000000FF000000FF000000FF000000FF000000FF000000FF000000FF000000FF000000FF000000FF000000FF000000FF000000FF000000FF000000FF000000FF000000FF000000FF000000FF000000FF000000FF000000FF000000FF000000FF000000FF000000FF000000FF000000FF000000FF000000FF000000FF000000FF000000FF000000FF000000FF000000FF000000FF000000FF000000FF000000FF000000FF000000FF000000FF000000FF000000FF000000FF000000FF000000FF000000FF000000FF000000FF000000FF000000FF000000FF000000FF000000FF000000FF000000FF000000FF000000FF000000FF000000FF000000FF000000FF000000FF000000FF000000FF000000FF000000FF000000FF000000FF000000FF000000FF000000FF000000FF000000FF000000FF000000FF000000FF000000FF000000FF000000FF000000FF000000FF000000FF000000FF000000FF000000FF000000FF000000FF000000FF000000FF000000FF000000FF000000FF000000FF000000FF000000FF000000FF000000FF000000FF000000FF000000FF000000FF000000FF000000FF000000FF000000FF000000FF000000FF000000FF000000FF000000FF000000FF000000FF000000FF000000FF000000FF000000FF000000FF000000FF000000FF000000FF000000FF000000FF000000FF000000FF000000FF000000FF000000FF000000FF000000FF000000FF000000FF000000FF000000FF000000FF000000FF000000FF000000FF000000FF000000FF000000FF000000FF000000FF000000FF000000FF000000FF000000FF000000FF000000FF000000FF000000FF000000FF000000FF000000FF000000FF000000FF000000FF000000FF000000FF000000FF000000FF000000FF000000FF000000FF000000FF000000FF000000FF000000FF000000FF000000FF000000FF000000FF000000FF000000FF000000FF000000FF000000FF000000FF000000FF000000FF000000FF000000FF000000FF000000FF000000FF000000FF000000FF000000FF000000FF000000FF000000FF000000FF000000FF000000FF000000FF000000FF000000FF000000FF000000FF000000FF000000FF000000FF000000FF000000FF000000FF000000FF000000FF000000FF000000FF000000FF000000FF000000FF000000FF000000FFA9F922FFA9F922FF000000FF000000FF000000FF000000FF000000FF000000FFA9F922FFA9F922FF000000FF000000FF000000FF000000FF000000FF000000FF000000FF000000FF000000FF000000FF000000FF000000FF000000FF000000FF000000FF000000FF000000FF000000FF000000FF000000FF000000FF000000FF000000FF000000FF000000FF000000FF000000FF000000FF000000FF000000FF000000FF000000FF000000FF000000FF000000FF000000FF000000FF000000FF000000FF000000FF000000FF000000FF000000FF000000FF000000FF000000FF000000FF000000FF000000FF000000FF000000FF000000FF000000FF000000FF000000FF000000FF000000FF000000FF000000FF000000FF000000FF000000FF000000FF000000FF000000FF000000FF000000FF000000FF000000FF000000FF000000FF000000FF000000FF000000FF000000FF000000FF000000FF000000FF000000FF000000FF000000FF000000FF000000FF000000FF000000FF000000FF000000FF000000FF000000FF000000FF000000FF000000FF000000FF000000FF000000FF000000FF000000FF000000FF000000FF000000FF000000FF000000FF000000FF000000FF000000FF000000FF000000FF000000FF000000FF000000FF000000FF000000FF000000FF000000FF000000FF000000FF000000FF000000FF000000FF000000FF000000FF000000FF000000FF000000FF000000FF000000FF000000FF000000FF000000FF000000FFA9F922FFA9F922FF000000FF000000FF000000FF000000FF000000FF000000FFA9F922FFA9F922FF000000FF000000FF000000FF000000FFA9F922FFA9F922FF000000FF000000FF000000FF000000FF000000FF000000FF000000FF000000FF000000FF000000FF000000FF000000FFA9F922FFA9F922FF000000FF000000FF000000FF000000FF000000FF000000FF000000FF000000FF000000FF000000FF000000FF000000FFA9F922FFA9F922FFA9F922FFA9F922FFA9F922FFA9F922FFA9F922FFA9F922FFA9F922FFA9F922FF000000FF000000FF000000FF000000FFA9F922FFA9F922FF000000FF000000FF000000FF000000FF000000FF000000FFA9F922FFA9F922FF000000FF000000FF000000FF000000FFA9F922FFA9F922FFA9F922FFA9F922FFA9F922FFA9F922FFA9F922FFA9F922FF000000FF000000FF000000FF000000FF000000FF000000FF000000FF000000FF000000FF000000FF000000FF000000FF000000FF000000FF000000FF000000FF000000FF000000FF000000FF000000FFA9F922FFA9F922FFA9F922FFA9F922FFA9F922FFA9F922FFA9F922FFA9F922FFA9F922FFA9F922FF000000FF000000FF000000FF000000FF000000FF000000FFA9F922FFA9F922FFA9F922FFA9F922FFA9F922FFA9F922FF000000FF000000FF000000FF000000FF000000FF000000FFA9F922FFA9F922FF000000FF000000FF000000FF000000FF000000FF000000FFA9F922FFA9F922FF000000FF000000FF000000FF000000FFA9F922FFA9F922FFA9F922FFA9F922FFA9F922FFA9F922FFA9F922FFA9F922FFA9F922FFA9F922FF000000FF000000FF000000FF000000FF000000FF000000FFA9F922FFA9F922FFA9F922FFA9F922FFA9F922FFA9F922FF000000FF000000FF000000FF000000FF000000FF000000FF000000FF000000FF000000FF000000FF000000FF000000FF000000FF000000FF000000FF000000FF000000FF000000FF000000FF000000FF000000FF000000FF000000FF000000FF000000FF000000FF000000FF000000FF000000FF000000FF000000FF000000FF000000FF000000FF000000FF000000FF000000FF000000FF000000FF000000FF000000FF000000FF000000FF000000FF000000FF000000FF000000FF000000FF000000FF000000FF000000FF000000FF000000FF000000FF000000FF000000FF000000FF000000FF000000FF000000FF000000FF000000FF000000FF000000FF000000FF000000FF000000FF000000FF000000FF000000FF000000FF000000FF000000FF000000FF000000FF000000FF000000FF000000FF000000FF000000FF000000FF000000FF000000FF000000FF000000FF000000FF000000FF000000FF000000FF000000FF000000FF000000FF000000FF000000FF000000FF000000FF000000FF000000FF000000FF000000FF000000FF000000FF000000FF000000FF000000FF000000FF000000FF000000FF000000FF000000FF000000FF000000FF000000FF000000FF000000FF000000FF000000FF000000FF000000FF000000FF000000FF000000FF000000FF000000FF000000FF000000FF000000FF000000FF000000FF000000FF000000FF000000FF000000FF000000FF000000FF000000FF000000FF000000FF000000FF000000FF000000FF000000FF000000FF000000FF000000FF000000FF000000FF000000FF000000FF000000FF000000FF000000FF000000FF000000FF000000FF000000FF000000FF000000FF000000FF000000FF000000FF000000FF000000FF000000FF000000FF000000FF000000FF000000FF000000FF000000FF000000FF000000FF000000FF000000FF000000FF000000FF000000FF000000FF000000FF000000FF000000FF000000FF000000FF000000FF000000FF000000FF000000FF000000FF000000FF000000FF000000FF000000FF000000FF000000FF000000FF000000FF000000FF000000FF000000FF000000FF000000FF000000FF000000FF000000FF000000FF000000FF000000FF000000FF000000FF000000FF000000FF000000FF000000FF000000FF000000FF000000FF000000FF000000FF000000FF000000FF000000FF000000FF000000FF000000FF000000FF000000FF000000FF000000FF000000FF000000FF000000FF000000FF000000FF000000FF000000FF000000FF000000FF000000FF000000FF000000FF000000FF000000FF000000FF000000FF000000FF000000FF000000FF000000FF000000FF000000FF000000FF000000FF000000FF000000FF000000FF000000FF000000FF000000FF000000FF000000FF000000FF000000FF000000FF000000FF000000FF000000FF000000FF000000FF000000FF000000FF000000FF000000FF000000FF000000FF000000FF000000FF000000FF000000FF000000FF000000FF000000FF000000FF000000FF000000FF000000FF000000FF000000FF000000FF000000FF000000FF000000FF000000FF000000FF000000FF000000FF000000FF000000FF000000FF000000FF000000FF000000FF000000FF000000FF000000FF000000FF000000FF000000FF000000FF000000FF000000FF000000FF000000FF000000FF000000FF000000FF000000FF000000FF000000FF000000FF000000FF000000FF000000FF000000FF000000FF000000FF000000FF000000FF000000FF000000FF000000FF000000FF000000FF000000FF000000FF000000FF000000FF000000FF000000FF000000FF000000FF000000FF000000FF000000FF000000FF000000FF000000FF000000FF000000FF000000FF000000FF000000FF000000FF000000FF000000FF000000FF000000FF000000FF000000FF000000FF000000FF000000FF000000FF000000FF000000FF000000FF000000FF000000FF000000FF000000FF000000FF000000FF000000FF000000FF000000FF000000FF000000FF000000FF000000FF000000FF000000FF000000FF000000FF000000FF000000FF000000FF000000FF000000FF000000FF000000FF000000FF000000FF000000FF000000FF000000FF000000FF000000FF000000FF000000FF000000FF000000FF000000FF000000FF000000FF000000FF000000FF000000FF000000FF000000FF000000FF000000FF000000FF000000FF000000FF000000FF000000FF000000FF000000FF000000FF000000FF000000FF000000FF000000FF000000FF000000FF000000FF000000FF000000FF000000FF000000FF000000FF000000FF000000FF000000FF000000FF000000FF000000FF000000FF000000FF000000FF000000FF000000FF000000FF000000FF000000FF000000FF000000FF000000FF000000FF000000FF000000FF000000FF000000FF000000FF000000FF000000FF000000FF000000FF000000FF000000FF000000FF000000FF000000FF000000FF000000FF000000FF000000FF000000FF000000FF000000FF000000FF000000FF000000FF000000FF000000FF000000FF000000FF000000FF000000FF000000FF000000FF000000FF000000FF000000FF000000FF000000FF000000FF000000FF000000FF000000FF000000FF000000FF000000FF000000FF000000FF000000FF000000FF000000FF000000FF000000FF000000FF000000FF000000FF000000FF000000FF000000FF000000FF000000FF000000FF000000FF000000FF000000FF000000FF000000FF000000FF000000FF000000FF000000FF000000FF000000FF000000FF000000FF000000FF000000FF000000FF000000FF000000FF000000FF000000FF000000FF000000FF000000FF000000FF000000FF000000FF000000FF000000FF000000FF000000FF000000FF000000FF000000FF000000FF000000FF000000FF000000FF000000FF000000FF000000FF000000FF000000FF000000FF000000FF000000FF000000FF000000FF000000FF000000FF000000FF000000FF000000FF000000FF000000FF000000FF000000FF000000FF000000FF000000FF000000FF000000FF000000FF000000FF000000FF000000FF000000FF000000FF000000FF000000FF000000FF000000FF000000FF000000FF000000FF000000FF000000FF000000FF000000FF000000FF000000FF000000FF000000FF000000FF000000FF000000FF000000FF000000FF000000FF000000FF000000FF000000FF000000FF000000FF000000FF000000FF000000FF000000FF000000FF000000FF000000FF000000FF000000FF000000FF000000FF000000FF000000FF000000FF000000FF000000FF000000FF000000FF000000FF000000FF000000FF000000FF000000FF000000FF000000FF000000FF000000FF000000FF000000FF000000FF000000FF000000FF000000FF000000FF000000FF000000FF000000FF000000FF000000FF000000FF000000FF000000FF000000FF000000FF000000FF000000FF000000FF000000FF000000FF000000FF000000FF000000FF000000FF000000FF000000FF000000FF000000FF000000FF000000FF000000FF000000FF000000FF000000FF000000FF000000FF000000FF000000FF000000FF000000FF000000FF000000FF000000FF000000FF000000FF000000FF000000FF000000FF000000FF000000FF000000FF000000FF000000FF000000FF000000FF000000FF000000FF000000FF000000FF000000FF000000FF000000FF000000FF000000FF000000FF000000FF000000FF000000FF000000FF000000FF000000FF000000FF000000FF000000FF000000FF000000FF000000FF000000FF000000FF000000FF000000FF000000FF000000FF000000FF000000FF000000FF000000FF000000FF000000FF000000FF000000FF000000FF000000FF000000FF000000FF000000FF000000FF000000FF000000FF000000FF000000FF000000FF000000FF000000FF000000FF000000FF000000FF000000FF000000FF000000FF000000FF000000FF000000FF000000FF000000FF000000FF000000FF000000FF000000FF000000FF000000FF000000FF000000FF000000FF000000FF000000FF000000FF000000FF000000FF000000FF000000FF000000FF000000FF000000FF000000FF000000FF000000FF000000FF000000FF000000FF000000FF000000FF000000FF000000FF000000FF000000FF000000FF000000FF000000FF000000FF000000FF000000FF000000FF000000FF000000FF000000FF000000FF000000FF000000FF000000FF000000FF000000FF000000FF000000FF000000FF000000FF000000FF000000FF000000FF000000FF000000FF000000FF000000FF000000FF000000FF000000FF000000FF000000FF000000FF000000FF000000FF000000FF000000FF000000FF000000FF000000FF000000FF000000FF000000FF000000FF000000FF000000FF000000FF000000FF000000FF000000FF000000FF000000FF000000FF000000FF000000FF000000FF000000FF000000FF000000FF000000FF000000FF000000FF000000FF000000FF000000FF000000FF000000FF000000FF000000FF000000FF000000FF000000FF000000FF000000FF000000FF000000FF000000FF000000FF000000FF000000FF000000FF000000FF000000FF000000FF000000FF000000FF000000FF000000FF000000FF000000FF000000FF000000FF000000FF000000FF000000FF000000FF000000FF000000FF000000FF000000FF000000FF000000FF000000FF000000FF000000FF000000FF000000FF000000FF000000FF000000FF000000FF000000FF000000FF000000FF000000FF000000FF000000FF000000FF000000FF000000FF000000FF000000FF000000FF000000FF000000FF000000FF000000FF000000FF000000FF000000FF000000FF000000FF000000FF000000FF000000FF000000FF000000FF000000FF000000FF000000FF000000FF000000FF000000FF000000FF000000FF000000FF000000FF000000FF000000FF000000FF000000FF000000FF000000FF000000FF000000FF000000FF000000FF000000FF000000FF000000FF000000FF000000FF000000FF000000FF000000FF000000FF000000FF000000FF000000FF000000FF000000FF000000FF000000FF000000FF000000FF000000FF000000FF000000FF000000FF000000FF000000FF000000FF000000FF000000FF000000FF000000FF000000FF000000FF000000FF000000FF000000FF000000FF000000FF000000FF000000FF000000FF000000FF000000FF000000FF000000FF000000FF000000FF000000FF000000FF000000FF000000FF000000FF000000FF000000FF000000FF000000FF000000FF000000FF000000FF000000FF000000FF000000FF000000FF000000FF000000FF000000FF000000FF000000FF000000FF000000FF000000FF000000FF000000FF000000FF000000FF000000FF000000FF000000FF000000FF000000FF000000FF000000FF000000FF000000FF000000FF000000FF000000FF000000FF000000FF000000FF000000FF000000FF000000FF000000FF000000FF000000FF000000FF000000FF000000FF000000FF000000FF000000FF000000FF000000FF000000FF000000FF000000FF000000FF000000FF000000FF000000FF000000FF000000FF000000FF000000FF000000FF000000FF000000FF000000FF000000FF000000FF000000FF000000FF000000FF000000FF000000FF000000FF000000FF000000FF000000FF000000FF000000FF000000FF000000FF000000FF000000FF000000FF000000FF000000FF000000FF000000FF000000FF000000FF000000FF000000FF000000FF000000FF000000FF000000FF000000FF000000FF000000FF000000FF000000FF000000FF000000FF000000FF000000FF000000FF000000FF000000FF000000FF000000FF000000FF000000FF000000FF000000FF000000FF000000FF000000FF000000FF000000FF000000FF000000FF000000FF000000FF000000FF000000FF000000FF000000FF000000FF000000FF000000FF000000FF000000FF000000FF000000FF000000FF000000FF000000FF000000FF000000FF000000FF000000FF000000FF000000FF000000FF000000FF000000FF000000FF000000FF000000FF000000FF000000FF000000FF000000FF000000FF000000FF000000FF000000FF000000FF000000FF000000FF000000FF000000FF000000FF000000FF000000FF000000FF000000FF000000FF000000FF000000FF000000FF000000FF000000FF000000FF000000FF000000FF000000FF000000FF000000FF000000FF000000FF000000FF000000FF000000FF000000FF000000FF000000FF000000FF000000FF000000FF000000FF000000FF000000FF000000FF000000FF000000FF000000FF000000FF000000FF000000FF000000FF000000FF000000FF000000FF000000FF000000FF000000FF000000FF000000FF000000FF000000FF000000FF000000FF000000FF000000FF000000FF000000FF000000FF000000FF000000FF000000FF000000FF000000FF000000FF000000FF000000FF000000FF000000FF000000FF000000FF000000FF000000FF000000FF000000FF000000FF000000FF000000FF000000FF000000FF000000FF000000FF000000FF000000FF000000FF000000FF000000FF000000FF000000FF000000FF000000FF000000FF000000FF000000FF000000FF000000FF000000FF000000FF000000FF000000FF000000FF000000FF000000FF000000FF000000FF000000FF000000FF000000FF000000FF000000FF000000FF000000FF000000FF000000FF000000FF000000FF000000FF000000FF000000FF000000FF000000FF000000FF000000FF000000FF000000FF000000FF000000FF000000FF000000FF000000FF000000FF000000FF000000FF000000FF000000FF000000FF000000FF000000FF000000FF000000FF000000FF000000FF000000FF000000FF000000FF000000FF000000FF000000FF000000FF000000FF000000FF000000FF000000FF000000FF000000FF000000FF000000FF000000FF000000FF000000FF000000FF000000FF000000FF000000FF000000FF000000FF000000FF000000FF000000FF000000FF000000FF000000FF000000FF000000FF000000FF000000FF000000FF000000FF000000FF000000FF000000FF000000FF000000FF000000FF000000FF000000FF000000FF000000FF000000FF000000FF000000FF000000FF000000FF000000FF000000FF000000FF000000FF000000FF000000FF000000FF000000FF000000FF000000FF000000FF000000FF000000FF000000FF000000FF000000FF000000FF000000FF000000FF000000FF000000FF000000FF000000FF000000FF000000FF000000FF000000FF000000FF000000FF000000FF000000FF000000FF000000FF000000FF000000FF000000FF000000FF000000FF000000FF000000FF000000FF000000FFA9F922FFA9F922FFA9F922FFA9F922FFA9F922FFA9F922FFA9F922FFA9F922FF000000FF000000FF000000FF000000FF000000FF000000FF000000FF000000FF000000FF000000FF000000FF000000FF000000FF000000FF000000FF000000FF000000FF000000FF000000FF000000FFA9F922FFA9F922FFA9F922FFA9F922FFA9F922FFA9F922FFA9F922FFA9F922FFA9F922FFA9F922FF000000FF000000FF000000FF000000FFA9F922FFA9F922FF000000FF000000FF000000FF000000FF000000FF000000FFA9F922FFA9F922FF000000FF000000FF000000FF000000FFA9F922FFA9F922FFA9F922FFA9F922FFA9F922FFA9F922FFA9F922FFA9F922FFA9F922FFA9F922FF000000FF000000FF000000FF000000FF000000FF000000FF000000FF000000FF000000FF000000FF000000FF000000FF000000FF000000FF000000FF000000FF000000FF000000FF000000FF000000FF000000FF000000FF000000FF000000FF000000FF000000FF000000FF000000FF000000FF000000FF000000FF000000FF000000FF000000FF000000FF000000FF000000FF000000FF000000FF000000FF000000FF000000FF000000FF000000FF000000FF000000FF000000FF000000FF000000FF000000FF000000FF000000FF000000FF000000FF000000FF000000FF000000FF000000FF000000FF000000FF000000FF000000FF000000FF000000FF000000FF000000FF000000FF000000FF000000FF000000FF000000FF000000FF000000FF000000FFA9F922FFA9F922FFA9F922FFA9F922FFA9F922FFA9F922FFA9F922FFA9F922FF000000FF000000FF000000FF000000FF000000FF000000FFA9F922FFA9F922FFA9F922FFA9F922FFA9F922FFA9F922FFA9F922FFA9F922FF000000FF000000FF000000FF000000FF000000FF000000FF000000FF000000FFA9F922FFA9F922FFA9F922FFA9F922FFA9F922FFA9F922FF000000FF000000FF000000FF000000FF000000FF000000FFA9F922FFA9F922FF000000FF000000FF000000FF000000FF000000FF000000FFA9F922FFA9F922FF000000FF000000FF000000FF000000FFA9F922FFA9F922FFA9F922FFA9F922FFA9F922FFA9F922FFA9F922FFA9F922FFA9F922FFA9F922FF000000FF000000FF000000FF000000FF000000FF000000FF000000FF000000FF000000FF000000FF000000FF000000FF000000FF000000FF000000FF000000FF000000FF000000FFA9F922FFA9F922FF000000FF000000FF000000FF000000FF000000FF000000FF000000FF000000FF000000FF000000FF000000FF000000FF000000FF000000FFA9F922FFA9F922FFA9F922FFA9F922FFA9F922FFA9F922FF000000FF000000FF000000FF000000FF000000FF000000FFA9F922FFA9F922FF000000FF000000FF000000FF000000FF000000FF000000FFA9F922FFA9F922FF000000FF000000FF000000FF000000FFA9F922FFA9F922FFA9F922FFA9F922FFA9F922FFA9F922FFA9F922FFA9F922FFA9F922FFA9F922FF000000FF000000FF000000FF000000FF000000FF000000FFA9F922FFA9F922FFA9F922FFA9F922FFA9F922FFA9F922FF000000FF000000FF000000FF000000FF000000FF000000FF000000FF000000FF000000FF000000FF000000FF000000FF000000FF000000FF000000FF000000FF000000FF000000FF000000FF000000FF000000FF000000FF000000FF000000FF000000FF000000FF000000FF000000FF000000FF000000FF000000FF000000FF000000FF000000FF000000FF000000FF000000FF000000FF000000FF000000FF000000FF000000FF000000FF000000FF000000FF000000FF000000FF000000FF000000FF000000FF000000FF000000FF000000FF000000FF000000FF000000FF000000FF000000FF000000FF000000FF000000FF000000FF000000FF000000FF000000FF000000FF000000FF000000FF000000FF000000FF000000FF000000FF000000FF000000FF000000FF000000FF000000FF000000FF000000FF000000FF000000FF000000FF000000FF000000FF000000FF000000FF000000FF000000FF000000FF000000FF000000FF000000FF000000FF000000FF000000FF000000FF000000FF000000FF000000FF000000FF000000FF000000FF000000FF000000FF000000FF000000FF000000FF000000FF000000FF000000FF000000FF000000FF000000FF000000FF000000FF000000FF000000FF000000FF000000FF000000FF000000FF000000FF000000FF000000FF000000FF000000FF000000FF000000FF000000FF000000FF000000FF000000FF000000FF000000FF000000FF000000FF000000FF000000FF000000FF000000FF000000FF000000FF000000FF000000FF000000FF000000FF000000FF000000FF000000FF000000FF000000FF000000FF000000FF000000FF000000FF000000FF000000FF000000FF000000FF000000FF000000FF000000FF000000FF000000FF000000FF000000FF000000FF000000FF000000FF000000FF000000FF000000FF000000FF000000FF000000FF000000FF000000FF000000FF000000FF000000FF000000FF000000FF000000FF000000FF000000FF000000FF000000FF000000FF000000FF000000FF000000FF000000FF000000FF000000FF000000FF000000FF000000FF000000FF000000FF000000FF000000FF000000FF000000FF000000FF000000FF000000FF000000FF000000FF000000FF000000FF000000FF000000FF000000FF000000FF000000FF000000FF000000FF000000FF000000FF000000FF000000FF000000FF000000FF000000FF000000FF000000FF000000FF000000FF000000FF000000FF000000FF000000FF000000FF000000FF000000FF000000FF000000FF000000FF000000FF000000FF000000FF000000FF000000FF000000FF000000FF000000FF000000FF000000FF000000FF000000FF000000FF000000FF000000FF000000FF000000FF000000FF000000FF000000FF000000FF000000FF000000FF000000FF000000FF000000FF000000FF000000FF000000FF000000FF000000FF000000FF000000FF000000FFA9F922FFA9F922FFA9F922FFA9F922FFA9F922FFA9F922FFA9F922FFA9F922FF000000FF000000FF000000FF000000FF000000FF000000FF000000FF000000FF000000FF000000FF000000FF000000FF000000FF000000FF000000FF000000FF000000FF000000FF000000FF000000FFA9F922FFA9F922FFA9F922FFA9F922FFA9F922FFA9F922FFA9F922FFA9F922FFA9F922FFA9F922FF000000FF000000FF000000FF000000FFA9F922FFA9F922FF000000FF000000FF000000FF000000FF000000FF000000FFA9F922FFA9F922FF000000FF000000FF000000FF000000FFA9F922FFA9F922FFA9F922FFA9F922FFA9F922FFA9F922FFA9F922FFA9F922FFA9F922FFA9F922FF000000FF000000FF000000FF000000FF000000FF000000FF000000FF000000FF000000FF000000FF000000FF000000FF000000FF000000FF000000FF000000FF000000FF000000FF000000FF000000FF000000FF000000FF000000FF000000FF000000FF000000FF000000FF000000FF000000FF000000FF000000FF000000FF000000FF000000FF000000FF000000FF000000FF000000FF000000FF000000FF000000FF000000FF000000FF000000FF000000FF000000FF000000FF000000FF000000FF000000FF000000FF000000FF000000FF000000FF000000FF000000FF000000FF000000FF000000FF000000FF000000FF000000FF000000FF000000FF000000FF000000FF000000FF000000FF000000FF000000FF000000FF000000FF000000FF000000FFA9F922FFA9F922FFA9F922FFA9F922FFA9F922FFA9F922FFA9F922FFA9F922FF000000FF000000FF000000FF000000FF000000FF000000FFA9F922FFA9F922FFA9F922FFA9F922FFA9F922FFA9F922FFA9F922FFA9F922FF000000FF000000FF000000FF000000FF000000FF000000FF000000FF000000FFA9F922FFA9F922FFA9F922FFA9F922FFA9F922FFA9F922FF000000FF000000FF000000FF000000FF000000FF000000FFA9F922FFA9F922FF000000FF000000FF000000FF000000FF000000FF000000FFA9F922FFA9F922FF000000FF000000FF000000FF000000FFA9F922FFA9F922FFA9F922FFA9F922FFA9F922FFA9F922FFA9F922FFA9F922FFA9F922FFA9F922FF000000FF000000FF000000FF000000FF000000FF000000FF000000FF000000FF000000FF000000FF000000FF000000FF000000FF000000FF000000FF000000FF000000FF000000FFA9F922FFA9F922FF000000FF000000FF000000FF000000FF000000FF000000FF000000FF000000FF000000FF000000FF000000FF000000FF000000FF000000FFA9F922FFA9F922FFA9F922FFA9F922FFA9F922FFA9F922FF000000FF000000FF000000FF000000FF000000FF000000FFA9F922FFA9F922FF000000FF000000FF000000FF000000FF000000FF000000FFA9F922FFA9F922FF000000FF000000FF000000FF000000FFA9F922FFA9F922FFA9F922FFA9F922FFA9F922FFA9F922FFA9F922FFA9F922FFA9F922FFA9F922FF000000FF000000FF000000FF000000FF000000FF000000FFA9F922FFA9F922FFA9F922FFA9F922FFA9F922FFA9F922FF000000FF000000FF000000FF000000FF000000FF000000FF000000FF000000FF000000FF000000FF000000FF000000FF000000FF000000FF000000FF000000FF000000FF000000FF000000FF000000FF000000FF000000FF000000FF000000FF000000FF000000FF000000FF000000FF000000FF000000FF000000FF000000FF000000FF000000FF000000FF000000FF000000FF000000FF000000FF000000FF000000FF000000FF000000FF000000FF000000FF000000FF000000FF000000FF000000FF000000FF000000FF000000FF000000FF000000FF000000FF000000FF000000FF000000FF000000FF000000FF000000FF000000FF000000FF000000FF000000FF000000FF000000FF000000FF000000FF000000FF000000FF000000FF000000FF000000FF000000FF000000FF000000FF000000FF000000FF000000FF000000FF000000FF000000FF000000FF000000FF000000FF000000FF000000FF000000FF000000FF000000FF000000FF000000FF000000FF000000FF000000FF000000FF000000FF000000FF000000FF000000FF000000FF000000FF000000FF000000FF000000FF000000FF000000FF000000FF000000FF000000FF000000FF000000FF000000FF000000FF000000FF000000FF000000FF000000FF000000FF000000FF000000FF000000FF000000FF000000FF000000FF000000FF000000FF000000FF000000FF000000FF000000FF000000FF000000FF000000FF000000FF000000FF000000FF000000FF000000FF000000FF000000FF000000FF000000FF000000FF000000FF000000FF000000FF000000FF000000FF000000FF000000FF000000FF000000FF000000FF000000FF000000FF000000FF000000FF000000FF000000FF000000FF000000FF000000FF000000FF000000FF000000FF000000FF000000FF000000FF000000FF000000FF000000FF000000FF000000FF000000FF000000FF000000FF000000FF000000FF000000FF000000FF000000FF000000FF000000FF000000FF000000FF000000FF000000FF000000FF000000FF000000FF000000FF000000FF000000FF000000FF000000FF000000FF000000FF000000FF000000FF000000FF000000FF000000FF000000FF000000FF000000FF000000FF000000FF000000FF000000FF000000FF000000FF000000FF000000FF000000FF000000FF000000FF000000FF000000FF000000FF000000FF000000FF000000FF000000FF000000FF000000FF000000FF000000FF000000FF000000FF000000FF000000FF000000FF000000FF000000FF000000FF000000FF000000FF000000FF000000FF000000FF000000FF000000FF000000FF000000FF000000FF000000FF000000FF000000FF000000FF000000FF000000FF000000FF000000FF000000FF000000FF000000FF000000FF000000FF000000FF000000FF000000FF000000FF000000FF000000FF000000FF000000FF000000FF000000FF000000FF000000FFA9F922FFA9F922FF000000FF000000FF000000FF000000FF000000FF000000FFA9F922FFA9F922FF000000FF000000FF000000FF000000FF000000FF000000FF000000FF000000FF000000FF000000FF000000FF000000FF000000FF000000FF000000FF000000FF000000FF000000FFA9F922FFA9F922FFA9F922FFA9F922FF000000FF000000FF000000FF000000FF000000FF000000FF000000FF000000FF000000FF000000FFA9F922FFA9F922FF000000FF000000FF000000FF000000FF000000FF000000FFA9F922FFA9F922FF000000FF000000FF000000FF000000FF000000FF000000FF000000FF000000FF000000FF000000FFA9F922FFA9F922FFA9F922FFA9F922FF000000FF000000FF000000FF000000FF000000FF000000FF000000FF000000FF000000FF000000FF000000FF000000FF000000FF000000FF000000FF000000FF000000FF000000FF000000FF000000FF000000FF000000FF000000FF000000FF000000FF000000FF000000FF000000FF000000FF000000FF000000FF000000FF000000FF000000FF000000FF000000FF000000FF000000FF000000FF000000FF000000FF000000FF000000FF000000FF000000FF000000FF000000FF000000FF000000FF000000FF000000FF000000FF000000FF000000FF000000FF000000FF000000FF000000FF000000FF000000FF000000FF000000FF000000FF000000FF000000FF000000FF000000FF000000FF000000FF000000FF000000FF000000FF000000FF000000FFA9F922FFA9F922FF000000FF000000FF000000FF000000FF000000FF000000FFA9F922FFA9F922FF000000FF000000FF000000FF000000FFA9F922FFA9F922FF000000FF000000FF000000FF000000FF000000FF000000FFA9F922FFA9F922FF000000FF000000FF000000FF000000FF000000FF000000FF000000FF000000FFA9F922FFA9F922FF000000FF000000FF000000FF000000FF000000FF000000FF000000FF000000FFA9F922FFA9F922FF000000FF000000FF000000FF000000FF000000FF000000FFA9F922FFA9F922FF000000FF000000FF000000FF000000FF000000FF000000FF000000FF000000FFA9F922FFA9F922FF000000FF000000FF000000FF000000FF000000FF000000FF000000FF000000FF000000FF000000FF000000FF000000FF000000FF000000FF000000FF000000FF000000FF000000FF000000FF000000FF000000FF000000FFA9F922FFA9F922FF000000FF000000FF000000FF000000FF000000FF000000FF000000FF000000FF000000FF000000FF000000FF000000FF000000FF000000FF000000FF000000FFA9F922FFA9F922FF000000FF000000FF000000FF000000FF000000FF000000FF000000FF000000FFA9F922FFA9F922FF000000FF000000FF000000FF000000FF000000FF000000FFA9F922FFA9F922FF000000FF000000FF000000FF000000FFA9F922FFA9F922FF000000FF000000FF000000FF000000FF000000FF000000FF000000FF000000FF000000FF000000FF000000FF000000FFA9F922FFA9F922FF000000FF000000FF000000FF000000FF000000FF000000FFA9F922FFA9F922FF000000FF000000FF000000FF000000FF000000FF000000FF000000FF000000FF000000FF000000FF000000FF000000FF000000FF000000FF000000FF000000FF000000FF000000FF000000FF000000FF000000FF000000FF000000FF000000FF000000FF000000FF000000FF000000FF000000FF000000FF000000FF000000FF000000FF000000FF000000FF000000FF000000FF000000FF000000FF000000FF000000FF000000FF000000FF000000FF000000FF000000FF000000FF000000FF000000FF000000FF000000FF000000FF000000FF000000FF000000FF000000FF000000FF000000FF000000FF000000FF000000FF000000FF000000FF000000FF000000FF000000FF000000FF000000FF000000FF000000FF000000FF000000FF000000FF000000FF000000FF000000FF000000FF000000FF000000FF000000FF000000FF000000FF000000FF000000FF000000FF000000FF000000FF000000FF000000FF000000FF000000FF000000FF000000FF000000FF000000FF000000FF000000FF000000FF000000FF000000FF000000FF000000FF000000FF000000FF000000FF000000FF000000FF000000FF000000FF000000FF000000FF000000FF000000FF000000FF000000FF000000FF000000FF000000FF000000FF000000FF000000FF000000FF000000FF000000FF000000FF000000FF000000FF000000FF000000FF000000FF000000FF000000FF000000FF000000FF000000FF000000FF000000FF000000FF000000FF000000FF000000FF000000FF000000FF000000FF000000FF000000FF000000FF000000FF000000FF000000FF000000FF000000FF000000FF000000FF000000FF000000FF000000FF000000FF000000FF000000FF000000FF000000FF000000FF000000FF000000FF000000FF000000FF000000FF000000FF000000FF000000FF000000FF000000FF000000FF000000FF000000FF000000FF000000FF000000FF000000FF000000FF000000FF000000FF000000FF000000FF000000FF000000FF000000FF000000FF000000FF000000FF000000FF000000FF000000FF000000FF000000FF000000FF000000FF000000FF000000FF000000FF000000FF000000FF000000FF000000FF000000FF000000FF000000FF000000FF000000FF000000FF000000FF000000FF000000FF000000FF000000FF000000FF000000FF000000FF000000FF000000FF000000FF000000FF000000FF000000FF000000FF000000FF000000FF000000FF000000FF000000FF000000FF000000FF000000FF000000FF000000FF000000FF000000FF000000FF000000FF000000FF000000FF000000FF000000FF000000FF000000FF000000FF000000FF000000FF000000FF000000FF000000FF000000FF000000FF000000FF000000FF000000FF000000FF000000FF000000FF000000FF000000FF000000FF000000FF000000FF000000FF000000FF000000FF000000FF000000FFA9F922FFA9F922FF000000FF000000FF000000FF000000FF000000FF000000FFA9F922FFA9F922FF000000FF000000FF000000FF000000FF000000FF000000FF000000FF000000FF000000FF000000FF000000FF000000FF000000FF000000FF000000FF000000FF000000FF000000FFA9F922FFA9F922FFA9F922FFA9F922FF000000FF000000FF000000FF000000FF000000FF000000FF000000FF000000FF000000FF000000FFA9F922FFA9F922FF000000FF000000FF000000FF000000FF000000FF000000FFA9F922FFA9F922FF000000FF000000FF000000FF000000FF000000FF000000FF000000FF000000FF000000FF000000FFA9F922FFA9F922FFA9F922FFA9F922FF000000FF000000FF000000FF000000FF000000FF000000FF000000FF000000FF000000FF000000FF000000FF000000FF000000FF000000FF000000FF000000FF000000FF000000FF000000FF000000FF000000FF000000FF000000FF000000FF000000FF000000FF000000FF000000FF000000FF000000FF000000FF000000FF000000FF000000FF000000FF000000FF000000FF000000FF000000FF000000FF000000FF000000FF000000FF000000FF000000FF000000FF000000FF000000FF000000FF000000FF000000FF000000FF000000FF000000FF000000FF000000FF000000FF000000FF000000FF000000FF000000FF000000FF000000FF000000FF000000FF000000FF000000FF000000FF000000FF000000FF000000FF000000FF000000FF000000FFA9F922FFA9F922FF000000FF000000FF000000FF000000FF000000FF000000FFA9F922FFA9F922FF000000FF000000FF000000FF000000FFA9F922FFA9F922FF000000FF000000FF000000FF000000FF000000FF000000FFA9F922FFA9F922FF000000FF000000FF000000FF000000FF000000FF000000FF000000FF000000FFA9F922FFA9F922FF000000FF000000FF000000FF000000FF000000FF000000FF000000FF000000FFA9F922FFA9F922FF000000FF000000FF000000FF000000FF000000FF000000FFA9F922FFA9F922FF000000FF000000FF000000FF000000FF000000FF000000FF000000FF000000FFA9F922FFA9F922FF000000FF000000FF000000FF000000FF000000FF000000FF000000FF000000FF000000FF000000FF000000FF000000FF000000FF000000FF000000FF000000FF000000FF000000FF000000FF000000FF000000FF000000FFA9F922FFA9F922FF000000FF000000FF000000FF000000FF000000FF000000FF000000FF000000FF000000FF000000FF000000FF000000FF000000FF000000FF000000FF000000FFA9F922FFA9F922FF000000FF000000FF000000FF000000FF000000FF000000FF000000FF000000FFA9F922FFA9F922FF000000FF000000FF000000FF000000FF000000FF000000FFA9F922FFA9F922FF000000FF000000FF000000FF000000FFA9F922FFA9F922FF000000FF000000FF000000FF000000FF000000FF000000FF000000FF000000FF000000FF000000FF000000FF000000FFA9F922FFA9F922FF000000FF000000FF000000FF000000FF000000FF000000FFA9F922FFA9F922FF000000FF000000FF000000FF000000FF000000FF000000FF000000FF000000FF000000FF000000FF000000FF000000FF000000FF000000FF000000FF000000FF000000FF000000FF000000FF000000FF000000FF000000FF000000FF000000FF000000FF000000FF000000FF000000FF000000FF000000FF000000FF000000FF000000FF000000FF000000FF000000FF000000FF000000FF000000FF000000FF000000FF000000FF000000FF000000FF000000FF000000FF000000FF000000FF000000FF000000FF000000FF000000FF000000FF000000FF000000FF000000FF000000FF000000FF000000FF000000FF000000FF000000FF000000FF000000FF000000FF000000FF000000FF000000FF000000FF000000FF000000FF000000FF000000FF000000FF000000FF000000FF000000FF000000FF000000FF000000FF000000FF000000FF000000FF000000FF000000FF000000FF000000FF000000FF000000FF000000FF000000FF000000FF000000FF000000FF000000FF000000FF000000FF000000FF000000FF000000FF000000FF000000FF000000FF000000FF000000FF000000FF000000FF000000FF000000FF000000FF000000FF000000FF000000FF000000FF000000FF000000FF000000FF000000FF000000FF000000FF000000FF000000FF000000FF000000FF000000FF000000FF000000FF000000FF000000FF000000FF000000FF000000FF000000FF000000FF000000FF000000FF000000FF000000FF000000FF000000FF000000FF000000FF000000FF000000FF000000FF000000FF000000FF000000FF000000FF000000FF000000FF000000FF000000FF000000FF000000FF000000FF000000FF000000FF000000FF000000FF000000FF000000FF000000FF000000FF000000FF000000FF000000FF000000FF000000FF000000FF000000FF000000FF000000FF000000FF000000FF000000FF000000FF000000FF000000FF000000FF000000FF000000FF000000FF000000FF000000FF000000FF000000FF000000FF000000FF000000FF000000FF000000FF000000FF000000FF000000FF000000FF000000FF000000FF000000FF000000FF000000FF000000FF000000FF000000FF000000FF000000FF000000FF000000FF000000FF000000FF000000FF000000FF000000FF000000FF000000FF000000FF000000FF000000FF000000FF000000FF000000FF000000FF000000FF000000FF000000FF000000FF000000FF000000FF000000FF000000FF000000FF000000FF000000FF000000FF000000FF000000FF000000FF000000FF000000FF000000FF000000FF000000FF000000FF000000FF000000FF000000FF000000FF000000FF000000FF000000FF000000FF000000FF000000FF000000FF000000FF000000FF000000FF000000FF000000FF000000FF000000FF000000FF000000FF000000FF000000FF000000FF000000FF000000FF000000FF000000FFA9F922FFA9F922FF000000FF000000FF000000FF000000FF000000FF000000FFA9F922FFA9F922FF000000FF000000FF000000FF000000FF000000FF000000FF000000FF000000FF000000FF000000FF000000FF000000FF000000FF000000FF000000FF000000FF000000FF000000FFA9F922FFA9F922FFA9F922FFA9F922FF000000FF000000FF000000FF000000FF000000FF000000FF000000FF000000FF000000FF000000FFA9F922FFA9F922FFA9F922FFA9F922FF000000FF000000FF000000FF000000FFA9F922FFA9F922FF000000FF000000FF000000FF000000FF000000FF000000FF000000FF000000FF000000FF000000FFA9F922FFA9F922FFA9F922FFA9F922FF000000FF000000FF000000FF000000FF000000FF000000FF000000FF000000FF000000FF000000FF000000FF000000FF000000FF000000FF000000FF000000FF000000FF000000FF000000FF000000FF000000FF000000FF000000FF000000FF000000FF000000FF000000FF000000FF000000FF000000FF000000FF000000FF000000FF000000FF000000FF000000FF000000FF000000FF000000FF000000FF000000FF000000FF000000FF000000FF000000FF000000FF000000FF000000FF000000FF000000FFA9F922FFA9F922FF000000FF000000FF000000FF000000FF000000FF000000FF000000FF000000FF000000FF000000FF000000FF000000FF000000FF000000FF000000FF000000FF000000FF000000FF000000FF000000FF000000FF000000FFA9F922FFA9F922FF000000FF000000FF000000FF000000FF000000FF000000FFA9F922FFA9F922FF000000FF000000FF000000FF000000FFA9F922FFA9F922FF000000FF000000FF000000FF000000FF000000FF000000FFA9F922FFA9F922FF000000FF000000FF000000FF000000FF000000FF000000FF000000FF000000FFA9F922FFA9F922FF000000FF000000FF000000FF000000FF000000FF000000FF000000FF000000FFA9F922FFA9F922FFA9F922FFA9F922FF000000FF000000FF000000FF000000FFA9F922FFA9F922FF000000FF000000FF000000FF000000FF000000FF000000FF000000FF000000FFA9F922FFA9F922FF000000FF000000FF000000FF000000FF000000FF000000FF000000FF000000FF000000FF000000FF000000FF000000FF000000FF000000FF000000FF000000FF000000FF000000FF000000FF000000FF000000FF000000FFA9F922FFA9F922FF000000FF000000FF000000FF000000FF000000FF000000FF000000FF000000FF000000FF000000FF000000FF000000FF000000FF000000FF000000FF000000FFA9F922FFA9F922FF000000FF000000FF000000FF000000FF000000FF000000FF000000FF000000FFA9F922FFA9F922FFA9F922FFA9F922FF000000FF000000FF000000FF000000FFA9F922FFA9F922FF000000FF000000FF000000FF000000FFA9F922FFA9F922FF000000FF000000FF000000FF000000FF000000FF000000FF000000FF000000FF000000FF000000FF000000FF000000FFA9F922FFA9F922FF000000FF000000FF000000FF000000FF000000FF000000FF000000FF000000FF000000FF000000FF000000FF000000FF000000FF000000FF000000FF000000FF000000FF000000FF000000FF000000FF000000FF000000FF000000FF000000FF000000FF000000FF000000FF000000FF000000FF000000FF000000FF000000FF000000FF000000FF000000FF000000FF000000FF000000FF000000FF000000FF000000FF000000FF000000FF000000FF000000FF000000FF000000FF000000FF000000FF000000FF000000FF000000FF000000FF000000FF000000FF000000FF000000FF000000FF000000FF000000FF000000FF000000FF000000FF000000FF000000FF000000FF000000FF000000FF000000FF000000FF000000FF000000FF000000FF000000FF000000FF000000FF000000FF000000FF000000FF000000FF000000FF000000FF000000FF000000FF000000FF000000FF000000FF000000FF000000FF000000FF000000FF000000FF000000FF000000FF000000FF000000FF000000FF000000FF000000FF000000FF000000FF000000FF000000FF000000FF000000FF000000FF000000FF000000FF000000FF000000FF000000FF000000FF000000FF000000FF000000FF000000FF000000FF000000FF000000FF000000FF000000FF000000FF000000FF000000FF000000FF000000FF000000FF000000FF000000FF000000FF000000FF000000FF000000FF000000FF000000FF000000FF000000FF000000FF000000FF000000FF000000FF000000FF000000FF000000FF000000FF000000FF000000FF000000FF000000FF000000FF000000FF000000FF000000FF000000FF000000FF000000FF000000FF000000FF000000FF000000FF000000FF000000FF000000FF000000FF000000FF000000FF000000FF000000FF000000FF000000FF000000FF000000FF000000FF000000FF000000FF000000FF000000FF000000FF000000FF000000FF000000FF000000FF000000FF000000FF000000FF000000FF000000FF000000FF000000FF000000FF000000FF000000FF000000FF000000FF000000FF000000FF000000FF000000FF000000FF000000FF000000FF000000FF000000FF000000FF000000FF000000FF000000FF000000FF000000FF000000FF000000FF000000FF000000FF000000FF000000FF000000FF000000FF000000FF000000FF000000FF000000FF000000FF000000FF000000FF000000FF000000FF000000FF000000FF000000FF000000FF000000FF000000FF000000FF000000FF000000FF000000FF000000FF000000FF000000FF000000FF000000FF000000FF000000FF000000FF000000FF000000FF000000FF000000FF000000FF000000FF000000FF000000FF000000FF000000FF000000FF000000FF000000FF000000FF000000FF000000FF000000FF000000FF000000FF000000FF000000FF000000FF000000FF000000FF000000FF000000FF000000FF000000FF000000FF000000FF000000FF000000FF000000FF000000FFA9F922FFA9F922FF000000FF000000FF000000FF000000FF000000FF000000FFA9F922FFA9F922FF000000FF000000FF000000FF000000FF000000FF000000FF000000FF000000FF000000FF000000FF000000FF000000FF000000FF000000FF000000FF000000FF000000FF000000FFA9F922FFA9F922FFA9F922FFA9F922FF000000FF000000FF000000FF000000FF000000FF000000FF000000FF000000FF000000FF000000FFA9F922FFA9F922FFA9F922FFA9F922FF000000FF000000FF000000FF000000FFA9F922FFA9F922FF000000FF000000FF000000FF000000FF000000FF000000FF000000FF000000FF000000FF000000FFA9F922FFA9F922FFA9F922FFA9F922FF000000FF000000FF000000FF000000FF000000FF000000FF000000FF000000FF000000FF000000FF000000FF000000FF000000FF000000FF000000FF000000FF000000FF000000FF000000FF000000FF000000FF000000FF000000FF000000FF000000FF000000FF000000FF000000FF000000FF000000FF000000FF000000FF000000FF000000FF000000FF000000FF000000FF000000FF000000FF000000FF000000FF000000FF000000FF000000FF000000FF000000FF000000FF000000FF000000FF000000FFA9F922FFA9F922FF000000FF000000FF000000FF000000FF000000FF000000FF000000FF000000FF000000FF000000FF000000FF000000FF000000FF000000FF000000FF000000FF000000FF000000FF000000FF000000FF000000FF000000FFA9F922FFA9F922FF000000FF000000FF000000FF000000FF000000FF000000FFA9F922FFA9F922FF000000FF000000FF000000FF000000FFA9F922FFA9F922FF000000FF000000FF000000FF000000FF000000FF000000FFA9F922FFA9F922FF000000FF000000FF000000FF000000FF000000FF000000FF000000FF000000FFA9F922FFA9F922FF000000FF000000FF000000FF000000FF000000FF000000FF000000FF000000FFA9F922FFA9F922FFA9F922FFA9F922FF000000FF000000FF000000FF000000FFA9F922FFA9F922FF000000FF000000FF000000FF000000FF000000FF000000FF000000FF000000FFA9F922FFA9F922FF000000FF000000FF000000FF000000FF000000FF000000FF000000FF000000FF000000FF000000FF000000FF000000FF000000FF000000FF000000FF000000FF000000FF000000FF000000FF000000FF000000FF000000FFA9F922FFA9F922FF000000FF000000FF000000FF000000FF000000FF000000FF000000FF000000FF000000FF000000FF000000FF000000FF000000FF000000FF000000FF000000FFA9F922FFA9F922FF000000FF000000FF000000FF000000FF000000FF000000FF000000FF000000FFA9F922FFA9F922FFA9F922FFA9F922FF000000FF000000FF000000FF000000FFA9F922FFA9F922FF000000FF000000FF000000FF000000FFA9F922FFA9F922FF000000FF000000FF000000FF000000FF000000FF000000FF000000FF000000FF000000FF000000FF000000FF000000FFA9F922FFA9F922FF000000FF000000FF000000FF000000FF000000FF000000FF000000FF000000FF000000FF000000FF000000FF000000FF000000FF000000FF000000FF000000FF000000FF000000FF000000FF000000FF000000FF000000FF000000FF000000FF000000FF000000FF000000FF000000FF000000FF000000FF000000FF000000FF000000FF000000FF000000FF000000FF000000FF000000FF000000FF000000FF000000FF000000FF000000FF000000FF000000FF000000FF000000FF000000FF000000FF000000FF000000FF000000FF000000FF000000FF000000FF000000FF000000FF000000FF000000FF000000FF000000FF000000FF000000FF000000FF000000FF000000FF000000FF000000FF000000FF000000FF000000FF000000FF000000FF000000FF000000FF000000FF000000FF000000FF000000FF000000FF000000FF000000FF000000FF000000FF000000FF000000FF000000FF000000FF000000FF000000FF000000FF000000FF000000FF000000FF000000FF000000FF000000FF000000FF000000FF000000FF000000FF000000FF000000FF000000FF000000FF000000FF000000FF000000FF000000FF000000FF000000FF000000FF000000FF000000FF000000FF000000FF000000FF000000FF000000FF000000FF000000FF000000FF000000FF000000FF000000FF000000FF000000FF000000FF000000FF000000FF000000FF000000FF000000FF000000FF000000FF000000FF000000FF000000FF000000FF000000FF000000FF000000FF000000FF000000FF000000FF000000FF000000FF000000FF000000FF000000FF000000FF000000FF000000FF000000FF000000FF000000FF000000FF000000FF000000FF000000FF000000FF000000FF000000FF000000FF000000FF000000FF000000FF000000FF000000FF000000FF000000FF000000FF000000FF000000FF000000FF000000FF000000FF000000FF000000FF000000FF000000FF000000FF000000FF000000FF000000FF000000FF000000FF000000FF000000FF000000FF000000FF000000FF000000FF000000FF000000FF000000FF000000FF000000FF000000FF000000FF000000FF000000FF000000FF000000FF000000FF000000FF000000FF000000FF000000FF000000FF000000FF000000FF000000FF000000FF000000FF000000FF000000FF000000FF000000FF000000FF000000FF000000FF000000FF000000FF000000FF000000FF000000FF000000FF000000FF000000FF000000FF000000FF000000FF000000FF000000FF000000FF000000FF000000FF000000FF000000FF000000FF000000FF000000FF000000FF000000FF000000FF000000FF000000FF000000FF000000FF000000FF000000FF000000FF000000FF000000FF000000FF000000FF000000FF000000FF000000FF000000FF000000FF000000FF000000FF000000FF000000FF000000FF000000FF000000FF000000FF000000FF000000FF000000FF000000FF000000FF000000FF000000FF000000FFA9F922FFA9F922FFA9F922FFA9F922FFA9F922FFA9F922FFA9F922FFA9F922FF000000FF000000FF000000FF000000FF000000FF000000FF000000FF000000FF000000FF000000FF000000FF000000FF000000FF000000FF000000FF000000FF000000FF000000FF000000FF000000FFA9F922FFA9F922FFA9F922FFA9F922FF000000FF000000FF000000FF000000FF000000FF000000FF000000FF000000FF000000FF000000FFA9F922FFA9F922FF000000FF000000FFA9F922FFA9F922FF000000FF000000FFA9F922FFA9F922FF000000FF000000FF000000FF000000FF000000FF000000FF000000FF000000FF000000FF000000FFA9F922FFA9F922FFA9F922FFA9F922FF000000FF000000FF000000FF000000FF000000FF000000FF000000FF000000FF000000FF000000FF000000FF000000FF000000FF000000FF000000FF000000FF000000FF000000FF000000FF000000FF000000FF000000FF000000FF000000FF000000FF000000FF000000FF000000FF000000FF000000FF000000FF000000FF000000FF000000FF000000FF000000FF000000FF000000FF000000FF000000FF000000FF000000FF000000FF000000FF000000FF000000FF000000FF000000FF000000FF000000FF000000FF000000FF000000FF000000FF000000FF000000FF000000FF000000FF000000FF000000FF000000FF000000FF000000FF000000FF000000FF000000FF000000FF000000FF000000FF000000FF000000FF000000FF000000FF000000FFA9F922FFA9F922FFA9F922FFA9F922FFA9F922FFA9F922FFA9F922FFA9F922FF000000FF000000FF000000FF000000FF000000FF000000FFA9F922FFA9F922FFA9F922FFA9F922FFA9F922FFA9F922FFA9F922FFA9F922FF000000FF000000FF000000FF000000FF000000FF000000FF000000FF000000FF000000FF000000FFA9F922FFA9F922FF000000FF000000FF000000FF000000FF000000FF000000FF000000FF000000FFA9F922FFA9F922FF000000FF000000FFA9F922FFA9F922FF000000FF000000FFA9F922FFA9F922FF000000FF000000FF000000FF000000FF000000FF000000FF000000FF000000FFA9F922FFA9F922FF000000FF000000FF000000FF000000FF000000FF000000FF000000FF000000FF000000FF000000FF000000FF000000FF000000FF000000FF000000FF000000FF000000FF000000FF000000FF000000FF000000FF000000FFA9F922FFA9F922FF000000FF000000FF000000FF000000FF000000FF000000FF000000FF000000FF000000FF000000FF000000FF000000FF000000FF000000FF000000FF000000FFA9F922FFA9F922FF000000FF000000FF000000FF000000FF000000FF000000FF000000FF000000FFA9F922FFA9F922FF000000FF000000FFA9F922FFA9F922FF000000FF000000FFA9F922FFA9F922FF000000FF000000FF000000FF000000FFA9F922FFA9F922FFA9F922FFA9F922FFA9F922FFA9F922FFA9F922FFA9F922FF000000FF000000FF000000FF000000FF000000FF000000FF000000FF000000FFA9F922FFA9F922FFA9F922FFA9F922FFA9F922FFA9F922FF000000FF000000FF000000FF000000FF000000FF000000FF000000FF000000FF000000FF000000FF000000FF000000FF000000FF000000FF000000FF000000FF000000FF000000FF000000FF000000FF000000FF000000FF000000FF000000FF000000FF000000FF000000FF000000FF000000FF000000FF000000FF000000FF000000FF000000FF000000FF000000FF000000FF000000FF000000FF000000FF000000FF000000FF000000FF000000FF000000FF000000FF000000FF000000FF000000FF000000FF000000FF000000FF000000FF000000FF000000FF000000FF000000FF000000FF000000FF000000FF000000FF000000FF000000FF000000FF000000FF000000FF000000FF000000FF000000FF000000FF000000FF000000FF000000FF000000FF000000FF000000FF000000FF000000FF000000FF000000FF000000FF000000FF000000FF000000FF000000FF000000FF000000FF000000FF000000FF000000FF000000FF000000FF000000FF000000FF000000FF000000FF000000FF000000FF000000FF000000FF000000FF000000FF000000FF000000FF000000FF000000FF000000FF000000FF000000FF000000FF000000FF000000FF000000FF000000FF000000FF000000FF000000FF000000FF000000FF000000FF000000FF000000FF000000FF000000FF000000FF000000FF000000FF000000FF000000FF000000FF000000FF000000FF000000FF000000FF000000FF000000FF000000FF000000FF000000FF000000FF000000FF000000FF000000FF000000FF000000FF000000FF000000FF000000FF000000FF000000FF000000FF000000FF000000FF000000FF000000FF000000FF000000FF000000FF000000FF000000FF000000FF000000FF000000FF000000FF000000FF000000FF000000FF000000FF000000FF000000FF000000FF000000FF000000FF000000FF000000FF000000FF000000FF000000FF000000FF000000FF000000FF000000FF000000FF000000FF000000FF000000FF000000FF000000FF000000FF000000FF000000FF000000FF000000FF000000FF000000FF000000FF000000FF000000FF000000FF000000FF000000FF000000FF000000FF000000FF000000FF000000FF000000FF000000FF000000FF000000FF000000FF000000FF000000FF000000FF000000FF000000FF000000FF000000FF000000FF000000FF000000FF000000FF000000FF000000FF000000FF000000FF000000FF000000FF000000FF000000FF000000FF000000FF000000FF000000FF000000FF000000FF000000FF000000FF000000FF000000FF000000FF000000FF000000FF000000FF000000FF000000FF000000FF000000FF000000FF000000FF000000FF000000FF000000FF000000FF000000FF000000FF000000FF000000FF000000FF000000FF000000FF000000FF000000FF000000FF000000FF000000FF000000FF000000FF000000FF000000FF000000FF000000FFA9F922FFA9F922FFA9F922FFA9F922FFA9F922FFA9F922FFA9F922FFA9F922FF000000FF000000FF000000FF000000FF000000FF000000FF000000FF000000FF000000FF000000FF000000FF000000FF000000FF000000FF000000FF000000FF000000FF000000FF000000FF000000FFA9F922FFA9F922FFA9F922FFA9F922FF000000FF000000FF000000FF000000FF000000FF000000FF000000FF000000FF000000FF000000FFA9F922FFA9F922FF000000FF000000FFA9F922FFA9F922FF000000FF000000FFA9F922FFA9F922FF000000FF000000FF000000FF000000FF000000FF000000FF000000FF000000FF000000FF000000FFA9F922FFA9F922FFA9F922FFA9F922FF000000FF000000FF000000FF000000FF000000FF000000FF000000FF000000FF000000FF000000FF000000FF000000FF000000FF000000FF000000FF000000FF000000FF000000FF000000FF000000FF000000FF000000FF000000FF000000FF000000FF000000FF000000FF000000FF000000FF000000FF000000FF000000FF000000FF000000FF000000FF000000FF000000FF000000FF000000FF000000FF000000FF000000FF000000FF000000FF000000FF000000FF000000FF000000FF000000FF000000FF000000FF000000FF000000FF000000FF000000FF000000FF000000FF000000FF000000FF000000FF000000FF000000FF000000FF000000FF000000FF000000FF000000FF000000FF000000FF000000FF000000FF000000FF000000FF000000FFA9F922FFA9F922FFA9F922FFA9F922FFA9F922FFA9F922FFA9F922FFA9F922FF000000FF000000FF000000FF000000FF000000FF000000FFA9F922FFA9F922FFA9F922FFA9F922FFA9F922FFA9F922FFA9F922FFA9F922FF000000FF000000FF000000FF000000FF000000FF000000FF000000FF000000FF000000FF000000FFA9F922FFA9F922FF000000FF000000FF000000FF000000FF000000FF000000FF000000FF000000FFA9F922FFA9F922FF000000FF000000FFA9F922FFA9F922FF000000FF000000FFA9F922FFA9F922FF000000FF000000FF000000FF000000FF000000FF000000FF000000FF000000FFA9F922FFA9F922FF000000FF000000FF000000FF000000FF000000FF000000FF000000FF000000FF000000FF000000FF000000FF000000FF000000FF000000FF000000FF000000FF000000FF000000FF000000FF000000FF000000FF000000FFA9F922FFA9F922FF000000FF000000FF000000FF000000FF000000FF000000FF000000FF000000FF000000FF000000FF000000FF000000FF000000FF000000FF000000FF000000FFA9F922FFA9F922FF000000FF000000FF000000FF000000FF000000FF000000FF000000FF000000FFA9F922FFA9F922FF000000FF000000FFA9F922FFA9F922FF000000FF000000FFA9F922FFA9F922FF000000FF000000FF000000FF000000FFA9F922FFA9F922FFA9F922FFA9F922FFA9F922FFA9F922FFA9F922FFA9F922FF000000FF000000FF000000FF000000FF000000FF000000FF000000FF000000FFA9F922FFA9F922FFA9F922FFA9F922FFA9F922FFA9F922FF000000FF000000FF000000FF000000FF000000FF000000FF000000FF000000FF000000FF000000FF000000FF000000FF000000FF000000FF000000FF000000FF000000FF000000FF000000FF000000FF000000FF000000FF000000FF000000FF000000FF000000FF000000FF000000FF000000FF000000FF000000FF000000FF000000FF000000FF000000FF000000FF000000FF000000FF000000FF000000FF000000FF000000FF000000FF000000FF000000FF000000FF000000FF000000FF000000FF000000FF000000FF000000FF000000FF000000FF000000FF000000FF000000FF000000FF000000FF000000FF000000FF000000FF000000FF000000FF000000FF000000FF000000FF000000FF000000FF000000FF000000FF000000FF000000FF000000FF000000FF000000FF000000FF000000FF000000FF000000FF000000FF000000FF000000FF000000FF000000FF000000FF000000FF000000FF000000FF000000FF000000FF000000FF000000FF000000FF000000FF000000FF000000FF000000FF000000FF000000FF000000FF000000FF000000FF000000FF000000FF000000FF000000FF000000FF000000FF000000FF000000FF000000FF000000FF000000FF000000FF000000FF000000FF000000FF000000FF000000FF000000FF000000FF000000FF000000FF000000FF000000FF000000FF000000FF000000FF000000FF000000FF000000FF000000FF000000FF000000FF000000FF000000FF000000FF000000FF000000FF000000FF000000FF000000FF000000FF000000FF000000FF000000FF000000FF000000FF000000FF000000FF000000FF000000FF000000FF000000FF000000FF000000FF000000FF000000FF000000FF000000FF000000FF000000FF000000FF000000FF000000FF000000FF000000FF000000FF000000FF000000FF000000FF000000FF000000FF000000FF000000FF000000FF000000FF000000FF000000FF000000FF000000FF000000FF000000FF000000FF000000FF000000FF000000FF000000FF000000FF000000FF000000FF000000FF000000FF000000FF000000FF000000FF000000FF000000FF000000FF000000FF000000FF000000FF000000FF000000FF000000FF000000FF000000FF000000FF000000FF000000FF000000FF000000FF000000FF000000FF000000FF000000FF000000FF000000FF000000FF000000FF000000FF000000FF000000FF000000FF000000FF000000FF000000FF000000FF000000FF000000FF000000FF000000FF000000FF000000FF000000FF000000FF000000FF000000FF000000FF000000FF000000FF000000FF000000FF000000FF000000FF000000FF000000FF000000FF000000FF000000FF000000FF000000FF000000FF000000FF000000FF000000FF000000FF000000FF000000FF000000FF000000FF000000FF000000FF000000FF000000FF000000FF000000FF000000FF000000FF000000FF000000FFA9F922FFA9F922FF000000FF000000FF000000FF000000FF000000FF000000FF000000FF000000FF000000FF000000FF000000FF000000FF000000FF000000FF000000FF000000FF000000FF000000FF000000FF000000FF000000FF000000FF000000FF000000FF000000FF000000FFA9F922FFA9F922FFA9F922FFA9F922FF000000FF000000FF000000FF000000FF000000FF000000FF000000FF000000FF000000FF000000FFA9F922FFA9F922FF000000FF000000FF000000FF000000FFA9F922FFA9F922FFA9F922FFA9F922FF000000FF000000FF000000FF000000FF000000FF000000FF000000FF000000FF000000FF000000FFA9F922FFA9F922FFA9F922FFA9F922FF000000FF000000FF000000FF000000FF000000FF000000FF000000FF000000FF000000FF000000FF000000FF000000FF000000FF000000FF000000FF000000FF000000FF000000FF000000FF000000FF000000FF000000FF000000FF000000FF000000FF000000FF000000FF000000FF000000FF000000FF000000FF000000FF000000FF000000FF000000FF000000FF000000FF000000FF000000FF000000FF000000FF000000FF000000FF000000FF000000FF000000FF000000FF000000FF000000FF000000FFA9F922FFA9F922FF000000FF000000FF000000FF000000FF000000FF000000FF000000FF000000FF000000FF000000FF000000FF000000FF000000FF000000FF000000FF000000FF000000FF000000FF000000FF000000FF000000FF000000FFA9F922FFA9F922FF000000FF000000FF000000FF000000FF000000FF000000FF000000FF000000FF000000FF000000FF000000FF000000FFA9F922FFA9F922FF000000FF000000FFA9F922FFA9F922FF000000FF000000FF000000FF000000FF000000FF000000FF000000FF000000FF000000FF000000FF000000FF000000FFA9F922FFA9F922FF000000FF000000FF000000FF000000FF000000FF000000FF000000FF000000FFA9F922FFA9F922FF000000FF000000FF000000FF000000FFA9F922FFA9F922FFA9F922FFA9F922FF000000FF000000FF000000FF000000FF000000FF000000FF000000FF000000FFA9F922FFA9F922FF000000FF000000FF000000FF000000FF000000FF000000FF000000FF000000FF000000FF000000FF000000FF000000FF000000FF000000FF000000FF000000FF000000FF000000FF000000FF000000FF000000FF000000FFA9F922FFA9F922FF000000FF000000FF000000FF000000FF000000FF000000FF000000FF000000FF000000FF000000FF000000FF000000FF000000FF000000FF000000FF000000FFA9F922FFA9F922FF000000FF000000FF000000FF000000FF000000FF000000FF000000FF000000FFA9F922FFA9F922FF000000FF000000FF000000FF000000FFA9F922FFA9F922FFA9F922FFA9F922FF000000FF000000FF000000FF000000FFA9F922FFA9F922FF000000FF000000FF000000FF000000FF000000FF000000FF000000FF000000FF000000FF000000FF000000FF000000FF000000FF000000FF000000FF000000FF000000FF000000FF000000FF000000FFA9F922FFA9F922FF000000FF000000FF000000FF000000FF000000FF000000FF000000FF000000FF000000FF000000FF000000FF000000FF000000FF000000FF000000FF000000FF000000FF000000FF000000FF000000FF000000FF000000FF000000FF000000FF000000FF000000FF000000FF000000FF000000FF000000FF000000FF000000FF000000FF000000FF000000FF000000FF000000FF000000FF000000FF000000FF000000FF000000FF000000FF000000FF000000FF000000FF000000FF000000FF000000FF000000FF000000FF000000FF000000FF000000FF000000FF000000FF000000FF000000FF000000FF000000FF000000FF000000FF000000FF000000FF000000FF000000FF000000FF000000FF000000FF000000FF000000FF000000FF000000FF000000FF000000FF000000FF000000FF000000FF000000FF000000FF000000FF000000FF000000FF000000FF000000FF000000FF000000FF000000FF000000FF000000FF000000FF000000FF000000FF000000FF000000FF000000FF000000FF000000FF000000FF000000FF000000FF000000FF000000FF000000FF000000FF000000FF000000FF000000FF000000FF000000FF000000FF000000FF000000FF000000FF000000FF000000FF000000FF000000FF000000FF000000FF000000FF000000FF000000FF000000FF000000FF000000FF000000FF000000FF000000FF000000FF000000FF000000FF000000FF000000FF000000FF000000FF000000FF000000FF000000FF000000FF000000FF000000FF000000FF000000FF000000FF000000FF000000FF000000FF000000FF000000FF000000FF000000FF000000FF000000FF000000FF000000FF000000FF000000FF000000FF000000FF000000FF000000FF000000FF000000FF000000FF000000FF000000FF000000FF000000FF000000FF000000FF000000FF000000FF000000FF000000FF000000FF000000FF000000FF000000FF000000FF000000FF000000FF000000FF000000FF000000FF000000FF000000FF000000FF000000FF000000FF000000FF000000FF000000FF000000FF000000FF000000FF000000FF000000FF000000FF000000FF000000FF000000FF000000FF000000FF000000FF000000FF000000FF000000FF000000FF000000FF000000FF000000FF000000FF000000FF000000FF000000FF000000FF000000FF000000FF000000FF000000FF000000FF000000FF000000FF000000FF000000FF000000FF000000FF000000FF000000FF000000FF000000FF000000FF000000FF000000FF000000FF000000FF000000FF000000FF000000FF000000FF000000FF000000FF000000FF000000FF000000FF000000FF000000FF000000FF000000FF000000FF000000FF000000FF000000FF000000FF000000FF000000FF000000FF000000FF000000FF000000FF000000FF000000FF000000FF000000FF000000FF000000FF000000FF000000FF000000FFA9F922FFA9F922FF000000FF000000FF000000FF000000FF000000FF000000FF000000FF000000FF000000FF000000FF000000FF000000FF000000FF000000FF000000FF000000FF000000FF000000FF000000FF000000FF000000FF000000FF000000FF000000FF000000FF000000FFA9F922FFA9F922FFA9F922FFA9F922FF000000FF000000FF000000FF000000FF000000FF000000FF000000FF000000FF000000FF000000FFA9F922FFA9F922FF000000FF000000FF000000FF000000FFA9F922FFA9F922FFA9F922FFA9F922FF000000FF000000FF000000FF000000FF000000FF000000FF000000FF000000FF000000FF000000FFA9F922FFA9F922FFA9F922FFA9F922FF000000FF000000FF000000FF000000FF000000FF000000FF000000FF000000FF000000FF000000FF000000FF000000FF000000FF000000FF000000FF000000FF000000FF000000FF000000FF000000FF000000FF000000FF000000FF000000FF000000FF000000FF000000FF000000FF000000FF000000FF000000FF000000FF000000FF000000FF000000FF000000FF000000FF000000FF000000FF000000FF000000FF000000FF000000FF000000FF000000FF000000FF000000FF000000FF000000FF000000FFA9F922FFA9F922FF000000FF000000FF000000FF000000FF000000FF000000FF000000FF000000FF000000FF000000FF000000FF000000FF000000FF000000FF000000FF000000FF000000FF000000FF000000FF000000FF000000FF000000FFA9F922FFA9F922FF000000FF000000FF000000FF000000FF000000FF000000FF000000FF000000FF000000FF000000FF000000FF000000FFA9F922FFA9F922FF000000FF000000FFA9F922FFA9F922FF000000FF000000FF000000FF000000FF000000FF000000FF000000FF000000FF000000FF000000FF000000FF000000FFA9F922FFA9F922FF000000FF000000FF000000FF000000FF000000FF000000FF000000FF000000FFA9F922FFA9F922FF000000FF000000FF000000FF000000FFA9F922FFA9F922FFA9F922FFA9F922FF000000FF000000FF000000FF000000FF000000FF000000FF000000FF000000FFA9F922FFA9F922FF000000FF000000FF000000FF000000FF000000FF000000FF000000FF000000FF000000FF000000FF000000FF000000FF000000FF000000FF000000FF000000FF000000FF000000FF000000FF000000FF000000FF000000FFA9F922FFA9F922FF000000FF000000FF000000FF000000FF000000FF000000FF000000FF000000FF000000FF000000FF000000FF000000FF000000FF000000FF000000FF000000FFA9F922FFA9F922FF000000FF000000FF000000FF000000FF000000FF000000FF000000FF000000FFA9F922FFA9F922FF000000FF000000FF000000FF000000FFA9F922FFA9F922FFA9F922FFA9F922FF000000FF000000FF000000FF000000FFA9F922FFA9F922FF000000FF000000FF000000FF000000FF000000FF000000FF000000FF000000FF000000FF000000FF000000FF000000FF000000FF000000FF000000FF000000FF000000FF000000FF000000FF000000FFA9F922FFA9F922FF000000FF000000FF000000FF000000FF000000FF000000FF000000FF000000FF000000FF000000FF000000FF000000FF000000FF000000FF000000FF000000FF000000FF000000FF000000FF000000FF000000FF000000FF000000FF000000FF000000FF000000FF000000FF000000FF000000FF000000FF000000FF000000FF000000FF000000FF000000FF000000FF000000FF000000FF000000FF000000FF000000FF000000FF000000FF000000FF000000FF000000FF000000FF000000FF000000FF000000FF000000FF000000FF000000FF000000FF000000FF000000FF000000FF000000FF000000FF000000FF000000FF000000FF000000FF000000FF000000FF000000FF000000FF000000FF000000FF000000FF000000FF000000FF000000FF000000FF000000FF000000FF000000FF000000FF000000FF000000FF000000FF000000FF000000FF000000FF000000FF000000FF000000FF000000FF000000FF000000FF000000FF000000FF000000FF000000FF000000FF000000FF000000FF000000FF000000FF000000FF000000FF000000FF000000FF000000FF000000FF000000FF000000FF000000FF000000FF000000FF000000FF000000FF000000FF000000FF000000FF000000FF000000FF000000FF000000FF000000FF000000FF000000FF000000FF000000FF000000FF000000FF000000FF000000FF000000FF000000FF000000FF000000FF000000FF000000FF000000FF000000FF000000FF000000FF000000FF000000FF000000FF000000FF000000FF000000FF000000FF000000FF000000FF000000FF000000FF000000FF000000FF000000FF000000FF000000FF000000FF000000FF000000FF000000FF000000FF000000FF000000FF000000FF000000FF000000FF000000FF000000FF000000FF000000FF000000FF000000FF000000FF000000FF000000FF000000FF000000FF000000FF000000FF000000FF000000FF000000FF000000FF000000FF000000FF000000FF000000FF000000FF000000FF000000FF000000FF000000FF000000FF000000FF000000FF000000FF000000FF000000FF000000FF000000FF000000FF000000FF000000FF000000FF000000FF000000FF000000FF000000FF000000FF000000FF000000FF000000FF000000FF000000FF000000FF000000FF000000FF000000FF000000FF000000FF000000FF000000FF000000FF000000FF000000FF000000FF000000FF000000FF000000FF000000FF000000FF000000FF000000FF000000FF000000FF000000FF000000FF000000FF000000FF000000FF000000FF000000FF000000FF000000FF000000FF000000FF000000FF000000FF000000FF000000FF000000FF000000FF000000FF000000FF000000FF000000FF000000FF000000FF000000FF000000FF000000FF000000FF000000FF000000FF000000FF000000FF000000FF000000FF000000FF000000FF000000FF000000FFA9F922FFA9F922FF000000FF000000FF000000FF000000FF000000FF000000FF000000FF000000FF000000FF000000FF000000FF000000FF000000FF000000FF000000FF000000FF000000FF000000FF000000FF000000FF000000FF000000FF000000FF000000FF000000FF000000FFA9F922FFA9F922FFA9F922FFA9F922FF000000FF000000FF000000FF000000FF000000FF000000FF000000FF000000FF000000FF000000FFA9F922FFA9F922FF000000FF000000FF000000FF000000FF000000FF000000FFA9F922FFA9F922FF000000FF000000FF000000FF000000FF000000FF000000FF000000FF000000FF000000FF000000FFA9F922FFA9F922FFA9F922FFA9F922FF000000FF000000FF000000FF000000FF000000FF000000FF000000FF000000FF000000FF000000FF000000FF000000FF000000FF000000FF000000FF000000FF000000FF000000FF000000FF000000FF000000FF000000FF000000FF000000FF000000FF000000FF000000FF000000FF000000FF000000FF000000FF000000FF000000FF000000FF000000FF000000FF000000FF000000FF000000FF000000FF000000FF000000FF000000FF000000FF000000FF000000FF000000FF000000FF000000FF000000FF000000FF000000FF000000FF000000FF000000FF000000FF000000FF000000FF000000FF000000FF000000FF000000FF000000FF000000FF000000FF000000FF000000FF000000FF000000FF000000FF000000FF000000FF000000FF000000FFA9F922FFA9F922FF000000FF000000FF000000FF000000FF000000FF000000FF000000FF000000FF000000FF000000FF000000FF000000FFA9F922FFA9F922FF000000FF000000FF000000FF000000FFA9F922FFA9F922FF000000FF000000FF000000FF000000FF000000FF000000FF000000FF000000FF000000FF000000FFA9F922FFA9F922FF000000FF000000FF000000FF000000FF000000FF000000FF000000FF000000FFA9F922FFA9F922FF000000FF000000FF000000FF000000FF000000FF000000FFA9F922FFA9F922FF000000FF000000FF000000FF000000FF000000FF000000FF000000FF000000FFA9F922FFA9F922FF000000FF000000FF000000FF000000FF000000FF000000FF000000FF000000FF000000FF000000FF000000FF000000FF000000FF000000FF000000FF000000FF000000FF000000FF000000FF000000FF000000FF000000FFA9F922FFA9F922FF000000FF000000FF000000FF000000FF000000FF000000FF000000FF000000FF000000FF000000FF000000FF000000FF000000FF000000FF000000FF000000FFA9F922FFA9F922FF000000FF000000FF000000FF000000FF000000FF000000FF000000FF000000FFA9F922FFA9F922FF000000FF000000FF000000FF000000FF000000FF000000FFA9F922FFA9F922FF000000FF000000FF000000FF000000FFA9F922FFA9F922FF000000FF000000FF000000FF000000FF000000FF000000FF000000FF000000FF000000FF000000FF000000FF000000FFA9F922FFA9F922FF000000FF000000FF000000FF000000FF000000FF000000FFA9F922FFA9F922FF000000FF000000FF000000FF000000FF000000FF000000FF000000FF000000FF000000FF000000FF000000FF000000FF000000FF000000FF000000FF000000FF000000FF000000FF000000FF000000FF000000FF000000FF000000FF000000FF000000FF000000FF000000FF000000FF000000FF000000FF000000FF000000FF000000FF000000FF000000FF000000FF000000FF000000FF000000FF000000FF000000FF000000FF000000FF000000FF000000FF000000FF000000FF000000FF000000FF000000FF000000FF000000FF000000FF000000FF000000FF000000FF000000FF000000FF000000FF000000FF000000FF000000FF000000FF000000FF000000FF000000FF000000FF000000FF000000FF000000FF000000FF000000FF000000FF000000FF000000FF000000FF000000FF000000FF000000FF000000FF000000FF000000FF000000FF000000FF000000FF000000FF000000FF000000FF000000FF000000FF000000FF000000FF000000FF000000FF000000FF000000FF000000FF000000FF000000FF000000FF000000FF000000FF000000FF000000FF000000FF000000FF000000FF000000FF000000FF000000FF000000FF000000FF000000FF000000FF000000FF000000FF000000FF000000FF000000FF000000FF000000FF000000FF000000FF000000FF000000FF000000FF000000FF000000FF000000FF000000FF000000FF000000FF000000FF000000FF000000FF000000FF000000FF000000FF000000FF000000FF000000FF000000FF000000FF000000FF000000FF000000FF000000FF000000FF000000FF000000FF000000FF000000FF000000FF000000FF000000FF000000FF000000FF000000FF000000FF000000FF000000FF000000FF000000FF000000FF000000FF000000FF000000FF000000FF000000FF000000FF000000FF000000FF000000FF000000FF000000FF000000FF000000FF000000FF000000FF000000FF000000FF000000FF000000FF000000FF000000FF000000FF000000FF000000FF000000FF000000FF000000FF000000FF000000FF000000FF000000FF000000FF000000FF000000FF000000FF000000FF000000FF000000FF000000FF000000FF000000FF000000FF000000FF000000FF000000FF000000FF000000FF000000FF000000FF000000FF000000FF000000FF000000FF000000FF000000FF000000FF000000FF000000FF000000FF000000FF000000FF000000FF000000FF000000FF000000FF000000FF000000FF000000FF000000FF000000FF000000FF000000FF000000FF000000FF000000FF000000FF000000FF000000FF000000FF000000FF000000FF000000FF000000FF000000FF000000FF000000FF000000FF000000FF000000FF000000FF000000FF000000FF000000FF000000FF000000FF000000FF000000FF000000FF000000FF000000FF000000FF000000FF000000FF000000FF000000FF000000FFA9F922FFA9F922FF000000FF000000FF000000FF000000FF000000FF000000FF000000FF000000FF000000FF000000FF000000FF000000FF000000FF000000FF000000FF000000FF000000FF000000FF000000FF000000FF000000FF000000FF000000FF000000FF000000FF000000FFA9F922FFA9F922FFA9F922FFA9F922FF000000FF000000FF000000FF000000FF000000FF000000FF000000FF000000FF000000FF000000FFA9F922FFA9F922FF000000FF000000FF000000FF000000FF000000FF000000FFA9F922FFA9F922FF000000FF000000FF000000FF000000FF000000FF000000FF000000FF000000FF000000FF000000FFA9F922FFA9F922FFA9F922FFA9F922FF000000FF000000FF000000FF000000FF000000FF000000FF000000FF000000FF000000FF000000FF000000FF000000FF000000FF000000FF000000FF000000FF000000FF000000FF000000FF000000FF000000FF000000FF000000FF000000FF000000FF000000FF000000FF000000FF000000FF000000FF000000FF000000FF000000FF000000FF000000FF000000FF000000FF000000FF000000FF000000FF000000FF000000FF000000FF000000FF000000FF000000FF000000FF000000FF000000FF000000FF000000FF000000FF000000FF000000FF000000FF000000FF000000FF000000FF000000FF000000FF000000FF000000FF000000FF000000FF000000FF000000FF000000FF000000FF000000FF000000FF000000FF000000FF000000FF000000FFA9F922FFA9F922FF000000FF000000FF000000FF000000FF000000FF000000FF000000FF000000FF000000FF000000FF000000FF000000FFA9F922FFA9F922FF000000FF000000FF000000FF000000FFA9F922FFA9F922FF000000FF000000FF000000FF000000FF000000FF000000FF000000FF000000FF000000FF000000FFA9F922FFA9F922FF000000FF000000FF000000FF000000FF000000FF000000FF000000FF000000FFA9F922FFA9F922FF000000FF000000FF000000FF000000FF000000FF000000FFA9F922FFA9F922FF000000FF000000FF000000FF000000FF000000FF000000FF000000FF000000FFA9F922FFA9F922FF000000FF000000FF000000FF000000FF000000FF000000FF000000FF000000FF000000FF000000FF000000FF000000FF000000FF000000FF000000FF000000FF000000FF000000FF000000FF000000FF000000FF000000FFA9F922FFA9F922FF000000FF000000FF000000FF000000FF000000FF000000FF000000FF000000FF000000FF000000FF000000FF000000FF000000FF000000FF000000FF000000FFA9F922FFA9F922FF000000FF000000FF000000FF000000FF000000FF000000FF000000FF000000FFA9F922FFA9F922FF000000FF000000FF000000FF000000FF000000FF000000FFA9F922FFA9F922FF000000FF000000FF000000FF000000FFA9F922FFA9F922FF000000FF000000FF000000FF000000FF000000FF000000FF000000FF000000FF000000FF000000FF000000FF000000FFA9F922FFA9F922FF000000FF000000FF000000FF000000FF000000FF000000FFA9F922FFA9F922FF000000FF000000FF000000FF000000FF000000FF000000FF000000FF000000FF000000FF000000FF000000FF000000FF000000FF000000FF000000FF000000FF000000FF000000FF000000FF000000FF000000FF000000FF000000FF000000FF000000FF000000FF000000FF000000FF000000FF000000FF000000FF000000FF000000FF000000FF000000FF000000FF000000FF000000FF000000FF000000FF000000FF000000FF000000FF000000FF000000FF000000FF000000FF000000FF000000FF000000FF000000FF000000FF000000FF000000FF000000FF000000FF000000FF000000FF000000FF000000FF000000FF000000FF000000FF000000FF000000FF000000FF000000FF000000FF000000FF000000FF000000FF000000FF000000FF000000FF000000FF000000FF000000FF000000FF000000FF000000FF000000FF000000FF000000FF000000FF000000FF000000FF000000FF000000FF000000FF000000FF000000FF000000FF000000FF000000FF000000FF000000FF000000FF000000FF000000FF000000FF000000FF000000FF000000FF000000FF000000FF000000FF000000FF000000FF000000FF000000FF000000FF000000FF000000FF000000FF000000FF000000FF000000FF000000FF000000FF000000FF000000FF000000FF000000FF000000FF000000FF000000FF000000FF000000FF000000FF000000FF000000FF000000FF000000FF000000FF000000FF000000FF000000FF000000FF000000FF000000FF000000FF000000FF000000FF000000FF000000FF000000FF000000FF000000FF000000FF000000FF000000FF000000FF000000FF000000FF000000FF000000FF000000FF000000FF000000FF000000FF000000FF000000FF000000FF000000FF000000FF000000FF000000FF000000FF000000FF000000FF000000FF000000FF000000FF000000FF000000FF000000FF000000FF000000FF000000FF000000FF000000FF000000FF000000FF000000FF000000FF000000FF000000FF000000FF000000FF000000FF000000FF000000FF000000FF000000FF000000FF000000FF000000FF000000FF000000FF000000FF000000FF000000FF000000FF000000FF000000FF000000FF000000FF000000FF000000FF000000FF000000FF000000FF000000FF000000FF000000FF000000FF000000FF000000FF000000FF000000FF000000FF000000FF000000FF000000FF000000FF000000FF000000FF000000FF000000FF000000FF000000FF000000FF000000FF000000FF000000FF000000FF000000FF000000FF000000FF000000FF000000FF000000FF000000FF000000FF000000FF000000FF000000FF000000FF000000FF000000FF000000FF000000FF000000FF000000FF000000FF000000FF000000FF000000FF000000FF000000FF000000FF000000FF000000FF000000FF000000FF000000FF000000FF000000FF000000FF000000FFA9F922FFA9F922FF000000FF000000FF000000FF000000FF000000FF000000FF000000FF000000FF000000FF000000FF000000FF000000FF000000FF000000FF000000FF000000FF000000FF000000FF000000FF000000FF000000FF000000FF000000FF000000FF000000FF000000FFA9F922FFA9F922FFA9F922FFA9F922FFA9F922FFA9F922FFA9F922FFA9F922FFA9F922FFA9F922FF000000FF000000FF000000FF000000FFA9F922FFA9F922FF000000FF000000FF000000FF000000FF000000FF000000FFA9F922FFA9F922FF000000FF000000FF000000FF000000FFA9F922FFA9F922FFA9F922FFA9F922FFA9F922FFA9F922FFA9F922FFA9F922FFA9F922FFA9F922FF000000FF000000FF000000FF000000FF000000FF000000FF000000FF000000FF000000FF000000FF000000FF000000FF000000FF000000FF000000FF000000FF000000FF000000FF000000FF000000FF000000FF000000FF000000FF000000FF000000FF000000FF000000FF000000FF000000FF000000FF000000FF000000FF000000FF000000FF000000FF000000FF000000FF000000FF000000FF000000FF000000FF000000FF000000FF000000FF000000FF000000FF000000FF000000FF000000FF000000FF000000FF000000FF000000FF000000FF000000FF000000FF000000FF000000FF000000FF000000FF000000FF000000FF000000FF000000FF000000FF000000FF000000FF000000FF000000FF000000FF000000FF000000FF000000FF000000FFA9F922FFA9F922FF000000FF000000FF000000FF000000FF000000FF000000FF000000FF000000FF000000FF000000FF000000FF000000FFA9F922FFA9F922FF000000FF000000FF000000FF000000FF000000FF000000FFA9F922FFA9F922FF000000FF000000FF000000FF000000FF000000FF000000FFA9F922FFA9F922FFA9F922FFA9F922FFA9F922FFA9F922FF000000FF000000FF000000FF000000FF000000FF000000FFA9F922FFA9F922FF000000FF000000FF000000FF000000FF000000FF000000FFA9F922FFA9F922FF000000FF000000FF000000FF000000FF000000FF000000FF000000FF000000FFA9F922FFA9F922FF000000FF000000FF000000FF000000FF000000FF000000FF000000FF000000FF000000FF000000FF000000FF000000FF000000FF000000FF000000FF000000FF000000FF000000FF000000FF000000FF000000FF000000FFA9F922FFA9F922FFA9F922FFA9F922FFA9F922FFA9F922FFA9F922FFA9F922FFA9F922FFA9F922FF000000FF000000FF000000FF000000FF000000FF000000FFA9F922FFA9F922FFA9F922FFA9F922FFA9F922FFA9F922FF000000FF000000FF000000FF000000FF000000FF000000FFA9F922FFA9F922FF000000FF000000FF000000FF000000FF000000FF000000FFA9F922FFA9F922FF000000FF000000FF000000FF000000FFA9F922FFA9F922FFA9F922FFA9F922FFA9F922FFA9F922FFA9F922FFA9F922FFA9F922FFA9F922FF000000FF000000FF000000FF000000FF000000FF000000FFA9F922FFA9F922FFA9F922FFA9F922FFA9F922FFA9F922FF000000FF000000FF000000FF000000FF000000FF000000FF000000FF000000FF000000FF000000FF000000FF000000FF000000FF000000FF000000FF000000FF000000FF000000FF000000FF000000FF000000FF000000FF000000FF000000FF000000FF000000FF000000FF000000FF000000FF000000FF000000FF000000FF000000FF000000FF000000FF000000FF000000FF000000FF000000FF000000FF000000FF000000FF000000FF000000FF000000FF000000FF000000FF000000FF000000FF000000FF000000FF000000FF000000FF000000FF000000FF000000FF000000FF000000FF000000FF000000FF000000FF000000FF000000FF000000FF000000FF000000FF000000FF000000FF000000FF000000FF000000FF000000FF000000FF000000FF000000FF000000FF000000FF000000FF000000FF000000FF000000FF000000FF000000FF000000FF000000FF000000FF000000FF000000FF000000FF000000FF000000FF000000FF000000FF000000FF000000FF000000FF000000FF000000FF000000FF000000FF000000FF000000FF000000FF000000FF000000FF000000FF000000FF000000FF000000FF000000FF000000FF000000FF000000FF000000FF000000FF000000FF000000FF000000FF000000FF000000FF000000FF000000FF000000FF000000FF000000FF000000FF000000FF000000FF000000FF000000FF000000FF000000FF000000FF000000FF000000FF000000FF000000FF000000FF000000FF000000FF000000FF000000FF000000FF000000FF000000FF000000FF000000FF000000FF000000FF000000FF000000FF000000FF000000FF000000FF000000FF000000FF000000FF000000FF000000FF000000FF000000FF000000FF000000FF000000FF000000FF000000FF000000FF000000FF000000FF000000FF000000FF000000FF000000FF000000FF000000FF000000FF000000FF000000FF000000FF000000FF000000FF000000FF000000FF000000FF000000FF000000FF000000FF000000FF000000FF000000FF000000FF000000FF000000FF000000FF000000FF000000FF000000FF000000FF000000FF000000FF000000FF000000FF000000FF000000FF000000FF000000FF000000FF000000FF000000FF000000FF000000FF000000FF000000FF000000FF000000FF000000FF000000FF000000FF000000FF000000FF000000FF000000FF000000FF000000FF000000FF000000FF000000FF000000FF000000FF000000FF000000FF000000FF000000FF000000FF000000FF000000FF000000FF000000FF000000FF000000FF000000FF000000FF000000FF000000FF000000FF000000FF000000FF000000FF000000FF000000FF000000FF000000FF000000FF000000FF000000FF000000FF000000FF000000FF000000FF000000FF000000FF000000FF000000FF000000FF000000FF000000FF000000FF000000FF000000FF000000FF000000FF000000FFA9F922FFA9F922FF000000FF000000FF000000FF000000FF000000FF000000FF000000FF000000FF000000FF000000FF000000FF000000FF000000FF000000FF000000FF000000FF000000FF000000FF000000FF000000FF000000FF000000FF000000FF000000FF000000FF000000FFA9F922FFA9F922FFA9F922FFA9F922FFA9F922FFA9F922FFA9F922FFA9F922FFA9F922FFA9F922FF000000FF000000FF000000FF000000FFA9F922FFA9F922FF000000FF000000FF000000FF000000FF000000FF000000FFA9F922FFA9F922FF000000FF000000FF000000FF000000FFA9F922FFA9F922FFA9F922FFA9F922FFA9F922FFA9F922FFA9F922FFA9F922FFA9F922FFA9F922FF000000FF000000FF000000FF000000FF000000FF000000FF000000FF000000FF000000FF000000FF000000FF000000FF000000FF000000FF000000FF000000FF000000FF000000FF000000FF000000FF000000FF000000FF000000FF000000FF000000FF000000FF000000FF000000FF000000FF000000FF000000FF000000FF000000FF000000FF000000FF000000FF000000FF000000FF000000FF000000FF000000FF000000FF000000FF000000FF000000FF000000FF000000FF000000FF000000FF000000FF000000FF000000FF000000FF000000FF000000FF000000FF000000FF000000FF000000FF000000FF000000FF000000FF000000FF000000FF000000FF000000FF000000FF000000FF000000FF000000FF000000FF000000FF000000FF000000FFA9F922FFA9F922FF000000FF000000FF000000FF000000FF000000FF000000FF000000FF000000FF000000FF000000FF000000FF000000FFA9F922FFA9F922FF000000FF000000FF000000FF000000FF000000FF000000FFA9F922FFA9F922FF000000FF000000FF000000FF000000FF000000FF000000FFA9F922FFA9F922FFA9F922FFA9F922FFA9F922FFA9F922FF000000FF000000FF000000FF000000FF000000FF000000FFA9F922FFA9F922FF000000FF000000FF000000FF000000FF000000FF000000FFA9F922FFA9F922FF000000FF000000FF000000FF000000FF000000FF000000FF000000FF000000FFA9F922FFA9F922FF000000FF000000FF000000FF000000FF000000FF000000FF000000FF000000FF000000FF000000FF000000FF000000FF000000FF000000FF000000FF000000FF000000FF000000FF000000FF000000FF000000FF000000FFA9F922FFA9F922FFA9F922FFA9F922FFA9F922FFA9F922FFA9F922FFA9F922FFA9F922FFA9F922FF000000FF000000FF000000FF000000FF000000FF000000FFA9F922FFA9F922FFA9F922FFA9F922FFA9F922FFA9F922FF000000FF000000FF000000FF000000FF000000FF000000FFA9F922FFA9F922FF000000FF000000FF000000FF000000FF000000FF000000FFA9F922FFA9F922FF000000FF000000FF000000FF000000FFA9F922FFA9F922FFA9F922FFA9F922FFA9F922FFA9F922FFA9F922FFA9F922FFA9F922FFA9F922FF000000FF000000FF000000FF000000FF000000FF000000FFA9F922FFA9F922FFA9F922FFA9F922FFA9F922FFA9F922FF000000FF000000FF000000FF000000FF000000FF000000FF000000FF000000FF000000FF000000FF000000FF000000FF000000FF000000FF000000FF000000FF000000FF000000FF000000FF000000FF000000FF000000FF000000FF000000FF000000FF000000FF000000FF000000FF000000FF000000FF000000FF000000FF000000FF000000FF000000FF000000FF000000FF000000FF000000FF000000FF000000FF000000FF000000FF000000FF000000FF000000FF000000FF000000FF000000FF000000FF000000FF000000FF000000FF000000FF000000FF000000FF000000FF000000FF000000FF000000FF000000FF000000FF000000FF000000FF000000FF000000FF000000FF000000FF000000FF000000FF000000FF000000FF000000FF000000FF000000FF000000FF000000FF000000FF000000FF000000FF000000FF000000FF000000FF000000FF000000FF000000FF000000FF000000FF000000FF000000FF000000FF000000FF000000FF000000FF000000FF000000FF000000FF000000FF000000FF000000FF000000FF000000FF000000FF000000FF000000FF000000FF000000FF000000FF000000FF000000FF000000FF000000FF000000FF000000FF000000FF000000FF000000FF000000FF000000FF000000FF000000FF000000FF000000FF000000FF000000FF000000FF000000FF000000FF000000FF000000FF000000FF000000FF000000FF000000FF000000FF000000FF000000FF000000FF000000FF000000FF000000FF000000FF000000FF000000FF000000FF000000FF000000FF000000FF000000FF000000FF000000FF000000FF000000FF000000FF000000FF000000FF000000FF000000FF000000FF000000FF000000FF000000FF000000FF000000FF000000FF000000FF000000FF000000FF000000FF000000FF000000FF000000FF000000FF000000FF000000FF000000FF000000FF000000FF000000FF000000FF000000FF000000FF000000FF000000FF000000FF000000FF000000FF000000FF000000FF000000FF000000FF000000FF000000FF000000FF000000FF000000FF000000FF000000FF000000FF000000FF000000FF000000FF000000FF000000FF000000FF000000FF000000FF000000FF000000FF000000FF000000FF000000FF000000FF000000FF000000FF000000FF000000FF000000FF000000FF000000FF000000FF000000FF000000FF000000FF000000FF000000FF000000FF000000FF000000FF000000FF000000FF000000FF000000FF000000FF000000FF000000FF000000FF000000FF000000FF000000FF000000FF000000FF000000FF000000FF000000FF000000FF000000FF000000FF000000FF000000FF000000FF000000FF000000FF000000FF000000FF000000FF000000FF000000FF000000FF000000FF000000FF000000FF000000FF000000FF000000FF000000FF000000FF000000FF000000FF000000FF000000FF000000FF000000FF000000FF000000FF000000FF000000FF000000FF000000FF000000FF000000FF000000FF000000FF000000FF000000FF000000FF000000FF000000FF000000FF000000FF000000FF000000FF000000FF000000FF000000FF000000FF000000FF000000FF000000FF000000FF000000FF000000FF000000FF000000FF000000FF000000FF000000FF000000FF000000FF000000FF000000FF000000FF000000FF000000FF000000FF000000FF000000FF000000FF000000FF000000FF000000FF000000FF000000FF000000FF000000FF000000FF000000FF000000FF000000FF000000FF000000FF000000FF000000FF000000FF000000FF000000FF000000FF000000FF000000FF000000FF000000FF000000FF000000FF000000FF000000FF000000FF000000FF000000FF000000FF000000FF000000FF000000FF000000FF000000FF000000FF000000FF000000FF000000FF000000FF000000FF000000FF000000FF000000FF000000FF000000FF000000FF000000FF000000FF000000FF000000FF000000FF000000FF000000FF000000FF000000FF000000FF000000FF000000FF000000FF000000FF000000FF000000FF000000FF000000FF000000FF000000FF000000FF000000FF000000FF000000FF000000FF000000FF000000FF000000FF000000FF000000FF000000FF000000FF000000FF000000FF000000FF000000FF000000FF000000FF000000FF000000FF000000FF000000FF000000FF000000FF000000FF000000FF000000FF000000FF000000FF000000FF000000FF000000FF000000FF000000FF000000FF000000FF000000FF000000FF000000FF000000FF000000FF000000FF000000FF000000FF000000FF000000FF000000FF000000FF000000FF000000FF000000FF000000FF000000FF000000FF000000FF000000FF000000FF000000FF000000FF000000FF000000FF000000FF000000FF000000FF000000FF000000FF000000FF000000FF000000FF000000FF000000FF000000FF000000FF000000FF000000FF000000FF000000FF000000FF000000FF000000FF000000FF000000FF000000FF000000FF000000FF000000FF000000FF000000FF000000FF000000FF000000FF000000FF000000FF000000FF000000FF000000FF000000FF000000FF000000FF000000FF000000FF000000FF000000FF000000FF000000FF000000FF000000FF000000FF000000FF000000FF000000FF000000FF000000FF000000FF000000FF000000FF000000FF000000FF000000FF000000FF000000FF000000FF000000FF000000FF000000FF000000FF000000FF000000FF000000FF000000FF000000FF000000FF000000FF000000FF000000FF000000FF000000FF000000FF000000FF000000FF000000FF000000FF000000FF000000FF000000FF000000FF000000FF000000FF000000FF000000FF000000FF000000FF000000FF000000FF000000FF000000FF000000FF000000FF000000FF000000FF000000FF000000FF000000FF000000FF000000FF000000FF000000FF000000FF000000FF000000FF000000FF000000FF000000FF000000FF000000FF000000FF000000FF000000FF000000FF000000FF000000FF000000FF000000FF000000FF000000FF000000FF000000FF000000FF000000FF000000FF000000FF000000FF000000FF000000FF000000FF000000FF000000FF000000FF000000FF000000FF000000FF000000FF000000FF000000FF000000FF000000FF000000FF000000FF000000FF000000FF000000FF000000FF000000FF000000FF000000FF000000FF000000FF000000FF000000FF000000FF000000FF000000FF000000FF000000FF000000FF000000FF000000FF000000FF000000FF000000FF000000FF000000FF000000FF000000FF000000FF000000FF000000FF000000FF000000FF000000FF000000FF000000FF000000FF000000FF000000FF000000FF000000FF000000FF000000FF000000FF000000FF000000FF000000FF000000FF000000FF000000FF000000FF000000FF000000FF000000FF000000FF000000FF000000FF000000FF000000FF000000FF000000FF000000FF000000FF000000FF000000FF000000FF000000FF000000FF000000FF000000FF000000FF000000FF000000FF000000FF000000FF000000FF000000FF000000FF000000FF000000FF000000FF000000FF000000FF000000FF000000FF000000FF000000FF000000FF000000FF000000FF000000FF000000FF000000FF000000FF000000FF000000FF000000FF000000FF000000FF000000FF000000FF000000FF000000FF000000FF000000FF000000FF000000FF000000FF000000FF000000FF000000FF000000FF000000FF000000FF000000FF000000FF000000FF000000FF000000FF000000FF000000FF000000FF000000FF000000FF000000FF000000FF000000FF000000FF000000FF000000FF000000FF000000FF000000FF000000FF000000FF000000FF000000FF000000FF000000FF000000FF000000FF000000FF000000FF000000FF000000FF000000FF000000FF000000FF000000FF000000FF000000FF000000FF000000FF000000FF000000FF000000FF000000FF000000FF000000FF000000FF000000FF000000FF000000FF000000FF000000FF000000FF000000FF000000FF000000FF000000FF000000FF000000FF000000FF000000FF000000FF000000FF000000FF000000FF000000FF000000FF000000FF000000FF000000FF000000FF000000FF000000FF000000FF000000FF000000FF000000FF000000FF000000FF000000FF000000FF000000FF000000FF000000FF000000FF000000FF000000FF000000FF000000FF000000FF000000FF000000FF000000FF000000FF000000FF000000FF000000FF000000FF000000FF000000FF000000FF000000FF000000FF000000FF000000FF000000FF000000FF000000FF000000FF000000FF000000FF000000FF000000FF000000FF000000FF000000FF000000FF000000FF000000FF000000FF000000FF000000FF000000FF000000FF000000FF000000FF000000FF000000FF000000FF000000FF000000FF000000FF000000FF000000FF000000FF000000FF000000FF000000FF000000FF000000FF000000FF000000FF000000FF000000FF000000FF000000FF000000FF000000FF000000FF000000FF000000FF000000FF000000FF000000FF000000FF000000FF000000FF000000FF000000FF000000FF000000FF000000FF000000FF000000FF000000FF000000FF000000FF000000FF000000FF000000FF000000FF000000FF000000FF000000FF000000FF000000FF000000FF000000FF000000FF000000FF000000FF000000FF000000FF000000FF000000FF000000FF000000FF000000FF000000FF000000FF000000FF000000FF000000FF000000FF000000FF000000FF000000FF000000FF000000FF000000FF000000FF000000FF000000FF000000FF000000FF000000FF000000FF000000FF000000FF000000FF000000FF000000FF000000FF000000FF000000FF000000FF000000FF000000FF000000FF000000FF000000FF000000FF000000FF000000FF000000FF000000FF000000FF000000FF000000FF000000FF000000FF000000FF000000FF000000FF000000FF000000FF000000FF000000FF000000FF000000FF000000FF000000FF000000FF000000FF000000FF000000FF000000FF000000FF000000FF000000FF000000FF000000FF000000FF000000FF000000FF000000FF000000FF000000FF000000FF000000FF000000FF000000FF000000FF000000FF000000FF000000FF000000FF000000FF000000FF000000FF000000FF000000FF000000FF000000FF000000FF000000FF000000FF000000FF000000FF000000FF000000FF000000FF000000FF000000FF000000FF000000FF000000FF000000FF000000FF000000FF000000FF000000FF000000FF000000FF000000FF000000FF000000FF000000FF000000FF000000FF000000FF000000FF000000FF000000FF000000FF000000FF000000FF000000FF000000FF000000FF000000FF000000FF000000FF000000FF000000FF000000FF000000FF000000FF000000FF000000FF000000FF000000FF000000FF000000FF000000FF000000FF000000FF000000FF000000FF000000FF000000FF000000FF000000FF000000FF000000FF000000FF000000FF000000FF000000FF000000FF000000FF000000FF000000FF000000FF000000FF000000FF000000FF000000FF000000FF000000FF000000FF000000FF000000FF000000FF000000FF000000FF000000FF000000FF000000FF000000FF000000FF000000FF000000FF000000FF000000FF000000FF000000FF000000FF000000FF000000FF000000FF000000FF000000FF000000FF000000FF000000FF000000FF000000FF000000FF000000FF000000FF000000FF000000FF000000FF000000FF000000FF000000FF000000FF000000FF000000FF000000FF000000FF000000FF000000FF000000FF000000FF000000FF000000FF000000FF000000FF000000FF000000FF000000FF000000FF000000FF000000FF000000FF000000FF000000FF000000FF000000FF000000FF000000FF000000FF000000FF000000FF000000FF000000FF000000FF000000FF000000FF000000FF000000FF000000FF000000FF000000FF000000FF000000FF000000FF000000FF000000FF000000FF000000FF000000FF000000FF000000FF000000FF000000FF000000FF000000FF000000FF000000FF000000FF000000FF000000FF000000FF000000FF000000FF000000FF000000FF000000FF000000FF000000FF000000FF000000FF000000FF000000FF000000FF000000FF000000FF000000FF000000FF000000FF000000FF000000FF000000FF000000FF000000FF000000FF000000FF000000FF000000FF000000FF000000FF000000FF000000FF000000FF000000FF000000FF000000FF000000FF000000FF000000FF000000FF000000FF000000FF000000FF000000FF000000FF000000FF000000FF000000FF000000FF000000FF000000FF000000FF000000FF000000FF000000FF000000FF000000FF000000FF000000FF000000FF000000FF000000FF000000FF000000FF000000FF000000FF000000FF000000FF000000FF000000FF000000FF000000FF000000FF000000FF000000FF000000FF000000FF000000FF000000FF000000FF000000FF000000FF000000FF000000FF000000FF000000FF000000FF000000FF000000FF000000FF000000FF000000FF000000FF000000FF000000FF000000FF000000FF000000FF000000FF000000FF000000FF000000FF000000FF000000FF000000FF000000FF000000FF000000FF000000FF000000FF000000FF000000FF000000FF000000FF000000FF000000FF000000FF000000FF000000FF000000FF000000FF000000FF000000FF000000FF000000FF000000FF000000FF000000FF000000FF000000FF000000FF000000FF000000FF000000FF000000FF000000FF000000FF000000FF000000FF000000FF000000FF000000FF000000FF000000FF000000FF000000FF000000FF000000FF000000FF000000FF000000FF000000FF000000FF000000FF000000FF000000FF000000FF000000FF000000FF000000FF000000FF000000FF000000FF000000FF000000FF000000FF000000FF000000FF000000FF000000FF000000FF000000FF000000FF000000FF000000FF000000FF000000FF000000FF000000FF000000FF000000FF000000FF000000FF000000FF000000FF000000FF000000FF000000FF000000FF000000FF000000FF000000FF000000FF000000FF000000FF000000FF000000FF000000FF000000FF000000FF000000FF000000FF000000FF000000FF000000FF000000FF000000FF000000FF000000FF000000FF000000FF000000FF000000FF000000FF000000FF000000FF000000FF000000FF000000FF000000FF000000FF000000FF000000FF000000FF000000FF000000FF000000FF000000FF000000FF000000FF000000FF000000FF000000FF000000FF000000FF000000FF000000FF000000FF000000FF000000FF000000FF000000FF000000FFA9F922FFA9F922FFA9F922FFA9F922FFA9F922FFA9F922FFA9F922FFA9F922FF000000FF000000FF000000FF000000FF000000FF000000FF000000FF000000FF000000FF000000FF000000FF000000FF000000FF000000FF000000FF000000FF000000FF000000FF000000FF000000FFA9F922FFA9F922FF000000FF000000FF000000FF000000FF000000FF000000FFA9F922FFA9F922FF000000FF000000FF000000FF000000FF000000FF000000FF000000FF000000FF000000FF000000FF000000FF000000FF000000FF000000FF000000FF000000FF000000FF000000FF000000FF000000FF000000FF000000FF000000FF000000FF000000FF000000FF000000FF000000FF000000FF000000FF000000FF000000FF000000FF000000FF000000FF000000FF000000FF000000FF000000FF000000FF000000FF000000FF000000FF000000FF000000FF000000FF000000FF000000FF000000FF000000FF000000FF000000FF000000FF000000FF000000FF000000FF000000FF000000FF000000FF000000FF000000FF000000FF000000FF000000FF000000FF000000FF000000FF000000FF000000FF000000FF000000FF000000FF000000FF000000FF000000FF000000FF000000FF000000FF000000FF000000FF000000FF000000FF000000FF000000FF000000FF000000FF000000FF000000FF000000FF000000FF000000FF000000FF000000FF000000FF000000FF000000FF000000FF000000FF000000FF000000FF000000FF000000FFA9F922FFA9F922FFA9F922FFA9F922FFA9F922FFA9F922FFA9F922FFA9F922FF000000FF000000FF000000FF000000FF000000FF000000FFA9F922FFA9F922FFA9F922FFA9F922FFA9F922FFA9F922FFA9F922FFA9F922FFA9F922FFA9F922FF000000FF000000FF000000FF000000FFA9F922FFA9F922FF000000FF000000FF000000FF000000FF000000FF000000FF000000FF000000FF000000FF000000FF000000FF000000FFA9F922FFA9F922FFA9F922FFA9F922FFA9F922FFA9F922FFA9F922FFA9F922FFA9F922FFA9F922FF000000FF000000FF000000FF000000FFA9F922FFA9F922FFA9F922FFA9F922FFA9F922FFA9F922FFA9F922FFA9F922FFA9F922FFA9F922FF000000FF000000FF000000FF000000FFA9F922FFA9F922FFA9F922FFA9F922FFA9F922FFA9F922FFA9F922FFA9F922FFA9F922FFA9F922FF000000FF000000FF000000FF000000FF000000FF000000FF000000FF000000FF000000FF000000FF000000FF000000FF000000FF000000FF000000FF000000FF000000FF000000FFA9F922FFA9F922FF000000FF000000FF000000FF000000FF000000FF000000FF000000FF000000FF000000FF000000FF000000FF000000FF000000FF000000FFA9F922FFA9F922FFA9F922FFA9F922FFA9F922FFA9F922FF000000FF000000FF000000FF000000FF000000FF000000FFA9F922FFA9F922FF000000FF000000FF000000FF000000FF000000FF000000FFA9F922FFA9F922FF000000FF000000FF000000FF000000FFA9F922FFA9F922FFA9F922FFA9F922FFA9F922FFA9F922FFA9F922FFA9F922FFA9F922FFA9F922FF000000FF000000FF000000FF000000FF000000FF000000FF000000FF000000FF000000FF000000FF000000FF000000FF000000FF000000FF000000FF000000FF000000FF000000FFA9F922FFA9F922FF000000FF000000FF000000FF000000FF000000FF000000FFA9F922FFA9F922FF000000FF000000FF000000FF000000FF000000FF000000FF000000FF000000FF000000FF000000FF000000FF000000FF000000FF000000FF000000FF000000FF000000FF000000FF000000FF000000FF000000FF000000FF000000FF000000FF000000FF000000FF000000FF000000FF000000FF000000FF000000FF000000FF000000FF000000FF000000FF000000FF000000FF000000FF000000FF000000FF000000FF000000FF000000FF000000FF000000FF000000FF000000FF000000FF000000FF000000FF000000FF000000FF000000FF000000FF000000FF000000FF000000FF000000FF000000FF000000FF000000FF000000FF000000FF000000FF000000FF000000FF000000FF000000FF000000FF000000FF000000FF000000FF000000FF000000FF000000FF000000FF000000FF000000FF000000FF000000FF000000FF000000FF000000FF000000FF000000FF000000FF000000FF000000FF000000FF000000FF000000FF000000FF000000FF000000FF000000FF000000FF000000FF000000FF000000FF000000FF000000FF000000FF000000FF000000FF000000FF000000FF000000FF000000FF000000FF000000FF000000FF000000FF000000FF000000FF000000FF000000FF000000FF000000FF000000FF000000FF000000FF000000FF000000FF000000FF000000FF000000FF000000FF000000FF000000FF000000FF000000FF000000FF000000FF000000FF000000FF000000FF000000FF000000FF000000FF000000FF000000FF000000FF000000FF000000FF000000FF000000FF000000FF000000FF000000FF000000FF000000FF000000FF000000FF000000FF000000FF000000FF000000FF000000FF000000FF000000FF000000FF000000FF000000FF000000FF000000FF000000FF000000FF000000FF000000FF000000FF000000FF000000FF000000FF000000FF000000FF000000FF000000FF000000FF000000FF000000FF000000FF000000FF000000FF000000FF000000FF000000FF000000FF000000FF000000FF000000FF000000FF000000FF000000FF000000FF000000FF000000FF000000FF000000FF000000FF000000FF000000FF000000FF000000FF000000FF000000FF000000FF000000FF000000FF000000FF000000FF000000FF000000FF000000FF000000FF000000FF000000FF000000FF000000FF000000FF000000FF000000FF000000FF000000FF000000FF000000FF000000FF000000FF000000FF000000FF000000FF000000FF000000FF000000FF000000FF000000FF000000FF000000FF000000FF000000FF000000FF000000FF000000FFA9F922FFA9F922FFA9F922FFA9F922FFA9F922FFA9F922FFA9F922FFA9F922FF000000FF000000FF000000FF000000FF000000FF000000FF000000FF000000FF000000FF000000FF000000FF000000FF000000FF000000FF000000FF000000FF000000FF000000FF000000FF000000FFA9F922FFA9F922FF000000FF000000FF000000FF000000FF000000FF000000FFA9F922FFA9F922FF000000FF000000FF000000FF000000FF000000FF000000FF000000FF000000FF000000FF000000FF000000FF000000FF000000FF000000FF000000FF000000FF000000FF000000FF000000FF000000FF000000FF000000FF000000FF000000FF000000FF000000FF000000FF000000FF000000FF000000FF000000FF000000FF000000FF000000FF000000FF000000FF000000FF000000FF000000FF000000FF000000FF000000FF000000FF000000FF000000FF000000FF000000FF000000FF000000FF000000FF000000FF000000FF000000FF000000FF000000FF000000FF000000FF000000FF000000FF000000FF000000FF000000FF000000FF000000FF000000FF000000FF000000FF000000FF000000FF000000FF000000FF000000FF000000FF000000FF000000FF000000FF000000FF000000FF000000FF000000FF000000FF000000FF000000FF000000FF000000FF000000FF000000FF000000FF000000FF000000FF000000FF000000FF000000FF000000FF000000FF000000FF000000FF000000FF000000FF000000FF000000FF000000FFA9F922FFA9F922FFA9F922FFA9F922FFA9F922FFA9F922FFA9F922FFA9F922FF000000FF000000FF000000FF000000FF000000FF000000FFA9F922FFA9F922FFA9F922FFA9F922FFA9F922FFA9F922FFA9F922FFA9F922FFA9F922FFA9F922FF000000FF000000FF000000FF000000FFA9F922FFA9F922FF000000FF000000FF000000FF000000FF000000FF000000FF000000FF000000FF000000FF000000FF000000FF000000FFA9F922FFA9F922FFA9F922FFA9F922FFA9F922FFA9F922FFA9F922FFA9F922FFA9F922FFA9F922FF000000FF000000FF000000FF000000FFA9F922FFA9F922FFA9F922FFA9F922FFA9F922FFA9F922FFA9F922FFA9F922FFA9F922FFA9F922FF000000FF000000FF000000FF000000FFA9F922FFA9F922FFA9F922FFA9F922FFA9F922FFA9F922FFA9F922FFA9F922FFA9F922FFA9F922FF000000FF000000FF000000FF000000FF000000FF000000FF000000FF000000FF000000FF000000FF000000FF000000FF000000FF000000FF000000FF000000FF000000FF000000FFA9F922FFA9F922FF000000FF000000FF000000FF000000FF000000FF000000FF000000FF000000FF000000FF000000FF000000FF000000FF000000FF000000FFA9F922FFA9F922FFA9F922FFA9F922FFA9F922FFA9F922FF000000FF000000FF000000FF000000FF000000FF000000FFA9F922FFA9F922FF000000FF000000FF000000FF000000FF000000FF000000FFA9F922FFA9F922FF000000FF000000FF000000FF000000FFA9F922FFA9F922FFA9F922FFA9F922FFA9F922FFA9F922FFA9F922FFA9F922FFA9F922FFA9F922FF000000FF000000FF000000FF000000FF000000FF000000FF000000FF000000FF000000FF000000FF000000FF000000FF000000FF000000FF000000FF000000FF000000FF000000FFA9F922FFA9F922FF000000FF000000FF000000FF000000FF000000FF000000FFA9F922FFA9F922FF000000FF000000FF000000FF000000FF000000FF000000FF000000FF000000FF000000FF000000FF000000FF000000FF000000FF000000FF000000FF000000FF000000FF000000FF000000FF000000FF000000FF000000FF000000FF000000FF000000FF000000FF000000FF000000FF000000FF000000FF000000FF000000FF000000FF000000FF000000FF000000FF000000FF000000FF000000FF000000FF000000FF000000FF000000FF000000FF000000FF000000FF000000FF000000FF000000FF000000FF000000FF000000FF000000FF000000FF000000FF000000FF000000FF000000FF000000FF000000FF000000FF000000FF000000FF000000FF000000FF000000FF000000FF000000FF000000FF000000FF000000FF000000FF000000FF000000FF000000FF000000FF000000FF000000FF000000FF000000FF000000FF000000FF000000FF000000FF000000FF000000FF000000FF000000FF000000FF000000FF000000FF000000FF000000FF000000FF000000FF000000FF000000FF000000FF000000FF000000FF000000FF000000FF000000FF000000FF000000FF000000FF000000FF000000FF000000FF000000FF000000FF000000FF000000FF000000FF000000FF000000FF000000FF000000FF000000FF000000FF000000FF000000FF000000FF000000FF000000FF000000FF000000FF000000FF000000FF000000FF000000FF000000FF000000FF000000FF000000FF000000FF000000FF000000FF000000FF000000FF000000FF000000FF000000FF000000FF000000FF000000FF000000FF000000FF000000FF000000FF000000FF000000FF000000FF000000FF000000FF000000FF000000FF000000FF000000FF000000FF000000FF000000FF000000FF000000FF000000FF000000FF000000FF000000FF000000FF000000FF000000FF000000FF000000FF000000FF000000FF000000FF000000FF000000FF000000FF000000FF000000FF000000FF000000FF000000FF000000FF000000FF000000FF000000FF000000FF000000FF000000FF000000FF000000FF000000FF000000FF000000FF000000FF000000FF000000FF000000FF000000FF000000FF000000FF000000FF000000FF000000FF000000FF000000FF000000FF000000FF000000FF000000FF000000FF000000FF000000FF000000FF000000FF000000FF000000FF000000FF000000FF000000FF000000FF000000FF000000FF000000FF000000FF000000FF000000FF000000FF000000FF000000FF000000FF000000FF000000FF000000FF000000FF000000FF000000FF000000FF000000FF000000FFA9F922FFA9F922FF000000FF000000FF000000FF000000FF000000FF000000FFA9F922FFA9F922FF000000FF000000FF000000FF000000FF000000FF000000FF000000FF000000FF000000FF000000FF000000FF000000FF000000FF000000FF000000FF000000FF000000FF000000FFA9F922FFA9F922FF000000FF000000FF000000FF000000FF000000FF000000FFA9F922FFA9F922FF000000FF000000FF000000FF000000FF000000FF000000FF000000FF000000FF000000FF000000FF000000FF000000FF000000FF000000FF000000FF000000FF000000FF000000FF000000FF000000FF000000FF000000FF000000FF000000FF000000FF000000FF000000FF000000FF000000FF000000FF000000FF000000FF000000FF000000FF000000FF000000FF000000FF000000FF000000FF000000FF000000FF000000FF000000FF000000FF000000FF000000FF000000FF000000FF000000FF000000FF000000FF000000FF000000FF000000FF000000FF000000FF000000FF000000FF000000FF000000FF000000FF000000FF000000FF000000FF000000FF000000FF000000FF000000FF000000FF000000FF000000FF000000FF000000FF000000FF000000FF000000FF000000FF000000FF000000FF000000FF000000FF000000FF000000FF000000FF000000FF000000FF000000FF000000FF000000FF000000FF000000FF000000FF000000FF000000FF000000FF000000FF000000FF000000FF000000FF000000FF000000FF000000FFA9F922FFA9F922FF000000FF000000FF000000FF000000FF000000FF000000FFA9F922FFA9F922FF000000FF000000FF000000FF000000FFA9F922FFA9F922FF000000FF000000FF000000FF000000FF000000FF000000FF000000FF000000FF000000FF000000FF000000FF000000FFA9F922FFA9F922FF000000FF000000FF000000FF000000FF000000FF000000FF000000FF000000FF000000FF000000FF000000FF000000FFA9F922FFA9F922FF000000FF000000FF000000FF000000FF000000FF000000FF000000FF000000FF000000FF000000FF000000FF000000FF000000FF000000FF000000FF000000FFA9F922FFA9F922FF000000FF000000FF000000FF000000FF000000FF000000FF000000FF000000FFA9F922FFA9F922FF000000FF000000FF000000FF000000FF000000FF000000FF000000FF000000FF000000FF000000FF000000FF000000FF000000FF000000FF000000FF000000FF000000FF000000FF000000FF000000FF000000FF000000FF000000FF000000FF000000FF000000FFA9F922FFA9F922FF000000FF000000FF000000FF000000FF000000FF000000FF000000FF000000FF000000FF000000FF000000FF000000FF000000FF000000FF000000FF000000FFA9F922FFA9F922FF000000FF000000FF000000FF000000FF000000FF000000FF000000FF000000FFA9F922FFA9F922FF000000FF000000FF000000FF000000FF000000FF000000FFA9F922FFA9F922FF000000FF000000FF000000FF000000FFA9F922FFA9F922FF000000FF000000FF000000FF000000FF000000FF000000FF000000FF000000FF000000FF000000FF000000FF000000FF000000FF000000FF000000FF000000FF000000FF000000FF000000FF000000FF000000FF000000FF000000FF000000FF000000FF000000FFA9F922FFA9F922FF000000FF000000FF000000FF000000FF000000FF000000FFA9F922FFA9F922FF000000FF000000FF000000FF000000FF000000FF000000FF000000FF000000FF000000FF000000FF000000FF000000FF000000FF000000FF000000FF000000FF000000FF000000FF000000FF000000FF000000FF000000FF000000FF000000FF000000FF000000FF000000FF000000FF000000FF000000FF000000FF000000FF000000FF000000FF000000FF000000FF000000FF000000FF000000FF000000FF000000FF000000FF000000FF000000FF000000FF000000FF000000FF000000FF000000FF000000FF000000FF000000FF000000FF000000FF000000FF000000FF000000FF000000FF000000FF000000FF000000FF000000FF000000FF000000FF000000FF000000FF000000FF000000FF000000FF000000FF000000FF000000FF000000FF000000FF000000FF000000FF000000FF000000FF000000FF000000FF000000FF000000FF000000FF000000FF000000FF000000FF000000FF000000FF000000FF000000FF000000FF000000FF000000FF000000FF000000FF000000FF000000FF000000FF000000FF000000FF000000FF000000FF000000FF000000FF000000FF000000FF000000FF000000FF000000FF000000FF000000FF000000FF000000FF000000FF000000FF000000FF000000FF000000FF000000FF000000FF000000FF000000FF000000FF000000FF000000FF000000FF000000FF000000FF000000FF000000FF000000FF000000FF000000FF000000FF000000FF000000FF000000FF000000FF000000FF000000FF000000FF000000FF000000FF000000FF000000FF000000FF000000FF000000FF000000FF000000FF000000FF000000FF000000FF000000FF000000FF000000FF000000FF000000FF000000FF000000FF000000FF000000FF000000FF000000FF000000FF000000FF000000FF000000FF000000FF000000FF000000FF000000FF000000FF000000FF000000FF000000FF000000FF000000FF000000FF000000FF000000FF000000FF000000FF000000FF000000FF000000FF000000FF000000FF000000FF000000FF000000FF000000FF000000FF000000FF000000FF000000FF000000FF000000FF000000FF000000FF000000FF000000FF000000FF000000FF000000FF000000FF000000FF000000FF000000FF000000FF000000FF000000FF000000FF000000FF000000FF000000FF000000FF000000FF000000FF000000FF000000FF000000FF000000FF000000FF000000FF000000FF000000FF000000FF000000FF000000FF000000FF000000FF000000FF000000FF000000FF000000FF000000FF000000FF000000FF000000FF000000FF000000FFA9F922FFA9F922FF000000FF000000FF000000FF000000FF000000FF000000FFA9F922FFA9F922FF000000FF000000FF000000FF000000FF000000FF000000FF000000FF000000FF000000FF000000FF000000FF000000FF000000FF000000FF000000FF000000FF000000FF000000FFA9F922FFA9F922FF000000FF000000FF000000FF000000FF000000FF000000FFA9F922FFA9F922FF000000FF000000FF000000FF000000FF000000FF000000FF000000FF000000FF000000FF000000FF000000FF000000FF000000FF000000FF000000FF000000FF000000FF000000FF000000FF000000FF000000FF000000FF000000FF000000FF000000FF000000FF000000FF000000FF000000FF000000FF000000FF000000FF000000FF000000FF000000FF000000FF000000FF000000FF000000FF000000FF000000FF000000FF000000FF000000FF000000FF000000FF000000FF000000FF000000FF000000FF000000FF000000FF000000FF000000FF000000FF000000FF000000FF000000FF000000FF000000FF000000FF000000FF000000FF000000FF000000FF000000FF000000FF000000FF000000FF000000FF000000FF000000FF000000FF000000FF000000FF000000FF000000FF000000FF000000FF000000FF000000FF000000FF000000FF000000FF000000FF000000FF000000FF000000FF000000FF000000FF000000FF000000FF000000FF000000FF000000FF000000FF000000FF000000FF000000FF000000FF000000FF000000FFA9F922FFA9F922FF000000FF000000FF000000FF000000FF000000FF000000FFA9F922FFA9F922FF000000FF000000FF000000FF000000FFA9F922FFA9F922FF000000FF000000FF000000FF000000FF000000FF000000FF000000FF000000FF000000FF000000FF000000FF000000FFA9F922FFA9F922FF000000FF000000FF000000FF000000FF000000FF000000FF000000FF000000FF000000FF000000FF000000FF000000FFA9F922FFA9F922FF000000FF000000FF000000FF000000FF000000FF000000FF000000FF000000FF000000FF000000FF000000FF000000FF000000FF000000FF000000FF000000FFA9F922FFA9F922FF000000FF000000FF000000FF000000FF000000FF000000FF000000FF000000FFA9F922FFA9F922FF000000FF000000FF000000FF000000FF000000FF000000FF000000FF000000FF000000FF000000FF000000FF000000FF000000FF000000FF000000FF000000FF000000FF000000FF000000FF000000FF000000FF000000FF000000FF000000FF000000FF000000FFA9F922FFA9F922FF000000FF000000FF000000FF000000FF000000FF000000FF000000FF000000FF000000FF000000FF000000FF000000FF000000FF000000FF000000FF000000FFA9F922FFA9F922FF000000FF000000FF000000FF000000FF000000FF000000FF000000FF000000FFA9F922FFA9F922FF000000FF000000FF000000FF000000FF000000FF000000FFA9F922FFA9F922FF000000FF000000FF000000FF000000FFA9F922FFA9F922FF000000FF000000FF000000FF000000FF000000FF000000FF000000FF000000FF000000FF000000FF000000FF000000FF000000FF000000FF000000FF000000FF000000FF000000FF000000FF000000FF000000FF000000FF000000FF000000FF000000FF000000FFA9F922FFA9F922FF000000FF000000FF000000FF000000FF000000FF000000FFA9F922FFA9F922FF000000FF000000FF000000FF000000FF000000FF000000FF000000FF000000FF000000FF000000FF000000FF000000FF000000FF000000FF000000FF000000FF000000FF000000FF000000FF000000FF000000FF000000FF000000FF000000FF000000FF000000FF000000FF000000FF000000FF000000FF000000FF000000FF000000FF000000FF000000FF000000FF000000FF000000FF000000FF000000FF000000FF000000FF000000FF000000FF000000FF000000FF000000FF000000FF000000FF000000FF000000FF000000FF000000FF000000FF000000FF000000FF000000FF000000FF000000FF000000FF000000FF000000FF000000FF000000FF000000FF000000FF000000FF000000FF000000FF000000FF000000FF000000FF000000FF000000FF000000FF000000FF000000FF000000FF000000FF000000FF000000FF000000FF000000FF000000FF000000FF000000FF000000FF000000FF000000FF000000FF000000FF000000FF000000FF000000FF000000FF000000FF000000FF000000FF000000FF000000FF000000FF000000FF000000FF000000FF000000FF000000FF000000FF000000FF000000FF000000FF000000FF000000FF000000FF000000FF000000FF000000FF000000FF000000FF000000FF000000FF000000FF000000FF000000FF000000FF000000FF000000FF000000FF000000FF000000FF000000FF000000FF000000FF000000FF000000FF000000FF000000FF000000FF000000FF000000FF000000FF000000FF000000FF000000FF000000FF000000FF000000FF000000FF000000FF000000FF000000FF000000FF000000FF000000FF000000FF000000FF000000FF000000FF000000FF000000FF000000FF000000FF000000FF000000FF000000FF000000FF000000FF000000FF000000FF000000FF000000FF000000FF000000FF000000FF000000FF000000FF000000FF000000FF000000FF000000FF000000FF000000FF000000FF000000FF000000FF000000FF000000FF000000FF000000FF000000FF000000FF000000FF000000FF000000FF000000FF000000FF000000FF000000FF000000FF000000FF000000FF000000FF000000FF000000FF000000FF000000FF000000FF000000FF000000FF000000FF000000FF000000FF000000FF000000FF000000FF000000FF000000FF000000FF000000FF000000FF000000FF000000FF000000FF000000FF000000FF000000FF000000FF000000FF000000FF000000FF000000FF000000FF000000FF000000FF000000FF000000FF000000FF000000FF000000FF000000FF000000FF000000FF000000FFA9F922FFA9F922FF000000FF000000FF000000FF000000FF000000FF000000FFA9F922FFA9F922FF000000FF000000FF000000FF000000FF000000FF000000FF000000FF000000FF000000FF000000FF000000FF000000FF000000FF000000FF000000FF000000FF000000FF000000FFA9F922FFA9F922FFA9F922FFA9F922FF000000FF000000FF000000FF000000FFA9F922FFA9F922FF000000FF000000FF000000FF000000FF000000FF000000FF000000FF000000FF000000FF000000FF000000FF000000FF000000FF000000FF000000FF000000FF000000FF000000FF000000FF000000FF000000FF000000FF000000FF000000FF000000FF000000FF000000FF000000FF000000FF000000FF000000FF000000FF000000FF000000FF000000FF000000FF000000FF000000FF000000FF000000FF000000FF000000FF000000FF000000FF000000FF000000FF000000FF000000FF000000FF000000FF000000FF000000FF000000FF000000FF000000FF000000FF000000FF000000FF000000FF000000FF000000FF000000FF000000FF000000FF000000FF000000FF000000FF000000FF000000FF000000FF000000FF000000FF000000FF000000FF000000FF000000FF000000FF000000FFA9F922FFA9F922FF000000FF000000FF000000FF000000FF000000FF000000FF000000FF000000FF000000FF000000FF000000FF000000FF000000FF000000FF000000FF000000FF000000FF000000FF000000FF000000FF000000FF000000FFA9F922FFA9F922FF000000FF000000FF000000FF000000FF000000FF000000FFA9F922FFA9F922FF000000FF000000FF000000FF000000FFA9F922FFA9F922FF000000FF000000FF000000FF000000FF000000FF000000FF000000FF000000FF000000FF000000FF000000FF000000FFA9F922FFA9F922FF000000FF000000FF000000FF000000FF000000FF000000FF000000FF000000FF000000FF000000FF000000FF000000FFA9F922FFA9F922FF000000FF000000FF000000FF000000FF000000FF000000FF000000FF000000FF000000FF000000FF000000FF000000FF000000FF000000FF000000FF000000FFA9F922FFA9F922FF000000FF000000FF000000FF000000FF000000FF000000FF000000FF000000FFA9F922FFA9F922FF000000FF000000FF000000FF000000FF000000FF000000FF000000FF000000FF000000FF000000FF000000FF000000FF000000FF000000FF000000FF000000FF000000FF000000FF000000FF000000FF000000FF000000FF000000FF000000FF000000FF000000FFA9F922FFA9F922FF000000FF000000FF000000FF000000FF000000FF000000FF000000FF000000FF000000FF000000FF000000FF000000FF000000FF000000FF000000FF000000FFA9F922FFA9F922FF000000FF000000FF000000FF000000FF000000FF000000FF000000FF000000FFA9F922FFA9F922FFA9F922FFA9F922FF000000FF000000FF000000FF000000FFA9F922FFA9F922FF000000FF000000FF000000FF000000FFA9F922FFA9F922FF000000FF000000FF000000FF000000FF000000FF000000FF000000FF000000FF000000FF000000FF000000FF000000FF000000FF000000FF000000FF000000FF000000FF000000FF000000FF000000FF000000FF000000FF000000FF000000FF000000FF000000FFA9F922FFA9F922FFA9F922FFA9F922FF000000FF000000FF000000FF000000FFA9F922FFA9F922FF000000FF000000FF000000FF000000FF000000FF000000FF000000FF000000FF000000FF000000FF000000FF000000FF000000FF000000FF000000FF000000FF000000FF000000FF000000FF000000FF000000FF000000FF000000FF000000FF000000FF000000FF000000FF000000FF000000FF000000FF000000FF000000FF000000FF000000FF000000FF000000FF000000FF000000FF000000FF000000FF000000FF000000FF000000FF000000FF000000FF000000FF000000FF000000FF000000FF000000FF000000FF000000FF000000FF000000FF000000FF000000FF000000FF000000FF000000FF000000FF000000FF000000FF000000FF000000FF000000FF000000FF000000FF000000FF000000FF000000FF000000FF000000FF000000FF000000FF000000FF000000FF000000FF000000FF000000FF000000FF000000FF000000FF000000FF000000FF000000FF000000FF000000FF000000FF000000FF000000FF000000FF000000FF000000FF000000FF000000FF000000FF000000FF000000FF000000FF000000FF000000FF000000FF000000FF000000FF000000FF000000FF000000FF000000FF000000FF000000FF000000FF000000FF000000FF000000FF000000FF000000FF000000FF000000FF000000FF000000FF000000FF000000FF000000FF000000FF000000FF000000FF000000FF000000FF000000FF000000FF000000FF000000FF000000FF000000FF000000FF000000FF000000FF000000FF000000FF000000FF000000FF000000FF000000FF000000FF000000FF000000FF000000FF000000FF000000FF000000FF000000FF000000FF000000FF000000FF000000FF000000FF000000FF000000FF000000FF000000FF000000FF000000FF000000FF000000FF000000FF000000FF000000FF000000FF000000FF000000FF000000FF000000FF000000FF000000FF000000FF000000FF000000FF000000FF000000FF000000FF000000FF000000FF000000FF000000FF000000FF000000FF000000FF000000FF000000FF000000FF000000FF000000FF000000FF000000FF000000FF000000FF000000FF000000FF000000FF000000FF000000FF000000FF000000FF000000FF000000FF000000FF000000FF000000FF000000FF000000FF000000FF000000FF000000FF000000FF000000FF000000FF000000FF000000FF000000FF000000FF000000FF000000FF000000FF000000FF000000FF000000FF000000FF000000FF000000FF000000FF000000FF000000FF000000FF000000FF000000FF000000FF000000FF000000FF000000FF000000FF000000FF000000FFA9F922FFA9F922FF000000FF000000FF000000FF000000FF000000FF000000FFA9F922FFA9F922FF000000FF000000FF000000FF000000FF000000FF000000FF000000FF000000FF000000FF000000FF000000FF000000FF000000FF000000FF000000FF000000FF000000FF000000FFA9F922FFA9F922FFA9F922FFA9F922FF000000FF000000FF000000FF000000FFA9F922FFA9F922FF000000FF000000FF000000FF000000FF000000FF000000FF000000FF000000FF000000FF000000FF000000FF000000FF000000FF000000FF000000FF000000FF000000FF000000FF000000FF000000FF000000FF000000FF000000FF000000FF000000FF000000FF000000FF000000FF000000FF000000FF000000FF000000FF000000FF000000FF000000FF000000FF000000FF000000FF000000FF000000FF000000FF000000FF000000FF000000FF000000FF000000FF000000FF000000FF000000FF000000FF000000FF000000FF000000FF000000FF000000FF000000FF000000FF000000FF000000FF000000FF000000FF000000FF000000FF000000FF000000FF000000FF000000FF000000FF000000FF000000FF000000FF000000FF000000FF000000FF000000FF000000FF000000FF000000FFA9F922FFA9F922FF000000FF000000FF000000FF000000FF000000FF000000FF000000FF000000FF000000FF000000FF000000FF000000FF000000FF000000FF000000FF000000FF000000FF000000FF000000FF000000FF000000FF000000FFA9F922FFA9F922FF000000FF000000FF000000FF000000FF000000FF000000FFA9F922FFA9F922FF000000FF000000FF000000FF000000FFA9F922FFA9F922FF000000FF000000FF000000FF000000FF000000FF000000FF000000FF000000FF000000FF000000FF000000FF000000FFA9F922FFA9F922FF000000FF000000FF000000FF000000FF000000FF000000FF000000FF000000FF000000FF000000FF000000FF000000FFA9F922FFA9F922FF000000FF000000FF000000FF000000FF000000FF000000FF000000FF000000FF000000FF000000FF000000FF000000FF000000FF000000FF000000FF000000FFA9F922FFA9F922FF000000FF000000FF000000FF000000FF000000FF000000FF000000FF000000FFA9F922FFA9F922FF000000FF000000FF000000FF000000FF000000FF000000FF000000FF000000FF000000FF000000FF000000FF000000FF000000FF000000FF000000FF000000FF000000FF000000FF000000FF000000FF000000FF000000FF000000FF000000FF000000FF000000FFA9F922FFA9F922FF000000FF000000FF000000FF000000FF000000FF000000FF000000FF000000FF000000FF000000FF000000FF000000FF000000FF000000FF000000FF000000FFA9F922FFA9F922FF000000FF000000FF000000FF000000FF000000FF000000FF000000FF000000FFA9F922FFA9F922FFA9F922FFA9F922FF000000FF000000FF000000FF000000FFA9F922FFA9F922FF000000FF000000FF000000FF000000FFA9F922FFA9F922FF000000FF000000FF000000FF000000FF000000FF000000FF000000FF000000FF000000FF000000FF000000FF000000FF000000FF000000FF000000FF000000FF000000FF000000FF000000FF000000FF000000FF000000FF000000FF000000FF000000FF000000FFA9F922FFA9F922FFA9F922FFA9F922FF000000FF000000FF000000FF000000FFA9F922FFA9F922FF000000FF000000FF000000FF000000FF000000FF000000FF000000FF000000FF000000FF000000FF000000FF000000FF000000FF000000FF000000FF000000FF000000FF000000FF000000FF000000FF000000FF000000FF000000FF000000FF000000FF000000FF000000FF000000FF000000FF000000FF000000FF000000FF000000FF000000FF000000FF000000FF000000FF000000FF000000FF000000FF000000FF000000FF000000FF000000FF000000FF000000FF000000FF000000FF000000FF000000FF000000FF000000FF000000FF000000FF000000FF000000FF000000FF000000FF000000FF000000FF000000FF000000FF000000FF000000FF000000FF000000FF000000FF000000FF000000FF000000FF000000FF000000FF000000FF000000FF000000FF000000FF000000FF000000FF000000FF000000FF000000FF000000FF000000FF000000FF000000FF000000FF000000FF000000FF000000FF000000FF000000FF000000FF000000FF000000FF000000FF000000FF000000FF000000FF000000FF000000FF000000FF000000FF000000FF000000FF000000FF000000FF000000FF000000FF000000FF000000FF000000FF000000FF000000FF000000FF000000FF000000FF000000FF000000FF000000FF000000FF000000FF000000FF000000FF000000FF000000FF000000FF000000FF000000FF000000FF000000FF000000FF000000FF000000FF000000FF000000FF000000FF000000FF000000FF000000FF000000FF000000FF000000FF000000FF000000FF000000FF000000FF000000FF000000FF000000FF000000FF000000FF000000FF000000FF000000FF000000FF000000FF000000FF000000FF000000FF000000FF000000FF000000FF000000FF000000FF000000FF000000FF000000FF000000FF000000FF000000FF000000FF000000FF000000FF000000FF000000FF000000FF000000FF000000FF000000FF000000FF000000FF000000FF000000FF000000FF000000FF000000FF000000FF000000FF000000FF000000FF000000FF000000FF000000FF000000FF000000FF000000FF000000FF000000FF000000FF000000FF000000FF000000FF000000FF000000FF000000FF000000FF000000FF000000FF000000FF000000FF000000FF000000FF000000FF000000FF000000FF000000FF000000FF000000FF000000FF000000FF000000FF000000FF000000FF000000FF000000FF000000FF000000FF000000FF000000FF000000FF000000FF000000FF000000FF000000FF000000FF000000FF000000FF000000FF000000FF000000FF000000FF000000FFA9F922FFA9F922FF000000FF000000FF000000FF000000FF000000FF000000FFA9F922FFA9F922FF000000FF000000FF000000FF000000FF000000FF000000FF000000FF000000FF000000FF000000FF000000FF000000FF000000FF000000FF000000FF000000FF000000FF000000FFA9F922FFA9F922FF000000FF000000FFA9F922FFA9F922FF000000FF000000FFA9F922FFA9F922FF000000FF000000FF000000FF000000FF000000FF000000FF000000FF000000FF000000FF000000FF000000FF000000FF000000FF000000FF000000FF000000FF000000FF000000FF000000FF000000FF000000FF000000FF000000FF000000FF000000FF000000FF000000FF000000FF000000FF000000FF000000FF000000FF000000FF000000FF000000FF000000FF000000FF000000FF000000FF000000FF000000FF000000FF000000FF000000FF000000FF000000FF000000FF000000FF000000FF000000FF000000FF000000FF000000FF000000FF000000FF000000FF000000FF000000FF000000FF000000FF000000FF000000FF000000FF000000FF000000FF000000FF000000FF000000FF000000FF000000FF000000FF000000FF000000FF000000FF000000FF000000FF000000FF000000FF000000FF000000FF000000FF000000FF000000FF000000FF000000FF000000FF000000FF000000FF000000FF000000FF000000FF000000FF000000FF000000FF000000FF000000FF000000FF000000FF000000FF000000FF000000FF000000FFA9F922FFA9F922FF000000FF000000FF000000FF000000FF000000FF000000FFA9F922FFA9F922FF000000FF000000FF000000FF000000FFA9F922FFA9F922FFA9F922FFA9F922FFA9F922FFA9F922FFA9F922FFA9F922FF000000FF000000FF000000FF000000FF000000FF000000FFA9F922FFA9F922FF000000FF000000FF000000FF000000FF000000FF000000FF000000FF000000FF000000FF000000FF000000FF000000FFA9F922FFA9F922FFA9F922FFA9F922FFA9F922FFA9F922FFA9F922FFA9F922FF000000FF000000FF000000FF000000FF000000FF000000FF000000FF000000FF000000FF000000FFA9F922FFA9F922FF000000FF000000FF000000FF000000FF000000FF000000FF000000FF000000FFA9F922FFA9F922FFA9F922FFA9F922FFA9F922FFA9F922FFA9F922FFA9F922FF000000FF000000FF000000FF000000FF000000FF000000FF000000FF000000FF000000FF000000FF000000FF000000FF000000FF000000FF000000FF000000FF000000FF000000FF000000FF000000FFA9F922FFA9F922FF000000FF000000FF000000FF000000FF000000FF000000FF000000FF000000FF000000FF000000FF000000FF000000FF000000FF000000FF000000FF000000FFA9F922FFA9F922FF000000FF000000FF000000FF000000FF000000FF000000FF000000FF000000FFA9F922FFA9F922FF000000FF000000FFA9F922FFA9F922FF000000FF000000FFA9F922FFA9F922FF000000FF000000FF000000FF000000FFA9F922FFA9F922FFA9F922FFA9F922FFA9F922FFA9F922FFA9F922FFA9F922FF000000FF000000FF000000FF000000FF000000FF000000FF000000FF000000FF000000FF000000FF000000FF000000FF000000FF000000FF000000FF000000FF000000FF000000FF000000FF000000FFA9F922FFA9F922FF000000FF000000FFA9F922FFA9F922FF000000FF000000FFA9F922FFA9F922FF000000FF000000FF000000FF000000FF000000FF000000FF000000FF000000FF000000FF000000FF000000FF000000FF000000FF000000FF000000FF000000FF000000FF000000FF000000FF000000FF000000FF000000FF000000FF000000FF000000FF000000FF000000FF000000FF000000FF000000FF000000FF000000FF000000FF000000FF000000FF000000FF000000FF000000FF000000FF000000FF000000FF000000FF000000FF000000FF000000FF000000FF000000FF000000FF000000FF000000FF000000FF000000FF000000FF000000FF000000FF000000FF000000FF000000FF000000FF000000FF000000FF000000FF000000FF000000FF000000FF000000FF000000FF000000FF000000FF000000FF000000FF000000FF000000FF000000FF000000FF000000FF000000FF000000FF000000FF000000FF000000FF000000FF000000FF000000FF000000FF000000FF000000FF000000FF000000FF000000FF000000FF000000FF000000FF000000FF000000FF000000FF000000FF000000FF000000FF000000FF000000FF000000FF000000FF000000FF000000FF000000FF000000FF000000FF000000FF000000FF000000FF000000FF000000FF000000FF000000FF000000FF000000FF000000FF000000FF000000FF000000FF000000FF000000FF000000FF000000FF000000FF000000FF000000FF000000FF000000FF000000FF000000FF000000FF000000FF000000FF000000FF000000FF000000FF000000FF000000FF000000FF000000FF000000FF000000FF000000FF000000FF000000FF000000FF000000FF000000FF000000FF000000FF000000FF000000FF000000FF000000FF000000FF000000FF000000FF000000FF000000FF000000FF000000FF000000FF000000FF000000FF000000FF000000FF000000FF000000FF000000FF000000FF000000FF000000FF000000FF000000FF000000FF000000FF000000FF000000FF000000FF000000FF000000FF000000FF000000FF000000FF000000FF000000FF000000FF000000FF000000FF000000FF000000FF000000FF000000FF000000FF000000FF000000FF000000FF000000FF000000FF000000FF000000FF000000FF000000FF000000FF000000FF000000FF000000FF000000FF000000FF000000FF000000FF000000FF000000FF000000FF000000FF000000FF000000FF000000FF000000FF000000FF000000FF000000FF000000FF000000FF000000FF000000FF000000FF000000FF000000FF000000FF000000FF000000FF000000FF000000FF000000FF000000FF000000FF000000FF000000FF000000FFA9F922FFA9F922FF000000FF000000FF000000FF000000FF000000FF000000FFA9F922FFA9F922FF000000FF000000FF000000FF000000FF000000FF000000FF000000FF000000FF000000FF000000FF000000FF000000FF000000FF000000FF000000FF000000FF000000FF000000FFA9F922FFA9F922FF000000FF000000FFA9F922FFA9F922FF000000FF000000FFA9F922FFA9F922FF000000FF000000FF000000FF000000FF000000FF000000FF000000FF000000FF000000FF000000FF000000FF000000FF000000FF000000FF000000FF000000FF000000FF000000FF000000FF000000FF000000FF000000FF000000FF000000FF000000FF000000FF000000FF000000FF000000FF000000FF000000FF000000FF000000FF000000FF000000FF000000FF000000FF000000FF000000FF000000FF000000FF000000FF000000FF000000FF000000FF000000FF000000FF000000FF000000FF000000FF000000FF000000FF000000FF000000FF000000FF000000FF000000FF000000FF000000FF000000FF000000FF000000FF000000FF000000FF000000FF000000FF000000FF000000FF000000FF000000FF000000FF000000FF000000FF000000FF000000FF000000FF000000FF000000FF000000FF000000FF000000FF000000FF000000FF000000FF000000FF000000FF000000FF000000FF000000FF000000FF000000FF000000FF000000FF000000FF000000FF000000FF000000FF000000FF000000FF000000FF000000FF000000FFA9F922FFA9F922FF000000FF000000FF000000FF000000FF000000FF000000FFA9F922FFA9F922FF000000FF000000FF000000FF000000FFA9F922FFA9F922FFA9F922FFA9F922FFA9F922FFA9F922FFA9F922FFA9F922FF000000FF000000FF000000FF000000FF000000FF000000FFA9F922FFA9F922FF000000FF000000FF000000FF000000FF000000FF000000FF000000FF000000FF000000FF000000FF000000FF000000FFA9F922FFA9F922FFA9F922FFA9F922FFA9F922FFA9F922FFA9F922FFA9F922FF000000FF000000FF000000FF000000FF000000FF000000FF000000FF000000FF000000FF000000FFA9F922FFA9F922FF000000FF000000FF000000FF000000FF000000FF000000FF000000FF000000FFA9F922FFA9F922FFA9F922FFA9F922FFA9F922FFA9F922FFA9F922FFA9F922FF000000FF000000FF000000FF000000FF000000FF000000FF000000FF000000FF000000FF000000FF000000FF000000FF000000FF000000FF000000FF000000FF000000FF000000FF000000FF000000FFA9F922FFA9F922FF000000FF000000FF000000FF000000FF000000FF000000FF000000FF000000FF000000FF000000FF000000FF000000FF000000FF000000FF000000FF000000FFA9F922FFA9F922FF000000FF000000FF000000FF000000FF000000FF000000FF000000FF000000FFA9F922FFA9F922FF000000FF000000FFA9F922FFA9F922FF000000FF000000FFA9F922FFA9F922FF000000FF000000FF000000FF000000FFA9F922FFA9F922FFA9F922FFA9F922FFA9F922FFA9F922FFA9F922FFA9F922FF000000FF000000FF000000FF000000FF000000FF000000FF000000FF000000FF000000FF000000FF000000FF000000FF000000FF000000FF000000FF000000FF000000FF000000FF000000FF000000FFA9F922FFA9F922FF000000FF000000FFA9F922FFA9F922FF000000FF000000FFA9F922FFA9F922FF000000FF000000FF000000FF000000FF000000FF000000FF000000FF000000FF000000FF000000FF000000FF000000FF000000FF000000FF000000FF000000FF000000FF000000FF000000FF000000FF000000FF000000FF000000FF000000FF000000FF000000FF000000FF000000FF000000FF000000FF000000FF000000FF000000FF000000FF000000FF000000FF000000FF000000FF000000FF000000FF000000FF000000FF000000FF000000FF000000FF000000FF000000FF000000FF000000FF000000FF000000FF000000FF000000FF000000FF000000FF000000FF000000FF000000FF000000FF000000FF000000FF000000FF000000FF000000FF000000FF000000FF000000FF000000FF000000FF000000FF000000FF000000FF000000FF000000FF000000FF000000FF000000FF000000FF000000FF000000FF000000FF000000FF000000FF000000FF000000FF000000FF000000FF000000FF000000FF000000FF000000FF000000FF000000FF000000FF000000FF000000FF000000FF000000FF000000FF000000FF000000FF000000FF000000FF000000FF000000FF000000FF000000FF000000FF000000FF000000FF000000FF000000FF000000FF000000FF000000FF000000FF000000FF000000FF000000FF000000FF000000FF000000FF000000FF000000FF000000FF000000FF000000FF000000FF000000FF000000FF000000FF000000FF000000FF000000FF000000FF000000FF000000FF000000FF000000FF000000FF000000FF000000FF000000FF000000FF000000FF000000FF000000FF000000FF000000FF000000FF000000FF000000FF000000FF000000FF000000FF000000FF000000FF000000FF000000FF000000FF000000FF000000FF000000FF000000FF000000FF000000FF000000FF000000FF000000FF000000FF000000FF000000FF000000FF000000FF000000FF000000FF000000FF000000FF000000FF000000FF000000FF000000FF000000FF000000FF000000FF000000FF000000FF000000FF000000FF000000FF000000FF000000FF000000FF000000FF000000FF000000FF000000FF000000FF000000FF000000FF000000FF000000FF000000FF000000FF000000FF000000FF000000FF000000FF000000FF000000FF000000FF000000FF000000FF000000FF000000FF000000FF000000FF000000FF000000FF000000FF000000FF000000FF000000FF000000FF000000FF000000FF000000FF000000FF000000FF000000FF000000FF000000FF000000FF000000FF000000FF000000FF000000FF000000FF000000FF000000FF000000FF000000FFA9F922FFA9F922FF000000FF000000FF000000FF000000FF000000FF000000FFA9F922FFA9F922FF000000FF000000FF000000FF000000FF000000FF000000FF000000FF000000FF000000FF000000FF000000FF000000FF000000FF000000FF000000FF000000FF000000FF000000FFA9F922FFA9F922FF000000FF000000FF000000FF000000FFA9F922FFA9F922FFA9F922FFA9F922FF000000FF000000FF000000FF000000FF000000FF000000FF000000FF000000FF000000FF000000FF000000FF000000FF000000FF000000FF000000FF000000FF000000FF000000FF000000FF000000FF000000FF000000FF000000FF000000FF000000FF000000FF000000FF000000FF000000FF000000FF000000FF000000FF000000FF000000FF000000FF000000FF000000FF000000FF000000FF000000FF000000FF000000FF000000FF000000FF000000FF000000FF000000FF000000FF000000FF000000FF000000FF000000FF000000FF000000FF000000FF000000FF000000FF000000FF000000FF000000FF000000FF000000FF000000FF000000FF000000FF000000FF000000FF000000FF000000FF000000FF000000FF000000FF000000FF000000FF000000FF000000FF000000FF000000FFA9F922FFA9F922FF000000FF000000FF000000FF000000FF000000FF000000FF000000FF000000FF000000FF000000FF000000FF000000FF000000FF000000FF000000FF000000FF000000FF000000FF000000FF000000FF000000FF000000FFA9F922FFA9F922FF000000FF000000FF000000FF000000FF000000FF000000FFA9F922FFA9F922FF000000FF000000FF000000FF000000FFA9F922FFA9F922FF000000FF000000FF000000FF000000FF000000FF000000FF000000FF000000FF000000FF000000FF000000FF000000FFA9F922FFA9F922FF000000FF000000FF000000FF000000FF000000FF000000FF000000FF000000FF000000FF000000FF000000FF000000FFA9F922FFA9F922FF000000FF000000FF000000FF000000FF000000FF000000FF000000FF000000FF000000FF000000FF000000FF000000FF000000FF000000FF000000FF000000FFA9F922FFA9F922FF000000FF000000FF000000FF000000FF000000FF000000FF000000FF000000FFA9F922FFA9F922FF000000FF000000FF000000FF000000FF000000FF000000FF000000FF000000FF000000FF000000FF000000FF000000FF000000FF000000FF000000FF000000FF000000FF000000FF000000FF000000FF000000FF000000FF000000FF000000FF000000FF000000FFA9F922FFA9F922FF000000FF000000FF000000FF000000FF000000FF000000FF000000FF000000FF000000FF000000FF000000FF000000FF000000FF000000FF000000FF000000FFA9F922FFA9F922FF000000FF000000FF000000FF000000FF000000FF000000FF000000FF000000FFA9F922FFA9F922FF000000FF000000FF000000FF000000FFA9F922FFA9F922FFA9F922FFA9F922FF000000FF000000FF000000FF000000FFA9F922FFA9F922FF000000FF000000FF000000FF000000FF000000FF000000FF000000FF000000FF000000FF000000FF000000FF000000FF000000FF000000FF000000FF000000FF000000FF000000FF000000FF000000FF000000FF000000FF000000FF000000FF000000FF000000FFA9F922FFA9F922FF000000FF000000FF000000FF000000FFA9F922FFA9F922FFA9F922FFA9F922FF000000FF000000FF000000FF000000FF000000FF000000FF000000FF000000FF000000FF000000FF000000FF000000FF000000FF000000FF000000FF000000FF000000FF000000FF000000FF000000FF000000FF000000FF000000FF000000FF000000FF000000FF000000FF000000FF000000FF000000FF000000FF000000FF000000FF000000FF000000FF000000FF000000FF000000FF000000FF000000FF000000FF000000FF000000FF000000FF000000FF000000FF000000FF000000FF000000FF000000FF000000FF000000FF000000FF000000FF000000FF000000FF000000FF000000FF000000FF000000FF000000FF000000FF000000FF000000FF000000FF000000FF000000FF000000FF000000FF000000FF000000FF000000FF000000FF000000FF000000FF000000FF000000FF000000FF000000FF000000FF000000FF000000FF000000FF000000FF000000FF000000FF000000FF000000FF000000FF000000FF000000FF000000FF000000FF000000FF000000FF000000FF000000FF000000FF000000FF000000FF000000FF000000FF000000FF000000FF000000FF000000FF000000FF000000FF000000FF000000FF000000FF000000FF000000FF000000FF000000FF000000FF000000FF000000FF000000FF000000FF000000FF000000FF000000FF000000FF000000FF000000FF000000FF000000FF000000FF000000FF000000FF000000FF000000FF000000FF000000FF000000FF000000FF000000FF000000FF000000FF000000FF000000FF000000FF000000FF000000FF000000FF000000FF000000FF000000FF000000FF000000FF000000FF000000FF000000FF000000FF000000FF000000FF000000FF000000FF000000FF000000FF000000FF000000FF000000FF000000FF000000FF000000FF000000FF000000FF000000FF000000FF000000FF000000FF000000FF000000FF000000FF000000FF000000FF000000FF000000FF000000FF000000FF000000FF000000FF000000FF000000FF000000FF000000FF000000FF000000FF000000FF000000FF000000FF000000FF000000FF000000FF000000FF000000FF000000FF000000FF000000FF000000FF000000FF000000FF000000FF000000FF000000FF000000FF000000FF000000FF000000FF000000FF000000FF000000FF000000FF000000FF000000FF000000FF000000FF000000FF000000FF000000FF000000FF000000FF000000FF000000FF000000FF000000FF000000FF000000FF000000FF000000FF000000FF000000FF000000FF000000FF000000FF000000FF000000FF000000FF000000FF000000FFA9F922FFA9F922FF000000FF000000FF000000FF000000FF000000FF000000FFA9F922FFA9F922FF000000FF000000FF000000FF000000FF000000FF000000FF000000FF000000FF000000FF000000FF000000FF000000FF000000FF000000FF000000FF000000FF000000FF000000FFA9F922FFA9F922FF000000FF000000FF000000FF000000FFA9F922FFA9F922FFA9F922FFA9F922FF000000FF000000FF000000FF000000FF000000FF000000FF000000FF000000FF000000FF000000FF000000FF000000FF000000FF000000FF000000FF000000FF000000FF000000FF000000FF000000FF000000FF000000FF000000FF000000FF000000FF000000FF000000FF000000FF000000FF000000FF000000FF000000FF000000FF000000FF000000FF000000FF000000FF000000FF000000FF000000FF000000FF000000FF000000FF000000FF000000FF000000FF000000FF000000FF000000FF000000FF000000FF000000FF000000FF000000FF000000FF000000FF000000FF000000FF000000FF000000FF000000FF000000FF000000FF000000FF000000FF000000FF000000FF000000FF000000FF000000FF000000FF000000FF000000FF000000FF000000FF000000FF000000FF000000FFA9F922FFA9F922FF000000FF000000FF000000FF000000FF000000FF000000FF000000FF000000FF000000FF000000FF000000FF000000FF000000FF000000FF000000FF000000FF000000FF000000FF000000FF000000FF000000FF000000FFA9F922FFA9F922FF000000FF000000FF000000FF000000FF000000FF000000FFA9F922FFA9F922FF000000FF000000FF000000FF000000FFA9F922FFA9F922FF000000FF000000FF000000FF000000FF000000FF000000FF000000FF000000FF000000FF000000FF000000FF000000FFA9F922FFA9F922FF000000FF000000FF000000FF000000FF000000FF000000FF000000FF000000FF000000FF000000FF000000FF000000FFA9F922FFA9F922FF000000FF000000FF000000FF000000FF000000FF000000FF000000FF000000FF000000FF000000FF000000FF000000FF000000FF000000FF000000FF000000FFA9F922FFA9F922FF000000FF000000FF000000FF000000FF000000FF000000FF000000FF000000FFA9F922FFA9F922FF000000FF000000FF000000FF000000FF000000FF000000FF000000FF000000FF000000FF000000FF000000FF000000FF000000FF000000FF000000FF000000FF000000FF000000FF000000FF000000FF000000FF000000FF000000FF000000FF000000FF000000FFA9F922FFA9F922FF000000FF000000FF000000FF000000FF000000FF000000FF000000FF000000FF000000FF000000FF000000FF000000FF000000FF000000FF000000FF000000FFA9F922FFA9F922FF000000FF000000FF000000FF000000FF000000FF000000FF000000FF000000FFA9F922FFA9F922FF000000FF000000FF000000FF000000FFA9F922FFA9F922FFA9F922FFA9F922FF000000FF000000FF000000FF000000FFA9F922FFA9F922FF000000FF000000FF000000FF000000FF000000FF000000FF000000FF000000FF000000FF000000FF000000FF000000FF000000FF000000FF000000FF000000FF000000FF000000FF000000FF000000FF000000FF000000FF000000FF000000FF000000FF000000FFA9F922FFA9F922FF000000FF000000FF000000FF000000FFA9F922FFA9F922FFA9F922FFA9F922FF000000FF000000FF000000FF000000FF000000FF000000FF000000FF000000FF000000FF000000FF000000FF000000FF000000FF000000FF000000FF000000FF000000FF000000FF000000FF000000FF000000FF000000FF000000FF000000FF000000FF000000FF000000FF000000FF000000FF000000FF000000FF000000FF000000FF000000FF000000FF000000FF000000FF000000FF000000FF000000FF000000FF000000FF000000FF000000FF000000FF000000FF000000FF000000FF000000FF000000FF000000FF000000FF000000FF000000FF000000FF000000FF000000FF000000FF000000FF000000FF000000FF000000FF000000FF000000FF000000FF000000FF000000FF000000FF000000FF000000FF000000FF000000FF000000FF000000FF000000FF000000FF000000FF000000FF000000FF000000FF000000FF000000FF000000FF000000FF000000FF000000FF000000FF000000FF000000FF000000FF000000FF000000FF000000FF000000FF000000FF000000FF000000FF000000FF000000FF000000FF000000FF000000FF000000FF000000FF000000FF000000FF000000FF000000FF000000FF000000FF000000FF000000FF000000FF000000FF000000FF000000FF000000FF000000FF000000FF000000FF000000FF000000FF000000FF000000FF000000FF000000FF000000FF000000FF000000FF000000FF000000FF000000FF000000FF000000FF000000FF000000FF000000FF000000FF000000FF000000FF000000FF000000FF000000FF000000FF000000FF000000FF000000FF000000FF000000FF000000FF000000FF000000FF000000FF000000FF000000FF000000FF000000FF000000FF000000FF000000FF000000FF000000FF000000FF000000FF000000FF000000FF000000FF000000FF000000FF000000FF000000FF000000FF000000FF000000FF000000FF000000FF000000FF000000FF000000FF000000FF000000FF000000FF000000FF000000FF000000FF000000FF000000FF000000FF000000FF000000FF000000FF000000FF000000FF000000FF000000FF000000FF000000FF000000FF000000FF000000FF000000FF000000FF000000FF000000FF000000FF000000FF000000FF000000FF000000FF000000FF000000FF000000FF000000FF000000FF000000FF000000FF000000FF000000FF000000FF000000FF000000FF000000FF000000FF000000FF000000FF000000FF000000FF000000FF000000FF000000FF000000FF000000FF000000FF000000FF000000FF000000FF000000FF000000FF000000FF000000FF000000FF000000FFA9F922FFA9F922FF000000FF000000FF000000FF000000FF000000FF000000FFA9F922FFA9F922FF000000FF000000FF000000FF000000FF000000FF000000FF000000FF000000FF000000FF000000FF000000FF000000FF000000FF000000FF000000FF000000FF000000FF000000FFA9F922FFA9F922FF000000FF000000FF000000FF000000FF000000FF000000FFA9F922FFA9F922FF000000FF000000FF000000FF000000FF000000FF000000FF000000FF000000FF000000FF000000FF000000FF000000FF000000FF000000FF000000FF000000FF000000FF000000FF000000FF000000FF000000FF000000FF000000FF000000FF000000FF000000FF000000FF000000FF000000FF000000FF000000FF000000FF000000FF000000FF000000FF000000FF000000FF000000FF000000FF000000FF000000FF000000FF000000FF000000FF000000FF000000FF000000FF000000FF000000FF000000FF000000FF000000FF000000FF000000FF000000FF000000FF000000FF000000FF000000FF000000FF000000FF000000FF000000FF000000FF000000FF000000FF000000FF000000FF000000FF000000FF000000FF000000FF000000FF000000FF000000FF000000FF000000FF000000FF000000FF000000FF000000FF000000FF000000FF000000FF000000FF000000FF000000FF000000FF000000FF000000FF000000FF000000FF000000FF000000FF000000FF000000FF000000FF000000FF000000FF000000FF000000FF000000FFA9F922FFA9F922FF000000FF000000FF000000FF000000FF000000FF000000FFA9F922FFA9F922FF000000FF000000FF000000FF000000FFA9F922FFA9F922FF000000FF000000FF000000FF000000FF000000FF000000FF000000FF000000FF000000FF000000FF000000FF000000FFA9F922FFA9F922FF000000FF000000FF000000FF000000FF000000FF000000FF000000FF000000FF000000FF000000FF000000FF000000FFA9F922FFA9F922FF000000FF000000FF000000FF000000FF000000FF000000FF000000FF000000FF000000FF000000FF000000FF000000FF000000FF000000FF000000FF000000FFA9F922FFA9F922FF000000FF000000FF000000FF000000FF000000FF000000FF000000FF000000FFA9F922FFA9F922FF000000FF000000FF000000FF000000FF000000FF000000FF000000FF000000FF000000FF000000FF000000FF000000FF000000FF000000FF000000FF000000FF000000FF000000FF000000FF000000FF000000FF000000FF000000FF000000FF000000FF000000FFA9F922FFA9F922FF000000FF000000FF000000FF000000FF000000FF000000FF000000FF000000FF000000FF000000FF000000FF000000FF000000FF000000FF000000FF000000FFA9F922FFA9F922FF000000FF000000FF000000FF000000FF000000FF000000FF000000FF000000FFA9F922FFA9F922FF000000FF000000FF000000FF000000FF000000FF000000FFA9F922FFA9F922FF000000FF000000FF000000FF000000FFA9F922FFA9F922FF000000FF000000FF000000FF000000FF000000FF000000FF000000FF000000FF000000FF000000FF000000FF000000FF000000FF000000FF000000FF000000FF000000FF000000FF000000FF000000FF000000FF000000FF000000FF000000FF000000FF000000FFA9F922FFA9F922FF000000FF000000FF000000FF000000FF000000FF000000FFA9F922FFA9F922FF000000FF000000FF000000FF000000FF000000FF000000FF000000FF000000FF000000FF000000FF000000FF000000FF000000FF000000FF000000FF000000FF000000FF000000FF000000FF000000FF000000FF000000FF000000FF000000FF000000FF000000FF000000FF000000FF000000FF000000FF000000FF000000FF000000FF000000FF000000FF000000FF000000FF000000FF000000FF000000FF000000FF000000FF000000FF000000FF000000FF000000FF000000FF000000FF000000FF000000FF000000FF000000FF000000FF000000FF000000FF000000FF000000FF000000FF000000FF000000FF000000FF000000FF000000FF000000FF000000FF000000FF000000FF000000FF000000FF000000FF000000FF000000FF000000FF000000FF000000FF000000FF000000FF000000FF000000FF000000FF000000FF000000FF000000FF000000FF000000FF000000FF000000FF000000FF000000FF000000FF000000FF000000FF000000FF000000FF000000FF000000FF000000FF000000FF000000FF000000FF000000FF000000FF000000FF000000FF000000FF000000FF000000FF000000FF000000FF000000FF000000FF000000FF000000FF000000FF000000FF000000FF000000FF000000FF000000FF000000FF000000FF000000FF000000FF000000FF000000FF000000FF000000FF000000FF000000FF000000FF000000FF000000FF000000FF000000FF000000FF000000FF000000FF000000FF000000FF000000FF000000FF000000FF000000FF000000FF000000FF000000FF000000FF000000FF000000FF000000FF000000FF000000FF000000FF000000FF000000FF000000FF000000FF000000FF000000FF000000FF000000FF000000FF000000FF000000FF000000FF000000FF000000FF000000FF000000FF000000FF000000FF000000FF000000FF000000FF000000FF000000FF000000FF000000FF000000FF000000FF000000FF000000FF000000FF000000FF000000FF000000FF000000FF000000FF000000FF000000FF000000FF000000FF000000FF000000FF000000FF000000FF000000FF000000FF000000FF000000FF000000FF000000FF000000FF000000FF000000FF000000FF000000FF000000FF000000FF000000FF000000FF000000FF000000FF000000FF000000FF000000FF000000FF000000FF000000FF000000FF000000FF000000FF000000FF000000FF000000FF000000FF000000FF000000FF000000FF000000FF000000FF000000FF000000FF000000FF000000FF000000FF000000FF000000FF000000FF000000FF000000FF000000FFA9F922FFA9F922FF000000FF000000FF000000FF000000FF000000FF000000FFA9F922FFA9F922FF000000FF000000FF000000FF000000FF000000FF000000FF000000FF000000FF000000FF000000FF000000FF000000FF000000FF000000FF000000FF000000FF000000FF000000FFA9F922FFA9F922FF000000FF000000FF000000FF000000FF000000FF000000FFA9F922FFA9F922FF000000FF000000FF000000FF000000FF000000FF000000FF000000FF000000FF000000FF000000FF000000FF000000FF000000FF000000FF000000FF000000FF000000FF000000FF000000FF000000FF000000FF000000FF000000FF000000FF000000FF000000FF000000FF000000FF000000FF000000FF000000FF000000FF000000FF000000FF000000FF000000FF000000FF000000FF000000FF000000FF000000FF000000FF000000FF000000FF000000FF000000FF000000FF000000FF000000FF000000FF000000FF000000FF000000FF000000FF000000FF000000FF000000FF000000FF000000FF000000FF000000FF000000FF000000FF000000FF000000FF000000FF000000FF000000FF000000FF000000FF000000FF000000FF000000FF000000FF000000FF000000FF000000FF000000FF000000FF000000FF000000FF000000FF000000FF000000FF000000FF000000FF000000FF000000FF000000FF000000FF000000FF000000FF000000FF000000FF000000FF000000FF000000FF000000FF000000FF000000FF000000FF000000FFA9F922FFA9F922FF000000FF000000FF000000FF000000FF000000FF000000FFA9F922FFA9F922FF000000FF000000FF000000FF000000FFA9F922FFA9F922FF000000FF000000FF000000FF000000FF000000FF000000FF000000FF000000FF000000FF000000FF000000FF000000FFA9F922FFA9F922FF000000FF000000FF000000FF000000FF000000FF000000FF000000FF000000FF000000FF000000FF000000FF000000FFA9F922FFA9F922FF000000FF000000FF000000FF000000FF000000FF000000FF000000FF000000FF000000FF000000FF000000FF000000FF000000FF000000FF000000FF000000FFA9F922FFA9F922FF000000FF000000FF000000FF000000FF000000FF000000FF000000FF000000FFA9F922FFA9F922FF000000FF000000FF000000FF000000FF000000FF000000FF000000FF000000FF000000FF000000FF000000FF000000FF000000FF000000FF000000FF000000FF000000FF000000FF000000FF000000FF000000FF000000FF000000FF000000FF000000FF000000FFA9F922FFA9F922FF000000FF000000FF000000FF000000FF000000FF000000FF000000FF000000FF000000FF000000FF000000FF000000FF000000FF000000FF000000FF000000FFA9F922FFA9F922FF000000FF000000FF000000FF000000FF000000FF000000FF000000FF000000FFA9F922FFA9F922FF000000FF000000FF000000FF000000FF000000FF000000FFA9F922FFA9F922FF000000FF000000FF000000FF000000FFA9F922FFA9F922FF000000FF000000FF000000FF000000FF000000FF000000FF000000FF000000FF000000FF000000FF000000FF000000FF000000FF000000FF000000FF000000FF000000FF000000FF000000FF000000FF000000FF000000FF000000FF000000FF000000FF000000FFA9F922FFA9F922FF000000FF000000FF000000FF000000FF000000FF000000FFA9F922FFA9F922FF000000FF000000FF000000FF000000FF000000FF000000FF000000FF000000FF000000FF000000FF000000FF000000FF000000FF000000FF000000FF000000FF000000FF000000FF000000FF000000FF000000FF000000FF000000FF000000FF000000FF000000FF000000FF000000FF000000FF000000FF000000FF000000FF000000FF000000FF000000FF000000FF000000FF000000FF000000FF000000FF000000FF000000FF000000FF000000FF000000FF000000FF000000FF000000FF000000FF000000FF000000FF000000FF000000FF000000FF000000FF000000FF000000FF000000FF000000FF000000FF000000FF000000FF000000FF000000FF000000FF000000FF000000FF000000FF000000FF000000FF000000FF000000FF000000FF000000FF000000FF000000FF000000FF000000FF000000FF000000FF000000FF000000FF000000FF000000FF000000FF000000FF000000FF000000FF000000FF000000FF000000FF000000FF000000FF000000FF000000FF000000FF000000FF000000FF000000FF000000FF000000FF000000FF000000FF000000FF000000FF000000FF000000FF000000FF000000FF000000FF000000FF000000FF000000FF000000FF000000FF000000FF000000FF000000FF000000FF000000FF000000FF000000FF000000FF000000FF000000FF000000FF000000FF000000FF000000FF000000FF000000FF000000FF000000FF000000FF000000FF000000FF000000FF000000FF000000FF000000FF000000FF000000FF000000FF000000FF000000FF000000FF000000FF000000FF000000FF000000FF000000FF000000FF000000FF000000FF000000FF000000FF000000FF000000FF000000FF000000FF000000FF000000FF000000FF000000FF000000FF000000FF000000FF000000FF000000FF000000FF000000FF000000FF000000FF000000FF000000FF000000FF000000FF000000FF000000FF000000FF000000FF000000FF000000FF000000FF000000FF000000FF000000FF000000FF000000FF000000FF000000FF000000FF000000FF000000FF000000FF000000FF000000FF000000FF000000FF000000FF000000FF000000FF000000FF000000FF000000FF000000FF000000FF000000FF000000FF000000FF000000FF000000FF000000FF000000FF000000FF000000FF000000FF000000FF000000FF000000FF000000FF000000FF000000FF000000FF000000FF000000FF000000FF000000FF000000FF000000FF000000FF000000FF000000FF000000FF000000FF000000FF000000FF000000FF000000FF000000FF000000FF000000FFA9F922FFA9F922FFA9F922FFA9F922FFA9F922FFA9F922FFA9F922FFA9F922FF000000FF000000FF000000FF000000FF000000FF000000FF000000FF000000FF000000FF000000FF000000FF000000FF000000FF000000FF000000FF000000FF000000FF000000FF000000FF000000FFA9F922FFA9F922FF000000FF000000FF000000FF000000FF000000FF000000FFA9F922FFA9F922FF000000FF000000FF000000FF000000FF000000FF000000FF000000FF000000FF000000FF000000FF000000FF000000FF000000FF000000FF000000FF000000FF000000FF000000FF000000FF000000FF000000FF000000FF000000FF000000FF000000FF000000FF000000FF000000FF000000FF000000FF000000FF000000FF000000FF000000FF000000FF000000FF000000FF000000FF000000FF000000FF000000FF000000FF000000FF000000FF000000FF000000FF000000FF000000FF000000FF000000FF000000FF000000FF000000FF000000FF000000FF000000FF000000FF000000FF000000FF000000FF000000FF000000FF000000FF000000FF000000FF000000FF000000FF000000FF000000FF000000FF000000FF000000FF000000FF000000FF000000FF000000FF000000FF000000FF000000FF000000FF000000FF000000FF000000FF000000FF000000FF000000FF000000FF000000FF000000FF000000FF000000FF000000FF000000FF000000FF000000FF000000FF000000FF000000FF000000FF000000FF000000FF000000FFA9F922FFA9F922FFA9F922FFA9F922FFA9F922FFA9F922FFA9F922FFA9F922FF000000FF000000FF000000FF000000FF000000FF000000FFA9F922FFA9F922FFA9F922FFA9F922FFA9F922FFA9F922FFA9F922FFA9F922FFA9F922FFA9F922FF000000FF000000FF000000FF000000FFA9F922FFA9F922FFA9F922FFA9F922FFA9F922FFA9F922FFA9F922FFA9F922FFA9F922FFA9F922FF000000FF000000FF000000FF000000FFA9F922FFA9F922FFA9F922FFA9F922FFA9F922FFA9F922FFA9F922FFA9F922FFA9F922FFA9F922FF000000FF000000FF000000FF000000FF000000FF000000FF000000FF000000FFA9F922FFA9F922FF000000FF000000FF000000FF000000FF000000FF000000FF000000FF000000FFA9F922FFA9F922FFA9F922FFA9F922FFA9F922FFA9F922FFA9F922FFA9F922FFA9F922FFA9F922FF000000FF000000FF000000FF000000FF000000FF000000FF000000FF000000FF000000FF000000FF000000FF000000FF000000FF000000FF000000FF000000FF000000FF000000FFA9F922FFA9F922FFA9F922FFA9F922FFA9F922FFA9F922FFA9F922FFA9F922FFA9F922FFA9F922FF000000FF000000FF000000FF000000FF000000FF000000FFA9F922FFA9F922FFA9F922FFA9F922FFA9F922FFA9F922FF000000FF000000FF000000FF000000FF000000FF000000FFA9F922FFA9F922FF000000FF000000FF000000FF000000FF000000FF000000FFA9F922FFA9F922FF000000FF000000FF000000FF000000FFA9F922FFA9F922FFA9F922FFA9F922FFA9F922FFA9F922FFA9F922FFA9F922FFA9F922FFA9F922FF000000FF000000FF000000FF000000FF000000FF000000FF000000FF000000FF000000FF000000FF000000FF000000FF000000FF000000FF000000FF000000FF000000FF000000FFA9F922FFA9F922FF000000FF000000FF000000FF000000FF000000FF000000FFA9F922FFA9F922FF000000FF000000FF000000FF000000FF000000FF000000FF000000FF000000FF000000FF000000FF000000FF000000FF000000FF000000FF000000FF000000FF000000FF000000FF000000FF000000FF000000FF000000FF000000FF000000FF000000FF000000FF000000FF000000FF000000FF000000FF000000FF000000FF000000FF000000FF000000FF000000FF000000FF000000FF000000FF000000FF000000FF000000FF000000FF000000FF000000FF000000FF000000FF000000FF000000FF000000FF000000FF000000FF000000FF000000FF000000FF000000FF000000FF000000FF000000FF000000FF000000FF000000FF000000FF000000FF000000FF000000FF000000FF000000FF000000FF000000FF000000FF000000FF000000FF000000FF000000FF000000FF000000FF000000FF000000FF000000FF000000FF000000FF000000FF000000FF000000FF000000FF000000FF000000FF000000FF000000FF000000FF000000FF000000FF000000FF000000FF000000FF000000FF000000FF000000FF000000FF000000FF000000FF000000FF000000FF000000FF000000FF000000FF000000FF000000FF000000FF000000FF000000FF000000FF000000FF000000FF000000FF000000FF000000FF000000FF000000FF000000FF000000FF000000FF000000FF000000FF000000FF000000FF000000FF000000FF000000FF000000FF000000FF000000FF000000FF000000FF000000FF000000FF000000FF000000FF000000FF000000FF000000FF000000FF000000FF000000FF000000FF000000FF000000FF000000FF000000FF000000FF000000FF000000FF000000FF000000FF000000FF000000FF000000FF000000FF000000FF000000FF000000FF000000FF000000FF000000FF000000FF000000FF000000FF000000FF000000FF000000FF000000FF000000FF000000FF000000FF000000FF000000FF000000FF000000FF000000FF000000FF000000FF000000FF000000FF000000FF000000FF000000FF000000FF000000FF000000FF000000FF000000FF000000FF000000FF000000FF000000FF000000FF000000FF000000FF000000FF000000FF000000FF000000FF000000FF000000FF000000FF000000FF000000FF000000FF000000FF000000FF000000FF000000FF000000FF000000FF000000FF000000FF000000FF000000FF000000FF000000FF000000FF000000FF000000FF000000FF000000FF000000FF000000FF000000FF000000FF000000FF000000FF000000FF000000FF000000FF000000FF000000FF000000FF000000FF000000FF000000FF000000FFA9F922FFA9F922FFA9F922FFA9F922FFA9F922FFA9F922FFA9F922FFA9F922FF000000FF000000FF000000FF000000FF000000FF000000FF000000FF000000FF000000FF000000FF000000FF000000FF000000FF000000FF000000FF000000FF000000FF000000FF000000FF000000FFA9F922FFA9F922FF000000FF000000FF000000FF000000FF000000FF000000FFA9F922FFA9F922FF000000FF000000FF000000FF000000FF000000FF000000FF000000FF000000FF000000FF000000FF000000FF000000FF000000FF000000FF000000FF000000FF000000FF000000FF000000FF000000FF000000FF000000FF000000FF000000FF000000FF000000FF000000FF000000FF000000FF000000FF000000FF000000FF000000FF000000FF000000FF000000FF000000FF000000FF000000FF000000FF000000FF000000FF000000FF000000FF000000FF000000FF000000FF000000FF000000FF000000FF000000FF000000FF000000FF000000FF000000FF000000FF000000FF000000FF000000FF000000FF000000FF000000FF000000FF000000FF000000FF000000FF000000FF000000FF000000FF000000FF000000FF000000FF000000FF000000FF000000FF000000FF000000FF000000FF000000FF000000FF000000FF000000FF000000FF000000FF000000FF000000FF000000FF000000FF000000FF000000FF000000FF000000FF000000FF000000FF000000FF000000FF000000FF000000FF000000FF000000FF000000FF000000FFA9F922FFA9F922FFA9F922FFA9F922FFA9F922FFA9F922FFA9F922FFA9F922FF000000FF000000FF000000FF000000FF000000FF000000FFA9F922FFA9F922FFA9F922FFA9F922FFA9F922FFA9F922FFA9F922FFA9F922FFA9F922FFA9F922FF000000FF000000FF000000FF000000FFA9F922FFA9F922FFA9F922FFA9F922FFA9F922FFA9F922FFA9F922FFA9F922FFA9F922FFA9F922FF000000FF000000FF000000FF000000FFA9F922FFA9F922FFA9F922FFA9F922FFA9F922FFA9F922FFA9F922FFA9F922FFA9F922FFA9F922FF000000FF000000FF000000FF000000FF000000FF000000FF000000FF000000FFA9F922FFA9F922FF000000FF000000FF000000FF000000FF000000FF000000FF000000FF000000FFA9F922FFA9F922FFA9F922FFA9F922FFA9F922FFA9F922FFA9F922FFA9F922FFA9F922FFA9F922FF000000FF000000FF000000FF000000FF000000FF000000FF000000FF000000FF000000FF000000FF000000FF000000FF000000FF000000FF000000FF000000FF000000FF000000FFA9F922FFA9F922FFA9F922FFA9F922FFA9F922FFA9F922FFA9F922FFA9F922FFA9F922FFA9F922FF000000FF000000FF000000FF000000FF000000FF000000FFA9F922FFA9F922FFA9F922FFA9F922FFA9F922FFA9F922FF000000FF000000FF000000FF000000FF000000FF000000FFA9F922FFA9F922FF000000FF000000FF000000FF000000FF000000FF000000FFA9F922FFA9F922FF000000FF000000FF000000FF000000FFA9F922FFA9F922FFA9F922FFA9F922FFA9F922FFA9F922FFA9F922FFA9F922FFA9F922FFA9F922FF000000FF000000FF000000FF000000FF000000FF000000FF000000FF000000FF000000FF000000FF000000FF000000FF000000FF000000FF000000FF000000FF000000FF000000FFA9F922FFA9F922FF000000FF000000FF000000FF000000FF000000FF000000FFA9F922FFA9F922FF000000FF000000FF000000FF000000FF000000FF000000FF000000FF000000FF000000FF000000FF000000FF000000FF000000FF000000FF000000FF000000FF000000FF000000FF000000FF000000FF000000FF000000FF000000FF000000FF000000FF000000FF000000FF000000FF000000FF000000FF000000FF000000FF000000FF000000FF000000FF000000FF000000FF000000FF000000FF000000FF000000FF000000FF000000FF000000FF000000FF000000FF000000FF000000FF000000FF000000FF000000FF000000FF000000FF000000FF000000FF000000FF000000FF000000FF000000FF000000FF000000FF000000FF000000FF000000FF000000FF000000FF000000FF000000FF000000FF000000FF000000FF000000FF000000FF000000FF000000FF000000FF000000FF000000FF000000FF000000FF000000FF000000FF000000FF000000FF000000FF000000FF000000FF000000FF000000FF000000FF000000FF000000FF000000FF000000FF000000FF000000FF000000FF000000FF000000FF000000FF000000FF000000FF000000FF000000FF000000FF000000FF000000FF000000FF000000FF000000FF000000FF000000FF000000FF000000FF000000FF000000FF000000FF000000FF000000FF000000FF000000FF000000FF000000FF000000FF000000FF000000FF000000FF000000FF000000FF000000FF000000FF000000FF000000FF000000FF000000FF000000FF000000FF000000FF000000FF000000FF000000FF000000FF000000FF000000FF000000FF000000FF000000FF000000FF000000FF000000FF000000FF000000FF000000FF000000FF000000FF000000FF000000FF000000FF000000FF000000FF000000FF000000FF000000FF000000FF000000FF000000FF000000FF000000FF000000FF000000FF000000FF000000FF000000FF000000FF000000FF000000FF000000FF000000FF000000FF000000FF000000FF000000FF000000FF000000FF000000FF000000FF000000FF000000FF000000FF000000FF000000FF000000FF000000FF000000FF000000FF000000FF000000FF000000FF000000FF000000FF000000FF000000FF000000FF000000FF000000FF000000FF000000FF000000FF000000FF000000FF000000FF000000FF000000FF000000FF000000FF000000FF000000FF000000FF000000FF000000FF000000FF000000FF000000FF000000FF000000FF000000FF000000FF000000FF000000FF000000FF000000FF000000FF000000FF000000FF000000FF000000FF000000FF000000FF000000FF000000FF000000FF000000FF000000FF000000FF000000FF000000FF000000FF000000FF000000FF000000FF000000FF000000FF000000FF000000FF000000FF000000FF000000FF000000FF000000FF000000FF000000FF000000FF000000FF000000FF000000FF000000FF000000FF000000FF000000FF000000FF000000FF000000FF000000FF000000FF000000FF000000FF000000FF000000FF000000FF000000FF000000FF000000FF000000FF000000FF000000FF000000FF000000FF000000FF000000FF000000FF000000FF000000FF000000FF000000FF000000FF000000FF000000FF000000FF000000FF000000FF000000FF000000FF000000FF000000FF000000FF000000FF000000FF000000FF000000FF000000FF000000FF000000FF000000FF000000FF000000FF000000FF000000FF000000FF000000FF000000FF000000FF000000FF000000FF000000FF000000FF000000FF000000FF000000FF000000FF000000FF000000FF000000FF000000FF000000FF000000FF000000FF000000FF000000FF000000FF000000FF000000FF000000FF000000FF000000FF000000FF000000FF000000FF000000FF000000FF000000FF000000FF000000FF000000FF000000FF000000FF000000FF000000FF000000FF000000FF000000FF000000FF000000FF000000FF000000FF000000FF000000FF000000FF000000FF000000FF000000FF000000FF000000FF000000FF000000FF000000FF000000FF000000FF000000FF000000FF000000FF000000FF000000FF000000FF000000FF000000FF000000FF000000FF000000FF000000FF000000FF000000FF000000FF000000FF000000FF000000FF000000FF000000FF000000FF000000FF000000FF000000FF000000FF000000FF000000FF000000FF000000FF000000FF000000FF000000FF000000FF000000FF000000FF000000FF000000FF000000FF000000FF000000FF000000FF000000FF000000FF000000FF000000FF000000FF000000FF000000FF000000FF000000FF000000FF000000FF000000FF000000FF000000FF000000FF000000FF000000FF000000FF000000FF000000FF000000FF000000FF000000FF000000FF000000FF000000FF000000FF000000FF000000FF000000FF000000FF000000FF000000FF000000FF000000FF000000FF000000FF000000FF000000FF000000FF000000FF000000FF000000FF000000FF000000FF000000FF000000FF000000FF000000FF000000FF000000FF000000FF000000FF000000FF000000FF000000FF000000FF000000FF000000FF000000FF000000FF000000FF000000FF000000FF000000FF000000FF000000FF000000FF000000FF000000FF000000FF000000FF000000FF000000FF000000FF000000FF000000FF000000FF000000FF000000FF000000FF000000FF000000FF000000FF000000FF000000FF000000FF000000FF000000FF000000FF000000FF000000FF000000FF000000FF000000FF000000FF000000FF000000FF000000FF000000FF000000FF000000FF000000FF000000FF000000FF000000FF000000FF000000FF000000FF000000FF000000FF000000FF000000FF000000FF000000FF000000FF000000FF000000FF000000FF000000FF000000FF000000FF000000FF000000FF000000FF000000FF000000FF000000FF000000FF000000FF000000FF000000FF000000FF000000FF000000FF000000FF000000FF000000FF000000FF000000FF000000FF000000FF000000FF000000FF000000FF000000FF000000FF000000FF000000FF000000FF000000FF000000FF000000FF000000FF000000FF000000FF000000FF000000FF000000FF000000FF000000FF000000FF000000FF000000FF000000FF000000FF000000FF000000FF000000FF000000FF000000FF000000FF000000FF000000FF000000FF000000FF000000FF000000FF000000FF000000FF000000FF000000FF000000FF000000FF000000FF000000FF000000FF000000FF000000FF000000FF000000FF000000FF000000FF000000FF000000FF000000FF000000FF000000FF000000FF000000FF000000FF000000FF000000FF000000FF000000FF000000FF000000FF000000FF000000FF000000FF000000FF000000FF000000FF000000FF000000FF000000FF000000FF000000FF000000FF000000FF000000FF000000FF000000FF000000FF000000FF000000FF000000FF000000FF000000FF000000FF000000FF000000FF000000FF000000FF000000FF000000FF000000FF000000FF000000FF000000FF000000FF000000FF000000FF000000FF000000FF000000FF000000FF000000FF000000FF000000FF000000FF000000FF000000FF000000FF000000FF000000FF000000FF000000FF000000FF000000FF000000FF000000FF000000FF000000FF000000FF000000FF000000FF000000FF000000FF000000FF000000FF000000FF000000FF000000FF000000FF000000FF000000FF000000FF000000FF000000FF000000FF000000FF000000FF000000FF000000FF000000FF000000FF000000FF000000FF000000FF000000FF000000FF000000FF000000FF000000FF000000FF000000FF000000FF000000FF000000FF000000FF000000FF000000FF000000FF000000FF000000FF000000FF000000FF000000FF000000FF000000FF000000FF000000FF000000FF000000FF000000FF000000FF000000FF000000FF000000FF000000FF000000FF000000FF000000FF000000FF000000FF000000FF000000FF000000FF000000FF000000FF000000FF000000FF000000FF000000FF000000FF000000FF000000FF000000FF000000FF000000FF000000FF000000FF000000FF000000FF000000FF000000FF000000FF000000FF000000FF000000FF000000FF000000FF000000FF000000FF000000FF000000FF000000FF000000FF000000FF000000FF000000FF000000FF000000FF000000FF000000FF000000FF000000FF000000FF000000FF000000FF000000FF000000FF000000FF000000FF000000FF000000FF000000FF000000FF000000FF000000FF000000FF000000FF000000FF000000FF000000FF000000FF000000FF000000FF000000FF000000FF000000FF000000FF000000FF000000FF000000FF000000FF000000FF000000FF000000FF000000FF000000FF000000FF000000FF000000FF000000FF000000FF000000FF000000FF000000FF000000FF000000FF000000FF000000FF000000FF000000FF000000FF000000FF000000FF000000FF000000FF000000FF000000FF000000FF000000FF000000FF000000FF000000FF000000FF000000FF000000FF000000FF000000FF000000FF000000FF000000FF000000FF000000FF000000FF000000FF000000FF000000FF000000FF000000FF000000FF000000FF000000FF000000FF000000FF000000FF000000FF000000FF000000FF000000FF000000FF000000FF000000FF000000FF000000FF000000FF000000FF000000FF000000FF000000FF000000FF000000FF000000FF000000FF000000FF000000FF000000FF000000FF000000FF000000FF000000FF000000FF000000FF000000FF000000FF000000FF000000FF000000FF000000FF000000FF000000FF000000FF000000FF000000FF000000FF000000FF000000FF000000FF000000FF000000FF000000FF000000FF000000FF000000FF000000FF000000FF000000FF000000FF000000FF000000FF000000FF000000FF000000FF000000FF000000FF000000FF000000FF000000FF000000FF000000FF000000FF000000FF000000FF000000FF000000FF000000FF000000FF000000FF000000FF000000FF000000FF000000FF000000FF000000FF000000FF000000FF000000FF000000FF000000FF000000FF000000FF000000FF000000FF000000FF000000FF000000FF000000FF000000FF000000FF000000FF000000FF000000FF000000FF000000FF000000FF000000FF000000FF000000FF000000FF000000FF000000FF000000FF000000FF000000FF000000FF000000FF000000FF000000FF000000FF000000FF000000FF000000FF000000FF000000FF000000FF000000FF000000FF000000FF000000FF000000FF000000FF000000FF000000FF000000FF000000FF000000FF000000FF000000FF000000FF000000FF000000FF000000FF000000FF000000FF000000FF000000FF000000FF000000FF000000FF000000FF000000FF000000FF000000FF000000FF000000FF000000FF000000FF000000FF000000FF000000FF000000FF000000FF000000FF000000FF000000FF000000FF000000FF000000FF000000FF000000FF000000FF000000FF000000FF000000FF000000FF000000FF000000FF000000FF000000FF000000FF000000FF000000FF000000FF000000FF000000FF000000FF000000FF000000FF000000FF000000FF000000FF000000FF000000FF000000FF000000FF000000FF000000FF000000FF000000FF000000FF000000FF000000FF000000FF000000FF000000FF000000FF000000FF000000FF000000FF000000FF000000FF000000FF000000FF000000FF000000FF000000FF000000FF000000FF000000FF000000FF000000FF000000FF000000FF000000FF000000FF000000FF000000FF000000FF000000FF000000FF000000FF000000FF000000FF000000FF000000FF000000FF000000FF000000FF000000FF000000FF000000FF000000FF000000FF000000FF000000FF000000FF000000FF000000FF000000FF000000FF000000FF000000FF000000FF000000FF000000FF000000FF000000FF000000FF000000FF000000FF000000FF000000FF000000FF000000FF000000FF000000FF000000FF000000FF000000FF000000FF000000FF000000FF000000FF000000FF000000FF000000FF000000FF000000FF000000FF000000FF000000FF000000FF000000FF000000FF000000FF000000FF000000FF000000FF000000FF000000FF000000FF000000FF000000FF000000FF000000FF000000FF000000FF000000FF000000FF000000FF000000FF000000FF000000FF000000FF000000FF000000FF000000FF000000FF000000FF000000FF000000FF000000FF000000FF000000FF000000FF000000FF000000FF000000FF000000FF000000FF000000FF000000FF000000FF000000FF000000FF000000FF000000FF000000FF000000FF000000FF000000FF000000FF000000FF000000FF000000FF000000FF000000FF000000FF000000FF000000FF000000FF000000FF000000FF000000FF000000FF000000FF000000FF000000FF000000FF000000FF000000FF000000FF000000FF000000FF000000FF000000FF000000FF000000FF000000FF000000FF000000FF000000FF000000FF000000FF000000FF000000FF000000FF000000FF000000FF000000FF000000FF000000FF000000FF000000FF000000FF000000FF000000FF000000FF000000FF000000FF000000FF000000FF000000FF000000FF000000FF000000FF000000FF000000FF000000FF000000FF000000FF000000FF000000FF000000FF000000FF000000FF000000FF000000FF000000FF000000FF000000FF000000FF000000FF000000FF000000FF000000FF000000FF000000FF000000FF000000FF000000FF000000FF000000FF000000FF000000FF000000FF000000FF000000FF000000FF000000FF000000FF000000FF000000FF000000FF000000FF000000FF000000FF000000FF000000FF000000FF000000FF000000FF000000FF000000FF000000FF000000FF000000FF000000FF000000FF000000FF000000FF000000FF000000FF000000FF000000FF000000FF000000FF000000FF000000FF000000FF000000FF000000FF000000FF000000FF000000FF000000FF000000FF000000FF000000FF000000FF000000FF000000FF000000FF000000FF000000FF000000FF000000FF000000FF000000FF000000FF000000FF000000FF000000FF000000FF000000FF000000FF000000FF000000FF000000FF000000FF000000FF000000FF000000FF000000FF000000FF000000FF000000FF000000FF000000FF000000FF000000FF000000FF000000FF000000FF000000FF000000FF000000FF000000FF000000FF000000FF000000FF000000FFA9F922FFA9F922FFA9F922FFA9F922FFA9F922FFA9F922FF000000FF000000FF000000FF000000FF000000FF000000FF000000FF000000FF000000FF000000FF000000FF000000FF000000FF000000FF000000FF000000FF000000FF000000FF000000FF000000FFA9F922FFA9F922FF000000FF000000FF000000FF000000FF000000FF000000FFA9F922FFA9F922FF000000FF000000FF000000FF000000FF000000FF000000FF000000FF000000FF000000FF000000FF000000FF000000FF000000FF000000FF000000FF000000FF000000FF000000FF000000FF000000FF000000FF000000FF000000FF000000FF000000FF000000FF000000FF000000FF000000FF000000FF000000FF000000FF000000FF000000FF000000FF000000FF000000FF000000FF000000FF000000FF000000FF000000FF000000FF000000FF000000FF000000FF000000FF000000FF000000FF000000FF000000FF000000FF000000FF000000FF000000FF000000FF000000FF000000FF000000FF000000FF000000FF000000FF000000FF000000FF000000FF000000FF000000FF000000FF000000FF000000FF000000FF000000FF000000FF000000FF000000FF000000FF000000FF000000FF000000FF000000FF000000FF000000FF000000FF000000FF000000FF000000FF000000FF000000FF000000FF000000FF000000FF000000FF000000FF000000FF000000FF000000FF000000FF000000FF000000FF000000FF000000FF000000FF000000FF000000FFA9F922FFA9F922FFA9F922FFA9F922FFA9F922FFA9F922FF000000FF000000FF000000FF000000FF000000FF000000FFA9F922FFA9F922FF000000FF000000FF000000FF000000FF000000FF000000FFA9F922FFA9F922FF000000FF000000FF000000FF000000FF000000FF000000FFA9F922FFA9F922FFA9F922FFA9F922FFA9F922FFA9F922FF000000FF000000FF000000FF000000FF000000FF000000FFA9F922FFA9F922FFA9F922FFA9F922FFA9F922FFA9F922FFA9F922FFA9F922FFA9F922FFA9F922FF000000FF000000FF000000FF000000FFA9F922FFA9F922FFA9F922FFA9F922FFA9F922FFA9F922FFA9F922FFA9F922FF000000FF000000FF000000FF000000FF000000FF000000FFA9F922FFA9F922FFA9F922FFA9F922FFA9F922FFA9F922FFA9F922FFA9F922FFA9F922FFA9F922FF000000FF000000FF000000FF000000FF000000FF000000FF000000FF000000FF000000FF000000FF000000FF000000FF000000FF000000FF000000FF000000FF000000FF000000FFA9F922FFA9F922FFA9F922FFA9F922FFA9F922FFA9F922FFA9F922FFA9F922FF000000FF000000FF000000FF000000FF000000FF000000FFA9F922FFA9F922FFA9F922FFA9F922FFA9F922FFA9F922FFA9F922FFA9F922FFA9F922FFA9F922FF000000FF000000FF000000FF000000FFA9F922FFA9F922FFA9F922FFA9F922FFA9F922FFA9F922FFA9F922FFA9F922FFA9F922FFA9F922FF000000FF000000FF000000FF000000FF000000FF000000FFA9F922FFA9F922FFA9F922FFA9F922FFA9F922FFA9F922FF000000FF000000FF000000FF000000FF000000FF000000FFA9F922FFA9F922FFA9F922FFA9F922FFA9F922FFA9F922FFA9F922FFA9F922FF000000FF000000FF000000FF000000FF000000FF000000FFA9F922FFA9F922FFA9F922FFA9F922FFA9F922FFA9F922FFA9F922FFA9F922FFA9F922FFA9F922FF000000FF000000FF000000FF000000FF000000FF000000FF000000FF000000FF000000FF000000FF000000FF000000FF000000FF000000FF000000FF000000FF000000FF000000FFA9F922FFA9F922FF000000FF000000FF000000FF000000FF000000FF000000FF000000FF000000FF000000FF000000FF000000FF000000FF000000FF000000FFA9F922FFA9F922FFA9F922FFA9F922FFA9F922FFA9F922FF000000FF000000FF000000FF000000FF000000FF000000FFA9F922FFA9F922FF000000FF000000FF000000FF000000FF000000FF000000FFA9F922FFA9F922FF000000FF000000FF000000FF000000FFA9F922FFA9F922FFA9F922FFA9F922FFA9F922FFA9F922FFA9F922FFA9F922FFA9F922FFA9F922FF000000FF000000FF000000FF000000FF000000FF000000FF000000FF000000FF000000FF000000FF000000FF000000FF000000FF000000FF000000FF000000FF000000FF000000FFA9F922FFA9F922FF000000FF000000FF000000FF000000FF000000FF000000FFA9F922FFA9F922FF000000FF000000FF000000FF000000FF000000FF000000FF000000FF000000FF000000FF000000FF000000FF000000FF000000FF000000FF000000FF000000FF000000FF000000FF000000FF000000FF000000FF000000FF000000FF000000FF000000FF000000FF000000FF000000FF000000FF000000FF000000FF000000FF000000FF000000FF000000FF000000FF000000FF000000FF000000FF000000FF000000FF000000FF000000FF000000FF000000FF000000FF000000FF000000FF000000FF000000FF000000FF000000FF000000FF000000FF000000FF000000FF000000FF000000FF000000FF000000FF000000FF000000FF000000FF000000FF000000FF000000FF000000FF000000FF000000FF000000FF000000FF000000FF000000FF000000FF000000FF000000FF000000FF000000FF000000FF000000FF000000FF000000FF000000FF000000FF000000FF000000FF000000FF000000FF000000FF000000FF000000FF000000FF000000FF000000FF000000FF000000FF000000FF000000FF000000FF000000FF000000FF000000FF000000FF000000FF000000FF000000FF000000FF000000FF000000FF000000FF000000FF000000FF000000FF000000FF000000FF000000FF000000FF000000FF000000FF000000FF000000FF000000FF000000FF000000FF000000FF000000FF000000FF000000FF000000FF000000FF000000FF000000FF000000FF000000FF000000FF000000FF000000FF000000FF000000FF000000FF000000FF000000FF000000FF000000FF000000FF000000FFA9F922FFA9F922FFA9F922FFA9F922FFA9F922FFA9F922FF000000FF000000FF000000FF000000FF000000FF000000FF000000FF000000FF000000FF000000FF000000FF000000FF000000FF000000FF000000FF000000FF000000FF000000FF000000FF000000FFA9F922FFA9F922FF000000FF000000FF000000FF000000FF000000FF000000FFA9F922FFA9F922FF000000FF000000FF000000FF000000FF000000FF000000FF000000FF000000FF000000FF000000FF000000FF000000FF000000FF000000FF000000FF000000FF000000FF000000FF000000FF000000FF000000FF000000FF000000FF000000FF000000FF000000FF000000FF000000FF000000FF000000FF000000FF000000FF000000FF000000FF000000FF000000FF000000FF000000FF000000FF000000FF000000FF000000FF000000FF000000FF000000FF000000FF000000FF000000FF000000FF000000FF000000FF000000FF000000FF000000FF000000FF000000FF000000FF000000FF000000FF000000FF000000FF000000FF000000FF000000FF000000FF000000FF000000FF000000FF000000FF000000FF000000FF000000FF000000FF000000FF000000FF000000FF000000FF000000FF000000FF000000FF000000FF000000FF000000FF000000FF000000FF000000FF000000FF000000FF000000FF000000FF000000FF000000FF000000FF000000FF000000FF000000FF000000FF000000FF000000FF000000FF000000FF000000FF000000FF000000FFA9F922FFA9F922FFA9F922FFA9F922FFA9F922FFA9F922FF000000FF000000FF000000FF000000FF000000FF000000FFA9F922FFA9F922FF000000FF000000FF000000FF000000FF000000FF000000FFA9F922FFA9F922FF000000FF000000FF000000FF000000FF000000FF000000FFA9F922FFA9F922FFA9F922FFA9F922FFA9F922FFA9F922FF000000FF000000FF000000FF000000FF000000FF000000FFA9F922FFA9F922FFA9F922FFA9F922FFA9F922FFA9F922FFA9F922FFA9F922FFA9F922FFA9F922FF000000FF000000FF000000FF000000FFA9F922FFA9F922FFA9F922FFA9F922FFA9F922FFA9F922FFA9F922FFA9F922FF000000FF000000FF000000FF000000FF000000FF000000FFA9F922FFA9F922FFA9F922FFA9F922FFA9F922FFA9F922FFA9F922FFA9F922FFA9F922FFA9F922FF000000FF000000FF000000FF000000FF000000FF000000FF000000FF000000FF000000FF000000FF000000FF000000FF000000FF000000FF000000FF000000FF000000FF000000FFA9F922FFA9F922FFA9F922FFA9F922FFA9F922FFA9F922FFA9F922FFA9F922FF000000FF000000FF000000FF000000FF000000FF000000FFA9F922FFA9F922FFA9F922FFA9F922FFA9F922FFA9F922FFA9F922FFA9F922FFA9F922FFA9F922FF000000FF000000FF000000FF000000FFA9F922FFA9F922FFA9F922FFA9F922FFA9F922FFA9F922FFA9F922FFA9F922FFA9F922FFA9F922FF000000FF000000FF000000FF000000FF000000FF000000FFA9F922FFA9F922FFA9F922FFA9F922FFA9F922FFA9F922FF000000FF000000FF000000FF000000FF000000FF000000FFA9F922FFA9F922FFA9F922FFA9F922FFA9F922FFA9F922FFA9F922FFA9F922FF000000FF000000FF000000FF000000FF000000FF000000FFA9F922FFA9F922FFA9F922FFA9F922FFA9F922FFA9F922FFA9F922FFA9F922FFA9F922FFA9F922FF000000FF000000FF000000FF000000FF000000FF000000FF000000FF000000FF000000FF000000FF000000FF000000FF000000FF000000FF000000FF000000FF000000FF000000FFA9F922FFA9F922FF000000FF000000FF000000FF000000FF000000FF000000FF000000FF000000FF000000FF000000FF000000FF000000FF000000FF000000FFA9F922FFA9F922FFA9F922FFA9F922FFA9F922FFA9F922FF000000FF000000FF000000FF000000FF000000FF000000FFA9F922FFA9F922FF000000FF000000FF000000FF000000FF000000FF000000FFA9F922FFA9F922FF000000FF000000FF000000FF000000FFA9F922FFA9F922FFA9F922FFA9F922FFA9F922FFA9F922FFA9F922FFA9F922FFA9F922FFA9F922FF000000FF000000FF000000FF000000FF000000FF000000FF000000FF000000FF000000FF000000FF000000FF000000FF000000FF000000FF000000FF000000FF000000FF000000FFA9F922FFA9F922FF000000FF000000FF000000FF000000FF000000FF000000FFA9F922FFA9F922FF000000FF000000FF000000FF000000FF000000FF000000FF000000FF000000FF000000FF000000FF000000FF000000FF000000FF000000FF000000FF000000FF000000FF000000FF000000FF000000FF000000FF000000FF000000FF000000FF000000FF000000FF000000FF000000FF000000FF000000FF000000FF000000FF000000FF000000FF000000FF000000FF000000FF000000FF000000FF000000FF000000FF000000FF000000FF000000FF000000FF000000FF000000FF000000FF000000FF000000FF000000FF000000FF000000FF000000FF000000FF000000FF000000FF000000FF000000FF000000FF000000FF000000FF000000FF000000FF000000FF000000FF000000FF000000FF000000FF000000FF000000FF000000FF000000FF000000FF000000FF000000FF000000FF000000FF000000FF000000FF000000FF000000FF000000FF000000FF000000FF000000FF000000FF000000FF000000FF000000FF000000FF000000FF000000FF000000FF000000FF000000FF000000FF000000FF000000FF000000FF000000FF000000FF000000FF000000FF000000FF000000FF000000FF000000FF000000FF000000FF000000FF000000FF000000FF000000FF000000FF000000FF000000FF000000FF000000FF000000FF000000FF000000FF000000FF000000FF000000FF000000FF000000FF000000FF000000FF000000FF000000FF000000FF000000FF000000FF000000FF000000FF000000FF000000FF000000FF000000FF000000FF000000FF000000FF000000FF000000FF000000FF000000FF000000FFA9F922FFA9F922FF000000FF000000FF000000FF000000FF000000FF000000FF000000FF000000FF000000FF000000FF000000FF000000FF000000FF000000FF000000FF000000FF000000FF000000FF000000FF000000FF000000FF000000FFA9F922FFA9F922FF000000FF000000FF000000FF000000FF000000FF000000FFA9F922FFA9F922FF000000FF000000FF000000FF000000FF000000FF000000FF000000FF000000FF000000FF000000FF000000FF000000FF000000FF000000FF000000FF000000FF000000FF000000FF000000FF000000FF000000FF000000FF000000FF000000FF000000FF000000FF000000FF000000FF000000FF000000FF000000FF000000FF000000FF000000FF000000FF000000FF000000FF000000FF000000FF000000FF000000FF000000FF000000FF000000FF000000FF000000FF000000FF000000FF000000FF000000FF000000FF000000FF000000FF000000FF000000FF000000FF000000FF000000FF000000FF000000FF000000FF000000FF000000FF000000FF000000FF000000FF000000FF000000FF000000FF000000FF000000FF000000FF000000FF000000FF000000FF000000FF000000FF000000FF000000FF000000FF000000FF000000FF000000FF000000FF000000FF000000FF000000FF000000FF000000FF000000FF000000FF000000FF000000FF000000FF000000FF000000FF000000FF000000FF000000FF000000FF000000FF000000FF000000FF000000FF000000FF000000FFA9F922FFA9F922FF000000FF000000FF000000FF000000FF000000FF000000FF000000FF000000FFA9F922FFA9F922FF000000FF000000FF000000FF000000FF000000FF000000FFA9F922FFA9F922FF000000FF000000FF000000FF000000FFA9F922FFA9F922FF000000FF000000FF000000FF000000FF000000FF000000FFA9F922FFA9F922FF000000FF000000FF000000FF000000FFA9F922FFA9F922FF000000FF000000FF000000FF000000FF000000FF000000FF000000FF000000FF000000FF000000FF000000FF000000FFA9F922FFA9F922FF000000FF000000FF000000FF000000FF000000FF000000FFA9F922FFA9F922FF000000FF000000FF000000FF000000FF000000FF000000FF000000FF000000FFA9F922FFA9F922FF000000FF000000FF000000FF000000FF000000FF000000FF000000FF000000FF000000FF000000FF000000FF000000FF000000FF000000FF000000FF000000FF000000FF000000FF000000FF000000FF000000FF000000FFA9F922FFA9F922FF000000FF000000FF000000FF000000FF000000FF000000FFA9F922FFA9F922FF000000FF000000FF000000FF000000FFA9F922FFA9F922FF000000FF000000FF000000FF000000FF000000FF000000FF000000FF000000FF000000FF000000FF000000FF000000FFA9F922FFA9F922FF000000FF000000FF000000FF000000FF000000FF000000FF000000FF000000FF000000FF000000FF000000FF000000FFA9F922FFA9F922FF000000FF000000FF000000FF000000FF000000FF000000FFA9F922FFA9F922FF000000FF000000FF000000FF000000FFA9F922FFA9F922FF000000FF000000FF000000FF000000FF000000FF000000FFA9F922FFA9F922FF000000FF000000FF000000FF000000FFA9F922FFA9F922FF000000FF000000FF000000FF000000FF000000FF000000FF000000FF000000FF000000FF000000FF000000FF000000FF000000FF000000FF000000FF000000FF000000FF000000FF000000FF000000FF000000FF000000FF000000FF000000FF000000FF000000FFA9F922FFA9F922FF000000FF000000FF000000FF000000FF000000FF000000FF000000FF000000FF000000FF000000FF000000FF000000FF000000FF000000FF000000FF000000FFA9F922FFA9F922FF000000FF000000FF000000FF000000FF000000FF000000FF000000FF000000FFA9F922FFA9F922FF000000FF000000FF000000FF000000FF000000FF000000FFA9F922FFA9F922FF000000FF000000FF000000FF000000FFA9F922FFA9F922FF000000FF000000FF000000FF000000FF000000FF000000FF000000FF000000FF000000FF000000FF000000FF000000FF000000FF000000FF000000FF000000FF000000FF000000FF000000FF000000FF000000FF000000FF000000FF000000FF000000FF000000FFA9F922FFA9F922FF000000FF000000FF000000FF000000FF000000FF000000FFA9F922FFA9F922FF000000FF000000FF000000FF000000FF000000FF000000FF000000FF000000FF000000FF000000FF000000FF000000FF000000FF000000FF000000FF000000FF000000FF000000FF000000FF000000FF000000FF000000FF000000FF000000FF000000FF000000FF000000FF000000FF000000FF000000FF000000FF000000FF000000FF000000FF000000FF000000FF000000FF000000FF000000FF000000FF000000FF000000FF000000FF000000FF000000FF000000FF000000FF000000FF000000FF000000FF000000FF000000FF000000FF000000FF000000FF000000FF000000FF000000FF000000FF000000FF000000FF000000FF000000FF000000FF000000FF000000FF000000FF000000FF000000FF000000FF000000FF000000FF000000FF000000FF000000FF000000FF000000FF000000FF000000FF000000FF000000FF000000FF000000FF000000FF000000FF000000FF000000FF000000FF000000FF000000FF000000FF000000FF000000FF000000FF000000FF000000FF000000FF000000FF000000FF000000FF000000FF000000FF000000FF000000FF000000FF000000FF000000FF000000FF000000FF000000FF000000FF000000FF000000FF000000FF000000FF000000FF000000FF000000FF000000FF000000FF000000FF000000FF000000FF000000FF000000FF000000FF000000FF000000FF000000FF000000FF000000FF000000FF000000FF000000FF000000FF000000FF000000FF000000FF000000FF000000FF000000FF000000FF000000FF000000FF000000FF000000FF000000FF000000FFA9F922FFA9F922FF000000FF000000FF000000FF000000FF000000FF000000FF000000FF000000FF000000FF000000FF000000FF000000FF000000FF000000FF000000FF000000FF000000FF000000FF000000FF000000FF000000FF000000FFA9F922FFA9F922FF000000FF000000FF000000FF000000FF000000FF000000FFA9F922FFA9F922FF000000FF000000FF000000FF000000FF000000FF000000FF000000FF000000FF000000FF000000FF000000FF000000FF000000FF000000FF000000FF000000FF000000FF000000FF000000FF000000FF000000FF000000FF000000FF000000FF000000FF000000FF000000FF000000FF000000FF000000FF000000FF000000FF000000FF000000FF000000FF000000FF000000FF000000FF000000FF000000FF000000FF000000FF000000FF000000FF000000FF000000FF000000FF000000FF000000FF000000FF000000FF000000FF000000FF000000FF000000FF000000FF000000FF000000FF000000FF000000FF000000FF000000FF000000FF000000FF000000FF000000FF000000FF000000FF000000FF000000FF000000FF000000FF000000FF000000FF000000FF000000FF000000FF000000FF000000FF000000FF000000FF000000FF000000FF000000FF000000FF000000FF000000FF000000FF000000FF000000FF000000FF000000FF000000FF000000FF000000FF000000FF000000FF000000FF000000FF000000FF000000FF000000FF000000FF000000FF000000FF000000FFA9F922FFA9F922FF000000FF000000FF000000FF000000FF000000FF000000FF000000FF000000FFA9F922FFA9F922FF000000FF000000FF000000FF000000FF000000FF000000FFA9F922FFA9F922FF000000FF000000FF000000FF000000FFA9F922FFA9F922FF000000FF000000FF000000FF000000FF000000FF000000FFA9F922FFA9F922FF000000FF000000FF000000FF000000FFA9F922FFA9F922FF000000FF000000FF000000FF000000FF000000FF000000FF000000FF000000FF000000FF000000FF000000FF000000FFA9F922FFA9F922FF000000FF000000FF000000FF000000FF000000FF000000FFA9F922FFA9F922FF000000FF000000FF000000FF000000FF000000FF000000FF000000FF000000FFA9F922FFA9F922FF000000FF000000FF000000FF000000FF000000FF000000FF000000FF000000FF000000FF000000FF000000FF000000FF000000FF000000FF000000FF000000FF000000FF000000FF000000FF000000FF000000FF000000FFA9F922FFA9F922FF000000FF000000FF000000FF000000FF000000FF000000FFA9F922FFA9F922FF000000FF000000FF000000FF000000FFA9F922FFA9F922FF000000FF000000FF000000FF000000FF000000FF000000FF000000FF000000FF000000FF000000FF000000FF000000FFA9F922FFA9F922FF000000FF000000FF000000FF000000FF000000FF000000FF000000FF000000FF000000FF000000FF000000FF000000FFA9F922FFA9F922FF000000FF000000FF000000FF000000FF000000FF000000FFA9F922FFA9F922FF000000FF000000FF000000FF000000FFA9F922FFA9F922FF000000FF000000FF000000FF000000FF000000FF000000FFA9F922FFA9F922FF000000FF000000FF000000FF000000FFA9F922FFA9F922FF000000FF000000FF000000FF000000FF000000FF000000FF000000FF000000FF000000FF000000FF000000FF000000FF000000FF000000FF000000FF000000FF000000FF000000FF000000FF000000FF000000FF000000FF000000FF000000FF000000FF000000FFA9F922FFA9F922FF000000FF000000FF000000FF000000FF000000FF000000FF000000FF000000FF000000FF000000FF000000FF000000FF000000FF000000FF000000FF000000FFA9F922FFA9F922FF000000FF000000FF000000FF000000FF000000FF000000FF000000FF000000FFA9F922FFA9F922FF000000FF000000FF000000FF000000FF000000FF000000FFA9F922FFA9F922FF000000FF000000FF000000FF000000FFA9F922FFA9F922FF000000FF000000FF000000FF000000FF000000FF000000FF000000FF000000FF000000FF000000FF000000FF000000FF000000FF000000FF000000FF000000FF000000FF000000FF000000FF000000FF000000FF000000FF000000FF000000FF000000FF000000FFA9F922FFA9F922FF000000FF000000FF000000FF000000FF000000FF000000FFA9F922FFA9F922FF000000FF000000FF000000FF000000FF000000FF000000FF000000FF000000FF000000FF000000FF000000FF000000FF000000FF000000FF000000FF000000FF000000FF000000FF000000FF000000FF000000FF000000FF000000FF000000FF000000FF000000FF000000FF000000FF000000FF000000FF000000FF000000FF000000FF000000FF000000FF000000FF000000FF000000FF000000FF000000FF000000FF000000FF000000FF000000FF000000FF000000FF000000FF000000FF000000FF000000FF000000FF000000FF000000FF000000FF000000FF000000FF000000FF000000FF000000FF000000FF000000FF000000FF000000FF000000FF000000FF000000FF000000FF000000FF000000FF000000FF000000FF000000FF000000FF000000FF000000FF000000FF000000FF000000FF000000FF000000FF000000FF000000FF000000FF000000FF000000FF000000FF000000FF000000FF000000FF000000FF000000FF000000FF000000FF000000FF000000FF000000FF000000FF000000FF000000FF000000FF000000FF000000FF000000FF000000FF000000FF000000FF000000FF000000FF000000FF000000FF000000FF000000FF000000FF000000FF000000FF000000FF000000FF000000FF000000FF000000FF000000FF000000FF000000FF000000FF000000FF000000FF000000FF000000FF000000FF000000FF000000FF000000FF000000FF000000FF000000FF000000FF000000FF000000FF000000FF000000FF000000FF000000FF000000FF000000FF000000FF000000FF000000FF000000FFA9F922FFA9F922FF000000FF000000FF000000FF000000FF000000FF000000FF000000FF000000FF000000FF000000FF000000FF000000FF000000FF000000FF000000FF000000FF000000FF000000FF000000FF000000FF000000FF000000FFA9F922FFA9F922FFA9F922FFA9F922FF000000FF000000FF000000FF000000FFA9F922FFA9F922FF000000FF000000FF000000FF000000FF000000FF000000FF000000FF000000FF000000FF000000FF000000FF000000FF000000FF000000FF000000FF000000FF000000FF000000FF000000FF000000FF000000FF000000FF000000FF000000FF000000FF000000FF000000FF000000FF000000FF000000FF000000FF000000FF000000FF000000FF000000FF000000FF000000FF000000FF000000FF000000FF000000FF000000FF000000FF000000FF000000FF000000FF000000FF000000FF000000FF000000FF000000FF000000FF000000FF000000FF000000FF000000FF000000FF000000FF000000FF000000FF000000FF000000FF000000FF000000FF000000FF000000FF000000FF000000FF000000FF000000FF000000FF000000FF000000FF000000FF000000FF000000FF000000FF000000FFA9F922FFA9F922FF000000FF000000FF000000FF000000FF000000FF000000FF000000FF000000FF000000FF000000FF000000FF000000FF000000FF000000FF000000FF000000FF000000FF000000FF000000FF000000FF000000FF000000FF000000FF000000FF000000FF000000FFA9F922FFA9F922FF000000FF000000FF000000FF000000FF000000FF000000FF000000FF000000FFA9F922FFA9F922FFA9F922FFA9F922FF000000FF000000FF000000FF000000FFA9F922FFA9F922FF000000FF000000FF000000FF000000FFA9F922FFA9F922FF000000FF000000FF000000FF000000FF000000FF000000FF000000FF000000FF000000FF000000FF000000FF000000FFA9F922FFA9F922FF000000FF000000FF000000FF000000FF000000FF000000FF000000FF000000FF000000FF000000FF000000FF000000FFA9F922FFA9F922FF000000FF000000FF000000FF000000FF000000FF000000FFA9F922FFA9F922FF000000FF000000FF000000FF000000FF000000FF000000FF000000FF000000FFA9F922FFA9F922FF000000FF000000FF000000FF000000FF000000FF000000FF000000FF000000FF000000FF000000FF000000FF000000FF000000FF000000FF000000FF000000FF000000FF000000FF000000FF000000FF000000FF000000FFA9F922FFA9F922FF000000FF000000FF000000FF000000FF000000FF000000FFA9F922FFA9F922FF000000FF000000FF000000FF000000FFA9F922FFA9F922FF000000FF000000FF000000FF000000FF000000FF000000FF000000FF000000FF000000FF000000FF000000FF000000FFA9F922FFA9F922FF000000FF000000FF000000FF000000FF000000FF000000FF000000FF000000FF000000FF000000FF000000FF000000FFA9F922FFA9F922FF000000FF000000FF000000FF000000FF000000FF000000FFA9F922FFA9F922FF000000FF000000FF000000FF000000FFA9F922FFA9F922FF000000FF000000FF000000FF000000FF000000FF000000FFA9F922FFA9F922FF000000FF000000FF000000FF000000FFA9F922FFA9F922FF000000FF000000FF000000FF000000FF000000FF000000FF000000FF000000FF000000FF000000FF000000FF000000FF000000FF000000FF000000FF000000FF000000FF000000FF000000FF000000FF000000FF000000FF000000FF000000FF000000FF000000FFA9F922FFA9F922FF000000FF000000FF000000FF000000FF000000FF000000FF000000FF000000FF000000FF000000FF000000FF000000FF000000FF000000FF000000FF000000FFA9F922FFA9F922FF000000FF000000FF000000FF000000FF000000FF000000FF000000FF000000FFA9F922FFA9F922FFA9F922FFA9F922FF000000FF000000FF000000FF000000FFA9F922FFA9F922FF000000FF000000FF000000FF000000FFA9F922FFA9F922FF000000FF000000FF000000FF000000FF000000FF000000FF000000FF000000FF000000FF000000FF000000FF000000FF000000FF000000FF000000FF000000FF000000FF000000FF000000FF000000FF000000FF000000FF000000FF000000FF000000FF000000FFA9F922FFA9F922FFA9F922FFA9F922FF000000FF000000FF000000FF000000FFA9F922FFA9F922FF000000FF000000FF000000FF000000FF000000FF000000FF000000FF000000FF000000FF000000FF000000FF000000FF000000FF000000FF000000FF000000FF000000FF000000FF000000FF000000FF000000FF000000FF000000FF000000FF000000FF000000FF000000FF000000FF000000FF000000FF000000FF000000FF000000FF000000FF000000FF000000FF000000FF000000FF000000FF000000FF000000FF000000FF000000FF000000FF000000FF000000FF000000FF000000FF000000FF000000FF000000FF000000FF000000FF000000FF000000FF000000FF000000FF000000FF000000FF000000FF000000FF000000FF000000FF000000FF000000FF000000FF000000FF000000FF000000FF000000FF000000FF000000FF000000FF000000FF000000FF000000FF000000FF000000FF000000FF000000FF000000FF000000FF000000FF000000FF000000FF000000FF000000FF000000FF000000FF000000FF000000FF000000FF000000FF000000FF000000FF000000FF000000FF000000FF000000FF000000FF000000FF000000FF000000FF000000FF000000FF000000FF000000FF000000FF000000FF000000FF000000FF000000FF000000FF000000FF000000FF000000FF000000FF000000FF000000FF000000FF000000FF000000FF000000FF000000FF000000FF000000FF000000FF000000FF000000FF000000FF000000FF000000FF000000FF000000FF000000FF000000FF000000FF000000FF000000FF000000FF000000FF000000FF000000FF000000FF000000FF000000FF000000FF000000FFA9F922FFA9F922FF000000FF000000FF000000FF000000FF000000FF000000FF000000FF000000FF000000FF000000FF000000FF000000FF000000FF000000FF000000FF000000FF000000FF000000FF000000FF000000FF000000FF000000FFA9F922FFA9F922FFA9F922FFA9F922FF000000FF000000FF000000FF000000FFA9F922FFA9F922FF000000FF000000FF000000FF000000FF000000FF000000FF000000FF000000FF000000FF000000FF000000FF000000FF000000FF000000FF000000FF000000FF000000FF000000FF000000FF000000FF000000FF000000FF000000FF000000FF000000FF000000FF000000FF000000FF000000FF000000FF000000FF000000FF000000FF000000FF000000FF000000FF000000FF000000FF000000FF000000FF000000FF000000FF000000FF000000FF000000FF000000FF000000FF000000FF000000FF000000FF000000FF000000FF000000FF000000FF000000FF000000FF000000FF000000FF000000FF000000FF000000FF000000FF000000FF000000FF000000FF000000FF000000FF000000FF000000FF000000FF000000FF000000FF000000FF000000FF000000FF000000FF000000FF000000FFA9F922FFA9F922FF000000FF000000FF000000FF000000FF000000FF000000FF000000FF000000FF000000FF000000FF000000FF000000FF000000FF000000FF000000FF000000FF000000FF000000FF000000FF000000FF000000FF000000FF000000FF000000FF000000FF000000FFA9F922FFA9F922FF000000FF000000FF000000FF000000FF000000FF000000FF000000FF000000FFA9F922FFA9F922FFA9F922FFA9F922FF000000FF000000FF000000FF000000FFA9F922FFA9F922FF000000FF000000FF000000FF000000FFA9F922FFA9F922FF000000FF000000FF000000FF000000FF000000FF000000FF000000FF000000FF000000FF000000FF000000FF000000FFA9F922FFA9F922FF000000FF000000FF000000FF000000FF000000FF000000FF000000FF000000FF000000FF000000FF000000FF000000FFA9F922FFA9F922FF000000FF000000FF000000FF000000FF000000FF000000FFA9F922FFA9F922FF000000FF000000FF000000FF000000FF000000FF000000FF000000FF000000FFA9F922FFA9F922FF000000FF000000FF000000FF000000FF000000FF000000FF000000FF000000FF000000FF000000FF000000FF000000FF000000FF000000FF000000FF000000FF000000FF000000FF000000FF000000FF000000FF000000FFA9F922FFA9F922FF000000FF000000FF000000FF000000FF000000FF000000FFA9F922FFA9F922FF000000FF000000FF000000FF000000FFA9F922FFA9F922FF000000FF000000FF000000FF000000FF000000FF000000FF000000FF000000FF000000FF000000FF000000FF000000FFA9F922FFA9F922FF000000FF000000FF000000FF000000FF000000FF000000FF000000FF000000FF000000FF000000FF000000FF000000FFA9F922FFA9F922FF000000FF000000FF000000FF000000FF000000FF000000FFA9F922FFA9F922FF000000FF000000FF000000FF000000FFA9F922FFA9F922FF000000FF000000FF000000FF000000FF000000FF000000FFA9F922FFA9F922FF000000FF000000FF000000FF000000FFA9F922FFA9F922FF000000FF000000FF000000FF000000FF000000FF000000FF000000FF000000FF000000FF000000FF000000FF000000FF000000FF000000FF000000FF000000FF000000FF000000FF000000FF000000FF000000FF000000FF000000FF000000FF000000FF000000FFA9F922FFA9F922FF000000FF000000FF000000FF000000FF000000FF000000FF000000FF000000FF000000FF000000FF000000FF000000FF000000FF000000FF000000FF000000FFA9F922FFA9F922FF000000FF000000FF000000FF000000FF000000FF000000FF000000FF000000FFA9F922FFA9F922FFA9F922FFA9F922FF000000FF000000FF000000FF000000FFA9F922FFA9F922FF000000FF000000FF000000FF000000FFA9F922FFA9F922FF000000FF000000FF000000FF000000FF000000FF000000FF000000FF000000FF000000FF000000FF000000FF000000FF000000FF000000FF000000FF000000FF000000FF000000FF000000FF000000FF000000FF000000FF000000FF000000FF000000FF000000FFA9F922FFA9F922FFA9F922FFA9F922FF000000FF000000FF000000FF000000FFA9F922FFA9F922FF000000FF000000FF000000FF000000FF000000FF000000FF000000FF000000FF000000FF000000FF000000FF000000FF000000FF000000FF000000FF000000FF000000FF000000FF000000FF000000FF000000FF000000FF000000FF000000FF000000FF000000FF000000FF000000FF000000FF000000FF000000FF000000FF000000FF000000FF000000FF000000FF000000FF000000FF000000FF000000FF000000FF000000FF000000FF000000FF000000FF000000FF000000FF000000FF000000FF000000FF000000FF000000FF000000FF000000FF000000FF000000FF000000FF000000FF000000FF000000FF000000FF000000FF000000FF000000FF000000FF000000FF000000FF000000FF000000FF000000FF000000FF000000FF000000FF000000FF000000FF000000FF000000FF000000FF000000FF000000FF000000FF000000FF000000FF000000FF000000FF000000FF000000FF000000FF000000FF000000FF000000FF000000FF000000FF000000FF000000FF000000FF000000FF000000FF000000FF000000FF000000FF000000FF000000FF000000FF000000FF000000FF000000FF000000FF000000FF000000FF000000FF000000FF000000FF000000FF000000FF000000FF000000FF000000FF000000FF000000FF000000FF000000FF000000FF000000FF000000FF000000FF000000FF000000FF000000FF000000FF000000FF000000FF000000FF000000FF000000FF000000FF000000FF000000FF000000FF000000FF000000FF000000FF000000FF000000FF000000FF000000FF000000FF000000FFA9F922FFA9F922FF000000FF000000FF000000FF000000FF000000FF000000FF000000FF000000FF000000FF000000FF000000FF000000FF000000FF000000FF000000FF000000FF000000FF000000FF000000FF000000FF000000FF000000FFA9F922FFA9F922FF000000FF000000FFA9F922FFA9F922FF000000FF000000FFA9F922FFA9F922FF000000FF000000FF000000FF000000FF000000FF000000FF000000FF000000FF000000FF000000FF000000FF000000FF000000FF000000FF000000FF000000FF000000FF000000FF000000FF000000FF000000FF000000FF000000FF000000FF000000FF000000FF000000FF000000FF000000FF000000FF000000FF000000FF000000FF000000FF000000FF000000FF000000FF000000FF000000FF000000FF000000FF000000FF000000FF000000FF000000FF000000FF000000FF000000FF000000FF000000FF000000FF000000FF000000FF000000FF000000FF000000FF000000FF000000FF000000FF000000FF000000FF000000FF000000FF000000FF000000FF000000FF000000FF000000FF000000FF000000FF000000FF000000FF000000FF000000FF000000FF000000FF000000FF000000FF000000FF000000FF000000FF000000FF000000FF000000FF000000FF000000FF000000FF000000FF000000FF000000FF000000FF000000FF000000FF000000FF000000FF000000FF000000FF000000FF000000FF000000FF000000FF000000FF000000FF000000FF000000FF000000FFA9F922FFA9F922FF000000FF000000FF000000FF000000FF000000FF000000FF000000FF000000FFA9F922FFA9F922FF000000FF000000FFA9F922FFA9F922FF000000FF000000FFA9F922FFA9F922FF000000FF000000FF000000FF000000FF000000FF000000FFA9F922FFA9F922FFA9F922FFA9F922FFA9F922FFA9F922FF000000FF000000FF000000FF000000FF000000FF000000FFA9F922FFA9F922FFA9F922FFA9F922FFA9F922FFA9F922FFA9F922FFA9F922FF000000FF000000FF000000FF000000FF000000FF000000FFA9F922FFA9F922FFA9F922FFA9F922FFA9F922FFA9F922FFA9F922FFA9F922FF000000FF000000FF000000FF000000FF000000FF000000FF000000FF000000FF000000FF000000FFA9F922FFA9F922FF000000FF000000FF000000FF000000FF000000FF000000FF000000FF000000FF000000FF000000FF000000FF000000FF000000FF000000FF000000FF000000FF000000FF000000FF000000FF000000FF000000FF000000FFA9F922FFA9F922FFA9F922FFA9F922FFA9F922FFA9F922FFA9F922FFA9F922FF000000FF000000FF000000FF000000FF000000FF000000FFA9F922FFA9F922FFA9F922FFA9F922FFA9F922FFA9F922FFA9F922FFA9F922FF000000FF000000FF000000FF000000FF000000FF000000FFA9F922FFA9F922FFA9F922FFA9F922FFA9F922FFA9F922FFA9F922FFA9F922FF000000FF000000FF000000FF000000FF000000FF000000FFA9F922FFA9F922FF000000FF000000FF000000FF000000FF000000FF000000FFA9F922FFA9F922FF000000FF000000FF000000FF000000FFA9F922FFA9F922FFA9F922FFA9F922FFA9F922FFA9F922FFA9F922FFA9F922FF000000FF000000FF000000FF000000FF000000FF000000FFA9F922FFA9F922FFA9F922FFA9F922FFA9F922FFA9F922FFA9F922FFA9F922FF000000FF000000FF000000FF000000FF000000FF000000FF000000FF000000FF000000FF000000FF000000FF000000FF000000FF000000FF000000FF000000FF000000FF000000FF000000FF000000FFA9F922FFA9F922FF000000FF000000FF000000FF000000FF000000FF000000FF000000FF000000FF000000FF000000FF000000FF000000FF000000FF000000FF000000FF000000FFA9F922FFA9F922FF000000FF000000FF000000FF000000FF000000FF000000FF000000FF000000FFA9F922FFA9F922FF000000FF000000FFA9F922FFA9F922FF000000FF000000FFA9F922FFA9F922FF000000FF000000FF000000FF000000FFA9F922FFA9F922FFA9F922FFA9F922FFA9F922FFA9F922FFA9F922FFA9F922FF000000FF000000FF000000FF000000FF000000FF000000FF000000FF000000FF000000FF000000FF000000FF000000FF000000FF000000FF000000FF000000FF000000FF000000FF000000FF000000FFA9F922FFA9F922FF000000FF000000FFA9F922FFA9F922FF000000FF000000FFA9F922FFA9F922FF000000FF000000FF000000FF000000FF000000FF000000FF000000FF000000FF000000FF000000FF000000FF000000FF000000FF000000FF000000FF000000FF000000FF000000FF000000FF000000FF000000FF000000FF000000FF000000FF000000FF000000FF000000FF000000FF000000FF000000FF000000FF000000FF000000FF000000FF000000FF000000FF000000FF000000FF000000FF000000FF000000FF000000FF000000FF000000FF000000FF000000FF000000FF000000FF000000FF000000FF000000FF000000FF000000FF000000FF000000FF000000FF000000FF000000FF000000FF000000FF000000FF000000FF000000FF000000FF000000FF000000FF000000FF000000FF000000FF000000FF000000FF000000FF000000FF000000FF000000FF000000FF000000FF000000FF000000FF000000FF000000FF000000FF000000FF000000FF000000FF000000FF000000FF000000FF000000FF000000FF000000FF000000FF000000FF000000FF000000FF000000FF000000FF000000FF000000FF000000FF000000FF000000FF000000FF000000FF000000FF000000FF000000FF000000FF000000FF000000FF000000FF000000FF000000FF000000FF000000FF000000FF000000FF000000FF000000FF000000FF000000FF000000FF000000FF000000FF000000FF000000FF000000FF000000FF000000FF000000FF000000FF000000FF000000FF000000FF000000FF000000FF000000FF000000FF000000FF000000FF000000FF000000FF000000FF000000FF000000FF000000FF000000FF000000FFA9F922FFA9F922FF000000FF000000FF000000FF000000FF000000FF000000FF000000FF000000FF000000FF000000FF000000FF000000FF000000FF000000FF000000FF000000FF000000FF000000FF000000FF000000FF000000FF000000FFA9F922FFA9F922FF000000FF000000FFA9F922FFA9F922FF000000FF000000FFA9F922FFA9F922FF000000FF000000FF000000FF000000FF000000FF000000FF000000FF000000FF000000FF000000FF000000FF000000FF000000FF000000FF000000FF000000FF000000FF000000FF000000FF000000FF000000FF000000FF000000FF000000FF000000FF000000FF000000FF000000FF000000FF000000FF000000FF000000FF000000FF000000FF000000FF000000FF000000FF000000FF000000FF000000FF000000FF000000FF000000FF000000FF000000FF000000FF000000FF000000FF000000FF000000FF000000FF000000FF000000FF000000FF000000FF000000FF000000FF000000FF000000FF000000FF000000FF000000FF000000FF000000FF000000FF000000FF000000FF000000FF000000FF000000FF000000FF000000FF000000FF000000FF000000FF000000FF000000FF000000FF000000FF000000FF000000FF000000FF000000FF000000FF000000FF000000FF000000FF000000FF000000FF000000FF000000FF000000FF000000FF000000FF000000FF000000FF000000FF000000FF000000FF000000FF000000FF000000FF000000FF000000FF000000FF000000FFA9F922FFA9F922FF000000FF000000FF000000FF000000FF000000FF000000FF000000FF000000FFA9F922FFA9F922FF000000FF000000FFA9F922FFA9F922FF000000FF000000FFA9F922FFA9F922FF000000FF000000FF000000FF000000FF000000FF000000FFA9F922FFA9F922FFA9F922FFA9F922FFA9F922FFA9F922FF000000FF000000FF000000FF000000FF000000FF000000FFA9F922FFA9F922FFA9F922FFA9F922FFA9F922FFA9F922FFA9F922FFA9F922FF000000FF000000FF000000FF000000FF000000FF000000FFA9F922FFA9F922FFA9F922FFA9F922FFA9F922FFA9F922FFA9F922FFA9F922FF000000FF000000FF000000FF000000FF000000FF000000FF000000FF000000FF000000FF000000FFA9F922FFA9F922FF000000FF000000FF000000FF000000FF000000FF000000FF000000FF000000FF000000FF000000FF000000FF000000FF000000FF000000FF000000FF000000FF000000FF000000FF000000FF000000FF000000FF000000FFA9F922FFA9F922FFA9F922FFA9F922FFA9F922FFA9F922FFA9F922FFA9F922FF000000FF000000FF000000FF000000FF000000FF000000FFA9F922FFA9F922FFA9F922FFA9F922FFA9F922FFA9F922FFA9F922FFA9F922FF000000FF000000FF000000FF000000FF000000FF000000FFA9F922FFA9F922FFA9F922FFA9F922FFA9F922FFA9F922FFA9F922FFA9F922FF000000FF000000FF000000FF000000FF000000FF000000FFA9F922FFA9F922FF000000FF000000FF000000FF000000FF000000FF000000FFA9F922FFA9F922FF000000FF000000FF000000FF000000FFA9F922FFA9F922FFA9F922FFA9F922FFA9F922FFA9F922FFA9F922FFA9F922FF000000FF000000FF000000FF000000FF000000FF000000FFA9F922FFA9F922FFA9F922FFA9F922FFA9F922FFA9F922FFA9F922FFA9F922FF000000FF000000FF000000FF000000FF000000FF000000FF000000FF000000FF000000FF000000FF000000FF000000FF000000FF000000FF000000FF000000FF000000FF000000FF000000FF000000FFA9F922FFA9F922FF000000FF000000FF000000FF000000FF000000FF000000FF000000FF000000FF000000FF000000FF000000FF000000FF000000FF000000FF000000FF000000FFA9F922FFA9F922FF000000FF000000FF000000FF000000FF000000FF000000FF000000FF000000FFA9F922FFA9F922FF000000FF000000FFA9F922FFA9F922FF000000FF000000FFA9F922FFA9F922FF000000FF000000FF000000FF000000FFA9F922FFA9F922FFA9F922FFA9F922FFA9F922FFA9F922FFA9F922FFA9F922FF000000FF000000FF000000FF000000FF000000FF000000FF000000FF000000FF000000FF000000FF000000FF000000FF000000FF000000FF000000FF000000FF000000FF000000FF000000FF000000FFA9F922FFA9F922FF000000FF000000FFA9F922FFA9F922FF000000FF000000FFA9F922FFA9F922FF000000FF000000FF000000FF000000FF000000FF000000FF000000FF000000FF000000FF000000FF000000FF000000FF000000FF000000FF000000FF000000FF000000FF000000FF000000FF000000FF000000FF000000FF000000FF000000FF000000FF000000FF000000FF000000FF000000FF000000FF000000FF000000FF000000FF000000FF000000FF000000FF000000FF000000FF000000FF000000FF000000FF000000FF000000FF000000FF000000FF000000FF000000FF000000FF000000FF000000FF000000FF000000FF000000FF000000FF000000FF000000FF000000FF000000FF000000FF000000FF000000FF000000FF000000FF000000FF000000FF000000FF000000FF000000FF000000FF000000FF000000FF000000FF000000FF000000FF000000FF000000FF000000FF000000FF000000FF000000FF000000FF000000FF000000FF000000FF000000FF000000FF000000FF000000FF000000FF000000FF000000FF000000FF000000FF000000FF000000FF000000FF000000FF000000FF000000FF000000FF000000FF000000FF000000FF000000FF000000FF000000FF000000FF000000FF000000FF000000FF000000FF000000FF000000FF000000FF000000FF000000FF000000FF000000FF000000FF000000FF000000FF000000FF000000FF000000FF000000FF000000FF000000FF000000FF000000FF000000FF000000FF000000FF000000FF000000FF000000FF000000FF000000FF000000FF000000FF000000FF000000FF000000FF000000FF000000FF000000FF000000FF000000FF000000FFA9F922FFA9F922FF000000FF000000FF000000FF000000FF000000FF000000FF000000FF000000FF000000FF000000FF000000FF000000FF000000FF000000FF000000FF000000FF000000FF000000FF000000FF000000FF000000FF000000FFA9F922FFA9F922FF000000FF000000FF000000FF000000FFA9F922FFA9F922FFA9F922FFA9F922FF000000FF000000FF000000FF000000FF000000FF000000FF000000FF000000FF000000FF000000FF000000FF000000FF000000FF000000FF000000FF000000FF000000FF000000FF000000FF000000FF000000FF000000FF000000FF000000FF000000FF000000FF000000FF000000FF000000FF000000FF000000FF000000FF000000FF000000FF000000FF000000FF000000FF000000FF000000FF000000FF000000FF000000FF000000FF000000FF000000FF000000FF000000FF000000FF000000FF000000FF000000FF000000FF000000FF000000FF000000FF000000FF000000FF000000FF000000FF000000FF000000FF000000FF000000FF000000FF000000FF000000FF000000FF000000FF000000FF000000FF000000FF000000FF000000FF000000FF000000FF000000FF000000FF000000FFA9F922FFA9F922FF000000FF000000FF000000FF000000FF000000FF000000FF000000FF000000FF000000FF000000FF000000FF000000FF000000FF000000FF000000FF000000FF000000FF000000FF000000FF000000FF000000FF000000FF000000FF000000FF000000FF000000FFA9F922FFA9F922FF000000FF000000FF000000FF000000FF000000FF000000FF000000FF000000FFA9F922FFA9F922FF000000FF000000FF000000FF000000FFA9F922FFA9F922FFA9F922FFA9F922FF000000FF000000FF000000FF000000FF000000FF000000FF000000FF000000FF000000FF000000FF000000FF000000FFA9F922FFA9F922FF000000FF000000FF000000FF000000FFA9F922FFA9F922FF000000FF000000FF000000FF000000FF000000FF000000FF000000FF000000FF000000FF000000FF000000FF000000FFA9F922FFA9F922FF000000FF000000FFA9F922FFA9F922FF000000FF000000FF000000FF000000FF000000FF000000FF000000FF000000FF000000FF000000FF000000FF000000FFA9F922FFA9F922FF000000FF000000FF000000FF000000FF000000FF000000FF000000FF000000FF000000FF000000FF000000FF000000FF000000FF000000FF000000FF000000FF000000FF000000FF000000FF000000FF000000FF000000FFA9F922FFA9F922FF000000FF000000FF000000FF000000FF000000FF000000FFA9F922FFA9F922FF000000FF000000FF000000FF000000FFA9F922FFA9F922FF000000FF000000FF000000FF000000FF000000FF000000FF000000FF000000FF000000FF000000FF000000FF000000FFA9F922FFA9F922FF000000FF000000FF000000FF000000FF000000FF000000FF000000FF000000FF000000FF000000FF000000FF000000FFA9F922FFA9F922FF000000FF000000FF000000FF000000FF000000FF000000FFA9F922FFA9F922FF000000FF000000FF000000FF000000FFA9F922FFA9F922FF000000FF000000FFA9F922FFA9F922FF000000FF000000FF000000FF000000FF000000FF000000FF000000FF000000FFA9F922FFA9F922FF000000FF000000FF000000FF000000FF000000FF000000FF000000FF000000FF000000FF000000FF000000FF000000FF000000FF000000FF000000FF000000FF000000FF000000FF000000FF000000FF000000FF000000FF000000FF000000FF000000FF000000FFA9F922FFA9F922FF000000FF000000FF000000FF000000FF000000FF000000FF000000FF000000FF000000FF000000FF000000FF000000FF000000FF000000FF000000FF000000FFA9F922FFA9F922FF000000FF000000FF000000FF000000FF000000FF000000FF000000FF000000FFA9F922FFA9F922FF000000FF000000FF000000FF000000FFA9F922FFA9F922FFA9F922FFA9F922FF000000FF000000FF000000FF000000FFA9F922FFA9F922FF000000FF000000FF000000FF000000FF000000FF000000FF000000FF000000FF000000FF000000FF000000FF000000FF000000FF000000FF000000FF000000FF000000FF000000FF000000FF000000FF000000FF000000FF000000FF000000FF000000FF000000FFA9F922FFA9F922FF000000FF000000FF000000FF000000FFA9F922FFA9F922FFA9F922FFA9F922FF000000FF000000FF000000FF000000FF000000FF000000FF000000FF000000FF000000FF000000FF000000FF000000FF000000FF000000FF000000FF000000FF000000FF000000FF000000FF000000FF000000FF000000FF000000FF000000FF000000FF000000FF000000FF000000FF000000FF000000FF000000FF000000FF000000FF000000FF000000FF000000FF000000FF000000FF000000FF000000FF000000FF000000FF000000FF000000FF000000FF000000FF000000FF000000FF000000FF000000FF000000FF000000FF000000FF000000FF000000FF000000FF000000FF000000FF000000FF000000FF000000FF000000FF000000FF000000FF000000FF000000FF000000FF000000FF000000FF000000FF000000FF000000FF000000FF000000FF000000FF000000FF000000FF000000FF000000FF000000FF000000FF000000FF000000FF000000FF000000FF000000FF000000FF000000FF000000FF000000FF000000FF000000FF000000FF000000FF000000FF000000FF000000FF000000FF000000FF000000FF000000FF000000FF000000FF000000FF000000FF000000FF000000FF000000FF000000FF000000FF000000FF000000FF000000FF000000FF000000FF000000FF000000FF000000FF000000FF000000FF000000FF000000FF000000FF000000FF000000FF000000FF000000FF000000FF000000FF000000FF000000FF000000FF000000FF000000FF000000FF000000FF000000FF000000FF000000FF000000FF000000FF000000FF000000FF000000FF000000FF000000FF000000FF000000FFA9F922FFA9F922FF000000FF000000FF000000FF000000FF000000FF000000FF000000FF000000FF000000FF000000FF000000FF000000FF000000FF000000FF000000FF000000FF000000FF000000FF000000FF000000FF000000FF000000FFA9F922FFA9F922FF000000FF000000FF000000FF000000FFA9F922FFA9F922FFA9F922FFA9F922FF000000FF000000FF000000FF000000FF000000FF000000FF000000FF000000FF000000FF000000FF000000FF000000FF000000FF000000FF000000FF000000FF000000FF000000FF000000FF000000FF000000FF000000FF000000FF000000FF000000FF000000FF000000FF000000FF000000FF000000FF000000FF000000FF000000FF000000FF000000FF000000FF000000FF000000FF000000FF000000FF000000FF000000FF000000FF000000FF000000FF000000FF000000FF000000FF000000FF000000FF000000FF000000FF000000FF000000FF000000FF000000FF000000FF000000FF000000FF000000FF000000FF000000FF000000FF000000FF000000FF000000FF000000FF000000FF000000FF000000FF000000FF000000FF000000FF000000FF000000FF000000FF000000FF000000FFA9F922FFA9F922FF000000FF000000FF000000FF000000FF000000FF000000FF000000FF000000FF000000FF000000FF000000FF000000FF000000FF000000FF000000FF000000FF000000FF000000FF000000FF000000FF000000FF000000FF000000FF000000FF000000FF000000FFA9F922FFA9F922FF000000FF000000FF000000FF000000FF000000FF000000FF000000FF000000FFA9F922FFA9F922FF000000FF000000FF000000FF000000FFA9F922FFA9F922FFA9F922FFA9F922FF000000FF000000FF000000FF000000FF000000FF000000FF000000FF000000FF000000FF000000FF000000FF000000FFA9F922FFA9F922FF000000FF000000FF000000FF000000FFA9F922FFA9F922FF000000FF000000FF000000FF000000FF000000FF000000FF000000FF000000FF000000FF000000FF000000FF000000FFA9F922FFA9F922FF000000FF000000FFA9F922FFA9F922FF000000FF000000FF000000FF000000FF000000FF000000FF000000FF000000FF000000FF000000FF000000FF000000FFA9F922FFA9F922FF000000FF000000FF000000FF000000FF000000FF000000FF000000FF000000FF000000FF000000FF000000FF000000FF000000FF000000FF000000FF000000FF000000FF000000FF000000FF000000FF000000FF000000FFA9F922FFA9F922FF000000FF000000FF000000FF000000FF000000FF000000FFA9F922FFA9F922FF000000FF000000FF000000FF000000FFA9F922FFA9F922FF000000FF000000FF000000FF000000FF000000FF000000FF000000FF000000FF000000FF000000FF000000FF000000FFA9F922FFA9F922FF000000FF000000FF000000FF000000FF000000FF000000FF000000FF000000FF000000FF000000FF000000FF000000FFA9F922FFA9F922FF000000FF000000FF000000FF000000FF000000FF000000FFA9F922FFA9F922FF000000FF000000FF000000FF000000FFA9F922FFA9F922FF000000FF000000FFA9F922FFA9F922FF000000FF000000FF000000FF000000FF000000FF000000FF000000FF000000FFA9F922FFA9F922FF000000FF000000FF000000FF000000FF000000FF000000FF000000FF000000FF000000FF000000FF000000FF000000FF000000FF000000FF000000FF000000FF000000FF000000FF000000FF000000FF000000FF000000FF000000FF000000FF000000FF000000FFA9F922FFA9F922FF000000FF000000FF000000FF000000FF000000FF000000FF000000FF000000FF000000FF000000FF000000FF000000FF000000FF000000FF000000FF000000FFA9F922FFA9F922FF000000FF000000FF000000FF000000FF000000FF000000FF000000FF000000FFA9F922FFA9F922FF000000FF000000FF000000FF000000FFA9F922FFA9F922FFA9F922FFA9F922FF000000FF000000FF000000FF000000FFA9F922FFA9F922FF000000FF000000FF000000FF000000FF000000FF000000FF000000FF000000FF000000FF000000FF000000FF000000FF000000FF000000FF000000FF000000FF000000FF000000FF000000FF000000FF000000FF000000FF000000FF000000FF000000FF000000FFA9F922FFA9F922FF000000FF000000FF000000FF000000FFA9F922FFA9F922FFA9F922FFA9F922FF000000FF000000FF000000FF000000FF000000FF000000FF000000FF000000FF000000FF000000FF000000FF000000FF000000FF000000FF000000FF000000FF000000FF000000FF000000FF000000FF000000FF000000FF000000FF000000FF000000FF000000FF000000FF000000FF000000FF000000FF000000FF000000FF000000FF000000FF000000FF000000FF000000FF000000FF000000FF000000FF000000FF000000FF000000FF000000FF000000FF000000FF000000FF000000FF000000FF000000FF000000FF000000FF000000FF000000FF000000FF000000FF000000FF000000FF000000FF000000FF000000FF000000FF000000FF000000FF000000FF000000FF000000FF000000FF000000FF000000FF000000FF000000FF000000FF000000FF000000FF000000FF000000FF000000FF000000FF000000FF000000FF000000FF000000FF000000FF000000FF000000FF000000FF000000FF000000FF000000FF000000FF000000FF000000FF000000FF000000FF000000FF000000FF000000FF000000FF000000FF000000FF000000FF000000FF000000FF000000FF000000FF000000FF000000FF000000FF000000FF000000FF000000FF000000FF000000FF000000FF000000FF000000FF000000FF000000FF000000FF000000FF000000FF000000FF000000FF000000FF000000FF000000FF000000FF000000FF000000FF000000FF000000FF000000FF000000FF000000FF000000FF000000FF000000FF000000FF000000FF000000FF000000FF000000FF000000FF000000FF000000FF000000FF000000FFA9F922FFA9F922FF000000FF000000FF000000FF000000FF000000FF000000FF000000FF000000FF000000FF000000FF000000FF000000FF000000FF000000FF000000FF000000FF000000FF000000FF000000FF000000FF000000FF000000FFA9F922FFA9F922FF000000FF000000FF000000FF000000FF000000FF000000FFA9F922FFA9F922FF000000FF000000FF000000FF000000FF000000FF000000FF000000FF000000FF000000FF000000FF000000FF000000FF000000FF000000FF000000FF000000FF000000FF000000FF000000FF000000FF000000FF000000FF000000FF000000FF000000FF000000FF000000FF000000FF000000FF000000FF000000FF000000FF000000FF000000FF000000FF000000FF000000FF000000FF000000FF000000FF000000FF000000FF000000FF000000FF000000FF000000FF000000FF000000FF000000FF000000FF000000FF000000FF000000FF000000FF000000FF000000FF000000FF000000FF000000FF000000FF000000FF000000FF000000FF000000FF000000FF000000FF000000FF000000FF000000FF000000FF000000FF000000FF000000FF000000FF000000FF000000FF000000FF000000FF000000FF000000FF000000FF000000FF000000FF000000FF000000FF000000FF000000FF000000FF000000FF000000FF000000FF000000FF000000FF000000FF000000FF000000FF000000FF000000FF000000FF000000FF000000FF000000FF000000FF000000FF000000FF000000FFA9F922FFA9F922FF000000FF000000FF000000FF000000FF000000FF000000FF000000FF000000FFA9F922FFA9F922FF000000FF000000FF000000FF000000FF000000FF000000FFA9F922FFA9F922FF000000FF000000FF000000FF000000FFA9F922FFA9F922FF000000FF000000FF000000FF000000FF000000FF000000FFA9F922FFA9F922FF000000FF000000FF000000FF000000FFA9F922FFA9F922FF000000FF000000FF000000FF000000FF000000FF000000FF000000FF000000FF000000FF000000FF000000FF000000FFA9F922FFA9F922FF000000FF000000FF000000FF000000FFA9F922FFA9F922FF000000FF000000FF000000FF000000FF000000FF000000FF000000FF000000FF000000FF000000FFA9F922FFA9F922FF000000FF000000FF000000FF000000FF000000FF000000FF000000FF000000FF000000FF000000FF000000FF000000FF000000FF000000FF000000FF000000FF000000FF000000FF000000FF000000FF000000FF000000FFA9F922FFA9F922FF000000FF000000FF000000FF000000FF000000FF000000FFA9F922FFA9F922FF000000FF000000FF000000FF000000FFA9F922FFA9F922FF000000FF000000FF000000FF000000FF000000FF000000FF000000FF000000FF000000FF000000FF000000FF000000FFA9F922FFA9F922FF000000FF000000FF000000FF000000FF000000FF000000FF000000FF000000FF000000FF000000FF000000FF000000FFA9F922FFA9F922FF000000FF000000FF000000FF000000FF000000FF000000FFA9F922FFA9F922FF000000FF000000FF000000FF000000FFA9F922FFA9F922FF000000FF000000FF000000FF000000FFA9F922FFA9F922FF000000FF000000FF000000FF000000FF000000FF000000FFA9F922FFA9F922FF000000FF000000FF000000FF000000FF000000FF000000FF000000FF000000FF000000FF000000FF000000FF000000FF000000FF000000FF000000FF000000FF000000FF000000FF000000FF000000FF000000FF000000FF000000FF000000FF000000FF000000FFA9F922FFA9F922FF000000FF000000FF000000FF000000FF000000FF000000FF000000FF000000FF000000FF000000FF000000FF000000FF000000FF000000FF000000FF000000FFA9F922FFA9F922FF000000FF000000FF000000FF000000FF000000FF000000FF000000FF000000FFA9F922FFA9F922FF000000FF000000FF000000FF000000FF000000FF000000FFA9F922FFA9F922FF000000FF000000FF000000FF000000FFA9F922FFA9F922FF000000FF000000FF000000FF000000FF000000FF000000FF000000FF000000FF000000FF000000FF000000FF000000FF000000FF000000FF000000FF000000FF000000FF000000FF000000FF000000FF000000FF000000FF000000FF000000FF000000FF000000FFA9F922FFA9F922FF000000FF000000FF000000FF000000FF000000FF000000FFA9F922FFA9F922FF000000FF000000FF000000FF000000FF000000FF000000FF000000FF000000FF000000FF000000FF000000FF000000FF000000FF000000FF000000FF000000FF000000FF000000FF000000FF000000FF000000FF000000FF000000FF000000FF000000FF000000FF000000FF000000FF000000FF000000FF000000FF000000FF000000FF000000FF000000FF000000FF000000FF000000FF000000FF000000FF000000FF000000FF000000FF000000FF000000FF000000FF000000FF000000FF000000FF000000FF000000FF000000FF000000FF000000FF000000FF000000FF000000FF000000FF000000FF000000FF000000FF000000FF000000FF000000FF000000FF000000FF000000FF000000FF000000FF000000FF000000FF000000FF000000FF000000FF000000FF000000FF000000FF000000FF000000FF000000FF000000FF000000FF000000FF000000FF000000FF000000FF000000FF000000FF000000FF000000FF000000FF000000FF000000FF000000FF000000FF000000FF000000FF000000FF000000FF000000FF000000FF000000FF000000FF000000FF000000FF000000FF000000FF000000FF000000FF000000FF000000FF000000FF000000FF000000FF000000FF000000FF000000FF000000FF000000FF000000FF000000FF000000FF000000FF000000FF000000FF000000FF000000FF000000FF000000FF000000FF000000FF000000FF000000FF000000FF000000FF000000FF000000FF000000FF000000FF000000FF000000FF000000FF000000FF000000FF000000FF000000FF000000FF000000FFA9F922FFA9F922FF000000FF000000FF000000FF000000FF000000FF000000FF000000FF000000FF000000FF000000FF000000FF000000FF000000FF000000FF000000FF000000FF000000FF000000FF000000FF000000FF000000FF000000FFA9F922FFA9F922FF000000FF000000FF000000FF000000FF000000FF000000FFA9F922FFA9F922FF000000FF000000FF000000FF000000FF000000FF000000FF000000FF000000FF000000FF000000FF000000FF000000FF000000FF000000FF000000FF000000FF000000FF000000FF000000FF000000FF000000FF000000FF000000FF000000FF000000FF000000FF000000FF000000FF000000FF000000FF000000FF000000FF000000FF000000FF000000FF000000FF000000FF000000FF000000FF000000FF000000FF000000FF000000FF000000FF000000FF000000FF000000FF000000FF000000FF000000FF000000FF000000FF000000FF000000FF000000FF000000FF000000FF000000FF000000FF000000FF000000FF000000FF000000FF000000FF000000FF000000FF000000FF000000FF000000FF000000FF000000FF000000FF000000FF000000FF000000FF000000FF000000FF000000FF000000FF000000FF000000FF000000FF000000FF000000FF000000FF000000FF000000FF000000FF000000FF000000FF000000FF000000FF000000FF000000FF000000FF000000FF000000FF000000FF000000FF000000FF000000FF000000FF000000FF000000FF000000FF000000FFA9F922FFA9F922FF000000FF000000FF000000FF000000FF000000FF000000FF000000FF000000FFA9F922FFA9F922FF000000FF000000FF000000FF000000FF000000FF000000FFA9F922FFA9F922FF000000FF000000FF000000FF000000FFA9F922FFA9F922FF000000FF000000FF000000FF000000FF000000FF000000FFA9F922FFA9F922FF000000FF000000FF000000FF000000FFA9F922FFA9F922FF000000FF000000FF000000FF000000FF000000FF000000FF000000FF000000FF000000FF000000FF000000FF000000FFA9F922FFA9F922FF000000FF000000FF000000FF000000FFA9F922FFA9F922FF000000FF000000FF000000FF000000FF000000FF000000FF000000FF000000FF000000FF000000FFA9F922FFA9F922FF000000FF000000FF000000FF000000FF000000FF000000FF000000FF000000FF000000FF000000FF000000FF000000FF000000FF000000FF000000FF000000FF000000FF000000FF000000FF000000FF000000FF000000FFA9F922FFA9F922FF000000FF000000FF000000FF000000FF000000FF000000FFA9F922FFA9F922FF000000FF000000FF000000FF000000FFA9F922FFA9F922FF000000FF000000FF000000FF000000FF000000FF000000FF000000FF000000FF000000FF000000FF000000FF000000FFA9F922FFA9F922FF000000FF000000FF000000FF000000FF000000FF000000FF000000FF000000FF000000FF000000FF000000FF000000FFA9F922FFA9F922FF000000FF000000FF000000FF000000FF000000FF000000FFA9F922FFA9F922FF000000FF000000FF000000FF000000FFA9F922FFA9F922FF000000FF000000FF000000FF000000FFA9F922FFA9F922FF000000FF000000FF000000FF000000FF000000FF000000FFA9F922FFA9F922FF000000FF000000FF000000FF000000FF000000FF000000FF000000FF000000FF000000FF000000FF000000FF000000FF000000FF000000FF000000FF000000FF000000FF000000FF000000FF000000FF000000FF000000FF000000FF000000FF000000FF000000FFA9F922FFA9F922FF000000FF000000FF000000FF000000FF000000FF000000FF000000FF000000FF000000FF000000FF000000FF000000FF000000FF000000FF000000FF000000FFA9F922FFA9F922FF000000FF000000FF000000FF000000FF000000FF000000FF000000FF000000FFA9F922FFA9F922FF000000FF000000FF000000FF000000FF000000FF000000FFA9F922FFA9F922FF000000FF000000FF000000FF000000FFA9F922FFA9F922FF000000FF000000FF000000FF000000FF000000FF000000FF000000FF000000FF000000FF000000FF000000FF000000FF000000FF000000FF000000FF000000FF000000FF000000FF000000FF000000FF000000FF000000FF000000FF000000FF000000FF000000FFA9F922FFA9F922FF000000FF000000FF000000FF000000FF000000FF000000FFA9F922FFA9F922FF000000FF000000FF000000FF000000FF000000FF000000FF000000FF000000FF000000FF000000FF000000FF000000FF000000FF000000FF000000FF000000FF000000FF000000FF000000FF000000FF000000FF000000FF000000FF000000FF000000FF000000FF000000FF000000FF000000FF000000FF000000FF000000FF000000FF000000FF000000FF000000FF000000FF000000FF000000FF000000FF000000FF000000FF000000FF000000FF000000FF000000FF000000FF000000FF000000FF000000FF000000FF000000FF000000FF000000FF000000FF000000FF000000FF000000FF000000FF000000FF000000FF000000FF000000FF000000FF000000FF000000FF000000FF000000FF000000FF000000FF000000FF000000FF000000FF000000FF000000FF000000FF000000FF000000FF000000FF000000FF000000FF000000FF000000FF000000FF000000FF000000FF000000FF000000FF000000FF000000FF000000FF000000FF000000FF000000FF000000FF000000FF000000FF000000FF000000FF000000FF000000FF000000FF000000FF000000FF000000FF000000FF000000FF000000FF000000FF000000FF000000FF000000FF000000FF000000FF000000FF000000FF000000FF000000FF000000FF000000FF000000FF000000FF000000FF000000FF000000FF000000FF000000FF000000FF000000FF000000FF000000FF000000FF000000FF000000FF000000FF000000FF000000FF000000FF000000FF000000FF000000FF000000FF000000FF000000FF000000FF000000FFA9F922FFA9F922FFA9F922FFA9F922FFA9F922FFA9F922FF000000FF000000FF000000FF000000FF000000FF000000FF000000FF000000FF000000FF000000FF000000FF000000FF000000FF000000FF000000FF000000FF000000FF000000FF000000FF000000FFA9F922FFA9F922FF000000FF000000FF000000FF000000FF000000FF000000FFA9F922FFA9F922FF000000FF000000FF000000FF000000FF000000FF000000FF000000FF000000FF000000FF000000FF000000FF000000FF000000FF000000FF000000FF000000FF000000FF000000FF000000FF000000FF000000FF000000FF000000FF000000FF000000FF000000FF000000FF000000FF000000FF000000FF000000FF000000FF000000FF000000FF000000FF000000FF000000FF000000FF000000FF000000FF000000FF000000FF000000FF000000FF000000FF000000FF000000FF000000FF000000FF000000FF000000FF000000FF000000FF000000FF000000FF000000FF000000FF000000FF000000FF000000FF000000FF000000FF000000FF000000FF000000FF000000FF000000FF000000FF000000FF000000FF000000FF000000FF000000FF000000FF000000FF000000FF000000FF000000FF000000FF000000FF000000FF000000FF000000FF000000FF000000FF000000FF000000FF000000FF000000FF000000FF000000FF000000FF000000FF000000FF000000FF000000FF000000FF000000FF000000FF000000FF000000FF000000FF000000FF000000FFA9F922FFA9F922FFA9F922FFA9F922FFA9F922FFA9F922FF000000FF000000FF000000FF000000FF000000FF000000FFA9F922FFA9F922FF000000FF000000FF000000FF000000FF000000FF000000FFA9F922FFA9F922FF000000FF000000FF000000FF000000FF000000FF000000FFA9F922FFA9F922FFA9F922FFA9F922FFA9F922FFA9F922FF000000FF000000FF000000FF000000FF000000FF000000FFA9F922FFA9F922FFA9F922FFA9F922FFA9F922FFA9F922FFA9F922FFA9F922FFA9F922FFA9F922FF000000FF000000FF000000FF000000FFA9F922FFA9F922FF000000FF000000FF000000FF000000FF000000FF000000FFA9F922FFA9F922FF000000FF000000FF000000FF000000FF000000FF000000FF000000FF000000FFA9F922FFA9F922FF000000FF000000FF000000FF000000FF000000FF000000FF000000FF000000FF000000FF000000FF000000FF000000FF000000FF000000FF000000FF000000FF000000FF000000FF000000FF000000FF000000FF000000FFA9F922FFA9F922FFA9F922FFA9F922FFA9F922FFA9F922FFA9F922FFA9F922FF000000FF000000FF000000FF000000FF000000FF000000FFA9F922FFA9F922FFA9F922FFA9F922FFA9F922FFA9F922FFA9F922FFA9F922FFA9F922FFA9F922FF000000FF000000FF000000FF000000FFA9F922FFA9F922FF000000FF000000FF000000FF000000FF000000FF000000FF000000FF000000FF000000FF000000FF000000FF000000FF000000FF000000FFA9F922FFA9F922FFA9F922FFA9F922FFA9F922FFA9F922FF000000FF000000FF000000FF000000FF000000FF000000FFA9F922FFA9F922FF000000FF000000FF000000FF000000FF000000FF000000FFA9F922FFA9F922FF000000FF000000FF000000FF000000FFA9F922FFA9F922FFA9F922FFA9F922FFA9F922FFA9F922FFA9F922FFA9F922FFA9F922FFA9F922FF000000FF000000FF000000FF000000FF000000FF000000FF000000FF000000FF000000FF000000FF000000FF000000FF000000FF000000FF000000FF000000FF000000FF000000FFA9F922FFA9F922FFA9F922FFA9F922FFA9F922FFA9F922FFA9F922FFA9F922FFA9F922FFA9F922FF000000FF000000FF000000FF000000FF000000FF000000FFA9F922FFA9F922FFA9F922FFA9F922FFA9F922FFA9F922FF000000FF000000FF000000FF000000FF000000FF000000FFA9F922FFA9F922FF000000FF000000FF000000FF000000FF000000FF000000FFA9F922FFA9F922FF000000FF000000FF000000FF000000FFA9F922FFA9F922FFA9F922FFA9F922FFA9F922FFA9F922FFA9F922FFA9F922FFA9F922FFA9F922FF000000FF000000FF000000FF000000FF000000FF000000FF000000FF000000FF000000FF000000FF000000FF000000FF000000FF000000FF000000FF000000FF000000FF000000FFA9F922FFA9F922FF000000FF000000FF000000FF000000FF000000FF000000FFA9F922FFA9F922FF000000FF000000FF000000FF000000FF000000FF000000FF000000FF000000FF000000FF000000FF000000FF000000FF000000FF000000FF000000FF000000FF000000FF000000FF000000FF000000FF000000FF000000FF000000FF000000FF000000FF000000FF000000FF000000FF000000FF000000FF000000FF000000FF000000FF000000FF000000FF000000FF000000FF000000FF000000FF000000FF000000FF000000FF000000FF000000FF000000FF000000FF000000FF000000FF000000FF000000FF000000FF000000FF000000FF000000FF000000FF000000FF000000FF000000FF000000FF000000FF000000FF000000FF000000FF000000FF000000FF000000FF000000FF000000FF000000FF000000FF000000FF000000FF000000FF000000FF000000FF000000FF000000FF000000FF000000FF000000FF000000FF000000FF000000FF000000FF000000FF000000FF000000FF000000FF000000FF000000FF000000FF000000FF000000FF000000FF000000FF000000FF000000FF000000FF000000FF000000FF000000FF000000FF000000FF000000FF000000FF000000FF000000FF000000FF000000FF000000FF000000FF000000FF000000FF000000FF000000FF000000FF000000FF000000FF000000FF000000FF000000FF000000FF000000FF000000FF000000FF000000FF000000FF000000FF000000FF000000FF000000FF000000FF000000FF000000FF000000FF000000FF000000FF000000FF000000FF000000FF000000FF000000FF000000FF000000FF000000FF000000FFA9F922FFA9F922FFA9F922FFA9F922FFA9F922FFA9F922FF000000FF000000FF000000FF000000FF000000FF000000FF000000FF000000FF000000FF000000FF000000FF000000FF000000FF000000FF000000FF000000FF000000FF000000FF000000FF000000FFA9F922FFA9F922FF000000FF000000FF000000FF000000FF000000FF000000FFA9F922FFA9F922FF000000FF000000FF000000FF000000FF000000FF000000FF000000FF000000FF000000FF000000FF000000FF000000FF000000FF000000FF000000FF000000FF000000FF000000FF000000FF000000FF000000FF000000FF000000FF000000FF000000FF000000FF000000FF000000FF000000FF000000FF000000FF000000FF000000FF000000FF000000FF000000FF000000FF000000FF000000FF000000FF000000FF000000FF000000FF000000FF000000FF000000FF000000FF000000FF000000FF000000FF000000FF000000FF000000FF000000FF000000FF000000FF000000FF000000FF000000FF000000FF000000FF000000FF000000FF000000FF000000FF000000FF000000FF000000FF000000FF000000FF000000FF000000FF000000FF000000FF000000FF000000FF000000FF000000FF000000FF000000FF000000FF000000FF000000FF000000FF000000FF000000FF000000FF000000FF000000FF000000FF000000FF000000FF000000FF000000FF000000FF000000FF000000FF000000FF000000FF000000FF000000FF000000FF000000FF000000FFA9F922FFA9F922FFA9F922FFA9F922FFA9F922FFA9F922FF000000FF000000FF000000FF000000FF000000FF000000FFA9F922FFA9F922FF000000FF000000FF000000FF000000FF000000FF000000FFA9F922FFA9F922FF000000FF000000FF000000FF000000FF000000FF000000FFA9F922FFA9F922FFA9F922FFA9F922FFA9F922FFA9F922FF000000FF000000FF000000FF000000FF000000FF000000FFA9F922FFA9F922FFA9F922FFA9F922FFA9F922FFA9F922FFA9F922FFA9F922FFA9F922FFA9F922FF000000FF000000FF000000FF000000FFA9F922FFA9F922FF000000FF000000FF000000FF000000FF000000FF000000FFA9F922FFA9F922FF000000FF000000FF000000FF000000FF000000FF000000FF000000FF000000FFA9F922FFA9F922FF000000FF000000FF000000FF000000FF000000FF000000FF000000FF000000FF000000FF000000FF000000FF000000FF000000FF000000FF000000FF000000FF000000FF000000FF000000FF000000FF000000FF000000FFA9F922FFA9F922FFA9F922FFA9F922FFA9F922FFA9F922FFA9F922FFA9F922FF000000FF000000FF000000FF000000FF000000FF000000FFA9F922FFA9F922FFA9F922FFA9F922FFA9F922FFA9F922FFA9F922FFA9F922FFA9F922FFA9F922FF000000FF000000FF000000FF000000FFA9F922FFA9F922FF000000FF000000FF000000FF000000FF000000FF000000FF000000FF000000FF000000FF000000FF000000FF000000FF000000FF000000FFA9F922FFA9F922FFA9F922FFA9F922FFA9F922FFA9F922FF000000FF000000FF000000FF000000FF000000FF000000FFA9F922FFA9F922FF000000FF000000FF000000FF000000FF000000FF000000FFA9F922FFA9F922FF000000FF000000FF000000FF000000FFA9F922FFA9F922FFA9F922FFA9F922FFA9F922FFA9F922FFA9F922FFA9F922FFA9F922FFA9F922FF000000FF000000FF000000FF000000FF000000FF000000FF000000FF000000FF000000FF000000FF000000FF000000FF000000FF000000FF000000FF000000FF000000FF000000FFA9F922FFA9F922FFA9F922FFA9F922FFA9F922FFA9F922FFA9F922FFA9F922FFA9F922FFA9F922FF000000FF000000FF000000FF000000FF000000FF000000FFA9F922FFA9F922FFA9F922FFA9F922FFA9F922FFA9F922FF000000FF000000FF000000FF000000FF000000FF000000FFA9F922FFA9F922FF000000FF000000FF000000FF000000FF000000FF000000FFA9F922FFA9F922FF000000FF000000FF000000FF000000FFA9F922FFA9F922FFA9F922FFA9F922FFA9F922FFA9F922FFA9F922FFA9F922FFA9F922FFA9F922FF000000FF000000FF000000FF000000FF000000FF000000FF000000FF000000FF000000FF000000FF000000FF000000FF000000FF000000FF000000FF000000FF000000FF000000FFA9F922FFA9F922FF000000FF000000FF000000FF000000FF000000FF000000FFA9F922FFA9F922FF000000FF000000FF000000FF000000FF000000FF000000FF000000FF000000FF000000FF000000FF000000FF000000FF000000FF000000FF000000FF000000FF000000FF000000FF000000FF000000FF000000FF000000FF000000FF000000FF000000FF000000FF000000FF000000FF000000FF000000FF000000FF000000FF000000FF000000FF000000FF000000FF000000FF000000FF000000FF000000FF000000FF000000FF000000FF000000FF000000FF000000FF000000FF000000FF000000FF000000FF000000FF000000FF000000FF000000FF000000FF000000FF000000FF000000FF000000FF000000FF000000FF000000FF000000FF000000FF000000FF000000FF000000FF000000FF000000FF000000FF000000FF000000FF000000FF000000FF000000FF000000FF000000FF000000FF000000FF000000FF000000FF000000FF000000FF000000FF000000FF000000FF000000FF000000FF000000FF000000FF000000FF000000FF000000FF000000FF000000FF000000FF000000FF000000FF000000FF000000FF000000FF000000FF000000FF000000FF000000FF000000FF000000FF000000FF000000FF000000FF000000FF000000FF000000FF000000FF000000FF000000FF000000FF000000FF000000FF000000FF000000FF000000FF000000FF000000FF000000FF000000FF000000FF000000FF000000FF000000FF000000FF000000FF000000FF000000FF000000FF000000FF000000FF000000FF000000FF000000FF000000FF000000FF000000FF000000FF000000FF000000FF000000FF000000FF000000FF000000FF000000FF000000FF000000FF000000FF000000FF000000FF000000FF000000FF000000FF000000FF000000FF000000FF000000FF000000FF000000FF000000FF000000FF000000FF000000FF000000FF000000FF000000FF000000FF000000FF000000FF000000FF000000FF000000FF000000FF000000FF000000FF000000FF000000FF000000FF000000FF000000FF000000FF000000FF000000FF000000FF000000FF000000FF000000FF000000FF000000FF000000FF000000FF000000FF000000FF000000FF000000FF000000FF000000FF000000FF000000FF000000FF000000FF000000FF000000FF000000FF000000FF000000FF000000FF000000FF000000FF000000FF000000FF000000FF000000FF000000FF000000FF000000FF000000FF000000FF000000FF000000FF000000FF000000FF000000FF000000FF000000FF000000FF000000FF000000FF000000FF000000FF000000FF000000FF000000FF000000FF000000FF000000FF000000FF000000FF000000FF000000FF000000FF000000FF000000FF000000FF000000FF000000FF000000FF000000FF000000FF000000FF000000FF000000FF000000FF000000FF000000FF000000FF000000FF000000FF000000FF000000FF000000FF000000FF000000FF000000FF000000FF000000FF000000FF000000FF000000FF000000FF000000FF000000FF000000FF000000FF000000FF000000FF000000FF000000FF000000FF000000FF000000FF000000FF000000FF000000FF000000FF000000FF000000FF000000FF000000FF000000FF000000FF000000FF000000FF000000FF000000FF000000FF000000FF000000FF000000FF000000FF000000FF000000FF000000FF000000FF000000FF000000FF000000FF000000FF000000FF000000FF000000FF000000FF000000FF000000FF000000FF000000FF000000FF000000FF000000FF000000FF000000FF000000FF000000FF000000FF000000FF000000FF000000FF000000FF000000FF000000FF000000FF000000FF000000FF000000FF000000FF000000FF000000FF000000FF000000FF000000FF000000FF000000FF000000FF000000FF000000FF000000FF000000FF000000FF000000FF000000FF000000FF000000FF000000FF000000FF000000FF000000FF000000FF000000FF000000FF000000FF000000FF000000FF000000FF000000FF000000FF000000FF000000FF000000FF000000FF000000FF000000FF000000FF000000FF000000FF000000FF000000FF000000FF000000FF000000FF000000FF000000FF000000FF000000FF000000FF000000FF000000FF000000FF000000FF000000FF000000FF000000FF000000FF000000FF000000FF000000FF000000FF000000FF000000FF000000FF000000FF000000FF000000FF000000FF000000FF000000FF000000FF000000FF000000FF000000FF000000FF000000FF000000FF000000FF000000FF000000FF000000FF000000FF000000FF000000FF000000FF000000FF000000FF000000FF000000FF000000FF000000FF000000FF000000FF000000FF000000FF000000FF000000FF000000FF000000FF000000FF000000FF000000FF000000FF000000FF000000FF000000FF000000FF000000FF000000FF000000FF000000FF000000FF000000FF000000FF000000FF000000FF000000FF000000FF000000FF000000FF000000FF000000FF000000FF000000FF000000FF000000FF000000FF000000FF000000FF000000FF000000FF000000FF000000FF000000FF000000FF000000FF000000FF000000FF000000FF000000FF000000FF000000FF000000FF000000FF000000FF000000FF000000FF000000FF000000FF000000FF000000FF000000FF000000FF000000FF000000FF000000FF000000FF000000FF000000FF000000FF000000FF000000FF000000FF000000FF000000FF000000FF000000FF000000FF000000FF000000FF000000FF000000FF000000FF000000FF000000FF000000FF000000FF000000FF000000FF000000FF000000FF000000FF000000FF000000FF000000FF000000FF000000FF000000FF000000FF000000FF000000FF000000FF000000FF000000FF000000FF000000FF000000FF000000FF000000FF000000FF000000FF000000FF000000FF000000FF000000FF000000FF000000FF000000FF000000FF000000FF000000FF000000FF000000FF000000FF000000FF000000FF000000FF000000FF000000FF000000FF000000FF000000FF000000FF000000FF000000FF000000FF000000FF000000FF000000FF000000FF000000FF000000FF000000FF000000FF000000FF000000FF000000FF000000FF000000FF000000FF000000FF000000FF000000FF000000FF000000FF000000FF000000FF000000FF000000FF000000FF000000FF000000FF000000FF000000FF000000FF000000FF000000FF000000FF000000FF000000FF000000FF000000FF000000FF000000FF000000FF000000FF000000FF000000FF000000FF000000FF000000FF000000FF000000FF000000FF000000FF000000FF000000FF000000FF000000FF000000FF000000FF000000FF000000FF000000FF000000FF000000FF000000FF000000FF000000FF000000FF000000FF000000FF000000FF000000FF000000FF000000FF000000FF000000FF000000FF000000FF000000FF000000FF000000FF000000FF000000FF000000FF000000FF000000FF000000FF000000FF000000FF000000FF000000FF000000FF000000FF000000FF000000FF000000FF000000FF000000FF000000FF000000FF000000FF000000FF000000FF000000FF000000FF000000FF000000FF000000FF000000FF000000FF000000FF000000FF000000FF000000FF000000FF000000FF000000FF000000FF000000FF000000FF000000FF000000FF000000FF000000FF000000FF000000FF000000FF000000FF000000FF000000FF000000FF000000FF000000FF000000FF000000FF000000FF000000FF000000FF000000FF000000FF000000FF000000FF000000FF000000FF000000FF000000FF000000FF000000FF000000FF000000FF000000FF000000FF000000FF000000FF000000FF000000FF000000FF000000FF000000FF000000FF000000FF000000FF000000FF000000FF000000FF000000FF000000FF000000FF000000FF000000FF000000FF000000FF000000FF000000FF000000FF000000FF000000FF000000FF000000FF000000FF000000FF000000FF000000FF000000FF000000FF000000FF000000FF000000FF000000FF000000FF000000FF000000FF000000FF000000FF000000FF000000FF000000FF000000FF000000FF000000FF000000FF000000FF000000FF000000FF000000FF000000FF000000FF000000FF000000FF000000FF000000FF000000FF000000FF000000FF000000FF000000FF000000FF000000FF000000FF000000FF000000FF000000FF000000FF000000FF000000FF000000FF000000FF000000FF000000FF000000FF000000FF000000FF000000FF000000FF000000FF000000FF000000FF000000FF000000FF000000FF000000FF000000FF000000FF000000FF000000FF000000FF000000FF000000FF000000FF000000FF000000FF000000FF000000FF000000FF000000FF000000FF000000FF000000FF000000FF000000FF000000FF000000FF000000FF000000FF000000FF000000FF000000FF000000FF000000FF000000FF000000FF000000FF000000FF000000FF000000FF000000FF000000FF000000FF000000FF000000FF000000FF000000FF000000FF000000FF000000FF000000FF000000FF000000FF000000FF000000FF000000FF000000FF000000FF000000FF000000FF000000FF000000FF000000FF000000FF000000FF000000FF000000FF000000FF000000FF000000FF000000FF000000FF000000FF000000FF000000FF000000FF000000FF000000FF000000FF000000FF000000FF000000FF000000FF000000FF000000FF000000FF000000FF000000FF000000FF000000FF000000FF000000FF000000FF000000FF000000FF000000FF000000FF000000FF000000FF000000FF000000FF000000FF000000FF000000FF000000FF000000FF000000FF000000FF000000FF000000FF000000FF000000FF000000FF000000FF000000FF000000FF000000FF000000FF000000FF000000FF000000FF000000FF000000FF000000FF000000FF000000FF000000FF000000FF000000FF000000FF000000FF000000FF000000FF000000FF000000FF000000FF000000FF000000FF000000FF000000FF000000FF000000FF000000FF000000FF000000FF000000FF000000FF000000FF000000FF000000FF000000FF000000FF000000FF000000FF000000FF000000FF000000FF000000FF000000FF000000FF000000FF000000FF000000FF000000FF000000FF000000FF000000FF000000FF000000FF000000FF000000FF000000FF000000FF000000FF000000FF000000FF000000FF000000FF000000FF000000FF000000FF000000FF000000FF000000FF000000FF000000FF000000FF000000FF000000FF000000FF000000FF000000FF000000FF000000FF000000FF000000FF000000FF000000FF000000FF000000FF000000FF000000FF000000FF000000FF000000FF000000FF000000FF000000FF000000FF000000FF000000FF000000FF000000FF000000FF000000FF000000FF000000FF000000FF000000FF000000FF000000FF000000FF000000FF000000FF000000FF000000FF000000FF000000FF000000FF000000FF000000FF000000FF000000FF000000FF000000FF000000FF000000FF000000FF000000FF000000FF000000FF000000FF000000FF000000FF000000FF000000FF000000FF000000FF000000FF000000FF000000FF000000FF000000FF000000FF000000FF000000FF000000FF000000FF000000FF000000FF000000FF000000FF000000FF000000FF000000FF000000FF000000FF000000FF000000FF000000FF000000FF000000FF000000FF000000FF000000FF000000FF000000FF000000FF000000FF000000FF000000FF000000FF000000FF000000FF000000FF000000FF000000FF000000FF000000FF000000FF000000FF000000FF000000FF000000FF000000FF000000FF000000FF000000FF000000FF000000FF000000FF000000FF000000FF000000FF000000FF000000FF000000FF000000FF000000FF000000FF000000FF000000FF000000FF000000FF000000FF000000FF000000FF000000FF000000FF000000FF000000FF000000FF000000FF000000FF000000FF000000FF000000FF000000FF000000FF000000FF000000FF000000FF000000FF000000FF000000FF000000FF000000FF000000FF000000FF000000FF000000FF000000FF000000FF000000FF000000FF000000FF000000FF000000FF000000FF000000FF000000FF000000FF000000FF000000FF000000FF000000FF000000FF000000FF000000FF000000FF000000FF000000FF000000FF000000FF000000FF000000FF000000FF000000FF000000FF000000FF000000FF000000FF000000FF000000FF000000FF000000FF000000FF000000FF000000FF000000FF000000FF000000FF000000FF000000FF000000FF000000FF000000FF000000FF000000FF000000FF000000FF000000FF000000FF000000FF000000FF000000FF000000FF000000FF000000FF000000FF000000FF000000FF000000FF000000FF000000FF000000FF000000FF000000FF000000FF000000FF000000FF000000FF000000FF000000FF000000FF000000FF000000FF000000FF000000FF000000FF000000FF000000FF000000FF000000FF000000FF000000FF000000FF000000FF000000FF000000FF000000FF000000FF000000FF000000FF000000FF000000FF000000FF000000FF000000FF000000FF000000FF000000FF000000FF000000FF000000FF000000FF000000FF000000FF000000FF000000FF000000FF000000FF000000FF000000FF000000FF000000FF000000FF000000FF000000FF000000FF000000FF000000FF000000FF000000FF000000FF000000FFA9F922FFA9F922FFA9F922FFA9F922FFA9F922FFA9F922FFA9F922FFA9F922FFA9F922FFA9F922FF000000FF000000FF000000FF000000FF000000FF000000FF000000FF000000FF000000FF000000FF000000FF000000FF000000FF000000FF000000FF000000FF000000FF000000FFA9F922FFA9F922FF000000FF000000FF000000FF000000FF000000FF000000FFA9F922FFA9F922FF000000FF000000FF000000FF000000FF000000FF000000FF000000FF000000FF000000FF000000FF000000FF000000FF000000FF000000FF000000FF000000FF000000FF000000FF000000FF000000FF000000FF000000FF000000FF000000FF000000FF000000FF000000FF000000FF000000FF000000FF000000FF000000FF000000FF000000FF000000FF000000FF000000FF000000FF000000FF000000FF000000FF000000FF000000FF000000FF000000FF000000FF000000FF000000FF000000FF000000FF000000FF000000FF000000FF000000FF000000FF000000FF000000FF000000FF000000FF000000FF000000FF000000FF000000FF000000FF000000FF000000FF000000FF000000FF000000FF000000FF000000FF000000FF000000FF000000FF000000FF000000FF000000FF000000FF000000FF000000FF000000FF000000FF000000FF000000FF000000FF000000FF000000FF000000FF000000FF000000FF000000FF000000FF000000FF000000FF000000FF000000FF000000FF000000FF000000FF000000FF000000FF000000FFA9F922FFA9F922FFA9F922FFA9F922FFA9F922FFA9F922FFA9F922FFA9F922FFA9F922FFA9F922FF000000FF000000FF000000FF000000FFA9F922FFA9F922FFA9F922FFA9F922FFA9F922FFA9F922FFA9F922FFA9F922FF000000FF000000FF000000FF000000FF000000FF000000FF000000FF000000FFA9F922FFA9F922FFA9F922FFA9F922FFA9F922FFA9F922FF000000FF000000FF000000FF000000FF000000FF000000FFA9F922FFA9F922FFA9F922FFA9F922FFA9F922FFA9F922FFA9F922FFA9F922FFA9F922FFA9F922FF000000FF000000FF000000FF000000FF000000FF000000FF000000FF000000FF000000FF000000FF000000FF000000FF000000FF000000FF000000FF000000FF000000FF000000FFA9F922FFA9F922FF000000FF000000FF000000FF000000FF000000FF000000FF000000FF000000FF000000FF000000FF000000FF000000FF000000FF000000FFA9F922FFA9F922FFA9F922FFA9F922FFA9F922FFA9F922FF000000FF000000FF000000FF000000FF000000FF000000FFA9F922FFA9F922FF000000FF000000FF000000FF000000FF000000FF000000FFA9F922FFA9F922FF000000FF000000FF000000FF000000FFA9F922FFA9F922FFA9F922FFA9F922FFA9F922FFA9F922FFA9F922FFA9F922FFA9F922FFA9F922FF000000FF000000FF000000FF000000FF000000FF000000FF000000FF000000FF000000FF000000FF000000FF000000FF000000FF000000FF000000FF000000FF000000FF000000FFA9F922FFA9F922FF000000FF000000FF000000FF000000FF000000FF000000FFA9F922FFA9F922FF000000FF000000FF000000FF000000FF000000FF000000FF000000FF000000FF000000FF000000FF000000FF000000FF000000FF000000FF000000FF000000FF000000FF000000FF000000FF000000FF000000FF000000FF000000FF000000FF000000FF000000FF000000FF000000FF000000FF000000FF000000FF000000FF000000FF000000FF000000FF000000FF000000FF000000FF000000FF000000FF000000FF000000FF000000FF000000FF000000FF000000FF000000FF000000FF000000FF000000FF000000FF000000FF000000FF000000FF000000FF000000FF000000FF000000FF000000FF000000FF000000FF000000FF000000FF000000FF000000FF000000FF000000FF000000FF000000FF000000FF000000FF000000FF000000FF000000FF000000FF000000FF000000FF000000FF000000FF000000FF000000FF000000FF000000FF000000FF000000FF000000FF000000FF000000FF000000FF000000FF000000FF000000FF000000FF000000FF000000FF000000FF000000FF000000FF000000FF000000FF000000FF000000FF000000FF000000FF000000FF000000FF000000FF000000FF000000FF000000FF000000FF000000FF000000FF000000FF000000FF000000FF000000FF000000FF000000FF000000FF000000FF000000FF000000FF000000FF000000FF000000FF000000FF000000FF000000FF000000FF000000FF000000FF000000FF000000FF000000FF000000FF000000FF000000FF000000FF000000FF000000FF000000FF000000FF000000FF000000FF000000FF000000FF000000FF000000FF000000FF000000FF000000FF000000FF000000FF000000FF000000FF000000FF000000FF000000FF000000FF000000FF000000FF000000FF000000FF000000FF000000FF000000FF000000FF000000FF000000FF000000FF000000FF000000FF000000FF000000FF000000FF000000FF000000FF000000FF000000FF000000FF000000FF000000FF000000FF000000FF000000FF000000FF000000FF000000FF000000FF000000FF000000FF000000FF000000FF000000FF000000FF000000FF000000FF000000FF000000FF000000FF000000FF000000FF000000FF000000FF000000FF000000FF000000FF000000FF000000FF000000FF000000FF000000FF000000FF000000FF000000FF000000FF000000FF000000FF000000FF000000FF000000FF000000FF000000FF000000FF000000FF000000FF000000FF000000FF000000FF000000FF000000FF000000FF000000FF000000FF000000FF000000FF000000FF000000FF000000FF000000FF000000FF000000FF000000FF000000FF000000FF000000FF000000FF000000FF000000FF000000FF000000FF000000FF000000FF000000FF000000FF000000FF000000FF000000FF000000FF000000FF000000FF000000FF000000FF000000FF000000FF000000FF000000FF000000FF000000FFA9F922FFA9F922FFA9F922FFA9F922FFA9F922FFA9F922FFA9F922FFA9F922FFA9F922FFA9F922FF000000FF000000FF000000FF000000FF000000FF000000FF000000FF000000FF000000FF000000FF000000FF000000FF000000FF000000FF000000FF000000FF000000FF000000FFA9F922FFA9F922FF000000FF000000FF000000FF000000FF000000FF000000FFA9F922FFA9F922FF000000FF000000FF000000FF000000FF000000FF000000FF000000FF000000FF000000FF000000FF000000FF000000FF000000FF000000FF000000FF000000FF000000FF000000FF000000FF000000FF000000FF000000FF000000FF000000FF000000FF000000FF000000FF000000FF000000FF000000FF000000FF000000FF000000FF000000FF000000FF000000FF000000FF000000FF000000FF000000FF000000FF000000FF000000FF000000FF000000FF000000FF000000FF000000FF000000FF000000FF000000FF000000FF000000FF000000FF000000FF000000FF000000FF000000FF000000FF000000FF000000FF000000FF000000FF000000FF000000FF000000FF000000FF000000FF000000FF000000FF000000FF000000FF000000FF000000FF000000FF000000FF000000FF000000FF000000FF000000FF000000FF000000FF000000FF000000FF000000FF000000FF000000FF000000FF000000FF000000FF000000FF000000FF000000FF000000FF000000FF000000FF000000FF000000FF000000FF000000FF000000FF000000FFA9F922FFA9F922FFA9F922FFA9F922FFA9F922FFA9F922FFA9F922FFA9F922FFA9F922FFA9F922FF000000FF000000FF000000FF000000FFA9F922FFA9F922FFA9F922FFA9F922FFA9F922FFA9F922FFA9F922FFA9F922FF000000FF000000FF000000FF000000FF000000FF000000FF000000FF000000FFA9F922FFA9F922FFA9F922FFA9F922FFA9F922FFA9F922FF000000FF000000FF000000FF000000FF000000FF000000FFA9F922FFA9F922FFA9F922FFA9F922FFA9F922FFA9F922FFA9F922FFA9F922FFA9F922FFA9F922FF000000FF000000FF000000FF000000FF000000FF000000FF000000FF000000FF000000FF000000FF000000FF000000FF000000FF000000FF000000FF000000FF000000FF000000FFA9F922FFA9F922FF000000FF000000FF000000FF000000FF000000FF000000FF000000FF000000FF000000FF000000FF000000FF000000FF000000FF000000FFA9F922FFA9F922FFA9F922FFA9F922FFA9F922FFA9F922FF000000FF000000FF000000FF000000FF000000FF000000FFA9F922FFA9F922FF000000FF000000FF000000FF000000FF000000FF000000FFA9F922FFA9F922FF000000FF000000FF000000FF000000FFA9F922FFA9F922FFA9F922FFA9F922FFA9F922FFA9F922FFA9F922FFA9F922FFA9F922FFA9F922FF000000FF000000FF000000FF000000FF000000FF000000FF000000FF000000FF000000FF000000FF000000FF000000FF000000FF000000FF000000FF000000FF000000FF000000FFA9F922FFA9F922FF000000FF000000FF000000FF000000FF000000FF000000FFA9F922FFA9F922FF000000FF000000FF000000FF000000FF000000FF000000FF000000FF000000FF000000FF000000FF000000FF000000FF000000FF000000FF000000FF000000FF000000FF000000FF000000FF000000FF000000FF000000FF000000FF000000FF000000FF000000FF000000FF000000FF000000FF000000FF000000FF000000FF000000FF000000FF000000FF000000FF000000FF000000FF000000FF000000FF000000FF000000FF000000FF000000FF000000FF000000FF000000FF000000FF000000FF000000FF000000FF000000FF000000FF000000FF000000FF000000FF000000FF000000FF000000FF000000FF000000FF000000FF000000FF000000FF000000FF000000FF000000FF000000FF000000FF000000FF000000FF000000FF000000FF000000FF000000FF000000FF000000FF000000FF000000FF000000FF000000FF000000FF000000FF000000FF000000FF000000FF000000FF000000FF000000FF000000FF000000FF000000FF000000FF000000FF000000FF000000FF000000FF000000FF000000FF000000FF000000FF000000FF000000FF000000FF000000FF000000FF000000FF000000FF000000FF000000FF000000FF000000FF000000FF000000FF000000FF000000FF000000FF000000FF000000FF000000FF000000FF000000FF000000FF000000FF000000FF000000FF000000FF000000FF000000FF000000FF000000FF000000FF000000FF000000FF000000FF000000FF000000FF000000FF000000FF000000FF000000FF000000FF000000FF000000FF000000FF000000FF000000FF000000FF000000FF000000FF000000FF000000FF000000FF000000FF000000FF000000FF000000FF000000FF000000FF000000FF000000FF000000FF000000FF000000FF000000FF000000FF000000FF000000FF000000FF000000FF000000FF000000FF000000FF000000FF000000FF000000FF000000FF000000FF000000FF000000FF000000FF000000FF000000FF000000FF000000FF000000FF000000FF000000FF000000FF000000FF000000FF000000FF000000FF000000FF000000FF000000FF000000FF000000FF000000FF000000FF000000FF000000FF000000FF000000FF000000FF000000FF000000FF000000FF000000FF000000FF000000FF000000FF000000FF000000FF000000FF000000FF000000FF000000FF000000FF000000FF000000FF000000FF000000FF000000FF000000FF000000FF000000FF000000FF000000FF000000FF000000FF000000FF000000FF000000FF000000FF000000FF000000FF000000FF000000FF000000FF000000FF000000FF000000FF000000FF000000FF000000FF000000FF000000FF000000FF000000FF000000FF000000FF000000FF000000FF000000FF000000FF000000FF000000FF000000FF000000FF000000FF000000FF000000FF000000FF000000FF000000FF000000FF000000FF000000FF000000FFA9F922FFA9F922FF000000FF000000FF000000FF000000FF000000FF000000FF000000FF000000FF000000FF000000FF000000FF000000FF000000FF000000FF000000FF000000FF000000FF000000FF000000FF000000FF000000FF000000FF000000FF000000FF000000FF000000FFA9F922FFA9F922FF000000FF000000FF000000FF000000FF000000FF000000FFA9F922FFA9F922FF000000FF000000FF000000FF000000FF000000FF000000FF000000FF000000FF000000FF000000FF000000FF000000FF000000FF000000FF000000FF000000FF000000FF000000FF000000FF000000FF000000FF000000FF000000FF000000FF000000FF000000FF000000FF000000FF000000FF000000FF000000FF000000FF000000FF000000FF000000FF000000FF000000FF000000FF000000FF000000FF000000FF000000FF000000FF000000FF000000FF000000FF000000FF000000FF000000FF000000FF000000FF000000FF000000FF000000FF000000FF000000FF000000FF000000FF000000FF000000FF000000FF000000FF000000FF000000FF000000FF000000FF000000FF000000FF000000FF000000FF000000FF000000FF000000FF000000FF000000FF000000FF000000FF000000FF000000FF000000FF000000FF000000FF000000FF000000FF000000FF000000FF000000FF000000FF000000FF000000FF000000FF000000FF000000FF000000FF000000FF000000FF000000FF000000FF000000FF000000FF000000FF000000FFA9F922FFA9F922FF000000FF000000FF000000FF000000FF000000FF000000FF000000FF000000FF000000FF000000FF000000FF000000FFA9F922FFA9F922FF000000FF000000FF000000FF000000FF000000FF000000FFA9F922FFA9F922FF000000FF000000FF000000FF000000FF000000FF000000FF000000FF000000FFA9F922FFA9F922FF000000FF000000FF000000FF000000FF000000FF000000FF000000FF000000FF000000FF000000FF000000FF000000FFA9F922FFA9F922FF000000FF000000FF000000FF000000FF000000FF000000FF000000FF000000FF000000FF000000FF000000FF000000FF000000FF000000FF000000FF000000FF000000FF000000FF000000FF000000FF000000FF000000FFA9F922FFA9F922FF000000FF000000FF000000FF000000FF000000FF000000FF000000FF000000FF000000FF000000FF000000FF000000FF000000FF000000FF000000FF000000FFA9F922FFA9F922FF000000FF000000FF000000FF000000FF000000FF000000FF000000FF000000FFA9F922FFA9F922FF000000FF000000FF000000FF000000FF000000FF000000FFA9F922FFA9F922FF000000FF000000FF000000FF000000FFA9F922FFA9F922FF000000FF000000FF000000FF000000FF000000FF000000FF000000FF000000FF000000FF000000FF000000FF000000FF000000FF000000FF000000FF000000FF000000FF000000FF000000FF000000FF000000FF000000FF000000FF000000FF000000FF000000FFA9F922FFA9F922FF000000FF000000FF000000FF000000FF000000FF000000FFA9F922FFA9F922FF000000FF000000FF000000FF000000FF000000FF000000FF000000FF000000FF000000FF000000FF000000FF000000FF000000FF000000FF000000FF000000FF000000FF000000FF000000FF000000FF000000FF000000FF000000FF000000FF000000FF000000FF000000FF000000FF000000FF000000FF000000FF000000FF000000FF000000FF000000FF000000FF000000FF000000FF000000FF000000FF000000FF000000FF000000FF000000FF000000FF000000FF000000FF000000FF000000FF000000FF000000FF000000FF000000FF000000FF000000FF000000FF000000FF000000FF000000FF000000FF000000FF000000FF000000FF000000FF000000FF000000FF000000FF000000FF000000FF000000FF000000FF000000FF000000FF000000FF000000FF000000FF000000FF000000FF000000FF000000FF000000FF000000FF000000FF000000FF000000FF000000FF000000FF000000FF000000FF000000FF000000FF000000FF000000FF000000FF000000FF000000FF000000FF000000FF000000FF000000FF000000FF000000FF000000FF000000FF000000FF000000FF000000FF000000FF000000FF000000FF000000FF000000FF000000FF000000FF000000FF000000FF000000FF000000FF000000FF000000FF000000FF000000FF000000FF000000FF000000FF000000FF000000FF000000FF000000FF000000FF000000FF000000FF000000FF000000FF000000FF000000FF000000FF000000FF000000FF000000FF000000FF000000FF000000FF000000FF000000FF000000FF000000FF000000FF000000FF000000FF000000FF000000FF000000FF000000FF000000FF000000FF000000FF000000FF000000FF000000FF000000FF000000FF000000FF000000FF000000FF000000FF000000FF000000FF000000FF000000FF000000FF000000FF000000FF000000FF000000FF000000FF000000FF000000FF000000FF000000FF000000FF000000FF000000FF000000FF000000FF000000FF000000FF000000FF000000FF000000FF000000FF000000FF000000FF000000FF000000FF000000FF000000FF000000FF000000FF000000FF000000FF000000FF000000FF000000FF000000FF000000FF000000FF000000FF000000FF000000FF000000FF000000FF000000FF000000FF000000FF000000FF000000FF000000FF000000FF000000FF000000FF000000FF000000FF000000FF000000FF000000FF000000FF000000FF000000FF000000FF000000FF000000FF000000FF000000FF000000FF000000FF000000FF000000FF000000FF000000FF000000FF000000FF000000FF000000FF000000FF000000FF000000FF000000FF000000FF000000FF000000FF000000FF000000FF000000FF000000FF000000FF000000FF000000FF000000FF000000FF000000FF000000FF000000FF000000FF000000FF000000FF000000FF000000FF000000FF000000FFA9F922FFA9F922FF000000FF000000FF000000FF000000FF000000FF000000FF000000FF000000FF000000FF000000FF000000FF000000FF000000FF000000FF000000FF000000FF000000FF000000FF000000FF000000FF000000FF000000FF000000FF000000FF000000FF000000FFA9F922FFA9F922FF000000FF000000FF000000FF000000FF000000FF000000FFA9F922FFA9F922FF000000FF000000FF000000FF000000FF000000FF000000FF000000FF000000FF000000FF000000FF000000FF000000FF000000FF000000FF000000FF000000FF000000FF000000FF000000FF000000FF000000FF000000FF000000FF000000FF000000FF000000FF000000FF000000FF000000FF000000FF000000FF000000FF000000FF000000FF000000FF000000FF000000FF000000FF000000FF000000FF000000FF000000FF000000FF000000FF000000FF000000FF000000FF000000FF000000FF000000FF000000FF000000FF000000FF000000FF000000FF000000FF000000FF000000FF000000FF000000FF000000FF000000FF000000FF000000FF000000FF000000FF000000FF000000FF000000FF000000FF000000FF000000FF000000FF000000FF000000FF000000FF000000FF000000FF000000FF000000FF000000FF000000FF000000FF000000FF000000FF000000FF000000FF000000FF000000FF000000FF000000FF000000FF000000FF000000FF000000FF000000FF000000FF000000FF000000FF000000FF000000FF000000FFA9F922FFA9F922FF000000FF000000FF000000FF000000FF000000FF000000FF000000FF000000FF000000FF000000FF000000FF000000FFA9F922FFA9F922FF000000FF000000FF000000FF000000FF000000FF000000FFA9F922FFA9F922FF000000FF000000FF000000FF000000FF000000FF000000FF000000FF000000FFA9F922FFA9F922FF000000FF000000FF000000FF000000FF000000FF000000FF000000FF000000FF000000FF000000FF000000FF000000FFA9F922FFA9F922FF000000FF000000FF000000FF000000FF000000FF000000FF000000FF000000FF000000FF000000FF000000FF000000FF000000FF000000FF000000FF000000FF000000FF000000FF000000FF000000FF000000FF000000FFA9F922FFA9F922FF000000FF000000FF000000FF000000FF000000FF000000FF000000FF000000FF000000FF000000FF000000FF000000FF000000FF000000FF000000FF000000FFA9F922FFA9F922FF000000FF000000FF000000FF000000FF000000FF000000FF000000FF000000FFA9F922FFA9F922FF000000FF000000FF000000FF000000FF000000FF000000FFA9F922FFA9F922FF000000FF000000FF000000FF000000FFA9F922FFA9F922FF000000FF000000FF000000FF000000FF000000FF000000FF000000FF000000FF000000FF000000FF000000FF000000FF000000FF000000FF000000FF000000FF000000FF000000FF000000FF000000FF000000FF000000FF000000FF000000FF000000FF000000FFA9F922FFA9F922FF000000FF000000FF000000FF000000FF000000FF000000FFA9F922FFA9F922FF000000FF000000FF000000FF000000FF000000FF000000FF000000FF000000FF000000FF000000FF000000FF000000FF000000FF000000FF000000FF000000FF000000FF000000FF000000FF000000FF000000FF000000FF000000FF000000FF000000FF000000FF000000FF000000FF000000FF000000FF000000FF000000FF000000FF000000FF000000FF000000FF000000FF000000FF000000FF000000FF000000FF000000FF000000FF000000FF000000FF000000FF000000FF000000FF000000FF000000FF000000FF000000FF000000FF000000FF000000FF000000FF000000FF000000FF000000FF000000FF000000FF000000FF000000FF000000FF000000FF000000FF000000FF000000FF000000FF000000FF000000FF000000FF000000FF000000FF000000FF000000FF000000FF000000FF000000FF000000FF000000FF000000FF000000FF000000FF000000FF000000FF000000FF000000FF000000FF000000FF000000FF000000FF000000FF000000FF000000FF000000FF000000FF000000FF000000FF000000FF000000FF000000FF000000FF000000FF000000FF000000FF000000FF000000FF000000FF000000FF000000FF000000FF000000FF000000FF000000FF000000FF000000FF000000FF000000FF000000FF000000FF000000FF000000FF000000FF000000FF000000FF000000FF000000FF000000FF000000FF000000FF000000FF000000FF000000FF000000FF000000FF000000FF000000FF000000FF000000FF000000FF000000FF000000FF000000FF000000FF000000FF000000FF000000FF000000FF000000FF000000FF000000FF000000FF000000FF000000FF000000FF000000FF000000FF000000FF000000FF000000FF000000FF000000FF000000FF000000FF000000FF000000FF000000FF000000FF000000FF000000FF000000FF000000FF000000FF000000FF000000FF000000FF000000FF000000FF000000FF000000FF000000FF000000FF000000FF000000FF000000FF000000FF000000FF000000FF000000FF000000FF000000FF000000FF000000FF000000FF000000FF000000FF000000FF000000FF000000FF000000FF000000FF000000FF000000FF000000FF000000FF000000FF000000FF000000FF000000FF000000FF000000FF000000FF000000FF000000FF000000FF000000FF000000FF000000FF000000FF000000FF000000FF000000FF000000FF000000FF000000FF000000FF000000FF000000FF000000FF000000FF000000FF000000FF000000FF000000FF000000FF000000FF000000FF000000FF000000FF000000FF000000FF000000FF000000FF000000FF000000FF000000FF000000FF000000FF000000FF000000FF000000FF000000FF000000FF000000FF000000FF000000FF000000FF000000FF000000FF000000FF000000FF000000FF000000FF000000FF000000FF000000FF000000FF000000FF000000FFA9F922FFA9F922FF000000FF000000FF000000FF000000FF000000FF000000FF000000FF000000FF000000FF000000FF000000FF000000FF000000FF000000FF000000FF000000FF000000FF000000FF000000FF000000FF000000FF000000FF000000FF000000FF000000FF000000FFA9F922FFA9F922FFA9F922FFA9F922FF000000FF000000FF000000FF000000FFA9F922FFA9F922FF000000FF000000FF000000FF000000FF000000FF000000FF000000FF000000FF000000FF000000FF000000FF000000FF000000FF000000FF000000FF000000FF000000FF000000FF000000FF000000FF000000FF000000FF000000FF000000FF000000FF000000FF000000FF000000FF000000FF000000FF000000FF000000FF000000FF000000FF000000FF000000FF000000FF000000FF000000FF000000FF000000FF000000FF000000FF000000FF000000FF000000FF000000FF000000FF000000FF000000FF000000FF000000FF000000FF000000FF000000FF000000FF000000FF000000FF000000FF000000FF000000FF000000FF000000FF000000FF000000FF000000FF000000FF000000FF000000FF000000FF000000FF000000FF000000FF000000FF000000FF000000FF000000FF000000FFA9F922FFA9F922FF000000FF000000FF000000FF000000FF000000FF000000FF000000FF000000FF000000FF000000FF000000FF000000FF000000FF000000FF000000FF000000FF000000FF000000FF000000FF000000FF000000FF000000FFA9F922FFA9F922FF000000FF000000FF000000FF000000FF000000FF000000FF000000FF000000FF000000FF000000FF000000FF000000FFA9F922FFA9F922FF000000FF000000FF000000FF000000FF000000FF000000FFA9F922FFA9F922FF000000FF000000FF000000FF000000FF000000FF000000FF000000FF000000FFA9F922FFA9F922FF000000FF000000FF000000FF000000FF000000FF000000FF000000FF000000FF000000FF000000FF000000FF000000FFA9F922FFA9F922FF000000FF000000FF000000FF000000FF000000FF000000FF000000FF000000FF000000FF000000FF000000FF000000FF000000FF000000FF000000FF000000FF000000FF000000FF000000FF000000FF000000FF000000FFA9F922FFA9F922FF000000FF000000FF000000FF000000FF000000FF000000FF000000FF000000FF000000FF000000FF000000FF000000FF000000FF000000FF000000FF000000FFA9F922FFA9F922FF000000FF000000FF000000FF000000FF000000FF000000FF000000FF000000FFA9F922FFA9F922FFA9F922FFA9F922FF000000FF000000FF000000FF000000FFA9F922FFA9F922FF000000FF000000FF000000FF000000FFA9F922FFA9F922FF000000FF000000FF000000FF000000FF000000FF000000FF000000FF000000FF000000FF000000FF000000FF000000FF000000FF000000FF000000FF000000FF000000FF000000FF000000FF000000FF000000FF000000FF000000FF000000FF000000FF000000FFA9F922FFA9F922FFA9F922FFA9F922FF000000FF000000FF000000FF000000FFA9F922FFA9F922FF000000FF000000FF000000FF000000FF000000FF000000FF000000FF000000FF000000FF000000FF000000FF000000FF000000FF000000FF000000FF000000FF000000FF000000FF000000FF000000FF000000FF000000FF000000FF000000FF000000FF000000FF000000FF000000FF000000FF000000FF000000FF000000FF000000FF000000FF000000FF000000FF000000FF000000FF000000FF000000FF000000FF000000FF000000FF000000FF000000FF000000FF000000FF000000FF000000FF000000FF000000FF000000FF000000FF000000FF000000FF000000FF000000FF000000FF000000FF000000FF000000FF000000FF000000FF000000FF000000FF000000FF000000FF000000FF000000FF000000FF000000FF000000FF000000FF000000FF000000FF000000FF000000FF000000FF000000FF000000FF000000FF000000FF000000FF000000FF000000FF000000FF000000FF000000FF000000FF000000FF000000FF000000FF000000FF000000FF000000FF000000FF000000FF000000FF000000FF000000FF000000FF000000FF000000FF000000FF000000FF000000FF000000FF000000FF000000FF000000FF000000FF000000FF000000FF000000FF000000FF000000FF000000FF000000FF000000FF000000FF000000FF000000FF000000FF000000FF000000FF000000FF000000FF000000FF000000FF000000FF000000FF000000FF000000FF000000FF000000FF000000FF000000FF000000FF000000FF000000FF000000FF000000FF000000FF000000FF000000FF000000FF000000FF000000FF000000FF000000FF000000FF000000FF000000FF000000FF000000FF000000FF000000FF000000FF000000FF000000FF000000FF000000FF000000FF000000FF000000FF000000FF000000FF000000FF000000FF000000FF000000FF000000FF000000FF000000FF000000FF000000FF000000FF000000FF000000FF000000FF000000FF000000FF000000FF000000FF000000FF000000FF000000FF000000FF000000FF000000FF000000FF000000FF000000FF000000FF000000FF000000FF000000FF000000FF000000FF000000FF000000FF000000FF000000FF000000FF000000FF000000FF000000FF000000FF000000FF000000FF000000FF000000FF000000FF000000FF000000FF000000FF000000FF000000FF000000FF000000FF000000FF000000FF000000FF000000FF000000FF000000FF000000FF000000FF000000FF000000FF000000FF000000FF000000FF000000FF000000FF000000FF000000FF000000FF000000FF000000FF000000FF000000FF000000FF000000FF000000FF000000FF000000FF000000FF000000FF000000FF000000FF000000FF000000FF000000FF000000FF000000FF000000FF000000FF000000FF000000FF000000FF000000FF000000FF000000FF000000FF000000FF000000FF000000FF000000FF000000FFA9F922FFA9F922FF000000FF000000FF000000FF000000FF000000FF000000FF000000FF000000FF000000FF000000FF000000FF000000FF000000FF000000FF000000FF000000FF000000FF000000FF000000FF000000FF000000FF000000FF000000FF000000FF000000FF000000FFA9F922FFA9F922FFA9F922FFA9F922FF000000FF000000FF000000FF000000FFA9F922FFA9F922FF000000FF000000FF000000FF000000FF000000FF000000FF000000FF000000FF000000FF000000FF000000FF000000FF000000FF000000FF000000FF000000FF000000FF000000FF000000FF000000FF000000FF000000FF000000FF000000FF000000FF000000FF000000FF000000FF000000FF000000FF000000FF000000FF000000FF000000FF000000FF000000FF000000FF000000FF000000FF000000FF000000FF000000FF000000FF000000FF000000FF000000FF000000FF000000FF000000FF000000FF000000FF000000FF000000FF000000FF000000FF000000FF000000FF000000FF000000FF000000FF000000FF000000FF000000FF000000FF000000FF000000FF000000FF000000FF000000FF000000FF000000FF000000FF000000FF000000FF000000FF000000FF000000FF000000FFA9F922FFA9F922FF000000FF000000FF000000FF000000FF000000FF000000FF000000FF000000FF000000FF000000FF000000FF000000FF000000FF000000FF000000FF000000FF000000FF000000FF000000FF000000FF000000FF000000FFA9F922FFA9F922FF000000FF000000FF000000FF000000FF000000FF000000FF000000FF000000FF000000FF000000FF000000FF000000FFA9F922FFA9F922FF000000FF000000FF000000FF000000FF000000FF000000FFA9F922FFA9F922FF000000FF000000FF000000FF000000FF000000FF000000FF000000FF000000FFA9F922FFA9F922FF000000FF000000FF000000FF000000FF000000FF000000FF000000FF000000FF000000FF000000FF000000FF000000FFA9F922FFA9F922FF000000FF000000FF000000FF000000FF000000FF000000FF000000FF000000FF000000FF000000FF000000FF000000FF000000FF000000FF000000FF000000FF000000FF000000FF000000FF000000FF000000FF000000FFA9F922FFA9F922FF000000FF000000FF000000FF000000FF000000FF000000FF000000FF000000FF000000FF000000FF000000FF000000FF000000FF000000FF000000FF000000FFA9F922FFA9F922FF000000FF000000FF000000FF000000FF000000FF000000FF000000FF000000FFA9F922FFA9F922FFA9F922FFA9F922FF000000FF000000FF000000FF000000FFA9F922FFA9F922FF000000FF000000FF000000FF000000FFA9F922FFA9F922FF000000FF000000FF000000FF000000FF000000FF000000FF000000FF000000FF000000FF000000FF000000FF000000FF000000FF000000FF000000FF000000FF000000FF000000FF000000FF000000FF000000FF000000FF000000FF000000FF000000FF000000FFA9F922FFA9F922FFA9F922FFA9F922FF000000FF000000FF000000FF000000FFA9F922FFA9F922FF000000FF000000FF000000FF000000FF000000FF000000FF000000FF000000FF000000FF000000FF000000FF000000FF000000FF000000FF000000FF000000FF000000FF000000FF000000FF000000FF000000FF000000FF000000FF000000FF000000FF000000FF000000FF000000FF000000FF000000FF000000FF000000FF000000FF000000FF000000FF000000FF000000FF000000FF000000FF000000FF000000FF000000FF000000FF000000FF000000FF000000FF000000FF000000FF000000FF000000FF000000FF000000FF000000FF000000FF000000FF000000FF000000FF000000FF000000FF000000FF000000FF000000FF000000FF000000FF000000FF000000FF000000FF000000FF000000FF000000FF000000FF000000FF000000FF000000FF000000FF000000FF000000FF000000FF000000FF000000FF000000FF000000FF000000FF000000FF000000FF000000FF000000FF000000FF000000FF000000FF000000FF000000FF000000FF000000FF000000FF000000FF000000FF000000FF000000FF000000FF000000FF000000FF000000FF000000FF000000FF000000FF000000FF000000FF000000FF000000FF000000FF000000FF000000FF000000FF000000FF000000FF000000FF000000FF000000FF000000FF000000FF000000FF000000FF000000FF000000FF000000FF000000FF000000FF000000FF000000FF000000FF000000FF000000FF000000FF000000FF000000FF000000FF000000FF000000FF000000FF000000FF000000FF000000FF000000FF000000FF000000FF000000FF000000FF000000FF000000FF000000FF000000FF000000FF000000FF000000FF000000FF000000FF000000FF000000FF000000FF000000FF000000FF000000FF000000FF000000FF000000FF000000FF000000FF000000FF000000FF000000FF000000FF000000FF000000FF000000FF000000FF000000FF000000FF000000FF000000FF000000FF000000FF000000FF000000FF000000FF000000FF000000FF000000FF000000FF000000FF000000FF000000FF000000FF000000FF000000FF000000FF000000FF000000FF000000FF000000FF000000FF000000FF000000FF000000FF000000FF000000FF000000FF000000FF000000FF000000FF000000FF000000FF000000FF000000FF000000FF000000FF000000FF000000FF000000FF000000FF000000FF000000FF000000FF000000FF000000FF000000FF000000FF000000FF000000FF000000FF000000FF000000FF000000FF000000FF000000FF000000FF000000FF000000FF000000FF000000FF000000FF000000FF000000FF000000FF000000FF000000FF000000FF000000FF000000FF000000FF000000FF000000FF000000FF000000FF000000FF000000FF000000FF000000FF000000FF000000FF000000FF000000FF000000FF000000FF000000FF000000FF000000FF000000FF000000FF000000FFA9F922FFA9F922FFA9F922FFA9F922FFA9F922FFA9F922FFA9F922FFA9F922FF000000FF000000FF000000FF000000FF000000FF000000FF000000FF000000FF000000FF000000FF000000FF000000FF000000FF000000FF000000FF000000FF000000FF000000FF000000FF000000FFA9F922FFA9F922FF000000FF000000FFA9F922FFA9F922FF000000FF000000FFA9F922FFA9F922FF000000FF000000FF000000FF000000FF000000FF000000FF000000FF000000FF000000FF000000FF000000FF000000FF000000FF000000FF000000FF000000FF000000FF000000FF000000FF000000FF000000FF000000FF000000FF000000FF000000FF000000FF000000FF000000FF000000FF000000FF000000FF000000FF000000FF000000FF000000FF000000FF000000FF000000FF000000FF000000FF000000FF000000FF000000FF000000FF000000FF000000FF000000FF000000FF000000FF000000FF000000FF000000FF000000FF000000FF000000FF000000FF000000FF000000FF000000FF000000FF000000FF000000FF000000FF000000FF000000FF000000FF000000FF000000FF000000FF000000FF000000FF000000FF000000FF000000FF000000FF000000FF000000FF000000FF000000FF000000FF000000FF000000FF000000FF000000FF000000FF000000FF000000FF000000FF000000FF000000FF000000FF000000FF000000FF000000FF000000FF000000FF000000FF000000FF000000FF000000FF000000FF000000FFA9F922FFA9F922FFA9F922FFA9F922FFA9F922FFA9F922FFA9F922FFA9F922FF000000FF000000FF000000FF000000FF000000FF000000FFA9F922FFA9F922FF000000FF000000FF000000FF000000FF000000FF000000FFA9F922FFA9F922FF000000FF000000FF000000FF000000FF000000FF000000FF000000FF000000FFA9F922FFA9F922FF000000FF000000FF000000FF000000FF000000FF000000FF000000FF000000FF000000FF000000FF000000FF000000FFA9F922FFA9F922FF000000FF000000FF000000FF000000FF000000FF000000FF000000FF000000FF000000FF000000FF000000FF000000FF000000FF000000FF000000FF000000FF000000FF000000FF000000FF000000FF000000FF000000FFA9F922FFA9F922FF000000FF000000FF000000FF000000FF000000FF000000FF000000FF000000FF000000FF000000FF000000FF000000FF000000FF000000FF000000FF000000FFA9F922FFA9F922FF000000FF000000FF000000FF000000FF000000FF000000FF000000FF000000FFA9F922FFA9F922FF000000FF000000FFA9F922FFA9F922FF000000FF000000FFA9F922FFA9F922FF000000FF000000FF000000FF000000FFA9F922FFA9F922FFA9F922FFA9F922FFA9F922FFA9F922FFA9F922FFA9F922FF000000FF000000FF000000FF000000FF000000FF000000FF000000FF000000FF000000FF000000FF000000FF000000FF000000FF000000FF000000FF000000FF000000FF000000FF000000FF000000FFA9F922FFA9F922FF000000FF000000FFA9F922FFA9F922FF000000FF000000FFA9F922FFA9F922FF000000FF000000FF000000FF000000FF000000FF000000FF000000FF000000FF000000FF000000FF000000FF000000FF000000FF000000FF000000FF000000FF000000FF000000FF000000FF000000FF000000FF000000FF000000FF000000FF000000FF000000FF000000FF000000FF000000FF000000FF000000FF000000FF000000FF000000FF000000FF000000FF000000FF000000FF000000FF000000FF000000FF000000FF000000FF000000FF000000FF000000FF000000FF000000FF000000FF000000FF000000FF000000FF000000FF000000FF000000FF000000FF000000FF000000FF000000FF000000FF000000FF000000FF000000FF000000FF000000FF000000FF000000FF000000FF000000FF000000FF000000FF000000FF000000FF000000FF000000FF000000FF000000FF000000FF000000FF000000FF000000FF000000FF000000FF000000FF000000FF000000FF000000FF000000FF000000FF000000FF000000FF000000FF000000FF000000FF000000FF000000FF000000FF000000FF000000FF000000FF000000FF000000FF000000FF000000FF000000FF000000FF000000FF000000FF000000FF000000FF000000FF000000FF000000FF000000FF000000FF000000FF000000FF000000FF000000FF000000FF000000FF000000FF000000FF000000FF000000FF000000FF000000FF000000FF000000FF000000FF000000FF000000FF000000FF000000FF000000FF000000FF000000FF000000FF000000FF000000FF000000FF000000FF000000FF000000FF000000FF000000FF000000FF000000FF000000FF000000FF000000FF000000FF000000FF000000FF000000FF000000FF000000FF000000FF000000FF000000FF000000FF000000FF000000FF000000FF000000FF000000FF000000FF000000FF000000FF000000FF000000FF000000FF000000FF000000FF000000FF000000FF000000FF000000FF000000FF000000FF000000FF000000FF000000FF000000FF000000FF000000FF000000FF000000FF000000FF000000FF000000FF000000FF000000FF000000FF000000FF000000FF000000FF000000FF000000FF000000FF000000FF000000FF000000FF000000FF000000FF000000FF000000FF000000FF000000FF000000FF000000FF000000FF000000FF000000FF000000FF000000FF000000FF000000FF000000FF000000FF000000FF000000FF000000FF000000FF000000FF000000FF000000FF000000FF000000FF000000FF000000FF000000FF000000FF000000FF000000FF000000FF000000FF000000FF000000FF000000FF000000FF000000FF000000FF000000FF000000FF000000FF000000FF000000FF000000FF000000FF000000FF000000FF000000FF000000FF000000FF000000FF000000FF000000FF000000FF000000FF000000FF000000FF000000FF000000FF000000FF000000FF000000FF000000FF000000FF000000FFA9F922FFA9F922FFA9F922FFA9F922FFA9F922FFA9F922FFA9F922FFA9F922FF000000FF000000FF000000FF000000FF000000FF000000FF000000FF000000FF000000FF000000FF000000FF000000FF000000FF000000FF000000FF000000FF000000FF000000FF000000FF000000FFA9F922FFA9F922FF000000FF000000FFA9F922FFA9F922FF000000FF000000FFA9F922FFA9F922FF000000FF000000FF000000FF000000FF000000FF000000FF000000FF000000FF000000FF000000FF000000FF000000FF000000FF000000FF000000FF000000FF000000FF000000FF000000FF000000FF000000FF000000FF000000FF000000FF000000FF000000FF000000FF000000FF000000FF000000FF000000FF000000FF000000FF000000FF000000FF000000FF000000FF000000FF000000FF000000FF000000FF000000FF000000FF000000FF000000FF000000FF000000FF000000FF000000FF000000FF000000FF000000FF000000FF000000FF000000FF000000FF000000FF000000FF000000FF000000FF000000FF000000FF000000FF000000FF000000FF000000FF000000FF000000FF000000FF000000FF000000FF000000FF000000FF000000FF000000FF000000FF000000FF000000FF000000FF000000FF000000FF000000FF000000FF000000FF000000FF000000FF000000FF000000FF000000FF000000FF000000FF000000FF000000FF000000FF000000FF000000FF000000FF000000FF000000FF000000FF000000FF000000FFA9F922FFA9F922FFA9F922FFA9F922FFA9F922FFA9F922FFA9F922FFA9F922FF000000FF000000FF000000FF000000FF000000FF000000FFA9F922FFA9F922FF000000FF000000FF000000FF000000FF000000FF000000FFA9F922FFA9F922FF000000FF000000FF000000FF000000FF000000FF000000FF000000FF000000FFA9F922FFA9F922FF000000FF000000FF000000FF000000FF000000FF000000FF000000FF000000FF000000FF000000FF000000FF000000FFA9F922FFA9F922FF000000FF000000FF000000FF000000FF000000FF000000FF000000FF000000FF000000FF000000FF000000FF000000FF000000FF000000FF000000FF000000FF000000FF000000FF000000FF000000FF000000FF000000FFA9F922FFA9F922FF000000FF000000FF000000FF000000FF000000FF000000FF000000FF000000FF000000FF000000FF000000FF000000FF000000FF000000FF000000FF000000FFA9F922FFA9F922FF000000FF000000FF000000FF000000FF000000FF000000FF000000FF000000FFA9F922FFA9F922FF000000FF000000FFA9F922FFA9F922FF000000FF000000FFA9F922FFA9F922FF000000FF000000FF000000FF000000FFA9F922FFA9F922FFA9F922FFA9F922FFA9F922FFA9F922FFA9F922FFA9F922FF000000FF000000FF000000FF000000FF000000FF000000FF000000FF000000FF000000FF000000FF000000FF000000FF000000FF000000FF000000FF000000FF000000FF000000FF000000FF000000FFA9F922FFA9F922FF000000FF000000FFA9F922FFA9F922FF000000FF000000FFA9F922FFA9F922FF000000FF000000FF000000FF000000FF000000FF000000FF000000FF000000FF000000FF000000FF000000FF000000FF000000FF000000FF000000FF000000FF000000FF000000FF000000FF000000FF000000FF000000FF000000FF000000FF000000FF000000FF000000FF000000FF000000FF000000FF000000FF000000FF000000FF000000FF000000FF000000FF000000FF000000FF000000FF000000FF000000FF000000FF000000FF000000FF000000FF000000FF000000FF000000FF000000FF000000FF000000FF000000FF000000FF000000FF000000FF000000FF000000FF000000FF000000FF000000FF000000FF000000FF000000FF000000FF000000FF000000FF000000FF000000FF000000FF000000FF000000FF000000FF000000FF000000FF000000FF000000FF000000FF000000FF000000FF000000FF000000FF000000FF000000FF000000FF000000FF000000FF000000FF000000FF000000FF000000FF000000FF000000FF000000FF000000FF000000FF000000FF000000FF000000FF000000FF000000FF000000FF000000FF000000FF000000FF000000FF000000FF000000FF000000FF000000FF000000FF000000FF000000FF000000FF000000FF000000FF000000FF000000FF000000FF000000FF000000FF000000FF000000FF000000FF000000FF000000FF000000FF000000FF000000FF000000FF000000FF000000FF000000FF000000FF000000FF000000FF000000FF000000FF000000FF000000FF000000FF000000FF000000FF000000FF000000FF000000FF000000FF000000FF000000FF000000FF000000FF000000FF000000FF000000FF000000FF000000FF000000FF000000FF000000FF000000FF000000FF000000FF000000FF000000FF000000FF000000FF000000FF000000FF000000FF000000FF000000FF000000FF000000FF000000FF000000FF000000FF000000FF000000FF000000FF000000FF000000FF000000FF000000FF000000FF000000FF000000FF000000FF000000FF000000FF000000FF000000FF000000FF000000FF000000FF000000FF000000FF000000FF000000FF000000FF000000FF000000FF000000FF000000FF000000FF000000FF000000FF000000FF000000FF000000FF000000FF000000FF000000FF000000FF000000FF000000FF000000FF000000FF000000FF000000FF000000FF000000FF000000FF000000FF000000FF000000FF000000FF000000FF000000FF000000FF000000FF000000FF000000FF000000FF000000FF000000FF000000FF000000FF000000FF000000FF000000FF000000FF000000FF000000FF000000FF000000FF000000FF000000FF000000FF000000FF000000FF000000FF000000FF000000FF000000FF000000FF000000FF000000FF000000FF000000FF000000FF000000FF000000FF000000FF000000FF000000FF000000FF000000FF000000FF000000FF000000FF000000FFA9F922FFA9F922FF000000FF000000FF000000FF000000FF000000FF000000FF000000FF000000FF000000FF000000FF000000FF000000FF000000FF000000FF000000FF000000FF000000FF000000FF000000FF000000FF000000FF000000FF000000FF000000FF000000FF000000FFA9F922FFA9F922FF000000FF000000FF000000FF000000FFA9F922FFA9F922FFA9F922FFA9F922FF000000FF000000FF000000FF000000FF000000FF000000FF000000FF000000FF000000FF000000FF000000FF000000FF000000FF000000FF000000FF000000FF000000FF000000FF000000FF000000FF000000FF000000FF000000FF000000FF000000FF000000FF000000FF000000FF000000FF000000FF000000FF000000FF000000FF000000FF000000FF000000FF000000FF000000FF000000FF000000FF000000FF000000FF000000FF000000FF000000FF000000FF000000FF000000FF000000FF000000FF000000FF000000FF000000FF000000FF000000FF000000FF000000FF000000FF000000FF000000FF000000FF000000FF000000FF000000FF000000FF000000FF000000FF000000FF000000FF000000FF000000FF000000FF000000FF000000FF000000FF000000FF000000FF000000FFA9F922FFA9F922FF000000FF000000FF000000FF000000FF000000FF000000FF000000FF000000FF000000FF000000FF000000FF000000FF000000FF000000FF000000FF000000FF000000FF000000FF000000FF000000FF000000FF000000FFA9F922FFA9F922FF000000FF000000FF000000FF000000FF000000FF000000FF000000FF000000FF000000FF000000FF000000FF000000FFA9F922FFA9F922FF000000FF000000FF000000FF000000FF000000FF000000FFA9F922FFA9F922FF000000FF000000FF000000FF000000FF000000FF000000FF000000FF000000FFA9F922FFA9F922FF000000FF000000FF000000FF000000FF000000FF000000FF000000FF000000FF000000FF000000FF000000FF000000FFA9F922FFA9F922FF000000FF000000FF000000FF000000FF000000FF000000FF000000FF000000FF000000FF000000FF000000FF000000FF000000FF000000FF000000FF000000FF000000FF000000FF000000FF000000FF000000FF000000FFA9F922FFA9F922FF000000FF000000FF000000FF000000FF000000FF000000FF000000FF000000FF000000FF000000FF000000FF000000FF000000FF000000FF000000FF000000FFA9F922FFA9F922FF000000FF000000FF000000FF000000FF000000FF000000FF000000FF000000FFA9F922FFA9F922FF000000FF000000FF000000FF000000FFA9F922FFA9F922FFA9F922FFA9F922FF000000FF000000FF000000FF000000FFA9F922FFA9F922FF000000FF000000FF000000FF000000FF000000FF000000FF000000FF000000FF000000FF000000FF000000FF000000FF000000FF000000FF000000FF000000FF000000FF000000FF000000FF000000FF000000FF000000FF000000FF000000FF000000FF000000FFA9F922FFA9F922FF000000FF000000FF000000FF000000FFA9F922FFA9F922FFA9F922FFA9F922FF000000FF000000FF000000FF000000FF000000FF000000FF000000FF000000FF000000FF000000FF000000FF000000FF000000FF000000FF000000FF000000FF000000FF000000FF000000FF000000FF000000FF000000FF000000FF000000FF000000FF000000FF000000FF000000FF000000FF000000FF000000FF000000FF000000FF000000FF000000FF000000FF000000FF000000FF000000FF000000FF000000FF000000FF000000FF000000FF000000FF000000FF000000FF000000FF000000FF000000FF000000FF000000FF000000FF000000FF000000FF000000FF000000FF000000FF000000FF000000FF000000FF000000FF000000FF000000FF000000FF000000FF000000FF000000FF000000FF000000FF000000FF000000FF000000FF000000FF000000FF000000FF000000FF000000FF000000FF000000FF000000FF000000FF000000FF000000FF000000FF000000FF000000FF000000FF000000FF000000FF000000FF000000FF000000FF000000FF000000FF000000FF000000FF000000FF000000FF000000FF000000FF000000FF000000FF000000FF000000FF000000FF000000FF000000FF000000FF000000FF000000FF000000FF000000FF000000FF000000FF000000FF000000FF000000FF000000FF000000FF000000FF000000FF000000FF000000FF000000FF000000FF000000FF000000FF000000FF000000FF000000FF000000FF000000FF000000FF000000FF000000FF000000FF000000FF000000FF000000FF000000FF000000FF000000FF000000FF000000FF000000FF000000FF000000FF000000FF000000FF000000FF000000FF000000FF000000FF000000FF000000FF000000FF000000FF000000FF000000FF000000FF000000FF000000FF000000FF000000FF000000FF000000FF000000FF000000FF000000FF000000FF000000FF000000FF000000FF000000FF000000FF000000FF000000FF000000FF000000FF000000FF000000FF000000FF000000FF000000FF000000FF000000FF000000FF000000FF000000FF000000FF000000FF000000FF000000FF000000FF000000FF000000FF000000FF000000FF000000FF000000FF000000FF000000FF000000FF000000FF000000FF000000FF000000FF000000FF000000FF000000FF000000FF000000FF000000FF000000FF000000FF000000FF000000FF000000FF000000FF000000FF000000FF000000FF000000FF000000FF000000FF000000FF000000FF000000FF000000FF000000FF000000FF000000FF000000FF000000FF000000FF000000FF000000FF000000FF000000FF000000FF000000FF000000FF000000FF000000FF000000FF000000FF000000FF000000FF000000FF000000FF000000FF000000FF000000FF000000FF000000FF000000FF000000FF000000FF000000FF000000FF000000FF000000FF000000FF000000FF000000FF000000FF000000FF000000FF000000FFA9F922FFA9F922FF000000FF000000FF000000FF000000FF000000FF000000FF000000FF000000FF000000FF000000FF000000FF000000FF000000FF000000FF000000FF000000FF000000FF000000FF000000FF000000FF000000FF000000FF000000FF000000FF000000FF000000FFA9F922FFA9F922FF000000FF000000FF000000FF000000FFA9F922FFA9F922FFA9F922FFA9F922FF000000FF000000FF000000FF000000FF000000FF000000FF000000FF000000FF000000FF000000FF000000FF000000FF000000FF000000FF000000FF000000FF000000FF000000FF000000FF000000FF000000FF000000FF000000FF000000FF000000FF000000FF000000FF000000FF000000FF000000FF000000FF000000FF000000FF000000FF000000FF000000FF000000FF000000FF000000FF000000FF000000FF000000FF000000FF000000FF000000FF000000FF000000FF000000FF000000FF000000FF000000FF000000FF000000FF000000FF000000FF000000FF000000FF000000FF000000FF000000FF000000FF000000FF000000FF000000FF000000FF000000FF000000FF000000FF000000FF000000FF000000FF000000FF000000FF000000FF000000FF000000FF000000FF000000FFA9F922FFA9F922FF000000FF000000FF000000FF000000FF000000FF000000FF000000FF000000FF000000FF000000FF000000FF000000FF000000FF000000FF000000FF000000FF000000FF000000FF000000FF000000FF000000FF000000FFA9F922FFA9F922FF000000FF000000FF000000FF000000FF000000FF000000FF000000FF000000FF000000FF000000FF000000FF000000FFA9F922FFA9F922FF000000FF000000FF000000FF000000FF000000FF000000FFA9F922FFA9F922FF000000FF000000FF000000FF000000FF000000FF000000FF000000FF000000FFA9F922FFA9F922FF000000FF000000FF000000FF000000FF000000FF000000FF000000FF000000FF000000FF000000FF000000FF000000FFA9F922FFA9F922FF000000FF000000FF000000FF000000FF000000FF000000FF000000FF000000FF000000FF000000FF000000FF000000FF000000FF000000FF000000FF000000FF000000FF000000FF000000FF000000FF000000FF000000FFA9F922FFA9F922FF000000FF000000FF000000FF000000FF000000FF000000FF000000FF000000FF000000FF000000FF000000FF000000FF000000FF000000FF000000FF000000FFA9F922FFA9F922FF000000FF000000FF000000FF000000FF000000FF000000FF000000FF000000FFA9F922FFA9F922FF000000FF000000FF000000FF000000FFA9F922FFA9F922FFA9F922FFA9F922FF000000FF000000FF000000FF000000FFA9F922FFA9F922FF000000FF000000FF000000FF000000FF000000FF000000FF000000FF000000FF000000FF000000FF000000FF000000FF000000FF000000FF000000FF000000FF000000FF000000FF000000FF000000FF000000FF000000FF000000FF000000FF000000FF000000FFA9F922FFA9F922FF000000FF000000FF000000FF000000FFA9F922FFA9F922FFA9F922FFA9F922FF000000FF000000FF000000FF000000FF000000FF000000FF000000FF000000FF000000FF000000FF000000FF000000FF000000FF000000FF000000FF000000FF000000FF000000FF000000FF000000FF000000FF000000FF000000FF000000FF000000FF000000FF000000FF000000FF000000FF000000FF000000FF000000FF000000FF000000FF000000FF000000FF000000FF000000FF000000FF000000FF000000FF000000FF000000FF000000FF000000FF000000FF000000FF000000FF000000FF000000FF000000FF000000FF000000FF000000FF000000FF000000FF000000FF000000FF000000FF000000FF000000FF000000FF000000FF000000FF000000FF000000FF000000FF000000FF000000FF000000FF000000FF000000FF000000FF000000FF000000FF000000FF000000FF000000FF000000FF000000FF000000FF000000FF000000FF000000FF000000FF000000FF000000FF000000FF000000FF000000FF000000FF000000FF000000FF000000FF000000FF000000FF000000FF000000FF000000FF000000FF000000FF000000FF000000FF000000FF000000FF000000FF000000FF000000FF000000FF000000FF000000FF000000FF000000FF000000FF000000FF000000FF000000FF000000FF000000FF000000FF000000FF000000FF000000FF000000FF000000FF000000FF000000FF000000FF000000FF000000FF000000FF000000FF000000FF000000FF000000FF000000FF000000FF000000FF000000FF000000FF000000FF000000FF000000FF000000FF000000FF000000FF000000FF000000FF000000FF000000FF000000FF000000FF000000FF000000FF000000FF000000FF000000FF000000FF000000FF000000FF000000FF000000FF000000FF000000FF000000FF000000FF000000FF000000FF000000FF000000FF000000FF000000FF000000FF000000FF000000FF000000FF000000FF000000FF000000FF000000FF000000FF000000FF000000FF000000FF000000FF000000FF000000FF000000FF000000FF000000FF000000FF000000FF000000FF000000FF000000FF000000FF000000FF000000FF000000FF000000FF000000FF000000FF000000FF000000FF000000FF000000FF000000FF000000FF000000FF000000FF000000FF000000FF000000FF000000FF000000FF000000FF000000FF000000FF000000FF000000FF000000FF000000FF000000FF000000FF000000FF000000FF000000FF000000FF000000FF000000FF000000FF000000FF000000FF000000FF000000FF000000FF000000FF000000FF000000FF000000FF000000FF000000FF000000FF000000FF000000FF000000FF000000FF000000FF000000FF000000FF000000FF000000FF000000FF000000FF000000FF000000FF000000FF000000FF000000FF000000FF000000FF000000FF000000FF000000FF000000FF000000FF000000FF000000FF000000FF000000FFA9F922FFA9F922FF000000FF000000FF000000FF000000FF000000FF000000FF000000FF000000FF000000FF000000FF000000FF000000FF000000FF000000FF000000FF000000FF000000FF000000FF000000FF000000FF000000FF000000FF000000FF000000FF000000FF000000FFA9F922FFA9F922FF000000FF000000FF000000FF000000FF000000FF000000FFA9F922FFA9F922FF000000FF000000FF000000FF000000FF000000FF000000FF000000FF000000FF000000FF000000FF000000FF000000FF000000FF000000FF000000FF000000FF000000FF000000FF000000FF000000FF000000FF000000FF000000FF000000FF000000FF000000FF000000FF000000FF000000FF000000FF000000FF000000FF000000FF000000FF000000FF000000FF000000FF000000FF000000FF000000FF000000FF000000FF000000FF000000FF000000FF000000FF000000FF000000FF000000FF000000FF000000FF000000FF000000FF000000FF000000FF000000FF000000FF000000FF000000FF000000FF000000FF000000FF000000FF000000FF000000FF000000FF000000FF000000FF000000FF000000FF000000FF000000FF000000FF000000FF000000FF000000FF000000FF000000FF000000FF000000FF000000FF000000FF000000FF000000FF000000FF000000FF000000FF000000FF000000FF000000FF000000FF000000FF000000FF000000FF000000FF000000FF000000FF000000FF000000FF000000FF000000FF000000FFA9F922FFA9F922FF000000FF000000FF000000FF000000FF000000FF000000FF000000FF000000FF000000FF000000FF000000FF000000FFA9F922FFA9F922FF000000FF000000FF000000FF000000FF000000FF000000FFA9F922FFA9F922FF000000FF000000FF000000FF000000FF000000FF000000FF000000FF000000FFA9F922FFA9F922FF000000FF000000FF000000FF000000FF000000FF000000FF000000FF000000FF000000FF000000FF000000FF000000FFA9F922FFA9F922FF000000FF000000FF000000FF000000FF000000FF000000FF000000FF000000FF000000FF000000FF000000FF000000FF000000FF000000FF000000FF000000FF000000FF000000FF000000FF000000FF000000FF000000FFA9F922FFA9F922FF000000FF000000FF000000FF000000FF000000FF000000FF000000FF000000FF000000FF000000FF000000FF000000FF000000FF000000FF000000FF000000FFA9F922FFA9F922FF000000FF000000FF000000FF000000FF000000FF000000FF000000FF000000FFA9F922FFA9F922FF000000FF000000FF000000FF000000FF000000FF000000FFA9F922FFA9F922FF000000FF000000FF000000FF000000FFA9F922FFA9F922FF000000FF000000FF000000FF000000FF000000FF000000FF000000FF000000FF000000FF000000FF000000FF000000FF000000FF000000FF000000FF000000FF000000FF000000FF000000FF000000FF000000FF000000FF000000FF000000FF000000FF000000FFA9F922FFA9F922FF000000FF000000FF000000FF000000FF000000FF000000FFA9F922FFA9F922FF000000FF000000FF000000FF000000FF000000FF000000FF000000FF000000FF000000FF000000FF000000FF000000FF000000FF000000FF000000FF000000FF000000FF000000FF000000FF000000FF000000FF000000FF000000FF000000FF000000FF000000FF000000FF000000FF000000FF000000FF000000FF000000FF000000FF000000FF000000FF000000FF000000FF000000FF000000FF000000FF000000FF000000FF000000FF000000FF000000FF000000FF000000FF000000FF000000FF000000FF000000FF000000FF000000FF000000FF000000FF000000FF000000FF000000FF000000FF000000FF000000FF000000FF000000FF000000FF000000FF000000FF000000FF000000FF000000FF000000FF000000FF000000FF000000FF000000FF000000FF000000FF000000FF000000FF000000FF000000FF000000FF000000FF000000FF000000FF000000FF000000FF000000FF000000FF000000FF000000FF000000FF000000FF000000FF000000FF000000FF000000FF000000FF000000FF000000FF000000FF000000FF000000FF000000FF000000FF000000FF000000FF000000FF000000FF000000FF000000FF000000FF000000FF000000FF000000FF000000FF000000FF000000FF000000FF000000FF000000FF000000FF000000FF000000FF000000FF000000FF000000FF000000FF000000FF000000FF000000FF000000FF000000FF000000FF000000FF000000FF000000FF000000FF000000FF000000FF000000FF000000FF000000FF000000FF000000FF000000FF000000FF000000FF000000FF000000FF000000FF000000FF000000FF000000FF000000FF000000FF000000FF000000FF000000FF000000FF000000FF000000FF000000FF000000FF000000FF000000FF000000FF000000FF000000FF000000FF000000FF000000FF000000FF000000FF000000FF000000FF000000FF000000FF000000FF000000FF000000FF000000FF000000FF000000FF000000FF000000FF000000FF000000FF000000FF000000FF000000FF000000FF000000FF000000FF000000FF000000FF000000FF000000FF000000FF000000FF000000FF000000FF000000FF000000FF000000FF000000FF000000FF000000FF000000FF000000FF000000FF000000FF000000FF000000FF000000FF000000FF000000FF000000FF000000FF000000FF000000FF000000FF000000FF000000FF000000FF000000FF000000FF000000FF000000FF000000FF000000FF000000FF000000FF000000FF000000FF000000FF000000FF000000FF000000FF000000FF000000FF000000FF000000FF000000FF000000FF000000FF000000FF000000FF000000FF000000FF000000FF000000FF000000FF000000FF000000FF000000FF000000FF000000FF000000FF000000FF000000FF000000FF000000FF000000FF000000FF000000FF000000FF000000FF000000FF000000FF000000FFA9F922FFA9F922FF000000FF000000FF000000FF000000FF000000FF000000FF000000FF000000FF000000FF000000FF000000FF000000FF000000FF000000FF000000FF000000FF000000FF000000FF000000FF000000FF000000FF000000FF000000FF000000FF000000FF000000FFA9F922FFA9F922FF000000FF000000FF000000FF000000FF000000FF000000FFA9F922FFA9F922FF000000FF000000FF000000FF000000FF000000FF000000FF000000FF000000FF000000FF000000FF000000FF000000FF000000FF000000FF000000FF000000FF000000FF000000FF000000FF000000FF000000FF000000FF000000FF000000FF000000FF000000FF000000FF000000FF000000FF000000FF000000FF000000FF000000FF000000FF000000FF000000FF000000FF000000FF000000FF000000FF000000FF000000FF000000FF000000FF000000FF000000FF000000FF000000FF000000FF000000FF000000FF000000FF000000FF000000FF000000FF000000FF000000FF000000FF000000FF000000FF000000FF000000FF000000FF000000FF000000FF000000FF000000FF000000FF000000FF000000FF000000FF000000FF000000FF000000FF000000FF000000FF000000FF000000FF000000FF000000FF000000FF000000FF000000FF000000FF000000FF000000FF000000FF000000FF000000FF000000FF000000FF000000FF000000FF000000FF000000FF000000FF000000FF000000FF000000FF000000FF000000FF000000FFA9F922FFA9F922FF000000FF000000FF000000FF000000FF000000FF000000FF000000FF000000FF000000FF000000FF000000FF000000FFA9F922FFA9F922FF000000FF000000FF000000FF000000FF000000FF000000FFA9F922FFA9F922FF000000FF000000FF000000FF000000FF000000FF000000FF000000FF000000FFA9F922FFA9F922FF000000FF000000FF000000FF000000FF000000FF000000FF000000FF000000FF000000FF000000FF000000FF000000FFA9F922FFA9F922FF000000FF000000FF000000FF000000FF000000FF000000FF000000FF000000FF000000FF000000FF000000FF000000FF000000FF000000FF000000FF000000FF000000FF000000FF000000FF000000FF000000FF000000FFA9F922FFA9F922FF000000FF000000FF000000FF000000FF000000FF000000FF000000FF000000FF000000FF000000FF000000FF000000FF000000FF000000FF000000FF000000FFA9F922FFA9F922FF000000FF000000FF000000FF000000FF000000FF000000FF000000FF000000FFA9F922FFA9F922FF000000FF000000FF000000FF000000FF000000FF000000FFA9F922FFA9F922FF000000FF000000FF000000FF000000FFA9F922FFA9F922FF000000FF000000FF000000FF000000FF000000FF000000FF000000FF000000FF000000FF000000FF000000FF000000FF000000FF000000FF000000FF000000FF000000FF000000FF000000FF000000FF000000FF000000FF000000FF000000FF000000FF000000FFA9F922FFA9F922FF000000FF000000FF000000FF000000FF000000FF000000FFA9F922FFA9F922FF000000FF000000FF000000FF000000FF000000FF000000FF000000FF000000FF000000FF000000FF000000FF000000FF000000FF000000FF000000FF000000FF000000FF000000FF000000FF000000FF000000FF000000FF000000FF000000FF000000FF000000FF000000FF000000FF000000FF000000FF000000FF000000FF000000FF000000FF000000FF000000FF000000FF000000FF000000FF000000FF000000FF000000FF000000FF000000FF000000FF000000FF000000FF000000FF000000FF000000FF000000FF000000FF000000FF000000FF000000FF000000FF000000FF000000FF000000FF000000FF000000FF000000FF000000FF000000FF000000FF000000FF000000FF000000FF000000FF000000FF000000FF000000FF000000FF000000FF000000FF000000FF000000FF000000FF000000FF000000FF000000FF000000FF000000FF000000FF000000FF000000FF000000FF000000FF000000FF000000FF000000FF000000FF000000FF000000FF000000FF000000FF000000FF000000FF000000FF000000FF000000FF000000FF000000FF000000FF000000FF000000FF000000FF000000FF000000FF000000FF000000FF000000FF000000FF000000FF000000FF000000FF000000FF000000FF000000FF000000FF000000FF000000FF000000FF000000FF000000FF000000FF000000FF000000FF000000FF000000FF000000FF000000FF000000FF000000FF000000FF000000FF000000FF000000FF000000FF000000FF000000FF000000FF000000FF000000FF000000FF000000FF000000FF000000FF000000FF000000FF000000FF000000FF000000FF000000FF000000FF000000FF000000FF000000FF000000FF000000FF000000FF000000FF000000FF000000FF000000FF000000FF000000FF000000FF000000FF000000FF000000FF000000FF000000FF000000FF000000FF000000FF000000FF000000FF000000FF000000FF000000FF000000FF000000FF000000FF000000FF000000FF000000FF000000FF000000FF000000FF000000FF000000FF000000FF000000FF000000FF000000FF000000FF000000FF000000FF000000FF000000FF000000FF000000FF000000FF000000FF000000FF000000FF000000FF000000FF000000FF000000FF000000FF000000FF000000FF000000FF000000FF000000FF000000FF000000FF000000FF000000FF000000FF000000FF000000FF000000FF000000FF000000FF000000FF000000FF000000FF000000FF000000FF000000FF000000FF000000FF000000FF000000FF000000FF000000FF000000FF000000FF000000FF000000FF000000FF000000FF000000FF000000FF000000FF000000FF000000FF000000FF000000FF000000FF000000FF000000FF000000FF000000FF000000FF000000FF000000FF000000FF000000FF000000FF000000FF000000FF000000FF000000FF000000FF000000FF000000FFA9F922FFA9F922FFA9F922FFA9F922FFA9F922FFA9F922FFA9F922FFA9F922FFA9F922FFA9F922FF000000FF000000FF000000FF000000FF000000FF000000FF000000FF000000FF000000FF000000FF000000FF000000FF000000FF000000FF000000FF000000FF000000FF000000FFA9F922FFA9F922FF000000FF000000FF000000FF000000FF000000FF000000FFA9F922FFA9F922FF000000FF000000FF000000FF000000FF000000FF000000FF000000FF000000FF000000FF000000FF000000FF000000FF000000FF000000FF000000FF000000FF000000FF000000FF000000FF000000FF000000FF000000FF000000FF000000FF000000FF000000FF000000FF000000FF000000FF000000FF000000FF000000FF000000FF000000FF000000FF000000FF000000FF000000FF000000FF000000FF000000FF000000FF000000FF000000FF000000FF000000FF000000FF000000FF000000FF000000FF000000FF000000FF000000FF000000FF000000FF000000FF000000FF000000FF000000FF000000FF000000FF000000FF000000FF000000FF000000FF000000FF000000FF000000FF000000FF000000FF000000FF000000FF000000FF000000FF000000FF000000FF000000FF000000FF000000FF000000FF000000FF000000FF000000FF000000FF000000FF000000FF000000FF000000FF000000FF000000FF000000FF000000FF000000FF000000FF000000FF000000FF000000FF000000FF000000FF000000FF000000FF000000FFA9F922FFA9F922FFA9F922FFA9F922FFA9F922FFA9F922FFA9F922FFA9F922FFA9F922FFA9F922FF000000FF000000FF000000FF000000FFA9F922FFA9F922FFA9F922FFA9F922FFA9F922FFA9F922FFA9F922FFA9F922FF000000FF000000FF000000FF000000FF000000FF000000FF000000FF000000FFA9F922FFA9F922FFA9F922FFA9F922FFA9F922FFA9F922FF000000FF000000FF000000FF000000FF000000FF000000FF000000FF000000FF000000FF000000FFA9F922FFA9F922FF000000FF000000FF000000FF000000FF000000FF000000FF000000FF000000FF000000FF000000FF000000FF000000FF000000FF000000FF000000FF000000FF000000FF000000FF000000FF000000FF000000FF000000FFA9F922FFA9F922FFA9F922FFA9F922FFA9F922FFA9F922FFA9F922FFA9F922FFA9F922FFA9F922FF000000FF000000FF000000FF000000FF000000FF000000FFA9F922FFA9F922FFA9F922FFA9F922FFA9F922FFA9F922FF000000FF000000FF000000FF000000FF000000FF000000FFA9F922FFA9F922FF000000FF000000FF000000FF000000FF000000FF000000FFA9F922FFA9F922FF000000FF000000FF000000FF000000FFA9F922FFA9F922FFA9F922FFA9F922FFA9F922FFA9F922FFA9F922FFA9F922FFA9F922FFA9F922FF000000FF000000FF000000FF000000FF000000FF000000FF000000FF000000FF000000FF000000FF000000FF000000FF000000FF000000FF000000FF000000FF000000FF000000FFA9F922FFA9F922FF000000FF000000FF000000FF000000FF000000FF000000FFA9F922FFA9F922FF000000FF000000FF000000FF000000FF000000FF000000FF000000FF000000FF000000FF000000FF000000FF000000FF000000FF000000FF000000FF000000FF000000FF000000FF000000FF000000FF000000FF000000FF000000FF000000FF000000FF000000FF000000FF000000FF000000FF000000FF000000FF000000FF000000FF000000FF000000FF000000FF000000FF000000FF000000FF000000FF000000FF000000FF000000FF000000FF000000FF000000FF000000FF000000FF000000FF000000FF000000FF000000FF000000FF000000FF000000FF000000FF000000FF000000FF000000FF000000FF000000FF000000FF000000FF000000FF000000FF000000FF000000FF000000FF000000FF000000FF000000FF000000FF000000FF000000FF000000FF000000FF000000FF000000FF000000FF000000FF000000FF000000FF000000FF000000FF000000FF000000FF000000FF000000FF000000FF000000FF000000FF000000FF000000FF000000FF000000FF000000FF000000FF000000FF000000FF000000FF000000FF000000FF000000FF000000FF000000FF000000FF000000FF000000FF000000FF000000FF000000FF000000FF000000FF000000FF000000FF000000FF000000FF000000FF000000FF000000FF000000FF000000FF000000FF000000FF000000FF000000FF000000FF000000FF000000FF000000FF000000FF000000FF000000FF000000FF000000FF000000FF000000FF000000FF000000FF000000FF000000FF000000FF000000FF000000FF000000FF000000FF000000FF000000FF000000FF000000FF000000FF000000FF000000FF000000FF000000FF000000FF000000FF000000FF000000FF000000FF000000FF000000FF000000FF000000FF000000FF000000FF000000FF000000FF000000FF000000FF000000FF000000FF000000FF000000FF000000FF000000FF000000FF000000FF000000FF000000FF000000FF000000FF000000FF000000FF000000FF000000FF000000FF000000FF000000FF000000FF000000FF000000FF000000FF000000FF000000FF000000FF000000FF000000FF000000FF000000FF000000FF000000FF000000FF000000FF000000FF000000FF000000FF000000FF000000FF000000FF000000FF000000FF000000FF000000FF000000FF000000FF000000FF000000FF000000FF000000FF000000FF000000FF000000FF000000FF000000FF000000FF000000FF000000FF000000FF000000FF000000FF000000FF000000FF000000FF000000FF000000FF000000FF000000FF000000FF000000FF000000FF000000FF000000FF000000FF000000FF000000FF000000FF000000FF000000FF000000FF000000FF000000FF000000FF000000FF000000FF000000FF000000FF000000FF000000FF000000FF000000FF000000FF000000FF000000FF000000FF000000FF000000FF000000FF000000FF000000FFA9F922FFA9F922FFA9F922FFA9F922FFA9F922FFA9F922FFA9F922FFA9F922FFA9F922FFA9F922FF000000FF000000FF000000FF000000FF000000FF000000FF000000FF000000FF000000FF000000FF000000FF000000FF000000FF000000FF000000FF000000FF000000FF000000FFA9F922FFA9F922FF000000FF000000FF000000FF000000FF000000FF000000FFA9F922FFA9F922FF000000FF000000FF000000FF000000FF000000FF000000FF000000FF000000FF000000FF000000FF000000FF000000FF000000FF000000FF000000FF000000FF000000FF000000FF000000FF000000FF000000FF000000FF000000FF000000FF000000FF000000FF000000FF000000FF000000FF000000FF000000FF000000FF000000FF000000FF000000FF000000FF000000FF000000FF000000FF000000FF000000FF000000FF000000FF000000FF000000FF000000FF000000FF000000FF000000FF000000FF000000FF000000FF000000FF000000FF000000FF000000FF000000FF000000FF000000FF000000FF000000FF000000FF000000FF000000FF000000FF000000FF000000FF000000FF000000FF000000FF000000FF000000FF000000FF000000FF000000FF000000FF000000FF000000FF000000FF000000FF000000FF000000FF000000FF000000FF000000FF000000FF000000FF000000FF000000FF000000FF000000FF000000FF000000FF000000FF000000FF000000FF000000FF000000FF000000FF000000FF000000FF000000FFA9F922FFA9F922FFA9F922FFA9F922FFA9F922FFA9F922FFA9F922FFA9F922FFA9F922FFA9F922FF000000FF000000FF000000FF000000FFA9F922FFA9F922FFA9F922FFA9F922FFA9F922FFA9F922FFA9F922FFA9F922FF000000FF000000FF000000FF000000FF000000FF000000FF000000FF000000FFA9F922FFA9F922FFA9F922FFA9F922FFA9F922FFA9F922FF000000FF000000FF000000FF000000FF000000FF000000FF000000FF000000FF000000FF000000FFA9F922FFA9F922FF000000FF000000FF000000FF000000FF000000FF000000FF000000FF000000FF000000FF000000FF000000FF000000FF000000FF000000FF000000FF000000FF000000FF000000FF000000FF000000FF000000FF000000FFA9F922FFA9F922FFA9F922FFA9F922FFA9F922FFA9F922FFA9F922FFA9F922FFA9F922FFA9F922FF000000FF000000FF000000FF000000FF000000FF000000FFA9F922FFA9F922FFA9F922FFA9F922FFA9F922FFA9F922FF000000FF000000FF000000FF000000FF000000FF000000FFA9F922FFA9F922FF000000FF000000FF000000FF000000FF000000FF000000FFA9F922FFA9F922FF000000FF000000FF000000FF000000FFA9F922FFA9F922FFA9F922FFA9F922FFA9F922FFA9F922FFA9F922FFA9F922FFA9F922FFA9F922FF000000FF000000FF000000FF000000FF000000FF000000FF000000FF000000FF000000FF000000FF000000FF000000FF000000FF000000FF000000FF000000FF000000FF000000FFA9F922FFA9F922FF000000FF000000FF000000FF000000FF000000FF000000FFA9F922FFA9F922FF000000FF000000FF000000FF000000FF000000FF000000FF000000FF000000FF000000FF000000FF000000FF000000FF000000FF000000FF000000FF000000FF000000FF000000FF000000FF000000FF000000FF000000FF000000FF000000FF000000FF000000FF000000FF000000FF000000FF000000FF000000FF000000FF000000FF000000FF000000FF000000FF000000FF000000FF000000FF000000FF000000FF000000FF000000FF000000FF000000FF000000FF000000FF000000FF000000FF000000FF000000FF000000FF000000FF000000FF000000FF000000FF000000FF000000FF000000FF000000FF000000FF000000FF000000FF000000FF000000FF000000FF000000FF000000FF000000FF000000FF000000FF000000FF000000FF000000FF000000FF000000FF000000FF000000FF000000FF000000FF000000FF000000FF000000FF000000FF000000FF000000FF000000FF000000FF000000FF000000FF000000FF000000FF000000FF000000FF000000FF000000FF000000FF000000FF000000FF000000FF000000FF000000FF000000FF000000FF000000FF000000FF000000FF000000FF000000FF000000FF000000FF000000FF000000FF000000FF000000FF000000FF000000FF000000FF000000FF000000FF000000FF000000FF000000FF000000FF000000FF000000FF000000FF000000FF000000FF000000FF000000FF000000FF000000FF000000FF000000FF000000FF000000FF000000FF000000FF000000FF000000FF000000FF000000FF000000FF000000FF000000FF000000FF000000FF000000FF000000FF000000FF000000FF000000FF000000FF000000FF000000FF000000FF000000FF000000FF000000FF000000FF000000FF000000FF000000FF000000FF000000FF000000FF000000FF000000FF000000FF000000FF000000FF000000FF000000FF000000FF000000FF000000FF000000FF000000FF000000FF000000FF000000FF000000FF000000FF000000FF000000FF000000FF000000FF000000FF000000FF000000FF000000FF000000FF000000FF000000FF000000FF000000FF000000FF000000FF000000FF000000FF000000FF000000FF000000FF000000FF000000FF000000FF000000FF000000FF000000FF000000FF000000FF000000FF000000FF000000FF000000FF000000FF000000FF000000FF000000FF000000FF000000FF000000FF000000FF000000FF000000FF000000FF000000FF000000FF000000FF000000FF000000FF000000FF000000FF000000FF000000FF000000FF000000FF000000FF000000FF000000FF000000FF000000FF000000FF000000FF000000FF000000FF000000FF000000FF000000FF000000FF000000FF000000FF000000FF000000FF000000FF000000FF000000FF000000FF000000FF000000FF000000FF000000FF000000FF000000FF000000FF000000FF000000FF000000FF000000FF000000FF000000FF000000FF000000FF000000FF000000FF000000FF000000FF000000FF000000FF000000FF000000FF000000FF000000FF000000FF000000FF000000FF000000FF000000FF000000FF000000FF000000FF000000FF000000FF000000FF000000FF000000FF000000FF000000FF000000FF000000FF000000FF000000FF000000FF000000FF000000FF000000FF000000FF000000FF000000FF000000FF000000FF000000FF000000FF000000FF000000FF000000FF000000FF000000FF000000FF000000FF000000FF000000FF000000FF000000FF000000FF000000FF000000FF000000FF000000FF000000FF000000FF000000FF000000FF000000FF000000FF000000FF000000FF000000FF000000FF000000FF000000FF000000FF000000FF000000FF000000FF000000FF000000FF000000FF000000FF000000FF000000FF000000FF000000FF000000FF000000FF000000FF000000FF000000FF000000FF000000FF000000FF000000FF000000FF000000FF000000FF000000FF000000FF000000FF000000FF000000FF000000FF000000FF000000FF000000FF000000FF000000FF000000FF000000FF000000FF000000FF000000FF000000FF000000FF000000FF000000FF000000FF000000FF000000FF000000FF000000FF000000FF000000FF000000FF000000FF000000FF000000FF000000FF000000FF000000FF000000FF000000FF000000FF000000FF000000FF000000FF000000FF000000FF000000FF000000FF000000FF000000FF000000FF000000FF000000FF000000FF000000FF000000FF000000FF000000FF000000FF000000FF000000FF000000FF000000FF000000FF000000FF000000FF000000FF000000FF000000FF000000FF000000FF000000FF000000FF000000FF000000FF000000FF000000FF000000FF000000FF000000FF000000FF000000FF000000FF000000FF000000FF000000FF000000FF000000FF000000FF000000FF000000FF000000FF000000FF000000FF000000FF000000FF000000FF000000FF000000FF000000FF000000FF000000FF000000FF000000FF000000FF000000FF000000FF000000FF000000FF000000FF000000FF000000FF000000FF000000FF000000FF000000FF000000FF000000FF000000FF000000FF000000FF000000FF000000FF000000FF000000FF000000FF000000FF000000FF000000FF000000FF000000FF000000FF000000FF000000FF000000FF000000FF000000FF000000FF000000FF000000FF000000FF000000FF000000FF000000FF000000FF000000FF000000FF000000FF000000FF000000FF000000FF000000FF000000FF000000FF000000FF000000FF000000FF000000FF000000FF000000FF000000FF000000FF000000FF000000FF000000FF000000FF000000FF000000FF000000FF000000FF000000FF000000FF000000FF000000FF000000FF000000FF000000FF000000FF000000FF000000FF000000FF000000FF000000FF000000FF000000FF000000FF000000FF000000FF000000FF000000FF000000FF000000FF000000FF000000FF000000FF000000FF000000FF000000FF000000FF000000FF000000FF000000FF000000FF000000FF000000FF000000FF000000FF000000FF000000FF000000FF000000FF000000FF000000FF000000FF000000FF000000FF000000FF000000FF000000FF000000FF000000FF000000FF000000FF000000FF000000FF000000FF000000FF000000FF000000FF000000FF000000FF000000FF000000FF000000FF000000FF000000FF000000FF000000FF000000FF000000FF000000FF000000FF000000FF000000FF000000FF000000FF000000FF000000FF000000FF000000FF000000FF000000FF000000FF000000FF000000FF000000FF000000FF000000FF000000FF000000FF000000FF000000FF000000FF000000FF000000FF000000FF000000FF000000FF000000FF000000FF000000FF000000FF000000FF000000FF000000FF000000FF000000FF000000FF000000FF000000FF000000FF000000FF000000FF000000FF000000FF000000FF000000FF000000FF000000FF000000FF000000FF000000FF000000FF000000FF000000FF000000FF000000FF000000FF000000FF000000FF000000FF000000FF000000FF000000FF000000FF000000FF000000FF000000FF000000FF000000FF000000FF000000FF000000FF000000FF000000FF000000FF000000FF000000FF000000FF000000FF000000FF000000FF000000FF000000FF000000FF000000FF000000FF000000FF000000FF000000FF000000FF000000FF000000FF000000FF000000FF000000FF000000FF000000FF000000FF000000FF000000FF000000FF000000FF000000FF000000FF000000FF000000FF000000FF000000FF000000FF000000FF000000FF000000FF000000FF000000FF000000FF000000FF000000FF000000FF000000FF000000FF000000FF000000FF000000FF000000FF000000FF000000FF000000FF000000FF000000FF000000FF000000FF000000FF000000FF000000FF000000FF000000FF000000FF000000FF000000FF000000FF000000FF000000FF000000FF000000FF000000FF000000FF000000FF000000FF000000FF000000FF000000FF000000FF000000FF000000FF000000FF000000FF000000FF000000FF000000FF000000FF000000FF000000FF000000FF000000FF000000FF000000FF000000FF000000FF000000FF000000FF000000FF000000FF000000FF000000FF000000FF000000FF000000FF000000FF000000FF000000FF000000FF000000FF000000FF000000FF000000FF000000FF000000FF000000FF000000FF000000FF000000FF000000FF000000FF000000FF000000FF000000FF000000FF000000FF000000FF000000FF000000FF000000FF000000FF000000FF000000FF000000FF000000FF000000FF000000FF000000FF000000FF000000FF000000FF000000FF000000FF000000FF000000FF000000FF000000FF000000FF000000FF000000FF000000FF000000FF000000FF000000FF000000FF000000FF000000FF000000FF000000FF000000FF000000FF000000FF000000FF000000FF000000FF000000FF000000FF000000FF000000FF000000FF000000FF000000FF000000FF000000FF000000FF000000FF000000FF000000FF000000FF000000FF000000FF000000FF000000FF000000FF000000FF000000FF000000FF000000FF000000FF000000FF000000FF000000FF000000FF000000FF000000FF000000FF000000FF000000FF000000FF000000FF000000FF000000FF000000FF000000FF000000FF000000FF000000FF000000FF000000FF000000FF000000FF000000FF000000FF000000FF000000FF000000FF000000FF000000FF000000FF000000FF000000FF000000FF000000FF000000FF000000FF000000FF000000FF000000FF000000FF000000FF000000FF000000FF000000FF000000FF000000FF000000FF000000FF000000FF000000FF000000FF000000FF000000FF000000FF000000FF000000FF000000FF000000FF000000FF000000FF000000FF000000FF000000FF000000FF000000FF000000FF000000FF000000FF000000FF000000FF000000FF000000FF000000FF000000FF000000FF000000FF000000FF000000FF000000FF000000FF000000FF000000FF000000FF000000FF000000FF000000FF000000FF000000FF000000FF000000FF000000FF000000FF000000FF000000FF000000FF000000FF000000FF000000FF000000FF000000FF000000FF000000FF000000FF000000FF000000FF000000FF000000FF000000FF000000FF000000FF000000FF000000FF000000FF000000FF000000FF000000FF000000FF000000FF000000FF000000FF000000FF000000FF000000FF000000FF000000FF000000FF000000FF000000FF000000FF000000FF000000FF000000FF000000FF000000FF000000FF000000FF000000FF000000FF000000FF000000FF000000FF000000FF000000FF000000FF000000FF000000FF000000FF000000FF000000FF000000FF000000FF000000FF000000FF000000FF000000FF000000FF000000FF000000FF000000FF000000FF000000FF000000FF000000FF000000FF000000FF000000FF000000FF000000FF000000FF000000FF000000FF000000FF000000FF000000FF000000FF000000FF000000FF000000FF000000FF000000FF000000FF000000FF000000FF000000FF000000FF000000FF000000FF000000FF000000FF000000FF000000FF000000FF000000FF000000FF000000FF000000FF000000FF000000FF000000FF000000FF000000FF000000FF000000FF000000FF000000FF000000FF000000FF000000FF000000FF000000FF000000FF000000FF000000FF000000FF000000FF000000FF000000FF000000FF000000FF000000FF000000FF000000FF000000FF000000FF000000FF000000FF000000FF000000FF000000FF000000FF000000FF000000FF000000FF000000FF000000FF000000FF000000FF000000FF000000FF000000FF000000FF000000FF000000FF000000FF000000FF000000FF000000FF000000FF000000FF000000FF000000FF000000FF000000FF000000FF000000FF000000FF000000FF000000FF000000FF000000FF000000FF000000FF000000FF000000FF000000FF000000FF000000FF000000FF000000FF000000FF000000FF000000FF000000FF000000FF000000FF000000FF000000FF000000FF000000FF000000FF000000FF000000FF000000FF000000FF000000FF000000FF000000FF000000FF000000FF000000FF000000FF000000FF000000FF000000FF000000FF000000FF000000FF000000FF000000FF000000FF000000FF000000FF000000FF000000FF000000FF000000FF000000FF000000FF000000FF000000FF000000FF000000FF000000FF000000FF000000FF000000FF000000FF000000FF000000FF000000FF000000FF000000FF000000FF000000FF000000FF000000FF000000FF000000FF000000FF000000FF000000FF000000FF000000FF000000FF000000FF000000FF000000FF000000FF000000FF000000FF000000FF000000FF000000FF000000FF000000FF000000FF000000FF000000FF000000FF000000FF000000FF000000FF000000FF000000FF000000FF000000FF000000FF000000FF000000FF000000FF000000FF000000FF000000FF000000FF000000FF000000FF000000FF000000FF000000FF000000FF000000FF000000FF000000FF000000FF000000FF000000FF000000FF000000FF000000FF000000FF000000FF000000FF000000FF000000FF000000FF000000FF000000FF000000FF000000FF000000FF000000FF000000FF000000FF000000FF000000FF000000FF000000FF000000FF000000FF000000FF000000FF000000FF000000FF000000FF000000FF000000FF000000FF000000FF000000FF000000FF000000FF000000FF000000FF000000FF000000FF000000FF000000FF000000FF000000FF000000FF000000FF000000FF000000FF000000FF000000FF000000FF000000FF000000FF000000FF000000FF000000FF000000FF000000FF000000FF000000FF000000FF000000FF000000FF000000FF000000FF000000FF000000FF000000FF000000FF000000FF000000FF000000FF000000FF000000FF000000FF000000FF000000FF000000FF000000FF000000FF000000FF000000FF000000FF000000FF000000FF000000FF000000FF000000FF000000FF000000FF000000FF000000FF000000FF000000FF000000FF000000FF000000FF000000FF000000FF000000FF000000FF000000FF000000FF000000FF000000FF000000FF000000FF000000FF000000FF000000FF000000FF000000FF000000FF000000FF000000FF000000FF000000FF000000FF000000FF000000FF000000FF000000FF000000FF000000FF000000FF000000FF000000FF000000FF000000FF000000FF000000FF000000FF000000FF000000FF000000FF000000FF000000FF000000FF000000FF000000FF000000FF000000FF000000FF000000FF000000FF000000FF000000FF000000FF000000FF000000FF000000FFA9F922FFA9F922FFA9F922FFA9F922FFA9F922FFA9F922FFA9F922FFA9F922FFA9F922FFA9F922FF000000FF000000FF000000FF000000FF000000FF000000FF000000FF000000FF000000FF000000FF000000FF000000FF000000FF000000FF000000FF000000FF000000FF000000FF000000FF000000FFA9F922FFA9F922FFA9F922FFA9F922FFA9F922FFA9F922FF000000FF000000FF000000FF000000FF000000FF000000FFA9F922FFA9F922FFA9F922FFA9F922FFA9F922FFA9F922FFA9F922FFA9F922FFA9F922FFA9F922FF000000FF000000FF000000FF000000FFA9F922FFA9F922FFA9F922FFA9F922FFA9F922FFA9F922FFA9F922FFA9F922FF000000FF000000FF000000FF000000FF000000FF000000FF000000FF000000FF000000FF000000FF000000FF000000FF000000FF000000FF000000FF000000FF000000FF000000FF000000FF000000FF000000FF000000FF000000FF000000FF000000FF000000FF000000FF000000FF000000FF000000FF000000FF000000FF000000FF000000FF000000FF000000FF000000FF000000FF000000FF000000FF000000FF000000FF000000FF000000FF000000FF000000FF000000FF000000FF000000FF000000FF000000FF000000FF000000FF000000FF000000FF000000FF000000FF000000FF000000FF000000FF000000FF000000FF000000FF000000FF000000FF000000FF000000FF000000FF000000FF000000FF000000FF000000FF000000FF000000FF000000FF000000FFA9F922FFA9F922FFA9F922FFA9F922FFA9F922FFA9F922FFA9F922FFA9F922FFA9F922FFA9F922FF000000FF000000FF000000FF000000FF000000FF000000FFA9F922FFA9F922FFA9F922FFA9F922FFA9F922FFA9F922FF000000FF000000FF000000FF000000FF000000FF000000FFA9F922FFA9F922FF000000FF000000FF000000FF000000FF000000FF000000FFA9F922FFA9F922FF000000FF000000FF000000FF000000FFA9F922FFA9F922FFA9F922FFA9F922FFA9F922FFA9F922FFA9F922FFA9F922FF000000FF000000FF000000FF000000FF000000FF000000FF000000FF000000FF000000FF000000FF000000FF000000FF000000FF000000FF000000FF000000FF000000FF000000FF000000FF000000FF000000FF000000FFA9F922FFA9F922FFA9F922FFA9F922FFA9F922FFA9F922FF000000FF000000FF000000FF000000FF000000FF000000FFA9F922FFA9F922FFA9F922FFA9F922FFA9F922FFA9F922FFA9F922FFA9F922FFA9F922FFA9F922FF000000FF000000FF000000FF000000FFA9F922FFA9F922FFA9F922FFA9F922FFA9F922FFA9F922FFA9F922FFA9F922FF000000FF000000FF000000FF000000FF000000FF000000FF000000FF000000FFA9F922FFA9F922FFA9F922FFA9F922FFA9F922FFA9F922FF000000FF000000FF000000FF000000FF000000FF000000FFA9F922FFA9F922FF000000FF000000FF000000FF000000FF000000FF000000FFA9F922FFA9F922FF000000FF000000FF000000FF000000FF000000FF000000FFA9F922FFA9F922FFA9F922FFA9F922FFA9F922FFA9F922FFA9F922FFA9F922FF000000FF000000FF000000FF000000FF000000FF000000FF000000FF000000FF000000FF000000FF000000FF000000FF000000FF000000FF000000FF000000FF000000FF000000FF000000FF000000FF000000FF000000FF000000FF000000FF000000FF000000FF000000FF000000FF000000FF000000FF000000FF000000FF000000FF000000FF000000FF000000FF000000FF000000FF000000FF000000FF000000FF000000FF000000FF000000FF000000FF000000FF000000FF000000FF000000FF000000FF000000FF000000FF000000FF000000FF000000FF000000FF000000FF000000FF000000FF000000FF000000FF000000FF000000FF000000FF000000FF000000FF000000FF000000FF000000FF000000FF000000FF000000FF000000FF000000FF000000FF000000FF000000FF000000FF000000FF000000FF000000FF000000FF000000FF000000FF000000FF000000FF000000FF000000FF000000FF000000FF000000FF000000FF000000FF000000FF000000FF000000FF000000FF000000FF000000FF000000FF000000FF000000FF000000FF000000FF000000FF000000FF000000FF000000FF000000FF000000FF000000FF000000FF000000FF000000FF000000FF000000FF000000FF000000FF000000FF000000FF000000FF000000FF000000FF000000FF000000FF000000FF000000FF000000FF000000FF000000FF000000FF000000FF000000FF000000FF000000FF000000FF000000FF000000FF000000FF000000FF000000FF000000FF000000FF000000FF000000FF000000FF000000FF000000FF000000FF000000FF000000FF000000FF000000FF000000FF000000FF000000FF000000FF000000FF000000FF000000FF000000FF000000FF000000FF000000FF000000FF000000FF000000FF000000FF000000FF000000FF000000FF000000FF000000FF000000FF000000FF000000FF000000FF000000FF000000FF000000FF000000FF000000FF000000FF000000FF000000FF000000FF000000FF000000FF000000FF000000FF000000FF000000FF000000FF000000FF000000FF000000FF000000FF000000FF000000FF000000FF000000FF000000FF000000FF000000FF000000FF000000FF000000FF000000FF000000FF000000FF000000FF000000FF000000FF000000FF000000FF000000FF000000FF000000FF000000FF000000FF000000FF000000FF000000FF000000FF000000FF000000FF000000FF000000FF000000FF000000FF000000FF000000FF000000FF000000FF000000FF000000FF000000FF000000FF000000FF000000FF000000FF000000FF000000FF000000FF000000FF000000FF000000FF000000FF000000FF000000FF000000FF000000FF000000FF000000FF000000FF000000FF000000FF000000FF000000FF000000FF000000FF000000FF000000FF000000FF000000FF000000FF000000FF000000FF000000FF000000FFA9F922FFA9F922FFA9F922FFA9F922FFA9F922FFA9F922FFA9F922FFA9F922FFA9F922FFA9F922FF000000FF000000FF000000FF000000FF000000FF000000FF000000FF000000FF000000FF000000FF000000FF000000FF000000FF000000FF000000FF000000FF000000FF000000FF000000FF000000FFA9F922FFA9F922FFA9F922FFA9F922FFA9F922FFA9F922FF000000FF000000FF000000FF000000FF000000FF000000FFA9F922FFA9F922FFA9F922FFA9F922FFA9F922FFA9F922FFA9F922FFA9F922FFA9F922FFA9F922FF000000FF000000FF000000FF000000FFA9F922FFA9F922FFA9F922FFA9F922FFA9F922FFA9F922FFA9F922FFA9F922FF000000FF000000FF000000FF000000FF000000FF000000FF000000FF000000FF000000FF000000FF000000FF000000FF000000FF000000FF000000FF000000FF000000FF000000FF000000FF000000FF000000FF000000FF000000FF000000FF000000FF000000FF000000FF000000FF000000FF000000FF000000FF000000FF000000FF000000FF000000FF000000FF000000FF000000FF000000FF000000FF000000FF000000FF000000FF000000FF000000FF000000FF000000FF000000FF000000FF000000FF000000FF000000FF000000FF000000FF000000FF000000FF000000FF000000FF000000FF000000FF000000FF000000FF000000FF000000FF000000FF000000FF000000FF000000FF000000FF000000FF000000FF000000FF000000FF000000FF000000FF000000FFA9F922FFA9F922FFA9F922FFA9F922FFA9F922FFA9F922FFA9F922FFA9F922FFA9F922FFA9F922FF000000FF000000FF000000FF000000FF000000FF000000FFA9F922FFA9F922FFA9F922FFA9F922FFA9F922FFA9F922FF000000FF000000FF000000FF000000FF000000FF000000FFA9F922FFA9F922FF000000FF000000FF000000FF000000FF000000FF000000FFA9F922FFA9F922FF000000FF000000FF000000FF000000FFA9F922FFA9F922FFA9F922FFA9F922FFA9F922FFA9F922FFA9F922FFA9F922FF000000FF000000FF000000FF000000FF000000FF000000FF000000FF000000FF000000FF000000FF000000FF000000FF000000FF000000FF000000FF000000FF000000FF000000FF000000FF000000FF000000FF000000FFA9F922FFA9F922FFA9F922FFA9F922FFA9F922FFA9F922FF000000FF000000FF000000FF000000FF000000FF000000FFA9F922FFA9F922FFA9F922FFA9F922FFA9F922FFA9F922FFA9F922FFA9F922FFA9F922FFA9F922FF000000FF000000FF000000FF000000FFA9F922FFA9F922FFA9F922FFA9F922FFA9F922FFA9F922FFA9F922FFA9F922FF000000FF000000FF000000FF000000FF000000FF000000FF000000FF000000FFA9F922FFA9F922FFA9F922FFA9F922FFA9F922FFA9F922FF000000FF000000FF000000FF000000FF000000FF000000FFA9F922FFA9F922FF000000FF000000FF000000FF000000FF000000FF000000FFA9F922FFA9F922FF000000FF000000FF000000FF000000FF000000FF000000FFA9F922FFA9F922FFA9F922FFA9F922FFA9F922FFA9F922FFA9F922FFA9F922FF000000FF000000FF000000FF000000FF000000FF000000FF000000FF000000FF000000FF000000FF000000FF000000FF000000FF000000FF000000FF000000FF000000FF000000FF000000FF000000FF000000FF000000FF000000FF000000FF000000FF000000FF000000FF000000FF000000FF000000FF000000FF000000FF000000FF000000FF000000FF000000FF000000FF000000FF000000FF000000FF000000FF000000FF000000FF000000FF000000FF000000FF000000FF000000FF000000FF000000FF000000FF000000FF000000FF000000FF000000FF000000FF000000FF000000FF000000FF000000FF000000FF000000FF000000FF000000FF000000FF000000FF000000FF000000FF000000FF000000FF000000FF000000FF000000FF000000FF000000FF000000FF000000FF000000FF000000FF000000FF000000FF000000FF000000FF000000FF000000FF000000FF000000FF000000FF000000FF000000FF000000FF000000FF000000FF000000FF000000FF000000FF000000FF000000FF000000FF000000FF000000FF000000FF000000FF000000FF000000FF000000FF000000FF000000FF000000FF000000FF000000FF000000FF000000FF000000FF000000FF000000FF000000FF000000FF000000FF000000FF000000FF000000FF000000FF000000FF000000FF000000FF000000FF000000FF000000FF000000FF000000FF000000FF000000FF000000FF000000FF000000FF000000FF000000FF000000FF000000FF000000FF000000FF000000FF000000FF000000FF000000FF000000FF000000FF000000FF000000FF000000FF000000FF000000FF000000FF000000FF000000FF000000FF000000FF000000FF000000FF000000FF000000FF000000FF000000FF000000FF000000FF000000FF000000FF000000FF000000FF000000FF000000FF000000FF000000FF000000FF000000FF000000FF000000FF000000FF000000FF000000FF000000FF000000FF000000FF000000FF000000FF000000FF000000FF000000FF000000FF000000FF000000FF000000FF000000FF000000FF000000FF000000FF000000FF000000FF000000FF000000FF000000FF000000FF000000FF000000FF000000FF000000FF000000FF000000FF000000FF000000FF000000FF000000FF000000FF000000FF000000FF000000FF000000FF000000FF000000FF000000FF000000FF000000FF000000FF000000FF000000FF000000FF000000FF000000FF000000FF000000FF000000FF000000FF000000FF000000FF000000FF000000FF000000FF000000FF000000FF000000FF000000FF000000FF000000FF000000FF000000FF000000FF000000FF000000FF000000FF000000FF000000FF000000FF000000FF000000FF000000FF000000FF000000FF000000FF000000FF000000FF000000FF000000FF000000FF000000FF000000FF000000FF000000FF000000FF000000FFA9F922FFA9F922FF000000FF000000FF000000FF000000FF000000FF000000FF000000FF000000FF000000FF000000FF000000FF000000FF000000FF000000FF000000FF000000FF000000FF000000FF000000FF000000FF000000FF000000FF000000FF000000FF000000FF000000FFA9F922FFA9F922FF000000FF000000FF000000FF000000FF000000FF000000FFA9F922FFA9F922FF000000FF000000FF000000FF000000FF000000FF000000FF000000FF000000FFA9F922FFA9F922FF000000FF000000FF000000FF000000FF000000FF000000FF000000FF000000FFA9F922FFA9F922FF000000FF000000FF000000FF000000FF000000FF000000FFA9F922FFA9F922FF000000FF000000FF000000FF000000FF000000FF000000FF000000FF000000FF000000FF000000FF000000FF000000FF000000FF000000FF000000FF000000FF000000FF000000FF000000FF000000FF000000FF000000FF000000FF000000FF000000FF000000FF000000FF000000FF000000FF000000FF000000FF000000FF000000FF000000FF000000FF000000FF000000FF000000FF000000FF000000FF000000FF000000FF000000FF000000FF000000FF000000FF000000FF000000FF000000FF000000FF000000FF000000FF000000FF000000FF000000FF000000FF000000FF000000FF000000FF000000FF000000FF000000FF000000FF000000FF000000FF000000FF000000FF000000FF000000FF000000FF000000FF000000FF000000FF000000FFA9F922FFA9F922FF000000FF000000FF000000FF000000FF000000FF000000FF000000FF000000FF000000FF000000FF000000FF000000FF000000FF000000FF000000FF000000FFA9F922FFA9F922FF000000FF000000FF000000FF000000FF000000FF000000FF000000FF000000FFA9F922FFA9F922FF000000FF000000FF000000FF000000FF000000FF000000FFA9F922FFA9F922FF000000FF000000FF000000FF000000FFA9F922FFA9F922FF000000FF000000FF000000FF000000FF000000FF000000FFA9F922FFA9F922FF000000FF000000FF000000FF000000FF000000FF000000FF000000FF000000FF000000FF000000FF000000FF000000FF000000FF000000FF000000FF000000FF000000FF000000FFA9F922FFA9F922FF000000FF000000FF000000FF000000FF000000FF000000FFA9F922FFA9F922FF000000FF000000FF000000FF000000FF000000FF000000FF000000FF000000FFA9F922FFA9F922FF000000FF000000FF000000FF000000FF000000FF000000FF000000FF000000FFA9F922FFA9F922FF000000FF000000FF000000FF000000FF000000FF000000FFA9F922FFA9F922FF000000FF000000FF000000FF000000FF000000FF000000FF000000FF000000FFA9F922FFA9F922FF000000FF000000FF000000FF000000FF000000FF000000FF000000FF000000FFA9F922FFA9F922FF000000FF000000FF000000FF000000FF000000FF000000FFA9F922FFA9F922FF000000FF000000FF000000FF000000FFA9F922FFA9F922FF000000FF000000FF000000FF000000FF000000FF000000FF000000FF000000FF000000FF000000FF000000FF000000FF000000FF000000FF000000FF000000FF000000FF000000FF000000FF000000FF000000FF000000FF000000FF000000FF000000FF000000FF000000FF000000FF000000FF000000FF000000FF000000FF000000FF000000FF000000FF000000FF000000FF000000FF000000FF000000FF000000FF000000FF000000FF000000FF000000FF000000FF000000FF000000FF000000FF000000FF000000FF000000FF000000FF000000FF000000FF000000FF000000FF000000FF000000FF000000FF000000FF000000FF000000FF000000FF000000FF000000FF000000FF000000FF000000FF000000FF000000FF000000FF000000FF000000FF000000FF000000FF000000FF000000FF000000FF000000FF000000FF000000FF000000FF000000FF000000FF000000FF000000FF000000FF000000FF000000FF000000FF000000FF000000FF000000FF000000FF000000FF000000FF000000FF000000FF000000FF000000FF000000FF000000FF000000FF000000FF000000FF000000FF000000FF000000FF000000FF000000FF000000FF000000FF000000FF000000FF000000FF000000FF000000FF000000FF000000FF000000FF000000FF000000FF000000FF000000FF000000FF000000FF000000FF000000FF000000FF000000FF000000FF000000FF000000FF000000FF000000FF000000FF000000FF000000FF000000FF000000FF000000FF000000FF000000FF000000FF000000FF000000FF000000FF000000FF000000FF000000FF000000FF000000FF000000FF000000FF000000FF000000FF000000FF000000FF000000FF000000FF000000FF000000FF000000FF000000FF000000FF000000FF000000FF000000FF000000FF000000FF000000FF000000FF000000FF000000FF000000FF000000FF000000FF000000FF000000FF000000FF000000FF000000FF000000FF000000FF000000FF000000FF000000FF000000FF000000FF000000FF000000FF000000FF000000FF000000FF000000FF000000FF000000FF000000FF000000FF000000FF000000FF000000FF000000FF000000FF000000FF000000FF000000FF000000FF000000FF000000FF000000FF000000FF000000FF000000FF000000FF000000FF000000FF000000FF000000FF000000FF000000FF000000FF000000FF000000FF000000FF000000FF000000FF000000FF000000FF000000FF000000FF000000FF000000FF000000FF000000FF000000FF000000FF000000FF000000FF000000FF000000FF000000FF000000FF000000FF000000FF000000FF000000FF000000FF000000FF000000FF000000FF000000FF000000FF000000FF000000FF000000FF000000FF000000FF000000FF000000FF000000FF000000FF000000FF000000FF000000FF000000FF000000FF000000FF000000FF000000FF000000FF000000FF000000FF000000FF000000FF000000FF000000FFA9F922FFA9F922FF000000FF000000FF000000FF000000FF000000FF000000FF000000FF000000FF000000FF000000FF000000FF000000FF000000FF000000FF000000FF000000FF000000FF000000FF000000FF000000FF000000FF000000FF000000FF000000FF000000FF000000FFA9F922FFA9F922FF000000FF000000FF000000FF000000FF000000FF000000FFA9F922FFA9F922FF000000FF000000FF000000FF000000FF000000FF000000FF000000FF000000FFA9F922FFA9F922FF000000FF000000FF000000FF000000FF000000FF000000FF000000FF000000FFA9F922FFA9F922FF000000FF000000FF000000FF000000FF000000FF000000FFA9F922FFA9F922FF000000FF000000FF000000FF000000FF000000FF000000FF000000FF000000FF000000FF000000FF000000FF000000FF000000FF000000FF000000FF000000FF000000FF000000FF000000FF000000FF000000FF000000FF000000FF000000FF000000FF000000FF000000FF000000FF000000FF000000FF000000FF000000FF000000FF000000FF000000FF000000FF000000FF000000FF000000FF000000FF000000FF000000FF000000FF000000FF000000FF000000FF000000FF000000FF000000FF000000FF000000FF000000FF000000FF000000FF000000FF000000FF000000FF000000FF000000FF000000FF000000FF000000FF000000FF000000FF000000FF000000FF000000FF000000FF000000FF000000FF000000FF000000FF000000FF000000FFA9F922FFA9F922FF000000FF000000FF000000FF000000FF000000FF000000FF000000FF000000FF000000FF000000FF000000FF000000FF000000FF000000FF000000FF000000FFA9F922FFA9F922FF000000FF000000FF000000FF000000FF000000FF000000FF000000FF000000FFA9F922FFA9F922FF000000FF000000FF000000FF000000FF000000FF000000FFA9F922FFA9F922FF000000FF000000FF000000FF000000FFA9F922FFA9F922FF000000FF000000FF000000FF000000FF000000FF000000FFA9F922FFA9F922FF000000FF000000FF000000FF000000FF000000FF000000FF000000FF000000FF000000FF000000FF000000FF000000FF000000FF000000FF000000FF000000FF000000FF000000FFA9F922FFA9F922FF000000FF000000FF000000FF000000FF000000FF000000FFA9F922FFA9F922FF000000FF000000FF000000FF000000FF000000FF000000FF000000FF000000FFA9F922FFA9F922FF000000FF000000FF000000FF000000FF000000FF000000FF000000FF000000FFA9F922FFA9F922FF000000FF000000FF000000FF000000FF000000FF000000FFA9F922FFA9F922FF000000FF000000FF000000FF000000FF000000FF000000FF000000FF000000FFA9F922FFA9F922FF000000FF000000FF000000FF000000FF000000FF000000FF000000FF000000FFA9F922FFA9F922FF000000FF000000FF000000FF000000FF000000FF000000FFA9F922FFA9F922FF000000FF000000FF000000FF000000FFA9F922FFA9F922FF000000FF000000FF000000FF000000FF000000FF000000FF000000FF000000FF000000FF000000FF000000FF000000FF000000FF000000FF000000FF000000FF000000FF000000FF000000FF000000FF000000FF000000FF000000FF000000FF000000FF000000FF000000FF000000FF000000FF000000FF000000FF000000FF000000FF000000FF000000FF000000FF000000FF000000FF000000FF000000FF000000FF000000FF000000FF000000FF000000FF000000FF000000FF000000FF000000FF000000FF000000FF000000FF000000FF000000FF000000FF000000FF000000FF000000FF000000FF000000FF000000FF000000FF000000FF000000FF000000FF000000FF000000FF000000FF000000FF000000FF000000FF000000FF000000FF000000FF000000FF000000FF000000FF000000FF000000FF000000FF000000FF000000FF000000FF000000FF000000FF000000FF000000FF000000FF000000FF000000FF000000FF000000FF000000FF000000FF000000FF000000FF000000FF000000FF000000FF000000FF000000FF000000FF000000FF000000FF000000FF000000FF000000FF000000FF000000FF000000FF000000FF000000FF000000FF000000FF000000FF000000FF000000FF000000FF000000FF000000FF000000FF000000FF000000FF000000FF000000FF000000FF000000FF000000FF000000FF000000FF000000FF000000FF000000FF000000FF000000FF000000FF000000FF000000FF000000FF000000FF000000FF000000FF000000FF000000FF000000FF000000FF000000FF000000FF000000FF000000FF000000FF000000FF000000FF000000FF000000FF000000FF000000FF000000FF000000FF000000FF000000FF000000FF000000FF000000FF000000FF000000FF000000FF000000FF000000FF000000FF000000FF000000FF000000FF000000FF000000FF000000FF000000FF000000FF000000FF000000FF000000FF000000FF000000FF000000FF000000FF000000FF000000FF000000FF000000FF000000FF000000FF000000FF000000FF000000FF000000FF000000FF000000FF000000FF000000FF000000FF000000FF000000FF000000FF000000FF000000FF000000FF000000FF000000FF000000FF000000FF000000FF000000FF000000FF000000FF000000FF000000FF000000FF000000FF000000FF000000FF000000FF000000FF000000FF000000FF000000FF000000FF000000FF000000FF000000FF000000FF000000FF000000FF000000FF000000FF000000FF000000FF000000FF000000FF000000FF000000FF000000FF000000FF000000FF000000FF000000FF000000FF000000FF000000FF000000FF000000FF000000FF000000FF000000FF000000FF000000FF000000FF000000FF000000FF000000FF000000FF000000FF000000FF000000FF000000FF000000FF000000FF000000FF000000FF000000FF000000FF000000FF000000FF000000FF000000FF000000FF000000FF000000FF000000FFA9F922FFA9F922FF000000FF000000FF000000FF000000FF000000FF000000FF000000FF000000FF000000FF000000FF000000FF000000FF000000FF000000FF000000FF000000FF000000FF000000FF000000FF000000FF000000FF000000FF000000FF000000FF000000FF000000FFA9F922FFA9F922FF000000FF000000FF000000FF000000FF000000FF000000FF000000FF000000FF000000FF000000FF000000FF000000FF000000FF000000FF000000FF000000FFA9F922FFA9F922FF000000FF000000FF000000FF000000FF000000FF000000FF000000FF000000FFA9F922FFA9F922FF000000FF000000FF000000FF000000FF000000FF000000FFA9F922FFA9F922FF000000FF000000FF000000FF000000FF000000FF000000FF000000FF000000FF000000FF000000FF000000FF000000FF000000FF000000FF000000FF000000FF000000FF000000FF000000FF000000FF000000FF000000FF000000FF000000FF000000FF000000FF000000FF000000FF000000FF000000FF000000FF000000FF000000FF000000FF000000FF000000FF000000FF000000FF000000FF000000FF000000FF000000FF000000FF000000FF000000FF000000FF000000FF000000FF000000FF000000FFA9F922FFA9F922FF000000FF000000FF000000FF000000FF000000FF000000FF000000FF000000FF000000FF000000FF000000FF000000FF000000FF000000FF000000FF000000FF000000FF000000FF000000FF000000FF000000FF000000FFA9F922FFA9F922FF000000FF000000FF000000FF000000FF000000FF000000FF000000FF000000FF000000FF000000FF000000FF000000FF000000FF000000FF000000FF000000FFA9F922FFA9F922FF000000FF000000FF000000FF000000FF000000FF000000FF000000FF000000FFA9F922FFA9F922FFA9F922FFA9F922FF000000FF000000FF000000FF000000FFA9F922FFA9F922FF000000FF000000FF000000FF000000FFA9F922FFA9F922FF000000FF000000FF000000FF000000FF000000FF000000FFA9F922FFA9F922FF000000FF000000FF000000FF000000FF000000FF000000FF000000FF000000FF000000FF000000FF000000FF000000FF000000FF000000FF000000FF000000FF000000FF000000FFA9F922FFA9F922FF000000FF000000FF000000FF000000FF000000FF000000FF000000FF000000FF000000FF000000FF000000FF000000FF000000FF000000FF000000FF000000FFA9F922FFA9F922FF000000FF000000FF000000FF000000FF000000FF000000FF000000FF000000FFA9F922FFA9F922FF000000FF000000FF000000FF000000FF000000FF000000FFA9F922FFA9F922FF000000FF000000FF000000FF000000FF000000FF000000FF000000FF000000FFA9F922FFA9F922FF000000FF000000FF000000FF000000FF000000FF000000FF000000FF000000FFA9F922FFA9F922FFA9F922FFA9F922FF000000FF000000FF000000FF000000FFA9F922FFA9F922FF000000FF000000FF000000FF000000FFA9F922FFA9F922FF000000FF000000FF000000FF000000FF000000FF000000FF000000FF000000FF000000FF000000FF000000FF000000FF000000FF000000FF000000FF000000FF000000FF000000FF000000FF000000FF000000FF000000FF000000FF000000FF000000FF000000FF000000FF000000FF000000FF000000FF000000FF000000FF000000FF000000FF000000FF000000FF000000FF000000FF000000FF000000FF000000FF000000FF000000FF000000FF000000FF000000FF000000FF000000FF000000FF000000FF000000FF000000FF000000FF000000FF000000FF000000FF000000FF000000FF000000FF000000FF000000FF000000FF000000FF000000FF000000FF000000FF000000FF000000FF000000FF000000FF000000FF000000FF000000FF000000FF000000FF000000FF000000FF000000FF000000FF000000FF000000FF000000FF000000FF000000FF000000FF000000FF000000FF000000FF000000FF000000FF000000FF000000FF000000FF000000FF000000FF000000FF000000FF000000FF000000FF000000FF000000FF000000FF000000FF000000FF000000FF000000FF000000FF000000FF000000FF000000FF000000FF000000FF000000FF000000FF000000FF000000FF000000FF000000FF000000FF000000FF000000FF000000FF000000FF000000FF000000FF000000FF000000FF000000FF000000FF000000FF000000FF000000FF000000FF000000FF000000FF000000FF000000FF000000FF000000FF000000FF000000FF000000FF000000FF000000FF000000FF000000FF000000FF000000FF000000FF000000FF000000FF000000FF000000FF000000FF000000FF000000FF000000FF000000FF000000FF000000FF000000FF000000FF000000FF000000FF000000FF000000FF000000FF000000FF000000FF000000FF000000FF000000FF000000FF000000FF000000FF000000FF000000FF000000FF000000FF000000FF000000FF000000FF000000FF000000FF000000FF000000FF000000FF000000FF000000FF000000FF000000FF000000FF000000FF000000FF000000FF000000FF000000FF000000FF000000FF000000FF000000FF000000FF000000FF000000FF000000FF000000FF000000FF000000FF000000FF000000FF000000FF000000FF000000FF000000FF000000FF000000FF000000FF000000FF000000FF000000FF000000FF000000FF000000FF000000FF000000FF000000FF000000FF000000FF000000FF000000FF000000FF000000FF000000FF000000FF000000FF000000FF000000FF000000FF000000FF000000FF000000FF000000FF000000FF000000FF000000FF000000FF000000FF000000FF000000FF000000FF000000FF000000FF000000FF000000FF000000FF000000FF000000FF000000FF000000FF000000FF000000FF000000FF000000FF000000FF000000FF000000FF000000FF000000FF000000FF000000FF000000FF000000FF000000FF000000FF000000FF000000FF000000FF000000FFA9F922FFA9F922FF000000FF000000FF000000FF000000FF000000FF000000FF000000FF000000FF000000FF000000FF000000FF000000FF000000FF000000FF000000FF000000FF000000FF000000FF000000FF000000FF000000FF000000FF000000FF000000FF000000FF000000FFA9F922FFA9F922FF000000FF000000FF000000FF000000FF000000FF000000FF000000FF000000FF000000FF000000FF000000FF000000FF000000FF000000FF000000FF000000FFA9F922FFA9F922FF000000FF000000FF000000FF000000FF000000FF000000FF000000FF000000FFA9F922FFA9F922FF000000FF000000FF000000FF000000FF000000FF000000FFA9F922FFA9F922FF000000FF000000FF000000FF000000FF000000FF000000FF000000FF000000FF000000FF000000FF000000FF000000FF000000FF000000FF000000FF000000FF000000FF000000FF000000FF000000FF000000FF000000FF000000FF000000FF000000FF000000FF000000FF000000FF000000FF000000FF000000FF000000FF000000FF000000FF000000FF000000FF000000FF000000FF000000FF000000FF000000FF000000FF000000FF000000FF000000FF000000FF000000FF000000FF000000FF000000FFA9F922FFA9F922FF000000FF000000FF000000FF000000FF000000FF000000FF000000FF000000FF000000FF000000FF000000FF000000FF000000FF000000FF000000FF000000FF000000FF000000FF000000FF000000FF000000FF000000FFA9F922FFA9F922FF000000FF000000FF000000FF000000FF000000FF000000FF000000FF000000FF000000FF000000FF000000FF000000FF000000FF000000FF000000FF000000FFA9F922FFA9F922FF000000FF000000FF000000FF000000FF000000FF000000FF000000FF000000FFA9F922FFA9F922FFA9F922FFA9F922FF000000FF000000FF000000FF000000FFA9F922FFA9F922FF000000FF000000FF000000FF000000FFA9F922FFA9F922FF000000FF000000FF000000FF000000FF000000FF000000FFA9F922FFA9F922FF000000FF000000FF000000FF000000FF000000FF000000FF000000FF000000FF000000FF000000FF000000FF000000FF000000FF000000FF000000FF000000FF000000FF000000FFA9F922FFA9F922FF000000FF000000FF000000FF000000FF000000FF000000FF000000FF000000FF000000FF000000FF000000FF000000FF000000FF000000FF000000FF000000FFA9F922FFA9F922FF000000FF000000FF000000FF000000FF000000FF000000FF000000FF000000FFA9F922FFA9F922FF000000FF000000FF000000FF000000FF000000FF000000FFA9F922FFA9F922FF000000FF000000FF000000FF000000FF000000FF000000FF000000FF000000FFA9F922FFA9F922FF000000FF000000FF000000FF000000FF000000FF000000FF000000FF000000FFA9F922FFA9F922FFA9F922FFA9F922FF000000FF000000FF000000FF000000FFA9F922FFA9F922FF000000FF000000FF000000FF000000FFA9F922FFA9F922FF000000FF000000FF000000FF000000FF000000FF000000FF000000FF000000FF000000FF000000FF000000FF000000FF000000FF000000FF000000FF000000FF000000FF000000FF000000FF000000FF000000FF000000FF000000FF000000FF000000FF000000FF000000FF000000FF000000FF000000FF000000FF000000FF000000FF000000FF000000FF000000FF000000FF000000FF000000FF000000FF000000FF000000FF000000FF000000FF000000FF000000FF000000FF000000FF000000FF000000FF000000FF000000FF000000FF000000FF000000FF000000FF000000FF000000FF000000FF000000FF000000FF000000FF000000FF000000FF000000FF000000FF000000FF000000FF000000FF000000FF000000FF000000FF000000FF000000FF000000FF000000FF000000FF000000FF000000FF000000FF000000FF000000FF000000FF000000FF000000FF000000FF000000FF000000FF000000FF000000FF000000FF000000FF000000FF000000FF000000FF000000FF000000FF000000FF000000FF000000FF000000FF000000FF000000FF000000FF000000FF000000FF000000FF000000FF000000FF000000FF000000FF000000FF000000FF000000FF000000FF000000FF000000FF000000FF000000FF000000FF000000FF000000FF000000FF000000FF000000FF000000FF000000FF000000FF000000FF000000FF000000FF000000FF000000FF000000FF000000FF000000FF000000FF000000FF000000FF000000FF000000FF000000FF000000FF000000FF000000FF000000FF000000FF000000FF000000FF000000FF000000FF000000FF000000FF000000FF000000FF000000FF000000FF000000FF000000FF000000FF000000FF000000FF000000FF000000FF000000FF000000FF000000FF000000FF000000FF000000FF000000FF000000FF000000FF000000FF000000FF000000FF000000FF000000FF000000FF000000FF000000FF000000FF000000FF000000FF000000FF000000FF000000FF000000FF000000FF000000FF000000FF000000FF000000FF000000FF000000FF000000FF000000FF000000FF000000FF000000FF000000FF000000FF000000FF000000FF000000FF000000FF000000FF000000FF000000FF000000FF000000FF000000FF000000FF000000FF000000FF000000FF000000FF000000FF000000FF000000FF000000FF000000FF000000FF000000FF000000FF000000FF000000FF000000FF000000FF000000FF000000FF000000FF000000FF000000FF000000FF000000FF000000FF000000FF000000FF000000FF000000FF000000FF000000FF000000FF000000FF000000FF000000FF000000FF000000FF000000FF000000FF000000FF000000FF000000FF000000FF000000FF000000FF000000FF000000FF000000FF000000FF000000FF000000FF000000FF000000FF000000FF000000FF000000FF000000FF000000FF000000FF000000FF000000FF000000FF000000FF000000FF000000FF000000FFA9F922FFA9F922FFA9F922FFA9F922FFA9F922FFA9F922FFA9F922FFA9F922FF000000FF000000FF000000FF000000FF000000FF000000FF000000FF000000FF000000FF000000FF000000FF000000FF000000FF000000FF000000FF000000FF000000FF000000FF000000FF000000FF000000FF000000FFA9F922FFA9F922FFA9F922FFA9F922FFA9F922FFA9F922FF000000FF000000FF000000FF000000FF000000FF000000FF000000FF000000FF000000FF000000FFA9F922FFA9F922FF000000FF000000FF000000FF000000FF000000FF000000FF000000FF000000FFA9F922FFA9F922FFA9F922FFA9F922FFA9F922FFA9F922FFA9F922FFA9F922FF000000FF000000FF000000FF000000FF000000FF000000FF000000FF000000FF000000FF000000FF000000FF000000FF000000FF000000FF000000FF000000FF000000FF000000FF000000FF000000FF000000FF000000FF000000FF000000FF000000FF000000FF000000FF000000FF000000FF000000FF000000FF000000FF000000FF000000FF000000FF000000FF000000FF000000FF000000FF000000FF000000FF000000FF000000FF000000FF000000FF000000FF000000FF000000FF000000FF000000FF000000FF000000FF000000FF000000FF000000FF000000FF000000FF000000FF000000FF000000FF000000FF000000FF000000FF000000FF000000FF000000FF000000FF000000FF000000FF000000FF000000FF000000FF000000FF000000FF000000FF000000FFA9F922FFA9F922FFA9F922FFA9F922FFA9F922FFA9F922FFA9F922FFA9F922FF000000FF000000FF000000FF000000FF000000FF000000FF000000FF000000FF000000FF000000FFA9F922FFA9F922FF000000FF000000FF000000FF000000FF000000FF000000FF000000FF000000FFA9F922FFA9F922FF000000FF000000FFA9F922FFA9F922FF000000FF000000FFA9F922FFA9F922FF000000FF000000FF000000FF000000FFA9F922FFA9F922FF000000FF000000FF000000FF000000FF000000FF000000FFA9F922FFA9F922FF000000FF000000FF000000FF000000FF000000FF000000FF000000FF000000FF000000FF000000FF000000FF000000FF000000FF000000FF000000FF000000FF000000FF000000FF000000FF000000FFA9F922FFA9F922FFA9F922FFA9F922FFA9F922FFA9F922FF000000FF000000FF000000FF000000FF000000FF000000FF000000FF000000FF000000FF000000FFA9F922FFA9F922FF000000FF000000FF000000FF000000FF000000FF000000FF000000FF000000FFA9F922FFA9F922FFA9F922FFA9F922FFA9F922FFA9F922FFA9F922FFA9F922FF000000FF000000FF000000FF000000FF000000FF000000FF000000FF000000FF000000FF000000FFA9F922FFA9F922FF000000FF000000FF000000FF000000FF000000FF000000FF000000FF000000FFA9F922FFA9F922FF000000FF000000FFA9F922FFA9F922FF000000FF000000FFA9F922FFA9F922FF000000FF000000FF000000FF000000FFA9F922FFA9F922FF000000FF000000FF000000FF000000FF000000FF000000FF000000FF000000FF000000FF000000FF000000FF000000FF000000FF000000FF000000FF000000FF000000FF000000FF000000FF000000FF000000FF000000FF000000FF000000FF000000FF000000FF000000FF000000FF000000FF000000FF000000FF000000FF000000FF000000FF000000FF000000FF000000FF000000FF000000FF000000FF000000FF000000FF000000FF000000FF000000FF000000FF000000FF000000FF000000FF000000FF000000FF000000FF000000FF000000FF000000FF000000FF000000FF000000FF000000FF000000FF000000FF000000FF000000FF000000FF000000FF000000FF000000FF000000FF000000FF000000FF000000FF000000FF000000FF000000FF000000FF000000FF000000FF000000FF000000FF000000FF000000FF000000FF000000FF000000FF000000FF000000FF000000FF000000FF000000FF000000FF000000FF000000FF000000FF000000FF000000FF000000FF000000FF000000FF000000FF000000FF000000FF000000FF000000FF000000FF000000FF000000FF000000FF000000FF000000FF000000FF000000FF000000FF000000FF000000FF000000FF000000FF000000FF000000FF000000FF000000FF000000FF000000FF000000FF000000FF000000FF000000FF000000FF000000FF000000FF000000FF000000FF000000FF000000FF000000FF000000FF000000FF000000FF000000FF000000FF000000FF000000FF000000FF000000FF000000FF000000FF000000FF000000FF000000FF000000FF000000FF000000FF000000FF000000FF000000FF000000FF000000FF000000FF000000FF000000FF000000FF000000FF000000FF000000FF000000FF000000FF000000FF000000FF000000FF000000FF000000FF000000FF000000FF000000FF000000FF000000FF000000FF000000FF000000FF000000FF000000FF000000FF000000FF000000FF000000FF000000FF000000FF000000FF000000FF000000FF000000FF000000FF000000FF000000FF000000FF000000FF000000FF000000FF000000FF000000FF000000FF000000FF000000FF000000FF000000FF000000FF000000FF000000FF000000FF000000FF000000FF000000FF000000FF000000FF000000FF000000FF000000FF000000FF000000FF000000FF000000FF000000FF000000FF000000FF000000FF000000FF000000FF000000FF000000FF000000FF000000FF000000FF000000FF000000FF000000FF000000FF000000FF000000FF000000FF000000FF000000FF000000FF000000FF000000FF000000FF000000FF000000FF000000FF000000FF000000FF000000FF000000FF000000FF000000FF000000FF000000FF000000FF000000FF000000FF000000FF000000FF000000FF000000FF000000FF000000FF000000FF000000FF000000FF000000FF000000FF000000FF000000FF000000FF000000FF000000FF000000FF000000FF000000FF000000FFA9F922FFA9F922FFA9F922FFA9F922FFA9F922FFA9F922FFA9F922FFA9F922FF000000FF000000FF000000FF000000FF000000FF000000FF000000FF000000FF000000FF000000FF000000FF000000FF000000FF000000FF000000FF000000FF000000FF000000FF000000FF000000FF000000FF000000FFA9F922FFA9F922FFA9F922FFA9F922FFA9F922FFA9F922FF000000FF000000FF000000FF000000FF000000FF000000FF000000FF000000FF000000FF000000FFA9F922FFA9F922FF000000FF000000FF000000FF000000FF000000FF000000FF000000FF000000FFA9F922FFA9F922FFA9F922FFA9F922FFA9F922FFA9F922FFA9F922FFA9F922FF000000FF000000FF000000FF000000FF000000FF000000FF000000FF000000FF000000FF000000FF000000FF000000FF000000FF000000FF000000FF000000FF000000FF000000FF000000FF000000FF000000FF000000FF000000FF000000FF000000FF000000FF000000FF000000FF000000FF000000FF000000FF000000FF000000FF000000FF000000FF000000FF000000FF000000FF000000FF000000FF000000FF000000FF000000FF000000FF000000FF000000FF000000FF000000FF000000FF000000FF000000FF000000FF000000FF000000FF000000FF000000FF000000FF000000FF000000FF000000FF000000FF000000FF000000FF000000FF000000FF000000FF000000FF000000FF000000FF000000FF000000FF000000FF000000FF000000FF000000FF000000FFA9F922FFA9F922FFA9F922FFA9F922FFA9F922FFA9F922FFA9F922FFA9F922FF000000FF000000FF000000FF000000FF000000FF000000FF000000FF000000FF000000FF000000FFA9F922FFA9F922FF000000FF000000FF000000FF000000FF000000FF000000FF000000FF000000FFA9F922FFA9F922FF000000FF000000FFA9F922FFA9F922FF000000FF000000FFA9F922FFA9F922FF000000FF000000FF000000FF000000FFA9F922FFA9F922FF000000FF000000FF000000FF000000FF000000FF000000FFA9F922FFA9F922FF000000FF000000FF000000FF000000FF000000FF000000FF000000FF000000FF000000FF000000FF000000FF000000FF000000FF000000FF000000FF000000FF000000FF000000FF000000FF000000FFA9F922FFA9F922FFA9F922FFA9F922FFA9F922FFA9F922FF000000FF000000FF000000FF000000FF000000FF000000FF000000FF000000FF000000FF000000FFA9F922FFA9F922FF000000FF000000FF000000FF000000FF000000FF000000FF000000FF000000FFA9F922FFA9F922FFA9F922FFA9F922FFA9F922FFA9F922FFA9F922FFA9F922FF000000FF000000FF000000FF000000FF000000FF000000FF000000FF000000FF000000FF000000FFA9F922FFA9F922FF000000FF000000FF000000FF000000FF000000FF000000FF000000FF000000FFA9F922FFA9F922FF000000FF000000FFA9F922FFA9F922FF000000FF000000FFA9F922FFA9F922FF000000FF000000FF000000FF000000FFA9F922FFA9F922FF000000FF000000FF000000FF000000FF000000FF000000FF000000FF000000FF000000FF000000FF000000FF000000FF000000FF000000FF000000FF000000FF000000FF000000FF000000FF000000FF000000FF000000FF000000FF000000FF000000FF000000FF000000FF000000FF000000FF000000FF000000FF000000FF000000FF000000FF000000FF000000FF000000FF000000FF000000FF000000FF000000FF000000FF000000FF000000FF000000FF000000FF000000FF000000FF000000FF000000FF000000FF000000FF000000FF000000FF000000FF000000FF000000FF000000FF000000FF000000FF000000FF000000FF000000FF000000FF000000FF000000FF000000FF000000FF000000FF000000FF000000FF000000FF000000FF000000FF000000FF000000FF000000FF000000FF000000FF000000FF000000FF000000FF000000FF000000FF000000FF000000FF000000FF000000FF000000FF000000FF000000FF000000FF000000FF000000FF000000FF000000FF000000FF000000FF000000FF000000FF000000FF000000FF000000FF000000FF000000FF000000FF000000FF000000FF000000FF000000FF000000FF000000FF000000FF000000FF000000FF000000FF000000FF000000FF000000FF000000FF000000FF000000FF000000FF000000FF000000FF000000FF000000FF000000FF000000FF000000FF000000FF000000FF000000FF000000FF000000FF000000FF000000FF000000FF000000FF000000FF000000FF000000FF000000FF000000FF000000FF000000FF000000FF000000FF000000FF000000FF000000FF000000FF000000FF000000FF000000FF000000FF000000FF000000FF000000FF000000FF000000FF000000FF000000FF000000FF000000FF000000FF000000FF000000FF000000FF000000FF000000FF000000FF000000FF000000FF000000FF000000FF000000FF000000FF000000FF000000FF000000FF000000FF000000FF000000FF000000FF000000FF000000FF000000FF000000FF000000FF000000FF000000FF000000FF000000FF000000FF000000FF000000FF000000FF000000FF000000FF000000FF000000FF000000FF000000FF000000FF000000FF000000FF000000FF000000FF000000FF000000FF000000FF000000FF000000FF000000FF000000FF000000FF000000FF000000FF000000FF000000FF000000FF000000FF000000FF000000FF000000FF000000FF000000FF000000FF000000FF000000FF000000FF000000FF000000FF000000FF000000FF000000FF000000FF000000FF000000FF000000FF000000FF000000FF000000FF000000FF000000FF000000FF000000FF000000FF000000FF000000FF000000FF000000FF000000FF000000FF000000FF000000FF000000FF000000FF000000FF000000FF000000FF000000FF000000FF000000FF000000FF000000FF000000FF000000FF000000FF000000FF000000FF000000FF000000FF000000FF000000FF000000FF000000FFA9F922FFA9F922FF000000FF000000FF000000FF000000FF000000FF000000FF000000FF000000FF000000FF000000FF000000FF000000FF000000FF000000FF000000FF000000FF000000FF000000FF000000FF000000FF000000FF000000FF000000FF000000FF000000FF000000FF000000FF000000FF000000FF000000FF000000FF000000FF000000FF000000FFA9F922FFA9F922FF000000FF000000FF000000FF000000FF000000FF000000FF000000FF000000FFA9F922FFA9F922FF000000FF000000FF000000FF000000FF000000FF000000FF000000FF000000FFA9F922FFA9F922FF000000FF000000FFA9F922FFA9F922FF000000FF000000FF000000FF000000FF000000FF000000FF000000FF000000FF000000FF000000FF000000FF000000FF000000FF000000FF000000FF000000FF000000FF000000FF000000FF000000FF000000FF000000FF000000FF000000FF000000FF000000FF000000FF000000FF000000FF000000FF000000FF000000FF000000FF000000FF000000FF000000FF000000FF000000FF000000FF000000FF000000FF000000FF000000FF000000FF000000FF000000FF000000FF000000FF000000FF000000FF000000FF000000FF000000FF000000FFA9F922FFA9F922FF000000FF000000FF000000FF000000FF000000FF000000FF000000FF000000FF000000FF000000FF000000FF000000FF000000FF000000FF000000FF000000FF000000FF000000FF000000FF000000FF000000FF000000FFA9F922FFA9F922FF000000FF000000FF000000FF000000FF000000FF000000FF000000FF000000FF000000FF000000FF000000FF000000FF000000FF000000FF000000FF000000FFA9F922FFA9F922FF000000FF000000FF000000FF000000FF000000FF000000FF000000FF000000FFA9F922FFA9F922FF000000FF000000FF000000FF000000FFA9F922FFA9F922FFA9F922FFA9F922FF000000FF000000FF000000FF000000FFA9F922FFA9F922FF000000FF000000FF000000FF000000FF000000FF000000FFA9F922FFA9F922FF000000FF000000FF000000FF000000FF000000FF000000FF000000FF000000FF000000FF000000FF000000FF000000FF000000FF000000FF000000FF000000FF000000FF000000FF000000FF000000FF000000FF000000FF000000FF000000FF000000FF000000FFA9F922FFA9F922FF000000FF000000FF000000FF000000FF000000FF000000FF000000FF000000FFA9F922FFA9F922FF000000FF000000FF000000FF000000FF000000FF000000FF000000FF000000FFA9F922FFA9F922FF000000FF000000FFA9F922FFA9F922FF000000FF000000FF000000FF000000FF000000FF000000FF000000FF000000FF000000FF000000FF000000FF000000FFA9F922FFA9F922FF000000FF000000FF000000FF000000FF000000FF000000FF000000FF000000FFA9F922FFA9F922FF000000FF000000FF000000FF000000FFA9F922FFA9F922FFA9F922FFA9F922FF000000FF000000FF000000FF000000FFA9F922FFA9F922FF000000FF000000FF000000FF000000FFA9F922FFA9F922FFA9F922FFA9F922FF000000FF000000FF000000FF000000FF000000FF000000FF000000FF000000FF000000FF000000FF000000FF000000FF000000FF000000FF000000FF000000FF000000FF000000FF000000FF000000FF000000FF000000FF000000FF000000FF000000FF000000FF000000FF000000FF000000FF000000FF000000FF000000FF000000FF000000FF000000FF000000FF000000FF000000FF000000FF000000FF000000FF000000FF000000FF000000FF000000FF000000FF000000FF000000FF000000FF000000FF000000FF000000FF000000FF000000FF000000FF000000FF000000FF000000FF000000FF000000FF000000FF000000FF000000FF000000FF000000FF000000FF000000FF000000FF000000FF000000FF000000FF000000FF000000FF000000FF000000FF000000FF000000FF000000FF000000FF000000FF000000FF000000FF000000FF000000FF000000FF000000FF000000FF000000FF000000FF000000FF000000FF000000FF000000FF000000FF000000FF000000FF000000FF000000FF000000FF000000FF000000FF000000FF000000FF000000FF000000FF000000FF000000FF000000FF000000FF000000FF000000FF000000FF000000FF000000FF000000FF000000FF000000FF000000FF000000FF000000FF000000FF000000FF000000FF000000FF000000FF000000FF000000FF000000FF000000FF000000FF000000FF000000FF000000FF000000FF000000FF000000FF000000FF000000FF000000FF000000FF000000FF000000FF000000FF000000FF000000FF000000FF000000FF000000FF000000FF000000FF000000FF000000FF000000FF000000FF000000FF000000FF000000FF000000FF000000FF000000FF000000FF000000FF000000FF000000FF000000FF000000FF000000FF000000FF000000FF000000FF000000FF000000FF000000FF000000FF000000FF000000FF000000FF000000FF000000FF000000FF000000FF000000FF000000FF000000FF000000FF000000FF000000FF000000FF000000FF000000FF000000FF000000FF000000FF000000FF000000FF000000FF000000FF000000FF000000FF000000FF000000FF000000FF000000FF000000FF000000FF000000FF000000FF000000FF000000FF000000FF000000FF000000FF000000FF000000FF000000FF000000FF000000FF000000FF000000FF000000FF000000FF000000FF000000FF000000FF000000FF000000FF000000FF000000FF000000FF000000FF000000FF000000FF000000FF000000FF000000FF000000FF000000FF000000FF000000FF000000FF000000FF000000FF000000FF000000FF000000FF000000FF000000FF000000FF000000FF000000FF000000FF000000FF000000FF000000FF000000FF000000FF000000FF000000FF000000FF000000FF000000FF000000FF000000FF000000FF000000FF000000FF000000FF000000FF000000FF000000FFA9F922FFA9F922FF000000FF000000FF000000FF000000FF000000FF000000FF000000FF000000FF000000FF000000FF000000FF000000FF000000FF000000FF000000FF000000FF000000FF000000FF000000FF000000FF000000FF000000FF000000FF000000FF000000FF000000FF000000FF000000FF000000FF000000FF000000FF000000FF000000FF000000FFA9F922FFA9F922FF000000FF000000FF000000FF000000FF000000FF000000FF000000FF000000FFA9F922FFA9F922FF000000FF000000FF000000FF000000FF000000FF000000FF000000FF000000FFA9F922FFA9F922FF000000FF000000FFA9F922FFA9F922FF000000FF000000FF000000FF000000FF000000FF000000FF000000FF000000FF000000FF000000FF000000FF000000FF000000FF000000FF000000FF000000FF000000FF000000FF000000FF000000FF000000FF000000FF000000FF000000FF000000FF000000FF000000FF000000FF000000FF000000FF000000FF000000FF000000FF000000FF000000FF000000FF000000FF000000FF000000FF000000FF000000FF000000FF000000FF000000FF000000FF000000FF000000FF000000FF000000FF000000FF000000FF000000FF000000FF000000FFA9F922FFA9F922FF000000FF000000FF000000FF000000FF000000FF000000FF000000FF000000FF000000FF000000FF000000FF000000FF000000FF000000FF000000FF000000FF000000FF000000FF000000FF000000FF000000FF000000FFA9F922FFA9F922FF000000FF000000FF000000FF000000FF000000FF000000FF000000FF000000FF000000FF000000FF000000FF000000FF000000FF000000FF000000FF000000FFA9F922FFA9F922FF000000FF000000FF000000FF000000FF000000FF000000FF000000FF000000FFA9F922FFA9F922FF000000FF000000FF000000FF000000FFA9F922FFA9F922FFA9F922FFA9F922FF000000FF000000FF000000FF000000FFA9F922FFA9F922FF000000FF000000FF000000FF000000FF000000FF000000FFA9F922FFA9F922FF000000FF000000FF000000FF000000FF000000FF000000FF000000FF000000FF000000FF000000FF000000FF000000FF000000FF000000FF000000FF000000FF000000FF000000FF000000FF000000FF000000FF000000FF000000FF000000FF000000FF000000FFA9F922FFA9F922FF000000FF000000FF000000FF000000FF000000FF000000FF000000FF000000FFA9F922FFA9F922FF000000FF000000FF000000FF000000FF000000FF000000FF000000FF000000FFA9F922FFA9F922FF000000FF000000FFA9F922FFA9F922FF000000FF000000FF000000FF000000FF000000FF000000FF000000FF000000FF000000FF000000FF000000FF000000FFA9F922FFA9F922FF000000FF000000FF000000FF000000FF000000FF000000FF000000FF000000FFA9F922FFA9F922FF000000FF000000FF000000FF000000FFA9F922FFA9F922FFA9F922FFA9F922FF000000FF000000FF000000FF000000FFA9F922FFA9F922FF000000FF000000FF000000FF000000FFA9F922FFA9F922FFA9F922FFA9F922FF000000FF000000FF000000FF000000FF000000FF000000FF000000FF000000FF000000FF000000FF000000FF000000FF000000FF000000FF000000FF000000FF000000FF000000FF000000FF000000FF000000FF000000FF000000FF000000FF000000FF000000FF000000FF000000FF000000FF000000FF000000FF000000FF000000FF000000FF000000FF000000FF000000FF000000FF000000FF000000FF000000FF000000FF000000FF000000FF000000FF000000FF000000FF000000FF000000FF000000FF000000FF000000FF000000FF000000FF000000FF000000FF000000FF000000FF000000FF000000FF000000FF000000FF000000FF000000FF000000FF000000FF000000FF000000FF000000FF000000FF000000FF000000FF000000FF000000FF000000FF000000FF000000FF000000FF000000FF000000FF000000FF000000FF000000FF000000FF000000FF000000FF000000FF000000FF000000FF000000FF000000FF000000FF000000FF000000FF000000FF000000FF000000FF000000FF000000FF000000FF000000FF000000FF000000FF000000FF000000FF000000FF000000FF000000FF000000FF000000FF000000FF000000FF000000FF000000FF000000FF000000FF000000FF000000FF000000FF000000FF000000FF000000FF000000FF000000FF000000FF000000FF000000FF000000FF000000FF000000FF000000FF000000FF000000FF000000FF000000FF000000FF000000FF000000FF000000FF000000FF000000FF000000FF000000FF000000FF000000FF000000FF000000FF000000FF000000FF000000FF000000FF000000FF000000FF000000FF000000FF000000FF000000FF000000FF000000FF000000FF000000FF000000FF000000FF000000FF000000FF000000FF000000FF000000FF000000FF000000FF000000FF000000FF000000FF000000FF000000FF000000FF000000FF000000FF000000FF000000FF000000FF000000FF000000FF000000FF000000FF000000FF000000FF000000FF000000FF000000FF000000FF000000FF000000FF000000FF000000FF000000FF000000FF000000FF000000FF000000FF000000FF000000FF000000FF000000FF000000FF000000FF000000FF000000FF000000FF000000FF000000FF000000FF000000FF000000FF000000FF000000FF000000FF000000FF000000FF000000FF000000FF000000FF000000FF000000FF000000FF000000FF000000FF000000FF000000FF000000FF000000FF000000FF000000FF000000FF000000FF000000FF000000FF000000FF000000FF000000FF000000FF000000FF000000FF000000FF000000FF000000FF000000FF000000FF000000FF000000FF000000FF000000FF000000FF000000FF000000FF000000FF000000FF000000FF000000FF000000FF000000FF000000FF000000FF000000FF000000FF000000FF000000FF000000FF000000FF000000FFA9F922FFA9F922FF000000FF000000FF000000FF000000FF000000FF000000FF000000FF000000FF000000FF000000FF000000FF000000FF000000FF000000FF000000FF000000FF000000FF000000FF000000FF000000FF000000FF000000FF000000FF000000FF000000FF000000FFA9F922FFA9F922FF000000FF000000FF000000FF000000FF000000FF000000FFA9F922FFA9F922FF000000FF000000FF000000FF000000FF000000FF000000FF000000FF000000FFA9F922FFA9F922FF000000FF000000FF000000FF000000FF000000FF000000FF000000FF000000FFA9F922FFA9F922FF000000FF000000FF000000FF000000FFA9F922FFA9F922FF000000FF000000FF000000FF000000FF000000FF000000FF000000FF000000FF000000FF000000FF000000FF000000FF000000FF000000FF000000FF000000FF000000FF000000FF000000FF000000FF000000FF000000FF000000FF000000FF000000FF000000FF000000FF000000FF000000FF000000FF000000FF000000FF000000FF000000FF000000FF000000FF000000FF000000FF000000FF000000FF000000FF000000FF000000FF000000FF000000FF000000FF000000FF000000FF000000FF000000FF000000FF000000FF000000FF000000FF000000FF000000FF000000FF000000FF000000FF000000FF000000FF000000FF000000FF000000FF000000FF000000FF000000FF000000FF000000FF000000FF000000FF000000FF000000FF000000FF000000FF000000FFA9F922FFA9F922FF000000FF000000FF000000FF000000FF000000FF000000FF000000FF000000FF000000FF000000FF000000FF000000FF000000FF000000FF000000FF000000FFA9F922FFA9F922FF000000FF000000FF000000FF000000FF000000FF000000FF000000FF000000FFA9F922FFA9F922FF000000FF000000FF000000FF000000FF000000FF000000FFA9F922FFA9F922FF000000FF000000FF000000FF000000FFA9F922FFA9F922FF000000FF000000FF000000FF000000FF000000FF000000FFA9F922FFA9F922FF000000FF000000FF000000FF000000FF000000FF000000FF000000FF000000FF000000FF000000FF000000FF000000FF000000FF000000FF000000FF000000FF000000FF000000FFA9F922FFA9F922FF000000FF000000FF000000FF000000FF000000FF000000FFA9F922FFA9F922FF000000FF000000FF000000FF000000FF000000FF000000FF000000FF000000FFA9F922FFA9F922FF000000FF000000FF000000FF000000FF000000FF000000FF000000FF000000FFA9F922FFA9F922FF000000FF000000FF000000FF000000FFA9F922FFA9F922FF000000FF000000FF000000FF000000FF000000FF000000FF000000FF000000FF000000FF000000FFA9F922FFA9F922FF000000FF000000FF000000FF000000FF000000FF000000FF000000FF000000FFA9F922FFA9F922FF000000FF000000FF000000FF000000FF000000FF000000FFA9F922FFA9F922FF000000FF000000FF000000FF000000FFA9F922FFA9F922FF000000FF000000FF000000FF000000FF000000FF000000FFA9F922FFA9F922FF000000FF000000FF000000FF000000FF000000FF000000FF000000FF000000FF000000FF000000FF000000FF000000FF000000FF000000FF000000FF000000FF000000FF000000FF000000FF000000FF000000FF000000FF000000FF000000FF000000FF000000FF000000FF000000FF000000FF000000FF000000FF000000FF000000FF000000FF000000FF000000FF000000FF000000FF000000FF000000FF000000FF000000FF000000FF000000FF000000FF000000FF000000FF000000FF000000FF000000FF000000FF000000FF000000FF000000FF000000FF000000FF000000FF000000FF000000FF000000FF000000FF000000FF000000FF000000FF000000FF000000FF000000FF000000FF000000FF000000FF000000FF000000FF000000FF000000FF000000FF000000FF000000FF000000FF000000FF000000FF000000FF000000FF000000FF000000FF000000FF000000FF000000FF000000FF000000FF000000FF000000FF000000FF000000FF000000FF000000FF000000FF000000FF000000FF000000FF000000FF000000FF000000FF000000FF000000FF000000FF000000FF000000FF000000FF000000FF000000FF000000FF000000FF000000FF000000FF000000FF000000FF000000FF000000FF000000FF000000FF000000FF000000FF000000FF000000FF000000FF000000FF000000FF000000FF000000FF000000FF000000FF000000FF000000FF000000FF000000FF000000FF000000FF000000FF000000FF000000FF000000FF000000FF000000FF000000FF000000FF000000FF000000FF000000FF000000FF000000FF000000FF000000FF000000FF000000FF000000FF000000FF000000FF000000FF000000FF000000FF000000FF000000FF000000FF000000FF000000FF000000FF000000FF000000FF000000FF000000FF000000FF000000FF000000FF000000FF000000FF000000FF000000FF000000FF000000FF000000FF000000FF000000FF000000FF000000FF000000FF000000FF000000FF000000FF000000FF000000FF000000FF000000FF000000FF000000FF000000FF000000FF000000FF000000FF000000FF000000FF000000FF000000FF000000FF000000FF000000FF000000FF000000FF000000FF000000FF000000FF000000FF000000FF000000FF000000FF000000FF000000FF000000FF000000FF000000FF000000FF000000FF000000FF000000FF000000FF000000FF000000FF000000FF000000FF000000FF000000FF000000FF000000FF000000FF000000FF000000FF000000FF000000FF000000FF000000FF000000FF000000FF000000FF000000FF000000FF000000FF000000FF000000FF000000FF000000FF000000FF000000FF000000FF000000FF000000FF000000FF000000FF000000FF000000FF000000FF000000FF000000FF000000FF000000FF000000FF000000FF000000FF000000FF000000FF000000FF000000FFA9F922FFA9F922FF000000FF000000FF000000FF000000FF000000FF000000FF000000FF000000FF000000FF000000FF000000FF000000FF000000FF000000FF000000FF000000FF000000FF000000FF000000FF000000FF000000FF000000FF000000FF000000FF000000FF000000FFA9F922FFA9F922FF000000FF000000FF000000FF000000FF000000FF000000FFA9F922FFA9F922FF000000FF000000FF000000FF000000FF000000FF000000FF000000FF000000FFA9F922FFA9F922FF000000FF000000FF000000FF000000FF000000FF000000FF000000FF000000FFA9F922FFA9F922FF000000FF000000FF000000FF000000FFA9F922FFA9F922FF000000FF000000FF000000FF000000FF000000FF000000FF000000FF000000FF000000FF000000FF000000FF000000FF000000FF000000FF000000FF000000FF000000FF000000FF000000FF000000FF000000FF000000FF000000FF000000FF000000FF000000FF000000FF000000FF000000FF000000FF000000FF000000FF000000FF000000FF000000FF000000FF000000FF000000FF000000FF000000FF000000FF000000FF000000FF000000FF000000FF000000FF000000FF000000FF000000FF000000FF000000FF000000FF000000FF000000FF000000FF000000FF000000FF000000FF000000FF000000FF000000FF000000FF000000FF000000FF000000FF000000FF000000FF000000FF000000FF000000FF000000FF000000FF000000FF000000FF000000FF000000FFA9F922FFA9F922FF000000FF000000FF000000FF000000FF000000FF000000FF000000FF000000FF000000FF000000FF000000FF000000FF000000FF000000FF000000FF000000FFA9F922FFA9F922FF000000FF000000FF000000FF000000FF000000FF000000FF000000FF000000FFA9F922FFA9F922FF000000FF000000FF000000FF000000FF000000FF000000FFA9F922FFA9F922FF000000FF000000FF000000FF000000FFA9F922FFA9F922FF000000FF000000FF000000FF000000FF000000FF000000FFA9F922FFA9F922FF000000FF000000FF000000FF000000FF000000FF000000FF000000FF000000FF000000FF000000FF000000FF000000FF000000FF000000FF000000FF000000FF000000FF000000FFA9F922FFA9F922FF000000FF000000FF000000FF000000FF000000FF000000FFA9F922FFA9F922FF000000FF000000FF000000FF000000FF000000FF000000FF000000FF000000FFA9F922FFA9F922FF000000FF000000FF000000FF000000FF000000FF000000FF000000FF000000FFA9F922FFA9F922FF000000FF000000FF000000FF000000FFA9F922FFA9F922FF000000FF000000FF000000FF000000FF000000FF000000FF000000FF000000FF000000FF000000FFA9F922FFA9F922FF000000FF000000FF000000FF000000FF000000FF000000FF000000FF000000FFA9F922FFA9F922FF000000FF000000FF000000FF000000FF000000FF000000FFA9F922FFA9F922FF000000FF000000FF000000FF000000FFA9F922FFA9F922FF000000FF000000FF000000FF000000FF000000FF000000FFA9F922FFA9F922FF000000FF000000FF000000FF000000FF000000FF000000FF000000FF000000FF000000FF000000FF000000FF000000FF000000FF000000FF000000FF000000FF000000FF000000FF000000FF000000FF000000FF000000FF000000FF000000FF000000FF000000FF000000FF000000FF000000FF000000FF000000FF000000FF000000FF000000FF000000FF000000FF000000FF000000FF000000FF000000FF000000FF000000FF000000FF000000FF000000FF000000FF000000FF000000FF000000FF000000FF000000FF000000FF000000FF000000FF000000FF000000FF000000FF000000FF000000FF000000FF000000FF000000FF000000FF000000FF000000FF000000FF000000FF000000FF000000FF000000FF000000FF000000FF000000FF000000FF000000FF000000FF000000FF000000FF000000FF000000FF000000FF000000FF000000FF000000FF000000FF000000FF000000FF000000FF000000FF000000FF000000FF000000FF000000FF000000FF000000FF000000FF000000FF000000FF000000FF000000FF000000FF000000FF000000FF000000FF000000FF000000FF000000FF000000FF000000FF000000FF000000FF000000FF000000FF000000FF000000FF000000FF000000FF000000FF000000FF000000FF000000FF000000FF000000FF000000FF000000FF000000FF000000FF000000FF000000FF000000FF000000FF000000FF000000FF000000FF000000FF000000FF000000FF000000FF000000FF000000FF000000FF000000FF000000FF000000FF000000FF000000FF000000FF000000FF000000FF000000FF000000FF000000FF000000FF000000FF000000FF000000FF000000FF000000FF000000FF000000FF000000FF000000FF000000FF000000FF000000FF000000FF000000FF000000FF000000FF000000FF000000FF000000FF000000FF000000FF000000FF000000FF000000FF000000FF000000FF000000FF000000FF000000FF000000FF000000FF000000FF000000FF000000FF000000FF000000FF000000FF000000FF000000FF000000FF000000FF000000FF000000FF000000FF000000FF000000FF000000FF000000FF000000FF000000FF000000FF000000FF000000FF000000FF000000FF000000FF000000FF000000FF000000FF000000FF000000FF000000FF000000FF000000FF000000FF000000FF000000FF000000FF000000FF000000FF000000FF000000FF000000FF000000FF000000FF000000FF000000FF000000FF000000FF000000FF000000FF000000FF000000FF000000FF000000FF000000FF000000FF000000FF000000FF000000FF000000FF000000FF000000FF000000FF000000FF000000FF000000FF000000FF000000FF000000FF000000FF000000FF000000FF000000FF000000FF000000FF000000FF000000FF000000FF000000FF000000FF000000FF000000FF000000FF000000FF000000FF000000FFA9F922FFA9F922FF000000FF000000FF000000FF000000FF000000FF000000FF000000FF000000FF000000FF000000FF000000FF000000FF000000FF000000FF000000FF000000FF000000FF000000FF000000FF000000FF000000FF000000FF000000FF000000FF000000FF000000FF000000FF000000FFA9F922FFA9F922FFA9F922FFA9F922FFA9F922FFA9F922FF000000FF000000FF000000FF000000FF000000FF000000FF000000FF000000FF000000FF000000FFA9F922FFA9F922FF000000FF000000FF000000FF000000FF000000FF000000FF000000FF000000FFA9F922FFA9F922FF000000FF000000FF000000FF000000FF000000FF000000FFA9F922FFA9F922FF000000FF000000FF000000FF000000FF000000FF000000FF000000FF000000FF000000FF000000FF000000FF000000FF000000FF000000FF000000FF000000FF000000FF000000FF000000FF000000FF000000FF000000FF000000FF000000FF000000FF000000FF000000FF000000FF000000FF000000FF000000FF000000FF000000FF000000FF000000FF000000FF000000FF000000FF000000FF000000FF000000FF000000FF000000FF000000FF000000FF000000FF000000FF000000FF000000FF000000FF000000FF000000FF000000FF000000FF000000FF000000FF000000FF000000FF000000FF000000FF000000FF000000FF000000FF000000FF000000FF000000FF000000FF000000FF000000FF000000FF000000FF000000FF000000FF000000FFA9F922FFA9F922FF000000FF000000FF000000FF000000FF000000FF000000FF000000FF000000FF000000FF000000FF000000FF000000FF000000FF000000FFA9F922FFA9F922FFA9F922FFA9F922FFA9F922FFA9F922FF000000FF000000FF000000FF000000FF000000FF000000FFA9F922FFA9F922FF000000FF000000FF000000FF000000FF000000FF000000FFA9F922FFA9F922FF000000FF000000FF000000FF000000FFA9F922FFA9F922FFA9F922FFA9F922FFA9F922FFA9F922FFA9F922FFA9F922FF000000FF000000FF000000FF000000FF000000FF000000FF000000FF000000FF000000FF000000FF000000FF000000FF000000FF000000FF000000FF000000FF000000FF000000FF000000FF000000FF000000FF000000FFA9F922FFA9F922FFA9F922FFA9F922FFA9F922FFA9F922FF000000FF000000FF000000FF000000FF000000FF000000FF000000FF000000FF000000FF000000FFA9F922FFA9F922FF000000FF000000FF000000FF000000FF000000FF000000FF000000FF000000FFA9F922FFA9F922FF000000FF000000FF000000FF000000FF000000FF000000FFA9F922FFA9F922FF000000FF000000FF000000FF000000FF000000FF000000FFA9F922FFA9F922FFA9F922FFA9F922FFA9F922FFA9F922FF000000FF000000FF000000FF000000FF000000FF000000FFA9F922FFA9F922FF000000FF000000FF000000FF000000FF000000FF000000FFA9F922FFA9F922FF000000FF000000FF000000FF000000FF000000FF000000FFA9F922FFA9F922FFA9F922FFA9F922FFA9F922FFA9F922FFA9F922FFA9F922FF000000FF000000FF000000FF000000FF000000FF000000FF000000FF000000FF000000FF000000FF000000FF000000FF000000FF000000FF000000FF000000FF000000FF000000FF000000FF000000FF000000FF000000FF000000FF000000FF000000FF000000FF000000FF000000FF000000FF000000FF000000FF000000FF000000FF000000FF000000FF000000FF000000FF000000FF000000FF000000FF000000FF000000FF000000FF000000FF000000FF000000FF000000FF000000FF000000FF000000FF000000FF000000FF000000FF000000FF000000FF000000FF000000FF000000FF000000FF000000FF000000FF000000FF000000FF000000FF000000FF000000FF000000FF000000FF000000FF000000FF000000FF000000FF000000FF000000FF000000FF000000FF000000FF000000FF000000FF000000FF000000FF000000FF000000FF000000FF000000FF000000FF000000FF000000FF000000FF000000FF000000FF000000FF000000FF000000FF000000FF000000FF000000FF000000FF000000FF000000FF000000FF000000FF000000FF000000FF000000FF000000FF000000FF000000FF000000FF000000FF000000FF000000FF000000FF000000FF000000FF000000FF000000FF000000FF000000FF000000FF000000FF000000FF000000FF000000FF000000FF000000FF000000FF000000FF000000FF000000FF000000FF000000FF000000FF000000FF000000FF000000FF000000FF000000FF000000FF000000FF000000FF000000FF000000FF000000FF000000FF000000FF000000FF000000FF000000FF000000FF000000FF000000FF000000FF000000FF000000FF000000FF000000FF000000FF000000FF000000FF000000FF000000FF000000FF000000FF000000FF000000FF000000FF000000FF000000FF000000FF000000FF000000FF000000FF000000FF000000FF000000FF000000FF000000FF000000FF000000FF000000FF000000FF000000FF000000FF000000FF000000FF000000FF000000FF000000FF000000FF000000FF000000FF000000FF000000FF000000FF000000FF000000FF000000FF000000FF000000FF000000FF000000FF000000FF000000FF000000FF000000FF000000FF000000FF000000FF000000FF000000FF000000FF000000FF000000FF000000FF000000FF000000FF000000FF000000FF000000FF000000FF000000FF000000FF000000FF000000FF000000FF000000FF000000FF000000FF000000FF000000FF000000FF000000FF000000FF000000FF000000FF000000FF000000FF000000FF000000FF000000FF000000FF000000FF000000FF000000FF000000FF000000FF000000FF000000FF000000FF000000FF000000FF000000FF000000FF000000FF000000FF000000FF000000FF000000FF000000FF000000FF000000FF000000FF000000FF000000FF000000FF000000FF000000FF000000FF000000FFA9F922FFA9F922FF000000FF000000FF000000FF000000FF000000FF000000FF000000FF000000FF000000FF000000FF000000FF000000FF000000FF000000FF000000FF000000FF000000FF000000FF000000FF000000FF000000FF000000FF000000FF000000FF000000FF000000FF000000FF000000FFA9F922FFA9F922FFA9F922FFA9F922FFA9F922FFA9F922FF000000FF000000FF000000FF000000FF000000FF000000FF000000FF000000FF000000FF000000FFA9F922FFA9F922FF000000FF000000FF000000FF000000FF000000FF000000FF000000FF000000FFA9F922FFA9F922FF000000FF000000FF000000FF000000FF000000FF000000FFA9F922FFA9F922FF000000FF000000FF000000FF000000FF000000FF000000FF000000FF000000FF000000FF000000FF000000FF000000FF000000FF000000FF000000FF000000FF000000FF000000FF000000FF000000FF000000FF000000FF000000FF000000FF000000FF000000FF000000FF000000FF000000FF000000FF000000FF000000FF000000FF000000FF000000FF000000FF000000FF000000FF000000FF000000FF000000FF000000FF000000FF000000FF000000FF000000FF000000FF000000FF000000FF000000FF000000FF000000FF000000FF000000FF000000FF000000FF000000FF000000FF000000FF000000FF000000FF000000FF000000FF000000FF000000FF000000FF000000FF000000FF000000FF000000FF000000FF000000FF000000FF000000FFA9F922FFA9F922FF000000FF000000FF000000FF000000FF000000FF000000FF000000FF000000FF000000FF000000FF000000FF000000FF000000FF000000FFA9F922FFA9F922FFA9F922FFA9F922FFA9F922FFA9F922FF000000FF000000FF000000FF000000FF000000FF000000FFA9F922FFA9F922FF000000FF000000FF000000FF000000FF000000FF000000FFA9F922FFA9F922FF000000FF000000FF000000FF000000FFA9F922FFA9F922FFA9F922FFA9F922FFA9F922FFA9F922FFA9F922FFA9F922FF000000FF000000FF000000FF000000FF000000FF000000FF000000FF000000FF000000FF000000FF000000FF000000FF000000FF000000FF000000FF000000FF000000FF000000FF000000FF000000FF000000FF000000FFA9F922FFA9F922FFA9F922FFA9F922FFA9F922FFA9F922FF000000FF000000FF000000FF000000FF000000FF000000FF000000FF000000FF000000FF000000FFA9F922FFA9F922FF000000FF000000FF000000FF000000FF000000FF000000FF000000FF000000FFA9F922FFA9F922FF000000FF000000FF000000FF000000FF000000FF000000FFA9F922FFA9F922FF000000FF000000FF000000FF000000FF000000FF000000FFA9F922FFA9F922FFA9F922FFA9F922FFA9F922FFA9F922FF000000FF000000FF000000FF000000FF000000FF000000FFA9F922FFA9F922FF000000FF000000FF000000FF000000FF000000FF000000FFA9F922FFA9F922FF000000FF000000FF000000FF000000FF000000FF000000FFA9F922FFA9F922FFA9F922FFA9F922FFA9F922FFA9F922FFA9F922FFA9F922FF000000FF000000FF000000FF000000FF000000FF000000FF000000FF000000FF000000FF000000FF000000FF000000FF000000FF000000FF000000FF000000FF000000FF000000FF000000FF000000FF000000FF000000FF000000FF000000FF000000FF000000FF000000FF000000FF000000FF000000FF000000FF000000FF000000FF000000FF000000FF000000FF000000FF000000FF000000FF000000FF000000FF000000FF000000FF000000FF000000FF000000FF000000FF000000FF000000FF000000FF000000FF000000FF000000FF000000FF000000FF000000FF000000FF000000FF000000FF000000FF000000FF000000FF000000FF000000FF000000FF000000FF000000FF000000FF000000FF000000FF000000FF000000FF000000FF000000FF000000FF000000FF000000FF000000FF000000FF000000FF000000FF000000FF000000FF000000FF000000FF000000FF000000FF000000FF000000FF000000FF000000FF000000FF000000FF000000FF000000FF000000FF000000FF000000FF000000FF000000FF000000FF000000FF000000FF000000FF000000FF000000FF000000FF000000FF000000FF000000FF000000FF000000FF000000FF000000FF000000FF000000FF000000FF000000FF000000FF000000FF000000FF000000FF000000FF000000FF000000FF000000FF000000FF000000FF000000FF000000FF000000FF000000FF000000FF000000FF000000FF000000FF000000FF000000FF000000FF000000FF000000FF000000FF000000FF000000FF000000FF000000FF000000FF000000FF000000FF000000FF000000FF000000FF000000FF000000FF000000FF000000FF000000FF000000FF000000FF000000FF000000FF000000FF000000FF000000FF000000FF000000FF000000FF000000FF000000FF000000FF000000FF000000FF000000FF000000FF000000FF000000FF000000FF000000FF000000FF000000FF000000FF000000FF000000FF000000FF000000FF000000FF000000FF000000FF000000FF000000FF000000FF000000FF000000FF000000FF000000FF000000FF000000FF000000FF000000FF000000FF000000FF000000FF000000FF000000FF000000FF000000FF000000FF000000FF000000FF000000FF000000FF000000FF000000FF000000FF000000FF000000FF000000FF000000FF000000FF000000FF000000FF000000FF000000FF000000FF000000FF000000FF000000FF000000FF000000FF000000FF000000FF000000FF000000FF000000FF000000FF000000FF000000FF000000FF000000FF000000FF000000FF000000FF000000FF000000FF000000FF000000FF000000FF000000FF000000FF000000FF000000FF000000FF000000FF000000FF000000FF000000FF000000FF000000FF000000FF000000FF000000FF000000FF000000FF000000FF000000FF000000FF000000FF000000FF000000FF000000FF000000FF000000FF000000FF000000FF000000FF000000FF000000FF000000FF000000FF000000FF000000FF000000FF000000FF000000FF000000FF000000FF000000FF000000FF000000FF000000FF000000FF000000FF000000FF000000FF000000FF000000FF000000FF000000FF000000FF000000FF000000FF000000FF000000FF000000FF000000FF000000FF000000FF000000FF000000FF000000FF000000FF000000FF000000FF000000FF000000FF000000FF000000FF000000FF000000FF000000FF000000FF000000FF000000FF000000FF000000FF000000FF000000FF000000FF000000FF000000FF000000FF000000FF000000FF000000FF000000FF000000FF000000FF000000FF000000FF000000FF000000FF000000FF000000FF000000FF000000FF000000FF000000FF000000FF000000FF000000FF000000FF000000FF000000FF000000FF000000FF000000FF000000FF000000FF000000FF000000FF000000FF000000FF000000FF000000FF000000FF000000FF000000FF000000FF000000FF000000FF000000FF000000FF000000FF000000FF000000FF000000FF000000FF000000FF000000FF000000FF000000FF000000FF000000FF000000FF000000FF000000FF000000FF000000FF000000FF000000FF000000FF000000FF000000FF000000FF000000FF000000FF000000FF000000FF000000FF000000FF000000FF000000FF000000FF000000FF000000FF000000FF000000FF000000FF000000FF000000FF000000FF000000FF000000FF000000FF000000FF000000FF000000FF000000FF000000FF000000FF000000FF000000FF000000FF000000FF000000FF000000FF000000FF000000FF000000FF000000FF000000FF000000FF000000FF000000FF000000FF000000FF000000FF000000FF000000FF000000FF000000FF000000FF000000FF000000FF000000FF000000FF000000FF000000FF000000FF000000FF000000FF000000FF000000FF000000FF000000FF000000FF000000FF000000FF000000FF000000FF000000FF000000FF000000FF000000FF000000FF000000FF000000FF000000FF000000FF000000FF000000FF000000FF000000FF000000FF000000FF000000FF000000FF000000FF000000FF000000FF000000FF000000FF000000FF000000FF000000FF000000FF000000FF000000FF000000FF000000FF000000FF000000FF000000FF000000FF000000FF000000FF000000FF000000FF000000FF000000FF000000FF000000FF000000FF000000FF000000FF000000FF000000FF000000FF000000FF000000FF000000FF000000FF000000FF000000FF000000FF000000FF000000FF000000FF000000FF000000FF000000FF000000FF000000FF000000FF000000FF000000FF000000FF000000FF000000FF000000FF000000FF000000FF000000FF000000FF000000FF000000FF000000FF000000FF000000FF000000FF000000FF000000FF000000FF000000FF000000FF000000FF000000FF000000FF000000FF000000FF000000FF000000FF000000FF000000FF000000FF000000FF000000FF000000FF000000FF000000FF000000FF000000FF000000FF000000FF000000FF000000FF000000FF000000FF000000FF000000FF000000FF000000FF000000FF000000FF000000FF000000FF000000FF000000FF000000FF000000FF000000FF000000FF000000FF000000FF000000FF000000FF000000FF000000FF000000FF000000FF000000FF000000FF000000FF000000FF000000FF000000FF000000FF000000FF000000FF000000FF000000FF000000FF000000FF000000FF000000FF000000FF000000FF000000FF000000FF000000FF000000FF000000FF000000FF000000FF000000FF000000FF000000FF000000FF000000FF000000FF000000FF000000FF000000FF000000FF000000FF000000FF000000FF000000FF000000FF000000FF000000FF000000FF000000FF000000FF000000FF000000FF000000FF000000FF000000FF000000FF000000FF000000FF000000FF000000FF000000FF000000FF000000FF000000FF000000FF000000FF000000FF000000FF000000FF000000FF000000FF000000FF000000FF000000FF000000FF000000FF000000FF000000FF000000FF000000FF000000FF000000FF000000FF000000FF000000FF000000FF000000FF000000FF000000FF000000FF000000FF000000FF000000FF000000FF000000FF000000FF000000FF000000FF000000FF000000FF000000FF000000FF000000FF000000FF000000FF000000FF000000FF000000FF000000FF000000FF000000FF000000FF000000FF000000FF000000FF000000FF000000FF000000FF000000FF000000FF000000FF000000FF000000FF000000FF000000FF000000FF000000FF000000FF000000FF000000FF000000FF000000FF000000FF000000FF000000FF000000FF000000FF000000FF000000FF000000FF000000FF000000FF000000FF000000FF000000FF000000FF000000FF000000FF000000FF000000FF000000FF000000FF000000FF000000FF000000FF000000FF000000FF000000FF000000FF000000FF000000FF000000FF000000FF000000FF000000FF000000FF000000FF000000FF000000FF000000FF000000FF000000FF000000FF000000FF000000FF000000FF000000FF000000FF000000FF000000FF000000FF000000FF000000FF000000FF000000FF000000FF000000FF000000FF000000FF000000FF000000FF000000FF000000FF000000FF000000FF000000FF000000FF000000FF000000FF000000FF000000FF000000FF000000FF000000FF000000FF000000FF000000FF000000FF000000FF000000FF000000FF000000FF000000FF000000FF000000FF000000FF000000FF000000FF000000FF000000FF000000FF000000FF000000FF000000FF000000FF000000FF000000FF000000FF000000FF000000FF000000FF000000FF000000FF000000FF000000FF000000FF000000FF000000FF000000FF000000FF000000FF000000FF000000FF000000FF000000FF000000FF000000FF000000FF000000FF000000FF000000FF000000FF000000FF000000FF000000FF000000FF000000FF000000FF000000FF000000FF000000FF000000FF000000FF000000FF000000FF000000FF000000FF000000FF000000FF000000FF000000FF000000FF000000FF000000FF000000FF000000FF000000FF000000FF000000FF000000FF000000FF000000FF000000FF000000FF000000FF000000FF000000FF000000FF000000FF000000FF000000FF000000FF000000FF000000FF000000FF000000FF000000FF000000FF000000FF000000FF000000FF000000FF000000FF000000FF000000FF000000FF000000FF000000FF000000FF000000FF000000FF000000FF000000FF000000FF000000FF000000FF000000FF000000FF000000FF000000FF000000FF000000FF000000FF000000FF000000FF000000FF000000FF000000FF000000FF000000FF000000FF000000FF000000FF000000FF000000FF000000FF000000FF000000FF000000FF000000FF000000FF000000FF000000FF000000FF000000FF000000FF000000FF000000FF000000FF000000FF000000FF000000FF000000FF000000FF000000FF000000FF000000FF000000FF000000FF000000FF000000FF000000FF000000FF000000FF000000FF000000FF000000FF000000FF000000FF000000FF000000FF000000FF000000FF000000FF000000FF000000FF000000FF000000FF000000FF000000FF000000FF000000FF000000FF000000FF000000FF000000FF000000FF000000FF000000FF000000FF000000FF000000FF000000FF000000FF000000FF000000FF000000FF000000FF000000FF000000FF000000FF000000FF000000FF000000FF000000FF000000FF000000FF000000FF000000FF000000FF000000FF000000FF000000FF000000FF000000FF000000FF000000FF000000FF000000FF000000FF000000FF000000FF000000FF000000FF000000FF000000FF000000FF000000FF000000FF000000FF000000FF000000FF000000FF000000FF000000FF000000FF000000FF000000FF000000FF000000FF000000FF000000FF000000FF000000FF000000FF000000FF000000FF000000FF000000FF000000FF000000FF000000FF000000FF000000FF000000FF000000FF000000FF000000FF000000FF000000FF000000FF000000FF000000FF000000FF000000FF000000FF000000FF000000FF000000FF000000FF000000FF000000FF000000FF000000FF000000FF000000FF000000FF000000FF000000FF000000FF000000FF000000FF000000FF000000FF000000FF000000FF000000FF000000FF000000FF000000FF000000FF000000FF000000FF000000FF000000FF000000FF000000FF000000FF000000FF000000FF000000FF000000FF000000FF000000FF000000FF000000FF000000FF000000FF000000FF000000FF000000FF000000FF000000FF000000FF000000FF000000FF000000FF000000FF000000FF000000FF000000FF000000FF000000FF000000FF000000FF000000FF000000FF000000FF000000FF000000FF000000FF000000FF000000FF000000FF000000FF000000FF000000FF000000FF000000FF000000FF000000FF000000FF000000FF000000FF000000FF000000FF000000FF000000FF000000FF000000FF000000FF000000FF000000FF000000FF000000FF000000FF000000FF000000FF000000FF000000FF000000FF000000FF000000FF000000FF000000FF000000FF000000FF000000FF000000FF000000FF000000FF000000FF000000FF000000FF000000FF000000FF000000FF000000FF000000FF000000FF000000FF000000FF000000FF000000FF000000FF000000FF000000FF000000FF000000FF000000FF000000FF000000FF000000FF000000FF000000FF000000FF000000FF000000FF000000FF000000FF000000FF000000FF000000FF000000FF000000FF000000FF000000FF000000FF000000FF000000FF000000FF000000FF000000FF000000FF000000FF000000FF000000FF000000FF000000FF000000FF000000FF000000FF000000FF000000FF000000FF000000FF000000FF000000FF000000FF000000FF000000FF000000FF000000FF000000FF000000FF000000FF000000FF000000FF000000FF000000FF000000FF000000FF000000FF000000FF000000FF000000FF000000FF000000FF000000FF000000FF000000FF000000FF000000FF000000FF000000FF000000FF000000FF000000FF000000FF000000FF000000FF000000FF000000FF000000FF000000FF000000FF000000FF000000FF000000FF000000FF000000FF000000FF000000FF000000FF000000FF000000FF000000FF000000FF000000FF000000FF000000FF000000FF000000FF000000FF000000FF000000FF000000FF000000FF000000FF000000FF000000FF000000FF000000FF000000FF000000FF000000FF000000FF000000FF000000FF000000FF000000FF000000FF000000FF000000FF000000FF000000FF000000FF000000FF000000FF000000FF000000FF000000FF000000FF000000FF000000FF000000FF000000FF000000FF000000FF000000FF000000FF000000FF000000FF000000FF000000FF000000FF000000FF000000FF000000FF000000FF000000FF000000FF000000FF000000FF000000FF000000FF000000FF000000FF000000FF000000FF000000FF000000FF000000FF000000FF000000FF000000FF000000FF000000FF000000FF000000FF000000FF000000FF000000FF000000FF000000FF000000FF000000FF000000FF000000FF000000FF000000FF000000FF000000FF000000FF000000FF000000FF000000FF000000FF000000FF000000FF000000FF000000FF000000FF000000FF000000FF000000FF000000FF000000FF000000FF000000FF000000FF000000FF000000FF000000FF000000FF000000FF000000FF000000FF000000FF000000FF000000FF000000FF000000FF000000FF000000FF000000FF000000FF000000FF000000FF000000FF000000FF000000FF000000FF000000FF000000FF000000FFA9F922FFA9F922FFA9F922FFA9F922FFA9F922FFA9F922FFA9F922FFA9F922FF000000FF000000FF000000FF000000FF000000FF000000FF000000FF000000FF000000FF000000FF000000FF000000FF000000FF000000FF000000FF000000FF000000FF000000FF000000FF000000FF000000FF000000FF000000FF000000FF000000FF000000FF000000FF000000FF000000FF000000FF000000FF000000FF000000FF000000FF000000FF000000FF000000FF000000FF000000FF000000FF000000FF000000FF000000FF000000FF000000FF000000FF000000FF000000FF000000FF000000FF000000FF000000FF000000FF000000FF000000FF000000FF000000FF000000FF000000FF000000FF000000FF000000FF000000FF000000FF000000FF000000FF000000FF000000FF000000FF000000FF000000FF000000FF000000FF000000FF000000FF000000FF000000FF000000FF000000FF000000FF000000FF000000FF000000FF000000FF000000FF000000FF000000FF000000FF000000FF000000FF000000FF000000FF000000FF000000FF000000FF000000FF000000FF000000FF000000FF000000FF000000FF000000FF000000FF000000FF000000FF000000FF000000FF000000FF000000FF000000FF000000FF000000FF000000FF000000FF000000FF000000FF000000FF000000FF000000FF000000FF000000FF000000FF000000FF000000FF000000FF000000FF000000FF000000FF000000FF000000FF000000FF000000FFA9F922FFA9F922FFA9F922FFA9F922FFA9F922FFA9F922FFA9F922FFA9F922FF000000FF000000FF000000FF000000FF000000FF000000FFA9F922FFA9F922FF000000FF000000FF000000FF000000FF000000FF000000FFA9F922FFA9F922FF000000FF000000FF000000FF000000FFA9F922FFA9F922FFA9F922FFA9F922FFA9F922FFA9F922FFA9F922FFA9F922FFA9F922FFA9F922FF000000FF000000FF000000FF000000FFA9F922FFA9F922FFA9F922FFA9F922FFA9F922FFA9F922FFA9F922FFA9F922FFA9F922FFA9F922FF000000FF000000FF000000FF000000FFA9F922FFA9F922FFA9F922FFA9F922FFA9F922FFA9F922FFA9F922FFA9F922FFA9F922FFA9F922FF000000FF000000FF000000FF000000FFA9F922FFA9F922FFA9F922FFA9F922FFA9F922FFA9F922FFA9F922FFA9F922FF000000FF000000FF000000FF000000FF000000FF000000FF000000FF000000FF000000FF000000FF000000FF000000FF000000FF000000FF000000FF000000FF000000FF000000FF000000FF000000FF000000FF000000FFA9F922FFA9F922FFA9F922FFA9F922FFA9F922FFA9F922FF000000FF000000FF000000FF000000FF000000FF000000FFA9F922FFA9F922FFA9F922FFA9F922FFA9F922FFA9F922FFA9F922FFA9F922FFA9F922FFA9F922FF000000FF000000FF000000FF000000FF000000FF000000FF000000FF000000FFA9F922FFA9F922FF000000FF000000FF000000FF000000FF000000FF000000FF000000FF000000FFA9F922FFA9F922FFA9F922FFA9F922FFA9F922FFA9F922FFA9F922FFA9F922FFA9F922FFA9F922FF000000FF000000FF000000FF000000FFA9F922FFA9F922FF000000FF000000FF000000FF000000FF000000FF000000FFA9F922FFA9F922FF000000FF000000FF000000FF000000FF000000FF000000FFA9F922FFA9F922FFA9F922FFA9F922FFA9F922FFA9F922FF000000FF000000FF000000FF000000FF000000FF000000FF000000FF000000FF000000FF000000FF000000FF000000FF000000FF000000FF000000FF000000FF000000FF000000FF000000FF000000FF000000FF000000FF000000FF000000FF000000FF000000FF000000FF000000FF000000FF000000FF000000FF000000FF000000FF000000FF000000FF000000FF000000FF000000FF000000FF000000FF000000FF000000FF000000FF000000FF000000FF000000FF000000FF000000FF000000FF000000FF000000FF000000FF000000FF000000FF000000FF000000FF000000FF000000FF000000FF000000FF000000FF000000FF000000FF000000FF000000FF000000FF000000FF000000FF000000FF000000FF000000FF000000FF000000FF000000FF000000FF000000FF000000FF000000FF000000FF000000FF000000FF000000FF000000FF000000FF000000FF000000FF000000FF000000FF000000FF000000FF000000FF000000FF000000FF000000FF000000FF000000FF000000FF000000FF000000FF000000FF000000FF000000FF000000FF000000FF000000FF000000FF000000FF000000FF000000FF000000FF000000FF000000FF000000FF000000FF000000FF000000FF000000FF000000FF000000FF000000FF000000FF000000FF000000FF000000FF000000FF000000FF000000FF000000FF000000FF000000FF000000FF000000FF000000FF000000FF000000FF000000FF000000FF000000FF000000FF000000FF000000FF000000FF000000FF000000FF000000FF000000FF000000FF000000FF000000FF000000FF000000FF000000FF000000FF000000FF000000FF000000FF000000FF000000FF000000FF000000FF000000FF000000FF000000FF000000FF000000FF000000FF000000FF000000FF000000FF000000FF000000FF000000FF000000FF000000FF000000FF000000FF000000FF000000FF000000FF000000FF000000FF000000FF000000FF000000FF000000FF000000FF000000FF000000FF000000FF000000FF000000FF000000FF000000FF000000FF000000FF000000FF000000FF000000FF000000FF000000FF000000FF000000FF000000FF000000FF000000FF000000FF000000FF000000FF000000FF000000FF000000FF000000FF000000FF000000FF000000FF000000FF000000FF000000FF000000FF000000FF000000FF000000FF000000FF000000FF000000FF000000FF000000FF000000FF000000FF000000FF000000FF000000FF000000FF000000FF000000FF000000FF000000FF000000FF000000FF000000FF000000FF000000FF000000FF000000FFA9F922FFA9F922FFA9F922FFA9F922FFA9F922FFA9F922FFA9F922FFA9F922FF000000FF000000FF000000FF000000FF000000FF000000FF000000FF000000FF000000FF000000FF000000FF000000FF000000FF000000FF000000FF000000FF000000FF000000FF000000FF000000FF000000FF000000FF000000FF000000FF000000FF000000FF000000FF000000FF000000FF000000FF000000FF000000FF000000FF000000FF000000FF000000FF000000FF000000FF000000FF000000FF000000FF000000FF000000FF000000FF000000FF000000FF000000FF000000FF000000FF000000FF000000FF000000FF000000FF000000FF000000FF000000FF000000FF000000FF000000FF000000FF000000FF000000FF000000FF000000FF000000FF000000FF000000FF000000FF000000FF000000FF000000FF000000FF000000FF000000FF000000FF000000FF000000FF000000FF000000FF000000FF000000FF000000FF000000FF000000FF000000FF000000FF000000FF000000FF000000FF000000FF000000FF000000FF000000FF000000FF000000FF000000FF000000FF000000FF000000FF000000FF000000FF000000FF000000FF000000FF000000FF000000FF000000FF000000FF000000FF000000FF000000FF000000FF000000FF000000FF000000FF000000FF000000FF000000FF000000FF000000FF000000FF000000FF000000FF000000FF000000FF000000FF000000FF000000FF000000FF000000FF000000FF000000FFA9F922FFA9F922FFA9F922FFA9F922FFA9F922FFA9F922FFA9F922FFA9F922FF000000FF000000FF000000FF000000FF000000FF000000FFA9F922FFA9F922FF000000FF000000FF000000FF000000FF000000FF000000FFA9F922FFA9F922FF000000FF000000FF000000FF000000FFA9F922FFA9F922FFA9F922FFA9F922FFA9F922FFA9F922FFA9F922FFA9F922FFA9F922FFA9F922FF000000FF000000FF000000FF000000FFA9F922FFA9F922FFA9F922FFA9F922FFA9F922FFA9F922FFA9F922FFA9F922FFA9F922FFA9F922FF000000FF000000FF000000FF000000FFA9F922FFA9F922FFA9F922FFA9F922FFA9F922FFA9F922FFA9F922FFA9F922FFA9F922FFA9F922FF000000FF000000FF000000FF000000FFA9F922FFA9F922FFA9F922FFA9F922FFA9F922FFA9F922FFA9F922FFA9F922FF000000FF000000FF000000FF000000FF000000FF000000FF000000FF000000FF000000FF000000FF000000FF000000FF000000FF000000FF000000FF000000FF000000FF000000FF000000FF000000FF000000FF000000FFA9F922FFA9F922FFA9F922FFA9F922FFA9F922FFA9F922FF000000FF000000FF000000FF000000FF000000FF000000FFA9F922FFA9F922FFA9F922FFA9F922FFA9F922FFA9F922FFA9F922FFA9F922FFA9F922FFA9F922FF000000FF000000FF000000FF000000FF000000FF000000FF000000FF000000FFA9F922FFA9F922FF000000FF000000FF000000FF000000FF000000FF000000FF000000FF000000FFA9F922FFA9F922FFA9F922FFA9F922FFA9F922FFA9F922FFA9F922FFA9F922FFA9F922FFA9F922FF000000FF000000FF000000FF000000FFA9F922FFA9F922FF000000FF000000FF000000FF000000FF000000FF000000FFA9F922FFA9F922FF000000FF000000FF000000FF000000FF000000FF000000FFA9F922FFA9F922FFA9F922FFA9F922FFA9F922FFA9F922FF000000FF000000FF000000FF000000FF000000FF000000FF000000FF000000FF000000FF000000FF000000FF000000FF000000FF000000FF000000FF000000FF000000FF000000FF000000FF000000FF000000FF000000FF000000FF000000FF000000FF000000FF000000FF000000FF000000FF000000FF000000FF000000FF000000FF000000FF000000FF000000FF000000FF000000FF000000FF000000FF000000FF000000FF000000FF000000FF000000FF000000FF000000FF000000FF000000FF000000FF000000FF000000FF000000FF000000FF000000FF000000FF000000FF000000FF000000FF000000FF000000FF000000FF000000FF000000FF000000FF000000FF000000FF000000FF000000FF000000FF000000FF000000FF000000FF000000FF000000FF000000FF000000FF000000FF000000FF000000FF000000FF000000FF000000FF000000FF000000FF000000FF000000FF000000FF000000FF000000FF000000FF000000FF000000FF000000FF000000FF000000FF000000FF000000FF000000FF000000FF000000FF000000FF000000FF000000FF000000FF000000FF000000FF000000FF000000FF000000FF000000FF000000FF000000FF000000FF000000FF000000FF000000FF000000FF000000FF000000FF000000FF000000FF000000FF000000FF000000FF000000FF000000FF000000FF000000FF000000FF000000FF000000FF000000FF000000FF000000FF000000FF000000FF000000FF000000FF000000FF000000FF000000FF000000FF000000FF000000FF000000FF000000FF000000FF000000FF000000FF000000FF000000FF000000FF000000FF000000FF000000FF000000FF000000FF000000FF000000FF000000FF000000FF000000FF000000FF000000FF000000FF000000FF000000FF000000FF000000FF000000FF000000FF000000FF000000FF000000FF000000FF000000FF000000FF000000FF000000FF000000FF000000FF000000FF000000FF000000FF000000FF000000FF000000FF000000FF000000FF000000FF000000FF000000FF000000FF000000FF000000FF000000FF000000FF000000FF000000FF000000FF000000FF000000FF000000FF000000FF000000FF000000FF000000FF000000FF000000FF000000FF000000FF000000FF000000FF000000FF000000FF000000FF000000FF000000FF000000FF000000FF000000FF000000FF000000FF000000FF000000FF000000FF000000FF000000FF000000FF000000FF000000FF000000FF000000FF000000FF000000FF000000FF000000FF000000FF000000FF000000FF000000FF000000FF000000FFA9F922FFA9F922FF000000FF000000FF000000FF000000FF000000FF000000FFA9F922FFA9F922FF000000FF000000FF000000FF000000FF000000FF000000FF000000FF000000FF000000FF000000FF000000FF000000FF000000FF000000FF000000FF000000FF000000FF000000FF000000FF000000FF000000FF000000FF000000FF000000FF000000FF000000FF000000FF000000FF000000FF000000FF000000FF000000FF000000FF000000FF000000FF000000FF000000FF000000FF000000FF000000FF000000FF000000FF000000FF000000FF000000FF000000FF000000FF000000FF000000FF000000FF000000FF000000FF000000FF000000FF000000FF000000FF000000FF000000FF000000FF000000FF000000FF000000FF000000FF000000FF000000FF000000FF000000FF000000FF000000FF000000FF000000FF000000FF000000FF000000FF000000FF000000FF000000FF000000FF000000FF000000FF000000FF000000FF000000FF000000FF000000FF000000FF000000FF000000FF000000FF000000FF000000FF000000FF000000FF000000FF000000FF000000FF000000FF000000FF000000FF000000FF000000FF000000FF000000FF000000FF000000FF000000FF000000FF000000FF000000FF000000FF000000FF000000FF000000FF000000FF000000FF000000FF000000FF000000FF000000FF000000FF000000FF000000FF000000FF000000FF000000FF000000FF000000FF000000FF000000FF000000FFA9F922FFA9F922FF000000FF000000FF000000FF000000FF000000FF000000FFA9F922FFA9F922FF000000FF000000FF000000FF000000FFA9F922FFA9F922FF000000FF000000FF000000FF000000FF000000FF000000FFA9F922FFA9F922FF000000FF000000FF000000FF000000FFA9F922FFA9F922FF000000FF000000FF000000FF000000FF000000FF000000FF000000FF000000FF000000FF000000FF000000FF000000FFA9F922FFA9F922FF000000FF000000FF000000FF000000FF000000FF000000FF000000FF000000FF000000FF000000FF000000FF000000FFA9F922FFA9F922FF000000FF000000FF000000FF000000FF000000FF000000FF000000FF000000FF000000FF000000FF000000FF000000FFA9F922FFA9F922FF000000FF000000FF000000FF000000FF000000FF000000FFA9F922FFA9F922FF000000FF000000FF000000FF000000FF000000FF000000FF000000FF000000FF000000FF000000FF000000FF000000FF000000FF000000FF000000FF000000FF000000FF000000FFA9F922FFA9F922FF000000FF000000FF000000FF000000FF000000FF000000FFA9F922FFA9F922FF000000FF000000FF000000FF000000FF000000FF000000FF000000FF000000FFA9F922FFA9F922FF000000FF000000FF000000FF000000FF000000FF000000FF000000FF000000FF000000FF000000FFA9F922FFA9F922FF000000FF000000FFA9F922FFA9F922FF000000FF000000FF000000FF000000FF000000FF000000FF000000FF000000FF000000FF000000FFA9F922FFA9F922FF000000FF000000FF000000FF000000FF000000FF000000FF000000FF000000FFA9F922FFA9F922FF000000FF000000FF000000FF000000FF000000FF000000FFA9F922FFA9F922FF000000FF000000FF000000FF000000FFA9F922FFA9F922FF000000FF000000FF000000FF000000FF000000FF000000FFA9F922FFA9F922FF000000FF000000FF000000FF000000FF000000FF000000FF000000FF000000FF000000FF000000FF000000FF000000FF000000FF000000FF000000FF000000FF000000FF000000FF000000FF000000FF000000FF000000FF000000FF000000FF000000FF000000FF000000FF000000FF000000FF000000FF000000FF000000FF000000FF000000FF000000FF000000FF000000FF000000FF000000FF000000FF000000FF000000FF000000FF000000FF000000FF000000FF000000FF000000FF000000FF000000FF000000FF000000FF000000FF000000FF000000FF000000FF000000FF000000FF000000FF000000FF000000FF000000FF000000FF000000FF000000FF000000FF000000FF000000FF000000FF000000FF000000FF000000FF000000FF000000FF000000FF000000FF000000FF000000FF000000FF000000FF000000FF000000FF000000FF000000FF000000FF000000FF000000FF000000FF000000FF000000FF000000FF000000FF000000FF000000FF000000FF000000FF000000FF000000FF000000FF000000FF000000FF000000FF000000FF000000FF000000FF000000FF000000FF000000FF000000FF000000FF000000FF000000FF000000FF000000FF000000FF000000FF000000FF000000FF000000FF000000FF000000FF000000FF000000FF000000FF000000FF000000FF000000FF000000FF000000FF000000FF000000FF000000FF000000FF000000FF000000FF000000FF000000FF000000FF000000FF000000FF000000FF000000FF000000FF000000FF000000FF000000FF000000FF000000FF000000FF000000FF000000FF000000FF000000FF000000FF000000FF000000FF000000FF000000FF000000FF000000FF000000FF000000FF000000FF000000FF000000FF000000FF000000FF000000FF000000FF000000FF000000FF000000FF000000FF000000FF000000FF000000FF000000FF000000FF000000FF000000FF000000FF000000FF000000FF000000FF000000FF000000FF000000FF000000FF000000FF000000FF000000FF000000FF000000FF000000FF000000FF000000FF000000FF000000FF000000FF000000FF000000FF000000FF000000FF000000FF000000FF000000FF000000FF000000FF000000FF000000FF000000FF000000FF000000FF000000FF000000FF000000FF000000FF000000FF000000FF000000FF000000FF000000FF000000FF000000FF000000FF000000FF000000FF000000FF000000FF000000FF000000FF000000FF000000FF000000FF000000FF000000FF000000FF000000FF000000FF000000FF000000FF000000FFA9F922FFA9F922FF000000FF000000FF000000FF000000FF000000FF000000FFA9F922FFA9F922FF000000FF000000FF000000FF000000FF000000FF000000FF000000FF000000FF000000FF000000FF000000FF000000FF000000FF000000FF000000FF000000FF000000FF000000FF000000FF000000FF000000FF000000FF000000FF000000FF000000FF000000FF000000FF000000FF000000FF000000FF000000FF000000FF000000FF000000FF000000FF000000FF000000FF000000FF000000FF000000FF000000FF000000FF000000FF000000FF000000FF000000FF000000FF000000FF000000FF000000FF000000FF000000FF000000FF000000FF000000FF000000FF000000FF000000FF000000FF000000FF000000FF000000FF000000FF000000FF000000FF000000FF000000FF000000FF000000FF000000FF000000FF000000FF000000FF000000FF000000FF000000FF000000FF000000FF000000FF000000FF000000FF000000FF000000FF000000FF000000FF000000FF000000FF000000FF000000FF000000FF000000FF000000FF000000FF000000FF000000FF000000FF000000FF000000FF000000FF000000FF000000FF000000FF000000FF000000FF000000FF000000FF000000FF000000FF000000FF000000FF000000FF000000FF000000FF000000FF000000FF000000FF000000FF000000FF000000FF000000FF000000FF000000FF000000FF000000FF000000FF000000FF000000FF000000FF000000FF000000FFA9F922FFA9F922FF000000FF000000FF000000FF000000FF000000FF000000FFA9F922FFA9F922FF000000FF000000FF000000FF000000FFA9F922FFA9F922FF000000FF000000FF000000FF000000FF000000FF000000FFA9F922FFA9F922FF000000FF000000FF000000FF000000FFA9F922FFA9F922FF000000FF000000FF000000FF000000FF000000FF000000FF000000FF000000FF000000FF000000FF000000FF000000FFA9F922FFA9F922FF000000FF000000FF000000FF000000FF000000FF000000FF000000FF000000FF000000FF000000FF000000FF000000FFA9F922FFA9F922FF000000FF000000FF000000FF000000FF000000FF000000FF000000FF000000FF000000FF000000FF000000FF000000FFA9F922FFA9F922FF000000FF000000FF000000FF000000FF000000FF000000FFA9F922FFA9F922FF000000FF000000FF000000FF000000FF000000FF000000FF000000FF000000FF000000FF000000FF000000FF000000FF000000FF000000FF000000FF000000FF000000FF000000FFA9F922FFA9F922FF000000FF000000FF000000FF000000FF000000FF000000FFA9F922FFA9F922FF000000FF000000FF000000FF000000FF000000FF000000FF000000FF000000FFA9F922FFA9F922FF000000FF000000FF000000FF000000FF000000FF000000FF000000FF000000FF000000FF000000FFA9F922FFA9F922FF000000FF000000FFA9F922FFA9F922FF000000FF000000FF000000FF000000FF000000FF000000FF000000FF000000FF000000FF000000FFA9F922FFA9F922FF000000FF000000FF000000FF000000FF000000FF000000FF000000FF000000FFA9F922FFA9F922FF000000FF000000FF000000FF000000FF000000FF000000FFA9F922FFA9F922FF000000FF000000FF000000FF000000FFA9F922FFA9F922FF000000FF000000FF000000FF000000FF000000FF000000FFA9F922FFA9F922FF000000FF000000FF000000FF000000FF000000FF000000FF000000FF000000FF000000FF000000FF000000FF000000FF000000FF000000FF000000FF000000FF000000FF000000FF000000FF000000FF000000FF000000FF000000FF000000FF000000FF000000FF000000FF000000FF000000FF000000FF000000FF000000FF000000FF000000FF000000FF000000FF000000FF000000FF000000FF000000FF000000FF000000FF000000FF000000FF000000FF000000FF000000FF000000FF000000FF000000FF000000FF000000FF000000FF000000FF000000FF000000FF000000FF000000FF000000FF000000FF000000FF000000FF000000FF000000FF000000FF000000FF000000FF000000FF000000FF000000FF000000FF000000FF000000FF000000FF000000FF000000FF000000FF000000FF000000FF000000FF000000FF000000FF000000FF000000FF000000FF000000FF000000FF000000FF000000FF000000FF000000FF000000FF000000FF000000FF000000FF000000FF000000FF000000FF000000FF000000FF000000FF000000FF000000FF000000FF000000FF000000FF000000FF000000FF000000FF000000FF000000FF000000FF000000FF000000FF000000FF000000FF000000FF000000FF000000FF000000FF000000FF000000FF000000FF000000FF000000FF000000FF000000FF000000FF000000FF000000FF000000FF000000FF000000FF000000FF000000FF000000FF000000FF000000FF000000FF000000FF000000FF000000FF000000FF000000FF000000FF000000FF000000FF000000FF000000FF000000FF000000FF000000FF000000FF000000FF000000FF000000FF000000FF000000FF000000FF000000FF000000FF000000FF000000FF000000FF000000FF000000FF000000FF000000FF000000FF000000FF000000FF000000FF000000FF000000FF000000FF000000FF000000FF000000FF000000FF000000FF000000FF000000FF000000FF000000FF000000FF000000FF000000FF000000FF000000FF000000FF000000FF000000FF000000FF000000FF000000FF000000FF000000FF000000FF000000FF000000FF000000FF000000FF000000FF000000FF000000FF000000FF000000FF000000FF000000FF000000FF000000FF000000FF000000FF000000FF000000FF000000FF000000FF000000FF000000FF000000FF000000FF000000FF000000FF000000FF000000FF000000FF000000FF000000FF000000FF000000FF000000FF000000FF000000FF000000FF000000FF000000FF000000FF000000FF000000FF000000FF000000FF000000FFA9F922FFA9F922FF000000FF000000FF000000FF000000FF000000FF000000FFA9F922FFA9F922FF000000FF000000FF000000FF000000FF000000FF000000FF000000FF000000FF000000FF000000FF000000FF000000FF000000FF000000FF000000FF000000FF000000FF000000FF000000FF000000FF000000FF000000FF000000FF000000FF000000FF000000FF000000FF000000FF000000FF000000FF000000FF000000FF000000FF000000FF000000FF000000FF000000FF000000FF000000FF000000FF000000FF000000FF000000FF000000FF000000FF000000FF000000FF000000FF000000FF000000FF000000FF000000FF000000FF000000FF000000FF000000FF000000FF000000FF000000FF000000FF000000FF000000FF000000FF000000FF000000FF000000FF000000FF000000FF000000FF000000FF000000FF000000FF000000FF000000FF000000FF000000FF000000FF000000FF000000FF000000FF000000FF000000FF000000FF000000FF000000FF000000FF000000FF000000FF000000FF000000FF000000FF000000FF000000FF000000FF000000FF000000FF000000FF000000FF000000FF000000FF000000FF000000FF000000FF000000FF000000FF000000FFA9F922FFA9F922FF000000FF000000FF000000FF000000FF000000FF000000FF000000FF000000FF000000FF000000FF000000FF000000FF000000FF000000FF000000FF000000FF000000FF000000FF000000FF000000FF000000FF000000FFA9F922FFA9F922FF000000FF000000FF000000FF000000FF000000FF000000FFA9F922FFA9F922FF000000FF000000FF000000FF000000FFA9F922FFA9F922FF000000FF000000FF000000FF000000FF000000FF000000FFA9F922FFA9F922FF000000FF000000FF000000FF000000FFA9F922FFA9F922FF000000FF000000FF000000FF000000FF000000FF000000FF000000FF000000FF000000FF000000FF000000FF000000FFA9F922FFA9F922FF000000FF000000FF000000FF000000FF000000FF000000FF000000FF000000FF000000FF000000FF000000FF000000FFA9F922FFA9F922FF000000FF000000FF000000FF000000FF000000FF000000FF000000FF000000FF000000FF000000FF000000FF000000FFA9F922FFA9F922FF000000FF000000FF000000FF000000FF000000FF000000FFA9F922FFA9F922FF000000FF000000FF000000FF000000FF000000FF000000FF000000FF000000FF000000FF000000FF000000FF000000FF000000FF000000FF000000FF000000FF000000FF000000FFA9F922FFA9F922FF000000FF000000FF000000FF000000FF000000FF000000FF000000FF000000FF000000FF000000FF000000FF000000FF000000FF000000FF000000FF000000FFA9F922FFA9F922FF000000FF000000FF000000FF000000FF000000FF000000FF000000FF000000FFA9F922FFA9F922FF000000FF000000FF000000FF000000FF000000FF000000FFA9F922FFA9F922FF000000FF000000FF000000FF000000FF000000FF000000FF000000FF000000FFA9F922FFA9F922FF000000FF000000FF000000FF000000FF000000FF000000FF000000FF000000FFA9F922FFA9F922FF000000FF000000FF000000FF000000FF000000FF000000FFA9F922FFA9F922FF000000FF000000FF000000FF000000FFA9F922FFA9F922FF000000FF000000FF000000FF000000FF000000FF000000FF000000FF000000FF000000FF000000FF000000FF000000FF000000FF000000FF000000FF000000FF000000FF000000FF000000FF000000FF000000FF000000FF000000FF000000FF000000FF000000FF000000FF000000FF000000FF000000FF000000FF000000FF000000FF000000FF000000FF000000FF000000FF000000FF000000FF000000FF000000FF000000FF000000FF000000FF000000FF000000FF000000FF000000FF000000FF000000FF000000FF000000FF000000FF000000FF000000FF000000FF000000FF000000FF000000FF000000FF000000FF000000FF000000FF000000FF000000FF000000FF000000FF000000FF000000FF000000FF000000FF000000FF000000FF000000FF000000FF000000FF000000FF000000FF000000FF000000FF000000FF000000FF000000FF000000FF000000FF000000FF000000FF000000FF000000FF000000FF000000FF000000FF000000FF000000FF000000FF000000FF000000FF000000FF000000FF000000FF000000FF000000FF000000FF000000FF000000FF000000FF000000FF000000FF000000FF000000FF000000FF000000FF000000FF000000FF000000FF000000FF000000FF000000FF000000FF000000FF000000FF000000FF000000FF000000FF000000FF000000FF000000FF000000FF000000FF000000FF000000FF000000FF000000FF000000FF000000FF000000FF000000FF000000FF000000FF000000FF000000FF000000FF000000FF000000FF000000FF000000FF000000FF000000FF000000FF000000FF000000FF000000FF000000FF000000FF000000FF000000FF000000FF000000FF000000FF000000FF000000FF000000FF000000FF000000FF000000FF000000FF000000FF000000FF000000FF000000FF000000FF000000FF000000FF000000FF000000FF000000FF000000FF000000FF000000FF000000FF000000FF000000FF000000FF000000FF000000FF000000FF000000FF000000FF000000FF000000FF000000FF000000FF000000FF000000FF000000FF000000FF000000FF000000FF000000FF000000FF000000FF000000FF000000FF000000FF000000FF000000FF000000FF000000FF000000FF000000FF000000FF000000FF000000FF000000FF000000FF000000FF000000FF000000FF000000FF000000FF000000FF000000FF000000FF000000FF000000FF000000FF000000FF000000FF000000FF000000FF000000FF000000FF000000FF000000FF000000FF000000FF000000FF000000FF000000FF000000FF000000FF000000FF000000FF000000FF000000FF000000FF000000FF000000FF000000FF000000FFA9F922FFA9F922FF000000FF000000FF000000FF000000FF000000FF000000FFA9F922FFA9F922FF000000FF000000FF000000FF000000FF000000FF000000FF000000FF000000FF000000FF000000FF000000FF000000FF000000FF000000FF000000FF000000FF000000FF000000FF000000FF000000FF000000FF000000FF000000FF000000FF000000FF000000FF000000FF000000FF000000FF000000FF000000FF000000FF000000FF000000FF000000FF000000FF000000FF000000FF000000FF000000FF000000FF000000FF000000FF000000FF000000FF000000FF000000FF000000FF000000FF000000FF000000FF000000FF000000FF000000FF000000FF000000FF000000FF000000FF000000FF000000FF000000FF000000FF000000FF000000FF000000FF000000FF000000FF000000FF000000FF000000FF000000FF000000FF000000FF000000FF000000FF000000FF000000FF000000FF000000FF000000FF000000FF000000FF000000FF000000FF000000FF000000FF000000FF000000FF000000FF000000FF000000FF000000FF000000FF000000FF000000FF000000FF000000FF000000FF000000FF000000FF000000FF000000FF000000FF000000FF000000FF000000FFA9F922FFA9F922FF000000FF000000FF000000FF000000FF000000FF000000FF000000FF000000FF000000FF000000FF000000FF000000FF000000FF000000FF000000FF000000FF000000FF000000FF000000FF000000FF000000FF000000FFA9F922FFA9F922FF000000FF000000FF000000FF000000FF000000FF000000FFA9F922FFA9F922FF000000FF000000FF000000FF000000FFA9F922FFA9F922FF000000FF000000FF000000FF000000FF000000FF000000FFA9F922FFA9F922FF000000FF000000FF000000FF000000FFA9F922FFA9F922FF000000FF000000FF000000FF000000FF000000FF000000FF000000FF000000FF000000FF000000FF000000FF000000FFA9F922FFA9F922FF000000FF000000FF000000FF000000FF000000FF000000FF000000FF000000FF000000FF000000FF000000FF000000FFA9F922FFA9F922FF000000FF000000FF000000FF000000FF000000FF000000FF000000FF000000FF000000FF000000FF000000FF000000FFA9F922FFA9F922FF000000FF000000FF000000FF000000FF000000FF000000FFA9F922FFA9F922FF000000FF000000FF000000FF000000FF000000FF000000FF000000FF000000FF000000FF000000FF000000FF000000FF000000FF000000FF000000FF000000FF000000FF000000FFA9F922FFA9F922FF000000FF000000FF000000FF000000FF000000FF000000FF000000FF000000FF000000FF000000FF000000FF000000FF000000FF000000FF000000FF000000FFA9F922FFA9F922FF000000FF000000FF000000FF000000FF000000FF000000FF000000FF000000FFA9F922FFA9F922FF000000FF000000FF000000FF000000FF000000FF000000FFA9F922FFA9F922FF000000FF000000FF000000FF000000FF000000FF000000FF000000FF000000FFA9F922FFA9F922FF000000FF000000FF000000FF000000FF000000FF000000FF000000FF000000FFA9F922FFA9F922FF000000FF000000FF000000FF000000FF000000FF000000FFA9F922FFA9F922FF000000FF000000FF000000FF000000FFA9F922FFA9F922FF000000FF000000FF000000FF000000FF000000FF000000FF000000FF000000FF000000FF000000FF000000FF000000FF000000FF000000FF000000FF000000FF000000FF000000FF000000FF000000FF000000FF000000FF000000FF000000FF000000FF000000FF000000FF000000FF000000FF000000FF000000FF000000FF000000FF000000FF000000FF000000FF000000FF000000FF000000FF000000FF000000FF000000FF000000FF000000FF000000FF000000FF000000FF000000FF000000FF000000FF000000FF000000FF000000FF000000FF000000FF000000FF000000FF000000FF000000FF000000FF000000FF000000FF000000FF000000FF000000FF000000FF000000FF000000FF000000FF000000FF000000FF000000FF000000FF000000FF000000FF000000FF000000FF000000FF000000FF000000FF000000FF000000FF000000FF000000FF000000FF000000FF000000FF000000FF000000FF000000FF000000FF000000FF000000FF000000FF000000FF000000FF000000FF000000FF000000FF000000FF000000FF000000FF000000FF000000FF000000FF000000FF000000FF000000FF000000FF000000FF000000FF000000FF000000FF000000FF000000FF000000FF000000FF000000FF000000FF000000FF000000FF000000FF000000FF000000FF000000FF000000FF000000FF000000FF000000FF000000FF000000FF000000FF000000FF000000FF000000FF000000FF000000FF000000FF000000FF000000FF000000FF000000FF000000FF000000FF000000FF000000FF000000FF000000FF000000FF000000FF000000FF000000FF000000FF000000FF000000FF000000FF000000FF000000FF000000FF000000FF000000FF000000FF000000FF000000FF000000FF000000FF000000FF000000FF000000FF000000FF000000FF000000FF000000FF000000FF000000FF000000FF000000FF000000FF000000FF000000FF000000FF000000FF000000FF000000FF000000FF000000FF000000FF000000FF000000FF000000FF000000FF000000FF000000FF000000FF000000FF000000FF000000FF000000FF000000FF000000FF000000FF000000FF000000FF000000FF000000FF000000FF000000FF000000FF000000FF000000FF000000FF000000FF000000FF000000FF000000FF000000FF000000FF000000FF000000FF000000FF000000FF000000FF000000FF000000FF000000FF000000FF000000FF000000FF000000FF000000FF000000FF000000FF000000FF000000FF000000FF000000FF000000FF000000FF000000FF000000FF000000FF000000FF000000FF000000FF000000FF000000FF000000FF000000FF000000FF000000FFA9F922FFA9F922FFA9F922FFA9F922FFA9F922FFA9F922FFA9F922FFA9F922FF000000FF000000FF000000FF000000FF000000FF000000FF000000FF000000FF000000FF000000FF000000FF000000FF000000FF000000FF000000FF000000FF000000FF000000FF000000FF000000FF000000FF000000FF000000FF000000FF000000FF000000FF000000FF000000FF000000FF000000FF000000FF000000FF000000FF000000FF000000FF000000FF000000FF000000FF000000FF000000FF000000FF000000FF000000FF000000FF000000FF000000FF000000FF000000FF000000FF000000FF000000FF000000FF000000FF000000FF000000FF000000FF000000FF000000FF000000FF000000FF000000FF000000FF000000FF000000FF000000FF000000FF000000FF000000FF000000FF000000FF000000FF000000FF000000FF000000FF000000FF000000FF000000FF000000FF000000FF000000FF000000FF000000FF000000FF000000FF000000FF000000FF000000FF000000FF000000FF000000FF000000FF000000FF000000FF000000FF000000FF000000FF000000FF000000FF000000FF000000FF000000FF000000FF000000FF000000FF000000FF000000FF000000FF000000FF000000FF000000FF000000FF000000FF000000FF000000FF000000FF000000FF000000FF000000FF000000FF000000FF000000FF000000FF000000FF000000FF000000FF000000FF000000FF000000FF000000FF000000FF000000FF000000FFA9F922FFA9F922FFA9F922FFA9F922FFA9F922FFA9F922FFA9F922FFA9F922FF000000FF000000FF000000FF000000FF000000FF000000FFA9F922FFA9F922FF000000FF000000FF000000FF000000FF000000FF000000FFA9F922FFA9F922FF000000FF000000FF000000FF000000FFA9F922FFA9F922FFA9F922FFA9F922FFA9F922FFA9F922FFA9F922FFA9F922FF000000FF000000FF000000FF000000FF000000FF000000FFA9F922FFA9F922FFA9F922FFA9F922FFA9F922FFA9F922FFA9F922FFA9F922FF000000FF000000FF000000FF000000FF000000FF000000FFA9F922FFA9F922FFA9F922FFA9F922FFA9F922FFA9F922FFA9F922FFA9F922FF000000FF000000FF000000FF000000FF000000FF000000FFA9F922FFA9F922FFA9F922FFA9F922FFA9F922FFA9F922FFA9F922FFA9F922FF000000FF000000FF000000FF000000FF000000FF000000FF000000FF000000FF000000FF000000FF000000FF000000FF000000FF000000FF000000FF000000FF000000FF000000FF000000FF000000FF000000FF000000FFA9F922FFA9F922FFA9F922FFA9F922FFA9F922FFA9F922FF000000FF000000FF000000FF000000FF000000FF000000FF000000FF000000FF000000FF000000FFA9F922FFA9F922FF000000FF000000FF000000FF000000FF000000FF000000FF000000FF000000FFA9F922FFA9F922FF000000FF000000FF000000FF000000FF000000FF000000FFA9F922FFA9F922FF000000FF000000FF000000FF000000FF000000FF000000FF000000FF000000FFA9F922FFA9F922FF000000FF000000FF000000FF000000FF000000FF000000FF000000FF000000FFA9F922FFA9F922FF000000FF000000FF000000FF000000FF000000FF000000FFA9F922FFA9F922FF000000FF000000FF000000FF000000FF000000FF000000FFA9F922FFA9F922FFA9F922FFA9F922FFA9F922FFA9F922FF000000FF000000FF000000FF000000FF000000FF000000FF000000FF000000FF000000FF000000FF000000FF000000FF000000FF000000FF000000FF000000FF000000FF000000FF000000FF000000FF000000FF000000FF000000FF000000FF000000FF000000FF000000FF000000FF000000FF000000FF000000FF000000FF000000FF000000FF000000FF000000FF000000FF000000FF000000FF000000FF000000FF000000FF000000FF000000FF000000FF000000FF000000FF000000FF000000FF000000FF000000FF000000FF000000FF000000FF000000FF000000FF000000FF000000FF000000FF000000FF000000FF000000FF000000FF000000FF000000FF000000FF000000FF000000FF000000FF000000FF000000FF000000FF000000FF000000FF000000FF000000FF000000FF000000FF000000FF000000FF000000FF000000FF000000FF000000FF000000FF000000FF000000FF000000FF000000FF000000FF000000FF000000FF000000FF000000FF000000FF000000FF000000FF000000FF000000FF000000FF000000FF000000FF000000FF000000FF000000FF000000FF000000FF000000FF000000FF000000FF000000FF000000FF000000FF000000FF000000FF000000FF000000FF000000FF000000FF000000FF000000FF000000FF000000FF000000FF000000FF000000FF000000FF000000FF000000FF000000FF000000FF000000FF000000FF000000FF000000FF000000FF000000FF000000FF000000FF000000FF000000FF000000FF000000FF000000FF000000FF000000FF000000FF000000FF000000FF000000FF000000FF000000FF000000FF000000FF000000FF000000FF000000FF000000FF000000FF000000FF000000FF000000FF000000FF000000FF000000FF000000FF000000FF000000FF000000FF000000FF000000FF000000FF000000FF000000FF000000FF000000FF000000FF000000FF000000FF000000FF000000FF000000FF000000FF000000FF000000FF000000FF000000FF000000FF000000FF000000FF000000FF000000FF000000FF000000FF000000FF000000FF000000FF000000FF000000FF000000FF000000FF000000FF000000FF000000FF000000FF000000FF000000FF000000FF000000FF000000FF000000FF000000FF000000FF000000FF000000FF000000FF000000FF000000FF000000FF000000FF000000FF000000FF000000FF000000FF000000FF000000FF000000FF000000FF000000FF000000FF000000FF000000FF000000FF000000FF000000FF000000FF000000FF000000FF000000FF000000FF000000FF000000FF000000FF000000FFA9F922FFA9F922FFA9F922FFA9F922FFA9F922FFA9F922FFA9F922FFA9F922FF000000FF000000FF000000FF000000FF000000FF000000FF000000FF000000FF000000FF000000FF000000FF000000FF000000FF000000FF000000FF000000FF000000FF000000FF000000FF000000FF000000FF000000FF000000FF000000FF000000FF000000FF000000FF000000FF000000FF000000FF000000FF000000FF000000FF000000FF000000FF000000FF000000FF000000FF000000FF000000FF000000FF000000FF000000FF000000FF000000FF000000FF000000FF000000FF000000FF000000FF000000FF000000FF000000FF000000FF000000FF000000FF000000FF000000FF000000FF000000FF000000FF000000FF000000FF000000FF000000FF000000FF000000FF000000FF000000FF000000FF000000FF000000FF000000FF000000FF000000FF000000FF000000FF000000FF000000FF000000FF000000FF000000FF000000FF000000FF000000FF000000FF000000FF000000FF000000FF000000FF000000FF000000FF000000FF000000FF000000FF000000FF000000FF000000FF000000FF000000FF000000FF000000FF000000FF000000FF000000FF000000FF000000FF000000FF000000FF000000FF000000FF000000FF000000FF000000FF000000FF000000FF000000FF000000FF000000FF000000FF000000FF000000FF000000FF000000FF000000FF000000FF000000FF000000FF000000FF000000FF000000FF000000FFA9F922FFA9F922FFA9F922FFA9F922FFA9F922FFA9F922FFA9F922FFA9F922FF000000FF000000FF000000FF000000FF000000FF000000FFA9F922FFA9F922FF000000FF000000FF000000FF000000FF000000FF000000FFA9F922FFA9F922FF000000FF000000FF000000FF000000FFA9F922FFA9F922FFA9F922FFA9F922FFA9F922FFA9F922FFA9F922FFA9F922FF000000FF000000FF000000FF000000FF000000FF000000FFA9F922FFA9F922FFA9F922FFA9F922FFA9F922FFA9F922FFA9F922FFA9F922FF000000FF000000FF000000FF000000FF000000FF000000FFA9F922FFA9F922FFA9F922FFA9F922FFA9F922FFA9F922FFA9F922FFA9F922FF000000FF000000FF000000FF000000FF000000FF000000FFA9F922FFA9F922FFA9F922FFA9F922FFA9F922FFA9F922FFA9F922FFA9F922FF000000FF000000FF000000FF000000FF000000FF000000FF000000FF000000FF000000FF000000FF000000FF000000FF000000FF000000FF000000FF000000FF000000FF000000FF000000FF000000FF000000FF000000FFA9F922FFA9F922FFA9F922FFA9F922FFA9F922FFA9F922FF000000FF000000FF000000FF000000FF000000FF000000FF000000FF000000FF000000FF000000FFA9F922FFA9F922FF000000FF000000FF000000FF000000FF000000FF000000FF000000FF000000FFA9F922FFA9F922FF000000FF000000FF000000FF000000FF000000FF000000FFA9F922FFA9F922FF000000FF000000FF000000FF000000FF000000FF000000FF000000FF000000FFA9F922FFA9F922FF000000FF000000FF000000FF000000FF000000FF000000FF000000FF000000FFA9F922FFA9F922FF000000FF000000FF000000FF000000FF000000FF000000FFA9F922FFA9F922FF000000FF000000FF000000FF000000FF000000FF000000FFA9F922FFA9F922FFA9F922FFA9F922FFA9F922FFA9F922FF000000FF000000FF000000FF000000FF000000FF000000FF000000FF000000FF000000FF000000FF000000FF000000FF000000FF000000FF000000FF000000FF000000FF000000FF000000FF000000FF000000FF000000FF000000FF000000FF000000FF000000FF000000FF000000FF000000FF000000FF000000FF000000FF000000FF000000FF000000FF000000FF000000FF000000FF000000FF000000FF000000FF000000FF000000FF000000FF000000FF000000FF000000FF000000FF000000FF000000FF000000FF000000FF000000FF000000FF000000FF000000FF000000FF000000FF000000FF000000FF000000FF000000FF000000FF000000FF000000FF000000FF000000FF000000FF000000FF000000FF000000FF000000FF000000FF000000FF000000FF000000FF000000FF000000FF000000FF000000FF000000FF000000FF000000FF000000FF000000FF000000FF000000FF000000FF000000FF000000FF000000FF000000FF000000FF000000FF000000FF000000FF000000FF000000FF000000FF000000FF000000FF000000FF000000FF000000FF000000FF000000FF000000FF000000FF000000FF000000FF000000FF000000FF000000FF000000FF000000FF000000FF000000FF000000FF000000FF000000FF000000FF000000FF000000FF000000FF000000FF000000FF000000FF000000FF000000FF000000FF000000FF000000FF000000FF000000FF000000FF000000FF000000FF000000FF000000FF000000FF000000FF000000FF000000FF000000FF000000FF000000FF000000FF000000FF000000FF000000FF000000FF000000FF000000FF000000FF000000FF000000FF000000FF000000FF000000FF000000FF000000FF000000FF000000FF000000FF000000FF000000FF000000FF000000FF000000FF000000FF000000FF000000FF000000FF000000FF000000FF000000FF000000FF000000FF000000FF000000FF000000FF000000FF000000FF000000FF000000FF000000FF000000FF000000FF000000FF000000FF000000FF000000FF000000FF000000FF000000FF000000FF000000FF000000FF000000FF000000FF000000FF000000FF000000FF000000FF000000FF000000FF000000FF000000FF000000FF000000FF000000FF000000FF000000FF000000FF000000FF000000FF000000FF000000FF000000FF000000FF000000FF000000FF000000FF000000FF000000FF000000FF000000FF000000FF000000FF000000FF000000FF000000FF000000FF000000FF000000FF000000FF000000FF000000FF000000FF000000FF000000FF000000FF000000FF000000FFA9F922FFA9F922FF000000FF000000FF000000FF000000FF000000FF000000FFA9F922FFA9F922FF000000FF000000FF000000FF000000FF000000FF000000FF000000FF000000FF000000FF000000FF000000FF000000FF000000FF000000FF000000FF000000FF000000FF000000FF000000FF000000FF000000FF000000FF000000FF000000FF000000FF000000FF000000FF000000FF000000FF000000FF000000FF000000FF000000FF000000FF000000FF000000FF000000FF000000FF000000FF000000FF000000FF000000FF000000FF000000FF000000FF000000FF000000FF000000FF000000FF000000FF000000FF000000FF000000FF000000FF000000FF000000FF000000FF000000FF000000FF000000FF000000FF000000FF000000FF000000FF000000FF000000FF000000FF000000FF000000FF000000FF000000FF000000FF000000FF000000FF000000FF000000FF000000FF000000FF000000FF000000FF000000FF000000FF000000FF000000FF000000FF000000FF000000FF000000FF000000FF000000FF000000FF000000FF000000FF000000FF000000FF000000FF000000FF000000FF000000FF000000FF000000FF000000FF000000FF000000FF000000FF000000FFA9F922FFA9F922FF000000FF000000FF000000FF000000FF000000FF000000FF000000FF000000FF000000FF000000FF000000FF000000FF000000FF000000FF000000FF000000FF000000FF000000FF000000FF000000FF000000FF000000FFA9F922FFA9F922FF000000FF000000FF000000FF000000FF000000FF000000FFA9F922FFA9F922FF000000FF000000FF000000FF000000FFA9F922FFA9F922FF000000FF000000FF000000FF000000FF000000FF000000FFA9F922FFA9F922FF000000FF000000FF000000FF000000FFA9F922FFA9F922FF000000FF000000FF000000FF000000FF000000FF000000FF000000FF000000FF000000FF000000FF000000FF000000FFA9F922FFA9F922FF000000FF000000FF000000FF000000FF000000FF000000FF000000FF000000FF000000FF000000FF000000FF000000FFA9F922FFA9F922FF000000FF000000FF000000FF000000FF000000FF000000FF000000FF000000FF000000FF000000FF000000FF000000FFA9F922FFA9F922FF000000FF000000FFA9F922FFA9F922FF000000FF000000FF000000FF000000FF000000FF000000FF000000FF000000FF000000FF000000FF000000FF000000FF000000FF000000FF000000FF000000FF000000FF000000FF000000FF000000FF000000FF000000FF000000FF000000FF000000FF000000FF000000FF000000FF000000FF000000FFA9F922FFA9F922FF000000FF000000FF000000FF000000FF000000FF000000FF000000FF000000FFA9F922FFA9F922FF000000FF000000FF000000FF000000FF000000FF000000FF000000FF000000FFA9F922FFA9F922FFA9F922FFA9F922FFA9F922FFA9F922FFA9F922FFA9F922FFA9F922FFA9F922FF000000FF000000FF000000FF000000FF000000FF000000FF000000FF000000FFA9F922FFA9F922FF000000FF000000FF000000FF000000FF000000FF000000FF000000FF000000FFA9F922FFA9F922FF000000FF000000FF000000FF000000FF000000FF000000FFA9F922FFA9F922FF000000FF000000FF000000FF000000FF000000FF000000FF000000FF000000FF000000FF000000FF000000FF000000FFA9F922FFA9F922FF000000FF000000FF000000FF000000FF000000FF000000FF000000FF000000FF000000FF000000FF000000FF000000FF000000FF000000FF000000FF000000FF000000FF000000FF000000FF000000FF000000FF000000FF000000FF000000FF000000FF000000FF000000FF000000FF000000FF000000FF000000FF000000FF000000FF000000FF000000FF000000FF000000FF000000FF000000FF000000FF000000FF000000FF000000FF000000FF000000FF000000FF000000FF000000FF000000FF000000FF000000FF000000FF000000FF000000FF000000FF000000FF000000FF000000FF000000FF000000FF000000FF000000FF000000FF000000FF000000FF000000FF000000FF000000FF000000FF000000FF000000FF000000FF000000FF000000FF000000FF000000FF000000FF000000FF000000FF000000FF000000FF000000FF000000FF000000FF000000FF000000FF000000FF000000FF000000FF000000FF000000FF000000FF000000FF000000FF000000FF000000FF000000FF000000FF000000FF000000FF000000FF000000FF000000FF000000FF000000FF000000FF000000FF000000FF000000FF000000FF000000FF000000FF000000FF000000FF000000FF000000FF000000FF000000FF000000FF000000FF000000FF000000FF000000FF000000FF000000FF000000FF000000FF000000FF000000FF000000FF000000FF000000FF000000FF000000FF000000FF000000FF000000FF000000FF000000FF000000FF000000FF000000FF000000FF000000FF000000FF000000FF000000FF000000FF000000FF000000FF000000FF000000FF000000FF000000FF000000FF000000FF000000FF000000FF000000FF000000FF000000FF000000FF000000FF000000FF000000FF000000FF000000FF000000FF000000FF000000FF000000FF000000FF000000FF000000FF000000FF000000FF000000FF000000FF000000FF000000FF000000FF000000FF000000FF000000FF000000FF000000FF000000FF000000FF000000FF000000FF000000FF000000FF000000FF000000FF000000FF000000FF000000FF000000FF000000FF000000FF000000FF000000FF000000FF000000FF000000FF000000FF000000FF000000FF000000FF000000FF000000FF000000FF000000FF000000FF000000FF000000FF000000FF000000FF000000FF000000FF000000FF000000FF000000FF000000FF000000FF000000FF000000FF000000FF000000FF000000FF000000FF000000FF000000FF000000FF000000FF000000FF000000FF000000FF000000FF000000FF000000FF000000FFA9F922FFA9F922FF000000FF000000FF000000FF000000FF000000FF000000FFA9F922FFA9F922FF000000FF000000FF000000FF000000FF000000FF000000FF000000FF000000FF000000FF000000FF000000FF000000FF000000FF000000FF000000FF000000FF000000FF000000FF000000FF000000FF000000FF000000FF000000FF000000FF000000FF000000FF000000FF000000FF000000FF000000FF000000FF000000FF000000FF000000FF000000FF000000FF000000FF000000FF000000FF000000FF000000FF000000FF000000FF000000FF000000FF000000FF000000FF000000FF000000FF000000FF000000FF000000FF000000FF000000FF000000FF000000FF000000FF000000FF000000FF000000FF000000FF000000FF000000FF000000FF000000FF000000FF000000FF000000FF000000FF000000FF000000FF000000FF000000FF000000FF000000FF000000FF000000FF000000FF000000FF000000FF000000FF000000FF000000FF000000FF000000FF000000FF000000FF000000FF000000FF000000FF000000FF000000FF000000FF000000FF000000FF000000FF000000FF000000FF000000FF000000FF000000FF000000FF000000FF000000FF000000FF000000FFA9F922FFA9F922FF000000FF000000FF000000FF000000FF000000FF000000FF000000FF000000FF000000FF000000FF000000FF000000FF000000FF000000FF000000FF000000FF000000FF000000FF000000FF000000FF000000FF000000FFA9F922FFA9F922FF000000FF000000FF000000FF000000FF000000FF000000FFA9F922FFA9F922FF000000FF000000FF000000FF000000FFA9F922FFA9F922FF000000FF000000FF000000FF000000FF000000FF000000FFA9F922FFA9F922FF000000FF000000FF000000FF000000FFA9F922FFA9F922FF000000FF000000FF000000FF000000FF000000FF000000FF000000FF000000FF000000FF000000FF000000FF000000FFA9F922FFA9F922FF000000FF000000FF000000FF000000FF000000FF000000FF000000FF000000FF000000FF000000FF000000FF000000FFA9F922FFA9F922FF000000FF000000FF000000FF000000FF000000FF000000FF000000FF000000FF000000FF000000FF000000FF000000FFA9F922FFA9F922FF000000FF000000FFA9F922FFA9F922FF000000FF000000FF000000FF000000FF000000FF000000FF000000FF000000FF000000FF000000FF000000FF000000FF000000FF000000FF000000FF000000FF000000FF000000FF000000FF000000FF000000FF000000FF000000FF000000FF000000FF000000FF000000FF000000FF000000FF000000FFA9F922FFA9F922FF000000FF000000FF000000FF000000FF000000FF000000FF000000FF000000FFA9F922FFA9F922FF000000FF000000FF000000FF000000FF000000FF000000FF000000FF000000FFA9F922FFA9F922FFA9F922FFA9F922FFA9F922FFA9F922FFA9F922FFA9F922FFA9F922FFA9F922FF000000FF000000FF000000FF000000FF000000FF000000FF000000FF000000FFA9F922FFA9F922FF000000FF000000FF000000FF000000FF000000FF000000FF000000FF000000FFA9F922FFA9F922FF000000FF000000FF000000FF000000FF000000FF000000FFA9F922FFA9F922FF000000FF000000FF000000FF000000FF000000FF000000FF000000FF000000FF000000FF000000FF000000FF000000FFA9F922FFA9F922FF000000FF000000FF000000FF000000FF000000FF000000FF000000FF000000FF000000FF000000FF000000FF000000FF000000FF000000FF000000FF000000FF000000FF000000FF000000FF000000FF000000FF000000FF000000FF000000FF000000FF000000FF000000FF000000FF000000FF000000FF000000FF000000FF000000FF000000FF000000FF000000FF000000FF000000FF000000FF000000FF000000FF000000FF000000FF000000FF000000FF000000FF000000FF000000FF000000FF000000FF000000FF000000FF000000FF000000FF000000FF000000FF000000FF000000FF000000FF000000FF000000FF000000FF000000FF000000FF000000FF000000FF000000FF000000FF000000FF000000FF000000FF000000FF000000FF000000FF000000FF000000FF000000FF000000FF000000FF000000FF000000FF000000FF000000FF000000FF000000FF000000FF000000FF000000FF000000FF000000FF000000FF000000FF000000FF000000FF000000FF000000FF000000FF000000FF000000FF000000FF000000FF000000FF000000FF000000FF000000FF000000FF000000FF000000FF000000FF000000FF000000FF000000FF000000FF000000FF000000FF000000FF000000FF000000FF000000FF000000FF000000FF000000FF000000FF000000FF000000FF000000FF000000FF000000FF000000FF000000FF000000FF000000FF000000FF000000FF000000FF000000FF000000FF000000FF000000FF000000FF000000FF000000FF000000FF000000FF000000FF000000FF000000FF000000FF000000FF000000FF000000FF000000FF000000FF000000FF000000FF000000FF000000FF000000FF000000FF000000FF000000FF000000FF000000FF000000FF000000FF000000FF000000FF000000FF000000FF000000FF000000FF000000FF000000FF000000FF000000FF000000FF000000FF000000FF000000FF000000FF000000FF000000FF000000FF000000FF000000FF000000FF000000FF000000FF000000FF000000FF000000FF000000FF000000FF000000FF000000FF000000FF000000FF000000FF000000FF000000FF000000FF000000FF000000FF000000FF000000FF000000FF000000FF000000FF000000FF000000FF000000FF000000FF000000FF000000FF000000FF000000FF000000FF000000FF000000FF000000FF000000FF000000FF000000FF000000FF000000FF000000FF000000FF000000FF000000FF000000FF000000FF000000FF000000FF000000FF000000FF000000FF000000FF000000FF000000FF000000FF000000FF000000FFA9F922FFA9F922FF000000FF000000FF000000FF000000FF000000FF000000FFA9F922FFA9F922FF000000FF000000FF000000FF000000FF000000FF000000FF000000FF000000FF000000FF000000FF000000FF000000FF000000FF000000FF000000FF000000FF000000FF000000FF000000FF000000FF000000FF000000FF000000FF000000FF000000FF000000FF000000FF000000FF000000FF000000FF000000FF000000FF000000FF000000FF000000FF000000FF000000FF000000FF000000FF000000FF000000FF000000FF000000FF000000FF000000FF000000FF000000FF000000FF000000FF000000FF000000FF000000FF000000FF000000FF000000FF000000FF000000FF000000FF000000FF000000FF000000FF000000FF000000FF000000FF000000FF000000FF000000FF000000FF000000FF000000FF000000FF000000FF000000FF000000FF000000FF000000FF000000FF000000FF000000FF000000FF000000FF000000FF000000FF000000FF000000FF000000FF000000FF000000FF000000FF000000FF000000FF000000FF000000FF000000FF000000FF000000FF000000FF000000FF000000FF000000FF000000FF000000FF000000FF000000FF000000FF000000FF000000FF000000FF000000FF000000FF000000FF000000FF000000FF000000FF000000FF000000FF000000FF000000FF000000FF000000FF000000FF000000FF000000FF000000FF000000FF000000FF000000FF000000FF000000FF000000FFA9F922FFA9F922FF000000FF000000FF000000FF000000FF000000FF000000FFA9F922FFA9F922FF000000FF000000FF000000FF000000FFA9F922FFA9F922FF000000FF000000FF000000FF000000FF000000FF000000FFA9F922FFA9F922FF000000FF000000FF000000FF000000FFA9F922FFA9F922FF000000FF000000FF000000FF000000FF000000FF000000FF000000FF000000FF000000FF000000FF000000FF000000FFA9F922FFA9F922FF000000FF000000FF000000FF000000FF000000FF000000FF000000FF000000FF000000FF000000FF000000FF000000FFA9F922FFA9F922FF000000FF000000FF000000FF000000FF000000FF000000FF000000FF000000FF000000FF000000FF000000FF000000FFA9F922FFA9F922FF000000FF000000FF000000FF000000FFA9F922FFA9F922FF000000FF000000FF000000FF000000FF000000FF000000FF000000FF000000FF000000FF000000FF000000FF000000FF000000FF000000FF000000FF000000FF000000FF000000FF000000FF000000FFA9F922FFA9F922FF000000FF000000FF000000FF000000FF000000FF000000FFA9F922FFA9F922FF000000FF000000FF000000FF000000FF000000FF000000FF000000FF000000FFA9F922FFA9F922FF000000FF000000FF000000FF000000FF000000FF000000FF000000FF000000FFA9F922FFA9F922FF000000FF000000FF000000FF000000FF000000FF000000FFA9F922FFA9F922FF000000FF000000FF000000FF000000FF000000FF000000FF000000FF000000FFA9F922FFA9F922FF000000FF000000FF000000FF000000FF000000FF000000FF000000FF000000FFA9F922FFA9F922FF000000FF000000FF000000FF000000FF000000FF000000FFA9F922FFA9F922FF000000FF000000FF000000FF000000FFA9F922FFA9F922FF000000FF000000FF000000FF000000FF000000FF000000FFA9F922FFA9F922FF000000FF000000FF000000FF000000FF000000FF000000FF000000FF000000FF000000FF000000FF000000FF000000FF000000FF000000FF000000FF000000FF000000FF000000FF000000FF000000FF000000FF000000FF000000FF000000FF000000FF000000FF000000FF000000FF000000FF000000FF000000FF000000FF000000FF000000FF000000FF000000FF000000FF000000FF000000FF000000FF000000FF000000FF000000FF000000FF000000FF000000FF000000FF000000FF000000FF000000FF000000FF000000FF000000FF000000FF000000FF000000FF000000FF000000FF000000FF000000FF000000FF000000FF000000FF000000FF000000FF000000FF000000FF000000FF000000FF000000FF000000FF000000FF000000FF000000FF000000FF000000FF000000FF000000FF000000FF000000FF000000FF000000FF000000FF000000FF000000FF000000FF000000FF000000FF000000FF000000FF000000FF000000FF000000FF000000FF000000FF000000FF000000FF000000FF000000FF000000FF000000FF000000FF000000FF000000FF000000FF000000FF000000FF000000FF000000FF000000FF000000FF000000FF000000FF000000FF000000FF000000FF000000FF000000FF000000FF000000FF000000FF000000FF000000FF000000FF000000FF000000FF000000FF000000FF000000FF000000FF000000FF000000FF000000FF000000FF000000FF000000FF000000FF000000FF000000FF000000FF000000FF000000FF000000FF000000FF000000FF000000FF000000FF000000FF000000FF000000FF000000FF000000FF000000FF000000FF000000FF000000FF000000FF000000FF000000FF000000FF000000FF000000FF000000FF000000FF000000FF000000FF000000FF000000FF000000FF000000FF000000FF000000FF000000FF000000FF000000FF000000FF000000FF000000FF000000FF000000FF000000FF000000FF000000FF000000FF000000FF000000FF000000FF000000FF000000FF000000FF000000FF000000FF000000FF000000FF000000FF000000FF000000FF000000FF000000FF000000FF000000FF000000FF000000FF000000FF000000FF000000FF000000FF000000FF000000FF000000FF000000FF000000FF000000FF000000FF000000FF000000FF000000FF000000FF000000FF000000FF000000FF000000FF000000FF000000FF000000FF000000FF000000FF000000FF000000FF000000FF000000FF000000FF000000FF000000FF000000FF000000FF000000FF000000FF000000FF000000FF000000FF000000FFA9F922FFA9F922FF000000FF000000FF000000FF000000FF000000FF000000FFA9F922FFA9F922FF000000FF000000FF000000FF000000FF000000FF000000FF000000FF000000FF000000FF000000FF000000FF000000FF000000FF000000FF000000FF000000FF000000FF000000FF000000FF000000FF000000FF000000FF000000FF000000FF000000FF000000FF000000FF000000FF000000FF000000FF000000FF000000FF000000FF000000FF000000FF000000FF000000FF000000FF000000FF000000FF000000FF000000FF000000FF000000FF000000FF000000FF000000FF000000FF000000FF000000FF000000FF000000FF000000FF000000FF000000FF000000FF000000FF000000FF000000FF000000FF000000FF000000FF000000FF000000FF000000FF000000FF000000FF000000FF000000FF000000FF000000FF000000FF000000FF000000FF000000FF000000FF000000FF000000FF000000FF000000FF000000FF000000FF000000FF000000FF000000FF000000FF000000FF000000FF000000FF000000FF000000FF000000FF000000FF000000FF000000FF000000FF000000FF000000FF000000FF000000FF000000FF000000FF000000FF000000FF000000FF000000FF000000FF000000FF000000FF000000FF000000FF000000FF000000FF000000FF000000FF000000FF000000FF000000FF000000FF000000FF000000FF000000FF000000FF000000FF000000FF000000FF000000FF000000FF000000FF000000FFA9F922FFA9F922FF000000FF000000FF000000FF000000FF000000FF000000FFA9F922FFA9F922FF000000FF000000FF000000FF000000FFA9F922FFA9F922FF000000FF000000FF000000FF000000FF000000FF000000FFA9F922FFA9F922FF000000FF000000FF000000FF000000FFA9F922FFA9F922FF000000FF000000FF000000FF000000FF000000FF000000FF000000FF000000FF000000FF000000FF000000FF000000FFA9F922FFA9F922FF000000FF000000FF000000FF000000FF000000FF000000FF000000FF000000FF000000FF000000FF000000FF000000FFA9F922FFA9F922FF000000FF000000FF000000FF000000FF000000FF000000FF000000FF000000FF000000FF000000FF000000FF000000FFA9F922FFA9F922FF000000FF000000FF000000FF000000FFA9F922FFA9F922FF000000FF000000FF000000FF000000FF000000FF000000FF000000FF000000FF000000FF000000FF000000FF000000FF000000FF000000FF000000FF000000FF000000FF000000FF000000FF000000FFA9F922FFA9F922FF000000FF000000FF000000FF000000FF000000FF000000FFA9F922FFA9F922FF000000FF000000FF000000FF000000FF000000FF000000FF000000FF000000FFA9F922FFA9F922FF000000FF000000FF000000FF000000FF000000FF000000FF000000FF000000FFA9F922FFA9F922FF000000FF000000FF000000FF000000FF000000FF000000FFA9F922FFA9F922FF000000FF000000FF000000FF000000FF000000FF000000FF000000FF000000FFA9F922FFA9F922FF000000FF000000FF000000FF000000FF000000FF000000FF000000FF000000FFA9F922FFA9F922FF000000FF000000FF000000FF000000FF000000FF000000FFA9F922FFA9F922FF000000FF000000FF000000FF000000FFA9F922FFA9F922FF000000FF000000FF000000FF000000FF000000FF000000FFA9F922FFA9F922FF000000FF000000FF000000FF000000FF000000FF000000FF000000FF000000FF000000FF000000FF000000FF000000FF000000FF000000FF000000FF000000FF000000FF000000FF000000FF000000FF000000FF000000FF000000FF000000FF000000FF000000FF000000FF000000FF000000FF000000FF000000FF000000FF000000FF000000FF000000FF000000FF000000FF000000FF000000FF000000FF000000FF000000FF000000FF000000FF000000FF000000FF000000FF000000FF000000FF000000FF000000FF000000FF000000FF000000FF000000FF000000FF000000FF000000FF000000FF000000FF000000FF000000FF000000FF000000FF000000FF000000FF000000FF000000FF000000FF000000FF000000FF000000FF000000FF000000FF000000FF000000FF000000FF000000FF000000FF000000FF000000FF000000FF000000FF000000FF000000FF000000FF000000FF000000FF000000FF000000FF000000FF000000FF000000FF000000FF000000FF000000FF000000FF000000FF000000FF000000FF000000FF000000FF000000FF000000FF000000FF000000FF000000FF000000FF000000FF000000FF000000FF000000FF000000FF000000FF000000FF000000FF000000FF000000FF000000FF000000FF000000FF000000FF000000FF000000FF000000FF000000FF000000FF000000FF000000FF000000FF000000FF000000FF000000FF000000FF000000FF000000FF000000FF000000FF000000FF000000FF000000FF000000FF000000FF000000FF000000FF000000FF000000FF000000FF000000FF000000FF000000FF000000FF000000FF000000FF000000FF000000FF000000FF000000FF000000FF000000FF000000FF000000FF000000FF000000FF000000FF000000FF000000FF000000FF000000FF000000FF000000FF000000FF000000FF000000FF000000FF000000FF000000FF000000FF000000FF000000FF000000FF000000FF000000FF000000FF000000FF000000FF000000FF000000FF000000FF000000FF000000FF000000FF000000FF000000FF000000FF000000FF000000FF000000FF000000FF000000FF000000FF000000FF000000FF000000FF000000FF000000FF000000FF000000FF000000FF000000FF000000FF000000FF000000FF000000FF000000FF000000FF000000FF000000FF000000FF000000FF000000FF000000FF000000FF000000FF000000FF000000FF000000FF000000FF000000FF000000FF000000FF000000FF000000FF000000FF000000FF000000FF000000FF000000FF000000FF000000FF000000FF000000FFA9F922FFA9F922FFA9F922FFA9F922FFA9F922FFA9F922FFA9F922FFA9F922FF000000FF000000FF000000FF000000FF000000FF000000FF000000FF000000FF000000FF000000FF000000FF000000FF000000FF000000FF000000FF000000FF000000FF000000FF000000FF000000FF000000FF000000FF000000FF000000FF000000FF000000FF000000FF000000FF000000FF000000FF000000FF000000FF000000FF000000FF000000FF000000FF000000FF000000FF000000FF000000FF000000FF000000FF000000FF000000FF000000FF000000FF000000FF000000FF000000FF000000FF000000FF000000FF000000FF000000FF000000FF000000FF000000FF000000FF000000FF000000FF000000FF000000FF000000FF000000FF000000FF000000FF000000FF000000FF000000FF000000FF000000FF000000FF000000FF000000FF000000FF000000FF000000FF000000FF000000FF000000FF000000FF000000FF000000FF000000FF000000FF000000FF000000FF000000FF000000FF000000FF000000FF000000FF000000FF000000FF000000FF000000FF000000FF000000FF000000FF000000FF000000FF000000FF000000FF000000FF000000FF000000FF000000FF000000FF000000FF000000FF000000FF000000FF000000FF000000FF000000FF000000FF000000FF000000FF000000FF000000FF000000FF000000FF000000FF000000FF000000FF000000FF000000FF000000FF000000FF000000FF000000FF000000FFA9F922FFA9F922FFA9F922FFA9F922FFA9F922FFA9F922FFA9F922FFA9F922FF000000FF000000FF000000FF000000FF000000FF000000FF000000FF000000FFA9F922FFA9F922FFA9F922FFA9F922FFA9F922FFA9F922FF000000FF000000FF000000FF000000FF000000FF000000FFA9F922FFA9F922FF000000FF000000FF000000FF000000FF000000FF000000FF000000FF000000FF000000FF000000FF000000FF000000FFA9F922FFA9F922FF000000FF000000FF000000FF000000FF000000FF000000FF000000FF000000FF000000FF000000FF000000FF000000FFA9F922FFA9F922FFA9F922FFA9F922FFA9F922FFA9F922FFA9F922FFA9F922FFA9F922FFA9F922FF000000FF000000FF000000FF000000FFA9F922FFA9F922FF000000FF000000FF000000FF000000FF000000FF000000FFA9F922FFA9F922FF000000FF000000FF000000FF000000FF000000FF000000FF000000FF000000FF000000FF000000FF000000FF000000FF000000FF000000FF000000FF000000FF000000FF000000FF000000FF000000FFA9F922FFA9F922FFA9F922FFA9F922FFA9F922FFA9F922FF000000FF000000FF000000FF000000FF000000FF000000FF000000FF000000FF000000FF000000FFA9F922FFA9F922FF000000FF000000FF000000FF000000FF000000FF000000FF000000FF000000FFA9F922FFA9F922FF000000FF000000FF000000FF000000FF000000FF000000FFA9F922FFA9F922FF000000FF000000FF000000FF000000FF000000FF000000FF000000FF000000FFA9F922FFA9F922FF000000FF000000FF000000FF000000FF000000FF000000FF000000FF000000FF000000FF000000FFA9F922FFA9F922FFA9F922FFA9F922FFA9F922FFA9F922FF000000FF000000FF000000FF000000FF000000FF000000FF000000FF000000FFA9F922FFA9F922FFA9F922FFA9F922FFA9F922FFA9F922FF000000FF000000FF000000FF000000FF000000FF000000FF000000FF000000FF000000FF000000FF000000FF000000FF000000FF000000FF000000FF000000FF000000FF000000FF000000FF000000FF000000FF000000FF000000FF000000FF000000FF000000FF000000FF000000FF000000FF000000FF000000FF000000FF000000FF000000FF000000FF000000FF000000FF000000FF000000FF000000FF000000FF000000FF000000FF000000FF000000FF000000FF000000FF000000FF000000FF000000FF000000FF000000FF000000FF000000FF000000FF000000FF000000FF000000FF000000FF000000FF000000FF000000FF000000FF000000FF000000FF000000FF000000FF000000FF000000FF000000FF000000FF000000FF000000FF000000FF000000FF000000FF000000FF000000FF000000FF000000FF000000FF000000FF000000FF000000FF000000FF000000FF000000FF000000FF000000FF000000FF000000FF000000FF000000FF000000FF000000FF000000FF000000FF000000FF000000FF000000FF000000FF000000FF000000FF000000FF000000FF000000FF000000FF000000FF000000FF000000FF000000FF000000FF000000FF000000FF000000FF000000FF000000FF000000FF000000FF000000FF000000FF000000FF000000FF000000FF000000FF000000FF000000FF000000FF000000FF000000FF000000FF000000FF000000FF000000FF000000FF000000FF000000FF000000FF000000FF000000FF000000FF000000FF000000FF000000FF000000FF000000FF000000FF000000FF000000FF000000FF000000FF000000FF000000FF000000FF000000FF000000FF000000FF000000FF000000FF000000FF000000FF000000FF000000FF000000FF000000FF000000FF000000FF000000FF000000FF000000FF000000FF000000FF000000FF000000FF000000FF000000FF000000FF000000FF000000FF000000FF000000FF000000FF000000FF000000FF000000FF000000FF000000FF000000FF000000FF000000FF000000FF000000FF000000FF000000FF000000FF000000FF000000FF000000FF000000FF000000FF000000FF000000FF000000FF000000FF000000FF000000FF000000FF000000FF000000FF000000FF000000FF000000FF000000FF000000FF000000FF000000FF000000FF000000FF000000FF000000FF000000FF000000FF000000FF000000FF000000FF000000FF000000FF000000FF000000FF000000FF000000FF000000FF000000FF000000FF000000FF000000FF000000FF000000FF000000FF000000FF000000FF000000FF000000FF000000FFA9F922FFA9F922FFA9F922FFA9F922FFA9F922FFA9F922FFA9F922FFA9F922FF000000FF000000FF000000FF000000FF000000FF000000FF000000FF000000FF000000FF000000FF000000FF000000FF000000FF000000FF000000FF000000FF000000FF000000FF000000FF000000FF000000FF000000FF000000FF000000FF000000FF000000FF000000FF000000FF000000FF000000FF000000FF000000FF000000FF000000FF000000FF000000FF000000FF000000FF000000FF000000FF000000FF000000FF000000FF000000FF000000FF000000FF000000FF000000FF000000FF000000FF000000FF000000FF000000FF000000FF000000FF000000FF000000FF000000FF000000FF000000FF000000FF000000FF000000FF000000FF000000FF000000FF000000FF000000FF000000FF000000FF000000FF000000FF000000FF000000FF000000FF000000FF000000FF000000FF000000FF000000FF000000FF000000FF000000FF000000FF000000FF000000FF000000FF000000FF000000FF000000FF000000FF000000FF000000FF000000FF000000FF000000FF000000FF000000FF000000FF000000FF000000FF000000FF000000FF000000FF000000FF000000FF000000FF000000FF000000FF000000FF000000FF000000FF000000FF000000FF000000FF000000FF000000FF000000FF000000FF000000FF000000FF000000FF000000FF000000FF000000FF000000FF000000FF000000FF000000FF000000FF000000FF000000FFA9F922FFA9F922FFA9F922FFA9F922FFA9F922FFA9F922FFA9F922FFA9F922FF000000FF000000FF000000FF000000FF000000FF000000FF000000FF000000FFA9F922FFA9F922FFA9F922FFA9F922FFA9F922FFA9F922FF000000FF000000FF000000FF000000FF000000FF000000FFA9F922FFA9F922FF000000FF000000FF000000FF000000FF000000FF000000FF000000FF000000FF000000FF000000FF000000FF000000FFA9F922FFA9F922FF000000FF000000FF000000FF000000FF000000FF000000FF000000FF000000FF000000FF000000FF000000FF000000FFA9F922FFA9F922FFA9F922FFA9F922FFA9F922FFA9F922FFA9F922FFA9F922FFA9F922FFA9F922FF000000FF000000FF000000FF000000FFA9F922FFA9F922FF000000FF000000FF000000FF000000FF000000FF000000FFA9F922FFA9F922FF000000FF000000FF000000FF000000FF000000FF000000FF000000FF000000FF000000FF000000FF000000FF000000FF000000FF000000FF000000FF000000FF000000FF000000FF000000FF000000FFA9F922FFA9F922FFA9F922FFA9F922FFA9F922FFA9F922FF000000FF000000FF000000FF000000FF000000FF000000FF000000FF000000FF000000FF000000FFA9F922FFA9F922FF000000FF000000FF000000FF000000FF000000FF000000FF000000FF000000FFA9F922FFA9F922FF000000FF000000FF000000FF000000FF000000FF000000FFA9F922FFA9F922FF000000FF000000FF000000FF000000FF000000FF000000FF000000FF000000FFA9F922FFA9F922FF000000FF000000FF000000FF000000FF000000FF000000FF000000FF000000FF000000FF000000FFA9F922FFA9F922FFA9F922FFA9F922FFA9F922FFA9F922FF000000FF000000FF000000FF000000FF000000FF000000FF000000FF000000FFA9F922FFA9F922FFA9F922FFA9F922FFA9F922FFA9F922FF000000FF000000FF000000FF000000FF000000FF000000FF000000FF000000FF000000FF000000FF000000FF000000FF000000FF000000FF000000FF000000FF000000FF000000FF000000FF000000FF000000FF000000FF000000FF000000FF000000FF000000FF000000FF000000FF000000FF000000FF000000FF000000FF000000FF000000FF000000FF000000FF000000FF000000FF000000FF000000FF000000FF000000FF000000FF000000FF000000FF000000FF000000FF000000FF000000FF000000FF000000FF000000FF000000FF000000FF000000FF000000FF000000FF000000FF000000FF000000FF000000FF000000FF000000FF000000FF000000FF000000FF000000FF000000FF000000FF000000FF000000FF000000FF000000FF000000FF000000FF000000FF000000FF000000FF000000FF000000FF000000FF000000FF000000FF000000FF000000FF000000FF000000FF000000FF000000FF000000FF000000FF000000FF000000FF000000FF000000FF000000FF000000FF000000FF000000FF000000FF000000FF000000FF000000FF000000FF000000FF000000FF000000FF000000FF000000FF000000FF000000FF000000FF000000FF000000FF000000FF000000FF000000FF000000FF000000FF000000FF000000FF000000FF000000FF000000FF000000FF000000FF000000FF000000FF000000FF000000FF000000FF000000FF000000FF000000FF000000FF000000FF000000FF000000FF000000FF000000FF000000FF000000FF000000FF000000FF000000FF000000FF000000FF000000FF000000FF000000FF000000FF000000FF000000FF000000FF000000FF000000FF000000FF000000FF000000FF000000FF000000FF000000FF000000FF000000FF000000FF000000FF000000FF000000FF000000FF000000FF000000FF000000FF000000FF000000FF000000FF000000FF000000FF000000FF000000FF000000FF000000FF000000FF000000FF000000FF000000FF000000FF000000FF000000FF000000FF000000FF000000FF000000FF000000FF000000FF000000FF000000FF000000FF000000FF000000FF000000FF000000FF000000FF000000FF000000FF000000FF000000FF000000FF000000FF000000FF000000FF000000FF000000FF000000FF000000FF000000FF000000FF000000FF000000FF000000FF000000FF000000FF000000FF000000FF000000FF000000FF000000FF000000FF000000FF000000FF000000FF000000FF000000FF000000FF000000FF000000FF000000FF000000FF000000FF000000FF000000FF000000FF000000FF000000FF000000FF000000FF000000FF000000FF000000FF000000FF000000FF000000FF000000FF000000FF000000FF000000FF000000FF000000FF000000FF000000FF000000FF000000FF000000FF000000FF000000FF000000FF000000FF000000FF000000FF000000FF000000FF000000FF000000FF000000FF000000FF000000FF000000FF000000FF000000FF000000FF000000FF000000FF000000FF000000FF000000FF000000FF000000FF000000FF000000FF000000FF000000FF000000FF000000FF000000FF000000FF000000FF000000FF000000FF000000FF000000FF000000FF000000FF000000FF000000FF000000FF000000FF000000FF000000FF000000FF000000FF000000FF000000FF000000FF000000FF000000FF000000FF000000FF000000FF000000FF000000FF000000FF000000FF000000FF000000FF000000FF000000FF000000FF000000FF000000FF000000FF000000FF000000FF000000FF000000FF000000FF000000FF000000FF000000FF000000FF000000FF000000FF000000FF000000FF000000FF000000FF000000FF000000FF000000FF000000FF000000FF000000FF000000FF000000FF000000FF000000FF000000FF000000FF000000FF000000FF000000FF000000FF000000FF000000FF000000FF000000FF000000FF000000FF000000FF000000FF000000FF000000FF000000FF000000FF000000FF000000FF000000FF000000FF000000FF000000FF000000FF000000FF000000FF000000FF000000FF000000FF000000FF000000FF000000FF000000FF000000FF000000FF000000FF000000FF000000FF000000FF000000FF000000FF000000FF000000FF000000FF000000FF000000FF000000FF000000FF000000FF000000FF000000FF000000FF000000FF000000FF000000FF000000FF000000FF000000FF000000FF000000FF000000FF000000FF000000FF000000FF000000FF000000FF000000FF000000FF000000FF000000FF000000FF000000FF000000FF000000FF000000FF000000FF000000FF000000FF000000FF000000FF000000FF000000FF000000FF000000FF000000FF000000FF000000FF000000FF000000FF000000FF000000FF000000FF000000FF000000FF000000FF000000FF000000FF000000FF000000FF000000FF000000FF000000FF000000FF000000FF000000FF000000FF000000FF000000FF000000FF000000FF000000FF000000FF000000FF000000FF000000FF000000FF000000FF000000FF000000FF000000FF000000FF000000FF000000FF000000FF000000FF000000FF000000FF000000FF000000FF000000FF000000FF000000FF000000FF000000FF000000FF000000FF000000FF000000FF000000FF000000FF000000FF000000FF000000FF000000FF000000FF000000FF000000FF000000FF000000FF000000FF000000FF000000FF000000FF000000FF000000FF000000FF000000FF000000FF000000FF000000FF000000FF000000FF000000FF000000FF000000FF000000FF000000FF000000FF000000FF000000FF000000FF000000FF000000FF000000FF000000FF000000FF000000FF000000FF000000FF000000FF000000FF000000FF000000FF000000FF000000FF000000FF000000FF000000FF000000FF000000FF000000FF000000FF000000FF000000FF000000FF000000FF000000FF000000FF000000FF000000FF000000FF000000FF000000FF000000FF000000FF000000FF000000FF000000FF000000FF000000FF000000FF000000FF000000FF000000FF000000FF000000FF000000FF000000FF000000FF000000FF000000FF000000FF000000FF000000FF000000FF000000FF000000FF000000FF000000FF000000FF000000FF000000FF000000FF000000FF000000FF000000FF000000FF000000FF000000FF000000FF000000FF000000FF000000FF000000FF000000FF000000FF000000FF000000FF000000FF000000FF000000FF000000FF000000FF000000FF000000FF000000FF000000FF000000FF000000FF000000FF000000FF000000FF000000FF000000FF000000FF000000FF000000FF000000FF000000FF000000FF000000FF000000FF000000FF000000FF000000FF000000FF000000FF000000FF000000FF000000FF000000FF000000FF000000FF000000FF000000FF000000FF000000FF000000FF000000FF000000FF000000FF000000FF000000FF000000FF000000FF000000FF000000FF000000FF000000FF000000FF000000FF000000FF000000FF000000FF000000FF000000FF000000FF000000FF000000FF000000FF000000FF000000FF000000FF000000FF000000FF000000FF000000FF000000FF000000FF000000FF000000FF000000FF000000FF000000FF000000FF000000FF000000FF000000FF000000FF000000FF000000FF000000FF000000FF000000FF000000FF000000FF000000FF000000FF000000FF000000FF000000FF000000FF000000FF000000FF000000FF000000FF000000FF000000FF000000FF000000FF000000FF000000FF000000FF000000FF000000FF000000FF000000FF000000FF000000FF000000FF000000FF000000FF000000FF000000FF000000FF000000FF000000FF000000FF000000FF000000FF000000FF000000FF000000FF000000FF000000FF000000FF000000FF000000FF000000FF000000FF000000FF000000FF000000FF000000FF000000FF000000FF000000FF000000FF000000FF000000FF000000FF000000FF000000FF000000FF000000FF000000FF000000FF000000FF000000FF000000FF000000FF000000FF000000FF000000FF000000FF000000FF000000FF000000FF000000FF000000FF000000FF000000FF000000FF000000FF000000FF000000FF000000FF000000FF000000FF000000FF000000FF000000FF000000FF000000FF000000FF000000FF000000FF000000FF000000FF000000FF000000FF000000FF000000FF000000FF000000FF000000FF000000FF000000FF000000FF000000FF000000FF000000FF000000FF000000FF000000FF000000FF000000FF000000FF000000FF000000FF000000FF000000FF000000FF000000FF000000FF000000FF000000FF000000FF000000FF000000FF000000FF000000FF000000FF000000FF000000FF000000FF000000FF000000FF000000FF000000FF000000FF000000FF000000FF000000FF000000FF000000FF000000FF000000FF000000FF000000FF000000FF000000FF000000FF000000FF000000FF000000FF000000FF000000FF000000FF000000FF000000FF000000FF000000FF000000FF000000FF000000FF000000FF000000FF000000FF000000FF000000FF000000FF000000FF000000FF000000FF000000FF000000FF000000FF000000FF000000FF000000FF000000FF000000FF000000FF000000FF000000FF000000FF000000FF000000FF000000FF000000FF000000FF000000FF000000FF000000FF000000FF000000FF000000FF000000FF000000FF000000FF000000FF000000FF000000FF000000FF000000FF000000FF000000FF000000FF000000FF000000FF000000FF000000FF000000FF000000FF000000FF000000FF000000FF000000FF000000FF000000FF000000FF000000FF000000FF000000FF000000FF000000FF000000FF000000FF000000FF000000FF000000FF000000FF000000FF000000FF000000FF000000FF000000FF000000FF000000FF000000FF000000FF000000FF000000FF000000FF000000FF000000FF000000FF000000FF000000FF000000FF000000FF000000FF000000FF000000FF000000FF000000FF000000FF000000FF000000FF000000FF000000FF000000FF000000FF000000FF000000FF000000FF000000FF000000FF000000FF000000FF000000FF000000FF000000FF000000FF000000FF000000FF000000FF000000FF000000FF000000FF000000FF000000FF000000FF000000FF000000FF000000FF000000FF000000FF000000FF000000FF000000FF000000FF000000FF000000FF000000FF000000FF000000FF000000FF000000FF000000FF000000FF000000FF000000FF000000FF000000FF000000FF000000FF000000FF000000FF000000FF000000FF000000FF000000FF000000FF000000FF000000FF000000FF000000FF000000FF000000FF000000FF000000FF000000FF000000FF000000FF000000FF000000FF000000FF000000FF000000FF000000FF000000FF000000FF000000FF000000FF000000FF000000FF000000FF000000FF000000FF000000FF000000FF000000FF000000FF000000FF000000FF000000FF000000FF000000FF000000FF000000FF000000FF000000FF000000FF000000FF000000FF000000FF000000FF000000FF000000FF000000FF000000FF000000FF000000FF000000FF000000FF000000FF000000FF000000FF000000FF000000FF000000FF000000FF000000FF000000FF000000FF000000FF000000FF000000FF000000FF000000FF000000FF000000FF000000FF000000FF000000FF000000FF000000FF000000FF000000FF000000FF000000FF000000FF000000FF000000FF000000FF000000FF000000FF000000FF000000FF000000FF000000FF000000FF000000FF000000FF000000FF000000FF000000FF000000FF000000FF000000FF000000FF000000FF000000FF000000FF000000FF000000FF000000FF000000FF000000FF000000FF000000FF000000FF000000FF000000FF000000FF000000FF000000FF000000FF000000FF000000FF000000FF000000FF000000FF000000FF000000FF000000FF000000FF000000FF000000FF000000FF000000FF000000FF000000FF000000FF000000FF000000FF000000FF000000FF000000FF000000FF000000FF000000FF000000FF000000FF000000FF000000FF000000FF000000FF000000FF000000FF000000FF000000FF000000FF000000FF000000FF000000FF000000FF000000FF000000FF000000FF000000FF000000FF000000FF000000FF000000FF000000FF000000FF000000FF000000FF000000FF000000FF000000FF000000FF000000FF000000FF000000FF000000FF000000FF000000FF000000FF000000FF000000FF000000FF000000FF000000FF000000FF000000FF000000FF000000FF000000FF000000FF000000FF000000FF000000FF000000FF000000FF000000FF000000FF000000FF000000FF000000FF000000FF000000FF000000FF000000FF000000FF000000FF000000FF000000FF000000FF000000FF000000FF000000FF000000FF000000FF000000FF000000FF000000FF000000FF000000FF000000FF000000FF000000FF000000FF000000FF000000FF000000FF000000FF000000FF000000FF000000FF000000FF000000FF000000FF000000FF000000FF000000FF000000FF000000FF000000FF000000FF000000FF000000FF000000FF000000FF000000FF000000FF000000FF000000FF000000FF000000FF000000FF000000FF000000FF000000FF000000FF000000FF000000FF000000FF000000FF000000FF000000FF000000FF000000FF000000FF000000FF000000FF000000FF000000FF000000FF000000FF000000FF000000FF000000FF000000FF000000FF000000FF000000FF000000FF000000FF000000FF000000FF000000FF000000FF000000FF000000FF000000FF000000FF000000FF000000FF000000FF000000FF000000FF000000FF000000FF000000FF000000FF000000FF000000FF000000FF000000FF000000FF000000FF000000FF000000FF000000FF000000FF000000FF000000FF000000FF000000FF000000FF000000FF000000FF000000FF000000FF000000FF000000FF000000FF000000FF000000FF000000FF000000FF000000FF000000FF000000FF000000FF000000FF000000FF000000FF000000FF000000FF000000FF000000FF000000FF000000FF000000FF000000FF000000FF000000FF000000FF000000FF000000FF000000FF000000FF000000FF000000FF000000FF000000FF000000FF000000FF000000FF000000FF000000FF000000FF000000FF000000FF000000FF000000FF000000FF000000FF000000FF000000FF000000FF000000FF000000FF000000FFA9F922FFA9F922FF000000FF000000FF000000FF000000FF000000FF000000FFA9F922FFA9F922FF000000FF000000FF000000FF000000FF000000FF000000FF000000FF000000FF000000FF000000FF000000FF000000FF000000FF000000FF000000FF000000FF000000FF000000FF000000FF000000FF000000FF000000FF000000FF000000FF000000FF000000FF000000FF000000FF000000FF000000FF000000FF000000FF000000FF000000FF000000FF000000FF000000FF000000FF000000FF000000FF000000FF000000FF000000FF000000FF000000FF000000FF000000FF000000FF000000FF000000FF000000FF000000FF000000FF000000FF000000FF000000FF000000FF000000FF000000FF000000FF000000FF000000FF000000FF000000FF000000FF000000FF000000FF000000FF000000FF000000FF000000FF000000FF000000FF000000FF000000FF000000FF000000FF000000FF000000FF000000FF000000FF000000FF000000FF000000FF000000FF000000FF000000FF000000FF000000FF000000FF000000FF000000FF000000FF000000FF000000FF000000FF000000FF000000FF000000FF000000FF000000FF000000FF000000FF000000FF000000FF000000FF000000FF000000FF000000FF000000FF000000FF000000FF000000FF000000FF000000FF000000FF000000FF000000FF000000FF000000FF000000FF000000FF000000FF000000FF000000FF000000FF000000FF000000FF000000FF000000FF000000FF000000FFA9F922FFA9F922FFA9F922FFA9F922FFA9F922FFA9F922FF000000FF000000FF000000FF000000FF000000FF000000FFA9F922FFA9F922FF000000FF000000FF000000FF000000FF000000FF000000FF000000FF000000FF000000FF000000FF000000FF000000FFA9F922FFA9F922FFA9F922FFA9F922FFA9F922FFA9F922FFA9F922FFA9F922FFA9F922FFA9F922FF000000FF000000FF000000FF000000FF000000FF000000FF000000FF000000FFA9F922FFA9F922FF000000FF000000FF000000FF000000FF000000FF000000FF000000FF000000FFA9F922FFA9F922FFA9F922FFA9F922FFA9F922FFA9F922FFA9F922FFA9F922FF000000FF000000FF000000FF000000FF000000FF000000FF000000FF000000FF000000FF000000FF000000FF000000FF000000FF000000FF000000FF000000FF000000FF000000FF000000FF000000FF000000FF000000FFA9F922FFA9F922FFA9F922FFA9F922FFA9F922FFA9F922FF000000FF000000FF000000FF000000FF000000FF000000FF000000FF000000FFA9F922FFA9F922FFA9F922FFA9F922FFA9F922FFA9F922FF000000FF000000FF000000FF000000FF000000FF000000FFA9F922FFA9F922FFA9F922FFA9F922FFA9F922FFA9F922FFA9F922FFA9F922FF000000FF000000FF000000FF000000FF000000FF000000FFA9F922FFA9F922FFA9F922FFA9F922FFA9F922FFA9F922FFA9F922FFA9F922FFA9F922FFA9F922FF000000FF000000FF000000FF000000FFA9F922FFA9F922FFA9F922FFA9F922FFA9F922FFA9F922FFA9F922FFA9F922FFA9F922FFA9F922FF000000FF000000FF000000FF000000FFA9F922FFA9F922FF000000FF000000FF000000FF000000FF000000FF000000FFA9F922FFA9F922FF000000FF000000FF000000FF000000FF000000FF000000FF000000FF000000FF000000FF000000FF000000FF000000FF000000FF000000FF000000FF000000FF000000FF000000FF000000FF000000FF000000FF000000FF000000FF000000FF000000FF000000FF000000FF000000FF000000FF000000FF000000FF000000FF000000FF000000FF000000FF000000FF000000FF000000FF000000FF000000FF000000FF000000FF000000FF000000FF000000FF000000FF000000FF000000FF000000FF000000FF000000FF000000FF000000FF000000FF000000FF000000FF000000FF000000FF000000FF000000FF000000FF000000FF000000FF000000FF000000FF000000FF000000FF000000FF000000FF000000FF000000FF000000FF000000FF000000FF000000FF000000FF000000FF000000FF000000FF000000FF000000FF000000FF000000FF000000FF000000FF000000FF000000FF000000FF000000FF000000FF000000FF000000FF000000FF000000FF000000FF000000FF000000FF000000FF000000FF000000FF000000FF000000FF000000FF000000FF000000FF000000FF000000FF000000FF000000FF000000FF000000FF000000FF000000FF000000FF000000FF000000FF000000FF000000FF000000FF000000FF000000FF000000FF000000FF000000FF000000FF000000FF000000FF000000FF000000FF000000FF000000FF000000FF000000FF000000FF000000FF000000FF000000FF000000FF000000FF000000FF000000FF000000FF000000FF000000FF000000FF000000FF000000FF000000FF000000FF000000FF000000FF000000FF000000FF000000FF000000FF000000FF000000FF000000FF000000FF000000FF000000FF000000FF000000FF000000FF000000FF000000FF000000FF000000FF000000FF000000FF000000FF000000FF000000FF000000FF000000FF000000FF000000FF000000FF000000FF000000FF000000FF000000FF000000FF000000FF000000FF000000FF000000FF000000FF000000FF000000FF000000FF000000FF000000FF000000FF000000FF000000FF000000FF000000FF000000FF000000FF000000FF000000FF000000FF000000FF000000FF000000FF000000FF000000FF000000FF000000FF000000FF000000FF000000FF000000FF000000FF000000FF000000FF000000FF000000FF000000FF000000FF000000FF000000FF000000FF000000FF000000FF000000FF000000FF000000FF000000FF000000FF000000FF000000FF000000FF000000FF000000FF000000FF000000FF000000FF000000FF000000FF000000FF000000FF000000FF000000FF000000FF000000FF000000FF000000FF000000FF000000FF000000FF000000FF000000FF000000FF000000FFA9F922FFA9F922FF000000FF000000FF000000FF000000FF000000FF000000FFA9F922FFA9F922FF000000FF000000FF000000FF000000FF000000FF000000FF000000FF000000FF000000FF000000FF000000FF000000FF000000FF000000FF000000FF000000FF000000FF000000FF000000FF000000FF000000FF000000FF000000FF000000FF000000FF000000FF000000FF000000FF000000FF000000FF000000FF000000FF000000FF000000FF000000FF000000FF000000FF000000FF000000FF000000FF000000FF000000FF000000FF000000FF000000FF000000FF000000FF000000FF000000FF000000FF000000FF000000FF000000FF000000FF000000FF000000FF000000FF000000FF000000FF000000FF000000FF000000FF000000FF000000FF000000FF000000FF000000FF000000FF000000FF000000FF000000FF000000FF000000FF000000FF000000FF000000FF000000FF000000FF000000FF000000FF000000FF000000FF000000FF000000FF000000FF000000FF000000FF000000FF000000FF000000FF000000FF000000FF000000FF000000FF000000FF000000FF000000FF000000FF000000FF000000FF000000FF000000FF000000FF000000FF000000FF000000FF000000FF000000FF000000FF000000FF000000FF000000FF000000FF000000FF000000FF000000FF000000FF000000FF000000FF000000FF000000FF000000FF000000FF000000FF000000FF000000FF000000FF000000FF000000FF000000FF000000FF000000FFA9F922FFA9F922FFA9F922FFA9F922FFA9F922FFA9F922FF000000FF000000FF000000FF000000FF000000FF000000FFA9F922FFA9F922FF000000FF000000FF000000FF000000FF000000FF000000FF000000FF000000FF000000FF000000FF000000FF000000FFA9F922FFA9F922FFA9F922FFA9F922FFA9F922FFA9F922FFA9F922FFA9F922FFA9F922FFA9F922FF000000FF000000FF000000FF000000FF000000FF000000FF000000FF000000FFA9F922FFA9F922FF000000FF000000FF000000FF000000FF000000FF000000FF000000FF000000FFA9F922FFA9F922FFA9F922FFA9F922FFA9F922FFA9F922FFA9F922FFA9F922FF000000FF000000FF000000FF000000FF000000FF000000FF000000FF000000FF000000FF000000FF000000FF000000FF000000FF000000FF000000FF000000FF000000FF000000FF000000FF000000FF000000FF000000FFA9F922FFA9F922FFA9F922FFA9F922FFA9F922FFA9F922FF000000FF000000FF000000FF000000FF000000FF000000FF000000FF000000FFA9F922FFA9F922FFA9F922FFA9F922FFA9F922FFA9F922FF000000FF000000FF000000FF000000FF000000FF000000FFA9F922FFA9F922FFA9F922FFA9F922FFA9F922FFA9F922FFA9F922FFA9F922FF000000FF000000FF000000FF000000FF000000FF000000FFA9F922FFA9F922FFA9F922FFA9F922FFA9F922FFA9F922FFA9F922FFA9F922FFA9F922FFA9F922FF000000FF000000FF000000FF000000FFA9F922FFA9F922FFA9F922FFA9F922FFA9F922FFA9F922FFA9F922FFA9F922FFA9F922FFA9F922FF000000FF000000FF000000FF000000FFA9F922FFA9F922FF000000FF000000FF000000FF000000FF000000FF000000FFA9F922FFA9F922FF000000FF000000FF000000FF000000FF000000FF000000FF000000FF000000FF000000FF000000FF000000FF000000FF000000FF000000FF000000FF000000FF000000FF000000FF000000FF000000FF000000FF000000FF000000FF000000FF000000FF000000FF000000FF000000FF000000FF000000FF000000FF000000FF000000FF000000FF000000FF000000FF000000FF000000FF000000FF000000FF000000FF000000FF000000FF000000FF000000FF000000FF000000FF000000FF000000FF000000FF000000FF000000FF000000FF000000FF000000FF000000FF000000FF000000FF000000FF000000FF000000FF000000FF000000FF000000FF000000FF000000FF000000FF000000FF000000FF000000FF000000FF000000FF000000FF000000FF000000FF000000FF000000FF000000FF000000FF000000FF000000FF000000FF000000FF000000FF000000FF000000FF000000FF000000FF000000FF000000FF000000FF000000FF000000FF000000FF000000FF000000FF000000FF000000FF000000FF000000FF000000FF000000FF000000FF000000FF000000FF000000FF000000FF000000FF000000FF000000FF000000FF000000FF000000FF000000FF000000FF000000FF000000FF000000FF000000FF000000FF000000FF000000FF000000FF000000FF000000FF000000FF000000FF000000FF000000FF000000FF000000FF000000FF000000FF000000FF000000FF000000FF000000FF000000FF000000FF000000FF000000FF000000FF000000FF000000FF000000FF000000FF000000FF000000FF000000FF000000FF000000FF000000FF000000FF000000FF000000FF000000FF000000FF000000FF000000FF000000FF000000FF000000FF000000FF000000FF000000FF000000FF000000FF000000FF000000FF000000FF000000FF000000FF000000FF000000FF000000FF000000FF000000FF000000FF000000FF000000FF000000FF000000FF000000FF000000FF000000FF000000FF000000FF000000FF000000FF000000FF000000FF000000FF000000FF000000FF000000FF000000FF000000FF000000FF000000FF000000FF000000FF000000FF000000FF000000FF000000FF000000FF000000FF000000FF000000FF000000FF000000FF000000FF000000FF000000FF000000FF000000FF000000FF000000FF000000FF000000FF000000FF000000FF000000FF000000FF000000FF000000FF000000FF000000FF000000FF000000FF000000FF000000FF000000FF000000FF000000FF000000FF000000FF000000FF000000FF000000FF000000FF000000FF000000FF000000FF000000FF000000FF000000FF000000FF000000FF000000FF000000FF000000FF000000FF000000FF000000FF000000FFA9F922FFA9F922FF000000FF000000FF000000FF000000FF000000FF000000FFA9F922FFA9F922FF000000FF000000FF000000FF000000FF000000FF000000FF000000FF000000FF000000FF000000FF000000FF000000FF000000FF000000FF000000FF000000FF000000FF000000FF000000FF000000FF000000FF000000FF000000FF000000FF000000FF000000FF000000FF000000FF000000FF000000FF000000FF000000FF000000FF000000FF000000FF000000FF000000FF000000FF000000FF000000FF000000FF000000FF000000FF000000FF000000FF000000FF000000FF000000FF000000FF000000FF000000FF000000FF000000FF000000FF000000FF000000FF000000FF000000FF000000FF000000FF000000FF000000FF000000FF000000FF000000FF000000FF000000FF000000FF000000FF000000FF000000FF000000FF000000FF000000FF000000FF000000FF000000FF000000FF000000FF000000FF000000FF000000FF000000FF000000FF000000FF000000FF000000FF000000FF000000FF000000FF000000FF000000FF000000FF000000FF000000FF000000FF000000FF000000FF000000FF000000FF000000FF000000FF000000FF000000FF000000FF000000FF000000FF000000FF000000FF000000FF000000FF000000FF000000FF000000FF000000FF000000FF000000FF000000FF000000FF000000FF000000FF000000FF000000FF000000FF000000FF000000FF000000FF000000FF000000FF000000FFA9F922FFA9F922FF000000FF000000FF000000FF000000FF000000FF000000FFA9F922FFA9F922FF000000FF000000FF000000FF000000FFA9F922FFA9F922FF000000FF000000FF000000FF000000FF000000FF000000FF000000FF000000FF000000FF000000FF000000FF000000FFA9F922FFA9F922FF000000FF000000FF000000FF000000FF000000FF000000FF000000FF000000FF000000FF000000FF000000FF000000FF000000FF000000FFA9F922FFA9F922FF000000FF000000FFA9F922FFA9F922FF000000FF000000FF000000FF000000FF000000FF000000FFA9F922FFA9F922FF000000FF000000FF000000FF000000FF000000FF000000FFA9F922FFA9F922FF000000FF000000FF000000FF000000FF000000FF000000FF000000FF000000FF000000FF000000FF000000FF000000FF000000FF000000FF000000FF000000FF000000FF000000FFA9F922FFA9F922FF000000FF000000FF000000FF000000FF000000FF000000FFA9F922FFA9F922FF000000FF000000FF000000FF000000FFA9F922FFA9F922FF000000FF000000FF000000FF000000FF000000FF000000FFA9F922FFA9F922FF000000FF000000FF000000FF000000FFA9F922FFA9F922FF000000FF000000FF000000FF000000FF000000FF000000FFA9F922FFA9F922FF000000FF000000FF000000FF000000FFA9F922FFA9F922FF000000FF000000FF000000FF000000FF000000FF000000FF000000FF000000FF000000FF000000FF000000FF000000FFA9F922FFA9F922FF000000FF000000FF000000FF000000FF000000FF000000FF000000FF000000FF000000FF000000FF000000FF000000FFA9F922FFA9F922FF000000FF000000FF000000FF000000FF000000FF000000FFA9F922FFA9F922FF000000FF000000FF000000FF000000FF000000FF000000FF000000FF000000FF000000FF000000FF000000FF000000FF000000FF000000FF000000FF000000FF000000FF000000FF000000FF000000FF000000FF000000FF000000FF000000FF000000FF000000FF000000FF000000FF000000FF000000FF000000FF000000FF000000FF000000FF000000FF000000FF000000FF000000FF000000FF000000FF000000FF000000FF000000FF000000FF000000FF000000FF000000FF000000FF000000FF000000FF000000FF000000FF000000FF000000FF000000FF000000FF000000FF000000FF000000FF000000FF000000FF000000FF000000FF000000FF000000FF000000FF000000FF000000FF000000FF000000FF000000FF000000FF000000FF000000FF000000FF000000FF000000FF000000FF000000FF000000FF000000FF000000FF000000FF000000FF000000FF000000FF000000FF000000FF000000FF000000FF000000FF000000FF000000FF000000FF000000FF000000FF000000FF000000FF000000FF000000FF000000FF000000FF000000FF000000FF000000FF000000FF000000FF000000FF000000FF000000FF000000FF000000FF000000FF000000FF000000FF000000FF000000FF000000FF000000FF000000FF000000FF000000FF000000FF000000FF000000FF000000FF000000FF000000FF000000FF000000FF000000FF000000FF000000FF000000FF000000FF000000FF000000FF000000FF000000FF000000FF000000FF000000FF000000FF000000FF000000FF000000FF000000FF000000FF000000FF000000FF000000FF000000FF000000FF000000FF000000FF000000FF000000FF000000FF000000FF000000FF000000FF000000FF000000FF000000FF000000FF000000FF000000FF000000FF000000FF000000FF000000FF000000FF000000FF000000FF000000FF000000FF000000FF000000FF000000FF000000FF000000FF000000FF000000FF000000FF000000FF000000FF000000FF000000FF000000FF000000FF000000FF000000FF000000FF000000FF000000FF000000FF000000FF000000FF000000FF000000FF000000FF000000FF000000FF000000FF000000FF000000FF000000FF000000FF000000FF000000FF000000FF000000FF000000FF000000FF000000FF000000FF000000FF000000FF000000FF000000FF000000FF000000FF000000FF000000FF000000FF000000FF000000FF000000FF000000FF000000FF000000FF000000FF000000FF000000FF000000FF000000FF000000FF000000FF000000FF000000FF000000FF000000FF000000FF000000FF000000FF000000FF000000FF000000FF000000FF000000FF000000FF000000FF000000FF000000FF000000FF000000FFA9F922FFA9F922FF000000FF000000FF000000FF000000FF000000FF000000FFA9F922FFA9F922FF000000FF000000FF000000FF000000FF000000FF000000FF000000FF000000FF000000FF000000FF000000FF000000FF000000FF000000FF000000FF000000FF000000FF000000FF000000FF000000FF000000FF000000FF000000FF000000FF000000FF000000FF000000FF000000FF000000FF000000FF000000FF000000FF000000FF000000FF000000FF000000FF000000FF000000FF000000FF000000FF000000FF000000FF000000FF000000FF000000FF000000FF000000FF000000FF000000FF000000FF000000FF000000FF000000FF000000FF000000FF000000FF000000FF000000FF000000FF000000FF000000FF000000FF000000FF000000FF000000FF000000FF000000FF000000FF000000FF000000FF000000FF000000FF000000FF000000FF000000FF000000FF000000FF000000FF000000FF000000FF000000FF000000FF000000FF000000FF000000FF000000FF000000FF000000FF000000FF000000FF000000FF000000FF000000FF000000FF000000FF000000FF000000FF000000FF000000FF000000FF000000FF000000FF000000FF000000FF000000FF000000FF000000FF000000FF000000FF000000FF000000FF000000FF000000FF000000FF000000FF000000FF000000FF000000FF000000FF000000FF000000FF000000FF000000FF000000FF000000FF000000FF000000FF000000FF000000FF000000FFA9F922FFA9F922FF000000FF000000FF000000FF000000FF000000FF000000FFA9F922FFA9F922FF000000FF000000FF000000FF000000FFA9F922FFA9F922FF000000FF000000FF000000FF000000FF000000FF000000FF000000FF000000FF000000FF000000FF000000FF000000FFA9F922FFA9F922FF000000FF000000FF000000FF000000FF000000FF000000FF000000FF000000FF000000FF000000FF000000FF000000FF000000FF000000FFA9F922FFA9F922FF000000FF000000FFA9F922FFA9F922FF000000FF000000FF000000FF000000FF000000FF000000FFA9F922FFA9F922FF000000FF000000FF000000FF000000FF000000FF000000FFA9F922FFA9F922FF000000FF000000FF000000FF000000FF000000FF000000FF000000FF000000FF000000FF000000FF000000FF000000FF000000FF000000FF000000FF000000FF000000FF000000FFA9F922FFA9F922FF000000FF000000FF000000FF000000FF000000FF000000FFA9F922FFA9F922FF000000FF000000FF000000FF000000FFA9F922FFA9F922FF000000FF000000FF000000FF000000FF000000FF000000FFA9F922FFA9F922FF000000FF000000FF000000FF000000FFA9F922FFA9F922FF000000FF000000FF000000FF000000FF000000FF000000FFA9F922FFA9F922FF000000FF000000FF000000FF000000FFA9F922FFA9F922FF000000FF000000FF000000FF000000FF000000FF000000FF000000FF000000FF000000FF000000FF000000FF000000FFA9F922FFA9F922FF000000FF000000FF000000FF000000FF000000FF000000FF000000FF000000FF000000FF000000FF000000FF000000FFA9F922FFA9F922FF000000FF000000FF000000FF000000FF000000FF000000FFA9F922FFA9F922FF000000FF000000FF000000FF000000FF000000FF000000FF000000FF000000FF000000FF000000FF000000FF000000FF000000FF000000FF000000FF000000FF000000FF000000FF000000FF000000FF000000FF000000FF000000FF000000FF000000FF000000FF000000FF000000FF000000FF000000FF000000FF000000FF000000FF000000FF000000FF000000FF000000FF000000FF000000FF000000FF000000FF000000FF000000FF000000FF000000FF000000FF000000FF000000FF000000FF000000FF000000FF000000FF000000FF000000FF000000FF000000FF000000FF000000FF000000FF000000FF000000FF000000FF000000FF000000FF000000FF000000FF000000FF000000FF000000FF000000FF000000FF000000FF000000FF000000FF000000FF000000FF000000FF000000FF000000FF000000FF000000FF000000FF000000FF000000FF000000FF000000FF000000FF000000FF000000FF000000FF000000FF000000FF000000FF000000FF000000FF000000FF000000FF000000FF000000FF000000FF000000FF000000FF000000FF000000FF000000FF000000FF000000FF000000FF000000FF000000FF000000FF000000FF000000FF000000FF000000FF000000FF000000FF000000FF000000FF000000FF000000FF000000FF000000FF000000FF000000FF000000FF000000FF000000FF000000FF000000FF000000FF000000FF000000FF000000FF000000FF000000FF000000FF000000FF000000FF000000FF000000FF000000FF000000FF000000FF000000FF000000FF000000FF000000FF000000FF000000FF000000FF000000FF000000FF000000FF000000FF000000FF000000FF000000FF000000FF000000FF000000FF000000FF000000FF000000FF000000FF000000FF000000FF000000FF000000FF000000FF000000FF000000FF000000FF000000FF000000FF000000FF000000FF000000FF000000FF000000FF000000FF000000FF000000FF000000FF000000FF000000FF000000FF000000FF000000FF000000FF000000FF000000FF000000FF000000FF000000FF000000FF000000FF000000FF000000FF000000FF000000FF000000FF000000FF000000FF000000FF000000FF000000FF000000FF000000FF000000FF000000FF000000FF000000FF000000FF000000FF000000FF000000FF000000FF000000FF000000FF000000FF000000FF000000FF000000FF000000FF000000FF000000FF000000FF000000FF000000FF000000FF000000FF000000FF000000FF000000FF000000FF000000FF000000FF000000FF000000FF000000FF000000FF000000FF000000FF000000FF000000FF000000FF000000FF000000FF000000FF000000FF000000FF000000FF000000FF000000FF000000FFA9F922FFA9F922FF000000FF000000FF000000FF000000FF000000FF000000FFA9F922FFA9F922FF000000FF000000FF000000FF000000FF000000FF000000FF000000FF000000FF000000FF000000FF000000FF000000FF000000FF000000FF000000FF000000FF000000FF000000FF000000FF000000FF000000FF000000FF000000FF000000FF000000FF000000FF000000FF000000FF000000FF000000FF000000FF000000FF000000FF000000FF000000FF000000FF000000FF000000FF000000FF000000FF000000FF000000FF000000FF000000FF000000FF000000FF000000FF000000FF000000FF000000FF000000FF000000FF000000FF000000FF000000FF000000FF000000FF000000FF000000FF000000FF000000FF000000FF000000FF000000FF000000FF000000FF000000FF000000FF000000FF000000FF000000FF000000FF000000FF000000FF000000FF000000FF000000FF000000FF000000FF000000FF000000FF000000FF000000FF000000FF000000FF000000FF000000FF000000FF000000FF000000FF000000FF000000FF000000FF000000FF000000FF000000FF000000FF000000FF000000FF000000FF000000FF000000FF000000FF000000FF000000FF000000FFA9F922FFA9F922FF000000FF000000FF000000FF000000FF000000FF000000FF000000FF000000FF000000FF000000FF000000FF000000FF000000FF000000FF000000FF000000FF000000FF000000FF000000FF000000FF000000FF000000FFA9F922FFA9F922FF000000FF000000FF000000FF000000FF000000FF000000FF000000FF000000FF000000FF000000FF000000FF000000FFA9F922FFA9F922FF000000FF000000FF000000FF000000FF000000FF000000FF000000FF000000FF000000FF000000FF000000FF000000FFA9F922FFA9F922FF000000FF000000FF000000FF000000FF000000FF000000FF000000FF000000FF000000FF000000FF000000FF000000FFA9F922FFA9F922FF000000FF000000FF000000FF000000FF000000FF000000FFA9F922FFA9F922FF000000FF000000FF000000FF000000FFA9F922FFA9F922FF000000FF000000FF000000FF000000FF000000FF000000FFA9F922FFA9F922FF000000FF000000FF000000FF000000FF000000FF000000FF000000FF000000FF000000FF000000FF000000FF000000FF000000FF000000FF000000FF000000FF000000FF000000FFA9F922FFA9F922FF000000FF000000FF000000FF000000FF000000FF000000FF000000FF000000FF000000FF000000FF000000FF000000FFA9F922FFA9F922FF000000FF000000FF000000FF000000FF000000FF000000FF000000FF000000FF000000FF000000FF000000FF000000FFA9F922FFA9F922FF000000FF000000FF000000FF000000FF000000FF000000FFA9F922FFA9F922FF000000FF000000FF000000FF000000FFA9F922FFA9F922FF000000FF000000FF000000FF000000FF000000FF000000FF000000FF000000FF000000FF000000FF000000FF000000FFA9F922FFA9F922FF000000FF000000FF000000FF000000FF000000FF000000FF000000FF000000FF000000FF000000FF000000FF000000FFA9F922FFA9F922FFA9F922FFA9F922FF000000FF000000FF000000FF000000FFA9F922FFA9F922FF000000FF000000FF000000FF000000FF000000FF000000FF000000FF000000FF000000FF000000FF000000FF000000FF000000FF000000FF000000FF000000FF000000FF000000FF000000FF000000FF000000FF000000FF000000FF000000FF000000FF000000FF000000FF000000FF000000FF000000FF000000FF000000FF000000FF000000FF000000FF000000FF000000FF000000FF000000FF000000FF000000FF000000FF000000FF000000FF000000FF000000FF000000FF000000FF000000FF000000FF000000FF000000FF000000FF000000FF000000FF000000FF000000FF000000FF000000FF000000FF000000FF000000FF000000FF000000FF000000FF000000FF000000FF000000FF000000FF000000FF000000FF000000FF000000FF000000FF000000FF000000FF000000FF000000FF000000FF000000FF000000FF000000FF000000FF000000FF000000FF000000FF000000FF000000FF000000FF000000FF000000FF000000FF000000FF000000FF000000FF000000FF000000FF000000FF000000FF000000FF000000FF000000FF000000FF000000FF000000FF000000FF000000FF000000FF000000FF000000FF000000FF000000FF000000FF000000FF000000FF000000FF000000FF000000FF000000FF000000FF000000FF000000FF000000FF000000FF000000FF000000FF000000FF000000FF000000FF000000FF000000FF000000FF000000FF000000FF000000FF000000FF000000FF000000FF000000FF000000FF000000FF000000FF000000FF000000FF000000FF000000FF000000FF000000FF000000FF000000FF000000FF000000FF000000FF000000FF000000FF000000FF000000FF000000FF000000FF000000FF000000FF000000FF000000FF000000FF000000FF000000FF000000FF000000FF000000FF000000FF000000FF000000FF000000FF000000FF000000FF000000FF000000FF000000FF000000FF000000FF000000FF000000FF000000FF000000FF000000FF000000FF000000FF000000FF000000FF000000FF000000FF000000FF000000FF000000FF000000FF000000FF000000FF000000FF000000FF000000FF000000FF000000FF000000FF000000FF000000FF000000FF000000FF000000FF000000FF000000FF000000FF000000FF000000FF000000FF000000FF000000FF000000FF000000FF000000FF000000FF000000FF000000FF000000FF000000FF000000FF000000FF000000FF000000FF000000FF000000FF000000FF000000FF000000FF000000FF000000FF000000FF000000FF000000FF000000FF000000FF000000FF000000FF000000FF000000FF000000FF000000FF000000FF000000FF000000FF000000FF000000FF000000FF000000FF000000FF000000FF000000FFA9F922FFA9F922FF000000FF000000FF000000FF000000FF000000FF000000FFA9F922FFA9F922FF000000FF000000FF000000FF000000FF000000FF000000FF000000FF000000FF000000FF000000FF000000FF000000FF000000FF000000FF000000FF000000FF000000FF000000FF000000FF000000FF000000FF000000FF000000FF000000FF000000FF000000FF000000FF000000FF000000FF000000FF000000FF000000FF000000FF000000FF000000FF000000FF000000FF000000FF000000FF000000FF000000FF000000FF000000FF000000FF000000FF000000FF000000FF000000FF000000FF000000FF000000FF000000FF000000FF000000FF000000FF000000FF000000FF000000FF000000FF000000FF000000FF000000FF000000FF000000FF000000FF000000FF000000FF000000FF000000FF000000FF000000FF000000FF000000FF000000FF000000FF000000FF000000FF000000FF000000FF000000FF000000FF000000FF000000FF000000FF000000FF000000FF000000FF000000FF000000FF000000FF000000FF000000FF000000FF000000FF000000FF000000FF000000FF000000FF000000FF000000FF000000FF000000FF000000FF000000FF000000FF000000FFA9F922FFA9F922FF000000FF000000FF000000FF000000FF000000FF000000FF000000FF000000FF000000FF000000FF000000FF000000FF000000FF000000FF000000FF000000FF000000FF000000FF000000FF000000FF000000FF000000FFA9F922FFA9F922FF000000FF000000FF000000FF000000FF000000FF000000FF000000FF000000FF000000FF000000FF000000FF000000FFA9F922FFA9F922FF000000FF000000FF000000FF000000FF000000FF000000FF000000FF000000FF000000FF000000FF000000FF000000FFA9F922FFA9F922FF000000FF000000FF000000FF000000FF000000FF000000FF000000FF000000FF000000FF000000FF000000FF000000FFA9F922FFA9F922FF000000FF000000FF000000FF000000FF000000FF000000FFA9F922FFA9F922FF000000FF000000FF000000FF000000FFA9F922FFA9F922FF000000FF000000FF000000FF000000FF000000FF000000FFA9F922FFA9F922FF000000FF000000FF000000FF000000FF000000FF000000FF000000FF000000FF000000FF000000FF000000FF000000FF000000FF000000FF000000FF000000FF000000FF000000FFA9F922FFA9F922FF000000FF000000FF000000FF000000FF000000FF000000FF000000FF000000FF000000FF000000FF000000FF000000FFA9F922FFA9F922FF000000FF000000FF000000FF000000FF000000FF000000FF000000FF000000FF000000FF000000FF000000FF000000FFA9F922FFA9F922FF000000FF000000FF000000FF000000FF000000FF000000FFA9F922FFA9F922FF000000FF000000FF000000FF000000FFA9F922FFA9F922FF000000FF000000FF000000FF000000FF000000FF000000FF000000FF000000FF000000FF000000FF000000FF000000FFA9F922FFA9F922FF000000FF000000FF000000FF000000FF000000FF000000FF000000FF000000FF000000FF000000FF000000FF000000FFA9F922FFA9F922FFA9F922FFA9F922FF000000FF000000FF000000FF000000FFA9F922FFA9F922FF000000FF000000FF000000FF000000FF000000FF000000FF000000FF000000FF000000FF000000FF000000FF000000FF000000FF000000FF000000FF000000FF000000FF000000FF000000FF000000FF000000FF000000FF000000FF000000FF000000FF000000FF000000FF000000FF000000FF000000FF000000FF000000FF000000FF000000FF000000FF000000FF000000FF000000FF000000FF000000FF000000FF000000FF000000FF000000FF000000FF000000FF000000FF000000FF000000FF000000FF000000FF000000FF000000FF000000FF000000FF000000FF000000FF000000FF000000FF000000FF000000FF000000FF000000FF000000FF000000FF000000FF000000FF000000FF000000FF000000FF000000FF000000FF000000FF000000FF000000FF000000FF000000FF000000FF000000FF000000FF000000FF000000FF000000FF000000FF000000FF000000FF000000FF000000FF000000FF000000FF000000FF000000FF000000FF000000FF000000FF000000FF000000FF000000FF000000FF000000FF000000FF000000FF000000FF000000FF000000FF000000FF000000FF000000FF000000FF000000FF000000FF000000FF000000FF000000FF000000FF000000FF000000FF000000FF000000FF000000FF000000FF000000FF000000FF000000FF000000FF000000FF000000FF000000FF000000FF000000FF000000FF000000FF000000FF000000FF000000FF000000FF000000FF000000FF000000FF000000FF000000FF000000FF000000FF000000FF000000FF000000FF000000FF000000FF000000FF000000FF000000FF000000FF000000FF000000FF000000FF000000FF000000FF000000FF000000FF000000FF000000FF000000FF000000FF000000FF000000FF000000FF000000FF000000FF000000FF000000FF000000FF000000FF000000FF000000FF000000FF000000FF000000FF000000FF000000FF000000FF000000FF000000FF000000FF000000FF000000FF000000FF000000FF000000FF000000FF000000FF000000FF000000FF000000FF000000FF000000FF000000FF000000FF000000FF000000FF000000FF000000FF000000FF000000FF000000FF000000FF000000FF000000FF000000FF000000FF000000FF000000FF000000FF000000FF000000FF000000FF000000FF000000FF000000FF000000FF000000FF000000FF000000FF000000FF000000FF000000FF000000FF000000FF000000FF000000FF000000FF000000FF000000FF000000FF000000FF000000FF000000FF000000FF000000FF000000FF000000FF000000FF000000FF000000FF000000FF000000FF000000FF000000FF000000FF000000FF000000FF000000FF000000FF000000FF000000FF000000FF000000FFA9F922FFA9F922FFA9F922FFA9F922FFA9F922FFA9F922FFA9F922FFA9F922FFA9F922FFA9F922FF000000FF000000FF000000FF000000FF000000FF000000FF000000FF000000FF000000FF000000FF000000FF000000FF000000FF000000FF000000FF000000FF000000FF000000FF000000FF000000FF000000FF000000FF000000FF000000FF000000FF000000FF000000FF000000FF000000FF000000FF000000FF000000FF000000FF000000FF000000FF000000FF000000FF000000FF000000FF000000FF000000FF000000FF000000FF000000FF000000FF000000FF000000FF000000FF000000FF000000FF000000FF000000FF000000FF000000FF000000FF000000FF000000FF000000FF000000FF000000FF000000FF000000FF000000FF000000FF000000FF000000FF000000FF000000FF000000FF000000FF000000FF000000FF000000FF000000FF000000FF000000FF000000FF000000FF000000FF000000FF000000FF000000FF000000FF000000FF000000FF000000FF000000FF000000FF000000FF000000FF000000FF000000FF000000FF000000FF000000FF000000FF000000FF000000FF000000FF000000FF000000FF000000FF000000FF000000FF000000FF000000FF000000FF000000FF000000FF000000FF000000FF000000FF000000FF000000FF000000FF000000FF000000FF000000FF000000FF000000FF000000FF000000FF000000FF000000FF000000FF000000FF000000FF000000FF000000FF000000FFA9F922FFA9F922FF000000FF000000FF000000FF000000FF000000FF000000FF000000FF000000FF000000FF000000FF000000FF000000FFA9F922FFA9F922FF000000FF000000FF000000FF000000FF000000FF000000FF000000FF000000FF000000FF000000FF000000FF000000FFA9F922FFA9F922FFA9F922FFA9F922FFA9F922FFA9F922FFA9F922FFA9F922FF000000FF000000FF000000FF000000FF000000FF000000FFA9F922FFA9F922FF000000FF000000FF000000FF000000FF000000FF000000FFA9F922FFA9F922FF000000FF000000FF000000FF000000FFA9F922FFA9F922FFA9F922FFA9F922FFA9F922FFA9F922FFA9F922FFA9F922FF000000FF000000FF000000FF000000FF000000FF000000FF000000FF000000FF000000FF000000FF000000FF000000FF000000FF000000FF000000FF000000FF000000FF000000FF000000FF000000FF000000FF000000FFA9F922FFA9F922FFA9F922FFA9F922FFA9F922FFA9F922FF000000FF000000FF000000FF000000FF000000FF000000FFA9F922FFA9F922FF000000FF000000FF000000FF000000FF000000FF000000FF000000FF000000FF000000FF000000FF000000FF000000FFA9F922FFA9F922FFA9F922FFA9F922FFA9F922FFA9F922FFA9F922FFA9F922FF000000FF000000FF000000FF000000FF000000FF000000FFA9F922FFA9F922FFA9F922FFA9F922FFA9F922FFA9F922FFA9F922FFA9F922FF000000FF000000FF000000FF000000FF000000FF000000FFA9F922FFA9F922FFA9F922FFA9F922FFA9F922FFA9F922FFA9F922FFA9F922FF000000FF000000FF000000FF000000FF000000FF000000FFA9F922FFA9F922FF000000FF000000FFA9F922FFA9F922FF000000FF000000FFA9F922FFA9F922FF000000FF000000FF000000FF000000FF000000FF000000FF000000FF000000FF000000FF000000FF000000FF000000FF000000FF000000FF000000FF000000FF000000FF000000FF000000FF000000FF000000FF000000FF000000FF000000FF000000FF000000FF000000FF000000FF000000FF000000FF000000FF000000FF000000FF000000FF000000FF000000FF000000FF000000FF000000FF000000FF000000FF000000FF000000FF000000FF000000FF000000FF000000FF000000FF000000FF000000FF000000FF000000FF000000FF000000FF000000FF000000FF000000FF000000FF000000FF000000FF000000FF000000FF000000FF000000FF000000FF000000FF000000FF000000FF000000FF000000FF000000FF000000FF000000FF000000FF000000FF000000FF000000FF000000FF000000FF000000FF000000FF000000FF000000FF000000FF000000FF000000FF000000FF000000FF000000FF000000FF000000FF000000FF000000FF000000FF000000FF000000FF000000FF000000FF000000FF000000FF000000FF000000FF000000FF000000FF000000FF000000FF000000FF000000FF000000FF000000FF000000FF000000FF000000FF000000FF000000FF000000FF000000FF000000FF000000FF000000FF000000FF000000FF000000FF000000FF000000FF000000FF000000FF000000FF000000FF000000FF000000FF000000FF000000FF000000FF000000FF000000FF000000FF000000FF000000FF000000FF000000FF000000FF000000FF000000FF000000FF000000FF000000FF000000FF000000FF000000FF000000FF000000FF000000FF000000FF000000FF000000FF000000FF000000FF000000FF000000FF000000FF000000FF000000FF000000FF000000FF000000FF000000FF000000FF000000FF000000FF000000FF000000FF000000FF000000FF000000FF000000FF000000FF000000FF000000FF000000FF000000FF000000FF000000FF000000FF000000FF000000FF000000FF000000FF000000FF000000FF000000FF000000FF000000FF000000FF000000FF000000FF000000FF000000FF000000FF000000FF000000FF000000FF000000FF000000FF000000FF000000FF000000FF000000FF000000FF000000FF000000FF000000FF000000FF000000FF000000FF000000FF000000FF000000FF000000FF000000FF000000FF000000FF000000FF000000FF000000FF000000FF000000FF000000FF000000FF000000FF000000FF000000FF000000FF000000FF000000FF000000FF000000FF000000FF000000FF000000FF000000FF000000FF000000FF000000FF000000FF000000FF000000FF000000FF000000FF000000FF000000FF000000FF000000FF000000FF000000FF000000FFA9F922FFA9F922FFA9F922FFA9F922FFA9F922FFA9F922FFA9F922FFA9F922FFA9F922FFA9F922FF000000FF000000FF000000FF000000FF000000FF000000FF000000FF000000FF000000FF000000FF000000FF000000FF000000FF000000FF000000FF000000FF000000FF000000FF000000FF000000FF000000FF000000FF000000FF000000FF000000FF000000FF000000FF000000FF000000FF000000FF000000FF000000FF000000FF000000FF000000FF000000FF000000FF000000FF000000FF000000FF000000FF000000FF000000FF000000FF000000FF000000FF000000FF000000FF000000FF000000FF000000FF000000FF000000FF000000FF000000FF000000FF000000FF000000FF000000FF000000FF000000FF000000FF000000FF000000FF000000FF000000FF000000FF000000FF000000FF000000FF000000FF000000FF000000FF000000FF000000FF000000FF000000FF000000FF000000FF000000FF000000FF000000FF000000FF000000FF000000FF000000FF000000FF000000FF000000FF000000FF000000FF000000FF000000FF000000FF000000FF000000FF000000FF000000FF000000FF000000FF000000FF000000FF000000FF000000FF000000FF000000FF000000FF000000FF000000FF000000FF000000FF000000FF000000FF000000FF000000FF000000FF000000FF000000FF000000FF000000FF000000FF000000FF000000FF000000FF000000FF000000FF000000FF000000FF000000FF000000FFA9F922FFA9F922FF000000FF000000FF000000FF000000FF000000FF000000FF000000FF000000FF000000FF000000FF000000FF000000FFA9F922FFA9F922FF000000FF000000FF000000FF000000FF000000FF000000FF000000FF000000FF000000FF000000FF000000FF000000FFA9F922FFA9F922FFA9F922FFA9F922FFA9F922FFA9F922FFA9F922FFA9F922FF000000FF000000FF000000FF000000FF000000FF000000FFA9F922FFA9F922FF000000FF000000FF000000FF000000FF000000FF000000FFA9F922FFA9F922FF000000FF000000FF000000FF000000FFA9F922FFA9F922FFA9F922FFA9F922FFA9F922FFA9F922FFA9F922FFA9F922FF000000FF000000FF000000FF000000FF000000FF000000FF000000FF000000FF000000FF000000FF000000FF000000FF000000FF000000FF000000FF000000FF000000FF000000FF000000FF000000FF000000FF000000FFA9F922FFA9F922FFA9F922FFA9F922FFA9F922FFA9F922FF000000FF000000FF000000FF000000FF000000FF000000FFA9F922FFA9F922FF000000FF000000FF000000FF000000FF000000FF000000FF000000FF000000FF000000FF000000FF000000FF000000FFA9F922FFA9F922FFA9F922FFA9F922FFA9F922FFA9F922FFA9F922FFA9F922FF000000FF000000FF000000FF000000FF000000FF000000FFA9F922FFA9F922FFA9F922FFA9F922FFA9F922FFA9F922FFA9F922FFA9F922FF000000FF000000FF000000FF000000FF000000FF000000FFA9F922FFA9F922FFA9F922FFA9F922FFA9F922FFA9F922FFA9F922FFA9F922FF000000FF000000FF000000FF000000FF000000FF000000FFA9F922FFA9F922FF000000FF000000FFA9F922FFA9F922FF000000FF000000FFA9F922FFA9F922FF000000FF000000FF000000FF000000FF000000FF000000FF000000FF000000FF000000FF000000FF000000FF000000FF000000FF000000FF000000FF000000FF000000FF000000FF000000FF000000FF000000FF000000FF000000FF000000FF000000FF000000FF000000FF000000FF000000FF000000FF000000FF000000FF000000FF000000FF000000FF000000FF000000FF000000FF000000FF000000FF000000FF000000FF000000FF000000FF000000FF000000FF000000FF000000FF000000FF000000FF000000FF000000FF000000FF000000FF000000FF000000FF000000FF000000FF000000FF000000FF000000FF000000FF000000FF000000FF000000FF000000FF000000FF000000FF000000FF000000FF000000FF000000FF000000FF000000FF000000FF000000FF000000FF000000FF000000FF000000FF000000FF000000FF000000FF000000FF000000FF000000FF000000FF000000FF000000FF000000FF000000FF000000FF000000FF000000FF000000FF000000FF000000FF000000FF000000FF000000FF000000FF000000FF000000FF000000FF000000FF000000FF000000FF000000FF000000FF000000FF000000FF000000FF000000FF000000FF000000FF000000FF000000FF000000FF000000FF000000FF000000FF000000FF000000FF000000FF000000FF000000FF000000FF000000FF000000FF000000FF000000FF000000FF000000FF000000FF000000FF000000FF000000FF000000FF000000FF000000FF000000FF000000FF000000FF000000FF000000FF000000FF000000FF000000FF000000FF000000FF000000FF000000FF000000FF000000FF000000FF000000FF000000FF000000FF000000FF000000FF000000FF000000FF000000FF000000FF000000FF000000FF000000FF000000FF000000FF000000FF000000FF000000FF000000FF000000FF000000FF000000FF000000FF000000FF000000FF000000FF000000FF000000FF000000FF000000FF000000FF000000FF000000FF000000FF000000FF000000FF000000FF000000FF000000FF000000FF000000FF000000FF000000FF000000FF000000FF000000FF000000FF000000FF000000FF000000FF000000FF000000FF000000FF000000FF000000FF000000FF000000FF000000FF000000FF000000FF000000FF000000FF000000FF000000FF000000FF000000FF000000FF000000FF000000FF000000FF000000FF000000FF000000FF000000FF000000FF000000FF000000FF000000FF000000FF000000FF000000FF000000FF000000FF000000FF000000FF000000FF000000FF000000FF000000FF000000FF000000FF000000FF000000FF000000FF000000FF000000FF000000FF000000FF000000FF000000FF000000FF000000FFA9F922FFA9F922FF000000FF000000FF000000FF000000FF000000FF000000FFA9F922FFA9F922FF000000FF000000FF000000FF000000FF000000FF000000FF000000FF000000FF000000FF000000FF000000FF000000FF000000FF000000FF000000FF000000FF000000FF000000FF000000FF000000FF000000FF000000FF000000FF000000FF000000FF000000FF000000FF000000FF000000FF000000FF000000FF000000FF000000FF000000FF000000FF000000FF000000FF000000FF000000FF000000FF000000FF000000FF000000FF000000FF000000FF000000FF000000FF000000FF000000FF000000FF000000FF000000FF000000FF000000FF000000FF000000FF000000FF000000FF000000FF000000FF000000FF000000FF000000FF000000FF000000FF000000FF000000FF000000FF000000FF000000FF000000FF000000FF000000FF000000FF000000FF000000FF000000FF000000FF000000FF000000FF000000FF000000FF000000FF000000FF000000FF000000FF000000FF000000FF000000FF000000FF000000FF000000FF000000FF000000FF000000FF000000FF000000FF000000FF000000FF000000FF000000FF000000FF000000FF000000FF000000FF000000FFA9F922FFA9F922FF000000FF000000FF000000FF000000FF000000FF000000FF000000FF000000FF000000FF000000FF000000FF000000FF000000FF000000FF000000FF000000FF000000FF000000FF000000FF000000FF000000FF000000FFA9F922FFA9F922FF000000FF000000FF000000FF000000FF000000FF000000FF000000FF000000FF000000FF000000FF000000FF000000FFA9F922FFA9F922FF000000FF000000FF000000FF000000FF000000FF000000FF000000FF000000FF000000FF000000FF000000FF000000FFA9F922FFA9F922FF000000FF000000FF000000FF000000FF000000FF000000FF000000FF000000FF000000FF000000FF000000FF000000FFA9F922FFA9F922FFA9F922FFA9F922FFA9F922FFA9F922FFA9F922FFA9F922FFA9F922FFA9F922FF000000FF000000FF000000FF000000FFA9F922FFA9F922FF000000FF000000FFA9F922FFA9F922FF000000FF000000FF000000FF000000FF000000FF000000FF000000FF000000FF000000FF000000FF000000FF000000FF000000FF000000FF000000FF000000FF000000FF000000FF000000FF000000FF000000FF000000FF000000FF000000FF000000FF000000FF000000FF000000FF000000FF000000FFA9F922FFA9F922FF000000FF000000FF000000FF000000FFA9F922FFA9F922FF000000FF000000FF000000FF000000FF000000FF000000FF000000FF000000FF000000FF000000FF000000FF000000FFA9F922FFA9F922FF000000FF000000FFA9F922FFA9F922FF000000FF000000FF000000FF000000FF000000FF000000FF000000FF000000FFA9F922FFA9F922FF000000FF000000FF000000FF000000FF000000FF000000FF000000FF000000FF000000FF000000FF000000FF000000FFA9F922FFA9F922FF000000FF000000FF000000FF000000FF000000FF000000FF000000FF000000FF000000FF000000FF000000FF000000FFA9F922FFA9F922FF000000FF000000FF000000FF000000FFA9F922FFA9F922FFA9F922FFA9F922FF000000FF000000FF000000FF000000FF000000FF000000FF000000FF000000FF000000FF000000FF000000FF000000FF000000FF000000FF000000FF000000FF000000FF000000FF000000FF000000FF000000FF000000FF000000FF000000FF000000FF000000FF000000FF000000FF000000FF000000FF000000FF000000FF000000FF000000FF000000FF000000FF000000FF000000FF000000FF000000FF000000FF000000FF000000FF000000FF000000FF000000FF000000FF000000FF000000FF000000FF000000FF000000FF000000FF000000FF000000FF000000FF000000FF000000FF000000FF000000FF000000FF000000FF000000FF000000FF000000FF000000FF000000FF000000FF000000FF000000FF000000FF000000FF000000FF000000FF000000FF000000FF000000FF000000FF000000FF000000FF000000FF000000FF000000FF000000FF000000FF000000FF000000FF000000FF000000FF000000FF000000FF000000FF000000FF000000FF000000FF000000FF000000FF000000FF000000FF000000FF000000FF000000FF000000FF000000FF000000FF000000FF000000FF000000FF000000FF000000FF000000FF000000FF000000FF000000FF000000FF000000FF000000FF000000FF000000FF000000FF000000FF000000FF000000FF000000FF000000FF000000FF000000FF000000FF000000FF000000FF000000FF000000FF000000FF000000FF000000FF000000FF000000FF000000FF000000FF000000FF000000FF000000FF000000FF000000FF000000FF000000FF000000FF000000FF000000FF000000FF000000FF000000FF000000FF000000FF000000FF000000FF000000FF000000FF000000FF000000FF000000FF000000FF000000FF000000FF000000FF000000FF000000FF000000FF000000FF000000FF000000FF000000FF000000FF000000FF000000FF000000FF000000FF000000FF000000FF000000FF000000FF000000FF000000FF000000FF000000FF000000FF000000FF000000FF000000FF000000FF000000FF000000FF000000FF000000FF000000FF000000FF000000FF000000FF000000FF000000FF000000FF000000FF000000FF000000FF000000FF000000FF000000FF000000FF000000FF000000FF000000FF000000FF000000FF000000FF000000FF000000FF000000FF000000FF000000FF000000FF000000FF000000FF000000FF000000FF000000FF000000FF000000FF000000FF000000FF000000FF000000FF000000FF000000FF000000FF000000FF000000FF000000FF000000FF000000FF000000FF000000FF000000FF000000FF000000FF000000FF000000FF000000FF000000FF000000FF000000FF000000FF000000FF000000FF000000FF000000FF000000FFA9F922FFA9F922FF000000FF000000FF000000FF000000FF000000FF000000FFA9F922FFA9F922FF000000FF000000FF000000FF000000FF000000FF000000FF000000FF000000FF000000FF000000FF000000FF000000FF000000FF000000FF000000FF000000FF000000FF000000FF000000FF000000FF000000FF000000FF000000FF000000FF000000FF000000FF000000FF000000FF000000FF000000FF000000FF000000FF000000FF000000FF000000FF000000FF000000FF000000FF000000FF000000FF000000FF000000FF000000FF000000FF000000FF000000FF000000FF000000FF000000FF000000FF000000FF000000FF000000FF000000FF000000FF000000FF000000FF000000FF000000FF000000FF000000FF000000FF000000FF000000FF000000FF000000FF000000FF000000FF000000FF000000FF000000FF000000FF000000FF000000FF000000FF000000FF000000FF000000FF000000FF000000FF000000FF000000FF000000FF000000FF000000FF000000FF000000FF000000FF000000FF000000FF000000FF000000FF000000FF000000FF000000FF000000FF000000FF000000FF000000FF000000FF000000FF000000FF000000FF000000FF000000FF000000FFA9F922FFA9F922FF000000FF000000FF000000FF000000FF000000FF000000FF000000FF000000FF000000FF000000FF000000FF000000FF000000FF000000FF000000FF000000FF000000FF000000FF000000FF000000FF000000FF000000FFA9F922FFA9F922FF000000FF000000FF000000FF000000FF000000FF000000FF000000FF000000FF000000FF000000FF000000FF000000FFA9F922FFA9F922FF000000FF000000FF000000FF000000FF000000FF000000FF000000FF000000FF000000FF000000FF000000FF000000FFA9F922FFA9F922FF000000FF000000FF000000FF000000FF000000FF000000FF000000FF000000FF000000FF000000FF000000FF000000FFA9F922FFA9F922FFA9F922FFA9F922FFA9F922FFA9F922FFA9F922FFA9F922FFA9F922FFA9F922FF000000FF000000FF000000FF000000FFA9F922FFA9F922FF000000FF000000FFA9F922FFA9F922FF000000FF000000FF000000FF000000FF000000FF000000FF000000FF000000FF000000FF000000FF000000FF000000FF000000FF000000FF000000FF000000FF000000FF000000FF000000FF000000FF000000FF000000FF000000FF000000FF000000FF000000FF000000FF000000FF000000FF000000FFA9F922FFA9F922FF000000FF000000FF000000FF000000FFA9F922FFA9F922FF000000FF000000FF000000FF000000FF000000FF000000FF000000FF000000FF000000FF000000FF000000FF000000FFA9F922FFA9F922FF000000FF000000FFA9F922FFA9F922FF000000FF000000FF000000FF000000FF000000FF000000FF000000FF000000FFA9F922FFA9F922FF000000FF000000FF000000FF000000FF000000FF000000FF000000FF000000FF000000FF000000FF000000FF000000FFA9F922FFA9F922FF000000FF000000FF000000FF000000FF000000FF000000FF000000FF000000FF000000FF000000FF000000FF000000FFA9F922FFA9F922FF000000FF000000FF000000FF000000FFA9F922FFA9F922FFA9F922FFA9F922FF000000FF000000FF000000FF000000FF000000FF000000FF000000FF000000FF000000FF000000FF000000FF000000FF000000FF000000FF000000FF000000FF000000FF000000FF000000FF000000FF000000FF000000FF000000FF000000FF000000FF000000FF000000FF000000FF000000FF000000FF000000FF000000FF000000FF000000FF000000FF000000FF000000FF000000FF000000FF000000FF000000FF000000FF000000FF000000FF000000FF000000FF000000FF000000FF000000FF000000FF000000FF000000FF000000FF000000FF000000FF000000FF000000FF000000FF000000FF000000FF000000FF000000FF000000FF000000FF000000FF000000FF000000FF000000FF000000FF000000FF000000FF000000FF000000FF000000FF000000FF000000FF000000FF000000FF000000FF000000FF000000FF000000FF000000FF000000FF000000FF000000FF000000FF000000FF000000FF000000FF000000FF000000FF000000FF000000FF000000FF000000FF000000FF000000FF000000FF000000FF000000FF000000FF000000FF000000FF000000FF000000FF000000FF000000FF000000FF000000FF000000FF000000FF000000FF000000FF000000FF000000FF000000FF000000FF000000FF000000FF000000FF000000FF000000FF000000FF000000FF000000FF000000FF000000FF000000FF000000FF000000FF000000FF000000FF000000FF000000FF000000FF000000FF000000FF000000FF000000FF000000FF000000FF000000FF000000FF000000FF000000FF000000FF000000FF000000FF000000FF000000FF000000FF000000FF000000FF000000FF000000FF000000FF000000FF000000FF000000FF000000FF000000FF000000FF000000FF000000FF000000FF000000FF000000FF000000FF000000FF000000FF000000FF000000FF000000FF000000FF000000FF000000FF000000FF000000FF000000FF000000FF000000FF000000FF000000FF000000FF000000FF000000FF000000FF000000FF000000FF000000FF000000FF000000FF000000FF000000FF000000FF000000FF000000FF000000FF000000FF000000FF000000FF000000FF000000FF000000FF000000FF000000FF000000FF000000FF000000FF000000FF000000FF000000FF000000FF000000FF000000FF000000FF000000FF000000FF000000FF000000FF000000FF000000FF000000FF000000FF000000FF000000FF000000FF000000FF000000FF000000FF000000FF000000FF000000FF000000FF000000FF000000FF000000FF000000FF000000FF000000FF000000FF000000FF000000FF000000FF000000FF000000FF000000FF000000FF000000FF000000FF000000FF000000FF000000FF000000FF000000FFA9F922FFA9F922FF000000FF000000FF000000FF000000FF000000FF000000FFA9F922FFA9F922FF000000FF000000FF000000FF000000FF000000FF000000FF000000FF000000FF000000FF000000FF000000FF000000FF000000FF000000FF000000FF000000FF000000FF000000FF000000FF000000FF000000FF000000FF000000FF000000FF000000FF000000FF000000FF000000FF000000FF000000FF000000FF000000FF000000FF000000FF000000FF000000FF000000FF000000FF000000FF000000FF000000FF000000FF000000FF000000FF000000FF000000FF000000FF000000FF000000FF000000FF000000FF000000FF000000FF000000FF000000FF000000FF000000FF000000FF000000FF000000FF000000FF000000FF000000FF000000FF000000FF000000FF000000FF000000FF000000FF000000FF000000FF000000FF000000FF000000FF000000FF000000FF000000FF000000FF000000FF000000FF000000FF000000FF000000FF000000FF000000FF000000FF000000FF000000FF000000FF000000FF000000FF000000FF000000FF000000FF000000FF000000FF000000FF000000FF000000FF000000FF000000FF000000FF000000FF000000FF000000FF000000FF000000FF000000FF000000FF000000FF000000FF000000FF000000FF000000FF000000FF000000FF000000FF000000FF000000FF000000FF000000FF000000FF000000FF000000FF000000FF000000FF000000FF000000FF000000FF000000FFA9F922FFA9F922FF000000FF000000FF000000FF000000FF000000FF000000FFA9F922FFA9F922FF000000FF000000FF000000FF000000FFA9F922FFA9F922FF000000FF000000FF000000FF000000FF000000FF000000FF000000FF000000FF000000FF000000FF000000FF000000FFA9F922FFA9F922FF000000FF000000FF000000FF000000FF000000FF000000FF000000FF000000FF000000FF000000FF000000FF000000FFA9F922FFA9F922FF000000FF000000FF000000FF000000FF000000FF000000FFA9F922FFA9F922FF000000FF000000FF000000FF000000FFA9F922FFA9F922FF000000FF000000FF000000FF000000FFA9F922FFA9F922FF000000FF000000FF000000FF000000FF000000FF000000FF000000FF000000FF000000FF000000FF000000FF000000FF000000FF000000FF000000FF000000FF000000FF000000FF000000FF000000FFA9F922FFA9F922FF000000FF000000FF000000FF000000FF000000FF000000FFA9F922FFA9F922FF000000FF000000FF000000FF000000FFA9F922FFA9F922FF000000FF000000FF000000FF000000FF000000FF000000FFA9F922FFA9F922FF000000FF000000FF000000FF000000FFA9F922FFA9F922FF000000FF000000FF000000FF000000FFA9F922FFA9F922FF000000FF000000FF000000FF000000FF000000FF000000FFA9F922FFA9F922FF000000FF000000FF000000FF000000FF000000FF000000FF000000FF000000FF000000FF000000FF000000FF000000FFA9F922FFA9F922FF000000FF000000FF000000FF000000FF000000FF000000FF000000FF000000FF000000FF000000FF000000FF000000FFA9F922FFA9F922FF000000FF000000FF000000FF000000FF000000FF000000FFA9F922FFA9F922FF000000FF000000FF000000FF000000FF000000FF000000FF000000FF000000FF000000FF000000FF000000FF000000FF000000FF000000FF000000FF000000FF000000FF000000FF000000FF000000FF000000FF000000FF000000FF000000FF000000FF000000FF000000FF000000FF000000FF000000FF000000FF000000FF000000FF000000FF000000FF000000FF000000FF000000FF000000FF000000FF000000FF000000FF000000FF000000FF000000FF000000FF000000FF000000FF000000FF000000FF000000FF000000FF000000FF000000FF000000FF000000FF000000FF000000FF000000FF000000FF000000FF000000FF000000FF000000FF000000FF000000FF000000FF000000FF000000FF000000FF000000FF000000FF000000FF000000FF000000FF000000FF000000FF000000FF000000FF000000FF000000FF000000FF000000FF000000FF000000FF000000FF000000FF000000FF000000FF000000FF000000FF000000FF000000FF000000FF000000FF000000FF000000FF000000FF000000FF000000FF000000FF000000FF000000FF000000FF000000FF000000FF000000FF000000FF000000FF000000FF000000FF000000FF000000FF000000FF000000FF000000FF000000FF000000FF000000FF000000FF000000FF000000FF000000FF000000FF000000FF000000FF000000FF000000FF000000FF000000FF000000FF000000FF000000FF000000FF000000FF000000FF000000FF000000FF000000FF000000FF000000FF000000FF000000FF000000FF000000FF000000FF000000FF000000FF000000FF000000FF000000FF000000FF000000FF000000FF000000FF000000FF000000FF000000FF000000FF000000FF000000FF000000FF000000FF000000FF000000FF000000FF000000FF000000FF000000FF000000FF000000FF000000FF000000FF000000FF000000FF000000FF000000FF000000FF000000FF000000FF000000FF000000FF000000FF000000FF000000FF000000FF000000FF000000FF000000FF000000FF000000FF000000FF000000FF000000FF000000FF000000FF000000FF000000FF000000FF000000FF000000FF000000FF000000FF000000FF000000FF000000FF000000FF000000FF000000FF000000FF000000FF000000FF000000FF000000FF000000FF000000FF000000FF000000FF000000FF000000FF000000FF000000FF000000FF000000FF000000FF000000FF000000FF000000FF000000FF000000FF000000FF000000FF000000FF000000FF000000FF000000FF000000FF000000FF000000FF000000FF000000FF000000FF000000FF000000FF000000FF000000FF000000FF000000FF000000FF000000FF000000FF000000FF000000FF000000FF000000FF000000FFA9F922FFA9F922FF000000FF000000FF000000FF000000FF000000FF000000FFA9F922FFA9F922FF000000FF000000FF000000FF000000FF000000FF000000FF000000FF000000FF000000FF000000FF000000FF000000FF000000FF000000FF000000FF000000FF000000FF000000FF000000FF000000FF000000FF000000FF000000FF000000FF000000FF000000FF000000FF000000FF000000FF000000FF000000FF000000FF000000FF000000FF000000FF000000FF000000FF000000FF000000FF000000FF000000FF000000FF000000FF000000FF000000FF000000FF000000FF000000FF000000FF000000FF000000FF000000FF000000FF000000FF000000FF000000FF000000FF000000FF000000FF000000FF000000FF000000FF000000FF000000FF000000FF000000FF000000FF000000FF000000FF000000FF000000FF000000FF000000FF000000FF000000FF000000FF000000FF000000FF000000FF000000FF000000FF000000FF000000FF000000FF000000FF000000FF000000FF000000FF000000FF000000FF000000FF000000FF000000FF000000FF000000FF000000FF000000FF000000FF000000FF000000FF000000FF000000FF000000FF000000FF000000FF000000FF000000FF000000FF000000FF000000FF000000FF000000FF000000FF000000FF000000FF000000FF000000FF000000FF000000FF000000FF000000FF000000FF000000FF000000FF000000FF000000FF000000FF000000FF000000FF000000FFA9F922FFA9F922FF000000FF000000FF000000FF000000FF000000FF000000FFA9F922FFA9F922FF000000FF000000FF000000FF000000FFA9F922FFA9F922FF000000FF000000FF000000FF000000FF000000FF000000FF000000FF000000FF000000FF000000FF000000FF000000FFA9F922FFA9F922FF000000FF000000FF000000FF000000FF000000FF000000FF000000FF000000FF000000FF000000FF000000FF000000FFA9F922FFA9F922FF000000FF000000FF000000FF000000FF000000FF000000FFA9F922FFA9F922FF000000FF000000FF000000FF000000FFA9F922FFA9F922FF000000FF000000FF000000FF000000FFA9F922FFA9F922FF000000FF000000FF000000FF000000FF000000FF000000FF000000FF000000FF000000FF000000FF000000FF000000FF000000FF000000FF000000FF000000FF000000FF000000FF000000FF000000FFA9F922FFA9F922FF000000FF000000FF000000FF000000FF000000FF000000FFA9F922FFA9F922FF000000FF000000FF000000FF000000FFA9F922FFA9F922FF000000FF000000FF000000FF000000FF000000FF000000FFA9F922FFA9F922FF000000FF000000FF000000FF000000FFA9F922FFA9F922FF000000FF000000FF000000FF000000FFA9F922FFA9F922FF000000FF000000FF000000FF000000FF000000FF000000FFA9F922FFA9F922FF000000FF000000FF000000FF000000FF000000FF000000FF000000FF000000FF000000FF000000FF000000FF000000FFA9F922FFA9F922FF000000FF000000FF000000FF000000FF000000FF000000FF000000FF000000FF000000FF000000FF000000FF000000FFA9F922FFA9F922FF000000FF000000FF000000FF000000FF000000FF000000FFA9F922FFA9F922FF000000FF000000FF000000FF000000FF000000FF000000FF000000FF000000FF000000FF000000FF000000FF000000FF000000FF000000FF000000FF000000FF000000FF000000FF000000FF000000FF000000FF000000FF000000FF000000FF000000FF000000FF000000FF000000FF000000FF000000FF000000FF000000FF000000FF000000FF000000FF000000FF000000FF000000FF000000FF000000FF000000FF000000FF000000FF000000FF000000FF000000FF000000FF000000FF000000FF000000FF000000FF000000FF000000FF000000FF000000FF000000FF000000FF000000FF000000FF000000FF000000FF000000FF000000FF000000FF000000FF000000FF000000FF000000FF000000FF000000FF000000FF000000FF000000FF000000FF000000FF000000FF000000FF000000FF000000FF000000FF000000FF000000FF000000FF000000FF000000FF000000FF000000FF000000FF000000FF000000FF000000FF000000FF000000FF000000FF000000FF000000FF000000FF000000FF000000FF000000FF000000FF000000FF000000FF000000FF000000FF000000FF000000FF000000FF000000FF000000FF000000FF000000FF000000FF000000FF000000FF000000FF000000FF000000FF000000FF000000FF000000FF000000FF000000FF000000FF000000FF000000FF000000FF000000FF000000FF000000FF000000FF000000FF000000FF000000FF000000FF000000FF000000FF000000FF000000FF000000FF000000FF000000FF000000FF000000FF000000FF000000FF000000FF000000FF000000FF000000FF000000FF000000FF000000FF000000FF000000FF000000FF000000FF000000FF000000FF000000FF000000FF000000FF000000FF000000FF000000FF000000FF000000FF000000FF000000FF000000FF000000FF000000FF000000FF000000FF000000FF000000FF000000FF000000FF000000FF000000FF000000FF000000FF000000FF000000FF000000FF000000FF000000FF000000FF000000FF000000FF000000FF000000FF000000FF000000FF000000FF000000FF000000FF000000FF000000FF000000FF000000FF000000FF000000FF000000FF000000FF000000FF000000FF000000FF000000FF000000FF000000FF000000FF000000FF000000FF000000FF000000FF000000FF000000FF000000FF000000FF000000FF000000FF000000FF000000FF000000FF000000FF000000FF000000FF000000FF000000FF000000FF000000FF000000FF000000FF000000FF000000FF000000FF000000FF000000FF000000FF000000FF000000FF000000FF000000FF000000FF000000FF000000FF000000FF000000FF000000FF000000FF000000FF000000FF000000FF000000FF000000FFA9F922FFA9F922FF000000FF000000FF000000FF000000FF000000FF000000FFA9F922FFA9F922FF000000FF000000FF000000FF000000FF000000FF000000FF000000FF000000FF000000FF000000FF000000FF000000FF000000FF000000FF000000FF000000FF000000FF000000FF000000FF000000FF000000FF000000FF000000FF000000FF000000FF000000FF000000FF000000FF000000FF000000FF000000FF000000FF000000FF000000FF000000FF000000FF000000FF000000FF000000FF000000FF000000FF000000FF000000FF000000FF000000FF000000FF000000FF000000FF000000FF000000FF000000FF000000FF000000FF000000FF000000FF000000FF000000FF000000FF000000FF000000FF000000FF000000FF000000FF000000FF000000FF000000FF000000FF000000FF000000FF000000FF000000FF000000FF000000FF000000FF000000FF000000FF000000FF000000FF000000FF000000FF000000FF000000FF000000FF000000FF000000FF000000FF000000FF000000FF000000FF000000FF000000FF000000FF000000FF000000FF000000FF000000FF000000FF000000FF000000FF000000FF000000FF000000FF000000FF000000FF000000FF000000FF000000FF000000FF000000FF000000FF000000FF000000FF000000FF000000FF000000FF000000FF000000FF000000FF000000FF000000FF000000FF000000FF000000FF000000FF000000FF000000FF000000FF000000FF000000FF000000FF000000FF000000FFA9F922FFA9F922FFA9F922FFA9F922FFA9F922FFA9F922FF000000FF000000FF000000FF000000FF000000FF000000FFA9F922FFA9F922FFA9F922FFA9F922FFA9F922FFA9F922FFA9F922FFA9F922FFA9F922FFA9F922FF000000FF000000FF000000FF000000FFA9F922FFA9F922FFA9F922FFA9F922FFA9F922FFA9F922FFA9F922FFA9F922FFA9F922FFA9F922FF000000FF000000FF000000FF000000FFA9F922FFA9F922FF000000FF000000FF000000FF000000FF000000FF000000FFA9F922FFA9F922FF000000FF000000FF000000FF000000FFA9F922FFA9F922FF000000FF000000FF000000FF000000FF000000FF000000FFA9F922FFA9F922FF000000FF000000FF000000FF000000FF000000FF000000FF000000FF000000FF000000FF000000FF000000FF000000FF000000FF000000FF000000FF000000FF000000FF000000FF000000FF000000FFA9F922FFA9F922FFA9F922FFA9F922FFA9F922FFA9F922FF000000FF000000FF000000FF000000FF000000FF000000FF000000FF000000FFA9F922FFA9F922FFA9F922FFA9F922FFA9F922FFA9F922FF000000FF000000FF000000FF000000FF000000FF000000FFA9F922FFA9F922FF000000FF000000FF000000FF000000FF000000FF000000FFA9F922FFA9F922FF000000FF000000FF000000FF000000FFA9F922FFA9F922FFA9F922FFA9F922FFA9F922FFA9F922FFA9F922FFA9F922FFA9F922FFA9F922FF000000FF000000FF000000FF000000FFA9F922FFA9F922FFA9F922FFA9F922FFA9F922FFA9F922FFA9F922FFA9F922FFA9F922FFA9F922FF000000FF000000FF000000FF000000FFA9F922FFA9F922FF000000FF000000FF000000FF000000FF000000FF000000FFA9F922FFA9F922FF000000FF000000FF000000FF000000FF000000FF000000FF000000FF000000FF000000FF000000FF000000FF000000FF000000FF000000FF000000FF000000FF000000FF000000FF000000FF000000FF000000FF000000FF000000FF000000FF000000FF000000FF000000FF000000FF000000FF000000FF000000FF000000FF000000FF000000FF000000FF000000FF000000FF000000FF000000FF000000FF000000FF000000FF000000FF000000FF000000FF000000FF000000FF000000FF000000FF000000FF000000FF000000FF000000FF000000FF000000FF000000FF000000FF000000FF000000FF000000FF000000FF000000FF000000FF000000FF000000FF000000FF000000FF000000FF000000FF000000FF000000FF000000FF000000FF000000FF000000FF000000FF000000FF000000FF000000FF000000FF000000FF000000FF000000FF000000FF000000FF000000FF000000FF000000FF000000FF000000FF000000FF000000FF000000FF000000FF000000FF000000FF000000FF000000FF000000FF000000FF000000FF000000FF000000FF000000FF000000FF000000FF000000FF000000FF000000FF000000FF000000FF000000FF000000FF000000FF000000FF000000FF000000FF000000FF000000FF000000FF000000FF000000FF000000FF000000FF000000FF000000FF000000FF000000FF000000FF000000FF000000FF000000FF000000FF000000FF000000FF000000FF000000FF000000FF000000FF000000FF000000FF000000FF000000FF000000FF000000FF000000FF000000FF000000FF000000FF000000FF000000FF000000FF000000FF000000FF000000FF000000FF000000FF000000FF000000FF000000FF000000FF000000FF000000FF000000FF000000FF000000FF000000FF000000FF000000FF000000FF000000FF000000FF000000FF000000FF000000FF000000FF000000FF000000FF000000FF000000FF000000FF000000FF000000FF000000FF000000FF000000FF000000FF000000FF000000FF000000FF000000FF000000FF000000FF000000FF000000FF000000FF000000FF000000FF000000FF000000FF000000FF000000FF000000FF000000FF000000FF000000FF000000FF000000FF000000FF000000FF000000FF000000FF000000FF000000FF000000FF000000FF000000FF000000FF000000FF000000FF000000FF000000FF000000FF000000FF000000FF000000FF000000FF000000FF000000FF000000FF000000FF000000FF000000FF000000FF000000FF000000FF000000FF000000FF000000FF000000FF000000FF000000FF000000FF000000FF000000FF000000FF000000FF000000FF000000FF000000FF000000FF000000FF000000FF000000FF000000FF000000FFA9F922FFA9F922FF000000FF000000FF000000FF000000FF000000FF000000FFA9F922FFA9F922FF000000FF000000FF000000FF000000FF000000FF000000FF000000FF000000FF000000FF000000FF000000FF000000FF000000FF000000FF000000FF000000FF000000FF000000FF000000FF000000FF000000FF000000FF000000FF000000FF000000FF000000FF000000FF000000FF000000FF000000FF000000FF000000FF000000FF000000FF000000FF000000FF000000FF000000FF000000FF000000FF000000FF000000FF000000FF000000FF000000FF000000FF000000FF000000FF000000FF000000FF000000FF000000FF000000FF000000FF000000FF000000FF000000FF000000FF000000FF000000FF000000FF000000FF000000FF000000FF000000FF000000FF000000FF000000FF000000FF000000FF000000FF000000FF000000FF000000FF000000FF000000FF000000FF000000FF000000FF000000FF000000FF000000FF000000FF000000FF000000FF000000FF000000FF000000FF000000FF000000FF000000FF000000FF000000FF000000FF000000FF000000FF000000FF000000FF000000FF000000FF000000FF000000FF000000FF000000FF000000FF000000FF000000FF000000FF000000FF000000FF000000FF000000FF000000FF000000FF000000FF000000FF000000FF000000FF000000FF000000FF000000FF000000FF000000FF000000FF000000FF000000FF000000FF000000FF000000FF000000FF000000FF000000FFA9F922FFA9F922FFA9F922FFA9F922FFA9F922FFA9F922FF000000FF000000FF000000FF000000FF000000FF000000FFA9F922FFA9F922FFA9F922FFA9F922FFA9F922FFA9F922FFA9F922FFA9F922FFA9F922FFA9F922FF000000FF000000FF000000FF000000FFA9F922FFA9F922FFA9F922FFA9F922FFA9F922FFA9F922FFA9F922FFA9F922FFA9F922FFA9F922FF000000FF000000FF000000FF000000FFA9F922FFA9F922FF000000FF000000FF000000FF000000FF000000FF000000FFA9F922FFA9F922FF000000FF000000FF000000FF000000FFA9F922FFA9F922FF000000FF000000FF000000FF000000FF000000FF000000FFA9F922FFA9F922FF000000FF000000FF000000FF000000FF000000FF000000FF000000FF000000FF000000FF000000FF000000FF000000FF000000FF000000FF000000FF000000FF000000FF000000FF000000FF000000FFA9F922FFA9F922FFA9F922FFA9F922FFA9F922FFA9F922FF000000FF000000FF000000FF000000FF000000FF000000FF000000FF000000FFA9F922FFA9F922FFA9F922FFA9F922FFA9F922FFA9F922FF000000FF000000FF000000FF000000FF000000FF000000FFA9F922FFA9F922FF000000FF000000FF000000FF000000FF000000FF000000FFA9F922FFA9F922FF000000FF000000FF000000FF000000FFA9F922FFA9F922FFA9F922FFA9F922FFA9F922FFA9F922FFA9F922FFA9F922FFA9F922FFA9F922FF000000FF000000FF000000FF000000FFA9F922FFA9F922FFA9F922FFA9F922FFA9F922FFA9F922FFA9F922FFA9F922FFA9F922FFA9F922FF000000FF000000FF000000FF000000FFA9F922FFA9F922FF000000FF000000FF000000FF000000FF000000FF000000FFA9F922FFA9F922FF000000FF000000FF000000FF000000FF000000FF000000FF000000FF000000FF000000FF000000FF000000FF000000FF000000FF000000FF000000FF000000FF000000FF000000FF000000FF000000FF000000FF000000FF000000FF000000FF000000FF000000FF000000FF000000FF000000FF000000FF000000FF000000FF000000FF000000FF000000FF000000FF000000FF000000FF000000FF000000FF000000FF000000FF000000FF000000FF000000FF000000FF000000FF000000FF000000FF000000FF000000FF000000FF000000FF000000FF000000FF000000FF000000FF000000FF000000FF000000FF000000FF000000FF000000FF000000FF000000FF000000FF000000FF000000FF000000FF000000FF000000FF000000FF000000FF000000FF000000FF000000FF000000FF000000FF000000FF000000FF000000FF000000FF000000FF000000FF000000FF000000FF000000FF000000FF000000FF000000FF000000FF000000FF000000FF000000FF000000FF000000FF000000FF000000FF000000FF000000FF000000FF000000FF000000FF000000FF000000FF000000FF000000FF000000FF000000FF000000FF000000FF000000FF000000FF000000FF000000FF000000FF000000FF000000FF000000FF000000FF000000FF000000FF000000FF000000FF000000FF000000FF000000FF000000FF000000FF000000FF000000FF000000FF000000FF000000FF000000FF000000FF000000FF000000FF000000FF000000FF000000FF000000FF000000FF000000FF000000FF000000FF000000FF000000FF000000FF000000FF000000FF000000FF000000FF000000FF000000FF000000FF000000FF000000FF000000FF000000FF000000FF000000FF000000FF000000FF000000FF000000FF000000FF000000FF000000FF000000FF000000FF000000FF000000FF000000FF000000FF000000FF000000FF000000FF000000FF000000FF000000FF000000FF000000FF000000FF000000FF000000FF000000FF000000FF000000FF000000FF000000FF000000FF000000FF000000FF000000FF000000FF000000FF000000FF000000FF000000FF000000FF000000FF000000FF000000FF000000FF000000FF000000FF000000FF000000FF000000FF000000FF000000FF000000FF000000FF000000FF000000FF000000FF000000FF000000FF000000FF000000FF000000FF000000FF000000FF000000FF000000FF000000FF000000FF000000FF000000FF000000FF000000FF000000FF000000FF000000FF000000FF000000FF000000FF000000FF000000FF000000FF000000FF000000FF000000FF000000FF000000FF000000FF000000FF000000FF000000FF000000FF000000FF000000FF000000FF000000FF000000FF000000FF000000FF000000FF000000FF000000FF000000FF000000FF000000FF000000FF000000FF000000FF000000FF000000FF000000FF000000FF000000FF000000FF000000FF000000FF000000FF000000FF000000FF000000FF000000FF000000FF000000FF000000FF000000FF000000FF000000FF000000FF000000FF000000FF000000FF000000FF000000FF000000FF000000FF000000FF000000FF000000FF000000FF000000FF000000FF000000FF000000FF000000FF000000FF000000FF000000FF000000FF000000FF000000FF000000FF000000FF000000FF000000FF000000FF000000FF000000FF000000FF000000FF000000FF000000FF000000FF000000FF000000FF000000FF000000FF000000FF000000FF000000FF000000FF000000FF000000FF000000FF000000FF000000FF000000FF000000FF000000FF000000FF000000FF000000FF000000FF000000FF000000FF000000FF000000FF000000FF000000FF000000FF000000FF000000FF000000FF000000FF000000FF000000FF000000FF000000FF000000FF000000FF000000FF000000FF000000FF000000FF000000FF000000FF000000FF000000FF000000FF000000FF000000FF000000FF000000FF000000FF000000FF000000FF000000FF000000FF000000FF000000FF000000FF000000FF000000FF000000FF000000FF000000FF000000FF000000FF000000FF000000FF000000FF000000FF000000FF000000FF000000FF000000FF000000FF000000FF000000FF000000FF000000FF000000FF000000FF000000FF000000FF000000FF000000FF000000FF000000FF000000FF000000FF000000FF000000FF000000FF000000FF000000FF000000FF000000FF000000FF000000FF000000FF000000FF000000FF000000FF000000FF000000FF000000FF000000FF000000FF000000FF000000FF000000FF000000FF000000FF000000FF000000FF000000FF000000FF000000FF000000FF000000FF000000FF000000FF000000FF000000FF000000FF000000FF000000FF000000FF000000FF000000FF000000FF000000FF000000FF000000FF000000FF000000FF000000FF000000FF000000FF000000FF000000FF000000FF000000FF000000FF000000FF000000FF000000FF000000FF000000FF000000FF000000FF000000FF000000FF000000FF000000FF000000FF000000FF000000FF000000FF000000FF000000FF000000FF000000FF000000FF000000FF000000FF000000FF000000FF000000FF000000FF000000FF000000FF000000FF000000FF000000FF000000FF000000FF000000FF000000FF000000FF000000FF000000FF000000FF000000FF000000FF000000FF000000FF000000FF000000FF000000FF000000FF000000FF000000FF000000FF000000FF000000FF000000FF000000FF000000FF000000FF000000FF000000FF000000FF000000FF000000FF000000FF000000FF000000FF000000FF000000FF000000FF000000FF000000FF000000FF000000FF000000FF000000FF000000FF000000FF000000FF000000FF000000FF000000FF000000FF000000FF000000FF000000FF000000FF000000FF000000FF000000FF000000FF000000FF000000FF000000FF000000FF000000FF000000FF000000FF000000FF000000FF000000FF000000FF000000FF000000FF000000FF000000FF000000FF000000FF000000FF000000FF000000FF000000FF000000FF000000FF000000FF000000FF000000FF000000FF000000FF000000FF000000FF000000FF000000FF000000FF000000FF000000FF000000FF000000FF000000FF000000FF000000FF000000FF000000FF000000FF000000FF000000FF000000FF000000FF000000FF000000FF000000FF000000FF000000FF000000FF000000FF000000FF000000FF000000FF000000FF000000FF000000FF000000FF000000FF000000FF000000FF000000FF000000FF000000FF000000FF000000FF000000FF000000FF000000FF000000FF000000FF000000FF000000FF000000FF000000FF000000FF000000FF000000FF000000FF000000FF000000FF000000FF000000FF000000FF000000FF000000FF000000FF000000FF000000FF000000FF000000FF000000FF000000FF000000FF000000FF000000FF000000FF000000FF000000FF000000FF000000FF000000FF000000FF000000FF000000FF000000FF000000FF000000FF000000FF000000FF000000FF000000FF000000FF000000FF000000FF000000FF000000FF000000FF000000FF000000FF000000FF000000FF000000FF000000FF000000FF000000FF000000FF000000FF000000FF000000FF000000FF000000FF000000FF000000FF000000FF000000FF000000FF000000FF000000FF000000FF000000FF000000FF000000FF000000FF000000FF000000FF000000FF000000FF000000FF000000FF000000FF000000FF000000FF000000FF000000FF000000FF000000FF000000FF000000FF000000FF000000FF000000FF000000FF000000FF000000FF000000FF000000FF000000FF000000FF000000FF000000FF000000FF000000FF000000FF000000FF000000FF000000FF000000FF000000FF000000FF000000FF000000FF000000FF000000FF000000FF000000FF000000FF000000FF000000FF000000FF000000FF000000FF000000FF000000FF000000FF000000FF000000FF000000FF000000FF000000FF000000FF000000FF000000FF000000FF000000FF000000FF000000FF000000FF000000FF000000FF000000FF000000FF000000FF000000FF000000FF000000FF000000FF000000FF000000FF000000FF000000FF000000FF000000FF000000FF000000FF000000FF000000FF000000FF000000FF000000FF000000FF000000FF000000FF000000FF000000FF000000FF000000FF000000FF000000FF000000FF000000FF000000FF000000FF000000FF000000FF000000FF000000FF000000FF000000FF000000FF000000FF000000FF000000FF000000FF000000FF000000FF000000FF000000FF000000FF000000FF000000FF000000FF000000FF000000FF000000FF000000FF000000FF000000FF000000FF000000FF000000FF000000FF000000FF000000FF000000FF000000FF000000FF000000FF000000FF000000FF000000FF000000FF000000FF000000FF000000FF000000FF000000FF000000FF000000FF000000FF000000FF000000FF000000FF000000FF000000FF000000FF000000FF000000FF000000FF000000FF000000FF000000FF000000FF000000FF000000FF000000FF000000FF000000FF000000FF000000FF000000FF000000FF000000FF000000FF000000FF000000FF000000FF000000FF000000FF000000FF000000FF000000FF000000FF000000FF000000FF000000FF000000FF000000FF000000FF000000FF000000FF000000FF000000FF000000FF000000FF000000FF000000FF000000FF000000FF000000FF000000FF000000FF000000FF000000FF000000FF000000FF000000FF000000FF000000FF000000FF000000FF000000FF000000FF000000FF000000FF000000FF000000FF000000FF000000FF000000FF000000FF000000FF000000FF000000FF000000FF000000FF000000FF000000FF000000FF000000FF000000FF000000FF000000FF000000FF000000FF000000FF000000FF000000FF000000FF000000FF000000FF000000FF000000FF000000FF000000FF000000FF000000FF000000FF000000FF000000FF000000FF000000FF000000FF000000FF000000FF000000FF000000FF000000FF000000FF000000FF000000FF000000FF000000FF000000FF000000FF000000FF000000FF000000FF000000FF000000FF000000FF000000FF000000FF000000FF000000FF000000FF000000FF000000FF000000FF000000FF000000FF000000FF000000FF000000FF000000FF000000FF000000FF000000FF000000FF000000FF000000FF000000FF000000FF000000FF000000FF000000FF000000FF000000FF000000FF000000FF000000FF000000FF000000FF000000FF000000FF000000FF000000FF000000FF000000FF000000FF000000FF000000FF000000FF000000FF000000FF000000FF000000FF000000FF000000FF000000FF000000FF000000FF000000FF000000FF000000FF000000FF000000FF000000FF000000FF000000FF000000FF000000FF000000FF000000FF000000FF000000FF000000FF000000FF000000FF000000FF000000FF000000FF000000FF000000FF000000FF000000FF000000FF000000FF000000FF000000FF000000FF000000FF000000FF000000FF000000FF000000FF000000FF000000FF000000FF000000FF000000FF000000FF000000FF000000FF000000FF000000FF000000FF000000FF000000FF000000FF000000FF000000FF000000FF000000FF000000FF000000FF000000FF000000FF000000FF000000FF000000FF000000FF000000FF000000FF000000FF000000FF000000FF000000FF000000FF000000FF000000FF000000FF000000FF000000FF000000FF000000FF000000FF000000FF000000FF000000FF000000FF000000FF000000FF000000FF000000FF000000FF000000FF000000FF000000FF000000FF000000FF000000FF000000FF000000FF000000FF000000FF000000FF000000FF000000FF000000FF000000FF000000FF000000FF000000FF000000FF000000FF000000FF000000FF000000FF000000FF000000FF000000FF000000FF000000FF000000FF000000FF000000FF000000FF000000FF000000FF000000FF000000FF000000FF000000FF000000FF000000FF000000FF000000FF000000FF000000FF000000FF000000FF000000FF000000FF000000FF000000FF000000FF000000FF000000FF000000FF000000FF000000FF000000FF000000FF000000FF000000FF000000FF000000FF000000FF000000FF000000FF000000FF000000FF000000FF000000FF000000FF000000FF000000FF000000FF000000FF000000FF000000FF000000FF000000FF000000FF000000FF000000FF000000FF000000FF000000FF000000FF000000FF000000FF000000FF000000FF000000FF000000FF000000FF000000FF000000FF000000FF000000FF000000FF000000FF000000FF000000FF000000FF000000FF000000FF000000FF000000FF000000FF000000FF000000FF000000FF000000FF000000FF000000FF000000FF000000FF000000FF000000FF000000FF000000FF000000FF000000FF000000FF000000FF000000FF000000FF000000FF000000FF000000FF000000FF000000FF000000FF000000FF000000FF000000FF000000FF000000FF000000FF000000FF000000FF000000FF000000FF000000FF000000FF000000FF000000FF000000FF000000FF000000FF000000FF000000FF000000FF000000FF000000FF000000FF000000FF000000FF000000FF000000FF000000FF000000FF000000FF000000FF000000FF000000FF000000FF000000FF000000FF000000FF000000FF000000FF000000FF000000FF000000FF000000FF000000FF000000FF000000FF000000FF000000FF000000FF000000FF000000FF000000FF000000FF000000FF000000FF000000FF000000FF000000FF000000FF000000FF000000FF000000FF000000FF000000FF000000FF000000FF000000FF000000FF000000FF000000FF000000FF000000FF000000FF000000FF000000FF000000FF000000FF000000FF000000FF000000FF000000FF000000FF000000FF000000FF000000FF000000FF000000FF000000FF000000FF000000FF000000FF000000FF000000FF000000FF000000FF000000FF000000FF000000FF000000FF000000FF000000FF000000FF000000FF000000FF000000FF000000FF000000FF000000FF000000FF000000FF000000FF000000FF000000FF000000FF000000FF000000FF000000FF000000FF000000FF000000FF000000FF000000FF000000FF000000FF000000FF000000FF000000FF000000FF000000FF000000FF000000FF000000FF000000FF000000FF000000FF000000FF000000FF000000FF000000FF000000FF000000FF000000FF000000FF000000FF000000FF000000FF000000FF000000FFA9F922FFA9F922FFA9F922FFA9F922FFA9F922FFA9F922FF000000FF000000FF000000FF000000FF000000FF000000FF000000FF000000FF000000FF000000FF000000FF000000FF000000FF000000FF000000FF000000FF000000FF000000FF000000FF000000FF000000FF000000FF000000FF000000FF000000FF000000FF000000FF000000FF000000FF000000FF000000FF000000FF000000FF000000FF000000FF000000FF000000FF000000FF000000FF000000FF000000FF000000FF000000FF000000FF000000FF000000FF000000FF000000FF000000FF000000FF000000FF000000FF000000FF000000FF000000FF000000FF000000FF000000FF000000FF000000FF000000FF000000FF000000FF000000FF000000FF000000FF000000FF000000FF000000FF000000FF000000FF000000FF000000FF000000FF000000FF000000FF000000FF000000FF000000FF000000FF000000FF000000FF000000FF000000FF000000FF000000FF000000FF000000FF000000FF000000FF000000FF000000FF000000FF000000FF000000FF000000FF000000FF000000FF000000FF000000FF000000FF000000FF000000FF000000FF000000FF000000FF000000FF000000FF000000FF000000FF000000FF000000FF000000FF000000FF000000FF000000FF000000FF000000FF000000FF000000FF000000FF000000FF000000FF000000FF000000FF000000FF000000FF000000FF000000FF000000FF000000FF000000FFA9F922FFA9F922FF000000FF000000FF000000FF000000FF000000FF000000FFA9F922FFA9F922FF000000FF000000FF000000FF000000FFA9F922FFA9F922FFA9F922FFA9F922FFA9F922FFA9F922FFA9F922FFA9F922FFA9F922FFA9F922FF000000FF000000FF000000FF000000FFA9F922FFA9F922FF000000FF000000FF000000FF000000FF000000FF000000FF000000FF000000FF000000FF000000FF000000FF000000FFA9F922FFA9F922FFA9F922FFA9F922FFA9F922FFA9F922FFA9F922FFA9F922FF000000FF000000FF000000FF000000FF000000FF000000FF000000FF000000FF000000FF000000FF000000FF000000FF000000FF000000FF000000FF000000FF000000FF000000FF000000FF000000FF000000FF000000FF000000FF000000FF000000FF000000FF000000FF000000FF000000FF000000FF000000FF000000FF000000FF000000FF000000FF000000FF000000FF000000FF000000FF000000FF000000FF000000FF000000FF000000FF000000FF000000FF000000FF000000FF000000FF000000FF000000FF000000FF000000FF000000FF000000FF000000FF000000FF000000FF000000FF000000FF000000FF000000FF000000FF000000FF000000FF000000FF000000FF000000FF000000FF000000FF000000FF000000FF000000FF000000FF000000FF000000FF000000FF000000FF000000FF000000FF000000FF000000FF000000FF000000FF000000FF000000FF000000FF000000FF000000FF000000FF000000FF000000FF000000FF000000FF000000FF000000FF000000FF000000FF000000FF000000FF000000FF000000FF000000FF000000FF000000FF000000FF000000FF000000FF000000FF000000FF000000FF000000FF000000FF000000FF000000FF000000FF000000FF000000FF000000FF000000FF000000FF000000FF000000FF000000FF000000FF000000FF000000FF000000FF000000FF000000FF000000FF000000FF000000FF000000FF000000FF000000FF000000FF000000FF000000FF000000FF000000FF000000FF000000FF000000FF000000FF000000FF000000FF000000FF000000FF000000FF000000FF000000FF000000FF000000FF000000FF000000FF000000FF000000FF000000FF000000FF000000FF000000FF000000FF000000FF000000FF000000FF000000FF000000FF000000FF000000FF000000FF000000FF000000FF000000FF000000FF000000FF000000FF000000FF000000FF000000FF000000FF000000FF000000FF000000FF000000FF000000FF000000FF000000FF000000FF000000FF000000FF000000FF000000FF000000FF000000FF000000FF000000FF000000FF000000FF000000FF000000FF000000FF000000FF000000FF000000FF000000FF000000FF000000FF000000FF000000FF000000FF000000FF000000FF000000FF000000FF000000FF000000FF000000FF000000FF000000FF000000FF000000FF000000FF000000FF000000FF000000FF000000FF000000FF000000FF000000FF000000FF000000FF000000FF000000FF000000FF000000FF000000FF000000FF000000FF000000FF000000FF000000FF000000FF000000FF000000FF000000FF000000FF000000FF000000FF000000FF000000FF000000FF000000FF000000FF000000FF000000FF000000FF000000FF000000FF000000FF000000FF000000FF000000FF000000FF000000FF000000FF000000FF000000FF000000FF000000FF000000FF000000FF000000FF000000FF000000FF000000FF000000FF000000FF000000FF000000FF000000FF000000FF000000FF000000FF000000FF000000FF000000FF000000FF000000FF000000FF000000FF000000FF000000FF000000FF000000FF000000FF000000FF000000FF000000FF000000FF000000FF000000FF000000FF000000FF000000FF000000FF000000FF000000FF000000FF000000FF000000FF000000FF000000FF000000FF000000FF000000FF000000FF000000FF000000FF000000FF000000FF000000FF000000FF000000FF000000FF000000FF000000FF000000FF000000FF000000FF000000FF000000FF000000FF000000FF000000FF000000FF000000FF000000FF000000FF000000FF000000FF000000FF000000FF000000FF000000FF000000FF000000FF000000FF000000FF000000FF000000FF000000FF000000FF000000FF000000FF000000FF000000FF000000FF000000FF000000FF000000FF000000FF000000FF000000FF000000FF000000FF000000FF000000FF000000FF000000FF000000FF000000FFA9F922FFA9F922FFA9F922FFA9F922FFA9F922FFA9F922FF000000FF000000FF000000FF000000FF000000FF000000FF000000FF000000FF000000FF000000FF000000FF000000FF000000FF000000FF000000FF000000FF000000FF000000FF000000FF000000FF000000FF000000FF000000FF000000FF000000FF000000FF000000FF000000FF000000FF000000FF000000FF000000FF000000FF000000FF000000FF000000FF000000FF000000FF000000FF000000FF000000FF000000FF000000FF000000FF000000FF000000FF000000FF000000FF000000FF000000FF000000FF000000FF000000FF000000FF000000FF000000FF000000FF000000FF000000FF000000FF000000FF000000FF000000FF000000FF000000FF000000FF000000FF000000FF000000FF000000FF000000FF000000FF000000FF000000FF000000FF000000FF000000FF000000FF000000FF000000FF000000FF000000FF000000FF000000FF000000FF000000FF000000FF000000FF000000FF000000FF000000FF000000FF000000FF000000FF000000FF000000FF000000FF000000FF000000FF000000FF000000FF000000FF000000FF000000FF000000FF000000FF000000FF000000FF000000FF000000FF000000FF000000FF000000FF000000FF000000FF000000FF000000FF000000FF000000FF000000FF000000FF000000FF000000FF000000FF000000FF000000FF000000FF000000FF000000FF000000FF000000FF000000FFA9F922FFA9F922FF000000FF000000FF000000FF000000FF000000FF000000FFA9F922FFA9F922FF000000FF000000FF000000FF000000FFA9F922FFA9F922FFA9F922FFA9F922FFA9F922FFA9F922FFA9F922FFA9F922FFA9F922FFA9F922FF000000FF000000FF000000FF000000FFA9F922FFA9F922FF000000FF000000FF000000FF000000FF000000FF000000FF000000FF000000FF000000FF000000FF000000FF000000FFA9F922FFA9F922FFA9F922FFA9F922FFA9F922FFA9F922FFA9F922FFA9F922FF000000FF000000FF000000FF000000FF000000FF000000FF000000FF000000FF000000FF000000FF000000FF000000FF000000FF000000FF000000FF000000FF000000FF000000FF000000FF000000FF000000FF000000FF000000FF000000FF000000FF000000FF000000FF000000FF000000FF000000FF000000FF000000FF000000FF000000FF000000FF000000FF000000FF000000FF000000FF000000FF000000FF000000FF000000FF000000FF000000FF000000FF000000FF000000FF000000FF000000FF000000FF000000FF000000FF000000FF000000FF000000FF000000FF000000FF000000FF000000FF000000FF000000FF000000FF000000FF000000FF000000FF000000FF000000FF000000FF000000FF000000FF000000FF000000FF000000FF000000FF000000FF000000FF000000FF000000FF000000FF000000FF000000FF000000FF000000FF000000FF000000FF000000FF000000FF000000FF000000FF000000FF000000FF000000FF000000FF000000FF000000FF000000FF000000FF000000FF000000FF000000FF000000FF000000FF000000FF000000FF000000FF000000FF000000FF000000FF000000FF000000FF000000FF000000FF000000FF000000FF000000FF000000FF000000FF000000FF000000FF000000FF000000FF000000FF000000FF000000FF000000FF000000FF000000FF000000FF000000FF000000FF000000FF000000FF000000FF000000FF000000FF000000FF000000FF000000FF000000FF000000FF000000FF000000FF000000FF000000FF000000FF000000FF000000FF000000FF000000FF000000FF000000FF000000FF000000FF000000FF000000FF000000FF000000FF000000FF000000FF000000FF000000FF000000FF000000FF000000FF000000FF000000FF000000FF000000FF000000FF000000FF000000FF000000FF000000FF000000FF000000FF000000FF000000FF000000FF000000FF000000FF000000FF000000FF000000FF000000FF000000FF000000FF000000FF000000FF000000FF000000FF000000FF000000FF000000FF000000FF000000FF000000FF000000FF000000FF000000FF000000FF000000FF000000FF000000FF000000FF000000FF000000FF000000FF000000FF000000FF000000FF000000FF000000FF000000FF000000FF000000FF000000FF000000FF000000FF000000FF000000FF000000FF000000FF000000FF000000FF000000FF000000FF000000FF000000FF000000FF000000FF000000FF000000FF000000FF000000FF000000FF000000FF000000FF000000FF000000FF000000FF000000FF000000FF000000FF000000FF000000FF000000FF000000FF000000FF000000FF000000FF000000FF000000FF000000FF000000FF000000FF000000FF000000FF000000FF000000FF000000FF000000FF000000FF000000FF000000FF000000FF000000FF000000FF000000FF000000FF000000FF000000FF000000FF000000FF000000FF000000FF000000FF000000FF000000FF000000FF000000FF000000FF000000FF000000FF000000FF000000FF000000FF000000FF000000FF000000FF000000FF000000FF000000FF000000FF000000FF000000FF000000FF000000FF000000FF000000FF000000FF000000FF000000FF000000FF000000FF000000FF000000FF000000FF000000FF000000FF000000FF000000FF000000FF000000FF000000FF000000FF000000FF000000FF000000FF000000FF000000FF000000FF000000FF000000FF000000FF000000FF000000FF000000FF000000FF000000FF000000FF000000FF000000FF000000FF000000FF000000FF000000FF000000FF000000FF000000FF000000FF000000FF000000FF000000FF000000FF000000FF000000FF000000FF000000FF000000FF000000FF000000FF000000FF000000FF000000FF000000FF000000FF000000FF000000FF000000FF000000FF000000FF000000FF000000FF000000FF000000FF000000FF000000FF000000FF000000FFA9F922FFA9F922FF000000FF000000FF000000FF000000FF000000FF000000FFA9F922FFA9F922FF000000FF000000FF000000FF000000FF000000FF000000FF000000FF000000FF000000FF000000FF000000FF000000FF000000FF000000FF000000FF000000FF000000FF000000FF000000FF000000FF000000FF000000FF000000FF000000FF000000FF000000FF000000FF000000FF000000FF000000FF000000FF000000FF000000FF000000FF000000FF000000FF000000FF000000FF000000FF000000FF000000FF000000FF000000FF000000FF000000FF000000FF000000FF000000FF000000FF000000FF000000FF000000FF000000FF000000FF000000FF000000FF000000FF000000FF000000FF000000FF000000FF000000FF000000FF000000FF000000FF000000FF000000FF000000FF000000FF000000FF000000FF000000FF000000FF000000FF000000FF000000FF000000FF000000FF000000FF000000FF000000FF000000FF000000FF000000FF000000FF000000FF000000FF000000FF000000FF000000FF000000FF000000FF000000FF000000FF000000FF000000FF000000FF000000FF000000FF000000FF000000FF000000FF000000FF000000FF000000FF000000FF000000FF000000FF000000FF000000FF000000FF000000FF000000FF000000FF000000FF000000FF000000FF000000FF000000FF000000FF000000FF000000FF000000FF000000FF000000FF000000FF000000FF000000FF000000FF000000FFA9F922FFA9F922FF000000FF000000FF000000FF000000FF000000FF000000FFA9F922FFA9F922FF000000FF000000FF000000FF000000FFA9F922FFA9F922FF000000FF000000FF000000FF000000FF000000FF000000FF000000FF000000FF000000FF000000FF000000FF000000FFA9F922FFA9F922FF000000FF000000FF000000FF000000FF000000FF000000FF000000FF000000FF000000FF000000FF000000FF000000FFA9F922FFA9F922FF000000FF000000FF000000FF000000FF000000FF000000FFA9F922FFA9F922FF000000FF000000FF000000FF000000FF000000FF000000FF000000FF000000FF000000FF000000FF000000FF000000FF000000FF000000FF000000FF000000FF000000FF000000FF000000FF000000FF000000FF000000FF000000FF000000FF000000FF000000FF000000FF000000FF000000FF000000FF000000FF000000FF000000FF000000FF000000FF000000FF000000FF000000FF000000FF000000FF000000FF000000FF000000FF000000FF000000FF000000FF000000FF000000FF000000FF000000FF000000FF000000FF000000FF000000FF000000FF000000FF000000FF000000FF000000FF000000FF000000FF000000FF000000FF000000FF000000FF000000FF000000FF000000FF000000FF000000FF000000FF000000FF000000FF000000FF000000FF000000FF000000FF000000FF000000FF000000FF000000FF000000FF000000FF000000FF000000FF000000FF000000FF000000FF000000FF000000FF000000FF000000FF000000FF000000FF000000FF000000FF000000FF000000FF000000FF000000FF000000FF000000FF000000FF000000FF000000FF000000FF000000FF000000FF000000FF000000FF000000FF000000FF000000FF000000FF000000FF000000FF000000FF000000FF000000FF000000FF000000FF000000FF000000FF000000FF000000FF000000FF000000FF000000FF000000FF000000FF000000FF000000FF000000FF000000FF000000FF000000FF000000FF000000FF000000FF000000FF000000FF000000FF000000FF000000FF000000FF000000FF000000FF000000FF000000FF000000FF000000FF000000FF000000FF000000FF000000FF000000FF000000FF000000FF000000FF000000FF000000FF000000FF000000FF000000FF000000FF000000FF000000FF000000FF000000FF000000FF000000FF000000FF000000FF000000FF000000FF000000FF000000FF000000FF000000FF000000FF000000FF000000FF000000FF000000FF000000FF000000FF000000FF000000FF000000FF000000FF000000FF000000FF000000FF000000FF000000FF000000FF000000FF000000FF000000FF000000FF000000FF000000FF000000FF000000FF000000FF000000FF000000FF000000FF000000FF000000FF000000FF000000FF000000FF000000FF000000FF000000FF000000FF000000FF000000FF000000FF000000FF000000FF000000FF000000FF000000FF000000FF000000FF000000FF000000FF000000FF000000FF000000FF000000FF000000FF000000FF000000FF000000FF000000FF000000FF000000FF000000FF000000FF000000FF000000FF000000FF000000FF000000FF000000FF000000FF000000FF000000FF000000FF000000FF000000FF000000FF000000FF000000FF000000FF000000FF000000FF000000FF000000FF000000FF000000FF000000FF000000FF000000FF000000FF000000FF000000FF000000FF000000FF000000FF000000FF000000FF000000FF000000FF000000FF000000FF000000FF000000FF000000FF000000FF000000FF000000FF000000FF000000FF000000FF000000FF000000FF000000FF000000FF000000FF000000FF000000FF000000FF000000FF000000FF000000FF000000FF000000FF000000FF000000FF000000FF000000FF000000FF000000FF000000FF000000FF000000FF000000FF000000FF000000FF000000FF000000FF000000FF000000FF000000FF000000FF000000FF000000FF000000FF000000FF000000FF000000FF000000FF000000FF000000FF000000FF000000FF000000FF000000FF000000FF000000FF000000FF000000FF000000FF000000FF000000FF000000FF000000FF000000FF000000FF000000FF000000FF000000FF000000FF000000FF000000FF000000FF000000FF000000FF000000FF000000FF000000FF000000FF000000FF000000FF000000FF000000FF000000FF000000FF000000FF000000FF000000FF000000FF000000FF000000FFA9F922FFA9F922FF000000FF000000FF000000FF000000FF000000FF000000FFA9F922FFA9F922FF000000FF000000FF000000FF000000FF000000FF000000FF000000FF000000FF000000FF000000FF000000FF000000FF000000FF000000FF000000FF000000FF000000FF000000FF000000FF000000FF000000FF000000FF000000FF000000FF000000FF000000FF000000FF000000FF000000FF000000FF000000FF000000FF000000FF000000FF000000FF000000FF000000FF000000FF000000FF000000FF000000FF000000FF000000FF000000FF000000FF000000FF000000FF000000FF000000FF000000FF000000FF000000FF000000FF000000FF000000FF000000FF000000FF000000FF000000FF000000FF000000FF000000FF000000FF000000FF000000FF000000FF000000FF000000FF000000FF000000FF000000FF000000FF000000FF000000FF000000FF000000FF000000FF000000FF000000FF000000FF000000FF000000FF000000FF000000FF000000FF000000FF000000FF000000FF000000FF000000FF000000FF000000FF000000FF000000FF000000FF000000FF000000FF000000FF000000FF000000FF000000FF000000FF000000FF000000FF000000FF000000FF000000FF000000FF000000FF000000FF000000FF000000FF000000FF000000FF000000FF000000FF000000FF000000FF000000FF000000FF000000FF000000FF000000FF000000FF000000FF000000FF000000FF000000FF000000FF000000FFA9F922FFA9F922FF000000FF000000FF000000FF000000FF000000FF000000FFA9F922FFA9F922FF000000FF000000FF000000FF000000FFA9F922FFA9F922FF000000FF000000FF000000FF000000FF000000FF000000FF000000FF000000FF000000FF000000FF000000FF000000FFA9F922FFA9F922FF000000FF000000FF000000FF000000FF000000FF000000FF000000FF000000FF000000FF000000FF000000FF000000FFA9F922FFA9F922FF000000FF000000FF000000FF000000FF000000FF000000FFA9F922FFA9F922FF000000FF000000FF000000FF000000FF000000FF000000FF000000FF000000FF000000FF000000FF000000FF000000FF000000FF000000FF000000FF000000FF000000FF000000FF000000FF000000FF000000FF000000FF000000FF000000FF000000FF000000FF000000FF000000FF000000FF000000FF000000FF000000FF000000FF000000FF000000FF000000FF000000FF000000FF000000FF000000FF000000FF000000FF000000FF000000FF000000FF000000FF000000FF000000FF000000FF000000FF000000FF000000FF000000FF000000FF000000FF000000FF000000FF000000FF000000FF000000FF000000FF000000FF000000FF000000FF000000FF000000FF000000FF000000FF000000FF000000FF000000FF000000FF000000FF000000FF000000FF000000FF000000FF000000FF000000FF000000FF000000FF000000FF000000FF000000FF000000FF000000FF000000FF000000FF000000FF000000FF000000FF000000FF000000FF000000FF000000FF000000FF000000FF000000FF000000FF000000FF000000FF000000FF000000FF000000FF000000FF000000FF000000FF000000FF000000FF000000FF000000FF000000FF000000FF000000FF000000FF000000FF000000FF000000FF000000FF000000FF000000FF000000FF000000FF000000FF000000FF000000FF000000FF000000FF000000FF000000FF000000FF000000FF000000FF000000FF000000FF000000FF000000FF000000FF000000FF000000FF000000FF000000FF000000FF000000FF000000FF000000FF000000FF000000FF000000FF000000FF000000FF000000FF000000FF000000FF000000FF000000FF000000FF000000FF000000FF000000FF000000FF000000FF000000FF000000FF000000FF000000FF000000FF000000FF000000FF000000FF000000FF000000FF000000FF000000FF000000FF000000FF000000FF000000FF000000FF000000FF000000FF000000FF000000FF000000FF000000FF000000FF000000FF000000FF000000FF000000FF000000FF000000FF000000FF000000FF000000FF000000FF000000FF000000FF000000FF000000FF000000FF000000FF000000FF000000FF000000FF000000FF000000FF000000FF000000FF000000FF000000FF000000FF000000FF000000FF000000FF000000FF000000FF000000FF000000FF000000FF000000FF000000FF000000FF000000FF000000FF000000FF000000FF000000FF000000FF000000FF000000FF000000FF000000FF000000FF000000FF000000FF000000FF000000FF000000FF000000FF000000FF000000FF000000FF000000FF000000FF000000FF000000FF000000FF000000FF000000FF000000FF000000FF000000FF000000FF000000FF000000FF000000FF000000FF000000FF000000FF000000FF000000FF000000FF000000FF000000FF000000FF000000FF000000FF000000FF000000FF000000FF000000FF000000FF000000FF000000FF000000FF000000FF000000FF000000FF000000FF000000FF000000FF000000FF000000FF000000FF000000FF000000FF000000FF000000FF000000FF000000FF000000FF000000FF000000FF000000FF000000FF000000FF000000FF000000FF000000FF000000FF000000FF000000FF000000FF000000FF000000FF000000FF000000FF000000FF000000FF000000FF000000FF000000FF000000FF000000FF000000FF000000FF000000FF000000FF000000FF000000FF000000FF000000FF000000FF000000FF000000FF000000FF000000FF000000FF000000FF000000FF000000FF000000FF000000FF000000FF000000FF000000FF000000FF000000FF000000FF000000FF000000FF000000FF000000FF000000FF000000FF000000FF000000FF000000FF000000FF000000FF000000FF000000FF000000FF000000FF000000FF000000FF000000FF000000FF000000FF000000FF000000FF000000FF000000FF000000FF000000FF000000FF000000FF000000FF000000FF000000FF000000FF000000FF000000FFA9F922FFA9F922FF000000FF000000FF000000FF000000FF000000FF000000FF000000FF000000FF000000FF000000FF000000FF000000FF000000FF000000FF000000FF000000FF000000FF000000FF000000FF000000FF000000FF000000FF000000FF000000FF000000FF000000FF000000FF000000FF000000FF000000FF000000FF000000FF000000FF000000FF000000FF000000FF000000FF000000FF000000FF000000FF000000FF000000FF000000FF000000FF000000FF000000FF000000FF000000FF000000FF000000FF000000FF000000FF000000FF000000FF000000FF000000FF000000FF000000FF000000FF000000FF000000FF000000FF000000FF000000FF000000FF000000FF000000FF000000FF000000FF000000FF000000FF000000FF000000FF000000FF000000FF000000FF000000FF000000FF000000FF000000FF000000FF000000FF000000FF000000FF000000FF000000FF000000FF000000FF000000FF000000FF000000FF000000FF000000FF000000FF000000FF000000FF000000FF000000FF000000FF000000FF000000FF000000FF000000FF000000FF000000FF000000FF000000FF000000FFA9F922FFA9F922FF000000FF000000FF000000FF000000FF000000FF000000FF000000FF000000FF000000FF000000FF000000FF000000FF000000FF000000FF000000FF000000FF000000FF000000FF000000FF000000FF000000FF000000FFA9F922FFA9F922FF000000FF000000FF000000FF000000FF000000FF000000FFA9F922FFA9F922FF000000FF000000FF000000FF000000FFA9F922FFA9F922FF000000FF000000FF000000FF000000FF000000FF000000FF000000FF000000FF000000FF000000FF000000FF000000FFA9F922FFA9F922FF000000FF000000FF000000FF000000FF000000FF000000FF000000FF000000FF000000FF000000FF000000FF000000FFA9F922FFA9F922FF000000FF000000FF000000FF000000FF000000FF000000FFA9F922FFA9F922FF000000FF000000FF000000FF000000FF000000FF000000FF000000FF000000FF000000FF000000FF000000FF000000FF000000FF000000FF000000FF000000FF000000FF000000FF000000FF000000FF000000FF000000FF000000FF000000FF000000FF000000FF000000FF000000FF000000FF000000FF000000FF000000FF000000FF000000FF000000FF000000FF000000FF000000FF000000FF000000FF000000FF000000FF000000FF000000FF000000FF000000FF000000FF000000FF000000FF000000FF000000FF000000FF000000FF000000FF000000FF000000FF000000FF000000FF000000FF000000FF000000FF000000FF000000FF000000FF000000FF000000FF000000FF000000FF000000FF000000FF000000FF000000FF000000FF000000FF000000FF000000FF000000FF000000FF000000FF000000FF000000FF000000FF000000FF000000FF000000FF000000FF000000FF000000FF000000FF000000FF000000FF000000FF000000FF000000FF000000FF000000FF000000FF000000FF000000FF000000FF000000FF000000FF000000FF000000FF000000FF000000FF000000FF000000FF000000FF000000FF000000FF000000FF000000FF000000FF000000FF000000FF000000FF000000FF000000FF000000FF000000FF000000FF000000FF000000FF000000FF000000FF000000FF000000FF000000FF000000FF000000FF000000FF000000FF000000FF000000FF000000FF000000FF000000FF000000FF000000FF000000FF000000FF000000FF000000FF000000FF000000FF000000FF000000FF000000FF000000FF000000FF000000FF000000FF000000FF000000FF000000FF000000FF000000FF000000FF000000FF000000FF000000FF000000FF000000FF000000FF000000FF000000FF000000FF000000FF000000FF000000FF000000FF000000FF000000FF000000FF000000FF000000FF000000FF000000FF000000FF000000FF000000FF000000FF000000FF000000FF000000FF000000FF000000FF000000FF000000FF000000FF000000FF000000FF000000FF000000FF000000FF000000FF000000FF000000FF000000FF000000FF000000FF000000FF000000FF000000FF000000FF000000FF000000FF000000FF000000FF000000FF000000FF000000FF000000FF000000FF000000FF000000FF000000FF000000FF000000FF000000FF000000FF000000FF000000FF000000FF000000FF000000FF000000FF000000FF000000FF000000FF000000FF000000FF000000FF000000FF000000FF000000FF000000FF000000FF000000FF000000FF000000FF000000FF000000FF000000FF000000FF000000FF000000FF000000FF000000FF000000FF000000FF000000FF000000FF000000FF000000FF000000FF000000FF000000FF000000FF000000FF000000FF000000FF000000FF000000FF000000FF000000FF000000FF000000FF000000FF000000FF000000FF000000FF000000FF000000FF000000FF000000FF000000FF000000FF000000FF000000FF000000FF000000FF000000FF000000FF000000FF000000FF000000FF000000FF000000FF000000FF000000FF000000FF000000FF000000FF000000FF000000FF000000FF000000FF000000FF000000FF000000FF000000FF000000FF000000FF000000FF000000FF000000FF000000FF000000FF000000FF000000FF000000FF000000FF000000FF000000FF000000FF000000FF000000FF000000FF000000FF000000FF000000FF000000FF000000FF000000FF000000FF000000FF000000FF000000FF000000FF000000FF000000FF000000FF000000FF000000FF000000FF000000FF000000FF000000FF000000FF000000FF000000FF000000FF000000FF000000FF000000FF000000FF000000FF000000FF000000FF000000FF000000FF000000FF000000FF000000FF000000FF000000FF000000FF000000FF000000FF000000FF000000FF000000FF000000FF000000FF000000FF000000FF000000FF000000FF000000FF000000FF000000FF000000FFA9F922FFA9F922FF000000FF000000FF000000FF000000FF000000FF000000FF000000FF000000FF000000FF000000FF000000FF000000FF000000FF000000FF000000FF000000FF000000FF000000FF000000FF000000FF000000FF000000FF000000FF000000FF000000FF000000FF000000FF000000FF000000FF000000FF000000FF000000FF000000FF000000FF000000FF000000FF000000FF000000FF000000FF000000FF000000FF000000FF000000FF000000FF000000FF000000FF000000FF000000FF000000FF000000FF000000FF000000FF000000FF000000FF000000FF000000FF000000FF000000FF000000FF000000FF000000FF000000FF000000FF000000FF000000FF000000FF000000FF000000FF000000FF000000FF000000FF000000FF000000FF000000FF000000FF000000FF000000FF000000FF000000FF000000FF000000FF000000FF000000FF000000FF000000FF000000FF000000FF000000FF000000FF000000FF000000FF000000FF000000FF000000FF000000FF000000FF000000FF000000FF000000FF000000FF000000FF000000FF000000FF000000FF000000FF000000FF000000FF000000FFA9F922FFA9F922FF000000FF000000FF000000FF000000FF000000FF000000FF000000FF000000FF000000FF000000FF000000FF000000FF000000FF000000FF000000FF000000FF000000FF000000FF000000FF000000FF000000FF000000FFA9F922FFA9F922FF000000FF000000FF000000FF000000FF000000FF000000FFA9F922FFA9F922FF000000FF000000FF000000FF000000FFA9F922FFA9F922FF000000FF000000FF000000FF000000FF000000FF000000FF000000FF000000FF000000FF000000FF000000FF000000FFA9F922FFA9F922FF000000FF000000FF000000FF000000FF000000FF000000FF000000FF000000FF000000FF000000FF000000FF000000FFA9F922FFA9F922FF000000FF000000FF000000FF000000FF000000FF000000FFA9F922FFA9F922FF000000FF000000FF000000FF000000FF000000FF000000FF000000FF000000FF000000FF000000FF000000FF000000FF000000FF000000FF000000FF000000FF000000FF000000FF000000FF000000FF000000FF000000FF000000FF000000FF000000FF000000FF000000FF000000FF000000FF000000FF000000FF000000FF000000FF000000FF000000FF000000FF000000FF000000FF000000FF000000FF000000FF000000FF000000FF000000FF000000FF000000FF000000FF000000FF000000FF000000FF000000FF000000FF000000FF000000FF000000FF000000FF000000FF000000FF000000FF000000FF000000FF000000FF000000FF000000FF000000FF000000FF000000FF000000FF000000FF000000FF000000FF000000FF000000FF000000FF000000FF000000FF000000FF000000FF000000FF000000FF000000FF000000FF000000FF000000FF000000FF000000FF000000FF000000FF000000FF000000FF000000FF000000FF000000FF000000FF000000FF000000FF000000FF000000FF000000FF000000FF000000FF000000FF000000FF000000FF000000FF000000FF000000FF000000FF000000FF000000FF000000FF000000FF000000FF000000FF000000FF000000FF000000FF000000FF000000FF000000FF000000FF000000FF000000FF000000FF000000FF000000FF000000FF000000FF000000FF000000FF000000FF000000FF000000FF000000FF000000FF000000FF000000FF000000FF000000FF000000FF000000FF000000FF000000FF000000FF000000FF000000FF000000FF000000FF000000FF000000FF000000FF000000FF000000FF000000FF000000FF000000FF000000FF000000FF000000FF000000FF000000FF000000FF000000FF000000FF000000FF000000FF000000FF000000FF000000FF000000FF000000FF000000FF000000FF000000FF000000FF000000FF000000FF000000FF000000FF000000FF000000FF000000FF000000FF000000FF000000FF000000FF000000FF000000FF000000FF000000FF000000FF000000FF000000FF000000FF000000FF000000FF000000FF000000FF000000FF000000FF000000FF000000FF000000FF000000FF000000FF000000FF000000FF000000FF000000FF000000FF000000FF000000FF000000FF000000FF000000FF000000FF000000FF000000FF000000FF000000FF000000FF000000FF000000FF000000FF000000FF000000FF000000FF000000FF000000FF000000FF000000FF000000FF000000FF000000FF000000FF000000FF000000FF000000FF000000FF000000FF000000FF000000FF000000FF000000FF000000FF000000FF000000FF000000FF000000FF000000FF000000FF000000FF000000FF000000FF000000FF000000FF000000FF000000FF000000FF000000FF000000FF000000FF000000FF000000FF000000FF000000FF000000FF000000FF000000FF000000FF000000FF000000FF000000FF000000FF000000FF000000FF000000FF000000FF000000FF000000FF000000FF000000FF000000FF000000FF000000FF000000FF000000FF000000FF000000FF000000FF000000FF000000FF000000FF000000FF000000FF000000FF000000FF000000FF000000FF000000FF000000FF000000FF000000FF000000FF000000FF000000FF000000FF000000FF000000FF000000FF000000FF000000FF000000FF000000FF000000FF000000FF000000FF000000FF000000FF000000FF000000FF000000FF000000FF000000FF000000FF000000FF000000FF000000FF000000FF000000FF000000FF000000FF000000FF000000FF000000FF000000FF000000FF000000FF000000FF000000FF000000FF000000FF000000FF000000FF000000FF000000FF000000FF000000FF000000FF000000FF000000FF000000FF000000FF000000FF000000FF000000FF000000FF000000FF000000FF000000FF000000FF000000FF000000FF000000FF000000FF000000FF000000FF000000FF000000FF000000FF000000FF000000FFA9F922FFA9F922FF000000FF000000FF000000FF000000FF000000FF000000FF000000FF000000FF000000FF000000FF000000FF000000FF000000FF000000FF000000FF000000FF000000FF000000FF000000FF000000FF000000FF000000FF000000FF000000FF000000FF000000FF000000FF000000FF000000FF000000FF000000FF000000FF000000FF000000FF000000FF000000FF000000FF000000FF000000FF000000FF000000FF000000FF000000FF000000FF000000FF000000FF000000FF000000FF000000FF000000FF000000FF000000FF000000FF000000FF000000FF000000FF000000FF000000FF000000FF000000FF000000FF000000FF000000FF000000FF000000FF000000FF000000FF000000FF000000FF000000FF000000FF000000FF000000FF000000FF000000FF000000FF000000FF000000FF000000FF000000FF000000FF000000FF000000FF000000FF000000FF000000FF000000FF000000FF000000FF000000FF000000FF000000FF000000FF000000FF000000FF000000FF000000FF000000FF000000FF000000FF000000FF000000FF000000FF000000FF000000FF000000FF000000FF000000FF000000FF000000FF000000FF000000FF000000FF000000FF000000FF000000FF000000FF000000FF000000FF000000FF000000FF000000FF000000FF000000FF000000FF000000FF000000FF000000FF000000FF000000FF000000FF000000FF000000FF000000FFA9F922FFA9F922FFA9F922FFA9F922FFA9F922FFA9F922FFA9F922FFA9F922FFA9F922FFA9F922FF000000FF000000FF000000FF000000FFA9F922FFA9F922FFA9F922FFA9F922FFA9F922FFA9F922FFA9F922FFA9F922FF000000FF000000FF000000FF000000FF000000FF000000FFA9F922FFA9F922FF000000FF000000FF000000FF000000FF000000FF000000FF000000FF000000FF000000FF000000FF000000FF000000FFA9F922FFA9F922FFA9F922FFA9F922FFA9F922FFA9F922FFA9F922FFA9F922FF000000FF000000FF000000FF000000FF000000FF000000FF000000FF000000FF000000FF000000FF000000FF000000FF000000FF000000FF000000FF000000FF000000FF000000FF000000FF000000FF000000FF000000FF000000FF000000FF000000FF000000FF000000FF000000FF000000FF000000FF000000FF000000FF000000FF000000FF000000FF000000FF000000FF000000FF000000FF000000FF000000FF000000FF000000FF000000FF000000FF000000FF000000FF000000FF000000FF000000FF000000FF000000FF000000FF000000FF000000FF000000FF000000FF000000FF000000FF000000FF000000FF000000FF000000FF000000FF000000FF000000FF000000FF000000FF000000FF000000FF000000FF000000FF000000FF000000FF000000FF000000FF000000FF000000FF000000FF000000FF000000FF000000FF000000FF000000FF000000FF000000FF000000FF000000FF000000FF000000FF000000FF000000FF000000FF000000FF000000FF000000FF000000FF000000FF000000FF000000FF000000FF000000FF000000FF000000FF000000FF000000FF000000FF000000FF000000FF000000FF000000FF000000FF000000FF000000FF000000FF000000FF000000FF000000FF000000FF000000FF000000FF000000FF000000FF000000FF000000FF000000FF000000FF000000FF000000FF000000FF000000FF000000FF000000FF000000FF000000FF000000FF000000FF000000FF000000FF000000FF000000FF000000FF000000FF000000FF000000FF000000FF000000FF000000FF000000FF000000FF000000FF000000FF000000FF000000FF000000FF000000FF000000FF000000FF000000FF000000FF000000FF000000FF000000FF000000FF000000FF000000FF000000FF000000FF000000FF000000FF000000FF000000FF000000FF000000FF000000FF000000FF000000FF000000FF000000FF000000FF000000FF000000FF000000FF000000FF000000FF000000FF000000FF000000FF000000FF000000FF000000FF000000FF000000FF000000FF000000FF000000FF000000FF000000FF000000FF000000FF000000FF000000FF000000FF000000FF000000FF000000FF000000FF000000FF000000FF000000FF000000FF000000FF000000FF000000FF000000FF000000FF000000FF000000FF000000FF000000FF000000FF000000FF000000FF000000FF000000FF000000FF000000FF000000FF000000FF000000FF000000FF000000FF000000FF000000FF000000FF000000FF000000FF000000FF000000FF000000FF000000FF000000FF000000FF000000FF000000FF000000FF000000FF000000FF000000FF000000FF000000FF000000FF000000FF000000FF000000FF000000FF000000FF000000FF000000FF000000FF000000FF000000FF000000FF000000FF000000FF000000FF000000FF000000FF000000FF000000FF000000FF000000FF000000FF000000FF000000FF000000FF000000FF000000FF000000FF000000FF000000FF000000FF000000FF000000FF000000FF000000FF000000FF000000FF000000FF000000FF000000FF000000FF000000FF000000FF000000FF000000FF000000FF000000FF000000FF000000FF000000FF000000FF000000FF000000FF000000FF000000FF000000FF000000FF000000FF000000FF000000FF000000FF000000FF000000FF000000FF000000FF000000FF000000FF000000FF000000FF000000FF000000FF000000FF000000FF000000FF000000FF000000FF000000FF000000FF000000FF000000FF000000FF000000FF000000FF000000FF000000FF000000FF000000FF000000FF000000FF000000FF000000FF000000FF000000FF000000FF000000FF000000FF000000FF000000FF000000FF000000FF000000FF000000FF000000FF000000FF000000FF000000FF000000FF000000FF000000FF000000FF000000FF000000FF000000FF000000FF000000FF000000FF000000FF000000FF000000FF000000FF000000FF000000FF000000FFA9F922FFA9F922FF000000FF000000FF000000FF000000FF000000FF000000FF000000FF000000FF000000FF000000FF000000FF000000FF000000FF000000FF000000FF000000FF000000FF000000FF000000FF000000FF000000FF000000FF000000FF000000FF000000FF000000FF000000FF000000FF000000FF000000FF000000FF000000FF000000FF000000FF000000FF000000FF000000FF000000FF000000FF000000FF000000FF000000FF000000FF000000FF000000FF000000FF000000FF000000FF000000FF000000FF000000FF000000FF000000FF000000FF000000FF000000FF000000FF000000FF000000FF000000FF000000FF000000FF000000FF000000FF000000FF000000FF000000FF000000FF000000FF000000FF000000FF000000FF000000FF000000FF000000FF000000FF000000FF000000FF000000FF000000FF000000FF000000FF000000FF000000FF000000FF000000FF000000FF000000FF000000FF000000FF000000FF000000FF000000FF000000FF000000FF000000FF000000FF000000FF000000FF000000FF000000FF000000FF000000FF000000FF000000FF000000FF000000FF000000FF000000FF000000FF000000FF000000FF000000FF000000FF000000FF000000FF000000FF000000FF000000FF000000FF000000FF000000FF000000FF000000FF000000FF000000FF000000FF000000FF000000FF000000FF000000FF000000FF000000FF000000FFA9F922FFA9F922FFA9F922FFA9F922FFA9F922FFA9F922FFA9F922FFA9F922FFA9F922FFA9F922FF000000FF000000FF000000FF000000FFA9F922FFA9F922FFA9F922FFA9F922FFA9F922FFA9F922FFA9F922FFA9F922FF000000FF000000FF000000FF000000FF000000FF000000FFA9F922FFA9F922FF000000FF000000FF000000FF000000FF000000FF000000FF000000FF000000FF000000FF000000FF000000FF000000FFA9F922FFA9F922FFA9F922FFA9F922FFA9F922FFA9F922FFA9F922FFA9F922FF000000FF000000FF000000FF000000FF000000FF000000FF000000FF000000FF000000FF000000FF000000FF000000FF000000FF000000FF000000FF000000FF000000FF000000FF000000FF000000FF000000FF000000FF000000FF000000FF000000FF000000FF000000FF000000FF000000FF000000FF000000FF000000FF000000FF000000FF000000FF000000FF000000FF000000FF000000FF000000FF000000FF000000FF000000FF000000FF000000FF000000FF000000FF000000FF000000FF000000FF000000FF000000FF000000FF000000FF000000FF000000FF000000FF000000FF000000FF000000FF000000FF000000FF000000FF000000FF000000FF000000FF000000FF000000FF000000FF000000FF000000FF000000FF000000FF000000FF000000FF000000FF000000FF000000FF000000FF000000FF000000FF000000FF000000FF000000FF000000FF000000FF000000FF000000FF000000FF000000FF000000FF000000FF000000FF000000FF000000FF000000FF000000FF000000FF000000FF000000FF000000FF000000FF000000FF000000FF000000FF000000FF000000FF000000FF000000FF000000FF000000FF000000FF000000FF000000FF000000FF000000FF000000FF000000FF000000FF000000FF000000FF000000FF000000FF000000FF000000FF000000FF000000FF000000FF000000FF000000FF000000FF000000FF000000FF000000FF000000FF000000FF000000FF000000FF000000FF000000FF000000FF000000FF000000FF000000FF000000FF000000FF000000FF000000FF000000FF000000FF000000FF000000FF000000FF000000FF000000FF000000FF000000FF000000FF000000FF000000FF000000FF000000FF000000FF000000FF000000FF000000FF000000FF000000FF000000FF000000FF000000FF000000FF000000FF000000FF000000FF000000FF000000FF000000FF000000FF000000FF000000FF000000FF000000FF000000FF000000FF000000FF000000FF000000FF000000FF000000FF000000FF000000FF000000FF000000FF000000FF000000FF000000FF000000FF000000FF000000FF000000FF000000FF000000FF000000FF000000FF000000FF000000FF000000FF000000FF000000FF000000FF000000FF000000FF000000FF000000FF000000FF000000FF000000FF000000FF000000FF000000FF000000FF000000FF000000FF000000FF000000FF000000FF000000FF000000FF000000FF000000FF000000FF000000FF000000FF000000FF000000FF000000FF000000FF000000FF000000FF000000FF000000FF000000FF000000FF000000FF000000FF000000FF000000FF000000FF000000FF000000FF000000FF000000FF000000FF000000FF000000FF000000FF000000FF000000FF000000FF000000FF000000FF000000FF000000FF000000FF000000FF000000FF000000FF000000FF000000FF000000FF000000FF000000FF000000FF000000FF000000FF000000FF000000FF000000FF000000FF000000FF000000FF000000FF000000FF000000FF000000FF000000FF000000FF000000FF000000FF000000FF000000FF000000FF000000FF000000FF000000FF000000FF000000FF000000FF000000FF000000FF000000FF000000FF000000FF000000FF000000FF000000FF000000FF000000FF000000FF000000FF000000FF000000FF000000FF000000FF000000FF000000FF000000FF000000FF000000FF000000FF000000FF000000FF000000FF000000FF000000FF000000FF000000FF000000FF000000FF000000FF000000FF000000FF000000FF000000FF000000FF000000FF000000FF000000FF000000FF000000FF000000FF000000FF000000FF000000FF000000FF000000FF000000FF000000FF000000FF000000FF000000FF000000FF000000FF000000FF000000FF000000FF000000FF000000FF000000FF000000FF000000FF000000FF000000FF000000FF000000FF000000FF000000FF000000FF000000FF000000FF000000FF000000FF000000FFA9F922FFA9F922FF000000FF000000FF000000FF000000FF000000FF000000FF000000FF000000FF000000FF000000FF000000FF000000FF000000FF000000FF000000FF000000FF000000FF000000FF000000FF000000FF000000FF000000FF000000FF000000FF000000FF000000FF000000FF000000FF000000FF000000FF000000FF000000FF000000FF000000FF000000FF000000FF000000FF000000FF000000FF000000FF000000FF000000FF000000FF000000FF000000FF000000FF000000FF000000FF000000FF000000FF000000FF000000FF000000FF000000FF000000FF000000FF000000FF000000FF000000FF000000FF000000FF000000FF000000FF000000FF000000FF000000FF000000FF000000FF000000FF000000FF000000FF000000FF000000FF000000FF000000FF000000FF000000FF000000FF000000FF000000FF000000FF000000FF000000FF000000FF000000FF000000FF000000FF000000FF000000FF000000FF000000FF000000FF000000FF000000FF000000FF000000FF000000FF000000FF000000FF000000FF000000FF000000FF000000FF000000FF000000FF000000FF000000FF000000FF000000FF000000FFA9F922FFA9F922FF000000FF000000FF000000FF000000FF000000FF000000FF000000FF000000FF000000FF000000FF000000FF000000FF000000FF000000FF000000FF000000FF000000FF000000FF000000FF000000FF000000FF000000FFA9F922FFA9F922FF000000FF000000FF000000FF000000FF000000FF000000FFA9F922FFA9F922FF000000FF000000FF000000FF000000FFA9F922FFA9F922FF000000FF000000FF000000FF000000FF000000FF000000FF000000FF000000FF000000FF000000FF000000FF000000FFA9F922FFA9F922FF000000FF000000FF000000FF000000FF000000FF000000FF000000FF000000FF000000FF000000FF000000FF000000FFA9F922FFA9F922FF000000FF000000FF000000FF000000FF000000FF000000FF000000FF000000FF000000FF000000FF000000FF000000FF000000FF000000FF000000FF000000FF000000FF000000FF000000FF000000FF000000FF000000FF000000FF000000FF000000FF000000FF000000FF000000FF000000FF000000FF000000FF000000FF000000FF000000FF000000FF000000FF000000FF000000FF000000FF000000FF000000FF000000FF000000FF000000FF000000FF000000FF000000FF000000FF000000FF000000FF000000FF000000FF000000FF000000FF000000FF000000FF000000FF000000FF000000FF000000FF000000FF000000FF000000FF000000FF000000FF000000FF000000FF000000FF000000FF000000FF000000FF000000FF000000FF000000FF000000FF000000FF000000FF000000FF000000FF000000FF000000FF000000FF000000FF000000FF000000FF000000FF000000FF000000FF000000FF000000FF000000FF000000FF000000FF000000FF000000FF000000FF000000FF000000FF000000FF000000FF000000FF000000FF000000FF000000FF000000FF000000FF000000FF000000FF000000FF000000FF000000FF000000FF000000FF000000FF000000FF000000FF000000FF000000FF000000FF000000FF000000FF000000FF000000FF000000FF000000FF000000FF000000FF000000FF000000FF000000FF000000FF000000FF000000FF000000FF000000FF000000FF000000FF000000FF000000FF000000FF000000FF000000FF000000FF000000FF000000FF000000FF000000FF000000FF000000FF000000FF000000FF000000FF000000FF000000FF000000FF000000FF000000FF000000FF000000FF000000FF000000FF000000FF000000FF000000FF000000FF000000FF000000FF000000FF000000FF000000FF000000FF000000FF000000FF000000FF000000FF000000FF000000FF000000FF000000FF000000FF000000FF000000FF000000FF000000FF000000FF000000FF000000FF000000FF000000FF000000FF000000FF000000FF000000FF000000FF000000FF000000FF000000FF000000FF000000FF000000FF000000FF000000FF000000FF000000FF000000FF000000FF000000FF000000FF000000FF000000FF000000FF000000FF000000FF000000FF000000FF000000FF000000FF000000FF000000FF000000FF000000FF000000FF000000FF000000FF000000FF000000FF000000FF000000FF000000FF000000FF000000FF000000FF000000FF000000FF000000FF000000FF000000FF000000FF000000FF000000FF000000FF000000FF000000FF000000FF000000FF000000FF000000FF000000FF000000FF000000FF000000FF000000FF000000FF000000FF000000FF000000FF000000FF000000FF000000FF000000FF000000FF000000FF000000FF000000FF000000FF000000FF000000FF000000FF000000FF000000FF000000FF000000FF000000FF000000FF000000FF000000FF000000FF000000FF000000FF000000FF000000FF000000FF000000FF000000FF000000FF000000FF000000FF000000FF000000FF000000FF000000FF000000FF000000FF000000FF000000FF000000FF000000FF000000FF000000FF000000FF000000FF000000FF000000FF000000FF000000FF000000FF000000FF000000FF000000FF000000FF000000FF000000FF000000FF000000FF000000FF000000FF000000FF000000FF000000FF000000FF000000FF000000FF000000FF000000FF000000FF000000FF000000FF000000FF000000FF000000FF000000FF000000FF000000FF000000FF000000FF000000FF000000FF000000FF000000FF000000FF000000FF000000FF000000FF000000FF000000FF000000FF000000FF000000FF000000FF000000FF000000FF000000FF000000FF000000FF000000FF000000FF000000FF000000FF000000FF000000FF000000FF000000FF000000FF000000FF000000FF000000FF000000FF000000FF000000FF000000FF000000FF000000FF000000FF000000FF000000FF000000FF000000FF000000FF000000FF000000FFA9F922FFA9F922FF000000FF000000FF000000FF000000FF000000FF000000FF000000FF000000FF000000FF000000FF000000FF000000FF000000FF000000FF000000FF000000FF000000FF000000FF000000FF000000FF000000FF000000FF000000FF000000FF000000FF000000FF000000FF000000FF000000FF000000FF000000FF000000FF000000FF000000FF000000FF000000FF000000FF000000FF000000FF000000FF000000FF000000FF000000FF000000FF000000FF000000FF000000FF000000FF000000FF000000FF000000FF000000FF000000FF000000FF000000FF000000FF000000FF000000FF000000FF000000FF000000FF000000FF000000FF000000FF000000FF000000FF000000FF000000FF000000FF000000FF000000FF000000FF000000FF000000FF000000FF000000FF000000FF000000FF000000FF000000FF000000FF000000FF000000FF000000FF000000FF000000FF000000FF000000FF000000FF000000FF000000FF000000FF000000FF000000FF000000FF000000FF000000FF000000FF000000FF000000FF000000FF000000FF000000FF000000FF000000FF000000FF000000FF000000FF000000FF000000FFA9F922FFA9F922FF000000FF000000FF000000FF000000FF000000FF000000FF000000FF000000FF000000FF000000FF000000FF000000FF000000FF000000FF000000FF000000FF000000FF000000FF000000FF000000FF000000FF000000FFA9F922FFA9F922FF000000FF000000FF000000FF000000FF000000FF000000FFA9F922FFA9F922FF000000FF000000FF000000FF000000FFA9F922FFA9F922FF000000FF000000FF000000FF000000FF000000FF000000FF000000FF000000FF000000FF000000FF000000FF000000FFA9F922FFA9F922FF000000FF000000FF000000FF000000FF000000FF000000FF000000FF000000FF000000FF000000FF000000FF000000FFA9F922FFA9F922FF000000FF000000FF000000FF000000FF000000FF000000FF000000FF000000FF000000FF000000FF000000FF000000FF000000FF000000FF000000FF000000FF000000FF000000FF000000FF000000FF000000FF000000FF000000FF000000FF000000FF000000FF000000FF000000FF000000FF000000FF000000FF000000FF000000FF000000FF000000FF000000FF000000FF000000FF000000FF000000FF000000FF000000FF000000FF000000FF000000FF000000FF000000FF000000FF000000FF000000FF000000FF000000FF000000FF000000FF000000FF000000FF000000FF000000FF000000FF000000FF000000FF000000FF000000FF000000FF000000FF000000FF000000FF000000FF000000FF000000FF000000FF000000FF000000FF000000FF000000FF000000FF000000FF000000FF000000FF000000FF000000FF000000FF000000FF000000FF000000FF000000FF000000FF000000FF000000FF000000FF000000FF000000FF000000FF000000FF000000FF000000FF000000FF000000FF000000FF000000FF000000FF000000FF000000FF000000FF000000FF000000FF000000FF000000FF000000FF000000FF000000FF000000FF000000FF000000FF000000FF000000FF000000FF000000FF000000FF000000FF000000FF000000FF000000FF000000FF000000FF000000FF000000FF000000FF000000FF000000FF000000FF000000FF000000FF000000FF000000FF000000FF000000FF000000FF000000FF000000FF000000FF000000FF000000FF000000FF000000FF000000FF000000FF000000FF000000FF000000FF000000FF000000FF000000FF000000FF000000FF000000FF000000FF000000FF000000FF000000FF000000FF000000FF000000FF000000FF000000FF000000FF000000FF000000FF000000FF000000FF000000FF000000FF000000FF000000FF000000FF000000FF000000FF000000FF000000FF000000FF000000FF000000FF000000FF000000FF000000FF000000FF000000FF000000FF000000FF000000FF000000FF000000FF000000FF000000FF000000FF000000FF000000FF000000FF000000FF000000FF000000FF000000FF000000FF000000FF000000FF000000FF000000FF000000FF000000FF000000FF000000FF000000FF000000FF000000FF000000FF000000FF000000FF000000FF000000FF000000FF000000FF000000FF000000FF000000FF000000FF000000FF000000FF000000FF000000FF000000FF000000FF000000FF000000FF000000FF000000FF000000FF000000FF000000FF000000FF000000FF000000FF000000FF000000FF000000FF000000FF000000FF000000FF000000FF000000FF000000FF000000FF000000FF000000FF000000FF000000FF000000FF000000FF000000FF000000FF000000FF000000FF000000FF000000FF000000FF000000FF000000FF000000FF000000FF000000FF000000FF000000FF000000FF000000FF000000FF000000FF000000FF000000FF000000FF000000FF000000FF000000FF000000FF000000FF000000FF000000FF000000FF000000FF000000FF000000FF000000FF000000FF000000FF000000FF000000FF000000FF000000FF000000FF000000FF000000FF000000FF000000FF000000FF000000FF000000FF000000FF000000FF000000FF000000FF000000FF000000FF000000FF000000FF000000FF000000FF000000FF000000FF000000FF000000FF000000FF000000FF000000FF000000FF000000FF000000FF000000FF000000FF000000FF000000FF000000FF000000FF000000FF000000FF000000FF000000FF000000FF000000FF000000FF000000FF000000FF000000FF000000FF000000FF000000FF000000FF000000FF000000FF000000FF000000FF000000FF000000FF000000FF000000FF000000FF000000FF000000FF000000FF000000FF000000FF000000FF000000FF000000FF000000FF000000FF000000FF000000FF000000FF000000FF000000FF000000FF000000FF000000FF000000FF000000FF000000FF000000FF000000FF000000FF000000FF000000FF000000FF000000FF000000FF000000FF000000FF000000FF000000FF000000FF000000FF000000FF000000FF000000FF000000FF000000FF000000FF000000FF000000FF000000FF000000FF000000FF000000FF000000FF000000FF000000FF000000FF000000FF000000FF000000FF000000FF000000FF000000FF000000FF000000FF000000FF000000FF000000FF000000FF000000FF000000FF000000FF000000FF000000FF000000FF000000FF000000FF000000FF000000FF000000FF000000FF000000FF000000FF000000FF000000FF000000FF000000FF000000FF000000FF000000FF000000FF000000FF000000FF000000FF000000FF000000FF000000FF000000FF000000FF000000FF000000FF000000FF000000FF000000FF000000FF000000FF000000FF000000FF000000FF000000FF000000FF000000FF000000FF000000FF000000FF000000FF000000FF000000FF000000FF000000FF000000FF000000FF000000FF000000FF000000FF000000FF000000FF000000FF000000FF000000FF000000FF000000FF000000FF000000FF000000FF000000FF000000FF000000FF000000FF000000FF000000FF000000FF000000FF000000FF000000FF000000FF000000FF000000FF000000FF000000FF000000FF000000FF000000FF000000FF000000FF000000FF000000FF000000FF000000FF000000FF000000FF000000FF000000FF000000FF000000FF000000FF000000FF000000FF000000FFA9F922FFA9F922FF000000FF000000FF000000FF000000FF000000FF000000FFA9F922FFA9F922FF000000FF000000FF000000FF000000FFA9F922FFA9F922FF000000FF000000FF000000FF000000FF000000FF000000FF000000FF000000FF000000FF000000FF000000FF000000FFA9F922FFA9F922FF000000FF000000FF000000FF000000FF000000FF000000FF000000FF000000FF000000FF000000FF000000FF000000FFA9F922FFA9F922FF000000FF000000FF000000FF000000FF000000FF000000FF000000FF000000FF000000FF000000FF000000FF000000FF000000FF000000FF000000FF000000FF000000FF000000FF000000FF000000FF000000FF000000FF000000FF000000FF000000FF000000FF000000FF000000FF000000FF000000FF000000FF000000FF000000FF000000FF000000FF000000FF000000FF000000FF000000FF000000FF000000FF000000FF000000FF000000FF000000FF000000FF000000FF000000FF000000FF000000FF000000FF000000FF000000FF000000FF000000FF000000FF000000FF000000FF000000FF000000FF000000FF000000FF000000FF000000FF000000FF000000FF000000FF000000FF000000FF000000FF000000FF000000FF000000FF000000FF000000FF000000FF000000FF000000FF000000FF000000FF000000FF000000FF000000FF000000FF000000FF000000FF000000FF000000FF000000FF000000FF000000FF000000FF000000FF000000FF000000FF000000FF000000FF000000FF000000FF000000FF000000FF000000FF000000FF000000FF000000FF000000FF000000FF000000FF000000FF000000FF000000FF000000FF000000FF000000FF000000FF000000FF000000FF000000FF000000FF000000FF000000FF000000FF000000FF000000FF000000FF000000FF000000FF000000FF000000FF000000FF000000FF000000FF000000FF000000FF000000FF000000FF000000FF000000FF000000FF000000FF000000FF000000FF000000FF000000FF000000FF000000FF000000FF000000FF000000FF000000FF000000FF000000FF000000FF000000FF000000FF000000FF000000FF000000FF000000FF000000FF000000FF000000FF000000FF000000FF000000FF000000FF000000FF000000FF000000FF000000FF000000FF000000FF000000FF000000FF000000FF000000FF000000FF000000FF000000FF000000FF000000FF000000FF000000FF000000FF000000FF000000FF000000FF000000FF000000FF000000FF000000FF000000FF000000FF000000FF000000FF000000FF000000FF000000FF000000FF000000FF000000FF000000FF000000FF000000FF000000FF000000FF000000FF000000FF000000FF000000FF000000FF000000FF000000FF000000FF000000FF000000FF000000FF000000FF000000FF000000FF000000FF000000FF000000FF000000FF000000FF000000FF000000FF000000FF000000FF000000FF000000FF000000FF000000FF000000FF000000FF000000FF000000FF000000FF000000FF000000FF000000FF000000FF000000FF000000FF000000FF000000FF000000FF000000FF000000FF000000FF000000FF000000FF000000FF000000FF000000FF000000FF000000FF000000FF000000FF000000FF000000FF000000FF000000FF000000FF000000FF000000FF000000FF000000FF000000FF000000FF000000FF000000FF000000FF000000FF000000FF000000FF000000FF000000FF000000FF000000FF000000FF000000FF000000FF000000FF000000FF000000FF000000FF000000FF000000FF000000FF000000FF000000FF000000FF000000FF000000FF000000FF000000FF000000FF000000FF000000FF000000FF000000FF000000FF000000FF000000FF000000FF000000FF000000FF000000FF000000FF000000FF000000FF000000FF000000FF000000FF000000FF000000FF000000FF000000FF000000FF000000FF000000FF000000FF000000FF000000FF000000FF000000FF000000FF000000FF000000FF000000FF000000FF000000FF000000FF000000FF000000FF000000FF000000FF000000FF000000FF000000FF000000FF000000FF000000FF000000FF000000FF000000FF000000FF000000FF000000FF000000FF000000FF000000FF000000FF000000FF000000FF000000FF000000FF000000FF000000FF000000FF000000FF000000FF000000FF000000FF000000FF000000FF000000FF000000FF000000FF000000FF000000FF000000FF000000FF000000FF000000FF000000FF000000FF000000FF000000FF000000FF000000FF000000FF000000FF000000FF000000FF000000FF000000FF000000FF000000FF000000FF000000FF000000FF000000FF000000FF000000FF000000FF000000FF000000FF000000FF000000FF000000FF000000FF000000FF000000FF000000FF000000FF000000FF000000FF000000FF000000FF000000FF000000FF000000FF000000FF000000FF000000FF000000FF000000FF000000FF000000FF000000FF000000FF000000FF000000FF000000FF000000FF000000FF000000FF000000FF000000FF000000FF000000FF000000FF000000FF000000FF000000FF000000FF000000FF000000FF000000FF000000FF000000FF000000FF000000FF000000FF000000FF000000FF000000FF000000FF000000FF000000FF000000FF000000FF000000FF000000FF000000FF000000FF000000FF000000FF000000FF000000FF000000FF000000FF000000FF000000FF000000FF000000FF000000FF000000FF000000FF000000FF000000FF000000FF000000FF000000FF000000FF000000FF000000FF000000FF000000FF000000FF000000FF000000FF000000FF000000FF000000FF000000FF000000FF000000FF000000FF000000FF000000FF000000FF000000FF000000FF000000FF000000FF000000FF000000FF000000FF000000FF000000FF000000FF000000FF000000FF000000FF000000FF000000FF000000FF000000FF000000FF000000FF000000FF000000FF000000FFA9F922FFA9F922FF000000FF000000FF000000FF000000FF000000FF000000FFA9F922FFA9F922FF000000FF000000FF000000FF000000FFA9F922FFA9F922FF000000FF000000FF000000FF000000FF000000FF000000FF000000FF000000FF000000FF000000FF000000FF000000FFA9F922FFA9F922FF000000FF000000FF000000FF000000FF000000FF000000FF000000FF000000FF000000FF000000FF000000FF000000FFA9F922FFA9F922FF000000FF000000FF000000FF000000FF000000FF000000FF000000FF000000FF000000FF000000FF000000FF000000FF000000FF000000FF000000FF000000FF000000FF000000FF000000FF000000FF000000FF000000FF000000FF000000FF000000FF000000FF000000FF000000FF000000FF000000FF000000FF000000FF000000FF000000FF000000FF000000FF000000FF000000FF000000FF000000FF000000FF000000FF000000FF000000FF000000FF000000FF000000FF000000FF000000FF000000FF000000FF000000FF000000FF000000FF000000FF000000FF000000FF000000FF000000FF000000FF000000FF000000FF000000FF000000FF000000FF000000FF000000FF000000FF000000FF000000FF000000FF000000FF000000FF000000FF000000FF000000FF000000FF000000FF000000FF000000FF000000FF000000FF000000FF000000FF000000FF000000FF000000FF000000FF000000FF000000FF000000FF000000FF000000FF000000FF000000FF000000FF000000FF000000FF000000FF000000FF000000FF000000FF000000FF000000FF000000FF000000FF000000FF000000FF000000FF000000FF000000FF000000FF000000FF000000FF000000FF000000FF000000FF000000FF000000FF000000FF000000FF000000FF000000FF000000FF000000FF000000FF000000FF000000FF000000FF000000FF000000FF000000FF000000FF000000FF000000FF000000FF000000FF000000FF000000FF000000FF000000FF000000FF000000FF000000FF000000FF000000FF000000FF000000FF000000FF000000FF000000FF000000FF000000FF000000FF000000FF000000FF000000FF000000FF000000FF000000FF000000FF000000FF000000FF000000FF000000FF000000FF000000FF000000FF000000FF000000FF000000FF000000FF000000FF000000FF000000FF000000FF000000FF000000FF000000FF000000FF000000FF000000FF000000FF000000FF000000FF000000FF000000FF000000FF000000FF000000FF000000FF000000FF000000FF000000FF000000FF000000FF000000FF000000FF000000FF000000FF000000FF000000FF000000FF000000FF000000FF000000FF000000FF000000FF000000FF000000FF000000FF000000FF000000FF000000FF000000FF000000FF000000FF000000FF000000FF000000FF000000FF000000FF000000FF000000FF000000FF000000FF000000FF000000FF000000FF000000FF000000FF000000FF000000FF000000FF000000FF000000FF000000FF000000FF000000FF000000FF000000FF000000FF000000FF000000FF000000FF000000FF000000FF000000FF000000FF000000FF000000FF000000FF000000FF000000FF000000FF000000FF000000FF000000FF000000FF000000FF000000FF000000FF000000FF000000FF000000FF000000FF000000FF000000FF000000FF000000FF000000FF000000FF000000FF000000FF000000FF000000FF000000FF000000FF000000FF000000FF000000FF000000FF000000FF000000FF000000FF000000FF000000FF000000FF000000FF000000FF000000FF000000FF000000FF000000FF000000FF000000FF000000FF000000FF000000FF000000FF000000FF000000FF000000FF000000FF000000FF000000FF000000FF000000FF000000FF000000FF000000FF000000FF000000FF000000FF000000FF000000FF000000FF000000FF000000FF000000FF000000FF000000FF000000FF000000FF000000FF000000FF000000FF000000FF000000FF000000FF000000FF000000FF000000FF000000FF000000FF000000FF000000FF000000FF000000FF000000FF000000FF000000FF000000FF000000FF000000FF000000FF000000FF000000FF000000FF000000FF000000FF000000FF000000FF000000FF000000FF000000FF000000FF000000FF000000FF000000FF000000FF000000FF000000FF000000FF000000FF000000FF000000FF000000FF000000FF000000FF000000FF000000FF000000FF000000FF000000FF000000FF000000FF000000FF000000FF000000FFA9F922FFA9F922FF000000FF000000FF000000FF000000FF000000FF000000FF000000FF000000FF000000FF000000FF000000FF000000FF000000FF000000FF000000FF000000FF000000FF000000FF000000FF000000FF000000FF000000FF000000FF000000FF000000FF000000FF000000FF000000FF000000FF000000FF000000FF000000FF000000FF000000FF000000FF000000FF000000FF000000FF000000FF000000FF000000FF000000FF000000FF000000FF000000FF000000FF000000FF000000FF000000FF000000FF000000FF000000FF000000FF000000FF000000FF000000FF000000FF000000FF000000FF000000FF000000FF000000FF000000FF000000FF000000FF000000FF000000FF000000FF000000FF000000FF000000FF000000FF000000FF000000FF000000FF000000FF000000FF000000FF000000FF000000FF000000FF000000FF000000FF000000FF000000FF000000FF000000FF000000FF000000FF000000FF000000FF000000FF000000FF000000FF000000FF000000FF000000FF000000FF000000FF000000FF000000FF000000FF000000FF000000FF000000FF000000FF000000FF000000FF000000FF000000FF000000FF000000FF000000FF000000FF000000FF000000FF000000FF000000FF000000FF000000FF000000FF000000FF000000FF000000FF000000FF000000FF000000FF000000FF000000FF000000FF000000FF000000FF000000FF000000FFA9F922FFA9F922FF000000FF000000FF000000FF000000FF000000FF000000FFA9F922FFA9F922FF000000FF000000FF000000FF000000FFA9F922FFA9F922FFA9F922FFA9F922FFA9F922FFA9F922FFA9F922FFA9F922FFA9F922FFA9F922FF000000FF000000FF000000FF000000FFA9F922FFA9F922FFA9F922FFA9F922FFA9F922FFA9F922FFA9F922FFA9F922FFA9F922FFA9F922FF000000FF000000FF000000FF000000FFA9F922FFA9F922FF000000FF000000FF000000FF000000FF000000FF000000FF000000FF000000FF000000FF000000FF000000FF000000FF000000FF000000FF000000FF000000FF000000FF000000FF000000FF000000FF000000FF000000FF000000FF000000FF000000FF000000FF000000FF000000FF000000FF000000FF000000FF000000FF000000FF000000FF000000FF000000FF000000FF000000FF000000FF000000FF000000FF000000FF000000FF000000FF000000FF000000FF000000FF000000FF000000FF000000FF000000FF000000FF000000FF000000FF000000FF000000FF000000FF000000FF000000FF000000FF000000FF000000FF000000FF000000FF000000FF000000FF000000FF000000FF000000FF000000FF000000FF000000FF000000FF000000FF000000FF000000FF000000FF000000FF000000FF000000FF000000FF000000FF000000FF000000FF000000FF000000FF000000FF000000FF000000FF000000FF000000FF000000FF000000FF000000FF000000FF000000FF000000FF000000FF000000FF000000FF000000FF000000FF000000FF000000FF000000FF000000FF000000FF000000FF000000FF000000FF000000FF000000FF000000FF000000FF000000FF000000FF000000FF000000FF000000FF000000FF000000FF000000FF000000FF000000FF000000FF000000FF000000FF000000FF000000FF000000FF000000FF000000FF000000FF000000FF000000FF000000FF000000FF000000FF000000FF000000FF000000FF000000FF000000FF000000FF000000FF000000FF000000FF000000FF000000FF000000FF000000FF000000FF000000FF000000FF000000FF000000FF000000FF000000FF000000FF000000FF000000FF000000FF000000FF000000FF000000FF000000FF000000FF000000FF000000FF000000FF000000FF000000FF000000FF000000FF000000FF000000FF000000FF000000FF000000FF000000FF000000FF000000FF000000FF000000FF000000FF000000FF000000FF000000FF000000FF000000FF000000FF000000FF000000FF000000FF000000FF000000FF000000FF000000FF000000FF000000FF000000FF000000FF000000FF000000FF000000FF000000FF000000FF000000FF000000FF000000FF000000FF000000FF000000FF000000FF000000FF000000FF000000FF000000FF000000FF000000FF000000FF000000FF000000FF000000FF000000FF000000FF000000FF000000FF000000FF000000FF000000FF000000FF000000FF000000FF000000FF000000FF000000FF000000FF000000FF000000FF000000FF000000FF000000FF000000FF000000FF000000FF000000FF000000FF000000FF000000FF000000FF000000FF000000FF000000FF000000FF000000FF000000FF000000FF000000FF000000FF000000FF000000FF000000FF000000FF000000FF000000FF000000FF000000FF000000FF000000FF000000FF000000FF000000FF000000FF000000FF000000FF000000FF000000FF000000FF000000FF000000FF000000FF000000FF000000FF000000FF000000FF000000FF000000FF000000FF000000FF000000FF000000FF000000FF000000FF000000FF000000FF000000FF000000FF000000FF000000FF000000FF000000FF000000FF000000FF000000FF000000FF000000FF000000FF000000FF000000FF000000FF000000FF000000FF000000FF000000FF000000FF000000FF000000FF000000FF000000FF000000FF000000FF000000FF000000FF000000FF000000FF000000FF000000FF000000FF000000FF000000FF000000FF000000FF000000FF000000FF000000FF000000FF000000FF000000FF000000FF000000FF000000FF000000FF000000FF000000FF000000FF000000FF000000FF000000FF000000FF000000FF000000FF000000FF000000FF000000FF000000FF000000FF000000FF000000FF000000FF000000FF000000FF000000FF000000FF000000FF000000FF000000FF000000FF000000FF000000FF000000FF000000FF000000FF000000FF000000FF000000FF000000FF000000FF000000FF000000FFA9F922FFA9F922FF000000FF000000FF000000FF000000FF000000FF000000FF000000FF000000FF000000FF000000FF000000FF000000FF000000FF000000FF000000FF000000FF000000FF000000FF000000FF000000FF000000FF000000FF000000FF000000FF000000FF000000FF000000FF000000FF000000FF000000FF000000FF000000FF000000FF000000FF000000FF000000FF000000FF000000FF000000FF000000FF000000FF000000FF000000FF000000FF000000FF000000FF000000FF000000FF000000FF000000FF000000FF000000FF000000FF000000FF000000FF000000FF000000FF000000FF000000FF000000FF000000FF000000FF000000FF000000FF000000FF000000FF000000FF000000FF000000FF000000FF000000FF000000FF000000FF000000FF000000FF000000FF000000FF000000FF000000FF000000FF000000FF000000FF000000FF000000FF000000FF000000FF000000FF000000FF000000FF000000FF000000FF000000FF000000FF000000FF000000FF000000FF000000FF000000FF000000FF000000FF000000FF000000FF000000FF000000FF000000FF000000FF000000FF000000FF000000FF000000FF000000FF000000FF000000FF000000FF000000FF000000FF000000FF000000FF000000FF000000FF000000FF000000FF000000FF000000FF000000FF000000FF000000FF000000FF000000FF000000FF000000FF000000FF000000FF000000FFA9F922FFA9F922FF000000FF000000FF000000FF000000FF000000FF000000FFA9F922FFA9F922FF000000FF000000FF000000FF000000FFA9F922FFA9F922FFA9F922FFA9F922FFA9F922FFA9F922FFA9F922FFA9F922FFA9F922FFA9F922FF000000FF000000FF000000FF000000FFA9F922FFA9F922FFA9F922FFA9F922FFA9F922FFA9F922FFA9F922FFA9F922FFA9F922FFA9F922FF000000FF000000FF000000FF000000FFA9F922FFA9F922FF000000FF000000FF000000FF000000FF000000FF000000FF000000FF000000FF000000FF000000FF000000FF000000FF000000FF000000FF000000FF000000FF000000FF000000FF000000FF000000FF000000FF000000FF000000FF000000FF000000FF000000FF000000FF000000FF000000FF000000FF000000FF000000FF000000FF000000FF000000FF000000FF000000FF000000FF000000FF000000FF000000FF000000FF000000FF000000FF000000FF000000FF000000FF000000FF000000FF000000FF000000FF000000FF000000FF000000FF000000FF000000FF000000FF000000FF000000FF000000FF000000FF000000FF000000FF000000FF000000FF000000FF000000FF000000FF000000FF000000FF000000FF000000FF000000FF000000FF000000FF000000FF000000FF000000FF000000FF000000FF000000FF000000FF000000FF000000FF000000FF000000FF000000FF000000FF000000FF000000FF000000FF000000FF000000FF000000FF000000FF000000FF000000FF000000FF000000FF000000FF000000FF000000FF000000FF000000FF000000FF000000FF000000FF000000FF000000FF000000FF000000FF000000FF000000FF000000FF000000FF000000FF000000FF000000FF000000FF000000FF000000FF000000FF000000FF000000FF000000FF000000FF000000FF000000FF000000FF000000FF000000FF000000FF000000FF000000FF000000FF000000FF000000FF000000FF000000FF000000FF000000FF000000FF000000FF000000FF000000FF000000FF000000FF000000FF000000FF000000FF000000FF000000FF000000FF000000FF000000FF000000FF000000FF000000FF000000FF000000FF000000FF000000FF000000FF000000FF000000FF000000FF000000FF000000FF000000FF000000FF000000FF000000FF000000FF000000FF000000FF000000FF000000FF000000FF000000FF000000FF000000FF000000FF000000FF000000FF000000FF000000FF000000FF000000FF000000FF000000FF000000FF000000FF000000FF000000FF000000FF000000FF000000FF000000FF000000FF000000FF000000FF000000FF000000FF000000FF000000FF000000FF000000FF000000FF000000FF000000FF000000FF000000FF000000FF000000FF000000FF000000FF000000FF000000FF000000FF000000FF000000FF000000FF000000FF000000FF000000FF000000FF000000FF000000FF000000FF000000FF000000FF000000FF000000FF000000FF000000FF000000FF000000FF000000FF000000FF000000FF000000FF000000FF000000FF000000FF000000FF000000FF000000FF000000FF000000FF000000FF000000FF000000FF000000FF000000FF000000FF000000FF000000FF000000FF000000FF000000FF000000FF000000FF000000FF000000FF000000FF000000FF000000FF000000FF000000FF000000FF000000FF000000FF000000FF000000FF000000FF000000FF000000FF000000FF000000FF000000FF000000FF000000FF000000FF000000FF000000FF000000FF000000FF000000FF000000FF000000FF000000FF000000FF000000FF000000FF000000FF000000FF000000FF000000FF000000FF000000FF000000FF000000FF000000FF000000FF000000FF000000FF000000FF000000FF000000FF000000FF000000FF000000FF000000FF000000FF000000FF000000FF000000FF000000FF000000FF000000FF000000FF000000FF000000FF000000FF000000FF000000FF000000FF000000FF000000FF000000FF000000FF000000FF000000FF000000FF000000FF000000FF000000FF000000FF000000FF000000FF000000FF000000FF000000FF000000FF000000FF000000FF000000FF000000FF000000FF000000FF000000FF000000FF000000FF000000FF000000FF000000FF000000FF000000FF000000FF000000FF000000FF000000FF000000FF000000FF000000FF000000FF000000FF000000FF000000FF000000FF000000FF000000FF000000FF000000FF000000FF000000FF000000FF000000FF000000FF000000FF000000FF000000FF000000FF000000FF000000FF000000FF000000FF000000FF000000FF000000FF000000FF000000FF000000FF000000FF000000FF000000FF000000FF000000FF000000FF000000FF000000FF000000FF000000FF000000FF000000FF000000FF000000FF000000FF000000FF000000FF000000FF000000FF000000FF000000FF000000FF000000FF000000FF000000FF000000FF000000FF000000FF000000FF000000FF000000FF000000FF000000FF000000FF000000FF000000FF000000FF000000FF000000FF000000FF000000FF000000FF000000FF000000FF000000FF000000FF000000FF000000FF000000FF000000FF000000FF000000FF000000FF000000FF000000FF000000FF000000FF000000FF000000FF000000FF000000FF000000FF000000FF000000FF000000FF000000FF000000FF000000FF000000FF000000FF000000FF000000FF000000FF000000FF000000FF000000FF000000FF000000FF000000FF000000FF000000FF000000FF000000FF000000FF000000FF000000FF000000FF000000FF000000FF000000FF000000FF000000FF000000FF000000FF000000FF000000FF000000FF000000FF000000FF000000FF000000FF000000FF000000FF000000FF000000FF000000FF000000FF000000FF000000FF000000FF000000FF000000FF000000FF000000FF000000FF000000FF000000FF000000FF000000FF000000FF000000FF000000FF000000FF000000FF000000FF000000FF000000FF000000FF000000FF000000FF000000FF000000FF000000FF000000FF000000FF000000FF000000FF000000FF000000FF000000FF000000FF000000FF000000FF000000FF000000FF000000FF000000FF000000FF000000FF000000FF000000FF000000FF000000FF000000FF000000FF000000FF000000FF000000FF000000FF000000FF000000FF000000FF000000FF000000FF000000FF000000FF000000FF000000FF000000FF000000FF000000FF000000FF000000FF000000FF000000FF000000FF000000FF000000FF000000FF000000FF000000FF000000FF000000FF000000FF000000FF000000FF000000FF000000FF000000FF000000FF000000FF000000FF000000FF000000FF000000FF000000FF000000FF000000FF000000FF000000FF000000FF000000FF000000FF000000FF000000FF000000FF000000FF000000FF000000FF000000FF000000FF000000FF000000FF000000FF000000FF000000FF000000FF000000FF000000FF000000FF000000FF000000FF000000FF000000FF000000FF000000FF000000FF000000FF000000FF000000FF000000FF000000FF000000FF000000FF000000FF000000FF000000FF000000FF000000FF000000FF000000FF000000FF000000FF000000FF000000FF000000FF000000FF000000FF000000FF000000FF000000FF000000FF000000FF000000FF000000FF000000FF000000FF000000FF000000FF000000FF000000FF000000FF000000FF000000FF000000FF000000FF000000FF000000FF000000FF000000FF000000FF000000FF000000FF000000FF000000FF000000FF000000FF000000FF000000FF000000FF000000FF000000FF000000FF000000FF000000FF000000FF000000FF000000FF000000FF000000FF000000FF000000FF000000FF000000FF000000FF000000FF000000FF000000FF000000FF000000FF000000FF000000FF000000FF000000FF000000FF000000FF000000FF000000FF000000FF000000FF000000FF000000FF000000FF000000FF000000FF000000FF000000FF000000FF000000FF000000FF000000FF000000FF000000FF000000FF000000FF000000FF000000FF000000FF000000FF000000FF000000FF000000FF000000FF000000FF000000FF000000FF000000FF000000FF000000FF000000FF000000FF000000FF000000FF000000FF000000FF000000FF000000FF000000FF000000FF000000FF000000FF000000FF000000FF000000FF000000FF000000FF000000FF000000FF000000FF000000FF000000FF000000FF000000FF000000FF000000FF000000FF000000FF000000FF000000FF000000FF000000FF000000FF000000FF000000FF000000FF000000FF000000FF000000FF000000FF000000FF000000FF000000FF000000FF000000FF000000FF000000FF000000FF000000FF000000FF000000FF000000FF000000FF000000FF000000FF000000FF000000FF000000FF000000FF000000FF000000FF000000FF000000FF000000FF000000FF000000FF000000FF000000FF000000FF000000FF000000FF000000FF000000FF000000FF000000FF000000FF000000FF000000FF000000FF000000FF000000FF000000FF000000FF000000FF000000FF000000FF000000FF000000FF000000FF000000FF000000FF000000FF000000FF000000FF000000FF000000FF000000FF000000FF000000FF000000FF000000FF000000FF000000FF000000FF000000FF000000FF000000FF000000FF000000FF000000FF000000FF000000FF000000FF000000FF000000FF000000FF000000FF000000FF000000FF000000FF000000FF000000FF000000FF000000FF000000FF000000FF000000FF000000FF000000FF000000FF000000FF000000FF000000FF000000FF000000FF000000FF000000FF000000FF000000FF000000FF000000FF000000FF000000FF000000FF000000FF000000FF000000FF000000FF000000FF000000FF000000FF000000FF000000FF000000FF000000FF000000FF000000FF000000FF000000FF000000FF000000FF000000FF000000FF000000FF000000FF000000FF000000FF000000FF000000FF000000FF000000FF000000FF000000FF000000FF000000FF000000FF000000FF000000FF000000FF000000FF000000FF000000FF000000FF000000FF000000FF000000FF000000FF000000FF000000FF000000FF000000FF000000FF000000FF000000FF000000FF000000FF000000FF000000FF000000FF000000FF000000FF000000FF000000FF000000FF000000FF000000FF000000FF000000FF000000FF000000FF000000FF000000FF000000FF000000FF000000FF000000FF000000FF000000FF000000FF000000FF000000FF000000FF000000FF000000FF000000FF000000FF000000FF000000FF000000FF000000FF000000FF000000FF000000FF000000FF000000FF000000FF000000FF000000FF000000FF000000FF000000FF000000FF000000FF000000FF000000FF000000FF000000FF000000FF000000FF000000FF000000FF000000FF000000FF000000FF000000FF000000FF000000FF000000FF000000FF000000FF000000FF000000FF000000FF000000FF000000FF000000FF000000FF000000FF000000FF000000FF000000FF000000FF000000FF000000FF000000FF000000FF000000FF000000FF000000FF000000FF000000FF000000FF000000FF000000FF000000FF000000FF000000FF000000FF000000FF000000FF000000FF000000FF000000FF000000FF000000FF000000FF000000FF000000FF000000FF000000FF000000FF000000FF000000FF000000FF000000FF000000FF000000FF000000FF000000FF000000FF000000FF000000FF000000FF000000FF000000FF000000FF000000FF000000FF000000FF000000FF000000FF000000FF000000FF000000FF000000FF000000FF000000FF000000FF000000FF000000FF000000FF000000FF000000FF000000FF000000FF000000FF000000FF000000FF000000FF000000FF000000FF000000FF000000FF000000FF000000FF000000FF000000FF000000FF000000FF000000FF000000FF000000FF000000FF000000FF000000FF000000FF000000FF000000FF000000FF000000FF000000FF000000FF000000FF000000FF000000FF000000FF000000FF000000FF000000FF000000FF000000FF000000FF000000FF000000FF000000FF000000FF000000FF000000FF000000FF000000FF000000FF000000FF000000FF000000FF000000FF000000FF000000FF000000FF000000FF000000FF000000FF000000FF000000FF000000FF000000FF000000FF000000FF000000FF000000FF000000FF000000FF000000FF000000FF000000FF000000FF000000FF000000FF000000FF000000FF000000FF000000FF000000FF000000FF000000FF000000FF000000FF000000FF000000FF000000FF000000FF000000FF000000FF000000FF000000FF000000FF000000FF000000FF000000FF000000FF000000FF000000FF000000FF000000FF000000FF000000FF000000FF000000FF000000FF000000FF000000FF000000FF000000FF000000FF000000FF000000FF000000FF000000FF000000FF000000FF000000FF000000FF000000FF000000FF000000FF000000FF000000FF000000FF000000FF000000FF000000FF000000FF000000FF000000FF000000FF000000FF000000FF000000FF000000FF000000FF000000FF000000FF000000FF000000FF000000FF000000FF000000FF000000FF000000FF000000FF000000FF000000FF000000FF000000FF000000FF000000FF000000FF000000FF000000FF000000FF000000FF000000FF000000FF000000FF000000FF000000FF000000FF000000FF000000FF000000FF000000FF000000FF000000FF000000FF000000FF000000FF000000FF000000FF000000FF000000FF000000FF000000FF000000FF000000FF000000FF000000FF000000FF000000FF000000FF000000FF000000FF000000FF000000FF000000FF000000FF000000FF000000FF000000FF000000FF000000FF000000FF000000FF000000FF000000FF000000FF000000FF000000FF000000FF000000FF000000FF000000FF000000FF000000FF000000FF000000FF000000FF000000FF000000FF000000FF000000FF000000FF000000FF000000FF000000FF000000FF000000FF000000FF000000FF000000FF000000FF000000FF000000FF000000FF000000FF000000FF000000FF000000FF000000FF000000FF000000FF000000FF000000FF000000FF000000FF000000FF000000FF000000FF000000FF000000FF000000FF000000FF000000FF000000FF000000FF000000FF000000FF000000FF000000FF000000FF000000FF000000FF000000FF000000FF000000FF000000FF000000FF000000FF000000FF000000FF000000FF000000FF000000FF000000FF000000FF000000FF000000FF000000FF000000FF000000FF000000FF000000FF000000FF000000FF000000FF000000FF000000FF000000FF000000FF000000FF000000FF000000FF000000FF000000FF000000FF000000FF000000FF000000FF000000FF000000FF000000FF000000FF000000FF000000FF000000FF000000FF000000FF000000FF000000FF000000FF000000FF000000FF000000FF000000FF000000FF000000FF000000FF000000FF000000FF000000FF000000FF000000FF000000FF000000FF000000FF000000FF000000FF000000FF000000FF000000FF000000FF000000FF000000FF000000FF000000FF000000FF000000FF000000FF000000FF000000FF000000FF000000FF000000FF000000FF000000FF000000FF000000FF000000FF000000FF000000FF000000FF000000FF000000FF000000FF000000FF000000FF000000FF000000FF000000FF000000FF000000FF000000FF000000FF000000FF000000FF000000FF000000FF000000FF000000FF000000FF000000FF000000FF000000FF000000FF000000FF000000FF000000FF000000FF000000FF000000FF000000FF000000FF000000FF000000FF000000FF000000FF000000FF000000FF000000FF000000FF000000FF000000FF000000FF000000FF000000FF000000FF000000FF000000FF000000FF000000FF000000FF000000FF000000FF000000FF000000FF000000FF000000FF000000FF000000FF000000FF000000FF000000FF000000FF000000FF000000FF000000FF000000FF000000FF000000FF000000FF000000FF000000FF000000FF000000FF000000FF000000FF000000FF000000FF000000FF000000FF000000FF000000FF000000FF000000FF000000FF000000FF000000FF000000FFA9F922FFA9F922FFA9F922FFA9F922FFA9F922FFA9F922FF000000FF000000FF000000FF000000FF000000FF000000FF000000FF000000FF000000FF000000FF000000FF000000FF000000FF000000FF000000FF000000FF000000FF000000FF000000FF000000FF000000FF000000FF000000FF000000FF000000FF000000FF000000FF000000FF000000FF000000FF000000FF000000FF000000FF000000FF000000FF000000FF000000FF000000FF000000FF000000FF000000FF000000FF000000FF000000FF000000FF000000FF000000FF000000FF000000FF000000FF000000FF000000FF000000FF000000FF000000FF000000FF000000FF000000FF000000FF000000FF000000FF000000FF000000FF000000FF000000FF000000FF000000FF000000FF000000FF000000FF000000FF000000FF000000FF000000FF000000FF000000FF000000FF000000FF000000FF000000FF000000FF000000FF000000FF000000FF000000FF000000FF000000FF000000FF000000FF000000FF000000FF000000FF000000FF000000FF000000FF000000FF000000FF000000FF000000FF000000FF000000FF000000FF000000FF000000FF000000FF000000FF000000FF000000FF000000FF000000FF000000FF000000FF000000FF000000FF000000FF000000FF000000FF000000FF000000FF000000FF000000FF000000FF000000FF000000FF000000FF000000FF000000FF000000FF000000FF000000FF000000FF000000FF000000FF000000FFA9F922FFA9F922FFA9F922FFA9F922FFA9F922FFA9F922FF000000FF000000FF000000FF000000FF000000FF000000FFA9F922FFA9F922FF000000FF000000FF000000FF000000FF000000FF000000FFA9F922FFA9F922FF000000FF000000FF000000FF000000FF000000FF000000FFA9F922FFA9F922FFA9F922FFA9F922FFA9F922FFA9F922FF000000FF000000FF000000FF000000FF000000FF000000FFA9F922FFA9F922FFA9F922FFA9F922FFA9F922FFA9F922FFA9F922FFA9F922FFA9F922FFA9F922FF000000FF000000FF000000FF000000FF000000FF000000FF000000FF000000FF000000FF000000FF000000FF000000FF000000FF000000FF000000FF000000FF000000FF000000FF000000FF000000FF000000FF000000FF000000FF000000FF000000FF000000FF000000FF000000FF000000FF000000FF000000FF000000FF000000FF000000FF000000FF000000FF000000FF000000FF000000FF000000FF000000FF000000FF000000FF000000FF000000FF000000FF000000FF000000FF000000FF000000FF000000FF000000FF000000FF000000FF000000FF000000FF000000FF000000FF000000FF000000FF000000FF000000FF000000FF000000FF000000FF000000FF000000FF000000FF000000FF000000FF000000FF000000FF000000FF000000FF000000FF000000FF000000FF000000FF000000FF000000FF000000FF000000FF000000FF000000FF000000FF000000FF000000FF000000FF000000FF000000FF000000FF000000FF000000FF000000FF000000FF000000FF000000FF000000FF000000FF000000FF000000FF000000FF000000FF000000FF000000FF000000FF000000FF000000FF000000FF000000FF000000FF000000FF000000FF000000FF000000FF000000FF000000FF000000FF000000FF000000FF000000FF000000FF000000FF000000FF000000FF000000FF000000FF000000FF000000FF000000FF000000FF000000FF000000FF000000FF000000FF000000FF000000FF000000FF000000FF000000FF000000FF000000FF000000FF000000FF000000FF000000FF000000FF000000FF000000FF000000FF000000FF000000FF000000FF000000FF000000FF000000FF000000FF000000FF000000FF000000FF000000FF000000FF000000FF000000FF000000FF000000FF000000FF000000FF000000FF000000FF000000FF000000FF000000FF000000FF000000FF000000FF000000FF000000FF000000FF000000FF000000FF000000FF000000FF000000FF000000FF000000FF000000FF000000FF000000FF000000FF000000FF000000FF000000FF000000FF000000FF000000FF000000FF000000FF000000FF000000FF000000FF000000FF000000FF000000FF000000FF000000FF000000FF000000FF000000FF000000FF000000FF000000FF000000FF000000FF000000FF000000FF000000FF000000FF000000FF000000FF000000FF000000FF000000FF000000FF000000FF000000FF000000FF000000FF000000FF000000FF000000FF000000FF000000FF000000FF000000FF000000FF000000FF000000FF000000FF000000FF000000FF000000FF000000FF000000FF000000FF000000FF000000FF000000FF000000FF000000FF000000FF000000FF000000FF000000FF000000FF000000FF000000FF000000FF000000FF000000FF000000FF000000FF000000FF000000FF000000FF000000FF000000FF000000FF000000FF000000FF000000FF000000FF000000FF000000FF000000FF000000FF000000FF000000FF000000FF000000FF000000FF000000FF000000FF000000FF000000FF000000FF000000FF000000FF000000FF000000FF000000FF000000FF000000FF000000FF000000FF000000FF000000FF000000FF000000FF000000FF000000FF000000FF000000FF000000FF000000FF000000FF000000FF000000FF000000FF000000FF000000FF000000FF000000FF000000FF000000FF000000FF000000FF000000FF000000FF000000FF000000FF000000FF000000FF000000FF000000FF000000FF000000FF000000FF000000FF000000FF000000FF000000FF000000FF000000FF000000FF000000FF000000FF000000FF000000FF000000FF000000FF000000FF000000FF000000FF000000FF000000FF000000FF000000FF000000FF000000FF000000FF000000FF000000FF000000FF000000FF000000FF000000FF000000FF000000FF000000FF000000FF000000FF000000FF000000FF000000FF000000FF000000FF000000FF000000FF000000FFA9F922FFA9F922FFA9F922FFA9F922FFA9F922FFA9F922FF000000FF000000FF000000FF000000FF000000FF000000FF000000FF000000FF000000FF000000FF000000FF000000FF000000FF000000FF000000FF000000FF000000FF000000FF000000FF000000FF000000FF000000FF000000FF000000FF000000FF000000FF000000FF000000FF000000FF000000FF000000FF000000FF000000FF000000FF000000FF000000FF000000FF000000FF000000FF000000FF000000FF000000FF000000FF000000FF000000FF000000FF000000FF000000FF000000FF000000FF000000FF000000FF000000FF000000FF000000FF000000FF000000FF000000FF000000FF000000FF000000FF000000FF000000FF000000FF000000FF000000FF000000FF000000FF000000FF000000FF000000FF000000FF000000FF000000FF000000FF000000FF000000FF000000FF000000FF000000FF000000FF000000FF000000FF000000FF000000FF000000FF000000FF000000FF000000FF000000FF000000FF000000FF000000FF000000FF000000FF000000FF000000FF000000FF000000FF000000FF000000FF000000FF000000FF000000FF000000FF000000FF000000FF000000FF000000FF000000FF000000FF000000FF000000FF000000FF000000FF000000FF000000FF000000FF000000FF000000FF000000FF000000FF000000FF000000FF000000FF000000FF000000FF000000FF000000FF000000FF000000FF000000FF000000FF000000FFA9F922FFA9F922FFA9F922FFA9F922FFA9F922FFA9F922FF000000FF000000FF000000FF000000FF000000FF000000FFA9F922FFA9F922FF000000FF000000FF000000FF000000FF000000FF000000FFA9F922FFA9F922FF000000FF000000FF000000FF000000FF000000FF000000FFA9F922FFA9F922FFA9F922FFA9F922FFA9F922FFA9F922FF000000FF000000FF000000FF000000FF000000FF000000FFA9F922FFA9F922FFA9F922FFA9F922FFA9F922FFA9F922FFA9F922FFA9F922FFA9F922FFA9F922FF000000FF000000FF000000FF000000FF000000FF000000FF000000FF000000FF000000FF000000FF000000FF000000FF000000FF000000FF000000FF000000FF000000FF000000FF000000FF000000FF000000FF000000FF000000FF000000FF000000FF000000FF000000FF000000FF000000FF000000FF000000FF000000FF000000FF000000FF000000FF000000FF000000FF000000FF000000FF000000FF000000FF000000FF000000FF000000FF000000FF000000FF000000FF000000FF000000FF000000FF000000FF000000FF000000FF000000FF000000FF000000FF000000FF000000FF000000FF000000FF000000FF000000FF000000FF000000FF000000FF000000FF000000FF000000FF000000FF000000FF000000FF000000FF000000FF000000FF000000FF000000FF000000FF000000FF000000FF000000FF000000FF000000FF000000FF000000FF000000FF000000FF000000FF000000FF000000FF000000FF000000FF000000FF000000FF000000FF000000FF000000FF000000FF000000FF000000FF000000FF000000FF000000FF000000FF000000FF000000FF000000FF000000FF000000FF000000FF000000FF000000FF000000FF000000FF000000FF000000FF000000FF000000FF000000FF000000FF000000FF000000FF000000FF000000FF000000FF000000FF000000FF000000FF000000FF000000FF000000FF000000FF000000FF000000FF000000FF000000FF000000FF000000FF000000FF000000FF000000FF000000FF000000FF000000FF000000FF000000FF000000FF000000FF000000FF000000FF000000FF000000FF000000FF000000FF000000FF000000FF000000FF000000FF000000FF000000FF000000FF000000FF000000FF000000FF000000FF000000FF000000FF000000FF000000FF000000FF000000FF000000FF000000FF000000FF000000FF000000FF000000FF000000FF000000FF000000FF000000FF000000FF000000FF000000FF000000FF000000FF000000FF000000FF000000FF000000FF000000FF000000FF000000FF000000FF000000FF000000FF000000FF000000FF000000FF000000FF000000FF000000FF000000FF000000FF000000FF000000FF000000FF000000FF000000FF000000FF000000FF000000FF000000FF000000FF000000FF000000FF000000FF000000FF000000FF000000FF000000FF000000FF000000FF000000FF000000FF000000FF000000FF000000FF000000FF000000FF000000FF000000FF000000FF000000FF000000FF000000FF000000FF000000FF000000FF000000FF000000FF000000FF000000FF000000FF000000FF000000FF000000FF000000FF000000FF000000FF000000FF000000FF000000FF000000FF000000FF000000FF000000FF000000FF000000FF000000FF000000FF000000FF000000FF000000FF000000FF000000FF000000FF000000FF000000FF000000FF000000FF000000FF000000FF000000FF000000FF000000FF000000FF000000FF000000FF000000FF000000FF000000FF000000FF000000FF000000FF000000FF000000FF000000FF000000FF000000FF000000FF000000FF000000FF000000FF000000FF000000FF000000FF000000FF000000FF000000FF000000FF000000FF000000FF000000FF000000FF000000FF000000FF000000FF000000FF000000FF000000FF000000FF000000FF000000FF000000FF000000FF000000FF000000FF000000FF000000FF000000FF000000FF000000FF000000FF000000FF000000FF000000FF000000FF000000FF000000FF000000FF000000FF000000FF000000FF000000FF000000FF000000FF000000FF000000FF000000FF000000FF000000FF000000FF000000FF000000FF000000FF000000FF000000FF000000FF000000FF000000FF000000FF000000FF000000FF000000FF000000FF000000FF000000FF000000FF000000FF000000FF000000FF000000FF000000FF000000FF000000FF000000FF000000FF000000FFA9F922FFA9F922FF000000FF000000FF000000FF000000FF000000FF000000FFA9F922FFA9F922FF000000FF000000FF000000FF000000FF000000FF000000FF000000FF000000FF000000FF000000FF000000FF000000FF000000FF000000FF000000FF000000FF000000FF000000FF000000FF000000FF000000FF000000FF000000FF000000FF000000FF000000FF000000FF000000FF000000FF000000FF000000FF000000FF000000FF000000FF000000FF000000FF000000FF000000FF000000FF000000FF000000FF000000FF000000FF000000FF000000FF000000FF000000FF000000FF000000FF000000FF000000FF000000FF000000FF000000FF000000FF000000FF000000FF000000FF000000FF000000FF000000FF000000FF000000FF000000FF000000FF000000FF000000FF000000FF000000FF000000FF000000FF000000FF000000FF000000FF000000FF000000FF000000FF000000FF000000FF000000FF000000FF000000FF000000FF000000FF000000FF000000FF000000FF000000FF000000FF000000FF000000FF000000FF000000FF000000FF000000FF000000FF000000FF000000FF000000FF000000FF000000FF000000FF000000FF000000FF000000FF000000FF000000FF000000FF000000FF000000FF000000FF000000FF000000FF000000FF000000FF000000FF000000FF000000FF000000FF000000FF000000FF000000FF000000FF000000FF000000FF000000FF000000FF000000FF000000FF000000FFA9F922FFA9F922FF000000FF000000FF000000FF000000FF000000FF000000FFA9F922FFA9F922FF000000FF000000FF000000FF000000FFA9F922FFA9F922FF000000FF000000FF000000FF000000FF000000FF000000FFA9F922FFA9F922FF000000FF000000FF000000FF000000FF000000FF000000FF000000FF000000FFA9F922FFA9F922FF000000FF000000FF000000FF000000FF000000FF000000FF000000FF000000FF000000FF000000FF000000FF000000FFA9F922FFA9F922FF000000FF000000FF000000FF000000FF000000FF000000FF000000FF000000FF000000FF000000FF000000FF000000FF000000FF000000FF000000FF000000FF000000FF000000FF000000FF000000FF000000FF000000FF000000FF000000FF000000FF000000FF000000FF000000FF000000FF000000FF000000FF000000FF000000FF000000FF000000FF000000FF000000FF000000FF000000FF000000FF000000FF000000FF000000FF000000FF000000FF000000FF000000FF000000FF000000FF000000FF000000FF000000FF000000FF000000FF000000FF000000FF000000FF000000FF000000FF000000FF000000FF000000FF000000FF000000FF000000FF000000FF000000FF000000FF000000FF000000FF000000FF000000FF000000FF000000FF000000FF000000FF000000FF000000FF000000FF000000FF000000FF000000FF000000FF000000FF000000FF000000FF000000FF000000FF000000FF000000FF000000FF000000FF000000FF000000FF000000FF000000FF000000FF000000FF000000FF000000FF000000FF000000FF000000FF000000FF000000FF000000FF000000FF000000FF000000FF000000FF000000FF000000FF000000FF000000FF000000FF000000FF000000FF000000FF000000FF000000FF000000FF000000FF000000FF000000FF000000FF000000FF000000FF000000FF000000FF000000FF000000FF000000FF000000FF000000FF000000FF000000FF000000FF000000FF000000FF000000FF000000FF000000FF000000FF000000FF000000FF000000FF000000FF000000FF000000FF000000FF000000FF000000FF000000FF000000FF000000FF000000FF000000FF000000FF000000FF000000FF000000FF000000FF000000FF000000FF000000FF000000FF000000FF000000FF000000FF000000FF000000FF000000FF000000FF000000FF000000FF000000FF000000FF000000FF000000FF000000FF000000FF000000FF000000FF000000FF000000FF000000FF000000FF000000FF000000FF000000FF000000FF000000FF000000FF000000FF000000FF000000FF000000FF000000FF000000FF000000FF000000FF000000FF000000FF000000FF000000FF000000FF000000FF000000FF000000FF000000FF000000FF000000FF000000FF000000FF000000FF000000FF000000FF000000FF000000FF000000FF000000FF000000FF000000FF000000FF000000FF000000FF000000FF000000FF000000FF000000FF000000FF000000FF000000FF000000FF000000FF000000FF000000FF000000FF000000FF000000FF000000FF000000FF000000FF000000FF000000FF000000FF000000FF000000FF000000FF000000FF000000FF000000FF000000FF000000FF000000FF000000FF000000FF000000FF000000FF000000FF000000FF000000FF000000FF000000FF000000FF000000FF000000FF000000FF000000FF000000FF000000FF000000FF000000FF000000FF000000FF000000FF000000FF000000FF000000FF000000FF000000FF000000FF000000FF000000FF000000FF000000FF000000FF000000FF000000FF000000FF000000FF000000FF000000FF000000FF000000FF000000FF000000FF000000FF000000FF000000FF000000FF000000FF000000FF000000FF000000FF000000FF000000FF000000FF000000FF000000FF000000FF000000FF000000FF000000FF000000FF000000FF000000FF000000FF000000FF000000FF000000FF000000FF000000FF000000FF000000FF000000FF000000FF000000FF000000FF000000FF000000FF000000FF000000FF000000FF000000FF000000FF000000FF000000FF000000FF000000FF000000FF000000FF000000FF000000FF000000FF000000FF000000FF000000FF000000FF000000FF000000FF000000FF000000FF000000FF000000FF000000FF000000FF000000FF000000FF000000FF000000FF000000FF000000FF000000FF000000FF000000FF000000FF000000FF000000FF000000FF000000FF000000FFA9F922FFA9F922FF000000FF000000FF000000FF000000FF000000FF000000FFA9F922FFA9F922FF000000FF000000FF000000FF000000FF000000FF000000FF000000FF000000FF000000FF000000FF000000FF000000FF000000FF000000FF000000FF000000FF000000FF000000FF000000FF000000FF000000FF000000FF000000FF000000FF000000FF000000FF000000FF000000FF000000FF000000FF000000FF000000FF000000FF000000FF000000FF000000FF000000FF000000FF000000FF000000FF000000FF000000FF000000FF000000FF000000FF000000FF000000FF000000FF000000FF000000FF000000FF000000FF000000FF000000FF000000FF000000FF000000FF000000FF000000FF000000FF000000FF000000FF000000FF000000FF000000FF000000FF000000FF000000FF000000FF000000FF000000FF000000FF000000FF000000FF000000FF000000FF000000FF000000FF000000FF000000FF000000FF000000FF000000FF000000FF000000FF000000FF000000FF000000FF000000FF000000FF000000FF000000FF000000FF000000FF000000FF000000FF000000FF000000FF000000FF000000FF000000FF000000FF000000FF000000FF000000FF000000FF000000FF000000FF000000FF000000FF000000FF000000FF000000FF000000FF000000FF000000FF000000FF000000FF000000FF000000FF000000FF000000FF000000FF000000FF000000FF000000FF000000FF000000FF000000FF000000FFA9F922FFA9F922FF000000FF000000FF000000FF000000FF000000FF000000FFA9F922FFA9F922FF000000FF000000FF000000FF000000FFA9F922FFA9F922FF000000FF000000FF000000FF000000FF000000FF000000FFA9F922FFA9F922FF000000FF000000FF000000FF000000FF000000FF000000FF000000FF000000FFA9F922FFA9F922FF000000FF000000FF000000FF000000FF000000FF000000FF000000FF000000FF000000FF000000FF000000FF000000FFA9F922FFA9F922FF000000FF000000FF000000FF000000FF000000FF000000FF000000FF000000FF000000FF000000FF000000FF000000FF000000FF000000FF000000FF000000FF000000FF000000FF000000FF000000FF000000FF000000FF000000FF000000FF000000FF000000FF000000FF000000FF000000FF000000FF000000FF000000FF000000FF000000FF000000FF000000FF000000FF000000FF000000FF000000FF000000FF000000FF000000FF000000FF000000FF000000FF000000FF000000FF000000FF000000FF000000FF000000FF000000FF000000FF000000FF000000FF000000FF000000FF000000FF000000FF000000FF000000FF000000FF000000FF000000FF000000FF000000FF000000FF000000FF000000FF000000FF000000FF000000FF000000FF000000FF000000FF000000FF000000FF000000FF000000FF000000FF000000FF000000FF000000FF000000FF000000FF000000FF000000FF000000FF000000FF000000FF000000FF000000FF000000FF000000FF000000FF000000FF000000FF000000FF000000FF000000FF000000FF000000FF000000FF000000FF000000FF000000FF000000FF000000FF000000FF000000FF000000FF000000FF000000FF000000FF000000FF000000FF000000FF000000FF000000FF000000FF000000FF000000FF000000FF000000FF000000FF000000FF000000FF000000FF000000FF000000FF000000FF000000FF000000FF000000FF000000FF000000FF000000FF000000FF000000FF000000FF000000FF000000FF000000FF000000FF000000FF000000FF000000FF000000FF000000FF000000FF000000FF000000FF000000FF000000FF000000FF000000FF000000FF000000FF000000FF000000FF000000FF000000FF000000FF000000FF000000FF000000FF000000FF000000FF000000FF000000FF000000FF000000FF000000FF000000FF000000FF000000FF000000FF000000FF000000FF000000FF000000FF000000FF000000FF000000FF000000FF000000FF000000FF000000FF000000FF000000FF000000FF000000FF000000FF000000FF000000FF000000FF000000FF000000FF000000FF000000FF000000FF000000FF000000FF000000FF000000FF000000FF000000FF000000FF000000FF000000FF000000FF000000FF000000FF000000FF000000FF000000FF000000FF000000FF000000FF000000FF000000FF000000FF000000FF000000FF000000FF000000FF000000FF000000FF000000FF000000FF000000FF000000FF000000FF000000FF000000FF000000FF000000FF000000FF000000FF000000FF000000FF000000FF000000FF000000FF000000FF000000FF000000FF000000FF000000FF000000FF000000FF000000FF000000FF000000FF000000FF000000FF000000FF000000FF000000FF000000FF000000FF000000FF000000FF000000FF000000FF000000FF000000FF000000FF000000FF000000FF000000FF000000FF000000FF000000FF000000FF000000FF000000FF000000FF000000FF000000FF000000FF000000FF000000FF000000FF000000FF000000FF000000FF000000FF000000FF000000FF000000FF000000FF000000FF000000FF000000FF000000FF000000FF000000FF000000FF000000FF000000FF000000FF000000FF000000FF000000FF000000FF000000FF000000FF000000FF000000FF000000FF000000FF000000FF000000FF000000FF000000FF000000FF000000FF000000FF000000FF000000FF000000FF000000FF000000FF000000FF000000FF000000FF000000FF000000FF000000FF000000FF000000FF000000FF000000FF000000FF000000FF000000FF000000FF000000FF000000FF000000FF000000FF000000FF000000FF000000FF000000FF000000FF000000FF000000FF000000FF000000FF000000FF000000FF000000FF000000FF000000FF000000FF000000FF000000FF000000FF000000FF000000FF000000FF000000FF000000FF000000FF000000FF000000FF000000FF000000FF000000FFA9F922FFA9F922FF000000FF000000FF000000FF000000FF000000FF000000FFA9F922FFA9F922FF000000FF000000FF000000FF000000FF000000FF000000FF000000FF000000FF000000FF000000FF000000FF000000FF000000FF000000FF000000FF000000FF000000FF000000FF000000FF000000FF000000FF000000FF000000FF000000FF000000FF000000FF000000FF000000FF000000FF000000FF000000FF000000FF000000FF000000FF000000FF000000FF000000FF000000FF000000FF000000FF000000FF000000FF000000FF000000FF000000FF000000FF000000FF000000FF000000FF000000FF000000FF000000FF000000FF000000FF000000FF000000FF000000FF000000FF000000FF000000FF000000FF000000FF000000FF000000FF000000FF000000FF000000FF000000FF000000FF000000FF000000FF000000FF000000FF000000FF000000FF000000FF000000FF000000FF000000FF000000FF000000FF000000FF000000FF000000FF000000FF000000FF000000FF000000FF000000FF000000FF000000FF000000FF000000FF000000FF000000FF000000FF000000FF000000FF000000FF000000FF000000FF000000FF000000FF000000FF000000FF000000FFA9F922FFA9F922FF000000FF000000FF000000FF000000FF000000FF000000FF000000FF000000FF000000FF000000FF000000FF000000FF000000FF000000FF000000FF000000FF000000FF000000FF000000FF000000FF000000FF000000FFA9F922FFA9F922FF000000FF000000FF000000FF000000FF000000FF000000FFA9F922FFA9F922FF000000FF000000FF000000FF000000FFA9F922FFA9F922FF000000FF000000FF000000FF000000FF000000FF000000FFA9F922FFA9F922FF000000FF000000FF000000FF000000FF000000FF000000FF000000FF000000FFA9F922FFA9F922FF000000FF000000FF000000FF000000FF000000FF000000FF000000FF000000FF000000FF000000FF000000FF000000FFA9F922FFA9F922FF000000FF000000FF000000FF000000FF000000FF000000FF000000FF000000FF000000FF000000FF000000FF000000FF000000FF000000FF000000FF000000FF000000FF000000FF000000FF000000FF000000FF000000FF000000FF000000FF000000FF000000FF000000FF000000FF000000FF000000FF000000FF000000FF000000FF000000FF000000FF000000FF000000FF000000FF000000FF000000FF000000FF000000FF000000FF000000FF000000FF000000FF000000FF000000FF000000FF000000FF000000FF000000FF000000FF000000FF000000FF000000FF000000FF000000FF000000FF000000FF000000FF000000FF000000FF000000FF000000FF000000FF000000FF000000FF000000FF000000FF000000FF000000FF000000FF000000FF000000FF000000FF000000FF000000FF000000FF000000FF000000FF000000FF000000FF000000FF000000FF000000FF000000FF000000FF000000FF000000FF000000FF000000FF000000FF000000FF000000FF000000FF000000FF000000FF000000FF000000FF000000FF000000FF000000FF000000FF000000FF000000FF000000FF000000FF000000FF000000FF000000FF000000FF000000FF000000FF000000FF000000FF000000FF000000FF000000FF000000FF000000FF000000FF000000FF000000FF000000FF000000FF000000FF000000FF000000FF000000FF000000FF000000FF000000FF000000FF000000FF000000FF000000FF000000FF000000FF000000FF000000FF000000FF000000FF000000FF000000FF000000FF000000FF000000FF000000FF000000FF000000FF000000FF000000FF000000FF000000FF000000FF000000FF000000FF000000FF000000FF000000FF000000FF000000FF000000FF000000FF000000FF000000FF000000FF000000FF000000FF000000FF000000FF000000FF000000FF000000FF000000FF000000FF000000FF000000FF000000FF000000FF000000FF000000FF000000FF000000FF000000FF000000FF000000FF000000FF000000FF000000FF000000FF000000FF000000FF000000FF000000FF000000FF000000FF000000FF000000FF000000FF000000FF000000FF000000FF000000FF000000FF000000FF000000FF000000FF000000FF000000FF000000FF000000FF000000FF000000FF000000FF000000FF000000FF000000FF000000FF000000FF000000FF000000FF000000FF000000FF000000FF000000FF000000FF000000FF000000FF000000FF000000FF000000FF000000FF000000FF000000FF000000FF000000FF000000FF000000FF000000FF000000FF000000FF000000FF000000FF000000FF000000FF000000FF000000FF000000FF000000FF000000FF000000FF000000FF000000FF000000FF000000FF000000FF000000FF000000FF000000FF000000FF000000FF000000FF000000FF000000FF000000FF000000FF000000FF000000FF000000FF000000FF000000FF000000FF000000FF000000FF000000FF000000FF000000FF000000FF000000FF000000FF000000FF000000FF000000FF000000FF000000FF000000FF000000FF000000FF000000FF000000FF000000FF000000FF000000FF000000FF000000FF000000FF000000FF000000FF000000FF000000FF000000FF000000FF000000FF000000FF000000FF000000FF000000FF000000FF000000FF000000FF000000FF000000FF000000FF000000FF000000FF000000FF000000FF000000FF000000FF000000FF000000FF000000FF000000FF000000FF000000FF000000FF000000FF000000FF000000FF000000FF000000FF000000FF000000FF000000FF000000FF000000FF000000FF000000FF000000FF000000FF000000FF000000FF000000FF000000FF000000FF000000FF000000FF000000FF000000FF000000FF000000FF000000FF000000FF000000FF000000FF000000FF000000FF000000FF000000FF000000FF000000FF000000FF000000FF000000FF000000FF000000FF000000FF000000FF000000FF000000FFA9F922FFA9F922FF000000FF000000FF000000FF000000FF000000FF000000FFA9F922FFA9F922FF000000FF000000FF000000FF000000FF000000FF000000FF000000FF000000FF000000FF000000FF000000FF000000FF000000FF000000FF000000FF000000FF000000FF000000FF000000FF000000FF000000FF000000FF000000FF000000FF000000FF000000FF000000FF000000FF000000FF000000FF000000FF000000FF000000FF000000FF000000FF000000FF000000FF000000FF000000FF000000FF000000FF000000FF000000FF000000FF000000FF000000FF000000FF000000FF000000FF000000FF000000FF000000FF000000FF000000FF000000FF000000FF000000FF000000FF000000FF000000FF000000FF000000FF000000FF000000FF000000FF000000FF000000FF000000FF000000FF000000FF000000FF000000FF000000FF000000FF000000FF000000FF000000FF000000FF000000FF000000FF000000FF000000FF000000FF000000FF000000FF000000FF000000FF000000FF000000FF000000FF000000FF000000FF000000FF000000FF000000FF000000FF000000FF000000FF000000FF000000FF000000FF000000FF000000FF000000FF000000FF000000FFA9F922FFA9F922FF000000FF000000FF000000FF000000FF000000FF000000FF000000FF000000FF000000FF000000FF000000FF000000FF000000FF000000FF000000FF000000FF000000FF000000FF000000FF000000FF000000FF000000FFA9F922FFA9F922FF000000FF000000FF000000FF000000FF000000FF000000FFA9F922FFA9F922FF000000FF000000FF000000FF000000FFA9F922FFA9F922FF000000FF000000FF000000FF000000FF000000FF000000FFA9F922FFA9F922FF000000FF000000FF000000FF000000FF000000FF000000FF000000FF000000FFA9F922FFA9F922FF000000FF000000FF000000FF000000FF000000FF000000FF000000FF000000FF000000FF000000FF000000FF000000FFA9F922FFA9F922FF000000FF000000FF000000FF000000FF000000FF000000FF000000FF000000FF000000FF000000FF000000FF000000FF000000FF000000FF000000FF000000FF000000FF000000FF000000FF000000FF000000FF000000FF000000FF000000FF000000FF000000FF000000FF000000FF000000FF000000FF000000FF000000FF000000FF000000FF000000FF000000FF000000FF000000FF000000FF000000FF000000FF000000FF000000FF000000FF000000FF000000FF000000FF000000FF000000FF000000FF000000FF000000FF000000FF000000FF000000FF000000FF000000FF000000FF000000FF000000FF000000FF000000FF000000FF000000FF000000FF000000FF000000FF000000FF000000FF000000FF000000FF000000FF000000FF000000FF000000FF000000FF000000FF000000FF000000FF000000FF000000FF000000FF000000FF000000FF000000FF000000FF000000FF000000FF000000FF000000FF000000FF000000FF000000FF000000FF000000FF000000FF000000FF000000FF000000FF000000FF000000FF000000FF000000FF000000FF000000FF000000FF000000FF000000FF000000FF000000FF000000FF000000FF000000FF000000FF000000FF000000FF000000FF000000FF000000FF000000FF000000FF000000FF000000FF000000FF000000FF000000FF000000FF000000FF000000FF000000FF000000FF000000FF000000FF000000FF000000FF000000FF000000FF000000FF000000FF000000FF000000FF000000FF000000FF000000FF000000FF000000FF000000FF000000FF000000FF000000FF000000FF000000FF000000FF000000FF000000FF000000FF000000FF000000FF000000FF000000FF000000FF000000FF000000FF000000FF000000FF000000FF000000FF000000FF000000FF000000FF000000FF000000FF000000FF000000FF000000FF000000FF000000FF000000FF000000FF000000FF000000FF000000FF000000FF000000FF000000FF000000FF000000FF000000FF000000FF000000FF000000FF000000FF000000FF000000FF000000FF000000FF000000FF000000FF000000FF000000FF000000FF000000FF000000FF000000FF000000FF000000FF000000FF000000FF000000FF000000FF000000FF000000FF000000FF000000FF000000FF000000FF000000FF000000FF000000FF000000FF000000FF000000FF000000FF000000FF000000FF000000FF000000FF000000FF000000FF000000FF000000FF000000FF000000FF000000FF000000FF000000FF000000FF000000FF000000FF000000FF000000FF000000FF000000FF000000FF000000FF000000FF000000FF000000FF000000FF000000FF000000FF000000FF000000FF000000FF000000FF000000FF000000FF000000FF000000FF000000FF000000FF000000FF000000FF000000FF000000FF000000FF000000FF000000FF000000FF000000FF000000FF000000FF000000FF000000FF000000FF000000FF000000FF000000FF000000FF000000FF000000FF000000FF000000FF000000FF000000FF000000FF000000FF000000FF000000FF000000FF000000FF000000FF000000FF000000FF000000FF000000FF000000FF000000FF000000FF000000FF000000FF000000FF000000FF000000FF000000FF000000FF000000FF000000FF000000FF000000FF000000FF000000FF000000FF000000FF000000FF000000FF000000FF000000FF000000FF000000FF000000FF000000FF000000FF000000FF000000FF000000FF000000FF000000FF000000FF000000FF000000FF000000FF000000FF000000FF000000FF000000FF000000FF000000FF000000FF000000FF000000FF000000FF000000FF000000FF000000FF000000FF000000FF000000FF000000FF000000FF000000FF000000FF000000FF000000FF000000FF000000FF000000FF000000FF000000FF000000FF000000FF000000FF000000FF000000FF000000FF000000FF000000FF000000FF000000FF000000FF000000FF000000FFA9F922FFA9F922FF000000FF000000FF000000FF000000FF000000FF000000FFA9F922FFA9F922FF000000FF000000FF000000FF000000FF000000FF000000FF000000FF000000FF000000FF000000FF000000FF000000FF000000FF000000FF000000FF000000FF000000FF000000FF000000FF000000FF000000FF000000FF000000FF000000FF000000FF000000FF000000FF000000FF000000FF000000FF000000FF000000FF000000FF000000FF000000FF000000FF000000FF000000FF000000FF000000FF000000FF000000FF000000FF000000FF000000FF000000FF000000FF000000FF000000FF000000FF000000FF000000FF000000FF000000FF000000FF000000FF000000FF000000FF000000FF000000FF000000FF000000FF000000FF000000FF000000FF000000FF000000FF000000FF000000FF000000FF000000FF000000FF000000FF000000FF000000FF000000FF000000FF000000FF000000FF000000FF000000FF000000FF000000FF000000FF000000FF000000FF000000FF000000FF000000FF000000FF000000FF000000FF000000FF000000FF000000FF000000FF000000FF000000FF000000FF000000FF000000FF000000FF000000FF000000FF000000FF000000FF000000FF000000FF000000FF000000FF000000FF000000FF000000FF000000FF000000FF000000FF000000FF000000FF000000FF000000FF000000FF000000FF000000FF000000FF000000FF000000FF000000FF000000FF000000FF000000FFA9F922FFA9F922FF000000FF000000FF000000FF000000FF000000FF000000FFA9F922FFA9F922FF000000FF000000FF000000FF000000FFA9F922FFA9F922FF000000FF000000FF000000FF000000FF000000FF000000FFA9F922FFA9F922FF000000FF000000FF000000FF000000FF000000FF000000FF000000FF000000FFA9F922FFA9F922FF000000FF000000FF000000FF000000FF000000FF000000FF000000FF000000FF000000FF000000FF000000FF000000FFA9F922FFA9F922FF000000FF000000FF000000FF000000FF000000FF000000FF000000FF000000FF000000FF000000FF000000FF000000FF000000FF000000FF000000FF000000FF000000FF000000FF000000FF000000FF000000FF000000FF000000FF000000FF000000FF000000FF000000FF000000FF000000FF000000FF000000FF000000FF000000FF000000FF000000FF000000FF000000FF000000FF000000FF000000FF000000FF000000FF000000FF000000FF000000FF000000FF000000FF000000FF000000FF000000FF000000FF000000FF000000FF000000FF000000FF000000FF000000FF000000FF000000FF000000FF000000FF000000FF000000FF000000FF000000FF000000FF000000FF000000FF000000FF000000FF000000FF000000FF000000FF000000FF000000FF000000FF000000FF000000FF000000FF000000FF000000FF000000FF000000FF000000FF000000FF000000FF000000FF000000FF000000FF000000FF000000FF000000FF000000FF000000FF000000FF000000FF000000FF000000FF000000FF000000FF000000FF000000FF000000FF000000FF000000FF000000FF000000FF000000FF000000FF000000FF000000FF000000FF000000FF000000FF000000FF000000FF000000FF000000FF000000FF000000FF000000FF000000FF000000FF000000FF000000FF000000FF000000FF000000FF000000FF000000FF000000FF000000FF000000FF000000FF000000FF000000FF000000FF000000FF000000FF000000FF000000FF000000FF000000FF000000FF000000FF000000FF000000FF000000FF000000FF000000FF000000FF000000FF000000FF000000FF000000FF000000FF000000FF000000FF000000FF000000FF000000FF000000FF000000FF000000FF000000FF000000FF000000FF000000FF000000FF000000FF000000FF000000FF000000FF000000FF000000FF000000FF000000FF000000FF000000FF000000FF000000FF000000FF000000FF000000FF000000FF000000FF000000FF000000FF000000FF000000FF000000FF000000FF000000FF000000FF000000FF000000FF000000FF000000FF000000FF000000FF000000FF000000FF000000FF000000FF000000FF000000FF000000FF000000FF000000FF000000FF000000FF000000FF000000FF000000FF000000FF000000FF000000FF000000FF000000FF000000FF000000FF000000FF000000FF000000FF000000FF000000FF000000FF000000FF000000FF000000FF000000FF000000FF000000FF000000FF000000FF000000FF000000FF000000FF000000FF000000FF000000FF000000FF000000FF000000FF000000FF000000FF000000FF000000FF000000FF000000FF000000FF000000FF000000FF000000FF000000FF000000FF000000FF000000FF000000FF000000FF000000FF000000FF000000FF000000FF000000FF000000FF000000FF000000FF000000FF000000FF000000FF000000FF000000FF000000FF000000FF000000FF000000FF000000FF000000FF000000FF000000FF000000FF000000FF000000FF000000FF000000FF000000FF000000FF000000FF000000FF000000FF000000FF000000FF000000FF000000FF000000FF000000FF000000FF000000FF000000FF000000FF000000FF000000FF000000FF000000FF000000FF000000FF000000FF000000FF000000FF000000FF000000FF000000FF000000FF000000FF000000FF000000FF000000FF000000FF000000FF000000FF000000FF000000FF000000FF000000FF000000FF000000FF000000FF000000FF000000FF000000FF000000FF000000FF000000FF000000FF000000FF000000FF000000FF000000FF000000FF000000FF000000FF000000FF000000FF000000FF000000FF000000FF000000FF000000FF000000FF000000FF000000FF000000FF000000FF000000FF000000FF000000FF000000FF000000FF000000FF000000FF000000FF000000FF000000FF000000FF000000FF000000FF000000FF000000FF000000FF000000FF000000FFA9F922FFA9F922FF000000FF000000FF000000FF000000FF000000FF000000FFA9F922FFA9F922FF000000FF000000FF000000FF000000FF000000FF000000FF000000FF000000FF000000FF000000FF000000FF000000FF000000FF000000FF000000FF000000FF000000FF000000FF000000FF000000FF000000FF000000FF000000FF000000FF000000FF000000FF000000FF000000FF000000FF000000FF000000FF000000FF000000FF000000FF000000FF000000FF000000FF000000FF000000FF000000FF000000FF000000FF000000FF000000FF000000FF000000FF000000FF000000FF000000FF000000FF000000FF000000FF000000FF000000FF000000FF000000FF000000FF000000FF000000FF000000FF000000FF000000FF000000FF000000FF000000FF000000FF000000FF000000FF000000FF000000FF000000FF000000FF000000FF000000FF000000FF000000FF000000FF000000FF000000FF000000FF000000FF000000FF000000FF000000FF000000FF000000FF000000FF000000FF000000FF000000FF000000FF000000FF000000FF000000FF000000FF000000FF000000FF000000FF000000FF000000FF000000FF000000FF000000FF000000FF000000FF000000FF000000FF000000FF000000FF000000FF000000FF000000FF000000FF000000FF000000FF000000FF000000FF000000FF000000FF000000FF000000FF000000FF000000FF000000FF000000FF000000FF000000FF000000FF000000FF000000FFA9F922FFA9F922FF000000FF000000FF000000FF000000FF000000FF000000FFA9F922FFA9F922FF000000FF000000FF000000FF000000FFA9F922FFA9F922FF000000FF000000FF000000FF000000FF000000FF000000FFA9F922FFA9F922FF000000FF000000FF000000FF000000FF000000FF000000FF000000FF000000FFA9F922FFA9F922FF000000FF000000FF000000FF000000FF000000FF000000FF000000FF000000FF000000FF000000FF000000FF000000FFA9F922FFA9F922FF000000FF000000FF000000FF000000FF000000FF000000FF000000FF000000FF000000FF000000FF000000FF000000FF000000FF000000FF000000FF000000FF000000FF000000FF000000FF000000FF000000FF000000FF000000FF000000FF000000FF000000FF000000FF000000FF000000FF000000FF000000FF000000FF000000FF000000FF000000FF000000FF000000FF000000FF000000FF000000FF000000FF000000FF000000FF000000FF000000FF000000FF000000FF000000FF000000FF000000FF000000FF000000FF000000FF000000FF000000FF000000FF000000FF000000FF000000FF000000FF000000FF000000FF000000FF000000FF000000FF000000FF000000FF000000FF000000FF000000FF000000FF000000FF000000FF000000FF000000FF000000FF000000FF000000FF000000FF000000FF000000FF000000FF000000FF000000FF000000FF000000FF000000FF000000FF000000FF000000FF000000FF000000FF000000FF000000FF000000FF000000FF000000FF000000FF000000FF000000FF000000FF000000FF000000FF000000FF000000FF000000FF000000FF000000FF000000FF000000FF000000FF000000FF000000FF000000FF000000FF000000FF000000FF000000FF000000FF000000FF000000FF000000FF000000FF000000FF000000FF000000FF000000FF000000FF000000FF000000FF000000FF000000FF000000FF000000FF000000FF000000FF000000FF000000FF000000FF000000FF000000FF000000FF000000FF000000FF000000FF000000FF000000FF000000FF000000FF000000FF000000FF000000FF000000FF000000FF000000FF000000FF000000FF000000FF000000FF000000FF000000FF000000FF000000FF000000FF000000FF000000FF000000FF000000FF000000FF000000FF000000FF000000FF000000FF000000FF000000FF000000FF000000FF000000FF000000FF000000FF000000FF000000FF000000FF000000FF000000FF000000FF000000FF000000FF000000FF000000FF000000FF000000FF000000FF000000FF000000FF000000FF000000FF000000FF000000FF000000FF000000FF000000FF000000FF000000FF000000FF000000FF000000FF000000FF000000FF000000FF000000FF000000FF000000FF000000FF000000FF000000FF000000FF000000FF000000FF000000FF000000FF000000FF000000FF000000FF000000FF000000FF000000FF000000FF000000FF000000FF000000FF000000FF000000FF000000FF000000FF000000FF000000FF000000FF000000FF000000FF000000FF000000FF000000FF000000FF000000FF000000FF000000FF000000FF000000FF000000FF000000FF000000FF000000FF000000FF000000FF000000FF000000FF000000FF000000FF000000FF000000FF000000FF000000FF000000FF000000FF000000FF000000FF000000FF000000FF000000FF000000FF000000FF000000FF000000FF000000FF000000FF000000FF000000FF000000FF000000FF000000FF000000FF000000FF000000FF000000FF000000FF000000FF000000FF000000FF000000FF000000FF000000FF000000FF000000FF000000FF000000FF000000FF000000FF000000FF000000FF000000FF000000FF000000FF000000FF000000FF000000FF000000FF000000FF000000FF000000FF000000FF000000FF000000FF000000FF000000FF000000FF000000FF000000FF000000FF000000FF000000FF000000FF000000FF000000FF000000FF000000FF000000FF000000FF000000FF000000FF000000FF000000FF000000FF000000FF000000FF000000FF000000FF000000FF000000FF000000FF000000FF000000FF000000FF000000FF000000FF000000FF000000FF000000FF000000FF000000FF000000FF000000FF000000FF000000FF000000FF000000FF000000FF000000FF000000FF000000FF000000FF000000FF000000FF000000FF000000FF000000FF000000FF000000FF000000FF000000FF000000FF000000FFA9F922FFA9F922FF000000FF000000FFA9F922FFA9F922FF000000FF000000FFA9F922FFA9F922FF000000FF000000FF000000FF000000FF000000FF000000FF000000FF000000FF000000FF000000FF000000FF000000FF000000FF000000FF000000FF000000FF000000FF000000FF000000FF000000FF000000FF000000FF000000FF000000FF000000FF000000FF000000FF000000FF000000FF000000FF000000FF000000FF000000FF000000FF000000FF000000FF000000FF000000FF000000FF000000FF000000FF000000FF000000FF000000FF000000FF000000FF000000FF000000FF000000FF000000FF000000FF000000FF000000FF000000FF000000FF000000FF000000FF000000FF000000FF000000FF000000FF000000FF000000FF000000FF000000FF000000FF000000FF000000FF000000FF000000FF000000FF000000FF000000FF000000FF000000FF000000FF000000FF000000FF000000FF000000FF000000FF000000FF000000FF000000FF000000FF000000FF000000FF000000FF000000FF000000FF000000FF000000FF000000FF000000FF000000FF000000FF000000FF000000FF000000FF000000FF000000FF000000FF000000FF000000FF000000FF000000FFA9F922FFA9F922FF000000FF000000FF000000FF000000FF000000FF000000FF000000FF000000FF000000FF000000FF000000FF000000FF000000FF000000FF000000FF000000FF000000FF000000FF000000FF000000FF000000FF000000FFA9F922FFA9F922FF000000FF000000FFA9F922FFA9F922FF000000FF000000FFA9F922FFA9F922FF000000FF000000FF000000FF000000FFA9F922FFA9F922FF000000FF000000FF000000FF000000FF000000FF000000FFA9F922FFA9F922FF000000FF000000FF000000FF000000FF000000FF000000FF000000FF000000FFA9F922FFA9F922FF000000FF000000FF000000FF000000FF000000FF000000FF000000FF000000FF000000FF000000FF000000FF000000FFA9F922FFA9F922FF000000FF000000FF000000FF000000FF000000FF000000FF000000FF000000FF000000FF000000FF000000FF000000FF000000FF000000FF000000FF000000FF000000FF000000FF000000FF000000FF000000FF000000FF000000FF000000FF000000FF000000FF000000FF000000FF000000FF000000FF000000FF000000FF000000FF000000FF000000FF000000FF000000FF000000FF000000FF000000FF000000FF000000FF000000FF000000FF000000FF000000FF000000FF000000FF000000FF000000FF000000FF000000FF000000FF000000FF000000FF000000FF000000FF000000FF000000FF000000FF000000FF000000FF000000FF000000FF000000FF000000FF000000FF000000FF000000FF000000FF000000FF000000FF000000FF000000FF000000FF000000FF000000FF000000FF000000FF000000FF000000FF000000FF000000FF000000FF000000FF000000FF000000FF000000FF000000FF000000FF000000FF000000FF000000FF000000FF000000FF000000FF000000FF000000FF000000FF000000FF000000FF000000FF000000FF000000FF000000FF000000FF000000FF000000FF000000FF000000FF000000FF000000FF000000FF000000FF000000FF000000FF000000FF000000FF000000FF000000FF000000FF000000FF000000FF000000FF000000FF000000FF000000FF000000FF000000FF000000FF000000FF000000FF000000FF000000FF000000FF000000FF000000FF000000FF000000FF000000FF000000FF000000FF000000FF000000FF000000FF000000FF000000FF000000FF000000FF000000FF000000FF000000FF000000FF000000FF000000FF000000FF000000FF000000FF000000FF000000FF000000FF000000FF000000FF000000FF000000FF000000FF000000FF000000FF000000FF000000FF000000FF000000FF000000FF000000FF000000FF000000FF000000FF000000FF000000FF000000FF000000FF000000FF000000FF000000FF000000FF000000FF000000FF000000FF000000FF000000FF000000FF000000FF000000FF000000FF000000FF000000FF000000FF000000FF000000FF000000FF000000FF000000FF000000FF000000FF000000FF000000FF000000FF000000FF000000FF000000FF000000FF000000FF000000FF000000FF000000FF000000FF000000FF000000FF000000FF000000FF000000FF000000FF000000FF000000FF000000FF000000FF000000FF000000FF000000FF000000FF000000FF000000FF000000FF000000FF000000FF000000FF000000FF000000FF000000FF000000FF000000FF000000FF000000FF000000FF000000FF000000FF000000FF000000FF000000FF000000FF000000FF000000FF000000FF000000FF000000FF000000FF000000FF000000FF000000FF000000FF000000FF000000FF000000FF000000FF000000FF000000FF000000FF000000FF000000FF000000FF000000FF000000FF000000FF000000FF000000FF000000FF000000FF000000FF000000FF000000FF000000FF000000FF000000FF000000FF000000FF000000FF000000FF000000FF000000FF000000FF000000FF000000FF000000FF000000FF000000FF000000FF000000FF000000FF000000FF000000FF000000FF000000FF000000FF000000FF000000FF000000FF000000FF000000FF000000FF000000FF000000FF000000FF000000FF000000FF000000FF000000FF000000FF000000FF000000FF000000FF000000FF000000FF000000FF000000FF000000FF000000FF000000FF000000FF000000FF000000FF000000FF000000FF000000FF000000FF000000FF000000FF000000FF000000FF000000FF000000FF000000FF000000FF000000FF000000FF000000FF000000FF000000FF000000FF000000FF000000FF000000FF000000FF000000FF000000FF000000FF000000FF000000FF000000FF000000FF000000FF000000FF000000FF000000FF000000FF000000FF000000FF000000FF000000FF000000FF000000FF000000FF000000FFA9F922FFA9F922FF000000FF000000FFA9F922FFA9F922FF000000FF000000FFA9F922FFA9F922FF000000FF000000FF000000FF000000FF000000FF000000FF000000FF000000FF000000FF000000FF000000FF000000FF000000FF000000FF000000FF000000FF000000FF000000FF000000FF000000FF000000FF000000FF000000FF000000FF000000FF000000FF000000FF000000FF000000FF000000FF000000FF000000FF000000FF000000FF000000FF000000FF000000FF000000FF000000FF000000FF000000FF000000FF000000FF000000FF000000FF000000FF000000FF000000FF000000FF000000FF000000FF000000FF000000FF000000FF000000FF000000FF000000FF000000FF000000FF000000FF000000FF000000FF000000FF000000FF000000FF000000FF000000FF000000FF000000FF000000FF000000FF000000FF000000FF000000FF000000FF000000FF000000FF000000FF000000FF000000FF000000FF000000FF000000FF000000FF000000FF000000FF000000FF000000FF000000FF000000FF000000FF000000FF000000FF000000FF000000FF000000FF000000FF000000FF000000FF000000FF000000FF000000FF000000FF000000FF000000FF000000FFA9F922FFA9F922FF000000FF000000FF000000FF000000FF000000FF000000FF000000FF000000FF000000FF000000FF000000FF000000FF000000FF000000FF000000FF000000FF000000FF000000FF000000FF000000FF000000FF000000FFA9F922FFA9F922FF000000FF000000FFA9F922FFA9F922FF000000FF000000FFA9F922FFA9F922FF000000FF000000FF000000FF000000FFA9F922FFA9F922FF000000FF000000FF000000FF000000FF000000FF000000FFA9F922FFA9F922FF000000FF000000FF000000FF000000FF000000FF000000FF000000FF000000FFA9F922FFA9F922FF000000FF000000FF000000FF000000FF000000FF000000FF000000FF000000FF000000FF000000FF000000FF000000FFA9F922FFA9F922FF000000FF000000FF000000FF000000FF000000FF000000FF000000FF000000FF000000FF000000FF000000FF000000FF000000FF000000FF000000FF000000FF000000FF000000FF000000FF000000FF000000FF000000FF000000FF000000FF000000FF000000FF000000FF000000FF000000FF000000FF000000FF000000FF000000FF000000FF000000FF000000FF000000FF000000FF000000FF000000FF000000FF000000FF000000FF000000FF000000FF000000FF000000FF000000FF000000FF000000FF000000FF000000FF000000FF000000FF000000FF000000FF000000FF000000FF000000FF000000FF000000FF000000FF000000FF000000FF000000FF000000FF000000FF000000FF000000FF000000FF000000FF000000FF000000FF000000FF000000FF000000FF000000FF000000FF000000FF000000FF000000FF000000FF000000FF000000FF000000FF000000FF000000FF000000FF000000FF000000FF000000FF000000FF000000FF000000FF000000FF000000FF000000FF000000FF000000FF000000FF000000FF000000FF000000FF000000FF000000FF000000FF000000FF000000FF000000FF000000FF000000FF000000FF000000FF000000FF000000FF000000FF000000FF000000FF000000FF000000FF000000FF000000FF000000FF000000FF000000FF000000FF000000FF000000FF000000FF000000FF000000FF000000FF000000FF000000FF000000FF000000FF000000FF000000FF000000FF000000FF000000FF000000FF000000FF000000FF000000FF000000FF000000FF000000FF000000FF000000FF000000FF000000FF000000FF000000FF000000FF000000FF000000FF000000FF000000FF000000FF000000FF000000FF000000FF000000FF000000FF000000FF000000FF000000FF000000FF000000FF000000FF000000FF000000FF000000FF000000FF000000FF000000FF000000FF000000FF000000FF000000FF000000FF000000FF000000FF000000FF000000FF000000FF000000FF000000FF000000FF000000FF000000FF000000FF000000FF000000FF000000FF000000FF000000FF000000FF000000FF000000FF000000FF000000FF000000FF000000FF000000FF000000FF000000FF000000FF000000FF000000FF000000FF000000FF000000FF000000FF000000FF000000FF000000FF000000FF000000FF000000FF000000FF000000FF000000FF000000FF000000FF000000FF000000FF000000FF000000FF000000FF000000FF000000FF000000FF000000FF000000FF000000FF000000FF000000FF000000FF000000FF000000FF000000FF000000FF000000FF000000FF000000FF000000FF000000FF000000FF000000FF000000FF000000FF000000FF000000FF000000FF000000FF000000FF000000FF000000FF000000FF000000FF000000FF000000FF000000FF000000FF000000FF000000FF000000FF000000FF000000FF000000FF000000FF000000FF000000FF000000FF000000FF000000FF000000FF000000FF000000FF000000FF000000FF000000FF000000FF000000FF000000FF000000FF000000FF000000FF000000FF000000FF000000FF000000FF000000FF000000FF000000FF000000FF000000FF000000FF000000FF000000FF000000FF000000FF000000FF000000FF000000FF000000FF000000FF000000FF000000FF000000FF000000FF000000FF000000FF000000FF000000FF000000FF000000FF000000FF000000FF000000FF000000FF000000FF000000FF000000FF000000FF000000FF000000FF000000FF000000FF000000FF000000FF000000FF000000FF000000FF000000FF000000FF000000FF000000FF000000FF000000FF000000FF000000FF000000FF000000FF000000FF000000FF000000FF000000FF000000FF000000FF000000FF000000FF000000FF000000FF000000FF000000FF000000FF000000FF000000FF000000FF000000FF000000FF000000FF000000FF000000FF000000FF000000FF000000FF000000FF000000FFA9F922FFA9F922FF000000FF000000FF000000FF000000FFA9F922FFA9F922FF000000FF000000FF000000FF000000FF000000FF000000FF000000FF000000FF000000FF000000FF000000FF000000FF000000FF000000FF000000FF000000FF000000FF000000FF000000FF000000FF000000FF000000FF000000FF000000FF000000FF000000FF000000FF000000FF000000FF000000FF000000FF000000FF000000FF000000FF000000FF000000FF000000FF000000FF000000FF000000FF000000FF000000FF000000FF000000FF000000FF000000FF000000FF000000FF000000FF000000FF000000FF000000FF000000FF000000FF000000FF000000FF000000FF000000FF000000FF000000FF000000FF000000FF000000FF000000FF000000FF000000FF000000FF000000FF000000FF000000FF000000FF000000FF000000FF000000FF000000FF000000FF000000FF000000FF000000FF000000FF000000FF000000FF000000FF000000FF000000FF000000FF000000FF000000FF000000FF000000FF000000FF000000FF000000FF000000FF000000FF000000FF000000FF000000FF000000FF000000FF000000FF000000FF000000FF000000FF000000FF000000FF000000FF000000FF000000FF000000FF000000FF000000FF000000FF000000FF000000FF000000FF000000FF000000FF000000FF000000FF000000FF000000FF000000FF000000FF000000FF000000FF000000FF000000FF000000FF000000FF000000FF000000FFA9F922FFA9F922FF000000FF000000FF000000FF000000FFA9F922FFA9F922FF000000FF000000FF000000FF000000FF000000FF000000FFA9F922FFA9F922FF000000FF000000FF000000FF000000FF000000FF000000FFA9F922FFA9F922FF000000FF000000FF000000FF000000FF000000FF000000FF000000FF000000FFA9F922FFA9F922FF000000FF000000FF000000FF000000FF000000FF000000FF000000FF000000FF000000FF000000FF000000FF000000FFA9F922FFA9F922FF000000FF000000FF000000FF000000FF000000FF000000FF000000FF000000FF000000FF000000FF000000FF000000FF000000FF000000FF000000FF000000FF000000FF000000FF000000FF000000FF000000FF000000FF000000FF000000FF000000FF000000FF000000FF000000FF000000FF000000FF000000FF000000FF000000FF000000FF000000FF000000FF000000FF000000FF000000FF000000FF000000FF000000FF000000FF000000FF000000FF000000FF000000FF000000FF000000FF000000FF000000FF000000FF000000FF000000FF000000FF000000FF000000FF000000FF000000FF000000FF000000FF000000FF000000FF000000FF000000FF000000FF000000FF000000FF000000FF000000FF000000FF000000FF000000FF000000FF000000FF000000FF000000FF000000FF000000FF000000FF000000FF000000FF000000FF000000FF000000FF000000FF000000FF000000FF000000FF000000FF000000FF000000FF000000FF000000FF000000FF000000FF000000FF000000FF000000FF000000FF000000FF000000FF000000FF000000FF000000FF000000FF000000FF000000FF000000FF000000FF000000FF000000FF000000FF000000FF000000FF000000FF000000FF000000FF000000FF000000FF000000FF000000FF000000FF000000FF000000FF000000FF000000FF000000FF000000FF000000FF000000FF000000FF000000FF000000FF000000FF000000FF000000FF000000FF000000FF000000FF000000FF000000FF000000FF000000FF000000FF000000FF000000FF000000FF000000FF000000FF000000FF000000FF000000FF000000FF000000FF000000FF000000FF000000FF000000FF000000FF000000FF000000FF000000FF000000FF000000FF000000FF000000FF000000FF000000FF000000FF000000FF000000FF000000FF000000FF000000FF000000FF000000FF000000FF000000FF000000FF000000FF000000FF000000FF000000FF000000FF000000FF000000FF000000FF000000FF000000FF000000FF000000FF000000FF000000FF000000FF000000FF000000FF000000FF000000FF000000FF000000FF000000FF000000FF000000FF000000FF000000FF000000FF000000FF000000FF000000FF000000FF000000FF000000FF000000FF000000FF000000FF000000FF000000FF000000FF000000FF000000FF000000FF000000FF000000FF000000FF000000FF000000FF000000FF000000FF000000FF000000FF000000FF000000FF000000FF000000FF000000FF000000FF000000FF000000FF000000FF000000FF000000FF000000FF000000FF000000FF000000FF000000FF000000FF000000FF000000FF000000FF000000FF000000FF000000FF000000FF000000FF000000FF000000FF000000FF000000FF000000FF000000FF000000FF000000FF000000FF000000FF000000FF000000FF000000FF000000FF000000FF000000FF000000FF000000FF000000FF000000FF000000FF000000FF000000FF000000FF000000FF000000FF000000FF000000FF000000FF000000FF000000FF000000FF000000FF000000FF000000FF000000FF000000FF000000FF000000FF000000FF000000FF000000FF000000FF000000FF000000FF000000FF000000FF000000FF000000FF000000FF000000FF000000FF000000FF000000FF000000FF000000FF000000FF000000FF000000FF000000FF000000FF000000FF000000FF000000FF000000FF000000FF000000FF000000FF000000FF000000FF000000FF000000FF000000FF000000FF000000FF000000FF000000FF000000FF000000FF000000FF000000FF000000FF000000FF000000FF000000FF000000FF000000FF000000FF000000FF000000FF000000FF000000FF000000FF000000FF000000FF000000FF000000FF000000FF000000FF000000FF000000FF000000FF000000FF000000FF000000FF000000FF000000FF000000FF000000FF000000FF000000FF000000FF000000FF000000FF000000FF000000FFA9F922FFA9F922FF000000FF000000FF000000FF000000FFA9F922FFA9F922FF000000FF000000FF000000FF000000FF000000FF000000FF000000FF000000FF000000FF000000FF000000FF000000FF000000FF000000FF000000FF000000FF000000FF000000FF000000FF000000FF000000FF000000FF000000FF000000FF000000FF000000FF000000FF000000FF000000FF000000FF000000FF000000FF000000FF000000FF000000FF000000FF000000FF000000FF000000FF000000FF000000FF000000FF000000FF000000FF000000FF000000FF000000FF000000FF000000FF000000FF000000FF000000FF000000FF000000FF000000FF000000FF000000FF000000FF000000FF000000FF000000FF000000FF000000FF000000FF000000FF000000FF000000FF000000FF000000FF000000FF000000FF000000FF000000FF000000FF000000FF000000FF000000FF000000FF000000FF000000FF000000FF000000FF000000FF000000FF000000FF000000FF000000FF000000FF000000FF000000FF000000FF000000FF000000FF000000FF000000FF000000FF000000FF000000FF000000FF000000FF000000FF000000FF000000FF000000FF000000FF000000FF000000FF000000FF000000FF000000FF000000FF000000FF000000FF000000FF000000FF000000FF000000FF000000FF000000FF000000FF000000FF000000FF000000FF000000FF000000FF000000FF000000FF000000FF000000FF000000FF000000FF000000FFA9F922FFA9F922FF000000FF000000FF000000FF000000FFA9F922FFA9F922FF000000FF000000FF000000FF000000FF000000FF000000FFA9F922FFA9F922FF000000FF000000FF000000FF000000FF000000FF000000FFA9F922FFA9F922FF000000FF000000FF000000FF000000FF000000FF000000FF000000FF000000FFA9F922FFA9F922FF000000FF000000FF000000FF000000FF000000FF000000FF000000FF000000FF000000FF000000FF000000FF000000FFA9F922FFA9F922FF000000FF000000FF000000FF000000FF000000FF000000FF000000FF000000FF000000FF000000FF000000FF000000FF000000FF000000FF000000FF000000FF000000FF000000FF000000FF000000FF000000FF000000FF000000FF000000FF000000FF000000FF000000FF000000FF000000FF000000FF000000FF000000FF000000FF000000FF000000FF000000FF000000FF000000FF000000FF000000FF000000FF000000FF000000FF000000FF000000FF000000FF000000FF000000FF000000FF000000FF000000FF000000FF000000FF000000FF000000FF000000FF000000FF000000FF000000FF000000FF000000FF000000FF000000FF000000FF000000FF000000FF000000FF000000FF000000FF000000FF000000FF000000FF000000FF000000FF000000FF000000FF000000FF000000FF000000FF000000FF000000FF000000FF000000FF000000FF000000FF000000FF000000FF000000FF000000FF000000FF000000FF000000FF000000FF000000FF000000FF000000FF000000FF000000FF000000FF000000FF000000FF000000FF000000FF000000FF000000FF000000FF000000FF000000FF000000FF000000FF000000FF000000FF000000FF000000FF000000FF000000FF000000FF000000FF000000FF000000FF000000FF000000FF000000FF000000FF000000FF000000FF000000FF000000FF000000FF000000FF000000FF000000FF000000FF000000FF000000FF000000FF000000FF000000FF000000FF000000FF000000FF000000FF000000FF000000FF000000FF000000FF000000FF000000FF000000FF000000FF000000FF000000FF000000FF000000FF000000FF000000FF000000FF000000FF000000FF000000FF000000FF000000FF000000FF000000FF000000FF000000FF000000FF000000FF000000FF000000FF000000FF000000FF000000FF000000FF000000FF000000FF000000FF000000FF000000FF000000FF000000FF000000FF000000FF000000FF000000FF000000FF000000FF000000FF000000FF000000FF000000FF000000FF000000FF000000FF000000FF000000FF000000FF000000FF000000FF000000FF000000FF000000FF000000FF000000FF000000FF000000FF000000FF000000FF000000FF000000FF000000FF000000FF000000FF000000FF000000FF000000FF000000FF000000FF000000FF000000FF000000FF000000FF000000FF000000FF000000FF000000FF000000FF000000FF000000FF000000FF000000FF000000FF000000FF000000FF000000FF000000FF000000FF000000FF000000FF000000FF000000FF000000FF000000FF000000FF000000FF000000FF000000FF000000FF000000FF000000FF000000FF000000FF000000FF000000FF000000FF000000FF000000FF000000FF000000FF000000FF000000FF000000FF000000FF000000FF000000FF000000FF000000FF000000FF000000FF000000FF000000FF000000FF000000FF000000FF000000FF000000FF000000FF000000FF000000FF000000FF000000FF000000FF000000FF000000FF000000FF000000FF000000FF000000FF000000FF000000FF000000FF000000FF000000FF000000FF000000FF000000FF000000FF000000FF000000FF000000FF000000FF000000FF000000FF000000FF000000FF000000FF000000FF000000FF000000FF000000FF000000FF000000FF000000FF000000FF000000FF000000FF000000FF000000FF000000FF000000FF000000FF000000FF000000FF000000FF000000FF000000FF000000FF000000FF000000FF000000FF000000FF000000FF000000FF000000FF000000FF000000FF000000FF000000FF000000FF000000FF000000FF000000FF000000FF000000FF000000FF000000FF000000FF000000FF000000FF000000FF000000FF000000FF000000FF000000FF000000FF000000FF000000FF000000FF000000FF000000FF000000FF000000FF000000FF000000FF000000FF000000FF000000FF000000FF000000FF000000FF000000FF000000FF000000FF000000FFA9F922FFA9F922FFA9F922FFA9F922FF000000FF000000FFA9F922FFA9F922FF000000FF000000FF000000FF000000FF000000FF000000FF000000FF000000FF000000FF000000FF000000FF000000FF000000FF000000FF000000FF000000FF000000FF000000FF000000FF000000FF000000FF000000FF000000FF000000FF000000FF000000FF000000FF000000FF000000FF000000FF000000FF000000FF000000FF000000FF000000FF000000FF000000FF000000FF000000FF000000FF000000FF000000FF000000FF000000FF000000FF000000FF000000FF000000FF000000FF000000FF000000FF000000FF000000FF000000FF000000FF000000FF000000FF000000FF000000FF000000FF000000FF000000FF000000FF000000FF000000FF000000FF000000FF000000FF000000FF000000FF000000FF000000FF000000FF000000FF000000FF000000FF000000FF000000FF000000FF000000FF000000FF000000FF000000FF000000FF000000FF000000FF000000FF000000FF000000FF000000FF000000FF000000FF000000FF000000FF000000FF000000FF000000FF000000FF000000FF000000FF000000FF000000FF000000FF000000FF000000FF000000FF000000FF000000FF000000FF000000FF000000FF000000FF000000FF000000FF000000FF000000FF000000FF000000FF000000FF000000FF000000FF000000FF000000FF000000FF000000FF000000FF000000FF000000FF000000FF000000FF000000FF000000FFA9F922FFA9F922FFA9F922FFA9F922FF000000FF000000FFA9F922FFA9F922FF000000FF000000FF000000FF000000FF000000FF000000FFA9F922FFA9F922FFA9F922FFA9F922FFA9F922FFA9F922FF000000FF000000FF000000FF000000FF000000FF000000FF000000FF000000FFA9F922FFA9F922FFA9F922FFA9F922FFA9F922FFA9F922FF000000FF000000FF000000FF000000FF000000FF000000FF000000FF000000FF000000FF000000FFA9F922FFA9F922FF000000FF000000FF000000FF000000FF000000FF000000FF000000FF000000FF000000FF000000FF000000FF000000FF000000FF000000FF000000FF000000FF000000FF000000FF000000FF000000FF000000FF000000FF000000FF000000FF000000FF000000FF000000FF000000FF000000FF000000FF000000FF000000FF000000FF000000FF000000FF000000FF000000FF000000FF000000FF000000FF000000FF000000FF000000FF000000FF000000FF000000FF000000FF000000FF000000FF000000FF000000FF000000FF000000FF000000FF000000FF000000FF000000FF000000FF000000FF000000FF000000FF000000FF000000FF000000FF000000FF000000FF000000FF000000FF000000FF000000FF000000FF000000FF000000FF000000FF000000FF000000FF000000FF000000FF000000FF000000FF000000FF000000FF000000FF000000FF000000FF000000FF000000FF000000FF000000FF000000FF000000FF000000FF000000FF000000FF000000FF000000FF000000FF000000FF000000FF000000FF000000FF000000FF000000FF000000FF000000FF000000FF000000FF000000FF000000FF000000FF000000FF000000FF000000FF000000FF000000FF000000FF000000FF000000FF000000FF000000FF000000FF000000FF000000FF000000FF000000FF000000FF000000FF000000FF000000FF000000FF000000FF000000FF000000FF000000FF000000FF000000FF000000FF000000FF000000FF000000FF000000FF000000FF000000FF000000FF000000FF000000FF000000FF000000FF000000FF000000FF000000FF000000FF000000FF000000FF000000FF000000FF000000FF000000FF000000FF000000FF000000FF000000FF000000FF000000FF000000FF000000FF000000FF000000FF000000FF000000FF000000FF000000FF000000FF000000FF000000FF000000FF000000FF000000FF000000FF000000FF000000FF000000FF000000FF000000FF000000FF000000FF000000FF000000FF000000FF000000FF000000FF000000FF000000FF000000FF000000FF000000FF000000FF000000FF000000FF000000FF000000FF000000FF000000FF000000FF000000FF000000FF000000FF000000FF000000FF000000FF000000FF000000FF000000FF000000FF000000FF000000FF000000FF000000FF000000FF000000FF000000FF000000FF000000FF000000FF000000FF000000FF000000FF000000FF000000FF000000FF000000FF000000FF000000FF000000FF000000FF000000FF000000FF000000FF000000FF000000FF000000FF000000FF000000FF000000FF000000FF000000FF000000FF000000FF000000FF000000FF000000FF000000FF000000FF000000FF000000FF000000FF000000FF000000FF000000FF000000FF000000FF000000FF000000FF000000FF000000FF000000FF000000FF000000FF000000FF000000FF000000FF000000FF000000FF000000FF000000FF000000FF000000FF000000FF000000FF000000FF000000FF000000FF000000FF000000FF000000FF000000FF000000FF000000FF000000FF000000FF000000FF000000FF000000FF000000FF000000FF000000FF000000FF000000FF000000FF000000FF000000FF000000FF000000FF000000FF000000FF000000FF000000FF000000FF000000FF000000FF000000FF000000FF000000FF000000FF000000FF000000FF000000FF000000FF000000FF000000FF000000FF000000FF000000FF000000FF000000FF000000FF000000FF000000FF000000FF000000FF000000FF000000FF000000FF000000FF000000FF000000FF000000FF000000FF000000FF000000FF000000FF000000FF000000FF000000FF000000FF000000FF000000FF000000FF000000FF000000FF000000FF000000FF000000FF000000FF000000FF000000FF000000FF000000FF000000FF000000FF000000FF000000FF000000FF000000FF000000FF000000FF000000FF000000FF000000FF000000FF000000FF000000FF000000FF000000FFA9F922FFA9F922FFA9F922FFA9F922FF000000FF000000FFA9F922FFA9F922FF000000FF000000FF000000FF000000FF000000FF000000FF000000FF000000FF000000FF000000FF000000FF000000FF000000FF000000FF000000FF000000FF000000FF000000FF000000FF000000FF000000FF000000FF000000FF000000FF000000FF000000FF000000FF000000FF000000FF000000FF000000FF000000FF000000FF000000FF000000FF000000FF000000FF000000FF000000FF000000FF000000FF000000FF000000FF000000FF000000FF000000FF000000FF000000FF000000FF000000FF000000FF000000FF000000FF000000FF000000FF000000FF000000FF000000FF000000FF000000FF000000FF000000FF000000FF000000FF000000FF000000FF000000FF000000FF000000FF000000FF000000FF000000FF000000FF000000FF000000FF000000FF000000FF000000FF000000FF000000FF000000FF000000FF000000FF000000FF000000FF000000FF000000FF000000FF000000FF000000FF000000FF000000FF000000FF000000FF000000FF000000FF000000FF000000FF000000FF000000FF000000FF000000FF000000FF000000FF000000FF000000FF000000FF000000FF000000FF000000FF000000FF000000FF000000FF000000FF000000FF000000FF000000FF000000FF000000FF000000FF000000FF000000FF000000FF000000FF000000FF000000FF000000FF000000FF000000FF000000FF000000FF000000FFA9F922FFA9F922FFA9F922FFA9F922FF000000FF000000FFA9F922FFA9F922FF000000FF000000FF000000FF000000FF000000FF000000FFA9F922FFA9F922FFA9F922FFA9F922FFA9F922FFA9F922FF000000FF000000FF000000FF000000FF000000FF000000FF000000FF000000FFA9F922FFA9F922FFA9F922FFA9F922FFA9F922FFA9F922FF000000FF000000FF000000FF000000FF000000FF000000FF000000FF000000FF000000FF000000FFA9F922FFA9F922FF000000FF000000FF000000FF000000FF000000FF000000FF000000FF000000FF000000FF000000FF000000FF000000FF000000FF000000FF000000FF000000FF000000FF000000FF000000FF000000FF000000FF000000FF000000FF000000FF000000FF000000FF000000FF000000FF000000FF000000FF000000FF000000FF000000FF000000FF000000FF000000FF000000FF000000FF000000FF000000FF000000FF000000FF000000FF000000FF000000FF000000FF000000FF000000FF000000FF000000FF000000FF000000FF000000FF000000FF000000FF000000FF000000FF000000FF000000FF000000FF000000FF000000FF000000FF000000FF000000FF000000FF000000FF000000FF000000FF000000FF000000FF000000FF000000FF000000FF000000FF000000FF000000FF000000FF000000FF000000FF000000FF000000FF000000FF000000FF000000FF000000FF000000FF000000FF000000FF000000FF000000FF000000FF000000FF000000FF000000FF000000FF000000FF000000FF000000FF000000FF000000FF000000FF000000FF000000FF000000FF000000FF000000FF000000FF000000FF000000FF000000FF000000FF000000FF000000FF000000FF000000FF000000FF000000FF000000FF000000FF000000FF000000FF000000FF000000FF000000FF000000FF000000FF000000FF000000FF000000FF000000FF000000FF000000FF000000FF000000FF000000FF000000FF000000FF000000FF000000FF000000FF000000FF000000FF000000FF000000FF000000FF000000FF000000FF000000FF000000FF000000FF000000FF000000FF000000FF000000FF000000FF000000FF000000FF000000FF000000FF000000FF000000FF000000FF000000FF000000FF000000FF000000FF000000FF000000FF000000FF000000FF000000FF000000FF000000FF000000FF000000FF000000FF000000FF000000FF000000FF000000FF000000FF000000FF000000FF000000FF000000FF000000FF000000FF000000FF000000FF000000FF000000FF000000FF000000FF000000FF000000FF000000FF000000FF000000FF000000FF000000FF000000FF000000FF000000FF000000FF000000FF000000FF000000FF000000FF000000FF000000FF000000FF000000FF000000FF000000FF000000FF000000FF000000FF000000FF000000FF000000FF000000FF000000FF000000FF000000FF000000FF000000FF000000FF000000FF000000FF000000FF000000FF000000FF000000FF000000FF000000FF000000FF000000FF000000FF000000FF000000FF000000FF000000FF000000FF000000FF000000FF000000FF000000FF000000FF000000FF000000FF000000FF000000FF000000FF000000FF000000FF000000FF000000FF000000FF000000FF000000FF000000FF000000FF000000FF000000FF000000FF000000FF000000FF000000FF000000FF000000FF000000FF000000FF000000FF000000FF000000FF000000FF000000FF000000FF000000FF000000FF000000FF000000FF000000FF000000FF000000FF000000FF000000FF000000FF000000FF000000FF000000FF000000FF000000FF000000FF000000FF000000FF000000FF000000FF000000FF000000FF000000FF000000FF000000FF000000FF000000FF000000FF000000FF000000FF000000FF000000FF000000FF000000FF000000FF000000FF000000FF000000FF000000FF000000FF000000FF000000FF000000FF000000FF000000FF000000FF000000FF000000FF000000FF000000FF000000FF000000FF000000FF000000FF000000FF000000FF000000FF000000FF000000FF000000FF000000FF000000FF000000FF000000FF000000FF000000FF000000FF000000FF000000FF000000FF000000FF000000FF000000FF000000FF000000FF000000FF000000FF000000FF000000FF000000FF000000FF000000FF000000FF000000FF000000FF000000FF000000FF000000FF000000FF000000FF000000FF000000FF000000FF000000FF000000FF000000FF000000FF000000FF000000FF000000FF000000FF000000FF000000FF000000FF000000FF000000FF000000FF000000FF000000FF000000FF000000FF000000FF000000FF000000FF000000FF000000FF000000FF000000FF000000FF000000FF000000FF000000FF000000FF000000FF000000FF000000FF000000FF000000FF000000FF000000FF000000FF000000FF000000FF000000FF000000FF000000FF000000FF000000FF000000FF000000FF000000FF000000FF000000FF000000FF000000FF000000FF000000FF000000FF000000FF000000FF000000FF000000FF000000FF000000FF000000FF000000FF000000FF000000FF000000FF000000FF000000FF000000FF000000FF000000FF000000FF000000FF000000FF000000FF000000FF000000FF000000FF000000FF000000FF000000FF000000FF000000FF000000FF000000FF000000FF000000FF000000FF000000FF000000FF000000FF000000FF000000FF000000FF000000FF000000FF000000FF000000FF000000FF000000FF000000FF000000FF000000FF000000FF000000FF000000FF000000FF000000FF000000FF000000FF000000FF000000FF000000FF000000FF000000FF000000FF000000FF000000FF000000FF000000FF000000FF000000FF000000FF000000FF000000FF000000FF000000FF000000FF000000FF000000FF000000FF000000FF000000FF000000FF000000FF000000FF000000FF000000FF000000FF000000FF000000FF000000FF000000FF000000FF000000FF000000FF000000FF000000FF000000FF000000FF000000FF000000FF000000FF000000FF000000FF000000FF000000FF000000FF000000FF000000FF000000FF000000FF000000FF000000FF000000FF000000FF000000FF000000FF000000FF000000FF000000FF000000FF000000FF000000FF000000FF000000FF000000FF000000FF000000FF000000FF000000FF000000FF000000FF000000FF000000FF000000FF000000FF000000FF000000FF000000FF000000FF000000FF000000FF000000FF000000FF000000FF000000FF000000FF000000FF000000FF000000FF000000FF000000FF000000FF000000FF000000FF000000FF000000FF000000FF000000FF000000FF000000FF000000FF000000FF000000FF000000FF000000FF000000FF000000FF000000FF000000FF000000FF000000FF000000FF000000FF000000FF000000FF000000FF000000FF000000FF000000FF000000FF000000FF000000FF000000FF000000FF000000FF000000FF000000FF000000FF000000FF000000FF000000FF000000FF000000FF000000FF000000FF000000FF000000FF000000FF000000FF000000FF000000FF000000FF000000FF000000FF000000FF000000FF000000FF000000FF000000FF000000FF000000FF000000FF000000FF000000FF000000FF000000FF000000FF000000FF000000FF000000FF000000FF000000FF000000FF000000FF000000FF000000FF000000FF000000FF000000FF000000FF000000FF000000FF000000FF000000FF000000FF000000FF000000FF000000FF000000FF000000FF000000FF000000FF000000FF000000FF000000FF000000FF000000FF000000FF000000FF000000FF000000FF000000FF000000FF000000FF000000FF000000FF000000FF000000FF000000FF000000FF000000FF000000FF000000FF000000FF000000FF000000FF000000FF000000FF000000FF000000FF000000FF000000FF000000FF000000FF000000FF000000FF000000FF000000FF000000FF000000FF000000FF000000FF000000FF000000FF000000FF000000FF000000FF000000FF000000FF000000FF000000FF000000FF000000FF000000FF000000FF000000FF000000FF000000FF000000FF000000FF000000FF000000FF000000FF000000FF000000FF000000FF000000FF000000FF000000FF000000FF000000FF000000FF000000FF000000FF000000FF000000FF000000FF000000FF000000FF000000FF000000FF000000FF000000FF000000FF000000FF000000FF000000FF000000FF000000FF000000FF000000FF000000FF000000FF000000FF000000FF000000FF000000FF000000FF000000FF000000FF000000FF000000FF000000FF000000FF000000FF000000FF000000FF000000FF000000FF000000FF000000FF000000FF000000FF000000FF000000FF000000FF000000FF000000FF000000FF000000FF000000FF000000FF000000FF000000FF000000FF000000FF000000FF000000FF000000FF000000FF000000FF000000FF000000FF000000FF000000FF000000FF000000FF000000FF000000FF000000FF000000FF000000FF000000FF000000FF000000FF000000FF000000FF000000FF000000FF000000FF000000FF000000FF000000FF000000FF000000FF000000FF000000FF000000FF000000FF000000FF000000FF000000FF000000FF000000FF000000FF000000FF000000FF000000FF000000FF000000FF000000FF000000FF000000FF000000FF000000FF000000FF000000FF000000FF000000FF000000FF000000FF000000FF000000FF000000FF000000FF000000FF000000FF000000FF000000FF000000FF000000FF000000FF000000FF000000FF000000FF000000FF000000FF000000FF000000FF000000FF000000FF000000FF000000FF000000FF000000FF000000FF000000FF000000FF000000FF000000FF000000FF000000FF000000FF000000FF000000FF000000FF000000FF000000FF000000FF000000FF000000FF000000FF000000FF000000FF000000FF000000FF000000FF000000FF000000FF000000FF000000FF000000FF000000FF000000FF000000FF000000FF000000FF000000FF000000FF000000FF000000FF000000FF000000FF000000FF000000FF000000FF000000FF000000FF000000FF000000FF000000FF000000FF000000FF000000FF000000FF000000FF000000FF000000FF000000FF000000FF000000FF000000FF000000FF000000FF000000FF000000FF000000FF000000FF000000FF000000FF000000FF000000FF000000FF000000FF000000FF000000FF000000FF000000FF000000FF000000FF000000FF000000FF000000FF000000FF000000FF000000FF000000FF000000FF000000FF000000FF000000FF000000FF000000FF000000FF000000FF000000FF000000FF000000FF000000FF000000FF000000FF000000FF000000FF000000FF000000FF000000FF000000FF000000FF000000FF000000FF000000FF000000FF000000FF000000FF000000FF000000FF000000FF000000FF000000FF000000FF000000FF000000FF000000FF000000FF000000FF000000FF000000FF000000FF000000FF000000FF000000FF000000FF000000FF000000FF000000FF000000FF000000FF000000FF000000FF000000FF000000FF000000FF000000FF000000FF000000FF000000FF000000FF000000FF000000FF000000FF000000FF000000FF000000FF000000FF000000FF000000FF000000FF000000FF000000FF000000FF000000FF000000FF000000FF000000FF000000FF000000FF000000FF000000FF000000FF000000FF000000FF000000FF000000FF000000FF000000FF000000FF000000FF000000FF000000FF000000FF000000FF000000FF000000FF000000FF000000FF000000FF000000FF000000FF000000FF000000FF000000FF000000FF000000FF000000FF000000FF000000FF000000FF000000FF000000FF000000FF000000FF000000FF000000FF000000FF000000FF000000FF000000FF000000FF000000FF000000FF000000FF000000FF000000FF000000FF000000FF000000FF000000FF000000FF000000FF000000FF000000FF000000FF000000FF000000FF000000FF000000FF000000FF000000FF000000FF000000FF000000FF000000FF000000FF000000FF000000FF000000FF000000FF000000FF000000FF000000FF000000FF000000FF000000FF000000FF000000FF000000FF000000FF000000FF000000FF000000FF000000FF000000FF000000FF000000FF000000FF000000FF000000FF000000FF000000FF000000FF000000FF000000FF000000FF000000FF000000FF000000FF000000FF000000FF000000FF000000FF000000FF000000FF000000FF000000FF000000FF000000FF000000FF000000FF000000FF000000FF000000FF000000FF000000FF000000FF000000FF000000FF000000FF000000FF000000FF000000FF000000FF000000FF000000FF000000FF000000FF000000FF000000FF000000FF000000FF000000FF000000FF000000FF000000FF000000FF000000FF000000FF000000FF000000FF000000FF000000FF000000FF000000FF000000FF000000FF000000FF000000FF000000FF000000FF000000FF000000FF000000FF000000FF000000FF000000FF000000FF000000FF000000FF000000FF000000FF000000FF000000FF000000FF000000FF000000FF000000FF000000FF000000FF000000FF000000FF000000FF000000FF000000FF000000FF000000FF000000FF000000FF000000FF000000FF000000FF000000FF000000FF000000FF000000FF000000FF000000FF000000FF000000FF000000FF000000FF000000FF000000FF000000FF000000FF000000FF000000FF000000FF000000FF000000FF000000FF000000FF000000FF000000FF000000FF000000FF000000FF000000FF000000FF000000FF000000FF000000FF000000FF000000FF000000FF000000FF000000FF000000FF000000FF000000FF000000FF000000FF000000FF000000FF000000FF000000FF000000FF000000FF000000FF000000FF000000FF000000FF000000FF000000FF000000FF000000FF000000FF000000FF000000FF000000FF000000FF000000FF000000FF000000FF000000FF000000FF000000FF000000FF000000FF000000FF000000FF000000FF000000FF000000FF000000FF000000FF000000FF000000FF000000FF000000FF000000FF000000FF000000FF000000FF000000FF000000FF000000FF000000FF000000FF000000FF000000FF000000FF000000FF000000FF000000FF000000FF000000FF000000FF000000FF000000FF000000FF000000FF000000FF000000FF000000FF000000FF000000FF000000FF000000FF000000FF000000FF000000FF000000FF000000FF000000FF000000FF000000FF000000FF000000FF000000FF000000FF000000FF000000FF000000FF000000FF000000FF000000FF000000FF000000FF000000FF000000FF000000FF000000FF000000FF000000FF000000FF000000FF000000FF000000FF000000FF000000FF000000FF000000FF000000FF000000FF000000FF000000FF000000FF000000FF000000FF000000FF000000FF000000FF000000FF000000FF000000FF000000FF000000FF000000FF000000FF000000FF000000FF000000FF000000FF000000FF000000FF000000FF000000FF000000FF000000FF000000FF000000FF000000FF000000FF000000FF000000FF000000FF000000FF000000FF000000FF000000FF000000FF000000FF000000FF000000FF000000FF000000FF000000FF000000FF000000FF000000FF000000FF000000FF000000FF000000FF000000FF000000FF000000FF000000FF000000FF000000FF000000FF000000FF000000FF000000FF000000FF000000FF000000FF000000FF000000FF000000FF000000FF000000FF000000FF000000FF000000FF000000FF000000FF000000FF000000FF000000FF000000FF000000FF000000FF000000FF000000FF000000FF000000FF000000FF000000FF000000FF000000FF000000FF000000FF000000FF000000FF000000FF000000FF000000FF000000FF000000FF000000FF000000FF000000FF000000FF000000FF000000FF000000FF000000FF000000FF000000FF000000FF000000FF000000FF000000FF000000FF000000FF000000FF000000FF000000FF000000FF000000FF000000FF000000FF000000FF000000FF000000FF000000FF000000FF000000FF000000FF000000FF000000FF000000FF000000FF000000FF000000FF000000FF000000FF000000FF000000FF000000FF000000FF000000FF000000FF000000FF000000FF000000FF000000FF000000FF000000FF000000FF000000FF000000FF000000FF000000FF000000FF000000FF000000FF000000FF000000FF000000FF000000FF000000FF000000FF000000FF000000FF000000FF000000FF000000FF000000FF000000FF000000FF000000FF000000FF000000FF000000FF000000FF000000FF000000FF000000FF000000FF000000FF000000FF000000FF000000FF000000FF000000FF000000FF000000FF000000FF000000FF000000FF000000FF000000FF000000FF000000FF000000FF000000FF000000FF000000FF000000FF000000FF000000FF000000FF000000FF000000FF000000FF000000FF000000FF000000FF000000FF000000FF000000FF000000FF000000FF000000FF000000FF000000FF000000FF000000FF000000FF000000FF000000FF000000FF000000FF000000FF000000FF000000FF000000FF000000FF000000FF000000FF000000FF000000FF000000FF000000FF000000FF000000FF000000FF000000FF000000FF000000FF000000FF000000FF000000FF000000FF000000FF000000FF000000FF000000FF000000FF000000FF000000FF000000FF000000FF000000FF000000FF000000FF000000FF000000FF000000FF000000FF000000FF000000FF000000FF000000FF000000FF000000FF000000FF000000FF000000FF000000FF000000FF000000FF000000FF000000FF000000FF000000FF000000FF000000FF000000FF000000FF000000FF000000FF000000FF000000FF000000FF000000FF000000FF000000FF000000FF000000FF000000FF000000FF000000FF000000FF000000FF000000FF000000FF000000FF000000FF000000FF000000FF000000FF000000FF000000FF000000FF000000FF000000FF000000FF000000FF000000FF000000FF000000FF000000FF000000FF000000FF000000FF000000FF000000FF000000FF000000FF000000FF000000FF000000FF000000FF000000FF000000FF000000FF000000FF000000FF000000FF000000FF000000FF000000FF000000FF000000FF000000FF000000FF000000FF000000FF000000FF000000FF000000FF000000FF000000FF000000FF000000FF000000FF000000FF000000FF000000FF000000FF000000FF000000FF000000FF000000FF000000FF000000FF000000FF000000FF000000FF000000FF000000FF000000FF000000FF000000FF000000FF000000FF000000FF000000FF000000FF000000FF000000FF000000FF000000FF000000FF000000FF000000FF000000FF000000FF000000FF000000FF000000FF000000FF000000FF000000FF000000FF000000FF000000FF000000FF000000FF000000FF000000FF000000FF000000FF000000FF000000FF000000FF000000FF000000FF000000FF000000FF000000FF000000FF000000FF000000FF000000FF000000FF000000FF000000FF000000FF000000FF000000FF000000FF000000FF000000FF000000FF000000FF000000FF000000FF000000FF000000FF000000FF000000FF000000FF000000FF000000FF000000FF000000FF000000FF000000FF000000FF000000FF000000FF000000FF000000FF000000FF000000FF000000FF000000FF000000FF000000FF000000FF000000FF000000FF000000FF000000FF000000FF000000FF000000FF000000FF000000FF000000FF000000FF000000FF000000FF000000FF000000FF000000FF000000FF000000FF000000FF000000FF000000FF000000FF000000FF000000FF000000FF000000FF000000FF000000FF000000FF000000FF000000FF000000FF000000FF000000FF000000FF000000FF000000FF000000FF000000FF000000FF000000FF000000FF000000FF000000FF000000FF000000FF000000FF000000FF000000FF000000FF000000FF000000FF000000FF000000FF000000FF000000FF000000FF000000FF000000FF000000FF000000FF000000FF000000FF000000FF000000FF000000FF000000FF000000FF000000FF000000FF000000FF000000FF000000FF000000FF000000FF000000FF000000FF000000FF000000FF000000FF000000FF000000FF000000FF000000FF000000FF000000FF000000FF000000FF000000FF000000FF000000FF000000FF000000FF000000FF000000FF000000FF000000FF000000FF000000FF000000FF000000FF000000FF000000FF000000FF000000FF000000FF000000FF000000FF000000FF000000FF000000FF000000FF000000FF000000FF000000FF000000FF000000FF000000FF000000FF000000FF000000FF000000FF000000FF000000FF000000FF000000FF000000FF000000FF000000FF000000FF000000FF000000FF000000FF000000FF000000FF000000FF000000FF000000FF000000FF000000FF000000FF000000FF000000FF000000FF000000FF000000FF000000FF000000FF000000FF000000FF000000FF000000FF000000FF000000FF000000FF000000FF000000FF000000FF000000FF000000FF000000FF000000FF000000FF000000FF000000FF000000FF000000FF000000FF000000FF000000FF000000FF000000FF000000FF000000FF000000FF000000FF000000FF000000FF000000FF000000FF000000FF000000FF000000FF000000FF000000FF000000FF000000FF000000FF000000FF000000FF000000FF000000FF000000FF000000FF000000FF000000FF000000FF000000FF000000FF000000FF000000FF000000FF000000FF000000FF000000FF000000FF000000FF000000FF000000FF000000FF000000FF000000FF000000FF000000FF000000FF000000FF000000FF000000FF000000FF000000FF000000FF000000FF000000FF000000FF000000FF000000FF000000FF000000FF000000FF000000FF000000FF000000FF000000FF000000FF000000FF000000FF000000FF000000FF000000FF000000FF000000FF000000FF000000FF000000FF000000FF000000FF000000FF000000FF000000FF000000FF000000FF000000FF000000FF000000FF000000FF000000FF000000FF000000FF000000FF000000FF000000FF000000FF000000FF000000FF000000FF000000FF000000FF000000FF000000FF000000FF000000FF000000FF000000FF000000FF000000FF000000FF000000FF000000FF000000FF000000FF000000FF000000FF000000FF000000FF000000FF000000FF000000FF000000FF000000FF000000FF000000FF000000FF000000FF000000FF000000FF000000FF000000FF000000FF000000FF000000FF000000FF000000FF000000FF000000FF000000FF000000FF000000FF000000FF000000FF000000FF000000FF000000FF000000FF000000FF000000FF000000FF000000FF000000FF000000FF000000FF000000FF000000FF000000FF000000FF000000FF000000FF000000FF000000FF000000FF000000FF000000FF000000FF000000FF000000FF000000FF000000FF000000FF000000FF000000FF000000FF000000FF000000FF000000FF000000FF000000FF000000FF000000FF000000FF000000FF000000FF000000FF000000FF000000FF000000FF000000FF000000FF000000FF000000FF000000FF000000FF000000FF000000FF000000FF000000FF000000FF000000FF000000FF000000FF000000FF000000FF000000FF000000FF000000FF000000FF000000FF000000FF000000FF000000FF000000FF000000FF000000FF000000FF000000FF000000FF000000FF000000FF000000FF000000FF000000FF000000FF000000FF000000FF000000FF000000FF000000FF000000FF000000FF000000FF000000FF000000FF000000FF000000FF000000FF000000FF000000FF000000FF000000FF000000FF000000FF000000FF000000FF000000FF000000FF000000FF000000FF000000FF000000FF000000FF000000FF000000FF000000FF000000FF000000FF000000FF000000FF000000FF000000FF000000FF000000FF000000FF000000FF000000FF000000FF000000FF000000FF000000FF000000FF000000FF000000FF000000FF000000FF000000FF000000FF000000FF000000FF000000FF000000FF000000FF000000FF000000FF000000FF000000FF000000FF000000FF000000FF000000FF000000FF000000FF000000FF000000FF000000FF000000FF000000FF000000FF000000FF000000FF000000FF000000FF000000FF000000FF000000FF000000FF000000FF000000FF000000FF000000FF000000FF000000FF000000FF000000FF000000FF000000FF000000FF000000FF000000FF000000FF000000FF000000FF000000FF000000FF000000FF000000FF000000FF000000FF000000FF000000FF000000FF000000FF000000FF000000FF000000FF000000FF000000FF000000FF000000FF000000FF000000FF000000FF000000FF000000FF000000FF000000FF000000FF000000FF000000FF000000FF000000FF000000FF000000FF000000FF000000FF000000FF000000FF000000FF000000FF000000FF000000FF000000FF000000FF000000FF000000FF000000FF000000FF000000FF000000FF000000FF000000FF000000FF000000FF000000FF000000FF000000FF000000FF000000FF000000FF000000FF000000FF000000FF000000FF000000FF000000FF000000FF000000FF000000FF000000FF000000FF000000FF000000FF000000FF000000FF000000FF000000FF000000FF000000FF000000FF000000FF000000FF000000FF000000FF000000FF000000FF000000FF000000FF000000FF000000FF000000FF000000FF000000FF000000FF000000FF000000FF000000FF000000FF000000FF000000FF000000FF000000FF000000FF000000FF000000FF000000FF000000FF000000FF000000FF000000FF000000FF000000FF000000FF000000FF000000FF000000FF000000FF000000FF000000FF000000FF000000FF000000FF000000FF000000FF000000FF000000FF000000FF000000FF000000FF000000FF000000FF000000FF000000FF000000FF000000FF000000FF000000FF000000FF000000FF000000FF000000FF000000FF000000FF000000FF000000FF000000FF000000FF000000FF000000FF000000FF000000FF000000FF000000FF000000FF000000FF000000FF000000FF000000FF000000FF000000FF000000FF000000FF000000FF000000FF000000FF000000FF000000FF000000FF000000FF000000FF000000FF000000FF000000FF000000FF000000FF000000FF000000FF000000FF000000FF000000FF000000FF000000FF000000FF000000FF000000FF000000FF000000FF000000FF000000FF000000FF000000FF000000FF000000FF000000FF000000FF000000FF000000FF000000FF000000FF000000FF000000FF000000FF000000FF000000FF000000FF000000FF000000FF000000FF000000FF000000FF000000FF000000FF000000FF000000FF000000FF000000FF000000FF000000FF000000FF000000FF000000FF000000FF000000FF000000FF000000FF000000FF000000FF000000FF000000FF000000FF000000FF000000FF000000FF000000FF000000FF000000FF000000FF000000FF000000FF000000FF000000FF000000FF000000FF000000FF000000FF000000FF000000FF000000FF000000FF000000FF000000FF000000FF000000FF000000FF000000FF000000FF000000FF000000FF000000FF000000FF000000FF000000FF000000FF000000FF000000FF000000FF000000FF000000FF000000FF000000FF000000FF000000FF000000FF000000FF000000FF000000FF000000FF000000FF000000FF000000FF000000FF000000FF000000FF000000FF000000FF000000FF000000FF000000FF000000FF000000FF000000FF000000FF000000FF000000FF000000FF000000FF000000FF000000FF000000FF000000FF000000FF000000FF000000FF000000FF000000FF000000FF000000FF000000FF000000FF000000FF000000FF000000FF000000FF000000FF000000FF000000FF000000FF000000FF000000FF000000FF000000FF000000FF000000FF000000FF000000FF000000FF000000FF000000FF000000FF000000FF000000FF000000FF000000FF000000FF000000FF000000FF000000FF000000FF000000FF000000FF000000FF000000FF000000FF000000FF000000FF000000FF000000FF000000FF000000FF000000FF000000FF000000FF000000FF000000FF000000FF000000FF000000FF000000FF000000FF000000FF000000FF000000FF000000FF000000FF000000FF000000FF000000FF000000FF000000FF000000FF000000FF000000FF000000FF000000FF000000FF000000FF000000FF000000FF000000FF000000FF000000FF000000FF000000FF000000FF000000FF000000FF000000FF000000FF000000FF000000FF000000FF000000FF000000FF000000FF000000FF000000FF000000FF000000FF000000FF000000FF000000FF000000FF000000FF000000FF000000FF000000FF000000FF000000FF000000FF000000FF000000FF000000FF000000FF000000FF000000FF000000FF000000FF000000FF000000FF000000FF000000FF000000FF000000FF000000FF000000FF000000FF000000FF000000FF000000FF000000FF000000FF000000FF000000FF000000FF000000FF000000FF000000FF000000FF000000FF000000FF000000FF000000FF000000FF000000FF000000FF000000FF000000FF000000FF000000FF000000FF000000FF000000FF000000FF000000FF000000FF000000FF000000FF000000FF000000FF000000FF000000FF000000FF000000FF000000FF000000FF000000FF000000FF000000FF000000FF000000FF000000FF000000FF000000FF000000FF000000FF000000FF000000FF000000FF000000FF000000FF000000FF000000FF000000FF000000FF000000FF000000FF000000FF000000FF000000FF000000FF000000FF000000FF000000FF000000FF000000FF000000FF000000FF000000FF000000FF000000FF000000FF000000FF000000FF000000FF000000FF000000FF000000FF000000FF000000FF000000FF000000FF000000FF000000FF000000FF000000FF000000FF000000FF000000FF000000FF000000FF000000FF000000FF000000FF000000FF000000FF000000FF000000FF000000FF000000FF000000FF000000FF000000FF000000FF000000FF000000FF000000FF000000FF000000FF000000FF000000FF000000FF000000FF000000FF000000FF000000FF000000FF000000FF000000FF000000FF000000FF000000FF000000FF000000FF000000FF000000FF000000FF000000FF000000FF000000FF000000FF000000FF000000FF000000FF000000FF000000FF000000FF000000FF000000FF000000FF000000FF000000FF000000FF000000FF000000FF000000FF000000FF000000FF000000FF000000FF000000FF000000FF000000FF000000FF000000FF000000FF000000FF000000FF000000FF000000FF000000FF000000FF000000FF000000FF000000FF000000FF000000FF000000FF000000FF000000FF000000FF000000FF000000FF000000FF000000FF000000FF000000FF000000FF000000FF000000FF000000FF000000FF000000FF000000FF000000FF000000FF000000FF000000FF000000FF000000FF000000FF000000FF000000FF000000FF000000FF000000FF000000FF000000FF000000FF000000FF000000FF000000FF000000FF000000FF000000FF000000FF000000FF000000FF000000FF000000FF000000FF000000FF000000FF000000FF000000FF000000FF000000FF000000FF000000FF000000FF000000FF000000FF000000FF000000FF000000FF000000FF000000FF000000FF000000FF000000FF000000FF000000FF000000FF000000FF000000FF000000FF000000FF000000FF000000FF000000FF000000FF000000FF000000FF000000FF000000FF000000FF000000FF000000FF000000FF000000FF000000FF000000FF000000FF000000FF000000FF000000FF000000FF000000FF000000FF000000FF000000FF000000FF000000FF000000FF000000FF000000FF000000FF000000FF000000FF000000FF000000FF000000FF000000FF000000FF000000FF000000FF000000FF000000FF000000FF000000FF000000FF000000FF000000FF000000FF000000FF000000FF000000FF000000FF000000FF000000FF000000FF000000FF000000FF000000FF000000FF000000FF000000FF000000FF000000FF000000FF000000FF000000FF000000FF000000FF000000FF000000FF000000FF000000FF000000FF000000FF000000FF000000FF000000FF000000FF000000FF000000FF000000FF000000FF000000FF000000FF000000FF000000FF000000FF000000FF000000FF000000FF000000FF000000FF000000FF000000FF000000FF000000FF000000FF000000FF000000FF000000FF000000FF000000FF000000FF000000FF000000FF000000FF000000FF000000FF000000FF000000FF000000FF000000FF000000FF000000FF000000FF000000FF000000FF000000FF000000FF000000FF000000FF000000FF000000FF000000FF000000FF000000FF000000FF000000FF000000FF000000FF000000FF000000FF000000FF000000FF000000FF000000FF000000FF000000FF000000FF000000FF000000FF000000FF000000FF000000FF000000FF000000FF000000FF000000FF000000FF000000FF000000FF000000FF000000FF000000FF000000FF000000FF000000FF000000FF000000FF000000FF000000FF000000FF000000FF000000FF000000FF000000FF000000FF000000FF000000FF000000FF000000FF000000FF000000FF000000FF000000FF000000FF000000FF000000FF000000FF000000FF000000FF000000FF000000FF000000FF000000FF000000FF000000FF000000FF000000FF000000FF000000FF000000FF000000FF000000FF000000FF000000FF000000FF000000FF000000FF000000FF000000FF000000FF000000FF000000FF000000FF000000FF000000FF000000FF000000FF000000FF000000FF000000FF000000FF000000FF000000FF000000FF000000FF000000FF000000FF000000FF000000FF000000FF000000FF000000FF000000FF000000FF000000FF000000FF000000FF000000FF000000FF000000FF000000FF000000FF000000FF000000FF000000FF000000FF000000FF000000FF000000FF000000FF000000FF000000FF000000FF000000FF000000FF000000FF000000FF000000FF000000FF000000FF000000FF000000FF000000FF000000FF000000FF000000FF000000FF000000FF000000FF000000FF000000FF000000FF000000FF000000FF000000FF000000FF000000FF000000FF000000FF000000FF000000FF000000FF000000FF000000FF000000FF000000FF000000FF000000FF000000FF000000FF000000FF000000FF000000FF000000FF000000FF000000FF000000FF000000FF000000FF000000FF000000FF000000FF000000FF000000FF000000FF000000FF000000FF000000FF000000FF000000FF000000FF000000FF000000FF000000FF000000FF000000FF000000FF000000FF000000FF000000FF000000FF000000FF000000FF000000FF000000FF000000FF000000FF000000FF000000FF000000FF000000FF000000FF000000FF000000FF000000FF000000FF000000FF000000FF000000FF000000FF000000FF000000FF000000FF000000FF000000FF000000FF000000FF000000FF000000FF000000FF000000FF000000FF000000FF000000FF000000FF000000FF000000FF000000FF000000FF000000FF000000FF000000FF000000FF000000FF000000FF000000FF000000FF000000FF000000FF000000FF000000FF000000FF000000FF000000FF000000FF000000FF000000FF000000FF000000FF000000FF000000FF000000FF000000FF000000FF000000FF000000FF000000FF000000FF000000FF000000FF000000FF000000FF000000FF000000FF000000FF000000FF000000FF000000FF000000FF000000FF000000FF000000FF000000FF000000FF000000FF000000FF000000FF000000FF000000FF000000FF000000FF000000FF000000FF000000FF000000FF000000FF000000FF000000FF000000FF000000FF000000FF000000FF000000FF000000FF000000FF000000FF000000FF000000FF000000FF000000FF000000FF000000FF000000FF000000FF000000FF000000FF000000FF000000FF000000FF000000FF000000FF000000FF000000FF000000FF000000FF000000FF000000FF000000FF000000FF000000FF000000FF000000FF000000FF000000FF000000FF000000FF000000FF000000FF000000FF000000FF000000FF000000FF000000FF000000FF000000FF000000FF000000FF000000FF000000FF000000FF000000FF000000FF000000FF000000FF000000FF000000FF000000FF000000FF000000FF000000FF000000FF000000FF000000FF000000FF000000FF000000FF000000FF000000FF000000FF000000FF000000FF000000FF000000FF000000FF000000FF000000FF000000FF000000FF000000FF000000FF000000FF000000FF000000FF000000FF000000FF000000FF000000FF000000FF000000FF000000FF000000FF000000FF000000FF000000FF000000FF000000FF000000FF000000FF000000FF000000FF000000FF000000FF000000FF000000FF000000FF000000FF000000FF000000FF000000FF000000FF000000FF000000FF000000FF000000FF000000FF000000FF000000FF000000FF000000FF000000FF000000FF000000FF000000FF000000FF000000FF000000FF000000FF000000FF000000FF000000FF000000FF000000FF000000FF000000FF000000FF000000FF000000FF000000FF000000FF000000FF000000FF000000FF000000FF000000FF000000FF000000FF000000FF000000FF000000FF000000FF000000FF000000FF000000FF000000FF000000FF000000FF000000FF000000FF000000FF000000FF000000FF000000FF000000FF000000FF000000FF000000FF000000FF000000FF000000FF000000FF000000FF000000FF000000FF000000FF000000FF000000FF000000FF000000FF000000FF000000FF000000FF000000FF000000FF000000FF000000FF000000FF000000FF000000FF000000FF000000FF000000FF000000FF000000FF000000FF000000FF000000FF000000FF000000FF000000FF000000FF000000FF000000FF000000FF000000FF000000FF000000FF000000FF000000FF000000FF000000FF000000FF000000FF000000FF000000FF000000FF000000FF000000FF000000FF000000FF000000FF000000FF000000FF000000FF000000FF000000FF000000FF000000FF000000FF000000FF000000FF000000FF000000FF000000FF000000FF000000FF000000FF000000FF000000FF000000FF000000FF000000FF000000FF000000FF000000FF000000FF000000FF000000FF000000FF000000FF000000FF000000FF000000FF000000FF000000FF000000FF000000FF000000FF000000FF000000FF000000FF000000FF000000FF000000FF000000FF000000FF000000FF000000FF000000FF000000FF000000FF000000FF000000FF000000FF000000FF000000FF000000FF000000FF000000FF000000FF000000FF000000FF000000FF000000FF000000FF000000FF000000FF000000FF000000FF000000FF000000FF000000FF000000FF000000FF000000FF000000FF000000FF000000FF000000FF000000FF000000FF000000FF000000FF000000FF000000FF000000FF000000FF000000FF000000FF000000FF000000FF000000FF000000FF000000FF000000FF000000FF000000FF000000FF000000FF000000FF000000FF000000FF000000FF000000FF000000FF000000FF000000FF000000FF000000FF000000FF000000FF000000FF000000FF000000FF000000FF000000FF000000FF000000FF000000FF000000FF000000FF000000FF000000FF000000FF000000FF000000FF000000FF000000FF000000FF000000FF000000FF000000FF000000FF000000FF000000FF000000FF000000FF000000FF000000FF000000FF000000FF000000FF000000FF000000FF000000FF000000FF000000FF000000FF000000FF000000FF000000FF000000FF000000FF000000FF000000FF000000FF000000FF000000FF000000FF000000FF000000FF000000FF000000FF000000FF000000FF000000FF000000FF000000FF000000FF000000FF000000FF000000FF000000FF000000FF000000FF000000FF000000FF000000FF000000FF000000FF000000FF000000FF000000FF000000FF000000FF000000FF000000FF000000FF000000FF000000FF000000FF000000FF000000FF000000FF000000FF000000FF000000FF000000FF000000FF000000FF000000FF000000FF000000FF000000FF000000FF000000FF000000FF000000FF000000FF000000FF000000FF000000FF000000FF000000FF000000FF000000FF000000FF000000FF000000FF000000FF000000FF000000FF000000FF000000FF000000FF000000FF000000FF000000FF000000FF000000FF000000FF000000FF000000FF000000FF000000FF000000FF000000FF000000FF000000FF000000FF000000FF000000FF000000FF000000FF000000FF000000FF000000FF000000FF000000FF000000FF000000FF000000FF000000FF000000FF000000FF000000FF000000FF000000FF000000FF000000FF000000FF000000FF000000FF000000FF000000FF000000FF000000FF000000FF000000FF000000FF000000FF000000FF000000FF000000FF000000FF000000FF000000FF000000FF000000FF000000FF000000FF000000FF000000FF000000FF000000FF000000FF000000FF000000FF000000FF000000FF000000FF000000FF000000FF000000FF000000FF000000FF000000FF000000FF000000FF000000FF000000FF000000FF000000FF000000FF000000FF000000FF000000FF000000FF000000FF000000FF000000FF000000FF000000FF000000FF000000FF000000FF000000FF000000FF000000FF000000FF000000FF000000FF000000FF000000FF000000FF000000FF000000FF000000FF000000FF000000FF000000FF000000FF000000FF000000FF000000FF000000FF000000FF000000FF000000FF000000FF000000FF000000FF000000FF000000FF000000FF000000FF000000FF000000FF000000FF000000FF000000FF000000FF000000FF000000FF000000FF000000FF000000FF000000FF000000FF000000FF000000FF000000FF000000FF000000FF000000FF000000FF000000FF000000FF000000FF000000FF000000FF000000FF000000FF000000FF000000FF000000FF000000FF000000FF000000FF000000FF000000FF000000FF000000FF000000FF000000FF000000FF000000FF000000FF000000FF000000FF000000FF000000FF000000FF000000FF000000FF000000FF000000FF000000FF000000FF000000FF000000FF000000FF000000FF000000FF000000FF000000FF000000FF000000FF000000FF000000FF000000FF000000FF000000FF000000FF000000FF000000FF000000FF000000FF000000FF000000FF000000FF000000FF000000FF000000FF000000FF000000FF000000FF000000FF000000FF000000FF000000FF000000FF000000FF000000FF000000FF000000FF000000FF000000FF000000FF000000FF000000FF000000FF000000FF000000FF000000FF000000FF000000FF000000FF000000FF000000FF000000FF000000FF000000FF000000FF000000FF000000FF000000FF000000FF000000FF000000FF000000FF000000FF000000FF000000FF000000FF000000FF000000FF000000FF000000FF000000FF000000FF000000FF000000FF000000FF000000FF000000FF000000FF000000FF000000FF000000FF000000FF000000FF000000FF000000FF000000FF000000FF000000FF000000FF000000FF000000FF000000FF000000FF000000FF000000FF000000FF000000FF000000FF000000FF000000FF000000FF000000FF000000FF000000FF000000FF000000FF000000FF000000FF000000FF000000FF000000FF000000FF000000FF000000FF000000FF000000FF000000FF000000FF000000FF000000FF000000FF000000FF000000FF000000FF000000FF000000FF000000FF000000FF000000FF000000FF000000FF000000FF000000FF000000FF000000FF000000FF000000FF000000FF000000FF000000FF000000FF000000FF000000FF000000FF000000FF000000FF000000FF000000FF000000FF000000FF000000FF000000FF000000FF000000FF000000FF000000FF000000FF000000FF000000FF000000FF000000FF000000FF000000FF000000FF000000FF000000FF000000FF000000FF000000FF000000FF000000FF000000FF000000FF000000FF000000FF000000FF000000FF000000FF000000FF000000FF000000FF000000FF000000FF000000FF000000FF000000FF000000FF000000FF000000FF000000FF000000FF000000FF000000FF000000FF000000FF000000FF000000FF000000FF000000FF000000FF000000FF000000FF000000FF000000FF000000FF000000FF000000FF000000FF000000FF000000FF000000FF000000FF000000FF000000FF000000FF000000FF000000FF000000FF000000FF000000FF000000FF000000FF000000FF000000FF000000FF000000FF000000FF000000FF000000FF000000FF000000FF000000FF000000FF000000FF000000FF000000FF000000FF000000FF000000FF000000FF000000FF000000FF000000FF000000FF000000FF000000FF000000FF000000FF000000FF000000FF000000FF000000FF000000FF000000FF000000FF000000FF000000FF000000FF000000FF000000FF000000FF000000FF000000FF000000FF000000FF000000FF000000FF000000FF000000FF000000FF000000FF000000FF000000FF000000FF000000FF000000FF000000FF000000FF000000FF000000FF000000FF000000FF000000FF000000FF000000FF000000FF000000FF000000FF000000FF000000FF000000FF000000FF000000FF000000FF000000FF000000FF000000FF000000FF000000FF000000FF000000FF000000FF000000FF000000FF000000FF000000FF000000FF000000FF000000FF000000FF000000FF000000FF000000FF000000FF000000FF000000FF000000FF000000FF000000FF000000FF000000FF000000FF000000FF000000FF000000FF000000FF000000FF000000FF000000FF000000FF000000FF000000FF000000FF000000FF000000FF000000FF000000FF000000FF000000FF000000FF000000FF000000FF000000FF000000FF000000FF000000FF000000FF000000FF000000FF000000FF000000FF000000FF000000FF000000FF000000FF000000FF000000FF000000FF000000FF000000FF000000FF000000FF000000FF000000FF000000FF000000FF000000FF000000FF000000FF000000FF000000FF000000FF000000FF000000FF000000FF000000FF000000FF000000FF000000FF000000FF000000FF000000FF000000FF000000FF000000FF000000FF000000FF000000FF000000FF000000FF000000FF000000FF000000FF000000FF000000FF000000FF000000FF000000FF000000FF000000FF000000FF000000FF000000FF000000FF000000FF000000FF000000FF000000FF000000FF000000FF000000FF000000FF000000FF000000FF000000FF000000FF000000FF000000FF000000FF000000FF000000FF000000FF000000FF000000FF000000FF000000FF000000FF000000FF000000FF000000FF000000FF000000FF000000FF000000FF000000FF000000FF000000FF000000FF000000FF000000FF000000FF000000FF000000FF000000FF000000FF000000FF000000FF000000FF000000FF000000FF000000FF000000FF000000FF000000FF000000FF000000FF000000FF000000FF000000FF000000FF000000FF000000FF000000FF000000FF000000FF000000FF000000FF000000FF000000FF000000FF000000FF000000FF000000FF000000FF000000FF000000FF000000FF000000FF000000FF000000FF000000FF000000FF000000FF000000FF000000FF000000FF000000FF000000FF000000FF000000FF000000FF000000FF000000FF000000FF000000FF000000FF000000FF000000FF000000FF000000FF000000FF000000FF000000FF000000FF000000FF000000FF000000FF000000FF000000FF000000FF000000FF000000FF000000FF000000FF000000FF000000FF000000FF000000FF000000FF000000FF000000FF000000FF000000FF000000FF000000FF000000FF000000FF000000FF000000FF000000FF000000FF000000FF000000FF000000FF000000FF000000FF000000FF000000FF000000FF000000FF000000FF000000FF000000FF000000FF000000FF000000FF000000FF000000FF000000FF000000FF000000FF000000FF000000FF000000FF000000FF000000FF000000FF000000FF000000FF000000FF000000FF000000FF000000FF000000FF000000FF000000FF000000FF000000FF000000FF000000FF000000FF000000FF000000FF000000FF000000FF000000FF000000FF000000FF000000FF000000FF000000FF000000FF000000FF000000FF000000FF000000FF000000FF000000FF000000FF000000FF000000FF000000FF000000FF000000FF000000FF000000FF000000FF000000FF000000FF000000FF000000FF000000FF000000FF000000FF000000FF000000FF000000FF000000FF000000FF000000FF000000FF000000FF000000FF000000FF000000FF000000FF000000FF000000FF000000FF000000FF000000FF000000FF000000FF000000FF000000FF000000FF000000FF000000FF000000FF000000FF000000FF000000FF000000FF000000FF000000FF000000FF000000FF000000FF000000FF000000FF000000FF000000FF000000FF000000FF000000FF000000FF000000FF000000FF000000FF000000FF000000FF000000FF000000FF000000FF000000FF000000FF000000FF000000FF000000FF000000FF000000FF000000FF000000FF000000FF000000FF000000FF000000FF000000FF000000FF000000FF000000FF000000FF000000FF000000FF000000FF000000FF000000FF000000FF000000FF000000FF000000FF000000FF000000FF000000FF000000FF000000FF000000FF000000FF000000FF000000FF000000FF000000FF000000FF000000FF000000FF000000FF000000FF000000FF000000FF000000FF000000FF000000FF000000FF000000FF000000FF000000FF000000FF000000FF000000FF000000FF000000FF000000FF000000FF000000FF000000FF000000FF000000FF000000FF000000FF000000FF000000FF000000FF000000FF000000FF000000FF000000FF000000FF000000FF000000FF000000FF000000FF000000FF000000FF000000FF000000FF000000FF000000FF000000FF000000FF000000FF000000FF000000FF000000FF000000FF000000FF000000FF000000FF000000FF000000FF000000FF000000FF000000FF000000FF000000FF000000FF000000FF000000FF000000FF000000FF000000FF000000FF000000FF000000FF000000FF000000FF000000FF000000FF000000FF000000FF000000FF000000FF000000FF000000FF000000FF000000FF000000FF000000FF000000FF000000FF000000FF000000FF000000FF000000FF000000FF000000FF000000FF000000FF000000FF000000FF000000FF000000FF000000FF000000FF000000FF000000FF000000FF000000FF000000FF000000FF000000FF000000FF000000FF000000FF000000FF000000FF000000FF000000FF000000FF000000FF000000FF000000FF000000FF000000FF000000FF000000FF000000FF000000FF000000FF000000FF000000FF000000FF000000FF000000FF000000FF000000FF000000FF000000FF000000FF000000FF000000FF000000FF000000FF000000FF000000FF000000FF000000FF000000FF000000FF000000FF000000FF000000FF000000FF000000FF000000FF000000FF000000FF000000FF000000FF000000FF000000FF000000FF000000FF000000FF000000FF000000FF000000FF000000FF000000FF000000FF000000FF000000FF000000FF000000FF000000FF000000FF000000FF000000FF000000FF000000FF000000FF000000FF000000FF000000FF000000FF000000FF000000FF000000FF000000FF000000FF000000FF000000FF000000FF000000FF000000FF000000FF000000FF000000FF000000FF000000FF000000FF000000FF000000FF000000FF000000FF000000FF000000FF000000FF000000FF000000FF000000FF000000FF000000FF000000FF000000FF000000FF000000FF000000FF000000FF000000FF000000FF000000FF000000FF000000FF000000FF000000FF000000FF000000FF000000FF000000FF000000FF000000FF000000FF000000FF000000FF000000FF000000FF000000FF000000FF000000FF000000FF000000FF000000FF000000FF000000FF000000FF000000FF000000FF000000FF000000FF000000FF000000FF000000FF000000FF000000FF000000FF000000FF000000FF000000FF000000FF000000FF000000FF000000FF000000FF000000FF000000FF000000FF000000FF000000FF000000FF000000FF000000FF000000FF000000FF000000FF000000FF000000FF000000FF000000FF000000FF000000FF000000FF000000FF000000FF000000FF000000FF000000FF000000FF000000FF000000FF000000FF000000FF000000FF000000FF000000FF000000FF000000FF000000FF000000FF000000FF000000FF000000FF000000FF000000FF000000FF000000FF000000FF000000FF000000FF000000FF000000FF000000FF000000FF000000FF000000FF000000FF000000FF000000FF000000FF000000FF000000FF000000FF000000FF000000FF000000FF000000FF000000FF000000FF000000FF000000FF000000FF000000FF000000FF000000FF000000FF000000FF000000FF000000FF000000FF000000FF000000FF000000FF000000FF000000FF000000FF000000FF000000FF000000FF000000FF000000FF000000FF000000FF000000FF000000FF000000FF000000FF000000FF000000FF000000FF000000FF000000FF000000FF000000FF000000FF000000FF000000FF000000FF000000FF000000FF000000FF000000FF000000FF000000FF000000FF000000FF000000FF000000FF000000FF000000FF000000FF000000FF000000FF000000FF000000FF000000FF000000FF000000FF000000FF000000FF000000FF000000FF000000FF000000FF000000FF000000FF000000FF000000FF000000FF000000FF000000FF000000FF000000FF000000FF000000FF000000FF000000FF000000FF000000FF000000FF000000FF000000FF000000FF000000FF000000FF000000FF000000FF000000FF000000FF000000FF000000FF000000FF000000FF000000FF000000FF000000FF000000FF000000FF000000FF000000FF000000FF000000FF000000FF000000FF000000FF000000FF000000FF000000FF000000FF000000FF000000FF000000FF000000FF000000FF000000FF000000FF000000FF000000FF000000FF000000FF000000FF000000FF000000FF000000FF000000FF000000FF000000FF000000FF000000FF000000FF000000FF000000FF000000FF000000FF000000FF000000FF000000FF000000FF000000FF000000FF000000FF000000FF000000FF000000FF000000FF000000FF000000FF000000FF000000FF000000FF000000FF000000FF000000FF000000FF000000FF000000FF000000FF000000FF000000FF000000FF000000FF000000FF000000FF000000FF000000FF000000FF000000FF000000FF000000FF000000FF000000FF000000FF000000FF000000FF000000FF000000FF000000FF000000FF000000FF000000FF000000FF000000FF000000FF000000FF000000FF000000FF000000FF000000FF000000FF000000FF000000FF000000FF000000FF000000FF000000FF000000FF000000FF000000FF000000FF000000FF000000FF000000FF000000FF000000FF000000FF000000FF000000FF000000FF000000FF000000FF000000FF000000FF000000FF000000FF000000FF000000FF000000FF000000FF000000FF000000FF000000FF000000FF000000FF000000FF000000FF000000FF000000FF000000FF000000FF000000FF000000FF000000FF000000FF000000FF000000FF000000FF000000FF000000FF000000FF000000FF000000FF000000FF000000FF000000FF000000FF000000FF000000FF000000FF000000FF000000FF000000FF000000FF000000FF000000FF000000FF000000FF000000FF000000FF000000FF000000FF000000FF000000FF000000FF000000FF000000FF000000FF000000FF000000FF000000FF000000FF000000FF000000FF000000FF000000FF000000FF000000FF000000FF000000FF000000FF000000FF000000FF000000FF000000FF000000FF000000FF000000FF000000FF000000FF000000FF000000FF000000FF000000FF000000FF000000FF000000FF000000FF000000FF000000FF000000FF000000FF000000FF000000FF000000FF000000FF000000FF000000FF000000FF000000FF000000FF000000FF000000FF000000FF000000FF000000FF000000FF000000FF000000FF000000FF000000FF000000FF000000FF000000FF000000FF000000FF000000FF000000FF000000FF000000FF000000FF000000FF000000FF000000FF000000FF000000FF000000FF000000FF000000FF000000FF000000FF000000FF000000FF000000FF000000FF000000FF000000FF000000FF000000FF000000FF000000FF000000FF000000FF000000FF000000FF000000FF000000FF000000FF000000FF000000FF000000FF000000FF000000FF000000FF000000FF000000FF000000FF000000FF000000FF000000FF000000FF000000FF000000FF000000FF000000FF000000FF000000FF000000FF000000FF000000FF000000FF000000FF000000FF000000FF000000FF000000FF000000FF000000FF000000FF000000FF000000FF000000FF000000FF000000FF000000FF000000FF000000FF000000FF000000FF000000FF000000FF000000FF000000FF000000FF000000FF000000FF000000FF000000FF000000FF000000FF000000FF000000FF000000FF000000FF000000FF000000FF000000FF000000FF000000FF000000FF000000FF000000FF000000FF000000FF000000FF000000FF000000FF000000FF000000FF000000FF000000FF000000FF000000FF000000FF000000FF000000FF000000FF000000FF000000FF000000FF000000FF000000FF000000FF000000FF000000FF000000FF000000FF000000FF000000FF000000FF000000FF000000FF000000FF000000FF000000FF000000FF000000FF000000FF000000FF000000FF000000FF000000FF000000FF000000FF000000FF000000FF000000FF000000FF000000FF000000FF000000FF000000FF000000FF000000FF000000FF000000FF000000FF000000FF000000FF000000FF000000FF000000FF000000FF000000FF000000FF000000FF000000FF000000FF000000FF000000FF000000FF000000FF000000FF000000FF000000FF000000FF000000FF000000FF000000FF000000FF000000FF000000FF000000FF000000FF000000FF000000FF000000FF000000FF000000FF000000FF000000FF000000FF000000FF000000FF000000FF000000FF000000FF000000FF000000FF000000FF000000FF000000FF000000FF000000FF000000FF000000FF000000FF000000FF000000FF000000FF000000FF000000FF000000FF000000FF000000FF000000FF000000FF000000FF000000FF000000FF000000FF000000FF000000FF000000FF000000FF000000FF000000FF000000FF000000FF000000FF000000FF000000FF000000FF000000FF000000FF000000FF000000FF000000FF000000FF000000FF000000FF000000FF000000FF000000FF000000FF000000FF000000FF000000FF000000FF000000FF000000FF000000FF000000FF000000FF000000FF000000FF000000FF000000FF000000FF000000FF000000FF000000FF000000FF000000FF000000FF000000FF000000FF000000FF000000FF000000FF000000FF000000FF000000FF000000FF000000FF000000FF000000FF000000FF000000FF000000FF000000FF000000FF000000FF000000FF000000FF000000FF000000FF000000FF000000FF000000FF000000FF000000FF000000FF000000FF000000FF000000FF000000FF000000FF000000FF000000FF000000FF000000FF000000FF000000FF000000FF000000FF000000FF000000FF000000FF000000FF000000FF000000FF000000FF000000FF000000FF000000FF000000FF000000FF000000FF000000FF000000FF000000FF000000FF000000FF000000FF000000FF000000FF000000FF000000FF000000FF000000FF000000FF000000FF000000FF000000FF000000FF000000FF000000FF000000FF000000FF000000FF000000FF000000FF000000FF000000FF000000FF000000FF000000FF000000FF000000FF000000FF000000FF000000FF000000FF000000FF000000FF000000FF000000FF000000FF000000FF000000FF000000FF000000FF000000FF000000FF000000FF000000FF000000FF000000FF000000FF000000FF000000FF000000FF000000FF000000FF000000FF000000FF000000FF000000FF000000FF000000FF000000FF000000FF000000FF000000FF000000FF000000FF000000FF000000FF000000FF000000FF000000FF000000FF000000FF000000FF000000FF000000FF000000FF000000FF000000FF000000FF000000FF000000FF000000FF000000FF000000FF000000FF000000FF000000FF000000FF000000FF000000FF000000FF000000FF000000FF000000FF000000FF000000FF000000FF000000FF000000FF000000FF000000FF000000FF000000FF000000FF000000FF000000FF000000FF000000FF000000FF000000FF000000FF000000FF000000FF000000FF000000FF000000FF000000FF000000FF000000FF000000FF000000FF000000FF000000FF000000FF000000FF000000FF000000FF000000FF000000FF000000FF000000FF000000FF000000FF000000FF000000FF000000FF000000FF000000FF000000FF000000FF000000FF000000FF000000FF000000FF000000FF000000FF000000FF000000FF000000FF000000FF000000FF000000FF000000FF000000FF000000FF000000FF000000FF000000FF000000FF000000FF000000FF000000FF000000FF000000FF000000FF000000FF000000FF000000FF000000FF000000FF000000FF000000FF000000FF000000FF000000FF000000FF000000FF000000FF000000FF000000FF000000FF000000FF000000FF000000FF000000FF000000FF000000FF000000FF000000FF000000FF000000FF000000FF000000FF000000FF000000FF000000FF000000FF000000FF000000FF000000FF000000FF000000FF000000FF000000FF000000FF000000FF000000FF000000FF000000FF000000FF000000FF000000FF000000FF000000FF000000FF000000FF000000FF000000FF000000FF000000FF000000FF000000FF000000FF000000FF000000FF000000FF000000FF000000FF000000FF000000FF000000FF000000FF000000FF000000FF000000FF000000FF000000FF000000FF000000FF000000FF000000FF000000FF000000FF000000FF000000FF000000FF000000FF000000FF000000FF000000FF000000FF000000FF000000FF000000FF000000FF000000FF000000FF000000FF000000FF000000FF000000FF000000FF000000FF000000FF000000FF000000FF000000FF000000FF000000FF000000FF000000FF000000FF000000FF000000FF000000FF000000FF000000FF000000FF000000FF000000FF000000FF000000FF000000FF000000FF000000FF000000FF000000FF000000FF000000FF000000FF000000FF000000FF000000FF000000FF000000FF000000FF000000FF000000FF000000FF000000FF000000FF000000FF000000FF000000FF000000FF000000FF000000FF000000FF000000FF000000FF000000FF000000FF000000FF000000FF000000FF000000FF000000FF000000FF000000FF000000FF000000FF000000FF000000FF000000FF000000FF000000FF000000FF000000FF000000FF000000FF000000FF000000FF000000FF000000FF000000FF000000FF000000FF000000FF000000FF000000FF000000FF000000FF000000FF000000FF000000FF000000FF000000FF000000FF000000FF000000FF000000FF000000FF000000FF000000FF000000FF000000FF000000FF000000FF000000FF000000FF000000FF000000FF000000FF000000FF000000FF000000FF000000FF000000FF000000FF000000FF000000FF000000FF000000FF000000FF000000FF000000FF000000FF000000FF000000FF000000FF000000FF000000FF000000FF000000FF000000FF000000FF000000FF000000FF000000FF000000FF000000FF000000FF000000FF000000FF000000FF000000FF000000FF000000FF000000FF000000FF000000FF000000FF000000FF000000FF000000FF000000FF000000FF000000FF000000FF000000FF000000FF000000FF000000FF000000FF000000FF000000FF000000FF000000FF000000FF000000FF000000FF000000FF000000FF000000FF000000FF000000FF000000FF000000FF000000FF000000FF000000FF000000FF000000FF000000FF000000FF000000FF000000FF000000FF000000FF000000FF000000FF000000FF000000FF000000FF000000FF000000FF000000FF000000FF000000FF000000FF000000FF000000FF000000FF000000FF000000FF000000FF000000FF000000FF000000FF000000FF000000FF000000FF000000FF000000FF000000FF000000FF000000FF000000FF000000FF000000FF000000FF000000FF000000FF000000FF000000FF000000FF000000FF000000FF000000FF000000FF000000FF000000FF000000FF000000FF000000FF000000FF000000FF000000FF000000FF000000FF000000FF000000FF000000FF000000FF000000FF000000FF000000FF000000FF000000FF000000FF000000FF000000FF000000FF000000FF000000FF000000FF000000FF000000FF000000FF000000FF000000FF000000FF000000FF000000FF000000FF000000FF000000FF000000FF000000FF000000FF000000FF000000FF000000FF000000FF000000FF000000FF000000FF000000FF000000FF000000FF000000FF000000FF000000FF000000FF000000FF000000FF000000FF000000FF000000FF000000FF000000FF000000FF000000FF000000FF000000FF000000FF000000FF000000FF000000FF000000FF000000FF000000FF000000FF000000FF000000FF000000FF000000FF000000FF000000FF000000FF000000FF000000FF000000FF000000FF000000FF000000FF000000FF000000FF000000FF000000FF000000FF000000FF000000FF000000FF000000FF000000FF000000FF000000FF000000FF000000FF000000FF000000FF000000FF000000FF000000FF000000FF000000FF000000FF000000FF000000FF000000FF000000FF000000FF000000FF000000FF000000FF000000FF000000FF000000FF000000FF000000FF000000FF000000FF000000FF000000FF000000FF000000FF000000FF000000FF000000FF000000FF000000FF000000FF000000FF000000FF000000FF000000FF000000FF000000FF000000FF000000FF000000FF000000FF000000FF000000FF000000FF000000FF000000FF000000FF000000FF000000FF000000FF000000FF000000FF000000FF000000FF000000FF000000FF000000FF000000FF000000FF000000FF000000FF000000FF000000FF000000FF000000FF000000FF000000FF000000FF000000FF000000FF000000FF000000FF000000FF000000FF000000FF000000FF000000FF000000FF000000FF000000FF000000FF000000FF000000FF000000FF000000FF000000FF000000FF000000FF000000FF000000FF000000FF000000FF000000FF000000FF000000FF000000FF000000FF000000FF000000FF000000FF000000FF000000FF000000FF000000FF000000FF000000FF000000FF000000FF000000FF000000FF000000FF000000FF000000FF000000FF000000FF000000FF000000FF000000FF000000FF000000FF000000FF000000FF000000FF000000FF000000FF000000FF000000FF000000FF000000FF000000FF000000FF000000FF000000FF000000FF000000FF000000FF000000FF000000FF000000FF000000FF000000FF000000FF000000FF000000FF000000FF000000FF000000FF000000FF000000FF000000FF000000FF000000FF000000FF000000FF000000FF000000FF000000FF000000FF000000FF000000FF000000FF000000FF000000FF000000FF000000FF000000FF000000FF000000FF000000FF000000FF000000FF000000FF000000FF000000FF000000FF000000FF000000FF000000FF000000FF000000FF000000FF000000FF000000FF000000FF000000FF000000FF000000FF000000FF000000FF000000FF000000FF000000FF000000FF000000FF000000FF000000FF000000FF000000FF000000FF000000FF000000FF000000FF000000FF000000FF000000FF000000FF000000FF000000FF000000FF000000FF000000FF000000FF000000FF000000FF000000FF000000FF000000FF000000FF000000FF000000FF000000FF000000FF000000FF000000FF000000FF000000FF000000FF000000FF000000FF000000FF000000FF000000FF000000FF000000FF000000FF000000FF000000FF000000FF000000FF000000FF000000FF000000FF000000FF000000FF000000FF000000FF000000FF000000FF000000FF000000FF000000FF000000FF000000FF000000FF000000FF000000FF000000FF000000FF000000FF000000FF000000FF000000FF000000FF000000FF000000FF000000FF000000FF000000FF000000FF000000FF000000FF000000FF000000FF000000FF000000FF000000FF000000FF000000FF000000FF000000FF000000FF000000FF000000FF000000FF000000FF000000FF000000FF000000FF000000FF000000FF000000FF000000FF000000FF000000FF000000FF000000FF000000FF000000FF000000FF000000FF000000FF000000FF000000FF000000FF000000FF000000FF000000FF000000FF000000FF000000FF000000FF000000FF000000FF000000FF000000FF000000FF000000FF000000FF000000FF000000FF000000FF000000FF000000FF000000FF000000FF000000FF000000FF000000FF000000FF000000FF000000FF000000FF000000FF000000FF000000FF000000FF000000FF000000FF000000FF000000FF000000FF000000FF000000FF000000FF000000FF000000FF000000FF000000FF000000FF000000FF000000FF000000FF000000FF000000FF000000FF000000FF000000FF000000FF000000FF000000FF000000FF000000FF000000FF000000FF000000FF000000FF000000FF000000FF000000FF000000FF000000FF000000FF000000FF000000FF000000FF000000FF000000FF000000FF000000FF000000FF000000FF000000FF000000FF000000FF000000FF000000FF000000FF000000FF000000FF000000FF000000FF000000FF000000FF000000FF000000FF000000FF000000FF000000FF000000FF000000FF000000FF000000FF000000FF000000FF000000FF000000FF000000FF000000FF000000FF000000FF000000FF000000FF000000FF000000FF000000FF000000FF000000FF000000FF000000FF000000FF000000FF000000FF000000FF000000FF000000FF000000FF000000FF000000FF000000FF000000FF000000FF000000FF000000FF000000FF000000FF000000FF000000FF000000FF000000FF000000FF000000FF000000FF000000FF000000FF000000FF000000FF000000FF000000FF000000FF000000FF000000FF000000FF000000FF000000FF000000FF000000FF000000FF000000FF000000FF000000FF000000FF000000FF000000FF000000FF000000FF000000FF000000FF000000FF000000FF000000FF000000FF000000FF000000FF000000FF000000FF000000FF000000FF000000FF000000FF000000FF000000FF000000FF000000FF000000FF000000FF000000FF000000FF000000FF000000FF000000FF000000FF000000FF000000FF000000FF000000FF000000FF000000FF000000FF000000FF000000FF000000FF000000FF000000FF000000FF000000FF000000FF000000FF000000FF000000FF000000FF000000FF000000FF000000FF000000FF000000FF000000FF000000FF000000FF000000FF000000FF000000FF000000FF000000FF000000FF000000FF000000FF000000FF000000FF000000FF000000FF000000FF000000FF000000FF000000FF000000FF000000FF000000FF000000FF000000FF000000FF000000FF000000FF000000FF000000FF000000FF000000FF000000FF000000FF000000FF000000FF000000FF000000FF000000FF000000FF000000FF000000FF000000FF000000FF000000FF000000FF000000FF000000FF000000FF000000FF000000FF000000FF000000FF000000FF000000FF000000FF000000FF000000FF000000FF000000FF000000FF000000FF000000FF000000FF000000FF000000FF000000FF000000FF000000FF000000FF000000FF000000FF000000FF000000FF000000FF000000FF000000FF000000FF000000FF000000FF000000FF000000FF000000FF000000FF000000FF000000FF000000FF000000FF000000FF000000FF000000FF000000FF000000FF000000FF000000FF000000FF000000FF000000FF000000FF000000FF000000FF000000FF000000FF000000FF000000FF000000FF000000FF000000FF000000FF000000FF000000FF000000FF000000FF000000FF000000FF000000FF000000FF000000FF000000FF000000FF000000FF000000FF000000FF000000FF000000FF000000FF000000FF000000FF000000FF000000FF000000FF000000FF000000FF000000FF000000FF000000FF000000FF000000FF000000FF000000FF000000FF000000FF000000FF000000FF000000FF000000FF000000FF000000FF000000FF000000FF000000FF000000FF000000FF000000FF000000FF000000FF000000FF000000FF000000FF000000FF000000FF000000FF000000FF000000FF000000FF000000FF000000FF000000FF000000FF000000FF000000FF000000FF000000FF000000FF000000FF000000FF000000FF000000FF000000FF000000FF000000FF000000FF000000FF000000FF000000FF000000FF000000FF000000FF000000FF000000FF000000FF000000FF000000FF000000FF000000FF000000FF000000FF000000FF000000FF000000FF000000FF000000FF000000FF000000FF000000FF000000FF000000FF000000FF000000FF000000FF000000FF000000FF000000FF000000FF000000FF000000FF000000FF000000FF000000FF000000FF000000FF000000FF000000FF000000FF000000FF000000FF000000FF000000FF000000FF000000FF000000FF000000FF000000FF000000FF000000FF000000FF000000FF000000FF000000FF000000FF000000FF000000FF000000FF000000FF000000FF000000FF000000FF000000FF000000FF000000FF000000FF000000FF000000FF000000FF000000FF000000FF000000FF000000FF000000FF000000FF000000FF000000FF000000FF000000FF000000FF000000FF000000FF000000FF000000FF000000FF000000FF000000FF000000FF000000FF000000FF000000FF000000FF000000FF000000FF000000FF000000FF000000FF000000FF000000FF000000FF000000FF000000FF000000FF000000FF000000FF000000FF000000FF000000FF000000FF000000FF000000FF000000FF000000FF000000FF000000FF000000FF000000FF000000FF000000FF000000FF000000FF000000FF000000FF000000FF000000FF000000FF000000FF000000FF000000FF000000FF000000FF000000FF000000FF000000FF000000FF000000FF000000FF000000FF000000FF000000FF000000FF000000FF000000FF000000FF000000FF000000FF000000FF000000FF000000FF000000FF000000FF000000FF000000FF000000FF000000FF000000FF000000FF000000FF000000FF000000FF000000FF000000FF000000FF000000FF000000FF000000FF000000FF000000FF000000FF000000FF000000FF000000FF000000FF000000FF000000FF000000FF000000FF000000FF000000FF000000FF000000FF000000FF000000FF000000FF000000FF000000FF000000FF000000FF000000FF000000FF000000FF000000FF000000FF000000FF000000FF000000FF000000FF000000FF000000FF000000FF000000FF000000FF000000FF000000FF000000FF000000FF000000FF000000FF000000FF000000FF000000FF000000FF000000FF000000FF000000FF000000FF000000FF000000FF000000FF000000FF000000FF000000FF000000FF000000FF000000FF000000FF000000FF000000FF000000FF000000FF000000FF000000FF000000FF000000FF000000FF000000FF000000FF000000FF000000FF000000FF000000FF000000FF000000FF000000FF000000FF000000FF000000FF000000FF000000FF000000FF000000FF000000FF000000FF000000FF000000FF000000FF000000FF000000FF000000FF000000FF000000FF000000FF000000FF000000FF000000FF000000FF000000FF000000FF000000FF000000FF000000FF000000FF000000FF000000FF000000FF000000FF000000FF000000FF000000FF000000FF000000FF000000FF000000FF000000FF000000FF000000FF000000FF000000FF000000FF000000FF000000FF000000FF000000FF000000FF000000FF000000FF000000FF000000FF000000FF000000FF000000FF000000FF000000FF000000FF000000FF000000FF000000FF000000FF000000FF000000FF000000FF000000FF000000FF000000FF000000FF000000FF000000FF000000FF000000FF000000FF000000FF000000FF000000FF000000FF000000FF000000FF000000FF000000FF000000FF000000FF000000FF000000FF000000FF000000FF000000FF000000FF000000FF000000FF000000FF000000FF000000FF000000FF000000FF000000FF000000FF000000FF000000FF000000FF000000FF000000FF000000FF000000FF000000FF000000FF000000FF000000FF000000FF000000FF000000FF000000FF000000FF000000FF000000FF000000FF000000FF000000FF000000FF000000FF000000FF000000FF000000FF000000FF000000FF000000FF000000FF000000FF000000FF000000FF000000FF000000FF000000FF000000FF000000FF000000FF000000FF000000FF000000FF000000FF000000FF000000FF000000FF000000FF000000FF000000FF000000FF000000FF000000FF000000FF000000FF000000FF000000FF000000FF000000FF000000FF000000FF000000FF000000FF000000FF000000FF000000FF000000FF000000FF000000FF000000FF000000FF000000FF000000FF000000FF000000FF000000FF000000FF000000FF000000FF000000FF000000FF000000FF000000FF000000FF000000FF000000FF000000FF000000FF000000FF000000FF000000FF000000FF000000FF000000FF000000FF000000FF000000FF000000FF000000FF000000FF000000FF000000FF000000FF000000FF000000FF000000FF000000FF000000FF000000FF000000FF000000FF000000FF000000FF000000FF000000FF000000FF000000FF000000FF000000FF000000FF000000FF000000FF000000FF000000FF000000FF000000FF000000FF000000FF000000FF000000FF000000FF000000FF000000FF000000FF000000FF000000FF000000FF000000FF000000FF000000FF000000FF000000FF000000FF000000FF000000FF000000FF000000FF000000FF000000FF000000FF000000FF000000FF000000FF000000FF000000FF000000FF000000FF000000FF000000FF000000FF000000FF000000FF000000FF000000FF000000FF000000FF000000FF000000FF000000FF000000FF000000FF000000FF000000FF000000FF000000FF000000FF000000FF000000FF000000FF000000FF000000FF000000FF000000FF000000FF000000FF000000FF000000FF000000FF000000FF000000FF000000FF000000FF000000FF000000FF000000FF000000FF000000FF000000FF000000FF000000FF000000FF000000FF000000FF000000FF000000FF000000FF000000FF000000FF000000FF000000FF000000FF000000FF000000FF000000FF000000FF000000FF000000FF000000FF000000FF000000FF000000FF000000FF000000FF000000FF000000FF000000FF000000FF000000FF000000FF000000FF000000FF000000FF000000FF000000FF000000FF000000FF000000FF000000FF000000FF000000FF000000FF000000FF000000FF000000FF000000FF000000FF000000FF000000FF000000FF000000FF000000FF000000FF000000FF000000FF000000FF000000FF000000FF000000FF000000FF000000FF000000FF000000FF000000FF000000FF000000FF000000FF000000FF000000FF000000FF000000FF000000FF000000FF000000FF000000FF000000FF000000FF000000FF000000FF000000FF000000FF000000FF000000FF000000FF000000FF000000FF000000FF000000FF000000FF000000FF000000FF000000FF000000FF000000FF000000FF000000FF000000FF000000FF000000FF000000FF000000FF000000FF000000FF000000FF000000FF000000FF000000FF000000FF000000FF000000FF000000FF000000FF000000FF000000FF000000FF000000FF000000FF000000FF000000FF000000FF000000FF000000FF000000FF000000FF000000FF000000FF000000FF000000FF000000FF000000FF000000FF000000FF000000FF000000FF000000FF000000FF000000FF000000FF000000FF000000FF000000FF000000FF000000FF000000FF000000FF000000FF000000FF000000FF000000FF000000FF000000FF000000FF000000FF000000FF000000FF000000FF000000FF000000FF000000FF000000FF000000FF000000FF000000FF000000FF000000FF000000FF000000FF000000FF000000FF000000FF000000FF000000FF000000FF000000FF000000FF000000FF000000FF000000FF000000FF000000FF000000FF000000FF000000FF000000FF000000FF000000FF000000FF000000FF000000FF000000FF000000FF000000FF000000FF000000FF000000FF000000FF000000FF000000FF000000FF000000FF000000FF000000FF000000FF000000FF000000FF000000FF000000FF000000FF000000FF000000FF000000FF000000FF000000FF000000FF000000FF000000FF000000FF000000FF000000FF000000FF000000FF000000FF000000FF000000FF000000FF000000FF000000FF000000FF000000FF000000FF000000FF000000FF000000FF000000FF000000FF000000FF000000FF000000FF000000FF000000FF000000FF000000FF000000FF000000FF000000FF000000FF000000FF000000FF000000FF000000FF000000FF000000FF000000FF000000FF000000FF000000FF000000FF000000FF000000FF000000FF000000FF000000FF000000FF000000FF000000FF000000FF000000FF000000FF000000FF000000FF000000FF000000FF000000FF000000FF000000FF000000FF000000FF000000FF000000FF000000FF000000FF000000FF000000FF000000FF000000FF000000FF000000FF000000FF000000FF000000FF000000FF000000FF000000FF000000FF000000FF000000FF000000FF000000FF000000FF000000FF000000FF000000FF000000FF000000FF000000FF000000FF000000FF000000FF000000FF000000FF000000FF000000FF000000FF000000FF000000FF000000FF000000FF000000FF000000FF000000FF000000FF000000FF000000FF000000FF000000FF000000FF000000FF000000FF000000FF000000FF000000FF000000FF000000FF000000FF000000FF000000FF000000FF000000FF000000FF000000FF000000FF000000FF000000FF000000FF000000FF000000FF000000FF000000FF000000FF000000FF000000FF000000FF000000FF000000FF000000FF000000FF000000FF000000FF000000FF000000FF000000FF000000FF000000FF000000FF000000FF000000FF000000FF000000FF000000FF000000FF000000FF000000FF000000FF000000FF000000FF000000FF000000FF000000FF000000FF000000FF000000FF000000FF000000FF000000FF000000FF000000FF000000FF000000FF000000FF000000FF000000FF000000FF000000FF000000FF000000FF000000FF000000FF000000FF000000FF000000FF000000FF000000FF000000FF000000FF000000FF000000FF000000FF000000FF000000FF000000FF000000FF000000FF000000FF000000FF000000FF000000FF000000FF000000FF000000FF000000FF000000FF000000FF000000FF000000FF000000FF000000FF000000FF000000FF000000FF000000FF000000FF000000FF000000FF000000FF000000FF000000FF000000FF000000FF000000FF000000FF000000FF000000FF000000FF000000FF000000FF000000FF000000FF000000FF000000FF000000FF000000FF000000FF000000FF000000FF000000FF000000FF000000FF000000FF000000FF000000FF000000FF000000FF000000FF000000FF000000FF000000FF000000FF000000FF000000FF000000FF000000FF000000FF000000FF000000FF000000FF000000FF000000FF000000FF000000FF000000FF000000FF000000FF000000FF000000FF000000FF000000FF000000FF000000FF000000FF000000FF000000FF000000FF000000FF000000FF000000FF000000FF000000FF000000FF000000FF000000FF000000FF000000FF000000FF000000FF000000FF000000FF000000FF000000FF000000FF000000FF000000FF000000FF000000FF000000FF000000FF000000FF000000FF000000FF000000FF000000FF000000FF000000FF000000FF000000FF000000FF000000FF000000FF000000FF000000FF000000FF000000FF000000FF000000FF000000FF000000FF000000FF000000FF000000FF000000FF000000FF000000FF000000FF000000FF000000FF000000FF000000FF000000FF000000FF000000FF000000FF000000FF000000FF000000FF000000FF000000FF000000FF000000FF000000FF000000FF000000FF000000FF000000FF000000FF000000FF000000FF000000FF000000FF000000FF000000FF000000FF000000FF000000FF000000FF000000FF000000FF000000FF000000FF000000FF000000FF000000FF000000FF000000FF000000FF000000FF000000FF000000FF000000FF000000FF000000FF000000FF000000FF000000FF000000FF000000FF000000FF000000FF000000FF000000FF000000FF000000FF000000FF000000FF000000FF000000FF000000FF000000FF000000FF000000FF000000FF000000FF000000FF000000FF000000FF000000FF000000FF000000FF000000FF000000FF000000FF000000FF000000FF000000FF000000FF000000FF000000FF000000FF000000FF000000FF000000FF000000FF000000FF000000FF000000FF000000FF000000FF000000FF000000FF000000FF000000FF000000FF000000FF000000FF000000FF000000FF000000FF000000FF000000FF000000FF000000FF000000FF000000FF000000FF000000FF000000FF000000FF000000FF000000FF000000FF000000FF000000FF000000FF000000FF000000FF000000FF000000FF000000FF000000FF000000FF000000FF000000FF000000FF000000FF000000FF000000FF000000FF000000FF000000FF000000FF000000FF000000FF000000FF000000FF000000FF000000FF000000FF000000FF000000FF000000FF000000FF000000FF000000FF000000FF000000FF000000FF000000FF000000FF000000FF000000FF000000FF000000FF000000FF000000FF000000FF000000FF000000FF000000FF000000FF000000FF000000FF000000FF000000FF000000FF000000FF000000FF000000FF000000FF000000FF000000FF000000FF000000FF000000FF000000FF000000FF000000FF000000FF000000FF000000FF000000FF000000FF000000FF000000FF000000FF000000FF000000FF000000FF000000FF000000FF000000FF000000FF000000FF000000FF000000FF000000FF000000FF000000FF000000FF000000FF000000FF000000FF000000FF000000FF000000FF000000FF000000FF000000FF000000FF000000FF000000FF000000FF000000FF000000FF000000FF000000FF000000FF000000FF000000FF000000FF000000FF000000FF000000FF000000FF000000FF000000FF000000FF000000FF000000FF000000FF000000FF000000FF000000FF000000FF000000FF000000FF000000FF000000FF000000FF000000FF000000FF000000FF000000FF000000FF000000FF000000FF000000FF000000FF000000FF000000FF000000FF000000FF000000FF000000FF000000FF000000FF000000FF000000FF000000FF000000FF000000FF000000FF000000FF000000FF000000FF000000FF000000FF000000FF000000FF000000FF000000FF000000FF000000FF000000FF000000FF000000FF000000FF000000FF000000FF000000FF000000FF000000FF000000FF000000FF000000FF000000FF000000FF000000FF000000FF000000FF000000FF000000FF000000FF000000FF000000FF000000FF000000FF000000FF000000FF000000FF000000FF000000FF000000FF000000FF000000FF000000FF000000FF000000FF000000FF000000FF000000FF000000FF000000FF000000FF000000FF000000FF000000FF000000FF000000FF000000FF000000FF000000FF000000FF000000FF000000FF000000FF000000FF000000FF000000FF000000FF000000FF000000FF000000FF000000FF000000FF000000FF000000FF000000FF000000FF000000FF000000FF000000FF000000FF000000FF000000FF000000FF000000FF000000FF000000FF000000FF000000FF000000FF000000FF000000FF000000FF000000FF000000FF000000FF000000FF000000FF000000FF000000FF000000FF000000FF000000FF000000FF000000FF000000FF000000FF000000FF000000FF000000FF000000FF000000FF000000FF000000FF000000FF000000FF000000FF000000FF000000FF000000FF000000FF000000FF000000FF000000FF000000FF000000FF000000FF000000FF000000FF000000FF000000FF000000FF000000FF000000FF000000FF000000FF000000FF000000FF000000FF000000FF000000FF000000FF000000FF000000FF000000FF000000FF000000FF000000FF000000FF000000FF000000FF000000FF000000FF000000FF000000FF000000FF000000FF000000FF000000FF000000FF000000FF000000FF000000FF000000FF000000FF000000FF000000FF000000FF000000FF000000FF000000FF000000FF000000FF000000FF000000FF000000FF000000FF000000FF000000FF000000FF000000FF000000FF000000FF000000FF000000FF000000FF000000FF000000FF000000FF000000FF000000FF000000FF000000FF000000FF000000FF000000FF000000FF000000FF000000FF000000FF000000FF000000FF000000FF000000FF000000FF000000FF000000FF000000FF000000FF000000FF000000FF000000FF000000FF000000FF000000FF000000FF000000FF000000FF000000FF000000FF000000FF000000FF000000FF000000FF000000FF000000FF000000FF000000FF000000FF000000FF000000FF000000FF000000FF000000FF000000FF000000FF000000FF000000FF000000FF000000FF000000FF000000FF000000FF000000FF000000FF000000FF000000FF000000FF000000FF000000FF000000FF000000FF000000FF000000FF000000FF000000FF000000FF000000FF000000FF000000FF000000FF000000FF000000FF000000FF000000FF000000FF000000FF000000FF000000FF000000FF000000FF000000FF000000FF000000FF000000FF000000FF000000FF000000FF000000FF000000FF000000FF000000FF000000FF000000FF000000FF000000FF000000FF000000FF000000FF000000FF000000FF000000FF000000FF000000FF000000FF000000FF000000FF000000FF000000FF000000FF000000FF000000FF000000FF000000FF000000FF000000FF000000FF000000FF000000FF000000FF000000FF000000FF000000FF000000FF000000FF000000FF000000FF000000FF000000FF000000FF000000FF000000FF000000FF000000FF000000FF000000FF000000FF000000FF000000FF000000FF000000FF000000FF000000FF000000FF000000FF000000FF000000FF000000FF000000FF000000FF000000FF000000FF000000FF000000FF000000FF000000FF000000FF000000FF000000FF000000FF000000FF000000FF000000FF000000FF000000FF000000FF000000FF000000FF000000FF000000FF000000FF000000FF000000FF000000FF000000FF000000FF000000FF000000FF000000FF000000FF000000FF000000FF000000FF000000FF000000FF000000FF000000FF000000FF000000FF000000FF000000FF000000FF000000FF000000FF000000FF000000FF000000FF000000FF000000FF000000FF000000FF000000FF000000FF000000FF000000FF000000FF000000FF000000FF000000FF000000FF000000FF000000FF000000FF000000FF000000FF000000FF000000FF000000FF000000FF000000FF000000FF000000FF000000FF000000FF000000FF000000FF000000FF000000FF000000FF000000FF000000FF000000FF000000FF000000FF000000FF000000FF000000FF000000FF000000FF000000FF000000FF000000FF000000FF000000FF000000FF000000FF000000FF000000FF000000FF000000FF000000FF000000FF000000FF000000FF000000FF000000FF000000FF000000FF000000FF000000FF000000FF000000FF000000FF000000FF000000FF000000FF000000FF000000FF000000FF000000FF000000FF000000FF000000FF000000FF000000FF000000FF000000FF000000FF000000FF000000FF000000FF000000FF000000FF000000FF000000FF000000FF000000FF000000FF000000FF000000FF000000FF000000FF000000FF000000FF000000FF000000FF000000FF000000FF000000FF000000FF000000FF000000FF000000FF000000FF000000FF000000FF000000FF000000FF000000FF000000FF000000FF000000FF000000FF000000FF000000FF000000FF000000FF000000FF000000FF000000FF000000FF000000FF000000FF000000FF000000FF000000FF000000FF000000FF000000FF000000FF000000FF000000FF000000FF000000FF000000FF000000FF000000FF000000FF000000FF000000FF000000FF000000FF000000FF000000FF000000FF000000FF000000FF000000FF000000FF000000FF000000FF000000FF000000FF000000FF000000FF000000FF000000FF000000FF000000FF000000FF000000FF000000FF000000FF000000FF000000FF000000FF000000FF000000FF000000FF000000FF000000FF000000FF000000FF000000FF000000FF000000FF000000FF000000FF000000FF000000FF000000FF000000FF000000FF000000FF000000FF000000FF000000FF000000FF000000FF000000FF000000FF000000FF000000FF000000FF000000FF000000FF000000FF000000FF000000FF000000FF000000FF000000FF000000FF000000FF000000FF000000FF000000FF000000FF000000FF000000FF000000FF000000FF000000FF000000FF000000FF000000FF000000FF000000FF000000FF000000FF000000FF000000FF000000FF000000FF000000FF000000FF000000FF000000FF000000FF000000FF000000FF000000FF000000FF000000FF000000FF000000FF000000FF000000FF000000FF000000FF000000FF000000FF000000FF000000FF000000FF000000FF000000FF000000FF000000FF000000FF000000FF000000FF000000FF000000FF000000FF000000FF000000FF000000FF000000FF000000FF000000FF000000FF000000FF000000FF000000FF000000FF000000FF000000FF000000FF000000FF000000FF000000FF000000FF000000FF000000FF000000FF000000FF000000FF000000FF000000FF000000FF000000FF000000FF000000FF000000FF000000FF000000FF000000FF000000FF000000FF000000FF000000FF000000FF000000FF000000FF000000FF000000FF000000FF000000FF000000FF000000FF000000FF000000FF000000FF000000FF000000FF000000FF000000FF000000FF000000FF000000FF000000FF000000FF000000FF000000FF000000FF000000FF000000FF000000FF000000FF000000FF000000FF000000FF000000FF000000FF000000FF000000FF000000FF000000FF000000FF000000FF000000FF000000FF000000FF000000FF000000FF000000FF000000FF000000FF000000FF000000FF000000FF000000FF000000FF000000FF000000FF000000FF000000FF000000FF000000FF000000FF000000FF000000FF000000FF000000FF000000FF000000FF000000FF000000FF000000FF000000FF000000FF000000FF000000FF000000FF000000FF000000FF000000FF000000FF000000FF000000FF000000FF000000FF000000FF000000FF000000FF000000FF000000FF000000FF000000FF000000FF000000FF000000FF000000FF000000FF000000FF000000FF000000FF000000FF000000FF000000FF000000FF000000FF000000FF000000FF000000FF000000FF000000FF000000FF000000FF000000FF000000FF000000FF000000FF000000FF000000FF000000FF000000FF000000FF000000FF000000FF000000FF000000FF000000FF000000FF000000FF000000FF000000FF000000FF000000FF000000FF000000FF000000FF000000FF000000FF000000FF000000FF000000FF000000FF000000FF000000FF000000FF000000FF000000FF000000FF000000FF000000FF000000FF000000FF000000FF000000FF000000FF000000FF000000FF000000FF000000FF000000FF000000FF000000FF000000FF000000FF000000FF000000FF000000FF000000FF000000FF000000FF000000FF000000FF000000FF000000FF000000FF000000FF000000FF000000FF000000FF000000FF000000FF000000FF000000FF000000FF000000FF000000FF000000FF000000FF000000FF000000FF000000FF000000FF000000FF000000FF000000FF000000FF000000FF000000FF000000FF000000FF000000FF000000FF000000FF000000FF000000FF000000FF000000FF000000FF000000FF000000FF000000FF000000FF000000FF000000FF000000FF000000FF000000FF000000FF000000FF000000FF000000FF000000FF000000FF000000FF000000FF000000FF000000FF000000FF000000FF000000FF000000FF000000FF000000FF000000FF000000FF000000FF000000FF000000FF000000FF000000FF000000FF000000FF000000FF000000FF000000FF000000FF000000FF000000FF000000FF000000FF000000FF000000FF000000FF000000FF000000FF000000FF000000FF000000FF000000FF000000FF000000FF000000FF000000FF000000FF000000FF000000FF000000FF000000FF000000FF000000FF000000FF000000FF000000FF000000FF000000FF000000FF000000FF000000FF000000FF000000FF000000FF000000FF000000FF000000FF000000FF000000FF000000FF000000FF000000FF000000FF000000FF000000FF000000FF000000FF000000FF000000FF000000FF000000FF000000FF000000FF000000FF000000FF000000FF000000FF000000FF000000FF000000FF000000FF000000FF000000FF000000FF000000FF000000FF000000FF000000FF000000FF000000FF000000FF000000FF000000FF000000FF000000FF000000FF000000FF000000FF000000FF000000FF000000FF000000FF000000FF000000FF000000FF000000FF000000FF000000FF000000FF000000FF000000FF000000FF000000FF000000FF000000FF000000FF000000FF000000FF000000FF000000FF000000FF000000FF000000FF000000FF000000FF000000FF000000FF000000FF000000FF000000FF000000FF000000FF000000FF000000FF000000FF000000FF000000FF000000FF000000FF000000FF000000FF000000FF000000FF000000FF000000FF000000FF000000FF000000FF000000FF000000FF000000FF000000FF000000FF000000FF000000FF000000FF000000FF000000FF000000FF000000FF000000FF000000FF000000FF000000FF000000FF000000FF000000FF000000FF000000FF000000FF000000FF000000FF000000FF000000FF000000FF000000FF000000FF000000FF000000FF000000FF000000FF000000FF000000FF000000FF000000FF000000FF000000FF000000FF000000FF000000FF000000FF000000FF000000FF000000FF000000FF000000FF000000FF000000FF000000FF000000FF000000FF000000FF000000FF000000FF000000FF000000FF000000FF000000FF000000FF000000FF000000FF000000FF000000FF000000FF000000FF000000FF000000FF000000FF000000FF000000FF000000FF000000FF000000FF000000FF000000FF000000FF000000FF000000FF000000FF000000FF000000FF000000FF000000FF000000FF000000FF000000FF000000FF000000FF000000FF000000FF000000FF000000FF000000FF000000FF000000FF000000FF000000FF000000FF000000FF000000FF000000FF000000FF000000FF000000FF000000FF000000FF000000FF000000FF000000FF000000FF000000FF000000FF000000FF000000FF000000FF000000FF000000FF000000FF000000FF000000FF000000FF000000FF000000FF000000FF000000FF000000FF000000FF000000FF000000FF000000FF000000FF000000FF000000FF000000FF000000FF000000FF000000FF000000FF000000FF000000FF000000FF000000FF000000FF000000FF000000FF000000FF000000FF000000FF000000FF000000FF000000FF000000FF000000FF000000FF000000FF000000FF000000FF000000FF000000FF000000FF000000FF000000FF000000FF000000FF000000FF000000FF000000FF000000FF000000FF000000FF000000FF000000FF000000FF000000FF000000FF000000FF000000FF000000FF000000FF000000FF000000FF000000FF000000FF000000FF000000FF000000FF000000FF000000FF000000FF000000FF000000FF000000FF000000FF000000FF000000FF000000FF000000FF000000FF000000FF000000FF000000FF000000FF000000FF000000FF000000FF000000FF000000FF000000FF000000FF000000FF000000FF000000FF000000FF000000FF000000FF000000FF000000FF000000FF000000FF000000FF000000FF000000FF000000FF000000FF000000FF000000FF000000FF000000FF000000FF000000FF000000FF000000FF000000FF000000FF000000FF000000FF000000FF000000FF000000FF000000FF000000FF000000FF000000FF000000FF000000FF000000FF000000FF000000FF000000FF000000FF000000FF000000FF000000FF000000FF000000FF000000FF000000FF000000FF000000FF000000FF000000FF000000FF000000FF000000FF000000FF000000FF000000FF000000FF000000FF000000FF000000FF000000FF000000FF000000FF000000FF000000FF000000FF000000FF000000FF000000FF000000FF000000FF000000FF000000FF000000FF000000FF000000FF000000FF000000FF000000FF000000FF000000FF000000FF000000FF000000FF000000FF000000FF000000FF000000FF000000FF000000FF000000FF000000FF000000FF000000FF000000FF000000FF000000FF000000FF000000FF000000FF000000FF000000FF000000FF000000FF000000FF000000FF000000FF000000FF000000FF000000FF000000FF000000FF000000FF000000FF000000FF000000FF000000FF000000FF000000FF000000FF000000FF000000FF000000FF000000FF000000FF000000FF000000FF000000FF000000FF000000FF000000FF000000FF000000FF000000FF000000FF000000FF000000FF000000FF000000FF000000FF000000FF000000FF000000FF000000FF000000FF000000FF000000FF000000FF000000FF000000FF000000FF000000FF000000FF000000FF000000FF000000FF000000FF000000FF000000FF000000FF000000FF000000FF000000FF000000FF000000FF000000FF000000FF000000FF000000FF000000FF000000FF000000FF000000FF000000FF000000FF000000FF000000FF000000FF000000FF000000FF000000FF000000FF000000FF000000FF000000FF000000FF000000FF000000FF000000FF000000FF000000FF000000FF000000FF000000FF000000FF000000FF000000FF000000FF000000FF000000FF000000FF000000FF000000FF000000FF000000FF000000FF000000FF000000FF000000FF000000FF000000FF000000FF000000FF000000FF000000FF000000FF000000FF000000FF000000FF000000FF000000FF000000FF000000FF000000FF000000FF000000FF000000FF000000FF000000FF000000FF000000FF000000FF000000FF000000FF000000FF000000FF000000FF000000FF000000FF000000FF000000FF000000FF000000FF000000FF000000FF000000FF000000FF000000FF000000FF000000FF000000FF000000FF000000FF000000FF000000FF000000FF000000FF000000FF000000FF000000FF000000FF000000FF000000FF000000FF000000FF000000FF000000FF000000FF000000FF000000FF000000FF000000FF000000FF000000FF000000FF000000FF000000FF000000FF000000FF000000FF000000FF000000FF000000FF000000FF000000FF000000FF000000FF000000FF000000FF000000FF000000FF000000FF000000FF000000FF000000FF000000FF000000FF000000FF000000FF000000FF000000FF000000FF000000FF000000FF000000FF000000FF000000FF000000FF000000FF000000FF000000FF000000FF000000FF000000FF000000FF000000FF000000FF000000FF000000FF000000FF000000FF000000FF000000FF000000FF000000FF000000FF000000FF000000FF000000FF000000FF000000FF000000FF000000FF000000FF000000FF000000FF000000FF000000FF000000FF000000FF000000FF000000FF000000FF000000FF000000FF000000FF000000FF000000FF000000FF000000FF000000FF000000FF000000FF000000FF000000FF000000FF000000FF000000FF000000FF000000FF000000FF000000FF000000FF000000FF000000FF000000FF000000FF000000FF000000FF000000FF000000FF000000FF000000FF000000FF000000FF000000FF000000FF000000FF000000FF000000FF000000FF000000FF000000FF000000FF000000FF000000FF000000FF000000FF000000FF000000FF000000FF000000FF000000FF000000FF000000FF000000FF000000FF000000FF000000FF000000FF000000FF000000FF000000FF000000FF000000FF000000FF000000FF000000FF000000FF000000FF000000FF000000FF000000FF000000FF000000FF000000FF000000FF000000FF000000FF000000FF000000FF000000FF000000FF000000FF000000FF000000FF000000FF000000FF000000FF000000FF000000FF000000FF000000FF000000FF000000FF000000FF000000FF000000FF000000FF000000FF000000FF000000FF000000FF000000FF000000FF000000FF000000FF000000FF000000FF000000FF000000FF000000FF000000FF000000FF000000FF000000FF000000FF000000FF000000FF000000FF000000FF000000FF000000FF000000FF000000FF000000FF000000FF000000FF000000FF000000FF000000FF000000FF000000FF000000FF000000FF000000FF000000FF000000FF000000FF000000FF000000FF000000FF000000FF000000FF000000FF000000FF000000FF000000FF000000FF000000FF000000FF000000FF000000FF000000FF000000FF000000FF000000FF000000FF000000FF000000FF000000FF000000FF000000FF000000FF000000FF000000FF000000FF000000FF000000FF000000FF000000FF000000FF000000FF000000FF000000FF000000FF000000FF000000FF000000FF000000FF000000FF000000FF000000FF000000FF000000FF000000FF000000FF000000FF000000FF000000FF000000FF000000FF000000FF000000FF000000FF000000FF000000FF000000FF000000FF000000FF000000FF000000FF000000FF000000FF000000FF000000FF000000FF000000FF000000FF000000FF000000FF000000FF000000FF000000FF000000FF000000FF000000FF000000FF000000FF000000FF000000FF000000FF000000FF000000FF000000FF000000FF000000FF000000FF000000FF000000FF000000FF000000FF000000FF000000FF000000FF000000FF000000FF000000FF000000FF000000FF000000FF000000FF000000FF000000FF000000FF000000FF000000FF000000FF000000FF000000FF000000FF000000FF000000FF000000FF000000FF000000FF000000FF000000FF000000FF000000FF000000FF000000FF000000FF000000FF000000FF000000FF000000FF000000FF000000FF000000FF000000FF000000FF000000FF000000FF000000FF000000FF000000FF000000FF000000FF000000FF000000FF000000FF000000FF000000FF000000FF000000FF000000FF000000FF000000FF000000FF000000FF000000FF000000FF000000FF000000FF000000FF000000FF000000FF000000FF000000FF000000FF000000FF000000FF000000FF000000FF000000FF000000FF000000FF000000FF000000FF000000FF000000FF000000FF000000FF000000FF000000FF000000FF000000FF000000FF000000FF000000FF000000FF000000FF000000FF000000FF000000FF000000FF000000FF000000FF000000FF000000FF000000FF000000FF000000FF000000FF000000FF000000FF000000FF000000FF000000FF000000FF000000FF000000FF000000FF000000FF000000FF000000FF000000FF000000FF000000FF000000FF000000FF000000FF000000FF000000FF000000FF000000FF000000FF000000FF000000FF000000FF000000FF000000FF000000FF000000FF000000FF000000FF000000FF000000FF000000FF000000FF000000FF000000FF000000FF000000FF000000FF000000FF000000FF000000FF000000FF000000FF000000FF000000FF000000FF000000FF000000FF000000FF000000FF000000FF000000FF000000FF000000FF000000FF000000FF000000FF000000FF000000FF000000FF000000FF000000FF000000FF000000FF000000FF000000FF000000FF000000FF000000FF000000FF000000FF000000FF000000FF000000FF000000FF000000FF000000FF000000FF000000FF000000FF000000FF000000FF000000FF000000FF000000FF000000FF000000FF000000FF000000FF000000FF000000FF000000FF000000FF000000FF000000FF000000FF000000FF000000FF000000FF000000FF000000FF000000FF000000FF000000FF000000FF000000FF000000FF000000FF000000FF000000FF000000FF000000FF000000FF000000FF000000FF000000FF000000FF000000FF000000FF000000FF000000FF000000FF000000FF000000FF000000FF000000FF000000FF000000FF000000FF000000FF000000FF000000FF000000FF000000FF000000FF000000FF000000FF000000FF000000FF000000FF000000FF000000FF000000FF000000FF000000FF000000FF000000FF000000FF000000FF000000FF000000FF000000FF000000FF000000FF000000FF000000FF000000FF000000FF000000FF000000FF000000FF000000FF000000FF000000FF000000FF000000FF000000FF000000FF000000FF000000FF000000FF000000FF000000FF000000FF000000FF000000FF000000FF000000FF000000FF000000FF000000FF000000FF000000FF000000FF000000FF000000FF000000FF000000FF000000FF000000FF000000FF000000FF000000FF000000FF000000FF000000FF000000FF000000FF000000FF000000FF000000FF000000FF000000FF000000FF000000FF000000FF000000FF000000FF000000FF000000FF000000FF000000FF000000FF000000FF000000FF000000FF000000FF000000FF000000FF000000FF000000FF000000FF000000FF000000FF000000FF000000FF000000FFA9F922FFA9F922FFA9F922FFA9F922FFA9F922FFA9F922FFA9F922FFA9F922FF000000FF000000FF000000FF000000FF000000FF000000FFA9F922FFA9F922FFA9F922FFA9F922FFA9F922FFA9F922FFA9F922FFA9F922FFA9F922FFA9F922FF000000FF000000FF000000FF000000FFA9F922FFA9F922FFA9F922FFA9F922FFA9F922FFA9F922FFA9F922FFA9F922FF000000FF000000FF000000FF000000FF000000FF000000FFA9F922FFA9F922FF000000FF000000FF000000FF000000FF000000FF000000FFA9F922FFA9F922FF000000FF000000FF000000FF000000FF000000FF000000FFA9F922FFA9F922FFA9F922FFA9F922FFA9F922FFA9F922FFA9F922FFA9F922FF000000FF000000FF000000FF000000FF000000FF000000FF000000FF000000FF000000FF000000FF000000FF000000FF000000FF000000FF000000FF000000FF000000FF000000FF000000FF000000FFA9F922FFA9F922FFA9F922FFA9F922FFA9F922FFA9F922FF000000FF000000FF000000FF000000FF000000FF000000FF000000FF000000FFA9F922FFA9F922FFA9F922FFA9F922FFA9F922FFA9F922FF000000FF000000FF000000FF000000FF000000FF000000FFA9F922FFA9F922FF000000FF000000FF000000FF000000FF000000FF000000FFA9F922FFA9F922FF000000FF000000FF000000FF000000FFA9F922FFA9F922FF000000FF000000FF000000FF000000FF000000FF000000FFA9F922FFA9F922FF000000FF000000FF000000FF000000FF000000FF000000FF000000FF000000FFA9F922FFA9F922FF000000FF000000FF000000FF000000FF000000FF000000FF000000FF000000FFA9F922FFA9F922FF000000FF000000FF000000FF000000FF000000FF000000FFA9F922FFA9F922FF000000FF000000FF000000FF000000FFA9F922FFA9F922FFA9F922FFA9F922FFA9F922FFA9F922FFA9F922FFA9F922FF000000FF000000FF000000FF000000FF000000FF000000FF000000FF000000FFA9F922FFA9F922FFA9F922FFA9F922FFA9F922FFA9F922FF000000FF000000FF000000FF000000FF000000FF000000FF000000FF000000FFA9F922FFA9F922FF000000FF000000FF000000FF000000FF000000FF000000FF000000FF000000FF000000FF000000FF000000FF000000FF000000FF000000FF000000FF000000FF000000FF000000FF000000FF000000FF000000FF000000FF000000FF000000FF000000FF000000FF000000FF000000FF000000FF000000FF000000FF000000FF000000FF000000FF000000FF000000FF000000FF000000FF000000FF000000FF000000FF000000FF000000FF000000FF000000FF000000FF000000FF000000FF000000FF000000FF000000FF000000FF000000FF000000FF000000FF000000FF000000FF000000FF000000FF000000FF000000FF000000FF000000FF000000FF000000FF000000FF000000FF000000FF000000FF000000FF000000FF000000FF000000FF000000FF000000FF000000FF000000FF000000FF000000FF000000FF000000FF000000FF000000FF000000FF000000FF000000FF000000FF000000FF000000FF000000FF000000FF000000FF000000FF000000FF000000FF000000FF000000FF000000FF000000FF000000FF000000FF000000FF000000FF000000FF000000FF000000FF000000FF000000FF000000FF000000FF000000FF000000FF000000FF000000FF000000FF000000FF000000FF000000FF000000FF000000FF000000FF000000FF000000FF000000FF000000FF000000FF000000FF000000FF000000FF000000FF000000FF000000FF000000FF000000FF000000FF000000FF000000FF000000FF000000FF000000FF000000FF000000FF000000FF000000FF000000FF000000FF000000FF000000FF000000FF000000FF000000FF000000FF000000FF000000FF000000FF000000FF000000FF000000FF000000FF000000FF000000FF000000FF000000FF000000FF000000FF000000FF000000FF000000FF000000FF000000FF000000FF000000FF000000FF000000FF000000FF000000FF000000FF000000FF000000FF000000FF000000FF000000FF000000FF000000FF000000FF000000FF000000FF000000FF000000FF000000FF000000FF000000FF000000FF000000FF000000FF000000FF000000FF000000FF000000FF000000FF000000FF000000FF000000FF000000FF000000FF000000FF000000FF000000FF000000FF000000FF000000FF000000FF000000FF000000FF000000FF000000FF000000FF000000FF000000FF000000FF000000FF000000FF000000FF000000FF000000FF000000FF000000FF000000FF000000FF000000FF000000FF000000FF000000FF000000FF000000FF000000FF000000FF000000FF000000FF000000FF000000FF000000FF000000FF000000FF000000FF000000FF000000FF000000FF000000FF000000FF000000FF000000FF000000FF000000FF000000FF000000FF000000FF000000FF000000FF000000FF000000FF000000FF000000FF000000FF000000FF000000FF000000FF000000FF000000FF000000FF000000FF000000FF000000FF000000FF000000FF000000FF000000FF000000FF000000FF000000FF000000FF000000FF000000FF000000FF000000FF000000FF000000FF000000FF000000FF000000FF000000FF000000FF000000FF000000FF000000FF000000FF000000FF000000FF000000FF000000FF000000FF000000FF000000FF000000FF000000FF000000FF000000FF000000FF000000FF000000FF000000FF000000FF000000FF000000FF000000FF000000FF000000FF000000FF000000FF000000FF000000FF000000FF000000FF000000FF000000FF000000FF000000FF000000FF000000FF000000FF000000FF000000FF000000FF000000FF000000FF000000FF000000FF000000FF000000FF000000FF000000FF000000FF000000FF000000FF000000FF000000FF000000FF000000FF000000FF000000FF000000FF000000FF000000FF000000FF000000FF000000FF000000FF000000FF000000FF000000FFA9F922FFA9F922FFA9F922FFA9F922FFA9F922FFA9F922FFA9F922FFA9F922FF000000FF000000FF000000FF000000FF000000FF000000FFA9F922FFA9F922FFA9F922FFA9F922FFA9F922FFA9F922FFA9F922FFA9F922FFA9F922FFA9F922FF000000FF000000FF000000FF000000FFA9F922FFA9F922FFA9F922FFA9F922FFA9F922FFA9F922FFA9F922FFA9F922FF000000FF000000FF000000FF000000FF000000FF000000FFA9F922FFA9F922FF000000FF000000FF000000FF000000FF000000FF000000FFA9F922FFA9F922FF000000FF000000FF000000FF000000FF000000FF000000FFA9F922FFA9F922FFA9F922FFA9F922FFA9F922FFA9F922FFA9F922FFA9F922FF000000FF000000FF000000FF000000FF000000FF000000FF000000FF000000FF000000FF000000FF000000FF000000FF000000FF000000FF000000FF000000FF000000FF000000FF000000FF000000FFA9F922FFA9F922FFA9F922FFA9F922FFA9F922FFA9F922FF000000FF000000FF000000FF000000FF000000FF000000FF000000FF000000FFA9F922FFA9F922FFA9F922FFA9F922FFA9F922FFA9F922FF000000FF000000FF000000FF000000FF000000FF000000FFA9F922FFA9F922FF000000FF000000FF000000FF000000FF000000FF000000FFA9F922FFA9F922FF000000FF000000FF000000FF000000FFA9F922FFA9F922FF000000FF000000FF000000FF000000FF000000FF000000FFA9F922FFA9F922FF000000FF000000FF000000FF000000FF000000FF000000FF000000FF000000FFA9F922FFA9F922FF000000FF000000FF000000FF000000FF000000FF000000FF000000FF000000FFA9F922FFA9F922FF000000FF000000FF000000FF000000FF000000FF000000FFA9F922FFA9F922FF000000FF000000FF000000FF000000FFA9F922FFA9F922FFA9F922FFA9F922FFA9F922FFA9F922FFA9F922FFA9F922FF000000FF000000FF000000FF000000FF000000FF000000FF000000FF000000FFA9F922FFA9F922FFA9F922FFA9F922FFA9F922FFA9F922FF000000FF000000FF000000FF000000FF000000FF000000FF000000FF000000FFA9F922FFA9F922FF000000FF000000FF000000FF000000FF000000FF000000FF000000FF000000FF000000FF000000FF000000FF000000FF000000FF000000FF000000FF000000FF000000FF000000FF000000FF000000FF000000FF000000FF000000FF000000FF000000FF000000FF000000FF000000FF000000FF000000FF000000FF000000FF000000FF000000FF000000FF000000FF000000FF000000FF000000FF000000FF000000FF000000FF000000FF000000FF000000FF000000FF000000FF000000FF000000FF000000FF000000FF000000FF000000FF000000FF000000FF000000FF000000FF000000FF000000FF000000FF000000FF000000FF000000FF000000FF000000FF000000FF000000FF000000FF000000FF000000FF000000FF000000FF000000FF000000FF000000FF000000FF000000FF000000FF000000FF000000FF000000FF000000FF000000FF000000FF000000FF000000FF000000FF000000FF000000FF000000FF000000FF000000FF000000FF000000FF000000FF000000FF000000FF000000FF000000FF000000FF000000FF000000FF000000FF000000FF000000FF000000FF000000FF000000FF000000FF000000FF000000FF000000FF000000FF000000FF000000FF000000FF000000FF000000FF000000FF000000FF000000FF000000FF000000FF000000FF000000FF000000FF000000FF000000FF000000FF000000FF000000FF000000FF000000FF000000FF000000FF000000FF000000FF000000FF000000FF000000FF000000FF000000FF000000FF000000FF000000FF000000FF000000FF000000FF000000FF000000FF000000FF000000FF000000FF000000FF000000FF000000FF000000FF000000FF000000FF000000FF000000FF000000FF000000FF000000FF000000FF000000FF000000FF000000FF000000FF000000FF000000FF000000FF000000FF000000FF000000FF000000FF000000FF000000FF000000FF000000FF000000FF000000FF000000FF000000FF000000FF000000FF000000FF000000FF000000FF000000FF000000FF000000FF000000FF000000FF000000FF000000FF000000FF000000FF000000FF000000FF000000FF000000FF000000FF000000FF000000FF000000FF000000FF000000FF000000FF000000FF000000FF000000FF000000FF000000FF000000FF000000FF000000FF000000FF000000FF000000FF000000FF000000FF000000FF000000FF000000FF000000FF000000FF000000FF000000FF000000FF000000FF000000FF000000FF000000FF000000FF000000FF000000FF000000FF000000FF000000FF000000FF000000FF000000FF000000FF000000FF000000FF000000FF000000FF000000FF000000FF000000FF000000FF000000FF000000FF000000FF000000FF000000FF000000FF000000FF000000FF000000FF000000FF000000FF000000FF000000FF000000FF000000FF000000FF000000FF000000FF000000FF000000FF000000FF000000FF000000FF000000FF000000FF000000FF000000FF000000FF000000FF000000FF000000FF000000FF000000FF000000FF000000FF000000FF000000FF000000FF000000FF000000FF000000FF000000FF000000FF000000FF000000FF000000FF000000FF000000FF000000FF000000FF000000FF000000FF000000FF000000FF000000FF000000FF000000FF000000FF000000FF000000FF000000FF000000FF000000FF000000FF000000FF000000FF000000FF000000FF000000FF000000FF000000FF000000FF000000FF000000FF000000FF000000FF000000FF000000FF000000FF000000FF000000FF000000FF000000FF000000FF000000FF000000FF000000FF000000FF000000FF000000FF000000FF000000FF000000FF000000FF000000FF000000FF000000FF000000FF000000FF000000FF000000FF000000FF000000FF000000FF000000FF000000FF000000FF000000FFA9F922FFA9F922FF000000FF000000FF000000FF000000FF000000FF000000FFA9F922FFA9F922FF000000FF000000FF000000FF000000FFA9F922FFA9F922FF000000FF000000FF000000FF000000FF000000FF000000FF000000FF000000FF000000FF000000FF000000FF000000FFA9F922FFA9F922FF000000FF000000FF000000FF000000FF000000FF000000FFA9F922FFA9F922FF000000FF000000FF000000FF000000FFA9F922FFA9F922FF000000FF000000FF000000FF000000FF000000FF000000FFA9F922FFA9F922FF000000FF000000FF000000FF000000FFA9F922FFA9F922FF000000FF000000FF000000FF000000FF000000FF000000FF000000FF000000FF000000FF000000FF000000FF000000FF000000FF000000FF000000FF000000FF000000FF000000FF000000FF000000FF000000FF000000FF000000FF000000FF000000FF000000FFA9F922FFA9F922FF000000FF000000FF000000FF000000FF000000FF000000FFA9F922FFA9F922FF000000FF000000FF000000FF000000FFA9F922FFA9F922FF000000FF000000FF000000FF000000FF000000FF000000FFA9F922FFA9F922FF000000FF000000FF000000FF000000FFA9F922FFA9F922FFA9F922FFA9F922FF000000FF000000FFA9F922FFA9F922FFA9F922FFA9F922FF000000FF000000FF000000FF000000FFA9F922FFA9F922FFA9F922FFA9F922FF000000FF000000FFA9F922FFA9F922FFA9F922FFA9F922FF000000FF000000FF000000FF000000FF000000FF000000FFA9F922FFA9F922FF000000FF000000FFA9F922FFA9F922FF000000FF000000FF000000FF000000FF000000FF000000FFA9F922FFA9F922FF000000FF000000FF000000FF000000FF000000FF000000FFA9F922FFA9F922FF000000FF000000FF000000FF000000FFA9F922FFA9F922FF000000FF000000FF000000FF000000FF000000FF000000FFA9F922FFA9F922FF000000FF000000FF000000FF000000FFA9F922FFA9F922FF000000FF000000FF000000FF000000FF000000FF000000FFA9F922FFA9F922FF000000FF000000FF000000FF000000FF000000FF000000FF000000FF000000FFA9F922FFA9F922FF000000FF000000FF000000FF000000FF000000FF000000FF000000FF000000FFA9F922FFA9F922FF000000FF000000FFA9F922FFA9F922FF000000FF000000FFA9F922FFA9F922FF000000FF000000FF000000FF000000FF000000FF000000FF000000FF000000FF000000FF000000FF000000FF000000FF000000FF000000FF000000FF000000FF000000FF000000FF000000FF000000FF000000FF000000FF000000FF000000FF000000FF000000FF000000FF000000FF000000FF000000FF000000FF000000FF000000FF000000FF000000FF000000FF000000FF000000FF000000FF000000FF000000FF000000FF000000FF000000FF000000FF000000FF000000FF000000FF000000FF000000FF000000FF000000FF000000FF000000FF000000FF000000FF000000FF000000FF000000FF000000FF000000FF000000FF000000FF000000FF000000FF000000FF000000FF000000FF000000FF000000FF000000FF000000FF000000FF000000FF000000FF000000FF000000FF000000FF000000FF000000FF000000FF000000FF000000FF000000FF000000FF000000FF000000FF000000FF000000FF000000FF000000FF000000FF000000FF000000FF000000FF000000FF000000FF000000FF000000FF000000FF000000FF000000FF000000FF000000FF000000FF000000FF000000FF000000FF000000FF000000FF000000FF000000FF000000FF000000FF000000FF000000FF000000FF000000FF000000FF000000FF000000FF000000FF000000FF000000FF000000FF000000FF000000FF000000FF000000FF000000FF000000FF000000FF000000FF000000FF000000FF000000FF000000FF000000FF000000FF000000FF000000FF000000FF000000FF000000FF000000FF000000FF000000FF000000FF000000FF000000FF000000FF000000FF000000FF000000FF000000FF000000FF000000FF000000FF000000FF000000FF000000FF000000FF000000FF000000FF000000FF000000FF000000FF000000FF000000FF000000FF000000FF000000FF000000FF000000FF000000FF000000FF000000FF000000FF000000FF000000FF000000FF000000FF000000FF000000FF000000FF000000FF000000FF000000FF000000FF000000FF000000FF000000FF000000FF000000FF000000FF000000FF000000FF000000FF000000FF000000FF000000FF000000FF000000FF000000FF000000FF000000FF000000FF000000FF000000FF000000FF000000FF000000FF000000FF000000FF000000FF000000FF000000FF000000FF000000FF000000FF000000FF000000FF000000FF000000FF000000FF000000FF000000FF000000FF000000FF000000FF000000FF000000FF000000FF000000FF000000FF000000FF000000FF000000FF000000FF000000FF000000FF000000FF000000FF000000FF000000FF000000FF000000FF000000FF000000FF000000FF000000FF000000FF000000FF000000FF000000FF000000FF000000FF000000FF000000FF000000FF000000FF000000FF000000FF000000FF000000FF000000FF000000FF000000FF000000FF000000FF000000FF000000FF000000FF000000FF000000FF000000FF000000FF000000FF000000FF000000FF000000FF000000FF000000FF000000FF000000FF000000FF000000FF000000FF000000FF000000FF000000FF000000FF000000FF000000FF000000FF000000FF000000FF000000FF000000FF000000FF000000FF000000FF000000FF000000FF000000FF000000FF000000FF000000FF000000FF000000FF000000FF000000FF000000FF000000FF000000FF000000FF000000FF000000FF000000FF000000FF000000FF000000FF000000FF000000FF000000FF000000FF000000FF000000FF000000FF000000FF000000FF000000FF000000FF000000FF000000FF000000FF000000FF000000FF000000FF000000FFA9F922FFA9F922FF000000FF000000FF000000FF000000FF000000FF000000FFA9F922FFA9F922FF000000FF000000FF000000FF000000FFA9F922FFA9F922FF000000FF000000FF000000FF000000FF000000FF000000FF000000FF000000FF000000FF000000FF000000FF000000FFA9F922FFA9F922FF000000FF000000FF000000FF000000FF000000FF000000FFA9F922FFA9F922FF000000FF000000FF000000FF000000FFA9F922FFA9F922FF000000FF000000FF000000FF000000FF000000FF000000FFA9F922FFA9F922FF000000FF000000FF000000FF000000FFA9F922FFA9F922FF000000FF000000FF000000FF000000FF000000FF000000FF000000FF000000FF000000FF000000FF000000FF000000FF000000FF000000FF000000FF000000FF000000FF000000FF000000FF000000FF000000FF000000FF000000FF000000FF000000FF000000FFA9F922FFA9F922FF000000FF000000FF000000FF000000FF000000FF000000FFA9F922FFA9F922FF000000FF000000FF000000FF000000FFA9F922FFA9F922FF000000FF000000FF000000FF000000FF000000FF000000FFA9F922FFA9F922FF000000FF000000FF000000FF000000FFA9F922FFA9F922FFA9F922FFA9F922FF000000FF000000FFA9F922FFA9F922FFA9F922FFA9F922FF000000FF000000FF000000FF000000FFA9F922FFA9F922FFA9F922FFA9F922FF000000FF000000FFA9F922FFA9F922FFA9F922FFA9F922FF000000FF000000FF000000FF000000FF000000FF000000FFA9F922FFA9F922FF000000FF000000FFA9F922FFA9F922FF000000FF000000FF000000FF000000FF000000FF000000FFA9F922FFA9F922FF000000FF000000FF000000FF000000FF000000FF000000FFA9F922FFA9F922FF000000FF000000FF000000FF000000FFA9F922FFA9F922FF000000FF000000FF000000FF000000FF000000FF000000FFA9F922FFA9F922FF000000FF000000FF000000FF000000FFA9F922FFA9F922FF000000FF000000FF000000FF000000FF000000FF000000FFA9F922FFA9F922FF000000FF000000FF000000FF000000FF000000FF000000FF000000FF000000FFA9F922FFA9F922FF000000FF000000FF000000FF000000FF000000FF000000FF000000FF000000FFA9F922FFA9F922FF000000FF000000FFA9F922FFA9F922FF000000FF000000FFA9F922FFA9F922FF000000FF000000FF000000FF000000FF000000FF000000FF000000FF000000FF000000FF000000FF000000FF000000FF000000FF000000FF000000FF000000FF000000FF000000FF000000FF000000FF000000FF000000FF000000FF000000FF000000FF000000FF000000FF000000FF000000FF000000FF000000FF000000FF000000FF000000FF000000FF000000FF000000FF000000FF000000FF000000FF000000FF000000FF000000FF000000FF000000FF000000FF000000FF000000FF000000FF000000FF000000FF000000FF000000FF000000FF000000FF000000FF000000FF000000FF000000FF000000FF000000FF000000FF000000FF000000FF000000FF000000FF000000FF000000FF000000FF000000FF000000FF000000FF000000FF000000FF000000FF000000FF000000FF000000FF000000FF000000FF000000FF000000FF000000FF000000FF000000FF000000FF000000FF000000FF000000FF000000FF000000FF000000FF000000FF000000FF000000FF000000FF000000FF000000FF000000FF000000FF000000FF000000FF000000FF000000FF000000FF000000FF000000FF000000FF000000FF000000FF000000FF000000FF000000FF000000FF000000FF000000FF000000FF000000FF000000FF000000FF000000FF000000FF000000FF000000FF000000FF000000FF000000FF000000FF000000FF000000FF000000FF000000FF000000FF000000FF000000FF000000FF000000FF000000FF000000FF000000FF000000FF000000FF000000FF000000FF000000FF000000FF000000FF000000FF000000FF000000FF000000FF000000FF000000FF000000FF000000FF000000FF000000FF000000FF000000FF000000FF000000FF000000FF000000FF000000FF000000FF000000FF000000FF000000FF000000FF000000FF000000FF000000FF000000FF000000FF000000FF000000FF000000FF000000FF000000FF000000FF000000FF000000FF000000FF000000FF000000FF000000FF000000FF000000FF000000FF000000FF000000FF000000FF000000FF000000FF000000FF000000FF000000FF000000FF000000FF000000FF000000FF000000FF000000FF000000FF000000FF000000FF000000FF000000FF000000FF000000FF000000FF000000FF000000FF000000FF000000FF000000FF000000FF000000FF000000FF000000FF000000FF000000FF000000FF000000FF000000FF000000FF000000FF000000FF000000FF000000FF000000FF000000FF000000FF000000FF000000FF000000FF000000FF000000FF000000FF000000FF000000FF000000FF000000FF000000FF000000FF000000FF000000FF000000FF000000FF000000FF000000FF000000FF000000FF000000FF000000FF000000FF000000FF000000FF000000FF000000FF000000FF000000FF000000FF000000FF000000FF000000FF000000FF000000FF000000FF000000FF000000FF000000FF000000FF000000FF000000FF000000FF000000FF000000FF000000FF000000FF000000FF000000FF000000FF000000FF000000FF000000FF000000FF000000FF000000FF000000FF000000FF000000FF000000FF000000FF000000FF000000FF000000FF000000FF000000FF000000FF000000FF000000FF000000FF000000FF000000FF000000FF000000FF000000FF000000FF000000FF000000FF000000FF000000FF000000FF000000FF000000FF000000FF000000FF000000FF000000FF000000FF000000FF000000FF000000FF000000FF000000FF000000FF000000FF000000FF000000FF000000FF000000FF000000FF000000FF000000FF000000FF000000FF000000FF000000FF000000FFA9F922FFA9F922FF000000FF000000FF000000FF000000FF000000FF000000FFA9F922FFA9F922FF000000FF000000FF000000FF000000FFA9F922FFA9F922FF000000FF000000FF000000FF000000FF000000FF000000FF000000FF000000FF000000FF000000FF000000FF000000FFA9F922FFA9F922FF000000FF000000FF000000FF000000FF000000FF000000FFA9F922FFA9F922FF000000FF000000FF000000FF000000FFA9F922FFA9F922FF000000FF000000FF000000FF000000FF000000FF000000FFA9F922FFA9F922FF000000FF000000FF000000FF000000FFA9F922FFA9F922FF000000FF000000FF000000FF000000FF000000FF000000FF000000FF000000FF000000FF000000FF000000FF000000FF000000FF000000FF000000FF000000FF000000FF000000FF000000FF000000FF000000FF000000FF000000FF000000FF000000FF000000FFA9F922FFA9F922FF000000FF000000FF000000FF000000FF000000FF000000FF000000FF000000FF000000FF000000FF000000FF000000FFA9F922FFA9F922FF000000FF000000FF000000FF000000FF000000FF000000FFA9F922FFA9F922FF000000FF000000FF000000FF000000FFA9F922FFA9F922FF000000FF000000FFA9F922FFA9F922FF000000FF000000FFA9F922FFA9F922FF000000FF000000FF000000FF000000FFA9F922FFA9F922FF000000FF000000FFA9F922FFA9F922FF000000FF000000FFA9F922FFA9F922FF000000FF000000FF000000FF000000FFA9F922FFA9F922FF000000FF000000FF000000FF000000FF000000FF000000FFA9F922FFA9F922FF000000FF000000FF000000FF000000FFA9F922FFA9F922FFA9F922FFA9F922FF000000FF000000FF000000FF000000FFA9F922FFA9F922FF000000FF000000FF000000FF000000FFA9F922FFA9F922FF000000FF000000FF000000FF000000FF000000FF000000FFA9F922FFA9F922FF000000FF000000FF000000FF000000FFA9F922FFA9F922FF000000FF000000FF000000FF000000FF000000FF000000FF000000FF000000FF000000FF000000FF000000FF000000FF000000FF000000FF000000FF000000FF000000FF000000FFA9F922FFA9F922FF000000FF000000FF000000FF000000FF000000FF000000FF000000FF000000FFA9F922FFA9F922FF000000FF000000FFA9F922FFA9F922FF000000FF000000FF000000FF000000FF000000FF000000FF000000FF000000FF000000FF000000FF000000FF000000FF000000FF000000FF000000FF000000FF000000FF000000FF000000FF000000FF000000FF000000FF000000FF000000FF000000FF000000FF000000FF000000FF000000FF000000FF000000FF000000FF000000FF000000FF000000FF000000FF000000FF000000FF000000FF000000FF000000FF000000FF000000FF000000FF000000FF000000FF000000FF000000FF000000FF000000FF000000FF000000FF000000FF000000FF000000FF000000FF000000FF000000FF000000FF000000FF000000FF000000FF000000FF000000FF000000FF000000FF000000FF000000FF000000FF000000FF000000FF000000FF000000FF000000FF000000FF000000FF000000FF000000FF000000FF000000FF000000FF000000FF000000FF000000FF000000FF000000FF000000FF000000FF000000FF000000FF000000FF000000FF000000FF000000FF000000FF000000FF000000FF000000FF000000FF000000FF000000FF000000FF000000FF000000FF000000FF000000FF000000FF000000FF000000FF000000FF000000FF000000FF000000FF000000FF000000FF000000FF000000FF000000FF000000FF000000FF000000FF000000FF000000FF000000FF000000FF000000FF000000FF000000FF000000FF000000FF000000FF000000FF000000FF000000FF000000FF000000FF000000FF000000FF000000FF000000FF000000FF000000FF000000FF000000FF000000FF000000FF000000FF000000FF000000FF000000FF000000FF000000FF000000FF000000FF000000FF000000FF000000FF000000FF000000FF000000FF000000FF000000FF000000FF000000FF000000FF000000FF000000FF000000FF000000FF000000FF000000FF000000FF000000FF000000FF000000FF000000FF000000FF000000FF000000FF000000FF000000FF000000FF000000FF000000FF000000FF000000FF000000FF000000FF000000FF000000FF000000FF000000FF000000FF000000FF000000FF000000FF000000FF000000FF000000FF000000FF000000FF000000FF000000FF000000FF000000FF000000FF000000FF000000FF000000FF000000FF000000FF000000FF000000FF000000FF000000FF000000FF000000FF000000FF000000FF000000FF000000FF000000FF000000FF000000FF000000FF000000FF000000FF000000FF000000FF000000FF000000FF000000FF000000FF000000FF000000FF000000FF000000FF000000FF000000FF000000FF000000FF000000FF000000FF000000FF000000FF000000FF000000FF000000FF000000FF000000FF000000FF000000FF000000FF000000FF000000FF000000FF000000FF000000FF000000FF000000FF000000FF000000FF000000FF000000FF000000FF000000FF000000FF000000FF000000FF000000FF000000FF000000FF000000FF000000FF000000FF000000FF000000FF000000FF000000FF000000FF000000FF000000FF000000FF000000FF000000FF000000FF000000FF000000FF000000FF000000FF000000FF000000FF000000FF000000FF000000FF000000FF000000FF000000FF000000FF000000FF000000FF000000FF000000FF000000FF000000FF000000FF000000FF000000FF000000FF000000FF000000FF000000FF000000FF000000FF000000FF000000FF000000FF000000FF000000FF000000FF000000FF000000FF000000FF000000FF000000FF000000FF000000FF000000FF000000FF000000FF000000FF000000FF000000FF000000FF000000FF000000FF000000FF000000FF000000FF000000FF000000FF000000FFA9F922FFA9F922FF000000FF000000FF000000FF000000FF000000FF000000FFA9F922FFA9F922FF000000FF000000FF000000FF000000FFA9F922FFA9F922FF000000FF000000FF000000FF000000FF000000FF000000FF000000FF000000FF000000FF000000FF000000FF000000FFA9F922FFA9F922FF000000FF000000FF000000FF000000FF000000FF000000FFA9F922FFA9F922FF000000FF000000FF000000FF000000FFA9F922FFA9F922FF000000FF000000FF000000FF000000FF000000FF000000FFA9F922FFA9F922FF000000FF000000FF000000FF000000FFA9F922FFA9F922FF000000FF000000FF000000FF000000FF000000FF000000FF000000FF000000FF000000FF000000FF000000FF000000FF000000FF000000FF000000FF000000FF000000FF000000FF000000FF000000FF000000FF000000FF000000FF000000FF000000FF000000FFA9F922FFA9F922FF000000FF000000FF000000FF000000FF000000FF000000FF000000FF000000FF000000FF000000FF000000FF000000FFA9F922FFA9F922FF000000FF000000FF000000FF000000FF000000FF000000FFA9F922FFA9F922FF000000FF000000FF000000FF000000FFA9F922FFA9F922FF000000FF000000FFA9F922FFA9F922FF000000FF000000FFA9F922FFA9F922FF000000FF000000FF000000FF000000FFA9F922FFA9F922FF000000FF000000FFA9F922FFA9F922FF000000FF000000FFA9F922FFA9F922FF000000FF000000FF000000FF000000FFA9F922FFA9F922FF000000FF000000FF000000FF000000FF000000FF000000FFA9F922FFA9F922FF000000FF000000FF000000FF000000FFA9F922FFA9F922FFA9F922FFA9F922FF000000FF000000FF000000FF000000FFA9F922FFA9F922FF000000FF000000FF000000FF000000FFA9F922FFA9F922FF000000FF000000FF000000FF000000FF000000FF000000FFA9F922FFA9F922FF000000FF000000FF000000FF000000FFA9F922FFA9F922FF000000FF000000FF000000FF000000FF000000FF000000FF000000FF000000FF000000FF000000FF000000FF000000FF000000FF000000FF000000FF000000FF000000FF000000FFA9F922FFA9F922FF000000FF000000FF000000FF000000FF000000FF000000FF000000FF000000FFA9F922FFA9F922FF000000FF000000FFA9F922FFA9F922FF000000FF000000FF000000FF000000FF000000FF000000FF000000FF000000FF000000FF000000FF000000FF000000FF000000FF000000FF000000FF000000FF000000FF000000FF000000FF000000FF000000FF000000FF000000FF000000FF000000FF000000FF000000FF000000FF000000FF000000FF000000FF000000FF000000FF000000FF000000FF000000FF000000FF000000FF000000FF000000FF000000FF000000FF000000FF000000FF000000FF000000FF000000FF000000FF000000FF000000FF000000FF000000FF000000FF000000FF000000FF000000FF000000FF000000FF000000FF000000FF000000FF000000FF000000FF000000FF000000FF000000FF000000FF000000FF000000FF000000FF000000FF000000FF000000FF000000FF000000FF000000FF000000FF000000FF000000FF000000FF000000FF000000FF000000FF000000FF000000FF000000FF000000FF000000FF000000FF000000FF000000FF000000FF000000FF000000FF000000FF000000FF000000FF000000FF000000FF000000FF000000FF000000FF000000FF000000FF000000FF000000FF000000FF000000FF000000FF000000FF000000FF000000FF000000FF000000FF000000FF000000FF000000FF000000FF000000FF000000FF000000FF000000FF000000FF000000FF000000FF000000FF000000FF000000FF000000FF000000FF000000FF000000FF000000FF000000FF000000FF000000FF000000FF000000FF000000FF000000FF000000FF000000FF000000FF000000FF000000FF000000FF000000FF000000FF000000FF000000FF000000FF000000FF000000FF000000FF000000FF000000FF000000FF000000FF000000FF000000FF000000FF000000FF000000FF000000FF000000FF000000FF000000FF000000FF000000FF000000FF000000FF000000FF000000FF000000FF000000FF000000FF000000FF000000FF000000FF000000FF000000FF000000FF000000FF000000FF000000FF000000FF000000FF000000FF000000FF000000FF000000FF000000FF000000FF000000FF000000FF000000FF000000FF000000FF000000FF000000FF000000FF000000FF000000FF000000FF000000FF000000FF000000FF000000FF000000FF000000FF000000FF000000FF000000FF000000FF000000FF000000FF000000FF000000FF000000FF000000FF000000FF000000FF000000FF000000FF000000FF000000FF000000FF000000FF000000FF000000FF000000FF000000FF000000FF000000FF000000FF000000FF000000FF000000FF000000FF000000FF000000FF000000FF000000FF000000FF000000FF000000FF000000FF000000FF000000FF000000FF000000FF000000FF000000FF000000FF000000FF000000FF000000FF000000FF000000FF000000FF000000FF000000FF000000FF000000FF000000FF000000FF000000FF000000FF000000FF000000FF000000FF000000FF000000FF000000FF000000FF000000FF000000FF000000FF000000FF000000FF000000FF000000FF000000FF000000FF000000FF000000FF000000FF000000FF000000FF000000FF000000FF000000FF000000FF000000FF000000FF000000FF000000FF000000FF000000FF000000FF000000FF000000FF000000FF000000FF000000FF000000FF000000FF000000FF000000FF000000FF000000FF000000FF000000FF000000FF000000FF000000FF000000FF000000FF000000FF000000FF000000FF000000FF000000FF000000FF000000FF000000FF000000FF000000FF000000FF000000FF000000FF000000FF000000FF000000FF000000FF000000FF000000FF000000FF000000FF000000FF000000FF000000FFA9F922FFA9F922FF000000FF000000FF000000FF000000FF000000FF000000FFA9F922FFA9F922FF000000FF000000FF000000FF000000FFA9F922FFA9F922FFA9F922FFA9F922FFA9F922FFA9F922FFA9F922FFA9F922FF000000FF000000FF000000FF000000FF000000FF000000FFA9F922FFA9F922FFA9F922FFA9F922FFA9F922FFA9F922FFA9F922FFA9F922FF000000FF000000FF000000FF000000FF000000FF000000FFA9F922FFA9F922FF000000FF000000FF000000FF000000FF000000FF000000FFA9F922FFA9F922FF000000FF000000FF000000FF000000FFA9F922FFA9F922FF000000FF000000FF000000FF000000FF000000FF000000FF000000FF000000FF000000FF000000FF000000FF000000FF000000FF000000FF000000FF000000FF000000FF000000FF000000FF000000FF000000FF000000FF000000FF000000FF000000FF000000FFA9F922FFA9F922FF000000FF000000FF000000FF000000FF000000FF000000FF000000FF000000FF000000FF000000FF000000FF000000FFA9F922FFA9F922FF000000FF000000FF000000FF000000FF000000FF000000FFA9F922FFA9F922FF000000FF000000FF000000FF000000FFA9F922FFA9F922FF000000FF000000FFA9F922FFA9F922FF000000FF000000FFA9F922FFA9F922FF000000FF000000FF000000FF000000FFA9F922FFA9F922FF000000FF000000FFA9F922FFA9F922FF000000FF000000FFA9F922FFA9F922FF000000FF000000FF000000FF000000FFA9F922FFA9F922FF000000FF000000FF000000FF000000FF000000FF000000FFA9F922FFA9F922FF000000FF000000FF000000FF000000FFA9F922FFA9F922FF000000FF000000FFA9F922FFA9F922FF000000FF000000FFA9F922FFA9F922FF000000FF000000FF000000FF000000FFA9F922FFA9F922FF000000FF000000FF000000FF000000FF000000FF000000FFA9F922FFA9F922FF000000FF000000FF000000FF000000FF000000FF000000FFA9F922FFA9F922FFA9F922FFA9F922FFA9F922FFA9F922FF000000FF000000FF000000FF000000FF000000FF000000FF000000FF000000FF000000FF000000FF000000FF000000FF000000FF000000FFA9F922FFA9F922FF000000FF000000FF000000FF000000FFA9F922FFA9F922FF000000FF000000FFA9F922FFA9F922FF000000FF000000FFA9F922FFA9F922FF000000FF000000FF000000FF000000FF000000FF000000FF000000FF000000FF000000FF000000FF000000FF000000FF000000FF000000FF000000FF000000FF000000FF000000FF000000FF000000FF000000FF000000FF000000FF000000FF000000FF000000FF000000FF000000FF000000FF000000FF000000FF000000FF000000FF000000FF000000FF000000FF000000FF000000FF000000FF000000FF000000FF000000FF000000FF000000FF000000FF000000FF000000FF000000FF000000FF000000FF000000FF000000FF000000FF000000FF000000FF000000FF000000FF000000FF000000FF000000FF000000FF000000FF000000FF000000FF000000FF000000FF000000FF000000FF000000FF000000FF000000FF000000FF000000FF000000FF000000FF000000FF000000FF000000FF000000FF000000FF000000FF000000FF000000FF000000FF000000FF000000FF000000FF000000FF000000FF000000FF000000FF000000FF000000FF000000FF000000FF000000FF000000FF000000FF000000FF000000FF000000FF000000FF000000FF000000FF000000FF000000FF000000FF000000FF000000FF000000FF000000FF000000FF000000FF000000FF000000FF000000FF000000FF000000FF000000FF000000FF000000FF000000FF000000FF000000FF000000FF000000FF000000FF000000FF000000FF000000FF000000FF000000FF000000FF000000FF000000FF000000FF000000FF000000FF000000FF000000FF000000FF000000FF000000FF000000FF000000FF000000FF000000FF000000FF000000FF000000FF000000FF000000FF000000FF000000FF000000FF000000FF000000FF000000FF000000FF000000FF000000FF000000FF000000FF000000FF000000FF000000FF000000FF000000FF000000FF000000FF000000FF000000FF000000FF000000FF000000FF000000FF000000FF000000FF000000FF000000FF000000FF000000FF000000FF000000FF000000FF000000FF000000FF000000FF000000FF000000FF000000FF000000FF000000FF000000FF000000FF000000FF000000FF000000FF000000FF000000FF000000FF000000FF000000FF000000FF000000FF000000FF000000FF000000FF000000FF000000FF000000FF000000FF000000FF000000FF000000FF000000FF000000FF000000FF000000FF000000FF000000FF000000FF000000FF000000FF000000FF000000FF000000FF000000FF000000FF000000FF000000FF000000FF000000FF000000FF000000FF000000FF000000FF000000FF000000FF000000FF000000FF000000FF000000FF000000FF000000FF000000FF000000FF000000FF000000FF000000FF000000FF000000FF000000FF000000FF000000FF000000FF000000FF000000FF000000FF000000FF000000FF000000FF000000FF000000FF000000FF000000FF000000FF000000FF000000FF000000FF000000FF000000FF000000FF000000FF000000FF000000FF000000FF000000FF000000FF000000FF000000FF000000FF000000FF000000FF000000FF000000FF000000FF000000FF000000FF000000FF000000FF000000FF000000FF000000FF000000FF000000FF000000FF000000FF000000FF000000FF000000FF000000FF000000FF000000FF000000FF000000FF000000FF000000FF000000FF000000FF000000FF000000FF000000FF000000FF000000FF000000FF000000FF000000FF000000FF000000FF000000FF000000FF000000FF000000FF000000FF000000FF000000FF000000FF000000FF000000FF000000FF000000FF000000FF000000FF000000FF000000FF000000FF000000FF000000FF000000FFA9F922FFA9F922FF000000FF000000FF000000FF000000FF000000FF000000FFA9F922FFA9F922FF000000FF000000FF000000FF000000FFA9F922FFA9F922FFA9F922FFA9F922FFA9F922FFA9F922FFA9F922FFA9F922FF000000FF000000FF000000FF000000FF000000FF000000FFA9F922FFA9F922FFA9F922FFA9F922FFA9F922FFA9F922FFA9F922FFA9F922FF000000FF000000FF000000FF000000FF000000FF000000FFA9F922FFA9F922FF000000FF000000FF000000FF000000FF000000FF000000FFA9F922FFA9F922FF000000FF000000FF000000FF000000FFA9F922FFA9F922FF000000FF000000FF000000FF000000FF000000FF000000FF000000FF000000FF000000FF000000FF000000FF000000FF000000FF000000FF000000FF000000FF000000FF000000FF000000FF000000FF000000FF000000FF000000FF000000FF000000FF000000FFA9F922FFA9F922FF000000FF000000FF000000FF000000FF000000FF000000FF000000FF000000FF000000FF000000FF000000FF000000FFA9F922FFA9F922FF000000FF000000FF000000FF000000FF000000FF000000FFA9F922FFA9F922FF000000FF000000FF000000FF000000FFA9F922FFA9F922FF000000FF000000FFA9F922FFA9F922FF000000FF000000FFA9F922FFA9F922FF000000FF000000FF000000FF000000FFA9F922FFA9F922FF000000FF000000FFA9F922FFA9F922FF000000FF000000FFA9F922FFA9F922FF000000FF000000FF000000FF000000FFA9F922FFA9F922FF000000FF000000FF000000FF000000FF000000FF000000FFA9F922FFA9F922FF000000FF000000FF000000FF000000FFA9F922FFA9F922FF000000FF000000FFA9F922FFA9F922FF000000FF000000FFA9F922FFA9F922FF000000FF000000FF000000FF000000FFA9F922FFA9F922FF000000FF000000FF000000FF000000FF000000FF000000FFA9F922FFA9F922FF000000FF000000FF000000FF000000FF000000FF000000FFA9F922FFA9F922FFA9F922FFA9F922FFA9F922FFA9F922FF000000FF000000FF000000FF000000FF000000FF000000FF000000FF000000FF000000FF000000FF000000FF000000FF000000FF000000FFA9F922FFA9F922FF000000FF000000FF000000FF000000FFA9F922FFA9F922FF000000FF000000FFA9F922FFA9F922FF000000FF000000FFA9F922FFA9F922FF000000FF000000FF000000FF000000FF000000FF000000FF000000FF000000FF000000FF000000FF000000FF000000FF000000FF000000FF000000FF000000FF000000FF000000FF000000FF000000FF000000FF000000FF000000FF000000FF000000FF000000FF000000FF000000FF000000FF000000FF000000FF000000FF000000FF000000FF000000FF000000FF000000FF000000FF000000FF000000FF000000FF000000FF000000FF000000FF000000FF000000FF000000FF000000FF000000FF000000FF000000FF000000FF000000FF000000FF000000FF000000FF000000FF000000FF000000FF000000FF000000FF000000FF000000FF000000FF000000FF000000FF000000FF000000FF000000FF000000FF000000FF000000FF000000FF000000FF000000FF000000FF000000FF000000FF000000FF000000FF000000FF000000FF000000FF000000FF000000FF000000FF000000FF000000FF000000FF000000FF000000FF000000FF000000FF000000FF000000FF000000FF000000FF000000FF000000FF000000FF000000FF000000FF000000FF000000FF000000FF000000FF000000FF000000FF000000FF000000FF000000FF000000FF000000FF000000FF000000FF000000FF000000FF000000FF000000FF000000FF000000FF000000FF000000FF000000FF000000FF000000FF000000FF000000FF000000FF000000FF000000FF000000FF000000FF000000FF000000FF000000FF000000FF000000FF000000FF000000FF000000FF000000FF000000FF000000FF000000FF000000FF000000FF000000FF000000FF000000FF000000FF000000FF000000FF000000FF000000FF000000FF000000FF000000FF000000FF000000FF000000FF000000FF000000FF000000FF000000FF000000FF000000FF000000FF000000FF000000FF000000FF000000FF000000FF000000FF000000FF000000FF000000FF000000FF000000FF000000FF000000FF000000FF000000FF000000FF000000FF000000FF000000FF000000FF000000FF000000FF000000FF000000FF000000FF000000FF000000FF000000FF000000FF000000FF000000FF000000FF000000FF000000FF000000FF000000FF000000FF000000FF000000FF000000FF000000FF000000FF000000FF000000FF000000FF000000FF000000FF000000FF000000FF000000FF000000FF000000FF000000FF000000FF000000FF000000FF000000FF000000FF000000FF000000FF000000FF000000FF000000FF000000FF000000FF000000FF000000FF000000FF000000FF000000FF000000FF000000FF000000FF000000FF000000FF000000FF000000FF000000FF000000FF000000FF000000FF000000FF000000FF000000FF000000FF000000FF000000FF000000FF000000FF000000FF000000FF000000FF000000FF000000FF000000FF000000FF000000FF000000FF000000FF000000FF000000FF000000FF000000FF000000FF000000FF000000FF000000FF000000FF000000FF000000FF000000FF000000FF000000FF000000FF000000FF000000FF000000FF000000FF000000FF000000FF000000FF000000FF000000FF000000FF000000FF000000FF000000FF000000FF000000FF000000FF000000FF000000FF000000FF000000FF000000FF000000FF000000FF000000FF000000FF000000FF000000FF000000FF000000FF000000FF000000FF000000FF000000FF000000FF000000FF000000FF000000FF000000FF000000FF000000FF000000FF000000FF000000FF000000FF000000FF000000FF000000FF000000FF000000FF000000FF000000FF000000FF000000FF000000FF000000FF000000FF000000FF000000FFA9F922FFA9F922FF000000FF000000FF000000FF000000FF000000FF000000FFA9F922FFA9F922FF000000FF000000FF000000FF000000FFA9F922FFA9F922FF000000FF000000FF000000FF000000FF000000FF000000FF000000FF000000FF000000FF000000FF000000FF000000FFA9F922FFA9F922FF000000FF000000FF000000FF000000FF000000FF000000FFA9F922FFA9F922FF000000FF000000FF000000FF000000FFA9F922FFA9F922FF000000FF000000FF000000FF000000FF000000FF000000FFA9F922FFA9F922FF000000FF000000FF000000FF000000FFA9F922FFA9F922FF000000FF000000FF000000FF000000FFA9F922FFA9F922FFA9F922FFA9F922FF000000FF000000FF000000FF000000FF000000FF000000FF000000FF000000FF000000FF000000FF000000FF000000FF000000FF000000FF000000FF000000FF000000FF000000FFA9F922FFA9F922FF000000FF000000FF000000FF000000FF000000FF000000FF000000FF000000FF000000FF000000FF000000FF000000FFA9F922FFA9F922FF000000FF000000FF000000FF000000FF000000FF000000FFA9F922FFA9F922FF000000FF000000FF000000FF000000FFA9F922FFA9F922FF000000FF000000FF000000FF000000FF000000FF000000FFA9F922FFA9F922FF000000FF000000FF000000FF000000FFA9F922FFA9F922FF000000FF000000FF000000FF000000FF000000FF000000FFA9F922FFA9F922FF000000FF000000FF000000FF000000FFA9F922FFA9F922FFA9F922FFA9F922FFA9F922FFA9F922FFA9F922FFA9F922FFA9F922FFA9F922FF000000FF000000FF000000FF000000FFA9F922FFA9F922FF000000FF000000FF000000FF000000FFA9F922FFA9F922FFA9F922FFA9F922FF000000FF000000FF000000FF000000FFA9F922FFA9F922FF000000FF000000FF000000FF000000FF000000FF000000FFA9F922FFA9F922FF000000FF000000FF000000FF000000FF000000FF000000FF000000FF000000FF000000FF000000FF000000FF000000FFA9F922FFA9F922FF000000FF000000FF000000FF000000FF000000FF000000FF000000FF000000FF000000FF000000FFA9F922FFA9F922FF000000FF000000FF000000FF000000FF000000FF000000FF000000FF000000FFA9F922FFA9F922FF000000FF000000FFA9F922FFA9F922FF000000FF000000FF000000FF000000FF000000FF000000FF000000FF000000FF000000FF000000FF000000FF000000FF000000FF000000FF000000FF000000FF000000FF000000FF000000FF000000FF000000FF000000FF000000FF000000FF000000FF000000FF000000FF000000FF000000FF000000FF000000FF000000FF000000FF000000FF000000FF000000FF000000FF000000FF000000FF000000FF000000FF000000FF000000FF000000FF000000FF000000FF000000FF000000FF000000FF000000FF000000FF000000FF000000FF000000FF000000FF000000FF000000FF000000FF000000FF000000FF000000FF000000FF000000FF000000FF000000FF000000FF000000FF000000FF000000FF000000FF000000FF000000FF000000FF000000FF000000FF000000FF000000FF000000FF000000FF000000FF000000FF000000FF000000FF000000FF000000FF000000FF000000FF000000FF000000FF000000FF000000FF000000FF000000FF000000FF000000FF000000FF000000FF000000FF000000FF000000FF000000FF000000FF000000FF000000FF000000FF000000FF000000FF000000FF000000FF000000FF000000FF000000FF000000FF000000FF000000FF000000FF000000FF000000FF000000FF000000FF000000FF000000FF000000FF000000FF000000FF000000FF000000FF000000FF000000FF000000FF000000FF000000FF000000FF000000FF000000FF000000FF000000FF000000FF000000FF000000FF000000FF000000FF000000FF000000FF000000FF000000FF000000FF000000FF000000FF000000FF000000FF000000FF000000FF000000FF000000FF000000FF000000FF000000FF000000FF000000FF000000FF000000FF000000FF000000FF000000FF000000FF000000FF000000FF000000FF000000FF000000FF000000FF000000FF000000FF000000FF000000FF000000FF000000FF000000FF000000FF000000FF000000FF000000FF000000FF000000FF000000FF000000FF000000FF000000FF000000FF000000FF000000FF000000FF000000FF000000FF000000FF000000FF000000FF000000FF000000FF000000FF000000FF000000FF000000FF000000FF000000FF000000FF000000FF000000FF000000FF000000FF000000FF000000FF000000FF000000FF000000FF000000FF000000FF000000FF000000FF000000FF000000FF000000FF000000FF000000FF000000FF000000FF000000FF000000FF000000FF000000FF000000FF000000FF000000FF000000FF000000FF000000FF000000FF000000FF000000FF000000FF000000FF000000FF000000FF000000FF000000FF000000FF000000FF000000FF000000FF000000FF000000FF000000FF000000FF000000FF000000FF000000FF000000FF000000FF000000FF000000FF000000FF000000FF000000FF000000FF000000FF000000FF000000FF000000FF000000FF000000FF000000FF000000FF000000FF000000FF000000FF000000FF000000FF000000FF000000FF000000FF000000FF000000FF000000FF000000FF000000FF000000FF000000FF000000FF000000FF000000FF000000FF000000FF000000FF000000FF000000FF000000FF000000FF000000FF000000FF000000FF000000FF000000FF000000FF000000FF000000FF000000FF000000FF000000FF000000FF000000FF000000FF000000FF000000FF000000FF000000FF000000FF000000FF000000FF000000FF000000FF000000FF000000FF000000FF000000FF000000FF000000FF000000FF000000FF000000FF000000FF000000FF000000FF000000FF000000FF000000FF000000FF000000FF000000FF000000FF000000FF000000FFA9F922FFA9F922FF000000FF000000FF000000FF000000FF000000FF000000FFA9F922FFA9F922FF000000FF000000FF000000FF000000FFA9F922FFA9F922FF000000FF000000FF000000FF000000FF000000FF000000FF000000FF000000FF000000FF000000FF000000FF000000FFA9F922FFA9F922FF000000FF000000FF000000FF000000FF000000FF000000FFA9F922FFA9F922FF000000FF000000FF000000FF000000FFA9F922FFA9F922FF000000FF000000FF000000FF000000FF000000FF000000FFA9F922FFA9F922FF000000FF000000FF000000FF000000FFA9F922FFA9F922FF000000FF000000FF000000FF000000FFA9F922FFA9F922FFA9F922FFA9F922FF000000FF000000FF000000FF000000FF000000FF000000FF000000FF000000FF000000FF000000FF000000FF000000FF000000FF000000FF000000FF000000FF000000FF000000FFA9F922FFA9F922FF000000FF000000FF000000FF000000FF000000FF000000FF000000FF000000FF000000FF000000FF000000FF000000FFA9F922FFA9F922FF000000FF000000FF000000FF000000FF000000FF000000FFA9F922FFA9F922FF000000FF000000FF000000FF000000FFA9F922FFA9F922FF000000FF000000FF000000FF000000FF000000FF000000FFA9F922FFA9F922FF000000FF000000FF000000FF000000FFA9F922FFA9F922FF000000FF000000FF000000FF000000FF000000FF000000FFA9F922FFA9F922FF000000FF000000FF000000FF000000FFA9F922FFA9F922FFA9F922FFA9F922FFA9F922FFA9F922FFA9F922FFA9F922FFA9F922FFA9F922FF000000FF000000FF000000FF000000FFA9F922FFA9F922FF000000FF000000FF000000FF000000FFA9F922FFA9F922FFA9F922FFA9F922FF000000FF000000FF000000FF000000FFA9F922FFA9F922FF000000FF000000FF000000FF000000FF000000FF000000FFA9F922FFA9F922FF000000FF000000FF000000FF000000FF000000FF000000FF000000FF000000FF000000FF000000FF000000FF000000FFA9F922FFA9F922FF000000FF000000FF000000FF000000FF000000FF000000FF000000FF000000FF000000FF000000FFA9F922FFA9F922FF000000FF000000FF000000FF000000FF000000FF000000FF000000FF000000FFA9F922FFA9F922FF000000FF000000FFA9F922FFA9F922FF000000FF000000FF000000FF000000FF000000FF000000FF000000FF000000FF000000FF000000FF000000FF000000FF000000FF000000FF000000FF000000FF000000FF000000FF000000FF000000FF000000FF000000FF000000FF000000FF000000FF000000FF000000FF000000FF000000FF000000FF000000FF000000FF000000FF000000FF000000FF000000FF000000FF000000FF000000FF000000FF000000FF000000FF000000FF000000FF000000FF000000FF000000FF000000FF000000FF000000FF000000FF000000FF000000FF000000FF000000FF000000FF000000FF000000FF000000FF000000FF000000FF000000FF000000FF000000FF000000FF000000FF000000FF000000FF000000FF000000FF000000FF000000FF000000FF000000FF000000FF000000FF000000FF000000FF000000FF000000FF000000FF000000FF000000FF000000FF000000FF000000FF000000FF000000FF000000FF000000FF000000FF000000FF000000FF000000FF000000FF000000FF000000FF000000FF000000FF000000FF000000FF000000FF000000FF000000FF000000FF000000FF000000FF000000FF000000FF000000FF000000FF000000FF000000FF000000FF000000FF000000FF000000FF000000FF000000FF000000FF000000FF000000FF000000FF000000FF000000FF000000FF000000FF000000FF000000FF000000FF000000FF000000FF000000FF000000FF000000FF000000FF000000FF000000FF000000FF000000FF000000FF000000FF000000FF000000FF000000FF000000FF000000FF000000FF000000FF000000FF000000FF000000FF000000FF000000FF000000FF000000FF000000FF000000FF000000FF000000FF000000FF000000FF000000FF000000FF000000FF000000FF000000FF000000FF000000FF000000FF000000FF000000FF000000FF000000FF000000FF000000FF000000FF000000FF000000FF000000FF000000FF000000FF000000FF000000FF000000FF000000FF000000FF000000FF000000FF000000FF000000FF000000FF000000FF000000FF000000FF000000FF000000FF000000FF000000FF000000FF000000FF000000FF000000FF000000FF000000FF000000FF000000FF000000FF000000FF000000FF000000FF000000FF000000FF000000FF000000FF000000FF000000FF000000FF000000FF000000FF000000FF000000FF000000FF000000FF000000FF000000FF000000FF000000FF000000FF000000FF000000FF000000FF000000FF000000FF000000FF000000FF000000FF000000FF000000FF000000FF000000FF000000FF000000FF000000FF000000FF000000FF000000FF000000FF000000FF000000FF000000FF000000FF000000FF000000FF000000FF000000FF000000FF000000FF000000FF000000FF000000FF000000FF000000FF000000FF000000FF000000FF000000FF000000FF000000FF000000FF000000FF000000FF000000FF000000FF000000FF000000FF000000FF000000FF000000FF000000FF000000FF000000FF000000FF000000FF000000FF000000FF000000FF000000FF000000FF000000FF000000FF000000FF000000FF000000FF000000FF000000FF000000FF000000FF000000FF000000FF000000FF000000FF000000FF000000FF000000FF000000FF000000FF000000FF000000FF000000FF000000FF000000FF000000FF000000FF000000FF000000FF000000FF000000FF000000FF000000FF000000FF000000FF000000FF000000FF000000FF000000FF000000FF000000FF000000FF000000FF000000FF000000FF000000FF000000FF000000FF000000FF000000FF000000FF000000FF000000FF000000FF000000FFA9F922FFA9F922FF000000FF000000FF000000FF000000FF000000FF000000FFA9F922FFA9F922FF000000FF000000FF000000FF000000FFA9F922FFA9F922FF000000FF000000FF000000FF000000FF000000FF000000FF000000FF000000FF000000FF000000FF000000FF000000FFA9F922FFA9F922FF000000FF000000FF000000FF000000FF000000FF000000FFA9F922FFA9F922FF000000FF000000FF000000FF000000FFA9F922FFA9F922FF000000FF000000FF000000FF000000FF000000FF000000FFA9F922FFA9F922FF000000FF000000FF000000FF000000FFA9F922FFA9F922FF000000FF000000FF000000FF000000FF000000FF000000FFA9F922FFA9F922FF000000FF000000FF000000FF000000FF000000FF000000FF000000FF000000FF000000FF000000FF000000FF000000FF000000FF000000FF000000FF000000FF000000FF000000FFA9F922FFA9F922FF000000FF000000FF000000FF000000FF000000FF000000FFA9F922FFA9F922FF000000FF000000FF000000FF000000FFA9F922FFA9F922FF000000FF000000FF000000FF000000FF000000FF000000FFA9F922FFA9F922FF000000FF000000FF000000FF000000FFA9F922FFA9F922FF000000FF000000FF000000FF000000FF000000FF000000FFA9F922FFA9F922FF000000FF000000FF000000FF000000FFA9F922FFA9F922FF000000FF000000FF000000FF000000FF000000FF000000FFA9F922FFA9F922FF000000FF000000FF000000FF000000FFA9F922FFA9F922FF000000FF000000FF000000FF000000FF000000FF000000FFA9F922FFA9F922FF000000FF000000FF000000FF000000FFA9F922FFA9F922FF000000FF000000FF000000FF000000FF000000FF000000FFA9F922FFA9F922FF000000FF000000FF000000FF000000FFA9F922FFA9F922FF000000FF000000FF000000FF000000FF000000FF000000FFA9F922FFA9F922FF000000FF000000FF000000FF000000FFA9F922FFA9F922FF000000FF000000FF000000FF000000FF000000FF000000FFA9F922FFA9F922FF000000FF000000FF000000FF000000FF000000FF000000FF000000FF000000FFA9F922FFA9F922FF000000FF000000FF000000FF000000FF000000FF000000FF000000FF000000FFA9F922FFA9F922FF000000FF000000FFA9F922FFA9F922FF000000FF000000FFA9F922FFA9F922FF000000FF000000FF000000FF000000FF000000FF000000FF000000FF000000FF000000FF000000FF000000FF000000FF000000FF000000FF000000FF000000FF000000FF000000FF000000FF000000FF000000FF000000FF000000FF000000FF000000FF000000FF000000FF000000FF000000FF000000FF000000FF000000FF000000FF000000FF000000FF000000FF000000FF000000FF000000FF000000FF000000FF000000FF000000FF000000FF000000FF000000FF000000FF000000FF000000FF000000FF000000FF000000FF000000FF000000FF000000FF000000FF000000FF000000FF000000FF000000FF000000FF000000FF000000FF000000FF000000FF000000FF000000FF000000FF000000FF000000FF000000FF000000FF000000FF000000FF000000FF000000FF000000FF000000FF000000FF000000FF000000FF000000FF000000FF000000FF000000FF000000FF000000FF000000FF000000FF000000FF000000FF000000FF000000FF000000FF000000FF000000FF000000FF000000FF000000FF000000FF000000FF000000FF000000FF000000FF000000FF000000FF000000FF000000FF000000FF000000FF000000FF000000FF000000FF000000FF000000FF000000FF000000FF000000FF000000FF000000FF000000FF000000FF000000FF000000FF000000FF000000FF000000FF000000FF000000FF000000FF000000FF000000FF000000FF000000FF000000FF000000FF000000FF000000FF000000FF000000FF000000FF000000FF000000FF000000FF000000FF000000FF000000FF000000FF000000FF000000FF000000FF000000FF000000FF000000FF000000FF000000FF000000FF000000FF000000FF000000FF000000FF000000FF000000FF000000FF000000FF000000FF000000FF000000FF000000FF000000FF000000FF000000FF000000FF000000FF000000FF000000FF000000FF000000FF000000FF000000FF000000FF000000FF000000FF000000FF000000FF000000FF000000FF000000FF000000FF000000FF000000FF000000FF000000FF000000FF000000FF000000FF000000FF000000FF000000FF000000FF000000FF000000FF000000FF000000FF000000FF000000FF000000FF000000FF000000FF000000FF000000FF000000FF000000FF000000FF000000FF000000FF000000FF000000FF000000FF000000FF000000FF000000FF000000FF000000FF000000FF000000FF000000FF000000FF000000FF000000FF000000FF000000FF000000FF000000FF000000FF000000FF000000FF000000FF000000FF000000FF000000FF000000FF000000FF000000FF000000FF000000FF000000FF000000FF000000FF000000FF000000FF000000FF000000FF000000FF000000FF000000FF000000FF000000FF000000FF000000FF000000FF000000FF000000FF000000FF000000FF000000FF000000FF000000FF000000FF000000FF000000FF000000FF000000FF000000FF000000FF000000FF000000FF000000FF000000FF000000FF000000FF000000FF000000FF000000FF000000FF000000FF000000FF000000FF000000FF000000FF000000FF000000FF000000FF000000FF000000FF000000FF000000FF000000FF000000FF000000FF000000FF000000FF000000FF000000FF000000FF000000FF000000FF000000FF000000FF000000FF000000FF000000FF000000FF000000FF000000FF000000FF000000FF000000FF000000FF000000FF000000FF000000FF000000FF000000FF000000FF000000FF000000FF000000FF000000FF000000FF000000FF000000FF000000FF000000FF000000FF000000FF000000FF000000FF000000FF000000FFA9F922FFA9F922FF000000FF000000FF000000FF000000FF000000FF000000FFA9F922FFA9F922FF000000FF000000FF000000FF000000FFA9F922FFA9F922FF000000FF000000FF000000FF000000FF000000FF000000FF000000FF000000FF000000FF000000FF000000FF000000FFA9F922FFA9F922FF000000FF000000FF000000FF000000FF000000FF000000FFA9F922FFA9F922FF000000FF000000FF000000FF000000FFA9F922FFA9F922FF000000FF000000FF000000FF000000FF000000FF000000FFA9F922FFA9F922FF000000FF000000FF000000FF000000FFA9F922FFA9F922FF000000FF000000FF000000FF000000FF000000FF000000FFA9F922FFA9F922FF000000FF000000FF000000FF000000FF000000FF000000FF000000FF000000FF000000FF000000FF000000FF000000FF000000FF000000FF000000FF000000FF000000FF000000FFA9F922FFA9F922FF000000FF000000FF000000FF000000FF000000FF000000FFA9F922FFA9F922FF000000FF000000FF000000FF000000FFA9F922FFA9F922FF000000FF000000FF000000FF000000FF000000FF000000FFA9F922FFA9F922FF000000FF000000FF000000FF000000FFA9F922FFA9F922FF000000FF000000FF000000FF000000FF000000FF000000FFA9F922FFA9F922FF000000FF000000FF000000FF000000FFA9F922FFA9F922FF000000FF000000FF000000FF000000FF000000FF000000FFA9F922FFA9F922FF000000FF000000FF000000FF000000FFA9F922FFA9F922FF000000FF000000FF000000FF000000FF000000FF000000FFA9F922FFA9F922FF000000FF000000FF000000FF000000FFA9F922FFA9F922FF000000FF000000FF000000FF000000FF000000FF000000FFA9F922FFA9F922FF000000FF000000FF000000FF000000FFA9F922FFA9F922FF000000FF000000FF000000FF000000FF000000FF000000FFA9F922FFA9F922FF000000FF000000FF000000FF000000FFA9F922FFA9F922FF000000FF000000FF000000FF000000FF000000FF000000FFA9F922FFA9F922FF000000FF000000FF000000FF000000FF000000FF000000FF000000FF000000FFA9F922FFA9F922FF000000FF000000FF000000FF000000FF000000FF000000FF000000FF000000FFA9F922FFA9F922FF000000FF000000FFA9F922FFA9F922FF000000FF000000FFA9F922FFA9F922FF000000FF000000FF000000FF000000FF000000FF000000FF000000FF000000FF000000FF000000FF000000FF000000FF000000FF000000FF000000FF000000FF000000FF000000FF000000FF000000FF000000FF000000FF000000FF000000FF000000FF000000FF000000FF000000FF000000FF000000FF000000FF000000FF000000FF000000FF000000FF000000FF000000FF000000FF000000FF000000FF000000FF000000FF000000FF000000FF000000FF000000FF000000FF000000FF000000FF000000FF000000FF000000FF000000FF000000FF000000FF000000FF000000FF000000FF000000FF000000FF000000FF000000FF000000FF000000FF000000FF000000FF000000FF000000FF000000FF000000FF000000FF000000FF000000FF000000FF000000FF000000FF000000FF000000FF000000FF000000FF000000FF000000FF000000FF000000FF000000FF000000FF000000FF000000FF000000FF000000FF000000FF000000FF000000FF000000FF000000FF000000FF000000FF000000FF000000FF000000FF000000FF000000FF000000FF000000FF000000FF000000FF000000FF000000FF000000FF000000FF000000FF000000FF000000FF000000FF000000FF000000FF000000FF000000FF000000FF000000FF000000FF000000FF000000FF000000FF000000FF000000FF000000FF000000FF000000FF000000FF000000FF000000FF000000FF000000FF000000FF000000FF000000FF000000FF000000FF000000FF000000FF000000FF000000FF000000FF000000FF000000FF000000FF000000FF000000FF000000FF000000FF000000FF000000FF000000FF000000FF000000FF000000FF000000FF000000FF000000FF000000FF000000FF000000FF000000FF000000FF000000FF000000FF000000FF000000FF000000FF000000FF000000FF000000FF000000FF000000FF000000FF000000FF000000FF000000FF000000FF000000FF000000FF000000FF000000FF000000FF000000FF000000FF000000FF000000FF000000FF000000FF000000FF000000FF000000FF000000FF000000FF000000FF000000FF000000FF000000FF000000FF000000FF000000FF000000FF000000FF000000FF000000FF000000FF000000FF000000FF000000FF000000FF000000FF000000FF000000FF000000FF000000FF000000FF000000FF000000FF000000FF000000FF000000FF000000FF000000FF000000FF000000FF000000FF000000FF000000FF000000FF000000FF000000FF000000FF000000FF000000FF000000FF000000FF000000FF000000FF000000FF000000FF000000FF000000FF000000FF000000FF000000FF000000FF000000FF000000FF000000FF000000FF000000FF000000FF000000FF000000FF000000FF000000FF000000FF000000FF000000FF000000FF000000FF000000FF000000FF000000FF000000FF000000FF000000FF000000FF000000FF000000FF000000FF000000FF000000FF000000FF000000FF000000FF000000FF000000FF000000FF000000FF000000FF000000FF000000FF000000FF000000FF000000FF000000FF000000FF000000FF000000FF000000FF000000FF000000FF000000FF000000FF000000FF000000FF000000FF000000FF000000FF000000FF000000FF000000FF000000FF000000FF000000FF000000FF000000FF000000FF000000FF000000FF000000FF000000FF000000FF000000FF000000FF000000FF000000FF000000FF000000FF000000FF000000FF000000FF000000FF000000FF000000FF000000FF000000FF000000FF000000FF000000FF000000FF000000FF000000FF000000FF000000FF000000FF000000FFA9F922FFA9F922FFA9F922FFA9F922FFA9F922FFA9F922FFA9F922FFA9F922FF000000FF000000FF000000FF000000FF000000FF000000FFA9F922FFA9F922FFA9F922FFA9F922FFA9F922FFA9F922FFA9F922FFA9F922FFA9F922FFA9F922FF000000FF000000FF000000FF000000FFA9F922FFA9F922FFA9F922FFA9F922FFA9F922FFA9F922FFA9F922FFA9F922FF000000FF000000FF000000FF000000FF000000FF000000FF000000FF000000FFA9F922FFA9F922FFA9F922FFA9F922FFA9F922FFA9F922FF000000FF000000FF000000FF000000FF000000FF000000FF000000FF000000FFA9F922FFA9F922FFA9F922FFA9F922FFA9F922FFA9F922FFA9F922FFA9F922FF000000FF000000FF000000FF000000FF000000FF000000FF000000FF000000FF000000FF000000FF000000FF000000FF000000FF000000FF000000FF000000FF000000FF000000FF000000FF000000FFA9F922FFA9F922FFA9F922FFA9F922FFA9F922FFA9F922FF000000FF000000FF000000FF000000FF000000FF000000FF000000FF000000FFA9F922FFA9F922FFA9F922FFA9F922FFA9F922FFA9F922FF000000FF000000FF000000FF000000FF000000FF000000FFA9F922FFA9F922FF000000FF000000FF000000FF000000FF000000FF000000FFA9F922FFA9F922FF000000FF000000FF000000FF000000FFA9F922FFA9F922FF000000FF000000FF000000FF000000FF000000FF000000FFA9F922FFA9F922FF000000FF000000FF000000FF000000FFA9F922FFA9F922FF000000FF000000FF000000FF000000FF000000FF000000FFA9F922FFA9F922FF000000FF000000FF000000FF000000FFA9F922FFA9F922FF000000FF000000FF000000FF000000FF000000FF000000FFA9F922FFA9F922FF000000FF000000FF000000FF000000FFA9F922FFA9F922FFA9F922FFA9F922FFA9F922FFA9F922FFA9F922FFA9F922FF000000FF000000FF000000FF000000FF000000FF000000FF000000FF000000FFA9F922FFA9F922FFA9F922FFA9F922FFA9F922FFA9F922FF000000FF000000FF000000FF000000FF000000FF000000FF000000FF000000FFA9F922FFA9F922FF000000FF000000FF000000FF000000FF000000FF000000FF000000FF000000FF000000FF000000FF000000FF000000FF000000FF000000FF000000FF000000FF000000FF000000FF000000FF000000FF000000FF000000FF000000FF000000FF000000FF000000FF000000FF000000FF000000FF000000FF000000FF000000FF000000FF000000FF000000FF000000FF000000FF000000FF000000FF000000FF000000FF000000FF000000FF000000FF000000FF000000FF000000FF000000FF000000FF000000FF000000FF000000FF000000FF000000FF000000FF000000FF000000FF000000FF000000FF000000FF000000FF000000FF000000FF000000FF000000FF000000FF000000FF000000FF000000FF000000FF000000FF000000FF000000FF000000FF000000FF000000FF000000FF000000FF000000FF000000FF000000FF000000FF000000FF000000FF000000FF000000FF000000FF000000FF000000FF000000FF000000FF000000FF000000FF000000FF000000FF000000FF000000FF000000FF000000FF000000FF000000FF000000FF000000FF000000FF000000FF000000FF000000FF000000FF000000FF000000FF000000FF000000FF000000FF000000FF000000FF000000FF000000FF000000FF000000FF000000FF000000FF000000FF000000FF000000FF000000FF000000FF000000FF000000FF000000FF000000FF000000FF000000FF000000FF000000FF000000FF000000FF000000FF000000FF000000FF000000FF000000FF000000FF000000FF000000FF000000FF000000FF000000FF000000FF000000FF000000FF000000FF000000FF000000FF000000FF000000FF000000FF000000FF000000FF000000FF000000FF000000FF000000FF000000FF000000FF000000FF000000FF000000FF000000FF000000FF000000FF000000FF000000FF000000FF000000FF000000FF000000FF000000FF000000FF000000FF000000FF000000FF000000FF000000FF000000FF000000FF000000FF000000FF000000FF000000FF000000FF000000FF000000FF000000FF000000FF000000FF000000FF000000FF000000FF000000FF000000FF000000FF000000FF000000FF000000FF000000FF000000FF000000FF000000FF000000FF000000FF000000FF000000FF000000FF000000FF000000FF000000FF000000FF000000FF000000FF000000FF000000FF000000FF000000FF000000FF000000FF000000FF000000FF000000FF000000FF000000FF000000FF000000FF000000FF000000FF000000FF000000FF000000FF000000FF000000FF000000FF000000FF000000FF000000FF000000FF000000FF000000FF000000FF000000FF000000FF000000FF000000FF000000FF000000FF000000FF000000FF000000FF000000FF000000FF000000FF000000FF000000FF000000FF000000FF000000FF000000FF000000FF000000FF000000FF000000FF000000FF000000FF000000FF000000FF000000FF000000FF000000FF000000FF000000FF000000FF000000FF000000FF000000FF000000FF000000FF000000FF000000FF000000FF000000FF000000FF000000FF000000FF000000FF000000FF000000FF000000FF000000FF000000FF000000FF000000FF000000FF000000FF000000FF000000FF000000FF000000FF000000FF000000FF000000FF000000FF000000FF000000FF000000FF000000FF000000FF000000FF000000FF000000FF000000FF000000FF000000FF000000FF000000FF000000FF000000FF000000FF000000FF000000FF000000FF000000FF000000FF000000FF000000FF000000FF000000FF000000FF000000FF000000FF000000FF000000FF000000FF000000FF000000FF000000FF000000FF000000FF000000FF000000FF000000FF000000FF000000FF000000FF000000FF000000FF000000FF000000FF000000FF000000FF000000FF000000FF000000FFA9F922FFA9F922FFA9F922FFA9F922FFA9F922FFA9F922FFA9F922FFA9F922FF000000FF000000FF000000FF000000FF000000FF000000FFA9F922FFA9F922FFA9F922FFA9F922FFA9F922FFA9F922FFA9F922FFA9F922FFA9F922FFA9F922FF000000FF000000FF000000FF000000FFA9F922FFA9F922FFA9F922FFA9F922FFA9F922FFA9F922FFA9F922FFA9F922FF000000FF000000FF000000FF000000FF000000FF000000FF000000FF000000FFA9F922FFA9F922FFA9F922FFA9F922FFA9F922FFA9F922FF000000FF000000FF000000FF000000FF000000FF000000FF000000FF000000FFA9F922FFA9F922FFA9F922FFA9F922FFA9F922FFA9F922FFA9F922FFA9F922FF000000FF000000FF000000FF000000FF000000FF000000FF000000FF000000FF000000FF000000FF000000FF000000FF000000FF000000FF000000FF000000FF000000FF000000FF000000FF000000FFA9F922FFA9F922FFA9F922FFA9F922FFA9F922FFA9F922FF000000FF000000FF000000FF000000FF000000FF000000FF000000FF000000FFA9F922FFA9F922FFA9F922FFA9F922FFA9F922FFA9F922FF000000FF000000FF000000FF000000FF000000FF000000FFA9F922FFA9F922FF000000FF000000FF000000FF000000FF000000FF000000FFA9F922FFA9F922FF000000FF000000FF000000FF000000FFA9F922FFA9F922FF000000FF000000FF000000FF000000FF000000FF000000FFA9F922FFA9F922FF000000FF000000FF000000FF000000FFA9F922FFA9F922FF000000FF000000FF000000FF000000FF000000FF000000FFA9F922FFA9F922FF000000FF000000FF000000FF000000FFA9F922FFA9F922FF000000FF000000FF000000FF000000FF000000FF000000FFA9F922FFA9F922FF000000FF000000FF000000FF000000FFA9F922FFA9F922FFA9F922FFA9F922FFA9F922FFA9F922FFA9F922FFA9F922FF000000FF000000FF000000FF000000FF000000FF000000FF000000FF000000FFA9F922FFA9F922FFA9F922FFA9F922FFA9F922FFA9F922FF000000FF000000FF000000FF000000FF000000FF000000FF000000FF000000FFA9F922FFA9F922FF000000FF000000FF000000FF000000FF000000FF000000FF000000FF000000FF000000FF000000FF000000FF000000FF000000FF000000FF000000FF000000FF000000FF000000FF000000FF000000FF000000FF000000FF000000FF000000FF000000FF000000FF000000FF000000FF000000FF000000FF000000FF000000FF000000FF000000FF000000FF000000FF000000FF000000FF000000FF000000FF000000FF000000FF000000FF000000FF000000FF000000FF000000FF000000FF000000FF000000FF000000FF000000FF000000FF000000FF000000FF000000FF000000FF000000FF000000FF000000FF000000FF000000FF000000FF000000FF000000FF000000FF000000FF000000FF000000FF000000FF000000FF000000FF000000FF000000FF000000FF000000FF000000FF000000FF000000FF000000FF000000FF000000FF000000FF000000FF000000FF000000FF000000FF000000FF000000FF000000FF000000FF000000FF000000FF000000FF000000FF000000FF000000FF000000FF000000FF000000FF000000FF000000FF000000FF000000FF000000FF000000FF000000FF000000FF000000FF000000FF000000FF000000FF000000FF000000FF000000FF000000FF000000FF000000FF000000FF000000FF000000FF000000FF000000FF000000FF000000FF000000FF000000FF000000FF000000FF000000FF000000FF000000FF000000FF000000FF000000FF000000FF000000FF000000FF000000FF000000FF000000FF000000FF000000FF000000FF000000FF000000FF000000FF000000FF000000FF000000FF000000FF000000FF000000FF000000FF000000FF000000FF000000FF000000FF000000FF000000FF000000FF000000FF000000FF000000FF000000FF000000FF000000FF000000FF000000FF000000FF000000FF000000FF000000FF000000FF000000FF000000FF000000FF000000FF000000FF000000FF000000FF000000FF000000FF000000FF000000FF000000FF000000FF000000FF000000FF000000FF000000FF000000FF000000FF000000FF000000FF000000FF000000FF000000FF000000FF000000FF000000FF000000FF000000FF000000FF000000FF000000FF000000FF000000FF000000FF000000FF000000FF000000FF000000FF000000FF000000FF000000FF000000FF000000FF000000FF000000FF000000FF000000FF000000FF000000FF000000FF000000FF000000FF000000FF000000FF000000FF000000FF000000FF000000FF000000FF000000FF000000FF000000FF000000FF000000FF000000FF000000FF000000FF000000FF000000FF000000FF000000FF000000FF000000FF000000FF000000FF000000FF000000FF000000FF000000FF000000FF000000FF000000FF000000FF000000FF000000FF000000FF000000FF000000FF000000FF000000FF000000FF000000FF000000FF000000FF000000FF000000FF000000FF000000FF000000FF000000FF000000FF000000FF000000FF000000FF000000FF000000FF000000FF000000FF000000FF000000FF000000FF000000FF000000FF000000FF000000FF000000FF000000FF000000FF000000FF000000FF000000FF000000FF000000FF000000FF000000FF000000FF000000FF000000FF000000FF000000FF000000FF000000FF000000FF000000FF000000FF000000FF000000FF000000FF000000FF000000FF000000FF000000FF000000FF000000FF000000FF000000FF000000FF000000FF000000FF000000FF000000FF000000FF000000FF000000FF000000FF000000FF000000FF000000FF000000FF000000FF000000FF000000FF000000FF000000FF000000FF000000FF000000FF000000FF000000FF000000FF000000FF000000FF000000FF000000FF000000FF000000FF000000FF000000FF000000FF000000FF000000FF000000FF000000FF000000FF000000FF000000FF000000FF000000FF000000FF000000FF000000FF000000FF000000FF000000FF000000FF000000FF000000FF000000FF000000FF000000FF000000FF000000FF000000FF000000FF000000FF000000FF000000FF000000FF000000FF000000FF000000FF000000FF000000FF000000FF000000FF000000FF000000FF000000FF000000FF000000FF000000FF000000FF000000FF000000FF000000FF000000FF000000FF000000FF000000FF000000FF000000FF000000FF000000FF000000FF000000FF000000FF000000FF000000FF000000FF000000FF000000FF000000FF000000FF000000FF000000FF000000FF000000FF000000FF000000FF000000FF000000FF000000FF000000FF000000FF000000FF000000FF000000FF000000FF000000FF000000FF000000FF000000FF000000FF000000FF000000FF000000FF000000FF000000FF000000FF000000FF000000FF000000FF000000FF000000FF000000FF000000FF000000FF000000FF000000FF000000FF000000FF000000FF000000FF000000FF000000FF000000FF000000FF000000FF000000FF000000FF000000FF000000FF000000FF000000FF000000FF000000FF000000FF000000FF000000FF000000FF000000FF000000FF000000FF000000FF000000FF000000FF000000FF000000FF000000FF000000FF000000FF000000FF000000FF000000FF000000FF000000FF000000FF000000FF000000FF000000FF000000FF000000FF000000FF000000FF000000FF000000FF000000FF000000FF000000FF000000FF000000FF000000FF000000FF000000FF000000FF000000FF000000FF000000FF000000FF000000FF000000FF000000FF000000FF000000FF000000FF000000FF000000FF000000FF000000FF000000FF000000FF000000FF000000FF000000FF000000FF000000FF000000FF000000FF000000FF000000FF000000FF000000FF000000FF000000FF000000FF000000FF000000FF000000FF000000FF000000FF000000FF000000FF000000FF000000FF000000FF000000FF000000FF000000FF000000FF000000FF000000FF000000FF000000FF000000FF000000FF000000FF000000FF000000FF000000FF000000FF000000FF000000FF000000FF000000FF000000FF000000FF000000FF000000FF000000FF000000FF000000FF000000FF000000FF000000FF000000FF000000FF000000FF000000FF000000FF000000FF000000FF000000FF000000FF000000FF000000FF000000FF000000FF000000FF000000FF000000FF000000FF000000FF000000FF000000FF000000FF000000FF000000FF000000FF000000FF000000FF000000FF000000FF000000FF000000FF000000FF000000FF000000FF000000FF000000FF000000FF000000FF000000FF000000FF000000FF000000FF000000FF000000FF000000FF000000FF000000FF000000FF000000FF000000FF000000FF000000FF000000FF000000FF000000FF000000FF000000FF000000FF000000FF000000FF000000FF000000FF000000FF000000FF000000FF000000FF000000FF000000FF000000FF000000FF000000FF000000FF000000FF000000FF000000FF000000FF000000FF000000FF000000FF000000FF000000FF000000FF000000FF000000FF000000FF000000FF000000FF000000FF000000FF000000FF000000FF000000FF000000FF000000FF000000FF000000FF000000FF000000FF000000FF000000FF000000FF000000FF000000FF000000FF000000FF000000FF000000FF000000FF000000FF000000FF000000FF000000FF000000FF000000FF000000FF000000FF000000FF000000FF000000FF000000FF000000FF000000FF000000FF000000FF000000FF000000FF000000FF000000FF000000FF000000FF000000FF000000FF000000FF000000FF000000FF000000FF000000FF000000FF000000FF000000FF000000FF000000FF000000FF000000FF000000FF000000FF000000FF000000FF000000FF000000FF000000FF000000FF000000FF000000FF000000FF000000FF000000FF000000FF000000FF000000FF000000FF000000FF000000FF000000FF000000FF000000FF000000FF000000FF000000FF000000FF000000FF000000FF000000FF000000FF000000FF000000FF000000FF000000FF000000FF000000FF000000FF000000FF000000FF000000FF000000FF000000FF000000FF000000FF000000FF000000FF000000FF000000FF000000FF000000FF000000FF000000FF000000FF000000FF000000FF000000FF000000FF000000FF000000FF000000FF000000FF000000FF000000FF000000FF000000FF000000FF000000FF000000FF000000FF000000FF000000FF000000FF000000FF000000FF000000FF000000FF000000FF000000FF000000FF000000FF000000FF000000FF000000FF000000FF000000FF000000FF000000FF000000FF000000FF000000FF000000FF000000FF000000FF000000FF000000FF000000FF000000FF000000FF000000FF000000FF000000FF000000FF000000FF000000FF000000FF000000FF000000FF000000FF000000FF000000FF000000FF000000FF000000FF000000FF000000FF000000FF000000FF000000FF000000FF000000FF000000FF000000FF000000FF000000FF000000FF000000FF000000FF000000FF000000FF000000FF000000FF000000FF000000FF000000FF000000FF000000FF000000FF000000FF000000FF000000FF000000FF000000FF000000FF000000FF000000FF000000FF000000FF000000FF000000FF000000FF000000FF000000FF000000FF000000FF000000FF000000FF000000FF000000FF000000FF000000FF000000FF000000FF000000FF000000FF000000FF000000FF000000FF000000FF000000FF000000FF000000FF000000FF000000FF000000FF000000FF000000FF000000FF000000FF000000FF000000FF000000FF000000FF000000FF000000FF000000FF000000FF000000FF000000FF000000FF000000FF000000FF000000FF000000FF000000FF000000FF000000FF000000FF000000FF000000FF000000FF000000FF000000FF000000FF000000FF000000FF000000FF000000FF000000FF000000FF000000FF000000FF000000FF000000FF000000FF000000FF000000FF000000FF000000FF000000FF000000FF000000FF000000FF000000FF000000FF000000FF000000FF000000FF000000FF000000FF000000FF000000FF000000FF000000FF000000FF000000FF000000FF000000FF000000FF000000FF000000FF000000FF000000FF000000FF000000FF000000FF000000FF000000FF000000FF000000FF000000FF000000FF000000FF000000FF000000FF000000FF000000FF000000FF000000FF000000FF000000FF000000FF000000FF000000FF000000FF000000FF000000FF000000FF000000FF000000FF000000FF000000FF000000FF000000FF000000FF000000FF000000FF000000FF000000FF000000FF000000FF000000FF000000FF000000FF000000FF000000FF000000FF000000FF000000FF000000FF000000FF000000FF000000FF000000FF000000FF000000FF000000FF000000FF000000FF000000FF000000FF000000FF000000FF000000FF000000FF000000FF000000FF000000FF000000FF000000FF000000FF000000FF000000FF000000FF000000FF000000FF000000FF000000FF000000FF000000FF000000FF000000FF000000FF000000FF000000FF000000FF000000FF000000FF000000FF000000FF000000FF000000FF000000FF000000FF000000FF000000FF000000FF000000FF000000FF000000FF000000FF000000FF000000FF000000FF000000FF000000FF000000FF000000FF000000FF000000FF000000FF000000FF000000FF000000FF000000FF000000FF000000FF000000FF000000FF000000FF000000FF000000FF000000FF000000FF000000FF000000FF000000FF000000FF000000FF000000FF000000FF000000FF000000FF000000FF000000FF000000FF000000FF000000FF000000FF000000FF000000FF000000FF000000FF000000FF000000FF000000FF000000FF000000FF000000FF000000FF000000FF000000FF000000FF000000FF000000FF000000FF000000FF000000FF000000FF000000FF000000FF000000FF000000FF000000FF000000FF000000FF000000FF000000FF000000FF000000FF000000FF000000FF000000FF000000FF000000FF000000FF000000FF000000FF000000FF000000FF000000FF000000FF000000FF000000FF000000FF000000FF000000FF000000FF000000FF000000FF000000FF000000FF000000FF000000FF000000FF000000FF000000FF000000FF000000FF000000FF000000FF000000FF000000FF000000FF000000FF000000FF000000FF000000FF000000FF000000FF000000FF000000FF000000FF000000FF000000FF000000FF000000FF000000FF000000FF000000FF000000FF000000FF000000FF000000FF000000FF000000FF000000FF000000FF000000FF000000FF000000FF000000FF000000FF000000FF000000FF000000FF000000FF000000FF000000FF000000FF000000FF000000FF000000FF000000FF000000FF000000FF000000FF000000FF000000FF000000FF000000FF000000FF000000FF000000FF000000FF000000FF000000FF000000FF000000FF000000FF000000FF000000FF000000FF000000FF000000FF000000FF000000FF000000FF000000FF000000FF000000FF000000FF000000FF000000FF000000FF000000FF000000FF000000FF000000FF000000FF000000FF000000FF000000FF000000FF000000FF000000FF000000FF000000FF000000FF000000FF000000FF000000FF000000FF000000FF000000FF000000FF000000FF000000FF000000FF000000FF000000FF000000FF000000FF000000FF000000FF000000FF000000FF000000FF000000FF000000FF000000FF000000FF000000FF000000FF000000FF000000FF000000FF000000FF000000FF000000FF000000FF000000FF000000FF000000FF000000FF000000FF000000FF000000FF000000FF000000FF000000FF000000FF000000FF000000FF000000FF000000FF000000FF000000FF000000FF000000FF000000FF000000FF000000FF000000FF000000FF000000FF000000FF000000FF000000FF000000FF000000FF000000FF000000FF000000FF000000FF000000FF000000FF000000FF000000FF000000FF000000FF000000FF000000FF000000FF000000FF000000FF000000FF000000FF000000FF000000FF000000FF000000FF000000FF000000FF000000FF000000FF000000FF000000FF000000FF000000FF000000FF000000FF000000FF000000FF000000FF000000FF000000FF000000FF000000FF000000FF000000FF000000FF000000FF000000FF000000FF000000FF000000FF000000FF000000FF000000FF000000FF000000FF000000FF000000FF000000FF000000FF000000FF000000FF000000FF000000FF000000FF000000FF000000FF000000FF000000FF000000FF000000FF000000FF000000FF000000FF000000FF000000FF000000FF000000FF000000FF000000FF000000FF000000FF000000FF000000FF000000FF000000FF000000FF000000FF000000FF000000FF000000FF000000FF000000FF000000FF000000FF000000FF000000FF000000FF000000FF000000FF000000FF000000FF000000FF000000FF000000FF000000FF000000FF000000FF000000FF000000FF000000FF000000FF000000FF000000FF000000FF000000FF000000FF000000FF000000FF000000FF000000FF000000FF000000FF000000FF000000FF000000FF000000FF000000FF000000FF000000FF000000FF000000FF000000FF000000FF000000FF000000FF000000FF000000FF000000FF000000FF000000FF000000FF000000FF000000FF000000FF000000FF000000FF000000FF000000FF000000FF000000FF000000FF000000FF000000FF000000FF000000FF000000FF000000FF000000FF000000FF000000FF000000FF000000FF000000FF000000FF000000FF000000FF000000FF000000FF000000FF000000FF», «class TPIC»:«data TPIC00000A00000000000000000030028001202885000000FF8599FD2BFF87000000FF8599FD2BFF95000000FF8599FD2BFF83000000FF8999FD2BFF91000000FF8999FD2BFF85000000FF8599FD2BFF95000000FF8599FD2BFF87000000FF8599FD2BFF99000000FF8199FD2BFF89000000FF8599FD2BFFFF000000FFFF000000FFED000000FF85000000FF8599FD2BFF87000000FF8599FD2BFF95000000FF8599FD2BFF83000000FF8999FD2BFF91000000FF8999FD2BFF85000000FF8599FD2BFF95000000FF8599FD2BFF87000000FF8599FD2BFF99000000FF8199FD2BFF89000000FF8599FD2BFFFF000000FFFF000000FFED000000FF83000000FF8199FD2BFF8B000000FF8199FD2BFF99000000FF8199FD2BFF89000000FF8199FD2BFFA1000000FF8199FD2BFF83000000FF8199FD2BFF85000000FF8199FD2BFF91000000FF8199FD2BFF85000000FF8199FD2BFF83000000FF8199FD2BFF85000000FF8199FD2BFF95000000FF8399FD2BFF87000000FF8199FD2BFFFF000000FFFF000000FFF3000000FF83000000FF8199FD2BFF8B000000FF8199FD2BFF99000000FF8199FD2BFF89000000FF8199FD2BFFA1000000FF8199FD2BFF83000000FF8199FD2BFF85000000FF8199FD2BFF91000000FF8199FD2BFF85000000FF8199FD2BFF83000000FF8199FD2BFF85000000FF8199FD2BFF95000000FF8399FD2BFF87000000FF8199FD2BFFFF000000FFFF000000FFF3000000FF81000000FF8199FD2BFF8B000000FF8199FD2BFF99000000FF8199FD2BFF8B000000FF8799FD2BFF99000000FF8199FD2BFF8D000000FF8199FD2BFF99000000FF8199FD2BFF83000000FF8199FD2BFF83000000FF8399FD2BFF93000000FF8199FD2BFF81000000FF8199FD2BFF85000000FF8199FD2BFFFF000000FFFF000000FFF5000000FF81000000FF8199FD2BFF8B000000FF8199FD2BFF99000000FF8199FD2BFF8B000000FF8799FD2BFF99000000FF8199FD2BFF8D000000FF8199FD2BFF99000000FF8199FD2BFF83000000FF8199FD2BFF83000000FF8399FD2BFF93000000FF8199FD2BFF81000000FF8199FD2BFF85000000FF8199FD2BFFFF000000FFFF000000FFF5000000FF81000000FF8799FD2BFF85000000FF8799FD2BFF93000000FF8799FD2BFF8D000000FF8199FD2BFF95000000FF8199FD2BFF8B000000FF8399FD2BFF97000000FF8399FD2BFF85000000FF8199FD2BFF81000000FF8199FD2BFF81000000FF8199FD2BFF91000000FF8199FD2BFF83000000FF8199FD2BFF85000000FF8799FD2BFFFF000000FFFF000000FFEF000000FF81000000FF8799FD2BFF85000000FF8799FD2BFF93000000FF8799FD2BFF8D000000FF8199FD2BFF95000000FF8199FD2BFF8B000000FF8399FD2BFF97000000FF8399FD2BFF85000000FF8199FD2BFF81000000FF8199FD2BFF81000000FF8199FD2BFF91000000FF8199FD2BFF83000000FF8199FD2BFF85000000FF8799FD2BFFFF000000FFFF000000FFEF000000FF81000000FF8199FD2BFF85000000FF8199FD2BFF83000000FF8199FD2BFF85000000FF8199FD2BFF91000000FF8199FD2BFF85000000FF8199FD2BFF8B000000FF8199FD2BFF93000000FF8199FD2BFF8B000000FF8199FD2BFF99000000FF8199FD2BFF89000000FF8399FD2BFF83000000FF8199FD2BFF91000000FF8999FD2BFF83000000FF8199FD2BFF85000000FF8199FD2BFFFF000000FFFF000000FFED000000FF81000000FF8199FD2BFF85000000FF8199FD2BFF83000000FF8199FD2BFF85000000FF8199FD2BFF91000000FF8199FD2BFF85000000FF8199FD2BFF8B000000FF8199FD2BFF93000000FF8199FD2BFF8B000000FF8199FD2BFF99000000FF8199FD2BFF89000000FF8399FD2BFF83000000FF8199FD2BFF91000000FF8999FD2BFF83000000FF8199FD2BFF85000000FF8199FD2BFFFF000000FFFF000000FFED000000FF81000000FF8199FD2BFF85000000FF8199FD2BFF83000000FF8199FD2BFF85000000FF8199FD2BFF91000000FF8199FD2BFF85000000FF8199FD2BFF83000000FF8199FD2BFF85000000FF8199FD2BFF93000000FF8199FD2BFF89000000FF8199FD2BFF99000000FF8199FD2BFF8B000000FF8199FD2BFF85000000FF8199FD2BFF97000000FF8199FD2BFF85000000FF8199FD2BFF85000000FF8199FD2BFFFF000000FFFF000000FFED000000FF81000000FF8199FD2BFF85000000FF8199FD2BFF83000000FF8199FD2BFF85000000FF8199FD2BFF91000000FF8199FD2BFF85000000FF8199FD2BFF83000000FF8199FD2BFF85000000FF8199FD2BFF93000000FF8199FD2BFF89000000FF8199FD2BFF99000000FF8199FD2BFF8B000000FF8199FD2BFF85000000FF8199FD2BFF97000000FF8199FD2BFF85000000FF8199FD2BFF85000000FF8199FD2BFFFF000000FFFF000000FFED000000FF83000000FF8599FD2BFF87000000FF8599FD2BFF95000000FF8599FD2BFF87000000FF8599FD2BFF95000000FF8199FD2BFF89000000FF8999FD2BFF91000000FF8999FD2BFF85000000FF8599FD2BFF99000000FF8199FD2BFF87000000FF8599FD2BFFFF000000FFFF000000FFEF000000FF83000000FF8599FD2BFF87000000FF8599FD2BFF95000000FF8599FD2BFF87000000FF8599FD2BFF95000000FF8199FD2BFF89000000FF8999FD2BFF91000000FF8999FD2BFF85000000FF8599FD2BFF99000000FF8199FD2BFF87000000FF8599FD2BFFFF000000FFFF000000FFEF000000FFFF000000FFFF000000FFFF000000FFFF000000FFAF000000FFFF000000FFFF000000FFFF000000FFFF000000FFAF000000FFFF000000FFFF000000FFFF000000FFFF000000FFAF000000FFFF000000FFFF000000FFFF000000FFFF000000FFAF000000FFFF000000FFFF000000FFFF000000FFFF000000FFAF000000FFFF000000FFFF000000FFFF000000FFFF000000FFAF000000FFFF000000FFFF000000FFFF000000FFFF000000FFAF000000FFFF000000FFFF000000FFFF000000FFFF000000FFAF000000FFFF000000FFFF000000FFFF000000FFFF000000FFAF000000FFFF000000FFFF000000FFFF000000FFFF000000FFAF000000FFFF000000FFFF000000FFFF000000FFFF000000FFAF000000FFFF000000FFFF000000FFFF000000FFFF000000FFAF000000FFFF000000FFFF000000FFFF000000FFFF000000FFAF000000FFFF000000FFFF000000FFFF000000FFFF000000FFAF000000FFFF000000FFFF000000FFFF000000FFFF000000FFAF000000FFFF000000FFFF000000FFFF000000FFFF000000FFAF000000FFFF000000FFFF000000FFFF000000FFFF000000FFAF000000FFFF000000FFFF000000FFFF000000FFFF000000FFAF000000FF85000000FF8199FD2BFF89000000FF8599FD2BFF85000000FF8799FD2BFF85000000FF8799FD2BFF87000000FF8599FD2BFFA1000000FF8999FD2BFF83000000FF8999FD2BFF95000000FF8599FD2BFF85000000FF8599FD2BFF97000000FF8599FD2BFF85000000FF8599FD2BFF95000000FF8599FD2BFF85000000FF8799FD2BFF95000000FF8599FD2BFF87000000FF8599FD2BFF99000000FF8199FD2BFF85000000FF8999FD2BFF91000000FF8999FD2BFF85000000FF8599FD2BFF93000000FF8999FD2BFF85000000FF8599FD2BFF97000000FF8599FD2BFF83000000FF8999FD2BFF91000000FF8999FD2BFF85000000FF8599FD2BFF93000000FF8999FD2BFF87000000FF8199FD2BFF93000000FF85000000FF8199FD2BFF89000000FF8599FD2BFF85000000FF8799FD2BFF85000000FF8799FD2BFF87000000FF8599FD2BFFA1000000FF8999FD2BFF83000000FF8999FD2BFF95000000FF8599FD2BFF85000000FF8599FD2BFF97000000FF8599FD2BFF85000000FF8599FD2BFF95000000FF8599FD2BFF85000000FF8799FD2BFF95000000FF8599FD2BFF87000000FF8599FD2BFF99000000FF8199FD2BFF85000000FF8999FD2BFF91000000FF8999FD2BFF85000000FF8599FD2BFF93000000FF8999FD2BFF85000000FF8599FD2BFF97000000FF8599FD2BFF83000000FF8999FD2BFF91000000FF8999FD2BFF85000000FF8599FD2BFF93000000FF8999FD2BFF87000000FF8199FD2BFF93000000FF81000000FF8199FD2BFF81000000FF8199FD2BFF81000000FF8199FD2BFF83000000FF8199FD2BFF85000000FF8199FD2BFF83000000FF8199FD2BFF85000000FF8199FD2BFF83000000FF8199FD2BFF85000000FF8199FD2BFF83000000FF8199FD2BFF85000000FF8199FD2BFFA7000000FF8199FD2BFF83000000FF8199FD2BFF9B000000FF8199FD2BFF89000000FF8199FD2BFF85000000FF8199FD2BFF93000000FF8199FD2BFF89000000FF8199FD2BFF85000000FF8199FD2BFF91000000FF8199FD2BFF85000000FF8199FD2BFF83000000FF8199FD2BFF85000000FF8199FD2BFF91000000FF8199FD2BFF85000000FF8199FD2BFF83000000FF8199FD2BFF85000000FF8199FD2BFF95000000FF8399FD2BFF85000000FF8199FD2BFFA1000000FF8199FD2BFF83000000FF8199FD2BFF85000000FF8199FD2BFF99000000FF8199FD2BFF83000000FF8199FD2BFF85000000FF8199FD2BFF93000000FF8199FD2BFF89000000FF8199FD2BFFA1000000FF8199FD2BFF83000000FF8199FD2BFF85000000FF8199FD2BFF99000000FF8199FD2BFF85000000FF8199FD2BFF81000000FF8199FD2BFF91000000FF81000000FF8199FD2BFF81000000FF8199FD2BFF81000000FF8199FD2BFF83000000FF8199FD2BFF85000000FF8199FD2BFF83000000FF8199FD2BFF85000000FF8199FD2BFF83000000FF8199FD2BFF85000000FF8199FD2BFF83000000FF8199FD2BFF85000000FF8199FD2BFFA7000000FF8199FD2BFF83000000FF8199FD2BFF9B000000FF8199FD2BFF89000000FF8199FD2BFF85000000FF8199FD2BFF93000000FF8199FD2BFF89000000FF8199FD2BFF85000000FF8199FD2BFF91000000FF8199FD2BFF85000000FF8199FD2BFF83000000FF8199FD2BFF85000000FF8199FD2BFF91000000FF8199FD2BFF85000000FF8199FD2BFF83000000FF8199FD2BFF85000000FF8199FD2BFF95000000FF8399FD2BFF85000000FF8199FD2BFFA1000000FF8199FD2BFF83000000FF8199FD2BFF85000000FF8199FD2BFF99000000FF8199FD2BFF83000000FF8199FD2BFF85000000FF8199FD2BFF93000000FF8199FD2BFF89000000FF8199FD2BFFA1000000FF8199FD2BFF83000000FF8199FD2BFF85000000FF8199FD2BFF99000000FF8199FD2BFF85000000FF8199FD2BFF81000000FF8199FD2BFF91000000FF83000000FF8599FD2BFF8D000000FF8199FD2BFF83000000FF8199FD2BFF85000000FF8199FD2BFF83000000FF8199FD2BFF85000000FF8199FD2BFF83000000FF8199FD2BFF83000000FF8399FD2BFF87000000FF8199FD2BFF9B000000FF8199FD2BFF85000000FF8799FD2BFF93000000FF8199FD2BFF8B000000FF8199FD2BFF99000000FF8199FD2BFF8B000000FF8199FD2BFF99000000FF8199FD2BFF83000000FF8399FD2BFF83000000FF8199FD2BFF85000000FF8199FD2BFF91000000FF8199FD2BFF83000000FF8399FD2BFF83000000FF8199FD2BFF83000000FF8399FD2BFF93000000FF8199FD2BFF81000000FF8199FD2BFF85000000FF8799FD2BFF99000000FF8199FD2BFF8D000000FF8199FD2BFF97000000FF8199FD2BFF8D000000FF8199FD2BFF91000000FF8199FD2BFF8B000000FF8199FD2BFF9F000000FF8199FD2BFF8D000000FF8199FD2BFF97000000FF8199FD2BFF85000000FF8199FD2BFF85000000FF8199FD2BFF8F000000FF83000000FF8599FD2BFF8D000000FF8199FD2BFF83000000FF8199FD2BFF85000000FF8199FD2BFF83000000FF8199FD2BFF85000000FF8199FD2BFF83000000FF8199FD2BFF83000000FF8399FD2BFF87000000FF8199FD2BFF9B000000FF8199FD2BFF85000000FF8799FD2BFF93000000FF8199FD2BFF8B000000FF8199FD2BFF99000000FF8199FD2BFF8B000000FF8199FD2BFF99000000FF8199FD2BFF83000000FF8399FD2BFF83000000FF8199FD2BFF85000000FF8199FD2BFF91000000FF8199FD2BFF83000000FF8399FD2BFF83000000FF8199FD2BFF83000000FF8399FD2BFF93000000FF8199FD2BFF81000000FF8199FD2BFF85000000FF8799FD2BFF99000000FF8199FD2BFF8D000000FF8199FD2BFF97000000FF8199FD2BFF8D000000FF8199FD2BFF91000000FF8199FD2BFF8B000000FF8199FD2BFF9F000000FF8199FD2BFF8D000000FF8199FD2BFF97000000FF8199FD2BFF85000000FF8199FD2BFF85000000FF8199FD2BFF8F000000FF85000000FF8199FD2BFF8B000000FF8399FD2BFF85000000FF8199FD2BFF85000000FF8199FD2BFF83000000FF8799FD2BFF85000000FF8199FD2BFF81000000FF8199FD2BFF81000000FF8199FD2BFFA3000000FF8199FD2BFF8F000000FF8199FD2BFF91000000FF8799FD2BFF85000000FF8199FD2BFF99000000FF8799FD2BFF85000000FF8199FD2BFF99000000FF8199FD2BFF81000000FF8199FD2BFF81000000FF8199FD2BFF83000000FF8199FD2BFF85000000FF8199FD2BFF91000000FF8199FD2BFF81000000FF8199FD2BFF81000000FF8199FD2BFF83000000FF8199FD2BFF81000000FF8199FD2BFF81000000FF8199FD2BFF91000000FF8199FD2BFF83000000FF8199FD2BFF8D000000FF8199FD2BFF95000000FF8199FD2BFF8B000000FF8399FD2BFF97000000FF8199FD2BFF8B000000FF8399FD2BFF93000000FF8799FD2BFF85000000FF8799FD2BFF97000000FF8199FD2BFF8B000000FF8399FD2BFF97000000FF8399FD2BFF85000000FF8199FD2BFF85000000FF8199FD2BFF8F000000FF85000000FF8199FD2BFF8B000000FF8399FD2BFF85000000FF8199FD2BFF85000000FF8199FD2BFF83000000FF8799FD2BFF85000000FF8199FD2BFF81000000FF8199FD2BFF81000000FF8199FD2BFFA3000000FF8199FD2BFF8F000000FF8199FD2BFF91000000FF8799FD2BFF85000000FF8199FD2BFF99000000FF8799FD2BFF85000000FF8199FD2BFF99000000FF8199FD2BFF81000000FF8199FD2BFF81000000FF8199FD2BFF83000000FF8199FD2BFF85000000FF8199FD2BFF91000000FF8199FD2BFF81000000FF8199FD2BFF81000000FF8199FD2BFF83000000FF8199FD2BFF81000000FF8199FD2BFF81000000FF8199FD2BFF91000000FF8199FD2BFF83000000FF8199FD2BFF8D000000FF8199FD2BFF95000000FF8199FD2BFF8B000000FF8399FD2BFF97000000FF8199FD2BFF8B000000FF8399FD2BFF93000000FF8799FD2BFF85000000FF8799FD2BFF97000000FF8199FD2BFF8B000000FF8399FD2BFF97000000FF8399FD2BFF85000000FF8199FD2BFF85000000FF8199FD2BFF8F000000FF83000000FF8599FD2BFF87000000FF8199FD2BFF89000000FF8199FD2BFF85000000FF8199FD2BFF83000000FF8199FD2BFF85000000FF8199FD2BFF83000000FF8399FD2BFF83000000FF8199FD2BFF87000000FF8199FD2BFF97000000FF8199FD2BFF91000000FF8199FD2BFF91000000FF8199FD2BFF85000000FF8199FD2BFF83000000FF8199FD2BFF99000000FF8199FD2BFF85000000FF8199FD2BFF83000000FF8199FD2BFF99000000FF8399FD2BFF83000000FF8199FD2BFF83000000FF8199FD2BFF85000000FF8199FD2BFF91000000FF8399FD2BFF83000000FF8199FD2BFF83000000FF8399FD2BFF83000000FF8199FD2BFF91000000FF8999FD2BFF8B000000FF8199FD2BFF93000000FF8199FD2BFF8B000000FF8199FD2BFF99000000FF8199FD2BFF8B000000FF8199FD2BFF97000000FF8199FD2BFF85000000FF8199FD2BFF83000000FF8199FD2BFF9B000000FF8199FD2BFF8B000000FF8199FD2BFF9F000000FF8199FD2BFF83000000FF8999FD2BFF8F000000FF83000000FF8599FD2BFF87000000FF8199FD2BFF89000000FF8199FD2BFF85000000FF8199FD2BFF83000000FF8199FD2BFF85000000FF8199FD2BFF83000000FF8399FD2BFF83000000FF8199FD2BFF87000000FF8199FD2BFF97000000FF8199FD2BFF91000000FF8199FD2BFF91000000FF8199FD2BFF85000000FF8199FD2BFF83000000FF8199FD2BFF99000000FF8199FD2BFF85000000FF8199FD2BFF83000000FF8199FD2BFF99000000FF8399FD2BFF83000000FF8199FD2BFF83000000FF8199FD2BFF85000000FF8199FD2BFF91000000FF8399FD2BFF83000000FF8199FD2BFF83000000FF8399FD2BFF83000000FF8199FD2BFF91000000FF8999FD2BFF8B000000FF8199FD2BFF93000000FF8199FD2BFF8B000000FF8199FD2BFF99000000FF8199FD2BFF8B000000FF8199FD2BFF97000000FF8199FD2BFF85000000FF8199FD2BFF83000000FF8199FD2BFF9B000000FF8199FD2BFF8B000000FF8199FD2BFF9F000000FF8199FD2BFF83000000FF8999FD2BFF8F000000FF81000000FF8199FD2BFF81000000FF8199FD2BFF81000000FF8199FD2BFF83000000FF8199FD2BFF8B000000FF8199FD2BFF85000000FF8199FD2BFF83000000FF8199FD2BFF85000000FF8199FD2BFF83000000FF8199FD2BFF85000000FF8199FD2BFFA1000000FF8199FD2BFF89000000FF8199FD2BFF85000000FF8199FD2BFF91000000FF8199FD2BFF85000000FF8199FD2BFF83000000FF8199FD2BFF85000000FF8199FD2BFF91000000FF8199FD2BFF85000000FF8199FD2BFF83000000FF8199FD2BFF85000000FF8199FD2BFF91000000FF8199FD2BFF85000000FF8199FD2BFF83000000FF8199FD2BFF85000000FF8199FD2BFF91000000FF8199FD2BFF85000000FF8199FD2BFF83000000FF8199FD2BFF85000000FF8199FD2BFF97000000FF8199FD2BFF85000000FF8199FD2BFF85000000FF8199FD2BFF93000000FF8199FD2BFF89000000FF8199FD2BFF9B000000FF8199FD2BFF89000000FF8199FD2BFF99000000FF8199FD2BFF85000000FF8199FD2BFF83000000FF8199FD2BFF9B000000FF8199FD2BFF89000000FF8199FD2BFF99000000FF8199FD2BFF85000000FF8199FD2BFF83000000FF8199FD2BFF85000000FF8199FD2BFF8F000000FF81000000FF8199FD2BFF81000000FF8199FD2BFF81000000FF8199FD2BFF83000000FF8199FD2BFF8B000000FF8199FD2BFF85000000FF8199FD2BFF83000000FF8199FD2BFF85000000FF8199FD2BFF83000000FF8199FD2BFF85000000FF8199FD2BFFA1000000FF8199FD2BFF89000000FF8199FD2BFF85000000FF8199FD2BFF91000000FF8199FD2BFF85000000FF8199FD2BFF83000000FF8199FD2BFF85000000FF8199FD2BFF91000000FF8199FD2BFF85000000FF8199FD2BFF83000000FF8199FD2BFF85000000FF8199FD2BFF91000000FF8199FD2BFF85000000FF8199FD2BFF83000000FF8199FD2BFF85000000FF8199FD2BFF91000000FF8199FD2BFF85000000FF8199FD2BFF83000000FF8199FD2BFF85000000FF8199FD2BFF97000000FF8199FD2BFF85000000FF8199FD2BFF85000000FF8199FD2BFF93000000FF8199FD2BFF89000000FF8199FD2BFF9B000000FF8199FD2BFF89000000FF8199FD2BFF99000000FF8199FD2BFF85000000FF8199FD2BFF83000000FF8199FD2BFF9B000000FF8199FD2BFF89000000FF8199FD2BFF99000000FF8199FD2BFF85000000FF8199FD2BFF83000000FF8199FD2BFF85000000FF8199FD2BFF8F000000FF85000000FF8199FD2BFF87000000FF8999FD2BFF83000000FF8799FD2BFF85000000FF8799FD2BFF87000000FF8599FD2BFFA3000000FF8199FD2BFF8B000000FF8599FD2BFF95000000FF8599FD2BFF87000000FF8599FD2BFF95000000FF8599FD2BFF87000000FF8599FD2BFF95000000FF8599FD2BFF85000000FF8799FD2BFF95000000FF8599FD2BFF87000000FF8599FD2BFF99000000FF8199FD2BFF87000000FF8599FD2BFF95000000FF8199FD2BFF89000000FF8999FD2BFF93000000FF8199FD2BFF89000000FF8999FD2BFF93000000FF8599FD2BFF85000000FF8199FD2BFF9B000000FF8199FD2BFF89000000FF8999FD2BFF93000000FF8599FD2BFF85000000FF8199FD2BFF85000000FF8199FD2BFF8F000000FF85000000FF8199FD2BFF87000000FF8999FD2BFF83000000FF8799FD2BFF85000000FF8799FD2BFF87000000FF8599FD2BFFA3000000FF8199FD2BFF8B000000FF8599FD2BFF95000000FF8599FD2BFF87000000FF8599FD2BFF95000000FF8599FD2BFF87000000FF8599FD2BFF95000000FF8599FD2BFF85000000FF8799FD2BFF95000000FF8599FD2BFF87000000FF8599FD2BFF99000000FF8199FD2BFF87000000FF8599FD2BFF95000000FF8199FD2BFF89000000FF8999FD2BFF93000000FF8199FD2BFF89000000FF8999FD2BFF93000000FF8599FD2BFF85000000FF8199FD2BFF9B000000FF8199FD2BFF89000000FF8999FD2BFF93000000FF8599FD2BFF85000000FF8199FD2BFF85000000FF8199FD2BFF8F000000FFFF000000FFFF000000FFFF000000FFFF000000FFAF000000FFFF000000FFFF000000FFFF000000FFFF000000FFAF000000FF83000000FF8599FD2BFF87000000FF8599FD2BFF93000000FF8999FD2BFF89000000FF8199FD2BFF97000000FF8599FD2BFF83000000FF8999FD2BFF95000000FF8599FD2BFF83000000FF8999FD2BFF93000000FF8599FD2BFF87000000FF8599FD2BFFFF000000FFFF000000FFEF000000FF83000000FF8599FD2BFF87000000FF8599FD2BFF93000000FF8999FD2BFF89000000FF8199FD2BFF97000000FF8599FD2BFF83000000FF8999FD2BFF95000000FF8599FD2BFF83000000FF8999FD2BFF93000000FF8599FD2BFF87000000FF8599FD2BFFFF000000FFFF000000FFEF000000FF81000000FF8199FD2BFF85000000FF8199FD2BFF83000000FF8199FD2BFF85000000FF8199FD2BFF91000000FF8199FD2BFF8F000000FF8399FD2BFF95000000FF8199FD2BFF89000000FF8199FD2BFF9B000000FF8199FD2BFF89000000FF8199FD2BFF99000000FF8199FD2BFF85000000FF8199FD2BFF83000000FF8199FD2BFF85000000FF8199FD2BFFFF000000FFFF000000FFED000000FF81000000FF8199FD2BFF85000000FF8199FD2BFF83000000FF8199FD2BFF85000000FF8199FD2BFF91000000FF8199FD2BFF8F000000FF8399FD2BFF95000000FF8199FD2BFF89000000FF8199FD2BFF9B000000FF8199FD2BFF89000000FF8199FD2BFF99000000FF8199FD2BFF85000000FF8199FD2BFF83000000FF8199FD2BFF85000000FF8199FD2BFFFF000000FFFF000000FFED000000FF89000000FF8199FD2BFF83000000FF8199FD2BFF83000000FF8399FD2BFF91000000FF8799FD2BFF87000000FF8199FD2BFF81000000FF8199FD2BFF93000000FF8199FD2BFF8B000000FF8199FD2BFF99000000FF8199FD2BFF8B000000FF8199FD2BFFA1000000FF8199FD2BFF83000000FF8199FD2BFF83000000FF8399FD2BFFFF000000FFFF000000FFED000000FF89000000FF8199FD2BFF83000000FF8199FD2BFF83000000FF8399FD2BFF91000000FF8799FD2BFF87000000FF8199FD2BFF81000000FF8199FD2BFF93000000FF8199FD2BFF8B000000FF8199FD2BFF99000000FF8199FD2BFF8B000000FF8199FD2BFFA1000000FF8199FD2BFF83000000FF8199FD2BFF83000000FF8399FD2BFFFF000000FFFF000000FFED000000FF85000000FF8399FD2BFF85000000FF8199FD2BFF81000000FF8199FD2BFF81000000FF8199FD2BFF99000000FF8199FD2BFF83000000FF8199FD2BFF83000000FF8199FD2BFF93000000FF8799FD2BFF85000000FF8799FD2BFF93000000FF8799FD2BFF85000000FF8799FD2BFF97000000FF8399FD2BFF85000000FF8199FD2BFF81000000FF8199FD2BFF81000000FF8199FD2BFFFF000000FFFF000000FFED000000FF85000000FF8399FD2BFF85000000FF8199FD2BFF81000000FF8199FD2BFF81000000FF8199FD2BFF99000000FF8199FD2BFF83000000FF8199FD2BFF83000000FF8199FD2BFF93000000FF8799FD2BFF85000000FF8799FD2BFF93000000FF8799FD2BFF85000000FF8799FD2BFF97000000FF8399FD2BFF85000000FF8199FD2BFF81000000FF8199FD2BFF81000000FF8199FD2BFFFF000000FFFF000000FFED000000FF83000000FF8199FD2BFF89000000FF8399FD2BFF83000000FF8199FD2BFF99000000FF8199FD2BFF83000000FF8999FD2BFF91000000FF8199FD2BFF85000000FF8199FD2BFF83000000FF8199FD2BFF99000000FF8199FD2BFF85000000FF8199FD2BFF83000000FF8199FD2BFF9B000000FF8199FD2BFF89000000FF8399FD2BFF83000000FF8199FD2BFFFF000000FFFF000000FFED000000FF83000000FF8199FD2BFF89000000FF8399FD2BFF83000000FF8199FD2BFF99000000FF8199FD2BFF83000000FF8999FD2BFF91000000FF8199FD2BFF85000000FF8199FD2BFF83000000FF8199FD2BFF99000000FF8199FD2BFF85000000FF8199FD2BFF83000000FF8199FD2BFF9B000000FF8199FD2BFF89000000FF8399FD2BFF83000000FF8199FD2BFFFF000000FFFF000000FFED000000FF81000000FF8199FD2BFF8B000000FF8199FD2BFF85000000FF8199FD2BFF91000000FF8199FD2BFF85000000FF8199FD2BFF89000000FF8199FD2BFF93000000FF8199FD2BFF85000000FF8199FD2BFF83000000FF8199FD2BFF99000000FF8199FD2BFF85000000FF8199FD2BFF83000000FF8199FD2BFF99000000FF8199FD2BFF8B000000FF8199FD2BFF85000000FF8199FD2BFFFF000000FFFF000000FFED000000FF81000000FF8199FD2BFF8B000000FF8199FD2BFF85000000FF8199FD2BFF91000000FF8199FD2BFF85000000FF8199FD2BFF89000000FF8199FD2BFF93000000FF8199FD2BFF85000000FF8199FD2BFF83000000FF8199FD2BFF99000000FF8199FD2BFF85000000FF8199FD2BFF83000000FF8199FD2BFF99000000FF8199FD2BFF8B000000FF8199FD2BFF85000000FF8199FD2BFFFF000000FFFF000000FFED000000FF81000000FF8999FD2BFF85000000FF8599FD2BFF95000000FF8599FD2BFF8B000000FF8199FD2BFF95000000FF8599FD2BFF85000000FF8199FD2BFF9B000000FF8599FD2BFF85000000FF8199FD2BFF99000000FF8999FD2BFF85000000FF8599FD2BFFFF000000FFFF000000FFEF000000FF81000000FF8999FD2BFF85000000FF8599FD2BFF95000000FF8599FD2BFF8B000000FF8199FD2BFF95000000FF8599FD2BFF85000000FF8199FD2BFF9B000000FF8599FD2BFF85000000FF8199FD2BFF99000000FF8999FD2BFF85000000FF8599FD2BFFFF000000FFFF000000FFEF000000FFFF000000FFFF000000FFFF000000FFFF000000FFAF000000FFFF000000FFFF000000FFFF000000FFFF000000FFAF000000FFFF000000FFFF000000FFFF000000FFFF000000FFAF000000FFFF000000FFFF000000FFFF000000FFFF000000FFAF000000FFFF000000FFFF000000FFFF000000FFFF000000FFAF000000FFFF000000FFFF000000FFFF000000FFFF000000FFAF000000FFFF000000FFFF000000FFFF000000FFFF000000FFAF000000FFFF000000FFFF000000FFFF000000FFFF000000FFAF000000FFFF000000FFFF000000FFFF000000FFFF000000FFAF000000FFFF000000FFFF000000FFFF000000FFFF000000FFAF000000FFFF000000FFFF000000FFFF000000FFFF000000FFAF000000FFFF000000FFFF000000FFFF000000FFFF000000FFAF000000FFFF000000FFFF000000FFFF000000FFFF000000FFAF000000FFFF000000FFFF000000FFFF000000FFFF000000FFAF000000FFFF000000FFFF000000FFFF000000FFFF000000FFAF000000FFFF000000FFFF000000FFFF000000FFFF000000FFAF000000FFFF000000FFFF000000FFFF000000FFFF000000FFAF000000FFFF000000FFFF000000FFFF000000FFFF000000FFAF000000FF85000000FF8199FD2BFF89000000FF8599FD2BFF85000000FF8799FD2BFF87000000FF8599FD2BFF87000000FF8599FD2BFFA7000000FF8199FD2BFF85000000FF8799FD2BFF97000000FF8599FD2BFF87000000FF8199FD2BFF99000000FF8599FD2BFF83000000FF8999FD2BFF91000000FF8999FD2BFF85000000FF8599FD2BFF95000000FF8599FD2BFF87000000FF8599FD2BFF99000000FF8199FD2BFF87000000FF8599FD2BFF97000000FF8599FD2BFF85000000FF8599FD2BFF97000000FF8599FD2BFF83000000FF8999FD2BFF95000000FF8599FD2BFF83000000FF8999FD2BFF91000000FF8999FD2BFF83000000FF8999FD2BFF93000000FF8599FD2BFF85000000FF8799FD2BFF91000000FF85000000FF8199FD2BFF89000000FF8599FD2BFF85000000FF8799FD2BFF87000000FF8599FD2BFF87000000FF8599FD2BFFA7000000FF8199FD2BFF85000000FF8799FD2BFF97000000FF8599FD2BFF87000000FF8199FD2BFF99000000FF8599FD2BFF83000000FF8999FD2BFF91000000FF8999FD2BFF85000000FF8599FD2BFF95000000FF8599FD2BFF87000000FF8599FD2BFF99000000FF8199FD2BFF87000000FF8599FD2BFF97000000FF8599FD2BFF85000000FF8599FD2BFF97000000FF8599FD2BFF83000000FF8999FD2BFF95000000FF8599FD2BFF83000000FF8999FD2BFF91000000FF8999FD2BFF83000000FF8999FD2BFF93000000FF8599FD2BFF85000000FF8799FD2BFF91000000FF81000000FF8199FD2BFF81000000FF8199FD2BFF81000000FF8199FD2BFF83000000FF8199FD2BFF85000000FF8199FD2BFF83000000FF8199FD2BFF85000000FF8199FD2BFF83000000FF8199FD2BFF85000000FF8199FD2BFF83000000FF8199FD2BFF85000000FF8199FD2BFFA3000000FF8399FD2BFF85000000FF8199FD2BFF85000000FF8199FD2BFF93000000FF8199FD2BFF8B000000FF8399FD2BFF97000000FF8199FD2BFF89000000FF8199FD2BFFA1000000FF8199FD2BFF83000000FF8199FD2BFF85000000FF8199FD2BFF91000000FF8199FD2BFF85000000FF8199FD2BFF83000000FF8199FD2BFF85000000FF8199FD2BFF95000000FF8399FD2BFF85000000FF8199FD2BFF85000000FF8199FD2BFF93000000FF8199FD2BFF89000000FF8199FD2BFF85000000FF8199FD2BFF93000000FF8199FD2BFF89000000FF8199FD2BFF9B000000FF8199FD2BFF89000000FF8199FD2BFFA1000000FF8199FD2BFF8B000000FF8199FD2BFF91000000FF8199FD2BFF85000000FF8199FD2BFF83000000FF8199FD2BFF85000000FF8199FD2BFF8F000000FF81000000FF8199FD2BFF81000000FF8199FD2BFF81000000FF8199FD2BFF83000000FF8199FD2BFF85000000FF8199FD2BFF83000000FF8199FD2BFF85000000FF8199FD2BFF83000000FF8199FD2BFF85000000FF8199FD2BFF83000000FF8199FD2BFF85000000FF8199FD2BFFA3000000FF8399FD2BFF85000000FF8199FD2BFF85000000FF8199FD2BFF93000000FF8199FD2BFF8B000000FF8399FD2BFF97000000FF8199FD2BFF89000000FF8199FD2BFFA1000000FF8199FD2BFF83000000FF8199FD2BFF85000000FF8199FD2BFF91000000FF8199FD2BFF85000000FF8199FD2BFF83000000FF8199FD2BFF85000000FF8199FD2BFF95000000FF8399FD2BFF85000000FF8199FD2BFF85000000FF8199FD2BFF93000000FF8199FD2BFF89000000FF8199FD2BFF85000000FF8199FD2BFF93000000FF8199FD2BFF89000000FF8199FD2BFF9B000000FF8199FD2BFF89000000FF8199FD2BFFA1000000FF8199FD2BFF8B000000FF8199FD2BFF91000000FF8199FD2BFF85000000FF8199FD2BFF83000000FF8199FD2BFF85000000FF8199FD2BFF8F000000FF83000000FF8599FD2BFF8D000000FF8199FD2BFF83000000FF8199FD2BFF85000000FF8199FD2BFF83000000FF8199FD2BFF8B000000FF8199FD2BFF83000000FF8399FD2BFF87000000FF8199FD2BFF97000000FF8199FD2BFF81000000FF8199FD2BFF85000000FF8199FD2BFF85000000FF8199FD2BFF91000000FF8199FD2BFF8F000000FF8199FD2BFF95000000FF8199FD2BFF8B000000FF8199FD2BFF9F000000FF8199FD2BFF85000000FF8199FD2BFF85000000FF8199FD2BFF99000000FF8199FD2BFF83000000FF8199FD2BFF83000000FF8399FD2BFF93000000FF8199FD2BFF81000000FF8199FD2BFF85000000FF8199FD2BFF99000000FF8199FD2BFF8B000000FF8199FD2BFF85000000FF8199FD2BFF91000000FF8199FD2BFF8B000000FF8199FD2BFF99000000FF8199FD2BFF8B000000FF8799FD2BFF99000000FF8199FD2BFF8B000000FF8199FD2BFF93000000FF8199FD2BFF83000000FF8399FD2BFF83000000FF8199FD2BFF85000000FF8199FD2BFF8F000000FF83000000FF8599FD2BFF8D000000FF8199FD2BFF83000000FF8199FD2BFF85000000FF8199FD2BFF83000000FF8199FD2BFF8B000000FF8199FD2BFF83000000FF8399FD2BFF87000000FF8199FD2BFF97000000FF8199FD2BFF81000000FF8199FD2BFF85000000FF8199FD2BFF85000000FF8199FD2BFF91000000FF8199FD2BFF8F000000FF8199FD2BFF95000000FF8199FD2BFF8B000000FF8199FD2BFF9F000000FF8199FD2BFF85000000FF8199FD2BFF85000000FF8199FD2BFF99000000FF8199FD2BFF83000000FF8199FD2BFF83000000FF8399FD2BFF93000000FF8199FD2BFF81000000FF8199FD2BFF85000000FF8199FD2BFF99000000FF8199FD2BFF8B000000FF8199FD2BFF85000000FF8199FD2BFF91000000FF8199FD2BFF8B000000FF8199FD2BFF99000000FF8199FD2BFF8B000000FF8799FD2BFF99000000FF8199FD2BFF8B000000FF8199FD2BFF93000000FF8199FD2BFF83000000FF8399FD2BFF83000000FF8199FD2BFF85000000FF8199FD2BFF8F000000FF85000000FF8199FD2BFF8B000000FF8399FD2BFF85000000FF8199FD2BFF85000000FF8199FD2BFF83000000FF8199FD2BFF8B000000FF8199FD2BFF81000000FF8199FD2BFF81000000FF8199FD2BFF9F000000FF8199FD2BFF83000000FF8199FD2BFF85000000FF8199FD2BFF85000000FF8199FD2BFF91000000FF8799FD2BFF89000000FF8199FD2BFF95000000FF8799FD2BFF85000000FF8799FD2BFF97000000FF8199FD2BFF89000000FF8799FD2BFF95000000FF8399FD2BFF85000000FF8199FD2BFF81000000FF8199FD2BFF81000000FF8199FD2BFF91000000FF8199FD2BFF83000000FF8199FD2BFF85000000FF8199FD2BFF99000000FF8799FD2BFF87000000FF8799FD2BFF91000000FF8799FD2BFF85000000FF8799FD2BFF93000000FF8799FD2BFF8D000000FF8199FD2BFF95000000FF8199FD2BFF8B000000FF8399FD2BFF93000000FF8199FD2BFF81000000FF8199FD2BFF81000000FF8199FD2BFF83000000FF8199FD2BFF85000000FF8199FD2BFF8F000000FF85000000FF8199FD2BFF8B000000FF8399FD2BFF85000000FF8199FD2BFF85000000FF8199FD2BFF83000000FF8199FD2BFF8B000000FF8199FD2BFF81000000FF8199FD2BFF81000000FF8199FD2BFF9F000000FF8199FD2BFF83000000FF8199FD2BFF85000000FF8199FD2BFF85000000FF8199FD2BFF91000000FF8799FD2BFF89000000FF8199FD2BFF95000000FF8799FD2BFF85000000FF8799FD2BFF97000000FF8199FD2BFF89000000FF8799FD2BFF95000000FF8399FD2BFF85000000FF8199FD2BFF81000000FF8199FD2BFF81000000FF8199FD2BFF91000000FF8199FD2BFF83000000FF8199FD2BFF85000000FF8199FD2BFF99000000FF8799FD2BFF87000000FF8799FD2BFF91000000FF8799FD2BFF85000000FF8799FD2BFF93000000FF8799FD2BFF8D000000FF8199FD2BFF95000000FF8199FD2BFF8B000000FF8399FD2BFF93000000FF8199FD2BFF81000000FF8199FD2BFF81000000FF8199FD2BFF83000000FF8199FD2BFF85000000FF8199FD2BFF8F000000FF83000000FF8599FD2BFF87000000FF8199FD2BFF89000000FF8199FD2BFF85000000FF8199FD2BFF83000000FF8199FD2BFF8B000000FF8399FD2BFF83000000FF8199FD2BFF87000000FF8199FD2BFF95000000FF8999FD2BFF83000000FF8199FD2BFF85000000FF8199FD2BFF91000000FF8199FD2BFF85000000FF8199FD2BFF87000000FF8199FD2BFF95000000FF8199FD2BFF85000000FF8199FD2BFF83000000FF8199FD2BFF9B000000FF8199FD2BFF91000000FF8199FD2BFF93000000FF8199FD2BFF89000000FF8399FD2BFF83000000FF8199FD2BFF91000000FF8999FD2BFF83000000FF8199FD2BFF99000000FF8199FD2BFF85000000FF8199FD2BFF8B000000FF8199FD2BFF91000000FF8199FD2BFF85000000FF8199FD2BFF83000000FF8199FD2BFF99000000FF8199FD2BFF85000000FF8199FD2BFF8B000000FF8199FD2BFF93000000FF8199FD2BFF91000000FF8199FD2BFF91000000FF8399FD2BFF83000000FF8199FD2BFF83000000FF8199FD2BFF85000000FF8199FD2BFF8F000000FF83000000FF8599FD2BFF87000000FF8199FD2BFF89000000FF8199FD2BFF85000000FF8199FD2BFF83000000FF8199FD2BFF8B000000FF8399FD2BFF83000000FF8199FD2BFF87000000FF8199FD2BFF95000000FF8999FD2BFF83000000FF8199FD2BFF85000000FF8199FD2BFF91000000FF8199FD2BFF85000000FF8199FD2BFF87000000FF8199FD2BFF95000000FF8199FD2BFF85000000FF8199FD2BFF83000000FF8199FD2BFF9B000000FF8199FD2BFF91000000FF8199FD2BFF93000000FF8199FD2BFF89000000FF8399FD2BFF83000000FF8199FD2BFF91000000FF8999FD2BFF83000000FF8199FD2BFF99000000FF8199FD2BFF85000000FF8199FD2BFF8B000000FF8199FD2BFF91000000FF8199FD2BFF85000000FF8199FD2BFF83000000FF8199FD2BFF99000000FF8199FD2BFF85000000FF8199FD2BFF8B000000FF8199FD2BFF93000000FF8199FD2BFF91000000FF8199FD2BFF91000000FF8399FD2BFF83000000FF8199FD2BFF83000000FF8199FD2BFF85000000FF8199FD2BFF8F000000FF81000000FF8199FD2BFF81000000FF8199FD2BFF81000000FF8199FD2BFF83000000FF8199FD2BFF8B000000FF8199FD2BFF85000000FF8199FD2BFF83000000FF8199FD2BFF85000000FF8199FD2BFF83000000FF8199FD2BFF85000000FF8199FD2BFFA5000000FF8199FD2BFF85000000FF8199FD2BFF85000000FF8199FD2BFF91000000FF8199FD2BFF85000000FF8199FD2BFF87000000FF8199FD2BFF95000000FF8199FD2BFF85000000FF8199FD2BFF83000000FF8199FD2BFF9B000000FF8199FD2BFF8F000000FF8199FD2BFF93000000FF8199FD2BFF8B000000FF8199FD2BFF85000000FF8199FD2BFF97000000FF8199FD2BFF85000000FF8199FD2BFF85000000FF8199FD2BFF91000000FF8199FD2BFF85000000FF8199FD2BFF89000000FF8199FD2BFF93000000FF8199FD2BFF85000000FF8199FD2BFF83000000FF8199FD2BFF99000000FF8199FD2BFF85000000FF8199FD2BFF83000000FF8199FD2BFF85000000FF8199FD2BFF93000000FF8199FD2BFF89000000FF8199FD2BFF85000000FF8199FD2BFF91000000FF8199FD2BFF85000000FF8199FD2BFF83000000FF8199FD2BFF85000000FF8199FD2BFF8F000000FF81000000FF8199FD2BFF81000000FF8199FD2BFF81000000FF8199FD2BFF83000000FF8199FD2BFF8B000000FF8199FD2BFF85000000FF8199FD2BFF83000000FF8199FD2BFF85000000FF8199FD2BFF83000000FF8199FD2BFF85000000FF8199FD2BFFA5000000FF8199FD2BFF85000000FF8199FD2BFF85000000FF8199FD2BFF91000000FF8199FD2BFF85000000FF8199FD2BFF87000000FF8199FD2BFF95000000FF8199FD2BFF85000000FF8199FD2BFF83000000FF8199FD2BFF9B000000FF8199FD2BFF8F000000FF8199FD2BFF93000000FF8199FD2BFF8B000000FF8199FD2BFF85000000FF8199FD2BFF97000000FF8199FD2BFF85000000FF8199FD2BFF85000000FF8199FD2BFF91000000FF8199FD2BFF85000000FF8199FD2BFF89000000FF8199FD2BFF93000000FF8199FD2BFF85000000FF8199FD2BFF83000000FF8199FD2BFF99000000FF8199FD2BFF85000000FF8199FD2BFF83000000FF8199FD2BFF85000000FF8199FD2BFF93000000FF8199FD2BFF89000000FF8199FD2BFF85000000FF8199FD2BFF91000000FF8199FD2BFF85000000FF8199FD2BFF83000000FF8199FD2BFF85000000FF8199FD2BFF8F000000FF85000000FF8199FD2BFF87000000FF8999FD2BFF83000000FF8799FD2BFF87000000FF8599FD2BFF87000000FF8599FD2BFFA7000000FF8199FD2BFF85000000FF8799FD2BFF95000000FF8599FD2BFF87000000FF8599FD2BFF95000000FF8599FD2BFF85000000FF8999FD2BFF93000000FF8199FD2BFF89000000FF8599FD2BFF95000000FF8999FD2BFF85000000FF8599FD2BFF99000000FF8199FD2BFF87000000FF8599FD2BFF95000000FF8599FD2BFF85000000FF8599FD2BFF97000000FF8599FD2BFF85000000FF8999FD2BFF93000000FF8599FD2BFF87000000FF8599FD2BFF95000000FF8199FD2BFF8B000000FF8599FD2BFF95000000FF8599FD2BFF85000000FF8799FD2BFF91000000FF85000000FF8199FD2BFF87000000FF8999FD2BFF83000000FF8799FD2BFF87000000FF8599FD2BFF87000000FF8599FD2BFFA7000000FF8199FD2BFF85000000FF8799FD2BFF95000000FF8599FD2BFF87000000FF8599FD2BFF95000000FF8599FD2BFF85000000FF8999FD2BFF93000000FF8199FD2BFF89000000FF8599FD2BFF95000000FF8999FD2BFF85000000FF8599FD2BFF99000000FF8199FD2BFF87000000FF8599FD2BFF95000000FF8599FD2BFF85000000FF8599FD2BFF97000000FF8599FD2BFF85000000FF8999FD2BFF93000000FF8599FD2BFF87000000FF8599FD2BFF95000000FF8199FD2BFF8B000000FF8599FD2BFF95000000FF8599FD2BFF85000000FF8799FD2BFF91000000FFFF000000FFFF000000FFFF000000FFFF000000FFAF000000FFFF000000FFFF000000FFFF000000FFFF000000FFAF000000FF83000000FF8599FD2BFF87000000FF8599FD2BFFFF000000FFFF000000FFFF000000FFFF000000FF97000000FF83000000FF8599FD2BFF87000000FF8599FD2BFFFF000000FFFF000000FFFF000000FFFF000000FF97000000FF81000000FF8199FD2BFF85000000FF8199FD2BFF83000000FF8199FD2BFF85000000FF8199FD2BFFFF000000FFFF000000FFFF000000FFFF000000FF95000000FF81000000FF8199FD2BFF85000000FF8199FD2BFF83000000FF8199FD2BFF85000000FF8199FD2BFFFF000000FFFF000000FFFF000000FFFF000000FF95000000FF81000000FF8199FD2BFF83000000FF8399FD2BFF83000000FF8199FD2BFF83000000FF8399FD2BFFFF000000FFFF000000FFFF000000FFFF000000FF95000000FF81000000FF8199FD2BFF83000000FF8399FD2BFF83000000FF8199FD2BFF83000000FF8399FD2BFFFF000000FFFF000000FFFF000000FFFF000000FF95000000FF81000000FF8199FD2BFF81000000FF8199FD2BFF81000000FF8199FD2BFF83000000FF8199FD2BFF81000000FF8199FD2BFF81000000FF8199FD2BFFFF000000FFFF000000FFFF000000FFFF000000FF95000000FF81000000FF8199FD2BFF81000000FF8199FD2BFF81000000FF8199FD2BFF83000000FF8199FD2BFF81000000FF8199FD2BFF81000000FF8199FD2BFFFF000000FFFF000000FFFF000000FFFF000000FF95000000FF81000000FF8399FD2BFF83000000FF8199FD2BFF83000000FF8399FD2BFF83000000FF8199FD2BFFFF000000FFFF000000FFFF000000FFFF000000FF95000000FF81000000FF8399FD2BFF83000000FF8199FD2BFF83000000FF8399FD2BFF83000000FF8199FD2BFFFF000000FFFF000000FFFF000000FFFF000000FF95000000FF81000000FF8199FD2BFF85000000FF8199FD2BFF83000000FF8199FD2BFF85000000FF8199FD2BFFFF000000FFFF000000FFFF000000FFFF000000FF95000000FF81000000FF8199FD2BFF85000000FF8199FD2BFF83000000FF8199FD2BFF85000000FF8199FD2BFFFF000000FFFF000000FFFF000000FFFF000000FF95000000FF83000000FF8599FD2BFF87000000FF8599FD2BFFFF000000FFFF000000FFFF000000FFFF000000FF97000000FF83000000FF8599FD2BFF87000000FF8599FD2BFFFF000000FFFF000000FFFF000000FFFF000000FF97000000FFFF000000FFFF000000FFFF000000FFFF000000FFAF000000FFFF000000FFFF000000FFFF000000FFFF000000FFAF000000FFFF000000FFFF000000FFFF000000FFFF000000FFAF000000FFFF000000FFFF000000FFFF000000FFFF000000FFAF000000FFFF000000FFFF000000FFFF000000FFFF000000FFAF000000FFFF000000FFFF000000FFFF000000FFFF000000FFAF000000FFFF000000FFFF000000FFFF000000FFFF000000FFAF000000FFFF000000FFFF000000FFFF000000FFFF000000FFAF000000FFFF000000FFFF000000FFFF000000FFFF000000FFAF000000FFFF000000FFFF000000FFFF000000FFFF000000FFAF000000FFFF000000FFFF000000FFFF000000FFFF000000FFAF000000FFFF000000FFFF000000FFFF000000FFFF000000FFAF000000FFFF000000FFFF000000FFFF000000FFFF000000FFAF000000FFFF000000FFFF000000FFFF000000FFFF000000FFAF000000FFFF000000FFFF000000FFFF000000FFFF000000FFAF000000FFFF000000FFFF000000FFFF000000FFFF000000FFAF000000FFFF000000FFFF000000FFFF000000FFFF000000FFAF000000FFFF000000FFFF000000FFFF000000FFFF000000FFAF000000FF85000000FF8199FD2BFF89000000FF8599FD2BFF87000000FF8599FD2BFF87000000FF8599FD2BFF87000000FF8599FD2BFF87000000FF8799FD2BFFFF000000FFFF000000FFFF000000FFDD000000FF85000000FF8199FD2BFF89000000FF8599FD2BFF87000000FF8599FD2BFF87000000FF8599FD2BFF87000000FF8599FD2BFF87000000FF8799FD2BFFFF000000FFFF000000FFFF000000FFDD000000FF81000000FF8199FD2BFF81000000FF8199FD2BFF81000000FF8199FD2BFF83000000FF8199FD2BFF85000000FF8199FD2BFF83000000FF8199FD2BFF85000000FF8199FD2BFF83000000FF8199FD2BFF85000000FF8199FD2BFF83000000FF8199FD2BFF85000000FF8199FD2BFF83000000FF8199FD2BFFFF000000FFFF000000FFFF000000FFE5000000FF81000000FF8199FD2BFF81000000FF8199FD2BFF81000000FF8199FD2BFF83000000FF8199FD2BFF85000000FF8199FD2BFF83000000FF8199FD2BFF85000000FF8199FD2BFF83000000FF8199FD2BFF85000000FF8199FD2BFF83000000FF8199FD2BFF85000000FF8199FD2BFF83000000FF8199FD2BFFFF000000FFFF000000FFFF000000FFE5000000FF83000000FF8599FD2BFF8D000000FF8199FD2BFF83000000FF8199FD2BFF83000000FF8399FD2BFF83000000FF8199FD2BFF83000000FF8399FD2BFF83000000FF8199FD2BFF83000000FF8399FD2BFF83000000FF8199FD2BFFFF000000FFFF000000FFFF000000FFE5000000FF83000000FF8599FD2BFF8D000000FF8199FD2BFF83000000FF8199FD2BFF83000000FF8399FD2BFF83000000FF8199FD2BFF83000000FF8399FD2BFF83000000FF8199FD2BFF83000000FF8399FD2BFF83000000FF8199FD2BFFFF000000FFFF000000FFFF000000FFE5000000FF85000000FF8199FD2BFF8B000000FF8399FD2BFF85000000FF8199FD2BFF81000000FF8199FD2BFF81000000FF8199FD2BFF83000000FF8199FD2BFF81000000FF8199FD2BFF81000000FF8199FD2BFF83000000FF8199FD2BFF81000000FF8199FD2BFF81000000FF8199FD2BFF83000000FF8199FD2BFFFF000000FFFF000000FFFF000000FFE5000000FF85000000FF8199FD2BFF8B000000FF8399FD2BFF85000000FF8199FD2BFF81000000FF8199FD2BFF81000000FF8199FD2BFF83000000FF8199FD2BFF81000000FF8199FD2BFF81000000FF8199FD2BFF83000000FF8199FD2BFF81000000FF8199FD2BFF81000000FF8199FD2BFF83000000FF8199FD2BFFFF000000FFFF000000FFFF000000FFE5000000FF83000000FF8599FD2BFF87000000FF8199FD2BFF89000000FF8399FD2BFF83000000FF8199FD2BFF83000000FF8399FD2BFF83000000FF8199FD2BFF83000000FF8399FD2BFF83000000FF8199FD2BFF83000000FF8199FD2BFF83000000FF8399FD2BFFFF000000FFFF000000FFFF000000FFDD000000FF83000000FF8599FD2BFF87000000FF8199FD2BFF89000000FF8399FD2BFF83000000FF8199FD2BFF83000000FF8399FD2BFF83000000FF8199FD2BFF83000000FF8399FD2BFF83000000FF8199FD2BFF83000000FF8199FD2BFF83000000FF8399FD2BFFFF000000FFFF000000FFFF000000FFDD000000FF81000000FF8199FD2BFF81000000FF8199FD2BFF81000000FF8199FD2BFF83000000FF8199FD2BFF8B000000FF8199FD2BFF85000000FF8199FD2BFF83000000FF8199FD2BFF85000000FF8199FD2BFF83000000FF8199FD2BFF85000000FF8199FD2BFF83000000FF8199FD2BFF85000000FF8199FD2BFFFF000000FFFF000000FFFF000000FFDD000000FF81000000FF8199FD2BFF81000000FF8199FD2BFF81000000FF8199FD2BFF83000000FF8199FD2BFF8B000000FF8199FD2BFF85000000FF8199FD2BFF83000000FF8199FD2BFF85000000FF8199FD2BFF83000000FF8199FD2BFF85000000FF8199FD2BFF83000000FF8199FD2BFF85000000FF8199FD2BFFFF000000FFFF000000FFFF000000FFDD000000FF85000000FF8199FD2BFF87000000FF8999FD2BFF85000000FF8599FD2BFF87000000FF8599FD2BFF87000000FF8599FD2BFF87000000FF8799FD2BFFFF000000FFFF000000FFFF000000FFDD000000FF85000000FF8199FD2BFF87000000FF8999FD2BFF85000000FF8599FD2BFF87000000FF8599FD2BFF87000000FF8599FD2BFF87000000FF8799FD2BFFFF000000FFFF000000FFFF000000FFDD000000FFFF000000FFFF000000FFFF000000FFFF000000FFAF000000FFFF000000FFFF000000FFFF000000FFFF000000FFAF000000FF81000000FF8199FD2BFF85000000FF8199FD2BFF85000000FF8599FD2BFF85000000FF8199FD2BFF85000000FF8199FD2BFF85000000FF8599FD2BFF85000000FF8999FD2BFF83000000FF8799FD2BFF97000000FF8199FD2BFF99000000FF8199FD2BFFFF000000FFFF000000FFFF000000FFA9000000FF81000000FF8199FD2BFF85000000FF8199FD2BFF85000000FF8599FD2BFF85000000FF8199FD2BFF85000000FF8199FD2BFF85000000FF8599FD2BFF85000000FF8999FD2BFF83000000FF8799FD2BFF97000000FF8199FD2BFF99000000FF8199FD2BFFFF000000FFFF000000FFFF000000FFA9000000FF81000000FF8399FD2BFF81000000FF8399FD2BFF87000000FF8199FD2BFF87000000FF8199FD2BFF85000000FF8199FD2BFF87000000FF8199FD2BFF87000000FF8199FD2BFF8B000000FF8199FD2BFF85000000FF8199FD2BFF93000000FF8399FD2BFF97000000FF8399FD2BFFFF000000FFFF000000FFFF000000FFA9000000FF81000000FF8399FD2BFF81000000FF8399FD2BFF87000000FF8199FD2BFF87000000FF8199FD2BFF85000000FF8199FD2BFF87000000FF8199FD2BFF87000000FF8199FD2BFF8B000000FF8199FD2BFF85000000FF8199FD2BFF93000000FF8399FD2BFF97000000FF8399FD2BFFFF000000FFFF000000FFFF000000FFA9000000FF81000000FF8199FD2BFF81000000FF8199FD2BFF81000000FF8199FD2BFF87000000FF8199FD2BFF87000000FF8399FD2BFF83000000FF8199FD2BFF87000000FF8199FD2BFF87000000FF8199FD2BFF8B000000FF8199FD2BFF85000000FF8199FD2BFF95000000FF8199FD2BFF99000000FF8199FD2BFFFF000000FFFF000000FFFF000000FFA9000000FF81000000FF8199FD2BFF81000000FF8199FD2BFF81000000FF8199FD2BFF87000000FF8199FD2BFF87000000FF8399FD2BFF83000000FF8199FD2BFF87000000FF8199FD2BFF87000000FF8199FD2BFF8B000000FF8199FD2BFF85000000FF8199FD2BFF95000000FF8199FD2BFF99000000FF8199FD2BFFFF000000FFFF000000FFFF000000FFA9000000FF81000000FF8199FD2BFF81000000FF8199FD2BFF81000000FF8199FD2BFF87000000FF8199FD2BFF87000000FF8199FD2BFF81000000FF8199FD2BFF81000000FF8199FD2BFF87000000FF8199FD2BFF87000000FF8799FD2BFF85000000FF8199FD2BFF85000000FF8199FD2BFF95000000FF8199FD2BFF99000000FF8199FD2BFFFF000000FFFF000000FFFF000000FFA9000000FF81000000FF8199FD2BFF81000000FF8199FD2BFF81000000FF8199FD2BFF87000000FF8199FD2BFF87000000FF8199FD2BFF81000000FF8199FD2BFF81000000FF8199FD2BFF87000000FF8199FD2BFF87000000FF8799FD2BFF85000000FF8199FD2BFF85000000FF8199FD2BFF95000000FF8199FD2BFF99000000FF8199FD2BFFFF000000FFFF000000FFFF000000FFA9000000FF81000000FF8199FD2BFF85000000FF8199FD2BFF87000000FF8199FD2BFF87000000FF8199FD2BFF83000000FF8399FD2BFF87000000FF8199FD2BFF87000000FF8199FD2BFF8B000000FF8199FD2BFF85000000FF8199FD2BFF95000000FF8199FD2BFF99000000FF8199FD2BFFFF000000FFFF000000FFFF000000FFA9000000FF81000000FF8199FD2BFF85000000FF8199FD2BFF87000000FF8199FD2BFF87000000FF8199FD2BFF83000000FF8399FD2BFF87000000FF8199FD2BFF87000000FF8199FD2BFF8B000000FF8199FD2BFF85000000FF8199FD2BFF95000000FF8199FD2BFF99000000FF8199FD2BFFFF000000FFFF000000FFFF000000FFA9000000FF81000000FF8199FD2BFF85000000FF8199FD2BFF87000000FF8199FD2BFF87000000FF8199FD2BFF85000000FF8199FD2BFF87000000FF8199FD2BFF87000000FF8199FD2BFF8B000000FF8199FD2BFF85000000FF8199FD2BFF95000000FF8199FD2BFF99000000FF8199FD2BFFFF000000FFFF000000FFFF000000FFA9000000FF81000000FF8199FD2BFF85000000FF8199FD2BFF87000000FF8199FD2BFF87000000FF8199FD2BFF85000000FF8199FD2BFF87000000FF8199FD2BFF87000000FF8199FD2BFF8B000000FF8199FD2BFF85000000FF8199FD2BFF95000000FF8199FD2BFF99000000FF8199FD2BFFFF000000FFFF000000FFFF000000FFA9000000FF81000000FF8199FD2BFF85000000FF8199FD2BFF85000000FF8599FD2BFF85000000FF8199FD2BFF85000000FF8199FD2BFF85000000FF8599FD2BFF85000000FF8999FD2BFF83000000FF8799FD2BFF95000000FF8599FD2BFF89000000FF8199FD2BFF89000000FF8599FD2BFFFF000000FFFF000000FFFF000000FFA7000000FF81000000FF8199FD2BFF85000000FF8199FD2BFF85000000FF8599FD2BFF85000000FF8199FD2BFF85000000FF8199FD2BFF85000000FF8599FD2BFF85000000FF8999FD2BFF83000000FF8799FD2BFF95000000FF8599FD2BFF89000000FF8199FD2BFF89000000FF8599FD2BFFFF000000FFFF000000FFFF000000FFA7000000FFFF000000FFFF000000FFFF000000FFFF000000FFAF000000FFFF000000FFFF000000FFFF000000FFFF000000FFAF000000FF83000000FF8199FD2BFF8B000000FF8599FD2BFFFF000000FFFF000000FFFF000000FFFF000000FF97000000FF83000000FF8199FD2BFF8B000000FF8599FD2BFFFF000000FFFF000000FFFF000000FFFF000000FF97000000FF85000000FF8199FD2BFF87000000FF8199FD2BFF85000000FF8199FD2BFFFF000000FFFF000000FFFF000000FFFF000000FF95000000FF85000000FF8199FD2BFF87000000FF8199FD2BFF85000000FF8199FD2BFFFF000000FFFF000000FFFF000000FFFF000000FF95000000FF87000000FF8199FD2BFF8B000000FF8199FD2BFFFF000000FFFF000000FFFF000000FFFF000000FF97000000FF87000000FF8199FD2BFF8B000000FF8199FD2BFFFF000000FFFF000000FFFF000000FFFF000000FF97000000FF89000000FF8199FD2BFF87000000FF8199FD2BFFFF000000FFFF000000FFFF000000FFFF000000FF99000000FF89000000FF8199FD2BFF87000000FF8199FD2BFFFF000000FFFF000000FFFF000000FFFF000000FF99000000FF87000000FF8199FD2BFF89000000FF8199FD2BFFFF000000FFFF000000FFFF000000FFFF000000FF99000000FF87000000FF8199FD2BFF89000000FF8199FD2BFFFF000000FFFF000000FFFF000000FFFF000000FF99000000FF85000000FF8199FD2BFFFF000000FFFF000000FFFF000000FFFF000000FFA7000000FF85000000FF8199FD2BFFFF000000FFFF000000FFFF000000FFFF000000FFA7000000FF83000000FF8199FD2BFF8D000000FF8199FD2BFFFF000000FFFF000000FFFF000000FFFF000000FF99000000FF83000000FF8199FD2BFF8D000000FF8199FD2BFFFF000000FFFF000000FFFF000000FFFF000000FF99000000FFFF000000FFFF000000FFFF000000FFFF000000FFAF000000FFFF000000FFFF000000FFFF000000FFFF000000FFAF000000FF83000000FF8599FD2BFF87000000FF8599FD2BFF85000000FF8199FD2BFF85000000FF8199FD2BFF83000000FF8199FD2BFF85000000FF8199FD2BFF87000000FF8199FD2BFF87000000FF8199FD2BFF85000000FF8199FD2BFF83000000FF8799FD2BFF87000000FF8599FD2BFFFF000000FFFF000000FFFF000000FFC3000000FF83000000FF8599FD2BFF87000000FF8599FD2BFF85000000FF8199FD2BFF85000000FF8199FD2BFF83000000FF8199FD2BFF85000000FF8199FD2BFF87000000FF8199FD2BFF87000000FF8199FD2BFF85000000FF8199FD2BFF83000000FF8799FD2BFF87000000FF8599FD2BFFFF000000FFFF000000FFFF000000FFC3000000FF81000000FF8199FD2BFF85000000FF8199FD2BFF83000000FF8199FD2BFF85000000FF8199FD2BFF83000000FF8399FD2BFF81000000FF8399FD2BFF83000000FF8399FD2BFF81000000FF8399FD2BFF85000000FF8199FD2BFF81000000FF8199FD2BFF85000000FF8199FD2BFF85000000FF8199FD2BFF83000000FF8199FD2BFF85000000FF8199FD2BFF83000000FF8199FD2BFF85000000FF8199FD2BFFFF000000FFFF000000FFFF000000FFC1000000FF81000000FF8199FD2BFF85000000FF8199FD2BFF83000000FF8199FD2BFF85000000FF8199FD2BFF83000000FF8399FD2BFF81000000FF8399FD2BFF83000000FF8399FD2BFF81000000FF8399FD2BFF85000000FF8199FD2BFF81000000FF8199FD2BFF85000000FF8199FD2BFF85000000FF8199FD2BFF83000000FF8199FD2BFF85000000FF8199FD2BFF83000000FF8199FD2BFF85000000FF8199FD2BFFFF000000FFFF000000FFFF000000FFC1000000FF81000000FF8199FD2BFF8B000000FF8199FD2BFF85000000FF8199FD2BFF83000000FF8199FD2BFF81000000FF8199FD2BFF81000000FF8199FD2BFF83000000FF8199FD2BFF81000000FF8199FD2BFF81000000FF8199FD2BFF83000000FF8199FD2BFF85000000FF8199FD2BFF83000000FF8399FD2BFF83000000FF8199FD2BFF83000000FF8199FD2BFF85000000FF8199FD2BFF83000000FF8199FD2BFF8F000000FF8199FD2BFFFF000000FFFF000000FFFF000000FFB7000000FF81000000FF8199FD2BFF8B000000FF8199FD2BFF85000000FF8199FD2BFF83000000FF8199FD2BFF81000000FF8199FD2BFF81000000FF8199FD2BFF83000000FF8199FD2BFF81000000FF8199FD2BFF81000000FF8199FD2BFF83000000FF8199FD2BFF85000000FF8199FD2BFF83000000FF8399FD2BFF83000000FF8199FD2BFF83000000FF8199FD2BFF85000000FF8199FD2BFF83000000FF8199FD2BFF8F000000FF8199FD2BFFFF000000FFFF000000FFFF000000FFB7000000FF81000000FF8199FD2BFF8B000000FF8199FD2BFF85000000FF8199FD2BFF83000000FF8199FD2BFF81000000FF8199FD2BFF81000000FF8199FD2BFF83000000FF8199FD2BFF81000000FF8199FD2BFF81000000FF8199FD2BFF83000000FF8199FD2BFF85000000FF8199FD2BFF83000000FF8199FD2BFF81000000FF8199FD2BFF81000000FF8199FD2BFF83000000FF8199FD2BFF85000000FF8199FD2BFF85000000FF8599FD2BFFFF000000FFFF000000FFFF000000FFC3000000FF81000000FF8199FD2BFF8B000000FF8199FD2BFF85000000FF8199FD2BFF83000000FF8199FD2BFF81000000FF8199FD2BFF81000000FF8199FD2BFF83000000FF8199FD2BFF81000000FF8199FD2BFF81000000FF8199FD2BFF83000000FF8199FD2BFF85000000FF8199FD2BFF83000000FF8199FD2BFF81000000FF8199FD2BFF81000000FF8199FD2BFF83000000FF8199FD2BFF85000000FF8199FD2BFF85000000FF8599FD2BFFFF000000FFFF000000FFFF000000FFC3000000FF81000000FF8199FD2BFF8B000000FF8199FD2BFF85000000FF8199FD2BFF83000000FF8199FD2BFF85000000FF8199FD2BFF83000000FF8199FD2BFF85000000FF8199FD2BFF83000000FF8999FD2BFF83000000FF8199FD2BFF83000000FF8399FD2BFF83000000FF8199FD2BFF85000000FF8199FD2BFF8B000000FF8199FD2BFF87000000FF8199FD2BFFFF000000FFFF000000FFFF000000FFB7000000FF81000000FF8199FD2BFF8B000000FF8199FD2BFF85000000FF8199FD2BFF83000000FF8199FD2BFF85000000FF8199FD2BFF83000000FF8199FD2BFF85000000FF8199FD2BFF83000000FF8999FD2BFF83000000FF8199FD2BFF83000000FF8399FD2BFF83000000FF8199FD2BFF85000000FF8199FD2BFF8B000000FF8199FD2BFF87000000FF8199FD2BFFFF000000FFFF000000FFFF000000FFB7000000FF81000000FF8199FD2BFF85000000FF8199FD2BFF83000000FF8199FD2BFF85000000FF8199FD2BFF83000000FF8199FD2BFF85000000FF8199FD2BFF83000000FF8199FD2BFF85000000FF8199FD2BFF83000000FF8199FD2BFF85000000FF8199FD2BFF83000000FF8199FD2BFF85000000FF8199FD2BFF83000000FF8199FD2BFF85000000FF8199FD2BFF83000000FF8199FD2BFF85000000FF8199FD2BFFFF000000FFFF000000FFFF000000FFC1000000FF81000000FF8199FD2BFF85000000FF8199FD2BFF83000000FF8199FD2BFF85000000FF8199FD2BFF83000000FF8199FD2BFF85000000FF8199FD2BFF83000000FF8199FD2BFF85000000FF8199FD2BFF83000000FF8199FD2BFF85000000FF8199FD2BFF83000000FF8199FD2BFF85000000FF8199FD2BFF83000000FF8199FD2BFF85000000FF8199FD2BFF83000000FF8199FD2BFF85000000FF8199FD2BFFFF000000FFFF000000FFFF000000FFC1000000FF83000000FF8599FD2BFF87000000FF8599FD2BFF85000000FF8199FD2BFF85000000FF8199FD2BFF83000000FF8199FD2BFF85000000FF8199FD2BFF83000000FF8199FD2BFF85000000FF8199FD2BFF83000000FF8199FD2BFF85000000FF8199FD2BFF83000000FF8799FD2BFF87000000FF8599FD2BFFFF000000FFFF000000FFFF000000FFC3000000FF83000000FF8599FD2BFF87000000FF8599FD2BFF85000000FF8199FD2BFF85000000FF8199FD2BFF83000000FF8199FD2BFF85000000FF8199FD2BFF83000000FF8199FD2BFF85000000FF8199FD2BFF83000000FF8199FD2BFF85000000FF8199FD2BFF83000000FF8799FD2BFF87000000FF8599FD2BFFFF000000FFFF000000FFFF000000FFC3000000FFFF000000FFFF000000FFFF000000FFFF000000FFAF000000FFFF000000FFFF000000FFFF000000FFFF000000FFAF000000FF93000000FF8199FD2BFFFF000000FF89000000FF8199FD2BFF87000000FF8799FD2BFF85000000FF8799FD2BFF85000000FF8999FD2BFF83000000FF8199FD2BFF85000000FF8199FD2BFF83000000FF8799FD2BFF93000000FF8199FD2BFF8D000000FF8599FD2BFF85000000FF8199FD2BFF85000000FF8199FD2BFF83000000FF8999FD2BFF85000000FF8599FD2BFFFF000000FFF1000000FF93000000FF8199FD2BFFFF000000FF89000000FF8199FD2BFF87000000FF8799FD2BFF85000000FF8799FD2BFF85000000FF8999FD2BFF83000000FF8199FD2BFF85000000FF8199FD2BFF83000000FF8799FD2BFF93000000FF8199FD2BFF8D000000FF8599FD2BFF85000000FF8199FD2BFF85000000FF8199FD2BFF83000000FF8999FD2BFF85000000FF8599FD2BFFFF000000FFF1000000FF91000000FF8199FD2BFF81000000FF8199FD2BFFFF000000FF85000000FF8199FD2BFF81000000FF8199FD2BFF85000000FF8199FD2BFF85000000FF8199FD2BFF83000000FF8199FD2BFF85000000FF8199FD2BFF83000000FF8199FD2BFF8B000000FF8199FD2BFF85000000FF8199FD2BFF83000000FF8199FD2BFF85000000FF8199FD2BFF91000000FF8199FD2BFF8F000000FF8199FD2BFF87000000FF8199FD2BFF85000000FF8199FD2BFF83000000FF8199FD2BFF8B000000FF8199FD2BFF85000000FF8199FD2BFFFF000000FFEF000000FF91000000FF8199FD2BFF81000000FF8199FD2BFFFF000000FF85000000FF8199FD2BFF81000000FF8199FD2BFF85000000FF8199FD2BFF85000000FF8199FD2BFF83000000FF8199FD2BFF85000000FF8199FD2BFF83000000FF8199FD2BFF8B000000FF8199FD2BFF85000000FF8199FD2BFF83000000FF8199FD2BFF85000000FF8199FD2BFF91000000FF8199FD2BFF8F000000FF8199FD2BFF87000000FF8199FD2BFF85000000FF8199FD2BFF83000000FF8199FD2BFF8B000000FF8199FD2BFF85000000FF8199FD2BFFFF000000FFEF000000FF8F000000FF8199FD2BFF85000000FF8199FD2BFFE9000000FF8199FD2BFF95000000FF8199FD2BFF85000000FF8199FD2BFF83000000FF8199FD2BFF85000000FF8199FD2BFF83000000FF8199FD2BFF85000000FF8199FD2BFF83000000FF8199FD2BFF8B000000FF8399FD2BFF83000000FF8199FD2BFF83000000FF8199FD2BFF85000000FF8199FD2BFF91000000FF8199FD2BFF8F000000FF8199FD2BFF87000000FF8399FD2BFF83000000FF8199FD2BFF83000000FF8199FD2BFF8B000000FF8199FD2BFFFF000000FFF7000000FF8F000000FF8199FD2BFF85000000FF8199FD2BFFE9000000FF8199FD2BFF95000000FF8199FD2BFF85000000FF8199FD2BFF83000000FF8199FD2BFF85000000FF8199FD2BFF83000000FF8199FD2BFF85000000FF8199FD2BFF83000000FF8199FD2BFF8B000000FF8399FD2BFF83000000FF8199FD2BFF83000000FF8199FD2BFF85000000FF8199FD2BFF91000000FF8199FD2BFF8F000000FF8199FD2BFF87000000FF8399FD2BFF83000000FF8199FD2BFF83000000FF8199FD2BFF8B000000FF8199FD2BFFFF000000FFF7000000FF8F000000FF8199FD2BFF85000000FF8199FD2BFFFF000000FF81000000FF8199FD2BFF85000000FF8199FD2BFF83000000FF8799FD2BFF85000000FF8799FD2BFF85000000FF8799FD2BFF85000000FF8199FD2BFF81000000FF8199FD2BFF81000000FF8199FD2BFF83000000FF8199FD2BFF85000000FF8199FD2BFF91000000FF8199FD2BFF8F000000FF8199FD2BFF87000000FF8199FD2BFF81000000FF8199FD2BFF81000000FF8199FD2BFF83000000FF8799FD2BFF87000000FF8599FD2BFFFF000000FFF1000000FF8F000000FF8199FD2BFF85000000FF8199FD2BFFFF000000FF81000000FF8199FD2BFF85000000FF8199FD2BFF83000000FF8799FD2BFF85000000FF8799FD2BFF85000000FF8799FD2BFF85000000FF8199FD2BFF81000000FF8199FD2BFF81000000FF8199FD2BFF83000000FF8199FD2BFF85000000FF8199FD2BFF91000000FF8199FD2BFF8F000000FF8199FD2BFF87000000FF8199FD2BFF81000000FF8199FD2BFF81000000FF8199FD2BFF83000000FF8799FD2BFF87000000FF8599FD2BFFFF000000FFF1000000FF8F000000FF8999FD2BFFE9000000FF8199FD2BFF95000000FF8999FD2BFF83000000FF8199FD2BFF8B000000FF8199FD2BFF8B000000FF8199FD2BFF8B000000FF8199FD2BFF83000000FF8399FD2BFF83000000FF8199FD2BFF85000000FF8199FD2BFF91000000FF8199FD2BFF8F000000FF8199FD2BFF87000000FF8199FD2BFF83000000FF8399FD2BFF83000000FF8199FD2BFF93000000FF8199FD2BFFFF000000FFEF000000FF8F000000FF8999FD2BFFE9000000FF8199FD2BFF95000000FF8999FD2BFF83000000FF8199FD2BFF8B000000FF8199FD2BFF8B000000FF8199FD2BFF8B000000FF8199FD2BFF83000000FF8399FD2BFF83000000FF8199FD2BFF85000000FF8199FD2BFF91000000FF8199FD2BFF8F000000FF8199FD2BFF87000000FF8199FD2BFF83000000FF8399FD2BFF83000000FF8199FD2BFF93000000FF8199FD2BFFFF000000FFEF000000FF8F000000FF8199FD2BFF85000000FF8199FD2BFFFF000000FF81000000FF8199FD2BFF85000000FF8199FD2BFF83000000FF8199FD2BFF8B000000FF8199FD2BFF8B000000FF8199FD2BFF8B000000FF8199FD2BFF85000000FF8199FD2BFF83000000FF8199FD2BFF85000000FF8199FD2BFF91000000FF8199FD2BFF8F000000FF8199FD2BFF87000000FF8199FD2BFF85000000FF8199FD2BFF83000000FF8199FD2BFF8B000000FF8199FD2BFF85000000FF8199FD2BFFFF000000FFEF000000FF8F000000FF8199FD2BFF85000000FF8199FD2BFFFF000000FF81000000FF8199FD2BFF85000000FF8199FD2BFF83000000FF8199FD2BFF8B000000FF8199FD2BFF8B000000FF8199FD2BFF8B000000FF8199FD2BFF85000000FF8199FD2BFF83000000FF8199FD2BFF85000000FF8199FD2BFF91000000FF8199FD2BFF8F000000FF8199FD2BFF87000000FF8199FD2BFF85000000FF8199FD2BFF83000000FF8199FD2BFF8B000000FF8199FD2BFF85000000FF8199FD2BFFFF000000FFEF000000FF8F000000FF8199FD2BFF85000000FF8199FD2BFFFF000000FF81000000FF8199FD2BFF85000000FF8199FD2BFF83000000FF8199FD2BFF8B000000FF8199FD2BFF8B000000FF8999FD2BFF83000000FF8199FD2BFF85000000FF8199FD2BFF83000000FF8799FD2BFF93000000FF8999FD2BFF85000000FF8599FD2BFF85000000FF8199FD2BFF85000000FF8199FD2BFF83000000FF8999FD2BFF85000000FF8599FD2BFFFF000000FFF1000000FF8F000000FF8199FD2BFF85000000FF8199FD2BFFFF000000FF81000000FF8199FD2BFF85000000FF8199FD2BFF83000000FF8199FD2BFF8B000000FF8199FD2BFF8B000000FF8999FD2BFF83000000FF8199FD2BFF85000000FF8199FD2BFF83000000FF8799FD2BFF93000000FF8999FD2BFF85000000FF8599FD2BFF85000000FF8199FD2BFF85000000FF8199FD2BFF83000000FF8999FD2BFF85000000FF8599FD2BFFFF000000FFF1000000FFFF000000FFFF000000FFFF000000FFFF000000FFAF000000FFFF000000FFFF000000FFFF000000FFFF000000FFAF000000FF8F000000FF8799FD2BFF93000000FF8999FD2BFF83000000FF8199FD2BFF85000000FF8199FD2BFF83000000FF8999FD2BFFC9000000FF8799FD2BFF85000000FF8799FD2BFF87000000FF8599FD2BFF85000000FF8199FD2BFF85000000FF8199FD2BFF83000000FF8999FD2BFF91000000FF8199FD2BFF8D000000FF8599FD2BFF85000000FF8199FD2BFF85000000FF8199FD2BFF83000000FF8999FD2BFF85000000FF8599FD2BFFFF000000FFFF000000FF8F000000FF8799FD2BFF93000000FF8999FD2BFF83000000FF8199FD2BFF85000000FF8199FD2BFF83000000FF8999FD2BFFC9000000FF8799FD2BFF85000000FF8799FD2BFF87000000FF8599FD2BFF85000000FF8199FD2BFF85000000FF8199FD2BFF83000000FF8999FD2BFF91000000FF8199FD2BFF8D000000FF8599FD2BFF85000000FF8199FD2BFF85000000FF8199FD2BFF83000000FF8999FD2BFF85000000FF8599FD2BFFFF000000FFFF000000FF8F000000FF8199FD2BFF85000000FF8199FD2BFF91000000FF8399FD2BFF89000000FF8199FD2BFF85000000FF8199FD2BFF89000000FF8399FD2BFFC9000000FF8199FD2BFF85000000FF8199FD2BFF83000000FF8199FD2BFF85000000FF8199FD2BFF87000000FF8199FD2BFF87000000FF8199FD2BFF85000000FF8199FD2BFF87000000FF8199FD2BFF95000000FF8199FD2BFF8F000000FF8199FD2BFF87000000FF8199FD2BFF85000000FF8199FD2BFF83000000FF8199FD2BFF8B000000FF8199FD2BFF85000000FF8199FD2BFFFF000000FFFD000000FF8F000000FF8199FD2BFF85000000FF8199FD2BFF91000000FF8399FD2BFF89000000FF8199FD2BFF85000000FF8199FD2BFF89000000FF8399FD2BFFC9000000FF8199FD2BFF85000000FF8199FD2BFF83000000FF8199FD2BFF85000000FF8199FD2BFF87000000FF8199FD2BFF87000000FF8199FD2BFF85000000FF8199FD2BFF87000000FF8199FD2BFF95000000FF8199FD2BFF8F000000FF8199FD2BFF87000000FF8199FD2BFF85000000FF8199FD2BFF83000000FF8199FD2BFF8B000000FF8199FD2BFF85000000FF8199FD2BFFFF000000FFFD000000FF8F000000FF8199FD2BFF85000000FF8199FD2BFF91000000FF8399FD2BFF89000000FF8399FD2BFF83000000FF8199FD2BFF89000000FF8399FD2BFFB1000000FF8199FD2BFF95000000FF8199FD2BFF85000000FF8199FD2BFF83000000FF8199FD2BFF85000000FF8199FD2BFF87000000FF8199FD2BFF87000000FF8399FD2BFF83000000FF8199FD2BFF87000000FF8199FD2BFF95000000FF8199FD2BFF8F000000FF8199FD2BFF87000000FF8399FD2BFF83000000FF8199FD2BFF83000000FF8199FD2BFF8B000000FF8199FD2BFFFF000000FFFF000000FF85000000FF8F000000FF8199FD2BFF85000000FF8199FD2BFF91000000FF8399FD2BFF89000000FF8399FD2BFF83000000FF8199FD2BFF89000000FF8399FD2BFFB1000000FF8199FD2BFF95000000FF8199FD2BFF85000000FF8199FD2BFF83000000FF8199FD2BFF85000000FF8199FD2BFF87000000FF8199FD2BFF87000000FF8399FD2BFF83000000FF8199FD2BFF87000000FF8199FD2BFF95000000FF8199FD2BFF8F000000FF8199FD2BFF87000000FF8399FD2BFF83000000FF8199FD2BFF83000000FF8199FD2BFF8B000000FF8199FD2BFFFF000000FFFF000000FF85000000FF8F000000FF8799FD2BFF93000000FF8399FD2BFF89000000FF8199FD2BFF81000000FF8199FD2BFF81000000FF8199FD2BFF89000000FF8399FD2BFFC9000000FF8799FD2BFF85000000FF8799FD2BFF89000000FF8199FD2BFF87000000FF8199FD2BFF81000000FF8199FD2BFF81000000FF8199FD2BFF87000000FF8199FD2BFF95000000FF8199FD2BFF8F000000FF8199FD2BFF87000000FF8199FD2BFF81000000FF8199FD2BFF81000000FF8199FD2BFF83000000FF8799FD2BFF87000000FF8599FD2BFFFF000000FFFF000000FF8F000000FF8799FD2BFF93000000FF8399FD2BFF89000000FF8199FD2BFF81000000FF8199FD2BFF81000000FF8199FD2BFF89000000FF8399FD2BFFC9000000FF8799FD2BFF85000000FF8799FD2BFF89000000FF8199FD2BFF87000000FF8199FD2BFF81000000FF8199FD2BFF81000000FF8199FD2BFF87000000FF8199FD2BFF95000000FF8199FD2BFF8F000000FF8199FD2BFF87000000FF8199FD2BFF81000000FF8199FD2BFF81000000FF8199FD2BFF83000000FF8799FD2BFF87000000FF8599FD2BFFFF000000FFFF000000FF8F000000FF8199FD2BFF99000000FF8399FD2BFF89000000FF8199FD2BFF83000000FF8399FD2BFF89000000FF8399FD2BFFB1000000FF8199FD2BFF95000000FF8199FD2BFF8B000000FF8199FD2BFF81000000FF8199FD2BFF8B000000FF8199FD2BFF87000000FF8199FD2BFF83000000FF8399FD2BFF87000000FF8199FD2BFF95000000FF8199FD2BFF8F000000FF8199FD2BFF87000000FF8199FD2BFF83000000FF8399FD2BFF83000000FF8199FD2BFF93000000FF8199FD2BFFFF000000FFFD000000FF8F000000FF8199FD2BFF99000000FF8399FD2BFF89000000FF8199FD2BFF83000000FF8399FD2BFF89000000FF8399FD2BFFB1000000FF8199FD2BFF95000000FF8199FD2BFF8B000000FF8199FD2BFF81000000FF8199FD2BFF8B000000FF8199FD2BFF87000000FF8199FD2BFF83000000FF8399FD2BFF87000000FF8199FD2BFF95000000FF8199FD2BFF8F000000FF8199FD2BFF87000000FF8199FD2BFF83000000FF8399FD2BFF83000000FF8199FD2BFF93000000FF8199FD2BFFFF000000FFFD000000FF8F000000FF8199FD2BFF99000000FF8399FD2BFF89000000FF8199FD2BFF85000000FF8199FD2BFF89000000FF8399FD2BFFC9000000FF8199FD2BFF8B000000FF8199FD2BFF83000000FF8199FD2BFF89000000FF8199FD2BFF87000000FF8199FD2BFF85000000FF8199FD2BFF87000000FF8199FD2BFF95000000FF8199FD2BFF8F000000FF8199FD2BFF87000000FF8199FD2BFF85000000FF8199FD2BFF83000000FF8199FD2BFF8B000000FF8199FD2BFF85000000FF8199FD2BFFFF000000FFFD000000FF8F000000FF8199FD2BFF99000000FF8399FD2BFF89000000FF8199FD2BFF85000000FF8199FD2BFF89000000FF8399FD2BFFC9000000FF8199FD2BFF8B000000FF8199FD2BFF83000000FF8199FD2BFF89000000FF8199FD2BFF87000000FF8199FD2BFF85000000FF8199FD2BFF87000000FF8199FD2BFF95000000FF8199FD2BFF8F000000FF8199FD2BFF87000000FF8199FD2BFF85000000FF8199FD2BFF83000000FF8199FD2BFF8B000000FF8199FD2BFF85000000FF8199FD2BFFFF000000FFFD000000FF8F000000FF8199FD2BFF99000000FF8999FD2BFF83000000FF8199FD2BFF85000000FF8199FD2BFF83000000FF8999FD2BFFC9000000FF8199FD2BFF8B000000FF8199FD2BFF85000000FF8199FD2BFF85000000FF8599FD2BFF85000000FF8199FD2BFF85000000FF8199FD2BFF87000000FF8199FD2BFF95000000FF8999FD2BFF85000000FF8599FD2BFF85000000FF8199FD2BFF85000000FF8199FD2BFF83000000FF8999FD2BFF85000000FF8599FD2BFFFF000000FFFF000000FF8F000000FF8199FD2BFF99000000FF8999FD2BFF83000000FF8199FD2BFF85000000FF8199FD2BFF83000000FF8999FD2BFFC9000000FF8199FD2BFF8B000000FF8199FD2BFF85000000FF8199FD2BFF85000000FF8599FD2BFF85000000FF8199FD2BFF85000000FF8199FD2BFF87000000FF8199FD2BFF95000000FF8999FD2BFF85000000FF8599FD2BFF85000000FF8199FD2BFF85000000FF8199FD2BFF83000000FF8999FD2BFF85000000FF8599FD2BFFFF000000FFFF000000FFFF000000FFFF000000FFFF000000FFFF000000FFAF000000FFFF000000FFFF000000FFFF000000FFFF000000FFAF000000FF8F000000FF8799FD2BFF93000000FF8199FD2BFF85000000FF8199FD2BFFE5000000FF8799FD2BFF85000000FF8999FD2BFF83000000FF8199FD2BFF8B000000FF8999FD2BFF83000000FF8999FD2BFF83000000FF8999FD2BFF91000000FF8199FD2BFF8D000000FF8599FD2BFF85000000FF8199FD2BFF85000000FF8199FD2BFF83000000FF8999FD2BFF91000000FF8199FD2BFF85000000FF8199FD2BFFFF000000FFE1000000FF8F000000FF8799FD2BFF93000000FF8199FD2BFF85000000FF8199FD2BFFE5000000FF8799FD2BFF85000000FF8999FD2BFF83000000FF8199FD2BFF8B000000FF8999FD2BFF83000000FF8999FD2BFF83000000FF8999FD2BFF91000000FF8199FD2BFF8D000000FF8599FD2BFF85000000FF8199FD2BFF85000000FF8199FD2BFF83000000FF8999FD2BFF91000000FF8199FD2BFF85000000FF8199FD2BFFFF000000FFE1000000FF8F000000FF8199FD2BFF85000000FF8199FD2BFF91000000FF8199FD2BFF85000000FF8199FD2BFFE5000000FF8199FD2BFF85000000FF8199FD2BFF83000000FF8199FD2BFF8B000000FF8199FD2BFF8B000000FF8199FD2BFF8F000000FF8199FD2BFF87000000FF8199FD2BFF99000000FF8199FD2BFF8F000000FF8199FD2BFF87000000FF8199FD2BFF85000000FF8199FD2BFF83000000FF8199FD2BFF99000000FF8199FD2BFF85000000FF8199FD2BFFFF000000FFE1000000FF8F000000FF8199FD2BFF85000000FF8199FD2BFF91000000FF8199FD2BFF85000000FF8199FD2BFFE5000000FF8199FD2BFF85000000FF8199FD2BFF83000000FF8199FD2BFF8B000000FF8199FD2BFF8B000000FF8199FD2BFF8F000000FF8199FD2BFF87000000FF8199FD2BFF99000000FF8199FD2BFF8F000000FF8199FD2BFF87000000FF8199FD2BFF85000000FF8199FD2BFF83000000FF8199FD2BFF99000000FF8199FD2BFF85000000FF8199FD2BFFFF000000FFE1000000FF8F000000FF8199FD2BFF85000000FF8199FD2BFF91000000FF8399FD2BFF83000000FF8199FD2BFFCD000000FF8199FD2BFF95000000FF8199FD2BFF85000000FF8199FD2BFF83000000FF8199FD2BFF8B000000FF8199FD2BFF8B000000FF8199FD2BFF8F000000FF8199FD2BFF87000000FF8199FD2BFF99000000FF8199FD2BFF8F000000FF8199FD2BFF87000000FF8399FD2BFF83000000FF8199FD2BFF83000000FF8199FD2BFF99000000FF8399FD2BFF83000000FF8199FD2BFFFF000000FFE1000000FF8F000000FF8199FD2BFF85000000FF8199FD2BFF91000000FF8399FD2BFF83000000FF8199FD2BFFCD000000FF8199FD2BFF95000000FF8199FD2BFF85000000FF8199FD2BFF83000000FF8199FD2BFF8B000000FF8199FD2BFF8B000000FF8199FD2BFF8F000000FF8199FD2BFF87000000FF8199FD2BFF99000000FF8199FD2BFF8F000000FF8199FD2BFF87000000FF8399FD2BFF83000000FF8199FD2BFF83000000FF8199FD2BFF99000000FF8399FD2BFF83000000FF8199FD2BFFFF000000FFE1000000FF8F000000FF8199FD2BFF85000000FF8199FD2BFF91000000FF8199FD2BFF81000000FF8199FD2BFF81000000FF8199FD2BFFE5000000FF8199FD2BFF85000000FF8199FD2BFF83000000FF8799FD2BFF85000000FF8199FD2BFF8B000000FF8799FD2BFF89000000FF8199FD2BFF87000000FF8799FD2BFF93000000FF8199FD2BFF8F000000FF8199FD2BFF87000000FF8199FD2BFF81000000FF8199FD2BFF81000000FF8199FD2BFF83000000FF8799FD2BFF93000000FF8199FD2BFF81000000FF8199FD2BFF81000000FF8199FD2BFFFF000000FFE1000000FF8F000000FF8199FD2BFF85000000FF8199FD2BFF91000000FF8199FD2BFF81000000FF8199FD2BFF81000000FF8199FD2BFFE5000000FF8199FD2BFF85000000FF8199FD2BFF83000000FF8799FD2BFF85000000FF8199FD2BFF8B000000FF8799FD2BFF89000000FF8199FD2BFF87000000FF8799FD2BFF93000000FF8199FD2BFF8F000000FF8199FD2BFF87000000FF8199FD2BFF81000000FF8199FD2BFF81000000FF8199FD2BFF83000000FF8799FD2BFF93000000FF8199FD2BFF81000000FF8199FD2BFF81000000FF8199FD2BFFFF000000FFE1000000FF8F000000FF8199FD2BFF85000000FF8199FD2BFF91000000FF8199FD2BFF83000000FF8399FD2BFFCD000000FF8199FD2BFF95000000FF8199FD2BFF85000000FF8199FD2BFF83000000FF8199FD2BFF8B000000FF8199FD2BFF8B000000FF8199FD2BFF8F000000FF8199FD2BFF87000000FF8199FD2BFF99000000FF8199FD2BFF8F000000FF8199FD2BFF87000000FF8199FD2BFF83000000FF8399FD2BFF83000000FF8199FD2BFF99000000FF8199FD2BFF83000000FF8399FD2BFFFF000000FFE1000000FF8F000000FF8199FD2BFF85000000FF8199FD2BFF91000000FF8199FD2BFF83000000FF8399FD2BFFCD000000FF8199FD2BFF95000000FF8199FD2BFF85000000FF8199FD2BFF83000000FF8199FD2BFF8B000000FF8199FD2BFF8B000000FF8199FD2BFF8F000000FF8199FD2BFF87000000FF8199FD2BFF99000000FF8199FD2BFF8F000000FF8199FD2BFF87000000FF8199FD2BFF83000000FF8399FD2BFF83000000FF8199FD2BFF99000000FF8199FD2BFF83000000FF8399FD2BFFFF000000FFE1000000FF8F000000FF8199FD2BFF85000000FF8199FD2BFF91000000FF8199FD2BFF85000000FF8199FD2BFFE5000000FF8199FD2BFF85000000FF8199FD2BFF83000000FF8199FD2BFF8B000000FF8199FD2BFF8B000000FF8199FD2BFF8F000000FF8199FD2BFF87000000FF8199FD2BFF99000000FF8199FD2BFF8F000000FF8199FD2BFF87000000FF8199FD2BFF85000000FF8199FD2BFF83000000FF8199FD2BFF99000000FF8199FD2BFF85000000FF8199FD2BFFFF000000FFE1000000FF8F000000FF8199FD2BFF85000000FF8199FD2BFF91000000FF8199FD2BFF85000000FF8199FD2BFFE5000000FF8199FD2BFF85000000FF8199FD2BFF83000000FF8199FD2BFF8B000000FF8199FD2BFF8B000000FF8199FD2BFF8F000000FF8199FD2BFF87000000FF8199FD2BFF99000000FF8199FD2BFF8F000000FF8199FD2BFF87000000FF8199FD2BFF85000000FF8199FD2BFF83000000FF8199FD2BFF99000000FF8199FD2BFF85000000FF8199FD2BFFFF000000FFE1000000FF8F000000FF8799FD2BFF93000000FF8199FD2BFF85000000FF8199FD2BFFE5000000FF8799FD2BFF85000000FF8999FD2BFF83000000FF8999FD2BFF83000000FF8999FD2BFF87000000FF8199FD2BFF87000000FF8999FD2BFF91000000FF8999FD2BFF85000000FF8599FD2BFF85000000FF8199FD2BFF85000000FF8199FD2BFF83000000FF8999FD2BFF91000000FF8199FD2BFF85000000FF8199FD2BFFFF000000FFE1000000FF8F000000FF8799FD2BFF93000000FF8199FD2BFF85000000FF8199FD2BFFE5000000FF8799FD2BFF85000000FF8999FD2BFF83000000FF8999FD2BFF83000000FF8999FD2BFF87000000FF8199FD2BFF87000000FF8999FD2BFF91000000FF8999FD2BFF85000000FF8599FD2BFF85000000FF8199FD2BFF85000000FF8199FD2BFF83000000FF8999FD2BFF91000000FF8199FD2BFF85000000FF8199FD2BFFFF000000FFE1000000FFFF000000FFFF000000FFFF000000FFFF000000FFAF000000FFFF000000FFFF000000FFFF000000FFFF000000FFAF000000FF91000000FF8599FD2BFF93000000FF8199FD2BFF85000000FF8199FD2BFFE7000000FF8599FD2BFF85000000FF8199FD2BFF85000000FF8199FD2BFF85000000FF8599FD2BFF85000000FF8999FD2BFF83000000FF8799FD2BFF85000000FF8999FD2BFF91000000FF8799FD2BFF85000000FF8999FD2BFF83000000FF8999FD2BFF85000000FF8599FD2BFF85000000FF8799FD2BFF85000000FF8999FD2BFF91000000FF8199FD2BFF8D000000FF8599FD2BFF85000000FF8199FD2BFF85000000FF8199FD2BFF83000000FF8999FD2BFF91000000FF8199FD2BFF85000000FF8199FD2BFFFF000000FF91000000FF8599FD2BFF93000000FF8199FD2BFF85000000FF8199FD2BFFE7000000FF8599FD2BFF85000000FF8199FD2BFF85000000FF8199FD2BFF85000000FF8599FD2BFF85000000FF8999FD2BFF83000000FF8799FD2BFF85000000FF8999FD2BFF91000000FF8799FD2BFF85000000FF8999FD2BFF83000000FF8999FD2BFF85000000FF8599FD2BFF85000000FF8799FD2BFF85000000FF8999FD2BFF91000000FF8199FD2BFF8D000000FF8599FD2BFF85000000FF8199FD2BFF85000000FF8199FD2BFF83000000FF8999FD2BFF91000000FF8199FD2BFF85000000FF8199FD2BFFFF000000FF93000000FF8199FD2BFF95000000FF8199FD2BFF85000000FF8199FD2BFFE9000000FF8199FD2BFF87000000FF8199FD2BFF85000000FF8199FD2BFF83000000FF8199FD2BFF85000000FF8199FD2BFF83000000FF8199FD2BFF8B000000FF8199FD2BFF85000000FF8199FD2BFF87000000FF8199FD2BFF95000000FF8199FD2BFF85000000FF8199FD2BFF83000000FF8199FD2BFF8B000000FF8199FD2BFF8B000000FF8199FD2BFF85000000FF8199FD2BFF83000000FF8199FD2BFF85000000FF8199FD2BFF83000000FF8199FD2BFF99000000FF8199FD2BFF8F000000FF8199FD2BFF87000000FF8199FD2BFF85000000FF8199FD2BFF83000000FF8199FD2BFF99000000FF8199FD2BFF85000000FF8199FD2BFFFF000000FF93000000FF8199FD2BFF95000000FF8199FD2BFF85000000FF8199FD2BFFE9000000FF8199FD2BFF87000000FF8199FD2BFF85000000FF8199FD2BFF83000000FF8199FD2BFF85000000FF8199FD2BFF83000000FF8199FD2BFF8B000000FF8199FD2BFF85000000FF8199FD2BFF87000000FF8199FD2BFF95000000FF8199FD2BFF85000000FF8199FD2BFF83000000FF8199FD2BFF8B000000FF8199FD2BFF8B000000FF8199FD2BFF85000000FF8199FD2BFF83000000FF8199FD2BFF85000000FF8199FD2BFF83000000FF8199FD2BFF99000000FF8199FD2BFF8F000000FF8199FD2BFF87000000FF8199FD2BFF85000000FF8199FD2BFF83000000FF8199FD2BFF99000000FF8199FD2BFF85000000FF8199FD2BFFFF000000FF93000000FF8199FD2BFF95000000FF8399FD2BFF83000000FF8199FD2BFFCD000000FF8199FD2BFF99000000FF8199FD2BFF87000000FF8399FD2BFF83000000FF8199FD2BFF83000000FF8199FD2BFF8B000000FF8199FD2BFF8B000000FF8199FD2BFF85000000FF8199FD2BFF87000000FF8199FD2BFF95000000FF8199FD2BFF85000000FF8199FD2BFF83000000FF8199FD2BFF8B000000FF8199FD2BFF8B000000FF8199FD2BFF85000000FF8199FD2BFF83000000FF8199FD2BFF85000000FF8199FD2BFF83000000FF8199FD2BFF99000000FF8199FD2BFF8F000000FF8199FD2BFF87000000FF8399FD2BFF83000000FF8199FD2BFF83000000FF8199FD2BFF99000000FF8399FD2BFF83000000FF8199FD2BFFFF000000FF93000000FF8199FD2BFF95000000FF8399FD2BFF83000000FF8199FD2BFFCD000000FF8199FD2BFF99000000FF8199FD2BFF87000000FF8399FD2BFF83000000FF8199FD2BFF83000000FF8199FD2BFF8B000000FF8199FD2BFF8B000000FF8199FD2BFF85000000FF8199FD2BFF87000000FF8199FD2BFF95000000FF8199FD2BFF85000000FF8199FD2BFF83000000FF8199FD2BFF8B000000FF8199FD2BFF8B000000FF8199FD2BFF85000000FF8199FD2BFF83000000FF8199FD2BFF85000000FF8199FD2BFF83000000FF8199FD2BFF99000000FF8199FD2BFF8F000000FF8199FD2BFF87000000FF8399FD2BFF83000000FF8199FD2BFF83000000FF8199FD2BFF99000000FF8399FD2BFF83000000FF8199FD2BFFFF000000FF93000000FF8199FD2BFF95000000FF8199FD2BFF81000000FF8199FD2BFF81000000FF8199FD2BFFE9000000FF8199FD2BFF87000000FF8199FD2BFF81000000FF8199FD2BFF81000000FF8199FD2BFF85000000FF8599FD2BFF85000000FF8799FD2BFF85000000FF8799FD2BFF89000000FF8199FD2BFF95000000FF8799FD2BFF85000000FF8799FD2BFF85000000FF8799FD2BFF85000000FF8199FD2BFF85000000FF8199FD2BFF83000000FF8799FD2BFF85000000FF8799FD2BFF93000000FF8199FD2BFF8F000000FF8199FD2BFF87000000FF8199FD2BFF81000000FF8199FD2BFF81000000FF8199FD2BFF83000000FF8799FD2BFF93000000FF8199FD2BFF81000000FF8199FD2BFF81000000FF8199FD2BFFFF000000FF93000000FF8199FD2BFF95000000FF8199FD2BFF81000000FF8199FD2BFF81000000FF8199FD2BFFE9000000FF8199FD2BFF87000000FF8199FD2BFF81000000FF8199FD2BFF81000000FF8199FD2BFF85000000FF8599FD2BFF85000000FF8799FD2BFF85000000FF8799FD2BFF89000000FF8199FD2BFF95000000FF8799FD2BFF85000000FF8799FD2BFF85000000FF8799FD2BFF85000000FF8199FD2BFF85000000FF8199FD2BFF83000000FF8799FD2BFF85000000FF8799FD2BFF93000000FF8199FD2BFF8F000000FF8199FD2BFF87000000FF8199FD2BFF81000000FF8199FD2BFF81000000FF8199FD2BFF83000000FF8799FD2BFF93000000FF8199FD2BFF81000000FF8199FD2BFF81000000FF8199FD2BFFFF000000FF93000000FF8199FD2BFF95000000FF8199FD2BFF83000000FF8399FD2BFFCD000000FF8199FD2BFF99000000FF8199FD2BFF87000000FF8199FD2BFF83000000FF8399FD2BFF8B000000FF8199FD2BFF83000000FF8199FD2BFF8B000000FF8199FD2BFF81000000FF8199FD2BFF8B000000FF8199FD2BFF95000000FF8199FD2BFF85000000FF8199FD2BFF83000000FF8199FD2BFF8B000000FF8199FD2BFF8B000000FF8199FD2BFF85000000FF8199FD2BFF83000000FF8199FD2BFF81000000FF8199FD2BFF87000000FF8199FD2BFF99000000FF8199FD2BFF8F000000FF8199FD2BFF87000000FF8199FD2BFF83000000FF8399FD2BFF83000000FF8199FD2BFF99000000FF8199FD2BFF83000000FF8399FD2BFFFF000000FF93000000FF8199FD2BFF95000000FF8199FD2BFF83000000FF8399FD2BFFCD000000FF8199FD2BFF99000000FF8199FD2BFF87000000FF8199FD2BFF83000000FF8399FD2BFF8B000000FF8199FD2BFF83000000FF8199FD2BFF8B000000FF8199FD2BFF81000000FF8199FD2BFF8B000000FF8199FD2BFF95000000FF8199FD2BFF85000000FF8199FD2BFF83000000FF8199FD2BFF8B000000FF8199FD2BFF8B000000FF8199FD2BFF85000000FF8199FD2BFF83000000FF8199FD2BFF81000000FF8199FD2BFF87000000FF8199FD2BFF99000000FF8199FD2BFF8F000000FF8199FD2BFF87000000FF8199FD2BFF83000000FF8399FD2BFF83000000FF8199FD2BFF99000000FF8199FD2BFF83000000FF8399FD2BFFFF000000FF93000000FF8199FD2BFF95000000FF8199FD2BFF85000000FF8199FD2BFFE9000000FF8199FD2BFF87000000FF8199FD2BFF85000000FF8199FD2BFF83000000FF8199FD2BFF85000000FF8199FD2BFF83000000FF8199FD2BFF8B000000FF8199FD2BFF83000000FF8199FD2BFF89000000FF8199FD2BFF95000000FF8199FD2BFF85000000FF8199FD2BFF83000000FF8199FD2BFF8B000000FF8199FD2BFF8B000000FF8199FD2BFF85000000FF8199FD2BFF83000000FF8199FD2BFF83000000FF8199FD2BFF85000000FF8199FD2BFF99000000FF8199FD2BFF8F000000FF8199FD2BFF87000000FF8199FD2BFF85000000FF8199FD2BFF83000000FF8199FD2BFF99000000FF8199FD2BFF85000000FF8199FD2BFFFF000000FF93000000FF8199FD2BFF95000000FF8199FD2BFF85000000FF8199FD2BFFE9000000FF8199FD2BFF87000000FF8199FD2BFF85000000FF8199FD2BFF83000000FF8199FD2BFF85000000FF8199FD2BFF83000000FF8199FD2BFF8B000000FF8199FD2BFF83000000FF8199FD2BFF89000000FF8199FD2BFF95000000FF8199FD2BFF85000000FF8199FD2BFF83000000FF8199FD2BFF8B000000FF8199FD2BFF8B000000FF8199FD2BFF85000000FF8199FD2BFF83000000FF8199FD2BFF83000000FF8199FD2BFF85000000FF8199FD2BFF99000000FF8199FD2BFF8F000000FF8199FD2BFF87000000FF8199FD2BFF85000000FF8199FD2BFF83000000FF8199FD2BFF99000000FF8199FD2BFF85000000FF8199FD2BFFFF000000FF91000000FF8599FD2BFF93000000FF8199FD2BFF85000000FF8199FD2BFFE7000000FF8599FD2BFF85000000FF8199FD2BFF85000000FF8199FD2BFF85000000FF8599FD2BFF85000000FF8999FD2BFF83000000FF8199FD2BFF85000000FF8199FD2BFF87000000FF8199FD2BFF95000000FF8799FD2BFF85000000FF8999FD2BFF83000000FF8199FD2BFF8D000000FF8599FD2BFF85000000FF8199FD2BFF85000000FF8199FD2BFF83000000FF8999FD2BFF91000000FF8999FD2BFF85000000FF8599FD2BFF85000000FF8199FD2BFF85000000FF8199FD2BFF83000000FF8999FD2BFF91000000FF8199FD2BFF85000000FF8199FD2BFFFF000000FF91000000FF8599FD2BFF93000000FF8199FD2BFF85000000FF8199FD2BFFE7000000FF8599FD2BFF85000000FF8199FD2BFF85000000FF8199FD2BFF85000000FF8599FD2BFF85000000FF8999FD2BFF83000000FF8199FD2BFF85000000FF8199FD2BFF87000000FF8199FD2BFF95000000FF8799FD2BFF85000000FF8999FD2BFF83000000FF8199FD2BFF8D000000FF8599FD2BFF85000000FF8199FD2BFF85000000FF8199FD2BFF83000000FF8999FD2BFF91000000FF8999FD2BFF85000000FF8599FD2BFF85000000FF8199FD2BFF85000000FF8199FD2BFF83000000FF8999FD2BFF91000000FF8199FD2BFF85000000FF8199FD2BFFFF000000FFFF000000FFFF000000FFFF000000FFFF000000FFAF000000FFFF000000FFFF000000FFFF000000FFFF000000FFAF000000FF8F000000FF8999FD2BFF91000000FF8199FD2BFF85000000FF8199FD2BFFE5000000FF8999FD2BFF83000000FF8799FD2BFF87000000FF8599FD2BFF85000000FF8999FD2BFF91000000FF8199FD2BFF8D000000FF8599FD2BFF85000000FF8199FD2BFF85000000FF8199FD2BFF83000000FF8999FD2BFF91000000FF8199FD2BFF85000000FF8199FD2BFFFF000000FFFD000000FF8F000000FF8999FD2BFF91000000FF8199FD2BFF85000000FF8199FD2BFFE5000000FF8999FD2BFF83000000FF8799FD2BFF87000000FF8599FD2BFF85000000FF8999FD2BFF91000000FF8199FD2BFF8D000000FF8599FD2BFF85000000FF8199FD2BFF85000000FF8199FD2BFF83000000FF8999FD2BFF91000000FF8199FD2BFF85000000FF8199FD2BFFFF000000FFFD000000FF8F000000FF8199FD2BFF99000000FF8199FD2BFF85000000FF8199FD2BFFE5000000FF8199FD2BFF8B000000FF8199FD2BFF85000000FF8199FD2BFF87000000FF8199FD2BFF8B000000FF8199FD2BFF95000000FF8199FD2BFF8F000000FF8199FD2BFF87000000FF8199FD2BFF85000000FF8199FD2BFF83000000FF8199FD2BFF99000000FF8199FD2BFF85000000FF8199FD2BFFFF000000FFFD000000FF8F000000FF8199FD2BFF99000000FF8199FD2BFF85000000FF8199FD2BFFE5000000FF8199FD2BFF8B000000FF8199FD2BFF85000000FF8199FD2BFF87000000FF8199FD2BFF8B000000FF8199FD2BFF95000000FF8199FD2BFF8F000000FF8199FD2BFF87000000FF8199FD2BFF85000000FF8199FD2BFF83000000FF8199FD2BFF99000000FF8199FD2BFF85000000FF8199FD2BFFFF000000FFFD000000FF8F000000FF8199FD2BFF99000000FF8399FD2BFF83000000FF8199FD2BFFCD000000FF8199FD2BFF95000000FF8199FD2BFF8B000000FF8199FD2BFF85000000FF8199FD2BFF87000000FF8199FD2BFF8B000000FF8199FD2BFF95000000FF8199FD2BFF8F000000FF8199FD2BFF87000000FF8399FD2BFF83000000FF8199FD2BFF83000000FF8199FD2BFF99000000FF8399FD2BFF83000000FF8199FD2BFFFF000000FFFD000000FF8F000000FF8199FD2BFF99000000FF8399FD2BFF83000000FF8199FD2BFFCD000000FF8199FD2BFF95000000FF8199FD2BFF8B000000FF8199FD2BFF85000000FF8199FD2BFF87000000FF8199FD2BFF8B000000FF8199FD2BFF95000000FF8199FD2BFF8F000000FF8199FD2BFF87000000FF8399FD2BFF83000000FF8199FD2BFF83000000FF8199FD2BFF99000000FF8399FD2BFF83000000FF8199FD2BFFFF000000FFFD000000FF8F000000FF8799FD2BFF93000000FF8199FD2BFF81000000FF8199FD2BFF81000000FF8199FD2BFFE5000000FF8799FD2BFF85000000FF8199FD2BFF85000000FF8199FD2BFF87000000FF8199FD2BFF8B000000FF8199FD2BFF95000000FF8199FD2BFF8F000000FF8199FD2BFF87000000FF8199FD2BFF81000000FF8199FD2BFF81000000FF8199FD2BFF83000000FF8799FD2BFF93000000FF8199FD2BFF81000000FF8199FD2BFF81000000FF8199FD2BFFFF000000FFFD000000FF8F000000FF8799FD2BFF93000000FF8199FD2BFF81000000FF8199FD2BFF81000000FF8199FD2BFFE5000000FF8799FD2BFF85000000FF8199FD2BFF85000000FF8199FD2BFF87000000FF8199FD2BFF8B000000FF8199FD2BFF95000000FF8199FD2BFF8F000000FF8199FD2BFF87000000FF8199FD2BFF81000000FF8199FD2BFF81000000FF8199FD2BFF83000000FF8799FD2BFF93000000FF8199FD2BFF81000000FF8199FD2BFF81000000FF8199FD2BFFFF000000FFFD000000FF8F000000FF8199FD2BFF99000000FF8199FD2BFF83000000FF8399FD2BFFCD000000FF8199FD2BFF95000000FF8199FD2BFF8B000000FF8199FD2BFF85000000FF8199FD2BFF87000000FF8199FD2BFF8B000000FF8199FD2BFF95000000FF8199FD2BFF8F000000FF8199FD2BFF87000000FF8199FD2BFF83000000FF8399FD2BFF83000000FF8199FD2BFF99000000FF8199FD2BFF83000000FF8399FD2BFFFF000000FFFD000000FF8F000000FF8199FD2BFF99000000FF8199FD2BFF83000000FF8399FD2BFFCD000000FF8199FD2BFF95000000FF8199FD2BFF8B000000FF8199FD2BFF85000000FF8199FD2BFF87000000FF8199FD2BFF8B000000FF8199FD2BFF95000000FF8199FD2BFF8F000000FF8199FD2BFF87000000FF8199FD2BFF83000000FF8399FD2BFF83000000FF8199FD2BFF99000000FF8199FD2BFF83000000FF8399FD2BFFFF000000FFFD000000FF8F000000FF8199FD2BFF99000000FF8199FD2BFF85000000FF8199FD2BFFE5000000FF8199FD2BFF8B000000FF8199FD2BFF85000000FF8199FD2BFF87000000FF8199FD2BFF8B000000FF8199FD2BFF95000000FF8199FD2BFF8F000000FF8199FD2BFF87000000FF8199FD2BFF85000000FF8199FD2BFF83000000FF8199FD2BFF99000000FF8199FD2BFF85000000FF8199FD2BFFFF000000FFFD000000FF8F000000FF8199FD2BFF99000000FF8199FD2BFF85000000FF8199FD2BFFE5000000FF8199FD2BFF8B000000FF8199FD2BFF85000000FF8199FD2BFF87000000FF8199FD2BFF8B000000FF8199FD2BFF95000000FF8199FD2BFF8F000000FF8199FD2BFF87000000FF8199FD2BFF85000000FF8199FD2BFF83000000FF8199FD2BFF99000000FF8199FD2BFF85000000FF8199FD2BFFFF000000FFFD000000FF8F000000FF8999FD2BFF91000000FF8199FD2BFF85000000FF8199FD2BFFE5000000FF8999FD2BFF83000000FF8799FD2BFF87000000FF8599FD2BFF89000000FF8199FD2BFF95000000FF8999FD2BFF85000000FF8599FD2BFF85000000FF8199FD2BFF85000000FF8199FD2BFF83000000FF8999FD2BFF91000000FF8199FD2BFF85000000FF8199FD2BFFFF000000FFFD000000FF8F000000FF8999FD2BFF91000000FF8199FD2BFF85000000FF8199FD2BFFE5000000FF8999FD2BFF83000000FF8799FD2BFF87000000FF8599FD2BFF89000000FF8199FD2BFF95000000FF8999FD2BFF85000000FF8599FD2BFF85000000FF8199FD2BFF85000000FF8199FD2BFF83000000FF8999FD2BFF91000000FF8199FD2BFF85000000FF8199FD2BFFFF000000FFFD000000FFFF000000FFFF000000FFFF000000FFFF000000FFAF000000FFFF000000FFFF000000FFFF000000FFFF000000FFAF000000FF8F000000FF8999FD2BFF93000000FF8599FD2BFF85000000FF8999FD2BFF83000000FF8799FD2BFFCB000000FF8999FD2BFF85000000FF8599FD2BFF85000000FF8199FD2BFF85000000FF8199FD2BFF83000000FF8799FD2BFF95000000FF8599FD2BFF85000000FF8999FD2BFF83000000FF8799FD2BFF87000000FF8599FD2BFF85000000FF8199FD2BFF85000000FF8199FD2BFF85000000FF8799FD2BFFFF000000FFFD000000FF8F000000FF8999FD2BFF93000000FF8599FD2BFF85000000FF8999FD2BFF83000000FF8799FD2BFFCB000000FF8999FD2BFF85000000FF8599FD2BFF85000000FF8199FD2BFF85000000FF8199FD2BFF83000000FF8799FD2BFF95000000FF8599FD2BFF85000000FF8999FD2BFF83000000FF8799FD2BFF87000000FF8599FD2BFF85000000FF8199FD2BFF85000000FF8199FD2BFF85000000FF8799FD2BFFFF000000FFFD000000FF8F000000FF8199FD2BFF99000000FF8199FD2BFF85000000FF8199FD2BFF87000000FF8199FD2BFF87000000FF8199FD2BFF85000000FF8199FD2BFFC9000000FF8199FD2BFF8F000000FF8199FD2BFF87000000FF8199FD2BFF85000000FF8199FD2BFF83000000FF8199FD2BFF85000000FF8199FD2BFF91000000FF8199FD2BFF85000000FF8199FD2BFF87000000FF8199FD2BFF87000000FF8199FD2BFF85000000FF8199FD2BFF87000000FF8199FD2BFF87000000FF8199FD2BFF85000000FF8199FD2BFF83000000FF8199FD2BFFFF000000FFFF000000FF85000000FF8F000000FF8199FD2BFF99000000FF8199FD2BFF85000000FF8199FD2BFF87000000FF8199FD2BFF87000000FF8199FD2BFF85000000FF8199FD2BFFC9000000FF8199FD2BFF8F000000FF8199FD2BFF87000000FF8199FD2BFF85000000FF8199FD2BFF83000000FF8199FD2BFF85000000FF8199FD2BFF91000000FF8199FD2BFF85000000FF8199FD2BFF87000000FF8199FD2BFF87000000FF8199FD2BFF85000000FF8199FD2BFF87000000FF8199FD2BFF87000000FF8199FD2BFF85000000FF8199FD2BFF83000000FF8199FD2BFFFF000000FFFF000000FF85000000FF8F000000FF8199FD2BFF99000000FF8199FD2BFF8F000000FF8199FD2BFF87000000FF8199FD2BFF85000000FF8199FD2BFFB1000000FF8199FD2BFF95000000FF8199FD2BFF8F000000FF8199FD2BFF87000000FF8399FD2BFF83000000FF8199FD2BFF83000000FF8199FD2BFF85000000FF8199FD2BFF91000000FF8199FD2BFF8F000000FF8199FD2BFF87000000FF8199FD2BFF85000000FF8199FD2BFF87000000FF8199FD2BFF87000000FF8399FD2BFF83000000FF8199FD2BFF83000000FF8199FD2BFFFF000000FFFF000000FF85000000FF8F000000FF8199FD2BFF99000000FF8199FD2BFF8F000000FF8199FD2BFF87000000FF8199FD2BFF85000000FF8199FD2BFFB1000000FF8199FD2BFF95000000FF8199FD2BFF8F000000FF8199FD2BFF87000000FF8399FD2BFF83000000FF8199FD2BFF83000000FF8199FD2BFF85000000FF8199FD2BFF91000000FF8199FD2BFF8F000000FF8199FD2BFF87000000FF8199FD2BFF85000000FF8199FD2BFF87000000FF8199FD2BFF87000000FF8399FD2BFF83000000FF8199FD2BFF83000000FF8199FD2BFFFF000000FFFF000000FF85000000FF8F000000FF8799FD2BFF95000000FF8599FD2BFF89000000FF8199FD2BFF87000000FF8799FD2BFFCB000000FF8799FD2BFF89000000FF8199FD2BFF87000000FF8199FD2BFF81000000FF8199FD2BFF81000000FF8199FD2BFF83000000FF8199FD2BFF85000000FF8199FD2BFF93000000FF8599FD2BFF89000000FF8199FD2BFF87000000FF8799FD2BFF89000000FF8199FD2BFF87000000FF8199FD2BFF81000000FF8199FD2BFF81000000FF8199FD2BFF83000000FF8199FD2BFFFF000000FFFF000000FF85000000FF8F000000FF8799FD2BFF95000000FF8599FD2BFF89000000FF8199FD2BFF87000000FF8799FD2BFFCB000000FF8799FD2BFF89000000FF8199FD2BFF87000000FF8199FD2BFF81000000FF8199FD2BFF81000000FF8199FD2BFF83000000FF8199FD2BFF85000000FF8199FD2BFF93000000FF8599FD2BFF89000000FF8199FD2BFF87000000FF8799FD2BFF89000000FF8199FD2BFF87000000FF8199FD2BFF81000000FF8199FD2BFF81000000FF8199FD2BFF83000000FF8199FD2BFFFF000000FFFF000000FF85000000FF8F000000FF8199FD2BFFA1000000FF8199FD2BFF87000000FF8199FD2BFF87000000FF8199FD2BFF81000000FF8199FD2BFFB5000000FF8199FD2BFF95000000FF8199FD2BFF8F000000FF8199FD2BFF87000000FF8199FD2BFF83000000FF8399FD2BFF83000000FF8199FD2BFF85000000FF8199FD2BFF99000000FF8199FD2BFF87000000FF8199FD2BFF87000000FF8199FD2BFF81000000FF8199FD2BFF8B000000FF8199FD2BFF87000000FF8199FD2BFF83000000FF8399FD2BFF83000000FF8199FD2BFF83000000FF8399FD2BFFFF000000FFFD000000FF8F000000FF8199FD2BFFA1000000FF8199FD2BFF87000000FF8199FD2BFF87000000FF8199FD2BFF81000000FF8199FD2BFFB5000000FF8199FD2BFF95000000FF8199FD2BFF8F000000FF8199FD2BFF87000000FF8199FD2BFF83000000FF8399FD2BFF83000000FF8199FD2BFF85000000FF8199FD2BFF99000000FF8199FD2BFF87000000FF8199FD2BFF87000000FF8199FD2BFF81000000FF8199FD2BFF8B000000FF8199FD2BFF87000000FF8199FD2BFF83000000FF8399FD2BFF83000000FF8199FD2BFF83000000FF8399FD2BFFFF000000FFFD000000FF8F000000FF8199FD2BFF99000000FF8199FD2BFF85000000FF8199FD2BFF87000000FF8199FD2BFF87000000FF8199FD2BFF83000000FF8199FD2BFFCB000000FF8199FD2BFF8F000000FF8199FD2BFF87000000FF8199FD2BFF85000000FF8199FD2BFF83000000FF8199FD2BFF85000000FF8199FD2BFF91000000FF8199FD2BFF85000000FF8199FD2BFF87000000FF8199FD2BFF87000000FF8199FD2BFF83000000FF8199FD2BFF89000000FF8199FD2BFF87000000FF8199FD2BFF85000000FF8199FD2BFF83000000FF8199FD2BFF85000000FF8199FD2BFFFF000000FFFD000000FF8F000000FF8199FD2BFF99000000FF8199FD2BFF85000000FF8199FD2BFF87000000FF8199FD2BFF87000000FF8199FD2BFF83000000FF8199FD2BFFCB000000FF8199FD2BFF8F000000FF8199FD2BFF87000000FF8199FD2BFF85000000FF8199FD2BFF83000000FF8199FD2BFF85000000FF8199FD2BFF91000000FF8199FD2BFF85000000FF8199FD2BFF87000000FF8199FD2BFF87000000FF8199FD2BFF83000000FF8199FD2BFF89000000FF8199FD2BFF87000000FF8199FD2BFF85000000FF8199FD2BFF83000000FF8199FD2BFF85000000FF8199FD2BFFFF000000FFFD000000FF8F000000FF8199FD2BFF9B000000FF8599FD2BFF89000000FF8199FD2BFF87000000FF8199FD2BFF85000000FF8199FD2BFFC9000000FF8199FD2BFF8D000000FF8599FD2BFF85000000FF8199FD2BFF85000000FF8199FD2BFF83000000FF8799FD2BFF95000000FF8599FD2BFF89000000FF8199FD2BFF87000000FF8199FD2BFF85000000FF8199FD2BFF85000000FF8599FD2BFF85000000FF8199FD2BFF85000000FF8199FD2BFF85000000FF8799FD2BFFFF000000FFFD000000FF8F000000FF8199FD2BFF9B000000FF8599FD2BFF89000000FF8199FD2BFF87000000FF8199FD2BFF85000000FF8199FD2BFFC9000000FF8199FD2BFF8D000000FF8599FD2BFF85000000FF8199FD2BFF85000000FF8199FD2BFF83000000FF8799FD2BFF95000000FF8599FD2BFF89000000FF8199FD2BFF87000000FF8199FD2BFF85000000FF8199FD2BFF85000000FF8599FD2BFF85000000FF8199FD2BFF85000000FF8199FD2BFF85000000FF8799FD2BFFFF000000FFFD000000FFFF000000FFFF000000FFFF000000FFFF000000FFAF000000FFFF000000FFFF000000FFFF000000FFFF000000FFAF000000FF8F000000FF8799FD2BFFFF000000FF83000000FF8799FD2BFF85000000FF8199FD2BFF85000000FF8199FD2BFF83000000FF8999FD2BFF83000000FF8999FD2BFF83000000FF8999FD2BFF83000000FF8799FD2BFF95000000FF8599FD2BFF85000000FF8999FD2BFF87000000FF8199FD2BFF87000000FF8999FD2BFF83000000FF8199FD2BFF85000000FF8199FD2BFF85000000FF8599FD2BFFFF000000FFE3000000FF8F000000FF8799FD2BFFFF000000FF83000000FF8799FD2BFF85000000FF8199FD2BFF85000000FF8199FD2BFF83000000FF8999FD2BFF83000000FF8999FD2BFF83000000FF8999FD2BFF83000000FF8799FD2BFF95000000FF8599FD2BFF85000000FF8999FD2BFF87000000FF8199FD2BFF87000000FF8999FD2BFF83000000FF8199FD2BFF85000000FF8199FD2BFF85000000FF8599FD2BFFFF000000FFE3000000FF8F000000FF8199FD2BFF85000000FF8199FD2BFFFF000000FF81000000FF8199FD2BFF85000000FF8199FD2BFF83000000FF8199FD2BFF85000000FF8199FD2BFF83000000FF8199FD2BFF8B000000FF8199FD2BFF8B000000FF8199FD2BFF8B000000FF8199FD2BFF85000000FF8199FD2BFF91000000FF8199FD2BFF85000000FF8199FD2BFF87000000FF8199FD2BFF89000000FF8199FD2BFF81000000FF8199FD2BFF89000000FF8199FD2BFF87000000FF8199FD2BFF85000000FF8199FD2BFF83000000FF8199FD2BFF85000000FF8199FD2BFFFF000000FFE1000000FF8F000000FF8199FD2BFF85000000FF8199FD2BFFFF000000FF81000000FF8199FD2BFF85000000FF8199FD2BFF83000000FF8199FD2BFF85000000FF8199FD2BFF83000000FF8199FD2BFF8B000000FF8199FD2BFF8B000000FF8199FD2BFF8B000000FF8199FD2BFF85000000FF8199FD2BFF91000000FF8199FD2BFF85000000FF8199FD2BFF87000000FF8199FD2BFF89000000FF8199FD2BFF81000000FF8199FD2BFF89000000FF8199FD2BFF87000000FF8199FD2BFF85000000FF8199FD2BFF83000000FF8199FD2BFF85000000FF8199FD2BFFFF000000FFE1000000FF8F000000FF8199FD2BFF85000000FF8199FD2BFFE9000000FF8199FD2BFF95000000FF8199FD2BFF85000000FF8199FD2BFF83000000FF8199FD2BFF85000000FF8199FD2BFF83000000FF8199FD2BFF8B000000FF8199FD2BFF8B000000FF8199FD2BFF8B000000FF8199FD2BFF85000000FF8199FD2BFF91000000FF8199FD2BFF8F000000FF8199FD2BFF87000000FF8199FD2BFF85000000FF8199FD2BFF87000000FF8199FD2BFF87000000FF8199FD2BFF85000000FF8199FD2BFF83000000FF8199FD2BFFFF000000FFE9000000FF8F000000FF8199FD2BFF85000000FF8199FD2BFFE9000000FF8199FD2BFF95000000FF8199FD2BFF85000000FF8199FD2BFF83000000FF8199FD2BFF85000000FF8199FD2BFF83000000FF8199FD2BFF8B000000FF8199FD2BFF8B000000FF8199FD2BFF8B000000FF8199FD2BFF85000000FF8199FD2BFF91000000FF8199FD2BFF8F000000FF8199FD2BFF87000000FF8199FD2BFF85000000FF8199FD2BFF87000000FF8199FD2BFF87000000FF8199FD2BFF85000000FF8199FD2BFF83000000FF8199FD2BFFFF000000FFE9000000FF8F000000FF8799FD2BFFFF000000FF83000000FF8799FD2BFF85000000FF8199FD2BFF85000000FF8199FD2BFF83000000FF8799FD2BFF85000000FF8799FD2BFF85000000FF8799FD2BFF85000000FF8799FD2BFF95000000FF8599FD2BFF89000000FF8199FD2BFF87000000FF8199FD2BFF85000000FF8199FD2BFF87000000FF8199FD2BFF87000000FF8199FD2BFF85000000FF8199FD2BFF85000000FF8599FD2BFFFF000000FFE3000000FF8F000000FF8799FD2BFFFF000000FF83000000FF8799FD2BFF85000000FF8199FD2BFF85000000FF8199FD2BFF83000000FF8799FD2BFF85000000FF8799FD2BFF85000000FF8799FD2BFF85000000FF8799FD2BFF95000000FF8599FD2BFF89000000FF8199FD2BFF87000000FF8199FD2BFF85000000FF8199FD2BFF87000000FF8199FD2BFF87000000FF8199FD2BFF85000000FF8199FD2BFF85000000FF8599FD2BFFFF000000FFE3000000FF8F000000FF8199FD2BFF85000000FF8199FD2BFFE9000000FF8199FD2BFF95000000FF8199FD2BFF85000000FF8199FD2BFF83000000FF8199FD2BFF85000000FF8199FD2BFF83000000FF8199FD2BFF8B000000FF8199FD2BFF8B000000FF8199FD2BFF8B000000FF8199FD2BFF81000000FF8199FD2BFF9D000000FF8199FD2BFF87000000FF8199FD2BFF87000000FF8999FD2BFF87000000FF8199FD2BFF87000000FF8199FD2BFF85000000FF8199FD2BFF8B000000FF8199FD2BFFFF000000FFE1000000FF8F000000FF8199FD2BFF85000000FF8199FD2BFFE9000000FF8199FD2BFF95000000FF8199FD2BFF85000000FF8199FD2BFF83000000FF8199FD2BFF85000000FF8199FD2BFF83000000FF8199FD2BFF8B000000FF8199FD2BFF8B000000FF8199FD2BFF8B000000FF8199FD2BFF81000000FF8199FD2BFF9D000000FF8199FD2BFF87000000FF8199FD2BFF87000000FF8999FD2BFF87000000FF8199FD2BFF87000000FF8199FD2BFF85000000FF8199FD2BFF8B000000FF8199FD2BFFFF000000FFE1000000FF8F000000FF8199FD2BFF85000000FF8199FD2BFFFF000000FF81000000FF8199FD2BFF85000000FF8199FD2BFF83000000FF8199FD2BFF85000000FF8199FD2BFF83000000FF8199FD2BFF8B000000FF8199FD2BFF8B000000FF8199FD2BFF8B000000FF8199FD2BFF83000000FF8199FD2BFF93000000FF8199FD2BFF85000000FF8199FD2BFF87000000FF8199FD2BFF87000000FF8199FD2BFF85000000FF8199FD2BFF87000000FF8199FD2BFF87000000FF8199FD2BFF85000000FF8199FD2BFF83000000FF8199FD2BFF85000000FF8199FD2BFFFF000000FFE1000000FF8F000000FF8199FD2BFF85000000FF8199FD2BFFFF000000FF81000000FF8199FD2BFF85000000FF8199FD2BFF83000000FF8199FD2BFF85000000FF8199FD2BFF83000000FF8199FD2BFF8B000000FF8199FD2BFF8B000000FF8199FD2BFF8B000000FF8199FD2BFF83000000FF8199FD2BFF93000000FF8199FD2BFF85000000FF8199FD2BFF87000000FF8199FD2BFF87000000FF8199FD2BFF85000000FF8199FD2BFF87000000FF8199FD2BFF87000000FF8199FD2BFF85000000FF8199FD2BFF83000000FF8199FD2BFF85000000FF8199FD2BFFFF000000FFE1000000FF8F000000FF8799FD2BFFFF000000FF83000000FF8799FD2BFF87000000FF8599FD2BFF85000000FF8199FD2BFF8B000000FF8199FD2BFF8B000000FF8999FD2BFF83000000FF8199FD2BFF85000000FF8199FD2BFF93000000FF8599FD2BFF89000000FF8199FD2BFF87000000FF8199FD2BFF85000000FF8199FD2BFF87000000FF8199FD2BFF89000000FF8599FD2BFF87000000FF8599FD2BFFFF000000FFE3000000FF8F000000FF8799FD2BFFFF000000FF83000000FF8799FD2BFF87000000FF8599FD2BFF85000000FF8199FD2BFF8B000000FF8199FD2BFF8B000000FF8999FD2BFF83000000FF8199FD2BFF85000000FF8199FD2BFF93000000FF8599FD2BFF89000000FF8199FD2BFF87000000FF8199FD2BFF85000000FF8199FD2BFF87000000FF8199FD2BFF89000000FF8599FD2BFF87000000FF8599FD2BFFFF000000FFE3000000FFFF000000FFFF000000FFFF000000FFFF000000FFAF000000FFFF000000FFFF000000FFFF000000FFFF000000FFAF000000FF8F000000FF8199FD2BFF85000000FF8199FD2BFFFF000000FF83000000FF8599FD2BFF85000000FF8199FD2BFF8B000000FF8999FD2BFF87000000FF8199FD2BFF87000000FF8799FD2BFF95000000FF8599FD2BFF87000000FF8599FD2BFF85000000FF8799FD2BFF85000000FF8999FD2BFF83000000FF8999FD2BFF83000000FF8199FD2BFF85000000FF8199FD2BFFFF000000FFEF000000FF8F000000FF8199FD2BFF85000000FF8199FD2BFFFF000000FF83000000FF8599FD2BFF85000000FF8199FD2BFF8B000000FF8999FD2BFF87000000FF8199FD2BFF87000000FF8799FD2BFF95000000FF8599FD2BFF87000000FF8599FD2BFF85000000FF8799FD2BFF85000000FF8999FD2BFF83000000FF8999FD2BFF83000000FF8199FD2BFF85000000FF8199FD2BFFFF000000FFEF000000FF8F000000FF8199FD2BFF85000000FF8199FD2BFFFF000000FF81000000FF8199FD2BFF85000000FF8199FD2BFF83000000FF8199FD2BFF8B000000FF8199FD2BFF8D000000FF8199FD2BFF81000000FF8199FD2BFF85000000FF8199FD2BFF85000000FF8199FD2BFF91000000FF8199FD2BFF85000000FF8199FD2BFF83000000FF8199FD2BFF85000000FF8199FD2BFF83000000FF8199FD2BFF85000000FF8199FD2BFF83000000FF8199FD2BFF8B000000FF8199FD2BFF8B000000FF8199FD2BFF85000000FF8199FD2BFFFF000000FFEF000000FF8F000000FF8199FD2BFF85000000FF8199FD2BFFFF000000FF81000000FF8199FD2BFF85000000FF8199FD2BFF83000000FF8199FD2BFF8B000000FF8199FD2BFF8D000000FF8199FD2BFF81000000FF8199FD2BFF85000000FF8199FD2BFF85000000FF8199FD2BFF91000000FF8199FD2BFF85000000FF8199FD2BFF83000000FF8199FD2BFF85000000FF8199FD2BFF83000000FF8199FD2BFF85000000FF8199FD2BFF83000000FF8199FD2BFF8B000000FF8199FD2BFF8B000000FF8199FD2BFF85000000FF8199FD2BFFFF000000FFEF000000FF8F000000FF8199FD2BFF85000000FF8199FD2BFFE9000000FF8199FD2BFF95000000FF8199FD2BFF8B000000FF8199FD2BFF8B000000FF8199FD2BFF8B000000FF8199FD2BFF85000000FF8199FD2BFF83000000FF8199FD2BFF85000000FF8199FD2BFF91000000FF8199FD2BFF8B000000FF8199FD2BFF8B000000FF8199FD2BFF85000000FF8199FD2BFF83000000FF8199FD2BFF8B000000FF8199FD2BFF8B000000FF8399FD2BFF83000000FF8199FD2BFFFF000000FFEF000000FF8F000000FF8199FD2BFF85000000FF8199FD2BFFE9000000FF8199FD2BFF95000000FF8199FD2BFF8B000000FF8199FD2BFF8B000000FF8199FD2BFF8B000000FF8199FD2BFF85000000FF8199FD2BFF83000000FF8199FD2BFF85000000FF8199FD2BFF91000000FF8199FD2BFF8B000000FF8199FD2BFF8B000000FF8199FD2BFF85000000FF8199FD2BFF83000000FF8199FD2BFF8B000000FF8199FD2BFF8B000000FF8399FD2BFF83000000FF8199FD2BFFFF000000FFEF000000FF8F000000FF8999FD2BFFFF000000FF81000000FF8199FD2BFF8B000000FF8199FD2BFF8B000000FF8799FD2BFF85000000FF8199FD2BFF85000000FF8199FD2BFF83000000FF8799FD2BFF95000000FF8599FD2BFF85000000FF8199FD2BFF8B000000FF8799FD2BFF85000000FF8799FD2BFF85000000FF8799FD2BFF85000000FF8199FD2BFF81000000FF8199FD2BFF81000000FF8199FD2BFFFF000000FFEF000000FF8F000000FF8999FD2BFFFF000000FF81000000FF8199FD2BFF8B000000FF8199FD2BFF8B000000FF8799FD2BFF85000000FF8199FD2BFF85000000FF8199FD2BFF83000000FF8799FD2BFF95000000FF8599FD2BFF85000000FF8199FD2BFF8B000000FF8799FD2BFF85000000FF8799FD2BFF85000000FF8799FD2BFF85000000FF8199FD2BFF81000000FF8199FD2BFF81000000FF8199FD2BFFFF000000FFEF000000FF8F000000FF8199FD2BFF85000000FF8199FD2BFFE9000000FF8199FD2BFF95000000FF8199FD2BFF8B000000FF8199FD2BFF8B000000FF8199FD2BFF8B000000FF8999FD2BFF83000000FF8199FD2BFF81000000FF8199FD2BFF9D000000FF8199FD2BFF83000000FF8199FD2BFF8B000000FF8199FD2BFF81000000FF8199FD2BFF87000000FF8199FD2BFF8B000000FF8199FD2BFF8B000000FF8199FD2BFF83000000FF8399FD2BFFFF000000FFEF000000FF8F000000FF8199FD2BFF85000000FF8199FD2BFFE9000000FF8199FD2BFF95000000FF8199FD2BFF8B000000FF8199FD2BFF8B000000FF8199FD2BFF8B000000FF8999FD2BFF83000000FF8199FD2BFF81000000FF8199FD2BFF9D000000FF8199FD2BFF83000000FF8199FD2BFF8B000000FF8199FD2BFF81000000FF8199FD2BFF87000000FF8199FD2BFF8B000000FF8199FD2BFF8B000000FF8199FD2BFF83000000FF8399FD2BFFFF000000FFEF000000FF8F000000FF8199FD2BFF85000000FF8199FD2BFFFF000000FF81000000FF8199FD2BFF85000000FF8199FD2BFF83000000FF8199FD2BFF8B000000FF8199FD2BFF8B000000FF8199FD2BFF85000000FF8199FD2BFF83000000FF8199FD2BFF83000000FF8199FD2BFF93000000FF8199FD2BFF85000000FF8199FD2BFF83000000FF8199FD2BFF85000000FF8199FD2BFF83000000FF8199FD2BFF83000000FF8199FD2BFF85000000FF8199FD2BFF8B000000FF8199FD2BFF8B000000FF8199FD2BFF85000000FF8199FD2BFFFF000000FFEF000000FF8F000000FF8199FD2BFF85000000FF8199FD2BFFFF000000FF81000000FF8199FD2BFF85000000FF8199FD2BFF83000000FF8199FD2BFF8B000000FF8199FD2BFF8B000000FF8199FD2BFF85000000FF8199FD2BFF83000000FF8199FD2BFF83000000FF8199FD2BFF93000000FF8199FD2BFF85000000FF8199FD2BFF83000000FF8199FD2BFF85000000FF8199FD2BFF83000000FF8199FD2BFF83000000FF8199FD2BFF85000000FF8199FD2BFF8B000000FF8199FD2BFF8B000000FF8199FD2BFF85000000FF8199FD2BFFFF000000FFEF000000FF8F000000FF8199FD2BFF85000000FF8199FD2BFFFF000000FF83000000FF8599FD2BFF85000000FF8999FD2BFF83000000FF8999FD2BFF83000000FF8199FD2BFF85000000FF8199FD2BFF83000000FF8199FD2BFF85000000FF8199FD2BFF93000000FF8599FD2BFF87000000FF8599FD2BFF85000000FF8199FD2BFF85000000FF8199FD2BFF83000000FF8999FD2BFF83000000FF8999FD2BFF83000000FF8199FD2BFF85000000FF8199FD2BFFFF000000FFEF000000FF8F000000FF8199FD2BFF85000000FF8199FD2BFFFF000000FF83000000FF8599FD2BFF85000000FF8999FD2BFF83000000FF8999FD2BFF83000000FF8199FD2BFF85000000FF8199FD2BFF83000000FF8199FD2BFF85000000FF8199FD2BFF93000000FF8599FD2BFF87000000FF8599FD2BFF85000000FF8199FD2BFF85000000FF8199FD2BFF83000000FF8999FD2BFF83000000FF8999FD2BFF83000000FF8199FD2BFF85000000FF8199FD2BFFFF000000FFEF000000FFFF000000FFFF000000FFFF000000FFFF000000FFAF000000FFFF000000FFFF000000FFFF000000FFFF000000FFAF000000FF91000000FF8599FD2BFFFF000000FF83000000FF8199FD2BFF85000000FF8199FD2BFF83000000FF8999FD2BFF83000000FF8199FD2BFF8B000000FF8799FD2BFFFF000000FFFF000000FFE1000000FF91000000FF8599FD2BFFFF000000FF83000000FF8199FD2BFF85000000FF8199FD2BFF83000000FF8999FD2BFF83000000FF8199FD2BFF8B000000FF8799FD2BFFFF000000FFFF000000FFE1000000FF8F000000FF8199FD2BFF85000000FF8199FD2BFFFF000000FF81000000FF8199FD2BFF85000000FF8199FD2BFF83000000FF8199FD2BFF8B000000FF8199FD2BFF8B000000FF8199FD2BFF85000000FF8199FD2BFFFF000000FFFF000000FFDF000000FF8F000000FF8199FD2BFF85000000FF8199FD2BFFFF000000FF81000000FF8199FD2BFF85000000FF8199FD2BFF83000000FF8199FD2BFF8B000000FF8199FD2BFF8B000000FF8199FD2BFF85000000FF8199FD2BFFFF000000FFFF000000FFDF000000FF95000000FF8199FD2BFFEB000000FF8199FD2BFF95000000FF8199FD2BFF85000000FF8199FD2BFF83000000FF8199FD2BFF8B000000FF8199FD2BFF8B000000FF8199FD2BFF85000000FF8199FD2BFFFF000000FFFF000000FFDF000000FF95000000FF8199FD2BFFEB000000FF8199FD2BFF95000000FF8199FD2BFF85000000FF8199FD2BFF83000000FF8199FD2BFF8B000000FF8199FD2BFF8B000000FF8199FD2BFF85000000FF8199FD2BFFFF000000FFFF000000FFDF000000FF93000000FF8199FD2BFFFF000000FF85000000FF8999FD2BFF83000000FF8799FD2BFF85000000FF8199FD2BFF8B000000FF8799FD2BFFFF000000FFFF000000FFE1000000FF93000000FF8199FD2BFFFF000000FF85000000FF8999FD2BFF83000000FF8799FD2BFF85000000FF8199FD2BFF8B000000FF8799FD2BFFFF000000FFFF000000FFE1000000FF93000000FF8199FD2BFFED000000FF8199FD2BFF95000000FF8199FD2BFF85000000FF8199FD2BFF83000000FF8199FD2BFF8B000000FF8199FD2BFF8B000000FF8199FD2BFFFF000000FFFF000000FFE7000000FF93000000FF8199FD2BFFED000000FF8199FD2BFF95000000FF8199FD2BFF85000000FF8199FD2BFF83000000FF8199FD2BFF8B000000FF8199FD2BFF8B000000FF8199FD2BFFFF000000FFFF000000FFE7000000FFFF000000FF9B000000FF8199FD2BFF85000000FF8199FD2BFF83000000FF8199FD2BFF8B000000FF8199FD2BFF8B000000FF8199FD2BFFFF000000FFFF000000FFE7000000FFFF000000FF9B000000FF8199FD2BFF85000000FF8199FD2BFF83000000FF8199FD2BFF8B000000FF8199FD2BFF8B000000FF8199FD2BFFFF000000FFFF000000FFE7000000FF93000000FF8199FD2BFFFF000000FF85000000FF8199FD2BFF85000000FF8199FD2BFF83000000FF8999FD2BFF83000000FF8999FD2BFF83000000FF8199FD2BFFFF000000FFFF000000FFE7000000FF93000000FF8199FD2BFFFF000000FF85000000FF8199FD2BFF85000000FF8199FD2BFF83000000FF8999FD2BFF83000000FF8999FD2BFF83000000FF8199FD2BFFFF000000FFFF000000FFE7000000FFFF000000FFFF000000FFFF000000FFFF000000FFAF000000FFFF000000FFFF000000FFFF000000FFFF000000FFAF000000FF91000000FF8599FD2BFFFF000000FF85000000FF8599FD2BFF85000000FF8199FD2BFF85000000FF8199FD2BFF85000000FF8599FD2BFF85000000FF8999FD2BFFFF000000FFFF000000FFDF000000FF91000000FF8599FD2BFFFF000000FF85000000FF8599FD2BFF85000000FF8199FD2BFF85000000FF8199FD2BFF85000000FF8599FD2BFF85000000FF8999FD2BFFFF000000FFFF000000FFDF000000FF8F000000FF8199FD2BFF85000000FF8199FD2BFFFF000000FF81000000FF8199FD2BFF85000000FF8199FD2BFF83000000FF8199FD2BFF85000000FF8199FD2BFF87000000FF8199FD2BFF8B000000FF8199FD2BFFFF000000FFFF000000FFE3000000FF8F000000FF8199FD2BFF85000000FF8199FD2BFFFF000000FF81000000FF8199FD2BFF85000000FF8199FD2BFF83000000FF8199FD2BFF85000000FF8199FD2BFF87000000FF8199FD2BFF8B000000FF8199FD2BFFFF000000FFFF000000FFE3000000FF8F000000FF8199FD2BFF85000000FF8199FD2BFFE9000000FF8199FD2BFF95000000FF8199FD2BFF85000000FF8199FD2BFF83000000FF8199FD2BFF85000000FF8199FD2BFF87000000FF8199FD2BFF8B000000FF8199FD2BFFFF000000FFFF000000FFE3000000FF8F000000FF8199FD2BFF85000000FF8199FD2BFFE9000000FF8199FD2BFF95000000FF8199FD2BFF85000000FF8199FD2BFF83000000FF8199FD2BFF85000000FF8199FD2BFF87000000FF8199FD2BFF8B000000FF8199FD2BFFFF000000FFFF000000FFE3000000FF8F000000FF8199FD2BFF85000000FF8199FD2BFFFF000000FF81000000FF8199FD2BFF85000000FF8199FD2BFF83000000FF8199FD2BFF85000000FF8199FD2BFF87000000FF8199FD2BFF8B000000FF8199FD2BFFFF000000FFFF000000FFE3000000FF8F000000FF8199FD2BFF85000000FF8199FD2BFFFF000000FF81000000FF8199FD2BFF85000000FF8199FD2BFF83000000FF8199FD2BFF85000000FF8199FD2BFF87000000FF8199FD2BFF8B000000FF8199FD2BFFFF000000FFFF000000FFE3000000FF8F000000FF8199FD2BFF81000000FF8199FD2BFF81000000FF8199FD2BFFE9000000FF8199FD2BFF95000000FF8199FD2BFF81000000FF8199FD2BFF81000000FF8199FD2BFF83000000FF8199FD2BFF85000000FF8199FD2BFF87000000FF8199FD2BFF8B000000FF8199FD2BFFFF000000FFFF000000FFE3000000FF8F000000FF8199FD2BFF81000000FF8199FD2BFF81000000FF8199FD2BFFE9000000FF8199FD2BFF95000000FF8199FD2BFF81000000FF8199FD2BFF81000000FF8199FD2BFF83000000FF8199FD2BFF85000000FF8199FD2BFF87000000FF8199FD2BFF8B000000FF8199FD2BFFFF000000FFFF000000FFE3000000FF8F000000FF8199FD2BFF83000000FF8199FD2BFFFF000000FF83000000FF8199FD2BFF83000000FF8199FD2BFF85000000FF8199FD2BFF85000000FF8199FD2BFF87000000FF8199FD2BFF8B000000FF8199FD2BFFFF000000FFFF000000FFE3000000FF8F000000FF8199FD2BFF83000000FF8199FD2BFFFF000000FF83000000FF8199FD2BFF83000000FF8199FD2BFF85000000FF8199FD2BFF85000000FF8199FD2BFF87000000FF8199FD2BFF8B000000FF8199FD2BFFFF000000FFFF000000FFE3000000FF91000000FF8399FD2BFF81000000FF8199FD2BFFFF000000FF83000000FF8399FD2BFF81000000FF8199FD2BFF85000000FF8599FD2BFF87000000FF8599FD2BFF89000000FF8199FD2BFFFF000000FFFF000000FFE3000000FF91000000FF8399FD2BFF81000000FF8199FD2BFFFF000000FF83000000FF8399FD2BFF81000000FF8199FD2BFF85000000FF8599FD2BFF87000000FF8599FD2BFF89000000FF8199FD2BFFFF000000FFFF000000FFE3000000FFFF000000FFFF000000FFFF000000FFFF000000FFAF000000FFFF000000FFFF000000FFFF000000FFFF000000FFAF000000FFFF000000FFFF000000FFFF000000FFFF000000FFAF000000FFFF000000FFFF000000FFFF000000FFFF000000FFAF000000FFFF000000FFFF000000FFFF000000FFFF000000FFAF000000FFFF000000FFFF000000FFFF000000FFFF000000FFAF000000FFFF000000FFFF000000FFFF000000FFFF000000FFAF000000FFFF000000FFFF000000FFFF000000FFFF000000FFAF000000FFFF000000FFFF000000FFFF000000FFFF000000FFAF000000FFFF000000FFFF000000FFFF000000FFFF000000FFAF000000FFFF000000FFFF000000FFFF000000FFFF000000FFAF000000FFFF000000FFFF000000FFFF000000FFFF000000FFAF000000FFFF000000FFFF000000FFFF000000FFFF000000FFAF000000FFFF000000FFFF000000FFFF000000FFFF000000FFAF000000FFFF000000FFFF000000FFFF000000FFFF000000FFAF000000FFFF000000FFFF000000FFFF000000FFFF000000FFAF000000FFFF000000FFFF000000FFFF000000FFFF000000FFAF000000FFFF000000FFFF000000FFFF000000FFFF000000FFAF000000FF81000000FF8799FD2BFF85000000FF8999FD2BFF83000000FF8799FD2BFF85000000FF8199FD2BFF85000000FF8199FD2BFF85000000FF8799FD2BFF93000000FF8599FD2BFF87000000FF8599FD2BFF85000000FF8199FD2BFF85000000FF8199FD2BFF83000000FF8199FD2BFF85000000FF8199FD2BFF87000000FF8199FD2BFF87000000FF8199FD2BFF85000000FF8199FD2BFF83000000FF8799FD2BFF87000000FF8599FD2BFF87000000FF8199FD2BFFFF000000FFFF000000FFE5000000FF81000000FF8799FD2BFF85000000FF8999FD2BFF83000000FF8799FD2BFF85000000FF8199FD2BFF85000000FF8199FD2BFF85000000FF8799FD2BFF93000000FF8599FD2BFF87000000FF8599FD2BFF85000000FF8199FD2BFF85000000FF8199FD2BFF83000000FF8199FD2BFF85000000FF8199FD2BFF87000000FF8199FD2BFF87000000FF8199FD2BFF85000000FF8199FD2BFF83000000FF8799FD2BFF87000000FF8599FD2BFF87000000FF8199FD2BFFFF000000FFFF000000FFE5000000FF81000000FF8199FD2BFF85000000FF8199FD2BFF83000000FF8199FD2BFF8B000000FF8199FD2BFF85000000FF8199FD2BFF83000000FF8199FD2BFF85000000FF8199FD2BFF83000000FF8199FD2BFF99000000FF8199FD2BFF85000000FF8199FD2BFF83000000FF8199FD2BFF85000000FF8199FD2BFF83000000FF8399FD2BFF81000000FF8399FD2BFF83000000FF8399FD2BFF81000000FF8399FD2BFF85000000FF8199FD2BFF81000000FF8199FD2BFF85000000FF8199FD2BFF85000000FF8199FD2BFF83000000FF8199FD2BFF85000000FF8199FD2BFF83000000FF8199FD2BFF85000000FF8199FD2BFF87000000FF8199FD2BFF87000000FF8199FD2BFF81000000FF8199FD2BFF81000000FF8199FD2BFFFF000000FFFF000000FFD1000000FF81000000FF8199FD2BFF85000000FF8199FD2BFF83000000FF8199FD2BFF8B000000FF8199FD2BFF85000000FF8199FD2BFF83000000FF8199FD2BFF85000000FF8199FD2BFF83000000FF8199FD2BFF99000000FF8199FD2BFF85000000FF8199FD2BFF83000000FF8199FD2BFF85000000FF8199FD2BFF83000000FF8399FD2BFF81000000FF8399FD2BFF83000000FF8399FD2BFF81000000FF8399FD2BFF85000000FF8199FD2BFF81000000FF8199FD2BFF85000000FF8199FD2BFF85000000FF8199FD2BFF83000000FF8199FD2BFF85000000FF8199FD2BFF83000000FF8199FD2BFF85000000FF8199FD2BFF87000000FF8199FD2BFF87000000FF8199FD2BFF81000000FF8199FD2BFF81000000FF8199FD2BFFFF000000FFFF000000FFD1000000FF81000000FF8199FD2BFF85000000FF8199FD2BFF83000000FF8199FD2BFF8B000000FF8199FD2BFF85000000FF8199FD2BFF83000000FF8199FD2BFF85000000FF8199FD2BFF83000000FF8199FD2BFF99000000FF8199FD2BFF8B000000FF8199FD2BFF85000000FF8199FD2BFF83000000FF8199FD2BFF81000000FF8199FD2BFF81000000FF8199FD2BFF83000000FF8199FD2BFF81000000FF8199FD2BFF81000000FF8199FD2BFF83000000FF8199FD2BFF85000000FF8199FD2BFF83000000FF8399FD2BFF83000000FF8199FD2BFF83000000FF8199FD2BFF85000000FF8199FD2BFF83000000FF8199FD2BFF91000000FF8199FD2BFF87000000FF8199FD2BFF81000000FF8199FD2BFFFF000000FFFF000000FFD3000000FF81000000FF8199FD2BFF85000000FF8199FD2BFF83000000FF8199FD2BFF8B000000FF8199FD2BFF85000000FF8199FD2BFF83000000FF8199FD2BFF85000000FF8199FD2BFF83000000FF8199FD2BFF99000000FF8199FD2BFF8B000000FF8199FD2BFF85000000FF8199FD2BFF83000000FF8199FD2BFF81000000FF8199FD2BFF81000000FF8199FD2BFF83000000FF8199FD2BFF81000000FF8199FD2BFF81000000FF8199FD2BFF83000000FF8199FD2BFF85000000FF8199FD2BFF83000000FF8399FD2BFF83000000FF8199FD2BFF83000000FF8199FD2BFF85000000FF8199FD2BFF83000000FF8199FD2BFF91000000FF8199FD2BFF87000000FF8199FD2BFF81000000FF8199FD2BFFFF000000FFFF000000FFD3000000FF81000000FF8199FD2BFF85000000FF8199FD2BFF83000000FF8799FD2BFF85000000FF8799FD2BFF85000000FF8199FD2BFF85000000FF8199FD2BFF83000000FF8199FD2BFF99000000FF8199FD2BFF8B000000FF8199FD2BFF85000000FF8199FD2BFF83000000FF8199FD2BFF81000000FF8199FD2BFF81000000FF8199FD2BFF83000000FF8199FD2BFF81000000FF8199FD2BFF81000000FF8199FD2BFF83000000FF8199FD2BFF85000000FF8199FD2BFF83000000FF8199FD2BFF81000000FF8199FD2BFF81000000FF8199FD2BFF83000000FF8199FD2BFF85000000FF8199FD2BFF85000000FF8599FD2BFF8D000000FF8199FD2BFF83000000FF8199FD2BFF81000000FF8199FD2BFF81000000FF8199FD2BFFFF000000FFFF000000FFD1000000FF81000000FF8199FD2BFF85000000FF8199FD2BFF83000000FF8799FD2BFF85000000FF8799FD2BFF85000000FF8199FD2BFF85000000FF8199FD2BFF83000000FF8199FD2BFF99000000FF8199FD2BFF8B000000FF8199FD2BFF85000000FF8199FD2BFF83000000FF8199FD2BFF81000000FF8199FD2BFF81000000FF8199FD2BFF83000000FF8199FD2BFF81000000FF8199FD2BFF81000000FF8199FD2BFF83000000FF8199FD2BFF85000000FF8199FD2BFF83000000FF8199FD2BFF81000000FF8199FD2BFF81000000FF8199FD2BFF83000000FF8199FD2BFF85000000FF8199FD2BFF85000000FF8599FD2BFF8D000000FF8199FD2BFF83000000FF8199FD2BFF81000000FF8199FD2BFF81000000FF8199FD2BFFFF000000FFFF000000FFD1000000FF81000000FF8199FD2BFF85000000FF8199FD2BFF83000000FF8199FD2BFF8B000000FF8199FD2BFF85000000FF8199FD2BFF83000000FF8199FD2BFF85000000FF8199FD2BFF83000000FF8199FD2BFF83000000FF8399FD2BFF91000000FF8199FD2BFF8B000000FF8199FD2BFF85000000FF8199FD2BFF83000000FF8199FD2BFF85000000FF8199FD2BFF83000000FF8199FD2BFF85000000FF8199FD2BFF83000000FF8999FD2BFF83000000FF8199FD2BFF83000000FF8399FD2BFF83000000FF8199FD2BFF85000000FF8199FD2BFF8B000000FF8199FD2BFF89000000FF8199FD2BFF87000000FF8199FD2BFF81000000FF8199FD2BFFFF000000FFFF000000FFD3000000FF81000000FF8199FD2BFF85000000FF8199FD2BFF83000000FF8199FD2BFF8B000000FF8199FD2BFF85000000FF8199FD2BFF83000000FF8199FD2BFF85000000FF8199FD2BFF83000000FF8199FD2BFF83000000FF8399FD2BFF91000000FF8199FD2BFF8B000000FF8199FD2BFF85000000FF8199FD2BFF83000000FF8199FD2BFF85000000FF8199FD2BFF83000000FF8199FD2BFF85000000FF8199FD2BFF83000000FF8999FD2BFF83000000FF8199FD2BFF83000000FF8399FD2BFF83000000FF8199FD2BFF85000000FF8199FD2BFF8B000000FF8199FD2BFF89000000FF8199FD2BFF87000000FF8199FD2BFF81000000FF8199FD2BFFFF000000FFFF000000FFD3000000FF81000000FF8199FD2BFF85000000FF8199FD2BFF83000000FF8199FD2BFF8B000000FF8199FD2BFF85000000FF8199FD2BFF83000000FF8199FD2BFF85000000FF8199FD2BFF83000000FF8199FD2BFF85000000FF8199FD2BFF91000000FF8199FD2BFF85000000FF8199FD2BFF83000000FF8199FD2BFF85000000FF8199FD2BFF83000000FF8199FD2BFF85000000FF8199FD2BFF83000000FF8199FD2BFF85000000FF8199FD2BFF83000000FF8199FD2BFF85000000FF8199FD2BFF83000000FF8199FD2BFF85000000FF8199FD2BFF83000000FF8199FD2BFF85000000FF8199FD2BFF83000000FF8199FD2BFF85000000FF8199FD2BFF87000000FF8199FD2BFF87000000FF8199FD2BFF81000000FF8199FD2BFF81000000FF8199FD2BFFFF000000FFFF000000FFD1000000FF81000000FF8199FD2BFF85000000FF8199FD2BFF83000000FF8199FD2BFF8B000000FF8199FD2BFF85000000FF8199FD2BFF83000000FF8199FD2BFF85000000FF8199FD2BFF83000000FF8199FD2BFF85000000FF8199FD2BFF91000000FF8199FD2BFF85000000FF8199FD2BFF83000000FF8199FD2BFF85000000FF8199FD2BFF83000000FF8199FD2BFF85000000FF8199FD2BFF83000000FF8199FD2BFF85000000FF8199FD2BFF83000000FF8199FD2BFF85000000FF8199FD2BFF83000000FF8199FD2BFF85000000FF8199FD2BFF83000000FF8199FD2BFF85000000FF8199FD2BFF83000000FF8199FD2BFF85000000FF8199FD2BFF87000000FF8199FD2BFF87000000FF8199FD2BFF81000000FF8199FD2BFF81000000FF8199FD2BFFFF000000FFFF000000FFD1000000FF81000000FF8799FD2BFF85000000FF8999FD2BFF83000000FF8799FD2BFF87000000FF8599FD2BFF87000000FF8799FD2BFF93000000FF8599FD2BFF87000000FF8599FD2BFF85000000FF8199FD2BFF85000000FF8199FD2BFF83000000FF8199FD2BFF85000000FF8199FD2BFF83000000FF8199FD2BFF85000000FF8199FD2BFF83000000FF8199FD2BFF85000000FF8199FD2BFF83000000FF8799FD2BFF87000000FF8599FD2BFF87000000FF8199FD2BFFFF000000FFFF000000FFE5000000FF81000000FF8799FD2BFF85000000FF8999FD2BFF83000000FF8799FD2BFF87000000FF8599FD2BFF87000000FF8799FD2BFF93000000FF8599FD2BFF87000000FF8599FD2BFF85000000FF8199FD2BFF85000000FF8199FD2BFF83000000FF8199FD2BFF85000000FF8199FD2BFF83000000FF8199FD2BFF85000000FF8199FD2BFF83000000FF8199FD2BFF85000000FF8199FD2BFF83000000FF8799FD2BFF87000000FF8599FD2BFF87000000FF8199FD2BFFFF000000FFFF000000FFE5000000FFFF000000FFFF000000FFFF000000FFFF000000FFAF000000FFFF000000FFFF000000FFFF000000FFFF000000FFAF000000FF»
--------------------------------
FAILURE:
 - Missed 'COMMANDS:' header
 - Missed basic commands (APPEND LINES)
 - Missed 'DEBUG COMMANDS:' header (DEBUG flag check)
 - Missed fill command help
